Version is 1.43a.1
[You] Leader is Ace & Newgate ["ST22-001">ST22-001]
RZ1|HDR|1.43a|2|RZ1
RZ1|PLY|1||ST22-001
RZ1|PLY|2||
[Opponent] Leader is Ace & Newgate ["ST22-001">ST22-001]
RZ1|1|2|ST22-006|0|34|0|0|0|0|0|0|0
RZ1|CHK|1|2|50|0|0|0|10|0|0|0|1|0
RZ1|2|2|ST22-013|0|27|0|1|0|0|0|0|0
RZ1|CHK|2|2|50|0|0|0|10|0|0|0|1|0
RZ1|3|2|ST22-012|0|21|0|2|0|0|0|0|0
RZ1|CHK|3|2|50|0|0|0|10|0|0|0|1|0
RZ1|4|2|OP08-050|0|16|0|3|0|0|0|0|0
RZ1|CHK|4|2|50|0|0|0|10|0|0|0|1|0
RZ1|5|2|ST22-012|0|22|0|4|0|0|0|0|0
RZ1|CHK|5|2|50|0|0|0|10|0|0|0|1|0
RZ1|6|2|ST22-009|0|10|0|5|0|0|0|0|0
RZ1|CHK|6|2|50|0|0|0|10|0|0|0|1|0
RZ1|7|2|OP08-043|0|40|0|6|0|0|0|0|0
RZ1|CHK|7|2|50|0|0|0|10|0|0|0|1|0
RZ1|8|2|ST22-003|0|36|0|7|0|0|0|0|0
RZ1|CHK|8|2|50|0|0|0|10|0|0|0|1|0
RZ1|9|2|OP08-056|0|48|0|8|0|0|0|0|0
RZ1|CHK|9|2|50|0|0|0|10|0|0|0|1|0
RZ1|10|2|ST22-012|0|26|0|9|0|0|0|0|0
RZ1|CHK|10|2|50|0|0|0|10|0|0|0|1|0
RZ1|11|2|OP12-058|0|48|0|10|0|0|0|0|0
RZ1|CHK|11|2|50|0|0|0|10|0|0|0|1|0
RZ1|12|2|OP08-053|0|44|0|11|0|0|0|0|0
RZ1|CHK|12|2|50|0|0|0|10|0|0|0|1|0
RZ1|13|2|OP08-043|0|41|0|12|0|0|0|0|0
RZ1|CHK|13|2|50|0|0|0|10|0|0|0|1|0
RZ1|14|2|OP08-056|0|49|0|13|0|0|0|0|0
RZ1|CHK|14|2|50|0|0|0|10|0|0|0|1|0
RZ1|15|2|OP08-050|0|23|0|14|0|0|0|0|0
RZ1|CHK|15|2|50|0|0|0|10|0|0|0|1|0
RZ1|16|2|ST22-005|0|40|0|15|0|0|0|0|0
RZ1|CHK|16|2|50|0|0|0|10|0|0|0|1|0
RZ1|17|2|ST22-015|0|49|0|16|0|0|0|0|0
RZ1|CHK|17|2|50|0|0|0|10|0|0|0|1|0
RZ1|18|2|ST22-006|0|42|0|17|0|0|0|0|0
RZ1|CHK|18|2|50|0|0|0|10|0|0|0|1|0
RZ1|19|2|ST22-010|0|37|0|18|0|0|0|0|0
RZ1|CHK|19|2|50|0|0|0|10|0|0|0|1|0
RZ1|20|2|ST22-009|0|21|0|19|0|0|0|0|0
RZ1|CHK|20|2|50|0|0|0|10|0|0|0|1|0
RZ1|21|2|ST22-005|0|42|0|20|0|0|0|0|0
RZ1|CHK|21|2|50|0|0|0|10|0|0|0|1|0
RZ1|22|2|OP08-047|0|40|0|21|0|0|0|0|0
RZ1|CHK|22|2|50|0|0|0|10|0|0|0|1|0
RZ1|23|2|OP08-047|0|41|0|22|0|0|0|0|0
RZ1|CHK|23|2|50|0|0|0|10|0|0|0|1|0
RZ1|24|2|OP09-044|0|35|0|23|0|0|0|0|0
RZ1|CHK|24|2|50|0|0|0|10|0|0|0|1|0
RZ1|25|2|OP08-050|0|32|0|24|0|0|0|0|0
RZ1|CHK|25|2|50|0|0|0|10|0|0|0|1|0
RZ1|26|2|ST22-009|0|27|0|25|0|0|0|0|0
RZ1|CHK|26|2|50|0|0|0|10|0|0|0|1|0
RZ1|27|2|OP09-044|0|35|0|26|0|0|0|0|0
RZ1|CHK|27|2|50|0|0|0|10|0|0|0|1|0
RZ1|28|2|ST22-016|0|48|0|27|0|0|0|0|0
RZ1|CHK|28|2|50|0|0|0|10|0|0|0|1|0
RZ1|29|2|OP08-044|0|38|0|28|0|0|0|0|0
RZ1|CHK|29|2|50|0|0|0|10|0|0|0|1|0
RZ1|30|2|OP08-053|0|47|0|29|0|0|0|0|0
RZ1|CHK|30|2|50|0|0|0|10|0|0|0|1|0
RZ1|31|2|ST22-016|0|48|0|30|0|0|0|0|0
RZ1|CHK|31|2|50|0|0|0|10|0|0|0|1|0
RZ1|32|2|ST22-002|0|32|0|31|0|0|0|0|0
RZ1|CHK|32|2|50|0|0|0|10|0|0|0|1|0
RZ1|33|2|ST22-011|0|34|0|32|0|0|0|0|0
RZ1|CHK|33|2|50|0|0|0|10|0|0|0|1|0
RZ1|34|2|ST22-009|0|34|0|33|0|0|0|0|0
RZ1|CHK|34|2|50|0|0|0|10|0|0|0|1|0
RZ1|35|2|OP09-044|0|39|0|34|0|0|0|0|0
RZ1|CHK|35|2|50|0|0|0|10|0|0|0|1|0
RZ1|36|2|ST22-010|0|43|0|35|0|0|0|0|0
RZ1|CHK|36|2|50|0|0|0|10|0|0|0|1|0
RZ1|37|2|OP08-047|0|44|0|36|0|0|0|0|0
RZ1|CHK|37|2|50|0|0|0|10|0|0|0|1|0
RZ1|38|2|ST22-011|0|40|0|37|0|0|0|0|0
RZ1|CHK|38|2|50|0|0|0|10|0|0|0|1|0
RZ1|39|2|ST22-010|0|43|0|39|0|0|0|0|0
RZ1|CHK|39|2|50|0|0|0|10|0|0|0|1|0
RZ1|40|2|ST22-003|0|46|0|42|0|0|0|0|0
RZ1|CHK|40|2|50|0|0|0|10|0|0|0|1|0
RZ1|41|2|OP08-044|0|44|0|43|0|0|0|0|0
RZ1|CHK|41|2|50|0|0|0|10|0|0|0|1|0
RZ1|42|2|OP08-043|0|48|0|44|0|0|0|0|0
RZ1|CHK|42|2|50|0|0|0|10|0|0|0|1|0
RZ1|43|2|ST22-015|0|49|0|46|0|0|0|0|0
RZ1|CHK|43|2|50|0|0|0|10|0|0|0|1|0
RZ1|44|2|OP08-047|0|48|0|47|0|0|0|0|0
RZ1|CHK|44|2|50|0|0|0|10|0|0|0|1|0
RZ1|45|2|OP08-043|0|49|0|48|0|0|0|0|0
RZ1|CHK|45|2|50|0|0|0|10|0|0|0|1|0
[] Drew card from deck: Jozu ["OP08-047">OP08-047]
RZ1|46|1|OP08-047|0|49|1|0|1|1|0|0|0
RZ1|CHK|46|1|49|1|0|0|10|0|0|0|1|0
[] Drew card from deck: I Am Whitebeard! ["ST22-015">ST22-015]
RZ1|47|1|ST22-015|0|48|1|1|1|1|0|0|0
RZ1|CHK|47|1|48|2|0|0|10|0|0|0|1|0
[] Drew card from deck: Jozu ["ST22-006">ST22-006]
RZ1|48|1|ST22-006|0|47|1|2|1|1|0|0|0
RZ1|CHK|48|1|47|3|0|0|10|0|0|0|1|0
[] Drew card from deck: Namule ["OP08-050">OP08-050]
RZ1|49|1|OP08-050|0|46|1|3|1|1|0|0|0
RZ1|CHK|49|1|46|4|0|0|10|0|0|0|1|0
[] Drew card from deck: Vista ["ST22-009">ST22-009]
RZ1|50|1|ST22-009|0|45|1|4|1|1|0|0|0
RZ1|CHK|50|1|45|5|0|0|10|0|0|0|1|0
[] Drew card from deck: Portgas D. Ace ["ST22-010">ST22-010]
RZ1|51|2|ST22-010|0|49|1|0|1|1|0|0|0
RZ1|CHK|51|2|49|1|0|0|10|0|0|0|1|0
[] Drew card from deck: Edward Newgate ["OP08-043">OP08-043]
RZ1|52|2|OP08-043|0|48|1|1|1|1|0|0|0
RZ1|CHK|52|2|48|2|0|0|10|0|0|0|1|0
[] Drew card from deck: Jozu ["OP08-047">OP08-047]
RZ1|53|2|OP08-047|0|47|1|2|1|1|0|0|0
RZ1|CHK|53|2|47|3|0|0|10|0|0|0|1|0
[] Drew card from deck: I Am Whitebeard! ["ST22-015">ST22-015]
RZ1|54|2|ST22-015|0|46|1|3|1|1|0|0|0
RZ1|CHK|54|2|46|4|0|0|10|0|0|0|1|0
[] Drew card from deck: Namule ["OP08-050">OP08-050]
RZ1|55|2|OP08-050|0|45|1|4|1|1|0|0|0
RZ1|CHK|55|2|45|5|0|0|10|0|0|0|1|0
RZ1|56|1|ST22-002|0|44|3|0|1|0|0|0|0
RZ1|CHK|56|1|44|5|0|1|10|0|0|0|1|0
RZ1|57|1|OP08-044|0|43|3|1|1|0|0|0|0
RZ1|CHK|57|1|43|5|0|2|10|0|0|0|1|0
RZ1|58|1|OP08-043|0|42|3|2|1|0|0|0|0
RZ1|CHK|58|1|42|5|0|3|10|0|0|0|1|0
RZ1|59|1|ST22-010|0|41|3|3|1|0|0|0|0
RZ1|CHK|59|1|41|5|0|4|10|0|0|0|1|0
RZ1|60|1|OP08-043|0|40|3|4|1|0|0|0|0
RZ1|CHK|60|1|40|5|0|5|10|0|0|0|1|0
RZ1|61|2|OP08-043|0|44|3|0|0|1|0|0|0
RZ1|CHK|61|2|44|5|0|1|10|0|0|0|1|0
RZ1|62|2|OP08-044|0|43|3|1|0|1|0|0|0
RZ1|CHK|62|2|43|5|0|2|10|0|0|0|1|0
RZ1|63|2|ST22-003|0|42|3|2|0|1|0|0|0
RZ1|CHK|63|2|42|5|0|3|10|0|0|0|1|0
RZ1|64|2|ST22-011|0|41|3|3|0|1|0|0|0
RZ1|CHK|64|2|41|5|0|4|10|0|0|0|1|0
RZ1|65|2|ST22-011|0|40|3|4|0|1|0|0|0
RZ1|CHK|65|2|40|5|0|5|10|0|0|0|1|0
[] Hand: [OP08-047,ST22-015,ST22-006,OP08-050,ST22-009]
[] Board: []
[] Trash: []
[] Life: 5
[] Hand: [ST22-010,OP08-043,OP08-047,ST22-015,OP08-050]
[] Trash: []
[] Board: []
[] Life: 5
RZ1|66|1|Don|4|9|5|0|1|1|0|0|0
RZ1|CHK|66|1|40|5|0|5|9|1|0|0|1|0
[You] Draw 1 Don
[You] Ace & Newgate ["ST22-001">ST22-001] revealed: Namule ["OP08-050">OP08-050]
[] Drew card from deck: Namule ["OP08-050">OP08-050]
RZ1|67|1|OP08-050|0|39|1|5|1|1|0|0|0
RZ1|CHK|67|1|39|6|0|5|9|1|0|0|1|0
[You] Ace & Newgate ["ST22-001">ST22-001]: Draw 1 Card
[You] Sent a Card to Deck Top
RZ1|68|1|OP08-050|1|3|0|39|0|0|0|0|0
RZ1|CHK|68|1|40|5|0|5|9|1|0|0|1|0
RZ1|69|1|Don|5|0|5|0|1|1|1|0|0
RZ1|CHK|69|1|40|5|0|5|9|1|0|0|1|0
[You] Deploy Vista ["ST22-009">ST22-009]
RZ1|70|1|ST22-009|1|3|2|0|1|1|0|0|0
RZ1|CHK|70|1|40|4|1|5|9|1|0|0|1|0
[] Hand: [OP08-047,ST22-015,ST22-006,OP08-050]
[] Board: [ST22-009]
[] Trash: []
[] Life: 5
[] Hand: [ST22-010,OP08-043,OP08-047,ST22-015,OP08-050]
[] Trash: []
[] Board: []
[] Life: 5
[You] End Turn
[] Hand: [ST22-010,OP08-043,OP08-047,ST22-015,OP08-050]
[] Board: []
[] Trash: []
[] Life: 5
[] Hand: [OP08-047,ST22-015,ST22-006,OP08-050]
[] Trash: []
[] Board: [ST22-009]
[] Life: 5
[Opponent] Draw 1 Card
[] Drew card from deck: Portgas D. Ace ["ST22-010">ST22-010]
RZ1|71|2|ST22-010|0|39|1|5|1|1|0|0|0
RZ1|CHK|71|2|39|6|0|5|10|0|0|0|1|0
RZ1|72|2|Don|4|9|5|0|1|1|0|0|0
RZ1|CHK|72|2|39|6|0|5|9|1|0|0|1|0
RZ1|73|2|Don|4|8|5|1|1|1|0|0|0
RZ1|CHK|73|2|39|6|0|5|8|2|0|0|1|0
[Opponent] Draw 2 Don
[Opponent] Ace & Newgate ["ST22-001">ST22-001] revealed: Portgas D. Ace ["ST22-010">ST22-010]
[] Drew card from deck: Izou ["ST22-002">ST22-002]
RZ1|74|2|ST22-002|0|38|1|6|1|1|0|0|0
RZ1|CHK|74|2|38|7|0|5|8|2|0|0|1|0
[Opponent] Ace & Newgate ["ST22-001">ST22-001]: Draw 1 Card
[Opponent] Sent a Card to Deck Top
RZ1|75|2|ST22-010|1|0|0|38|0|0|0|0|0
RZ1|CHK|75|2|39|6|0|5|8|2|0|0|1|0
RZ1|76|2|Don|5|0|5|0|1|1|1|0|0
RZ1|CHK|76|2|39|6|0|5|8|2|0|0|1|0
[Opponent] Deploy Izou ["ST22-002">ST22-002]
RZ1|77|2|ST22-002|1|5|2|0|1|1|0|0|0
RZ1|CHK|77|2|39|5|1|5|8|2|0|0|1|0
RZ1|78|2|OP08-047|0|36|1|5|1|1|0|0|0
RZ1|CHK|78|2|38|6|1|5|8|2|0|0|1|0
[Opponent] Izou ["ST22-002">ST22-002]: <b>Reveal and Draw Jozu ["OP08-047">OP08-047]</b>
[Opponent] Placing Cards on Bottom of Deck
RZ1|79|2|ST22-010|0|37|0|0|0|0|0|0|0
RZ1|CHK|79|2|38|6|1|5|8|2|0|0|1|0
RZ1|80|2|ST22-011|0|37|0|0|0|0|0|0|0
RZ1|CHK|80|2|38|6|1|5|8|2|0|0|1|0
RZ1|81|2|ST22-010|0|37|0|0|0|0|0|0|0
RZ1|CHK|81|2|38|6|1|5|8|2|0|0|1|0
RZ1|82|2|OP09-044|0|37|0|0|0|0|0|0|0
RZ1|CHK|82|2|38|6|1|5|8|2|0|0|1|0
[] Hand: [OP08-043,OP08-047,ST22-015,OP08-050,ST22-010,OP08-047]
[] Board: [ST22-002]
[] Trash: []
[] Life: 5
[] Hand: [OP08-047,ST22-015,ST22-006,OP08-050]
[] Trash: []
[] Board: [ST22-009]
[] Life: 5
[Opponent] End Turn
[] Hand: [OP08-047,ST22-015,ST22-006,OP08-050]
[] Board: [ST22-009]
[] Trash: []
[] Life: 5
[] Hand: [OP08-043,OP08-047,ST22-015,OP08-050,ST22-010,OP08-047]
[] Trash: []
[] Board: [ST22-002]
[] Life: 5
[You] Draw 1 Card
[] Drew card from deck: Namule ["OP08-050">OP08-050]
RZ1|83|1|OP08-050|0|39|1|4|1|1|0|0|0
RZ1|CHK|83|1|39|5|1|5|9|1|0|0|1|0
RZ1|84|1|Don|4|8|5|1|1|1|0|0|0
RZ1|CHK|84|1|39|5|1|5|8|2|0|0|1|0
RZ1|85|1|Don|4|7|5|2|1|1|0|0|0
RZ1|CHK|85|1|39|5|1|5|7|3|0|0|1|0
[You] Draw 2 Don
RZ1|86|1|Don|5|0|5|0|1|1|1|0|0
RZ1|CHK|86|1|39|5|1|5|7|3|0|0|1|0
RZ1|87|1|Don|5|1|5|1|1|1|1|0|0
RZ1|CHK|87|1|39|5|1|5|7|3|0|0|1|0
RZ1|88|1|Don|5|2|5|2|1|1|1|0|0
RZ1|CHK|88|1|39|5|1|5|7|3|0|0|1|0
[You] Deploy Namule ["OP08-050">OP08-050]
RZ1|89|1|OP08-050|1|3|2|1|1|1|0|0|0
RZ1|CHK|89|1|39|4|2|5|7|3|0|0|1|0
[] Drew card from deck: ...I Will Make Whitebeard The King ["OP12-058">OP12-058]
RZ1|90|1|OP12-058|0|38|1|4|1|1|0|0|0
RZ1|CHK|90|1|38|5|2|5|7|3|0|0|1|0
[] Drew card from deck: Whitey Bay ["ST22-011">ST22-011]
RZ1|91|1|ST22-011|0|37|1|5|1|1|0|0|0
RZ1|CHK|91|1|37|6|2|5|7|3|0|0|1|0
[You] Namule ["OP08-050">OP08-050]: Draw 2 Card
[You] Sent a Card to Deck Bottom
RZ1|92|1|ST22-011|1|5|0|0|0|0|0|0|0
RZ1|CHK|92|1|38|5|2|5|7|3|0|0|1|0
[You] Sent a Card to Deck Bottom
RZ1|93|1|OP08-050|1|3|0|0|0|0|0|0|0
RZ1|CHK|93|1|39|4|2|5|7|3|0|0|1|0
[You] Ace & Newgate ["ST22-001">ST22-001] attacking Ace & Newgate ["ST22-001">ST22-001]
RZ1|94|2|ST22-002|2|0|6|0|1|1|0|0|0
RZ1|CHK|94|2|38|6|0|5|8|2|1|0|1|0
[Opponent] Izou ["ST22-002">ST22-002]: Trash Izou ["ST22-002">ST22-002]
[] Drew card from deck: Vista ["ST22-009">ST22-009]
RZ1|95|2|ST22-009|0|37|1|6|1|1|0|0|0
RZ1|CHK|95|2|37|7|0|5|8|2|1|0|1|0
[Opponent] Izou ["ST22-002">ST22-002]: Draw 1 Card
[Opponent] Sent a Card to Deck Bottom
RZ1|96|2|ST22-010|1|4|0|0|0|0|0|0|0
RZ1|CHK|96|2|38|6|0|5|8|2|1|0|1|0
Ace & Newgate ["ST22-001">ST22-001][5000] vs Ace & Newgate ["ST22-001">ST22-001][5000]
Ace & Newgate ["ST22-001">ST22-001] hit for 1 damage
RZ1|97|2|ST22-011|3|4|1|6|1|1|0|0|0
RZ1|CHK|97|2|38|7|0|4|8|2|1|0|1|0
[You] Ace & Newgate ["ST22-001">ST22-001] revealed: Jozu ["OP08-047">OP08-047]
[] Drew card from deck: Izou ["OP09-044">OP09-044]
RZ1|98|1|OP09-044|0|38|1|4|1|1|0|0|0
RZ1|CHK|98|1|38|5|2|5|7|3|0|0|1|0
[You] Ace & Newgate ["ST22-001">ST22-001]: Draw 1 Card
[You] Sent a Card to Deck Top
RZ1|99|1|OP08-047|1|0|0|38|0|0|0|0|0
RZ1|CHK|99|1|39|4|2|5|7|3|0|0|1|0
[] Hand: [ST22-015,ST22-006,OP12-058,OP09-044]
[] Board: [ST22-009,OP08-050]
[] Trash: []
[] Life: 5
[] Hand: [OP08-043,OP08-047,ST22-015,OP08-050,OP08-047,ST22-009,ST22-011]
[] Trash: [ST22-002]
[] Board: []
[] Life: 4
[You] End Turn
[] Hand: [OP08-043,OP08-047,ST22-015,OP08-050,OP08-047,ST22-009,ST22-011]
[] Board: []
[] Trash: [ST22-002]
[] Life: 4
[] Hand: [ST22-015,ST22-006,OP12-058,OP09-044]
[] Trash: []
[] Board: [ST22-009,OP08-050]
[] Life: 5
[Opponent] Draw 1 Card
[] Drew card from deck: Whitey Bay ["ST22-011">ST22-011]
RZ1|100|2|ST22-011|0|37|1|7|1|1|0|0|0
RZ1|CHK|100|2|37|8|0|4|8|2|1|0|1|0
RZ1|101|2|Don|4|7|5|2|1|1|0|0|0
RZ1|CHK|101|2|37|8|0|4|7|3|1|0|1|0
RZ1|102|2|Don|4|6|5|3|1|1|0|0|0
RZ1|CHK|102|2|37|8|0|4|6|4|1|0|1|0
[Opponent] Draw 2 Don
RZ1|103|2|Don|5|0|5|0|1|1|1|0|0
RZ1|CHK|103|2|37|8|0|4|6|4|1|0|1|0
RZ1|104|2|Don|5|1|5|1|1|1|1|0|0
RZ1|CHK|104|2|37|8|0|4|6|4|1|0|1|0
RZ1|105|2|Don|5|2|5|2|1|1|1|0|0
RZ1|CHK|105|2|37|8|0|4|6|4|1|0|1|0
[Opponent] Deploy Namule ["OP08-050">OP08-050]
RZ1|106|2|OP08-050|1|3|2|0|1|1|0|0|0
RZ1|CHK|106|2|37|7|1|4|6|4|1|0|1|0
[] Drew card from deck: Izou ["ST22-002">ST22-002]
RZ1|107|2|ST22-002|0|36|1|7|1|1|0|0|0
RZ1|CHK|107|2|36|8|1|4|6|4|1|0|1|0
[] Drew card from deck: Take that back...!!! ["ST22-016">ST22-016]
RZ1|108|2|ST22-016|0|35|1|8|1|1|0|0|0
RZ1|CHK|108|2|35|9|1|4|6|4|1|0|1|0
[Opponent] Namule ["OP08-050">OP08-050]: Draw 2 Card
[Opponent] Sent a Card to Deck Bottom
RZ1|109|2|ST22-009|1|4|0|0|0|0|0|0|0
RZ1|CHK|109|2|36|8|1|4|6|4|1|0|1|0
[Opponent] Sent a Card to Deck Bottom
RZ1|110|2|ST22-011|1|4|0|0|0|0|0|0|0
RZ1|CHK|110|2|37|7|1|4|6|4|1|0|1|0
[Opponent] Ace & Newgate ["ST22-001">ST22-001] revealed: Whitey Bay ["ST22-011">ST22-011]
[] Drew card from deck: Thank You... For Loving Me!!! ["OP08-053">OP08-053]
RZ1|111|2|OP08-053|0|36|1|7|1|1|0|0|0
RZ1|CHK|111|2|36|8|1|4|6|4|1|0|1|0
[Opponent] Ace & Newgate ["ST22-001">ST22-001]: Draw 1 Card
[Opponent] Sent a Card to Deck Top
RZ1|112|2|ST22-011|1|4|0|36|0|0|0|0|0
RZ1|CHK|112|2|37|7|1|4|6|4|1|0|1|0
[Opponent] Thank You... For Loving Me!!! ["OP08-053">OP08-053]: Rest 1 Don
RZ1|113|2|Don|5|3|5|3|1|1|1|0|0
RZ1|CHK|113|2|37|7|1|4|6|4|1|0|1|0
RZ1|114|2|OP08-053|1|6|6|1|1|1|0|0|0
RZ1|CHK|114|2|37|6|1|4|6|4|2|0|1|0
RZ1|115|2|ST22-011|0|36|1|6|1|1|0|0|0
RZ1|CHK|115|2|36|7|1|4|6|4|2|0|1|0
[Opponent] Thank You... For Loving Me!!! ["OP08-053">OP08-053]: <b>Reveal and Draw Whitey Bay ["ST22-011">ST22-011]</b>
[Opponent] Placing Cards on Bottom of Deck
RZ1|116|2|OP08-044|0|35|0|0|0|0|0|0|0
RZ1|CHK|116|2|36|7|1|4|6|4|2|0|1|0
RZ1|117|2|ST22-016|0|35|0|0|0|0|0|0|0
RZ1|CHK|117|2|36|7|1|4|6|4|2|0|1|0
[Opponent] Ace & Newgate ["ST22-001">ST22-001] attacking Ace & Newgate ["ST22-001">ST22-001]
[You] Vista ["ST22-009">ST22-009] Blocks
Ace & Newgate ["ST22-001">ST22-001][5000] vs Vista ["ST22-009">ST22-009][1000]
[You] Vista ["ST22-009">ST22-009] Destroyed
RZ1|118|1|ST22-009|2|0|6|0|1|1|0|0|0
RZ1|CHK|118|1|39|4|1|5|7|3|1|0|1|0
[] Hand: [OP08-043,OP08-047,ST22-015,OP08-047,ST22-002,ST22-016,ST22-011]
[] Board: [OP08-050]
[] Trash: [ST22-002,OP08-053]
[] Life: 4
[] Hand: [ST22-015,ST22-006,OP12-058,OP09-044]
[] Trash: [ST22-009]
[] Board: [OP08-050]
[] Life: 5
[Opponent] End Turn
[] Hand: [ST22-015,ST22-006,OP12-058,OP09-044]
[] Board: [OP08-050]
[] Trash: [ST22-009]
[] Life: 5
[] Hand: [OP08-043,OP08-047,ST22-015,OP08-047,ST22-002,ST22-016,ST22-011]
[] Trash: [ST22-002,OP08-053]
[] Board: [OP08-050]
[] Life: 4
[You] Draw 1 Card
[] Drew card from deck: Jozu ["OP08-047">OP08-047]
RZ1|119|1|OP08-047|0|38|1|4|1|1|0|0|0
RZ1|CHK|119|1|38|5|1|5|7|3|1|0|1|0
RZ1|120|1|Don|4|6|5|3|1|1|0|0|0
RZ1|CHK|120|1|38|5|1|5|6|4|1|0|1|0
RZ1|121|1|Don|4|5|5|4|1|1|0|0|0
RZ1|CHK|121|1|38|5|1|5|5|5|1|0|1|0
[You] Draw 2 Don
RZ1|122|1|Don|5|0|5|0|1|1|1|0|0
RZ1|CHK|122|1|38|5|1|5|5|5|1|0|1|0
RZ1|123|1|Don|5|1|5|1|1|1|1|0|0
RZ1|CHK|123|1|38|5|1|5|5|5|1|0|1|0
RZ1|124|1|Don|5|2|5|2|1|1|1|0|0
RZ1|CHK|124|1|38|5|1|5|5|5|1|0|1|0
[You] Deploy Izou ["OP09-044">OP09-044]
RZ1|125|1|OP09-044|1|3|2|1|1|1|0|0|0
RZ1|CHK|125|1|38|4|2|5|5|5|1|0|1|0
[You] Ace & Newgate ["ST22-001">ST22-001] revealed: Jozu ["ST22-006">ST22-006]
[] Drew card from deck: Whitey Bay ["ST22-011">ST22-011]
RZ1|126|1|ST22-011|0|37|1|4|1|1|0|0|0
RZ1|CHK|126|1|37|5|2|5|5|5|1|0|1|0
[You] Ace & Newgate ["ST22-001">ST22-001]: Draw 1 Card
[You] Sent a Card to Deck Top
RZ1|127|1|ST22-006|1|1|0|37|0|0|0|0|0
RZ1|CHK|127|1|38|4|2|5|5|5|1|0|1|0
[You] Ace & Newgate ["ST22-001">ST22-001] attacking Ace & Newgate ["ST22-001">ST22-001]
[Opponent] Namule ["OP08-050">OP08-050] Blocks
[Opponent] Discard Whitey Bay ["ST22-011">ST22-011] for Counter 2000
RZ1|128|2|ST22-011|1|6|6|2|1|1|0|0|0
RZ1|CHK|128|2|36|6|1|4|6|4|3|0|1|0
[Opponent] Discard Jozu ["OP08-047">OP08-047] for Counter 1000
RZ1|129|2|OP08-047|1|1|6|3|1|1|0|0|0
RZ1|CHK|129|2|36|5|1|4|6|4|4|0|1|0
[Opponent] Discard Jozu ["OP08-047">OP08-047] for Counter 1000
RZ1|130|2|OP08-047|1|2|6|4|1|1|0|0|0
RZ1|CHK|130|2|36|4|1|4|6|4|5|0|1|0
Ace & Newgate ["ST22-001">ST22-001][5000] vs Namule ["OP08-050">OP08-050][6000]
Attack Fails
[You] Namule ["OP08-050">OP08-050] attacking Namule ["OP08-050">OP08-050]
Namule ["OP08-050">OP08-050][2000] vs Namule ["OP08-050">OP08-050][2000]
[Opponent] Namule ["OP08-050">OP08-050] Destroyed
RZ1|131|2|OP08-050|2|0|6|5|1|1|0|0|0
RZ1|CHK|131|2|36|4|0|4|6|4|6|0|1|0
RZ1|132|1|Don|5|3|5|3|1|1|1|0|0
RZ1|CHK|132|1|38|4|2|5|5|5|1|0|1|0
[You] Deploy Whitey Bay ["ST22-011">ST22-011]
RZ1|133|1|ST22-011|1|3|2|2|1|1|0|0|0
RZ1|CHK|133|1|38|3|3|5|5|5|1|0|1|0
[] Hand: [ST22-015,OP12-058,OP08-047]
[] Board: [OP08-050,OP09-044,ST22-011]
[] Trash: [ST22-009]
[] Life: 5
[] Hand: [OP08-043,ST22-015,ST22-002,ST22-016]
[] Trash: [ST22-002,OP08-053,ST22-011,OP08-047,OP08-047,OP08-050]
[] Board: []
[] Life: 4
[You] End Turn
[] Hand: [OP08-043,ST22-015,ST22-002,ST22-016]
[] Board: []
[] Trash: [ST22-002,OP08-053,ST22-011,OP08-047,OP08-047,OP08-050]
[] Life: 4
[] Hand: [ST22-015,OP12-058,OP08-047]
[] Trash: [ST22-009]
[] Board: [OP08-050,OP09-044,ST22-011]
[] Life: 5
[Opponent] Draw 1 Card
[] Drew card from deck: Izou ["OP09-044">OP09-044]
RZ1|134|2|OP09-044|0|35|1|4|1|1|0|0|0
RZ1|CHK|134|2|35|5|0|4|6|4|6|0|1|0
RZ1|135|2|Don|4|5|5|4|1|1|0|0|0
RZ1|CHK|135|2|35|5|0|4|5|5|6|0|1|0
RZ1|136|2|Don|4|4|5|5|1|1|0|0|0
RZ1|CHK|136|2|35|5|0|4|4|6|6|0|1|0
[Opponent] Draw 2 Don
[Opponent] Ace & Newgate ["ST22-001">ST22-001] revealed: Izou ["OP09-044">OP09-044]
[] Drew card from deck: Vista ["ST22-009">ST22-009]
RZ1|137|2|ST22-009|0|34|1|5|1|1|0|0|0
RZ1|CHK|137|2|34|6|0|4|4|6|6|0|1|0
[Opponent] Ace & Newgate ["ST22-001">ST22-001]: Draw 1 Card
[Opponent] Sent a Card to Deck Top
RZ1|138|2|OP09-044|1|4|0|34|0|0|0|0|0
RZ1|CHK|138|2|35|5|0|4|4|6|6|0|1|0
RZ1|139|2|Don|5|0|9|9900|1|1|0|0|0
RZ1|CHK|139|2|35|5|0|4|4|5|6|0|1|1
RZ1|140|2|Don|5|0|9|9901|1|1|0|0|0
RZ1|CHK|140|2|35|5|0|4|4|4|6|0|1|2
[Opponent] Attach 2 Don to Ace & Newgate ["ST22-001">ST22-001] (2 Total)
RZ1|141|2|Don|5|0|9|9902|1|1|0|0|0
RZ1|CHK|141|2|35|5|0|4|4|3|6|0|1|3
RZ1|142|2|Don|5|0|9|9903|1|1|0|0|0
RZ1|CHK|142|2|35|5|0|4|4|2|6|0|1|4
[Opponent] Attach 2 Don to Ace & Newgate ["ST22-001">ST22-001] (4 Total)
[Opponent] Ace & Newgate ["ST22-001">ST22-001] attacking Namule ["OP08-050">OP08-050]
Ace & Newgate ["ST22-001">ST22-001][9000] vs Namule ["OP08-050">OP08-050][2000]
[You] Namule ["OP08-050">OP08-050] Destroyed
RZ1|143|1|OP08-050|2|0|6|1|1|1|0|0|0
RZ1|CHK|143|1|38|3|2|5|5|5|2|0|1|0
RZ1|144|2|Don|5|0|5|0|1|1|1|0|0
RZ1|CHK|144|2|35|5|0|4|4|2|6|0|1|4
[Opponent] Deploy Vista ["ST22-009">ST22-009]
RZ1|145|2|ST22-009|1|4|2|0|1|1|0|0|0
RZ1|CHK|145|2|35|4|1|4|4|2|6|0|1|4
RZ1|146|2|Don|5|1|5|1|1|1|1|0|0
RZ1|CHK|146|2|35|4|1|4|4|2|6|0|1|4
[Opponent] Deploy Izou ["ST22-002">ST22-002]
RZ1|147|2|ST22-002|1|2|2|1|1|1|0|0|0
RZ1|CHK|147|2|35|3|2|4|4|2|6|0|1|4
RZ1|148|2|OP08-047|0|31|1|3|1|1|0|0|0
RZ1|CHK|148|2|34|4|2|4|4|2|6|0|1|4
[Opponent] Izou ["ST22-002">ST22-002]: <b>Reveal and Draw Jozu ["OP08-047">OP08-047]</b>
[Opponent] Placing Cards on Bottom of Deck
RZ1|149|2|OP09-044|0|33|0|0|0|0|0|0|0
RZ1|CHK|149|2|34|4|2|4|4|2|6|0|1|4
RZ1|150|2|OP08-050|0|33|0|0|0|0|0|0|0
RZ1|CHK|150|2|34|4|2|4|4|2|6|0|1|4
RZ1|151|2|OP09-044|0|33|0|0|0|0|0|0|0
RZ1|CHK|151|2|34|4|2|4|4|2|6|0|1|4
RZ1|152|2|OP08-047|0|33|0|0|0|0|0|0|0
RZ1|CHK|152|2|34|4|2|4|4|2|6|0|1|4
[] Hand: [OP08-043,ST22-015,ST22-016,OP08-047]
[] Board: [ST22-009,ST22-002]
[] Trash: [ST22-002,OP08-053,ST22-011,OP08-047,OP08-047,OP08-050]
[] Life: 4
[] Hand: [ST22-015,OP12-058,OP08-047]
[] Trash: [ST22-009,OP08-050]
[] Board: [OP09-044,ST22-011]
[] Life: 5
[Opponent] End Turn
[] Hand: [ST22-015,OP12-058,OP08-047]
[] Board: [OP09-044,ST22-011]
[] Trash: [ST22-009,OP08-050]
[] Life: 5
[] Hand: [OP08-043,ST22-015,ST22-016,OP08-047]
[] Trash: [ST22-002,OP08-053,ST22-011,OP08-047,OP08-047,OP08-050]
[] Board: [ST22-009,ST22-002]
[] Life: 4
[You] Draw 1 Card
[] Drew card from deck: Jozu ["ST22-006">ST22-006]
RZ1|153|1|ST22-006|0|37|1|3|1|1|0|0|0
RZ1|CHK|153|1|37|4|2|5|5|5|2|0|1|0
RZ1|154|1|Don|4|4|5|5|1|1|0|0|0
RZ1|CHK|154|1|37|4|2|5|4|6|2|0|1|0
RZ1|155|1|Don|4|3|5|6|1|1|0|0|0
RZ1|CHK|155|1|37|4|2|5|3|7|2|0|1|0
[You] Draw 2 Don
RZ1|156|1|Don|5|0|5|0|1|1|1|0|0
RZ1|CHK|156|1|37|4|2|5|3|7|2|0|1|0
RZ1|157|1|Don|5|1|5|1|1|1|1|0|0
RZ1|CHK|157|1|37|4|2|5|3|7|2|0|1|0
RZ1|158|1|Don|5|2|5|2|1|1|1|0|0
RZ1|CHK|158|1|37|4|2|5|3|7|2|0|1|0
RZ1|159|1|Don|5|3|5|3|1|1|1|0|0
RZ1|CHK|159|1|37|4|2|5|3|7|2|0|1|0
RZ1|160|1|Don|5|4|5|4|1|1|1|0|0
RZ1|CHK|160|1|37|4|2|5|3|7|2|0|1|0
RZ1|161|1|Don|5|5|5|5|1|1|1|0|0
RZ1|CHK|161|1|37|4|2|5|3|7|2|0|1|0
[You] Deploy Jozu ["OP08-047">OP08-047]
RZ1|162|1|OP08-047|1|2|2|2|1|1|0|0|0
RZ1|CHK|162|1|37|3|3|5|3|7|2|0|1|0
[You] Ace & Newgate ["ST22-001">ST22-001] revealed: Jozu ["ST22-006">ST22-006]
[] Drew card from deck: Kouzuki Oden ["ST22-005">ST22-005]
RZ1|163|1|ST22-005|0|36|1|3|1|1|0|0|0
RZ1|CHK|163|1|36|4|3|5|3|7|2|0|1|0
[You] Ace & Newgate ["ST22-001">ST22-001]: Draw 1 Card
[You] Sent a Card to Deck Top
RZ1|164|1|ST22-006|1|2|0|36|0|0|0|0|0
RZ1|CHK|164|1|37|3|3|5|3|7|2|0|1|0
[You] Ace & Newgate ["ST22-001">ST22-001] attacking Ace & Newgate ["ST22-001">ST22-001]
RZ1|165|2|ST22-002|2|1|6|6|1|1|0|0|0
RZ1|CHK|165|2|34|4|1|4|4|2|7|0|1|4
[Opponent] Izou ["ST22-002">ST22-002]: Trash Izou ["ST22-002">ST22-002]
[] Drew card from deck: Kouzuki Oden ["ST22-005">ST22-005]
RZ1|166|2|ST22-005|0|33|1|4|1|1|0|0|0
RZ1|CHK|166|2|33|5|1|4|4|2|7|0|1|4
[Opponent] Izou ["ST22-002">ST22-002]: Draw 1 Card
[Opponent] Sent a Card to Deck Bottom
RZ1|167|2|ST22-005|1|4|0|0|0|0|0|0|0
RZ1|CHK|167|2|34|4|1|4|4|2|7|0|1|4
[Opponent] Vista ["ST22-009">ST22-009] Blocks
Ace & Newgate ["ST22-001">ST22-001][5000] vs Vista ["ST22-009">ST22-009][1000]
[Opponent] Vista ["ST22-009">ST22-009] Destroyed
RZ1|168|2|ST22-009|2|0|6|7|1|1|0|0|0
RZ1|CHK|168|2|34|4|0|4|4|2|8|0|1|4
RZ1|169|1|Don|5|6|9|0|1|1|0|0|0
RZ1|CHK|169|1|37|3|3|5|3|6|2|0|1|1
[You] Attach 1 Don to Izou ["OP09-044">OP09-044] (1 Total)
[You] Izou ["OP09-044">OP09-044] attacking Ace & Newgate ["ST22-001">ST22-001]
RZ1|170|1|OP08-047|0|34|1|3|1|1|0|0|0
RZ1|CHK|170|1|36|4|3|5|3|6|2|0|1|1
[You] Izou ["OP09-044">OP09-044]: <b>Reveal and Draw Jozu ["OP08-047">OP08-047]</b>
[You] Placing Cards on Bottom of Deck
RZ1|171|1|ST22-006|0|35|0|0|0|0|0|0|0
RZ1|CHK|171|1|36|4|3|5|3|6|2|0|1|1
RZ1|172|1|ST22-009|0|35|0|0|0|0|0|0|0
RZ1|CHK|172|1|36|4|3|5|3|6|2|0|1|1
RZ1|173|1|OP08-043|0|35|0|0|0|0|0|0|0
RZ1|CHK|173|1|36|4|3|5|3|6|2|0|1|1
RZ1|174|1|OP08-056|0|35|0|0|0|0|0|0|0
RZ1|CHK|174|1|36|4|3|5|3|6|2|0|1|1
RZ1|175|1|ST22-005|1|2|6|2|1|1|0|0|0
RZ1|CHK|175|1|36|3|3|5|3|6|3|0|1|1
[You] Izou ["OP09-044">OP09-044]: Trash Kouzuki Oden ["ST22-005">ST22-005]
[Opponent] Discard Jozu ["OP08-047">OP08-047] for Counter 1000
RZ1|176|2|OP08-047|1|3|6|8|1|1|0|0|0
RZ1|CHK|176|2|34|3|0|4|4|2|9|0|1|4
Izou ["OP09-044">OP09-044][5000] vs Ace & Newgate ["ST22-001">ST22-001][6000]
Attack Fails
[] Hand: [ST22-015,OP12-058,OP08-047]
[] Board: [OP09-044,ST22-011,OP08-047]
[] Trash: [ST22-009,OP08-050,ST22-005]
[] Life: 5
[] Hand: [OP08-043,ST22-015,ST22-016]
[] Trash: [ST22-002,OP08-053,ST22-011,OP08-047,OP08-047,OP08-050,ST22-002,ST22-009,OP08-047]
[] Board: []
[] Life: 4
[You] End Turn
[] Hand: [OP08-043,ST22-015,ST22-016]
[] Board: []
[] Trash: [ST22-002,OP08-053,ST22-011,OP08-047,OP08-047,OP08-050,ST22-002,ST22-009,OP08-047]
[] Life: 4
[] Hand: [ST22-015,OP12-058,OP08-047]
[] Trash: [ST22-009,OP08-050,ST22-005]
[] Board: [OP09-044,ST22-011,OP08-047]
[] Life: 5
RZ1|177|2|Don|9|9900|5|0|1|1|1|0|0
RZ1|CHK|177|2|34|3|0|4|4|3|9|0|1|3
RZ1|178|2|Don|9|9900|5|0|1|1|1|0|0
RZ1|CHK|178|2|34|3|0|4|4|4|9|0|1|2
RZ1|179|2|Don|9|9900|5|0|1|1|1|0|0
RZ1|CHK|179|2|34|3|0|4|4|5|9|0|1|1
RZ1|180|2|Don|9|9900|5|0|1|1|1|0|0
RZ1|CHK|180|2|34|3|0|4|4|6|9|0|1|0
[Opponent] Draw 1 Card
[] Drew card from deck: Vista ["ST22-009">ST22-009]
RZ1|181|2|ST22-009|0|33|1|3|1|1|0|0|0
RZ1|CHK|181|2|33|4|0|4|4|6|9|0|1|0
RZ1|182|2|Don|4|3|5|6|1|1|0|0|0
RZ1|CHK|182|2|33|4|0|4|3|7|9|0|1|0
RZ1|183|2|Don|4|2|5|7|1|1|0|0|0
RZ1|CHK|183|2|33|4|0|4|2|8|9|0|1|0
[Opponent] Draw 2 Don
[Opponent] I Am Whitebeard! ["ST22-015">ST22-015]: Rest 8 Don
RZ1|184|2|Don|5|0|5|0|1|1|1|0|0
RZ1|CHK|184|2|33|4|0|4|2|8|9|0|1|0
RZ1|185|2|Don|5|1|5|1|1|1|1|0|0
RZ1|CHK|185|2|33|4|0|4|2|8|9|0|1|0
RZ1|186|2|Don|5|2|5|2|1|1|1|0|0
RZ1|CHK|186|2|33|4|0|4|2|8|9|0|1|0
RZ1|187|2|Don|5|3|5|3|1|1|1|0|0
RZ1|CHK|187|2|33|4|0|4|2|8|9|0|1|0
RZ1|188|2|Don|5|4|5|4|1|1|1|0|0
RZ1|CHK|188|2|33|4|0|4|2|8|9|0|1|0
RZ1|189|2|Don|5|5|5|5|1|1|1|0|0
RZ1|CHK|189|2|33|4|0|4|2|8|9|0|1|0
RZ1|190|2|Don|5|6|5|6|1|1|1|0|0
RZ1|CHK|190|2|33|4|0|4|2|8|9|0|1|0
RZ1|191|2|Don|5|7|5|7|1|1|1|0|0
RZ1|CHK|191|2|33|4|0|4|2|8|9|0|1|0
RZ1|192|2|ST22-015|1|1|6|9|1|1|0|0|0
RZ1|CHK|192|2|33|3|0|4|2|8|10|0|1|0
RZ1|193|2|OP08-043|1|0|2|0|1|1|0|0|0
RZ1|CHK|193|2|33|2|1|4|2|8|10|0|1|0
[Opponent] I Am Whitebeard! ["ST22-015">ST22-015]: Deploy Edward Newgate ["OP08-043">OP08-043]
[Opponent] I Am Whitebeard! ["ST22-015">ST22-015]: Takes Bottom Life
RZ1|194|2|OP08-043|3|0|1|2|1|1|0|0|0
RZ1|CHK|194|2|33|3|1|3|2|8|10|0|1|0
[Opponent] I Am Whitebeard! ["ST22-015">ST22-015]: Grant Ace & Newgate ["ST22-001">ST22-001] 2000 until opponent's next turn end
[Opponent] Ace & Newgate ["ST22-001">ST22-001] attacking Ace & Newgate ["ST22-001">ST22-001]
Ace & Newgate ["ST22-001">ST22-001][7000] vs Ace & Newgate ["ST22-001">ST22-001][5000]
Ace & Newgate ["ST22-001">ST22-001] hit for 1 damage
RZ1|195|1|OP08-043|3|4|1|3|1|1|0|0|0
RZ1|CHK|195|1|36|4|3|4|3|6|3|0|1|1
[Opponent] Ace & Newgate ["ST22-001">ST22-001] revealed: Vista ["ST22-009">ST22-009]
[] Drew card from deck: Portgas D. Ace ["ST22-010">ST22-010]
RZ1|196|2|ST22-010|0|32|1|3|1|1|0|0|0
RZ1|CHK|196|2|32|4|1|3|2|8|10|0|1|0
[Opponent] Ace & Newgate ["ST22-001">ST22-001]: Draw 1 Card
[Opponent] Sent a Card to Deck Top
RZ1|197|2|ST22-009|1|1|0|32|0|0|0|0|0
RZ1|CHK|197|2|33|3|1|3|2|8|10|0|1|0
[] Hand: [ST22-016,OP08-043,ST22-010]
[] Board: [OP08-043]
[] Trash: [ST22-002,OP08-053,ST22-011,OP08-047,OP08-047,OP08-050,ST22-002,ST22-009,OP08-047,ST22-015]
[] Life: 3
[] Hand: [ST22-015,OP12-058,OP08-047,OP08-043]
[] Trash: [ST22-009,OP08-050,ST22-005]
[] Board: [OP09-044,ST22-011,OP08-047]
[] Life: 4
[Opponent] End Turn
[] Hand: [ST22-015,OP12-058,OP08-047,OP08-043]
[] Board: [OP09-044,ST22-011,OP08-047]
[] Trash: [ST22-009,OP08-050,ST22-005]
[] Life: 4
[] Hand: [ST22-016,OP08-043,ST22-010]
[] Trash: [ST22-002,OP08-053,ST22-011,OP08-047,OP08-047,OP08-050,ST22-002,ST22-009,OP08-047,ST22-015]
[] Board: [OP08-043]
[] Life: 3
RZ1|198|1|Don|9|0|5|0|1|1|1|0|0
RZ1|CHK|198|1|36|4|3|4|3|7|3|0|1|0
[You] Draw 1 Card
[] Drew card from deck: Edward Newgate ["ST22-003">ST22-003]
RZ1|199|1|ST22-003|0|35|1|4|1|1|0|0|0
RZ1|CHK|199|1|35|5|3|4|3|7|3|0|1|0
RZ1|200|1|Don|4|2|5|7|1|1|0|0|0
RZ1|CHK|200|1|35|5|3|4|2|8|3|0|1|0
RZ1|201|1|Don|4|1|5|8|1|1|0|0|0
RZ1|CHK|201|1|35|5|3|4|1|9|3|0|1|0
[You] Draw 2 Don
[You] Ace & Newgate ["ST22-001">ST22-001] revealed: Edward Newgate ["OP08-043">OP08-043]
[] Drew card from deck: Izou ["OP09-044">OP09-044]
RZ1|202|1|OP09-044|0|34|1|5|1|1|0|0|0
RZ1|CHK|202|1|34|6|3|4|1|9|3|0|1|0
[You] Ace & Newgate ["ST22-001">ST22-001]: Draw 1 Card
[You] Sent a Card to Deck Top
RZ1|203|1|OP08-043|1|3|0|34|0|0|0|0|0
RZ1|CHK|203|1|35|5|3|4|1|9|3|0|1|0
RZ1|204|1|Don|5|0|5|0|1|1|1|0|0
RZ1|CHK|204|1|35|5|3|4|1|9|3|0|1|0
RZ1|205|1|Don|5|1|5|1|1|1|1|0|0
RZ1|CHK|205|1|35|5|3|4|1|9|3|0|1|0
RZ1|206|1|Don|5|2|5|2|1|1|1|0|0
RZ1|CHK|206|1|35|5|3|4|1|9|3|0|1|0
RZ1|207|1|Don|5|3|5|3|1|1|1|0|0
RZ1|CHK|207|1|35|5|3|4|1|9|3|0|1|0
RZ1|208|1|Don|5|4|5|4|1|1|1|0|0
RZ1|CHK|208|1|35|5|3|4|1|9|3|0|1|0
RZ1|209|1|Don|5|5|5|5|1|1|1|0|0
RZ1|CHK|209|1|35|5|3|4|1|9|3|0|1|0
[You] Deploy Jozu ["OP08-047">OP08-047]
RZ1|210|1|OP08-047|1|2|2|3|1|1|0|0|0
RZ1|CHK|210|1|35|4|4|4|1|9|3|0|1|0
[You] Jozu ["OP08-047">OP08-047]: Return Whitey Bay ["ST22-011">ST22-011] to Hand
RZ1|211|1|ST22-011|2|1|1|4|1|1|0|0|0
RZ1|CHK|211|1|35|5|3|4|1|9|3|0|1|0
[You] Jozu ["OP08-047">OP08-047]: Return Izou ["OP09-044">OP09-044] to Hand
RZ1|212|1|OP09-044|2|0|1|5|1|1|0|0|0
RZ1|CHK|212|1|35|6|2|4|1|9|3|0|1|0
[You] Jozu ["OP08-047">OP08-047] attacking Ace & Newgate ["ST22-001">ST22-001]
[Opponent] Discard Portgas D. Ace ["ST22-010">ST22-010] for Counter 2000
RZ1|213|2|ST22-010|1|2|6|10|1|1|0|0|0
RZ1|CHK|213|2|33|2|1|3|2|8|11|0|1|0
Jozu ["OP08-047">OP08-047][7000] vs Ace & Newgate ["ST22-001">ST22-001][9000]
Attack Fails
RZ1|214|1|Don|5|6|9|9900|1|1|0|0|0
RZ1|CHK|214|1|35|6|2|4|1|8|3|0|1|1
RZ1|215|1|Don|5|6|9|9901|1|1|0|0|0
RZ1|CHK|215|1|35|6|2|4|1|7|3|0|1|2
[You] Attach 2 Don to Ace & Newgate ["ST22-001">ST22-001] (2 Total)
[You] Ace & Newgate ["ST22-001">ST22-001] attacking Ace & Newgate ["ST22-001">ST22-001]
Ace & Newgate ["ST22-001">ST22-001][7000] vs Ace & Newgate ["ST22-001">ST22-001][7000]
Ace & Newgate ["ST22-001">ST22-001] hit for 1 damage
RZ1|216|2|ST22-011|3|2|1|2|1|1|0|0|0
RZ1|CHK|216|2|33|3|1|2|2|8|11|0|1|0
RZ1|217|1|Don|5|6|5|6|1|1|1|0|0
RZ1|CHK|217|1|35|6|2|4|1|7|3|0|1|2
[You] Deploy Whitey Bay ["ST22-011">ST22-011]
RZ1|218|1|ST22-011|1|4|2|2|1|1|0|0|0
RZ1|CHK|218|1|35|5|3|4|1|7|3|0|1|2
[] Hand: [ST22-015,OP12-058,ST22-003,OP09-044,OP09-044]
[] Board: [OP08-047,OP08-047,ST22-011]
[] Trash: [ST22-009,OP08-050,ST22-005]
[] Life: 4
[] Hand: [ST22-016,OP08-043,ST22-011]
[] Trash: [ST22-002,OP08-053,ST22-011,OP08-047,OP08-047,OP08-050,ST22-002,ST22-009,OP08-047,ST22-015,ST22-010]
[] Board: [OP08-043]
[] Life: 2
[You] End Turn
[] Hand: [ST22-016,OP08-043,ST22-011]
[] Board: [OP08-043]
[] Trash: [ST22-002,OP08-053,ST22-011,OP08-047,OP08-047,OP08-050,ST22-002,ST22-009,OP08-047,ST22-015,ST22-010]
[] Life: 2
[] Hand: [ST22-015,OP12-058,ST22-003,OP09-044,OP09-044]
[] Trash: [ST22-009,OP08-050,ST22-005]
[] Board: [OP08-047,OP08-047,ST22-011]
[] Life: 4
[Opponent] Draw 1 Card
[] Drew card from deck: Vista ["ST22-009">ST22-009]
RZ1|219|2|ST22-009|0|32|1|3|1|1|0|0|0
RZ1|CHK|219|2|32|4|1|2|2|8|11|0|1|0
RZ1|220|2|Don|4|1|5|8|1|1|0|0|0
RZ1|CHK|220|2|32|4|1|2|1|9|11|0|1|0
RZ1|221|2|Don|4|0|5|9|1|1|0|0|0
RZ1|CHK|221|2|32|4|1|2|0|10|11|0|1|0
[Opponent] Draw 2 Don
RZ1|222|2|Don|5|0|9|0|1|1|0|0|0
RZ1|CHK|222|2|32|4|1|2|0|9|11|0|1|1
[Opponent] Attach 1 Don to Edward Newgate ["OP08-043">OP08-043] (1 Total)
[Opponent] Edward Newgate ["OP08-043">OP08-043] attacking Ace & Newgate ["ST22-001">ST22-001]
Edward Newgate ["OP08-043">OP08-043][13000] vs Ace & Newgate ["ST22-001">ST22-001][5000]
Ace & Newgate ["ST22-001">ST22-001] hit for 1 damage
RZ1|223|1|ST22-010|3|3|1|5|1|1|0|0|0
RZ1|CHK|223|1|35|6|3|3|1|7|3|0|1|2
RZ1|224|2|Don|5|0|9|9900|1|1|0|0|0
RZ1|CHK|224|2|32|4|1|2|0|8|11|0|1|2
[Opponent] Attach 1 Don to Ace & Newgate ["ST22-001">ST22-001] (1 Total)
[Opponent] Ace & Newgate ["ST22-001">ST22-001] attacking Ace & Newgate ["ST22-001">ST22-001]
[You] Discard Portgas D. Ace ["ST22-010">ST22-010] for Counter 2000
RZ1|225|1|ST22-010|1|5|6|3|1|1|0|0|0
RZ1|CHK|225|1|35|5|3|3|1|7|4|0|1|2
Ace & Newgate ["ST22-001">ST22-001][6000] vs Ace & Newgate ["ST22-001">ST22-001][7000]
Attack Fails
[Opponent] Ace & Newgate ["ST22-001">ST22-001] revealed: Vista ["ST22-009">ST22-009]
[] Drew card from deck: Jozu ["ST22-006">ST22-006]
RZ1|226|2|ST22-006|0|31|1|4|1|1|0|0|0
RZ1|CHK|226|2|31|5|1|2|0|8|11|0|1|2
[Opponent] Ace & Newgate ["ST22-001">ST22-001]: Draw 1 Card
[Opponent] Sent a Card to Deck Top
RZ1|227|2|ST22-009|1|3|0|31|0|0|0|0|0
RZ1|CHK|227|2|32|4|1|2|0|8|11|0|1|2
RZ1|228|2|Don|5|0|5|0|1|1|1|0|0
RZ1|CHK|228|2|32|4|1|2|0|8|11|0|1|2
RZ1|229|2|Don|5|1|5|1|1|1|1|0|0
RZ1|CHK|229|2|32|4|1|2|0|8|11|0|1|2
RZ1|230|2|Don|5|2|5|2|1|1|1|0|0
RZ1|CHK|230|2|32|4|1|2|0|8|11|0|1|2
RZ1|231|2|Don|5|3|5|3|1|1|1|0|0
RZ1|CHK|231|2|32|4|1|2|0|8|11|0|1|2
RZ1|232|2|Don|5|4|5|4|1|1|1|0|0
RZ1|CHK|232|2|32|4|1|2|0|8|11|0|1|2
RZ1|233|2|Don|5|5|5|5|1|1|1|0|0
RZ1|CHK|233|2|32|4|1|2|0|8|11|0|1|2
RZ1|234|2|Don|5|6|5|6|1|1|1|0|0
RZ1|CHK|234|2|32|4|1|2|0|8|11|0|1|2
[Opponent] Deploy Jozu ["ST22-006">ST22-006]
RZ1|235|2|ST22-006|1|3|2|1|1|1|0|0|0
RZ1|CHK|235|2|32|3|2|2|0|8|11|0|1|2
RZ1|236|2|ST22-009|0|31|0|31|0|0|0|0|0
RZ1|CHK|236|2|32|3|2|2|0|8|11|0|1|2
[Opponent] Jozu ["ST22-006">ST22-006] revealed: Vista ["ST22-009">ST22-009]
[] Drew card from deck: Vista ["ST22-009">ST22-009]
RZ1|237|2|ST22-009|0|31|1|3|1|1|0|0|0
RZ1|CHK|237|2|31|4|2|2|0|8|11|0|1|2
[] Drew card from deck: I Am Whitebeard! ["ST22-015">ST22-015]
RZ1|238|2|ST22-015|0|30|1|4|1|1|0|0|0
RZ1|CHK|238|2|30|5|2|2|0|8|11|0|1|2
[Opponent] Jozu ["ST22-006">ST22-006]: Draw 2 Card
RZ1|239|2|ST22-009|1|3|6|11|1|1|0|0|0
RZ1|CHK|239|2|30|4|2|2|0|8|12|0|1|2
[Opponent] Jozu ["ST22-006">ST22-006]: Trash Vista ["ST22-009">ST22-009]
RZ1|240|2|Don|5|7|5|7|1|1|1|0|0
RZ1|CHK|240|2|30|4|2|2|0|8|12|0|1|2
[Opponent] Deploy Whitey Bay ["ST22-011">ST22-011]
RZ1|241|2|ST22-011|1|2|2|2|1|1|0|0|0
RZ1|CHK|241|2|30|3|3|2|0|8|12|0|1|2
[] Hand: [ST22-016,OP08-043,ST22-015]
[] Board: [OP08-043,ST22-006,ST22-011]
[] Trash: [ST22-002,OP08-053,ST22-011,OP08-047,OP08-047,OP08-050,ST22-002,ST22-009,OP08-047,ST22-015,ST22-010,ST22-009]
[] Life: 2
[] Hand: [ST22-015,OP12-058,ST22-003,OP09-044,OP09-044]
[] Trash: [ST22-009,OP08-050,ST22-005,ST22-010]
[] Board: [OP08-047,OP08-047,ST22-011]
[] Life: 3
[Opponent] End Turn
[] Hand: [ST22-015,OP12-058,ST22-003,OP09-044,OP09-044]
[] Board: [OP08-047,OP08-047,ST22-011]
[] Trash: [ST22-009,OP08-050,ST22-005,ST22-010]
[] Life: 3
[] Hand: [ST22-016,OP08-043,ST22-015]
[] Trash: [ST22-002,OP08-053,ST22-011,OP08-047,OP08-047,OP08-050,ST22-002,ST22-009,OP08-047,ST22-015,ST22-010,ST22-009]
[] Board: [OP08-043,ST22-006,ST22-011]
[] Life: 2
RZ1|242|1|Don|9|9900|5|0|1|1|1|0|0
RZ1|CHK|242|1|35|5|3|3|1|8|4|0|1|1
RZ1|243|1|Don|9|9900|5|0|1|1|1|0|0
RZ1|CHK|243|1|35|5|3|3|1|9|4|0|1|0
[You] Draw 1 Card
[] Drew card from deck: Edward Newgate ["OP08-043">OP08-043]
RZ1|244|1|OP08-043|0|34|1|5|1|1|0|0|0
RZ1|CHK|244|1|34|6|3|3|1|9|4|0|1|0
RZ1|245|1|Don|4|0|5|9|1|1|0|0|0
RZ1|CHK|245|1|34|6|3|3|0|10|4|0|1|0
[You] Draw 2 Don
[You] Jozu ["OP08-047">OP08-047] attacking Ace & Newgate ["ST22-001">ST22-001]
Jozu ["OP08-047">OP08-047][7000] vs Ace & Newgate ["ST22-001">ST22-001][5000]
Ace & Newgate ["ST22-001">ST22-001] hit for 1 damage
RZ1|246|2|ST22-003|3|1|1|3|1|1|0|0|0
RZ1|CHK|246|2|30|4|3|1|0|8|12|0|1|2
[You] Jozu ["OP08-047">OP08-047] attacking Ace & Newgate ["ST22-001">ST22-001]
Jozu ["OP08-047">OP08-047][7000] vs Ace & Newgate ["ST22-001">ST22-001][5000]
Ace & Newgate ["ST22-001">ST22-001] hit for 1 damage
RZ1|247|2|OP08-044|3|0|1|4|1|1|0|0|0
RZ1|CHK|247|2|30|5|3|0|0|8|12|0|1|2
RZ1|248|1|Don|5|0|9|9900|1|1|0|0|0
RZ1|CHK|248|1|34|6|3|3|0|9|4|0|1|1
[You] Attach 1 Don to Ace & Newgate ["ST22-001">ST22-001] (1 Total)
[You] Ace & Newgate ["ST22-001">ST22-001] attacking Ace & Newgate ["ST22-001">ST22-001]
[Opponent] Discard Kingdew ["OP08-044">OP08-044] for Counter 2000
RZ1|249|2|OP08-044|1|4|6|12|1|1|0|0|0
RZ1|CHK|249|2|30|4|3|0|0|8|13|0|1|2
Ace & Newgate ["ST22-001">ST22-001][6000] vs Ace & Newgate ["ST22-001">ST22-001][7000]
Attack Fails
RZ1|250|1|Don|5|0|9|200|1|1|0|0|0
RZ1|CHK|250|1|34|6|3|3|0|8|4|0|1|2
RZ1|251|1|Don|5|0|9|201|1|1|0|0|0
RZ1|CHK|251|1|34|6|3|3|0|7|4|0|1|3
RZ1|252|1|Don|5|0|9|202|1|1|0|0|0
RZ1|CHK|252|1|34|6|3|3|0|6|4|0|1|4
RZ1|253|1|Don|5|0|9|203|1|1|0|0|0
RZ1|CHK|253|1|34|6|3|3|0|5|4|0|1|5
[You] Attach 4 Don to Whitey Bay ["ST22-011">ST22-011] (4 Total)
[You] Whitey Bay ["ST22-011">ST22-011] attacking Ace & Newgate ["ST22-001">ST22-001]
Whitey Bay ["ST22-011">ST22-011][5000] vs Ace & Newgate ["ST22-001">ST22-001][5000]
Ace & Newgate ["ST22-001">ST22-001] hit for 1 damage
[Opponent] <b>Downloaded the Combat Log!</b>
GameOver
