Version is 1.43a.1
[You] Leader is Ace & Newgate ["ST22-001">ST22-001]
[Opponent] Leader is Ace & Newgate ["ST22-001">ST22-001]
RZ1|8|2|ST22-003|0|35|0|1|0|0|0|0|0
RZ1|CHK|8|2|50|0|0|0|10|0|0|0|1|0
RZ1|9|2|OP08-050|0|14|0|2|0|0|0|0|0
RZ1|CHK|9|2|50|0|0|0|10|0|0|0|1|0
RZ1|10|2|ST22-012|0|20|0|3|0|0|0|0|0
RZ1|CHK|10|2|50|0|0|0|10|0|0|0|1|0
RZ1|11|2|OP08-043|0|40|0|4|0|0|0|0|0
RZ1|CHK|11|2|50|0|0|0|10|0|0|0|1|0
RZ1|12|2|OP08-053|0|41|0|5|0|0|0|0|0
RZ1|CHK|12|2|50|0|0|0|10|0|0|0|1|0
RZ1|13|2|ST22-005|0|34|0|6|0|0|0|0|0
RZ1|CHK|13|2|50|0|0|0|10|0|0|0|1|0
RZ1|14|2|ST22-010|0|29|0|7|0|0|0|0|0
RZ1|CHK|14|2|50|0|0|0|10|0|0|0|1|0
RZ1|15|2|OP08-043|0|39|0|8|0|0|0|0|0
RZ1|CHK|15|2|50|0|0|0|10|0|0|0|1|0
RZ1|16|2|OP08-050|0|20|0|9|0|0|0|0|0
RZ1|CHK|16|2|50|0|0|0|10|0|0|0|1|0
RZ1|17|2|OP08-050|0|19|0|10|0|0|0|0|0
RZ1|CHK|17|2|50|0|0|0|10|0|0|0|1|0
RZ1|18|2|ST22-010|0|29|0|11|0|0|0|0|0
RZ1|CHK|18|2|50|0|0|0|10|0|0|0|1|0
RZ1|19|2|ST22-015|0|45|0|13|0|0|0|0|0
RZ1|CHK|19|2|50|0|0|0|10|0|0|0|1|0
RZ1|20|2|ST22-010|0|31|0|14|0|0|0|0|0
RZ1|CHK|20|2|50|0|0|0|10|0|0|0|1|0
RZ1|21|2|ST22-011|0|22|0|15|0|0|0|0|0
RZ1|CHK|21|2|50|0|0|0|10|0|0|0|1|0
RZ1|22|2|OP08-047|0|35|0|17|0|0|0|0|0
RZ1|CHK|22|2|50|0|0|0|10|0|0|0|1|0
RZ1|23|2|OP12-058|0|47|0|18|0|0|0|0|0
RZ1|CHK|23|2|50|0|0|0|10|0|0|0|1|0
RZ1|24|2|ST22-011|0|22|0|19|0|0|0|0|0
RZ1|CHK|24|2|50|0|0|0|10|0|0|0|1|0
RZ1|25|2|ST22-003|0|41|0|20|0|0|0|0|0
RZ1|CHK|25|2|50|0|0|0|10|0|0|0|1|0
RZ1|26|2|OP08-050|0|26|0|21|0|0|0|0|0
RZ1|CHK|26|2|50|0|0|0|10|0|0|0|1|0
RZ1|27|2|ST22-011|0|26|0|22|0|0|0|0|0
RZ1|CHK|27|2|50|0|0|0|10|0|0|0|1|0
RZ1|28|2|OP08-044|0|31|0|23|0|0|0|0|0
RZ1|CHK|28|2|50|0|0|0|10|0|0|0|1|0
RZ1|29|2|OP08-043|0|43|0|24|0|0|0|0|0
RZ1|CHK|29|2|50|0|0|0|10|0|0|0|1|0
RZ1|30|2|OP09-044|0|31|0|25|0|0|0|0|0
RZ1|CHK|30|2|50|0|0|0|10|0|0|0|1|0
RZ1|31|2|OP08-056|0|48|0|26|0|0|0|0|0
RZ1|CHK|31|2|50|0|0|0|10|0|0|0|1|0
RZ1|32|2|OP08-047|0|40|0|27|0|0|0|0|0
RZ1|CHK|32|2|50|0|0|0|10|0|0|0|1|0
RZ1|33|2|OP09-044|0|32|0|28|0|0|0|0|0
RZ1|CHK|33|2|50|0|0|0|10|0|0|0|1|0
RZ1|34|2|ST22-012|0|35|0|29|0|0|0|0|0
RZ1|CHK|34|2|50|0|0|0|10|0|0|0|1|0
RZ1|35|2|ST22-011|0|33|0|30|0|0|0|0|0
RZ1|CHK|35|2|50|0|0|0|10|0|0|0|1|0
RZ1|36|2|OP08-047|0|40|0|31|0|0|0|0|0
RZ1|CHK|36|2|50|0|0|0|10|0|0|0|1|0
RZ1|37|2|ST22-012|0|37|0|32|0|0|0|0|0
RZ1|CHK|37|2|50|0|0|0|10|0|0|0|1|0
RZ1|38|2|ST22-013|0|39|0|34|0|0|0|0|0
RZ1|CHK|38|2|50|0|0|0|10|0|0|0|1|0
RZ1|39|2|ST22-005|0|41|0|35|0|0|0|0|0
RZ1|CHK|39|2|50|0|0|0|10|0|0|0|1|0
RZ1|40|2|OP09-044|0|38|0|36|0|0|0|0|0
RZ1|CHK|40|2|50|0|0|0|10|0|0|0|1|0
RZ1|41|2|ST22-006|0|43|0|37|0|0|0|0|0
RZ1|CHK|41|2|50|0|0|0|10|0|0|0|1|0
RZ1|42|2|ST22-010|0|41|0|38|0|0|0|0|0
RZ1|CHK|42|2|50|0|0|0|10|0|0|0|1|0
RZ1|43|2|OP08-056|0|49|0|39|0|0|0|0|0
RZ1|CHK|43|2|50|0|0|0|10|0|0|0|1|0
RZ1|44|2|ST22-016|0|48|0|40|0|0|0|0|0
RZ1|CHK|44|2|50|0|0|0|10|0|0|0|1|0
RZ1|45|2|ST22-015|0|49|0|41|0|0|0|0|0
RZ1|CHK|45|2|50|0|0|0|10|0|0|0|1|0
RZ1|46|2|OP08-047|0|45|0|42|0|0|0|0|0
RZ1|CHK|46|2|50|0|0|0|10|0|0|0|1|0
RZ1|47|2|OP08-053|0|48|0|43|0|0|0|0|0
RZ1|CHK|47|2|50|0|0|0|10|0|0|0|1|0
RZ1|48|2|ST22-006|0|47|0|44|0|0|0|0|0
RZ1|CHK|48|2|50|0|0|0|10|0|0|0|1|0
RZ1|49|2|ST22-016|0|49|0|45|0|0|0|0|0
RZ1|CHK|49|2|50|0|0|0|10|0|0|0|1|0
RZ1|50|2|OP08-044|0|48|0|47|0|0|0|0|0
RZ1|CHK|50|2|50|0|0|0|10|0|0|0|1|0
RZ1|51|2|OP08-043|0|49|0|48|0|0|0|0|0
RZ1|CHK|51|2|50|0|0|0|10|0|0|0|1|0
[] Drew card from deck: Thank You... For Loving Me!!! ["OP08-053">OP08-053]
RZ1|52|1|OP08-053|0|49|1|0|1|1|0|0|0
RZ1|CHK|52|1|49|1|0|0|10|0|0|0|1|0
[] Drew card from deck: ...I Will Make Whitebeard The King ["OP12-058">OP12-058]
RZ1|53|1|OP12-058|0|48|1|1|1|1|0|0|0
RZ1|CHK|53|1|48|2|0|0|10|0|0|0|1|0
[] Drew card from deck: Kingdew ["OP08-044">OP08-044]
RZ1|54|1|OP08-044|0|47|1|2|1|1|0|0|0
RZ1|CHK|54|1|47|3|0|0|10|0|0|0|1|0
[] Drew card from deck: Marco ["ST22-012">ST22-012]
RZ1|55|1|ST22-012|0|46|1|3|1|1|0|0|0
RZ1|CHK|55|1|46|4|0|0|10|0|0|0|1|0
[] Drew card from deck: Take that back...!!! ["ST22-016">ST22-016]
RZ1|56|1|ST22-016|0|45|1|4|1|1|0|0|0
RZ1|CHK|56|1|45|5|0|0|10|0|0|0|1|0
[] Drew card from deck: Vista ["ST22-009">ST22-009]
RZ1|57|2|ST22-009|0|49|1|0|1|1|0|0|0
RZ1|CHK|57|2|49|1|0|0|10|0|0|0|1|0
[] Drew card from deck: Edward Newgate ["OP08-043">OP08-043]
RZ1|58|2|OP08-043|0|48|1|1|1|1|0|0|0
RZ1|CHK|58|2|48|2|0|0|10|0|0|0|1|0
[] Drew card from deck: Kingdew ["OP08-044">OP08-044]
RZ1|59|2|OP08-044|0|47|1|2|1|1|0|0|0
RZ1|CHK|59|2|47|3|0|0|10|0|0|0|1|0
[] Drew card from deck: Vista ["ST22-009">ST22-009]
RZ1|60|2|ST22-009|0|46|1|3|1|1|0|0|0
RZ1|CHK|60|2|46|4|0|0|10|0|0|0|1|0
[] Drew card from deck: Take that back...!!! ["ST22-016">ST22-016]
RZ1|61|2|ST22-016|0|45|1|4|1|1|0|0|0
RZ1|CHK|61|2|45|5|0|0|10|0|0|0|1|0
RZ1|62|1|ST22-016|0|44|3|0|1|0|0|0|0
RZ1|CHK|62|1|44|5|0|1|10|0|0|0|1|0
RZ1|63|1|ST22-010|0|43|3|1|1|0|0|0|0
RZ1|CHK|63|1|43|5|0|2|10|0|0|0|1|0
RZ1|64|1|OP08-053|0|42|3|2|1|0|0|0|0
RZ1|CHK|64|1|42|5|0|3|10|0|0|0|1|0
RZ1|65|1|ST22-011|0|41|3|3|1|0|0|0|0
RZ1|CHK|65|1|41|5|0|4|10|0|0|0|1|0
RZ1|66|1|OP08-047|0|40|3|4|1|0|0|0|0
RZ1|CHK|66|1|40|5|0|5|10|0|0|0|1|0
RZ1|67|2|ST22-006|0|44|3|0|0|1|0|0|0
RZ1|CHK|67|2|44|5|0|1|10|0|0|0|1|0
RZ1|68|2|OP08-053|0|43|3|1|0|1|0|0|0
RZ1|CHK|68|2|43|5|0|2|10|0|0|0|1|0
RZ1|69|2|OP08-047|0|42|3|2|0|1|0|0|0
RZ1|CHK|69|2|42|5|0|3|10|0|0|0|1|0
RZ1|70|2|ST22-015|0|41|3|3|0|1|0|0|0
RZ1|CHK|70|2|41|5|0|4|10|0|0|0|1|0
RZ1|71|2|ST22-016|0|40|3|4|0|1|0|0|0
RZ1|CHK|71|2|40|5|0|5|10|0|0|0|1|0
[] Hand: [OP08-053,OP12-058,OP08-044,ST22-012,ST22-016]
[] Board: []
[] Trash: []
[] Life: 5
[] Hand: [ST22-009,OP08-043,OP08-044,ST22-009,ST22-016]
[] Trash: []
[] Board: []
[] Life: 5
RZ1|72|1|Don|4|9|5|0|1|1|0|0|0
RZ1|CHK|72|1|40|5|0|5|9|1|0|0|1|0
[You] Draw 1 Don
[You] Thank You... For Loving Me!!! ["OP08-053">OP08-053]: Rest 1 Don
RZ1|73|1|Don|5|0|5|0|1|1|1|0|0
RZ1|CHK|73|1|40|5|0|5|9|1|0|0|1|0
RZ1|74|1|OP08-053|1|0|6|0|1|1|0|0|0
RZ1|CHK|74|1|40|4|0|5|9|1|1|0|1|0
RZ1|75|1|ST22-011|0|38|1|4|1|1|0|0|0
RZ1|CHK|75|1|39|5|0|5|9|1|1|0|1|0
[You] Thank You... For Loving Me!!! ["OP08-053">OP08-053]: <b>Reveal and Draw Whitey Bay ["ST22-011">ST22-011]</b>
[You] Placing Cards on Bottom of Deck
RZ1|76|1|OP08-047|0|38|0|0|0|0|0|0|0
RZ1|CHK|76|1|39|5|0|5|9|1|1|0|1|0
RZ1|77|1|ST22-010|0|38|0|0|0|0|0|0|0
RZ1|CHK|77|1|39|5|0|5|9|1|1|0|1|0
[You] Ace & Newgate ["ST22-001">ST22-001] revealed: Marco ["ST22-012">ST22-012]
[] Drew card from deck: Edward Newgate ["ST22-003">ST22-003]
RZ1|78|1|ST22-003|0|38|1|5|1|1|0|0|0
RZ1|CHK|78|1|38|6|0|5|9|1|1|0|1|0
[You] Ace & Newgate ["ST22-001">ST22-001]: Draw 1 Card
[You] Sent a Card to Deck Top
RZ1|79|1|ST22-012|1|2|0|38|0|0|0|0|0
RZ1|CHK|79|1|39|5|0|5|9|1|1|0|1|0
[] Hand: [OP12-058,OP08-044,ST22-016,ST22-011,ST22-003]
[] Board: []
[] Trash: [OP08-053]
[] Life: 5
[] Hand: [ST22-009,OP08-043,OP08-044,ST22-009,ST22-016]
[] Trash: []
[] Board: []
[] Life: 5
[You] End Turn
[] Hand: [ST22-009,OP08-043,OP08-044,ST22-009,ST22-016]
[] Board: []
[] Trash: []
[] Life: 5
[] Hand: [OP12-058,OP08-044,ST22-016,ST22-011,ST22-003]
[] Trash: [OP08-053]
[] Board: []
[] Life: 5
[Opponent] Draw 1 Card
[] Drew card from deck: Moby Dick ["OP08-056">OP08-056]
RZ1|80|2|OP08-056|0|39|1|5|1|1|0|0|0
RZ1|CHK|80|2|39|6|0|5|10|0|0|0|1|0
RZ1|81|2|Don|4|9|5|0|1|1|0|0|0
RZ1|CHK|81|2|39|6|0|5|9|1|0|0|1|0
RZ1|82|2|Don|4|8|5|1|1|1|0|0|0
RZ1|CHK|82|2|39|6|0|5|8|2|0|0|1|0
[Opponent] Draw 2 Don
RZ1|83|2|Don|5|0|5|0|1|1|1|0|0
RZ1|CHK|83|2|39|6|0|5|8|2|0|0|1|0
RZ1|84|2|Don|5|1|5|1|1|1|1|0|0
RZ1|CHK|84|2|39|6|0|5|8|2|0|0|1|0
[Opponent] Deploy Moby Dick ["OP08-056">OP08-056]
RZ1|85|2|OP08-056|1|5|7|0|1|1|0|0|0
RZ1|CHK|85|2|39|5|0|5|8|2|0|1|1|0
[Opponent] Ace & Newgate ["ST22-001">ST22-001] revealed: Vista ["ST22-009">ST22-009]
[] Drew card from deck: Portgas D. Ace ["ST22-010">ST22-010]
RZ1|86|2|ST22-010|0|38|1|5|1|1|0|0|0
RZ1|CHK|86|2|38|6|0|5|8|2|0|1|1|0
[Opponent] Ace & Newgate ["ST22-001">ST22-001]: Draw 1 Card
[Opponent] Sent a Card to Deck Top
RZ1|87|2|ST22-009|1|0|0|38|0|0|0|0|0
RZ1|CHK|87|2|39|5|0|5|8|2|0|1|1|0
[] Hand: [OP08-043,OP08-044,ST22-009,ST22-016,ST22-010]
[] Board: []
[] Trash: []
[] Life: 5
[] Hand: [OP12-058,OP08-044,ST22-016,ST22-011,ST22-003]
[] Trash: [OP08-053]
[] Board: []
[] Life: 5
[Opponent] End Turn
[] Hand: [OP12-058,OP08-044,ST22-016,ST22-011,ST22-003]
[] Board: []
[] Trash: [OP08-053]
[] Life: 5
[] Hand: [OP08-043,OP08-044,ST22-009,ST22-016,ST22-010]
[] Trash: []
[] Board: []
[] Life: 5
[You] Draw 1 Card
[] Drew card from deck: Marco ["ST22-012">ST22-012]
RZ1|88|1|ST22-012|0|38|1|5|1|1|0|0|0
RZ1|CHK|88|1|38|6|0|5|9|1|1|0|1|0
RZ1|89|1|Don|4|8|5|1|1|1|0|0|0
RZ1|CHK|89|1|38|6|0|5|8|2|1|0|1|0
RZ1|90|1|Don|4|7|5|2|1|1|0|0|0
RZ1|CHK|90|1|38|6|0|5|7|3|1|0|1|0
[You] Draw 2 Don
RZ1|91|1|Don|5|0|9|9900|1|1|0|0|0
RZ1|CHK|91|1|38|6|0|5|7|2|1|0|1|1
[You] Attach 1 Don to Ace & Newgate ["ST22-001">ST22-001] (1 Total)
[You] Ace & Newgate ["ST22-001">ST22-001] attacking Ace & Newgate ["ST22-001">ST22-001]
Ace & Newgate ["ST22-001">ST22-001][6000] vs Ace & Newgate ["ST22-001">ST22-001][5000]
Ace & Newgate ["ST22-001">ST22-001] hit for 1 damage
RZ1|92|2|ST22-016|3|4|1|5|1|1|0|0|0
RZ1|CHK|92|2|39|6|0|4|8|2|0|1|1|0
[You] Ace & Newgate ["ST22-001">ST22-001] revealed: Marco ["ST22-012">ST22-012]
[] Drew card from deck: Whitey Bay ["ST22-011">ST22-011]
RZ1|93|1|ST22-011|0|37|1|6|1|1|0|0|0
RZ1|CHK|93|1|37|7|0|5|7|2|1|0|1|1
[You] Ace & Newgate ["ST22-001">ST22-001]: Draw 1 Card
[You] Sent a Card to Deck Top
RZ1|94|1|ST22-012|1|5|0|37|0|0|0|0|0
RZ1|CHK|94|1|38|6|0|5|7|2|1|0|1|1
RZ1|95|1|Don|5|0|5|0|1|1|1|0|0
RZ1|CHK|95|1|38|6|0|5|7|2|1|0|1|1
[You] Deploy Whitey Bay ["ST22-011">ST22-011]
RZ1|96|1|ST22-011|1|3|2|0|1|1|0|0|0
RZ1|CHK|96|1|38|5|1|5|7|2|1|0|1|1
RZ1|97|1|Don|5|1|5|1|1|1|1|0|0
RZ1|CHK|97|1|38|5|1|5|7|2|1|0|1|1
[You] Deploy Whitey Bay ["ST22-011">ST22-011]
RZ1|98|1|ST22-011|1|4|2|1|1|1|0|0|0
RZ1|CHK|98|1|38|4|2|5|7|2|1|0|1|1
[] Hand: [OP12-058,OP08-044,ST22-016,ST22-003]
[] Board: [ST22-011,ST22-011]
[] Trash: [OP08-053]
[] Life: 5
[] Hand: [OP08-043,OP08-044,ST22-009,ST22-016,ST22-010,ST22-016]
[] Trash: []
[] Board: []
[] Life: 4
[You] End Turn
[] Hand: [OP08-043,OP08-044,ST22-009,ST22-016,ST22-010,ST22-016]
[] Board: []
[] Trash: []
[] Life: 4
[] Hand: [OP12-058,OP08-044,ST22-016,ST22-003]
[] Trash: [OP08-053]
[] Board: [ST22-011,ST22-011]
[] Life: 5
[Opponent] Draw 1 Card
[] Drew card from deck: Vista ["ST22-009">ST22-009]
RZ1|99|2|ST22-009|0|38|1|6|1|1|0|0|0
RZ1|CHK|99|2|38|7|0|4|8|2|0|1|1|0
RZ1|100|2|Don|4|7|5|2|1|1|0|0|0
RZ1|CHK|100|2|38|7|0|4|7|3|0|1|1|0
RZ1|101|2|Don|4|6|5|3|1|1|0|0|0
RZ1|CHK|101|2|38|7|0|4|6|4|0|1|1|0
[Opponent] Draw 2 Don
[Opponent] Ace & Newgate ["ST22-001">ST22-001] attacking Ace & Newgate ["ST22-001">ST22-001]
Ace & Newgate ["ST22-001">ST22-001][5000] vs Ace & Newgate ["ST22-001">ST22-001][5000]
Ace & Newgate ["ST22-001">ST22-001] hit for 1 damage
RZ1|102|1|OP08-047|3|4|1|4|1|1|0|0|0
RZ1|CHK|102|1|38|5|2|4|7|2|1|0|1|1
RZ1|103|2|Don|5|0|5|0|1|1|1|0|0
RZ1|CHK|103|2|38|7|0|4|6|4|0|1|1|0
RZ1|104|2|Don|5|1|5|1|1|1|1|0|0
RZ1|CHK|104|2|38|7|0|4|6|4|0|1|1|0
RZ1|105|2|Don|5|2|5|2|1|1|1|0|0
RZ1|CHK|105|2|38|7|0|4|6|4|0|1|1|0
RZ1|106|2|Don|5|3|5|3|1|1|1|0|0
RZ1|CHK|106|2|38|7|0|4|6|4|0|1|1|0
[Opponent] Deploy Kingdew ["OP08-044">OP08-044]
RZ1|107|2|OP08-044|1|1|2|0|1|1|0|0|0
RZ1|CHK|107|2|38|6|1|4|6|4|0|1|1|0
[Opponent] Kingdew ["OP08-044">OP08-044] revealed: Vista ["ST22-009">ST22-009]
[Opponent] Kingdew ["OP08-044">OP08-044] revealed: Vista ["ST22-009">ST22-009]
[Opponent] Kingdew ["OP08-044">OP08-044]: Buff Kingdew ["OP08-044">OP08-044] 2000
[Opponent] Ace & Newgate ["ST22-001">ST22-001] revealed: Vista ["ST22-009">ST22-009]
[] Drew card from deck: Jozu ["ST22-006">ST22-006]
RZ1|108|2|ST22-006|0|37|1|6|1|1|0|0|0
RZ1|CHK|108|2|37|7|1|4|6|4|0|1|1|0
[Opponent] Ace & Newgate ["ST22-001">ST22-001]: Draw 1 Card
[Opponent] Sent a Card to Deck Top
RZ1|109|2|ST22-009|1|1|0|37|0|0|0|0|0
RZ1|CHK|109|2|38|6|1|4|6|4|0|1|1|0
[] Hand: [OP08-043,ST22-016,ST22-010,ST22-016,ST22-009,ST22-006]
[] Board: [OP08-044]
[] Trash: []
[] Life: 4
[] Hand: [OP12-058,OP08-044,ST22-016,ST22-003,OP08-047]
[] Trash: [OP08-053]
[] Board: [ST22-011,ST22-011]
[] Life: 4
[Opponent] End Turn
[] Hand: [OP12-058,OP08-044,ST22-016,ST22-003,OP08-047]
[] Board: [ST22-011,ST22-011]
[] Trash: [OP08-053]
[] Life: 4
[] Hand: [OP08-043,ST22-016,ST22-010,ST22-016,ST22-009,ST22-006]
[] Trash: []
[] Board: [OP08-044]
[] Life: 4
RZ1|110|1|Don|9|9900|5|0|1|1|1|0|0
RZ1|CHK|110|1|38|5|2|4|7|3|1|0|1|0
[You] Draw 1 Card
[] Drew card from deck: Marco ["ST22-012">ST22-012]
RZ1|111|1|ST22-012|0|37|1|5|1|1|0|0|0
RZ1|CHK|111|1|37|6|2|4|7|3|1|0|1|0
RZ1|112|1|Don|4|6|5|3|1|1|0|0|0
RZ1|CHK|112|1|37|6|2|4|6|4|1|0|1|0
RZ1|113|1|Don|4|5|5|4|1|1|0|0|0
RZ1|CHK|113|1|37|6|2|4|5|5|1|0|1|0
[You] Draw 2 Don
RZ1|114|1|Don|5|0|5|0|1|1|1|0|0
RZ1|CHK|114|1|37|6|2|4|5|5|1|0|1|0
RZ1|115|1|Don|5|1|5|1|1|1|1|0|0
RZ1|CHK|115|1|37|6|2|4|5|5|1|0|1|0
RZ1|116|1|Don|5|2|5|2|1|1|1|0|0
RZ1|CHK|116|1|37|6|2|4|5|5|1|0|1|0
RZ1|117|1|Don|5|3|5|3|1|1|1|0|0
RZ1|CHK|117|1|37|6|2|4|5|5|1|0|1|0
[You] Deploy Marco ["ST22-012">ST22-012]
RZ1|118|1|ST22-012|1|5|2|2|1|1|0|0|0
RZ1|CHK|118|1|37|5|3|4|5|5|1|0|1|0
[You] Ace & Newgate ["ST22-001">ST22-001] revealed: Kingdew ["OP08-044">OP08-044]
[] Drew card from deck: Little Oars Jr. ["ST22-013">ST22-013]
RZ1|119|1|ST22-013|0|36|1|5|1|1|0|0|0
RZ1|CHK|119|1|36|6|3|4|5|5|1|0|1|0
[You] Ace & Newgate ["ST22-001">ST22-001]: Draw 1 Card
[You] Sent a Card to Deck Top
RZ1|120|1|OP08-044|1|1|0|36|0|0|0|0|0
RZ1|CHK|120|1|37|5|3|4|5|5|1|0|1|0
[You] Ace & Newgate ["ST22-001">ST22-001] attacking Ace & Newgate ["ST22-001">ST22-001]
Ace & Newgate ["ST22-001">ST22-001][5000] vs Ace & Newgate ["ST22-001">ST22-001][5000]
Ace & Newgate ["ST22-001">ST22-001] hit for 1 damage
RZ1|121|2|ST22-015|3|3|1|6|1|1|0|0|0
RZ1|CHK|121|2|38|7|1|3|6|4|0|1|1|0
[] Hand: [OP12-058,ST22-016,ST22-003,OP08-047,ST22-013]
[] Board: [ST22-011,ST22-011,ST22-012]
[] Trash: [OP08-053]
[] Life: 4
[] Hand: [OP08-043,ST22-016,ST22-010,ST22-016,ST22-009,ST22-006,ST22-015]
[] Trash: []
[] Board: [OP08-044]
[] Life: 3
[You] End Turn
[] Hand: [OP08-043,ST22-016,ST22-010,ST22-016,ST22-009,ST22-006,ST22-015]
[] Board: [OP08-044]
[] Trash: []
[] Life: 3
[] Hand: [OP12-058,ST22-016,ST22-003,OP08-047,ST22-013]
[] Trash: [OP08-053]
[] Board: [ST22-011,ST22-011,ST22-012]
[] Life: 4
[Opponent] Draw 1 Card
[] Drew card from deck: Vista ["ST22-009">ST22-009]
RZ1|122|2|ST22-009|0|37|1|7|1|1|0|0|0
RZ1|CHK|122|2|37|8|1|3|6|4|0|1|1|0
RZ1|123|2|Don|4|5|5|4|1|1|0|0|0
RZ1|CHK|123|2|37|8|1|3|5|5|0|1|1|0
RZ1|124|2|Don|4|4|5|5|1|1|0|0|0
RZ1|CHK|124|2|37|8|1|3|4|6|0|1|1|0
[Opponent] Draw 2 Don
[Opponent] Ace & Newgate ["ST22-001">ST22-001] attacking Ace & Newgate ["ST22-001">ST22-001]
Ace & Newgate ["ST22-001">ST22-001][5000] vs Ace & Newgate ["ST22-001">ST22-001][5000]
Ace & Newgate ["ST22-001">ST22-001] hit for 1 damage
RZ1|125|1|ST22-011|3|3|1|5|1|1|0|0|0
RZ1|CHK|125|1|37|6|3|3|5|5|1|0|1|0
RZ1|126|2|Don|5|0|9|0|1|1|0|0|0
RZ1|CHK|126|2|37|8|1|3|4|5|0|1|1|1
[Opponent] Attach 1 Don to Kingdew ["OP08-044">OP08-044] (1 Total)
[Opponent] Kingdew ["OP08-044">OP08-044] attacking Ace & Newgate ["ST22-001">ST22-001]
[You] Discard Jozu ["OP08-047">OP08-047] for Counter 1000
RZ1|127|1|OP08-047|1|3|6|1|1|1|0|0|0
RZ1|CHK|127|1|37|5|3|3|5|5|2|0|1|0
Kingdew ["OP08-044">OP08-044][5000] vs Ace & Newgate ["ST22-001">ST22-001][6000]
Attack Fails
[Opponent] Ace & Newgate ["ST22-001">ST22-001] revealed: Jozu ["ST22-006">ST22-006]
[] Drew card from deck: Izou ["OP09-044">OP09-044]
RZ1|128|2|OP09-044|0|36|1|8|1|1|0|0|0
RZ1|CHK|128|2|36|9|1|3|4|5|0|1|1|1
[Opponent] Ace & Newgate ["ST22-001">ST22-001]: Draw 1 Card
[Opponent] Sent a Card to Deck Top
RZ1|129|2|ST22-006|1|5|0|36|0|0|0|0|0
RZ1|CHK|129|2|37|8|1|3|4|5|0|1|1|1
RZ1|130|2|Don|5|0|5|0|1|1|1|0|0
RZ1|CHK|130|2|37|8|1|3|4|5|0|1|1|1
RZ1|131|2|Don|5|1|5|1|1|1|1|0|0
RZ1|CHK|131|2|37|8|1|3|4|5|0|1|1|1
RZ1|132|2|Don|5|2|5|2|1|1|1|0|0
RZ1|CHK|132|2|37|8|1|3|4|5|0|1|1|1
[Opponent] Deploy Izou ["OP09-044">OP09-044]
RZ1|133|2|OP09-044|1|7|2|1|1|1|0|0|0
RZ1|CHK|133|2|37|7|2|3|4|5|0|1|1|1
RZ1|134|2|Don|5|3|5|3|1|1|1|0|0
RZ1|CHK|134|2|37|7|2|3|4|5|0|1|1|1
[Opponent] Deploy Vista ["ST22-009">ST22-009]
RZ1|135|2|ST22-009|1|4|2|2|1|1|0|0|0
RZ1|CHK|135|2|37|6|3|3|4|5|0|1|1|1
RZ1|136|2|Don|5|4|5|4|1|1|1|0|0
RZ1|CHK|136|2|37|6|3|3|4|5|0|1|1|1
[Opponent] Deploy Vista ["ST22-009">ST22-009]
RZ1|137|2|ST22-009|1|5|2|3|1|1|0|0|0
RZ1|CHK|137|2|37|5|4|3|4|5|0|1|1|1
[] Hand: [OP08-043,ST22-016,ST22-010,ST22-016,ST22-015]
[] Board: [OP08-044,OP09-044,ST22-009,ST22-009]
[] Trash: []
[] Life: 3
[] Hand: [OP12-058,ST22-016,ST22-003,ST22-013,ST22-011]
[] Trash: [OP08-053,OP08-047]
[] Board: [ST22-011,ST22-011,ST22-012]
[] Life: 3
[Opponent] End Turn
[] Hand: [OP12-058,ST22-016,ST22-003,ST22-013,ST22-011]
[] Board: [ST22-011,ST22-011,ST22-012]
[] Trash: [OP08-053,OP08-047]
[] Life: 3
[] Hand: [OP08-043,ST22-016,ST22-010,ST22-016,ST22-015]
[] Trash: []
[] Board: [OP08-044,OP09-044,ST22-009,ST22-009]
[] Life: 3
[You] Draw 1 Card
[] Drew card from deck: Kingdew ["OP08-044">OP08-044]
RZ1|138|1|OP08-044|0|36|1|5|1|1|0|0|0
RZ1|CHK|138|1|36|6|3|3|5|5|2|0|1|0
RZ1|139|1|Don|4|4|5|5|1|1|0|0|0
RZ1|CHK|139|1|36|6|3|3|4|6|2|0|1|0
RZ1|140|1|Don|4|3|5|6|1|1|0|0|0
RZ1|CHK|140|1|36|6|3|3|3|7|2|0|1|0
[You] Draw 2 Don
RZ1|141|1|Don|5|0|5|0|1|1|1|0|0
RZ1|CHK|141|1|36|6|3|3|3|7|2|0|1|0
RZ1|142|1|Don|5|1|5|1|1|1|1|0|0
RZ1|CHK|142|1|36|6|3|3|3|7|2|0|1|0
RZ1|143|1|Don|5|2|5|2|1|1|1|0|0
RZ1|CHK|143|1|36|6|3|3|3|7|2|0|1|0
RZ1|144|1|Don|5|3|5|3|1|1|1|0|0
RZ1|CHK|144|1|36|6|3|3|3|7|2|0|1|0
[You] Deploy Kingdew ["OP08-044">OP08-044]
RZ1|145|1|OP08-044|1|5|2|3|1|1|0|0|0
RZ1|CHK|145|1|36|5|4|3|3|7|2|0|1|0
[You] Ace & Newgate ["ST22-001">ST22-001] revealed: Little Oars Jr. ["ST22-013">ST22-013]
[] Drew card from deck: I Am Whitebeard! ["ST22-015">ST22-015]
RZ1|146|1|ST22-015|0|35|1|5|1|1|0|0|0
RZ1|CHK|146|1|35|6|4|3|3|7|2|0|1|0
[You] Ace & Newgate ["ST22-001">ST22-001]: Draw 1 Card
[You] Sent a Card to Deck Top
RZ1|147|1|ST22-013|1|3|0|35|0|0|0|0|0
RZ1|CHK|147|1|36|5|4|3|3|7|2|0|1|0
[You] Marco ["ST22-012">ST22-012] attacking Ace & Newgate ["ST22-001">ST22-001]
RZ1|148|1|ST22-013|0|35|0|35|0|0|0|0|0
RZ1|CHK|148|1|36|5|4|3|3|7|2|0|1|0
[You] Marco ["ST22-012">ST22-012] revealed: Little Oars Jr. ["ST22-013">ST22-013]
[You] Marco ["ST22-012">ST22-012]: Grant Marco ["ST22-012">ST22-012] 1000 until opponent's next turn end
[Opponent] Vista ["ST22-009">ST22-009] Blocks
Marco ["ST22-012">ST22-012][6000] vs Vista ["ST22-009">ST22-009][1000]
[Opponent] Vista ["ST22-009">ST22-009] Destroyed
RZ1|149|2|ST22-009|2|2|6|0|1|1|0|0|0
RZ1|CHK|149|2|37|5|3|3|4|5|1|1|1|1
[You] Ace & Newgate ["ST22-001">ST22-001] attacking Ace & Newgate ["ST22-001">ST22-001]
[Opponent] Discard Portgas D. Ace ["ST22-010">ST22-010] for Counter 2000
RZ1|150|2|ST22-010|1|2|6|1|1|1|0|0|0
RZ1|CHK|150|2|37|4|3|3|4|5|2|1|1|1
Ace & Newgate ["ST22-001">ST22-001][5000] vs Ace & Newgate ["ST22-001">ST22-001][7000]
Attack Fails
RZ1|151|1|Don|5|4|9|0|1|1|0|0|0
RZ1|CHK|151|1|36|5|4|3|3|6|2|0|1|1
RZ1|152|1|Don|5|4|9|1|1|1|0|0|0
RZ1|CHK|152|1|36|5|4|3|3|5|2|0|1|2
RZ1|153|1|Don|5|4|9|2|1|1|0|0|0
RZ1|CHK|153|1|36|5|4|3|3|4|2|0|1|3
[You] Attach 3 Don to Whitey Bay ["ST22-011">ST22-011] (3 Total)
[You] Whitey Bay ["ST22-011">ST22-011] attacking Kingdew ["OP08-044">OP08-044]
[Opponent] Vista ["ST22-009">ST22-009] Blocks
Whitey Bay ["ST22-011">ST22-011][4000] vs Vista ["ST22-009">ST22-009][1000]
[Opponent] Vista ["ST22-009">ST22-009] Destroyed
RZ1|154|2|ST22-009|2|2|6|2|1|1|0|0|0
RZ1|CHK|154|2|37|4|2|3|4|5|3|1|1|1
[You] Kingdew ["OP08-044">OP08-044] revealed: Whitey Bay ["ST22-011">ST22-011]
[You] Kingdew ["OP08-044">OP08-044] revealed: Take that back...!!! ["ST22-016">ST22-016]
[You] Kingdew ["OP08-044">OP08-044]: Buff Kingdew ["OP08-044">OP08-044] 2000
[] Hand: [OP12-058,ST22-016,ST22-003,ST22-011,ST22-015]
[] Board: [ST22-011,ST22-011,ST22-012,OP08-044]
[] Trash: [OP08-053,OP08-047]
[] Life: 3
[] Hand: [OP08-043,ST22-016,ST22-016,ST22-015]
[] Trash: [ST22-009,ST22-010,ST22-009]
[] Board: [OP08-044,OP09-044]
[] Life: 3
[You] End Turn
[] Hand: [OP08-043,ST22-016,ST22-016,ST22-015]
[] Board: [OP08-044,OP09-044]
[] Trash: [ST22-009,ST22-010,ST22-009]
[] Life: 3
[] Hand: [OP12-058,ST22-016,ST22-003,ST22-011,ST22-015]
[] Trash: [OP08-053,OP08-047]
[] Board: [ST22-011,ST22-011,ST22-012,OP08-044]
[] Life: 3
RZ1|155|2|Don|9|0|5|0|1|1|1|0|0
RZ1|CHK|155|2|37|4|2|3|4|6|3|1|1|0
[Opponent] Draw 1 Card
[] Drew card from deck: Jozu ["ST22-006">ST22-006]
RZ1|156|2|ST22-006|0|36|1|4|1|1|0|0|0
RZ1|CHK|156|2|36|5|2|3|4|6|3|1|1|0
RZ1|157|2|Don|4|3|5|6|1|1|0|0|0
RZ1|CHK|157|2|36|5|2|3|3|7|3|1|1|0
RZ1|158|2|Don|4|2|5|7|1|1|0|0|0
RZ1|CHK|158|2|36|5|2|3|2|8|3|1|1|0
[Opponent] Draw 2 Don
[Opponent] Ace & Newgate ["ST22-001">ST22-001] revealed: Take that back...!!! ["ST22-016">ST22-016]
[] Drew card from deck: Kouzuki Oden ["ST22-005">ST22-005]
RZ1|159|2|ST22-005|0|35|1|5|1|1|0|0|0
RZ1|CHK|159|2|35|6|2|3|2|8|3|1|1|0
[Opponent] Ace & Newgate ["ST22-001">ST22-001]: Draw 1 Card
[Opponent] Sent a Card to Deck Top
RZ1|160|2|ST22-016|1|1|0|35|0|0|0|0|0
RZ1|CHK|160|2|36|5|2|3|2|8|3|1|1|0
[Opponent] Ace & Newgate ["ST22-001">ST22-001] attacking Ace & Newgate ["ST22-001">ST22-001]
[You] Discard Whitey Bay ["ST22-011">ST22-011] for Counter 2000
RZ1|161|1|ST22-011|1|3|6|2|1|1|0|0|0
RZ1|CHK|161|1|36|4|4|3|3|4|3|0|1|3
Ace & Newgate ["ST22-001">ST22-001][5000] vs Ace & Newgate ["ST22-001">ST22-001][7000]
Attack Fails
RZ1|162|2|Don|5|0|9|100|1|1|0|0|0
RZ1|CHK|162|2|36|5|2|3|2|7|3|1|1|1
[Opponent] Attach 1 Don to Izou ["OP09-044">OP09-044] (1 Total)
[Opponent] Izou ["OP09-044">OP09-044] attacking Ace & Newgate ["ST22-001">ST22-001]
RZ1|163|2|OP08-047|0|31|1|5|1|1|0|0|0
RZ1|CHK|163|2|35|6|2|3|2|7|3|1|1|1
[Opponent] Izou ["OP09-044">OP09-044]: <b>Reveal and Draw Jozu ["OP08-047">OP08-047]</b>
[Opponent] Placing Cards on Bottom of Deck
RZ1|164|2|ST22-016|0|34|0|0|0|0|0|0|0
RZ1|CHK|164|2|35|6|2|3|2|7|3|1|1|1
RZ1|165|2|ST22-013|0|34|0|0|0|0|0|0|0
RZ1|CHK|165|2|35|6|2|3|2|7|3|1|1|1
RZ1|166|2|ST22-009|0|34|0|0|0|0|0|0|0
RZ1|CHK|166|2|35|6|2|3|2|7|3|1|1|1
RZ1|167|2|ST22-012|0|34|0|0|0|0|0|0|0
RZ1|CHK|167|2|35|6|2|3|2|7|3|1|1|1
RZ1|168|2|OP08-043|1|0|6|3|1|1|0|0|0
RZ1|CHK|168|2|35|5|2|3|2|7|4|1|1|1
[Opponent] Izou ["OP09-044">OP09-044]: Trash Edward Newgate ["OP08-043">OP08-043]
Izou ["OP09-044">OP09-044][5000] vs Ace & Newgate ["ST22-001">ST22-001][5000]
Ace & Newgate ["ST22-001">ST22-001] hit for 1 damage
RZ1|169|1|OP08-053|3|2|1|4|1|1|0|0|0
RZ1|CHK|169|1|36|5|4|2|3|4|3|0|1|3
RZ1|170|2|Don|5|0|5|0|1|1|1|0|0
RZ1|CHK|170|2|35|5|2|3|2|7|4|1|1|1
RZ1|171|2|Don|5|1|5|1|1|1|1|0|0
RZ1|CHK|171|2|35|5|2|3|2|7|4|1|1|1
RZ1|172|2|Don|5|2|5|2|1|1|1|0|0
RZ1|CHK|172|2|35|5|2|3|2|7|4|1|1|1
RZ1|173|2|Don|5|3|5|3|1|1|1|0|0
RZ1|CHK|173|2|35|5|2|3|2|7|4|1|1|1
RZ1|174|2|Don|5|4|5|4|1|1|1|0|0
RZ1|CHK|174|2|35|5|2|3|2|7|4|1|1|1
RZ1|175|2|Don|5|5|5|5|1|1|1|0|0
RZ1|CHK|175|2|35|5|2|3|2|7|4|1|1|1
[Opponent] Deploy Jozu ["OP08-047">OP08-047]
RZ1|176|2|OP08-047|1|4|2|2|1|1|0|0|0
RZ1|CHK|176|2|35|4|3|3|2|7|4|1|1|1
RZ1|177|2|Don|5|6|9|0|1|1|0|0|0
RZ1|CHK|177|2|35|4|3|3|2|6|4|1|1|2
[Opponent] Attach 1 Don to Kingdew ["OP08-044">OP08-044] (1 Total)
[Opponent] Kingdew ["OP08-044">OP08-044] attacking Ace & Newgate ["ST22-001">ST22-001]
Kingdew ["OP08-044">OP08-044][5000] vs Ace & Newgate ["ST22-001">ST22-001][5000]
Ace & Newgate ["ST22-001">ST22-001] hit for 1 damage
RZ1|178|1|ST22-010|3|1|1|5|1|1|0|0|0
RZ1|CHK|178|1|36|6|4|1|3|4|3|0|1|3
[] Hand: [ST22-016,ST22-015,ST22-006,ST22-005]
[] Board: [OP08-044,OP09-044,OP08-047]
[] Trash: [ST22-009,ST22-010,ST22-009,OP08-043]
[] Life: 3
[] Hand: [OP12-058,ST22-016,ST22-003,ST22-015,OP08-053,ST22-010]
[] Trash: [OP08-053,OP08-047,ST22-011]
[] Board: [ST22-011,ST22-011,ST22-012,OP08-044]
[] Life: 1
[Opponent] End Turn
[] Hand: [OP12-058,ST22-016,ST22-003,ST22-015,OP08-053,ST22-010]
[] Board: [ST22-011,ST22-011,ST22-012,OP08-044]
[] Trash: [OP08-053,OP08-047,ST22-011]
[] Life: 1
[] Hand: [ST22-016,ST22-015,ST22-006,ST22-005]
[] Trash: [ST22-009,ST22-010,ST22-009,OP08-043]
[] Board: [OP08-044,OP09-044,OP08-047]
[] Life: 3
RZ1|179|1|Don|9|0|5|0|1|1|1|0|0
RZ1|CHK|179|1|36|6|4|1|3|5|3|0|1|2
RZ1|180|1|Don|9|0|5|0|1|1|1|0|0
RZ1|CHK|180|1|36|6|4|1|3|6|3|0|1|1
RZ1|181|1|Don|9|0|5|0|1|1|1|0|0
RZ1|CHK|181|1|36|6|4|1|3|7|3|0|1|0
[You] Draw 1 Card
[] Drew card from deck: Little Oars Jr. ["ST22-013">ST22-013]
RZ1|182|1|ST22-013|0|35|1|6|1|1|0|0|0
RZ1|CHK|182|1|35|7|4|1|3|7|3|0|1|0
RZ1|183|1|Don|4|2|5|7|1|1|0|0|0
RZ1|CHK|183|1|35|7|4|1|2|8|3|0|1|0
RZ1|184|1|Don|4|1|5|8|1|1|0|0|0
RZ1|CHK|184|1|35|7|4|1|1|9|3|0|1|0
[You] Draw 2 Don
[You] I Am Whitebeard! ["ST22-015">ST22-015]: Rest 8 Don
RZ1|185|1|Don|5|0|5|0|1|1|1|0|0
RZ1|CHK|185|1|35|7|4|1|1|9|3|0|1|0
RZ1|186|1|Don|5|1|5|1|1|1|1|0|0
RZ1|CHK|186|1|35|7|4|1|1|9|3|0|1|0
RZ1|187|1|Don|5|2|5|2|1|1|1|0|0
RZ1|CHK|187|1|35|7|4|1|1|9|3|0|1|0
RZ1|188|1|Don|5|3|5|3|1|1|1|0|0
RZ1|CHK|188|1|35|7|4|1|1|9|3|0|1|0
RZ1|189|1|Don|5|4|5|4|1|1|1|0|0
RZ1|CHK|189|1|35|7|4|1|1|9|3|0|1|0
RZ1|190|1|Don|5|5|5|5|1|1|1|0|0
RZ1|CHK|190|1|35|7|4|1|1|9|3|0|1|0
RZ1|191|1|Don|5|6|5|6|1|1|1|0|0
RZ1|CHK|191|1|35|7|4|1|1|9|3|0|1|0
RZ1|192|1|Don|5|7|5|7|1|1|1|0|0
RZ1|CHK|192|1|35|7|4|1|1|9|3|0|1|0
RZ1|193|1|ST22-015|1|3|6|3|1|1|0|0|0
RZ1|CHK|193|1|35|6|4|1|1|9|4|0|1|0
RZ1|194|1|ST22-003|1|2|2|4|1|1|0|0|0
RZ1|CHK|194|1|35|5|5|1|1|9|4|0|1|0
[You] I Am Whitebeard! ["ST22-015">ST22-015]: Deploy Edward Newgate ["ST22-003">ST22-003]
[You] I Am Whitebeard! ["ST22-015">ST22-015]: Takes Bottom Life
RZ1|195|1|ST22-016|3|0|1|5|1|1|0|0|0
RZ1|CHK|195|1|35|6|5|0|1|9|4|0|1|0
[You] I Am Whitebeard! ["ST22-015">ST22-015]: Grant Ace & Newgate ["ST22-001">ST22-001] 2000 until opponent's next turn end
RZ1|196|1|ST22-005|0|34|0|34|0|0|0|0|0
RZ1|CHK|196|1|35|6|5|0|1|9|4|0|1|0
[You] Edward Newgate ["ST22-003">ST22-003] revealed: Kouzuki Oden ["ST22-005">ST22-005]
[] Drew card from deck: Kouzuki Oden ["ST22-005">ST22-005]
RZ1|197|1|ST22-005|0|34|1|6|1|1|0|0|0
RZ1|CHK|197|1|34|7|5|0|1|9|4|0|1|0
[] Drew card from deck: Moby Dick ["OP08-056">OP08-056]
RZ1|198|1|OP08-056|0|33|1|7|1|1|0|0|0
RZ1|CHK|198|1|33|8|5|0|1|9|4|0|1|0
[You] Edward Newgate ["ST22-003">ST22-003]: Draw 2 Card
[You] Ace & Newgate ["ST22-001">ST22-001] revealed: Moby Dick ["OP08-056">OP08-056]
[] Drew card from deck: Namule ["OP08-050">OP08-050]
RZ1|199|1|OP08-050|0|32|1|8|1|1|0|0|0
RZ1|CHK|199|1|32|9|5|0|1|9|4|0|1|0
[You] Ace & Newgate ["ST22-001">ST22-001]: Draw 1 Card
[You] Sent a Card to Deck Top
RZ1|200|1|OP08-056|1|7|0|32|0|0|0|0|0
RZ1|CHK|200|1|33|8|5|0|1|9|4|0|1|0
[You] Marco ["ST22-012">ST22-012] attacking Ace & Newgate ["ST22-001">ST22-001]
RZ1|201|1|OP08-056|0|32|0|32|0|0|0|0|0
RZ1|CHK|201|1|33|8|5|0|1|9|4|0|1|0
[You] Marco ["ST22-012">ST22-012] revealed: Moby Dick ["OP08-056">OP08-056]
[You] Marco ["ST22-012">ST22-012]: Grant Marco ["ST22-012">ST22-012] 1000 until opponent's next turn end
Marco ["ST22-012">ST22-012][6000] vs Ace & Newgate ["ST22-001">ST22-001][5000]
Ace & Newgate ["ST22-001">ST22-001] hit for 1 damage
RZ1|202|2|OP08-047|3|2|1|4|1|1|0|0|0
RZ1|CHK|202|2|35|5|3|2|2|6|4|1|1|2
[You] Ace & Newgate ["ST22-001">ST22-001] attacking Ace & Newgate ["ST22-001">ST22-001]
Ace & Newgate ["ST22-001">ST22-001][7000] vs Ace & Newgate ["ST22-001">ST22-001][5000]
Ace & Newgate ["ST22-001">ST22-001] hit for 1 damage
RZ1|203|2|OP08-053|3|1|1|5|1|1|0|0|0
RZ1|CHK|203|2|35|6|3|1|2|6|4|1|1|2
RZ1|204|1|Don|5|8|9|300|1|1|0|0|0
RZ1|CHK|204|1|33|8|5|0|1|8|4|0|1|1
[You] Attach 1 Don to Kingdew ["OP08-044">OP08-044] (1 Total)
[You] Kingdew ["OP08-044">OP08-044] attacking Ace & Newgate ["ST22-001">ST22-001]
[Opponent] Discard Jozu ["ST22-006">ST22-006] for Counter 1000
RZ1|205|2|ST22-006|1|2|6|4|1|1|0|0|0
RZ1|CHK|205|2|35|5|3|1|2|6|5|1|1|2
Kingdew ["OP08-044">OP08-044][5000] vs Ace & Newgate ["ST22-001">ST22-001][6000]
Attack Fails
[] Hand: [OP12-058,ST22-016,OP08-053,ST22-010,ST22-013,ST22-016,ST22-005,OP08-050]
[] Board: [ST22-011,ST22-011,ST22-012,OP08-044,ST22-003]
[] Trash: [OP08-053,OP08-047,ST22-011,ST22-015]
[] Life: 0
[] Hand: [ST22-016,ST22-015,ST22-005,OP08-047,OP08-053]
[] Trash: [ST22-009,ST22-010,ST22-009,OP08-043,ST22-006]
[] Board: [OP08-044,OP09-044,OP08-047]
[] Life: 1
[You] End Turn
[] Hand: [ST22-016,ST22-015,ST22-005,OP08-047,OP08-053]
[] Board: [OP08-044,OP09-044,OP08-047]
[] Trash: [ST22-009,ST22-010,ST22-009,OP08-043,ST22-006]
[] Life: 1
[] Hand: [OP12-058,ST22-016,OP08-053,ST22-010,ST22-013,ST22-016,ST22-005,OP08-050]
[] Trash: [OP08-053,OP08-047,ST22-011,ST22-015]
[] Board: [ST22-011,ST22-011,ST22-012,OP08-044,ST22-003]
[] Life: 0
RZ1|206|2|Don|9|0|5|0|1|1|1|0|0
RZ1|CHK|206|2|35|5|3|1|2|7|5|1|1|1
RZ1|207|2|Don|9|100|5|0|1|1|1|0|0
RZ1|CHK|207|2|35|5|3|1|2|8|5|1|1|0
[Opponent] Draw 1 Card
[] Drew card from deck: Whitey Bay ["ST22-011">ST22-011]
RZ1|208|2|ST22-011|0|34|1|5|1|1|0|0|0
RZ1|CHK|208|2|34|6|3|1|2|8|5|1|1|0
RZ1|209|2|Don|4|1|5|8|1|1|0|0|0
RZ1|CHK|209|2|34|6|3|1|1|9|5|1|1|0
RZ1|210|2|Don|4|0|5|9|1|1|0|0|0
RZ1|CHK|210|2|34|6|3|1|0|10|5|1|1|0
[Opponent] Draw 2 Don
RZ1|211|2|Don|5|0|9|200|1|1|0|0|0
RZ1|CHK|211|2|34|6|3|1|0|9|5|1|1|1
[Opponent] Attach 1 Don to Jozu ["OP08-047">OP08-047] (1 Total)
[Opponent] Jozu ["OP08-047">OP08-047] attacking Ace & Newgate ["ST22-001">ST22-001]
[You] Discard Little Oars Jr. ["ST22-013">ST22-013] for Counter 1000
RZ1|212|1|ST22-013|1|4|6|4|1|1|0|0|0
RZ1|CHK|212|1|33|7|5|0|1|8|5|0|1|1
[You] Discard Namule ["OP08-050">OP08-050] for Counter 1000
RZ1|213|1|OP08-050|1|6|6|5|1|1|0|0|0
RZ1|CHK|213|1|33|6|5|0|1|8|6|0|1|1
Jozu ["OP08-047">OP08-047][8000] vs Ace & Newgate ["ST22-001">ST22-001][9000]
Attack Fails
RZ1|214|2|Don|5|0|9|0|1|1|0|0|0
RZ1|CHK|214|2|34|6|3|1|0|8|5|1|1|2
RZ1|215|2|Don|5|0|9|1|1|1|0|0|0
RZ1|CHK|215|2|34|6|3|1|0|7|5|1|1|3
RZ1|216|2|Don|5|0|9|2|1|1|0|0|0
RZ1|CHK|216|2|34|6|3|1|0|6|5|1|1|4
[Opponent] Attach 3 Don to Kingdew ["OP08-044">OP08-044] (3 Total)
[Opponent] Kingdew ["OP08-044">OP08-044] attacking Ace & Newgate ["ST22-001">ST22-001]
[You] Discard Portgas D. Ace ["ST22-010">ST22-010] for Counter 2000
RZ1|217|1|ST22-010|1|3|6|6|1|1|0|0|0
RZ1|CHK|217|1|33|5|5|0|1|8|7|0|1|1
Kingdew ["OP08-044">OP08-044][7000] vs Ace & Newgate ["ST22-001">ST22-001][9000]
Attack Fails
RZ1|218|2|Don|5|0|9|100|1|1|0|0|0
RZ1|CHK|218|2|34|6|3|1|0|5|5|1|1|5
RZ1|219|2|Don|5|0|9|101|1|1|0|0|0
RZ1|CHK|219|2|34|6|3|1|0|4|5|1|1|6
RZ1|220|2|Don|5|0|9|102|1|1|0|0|0
RZ1|CHK|220|2|34|6|3|1|0|3|5|1|1|7
[Opponent] Attach 3 Don to Izou ["OP09-044">OP09-044] (3 Total)
[Opponent] Izou ["OP09-044">OP09-044] attacking Ace & Newgate ["ST22-001">ST22-001]
RZ1|221|2|OP08-047|0|31|1|6|1|1|0|0|0
RZ1|CHK|221|2|33|7|3|1|0|3|5|1|1|7
[Opponent] Izou ["OP09-044">OP09-044]: <b>Reveal and Draw Jozu ["OP08-047">OP08-047]</b>
[Opponent] Placing Cards on Bottom of Deck
RZ1|222|2|ST22-012|0|32|0|0|0|0|0|0|0
RZ1|CHK|222|2|33|7|3|1|0|3|5|1|1|7
RZ1|223|2|OP09-044|0|32|0|0|0|0|0|0|0
RZ1|CHK|223|2|33|7|3|1|0|3|5|1|1|7
RZ1|224|2|OP08-056|0|32|0|0|0|0|0|0|0
RZ1|CHK|224|2|33|7|3|1|0|3|5|1|1|7
RZ1|225|2|OP09-044|0|32|0|0|0|0|0|0|0
RZ1|CHK|225|2|33|7|3|1|0|3|5|1|1|7
RZ1|226|2|ST22-005|1|2|6|5|1|1|0|0|0
RZ1|CHK|226|2|33|6|3|1|0|3|6|1|1|7
[Opponent] Izou ["OP09-044">OP09-044]: Trash Kouzuki Oden ["ST22-005">ST22-005]
Izou ["OP09-044">OP09-044][7000] vs Ace & Newgate ["ST22-001">ST22-001][7000]
Ace & Newgate ["ST22-001">ST22-001] hit for 1 damage
[You] <b>Downloaded the Combat Log!</b>
GameOver