Version is 1.43a.1
[You] Leader is Boa Hancock ["OP14-041">OP14-041]
[Opponent] Leader is Jewelry Bonney ["OP07-019">OP07-019]
RZ1|9|2|ST02-007|0|30|0|0|0|0|0|0|0
RZ1|CHK|9|2|40|0|0|0|10|0|0|0|1|0
RZ1|10|2|OP07-021|0|19|0|1|0|0|0|0|0
RZ1|CHK|10|2|40|0|0|0|10|0|0|0|1|0
RZ1|11|2|OP07-021|0|20|0|2|0|0|0|0|0
RZ1|CHK|11|2|40|0|0|0|10|0|0|0|1|0
RZ1|12|2|OP06-035|0|20|0|3|0|0|0|0|0
RZ1|CHK|12|2|40|0|0|0|10|0|0|0|1|0
RZ1|13|2|ST16-004|0|35|0|4|0|0|0|0|0
RZ1|CHK|13|2|40|0|0|0|10|0|0|0|1|0
RZ1|14|2|OP04-031|0|12|0|6|0|0|0|0|0
RZ1|CHK|14|2|40|0|0|0|10|0|0|0|1|0
RZ1|15|2|OP04-119|0|13|0|7|0|0|0|0|0
RZ1|CHK|15|2|40|0|0|0|10|0|0|0|1|0
RZ1|16|2|OP07-029|0|28|0|8|0|0|0|0|0
RZ1|CHK|16|2|40|0|0|0|10|0|0|0|1|0
RZ1|17|2|OP01-058|0|36|0|10|0|0|0|0|0
RZ1|CHK|17|2|40|0|0|0|10|0|0|0|1|0
RZ1|18|2|OP07-026|0|28|0|11|0|0|0|0|0
RZ1|CHK|18|2|40|0|0|0|10|0|0|0|1|0
RZ1|19|2|OP05-030|0|18|0|12|0|0|0|0|0
RZ1|CHK|19|2|40|0|0|0|10|0|0|0|1|0
RZ1|20|2|ST02-007|0|31|0|13|0|0|0|0|0
RZ1|CHK|20|2|40|0|0|0|10|0|0|0|1|0
RZ1|21|2|OP05-030|0|20|0|14|0|0|0|0|0
RZ1|CHK|21|2|40|0|0|0|10|0|0|0|1|0
RZ1|22|2|OP05-037|0|39|0|15|0|0|0|0|0
RZ1|CHK|22|2|40|0|0|0|10|0|0|0|1|0
RZ1|23|2|EB01-015|0|18|0|16|0|0|0|0|0
RZ1|CHK|23|2|40|0|0|0|10|0|0|0|1|0
RZ1|24|2|OP05-030|0|21|0|17|0|0|0|0|0
RZ1|CHK|24|2|40|0|0|0|10|0|0|0|1|0
RZ1|25|2|ST02-013|0|35|0|18|0|0|0|0|0
RZ1|CHK|25|2|40|0|0|0|10|0|0|0|1|0
RZ1|26|2|OP05-030|0|23|0|19|0|0|0|0|0
RZ1|CHK|26|2|40|0|0|0|10|0|0|0|1|0
RZ1|27|2|OP01-051|0|23|0|20|0|0|0|0|0
RZ1|CHK|27|2|40|0|0|0|10|0|0|0|1|0
RZ1|28|2|OP07-021|0|29|0|21|0|0|0|0|0
RZ1|CHK|28|2|40|0|0|0|10|0|0|0|1|0
RZ1|29|2|OP05-034|0|25|0|22|0|0|0|0|0
RZ1|CHK|29|2|40|0|0|0|10|0|0|0|1|0
RZ1|30|2|OP07-021|0|29|0|23|0|0|0|0|0
RZ1|CHK|30|2|40|0|0|0|10|0|0|0|1|0
RZ1|31|2|OP07-029|0|32|0|24|0|0|0|0|0
RZ1|CHK|31|2|40|0|0|0|10|0|0|0|1|0
RZ1|32|2|EB01-015|0|27|0|25|0|0|0|0|0
RZ1|CHK|32|2|40|0|0|0|10|0|0|0|1|0
RZ1|33|2|ST02-007|0|35|0|26|0|0|0|0|0
RZ1|CHK|33|2|40|0|0|0|10|0|0|0|1|0
RZ1|34|2|OP05-034|0|29|0|27|0|0|0|0|0
RZ1|CHK|34|2|40|0|0|0|10|0|0|0|1|0
RZ1|35|2|OP07-026|0|33|0|28|0|0|0|0|0
RZ1|CHK|35|2|40|0|0|0|10|0|0|0|1|0
RZ1|36|2|ST02-013|0|36|0|29|0|0|0|0|0
RZ1|CHK|36|2|40|0|0|0|10|0|0|0|1|0
RZ1|37|2|ST16-004|0|37|0|30|0|0|0|0|0
RZ1|CHK|37|2|40|0|0|0|10|0|0|0|1|0
RZ1|38|2|OP05-037|0|39|0|31|0|0|0|0|0
RZ1|CHK|38|2|40|0|0|0|10|0|0|0|1|0
RZ1|39|2|OP06-035|0|35|0|33|0|0|0|0|0
RZ1|CHK|39|2|40|0|0|0|10|0|0|0|1|0
RZ1|40|2|OP06-035|0|35|0|34|0|0|0|0|0
RZ1|CHK|40|2|40|0|0|0|10|0|0|0|1|0
RZ1|41|2|OP07-029|0|37|0|35|0|0|0|0|0
RZ1|CHK|41|2|40|0|0|0|10|0|0|0|1|0
RZ1|42|2|OP07-026|0|37|0|36|0|0|0|0|0
RZ1|CHK|42|2|40|0|0|0|10|0|0|0|1|0
RZ1|43|2|ST02-007|0|38|0|37|0|0|0|0|0
RZ1|CHK|43|2|40|0|0|0|10|0|0|0|1|0
[] Drew card from deck: Gorgon Sisters ["OP14-105">OP14-105]
RZ1|44|1|OP14-105|0|49|1|0|1|1|0|0|0
RZ1|CHK|44|1|49|1|0|0|10|0|0|0|1|0
[] Drew card from deck: Kouzuki Hiyori ["OP06-106">OP06-106]
RZ1|45|1|OP06-106|0|48|1|1|1|1|0|0|0
RZ1|CHK|45|1|48|2|0|0|10|0|0|0|1|0
[] Drew card from deck: You're the one who should disappear! ["OP06-115">OP06-115]
RZ1|46|1|OP06-115|0|47|1|2|1|1|0|0|0
RZ1|CHK|46|1|47|3|0|0|10|0|0|0|1|0
[] Drew card from deck: Boa Marigold ["OP16-113">OP16-113]
RZ1|47|1|OP16-113|0|46|1|3|1|1|0|0|0
RZ1|CHK|47|1|46|4|0|0|10|0|0|0|1|0
[] Drew card from deck: Boa Hancock ["OP14-112">OP14-112]
RZ1|48|1|OP14-112|0|45|1|4|1|1|0|0|0
RZ1|CHK|48|1|45|5|0|0|10|0|0|0|1|0
[] Drew card from deck: Punk Gibson ["OP01-058">OP01-058]
RZ1|49|2|OP01-058|0|39|1|0|1|1|0|0|0
RZ1|CHK|49|2|39|1|0|0|10|0|0|0|1|0
[] Drew card from deck: Scratchmen Apoo ["EB01-015">EB01-015]
RZ1|50|2|EB01-015|0|38|1|1|1|1|0|0|0
RZ1|CHK|50|2|38|2|0|0|10|0|0|0|1|0
[] Drew card from deck: Jewelry Bonney ["ST02-007">ST02-007]
RZ1|51|2|ST02-007|0|37|1|2|1|1|0|0|0
RZ1|CHK|51|2|37|3|0|0|10|0|0|0|1|0
[] Drew card from deck: Jewelry Bonney ["OP07-026">OP07-026]
RZ1|52|2|OP07-026|0|36|1|3|1|1|0|0|0
RZ1|CHK|52|2|36|4|0|0|10|0|0|0|1|0
[] Drew card from deck: Basil Hawkins ["OP07-029">OP07-029]
RZ1|53|2|OP07-029|0|35|1|4|1|1|0|0|0
RZ1|CHK|53|2|35|5|0|0|10|0|0|0|1|0
RZ1|54|1|OP15-113|0|44|3|0|1|0|0|0|0
RZ1|CHK|54|1|44|5|0|1|10|0|0|0|1|0
RZ1|55|1|OP14-104|0|43|3|1|1|0|0|0|0
RZ1|CHK|55|1|43|5|0|2|10|0|0|0|1|0
RZ1|56|1|OP16-113|0|42|3|2|1|0|0|0|0
RZ1|CHK|56|1|42|5|0|3|10|0|0|0|1|0
RZ1|57|1|OP14-114|0|41|3|3|1|0|0|0|0
RZ1|CHK|57|1|41|5|0|4|10|0|0|0|1|0
RZ1|58|2|OP06-035|0|34|3|0|0|1|0|0|0
RZ1|CHK|58|2|34|5|0|1|10|0|0|0|1|0
RZ1|59|2|OP06-035|0|33|3|1|0|1|0|0|0
RZ1|CHK|59|2|33|5|0|2|10|0|0|0|1|0
RZ1|60|2|EB01-015|0|32|3|2|0|1|0|0|0
RZ1|CHK|60|2|32|5|0|3|10|0|0|0|1|0
RZ1|61|2|OP05-037|0|31|3|3|0|1|0|0|0
RZ1|CHK|61|2|31|5|0|4|10|0|0|0|1|0
RZ1|62|2|ST16-004|0|30|3|4|0|1|0|0|0
RZ1|CHK|62|2|30|5|0|5|10|0|0|0|1|0
[] Hand: [OP14-105,OP06-106,OP06-115,OP16-113,OP14-112]
[] Board: []
[] Trash: []
[] Life: 4
[] Hand: [OP01-058,EB01-015,ST02-007,OP07-026,OP07-029]
[] Trash: []
[] Board: []
[] Life: 5
RZ1|63|1|Don|4|9|5|0|1|1|0|0|0
RZ1|CHK|63|1|41|5|0|4|9|1|0|0|1|0
[You] Draw 1 Don
RZ1|64|1|Don|5|0|9|9900|1|1|0|0|0
RZ1|CHK|64|1|41|5|0|4|9|0|0|0|1|1
[You] Attach 1 Don to Boa Hancock ["OP14-041">OP14-041] (1 Total)
[] Hand: [OP14-105,OP06-106,OP06-115,OP16-113,OP14-112]
[] Board: []
[] Trash: []
[] Life: 4
[] Hand: [OP01-058,EB01-015,ST02-007,OP07-026,OP07-029]
[] Trash: []
[] Board: []
[] Life: 5
[You] End Turn
[] Hand: [OP01-058,EB01-015,ST02-007,OP07-026,OP07-029]
[] Board: []
[] Trash: []
[] Life: 5
[] Hand: [OP14-105,OP06-106,OP06-115,OP16-113,OP14-112]
[] Trash: []
[] Board: []
[] Life: 4
[Opponent] Draw 1 Card
[] Drew card from deck: Eustass "Captain" Kid ["ST02-013">ST02-013]
RZ1|65|2|ST02-013|0|29|1|5|1|1|0|0|0
RZ1|CHK|65|2|29|6|0|5|10|0|0|0|1|0
RZ1|66|2|Don|4|9|5|0|1|1|0|0|0
RZ1|CHK|66|2|29|6|0|5|9|1|0|0|1|0
RZ1|67|2|Don|4|8|5|1|1|1|0|0|0
RZ1|CHK|67|2|29|6|0|5|8|2|0|0|1|0
[Opponent] Draw 2 Don
RZ1|68|2|Don|5|0|5|0|1|1|1|0|0
RZ1|CHK|68|2|29|6|0|5|8|2|0|0|1|0
[Opponent] Deploy Jewelry Bonney ["ST02-007">ST02-007]
RZ1|69|2|ST02-007|1|2|2|0|1|1|0|0|0
RZ1|CHK|69|2|29|5|1|5|8|2|0|0|1|0
[Opponent] Jewelry Bonney ["ST02-007">ST02-007]: Rest 1 Don
RZ1|70|2|Don|5|1|5|1|1|1|1|0|0
RZ1|CHK|70|2|29|5|1|5|8|2|0|0|1|0
[Opponent] Jewelry Bonney ["ST02-007">ST02-007]: Rest Jewelry Bonney ["ST02-007">ST02-007]
RZ1|71|2|ST02-007|0|26|1|5|1|1|0|0|0
RZ1|CHK|71|2|28|6|1|5|8|2|0|0|1|0
[Opponent] Jewelry Bonney ["ST02-007">ST02-007]: <b>Reveal and Draw Jewelry Bonney ["ST02-007">ST02-007]</b>
[Opponent] Placing Cards on Bottom of Deck
RZ1|72|2|OP07-026|0|27|0|0|0|0|0|0|0
RZ1|CHK|72|2|28|6|1|5|8|2|0|0|1|0
RZ1|73|2|OP05-034|0|27|0|0|0|0|0|0|0
RZ1|CHK|73|2|28|6|1|5|8|2|0|0|1|0
RZ1|74|2|EB01-015|0|27|0|0|0|0|0|0|0
RZ1|CHK|74|2|28|6|1|5|8|2|0|0|1|0
RZ1|75|2|OP07-029|0|27|0|0|0|0|0|0|0
RZ1|CHK|75|2|28|6|1|5|8|2|0|0|1|0
[] Hand: [OP01-058,EB01-015,OP07-026,OP07-029,ST02-013,ST02-007]
[] Board: [ST02-007]
[] Trash: []
[] Life: 5
[] Hand: [OP14-105,OP06-106,OP06-115,OP16-113,OP14-112]
[] Trash: []
[] Board: []
[] Life: 4
[Opponent] End Turn
[] Hand: [OP14-105,OP06-106,OP06-115,OP16-113,OP14-112]
[] Board: []
[] Trash: []
[] Life: 4
[] Hand: [OP01-058,EB01-015,OP07-026,OP07-029,ST02-013,ST02-007]
[] Trash: []
[] Board: [ST02-007]
[] Life: 5
RZ1|76|1|Don|9|9900|5|0|1|1|1|0|0
RZ1|CHK|76|1|41|5|0|4|9|1|0|0|1|0
[You] Draw 1 Card
[] Drew card from deck: Marshall D. Teach ["OP16-119">OP16-119]
RZ1|77|1|OP16-119|0|40|1|5|1|1|0|0|0
RZ1|CHK|77|1|40|6|0|4|9|1|0|0|1|0
RZ1|78|1|Don|4|8|5|1|1|1|0|0|0
RZ1|CHK|78|1|40|6|0|4|8|2|0|0|1|0
RZ1|79|1|Don|4|7|5|2|1|1|0|0|0
RZ1|CHK|79|1|40|6|0|4|7|3|0|0|1|0
[You] Draw 2 Don
[You] Boa Hancock ["OP14-041">OP14-041] attacking Jewelry Bonney ["OP07-019">OP07-019]
[Opponent] Discard Jewelry Bonney ["OP07-026">OP07-026] for Counter 1000
RZ1|80|2|OP07-026|1|2|6|0|1|1|0|0|0
RZ1|CHK|80|2|28|5|1|5|8|2|1|0|1|0
Boa Hancock ["OP14-041">OP14-041][5000] vs Jewelry Bonney ["OP07-019">OP07-019][6000]
Attack Fails
RZ1|81|1|Don|5|0|9|9900|1|1|0|0|0
RZ1|CHK|81|1|40|6|0|4|7|2|0|0|1|1
[You] Attach 1 Don to Boa Hancock ["OP14-041">OP14-041] (1 Total)
RZ1|82|1|Don|5|0|5|0|1|1|1|0|0
RZ1|CHK|82|1|40|6|0|4|7|2|0|0|1|1
RZ1|83|1|Don|5|1|5|1|1|1|1|0|0
RZ1|CHK|83|1|40|6|0|4|7|2|0|0|1|1
[You] Deploy Kouzuki Hiyori ["OP06-106">OP06-106]
RZ1|84|1|OP06-106|1|1|2|0|1|1|0|0|0
RZ1|CHK|84|1|40|5|1|4|7|2|0|0|1|1
[You] Kouzuki Hiyori ["OP06-106">OP06-106]: Takes Bottom Life
RZ1|85|1|OP15-113|3|0|1|5|1|1|0|0|0
RZ1|CHK|85|1|40|6|1|3|7|2|0|0|1|1
[You] Kouzuki Hiyori ["OP06-106">OP06-106]: Added card to top of Life from Hand
RZ1|86|1|OP15-113|1|5|3|3|1|0|0|0|0
RZ1|CHK|86|1|40|5|1|4|7|2|0|0|1|1
[] Hand: [OP14-105,OP06-115,OP16-113,OP14-112,OP16-119]
[] Board: [OP06-106]
[] Trash: []
[] Life: 4
[] Hand: [OP01-058,EB01-015,OP07-029,ST02-013,ST02-007]
[] Trash: [OP07-026]
[] Board: [ST02-007]
[] Life: 5
[You] End Turn
[] Hand: [OP01-058,EB01-015,OP07-029,ST02-013,ST02-007]
[] Board: [ST02-007]
[] Trash: [OP07-026]
[] Life: 5
[] Hand: [OP14-105,OP06-115,OP16-113,OP14-112,OP16-119]
[] Trash: []
[] Board: [OP06-106]
[] Life: 4
[Opponent] Draw 1 Card
[] Drew card from deck: Uroge ["OP07-021">OP07-021]
RZ1|87|2|OP07-021|0|27|1|5|1|1|0|0|0
RZ1|CHK|87|2|27|6|1|5|8|2|1|0|1|0
RZ1|88|2|Don|4|7|5|2|1|1|0|0|0
RZ1|CHK|88|2|27|6|1|5|7|3|1|0|1|0
RZ1|89|2|Don|4|6|5|3|1|1|0|0|0
RZ1|CHK|89|2|27|6|1|5|6|4|1|0|1|0
[Opponent] Draw 2 Don
[Opponent] Jewelry Bonney ["ST02-007">ST02-007]: Rest 1 Don
RZ1|90|2|Don|5|0|5|0|1|1|1|0|0
RZ1|CHK|90|2|27|6|1|5|6|4|1|0|1|0
[Opponent] Jewelry Bonney ["ST02-007">ST02-007]: Rest Jewelry Bonney ["ST02-007">ST02-007]
RZ1|91|2|OP07-021|0|25|1|6|1|1|0|0|0
RZ1|CHK|91|2|26|7|1|5|6|4|1|0|1|0
[Opponent] Jewelry Bonney ["ST02-007">ST02-007]: <b>Reveal and Draw Uroge ["OP07-021">OP07-021]</b>
[Opponent] Placing Cards on Bottom of Deck
RZ1|92|2|OP05-034|0|25|0|0|0|0|0|0|0
RZ1|CHK|92|2|26|7|1|5|6|4|1|0|1|0
RZ1|93|2|OP01-051|0|25|0|0|0|0|0|0|0
RZ1|CHK|93|2|26|7|1|5|6|4|1|0|1|0
RZ1|94|2|OP05-030|0|25|0|0|0|0|0|0|0
RZ1|CHK|94|2|26|7|1|5|6|4|1|0|1|0
RZ1|95|2|ST02-013|0|25|0|0|0|0|0|0|0
RZ1|CHK|95|2|26|7|1|5|6|4|1|0|1|0
RZ1|96|2|Don|5|1|5|1|1|1|1|0|0
RZ1|CHK|96|2|26|7|1|5|6|4|1|0|1|0
[Opponent] Deploy Scratchmen Apoo ["EB01-015">EB01-015]
RZ1|97|2|EB01-015|1|1|2|1|1|1|0|0|0
RZ1|CHK|97|2|26|6|2|5|6|4|1|0|1|0
[Opponent] Scratchmen Apoo ["EB01-015">EB01-015]: Rest Kouzuki Hiyori ["OP06-106">OP06-106]
[Opponent] Jewelry Bonney ["OP07-019">OP07-019] attacking Boa Hancock ["OP14-041">OP14-041]
[You] You're the one who should disappear! ["OP06-115">OP06-115]: Activate Counter
RZ1|98|1|OP06-115|1|1|6|0|1|1|0|0|0
RZ1|CHK|98|1|40|4|1|4|7|2|1|0|1|1
RZ1|99|1|OP16-113|1|1|6|1|1|1|0|0|0
RZ1|CHK|99|1|40|3|1|4|7|2|2|0|1|1
[You] You're the one who should disappear! ["OP06-115">OP06-115]: Trash Boa Marigold ["OP16-113">OP16-113]
[You] You're the one who should disappear! ["OP06-115">OP06-115]: Buff Boa Hancock ["OP14-041">OP14-041] 3000 for the Combat
Jewelry Bonney ["OP07-019">OP07-019][5000] vs Boa Hancock ["OP14-041">OP14-041][8000]
Attack Fails
RZ1|100|2|Don|5|2|5|2|1|1|1|0|0
RZ1|CHK|100|2|26|6|2|5|6|4|1|0|1|0
[Opponent] Deploy Jewelry Bonney ["ST02-007">ST02-007]
RZ1|101|2|ST02-007|1|3|2|2|1|1|0|0|0
RZ1|CHK|101|2|26|5|3|5|6|4|1|0|1|0
[Opponent] Jewelry Bonney ["ST02-007">ST02-007]: Rest 1 Don
RZ1|102|2|Don|5|3|5|3|1|1|1|0|0
RZ1|CHK|102|2|26|5|3|5|6|4|1|0|1|0
[Opponent] Jewelry Bonney ["ST02-007">ST02-007]: Rest Jewelry Bonney ["ST02-007">ST02-007]
RZ1|103|2|EB01-015|0|24|1|5|1|1|0|0|0
RZ1|CHK|103|2|25|6|3|5|6|4|1|0|1|0
[Opponent] Jewelry Bonney ["ST02-007">ST02-007]: <b>Reveal and Draw Scratchmen Apoo ["EB01-015">EB01-015]</b>
[Opponent] Placing Cards on Bottom of Deck
RZ1|104|2|OP05-030|0|24|0|0|0|0|0|0|0
RZ1|CHK|104|2|25|6|3|5|6|4|1|0|1|0
RZ1|105|2|OP05-037|0|24|0|0|0|0|0|0|0
RZ1|CHK|105|2|25|6|3|5|6|4|1|0|1|0
RZ1|106|2|OP05-030|0|24|0|0|0|0|0|0|0
RZ1|CHK|106|2|25|6|3|5|6|4|1|0|1|0
RZ1|107|2|ST02-007|0|24|0|0|0|0|0|0|0
RZ1|CHK|107|2|25|6|3|5|6|4|1|0|1|0
[] Hand: [OP01-058,OP07-029,ST02-013,OP07-021,OP07-021,EB01-015]
[] Board: [ST02-007,EB01-015,ST02-007]
[] Trash: [OP07-026]
[] Life: 5
[] Hand: [OP14-105,OP14-112,OP16-119]
[] Trash: [OP06-115,OP16-113]
[] Board: [OP06-106]
[] Life: 4
[Opponent] End Turn
[] Hand: [OP14-105,OP14-112,OP16-119]
[] Board: [OP06-106]
[] Trash: [OP06-115,OP16-113]
[] Life: 4
[] Hand: [OP01-058,OP07-029,ST02-013,OP07-021,OP07-021,EB01-015]
[] Trash: [OP07-026]
[] Board: [ST02-007,EB01-015,ST02-007]
[] Life: 5
RZ1|108|1|Don|9|9900|5|0|1|1|1|0|0
RZ1|CHK|108|1|40|3|1|4|7|3|2|0|1|0
[You] Draw 1 Card
[] Drew card from deck: You're the one who should disappear! ["OP06-115">OP06-115]
RZ1|109|1|OP06-115|0|39|1|3|1|1|0|0|0
RZ1|CHK|109|1|39|4|1|4|7|3|2|0|1|0
RZ1|110|1|Don|4|6|5|3|1|1|0|0|0
RZ1|CHK|110|1|39|4|1|4|6|4|2|0|1|0
RZ1|111|1|Don|4|5|5|4|1|1|0|0|0
RZ1|CHK|111|1|39|4|1|4|5|5|2|0|1|0
[You] Draw 2 Don
[You] Boa Hancock ["OP14-041">OP14-041] attacking Jewelry Bonney ["OP07-019">OP07-019]
Boa Hancock ["OP14-041">OP14-041][5000] vs Jewelry Bonney ["OP07-019">OP07-019][5000]
Jewelry Bonney ["OP07-019">OP07-019] hit for 1 damage
RZ1|112|2|ST16-004|3|4|1|6|1|1|0|0|0
RZ1|CHK|112|2|25|7|3|4|6|4|1|0|1|0
RZ1|113|1|Don|5|0|9|0|1|1|0|0|0
RZ1|CHK|113|1|39|4|1|4|5|4|2|0|1|1
RZ1|114|1|Don|5|0|9|1|1|1|0|0|0
RZ1|CHK|114|1|39|4|1|4|5|3|2|0|1|2
RZ1|115|1|Don|5|0|9|2|1|1|0|0|0
RZ1|CHK|115|1|39|4|1|4|5|2|2|0|1|3
RZ1|116|1|Don|5|0|9|3|1|1|0|0|0
RZ1|CHK|116|1|39|4|1|4|5|1|2|0|1|4
RZ1|117|1|Don|5|0|9|4|1|1|0|0|0
RZ1|CHK|117|1|39|4|1|4|5|0|2|0|1|5
[You] Attach 5 Don to Kouzuki Hiyori ["OP06-106">OP06-106] (5 Total)
[You] Kouzuki Hiyori ["OP06-106">OP06-106] attacking Jewelry Bonney ["OP07-019">OP07-019]
[Opponent] Discard Uroge ["OP07-021">OP07-021] for Counter 1000
RZ1|118|2|OP07-021|1|3|6|1|1|1|0|0|0
RZ1|CHK|118|2|25|6|3|4|6|4|2|0|1|0
Kouzuki Hiyori ["OP06-106">OP06-106][5000] vs Jewelry Bonney ["OP07-019">OP07-019][6000]
Attack Fails
[] Hand: [OP14-105,OP14-112,OP16-119,OP06-115]
[] Board: [OP06-106]
[] Trash: [OP06-115,OP16-113]
[] Life: 4
[] Hand: [OP01-058,OP07-029,ST02-013,OP07-021,EB01-015,ST16-004]
[] Trash: [OP07-026,OP07-021]
[] Board: [ST02-007,EB01-015,ST02-007]
[] Life: 4
[You] End Turn
[] Hand: [OP01-058,OP07-029,ST02-013,OP07-021,EB01-015,ST16-004]
[] Board: [ST02-007,EB01-015,ST02-007]
[] Trash: [OP07-026,OP07-021]
[] Life: 4
[] Hand: [OP14-105,OP14-112,OP16-119,OP06-115]
[] Trash: [OP06-115,OP16-113]
[] Board: [OP06-106]
[] Life: 4
[Opponent] Draw 1 Card
[] Drew card from deck: Donquixote Rosinante ["OP05-030">OP05-030]
RZ1|119|2|OP05-030|0|24|1|6|1|1|0|0|0
RZ1|CHK|119|2|24|7|3|4|6|4|2|0|1|0
RZ1|120|2|Don|4|5|5|4|1|1|0|0|0
RZ1|CHK|120|2|24|7|3|4|5|5|2|0|1|0
RZ1|121|2|Don|4|4|5|5|1|1|0|0|0
RZ1|CHK|121|2|24|7|3|4|4|6|2|0|1|0
[Opponent] Draw 2 Don
RZ1|122|2|Don|5|0|5|0|1|1|1|0|0
RZ1|CHK|122|2|24|7|3|4|4|6|2|0|1|0
RZ1|123|2|Don|5|1|5|1|1|1|1|0|0
RZ1|CHK|123|2|24|7|3|4|4|6|2|0|1|0
RZ1|124|2|Don|5|2|5|2|1|1|1|0|0
RZ1|CHK|124|2|24|7|3|4|4|6|2|0|1|0
RZ1|125|2|Don|5|3|5|3|1|1|1|0|0
RZ1|CHK|125|2|24|7|3|4|4|6|2|0|1|0
[Opponent] Deploy Uroge ["OP07-021">OP07-021]
RZ1|126|2|OP07-021|1|3|2|3|1|1|0|0|0
RZ1|CHK|126|2|24|6|4|4|4|6|2|0|1|0
[Opponent] Jewelry Bonney ["ST02-007">ST02-007]: Rest 1 Don
RZ1|127|2|Don|5|4|5|4|1|1|1|0|0
RZ1|CHK|127|2|24|6|4|4|4|6|2|0|1|0
[Opponent] Jewelry Bonney ["ST02-007">ST02-007]: Rest Jewelry Bonney ["ST02-007">ST02-007]
RZ1|128|2|EB01-012|0|21|1|6|1|1|0|0|0
RZ1|CHK|128|2|23|7|4|4|4|6|2|0|1|0
[Opponent] Jewelry Bonney ["ST02-007">ST02-007]: <b>Reveal and Draw Cavendish ["EB01-012">EB01-012]</b>
[Opponent] Placing Cards on Bottom of Deck
RZ1|129|2|OP07-026|0|22|0|0|0|0|0|0|0
RZ1|CHK|129|2|23|7|4|4|4|6|2|0|1|0
RZ1|130|2|OP01-058|0|22|0|0|0|0|0|0|0
RZ1|CHK|130|2|23|7|4|4|4|6|2|0|1|0
RZ1|131|2|OP07-029|0|22|0|0|0|0|0|0|0
RZ1|CHK|131|2|23|7|4|4|4|6|2|0|1|0
RZ1|132|2|OP04-119|0|22|0|0|0|0|0|0|0
RZ1|CHK|132|2|23|7|4|4|4|6|2|0|1|0
RZ1|133|2|Don|5|5|5|5|1|1|1|0|0
RZ1|CHK|133|2|23|7|4|4|4|6|2|0|1|0
[Opponent] Deploy Scratchmen Apoo ["EB01-015">EB01-015]
RZ1|134|2|EB01-015|1|3|2|4|1|1|0|0|0
RZ1|CHK|134|2|23|6|5|4|4|6|2|0|1|0
[Opponent] Jewelry Bonney ["OP07-019">OP07-019] attacking Kouzuki Hiyori ["OP06-106">OP06-106]
Jewelry Bonney ["OP07-019">OP07-019][5000] vs Kouzuki Hiyori ["OP06-106">OP06-106][0]
[You] Kouzuki Hiyori ["OP06-106">OP06-106] Destroyed
RZ1|135|1|Don|9|0|5|0|1|1|1|0|0
RZ1|CHK|135|1|39|4|1|4|5|1|2|0|1|4
RZ1|136|1|Don|9|0|5|0|1|1|1|0|0
RZ1|CHK|136|1|39|4|1|4|5|2|2|0|1|3
RZ1|137|1|Don|9|0|5|0|1|1|1|0|0
RZ1|CHK|137|1|39|4|1|4|5|3|2|0|1|2
RZ1|138|1|Don|9|0|5|0|1|1|1|0|0
RZ1|CHK|138|1|39|4|1|4|5|4|2|0|1|1
RZ1|139|1|Don|9|0|5|0|1|1|1|0|0
RZ1|CHK|139|1|39|4|1|4|5|5|2|0|1|0
RZ1|140|1|OP06-106|2|0|6|2|1|1|0|0|0
RZ1|CHK|140|1|39|4|0|4|5|5|3|0|1|0
[Opponent] Uroge ["OP07-021">OP07-021]: Activate 1 Don
RZ1|141|2|Don|5|5|5|5|1|1|0|0|0
RZ1|CHK|141|2|23|6|5|4|4|6|2|0|1|0
[] Hand: [OP01-058,OP07-029,ST02-013,ST16-004,OP05-030,EB01-012]
[] Board: [ST02-007,EB01-015,ST02-007,OP07-021,EB01-015]
[] Trash: [OP07-026,OP07-021]
[] Life: 4
[] Hand: [OP14-105,OP14-112,OP16-119,OP06-115]
[] Trash: [OP06-115,OP16-113,OP06-106]
[] Board: []
[] Life: 4
[Opponent] End Turn
[] Hand: [OP14-105,OP14-112,OP16-119,OP06-115]
[] Board: []
[] Trash: [OP06-115,OP16-113,OP06-106]
[] Life: 4
[] Hand: [OP01-058,OP07-029,ST02-013,ST16-004,OP05-030,EB01-012]
[] Trash: [OP07-026,OP07-021]
[] Board: [ST02-007,EB01-015,ST02-007,OP07-021,EB01-015]
[] Life: 4
[You] Draw 1 Card
[] Drew card from deck: Nami ["OP11-054">OP11-054]
RZ1|142|1|OP11-054|0|38|1|4|1|1|0|0|0
RZ1|CHK|142|1|38|5|0|4|5|5|3|0|1|0
RZ1|143|1|Don|4|4|5|5|1|1|0|0|0
RZ1|CHK|143|1|38|5|0|4|4|6|3|0|1|0
RZ1|144|1|Don|4|3|5|6|1|1|0|0|0
RZ1|CHK|144|1|38|5|0|4|3|7|3|0|1|0
[You] Draw 2 Don
RZ1|145|1|Don|5|0|5|0|1|1|1|0|0
RZ1|CHK|145|1|38|5|0|4|3|7|3|0|1|0
RZ1|146|1|Don|5|1|5|1|1|1|1|0|0
RZ1|CHK|146|1|38|5|0|4|3|7|3|0|1|0
RZ1|147|1|Don|5|2|5|2|1|1|1|0|0
RZ1|CHK|147|1|38|5|0|4|3|7|3|0|1|0
RZ1|148|1|Don|5|3|5|3|1|1|1|0|0
RZ1|CHK|148|1|38|5|0|4|3|7|3|0|1|0
RZ1|149|1|Don|5|4|5|4|1|1|1|0|0
RZ1|CHK|149|1|38|5|0|4|3|7|3|0|1|0
[You] Deploy Nami ["OP11-054">OP11-054]
RZ1|150|1|OP11-054|1|4|2|0|1|1|0|0|0
RZ1|CHK|150|1|38|4|1|4|3|7|3|0|1|0
[] Drew card from deck: Boa Hancock ["OP14-112">OP14-112]
RZ1|151|1|OP14-112|0|37|1|4|1|1|0|0|0
RZ1|CHK|151|1|37|5|1|4|3|7|3|0|1|0
[] Drew card from deck: Shakuyaku ["OP14-107">OP14-107]
RZ1|152|1|OP14-107|0|36|1|5|1|1|0|0|0
RZ1|CHK|152|1|36|6|1|4|3|7|3|0|1|0
[] Drew card from deck: Boa Hancock ["OP14-112">OP14-112]
RZ1|153|1|OP14-112|0|35|1|6|1|1|0|0|0
RZ1|CHK|153|1|35|7|1|4|3|7|3|0|1|0
[You] Nami ["OP11-054">OP11-054]: Draw 3 Card
[You] Sent a Card to Deck Bottom
RZ1|154|1|OP14-105|1|0|0|0|0|0|0|0|0
RZ1|CHK|154|1|36|6|1|4|3|7|3|0|1|0
[You] Sent a Card to Deck Bottom
RZ1|155|1|OP14-107|1|4|0|0|0|0|0|0|0
RZ1|CHK|155|1|37|5|1|4|3|7|3|0|1|0
RZ1|156|1|Don|5|5|9|9900|1|1|0|0|0
RZ1|CHK|156|1|37|5|1|4|3|6|3|0|1|1
RZ1|157|1|Don|5|5|9|9901|1|1|0|0|0
RZ1|CHK|157|1|37|5|1|4|3|5|3|0|1|2
[You] Attach 2 Don to Boa Hancock ["OP14-041">OP14-041] (2 Total)
[You] Boa Hancock ["OP14-041">OP14-041] attacking Jewelry Bonney ["ST02-007">ST02-007]
[Opponent] Jewelry Bonney ["OP07-019">OP07-019]: Rest 1 Don
RZ1|158|2|Don|5|5|5|5|1|1|1|0|0
RZ1|CHK|158|2|23|6|5|4|4|6|2|0|1|0
[Opponent] Jewelry Bonney ["OP07-019">OP07-019]: Rest Nami ["OP11-054">OP11-054]
Boa Hancock ["OP14-041">OP14-041][7000] vs Jewelry Bonney ["ST02-007">ST02-007][1000]
[Opponent] Jewelry Bonney ["ST02-007">ST02-007] Destroyed
RZ1|159|2|ST02-007|2|0|6|2|1|1|0|0|0
RZ1|CHK|159|2|23|6|4|4|4|6|3|0|1|0
[] Hand: [OP14-112,OP16-119,OP06-115,OP14-112,OP14-112]
[] Board: [OP11-054]
[] Trash: [OP06-115,OP16-113,OP06-106]
[] Life: 4
[] Hand: [OP01-058,OP07-029,ST02-013,ST16-004,OP05-030,EB01-012]
[] Trash: [OP07-026,OP07-021,ST02-007]
[] Board: [EB01-015,ST02-007,OP07-021,EB01-015]
[] Life: 4
[You] End Turn
[] Hand: [OP01-058,OP07-029,ST02-013,ST16-004,OP05-030,EB01-012]
[] Board: [EB01-015,ST02-007,OP07-021,EB01-015]
[] Trash: [OP07-026,OP07-021,ST02-007]
[] Life: 4
[] Hand: [OP14-112,OP16-119,OP06-115,OP14-112,OP14-112]
[] Trash: [OP06-115,OP16-113,OP06-106]
[] Board: [OP11-054]
[] Life: 4
[Opponent] Draw 1 Card
[] Drew card from deck: Donquixote Doflamingo ["OP04-031">OP04-031]
RZ1|160|2|OP04-031|0|22|1|6|1|1|0|0|0
RZ1|CHK|160|2|22|7|4|4|4|6|3|0|1|0
RZ1|161|2|Don|4|3|5|6|1|1|0|0|0
RZ1|CHK|161|2|22|7|4|4|3|7|3|0|1|0
RZ1|162|2|Don|4|2|5|7|1|1|0|0|0
RZ1|CHK|162|2|22|7|4|4|2|8|3|0|1|0
[Opponent] Draw 2 Don
RZ1|163|2|Don|5|0|5|0|1|1|1|0|0
RZ1|CHK|163|2|22|7|4|4|2|8|3|0|1|0
RZ1|164|2|Don|5|1|5|1|1|1|1|0|0
RZ1|CHK|164|2|22|7|4|4|2|8|3|0|1|0
RZ1|165|2|Don|5|2|5|2|1|1|1|0|0
RZ1|CHK|165|2|22|7|4|4|2|8|3|0|1|0
RZ1|166|2|Don|5|3|5|3|1|1|1|0|0
RZ1|CHK|166|2|22|7|4|4|2|8|3|0|1|0
RZ1|167|2|Don|5|4|5|4|1|1|1|0|0
RZ1|CHK|167|2|22|7|4|4|2|8|3|0|1|0
[Opponent] Deploy Cavendish ["EB01-012">EB01-012]
RZ1|168|2|EB01-012|1|5|2|4|1|1|0|0|0
RZ1|CHK|168|2|22|6|5|4|2|8|3|0|1|0
[Opponent] Cavendish ["EB01-012">EB01-012]: Activate 1 Don
RZ1|169|2|Don|5|4|5|4|1|1|0|0|0
RZ1|CHK|169|2|22|6|5|4|2|8|3|0|1|0
[Opponent] Cavendish ["EB01-012">EB01-012]: Activate 1 Don
RZ1|170|2|Don|5|3|5|3|1|1|0|0|0
RZ1|CHK|170|2|22|6|5|4|2|8|3|0|1|0
RZ1|171|2|Don|5|3|9|9900|1|1|0|0|0
RZ1|CHK|171|2|22|6|5|4|2|7|3|0|1|1
RZ1|172|2|Don|5|3|9|9901|1|1|0|0|0
RZ1|CHK|172|2|22|6|5|4|2|6|3|0|1|2
[Opponent] Attach 2 Don to Jewelry Bonney ["OP07-019">OP07-019] (2 Total)
[Opponent] Jewelry Bonney ["OP07-019">OP07-019] attacking Nami ["OP11-054">OP11-054]
[You] You're the one who should disappear! ["OP06-115">OP06-115]: Activate Counter
RZ1|173|1|OP06-115|1|2|6|3|1|1|0|0|0
RZ1|CHK|173|1|37|4|1|4|3|5|4|0|1|2
Jewelry Bonney ["OP07-019">OP07-019][7000] vs Nami ["OP11-054">OP11-054][6000]
[You] Nami ["OP11-054">OP11-054] Destroyed
RZ1|174|1|OP11-054|2|0|6|4|1|1|0|0|0
RZ1|CHK|174|1|37|4|0|4|3|5|5|0|1|2
RZ1|175|2|Don|5|3|9|200|1|1|0|0|0
RZ1|CHK|175|2|22|6|5|4|2|5|3|0|1|3
[Opponent] Attach 1 Don to Uroge ["OP07-021">OP07-021] (1 Total)
[Opponent] Uroge ["OP07-021">OP07-021] attacking Boa Hancock ["OP14-041">OP14-041]
Uroge ["OP07-021">OP07-021][6000] vs Boa Hancock ["OP14-041">OP14-041][5000]
Boa Hancock ["OP14-041">OP14-041] hit for 1 damage
RZ1|176|1|OP15-113|3|3|1|4|1|1|0|0|0
RZ1|CHK|176|1|37|5|0|3|3|5|5|0|1|2
[Opponent] Jewelry Bonney ["ST02-007">ST02-007]: Rest 1 Don
RZ1|177|2|Don|5|3|5|3|1|1|1|0|0
RZ1|CHK|177|2|22|6|5|4|2|5|3|0|1|3
[Opponent] Jewelry Bonney ["ST02-007">ST02-007]: Rest Jewelry Bonney ["ST02-007">ST02-007]
RZ1|178|2|OP07-021|0|18|1|6|1|1|0|0|0
RZ1|CHK|178|2|21|7|5|4|2|5|3|0|1|3
[Opponent] Jewelry Bonney ["ST02-007">ST02-007]: <b>Reveal and Draw Uroge ["OP07-021">OP07-021]</b>
[Opponent] Placing Cards on Bottom of Deck
RZ1|179|2|EB01-012|0|20|0|0|0|0|0|0|0
RZ1|CHK|179|2|21|7|5|4|2|5|3|0|1|3
RZ1|180|2|ST16-004|0|20|0|0|0|0|0|0|0
RZ1|CHK|180|2|21|7|5|4|2|5|3|0|1|3
RZ1|181|2|OP06-035|0|20|0|0|0|0|0|0|0
RZ1|CHK|181|2|21|7|5|4|2|5|3|0|1|3
RZ1|182|2|OP07-021|0|20|0|0|0|0|0|0|0
RZ1|CHK|182|2|21|7|5|4|2|5|3|0|1|3
[] Hand: [OP01-058,OP07-029,ST02-013,ST16-004,OP05-030,OP04-031,OP07-021]
[] Board: [EB01-015,ST02-007,OP07-021,EB01-015,EB01-012]
[] Trash: [OP07-026,OP07-021,ST02-007]
[] Life: 4
[] Hand: [OP14-112,OP16-119,OP14-112,OP14-112,OP15-113]
[] Trash: [OP06-115,OP16-113,OP06-106,OP06-115,OP11-054]
[] Board: []
[] Life: 3
[Opponent] End Turn
[] Hand: [OP14-112,OP16-119,OP14-112,OP14-112,OP15-113]
[] Board: []
[] Trash: [OP06-115,OP16-113,OP06-106,OP06-115,OP11-054]
[] Life: 3
[] Hand: [OP01-058,OP07-029,ST02-013,ST16-004,OP05-030,OP04-031,OP07-021]
[] Trash: [OP07-026,OP07-021,ST02-007]
[] Board: [EB01-015,ST02-007,OP07-021,EB01-015,EB01-012]
[] Life: 4
RZ1|183|1|Don|9|9900|5|0|1|1|1|0|0
RZ1|CHK|183|1|37|5|0|3|3|6|5|0|1|1
RZ1|184|1|Don|9|9900|5|0|1|1|1|0|0
RZ1|CHK|184|1|37|5|0|3|3|7|5|0|1|0
[You] Draw 1 Card
[] Drew card from deck: Marshall D. Teach ["OP16-119">OP16-119]
RZ1|185|1|OP16-119|0|36|1|5|1|1|0|0|0
RZ1|CHK|185|1|36|6|0|3|3|7|5|0|1|0
RZ1|186|1|Don|4|2|5|7|1|1|0|0|0
RZ1|CHK|186|1|36|6|0|3|2|8|5|0|1|0
RZ1|187|1|Don|4|1|5|8|1|1|0|0|0
RZ1|CHK|187|1|36|6|0|3|1|9|5|0|1|0
[You] Draw 2 Don
RZ1|188|1|Don|5|0|5|0|1|1|1|0|0
RZ1|CHK|188|1|36|6|0|3|1|9|5|0|1|0
RZ1|189|1|Don|5|1|5|1|1|1|1|0|0
RZ1|CHK|189|1|36|6|0|3|1|9|5|0|1|0
RZ1|190|1|Don|5|2|5|2|1|1|1|0|0
RZ1|CHK|190|1|36|6|0|3|1|9|5|0|1|0
RZ1|191|1|Don|5|3|5|3|1|1|1|0|0
RZ1|CHK|191|1|36|6|0|3|1|9|5|0|1|0
RZ1|192|1|Don|5|4|5|4|1|1|1|0|0
RZ1|CHK|192|1|36|6|0|3|1|9|5|0|1|0
RZ1|193|1|Don|5|5|5|5|1|1|1|0|0
RZ1|CHK|193|1|36|6|0|3|1|9|5|0|1|0
RZ1|194|1|Don|5|6|5|6|1|1|1|0|0
RZ1|CHK|194|1|36|6|0|3|1|9|5|0|1|0
RZ1|195|1|Don|5|7|5|7|1|1|1|0|0
RZ1|CHK|195|1|36|6|0|3|1|9|5|0|1|0
[You] Deploy Marshall D. Teach ["OP16-119">OP16-119]
RZ1|196|1|OP16-119|1|1|2|0|1|1|0|0|0
RZ1|CHK|196|1|36|5|1|3|1|9|5|0|1|0
[You] Marshall D. Teach ["OP16-119">OP16-119]: Added card to top of Life from Hand
RZ1|197|1|OP17-109|0|34|3|3|1|0|0|0|0
RZ1|CHK|197|1|35|5|1|4|1|9|5|0|1|0
[You] Placing Cards on Bottom of Deck
RZ1|198|1|OP15-113|0|34|0|0|0|0|0|0|0
RZ1|CHK|198|1|35|5|1|4|1|9|5|0|1|0
RZ1|199|1|OP07-057|0|34|0|0|0|0|0|0|0
RZ1|CHK|199|1|35|5|1|4|1|9|5|0|1|0
[You] Boa Hancock ["OP14-041">OP14-041] attacking Uroge ["OP07-021">OP07-021]
[Opponent] Jewelry Bonney ["OP07-019">OP07-019]: Rest 1 Don
RZ1|200|2|Don|5|4|5|4|1|1|1|0|0
RZ1|CHK|200|2|21|7|5|4|2|5|3|0|1|3
[Opponent] Jewelry Bonney ["OP07-019">OP07-019]: Rest Marshall D. Teach ["OP16-119">OP16-119]
[Opponent] Discard Donquixote Rosinante ["OP05-030">OP05-030] for Counter 1000
RZ1|201|2|OP05-030|1|4|6|3|1|1|0|0|0
RZ1|CHK|201|2|21|6|5|4|2|5|4|0|1|3
Boa Hancock ["OP14-041">OP14-041][5000] vs Uroge ["OP07-021">OP07-021][6000]
Attack Fails
RZ1|202|1|Don|5|8|9|9900|1|1|0|0|0
RZ1|CHK|202|1|35|5|1|4|1|8|5|0|1|1
[You] Attach 1 Don to Boa Hancock ["OP14-041">OP14-041] (1 Total)
[] Hand: [OP14-112,OP14-112,OP14-112,OP15-113,OP16-119]
[] Board: [OP16-119]
[] Trash: [OP06-115,OP16-113,OP06-106,OP06-115,OP11-054]
[] Life: 4
[] Hand: [OP01-058,OP07-029,ST02-013,ST16-004,OP04-031,OP07-021]
[] Trash: [OP07-026,OP07-021,ST02-007,OP05-030]
[] Board: [EB01-015,ST02-007,OP07-021,EB01-015,EB01-012]
[] Life: 4
[You] End Turn
[] Hand: [OP01-058,OP07-029,ST02-013,ST16-004,OP04-031,OP07-021]
[] Board: [EB01-015,ST02-007,OP07-021,EB01-015,EB01-012]
[] Trash: [OP07-026,OP07-021,ST02-007,OP05-030]
[] Life: 4
[] Hand: [OP14-112,OP14-112,OP14-112,OP15-113,OP16-119]
[] Trash: [OP06-115,OP16-113,OP06-106,OP06-115,OP11-054]
[] Board: [OP16-119]
[] Life: 4
RZ1|203|2|Don|9|9900|5|0|1|1|1|0|0
RZ1|CHK|203|2|21|6|5|4|2|6|4|0|1|2
RZ1|204|2|Don|9|9900|5|0|1|1|1|0|0
RZ1|CHK|204|2|21|6|5|4|2|7|4|0|1|1
RZ1|205|2|Don|9|200|5|0|1|1|1|0|0
RZ1|CHK|205|2|21|6|5|4|2|8|4|0|1|0
[Opponent] Draw 1 Card
[] Drew card from deck: Jewelry Bonney ["ST02-007">ST02-007]
RZ1|206|2|ST02-007|0|20|1|6|1|1|0|0|0
RZ1|CHK|206|2|20|7|5|4|2|8|4|0|1|0
RZ1|207|2|Don|4|1|5|8|1|1|0|0|0
RZ1|CHK|207|2|20|7|5|4|1|9|4|0|1|0
RZ1|208|2|Don|4|0|5|9|1|1|0|0|0
RZ1|CHK|208|2|20|7|5|4|0|10|4|0|1|0
[Opponent] Draw 2 Don
RZ1|209|2|Don|5|0|5|0|1|1|1|0|0
RZ1|CHK|209|2|20|7|5|4|0|10|4|0|1|0
RZ1|210|2|Don|5|1|5|1|1|1|1|0|0
RZ1|CHK|210|2|20|7|5|4|0|10|4|0|1|0
RZ1|211|2|Don|5|2|5|2|1|1|1|0|0
RZ1|CHK|211|2|20|7|5|4|0|10|4|0|1|0
RZ1|212|2|Don|5|3|5|3|1|1|1|0|0
RZ1|CHK|212|2|20|7|5|4|0|10|4|0|1|0
RZ1|213|2|Don|5|4|5|4|1|1|1|0|0
RZ1|CHK|213|2|20|7|5|4|0|10|4|0|1|0
RZ1|214|2|Don|5|5|5|5|1|1|1|0|0
RZ1|CHK|214|2|20|7|5|4|0|10|4|0|1|0
RZ1|215|2|Don|5|6|5|6|1|1|1|0|0
RZ1|CHK|215|2|20|7|5|4|0|10|4|0|1|0
RZ1|216|2|Don|5|7|5|7|1|1|1|0|0
RZ1|CHK|216|2|20|7|5|4|0|10|4|0|1|0
RZ1|217|2|Don|5|8|5|8|1|1|1|0|0
RZ1|CHK|217|2|20|7|5|4|0|10|4|0|1|0
[Opponent] Trash Scratchmen Apoo ["EB01-015">EB01-015]
[Opponent] Deploy Shanks ["ST16-004">ST16-004]
RZ1|218|2|EB01-015|2|0|6|4|1|1|0|0|0
RZ1|CHK|218|2|20|7|4|4|0|10|5|0|1|0
RZ1|219|2|ST16-004|1|3|2|4|1|1|0|0|0
RZ1|CHK|219|2|20|6|5|4|0|10|5|0|1|0
[Opponent] Shanks ["ST16-004">ST16-004]: Destroy Marshall D. Teach ["OP16-119">OP16-119]
RZ1|220|1|OP16-119|2|0|6|5|1|1|0|0|0
RZ1|CHK|220|1|35|5|0|4|1|8|6|0|1|1
RZ1|221|2|Don|5|9|9|9900|1|1|0|0|0
RZ1|CHK|221|2|20|6|5|4|0|9|5|0|1|1
[Opponent] Attach 1 Don to Jewelry Bonney ["OP07-019">OP07-019] (1 Total)
[Opponent] Jewelry Bonney ["OP07-019">OP07-019] attacking Boa Hancock ["OP14-041">OP14-041]
Jewelry Bonney ["OP07-019">OP07-019][6000] vs Boa Hancock ["OP14-041">OP14-041][5000]
Boa Hancock ["OP14-041">OP14-041] hit for 1 damage
RZ1|222|1|OP17-109|3|3|1|5|1|1|0|0|0
RZ1|CHK|222|1|35|6|0|3|1|8|6|0|1|1
[Opponent] Cavendish ["EB01-012">EB01-012] attacking Boa Hancock ["OP14-041">OP14-041]
[Opponent] Cavendish ["EB01-012">EB01-012]: Activate 1 Don
RZ1|223|2|Don|5|8|5|8|1|1|0|0|0
RZ1|CHK|223|2|20|6|5|4|0|9|5|0|1|1
[Opponent] Cavendish ["EB01-012">EB01-012]: Activate 1 Don
RZ1|224|2|Don|5|7|5|7|1|1|0|0|0
RZ1|CHK|224|2|20|6|5|4|0|9|5|0|1|1
Cavendish ["EB01-012">EB01-012][6000] vs Boa Hancock ["OP14-041">OP14-041][5000]
Boa Hancock ["OP14-041">OP14-041] hit for 1 damage
RZ1|225|1|OP14-114|3|2|1|6|1|1|0|0|0
RZ1|CHK|225|1|35|7|0|2|1|8|6|0|1|1
[You] Ran ["OP14-114">OP14-114]: Activate Trigger
RZ1|226|1|OP14-114|1|6|6|6|1|1|0|0|0
RZ1|CHK|226|1|35|6|0|2|1|8|7|0|1|1
RZ1|227|1|OP14-114|6|6|2|0|1|1|0|0|0
RZ1|CHK|227|1|35|6|1|2|1|8|6|0|1|1
[You] Ran ["OP14-114">OP14-114]: Deploy Ran ["OP14-114">OP14-114]
[] Drew card from deck: Ran ["OP14-114">OP14-114]
RZ1|228|1|OP14-114|0|34|1|6|1|1|0|0|0
RZ1|CHK|228|1|34|7|1|2|1|8|6|0|1|1
[You] Boa Hancock ["OP14-041">OP14-041]: Draw 1 Card
[Opponent] Jewelry Bonney ["ST02-007">ST02-007]: Rest 1 Don
RZ1|229|2|Don|5|7|5|7|1|1|1|0|0
RZ1|CHK|229|2|20|6|5|4|0|9|5|0|1|1
[Opponent] Jewelry Bonney ["ST02-007">ST02-007]: Rest Jewelry Bonney ["ST02-007">ST02-007]
RZ1|230|2|EB01-015|0|17|1|6|1|1|0|0|0
RZ1|CHK|230|2|19|7|5|4|0|9|5|0|1|1
[Opponent] Jewelry Bonney ["ST02-007">ST02-007]: <b>Reveal and Draw Scratchmen Apoo ["EB01-015">EB01-015]</b>
[Opponent] Placing Cards on Bottom of Deck
RZ1|231|2|OP07-026|0|18|0|0|0|0|0|0|0
RZ1|CHK|231|2|19|7|5|4|0|9|5|0|1|1
RZ1|232|2|OP05-034|0|18|0|0|0|0|0|0|0
RZ1|CHK|232|2|19|7|5|4|0|9|5|0|1|1
RZ1|233|2|OP07-029|0|18|0|0|0|0|0|0|0
RZ1|CHK|233|2|19|7|5|4|0|9|5|0|1|1
RZ1|234|2|OP05-034|0|18|0|0|0|0|0|0|0
RZ1|CHK|234|2|19|7|5|4|0|9|5|0|1|1
[Opponent] Uroge ["OP07-021">OP07-021] attacking Boa Hancock ["OP14-041">OP14-041]
Uroge ["OP07-021">OP07-021][5000] vs Boa Hancock ["OP14-041">OP14-041][5000]
Boa Hancock ["OP14-041">OP14-041] hit for 1 damage
RZ1|235|1|OP16-113|3|1|1|7|1|1|0|0|0
RZ1|CHK|235|1|34|8|1|1|1|8|6|0|1|1
[You] Boa Marigold ["OP16-113">OP16-113]: Activate Trigger
RZ1|236|1|OP16-113|1|7|6|6|1|1|0|0|0
RZ1|CHK|236|1|34|7|1|1|1|8|7|0|1|1
RZ1|237|1|OP16-113|6|6|2|1|1|1|0|0|0
RZ1|CHK|237|1|34|7|2|1|1|8|6|0|1|1
[You] Boa Marigold ["OP16-113">OP16-113]: Deploy Boa Marigold ["OP16-113">OP16-113]
[] Drew card from deck: Gecko Moria ["OP14-104">OP14-104]
RZ1|238|1|OP14-104|0|33|1|7|1|1|0|0|0
RZ1|CHK|238|1|33|8|2|1|1|8|6|0|1|1
[You] Boa Hancock ["OP14-041">OP14-041]: Draw 1 Card
[] Hand: [OP01-058,OP07-029,ST02-013,OP04-031,OP07-021,ST02-007,EB01-015]
[] Board: [ST02-007,OP07-021,EB01-015,EB01-012,ST16-004]
[] Trash: [OP07-026,OP07-021,ST02-007,OP05-030,EB01-015]
[] Life: 4
[] Hand: [OP14-112,OP14-112,OP14-112,OP15-113,OP16-119,OP17-109,OP14-114,OP14-104]
[] Trash: [OP06-115,OP16-113,OP06-106,OP06-115,OP11-054,OP16-119]
[] Board: [OP14-114,OP16-113]
[] Life: 1
[Opponent] End Turn
[] Hand: [OP14-112,OP14-112,OP14-112,OP15-113,OP16-119,OP17-109,OP14-114,OP14-104]
[] Board: [OP14-114,OP16-113]
[] Trash: [OP06-115,OP16-113,OP06-106,OP06-115,OP11-054,OP16-119]
[] Life: 1
[] Hand: [OP01-058,OP07-029,ST02-013,OP04-031,OP07-021,ST02-007,EB01-015]
[] Trash: [OP07-026,OP07-021,ST02-007,OP05-030,EB01-015]
[] Board: [ST02-007,OP07-021,EB01-015,EB01-012,ST16-004]
[] Life: 4
RZ1|239|1|Don|9|9900|5|0|1|1|1|0|0
RZ1|CHK|239|1|33|8|2|1|1|9|6|0|1|0
[You] Draw 1 Card
[] Drew card from deck: Boa Hancock ["OP14-112">OP14-112]
RZ1|240|1|OP14-112|0|32|1|8|1|1|0|0|0
RZ1|CHK|240|1|32|9|2|1|1|9|6|0|1|0
RZ1|241|1|Don|4|0|5|9|1|1|0|0|0
RZ1|CHK|241|1|32|9|2|1|0|10|6|0|1|0
[You] Draw 2 Don
RZ1|242|1|Don|5|0|5|0|1|1|1|0|0
RZ1|CHK|242|1|32|9|2|1|0|10|6|0|1|0
RZ1|243|1|Don|5|1|5|1|1|1|1|0|0
RZ1|CHK|243|1|32|9|2|1|0|10|6|0|1|0
RZ1|244|1|Don|5|2|5|2|1|1|1|0|0
RZ1|CHK|244|1|32|9|2|1|0|10|6|0|1|0
RZ1|245|1|Don|5|3|5|3|1|1|1|0|0
RZ1|CHK|245|1|32|9|2|1|0|10|6|0|1|0
RZ1|246|1|Don|5|4|5|4|1|1|1|0|0
RZ1|CHK|246|1|32|9|2|1|0|10|6|0|1|0
RZ1|247|1|Don|5|5|5|5|1|1|1|0|0
RZ1|CHK|247|1|32|9|2|1|0|10|6|0|1|0
RZ1|248|1|Don|5|6|5|6|1|1|1|0|0
RZ1|CHK|248|1|32|9|2|1|0|10|6|0|1|0
RZ1|249|1|Don|5|7|5|7|1|1|1|0|0
RZ1|CHK|249|1|32|9|2|1|0|10|6|0|1|0
[You] Deploy Marshall D. Teach ["OP16-119">OP16-119]
RZ1|250|1|OP16-119|1|4|2|2|1|1|0|0|0
RZ1|CHK|250|1|32|8|3|1|0|10|6|0|1|0
[You] Marshall D. Teach ["OP16-119">OP16-119]: Added card to top of Life from Hand
RZ1|251|1|OP14-105|0|29|3|1|1|0|0|0|0
RZ1|CHK|251|1|31|8|3|2|0|10|6|0|1|0
[You] Placing Cards on Bottom of Deck
RZ1|252|1|OP17-109|0|30|0|0|0|0|0|0|0
RZ1|CHK|252|1|31|8|3|2|0|10|6|0|1|0
RZ1|253|1|OP11-054|0|30|0|0|0|0|0|0|0
RZ1|CHK|253|1|31|8|3|2|0|10|6|0|1|0
RZ1|254|1|Don|5|8|9|9900|1|1|0|0|0
RZ1|CHK|254|1|31|8|3|2|0|9|6|0|1|1
RZ1|255|1|Don|5|8|9|9901|1|1|0|0|0
RZ1|CHK|255|1|31|8|3|2|0|8|6|0|1|2
[You] Attach 2 Don to Boa Hancock ["OP14-041">OP14-041] (2 Total)
[You] Boa Hancock ["OP14-041">OP14-041] attacking Uroge ["OP07-021">OP07-021]
[Opponent] Jewelry Bonney ["OP07-019">OP07-019]: Rest 1 Don
RZ1|256|2|Don|5|8|5|8|1|1|1|0|0
RZ1|CHK|256|2|19|7|5|4|0|9|5|0|1|1
[Opponent] Jewelry Bonney ["OP07-019">OP07-019]: Rest Marshall D. Teach ["OP16-119">OP16-119]
[Opponent] Discard Uroge ["OP07-021">OP07-021] for Counter 1000
RZ1|257|2|OP07-021|1|4|6|5|1|1|0|0|0
RZ1|CHK|257|2|19|6|5|4|0|9|6|0|1|1
[Opponent] Discard Jewelry Bonney ["ST02-007">ST02-007] for Counter 1000
RZ1|258|2|ST02-007|1|4|6|6|1|1|0|0|0
RZ1|CHK|258|2|19|5|5|4|0|9|7|0|1|1
[Opponent] Discard Scratchmen Apoo ["EB01-015">EB01-015] for Counter 2000
RZ1|259|2|EB01-015|1|4|6|7|1|1|0|0|0
RZ1|CHK|259|2|19|4|5|4|0|9|8|0|1|1
Boa Hancock ["OP14-041">OP14-041][7000] vs Uroge ["OP07-021">OP07-021][9000]
Attack Fails
[You] Boa Marigold ["OP16-113">OP16-113] attacking Uroge ["OP07-021">OP07-021]
Boa Marigold ["OP16-113">OP16-113][5000] vs Uroge ["OP07-021">OP07-021][5000]
[Opponent] Uroge ["OP07-021">OP07-021] Destroyed
RZ1|260|2|OP07-021|2|1|6|8|1|1|0|0|0
RZ1|CHK|260|2|19|4|4|4|0|9|9|0|1|1
[You] Ran ["OP14-114">OP14-114] attacking Jewelry Bonney ["OP07-019">OP07-019]
Ran ["OP14-114">OP14-114][5000] vs Jewelry Bonney ["OP07-019">OP07-019][5000]
Jewelry Bonney ["OP07-019">OP07-019] hit for 1 damage
RZ1|261|2|OP05-037|3|3|1|4|1|1|0|0|0
RZ1|CHK|261|2|19|5|4|3|0|9|9|0|1|1
[] Hand: [OP14-112,OP14-112,OP14-112,OP15-113,OP17-109,OP14-114,OP14-104,OP14-112]
[] Board: [OP14-114,OP16-113,OP16-119]
[] Trash: [OP06-115,OP16-113,OP06-106,OP06-115,OP11-054,OP16-119]
[] Life: 2
[] Hand: [OP01-058,OP07-029,ST02-013,OP04-031,OP05-037]
[] Trash: [OP07-026,OP07-021,ST02-007,OP05-030,EB01-015,OP07-021,ST02-007,EB01-015,OP07-021]
[] Board: [ST02-007,EB01-015,EB01-012,ST16-004]
[] Life: 3
[You] End Turn
[] Hand: [OP01-058,OP07-029,ST02-013,OP04-031,OP05-037]
[] Board: [ST02-007,EB01-015,EB01-012,ST16-004]
[] Trash: [OP07-026,OP07-021,ST02-007,OP05-030,EB01-015,OP07-021,ST02-007,EB01-015,OP07-021]
[] Life: 3
[] Hand: [OP14-112,OP14-112,OP14-112,OP15-113,OP17-109,OP14-114,OP14-104,OP14-112]
[] Trash: [OP06-115,OP16-113,OP06-106,OP06-115,OP11-054,OP16-119]
[] Board: [OP14-114,OP16-113,OP16-119]
[] Life: 2
RZ1|262|2|Don|9|9900|5|0|1|1|1|0|0
RZ1|CHK|262|2|19|5|4|3|0|10|9|0|1|0
[Opponent] Draw 1 Card
[] Drew card from deck: Eustass "Captain" Kid ["OP01-051">OP01-051]
RZ1|263|2|OP01-051|0|18|1|5|1|1|0|0|0
RZ1|CHK|263|2|18|6|4|3|0|10|9|0|1|0
RZ1|264|2|Don|5|0|5|0|1|1|1|0|0
RZ1|CHK|264|2|18|6|4|3|0|10|9|0|1|0
RZ1|265|2|Don|5|1|5|1|1|1|1|0|0
RZ1|CHK|265|2|18|6|4|3|0|10|9|0|1|0
RZ1|266|2|Don|5|2|5|2|1|1|1|0|0
RZ1|CHK|266|2|18|6|4|3|0|10|9|0|1|0
RZ1|267|2|Don|5|3|5|3|1|1|1|0|0
RZ1|CHK|267|2|18|6|4|3|0|10|9|0|1|0
RZ1|268|2|Don|5|4|5|4|1|1|1|0|0
RZ1|CHK|268|2|18|6|4|3|0|10|9|0|1|0
RZ1|269|2|Don|5|5|5|5|1|1|1|0|0
RZ1|CHK|269|2|18|6|4|3|0|10|9|0|1|0
RZ1|270|2|Don|5|6|5|6|1|1|1|0|0
RZ1|CHK|270|2|18|6|4|3|0|10|9|0|1|0
RZ1|271|2|Don|5|7|5|7|1|1|1|0|0
RZ1|CHK|271|2|18|6|4|3|0|10|9|0|1|0
RZ1|272|2|Don|5|8|5|8|1|1|1|0|0
RZ1|CHK|272|2|18|6|4|3|0|10|9|0|1|0
RZ1|273|2|Don|5|9|5|9|1|1|1|0|0
RZ1|CHK|273|2|18|6|4|3|0|10|9|0|1|0
[Opponent] Deploy Donquixote Doflamingo ["OP04-031">OP04-031]
RZ1|274|2|OP04-031|1|3|2|4|1|1|0|0|0
RZ1|CHK|274|2|18|5|5|3|0|10|9|0|1|0
[Opponent] Donquixote Doflamingo ["OP04-031">OP04-031]: Marshall D. Teach ["OP16-119">OP16-119] will not Activate during next Refresh
[Opponent] Donquixote Doflamingo ["OP04-031">OP04-031]: Ran ["OP14-114">OP14-114] will not Activate during next Refresh
[Opponent] Donquixote Doflamingo ["OP04-031">OP04-031]: Boa Marigold ["OP16-113">OP16-113] will not Activate during next Refresh
[Opponent] Jewelry Bonney ["OP07-019">OP07-019] attacking Boa Marigold ["OP16-113">OP16-113]
[You] Discard Charlotte Pudding ["OP17-109">OP17-109] for Counter 1000
RZ1|275|1|OP17-109|1|4|6|6|1|1|0|0|0
RZ1|CHK|275|1|31|7|3|2|0|8|7|0|1|2
Jewelry Bonney ["OP07-019">OP07-019][5000] vs Boa Marigold ["OP16-113">OP16-113][6000]
Attack Fails
[Opponent] Shanks ["ST16-004">ST16-004] attacking Boa Marigold ["OP16-113">OP16-113]
Shanks ["ST16-004">ST16-004][11000] vs Boa Marigold ["OP16-113">OP16-113][5000]
[You] Boa Marigold ["OP16-113">OP16-113] Destroyed
RZ1|276|1|OP16-113|2|1|6|7|1|1|0|0|0
RZ1|CHK|276|1|31|7|2|2|0|8|8|0|1|2
[Opponent] Cavendish ["EB01-012">EB01-012] attacking Boa Hancock ["OP14-041">OP14-041]
[Opponent] Cavendish ["EB01-012">EB01-012]: Activate 1 Don
RZ1|277|2|Don|5|9|5|9|1|1|0|0|0
RZ1|CHK|277|2|18|5|5|3|0|10|9|0|1|0
[Opponent] Cavendish ["EB01-012">EB01-012]: Activate 1 Don
RZ1|278|2|Don|5|8|5|8|1|1|0|0|0
RZ1|CHK|278|2|18|5|5|3|0|10|9|0|1|0
Cavendish ["EB01-012">EB01-012][6000] vs Boa Hancock ["OP14-041">OP14-041][5000]
Boa Hancock ["OP14-041">OP14-041] hit for 1 damage
RZ1|279|1|OP14-105|3|1|1|7|1|1|0|0|0
RZ1|CHK|279|1|31|8|2|1|0|8|8|0|1|2
[You] Gorgon Sisters ["OP14-105">OP14-105]: Activate Trigger
RZ1|280|1|OP14-105|1|7|6|8|1|1|0|0|0
RZ1|CHK|280|1|31|7|2|1|0|8|9|0|1|2
RZ1|281|1|OP14-105|6|8|2|2|1|1|0|0|0
RZ1|CHK|281|1|31|7|3|1|0|8|8|0|1|2
[You] Gorgon Sisters ["OP14-105">OP14-105]: Deploy Gorgon Sisters ["OP14-105">OP14-105]
[] Drew card from deck: Gecko Moria ["OP14-104">OP14-104]
RZ1|282|1|OP14-104|0|30|1|7|1|1|0|0|0
RZ1|CHK|282|1|30|8|3|1|0|8|8|0|1|2
[You] Boa Hancock ["OP14-041">OP14-041]: Draw 1 Card
[Opponent] Jewelry Bonney ["ST02-007">ST02-007]: Rest 1 Don
RZ1|283|2|Don|5|8|5|8|1|1|1|0|0
RZ1|CHK|283|2|18|5|5|3|0|10|9|0|1|0
[Opponent] Jewelry Bonney ["ST02-007">ST02-007]: Rest Jewelry Bonney ["ST02-007">ST02-007]
RZ1|284|2|ST02-013|0|16|1|5|1|1|0|0|0
RZ1|CHK|284|2|17|6|5|3|0|10|9|0|1|0
[Opponent] Jewelry Bonney ["ST02-007">ST02-007]: <b>Reveal and Draw Eustass "Captain" Kid ["ST02-013">ST02-013]</b>
[Opponent] Placing Cards on Bottom of Deck
RZ1|285|2|OP05-030|0|16|0|0|0|0|0|0|0
RZ1|CHK|285|2|17|6|5|3|0|10|9|0|1|0
RZ1|286|2|OP05-030|0|16|0|0|0|0|0|0|0
RZ1|CHK|286|2|17|6|5|3|0|10|9|0|1|0
RZ1|287|2|OP05-037|0|16|0|0|0|0|0|0|0
RZ1|CHK|287|2|17|6|5|3|0|10|9|0|1|0
RZ1|288|2|OP05-030|0|16|0|0|0|0|0|0|0
RZ1|CHK|288|2|17|6|5|3|0|10|9|0|1|0
[] Hand: [OP01-058,OP07-029,ST02-013,OP05-037,OP01-051,ST02-013]
[] Board: [ST02-007,EB01-015,EB01-012,ST16-004,OP04-031]
[] Trash: [OP07-026,OP07-021,ST02-007,OP05-030,EB01-015,OP07-021,ST02-007,EB01-015,OP07-021]
[] Life: 3
[] Hand: [OP14-112,OP14-112,OP14-112,OP15-113,OP14-114,OP14-104,OP14-112,OP14-104]
[] Trash: [OP06-115,OP16-113,OP06-106,OP06-115,OP11-054,OP16-119,OP17-109,OP16-113]
[] Board: [OP14-114,OP16-119,OP14-105]
[] Life: 1
[Opponent] End Turn
[] Hand: [OP14-112,OP14-112,OP14-112,OP15-113,OP14-114,OP14-104,OP14-112,OP14-104]
[] Board: [OP14-114,OP16-119,OP14-105]
[] Trash: [OP06-115,OP16-113,OP06-106,OP06-115,OP11-054,OP16-119,OP17-109,OP16-113]
[] Life: 1
[] Hand: [OP01-058,OP07-029,ST02-013,OP05-037,OP01-051,ST02-013]
[] Trash: [OP07-026,OP07-021,ST02-007,OP05-030,EB01-015,OP07-021,ST02-007,EB01-015,OP07-021]
[] Board: [ST02-007,EB01-015,EB01-012,ST16-004,OP04-031]
[] Life: 3
RZ1|289|1|Don|9|9900|5|0|1|1|1|0|0
RZ1|CHK|289|1|30|8|3|1|0|9|8|0|1|1
RZ1|290|1|Don|9|9900|5|0|1|1|1|0|0
RZ1|CHK|290|1|30|8|3|1|0|10|8|0|1|0
[You] Draw 1 Card
[] Drew card from deck: Gecko Moria ["OP14-104">OP14-104]
RZ1|291|1|OP14-104|0|29|1|8|1|1|0|0|0
RZ1|CHK|291|1|29|9|3|1|0|10|8|0|1|0
RZ1|292|1|Don|5|0|5|0|1|1|1|0|0
RZ1|CHK|292|1|29|9|3|1|0|10|8|0|1|0
RZ1|293|1|Don|5|1|5|1|1|1|1|0|0
RZ1|CHK|293|1|29|9|3|1|0|10|8|0|1|0
RZ1|294|1|Don|5|2|5|2|1|1|1|0|0
RZ1|CHK|294|1|29|9|3|1|0|10|8|0|1|0
RZ1|295|1|Don|5|3|5|3|1|1|1|0|0
RZ1|CHK|295|1|29|9|3|1|0|10|8|0|1|0
RZ1|296|1|Don|5|4|5|4|1|1|1|0|0
RZ1|CHK|296|1|29|9|3|1|0|10|8|0|1|0
RZ1|297|1|Don|5|5|5|5|1|1|1|0|0
RZ1|CHK|297|1|29|9|3|1|0|10|8|0|1|0
RZ1|298|1|Don|5|6|5|6|1|1|1|0|0
RZ1|CHK|298|1|29|9|3|1|0|10|8|0|1|0
RZ1|299|1|Don|5|7|5|7|1|1|1|0|0
RZ1|CHK|299|1|29|9|3|1|0|10|8|0|1|0
RZ1|300|1|Don|5|8|5|8|1|1|1|0|0
RZ1|CHK|300|1|29|9|3|1|0|10|8|0|1|0
[You] Deploy Boa Hancock ["OP14-112">OP14-112]
RZ1|301|1|OP14-112|1|0|2|3|1|1|0|0|0
RZ1|CHK|301|1|29|8|4|1|0|10|8|0|1|0
[You] Boa Hancock ["OP14-112">OP14-112]: Add card to top of Life from Deck
RZ1|302|1|EB04-058|0|28|3|1|1|0|0|0|0
RZ1|CHK|302|1|28|8|4|2|0|10|8|0|1|0
RZ1|303|1|Don|5|9|9|9900|1|1|0|0|0
RZ1|CHK|303|1|28|8|4|2|0|9|8|0|1|1
[You] Attach 1 Don to Boa Hancock ["OP14-041">OP14-041] (1 Total)
[You] Boa Hancock ["OP14-041">OP14-041] attacking Jewelry Bonney ["OP07-019">OP07-019]
[Opponent] Jewelry Bonney ["OP07-019">OP07-019]: Rest 1 Don
RZ1|304|2|Don|5|9|5|9|1|1|1|0|0
RZ1|CHK|304|2|17|6|5|3|0|10|9|0|1|0
[Opponent] Jewelry Bonney ["OP07-019">OP07-019]: Rest Boa Hancock ["OP14-112">OP14-112]
Boa Hancock ["OP14-041">OP14-041][6000] vs Jewelry Bonney ["OP07-019">OP07-019][5000]
Jewelry Bonney ["OP07-019">OP07-019] hit for 1 damage
RZ1|305|2|EB01-015|3|2|1|6|1|1|0|0|0
RZ1|CHK|305|2|17|7|5|2|0|10|9|0|1|0
[You] Gorgon Sisters ["OP14-105">OP14-105] attacking Jewelry Bonney ["OP07-019">OP07-019]
RZ1|306|2|OP01-051|1|4|6|9|1|1|0|0|0
RZ1|CHK|306|2|17|6|5|2|0|10|10|0|1|0
[Opponent] Trash Eustass "Captain" Kid ["OP01-051">OP01-051]
RZ1|307|2|OP05-037|1|3|6|10|1|1|0|0|0
RZ1|CHK|307|2|17|5|5|2|0|10|11|0|1|0
[Opponent] Whoever Wins This War Becomes Justice!! ["OP05-037">OP05-037]: Counter 3000
[Opponent] Discard Scratchmen Apoo ["EB01-015">EB01-015] for Counter 2000
RZ1|308|2|EB01-015|1|4|6|11|1|1|0|0|0
RZ1|CHK|308|2|17|4|5|2|0|10|12|0|1|0
Gorgon Sisters ["OP14-105">OP14-105][5000] vs Jewelry Bonney ["OP07-019">OP07-019][10000]
Attack Fails
[] Hand: [OP14-112,OP14-112,OP15-113,OP14-114,OP14-104,OP14-112,OP14-104,OP14-104]
[] Board: [OP14-114,OP16-119,OP14-105,OP14-112]
[] Trash: [OP06-115,OP16-113,OP06-106,OP06-115,OP11-054,OP16-119,OP17-109,OP16-113]
[] Life: 2
[] Hand: [OP01-058,OP07-029,ST02-013,ST02-013]
[] Trash: [OP07-026,OP07-021,ST02-007,OP05-030,EB01-015,OP07-021,ST02-007,EB01-015,OP07-021,OP01-051,OP05-037,EB01-015]
[] Board: [ST02-007,EB01-015,EB01-012,ST16-004,OP04-031]
[] Life: 2
[You] End Turn
[] Hand: [OP01-058,OP07-029,ST02-013,ST02-013]
[] Board: [ST02-007,EB01-015,EB01-012,ST16-004,OP04-031]
[] Trash: [OP07-026,OP07-021,ST02-007,OP05-030,EB01-015,OP07-021,ST02-007,EB01-015,OP07-021,OP01-051,OP05-037,EB01-015]
[] Life: 2
[] Hand: [OP14-112,OP14-112,OP15-113,OP14-114,OP14-104,OP14-112,OP14-104,OP14-104]
[] Trash: [OP06-115,OP16-113,OP06-106,OP06-115,OP11-054,OP16-119,OP17-109,OP16-113]
[] Board: [OP14-114,OP16-119,OP14-105,OP14-112]
[] Life: 2
[Opponent] Draw 1 Card
[] Drew card from deck: Jewelry Bonney ["ST02-007">ST02-007]
RZ1|309|2|ST02-007|0|16|1|4|1|1|0|0|0
RZ1|CHK|309|2|16|5|5|2|0|10|12|0|1|0
RZ1|310|2|Don|5|0|5|0|1|1|1|0|0
RZ1|CHK|310|2|16|5|5|2|0|10|12|0|1|0
RZ1|311|2|Don|5|1|5|1|1|1|1|0|0
RZ1|CHK|311|2|16|5|5|2|0|10|12|0|1|0
RZ1|312|2|Don|5|2|5|2|1|1|1|0|0
RZ1|CHK|312|2|16|5|5|2|0|10|12|0|1|0
RZ1|313|2|Don|5|3|5|3|1|1|1|0|0
RZ1|CHK|313|2|16|5|5|2|0|10|12|0|1|0
RZ1|314|2|Don|5|4|5|4|1|1|1|0|0
RZ1|CHK|314|2|16|5|5|2|0|10|12|0|1|0
RZ1|315|2|Don|5|5|5|5|1|1|1|0|0
RZ1|CHK|315|2|16|5|5|2|0|10|12|0|1|0
[Opponent] Trash Scratchmen Apoo ["EB01-015">EB01-015]
[Opponent] Deploy Basil Hawkins ["OP07-029">OP07-029]
RZ1|316|2|EB01-015|2|1|6|12|1|1|0|0|0
RZ1|CHK|316|2|16|5|4|2|0|10|13|0|1|0
RZ1|317|2|OP07-029|1|1|2|4|1|1|0|0|0
RZ1|CHK|317|2|16|4|5|2|0|10|13|0|1|0
RZ1|318|2|Don|5|6|9|9900|1|1|0|0|0
RZ1|CHK|318|2|16|4|5|2|0|9|13|0|1|1
RZ1|319|2|Don|5|6|9|9901|1|1|0|0|0
RZ1|CHK|319|2|16|4|5|2|0|8|13|0|1|2
[Opponent] Attach 2 Don to Jewelry Bonney ["OP07-019">OP07-019] (2 Total)
[Opponent] Jewelry Bonney ["OP07-019">OP07-019] attacking Boa Hancock ["OP14-041">OP14-041]
Jewelry Bonney ["OP07-019">OP07-019][7000] vs Boa Hancock ["OP14-041">OP14-041][5000]
Boa Hancock ["OP14-041">OP14-041] hit for 1 damage
RZ1|320|1|EB04-058|3|1|1|8|1|1|0|0|0
RZ1|CHK|320|1|28|9|4|1|0|9|8|0|1|1
[Opponent] Cavendish ["EB01-012">EB01-012] attacking Boa Hancock ["OP14-041">OP14-041]
[Opponent] Cavendish ["EB01-012">EB01-012]: Activate 1 Don
RZ1|321|2|Don|5|5|5|5|1|1|0|0|0
RZ1|CHK|321|2|16|4|5|2|0|8|13|0|1|2
[Opponent] Cavendish ["EB01-012">EB01-012]: Activate 1 Don
RZ1|322|2|Don|5|4|5|4|1|1|0|0|0
RZ1|CHK|322|2|16|4|5|2|0|8|13|0|1|2
[You] Discard Ran ["OP14-114">OP14-114] for Counter 1000
RZ1|323|1|OP14-114|1|3|6|8|1|1|0|0|0
RZ1|CHK|323|1|28|8|4|1|0|9|9|0|1|1
[You] Discard Borsalino ["EB04-058">EB04-058] for Counter 1000
RZ1|324|1|EB04-058|1|7|6|9|1|1|0|0|0
RZ1|CHK|324|1|28|7|4|1|0|9|10|0|1|1
Cavendish ["EB01-012">EB01-012][6000] vs Boa Hancock ["OP14-041">OP14-041][7000]
Attack Fails
[Opponent] Shanks ["ST16-004">ST16-004] attacking Boa Hancock ["OP14-041">OP14-041]
Shanks ["ST16-004">ST16-004][11000] vs Boa Hancock ["OP14-041">OP14-041][5000]
Boa Hancock ["OP14-041">OP14-041] hit for 1 damage
RZ1|325|1|OP14-104|3|0|1|7|1|1|0|0|0
RZ1|CHK|325|1|28|8|4|0|0|9|10|0|1|1
[You] Gecko Moria ["OP14-104">OP14-104]: Activate Trigger
RZ1|326|1|OP14-104|1|7|6|10|1|1|0|0|0
RZ1|CHK|326|1|28|7|4|0|0|9|11|0|1|1
[You] Gecko Moria ["OP14-104">OP14-104]: Deployed Kouzuki Hiyori ["OP06-106">OP06-106] from Trash
RZ1|327|1|OP06-106|6|2|2|4|1|1|0|0|0
RZ1|CHK|327|1|28|7|5|0|0|9|10|0|1|1
[] Drew card from deck: Gravity Blade Raging Tiger ["OP06-058">OP06-058]
RZ1|328|1|OP06-058|0|27|1|7|1|1|0|0|0
RZ1|CHK|328|1|27|8|5|0|0|9|10|0|1|1
[You] Boa Hancock ["OP14-041">OP14-041]: Draw 1 Card
[Opponent] Donquixote Doflamingo ["OP04-031">OP04-031] attacking Boa Hancock ["OP14-041">OP14-041]
Donquixote Doflamingo ["OP04-031">OP04-031][10000] vs Boa Hancock ["OP14-041">OP14-041][5000]
Boa Hancock ["OP14-041">OP14-041] hit for 1 damage
[You] <b>Downloaded the Combat Log!</b>
GameOver