Version is 1.41b.77
[You] Leader is Charlotte Katakuri ["OP11-062">OP11-062]
RZ1|HDR|1.41b|2|RZ1
RZ1|PLY|1||OP11-062
RZ1|PLY|2||
[Opponent] Leader is Portgas D. Ace ["OP16-001">OP16-001]
RZ1|1|2|OP16-010|0|6|0|0|0|0|0|0|0
RZ1|CHK|1|2|50|0|0|0|10|0|0|0|1|0
RZ1|2|2|EB01-002|0|20|0|1|0|0|0|0|0
RZ1|CHK|2|2|50|0|0|0|10|0|0|0|1|0
RZ1|3|2|OP13-016|0|5|0|2|0|0|0|0|0
RZ1|CHK|3|2|50|0|0|0|10|0|0|0|1|0
RZ1|4|2|OP16-010|0|7|0|3|0|0|0|0|0
RZ1|CHK|4|2|50|0|0|0|10|0|0|0|1|0
RZ1|5|2|OP16-015|0|12|0|4|0|0|0|0|0
RZ1|CHK|5|2|50|0|0|0|10|0|0|0|1|0
RZ1|6|2|OP16-003|0|38|0|5|0|0|0|0|0
RZ1|CHK|6|2|50|0|0|0|10|0|0|0|1|0
RZ1|7|2|OP16-017|0|19|0|6|0|0|0|0|0
RZ1|CHK|7|2|50|0|0|0|10|0|0|0|1|0
RZ1|8|2|OP16-017|0|18|0|7|0|0|0|0|0
RZ1|CHK|8|2|50|0|0|0|10|0|0|0|1|0
RZ1|9|2|OP16-011|0|25|0|8|0|0|0|0|0
RZ1|CHK|9|2|50|0|0|0|10|0|0|0|1|0
RZ1|10|2|OP16-005|0|41|0|9|0|0|0|0|0
RZ1|CHK|10|2|50|0|0|0|10|0|0|0|1|0
RZ1|11|2|OP16-003|0|40|0|10|0|0|0|0|0
RZ1|CHK|11|2|50|0|0|0|10|0|0|0|1|0
RZ1|12|2|OP16-010|0|15|0|11|0|0|0|0|0
RZ1|CHK|12|2|50|0|0|0|10|0|0|0|1|0
RZ1|13|2|OP16-015|0|20|0|12|0|0|0|0|0
RZ1|CHK|13|2|50|0|0|0|10|0|0|0|1|0
RZ1|14|2|OP16-014|0|32|0|13|0|0|0|0|0
RZ1|CHK|14|2|50|0|0|0|10|0|0|0|1|0
RZ1|15|2|OP16-011|0|30|0|14|0|0|0|0|0
RZ1|CHK|15|2|50|0|0|0|10|0|0|0|1|0
RZ1|16|2|OP16-118|0|28|0|15|0|0|0|0|0
RZ1|CHK|16|2|50|0|0|0|10|0|0|0|1|0
RZ1|17|2|OP16-021|0|48|0|16|0|0|0|0|0
RZ1|CHK|17|2|50|0|0|0|10|0|0|0|1|0
RZ1|18|2|OP10-005|0|23|0|17|0|0|0|0|0
RZ1|CHK|18|2|50|0|0|0|10|0|0|0|1|0
RZ1|19|2|OP16-021|0|47|0|18|0|0|0|0|0
RZ1|CHK|19|2|50|0|0|0|10|0|0|0|1|0
RZ1|20|2|OP16-014|0|36|0|19|0|0|0|0|0
RZ1|CHK|20|2|50|0|0|0|10|0|0|0|1|0
RZ1|21|2|OP16-004|0|39|0|20|0|0|0|0|0
RZ1|CHK|21|2|50|0|0|0|10|0|0|0|1|0
RZ1|22|2|OP16-003|0|42|0|21|0|0|0|0|0
RZ1|CHK|22|2|50|0|0|0|10|0|0|0|1|0
RZ1|23|2|OP16-118|0|33|0|22|0|0|0|0|0
RZ1|CHK|23|2|50|0|0|0|10|0|0|0|1|0
RZ1|24|2|OP16-003|0|42|0|23|0|0|0|0|0
RZ1|CHK|24|2|50|0|0|0|10|0|0|0|1|0
RZ1|25|2|OP16-015|0|30|0|25|0|0|0|0|0
RZ1|CHK|25|2|50|0|0|0|10|0|0|0|1|0
RZ1|26|2|OP16-005|0|44|0|26|0|0|0|0|0
RZ1|CHK|26|2|50|0|0|0|10|0|0|0|1|0
RZ1|27|2|OP16-005|0|44|0|27|0|0|0|0|0
RZ1|CHK|27|2|50|0|0|0|10|0|0|0|1|0
RZ1|28|2|OP14-018|0|46|0|28|0|0|0|0|0
RZ1|CHK|28|2|50|0|0|0|10|0|0|0|1|0
RZ1|29|2|OP14-018|0|47|0|29|0|0|0|0|0
RZ1|CHK|29|2|50|0|0|0|10|0|0|0|1|0
RZ1|30|2|OP16-004|0|46|0|30|0|0|0|0|0
RZ1|CHK|30|2|50|0|0|0|10|0|0|0|1|0
RZ1|31|2|OP16-021|0|48|0|31|0|0|0|0|0
RZ1|CHK|31|2|50|0|0|0|10|0|0|0|1|0
RZ1|32|2|OP13-016|0|33|0|32|0|0|0|0|0
RZ1|CHK|32|2|50|0|0|0|10|0|0|0|1|0
RZ1|33|2|OP16-015|0|37|0|33|0|0|0|0|0
RZ1|CHK|33|2|50|0|0|0|10|0|0|0|1|0
RZ1|34|2|OP16-004|0|47|0|34|0|0|0|0|0
RZ1|CHK|34|2|50|0|0|0|10|0|0|0|1|0
RZ1|35|2|OP16-021|0|49|0|35|0|0|0|0|0
RZ1|CHK|35|2|50|0|0|0|10|0|0|0|1|0
RZ1|36|2|OP16-118|0|43|0|36|0|0|0|0|0
RZ1|CHK|36|2|50|0|0|0|10|0|0|0|1|0
RZ1|37|2|OP16-017|0|42|0|37|0|0|0|0|0
RZ1|CHK|37|2|50|0|0|0|10|0|0|0|1|0
RZ1|38|2|OP16-017|0|42|0|38|0|0|0|0|0
RZ1|CHK|38|2|50|0|0|0|10|0|0|0|1|0
RZ1|39|2|OP10-005|0|42|0|39|0|0|0|0|0
RZ1|CHK|39|2|50|0|0|0|10|0|0|0|1|0
RZ1|40|2|OP16-005|0|49|0|40|0|0|0|0|0
RZ1|CHK|40|2|50|0|0|0|10|0|0|0|1|0
RZ1|41|2|OP16-014|0|48|0|42|0|0|0|0|0
RZ1|CHK|41|2|50|0|0|0|10|0|0|0|1|0
RZ1|42|2|OP16-011|0|47|0|44|0|0|0|0|0
RZ1|CHK|42|2|50|0|0|0|10|0|0|0|1|0
RZ1|43|2|EB01-002|0|46|0|45|0|0|0|0|0
RZ1|CHK|43|2|50|0|0|0|10|0|0|0|1|0
RZ1|44|2|OP16-011|0|47|0|46|0|0|0|0|0
RZ1|CHK|44|2|50|0|0|0|10|0|0|0|1|0
RZ1|45|2|OP16-004|0|49|0|47|0|0|0|0|0
RZ1|CHK|45|2|50|0|0|0|10|0|0|0|1|0
RZ1|46|2|OP16-014|0|49|0|48|0|0|0|0|0
RZ1|CHK|46|2|50|0|0|0|10|0|0|0|1|0
[] Drew card from deck: We're Going to Claim the One Piece!!! ["OP07-077">OP07-077]
RZ1|47|1|OP07-077|0|49|1|0|1|1|0|0|0
RZ1|CHK|47|1|49|1|0|0|10|0|0|0|1|0
[] Drew card from deck: Charlotte Cracker ["ST34-002">ST34-002]
RZ1|48|1|ST34-002|0|48|1|1|1|1|0|0|0
RZ1|CHK|48|1|48|2|0|0|10|0|0|0|1|0
[] Drew card from deck: Mamaragan ["OP15-078">OP15-078]
RZ1|49|1|OP15-078|0|47|1|2|1|1|0|0|0
RZ1|CHK|49|1|47|3|0|0|10|0|0|0|1|0
[] Drew card from deck: Charlotte Linlin ["OP11-073">OP11-073]
RZ1|50|1|OP11-073|0|46|1|3|1|1|0|0|0
RZ1|CHK|50|1|46|4|0|0|10|0|0|0|1|0
[] Drew card from deck: Charlotte Brulee ["ST34-003">ST34-003]
RZ1|51|1|ST34-003|0|45|1|4|1|1|0|0|0
RZ1|CHK|51|1|45|5|0|0|10|0|0|0|1|0
[] Drew card from deck: Sanji ["OP10-005">OP10-005]
RZ1|52|2|OP10-005|0|49|1|0|1|1|0|0|0
RZ1|CHK|52|2|49|1|0|0|10|0|0|0|1|0
[] Drew card from deck: Marco ["OP16-014">OP16-014]
RZ1|53|2|OP16-014|0|48|1|1|1|1|0|0|0
RZ1|CHK|53|2|48|2|0|0|10|0|0|0|1|0
[] Drew card from deck: Curiel ["OP16-004">OP16-004]
RZ1|54|2|OP16-004|0|47|1|2|1|1|0|0|0
RZ1|CHK|54|2|47|3|0|0|10|0|0|0|1|0
[] Drew card from deck: Vista ["OP16-011">OP16-011]
RZ1|55|2|OP16-011|0|46|1|3|1|1|0|0|0
RZ1|CHK|55|2|46|4|0|0|10|0|0|0|1|0
[] Drew card from deck: Izou ["EB01-002">EB01-002]
RZ1|56|2|EB01-002|0|45|1|4|1|1|0|0|0
RZ1|CHK|56|2|45|5|0|0|10|0|0|0|1|0
RZ1|57|1|OP11-067|0|44|3|0|1|0|0|0|0
RZ1|CHK|57|1|44|5|0|1|10|0|0|0|1|0
RZ1|58|1|ST34-004|0|43|3|1|1|0|0|0|0
RZ1|CHK|58|1|43|5|0|2|10|0|0|0|1|0
RZ1|59|1|OP11-067|0|42|3|2|1|0|0|0|0
RZ1|CHK|59|1|42|5|0|3|10|0|0|0|1|0
RZ1|60|1|OP11-070|0|41|3|3|1|0|0|0|0
RZ1|CHK|60|1|41|5|0|4|10|0|0|0|1|0
RZ1|61|1|ST34-003|0|40|3|4|1|0|0|0|0
RZ1|CHK|61|1|40|5|0|5|10|0|0|0|1|0
RZ1|62|2|OP16-011|0|44|3|0|0|1|0|0|0
RZ1|CHK|62|2|44|5|0|1|10|0|0|0|1|0
RZ1|63|2|OP16-010|0|43|3|1|0|1|0|0|0
RZ1|CHK|63|2|43|5|0|2|10|0|0|0|1|0
RZ1|64|2|OP16-014|0|42|3|2|0|1|0|0|0
RZ1|CHK|64|2|42|5|0|3|10|0|0|0|1|0
RZ1|65|2|OP13-016|0|41|3|3|0|1|0|0|0
RZ1|CHK|65|2|41|5|0|4|10|0|0|0|1|0
RZ1|66|2|OP16-005|0|40|3|4|0|1|0|0|0
RZ1|CHK|66|2|40|5|0|5|10|0|0|0|1|0
[] Hand: [OP07-077,ST34-002,OP15-078,OP11-073,ST34-003]
[] Board: []
[] Trash: []
[] Life: 5
[] Hand: [OP10-005,OP16-014,OP16-004,OP16-011,EB01-002]
[] Trash: []
[] Board: []
[] Life: 5
RZ1|67|1|Don|4|9|5|0|1|1|0|0|0
RZ1|CHK|67|1|40|5|0|5|9|1|0|0|1|0
[You] Draw 1 Don
[You] We're Going to Claim the One Piece!!! ["OP07-077">OP07-077]: Rest 1 Don
RZ1|68|1|Don|5|0|5|0|1|1|1|0|0
RZ1|CHK|68|1|40|5|0|5|9|1|0|0|1|0
RZ1|69|1|OP07-077|1|0|6|0|1|1|0|0|0
RZ1|CHK|69|1|40|4|0|5|9|1|1|0|1|0
RZ1|70|1|PRB02-010|0|37|1|4|1|1|0|0|0
RZ1|CHK|70|1|39|5|0|5|9|1|1|0|1|0
[You] We're Going to Claim the One Piece!!! ["OP07-077">OP07-077]: <b>Reveal and Draw Charlotte Pudding ["PRB02-010">PRB02-010]</b>
[You] Placing Cards on Bottom of Deck
RZ1|71|1|ST34-003|0|38|0|0|0|0|0|0|0
RZ1|CHK|71|1|39|5|0|5|9|1|1|0|1|0
RZ1|72|1|ST34-005|0|38|0|0|0|0|0|0|0
RZ1|CHK|72|1|39|5|0|5|9|1|1|0|1|0
RZ1|73|1|OP07-077|0|38|0|0|0|0|0|0|0
RZ1|CHK|73|1|39|5|0|5|9|1|1|0|1|0
RZ1|74|1|OP08-069|0|38|0|0|0|0|0|0|0
RZ1|CHK|74|1|39|5|0|5|9|1|1|0|1|0
[] Hand: [ST34-002,OP15-078,OP11-073,ST34-003,PRB02-010]
[] Board: []
[] Trash: [OP07-077]
[] Life: 5
[] Hand: [OP10-005,OP16-014,OP16-004,OP16-011,EB01-002]
[] Trash: []
[] Board: []
[] Life: 5
[You] End Turn
[] Hand: [OP10-005,OP16-014,OP16-004,OP16-011,EB01-002]
[] Board: []
[] Trash: []
[] Life: 5
[] Hand: [ST34-002,OP15-078,OP11-073,ST34-003,PRB02-010]
[] Trash: [OP07-077]
[] Board: []
[] Life: 5
[Opponent] Draw 1 Card
[] Drew card from deck: Sanji ["OP10-005">OP10-005]
RZ1|75|2|OP10-005|0|39|1|5|1|1|0|0|0
RZ1|CHK|75|2|39|6|0|5|10|0|0|0|1|0
RZ1|76|2|Don|4|9|5|0|1|1|0|0|0
RZ1|CHK|76|2|39|6|0|5|9|1|0|0|1|0
RZ1|77|2|Don|4|8|5|1|1|1|0|0|0
RZ1|CHK|77|2|39|6|0|5|8|2|0|0|1|0
[Opponent] Draw 2 Don
[] Hand: [OP10-005,OP16-014,OP16-004,OP16-011,EB01-002,OP10-005]
[] Board: []
[] Trash: []
[] Life: 5
[] Hand: [ST34-002,OP15-078,OP11-073,ST34-003,PRB02-010]
[] Trash: [OP07-077]
[] Board: []
[] Life: 5
[Opponent] End Turn
[] Hand: [ST34-002,OP15-078,OP11-073,ST34-003,PRB02-010]
[] Board: []
[] Trash: [OP07-077]
[] Life: 5
[] Hand: [OP10-005,OP16-014,OP16-004,OP16-011,EB01-002,OP10-005]
[] Trash: []
[] Board: []
[] Life: 5
[You] Draw 1 Card
[] Drew card from deck: Charlotte Katakuri ["ST34-001">ST34-001]
RZ1|78|1|ST34-001|0|38|1|5|1|1|0|0|0
RZ1|CHK|78|1|38|6|0|5|9|1|1|0|1|0
RZ1|79|1|Don|4|8|5|1|1|1|0|0|0
RZ1|CHK|79|1|38|6|0|5|8|2|1|0|1|0
RZ1|80|1|Don|4|7|5|2|1|1|0|0|0
RZ1|CHK|80|1|38|6|0|5|7|3|1|0|1|0
[You] Draw 2 Don
RZ1|81|1|Don|5|0|5|0|1|1|1|0|0
RZ1|CHK|81|1|38|6|0|5|7|3|1|0|1|0
[You] Deploy Charlotte Brulee ["ST34-003">ST34-003]
RZ1|82|1|ST34-003|1|3|2|0|1|1|0|0|0
RZ1|CHK|82|1|38|5|1|5|7|3|1|0|1|0
RZ1|83|1|OP11-070|0|37|1|5|1|1|0|0|0
RZ1|CHK|83|1|37|6|1|5|7|3|1|0|1|0
[You] Charlotte Brulee ["ST34-003">ST34-003]: <b>Reveal and Draw Charlotte Pudding ["OP11-070">OP11-070]</b>
[You] Placing Cards on Bottom of Deck
RZ1|84|1|ST18-001|0|36|0|0|0|0|0|0|0
RZ1|CHK|84|1|37|6|1|5|7|3|1|0|1|0
RZ1|85|1|OP15-078|0|36|0|0|0|0|0|0|0
RZ1|CHK|85|1|37|6|1|5|7|3|1|0|1|0
RZ1|86|1|Don|5|1|5|1|1|1|1|0|0
RZ1|CHK|86|1|37|6|1|5|7|3|1|0|1|0
[You] Deploy Charlotte Pudding ["OP11-070">OP11-070]
RZ1|87|1|OP11-070|1|5|2|1|1|1|0|0|0
RZ1|CHK|87|1|37|5|2|5|7|3|1|0|1|0
RZ1|88|1|PRB02-010|0|36|1|5|1|1|0|0|0
RZ1|CHK|88|1|36|6|2|5|7|3|1|0|1|0
[You] Charlotte Pudding ["OP11-070">OP11-070]: <b>Reveal and Draw Charlotte Pudding ["PRB02-010">PRB02-010]</b>
[You] Placing Cards on Bottom of Deck
RZ1|89|1|ST34-002|0|35|0|0|0|0|0|0|0
RZ1|CHK|89|1|36|6|2|5|7|3|1|0|1|0
RZ1|90|1|ST18-001|0|35|0|0|0|0|0|0|0
RZ1|CHK|90|1|36|6|2|5|7|3|1|0|1|0
RZ1|91|1|ST34-001|0|35|0|0|0|0|0|0|0
RZ1|CHK|91|1|36|6|2|5|7|3|1|0|1|0
RZ1|92|1|OP13-076|0|35|0|0|0|0|0|0|0
RZ1|CHK|92|1|36|6|2|5|7|3|1|0|1|0
[You] Attach 1 Don to Charlotte Katakuri ["OP11-062">OP11-062] (1 Total)
RZ1|93|1|Don|5|2|9|9900|1|1|0|0|0
RZ1|CHK|93|1|36|6|2|5|7|2|1|0|1|1
[You] Charlotte Katakuri ["OP11-062">OP11-062] attacking Portgas D. Ace ["OP16-001">OP16-001]
[Opponent] Discard Curiel ["OP16-004">OP16-004] for Counter 2000
RZ1|94|2|OP16-004|1|2|6|0|1|1|0|0|0
RZ1|CHK|94|2|39|5|0|5|8|2|1|0|1|0
Charlotte Katakuri ["OP11-062">OP11-062][6000] vs Portgas D. Ace ["OP16-001">OP16-001][7000]
Attack Fails
[] Hand: [ST34-002,OP15-078,OP11-073,PRB02-010,ST34-001,PRB02-010]
[] Board: [ST34-003,OP11-070]
[] Trash: [OP07-077]
[] Life: 5
[] Hand: [OP10-005,OP16-014,OP16-011,EB01-002,OP10-005]
[] Trash: [OP16-004]
[] Board: []
[] Life: 5
[You] End Turn
[] Hand: [OP10-005,OP16-014,OP16-011,EB01-002,OP10-005]
[] Board: []
[] Trash: [OP16-004]
[] Life: 5
[] Hand: [ST34-002,OP15-078,OP11-073,PRB02-010,ST34-001,PRB02-010]
[] Trash: [OP07-077]
[] Board: [ST34-003,OP11-070]
[] Life: 5
[Opponent] Draw 1 Card
[] Drew card from deck: LittleOars Jr. ["OP16-017">OP16-017]
RZ1|95|2|OP16-017|0|38|1|5|1|1|0|0|0
RZ1|CHK|95|2|38|6|0|5|8|2|1|0|1|0
RZ1|96|2|Don|4|7|5|2|1|1|0|0|0
RZ1|CHK|96|2|38|6|0|5|7|3|1|0|1|0
RZ1|97|2|Don|4|6|5|3|1|1|0|0|0
RZ1|CHK|97|2|38|6|0|5|6|4|1|0|1|0
[Opponent] Draw 2 Don
RZ1|98|2|Don|5|0|5|0|1|1|1|0|0
RZ1|CHK|98|2|38|6|0|5|6|4|1|0|1|0
RZ1|99|2|Don|5|1|5|1|1|1|1|0|0
RZ1|CHK|99|2|38|6|0|5|6|4|1|0|1|0
RZ1|100|2|Don|5|2|5|2|1|1|1|0|0
RZ1|CHK|100|2|38|6|0|5|6|4|1|0|1|0
[Opponent] Deploy Sanji ["OP10-005">OP10-005]
RZ1|101|2|OP10-005|1|0|2|0|1|1|0|3000|0
RZ1|CHK|101|2|38|5|1|5|6|4|1|0|1|0
[Opponent] Portgas D. Ace ["OP16-001">OP16-001] attacking Charlotte Katakuri ["OP11-062">OP11-062]
Portgas D. Ace ["OP16-001">OP16-001][5000] vs Charlotte Katakuri ["OP11-062">OP11-062][5000]
Charlotte Katakuri ["OP11-062">OP11-062] hit for 1 damage
RZ1|102|1|ST34-003|3|4|1|6|1|1|0|0|0
RZ1|CHK|102|1|36|7|2|4|7|2|1|0|1|1
[] Hand: [OP16-014,OP16-011,EB01-002,OP10-005,OP16-017]
[] Board: [OP10-005]
[] Trash: [OP16-004]
[] Life: 5
[] Hand: [ST34-002,OP15-078,OP11-073,PRB02-010,ST34-001,PRB02-010,ST34-003]
[] Trash: [OP07-077]
[] Board: [ST34-003,OP11-070]
[] Life: 4
[Opponent] End Turn
[] Hand: [ST34-002,OP15-078,OP11-073,PRB02-010,ST34-001,PRB02-010,ST34-003]
[] Board: [ST34-003,OP11-070]
[] Trash: [OP07-077]
[] Life: 4
[] Hand: [OP16-014,OP16-011,EB01-002,OP10-005,OP16-017]
[] Trash: [OP16-004]
[] Board: [OP10-005]
[] Life: 5
RZ1|103|1|Don|9|9900|5|0|1|1|1|0|0
RZ1|CHK|103|1|36|7|2|4|7|3|1|0|1|0
[You] Draw 1 Card
[] Drew card from deck: Nola ["OP15-069">OP15-069]
RZ1|104|1|OP15-069|0|35|1|7|1|1|0|0|0
RZ1|CHK|104|1|35|8|2|4|7|3|1|0|1|0
RZ1|105|1|Don|4|6|5|3|1|1|0|0|0
RZ1|CHK|105|1|35|8|2|4|6|4|1|0|1|0
RZ1|106|1|Don|4|5|5|4|1|1|0|0|0
RZ1|CHK|106|1|35|8|2|4|5|5|1|0|1|0
[You] Draw 2 Don
RZ1|107|1|Don|5|0|5|0|1|1|1|0|0
RZ1|CHK|107|1|35|8|2|4|5|5|1|0|1|0
RZ1|108|1|Don|5|1|5|1|1|1|1|0|0
RZ1|CHK|108|1|35|8|2|4|5|5|1|0|1|0
RZ1|109|1|Don|5|2|5|2|1|1|1|0|0
RZ1|CHK|109|1|35|8|2|4|5|5|1|0|1|0
RZ1|110|1|Don|5|3|5|3|1|1|1|0|0
RZ1|CHK|110|1|35|8|2|4|5|5|1|0|1|0
RZ1|111|1|Don|5|4|5|4|1|1|1|0|0
RZ1|CHK|111|1|35|8|2|4|5|5|1|0|1|0
[You] Deploy Charlotte Katakuri ["ST34-001">ST34-001]
RZ1|112|1|ST34-001|1|4|2|2|1|1|0|0|0
RZ1|CHK|112|1|35|7|3|4|5|5|1|0|1|0
[You] Charlotte Katakuri ["OP11-062">OP11-062] attacking Portgas D. Ace ["OP16-001">OP16-001]
RZ1|113|1|Don|5|4|4|5|1|1|0|0|0
RZ1|CHK|113|1|35|7|3|4|6|4|1|0|1|0
[You] Charlotte Katakuri ["OP11-062">OP11-062]: Minus 1 Don
[You] Charlotte Katakuri ["OP11-062">OP11-062]: <b>Looked at opponent's top deck</b>
[You] Charlotte Katakuri ["OP11-062">OP11-062]: <b>Finished looking at opponent's top deck</b>
[You] Charlotte Katakuri ["OP11-062">OP11-062]: Buff Charlotte Katakuri ["OP11-062">OP11-062] 1000 for the Combat
Charlotte Katakuri ["ST34-001">ST34-001]: Draw 1 Rested Don
RZ1|114|1|Don|4|5|5|0|1|1|1|0|0
RZ1|CHK|114|1|35|7|3|4|5|5|1|0|1|0
Charlotte Katakuri ["ST34-001">ST34-001]: Draw 1 Rested Don
RZ1|115|1|Don|4|4|5|0|1|1|1|0|0
RZ1|CHK|115|1|35|7|3|4|4|6|1|0|1|0
Charlotte Katakuri ["OP11-062">OP11-062][6000] vs Portgas D. Ace ["OP16-001">OP16-001][5000]
Portgas D. Ace ["OP16-001">OP16-001] hit for 1 damage
RZ1|116|2|OP16-005|3|4|1|5|1|1|0|0|0
RZ1|CHK|116|2|38|6|1|4|6|4|1|0|1|0
[] Hand: [ST34-002,OP15-078,OP11-073,PRB02-010,PRB02-010,ST34-003,OP15-069]
[] Board: [ST34-003,OP11-070,ST34-001]
[] Trash: [OP07-077]
[] Life: 4
[] Hand: [OP16-014,OP16-011,EB01-002,OP10-005,OP16-017,OP16-005]
[] Trash: [OP16-004]
[] Board: [OP10-005]
[] Life: 4
[You] End Turn
[] Hand: [OP16-014,OP16-011,EB01-002,OP10-005,OP16-017,OP16-005]
[] Board: [OP10-005]
[] Trash: [OP16-004]
[] Life: 4
[] Hand: [ST34-002,OP15-078,OP11-073,PRB02-010,PRB02-010,ST34-003,OP15-069]
[] Trash: [OP07-077]
[] Board: [ST34-003,OP11-070,ST34-001]
[] Life: 4
[Opponent] Draw 1 Card
[] Drew card from deck: LittleOars Jr. ["OP16-017">OP16-017]
RZ1|117|2|OP16-017|0|37|1|6|1|1|0|0|0
RZ1|CHK|117|2|37|7|1|4|6|4|1|0|1|0
RZ1|118|2|Don|4|5|5|4|1|1|0|0|0
RZ1|CHK|118|2|37|7|1|4|5|5|1|0|1|0
RZ1|119|2|Don|4|4|5|5|1|1|0|0|0
RZ1|CHK|119|2|37|7|1|4|4|6|1|0|1|0
[Opponent] Draw 2 Don
[Opponent] Sanji ["OP10-005">OP10-005] attacking Charlotte Katakuri ["OP11-062">OP11-062]
[You] Discard Nola ["OP15-069">OP15-069] for Counter 2000
RZ1|120|1|OP15-069|1|6|6|1|1|1|0|0|0
RZ1|CHK|120|1|35|6|3|4|4|6|2|0|1|0
Sanji ["OP10-005">OP10-005][6000] vs Charlotte Katakuri ["OP11-062">OP11-062][7000]
Attack Fails
[Opponent] Portgas D. Ace ["OP16-001">OP16-001] attacking Charlotte Katakuri ["OP11-062">OP11-062]
[You] Discard Charlotte Cracker ["ST34-002">ST34-002] for Counter 1000
RZ1|121|1|ST34-002|1|0|6|2|1|1|0|0|0
RZ1|CHK|121|1|35|5|3|4|4|6|3|0|1|0
Portgas D. Ace ["OP16-001">OP16-001][5000] vs Charlotte Katakuri ["OP11-062">OP11-062][6000]
Attack Fails
RZ1|122|2|Don|5|0|5|0|1|1|1|0|0
RZ1|CHK|122|2|37|7|1|4|4|6|1|0|1|0
RZ1|123|2|Don|5|1|5|1|1|1|1|0|0
RZ1|CHK|123|2|37|7|1|4|4|6|1|0|1|0
RZ1|124|2|Don|5|2|5|2|1|1|1|0|0
RZ1|CHK|124|2|37|7|1|4|4|6|1|0|1|0
RZ1|125|2|Don|5|3|5|3|1|1|1|0|0
RZ1|CHK|125|2|37|7|1|4|4|6|1|0|1|0
RZ1|126|2|Don|5|4|5|4|1|1|1|0|0
RZ1|CHK|126|2|37|7|1|4|4|6|1|0|1|0
RZ1|127|2|Don|5|5|5|5|1|1|1|0|0
RZ1|CHK|127|2|37|7|1|4|4|6|1|0|1|0
[Opponent] Deploy Vista ["OP16-011">OP16-011]
RZ1|128|2|OP16-011|1|1|2|1|1|1|0|0|0
RZ1|CHK|128|2|37|6|2|4|4|6|1|0|1|0
[Opponent] Vista ["OP16-011">OP16-011] revealed: Marco ["OP16-014">OP16-014]
[Opponent] Forcing opponent to resolve Card Action!
[You] Forcing opponent to resolve Card Action!
[] Drew card from deck: Portgas D. Ace ["OP16-118">OP16-118]
RZ1|129|2|OP16-118|0|36|1|6|1|1|0|0|0
RZ1|CHK|129|2|36|7|2|4|4|6|1|0|1|0
[Opponent] Vista ["OP16-011">OP16-011]: Draw 1 Card
[Opponent] Portgas D. Ace ["OP16-001">OP16-001]: Give Vista ["OP16-011">OP16-011] Rush
[Opponent] Vista ["OP16-011">OP16-011] attacking Charlotte Katakuri ["OP11-062">OP11-062]
Vista ["OP16-011">OP16-011][8000] vs Charlotte Katakuri ["OP11-062">OP11-062][5000]
Charlotte Katakuri ["OP11-062">OP11-062] hit for 1 damage
RZ1|130|1|OP11-070|3|3|1|5|1|1|0|0|0
RZ1|CHK|130|1|35|6|3|3|4|6|3|0|1|0
[] Hand: [OP16-014,EB01-002,OP10-005,OP16-017,OP16-005,OP16-017,OP16-118]
[] Board: [OP10-005,OP16-011]
[] Trash: [OP16-004]
[] Life: 4
[] Hand: [OP15-078,OP11-073,PRB02-010,PRB02-010,ST34-003,OP11-070]
[] Trash: [OP07-077,OP15-069,ST34-002]
[] Board: [ST34-003,OP11-070,ST34-001]
[] Life: 3
[Opponent] End Turn
[] Hand: [OP15-078,OP11-073,PRB02-010,PRB02-010,ST34-003,OP11-070]
[] Board: [ST34-003,OP11-070,ST34-001]
[] Trash: [OP07-077,OP15-069,ST34-002]
[] Life: 3
[] Hand: [OP16-014,EB01-002,OP10-005,OP16-017,OP16-005,OP16-017,OP16-118]
[] Trash: [OP16-004]
[] Board: [OP10-005,OP16-011]
[] Life: 4
[You] Draw 1 Card
[] Drew card from deck: Charlotte Katakuri ["ST34-001">ST34-001]
RZ1|131|1|ST34-001|0|34|1|6|1|1|0|0|0
RZ1|CHK|131|1|34|7|3|3|4|6|3|0|1|0
RZ1|132|1|Don|4|3|5|6|1|1|0|0|0
RZ1|CHK|132|1|34|7|3|3|3|7|3|0|1|0
RZ1|133|1|Don|4|2|5|7|1|1|0|0|0
RZ1|CHK|133|1|34|7|3|3|2|8|3|0|1|0
[You] Draw 2 Don
RZ1|134|1|Don|5|0|5|0|1|1|1|0|0
RZ1|CHK|134|1|34|7|3|3|2|8|3|0|1|0
[You] Deploy Charlotte Pudding ["OP11-070">OP11-070]
RZ1|135|1|OP11-070|1|5|2|3|1|1|0|0|0
RZ1|CHK|135|1|34|6|4|3|2|8|3|0|1|0
RZ1|136|1|OP11-067|0|33|1|6|1|1|0|0|0
RZ1|CHK|136|1|33|7|4|3|2|8|3|0|1|0
[You] Charlotte Pudding ["OP11-070">OP11-070]: <b>Reveal and Draw Charlotte Katakuri ["OP11-067">OP11-067]</b>
[You] Placing Cards on Bottom of Deck
RZ1|137|1|ST34-002|0|32|0|0|0|0|0|0|0
RZ1|CHK|137|1|33|7|4|3|2|8|3|0|1|0
RZ1|138|1|OP07-077|0|32|0|0|0|0|0|0|0
RZ1|CHK|138|1|33|7|4|3|2|8|3|0|1|0
RZ1|139|1|OP15-078|0|32|0|0|0|0|0|0|0
RZ1|CHK|139|1|33|7|4|3|2|8|3|0|1|0
RZ1|140|1|OP08-069|0|32|0|0|0|0|0|0|0
RZ1|CHK|140|1|33|7|4|3|2|8|3|0|1|0
RZ1|141|1|Don|5|1|5|1|1|1|1|0|0
RZ1|CHK|141|1|33|7|4|3|2|8|3|0|1|0
RZ1|142|1|Don|5|2|5|2|1|1|1|0|0
RZ1|CHK|142|1|33|7|4|3|2|8|3|0|1|0
RZ1|143|1|Don|5|3|5|3|1|1|1|0|0
RZ1|CHK|143|1|33|7|4|3|2|8|3|0|1|0
RZ1|144|1|Don|5|4|5|4|1|1|1|0|0
RZ1|CHK|144|1|33|7|4|3|2|8|3|0|1|0
RZ1|145|1|Don|5|5|5|5|1|1|1|0|0
RZ1|CHK|145|1|33|7|4|3|2|8|3|0|1|0
RZ1|146|1|Don|5|6|5|6|1|1|1|0|0
RZ1|CHK|146|1|33|7|4|3|2|8|3|0|1|0
RZ1|147|1|Don|5|7|5|7|1|1|1|0|0
RZ1|CHK|147|1|33|7|4|3|2|8|3|0|1|0
[You] Deploy Charlotte Pudding ["PRB02-010">PRB02-010]
RZ1|148|1|PRB02-010|1|3|2|4|1|1|0|0|0
RZ1|CHK|148|1|33|6|5|3|2|8|3|0|1|0
RZ1|149|1|Don|5|7|4|2|1|1|0|0|0
RZ1|CHK|149|1|33|6|5|3|3|7|3|0|1|0
RZ1|150|1|Don|5|6|4|3|1|1|0|0|0
RZ1|CHK|150|1|33|6|5|3|4|6|3|0|1|0
[You] Charlotte Pudding ["PRB02-010">PRB02-010]: Minus 2 Don
[] Drew card from deck: Charlotte Linlin ["ST34-004">ST34-004]
RZ1|151|1|ST34-004|0|32|1|6|1|1|0|0|0
RZ1|CHK|151|1|32|7|5|3|4|6|3|0|1|0
[] Drew card from deck: Baron Tamago & Pekoms ["ST34-005">ST34-005]
RZ1|152|1|ST34-005|0|31|1|7|1|1|0|0|0
RZ1|CHK|152|1|31|8|5|3|4|6|3|0|1|0
[You] Charlotte Pudding ["PRB02-010">PRB02-010]: Draw 2 Card
RZ1|153|1|OP11-070|2|3|6|3|1|1|0|0|0
RZ1|CHK|153|1|31|8|4|3|4|6|4|0|1|0
[You] Trash Charlotte Pudding ["OP11-070">OP11-070]
RZ1|154|1|OP11-067|1|5|2|4|1|1|0|0|0
RZ1|CHK|154|1|31|7|5|3|4|6|4|0|1|0
[You] Charlotte Pudding ["PRB02-010">PRB02-010]: Deploy Charlotte Katakuri ["OP11-067">OP11-067]
Charlotte Katakuri ["ST34-001">ST34-001]: Draw 1 Rested Don
RZ1|155|1|Don|4|3|5|0|1|1|1|0|0
RZ1|CHK|155|1|31|7|5|3|3|7|4|0|1|0
Charlotte Katakuri ["ST34-001">ST34-001]: Draw 1 Rested Don
RZ1|156|1|Don|4|2|5|0|1|1|1|0|0
RZ1|CHK|156|1|31|7|5|3|2|8|4|0|1|0
[You] Charlotte Katakuri ["ST34-001">ST34-001] attacking Sanji ["OP10-005">OP10-005]
Charlotte Katakuri ["ST34-001">ST34-001][7000] vs Sanji ["OP10-005">OP10-005][3000]
[Opponent] Sanji ["OP10-005">OP10-005] Destroyed
RZ1|157|2|OP10-005|2|0|6|1|1|1|0|0|0
RZ1|CHK|157|2|36|7|1|4|4|6|2|0|1|0
[] Drew card from deck: Moby Dick ["OP16-021">OP16-021]
RZ1|158|2|OP16-021|0|35|1|7|1|1|0|0|0
RZ1|CHK|158|2|35|8|1|4|4|6|2|0|1|0
[Opponent] Sanji ["OP10-005">OP10-005]: Draw 1 Card
[You] Charlotte Katakuri ["OP11-062">OP11-062] attacking Portgas D. Ace ["OP16-001">OP16-001]
[Opponent] Discard Sanji ["OP10-005">OP10-005] for Counter 1000
RZ1|159|2|OP10-005|1|2|6|2|1|1|0|0|0
RZ1|CHK|159|2|35|7|1|4|4|6|3|0|1|0
Charlotte Katakuri ["OP11-062">OP11-062][5000] vs Portgas D. Ace ["OP16-001">OP16-001][6000]
Attack Fails
[You] Charlotte Katakuri ["OP11-067">OP11-067]: Set Charlotte Katakuri ["ST34-001">ST34-001] to Active
Charlotte Katakuri ["OP11-067">OP11-067]: Draw 1 Rested Don
RZ1|160|1|Don|4|1|5|0|1|1|1|0|0
RZ1|CHK|160|1|31|7|5|3|1|9|4|0|1|0
[] Hand: [OP15-078,OP11-073,PRB02-010,ST34-003,ST34-001,ST34-004,ST34-005]
[] Board: [ST34-003,OP11-070,ST34-001,PRB02-010,OP11-067]
[] Trash: [OP07-077,OP15-069,ST34-002,OP11-070]
[] Life: 3
[] Hand: [OP16-014,EB01-002,OP16-017,OP16-005,OP16-017,OP16-118,OP16-021]
[] Trash: [OP16-004,OP10-005,OP10-005]
[] Board: [OP16-011]
[] Life: 4
[You] End Turn
[] Hand: [OP16-014,EB01-002,OP16-017,OP16-005,OP16-017,OP16-118,OP16-021]
[] Board: [OP16-011]
[] Trash: [OP16-004,OP10-005,OP10-005]
[] Life: 4
[] Hand: [OP15-078,OP11-073,PRB02-010,ST34-003,ST34-001,ST34-004,ST34-005]
[] Trash: [OP07-077,OP15-069,ST34-002,OP11-070]
[] Board: [ST34-003,OP11-070,ST34-001,PRB02-010,OP11-067]
[] Life: 3
[Opponent] Draw 1 Card
[] Drew card from deck: Curiel ["OP16-004">OP16-004]
RZ1|161|2|OP16-004|0|34|1|7|1|1|0|0|0
RZ1|CHK|161|2|34|8|1|4|4|6|3|0|1|0
RZ1|162|2|Don|4|3|5|6|1|1|0|0|0
RZ1|CHK|162|2|34|8|1|4|3|7|3|0|1|0
RZ1|163|2|Don|4|2|5|7|1|1|0|0|0
RZ1|CHK|163|2|34|8|1|4|2|8|3|0|1|0
[Opponent] Draw 2 Don
[Opponent] Vista ["OP16-011">OP16-011] attacking Charlotte Katakuri ["OP11-062">OP11-062]
[You] Charlotte Katakuri ["OP11-067">OP11-067] Blocks
[You] Discard Baron Tamago & Pekoms ["ST34-005">ST34-005] for Counter 2000
RZ1|164|1|ST34-005|1|6|6|4|1|1|0|0|0
RZ1|CHK|164|1|31|6|5|3|1|9|5|0|1|0
Vista ["OP16-011">OP16-011][8000] vs Charlotte Katakuri ["OP11-067">OP11-067][10000]
Attack Fails
[Opponent] Portgas D. Ace ["OP16-001">OP16-001] attacking Charlotte Katakuri ["OP11-062">OP11-062]
RZ1|165|1|Don|5|8|4|1|1|1|0|0|0
RZ1|CHK|165|1|31|6|5|3|2|8|5|0|1|0
[You] Charlotte Katakuri ["OP11-062">OP11-062]: Minus 1 Don
[You] Charlotte Katakuri ["OP11-062">OP11-062]: <b>Looked at opponent's top deck</b>
[You] Charlotte Katakuri ["OP11-062">OP11-062]: <b>Finished looking at opponent's top deck</b>
[You] Charlotte Katakuri ["OP11-062">OP11-062]: Buff Charlotte Katakuri ["OP11-062">OP11-062] 1000 for the Combat
Portgas D. Ace ["OP16-001">OP16-001][5000] vs Charlotte Katakuri ["OP11-062">OP11-062][6000]
Attack Fails
RZ1|166|2|Don|5|0|5|0|1|1|1|0|0
RZ1|CHK|166|2|34|8|1|4|2|8|3|0|1|0
RZ1|167|2|Don|5|1|5|1|1|1|1|0|0
RZ1|CHK|167|2|34|8|1|4|2|8|3|0|1|0
RZ1|168|2|Don|5|2|5|2|1|1|1|0|0
RZ1|CHK|168|2|34|8|1|4|2|8|3|0|1|0
RZ1|169|2|Don|5|3|5|3|1|1|1|0|0
RZ1|CHK|169|2|34|8|1|4|2|8|3|0|1|0
RZ1|170|2|Don|5|4|5|4|1|1|1|0|0
RZ1|CHK|170|2|34|8|1|4|2|8|3|0|1|0
[Opponent] Deploy Izou ["EB01-002">EB01-002]
RZ1|171|2|EB01-002|1|1|2|1|1|1|0|0|0
RZ1|CHK|171|2|34|7|2|4|2|8|3|0|1|0
[Opponent] Izou ["EB01-002">EB01-002]: Attach 1 Rested Don to Vista ["OP16-011">OP16-011]
RZ1|172|2|Don|5|0|9|0|1|1|1|0|0
RZ1|CHK|172|2|34|7|2|4|2|7|3|0|1|1
RZ1|173|2|Don|5|4|5|4|1|1|1|0|0
RZ1|CHK|173|2|34|7|2|4|2|7|3|0|1|1
[Opponent] Deploy Moby Dick ["OP16-021">OP16-021]
RZ1|174|2|OP16-021|1|5|7|0|1|1|0|0|0
RZ1|CHK|174|2|34|6|2|4|2|7|3|1|1|1
RZ1|175|2|OP16-021|0|31|1|6|1|1|0|0|0
RZ1|CHK|175|2|33|7|2|4|2|7|3|1|1|1
[Opponent] Moby Dick ["OP16-021">OP16-021]: Added 1 Cards to Hand
[Opponent] Placing Cards on Bottom of Deck
RZ1|176|2|OP16-015|0|32|0|0|0|0|0|0|0
RZ1|CHK|176|2|33|7|2|4|2|7|3|1|1|1
RZ1|177|2|OP13-016|0|32|0|0|0|0|0|0|0
RZ1|CHK|177|2|33|7|2|4|2|7|3|1|1|1
[Opponent] Portgas D. Ace ["OP16-001">OP16-001]: Give Vista ["OP16-011">OP16-011] Rush
[] Hand: [OP16-014,OP16-017,OP16-005,OP16-017,OP16-118,OP16-004,OP16-021]
[] Board: [OP16-011,EB01-002]
[] Trash: [OP16-004,OP10-005,OP10-005]
[] Life: 4
[] Hand: [OP15-078,OP11-073,PRB02-010,ST34-003,ST34-001,ST34-004]
[] Trash: [OP07-077,OP15-069,ST34-002,OP11-070,ST34-005]
[] Board: [ST34-003,OP11-070,ST34-001,PRB02-010,OP11-067]
[] Life: 3
[Opponent] End Turn
[] Hand: [OP15-078,OP11-073,PRB02-010,ST34-003,ST34-001,ST34-004]
[] Board: [ST34-003,OP11-070,ST34-001,PRB02-010,OP11-067]
[] Trash: [OP07-077,OP15-069,ST34-002,OP11-070,ST34-005]
[] Life: 3
[] Hand: [OP16-014,OP16-017,OP16-005,OP16-017,OP16-118,OP16-004,OP16-021]
[] Trash: [OP16-004,OP10-005,OP10-005]
[] Board: [OP16-011,EB01-002]
[] Life: 4
[You] Draw 1 Card
[] Drew card from deck: Baron Tamago & Pekoms ["ST34-005">ST34-005]
RZ1|178|1|ST34-005|0|30|1|6|1|1|0|0|0
RZ1|CHK|178|1|30|7|5|3|2|8|5|0|1|0
RZ1|179|1|Don|4|1|5|8|1|1|0|0|0
RZ1|CHK|179|1|30|7|5|3|1|9|5|0|1|0
RZ1|180|1|Don|4|0|5|9|1|1|0|0|0
RZ1|CHK|180|1|30|7|5|3|0|10|5|0|1|0
[You] Draw 2 Don
[You] Charlotte Katakuri ["ST34-001">ST34-001] attacking Portgas D. Ace ["OP16-001">OP16-001]
RZ1|181|2|OP16-014|1|0|6|3|1|1|0|0|0
RZ1|CHK|181|2|33|6|2|4|2|7|4|1|1|1
[Opponent] Izou ["EB01-002">EB01-002]: Trash Marco ["OP16-014">OP16-014]
[Opponent] Izou ["EB01-002">EB01-002]: Buff Charlotte Katakuri ["OP11-067">OP11-067] -2000
[Opponent] Discard Curiel ["OP16-004">OP16-004] for Counter 2000
RZ1|182|2|OP16-004|1|4|6|4|1|1|0|0|0
RZ1|CHK|182|2|33|5|2|4|2|7|5|1|1|1
[Opponent] Discard Portgas D. Ace ["OP16-118">OP16-118] for Counter 1000
RZ1|183|2|OP16-118|1|3|6|5|1|1|0|0|0
RZ1|CHK|183|2|33|4|2|4|2|7|6|1|1|1
Charlotte Katakuri ["ST34-001">ST34-001][7000] vs Portgas D. Ace ["OP16-001">OP16-001][8000]
Attack Fails
[You] Charlotte Pudding ["PRB02-010">PRB02-010] attacking Portgas D. Ace ["OP16-001">OP16-001]
[Opponent] Discard Thatch ["OP16-005">OP16-005] for Counter 1000
RZ1|184|2|OP16-005|1|1|6|6|1|1|0|0|0
RZ1|CHK|184|2|33|3|2|4|2|7|7|1|1|1
Charlotte Pudding ["PRB02-010">PRB02-010][5000] vs Portgas D. Ace ["OP16-001">OP16-001][6000]
Attack Fails
[You] Charlotte Katakuri ["OP11-067">OP11-067] attacking Portgas D. Ace ["OP16-001">OP16-001]
Charlotte Katakuri ["OP11-067">OP11-067][6000] vs Portgas D. Ace ["OP16-001">OP16-001][5000]
Portgas D. Ace ["OP16-001">OP16-001] hit for 1 damage
RZ1|185|2|OP13-016|3|3|1|3|1|1|0|0|0
RZ1|CHK|185|2|33|4|2|3|2|7|7|1|1|1
[You] Charlotte Katakuri ["OP11-062">OP11-062] attacking Portgas D. Ace ["OP16-001">OP16-001]
[Opponent] Discard Monkey D. Garp ["OP13-016">OP13-016] for Counter 1000
RZ1|186|2|OP13-016|1|3|6|7|1|1|0|0|0
RZ1|CHK|186|2|33|3|2|3|2|7|8|1|1|1
Charlotte Katakuri ["OP11-062">OP11-062][5000] vs Portgas D. Ace ["OP16-001">OP16-001][6000]
Attack Fails
RZ1|187|1|Don|5|0|5|0|1|1|1|0|0
RZ1|CHK|187|1|30|7|5|3|0|10|5|0|1|0
RZ1|188|1|Don|5|1|5|1|1|1|1|0|0
RZ1|CHK|188|1|30|7|5|3|0|10|5|0|1|0
RZ1|189|1|Don|5|2|5|2|1|1|1|0|0
RZ1|CHK|189|1|30|7|5|3|0|10|5|0|1|0
RZ1|190|1|Don|5|3|5|3|1|1|1|0|0
RZ1|CHK|190|1|30|7|5|3|0|10|5|0|1|0
RZ1|191|1|Don|5|4|5|4|1|1|1|0|0
RZ1|CHK|191|1|30|7|5|3|0|10|5|0|1|0
RZ1|192|1|Don|5|5|5|5|1|1|1|0|0
RZ1|CHK|192|1|30|7|5|3|0|10|5|0|1|0
RZ1|193|1|Don|5|6|5|6|1|1|1|0|0
RZ1|CHK|193|1|30|7|5|3|0|10|5|0|1|0
RZ1|194|1|Don|5|7|5|7|1|1|1|0|0
RZ1|CHK|194|1|30|7|5|3|0|10|5|0|1|0
RZ1|195|1|Don|5|8|5|8|1|1|1|0|0
RZ1|CHK|195|1|30|7|5|3|0|10|5|0|1|0
RZ1|196|1|Don|5|9|5|9|1|1|1|0|0
RZ1|CHK|196|1|30|7|5|3|0|10|5|0|1|0
[You] Trash Charlotte Pudding ["OP11-070">OP11-070]
[You] Deploy Charlotte Linlin ["OP11-073">OP11-073]
RZ1|197|1|OP11-070|2|1|6|5|1|1|0|0|0
RZ1|CHK|197|1|30|7|4|3|0|10|6|0|1|0
RZ1|198|1|OP11-073|1|1|2|4|1|1|0|0|0
RZ1|CHK|198|1|30|6|5|3|0|10|6|0|1|0
[You] Charlotte Linlin ["OP11-073">OP11-073] attacking Vista ["OP16-011">OP16-011]
Charlotte Linlin ["OP11-073">OP11-073][12000] vs Vista ["OP16-011">OP16-011][8000]
[Opponent] Vista ["OP16-011">OP16-011] Destroyed
RZ1|199|2|Don|9|0|5|0|1|1|1|0|0
RZ1|CHK|199|2|33|3|2|3|2|8|8|1|1|0
RZ1|200|2|OP16-011|2|0|6|8|1|1|0|0|0
RZ1|CHK|200|2|33|3|1|3|2|8|9|1|1|0
[You] Charlotte Katakuri ["OP11-067">OP11-067]: Set Charlotte Katakuri ["OP11-067">OP11-067] to Active
[You] Charlotte Katakuri ["OP11-067">OP11-067]: Set Charlotte Linlin ["OP11-073">OP11-073] to Active
[] Hand: [OP15-078,PRB02-010,ST34-003,ST34-001,ST34-004,ST34-005]
[] Board: [ST34-003,ST34-001,PRB02-010,OP11-067,OP11-073]
[] Trash: [OP07-077,OP15-069,ST34-002,OP11-070,ST34-005,OP11-070]
[] Life: 3
[] Hand: [OP16-017,OP16-017,OP16-021]
[] Trash: [OP16-004,OP10-005,OP10-005,OP16-014,OP16-004,OP16-118,OP16-005,OP13-016,OP16-011]
[] Board: [EB01-002]
[] Life: 3
[You] End Turn
[] Hand: [OP16-017,OP16-017,OP16-021]
[] Board: [EB01-002]
[] Trash: [OP16-004,OP10-005,OP10-005,OP16-014,OP16-004,OP16-118,OP16-005,OP13-016,OP16-011]
[] Life: 3
[] Hand: [OP15-078,PRB02-010,ST34-003,ST34-001,ST34-004,ST34-005]
[] Trash: [OP07-077,OP15-069,ST34-002,OP11-070,ST34-005,OP11-070]
[] Board: [ST34-003,ST34-001,PRB02-010,OP11-067,OP11-073]
[] Life: 3
[Opponent] Draw 1 Card
[] Drew card from deck: Curiel ["OP16-004">OP16-004]
RZ1|201|2|OP16-004|0|32|1|3|1|1|0|0|0
RZ1|CHK|201|2|32|4|1|3|2|8|9|1|1|0
RZ1|202|2|Don|4|1|5|8|1|1|0|0|0
RZ1|CHK|202|2|32|4|1|3|1|9|9|1|1|0
RZ1|203|2|Don|4|0|5|9|1|1|0|0|0
RZ1|CHK|203|2|32|4|1|3|0|10|9|1|1|0
[Opponent] Draw 2 Don
[Opponent] Izou ["EB01-002">EB01-002] attacking Charlotte Katakuri ["OP11-062">OP11-062]
[You] Charlotte Katakuri ["OP11-067">OP11-067] Blocks
Izou ["EB01-002">EB01-002][7000] vs Charlotte Katakuri ["OP11-067">OP11-067][8000]
Attack Fails
RZ1|204|2|Don|5|0|5|0|1|1|1|0|0
RZ1|CHK|204|2|32|4|1|3|0|10|9|1|1|0
RZ1|205|2|Don|5|1|5|1|1|1|1|0|0
RZ1|CHK|205|2|32|4|1|3|0|10|9|1|1|0
RZ1|206|2|Don|5|2|5|2|1|1|1|0|0
RZ1|CHK|206|2|32|4|1|3|0|10|9|1|1|0
RZ1|207|2|Don|5|3|5|3|1|1|1|0|0
RZ1|CHK|207|2|32|4|1|3|0|10|9|1|1|0
[Opponent] Deploy LittleOars Jr. ["OP16-017">OP16-017]
RZ1|208|2|OP16-017|1|0|2|1|1|1|0|-4000|0
RZ1|CHK|208|2|32|3|2|3|0|10|9|1|1|0
[Opponent] Portgas D. Ace ["OP16-001">OP16-001] attacking Charlotte Katakuri ["OP11-062">OP11-062]
[You] Discard Charlotte Pudding ["PRB02-010">PRB02-010] for Counter 1000
RZ1|209|1|PRB02-010|1|1|6|6|1|1|0|0|0
RZ1|CHK|209|1|30|5|5|3|0|10|7|0|1|0
Portgas D. Ace ["OP16-001">OP16-001][5000] vs Charlotte Katakuri ["OP11-062">OP11-062][6000]
Attack Fails
RZ1|210|2|Don|5|4|5|4|1|1|1|0|0
RZ1|CHK|210|2|32|3|2|3|0|10|9|1|1|0
RZ1|211|2|Don|5|5|5|5|1|1|1|0|0
RZ1|CHK|211|2|32|3|2|3|0|10|9|1|1|0
RZ1|212|2|Don|5|6|5|6|1|1|1|0|0
RZ1|CHK|212|2|32|3|2|3|0|10|9|1|1|0
RZ1|213|2|Don|5|7|5|7|1|1|1|0|0
RZ1|CHK|213|2|32|3|2|3|0|10|9|1|1|0
[Opponent] Deploy LittleOars Jr. ["OP16-017">OP16-017]
RZ1|214|2|OP16-017|1|0|2|2|1|1|0|-4000|0
RZ1|CHK|214|2|32|2|3|3|0|10|9|1|1|0
[] Hand: [OP16-021,OP16-004]
[] Board: [EB01-002,OP16-017,OP16-017]
[] Trash: [OP16-004,OP10-005,OP10-005,OP16-014,OP16-004,OP16-118,OP16-005,OP13-016,OP16-011]
[] Life: 3
[] Hand: [OP15-078,ST34-003,ST34-001,ST34-004,ST34-005]
[] Trash: [OP07-077,OP15-069,ST34-002,OP11-070,ST34-005,OP11-070,PRB02-010]
[] Board: [ST34-003,ST34-001,PRB02-010,OP11-067,OP11-073]
[] Life: 3
[Opponent] End Turn
[] Hand: [OP15-078,ST34-003,ST34-001,ST34-004,ST34-005]
[] Board: [ST34-003,ST34-001,PRB02-010,OP11-067,OP11-073]
[] Trash: [OP07-077,OP15-069,ST34-002,OP11-070,ST34-005,OP11-070,PRB02-010]
[] Life: 3
[] Hand: [OP16-021,OP16-004]
[] Trash: [OP16-004,OP10-005,OP10-005,OP16-014,OP16-004,OP16-118,OP16-005,OP13-016,OP16-011]
[] Board: [EB01-002,OP16-017,OP16-017]
[] Life: 3
[You] Draw 1 Card
[] Drew card from deck: Nola ["OP15-069">OP15-069]
RZ1|215|1|OP15-069|0|29|1|5|1|1|0|0|0
RZ1|CHK|215|1|29|6|5|3|0|10|7|0|1|0
RZ1|216|1|OP15-078|1|0|6|7|1|1|0|0|0
RZ1|CHK|216|1|29|5|5|3|0|10|8|0|1|0
RZ1|217|1|Don|5|9|4|0|1|1|0|0|0
RZ1|CHK|217|1|29|5|5|3|1|9|8|0|1|0
RZ1|218|1|Don|5|8|4|1|1|1|0|0|0
RZ1|CHK|218|1|29|5|5|3|2|8|8|0|1|0
[You] Mamaragan ["OP15-078">OP15-078]: Minus 2 Don
[] Drew card from deck: Charlotte Cracker ["ST34-002">ST34-002]
RZ1|219|1|ST34-002|0|28|1|5|1|1|0|0|0
RZ1|CHK|219|1|28|6|5|3|2|8|8|0|1|0
[You] Mamaragan ["OP15-078">OP15-078]: Draw 1 Card
[You] Mamaragan ["OP15-078">OP15-078]: Rest LittleOars Jr. ["OP16-017">OP16-017]
Charlotte Katakuri ["ST34-001">ST34-001]: Draw 1 Rested Don
RZ1|220|1|Don|4|1|5|0|1|1|1|0|0
RZ1|CHK|220|1|28|6|5|3|1|9|8|0|1|0
Charlotte Katakuri ["ST34-001">ST34-001]: Draw 1 Rested Don
RZ1|221|1|Don|4|0|5|0|1|1|1|0|0
RZ1|CHK|221|1|28|6|5|3|0|10|8|0|1|0
[You] Attach 1 Don to Charlotte Brulee ["ST34-003">ST34-003] (1 Total)
RZ1|222|1|Don|5|9|9|0|1|1|0|0|0
RZ1|CHK|222|1|28|6|5|3|0|9|8|0|1|1
[You] Attach 1 Don to Charlotte Brulee ["ST34-003">ST34-003] (2 Total)
RZ1|223|1|Don|5|8|9|1|1|1|0|0|0
RZ1|CHK|223|1|28|6|5|3|0|8|8|0|1|2
[You] Attach 1 Don to Charlotte Brulee ["ST34-003">ST34-003] (3 Total)
RZ1|224|1|Don|5|7|9|2|1|1|0|0|0
RZ1|CHK|224|1|28|6|5|3|0|7|8|0|1|3
[You] Charlotte Brulee ["ST34-003">ST34-003] attacking Portgas D. Ace ["OP16-001">OP16-001]
[Opponent] LittleOars Jr. ["OP16-017">OP16-017] Blocks
RZ1|225|2|OP16-021|1|0|6|9|1|1|0|0|0
RZ1|CHK|225|2|32|1|3|3|0|10|10|1|1|0
[Opponent] Izou ["EB01-002">EB01-002]: Trash Moby Dick ["OP16-021">OP16-021]
[Opponent] Izou ["EB01-002">EB01-002]: Buff Charlotte Linlin ["OP11-073">OP11-073] -2000
Charlotte Brulee ["ST34-003">ST34-003][5000] vs LittleOars Jr. ["OP16-017">OP16-017][4000]
[Opponent] LittleOars Jr. ["OP16-017">OP16-017] Destroyed
RZ1|226|2|OP16-017|2|1|6|10|1|1|0|0|0
RZ1|CHK|226|2|32|1|2|3|0|10|11|1|1|0
[You] Attach 1 Don to Charlotte Pudding ["PRB02-010">PRB02-010] (1 Total)
RZ1|227|1|Don|5|6|9|200|1|1|0|0|0
RZ1|CHK|227|1|28|6|5|3|0|6|8|0|1|4
[You] Attach 1 Don to Charlotte Pudding ["PRB02-010">PRB02-010] (2 Total)
RZ1|228|1|Don|5|5|9|201|1|1|0|0|0
RZ1|CHK|228|1|28|6|5|3|0|5|8|0|1|5
[You] Charlotte Pudding ["PRB02-010">PRB02-010] attacking Portgas D. Ace ["OP16-001">OP16-001]
Charlotte Pudding ["PRB02-010">PRB02-010][7000] vs Portgas D. Ace ["OP16-001">OP16-001][5000]
Portgas D. Ace ["OP16-001">OP16-001] hit for 1 damage
RZ1|229|2|OP16-014|3|2|1|1|1|1|0|0|0
RZ1|CHK|229|2|32|2|2|2|0|10|11|1|1|0
[You] Attach 1 Don to Charlotte Katakuri ["OP11-062">OP11-062] (1 Total)
RZ1|230|1|Don|5|4|9|9900|1|1|0|0|0
RZ1|CHK|230|1|28|6|5|3|0|4|8|0|1|6
[You] Attach 1 Don to Charlotte Katakuri ["OP11-062">OP11-062] (2 Total)
RZ1|231|1|Don|5|3|9|9901|1|1|0|0|0
RZ1|CHK|231|1|28|6|5|3|0|3|8|0|1|7
[You] Charlotte Katakuri ["OP11-062">OP11-062] attacking Portgas D. Ace ["OP16-001">OP16-001]
Charlotte Katakuri ["OP11-062">OP11-062][7000] vs Portgas D. Ace ["OP16-001">OP16-001][5000]
Portgas D. Ace ["OP16-001">OP16-001] hit for 1 damage
RZ1|232|2|OP16-010|3|1|1|2|1|1|0|0|0
RZ1|CHK|232|2|32|3|2|1|0|10|11|1|1|0
[You] Charlotte Katakuri ["ST34-001">ST34-001] attacking Portgas D. Ace ["OP16-001">OP16-001]
[Opponent] Discard Curiel ["OP16-004">OP16-004] for Counter 2000
RZ1|233|2|OP16-004|1|0|6|11|1|1|0|0|0
RZ1|CHK|233|2|32|2|2|1|0|10|12|1|1|0
[Opponent] Discard Namule ["OP16-010">OP16-010] for Counter 2000
RZ1|234|2|OP16-010|1|1|6|12|1|1|0|0|0
RZ1|CHK|234|2|32|1|2|1|0|10|13|1|1|0
Charlotte Katakuri ["ST34-001">ST34-001][7000] vs Portgas D. Ace ["OP16-001">OP16-001][9000]
Attack Fails
[You] Charlotte Katakuri ["OP11-067">OP11-067] attacking Portgas D. Ace ["OP16-001">OP16-001]
Charlotte Katakuri ["OP11-067">OP11-067][8000] vs Portgas D. Ace ["OP16-001">OP16-001][5000]
Portgas D. Ace ["OP16-001">OP16-001] hit for 1 damage
RZ1|235|2|OP16-011|3|0|1|1|1|1|0|0|0
RZ1|CHK|235|2|32|2|2|0|0|10|13|1|1|0
[You] Charlotte Linlin ["OP11-073">OP11-073] attacking Portgas D. Ace ["OP16-001">OP16-001]
Charlotte Linlin ["OP11-073">OP11-073][10000] vs Portgas D. Ace ["OP16-001">OP16-001][5000]
Portgas D. Ace ["OP16-001">OP16-001] hit for 1 damage
[Opponent] <b>Downloaded the Combat Log!</b>
GameOver
