Version is 1.41b.51
[You] Leader is Charlotte Katakuri ["OP11-062">OP11-062]
RZ1|HDR|1.41b|2|RZ1
RZ1|PLY|1||OP11-062
RZ1|PLY|2||
[Opponent] Leader is Marshall D. Teach ["OP16-080">OP16-080]
RZ1|1|2|OP16-108|0|32|0|0|0|0|0|0|0
RZ1|CHK|1|2|50|0|0|0|10|0|0|0|1|0
RZ1|2|2|OP16-115|0|44|0|1|0|0|0|0|0
RZ1|CHK|2|2|50|0|0|0|10|0|0|0|1|0
RZ1|3|2|OP16-110|0|20|0|2|0|0|0|0|0
RZ1|CHK|3|2|50|0|0|0|10|0|0|0|1|0
RZ1|4|2|OP09-095|0|6|0|3|0|0|0|0|0
RZ1|CHK|4|2|50|0|0|0|10|0|0|0|1|0
RZ1|5|2|OP16-110|0|19|0|4|0|0|0|0|0
RZ1|CHK|5|2|50|0|0|0|10|0|0|0|1|0
RZ1|6|2|OP16-104|0|27|0|5|0|0|0|0|0
RZ1|CHK|6|2|50|0|0|0|10|0|0|0|1|0
RZ1|7|2|EB04-058|0|28|0|6|0|0|0|0|0
RZ1|CHK|7|2|50|0|0|0|10|0|0|0|1|0
RZ1|8|2|OP16-119|0|36|0|7|0|0|0|0|0
RZ1|CHK|8|2|50|0|0|0|10|0|0|0|1|0
RZ1|9|2|OP16-109|0|22|0|8|0|0|0|0|0
RZ1|CHK|9|2|50|0|0|0|10|0|0|0|1|0
RZ1|10|2|OP09-099|0|49|0|9|0|0|0|0|0
RZ1|CHK|10|2|50|0|0|0|10|0|0|0|1|0
RZ1|11|2|OP09-096|0|43|0|10|0|0|0|0|0
RZ1|CHK|11|2|50|0|0|0|10|0|0|0|1|0
RZ1|12|2|OP16-116|0|46|0|11|0|0|0|0|0
RZ1|CHK|12|2|50|0|0|0|10|0|0|0|1|0
RZ1|13|2|OP16-119|0|39|0|12|0|0|0|0|0
RZ1|CHK|13|2|50|0|0|0|10|0|0|0|1|0
RZ1|14|2|OP09-086|0|16|0|13|0|0|0|0|0
RZ1|CHK|14|2|50|0|0|0|10|0|0|0|1|0
RZ1|15|2|OP16-104|0|33|0|14|0|0|0|0|0
RZ1|CHK|15|2|50|0|0|0|10|0|0|0|1|0
RZ1|16|2|OP16-108|0|37|0|15|0|0|0|0|0
RZ1|CHK|16|2|50|0|0|0|10|0|0|0|1|0
RZ1|17|2|OP09-096|0|44|0|16|0|0|0|0|0
RZ1|CHK|17|2|50|0|0|0|10|0|0|0|1|0
RZ1|18|2|OP09-099|0|48|0|17|0|0|0|0|0
RZ1|CHK|18|2|50|0|0|0|10|0|0|0|1|0
RZ1|19|2|OP09-093|0|25|0|18|0|0|0|0|0
RZ1|CHK|19|2|50|0|0|0|10|0|0|0|1|0
RZ1|20|2|OP12-112|0|33|0|19|0|0|0|0|0
RZ1|CHK|20|2|50|0|0|0|10|0|0|0|1|0
RZ1|21|2|OP09-093|0|28|0|20|0|0|0|0|0
RZ1|CHK|21|2|50|0|0|0|10|0|0|0|1|0
RZ1|22|2|OP16-110|0|32|0|21|0|0|0|0|0
RZ1|CHK|22|2|50|0|0|0|10|0|0|0|1|0
RZ1|23|2|EB04-058|0|37|0|22|0|0|0|0|0
RZ1|CHK|23|2|50|0|0|0|10|0|0|0|1|0
RZ1|24|2|OP06-115|0|46|0|23|0|0|0|0|0
RZ1|CHK|24|2|50|0|0|0|10|0|0|0|1|0
RZ1|25|2|EB04-058|0|40|0|24|0|0|0|0|0
RZ1|CHK|25|2|50|0|0|0|10|0|0|0|1|0
RZ1|26|2|OP16-108|0|41|0|25|0|0|0|0|0
RZ1|CHK|26|2|50|0|0|0|10|0|0|0|1|0
RZ1|27|2|OP16-115|0|47|0|26|0|0|0|0|0
RZ1|CHK|27|2|50|0|0|0|10|0|0|0|1|0
RZ1|28|2|OP09-086|0|30|0|27|0|0|0|0|0
RZ1|CHK|28|2|50|0|0|0|10|0|0|0|1|0
RZ1|29|2|OP12-112|0|39|0|28|0|0|0|0|0
RZ1|CHK|29|2|50|0|0|0|10|0|0|0|1|0
RZ1|30|2|OP09-086|0|33|0|29|0|0|0|0|0
RZ1|CHK|30|2|50|0|0|0|10|0|0|0|1|0
RZ1|31|2|OP16-110|0|39|0|31|0|0|0|0|0
RZ1|CHK|31|2|50|0|0|0|10|0|0|0|1|0
RZ1|32|2|OP09-096|0|47|0|32|0|0|0|0|0
RZ1|CHK|32|2|50|0|0|0|10|0|0|0|1|0
RZ1|33|2|EB04-058|0|43|0|33|0|0|0|0|0
RZ1|CHK|33|2|50|0|0|0|10|0|0|0|1|0
RZ1|34|2|OP09-086|0|36|0|34|0|0|0|0|0
RZ1|CHK|34|2|50|0|0|0|10|0|0|0|1|0
RZ1|35|2|OP16-116|0|48|0|35|0|0|0|0|0
RZ1|CHK|35|2|50|0|0|0|10|0|0|0|1|0
RZ1|36|2|OP09-095|0|37|0|36|0|0|0|0|0
RZ1|CHK|36|2|50|0|0|0|10|0|0|0|1|0
RZ1|37|2|OP16-109|0|40|0|37|0|0|0|0|0
RZ1|CHK|37|2|50|0|0|0|10|0|0|0|1|0
RZ1|38|2|OP16-104|0|43|0|38|0|0|0|0|0
RZ1|CHK|38|2|50|0|0|0|10|0|0|0|1|0
RZ1|39|2|OP09-093|0|41|0|39|0|0|0|0|0
RZ1|CHK|39|2|50|0|0|0|10|0|0|0|1|0
RZ1|40|2|OP09-096|0|48|0|40|0|0|0|0|0
RZ1|CHK|40|2|50|0|0|0|10|0|0|0|1|0
RZ1|41|2|OP16-119|0|48|0|42|0|0|0|0|0
RZ1|CHK|41|2|50|0|0|0|10|0|0|0|1|0
RZ1|42|2|OP09-099|0|49|0|43|0|0|0|0|0
RZ1|CHK|42|2|50|0|0|0|10|0|0|0|1|0
RZ1|43|2|OP16-119|0|49|0|44|0|0|0|0|0
RZ1|CHK|43|2|50|0|0|0|10|0|0|0|1|0
RZ1|44|2|OP16-108|0|49|0|46|0|0|0|0|0
RZ1|CHK|44|2|50|0|0|0|10|0|0|0|1|0
[] Drew card from deck: Mamaragan ["OP15-078">OP15-078]
RZ1|45|1|OP15-078|0|49|1|0|1|1|0|0|0
RZ1|CHK|45|1|49|1|0|0|10|0|0|0|1|0
[] Drew card from deck: Charlotte Pudding ["OP11-070">OP11-070]
RZ1|46|1|OP11-070|0|48|1|1|1|1|0|0|0
RZ1|CHK|46|1|48|2|0|0|10|0|0|0|1|0
[] Drew card from deck: Charlotte Brulee ["ST34-003">ST34-003]
RZ1|47|1|ST34-003|0|47|1|2|1|1|0|0|0
RZ1|CHK|47|1|47|3|0|0|10|0|0|0|1|0
[] Drew card from deck: Charlotte Katakuri ["OP11-067">OP11-067]
RZ1|48|1|OP11-067|0|46|1|3|1|1|0|0|0
RZ1|CHK|48|1|46|4|0|0|10|0|0|0|1|0
[] Drew card from deck: Charlotte Pudding ["OP11-070">OP11-070]
RZ1|49|1|OP11-070|0|45|1|4|1|1|0|0|0
RZ1|CHK|49|1|45|5|0|0|10|0|0|0|1|0
[] Drew card from deck: Catarina Devon ["OP16-104">OP16-104]
RZ1|50|2|OP16-104|0|49|1|0|1|1|0|0|0
RZ1|CHK|50|2|49|1|0|0|10|0|0|0|1|0
[] Drew card from deck: Doc Q ["OP16-109">OP16-109]
RZ1|51|2|OP16-109|0|48|1|1|1|1|0|0|0
RZ1|CHK|51|2|48|2|0|0|10|0|0|0|1|0
[] Drew card from deck: Doc Q ["OP16-109">OP16-109]
RZ1|52|2|OP16-109|0|47|1|2|1|1|0|0|0
RZ1|CHK|52|2|47|3|0|0|10|0|0|0|1|0
[] Drew card from deck: Shiryu ["OP16-108">OP16-108]
RZ1|53|2|OP16-108|0|46|1|3|1|1|0|0|0
RZ1|CHK|53|2|46|4|0|0|10|0|0|0|1|0
[] Drew card from deck: Marshall D. Teach ["OP09-093">OP09-093]
RZ1|54|2|OP09-093|0|45|1|4|1|1|0|0|0
RZ1|CHK|54|2|45|5|0|0|10|0|0|0|1|0
RZ1|55|1|ST34-005|0|44|3|0|1|0|0|0|0
RZ1|CHK|55|1|44|5|0|1|10|0|0|0|1|0
RZ1|56|1|OP08-069|0|43|3|1|1|0|0|0|0
RZ1|CHK|56|1|43|5|0|2|10|0|0|0|1|0
RZ1|57|1|ST18-001|0|42|3|2|1|0|0|0|0
RZ1|CHK|57|1|42|5|0|3|10|0|0|0|1|0
RZ1|58|1|ST34-004|0|41|3|3|1|0|0|0|0
RZ1|CHK|58|1|41|5|0|4|10|0|0|0|1|0
RZ1|59|1|ST34-002|0|40|3|4|1|0|0|0|0
RZ1|CHK|59|1|40|5|0|5|10|0|0|0|1|0
RZ1|60|2|OP16-104|1|0|0|45|0|0|0|0|0
RZ1|CHK|60|2|46|4|0|0|10|0|0|0|1|0
RZ1|61|2|OP16-109|1|0|0|46|0|0|0|0|0
RZ1|CHK|61|2|47|3|0|0|10|0|0|0|1|0
RZ1|62|2|OP16-109|1|0|0|47|0|0|0|0|0
RZ1|CHK|62|2|48|2|0|0|10|0|0|0|1|0
RZ1|63|2|OP16-108|1|0|0|48|0|0|0|0|0
RZ1|CHK|63|2|49|1|0|0|10|0|0|0|1|0
RZ1|64|2|OP09-093|1|0|0|49|0|0|0|0|0
RZ1|CHK|64|2|50|0|0|0|10|0|0|0|1|0
RZ1|65|2|OP09-095|0|30|0|0|0|0|0|0|0
RZ1|CHK|65|2|50|0|0|0|10|0|0|0|1|0
RZ1|66|2|OP16-116|0|12|0|1|0|0|0|0|0
RZ1|CHK|66|2|50|0|0|0|10|0|0|0|1|0
RZ1|67|2|OP09-086|0|14|0|4|0|0|0|0|0
RZ1|CHK|67|2|50|0|0|0|10|0|0|0|1|0
RZ1|68|2|OP09-096|0|32|0|5|0|0|0|0|0
RZ1|CHK|68|2|50|0|0|0|10|0|0|0|1|0
RZ1|69|2|EB04-058|0|33|0|6|0|0|0|0|0
RZ1|CHK|69|2|50|0|0|0|10|0|0|0|1|0
RZ1|70|2|OP09-093|0|39|0|7|0|0|0|0|0
RZ1|CHK|70|2|50|0|0|0|10|0|0|0|1|0
RZ1|71|2|OP16-104|0|11|0|8|0|0|0|0|0
RZ1|CHK|71|2|50|0|0|0|10|0|0|0|1|0
RZ1|72|2|OP16-108|0|29|0|9|0|0|0|0|0
RZ1|CHK|72|2|50|0|0|0|10|0|0|0|1|0
RZ1|73|2|OP16-109|0|46|0|10|0|0|0|0|0
RZ1|CHK|73|2|50|0|0|0|10|0|0|0|1|0
RZ1|74|2|EB04-058|0|30|0|11|0|0|0|0|0
RZ1|CHK|74|2|50|0|0|0|10|0|0|0|1|0
RZ1|75|2|OP09-099|0|18|0|12|0|0|0|0|0
RZ1|CHK|75|2|50|0|0|0|10|0|0|0|1|0
RZ1|76|2|OP16-119|0|43|0|13|0|0|0|0|0
RZ1|CHK|76|2|50|0|0|0|10|0|0|0|1|0
RZ1|77|2|OP09-096|0|24|0|14|0|0|0|0|0
RZ1|CHK|77|2|50|0|0|0|10|0|0|0|1|0
RZ1|78|2|OP16-110|0|29|0|15|0|0|0|0|0
RZ1|CHK|78|2|50|0|0|0|10|0|0|0|1|0
RZ1|79|2|OP16-108|0|25|0|16|0|0|0|0|0
RZ1|CHK|79|2|50|0|0|0|10|0|0|0|1|0
RZ1|80|2|OP16-104|0|46|0|17|0|0|0|0|0
RZ1|CHK|80|2|50|0|0|0|10|0|0|0|1|0
RZ1|81|2|OP09-099|0|45|0|18|0|0|0|0|0
RZ1|CHK|81|2|50|0|0|0|10|0|0|0|1|0
RZ1|82|2|EB04-058|0|32|0|19|0|0|0|0|0
RZ1|CHK|82|2|50|0|0|0|10|0|0|0|1|0
RZ1|83|2|OP09-096|0|44|0|20|0|0|0|0|0
RZ1|CHK|83|2|50|0|0|0|10|0|0|0|1|0
RZ1|84|2|OP09-096|0|27|0|21|0|0|0|0|0
RZ1|CHK|84|2|50|0|0|0|10|0|0|0|1|0
RZ1|85|2|OP16-110|0|39|0|22|0|0|0|0|0
RZ1|CHK|85|2|50|0|0|0|10|0|0|0|1|0
RZ1|86|2|OP16-109|0|47|0|23|0|0|0|0|0
RZ1|CHK|86|2|50|0|0|0|10|0|0|0|1|0
RZ1|87|2|OP16-119|0|30|0|24|0|0|0|0|0
RZ1|CHK|87|2|50|0|0|0|10|0|0|0|1|0
RZ1|88|2|OP09-086|0|40|0|25|0|0|0|0|0
RZ1|CHK|88|2|50|0|0|0|10|0|0|0|1|0
RZ1|89|2|OP16-108|0|48|0|26|0|0|0|0|0
RZ1|CHK|89|2|50|0|0|0|10|0|0|0|1|0
RZ1|90|2|OP09-093|0|49|0|27|0|0|0|0|0
RZ1|CHK|90|2|50|0|0|0|10|0|0|0|1|0
RZ1|91|2|OP16-109|0|46|0|28|0|0|0|0|0
RZ1|CHK|91|2|50|0|0|0|10|0|0|0|1|0
RZ1|92|2|OP09-095|0|46|0|29|0|0|0|0|0
RZ1|CHK|92|2|50|0|0|0|10|0|0|0|1|0
RZ1|93|2|OP09-086|0|43|0|30|0|0|0|0|0
RZ1|CHK|93|2|50|0|0|0|10|0|0|0|1|0
RZ1|94|2|OP16-104|0|47|0|31|0|0|0|0|0
RZ1|CHK|94|2|50|0|0|0|10|0|0|0|1|0
RZ1|95|2|OP09-095|0|48|0|32|0|0|0|0|0
RZ1|CHK|95|2|50|0|0|0|10|0|0|0|1|0
RZ1|96|2|OP16-119|0|37|0|33|0|0|0|0|0
RZ1|CHK|96|2|50|0|0|0|10|0|0|0|1|0
RZ1|97|2|OP09-099|0|40|0|34|0|0|0|0|0
RZ1|CHK|97|2|50|0|0|0|10|0|0|0|1|0
RZ1|98|2|OP09-093|0|43|0|35|0|0|0|0|0
RZ1|CHK|98|2|50|0|0|0|10|0|0|0|1|0
RZ1|99|2|OP16-104|0|41|0|36|0|0|0|0|0
RZ1|CHK|99|2|50|0|0|0|10|0|0|0|1|0
RZ1|100|2|OP12-112|0|43|0|37|0|0|0|0|0
RZ1|CHK|100|2|50|0|0|0|10|0|0|0|1|0
RZ1|101|2|OP09-086|0|47|0|38|0|0|0|0|0
RZ1|CHK|101|2|50|0|0|0|10|0|0|0|1|0
RZ1|102|2|OP09-095|0|40|0|39|0|0|0|0|0
RZ1|CHK|102|2|50|0|0|0|10|0|0|0|1|0
RZ1|103|2|OP16-116|0|48|0|40|0|0|0|0|0
RZ1|CHK|103|2|50|0|0|0|10|0|0|0|1|0
RZ1|104|2|OP16-109|0|44|0|41|0|0|0|0|0
RZ1|CHK|104|2|50|0|0|0|10|0|0|0|1|0
RZ1|105|2|OP12-112|0|48|0|42|0|0|0|0|0
RZ1|CHK|105|2|50|0|0|0|10|0|0|0|1|0
RZ1|106|2|OP16-115|0|48|0|44|0|0|0|0|0
RZ1|CHK|106|2|50|0|0|0|10|0|0|0|1|0
RZ1|107|2|OP06-115|0|48|0|45|0|0|0|0|0
RZ1|CHK|107|2|50|0|0|0|10|0|0|0|1|0
RZ1|108|2|OP09-093|0|48|0|46|0|0|0|0|0
RZ1|CHK|108|2|50|0|0|0|10|0|0|0|1|0
RZ1|109|2|EB04-058|0|48|0|47|0|0|0|0|0
RZ1|CHK|109|2|50|0|0|0|10|0|0|0|1|0
RZ1|110|2|OP16-119|0|49|0|48|0|0|0|0|0
RZ1|CHK|110|2|50|0|0|0|10|0|0|0|1|0
[] Drew card from deck: Vasco Shot ["OP16-110">OP16-110]
RZ1|111|2|OP16-110|0|49|1|0|1|1|0|0|0
RZ1|CHK|111|2|49|1|0|0|10|0|0|0|1|0
[] Drew card from deck: Marshall D. Teach ["OP16-119">OP16-119]
RZ1|112|2|OP16-119|0|48|1|1|1|1|0|0|0
RZ1|CHK|112|2|48|2|0|0|10|0|0|0|1|0
[] Drew card from deck: Borsalino ["EB04-058">EB04-058]
RZ1|113|2|EB04-058|0|47|1|2|1|1|0|0|0
RZ1|CHK|113|2|47|3|0|0|10|0|0|0|1|0
[] Drew card from deck: Marshall D. Teach ["OP09-093">OP09-093]
RZ1|114|2|OP09-093|0|46|1|3|1|1|0|0|0
RZ1|CHK|114|2|46|4|0|0|10|0|0|0|1|0
[] Drew card from deck: You're the one who should disappear! ["OP06-115">OP06-115]
RZ1|115|2|OP06-115|0|45|1|4|1|1|0|0|0
RZ1|CHK|115|2|45|5|0|0|10|0|0|0|1|0
RZ1|116|2|OP16-115|0|44|3|0|0|1|0|0|0
RZ1|CHK|116|2|44|5|0|1|10|0|0|0|1|0
RZ1|117|2|OP16-110|0|43|3|1|0|1|0|0|0
RZ1|CHK|117|2|43|5|0|2|10|0|0|0|1|0
RZ1|118|2|OP12-112|0|42|3|2|0|1|0|0|0
RZ1|CHK|118|2|42|5|0|3|10|0|0|0|1|0
RZ1|119|2|OP16-109|0|41|3|3|0|1|0|0|0
RZ1|CHK|119|2|41|5|0|4|10|0|0|0|1|0
[] Hand after Mulligan: [OP16-110,OP16-119,EB04-058,OP09-093,OP06-115]
[Opponent] Mulligan
[] Hand: [OP15-078,OP11-070,ST34-003,OP11-067,OP11-070]
[] Board: []
[] Trash: []
[] Life: 5
[] Hand: [OP16-110,OP16-119,EB04-058,OP09-093,OP06-115]
[] Trash: []
[] Board: []
[] Life: 4
RZ1|120|1|Don|4|9|5|0|1|1|0|0|0
RZ1|CHK|120|1|40|5|0|5|9|1|0|0|1|0
[You] Draw 1 Don
RZ1|121|1|Don|5|0|5|0|1|1|1|0|0
RZ1|CHK|121|1|40|5|0|5|9|1|0|0|1|0
[You] Deploy Charlotte Pudding ["OP11-070">OP11-070]
RZ1|122|1|OP11-070|1|1|2|0|1|1|0|0|0
RZ1|CHK|122|1|40|4|1|5|9|1|0|0|1|0
RZ1|123|1|ST34-004|0|39|1|4|1|1|0|0|0
RZ1|CHK|123|1|39|5|1|5|9|1|0|0|1|0
[You] Charlotte Pudding ["OP11-070">OP11-070]: <b>Reveal and Draw Charlotte Linlin ["ST34-004">ST34-004]</b>
[You] Placing Cards on Bottom of Deck
RZ1|124|1|ST34-004|0|38|0|0|0|0|0|0|0
RZ1|CHK|124|1|39|5|1|5|9|1|0|0|1|0
RZ1|125|1|ST34-004|0|38|0|0|0|0|0|0|0
RZ1|CHK|125|1|39|5|1|5|9|1|0|0|1|0
RZ1|126|1|OP15-078|0|38|0|0|0|0|0|0|0
RZ1|CHK|126|1|39|5|1|5|9|1|0|0|1|0
RZ1|127|1|ST34-003|0|38|0|0|0|0|0|0|0
RZ1|CHK|127|1|39|5|1|5|9|1|0|0|1|0
[] Hand: [OP15-078,ST34-003,OP11-067,OP11-070,ST34-004]
[] Board: [OP11-070]
[] Trash: []
[] Life: 5
[] Hand: [OP16-110,OP16-119,EB04-058,OP09-093,OP06-115]
[] Trash: []
[] Board: []
[] Life: 4
[You] End Turn
[] Hand: [OP16-110,OP16-119,EB04-058,OP09-093,OP06-115]
[] Board: []
[] Trash: []
[] Life: 4
[] Hand: [OP15-078,ST34-003,OP11-067,OP11-070,ST34-004]
[] Trash: []
[] Board: [OP11-070]
[] Life: 5
[Opponent] Draw 1 Card
[] Drew card from deck: ZEHAHAHAHA ["OP16-116">OP16-116]
RZ1|128|2|OP16-116|0|40|1|5|1|1|0|0|0
RZ1|CHK|128|2|40|6|0|4|10|0|0|0|1|0
RZ1|129|2|Don|4|9|5|0|1|1|0|0|0
RZ1|CHK|129|2|40|6|0|4|9|1|0|0|1|0
RZ1|130|2|Don|4|8|5|1|1|1|0|0|0
RZ1|CHK|130|2|40|6|0|4|8|2|0|0|1|0
[Opponent] Draw 2 Don
RZ1|131|2|Don|5|0|5|0|1|1|1|0|0
RZ1|CHK|131|2|40|6|0|4|8|2|0|0|1|0
[Opponent] Deploy Vasco Shot ["OP16-110">OP16-110]
RZ1|132|2|OP16-110|1|0|2|0|1|1|0|0|0
RZ1|CHK|132|2|40|5|1|4|8|2|0|0|1|0
[] Hand: [OP16-119,EB04-058,OP09-093,OP06-115,OP16-116]
[] Board: [OP16-110]
[] Trash: []
[] Life: 4
[] Hand: [OP15-078,ST34-003,OP11-067,OP11-070,ST34-004]
[] Trash: []
[] Board: [OP11-070]
[] Life: 5
[Opponent] End Turn
[] Hand: [OP15-078,ST34-003,OP11-067,OP11-070,ST34-004]
[] Board: [OP11-070]
[] Trash: []
[] Life: 5
[] Hand: [OP16-119,EB04-058,OP09-093,OP06-115,OP16-116]
[] Trash: []
[] Board: [OP16-110]
[] Life: 4
[You] Draw 1 Card
[] Drew card from deck: Baron Tamago & Pekoms ["ST34-005">ST34-005]
RZ1|133|1|ST34-005|0|38|1|5|1|1|0|0|0
RZ1|CHK|133|1|38|6|1|5|9|1|0|0|1|0
RZ1|134|1|Don|4|8|5|1|1|1|0|0|0
RZ1|CHK|134|1|38|6|1|5|8|2|0|0|1|0
RZ1|135|1|Don|4|7|5|2|1|1|0|0|0
RZ1|CHK|135|1|38|6|1|5|7|3|0|0|1|0
[You] Draw 2 Don
RZ1|136|1|Don|5|0|5|0|1|1|1|0|0
RZ1|CHK|136|1|38|6|1|5|7|3|0|0|1|0
RZ1|137|1|Don|5|1|5|1|1|1|1|0|0
RZ1|CHK|137|1|38|6|1|5|7|3|0|0|1|0
RZ1|138|1|Don|5|2|5|2|1|1|1|0|0
RZ1|CHK|138|1|38|6|1|5|7|3|0|0|1|0
[You] Deploy Baron Tamago & Pekoms ["ST34-005">ST34-005]
RZ1|139|1|ST34-005|1|5|2|1|1|1|0|0|0
RZ1|CHK|139|1|38|5|2|5|7|3|0|0|1|0
[You] Charlotte Katakuri ["OP11-062">OP11-062] attacking Marshall D. Teach ["OP16-080">OP16-080]
Charlotte Katakuri ["OP11-062">OP11-062][5000] vs Marshall D. Teach ["OP16-080">OP16-080][5000]
Marshall D. Teach ["OP16-080">OP16-080] hit for 1 damage
RZ1|140|2|OP16-109|3|3|1|5|1|1|0|0|0
RZ1|CHK|140|2|40|6|1|3|8|2|0|0|1|0
[Opponent] Doc Q ["OP16-109">OP16-109]: Activate Trigger
RZ1|141|2|OP16-109|1|5|6|0|1|1|0|0|0
RZ1|CHK|141|2|40|5|1|3|8|2|1|0|1|0
[] Drew card from deck: Laffitte ["OP09-095">OP09-095]
RZ1|142|2|OP09-095|0|39|1|5|1|1|0|0|0
RZ1|CHK|142|2|39|6|1|3|8|2|1|0|1|0
[Opponent] Doc Q ["OP16-109">OP16-109]: Draw 1 Card
[Opponent] Doc Q ["OP16-109">OP16-109]: Destroy Charlotte Pudding ["OP11-070">OP11-070]
RZ1|143|1|OP11-070|2|0|6|0|1|1|0|0|0
RZ1|CHK|143|1|38|5|1|5|7|3|1|0|1|0
RZ1|144|1|OP15-078|1|0|6|1|1|1|0|0|0
RZ1|CHK|144|1|38|4|1|5|7|3|2|0|1|0
RZ1|145|1|Don|5|0|4|7|1|1|0|0|0
RZ1|CHK|145|1|38|4|1|5|8|2|2|0|1|0
RZ1|146|1|Don|5|0|4|8|1|1|0|0|0
RZ1|CHK|146|1|38|4|1|5|9|1|2|0|1|0
[You] Mamaragan ["OP15-078">OP15-078]: Minus 2 Don
[] Drew card from deck: Baron Tamago & Pekoms ["ST34-005">ST34-005]
RZ1|147|1|ST34-005|0|37|1|4|1|1|0|0|0
RZ1|CHK|147|1|37|5|1|5|9|1|2|0|1|0
[You] Mamaragan ["OP15-078">OP15-078]: Draw 1 Card
[You] Mamaragan ["OP15-078">OP15-078]: Rest Vasco Shot ["OP16-110">OP16-110]
[] Hand: [ST34-003,OP11-067,OP11-070,ST34-004,ST34-005]
[] Board: [ST34-005]
[] Trash: [OP11-070,OP15-078]
[] Life: 5
[] Hand: [OP16-119,EB04-058,OP09-093,OP06-115,OP16-116,OP09-095]
[] Trash: [OP16-109]
[] Board: [OP16-110]
[] Life: 3
[You] End Turn
[] Hand: [OP16-119,EB04-058,OP09-093,OP06-115,OP16-116,OP09-095]
[] Board: [OP16-110]
[] Trash: [OP16-109]
[] Life: 3
[] Hand: [ST34-003,OP11-067,OP11-070,ST34-004,ST34-005]
[] Trash: [OP11-070,OP15-078]
[] Board: [ST34-005]
[] Life: 5
[Opponent] Draw 1 Card
[] Drew card from deck: Jesus Burgess ["OP09-086">OP09-086]
RZ1|148|2|OP09-086|0|38|1|6|1|1|0|0|0
RZ1|CHK|148|2|38|7|1|3|8|2|1|0|1|0
RZ1|149|2|Don|4|7|5|2|1|1|0|0|0
RZ1|CHK|149|2|38|7|1|3|7|3|1|0|1|0
RZ1|150|2|Don|4|6|5|3|1|1|0|0|0
RZ1|CHK|150|2|38|7|1|3|6|4|1|0|1|0
[Opponent] Draw 2 Don
RZ1|151|2|Don|5|0|5|0|1|1|1|0|0
RZ1|CHK|151|2|38|7|1|3|6|4|1|0|1|0
[Opponent] Deploy Laffitte ["OP09-095">OP09-095]
RZ1|152|2|OP09-095|1|5|2|1|1|1|0|0|0
RZ1|CHK|152|2|38|6|2|3|6|4|1|0|1|0
[Opponent] Laffitte ["OP09-095">OP09-095]: Rest 1 Don
RZ1|153|2|Don|5|1|5|1|1|1|1|0|0
RZ1|CHK|153|2|38|6|2|3|6|4|1|0|1|0
[Opponent] Laffitte ["OP09-095">OP09-095]: Rest Laffitte ["OP09-095">OP09-095]
RZ1|154|2|OP09-099|0|34|1|6|1|1|0|0|0
RZ1|CHK|154|2|37|7|2|3|6|4|1|0|1|0
[Opponent] Laffitte ["OP09-095">OP09-095]: <b>Reveal and Draw Fullalead ["OP09-099">OP09-099]</b>
[Opponent] Placing Cards on Bottom of Deck
RZ1|155|2|OP12-112|0|36|0|0|0|0|0|0|0
RZ1|CHK|155|2|37|7|2|3|6|4|1|0|1|0
RZ1|156|2|OP16-104|0|36|0|0|0|0|0|0|0
RZ1|CHK|156|2|37|7|2|3|6|4|1|0|1|0
RZ1|157|2|OP09-093|0|36|0|0|0|0|0|0|0
RZ1|CHK|157|2|37|7|2|3|6|4|1|0|1|0
RZ1|158|2|OP16-119|0|36|0|0|0|0|0|0|0
RZ1|CHK|158|2|37|7|2|3|6|4|1|0|1|0
RZ1|159|2|Don|5|2|5|2|1|1|1|0|0
RZ1|CHK|159|2|37|7|2|3|6|4|1|0|1|0
[Opponent] Deploy Fullalead ["OP09-099">OP09-099]
RZ1|160|2|OP09-099|1|6|7|0|1|1|0|0|0
RZ1|CHK|160|2|37|6|2|3|6|4|1|1|1|0
[Opponent] Attach 1 Don to Marshall D. Teach ["OP16-080">OP16-080] (1 Total)
RZ1|161|2|Don|5|3|9|9900|1|1|0|0|0
RZ1|CHK|161|2|37|6|2|3|6|3|1|1|1|1
[Opponent] Marshall D. Teach ["OP16-080">OP16-080] attacking Charlotte Katakuri ["OP11-062">OP11-062]
Marshall D. Teach ["OP16-080">OP16-080][6000] vs Charlotte Katakuri ["OP11-062">OP11-062][5000]
Charlotte Katakuri ["OP11-062">OP11-062] hit for 1 damage
RZ1|162|1|ST34-002|3|4|1|5|1|1|0|0|0
RZ1|CHK|162|1|37|6|1|4|9|1|2|0|1|0
[] Hand: [OP16-119,EB04-058,OP09-093,OP06-115,OP16-116,OP09-086]
[] Board: [OP16-110,OP09-095]
[] Trash: [OP16-109]
[] Life: 3
[] Hand: [ST34-003,OP11-067,OP11-070,ST34-004,ST34-005,ST34-002]
[] Trash: [OP11-070,OP15-078]
[] Board: [ST34-005]
[] Life: 4
[Opponent] End Turn
[] Hand: [ST34-003,OP11-067,OP11-070,ST34-004,ST34-005,ST34-002]
[] Board: [ST34-005]
[] Trash: [OP11-070,OP15-078]
[] Life: 4
[] Hand: [OP16-119,EB04-058,OP09-093,OP06-115,OP16-116,OP09-086]
[] Trash: [OP16-109]
[] Board: [OP16-110,OP09-095]
[] Life: 3
[You] Draw 1 Card
[] Drew card from deck: Charlotte Pudding ["OP11-070">OP11-070]
RZ1|163|1|OP11-070|0|36|1|6|1|1|0|0|0
RZ1|CHK|163|1|36|7|1|4|9|1|2|0|1|0
RZ1|164|1|Don|4|8|5|1|1|1|0|0|0
RZ1|CHK|164|1|36|7|1|4|8|2|2|0|1|0
RZ1|165|1|Don|4|7|5|2|1|1|0|0|0
RZ1|CHK|165|1|36|7|1|4|7|3|2|0|1|0
[You] Draw 2 Don
[You] Baron Tamago & Pekoms ["ST34-005">ST34-005] attacking Laffitte ["OP09-095">OP09-095]
RZ1|166|1|Don|5|0|4|7|1|1|0|0|0
RZ1|CHK|166|1|36|7|1|4|8|2|2|0|1|0
[You] Baron Tamago & Pekoms ["ST34-005">ST34-005]: Minus 1 Don
[You] Baron Tamago & Pekoms ["ST34-005">ST34-005]: Destroy Laffitte ["OP09-095">OP09-095]
RZ1|167|2|OP09-095|2|1|6|1|1|1|0|0|0
RZ1|CHK|167|2|37|6|1|3|6|3|2|1|1|1
RZ1|168|1|Don|5|0|5|0|1|1|1|0|0
RZ1|CHK|168|1|36|7|1|4|8|2|2|0|1|0
[You] Deploy Charlotte Pudding ["OP11-070">OP11-070]
RZ1|169|1|OP11-070|1|2|2|1|1|1|0|0|0
RZ1|CHK|169|1|36|6|2|4|8|2|2|0|1|0
RZ1|170|1|ST34-002|0|31|1|6|1|1|0|0|0
RZ1|CHK|170|1|35|7|2|4|8|2|2|0|1|0
[You] Charlotte Pudding ["OP11-070">OP11-070]: <b>Reveal and Draw Charlotte Cracker ["ST34-002">ST34-002]</b>
[You] Placing Cards on Bottom of Deck
RZ1|171|1|PRB02-010|0|34|0|0|0|0|0|0|0
RZ1|CHK|171|1|35|7|2|4|8|2|2|0|1|0
RZ1|172|1|ST34-001|0|34|0|0|0|0|0|0|0
RZ1|CHK|172|1|35|7|2|4|8|2|2|0|1|0
RZ1|173|1|OP07-077|0|34|0|0|0|0|0|0|0
RZ1|CHK|173|1|35|7|2|4|8|2|2|0|1|0
RZ1|174|1|ST34-003|0|34|0|0|0|0|0|0|0
RZ1|CHK|174|1|35|7|2|4|8|2|2|0|1|0
RZ1|175|1|Don|5|1|5|1|1|1|1|0|0
RZ1|CHK|175|1|35|7|2|4|8|2|2|0|1|0
[You] Deploy Charlotte Pudding ["OP11-070">OP11-070]
RZ1|176|1|OP11-070|1|5|2|2|1|1|0|0|0
RZ1|CHK|176|1|35|6|3|4|8|2|2|0|1|0
RZ1|177|1|PRB02-010|0|32|1|6|1|1|0|0|0
RZ1|CHK|177|1|34|7|3|4|8|2|2|0|1|0
[You] Charlotte Pudding ["OP11-070">OP11-070]: <b>Reveal and Draw Charlotte Pudding ["PRB02-010">PRB02-010]</b>
[You] Placing Cards on Bottom of Deck
RZ1|178|1|OP15-078|0|33|0|0|0|0|0|0|0
RZ1|CHK|178|1|34|7|3|4|8|2|2|0|1|0
RZ1|179|1|OP07-077|0|33|0|0|0|0|0|0|0
RZ1|CHK|179|1|34|7|3|4|8|2|2|0|1|0
RZ1|180|1|OP11-067|0|33|0|0|0|0|0|0|0
RZ1|CHK|180|1|34|7|3|4|8|2|2|0|1|0
RZ1|181|1|OP11-067|0|33|0|0|0|0|0|0|0
RZ1|CHK|181|1|34|7|3|4|8|2|2|0|1|0
[You] Charlotte Katakuri ["OP11-062">OP11-062] attacking Marshall D. Teach ["OP16-080">OP16-080]
Charlotte Katakuri ["OP11-062">OP11-062][5000] vs Marshall D. Teach ["OP16-080">OP16-080][5000]
Marshall D. Teach ["OP16-080">OP16-080] hit for 1 damage
RZ1|182|2|OP12-112|3|2|1|6|1|1|0|0|0
RZ1|CHK|182|2|37|7|1|2|6|3|2|1|1|1
[Opponent] Baby 5 ["OP12-112">OP12-112]: Activate Trigger
RZ1|183|2|OP12-112|1|6|6|2|1|1|0|0|0
RZ1|CHK|183|2|37|6|1|2|6|3|3|1|1|1
[] Drew card from deck: Laffitte ["OP09-095">OP09-095]
RZ1|184|2|OP09-095|0|36|1|6|1|1|0|0|0
RZ1|CHK|184|2|36|7|1|2|6|3|3|1|1|1
[] Drew card from deck: Catarina Devon ["OP16-104">OP16-104]
RZ1|185|2|OP16-104|0|35|1|7|1|1|0|0|0
RZ1|CHK|185|2|35|8|1|2|6|3|3|1|1|1
[Opponent] Baby 5 ["OP12-112">OP12-112]: Draw 2 Card
[] Hand: [ST34-003,OP11-067,ST34-004,ST34-005,ST34-002,ST34-002,PRB02-010]
[] Board: [ST34-005,OP11-070,OP11-070]
[] Trash: [OP11-070,OP15-078]
[] Life: 4
[] Hand: [OP16-119,EB04-058,OP09-093,OP06-115,OP16-116,OP09-086,OP09-095,OP16-104]
[] Trash: [OP16-109,OP09-095,OP12-112]
[] Board: [OP16-110]
[] Life: 2
[You] End Turn
[] Hand: [OP16-119,EB04-058,OP09-093,OP06-115,OP16-116,OP09-086,OP09-095,OP16-104]
[] Board: [OP16-110]
[] Trash: [OP16-109,OP09-095,OP12-112]
[] Life: 2
[] Hand: [ST34-003,OP11-067,ST34-004,ST34-005,ST34-002,ST34-002,PRB02-010]
[] Trash: [OP11-070,OP15-078]
[] Board: [ST34-005,OP11-070,OP11-070]
[] Life: 4
RZ1|186|2|Don|9|9900|5|0|1|1|1|0|0
RZ1|CHK|186|2|35|8|1|2|6|4|3|1|1|0
[Opponent] Draw 1 Card
[] Drew card from deck: Jesus Burgess ["OP09-086">OP09-086]
RZ1|187|2|OP09-086|0|34|1|8|1|1|0|0|0
RZ1|CHK|187|2|34|9|1|2|6|4|3|1|1|0
RZ1|188|2|Don|4|5|5|4|1|1|0|0|0
RZ1|CHK|188|2|34|9|1|2|5|5|3|1|1|0
RZ1|189|2|Don|4|4|5|5|1|1|0|0|0
RZ1|CHK|189|2|34|9|1|2|4|6|3|1|1|0
[Opponent] Draw 2 Don
RZ1|190|2|Don|5|0|5|0|1|1|1|0|0
RZ1|CHK|190|2|34|9|1|2|4|6|3|1|1|0
RZ1|191|2|Don|5|1|5|1|1|1|1|0|0
RZ1|CHK|191|2|34|9|1|2|4|6|3|1|1|0
RZ1|192|2|Don|5|2|5|2|1|1|1|0|0
RZ1|CHK|192|2|34|9|1|2|4|6|3|1|1|0
RZ1|193|2|Don|5|3|5|3|1|1|1|0|0
RZ1|CHK|193|2|34|9|1|2|4|6|3|1|1|0
[Opponent] Deploy Jesus Burgess ["OP09-086">OP09-086]
RZ1|194|2|OP09-086|1|8|2|1|1|1|0|0|0
RZ1|CHK|194|2|34|8|2|2|4|6|3|1|1|0
[Opponent] Fullalead ["OP09-099">OP09-099]: Rest Fullalead ["OP09-099">OP09-099]
RZ1|195|2|OP09-086|1|5|6|3|1|1|0|0|0
RZ1|CHK|195|2|34|7|2|2|4|6|4|1|1|0
[Opponent] Fullalead ["OP09-099">OP09-099]: Trash Jesus Burgess ["OP09-086">OP09-086]
RZ1|196|2|OP09-093|0|31|1|7|1|1|0|0|0
RZ1|CHK|196|2|33|8|2|2|4|6|4|1|1|0
[Opponent] Fullalead ["OP09-099">OP09-099]: <b>Reveal and Draw Marshall D. Teach ["OP09-093">OP09-093]</b>
[Opponent] Placing Cards on Bottom of Deck
RZ1|197|2|OP09-095|0|32|0|0|0|0|0|0|0
RZ1|CHK|197|2|33|8|2|2|4|6|4|1|1|0
RZ1|198|2|OP16-109|0|32|0|0|0|0|0|0|0
RZ1|CHK|198|2|33|8|2|2|4|6|4|1|1|0
RZ1|199|2|Don|5|4|5|4|1|1|1|0|0
RZ1|CHK|199|2|33|8|2|2|4|6|4|1|1|0
[Opponent] Deploy Laffitte ["OP09-095">OP09-095]
RZ1|200|2|OP09-095|1|5|2|2|1|1|0|0|0
RZ1|CHK|200|2|33|7|3|2|4|6|4|1|1|0
[Opponent] Laffitte ["OP09-095">OP09-095]: Rest 1 Don
RZ1|201|2|Don|5|5|5|5|1|1|1|0|0
RZ1|CHK|201|2|33|7|3|2|4|6|4|1|1|0
[Opponent] Laffitte ["OP09-095">OP09-095]: Rest Laffitte ["OP09-095">OP09-095]
RZ1|202|2|OP16-108|0|32|1|7|1|1|0|0|0
RZ1|CHK|202|2|32|8|3|2|4|6|4|1|1|0
[Opponent] Laffitte ["OP09-095">OP09-095]: <b>Reveal and Draw Shiryu ["OP16-108">OP16-108]</b>
[Opponent] Placing Cards on Bottom of Deck
RZ1|203|2|OP09-086|0|31|0|0|0|0|0|0|0
RZ1|CHK|203|2|32|8|3|2|4|6|4|1|1|0
RZ1|204|2|OP16-119|0|31|0|0|0|0|0|0|0
RZ1|CHK|204|2|32|8|3|2|4|6|4|1|1|0
RZ1|205|2|OP16-109|0|31|0|0|0|0|0|0|0
RZ1|CHK|205|2|32|8|3|2|4|6|4|1|1|0
RZ1|206|2|OP16-110|0|31|0|0|0|0|0|0|0
RZ1|CHK|206|2|32|8|3|2|4|6|4|1|1|0
[Opponent] Marshall D. Teach ["OP16-080">OP16-080] attacking Baron Tamago & Pekoms ["ST34-005">ST34-005]
Marshall D. Teach ["OP16-080">OP16-080][5000] vs Baron Tamago & Pekoms ["ST34-005">ST34-005][4000]
[You] Baron Tamago & Pekoms ["ST34-005">ST34-005] Destroyed
RZ1|207|1|ST34-005|2|0|6|2|1|1|0|0|0
RZ1|CHK|207|1|34|7|2|4|8|2|3|0|1|0
[] Hand: [OP16-119,EB04-058,OP09-093,OP06-115,OP16-116,OP16-104,OP09-093,OP16-108]
[] Board: [OP16-110,OP09-086,OP09-095]
[] Trash: [OP16-109,OP09-095,OP12-112,OP09-086]
[] Life: 2
[] Hand: [ST34-003,OP11-067,ST34-004,ST34-005,ST34-002,ST34-002,PRB02-010]
[] Trash: [OP11-070,OP15-078,ST34-005]
[] Board: [OP11-070,OP11-070]
[] Life: 4
[Opponent] End Turn
[] Hand: [ST34-003,OP11-067,ST34-004,ST34-005,ST34-002,ST34-002,PRB02-010]
[] Board: [OP11-070,OP11-070]
[] Trash: [OP11-070,OP15-078,ST34-005]
[] Life: 4
[] Hand: [OP16-119,EB04-058,OP09-093,OP06-115,OP16-116,OP16-104,OP09-093,OP16-108]
[] Trash: [OP16-109,OP09-095,OP12-112,OP09-086]
[] Board: [OP16-110,OP09-086,OP09-095]
[] Life: 2
[You] Draw 1 Card
[] Drew card from deck: Charlotte Pudding ["OP11-070">OP11-070]
RZ1|208|1|OP11-070|0|33|1|7|1|1|0|0|0
RZ1|CHK|208|1|33|8|2|4|8|2|3|0|1|0
RZ1|209|1|Don|4|7|5|2|1|1|0|0|0
RZ1|CHK|209|1|33|8|2|4|7|3|3|0|1|0
RZ1|210|1|Don|4|6|5|3|1|1|0|0|0
RZ1|CHK|210|1|33|8|2|4|6|4|3|0|1|0
[You] Draw 2 Don
RZ1|211|1|Don|5|0|5|0|1|1|1|0|0
RZ1|CHK|211|1|33|8|2|4|6|4|3|0|1|0
RZ1|212|1|Don|5|1|5|1|1|1|1|0|0
RZ1|CHK|212|1|33|8|2|4|6|4|3|0|1|0
RZ1|213|1|Don|5|2|5|2|1|1|1|0|0
RZ1|CHK|213|1|33|8|2|4|6|4|3|0|1|0
RZ1|214|1|Don|5|3|5|3|1|1|1|0|0
RZ1|CHK|214|1|33|8|2|4|6|4|3|0|1|0
[You] Deploy Charlotte Cracker ["ST34-002">ST34-002]
RZ1|215|1|ST34-002|1|4|2|2|1|1|0|0|0
RZ1|CHK|215|1|33|7|3|4|6|4|3|0|1|0
Charlotte Cracker ["ST34-002">ST34-002]: Draw 1 Rested Don
RZ1|216|1|Don|4|5|5|0|1|1|1|0|0
RZ1|CHK|216|1|33|7|3|4|5|5|3|0|1|0
[You] Charlotte Cracker ["ST34-002">ST34-002]: Destroy Laffitte ["OP09-095">OP09-095]
RZ1|217|2|OP09-095|2|2|6|4|1|1|0|0|0
RZ1|CHK|217|2|32|8|2|2|4|6|5|1|1|0
[You] Charlotte Katakuri ["OP11-062">OP11-062] attacking Marshall D. Teach ["OP16-080">OP16-080]
RZ1|218|2|OP16-104|1|5|6|5|1|1|0|0|0
RZ1|CHK|218|2|32|7|2|2|4|6|6|1|1|0
[Opponent] Marshall D. Teach ["OP16-080">OP16-080]: Trash Catarina Devon ["OP16-104">OP16-104]
[Opponent] Marshall D. Teach ["OP16-080">OP16-080]: Target of Attack changed to Vasco Shot ["OP16-110">OP16-110]
Charlotte Katakuri ["OP11-062">OP11-062][5000] vs Vasco Shot ["OP16-110">OP16-110][2000]
[Opponent] Vasco Shot ["OP16-110">OP16-110] Destroyed
RZ1|219|2|OP16-110|2|0|6|6|1|1|0|0|0
RZ1|CHK|219|2|32|7|1|2|4|6|7|1|1|0
[] Drew card from deck: This is MY AGE!!!! ["OP09-096">OP09-096]
RZ1|220|2|OP09-096|0|31|1|7|1|1|0|0|0
RZ1|CHK|220|2|31|8|1|2|4|6|7|1|1|0
[Opponent] Vasco Shot ["OP16-110">OP16-110]: Draw 1 Card
[Opponent] Vasco Shot ["OP16-110">OP16-110]: Rest Charlotte Cracker ["ST34-002">ST34-002]
[] Hand: [ST34-003,OP11-067,ST34-004,ST34-005,ST34-002,PRB02-010,OP11-070]
[] Board: [OP11-070,OP11-070,ST34-002]
[] Trash: [OP11-070,OP15-078,ST34-005]
[] Life: 4
[] Hand: [OP16-119,EB04-058,OP09-093,OP06-115,OP16-116,OP09-093,OP16-108,OP09-096]
[] Trash: [OP16-109,OP09-095,OP12-112,OP09-086,OP09-095,OP16-104,OP16-110]
[] Board: [OP09-086]
[] Life: 2
[You] End Turn
[] Hand: [OP16-119,EB04-058,OP09-093,OP06-115,OP16-116,OP09-093,OP16-108,OP09-096]
[] Board: [OP09-086]
[] Trash: [OP16-109,OP09-095,OP12-112,OP09-086,OP09-095,OP16-104,OP16-110]
[] Life: 2
[] Hand: [ST34-003,OP11-067,ST34-004,ST34-005,ST34-002,PRB02-010,OP11-070]
[] Trash: [OP11-070,OP15-078,ST34-005]
[] Board: [OP11-070,OP11-070,ST34-002]
[] Life: 4
[Opponent] Draw 1 Card
[] Drew card from deck: This is MY AGE!!!! ["OP09-096">OP09-096]
RZ1|221|2|OP09-096|0|30|1|8|1|1|0|0|0
RZ1|CHK|221|2|30|9|1|2|4|6|7|1|1|0
RZ1|222|2|Don|4|3|5|6|1|1|0|0|0
RZ1|CHK|222|2|30|9|1|2|3|7|7|1|1|0
RZ1|223|2|Don|4|2|5|7|1|1|0|0|0
RZ1|CHK|223|2|30|9|1|2|2|8|7|1|1|0
[Opponent] Draw 2 Don
RZ1|224|2|Don|5|0|5|0|1|1|1|0|0
RZ1|CHK|224|2|30|9|1|2|2|8|7|1|1|0
RZ1|225|2|Don|5|1|5|1|1|1|1|0|0
RZ1|CHK|225|2|30|9|1|2|2|8|7|1|1|0
RZ1|226|2|Don|5|2|5|2|1|1|1|0|0
RZ1|CHK|226|2|30|9|1|2|2|8|7|1|1|0
RZ1|227|2|Don|5|3|5|3|1|1|1|0|0
RZ1|CHK|227|2|30|9|1|2|2|8|7|1|1|0
RZ1|228|2|Don|5|4|5|4|1|1|1|0|0
RZ1|CHK|228|2|30|9|1|2|2|8|7|1|1|0
RZ1|229|2|Don|5|5|5|5|1|1|1|0|0
RZ1|CHK|229|2|30|9|1|2|2|8|7|1|1|0
RZ1|230|2|Don|5|6|5|6|1|1|1|0|0
RZ1|CHK|230|2|30|9|1|2|2|8|7|1|1|0
RZ1|231|2|Don|5|7|5|7|1|1|1|0|0
RZ1|CHK|231|2|30|9|1|2|2|8|7|1|1|0
[Opponent] Deploy Marshall D. Teach ["OP16-119">OP16-119]
RZ1|232|2|OP16-119|1|0|2|1|1|1|0|0|0
RZ1|CHK|232|2|30|8|2|2|2|8|7|1|1|0
[Opponent] Marshall D. Teach ["OP16-119">OP16-119]: Added card to top of Life from Hand
RZ1|233|2|OP16-104|0|27|3|2|0|1|0|0|0
RZ1|CHK|233|2|29|8|2|3|2|8|7|1|1|0
[Opponent] Placing Cards on Bottom of Deck
RZ1|234|2|EB04-058|0|28|0|0|0|0|0|0|0
RZ1|CHK|234|2|29|8|2|3|2|8|7|1|1|0
RZ1|235|2|OP09-099|0|28|0|0|0|0|0|0|0
RZ1|CHK|235|2|29|8|2|3|2|8|7|1|1|0
[Opponent] Fullalead ["OP09-099">OP09-099]: Rest Fullalead ["OP09-099">OP09-099]
RZ1|236|2|OP09-096|1|7|6|7|1|1|0|0|0
RZ1|CHK|236|2|29|7|2|3|2|8|8|1|1|0
[Opponent] Fullalead ["OP09-099">OP09-099]: Trash This is MY AGE!!!! ["OP09-096">OP09-096]
RZ1|237|2|OP16-110|0|27|1|7|1|1|0|0|0
RZ1|CHK|237|2|28|8|2|3|2|8|8|1|1|0
[Opponent] Fullalead ["OP09-099">OP09-099]: <b>Reveal and Draw Vasco Shot ["OP16-110">OP16-110]</b>
[Opponent] Placing Cards on Bottom of Deck
RZ1|238|2|OP16-108|0|27|0|0|0|0|0|0|0
RZ1|CHK|238|2|28|8|2|3|2|8|8|1|1|0
RZ1|239|2|OP09-096|0|27|0|0|0|0|0|0|0
RZ1|CHK|239|2|28|8|2|3|2|8|8|1|1|0
[Opponent] Marshall D. Teach ["OP16-080">OP16-080] attacking Charlotte Cracker ["ST34-002">ST34-002]
Marshall D. Teach ["OP16-080">OP16-080][5000] vs Charlotte Cracker ["ST34-002">ST34-002][5000]
[You] Charlotte Cracker ["ST34-002">ST34-002] Destroyed
RZ1|240|1|ST34-002|2|2|6|3|1|1|0|0|0
RZ1|CHK|240|1|33|7|2|4|5|5|4|0|1|0
[Opponent] Jesus Burgess ["OP09-086">OP09-086] attacking Charlotte Katakuri ["OP11-062">OP11-062]
Jesus Burgess ["OP09-086">OP09-086][7000] vs Charlotte Katakuri ["OP11-062">OP11-062][5000]
Charlotte Katakuri ["OP11-062">OP11-062] hit for 1 damage
RZ1|241|1|ST34-004|3|3|1|7|1|1|0|0|0
RZ1|CHK|241|1|33|8|2|3|5|5|4|0|1|0
[] Hand: [EB04-058,OP09-093,OP06-115,OP16-116,OP09-093,OP16-108,OP09-096,OP16-110]
[] Board: [OP09-086,OP16-119]
[] Trash: [OP16-109,OP09-095,OP12-112,OP09-086,OP09-095,OP16-104,OP16-110,OP09-096]
[] Life: 3
[] Hand: [ST34-003,OP11-067,ST34-004,ST34-005,ST34-002,PRB02-010,OP11-070,ST34-004]
[] Trash: [OP11-070,OP15-078,ST34-005,ST34-002]
[] Board: [OP11-070,OP11-070]
[] Life: 3
[Opponent] End Turn
[] Hand: [ST34-003,OP11-067,ST34-004,ST34-005,ST34-002,PRB02-010,OP11-070,ST34-004]
[] Board: [OP11-070,OP11-070]
[] Trash: [OP11-070,OP15-078,ST34-005,ST34-002]
[] Life: 3
[] Hand: [EB04-058,OP09-093,OP06-115,OP16-116,OP09-093,OP16-108,OP09-096,OP16-110]
[] Trash: [OP16-109,OP09-095,OP12-112,OP09-086,OP09-095,OP16-104,OP16-110,OP09-096]
[] Board: [OP09-086,OP16-119]
[] Life: 3
[You] Draw 1 Card
[] Drew card from deck: Charlotte Katakuri ["ST34-001">ST34-001]
RZ1|242|1|ST34-001|0|32|1|8|1|1|0|0|0
RZ1|CHK|242|1|32|9|2|3|5|5|4|0|1|0
RZ1|243|1|Don|4|4|5|5|1|1|0|0|0
RZ1|CHK|243|1|32|9|2|3|4|6|4|0|1|0
RZ1|244|1|Don|4|3|5|6|1|1|0|0|0
RZ1|CHK|244|1|32|9|2|3|3|7|4|0|1|0
[You] Draw 2 Don
RZ1|245|1|Don|5|0|5|0|1|1|1|0|0
RZ1|CHK|245|1|32|9|2|3|3|7|4|0|1|0
RZ1|246|1|Don|5|1|5|1|1|1|1|0|0
RZ1|CHK|246|1|32|9|2|3|3|7|4|0|1|0
RZ1|247|1|Don|5|2|5|2|1|1|1|0|0
RZ1|CHK|247|1|32|9|2|3|3|7|4|0|1|0
RZ1|248|1|Don|5|3|5|3|1|1|1|0|0
RZ1|CHK|248|1|32|9|2|3|3|7|4|0|1|0
[You] Deploy Charlotte Cracker ["ST34-002">ST34-002]
RZ1|249|1|ST34-002|1|4|2|2|1|1|0|0|0
RZ1|CHK|249|1|32|8|3|3|3|7|4|0|1|0
Charlotte Cracker ["ST34-002">ST34-002]: Draw 1 Rested Don
RZ1|250|1|Don|4|2|5|0|1|1|1|0|0
RZ1|CHK|250|1|32|8|3|3|2|8|4|0|1|0
RZ1|251|1|Don|5|5|5|5|1|1|1|0|0
RZ1|CHK|251|1|32|8|3|3|2|8|4|0|1|0
RZ1|252|1|Don|5|6|5|6|1|1|1|0|0
RZ1|CHK|252|1|32|8|3|3|2|8|4|0|1|0
RZ1|253|1|Don|5|7|5|7|1|1|1|0|0
RZ1|CHK|253|1|32|8|3|3|2|8|4|0|1|0
[You] Deploy Baron Tamago & Pekoms ["ST34-005">ST34-005]
RZ1|254|1|ST34-005|1|3|2|3|1|1|0|0|0
RZ1|CHK|254|1|32|7|4|3|2|8|4|0|1|0
[You] Charlotte Katakuri ["OP11-062">OP11-062] attacking Marshall D. Teach ["OP16-080">OP16-080]
[Opponent] Discard Vasco Shot ["OP16-110">OP16-110] for Counter 1000
RZ1|255|2|OP16-110|1|7|6|8|1|1|0|0|0
RZ1|CHK|255|2|28|7|2|3|2|8|9|1|1|0
Charlotte Katakuri ["OP11-062">OP11-062][5000] vs Marshall D. Teach ["OP16-080">OP16-080][6000]
Attack Fails
[] Hand: [ST34-003,OP11-067,ST34-004,PRB02-010,OP11-070,ST34-004,ST34-001]
[] Board: [OP11-070,OP11-070,ST34-002,ST34-005]
[] Trash: [OP11-070,OP15-078,ST34-005,ST34-002]
[] Life: 3
[] Hand: [EB04-058,OP09-093,OP06-115,OP16-116,OP09-093,OP16-108,OP09-096]
[] Trash: [OP16-109,OP09-095,OP12-112,OP09-086,OP09-095,OP16-104,OP16-110,OP09-096,OP16-110]
[] Board: [OP09-086,OP16-119]
[] Life: 3
[You] End Turn
[] Hand: [EB04-058,OP09-093,OP06-115,OP16-116,OP09-093,OP16-108,OP09-096]
[] Board: [OP09-086,OP16-119]
[] Trash: [OP16-109,OP09-095,OP12-112,OP09-086,OP09-095,OP16-104,OP16-110,OP09-096,OP16-110]
[] Life: 3
[] Hand: [ST34-003,OP11-067,ST34-004,PRB02-010,OP11-070,ST34-004,ST34-001]
[] Trash: [OP11-070,OP15-078,ST34-005,ST34-002]
[] Board: [OP11-070,OP11-070,ST34-002,ST34-005]
[] Life: 3
[Opponent] Draw 1 Card
[] Drew card from deck: Marshall D. Teach ["OP16-119">OP16-119]
RZ1|256|2|OP16-119|0|27|1|7|1|1|0|0|0
RZ1|CHK|256|2|27|8|2|3|2|8|9|1|1|0
RZ1|257|2|Don|4|1|5|8|1|1|0|0|0
RZ1|CHK|257|2|27|8|2|3|1|9|9|1|1|0
RZ1|258|2|Don|4|0|5|9|1|1|0|0|0
RZ1|CHK|258|2|27|8|2|3|0|10|9|1|1|0
[Opponent] Draw 2 Don
[Opponent] ZEHAHAHAHA ["OP16-116">OP16-116]: Rest 8 Don
RZ1|259|2|Don|5|0|5|0|1|1|1|0|0
RZ1|CHK|259|2|27|8|2|3|0|10|9|1|1|0
RZ1|260|2|Don|5|1|5|1|1|1|1|0|0
RZ1|CHK|260|2|27|8|2|3|0|10|9|1|1|0
RZ1|261|2|Don|5|2|5|2|1|1|1|0|0
RZ1|CHK|261|2|27|8|2|3|0|10|9|1|1|0
RZ1|262|2|Don|5|3|5|3|1|1|1|0|0
RZ1|CHK|262|2|27|8|2|3|0|10|9|1|1|0
RZ1|263|2|Don|5|4|5|4|1|1|1|0|0
RZ1|CHK|263|2|27|8|2|3|0|10|9|1|1|0
RZ1|264|2|Don|5|5|5|5|1|1|1|0|0
RZ1|CHK|264|2|27|8|2|3|0|10|9|1|1|0
RZ1|265|2|Don|5|6|5|6|1|1|1|0|0
RZ1|CHK|265|2|27|8|2|3|0|10|9|1|1|0
RZ1|266|2|Don|5|7|5|7|1|1|1|0|0
RZ1|CHK|266|2|27|8|2|3|0|10|9|1|1|0
RZ1|267|2|OP16-116|1|3|6|9|1|1|0|0|0
RZ1|CHK|267|2|27|7|2|3|0|10|10|1|1|0
RZ1|268|2|OP09-093|1|3|2|2|1|1|0|0|0
RZ1|CHK|268|2|27|6|3|3|0|10|10|1|1|0
[Opponent] ZEHAHAHAHA ["OP16-116">OP16-116]: Deploy Marshall D. Teach ["OP09-093">OP09-093]
[Opponent] ZEHAHAHAHA ["OP16-116">OP16-116]: Send 1 Life to Hand
RZ1|269|1|ST18-001|3|2|1|7|1|1|0|0|0
RZ1|CHK|269|1|32|8|4|2|2|8|4|0|1|0
[Opponent] Marshall D. Teach ["OP09-093">OP09-093]: Nullify effects of Charlotte Katakuri ["OP11-062">OP11-062]
[Opponent] Marshall D. Teach ["OP09-093">OP09-093]: Charlotte Cracker ["ST34-002">ST34-002] can't attack next turn
[Opponent] Marshall D. Teach ["OP09-093">OP09-093]: Nullify effects of Charlotte Cracker ["ST34-002">ST34-002] until next turn end!
[Opponent] This is MY AGE!!!! ["OP09-096">OP09-096]: Rest 1 Don
RZ1|270|2|Don|5|8|5|8|1|1|1|0|0
RZ1|CHK|270|2|27|6|3|3|0|10|10|1|1|0
RZ1|271|2|OP09-096|1|4|6|10|1|1|0|0|0
RZ1|CHK|271|2|27|5|3|3|0|10|11|1|1|0
RZ1|272|2|OP16-109|0|24|1|5|1|1|0|0|0
RZ1|CHK|272|2|26|6|3|3|0|10|11|1|1|0
[Opponent] This is MY AGE!!!! ["OP09-096">OP09-096]: <b>Reveal and Draw Doc Q ["OP16-109">OP16-109]</b>
[Opponent] This is MY AGE!!!! ["OP09-096">OP09-096]: Trash 2 Remaining Cards
RZ1|273|2|OP09-099|0|25|6|11|1|1|0|0|0
RZ1|CHK|273|2|25|6|3|3|0|10|12|1|1|0
RZ1|274|2|EB04-058|0|24|6|12|1|1|0|0|0
RZ1|CHK|274|2|24|6|3|3|0|10|13|1|1|0
[Opponent] Attach 1 Don to Marshall D. Teach ["OP16-080">OP16-080] (1 Total)
RZ1|275|2|Don|5|9|9|9900|1|1|0|0|0
RZ1|CHK|275|2|24|6|3|3|0|9|13|1|1|1
[Opponent] Marshall D. Teach ["OP16-080">OP16-080] attacking Charlotte Katakuri ["OP11-062">OP11-062]
[You] Discard Charlotte Brulee ["ST34-003">ST34-003] for Counter 2000
RZ1|276|1|ST34-003|1|0|6|4|1|1|0|0|0
RZ1|CHK|276|1|32|7|4|2|2|8|5|0|1|0
Marshall D. Teach ["OP16-080">OP16-080][6000] vs Charlotte Katakuri ["OP11-062">OP11-062][7000]
Attack Fails
[Opponent] Jesus Burgess ["OP09-086">OP09-086] attacking Charlotte Katakuri ["OP11-062">OP11-062]
Jesus Burgess ["OP09-086">OP09-086][8000] vs Charlotte Katakuri ["OP11-062">OP11-062][5000]
Charlotte Katakuri ["OP11-062">OP11-062] hit for 1 damage
RZ1|277|1|OP08-069|3|1|1|7|1|1|0|0|0
RZ1|CHK|277|1|32|8|4|1|2|8|5|0|1|0
[Opponent] Marshall D. Teach ["OP16-119">OP16-119] attacking Charlotte Katakuri ["OP11-062">OP11-062]
Marshall D. Teach ["OP16-119">OP16-119][10000] vs Charlotte Katakuri ["OP11-062">OP11-062][5000]
Charlotte Katakuri ["OP11-062">OP11-062] hit for 1 damage
RZ1|278|1|ST34-005|3|0|1|8|1|1|0|0|0
RZ1|CHK|278|1|32|9|4|0|2|8|5|0|1|0
[Opponent] Charlotte Katakuri ["OP11-062">OP11-062] no longer nullified
[] Hand: [EB04-058,OP09-093,OP06-115,OP16-108,OP16-119,OP16-109]
[] Board: [OP09-086,OP16-119,OP09-093]
[] Trash: [OP16-109,OP09-095,OP12-112,OP09-086,OP09-095,OP16-104,OP16-110,OP09-096,OP16-110,OP16-116,OP09-096,OP09-099,EB04-058]
[] Life: 3
[] Hand: [OP11-067,ST34-004,PRB02-010,OP11-070,ST34-004,ST34-001,ST18-001,OP08-069,ST34-005]
[] Trash: [OP11-070,OP15-078,ST34-005,ST34-002,ST34-003]
[] Board: [OP11-070,OP11-070,ST34-002,ST34-005]
[] Life: 0
[Opponent] End Turn
[] Hand: [OP11-067,ST34-004,PRB02-010,OP11-070,ST34-004,ST34-001,ST18-001,OP08-069,ST34-005]
[] Board: [OP11-070,OP11-070,ST34-002,ST34-005]
[] Trash: [OP11-070,OP15-078,ST34-005,ST34-002,ST34-003]
[] Life: 0
[] Hand: [EB04-058,OP09-093,OP06-115,OP16-108,OP16-119,OP16-109]
[] Trash: [OP16-109,OP09-095,OP12-112,OP09-086,OP09-095,OP16-104,OP16-110,OP09-096,OP16-110,OP16-116,OP09-096,OP09-099,EB04-058]
[] Board: [OP09-086,OP16-119,OP09-093]
[] Life: 3
[You] Draw 1 Card
[] Drew card from deck: Charlotte Brulee ["ST34-003">ST34-003]
RZ1|279|1|ST34-003|0|31|1|9|1|1|0|0|0
RZ1|CHK|279|1|31|10|4|0|2|8|5|0|1|0
RZ1|280|1|Don|4|1|5|8|1|1|0|0|0
RZ1|CHK|280|1|31|10|4|0|1|9|5|0|1|0
RZ1|281|1|Don|4|0|5|9|1|1|0|0|0
RZ1|CHK|281|1|31|10|4|0|0|10|5|0|1|0
[You] Draw 2 Don
RZ1|282|1|Don|5|0|5|0|1|1|1|0|0
RZ1|CHK|282|1|31|10|4|0|0|10|5|0|1|0
RZ1|283|1|Don|5|1|5|1|1|1|1|0|0
RZ1|CHK|283|1|31|10|4|0|0|10|5|0|1|0
RZ1|284|1|Don|5|2|5|2|1|1|1|0|0
RZ1|CHK|284|1|31|10|4|0|0|10|5|0|1|0
RZ1|285|1|Don|5|3|5|3|1|1|1|0|0
RZ1|CHK|285|1|31|10|4|0|0|10|5|0|1|0
RZ1|286|1|Don|5|4|5|4|1|1|1|0|0
RZ1|CHK|286|1|31|10|4|0|0|10|5|0|1|0
RZ1|287|1|Don|5|5|5|5|1|1|1|0|0
RZ1|CHK|287|1|31|10|4|0|0|10|5|0|1|0
RZ1|288|1|Don|5|6|5|6|1|1|1|0|0
RZ1|CHK|288|1|31|10|4|0|0|10|5|0|1|0
RZ1|289|1|Don|5|7|5|7|1|1|1|0|0
RZ1|CHK|289|1|31|10|4|0|0|10|5|0|1|0
[You] Deploy Charlotte Katakuri ["OP11-067">OP11-067]
RZ1|290|1|OP11-067|1|0|2|4|1|1|0|0|0
RZ1|CHK|290|1|31|9|5|0|0|10|5|0|1|0
RZ1|291|1|Don|5|8|5|8|1|1|1|0|0
RZ1|CHK|291|1|31|9|5|0|0|10|5|0|1|0
[You] Trash Charlotte Pudding ["OP11-070">OP11-070]
[You] Deploy Charlotte Brulee ["ST34-003">ST34-003]
RZ1|292|1|OP11-070|2|0|6|5|1|1|0|0|0
RZ1|CHK|292|1|31|9|4|0|0|10|6|0|1|0
RZ1|293|1|ST34-003|1|8|2|4|1|1|0|0|0
RZ1|CHK|293|1|31|8|5|0|0|10|6|0|1|0
RZ1|294|1|ST34-005|0|30|1|8|1|1|0|0|0
RZ1|CHK|294|1|30|9|5|0|0|10|6|0|1|0
[You] Charlotte Brulee ["ST34-003">ST34-003]: <b>Reveal and Draw Baron Tamago & Pekoms ["ST34-005">ST34-005]</b>
[You] Placing Cards on Bottom of Deck
RZ1|295|1|OP15-069|0|29|0|0|0|0|0|0|0
RZ1|CHK|295|1|30|9|5|0|0|10|6|0|1|0
RZ1|296|1|OP15-069|0|29|0|0|0|0|0|0|0
RZ1|CHK|296|1|30|9|5|0|0|10|6|0|1|0
RZ1|297|1|Don|5|9|9|200|1|1|0|0|0
RZ1|CHK|297|1|30|9|5|0|0|9|6|0|1|1
[You] Attach 1 Don to Baron Tamago & Pekoms ["ST34-005">ST34-005] (1 Total)
[You] Charlotte Katakuri ["OP11-062">OP11-062] attacking Marshall D. Teach ["OP16-080">OP16-080]
[Opponent] Marshall D. Teach ["OP09-093">OP09-093] Blocks
Charlotte Katakuri ["OP11-062">OP11-062][5000] vs Marshall D. Teach ["OP09-093">OP09-093][12000]
Attack Fails
[You] Charlotte Cracker ["ST34-002">ST34-002] is no longer blocked from attacking
[You] Charlotte Cracker ["ST34-002">ST34-002] no longer nullified
[] Hand: [ST34-004,PRB02-010,OP11-070,ST34-004,ST34-001,ST18-001,OP08-069,ST34-005,ST34-005]
[] Board: [OP11-070,ST34-002,ST34-005,OP11-067,ST34-003]
[] Trash: [OP11-070,OP15-078,ST34-005,ST34-002,ST34-003,OP11-070]
[] Life: 0
[] Hand: [EB04-058,OP09-093,OP06-115,OP16-108,OP16-119,OP16-109]
[] Trash: [OP16-109,OP09-095,OP12-112,OP09-086,OP09-095,OP16-104,OP16-110,OP09-096,OP16-110,OP16-116,OP09-096,OP09-099,EB04-058]
[] Board: [OP09-086,OP16-119,OP09-093]
[] Life: 3
[You] End Turn
[] Hand: [EB04-058,OP09-093,OP06-115,OP16-108,OP16-119,OP16-109]
[] Board: [OP09-086,OP16-119,OP09-093]
[] Trash: [OP16-109,OP09-095,OP12-112,OP09-086,OP09-095,OP16-104,OP16-110,OP09-096,OP16-110,OP16-116,OP09-096,OP09-099,EB04-058]
[] Life: 3
[] Hand: [ST34-004,PRB02-010,OP11-070,ST34-004,ST34-001,ST18-001,OP08-069,ST34-005,ST34-005]
[] Trash: [OP11-070,OP15-078,ST34-005,ST34-002,ST34-003,OP11-070]
[] Board: [OP11-070,ST34-002,ST34-005,OP11-067,ST34-003]
[] Life: 0
RZ1|298|2|Don|9|9900|5|0|1|1|1|0|0
RZ1|CHK|298|2|24|6|3|3|0|10|13|1|1|0
[Opponent] Draw 1 Card
[] Drew card from deck: Shiryu ["OP16-108">OP16-108]
RZ1|299|2|OP16-108|0|23|1|6|1|1|0|0|0
RZ1|CHK|299|2|23|7|3|3|0|10|13|1|1|0
RZ1|300|2|Don|5|0|5|0|1|1|1|0|0
RZ1|CHK|300|2|23|7|3|3|0|10|13|1|1|0
RZ1|301|2|Don|5|1|5|1|1|1|1|0|0
RZ1|CHK|301|2|23|7|3|3|0|10|13|1|1|0
RZ1|302|2|Don|5|2|5|2|1|1|1|0|0
RZ1|CHK|302|2|23|7|3|3|0|10|13|1|1|0
RZ1|303|2|Don|5|3|5|3|1|1|1|0|0
RZ1|CHK|303|2|23|7|3|3|0|10|13|1|1|0
RZ1|304|2|Don|5|4|5|4|1|1|1|0|0
RZ1|CHK|304|2|23|7|3|3|0|10|13|1|1|0
RZ1|305|2|Don|5|5|5|5|1|1|1|0|0
RZ1|CHK|305|2|23|7|3|3|0|10|13|1|1|0
RZ1|306|2|Don|5|6|5|6|1|1|1|0|0
RZ1|CHK|306|2|23|7|3|3|0|10|13|1|1|0
RZ1|307|2|Don|5|7|5|7|1|1|1|0|0
RZ1|CHK|307|2|23|7|3|3|0|10|13|1|1|0
RZ1|308|2|Don|5|8|5|8|1|1|1|0|0
RZ1|CHK|308|2|23|7|3|3|0|10|13|1|1|0
RZ1|309|2|Don|5|9|5|9|1|1|1|0|0
RZ1|CHK|309|2|23|7|3|3|0|10|13|1|1|0
[Opponent] Deploy Marshall D. Teach ["OP09-093">OP09-093]
RZ1|310|2|OP09-093|1|1|2|3|1|1|0|0|0
RZ1|CHK|310|2|23|6|4|3|0|10|13|1|1|0
[Opponent] Marshall D. Teach ["OP09-093">OP09-093]: Nullify effects of Charlotte Katakuri ["OP11-062">OP11-062]
[Opponent] Marshall D. Teach ["OP09-093">OP09-093]: Charlotte Katakuri ["OP11-067">OP11-067] can't attack next turn
[Opponent] Marshall D. Teach ["OP09-093">OP09-093]: Nullify effects of Charlotte Katakuri ["OP11-067">OP11-067] until next turn end!
[Opponent] Jesus Burgess ["OP09-086">OP09-086] attacking Charlotte Katakuri ["OP11-062">OP11-062]
[You] Discard Usohachi ["ST18-001">ST18-001] for Counter 2000
RZ1|311|1|ST18-001|1|5|6|6|1|1|0|0|0
RZ1|CHK|311|1|30|8|5|0|0|9|7|0|1|1
[You] Discard Charlotte Pudding ["OP11-070">OP11-070] for Counter 1000
RZ1|312|1|OP11-070|1|2|6|7|1|1|0|0|0
RZ1|CHK|312|1|30|7|5|0|0|9|8|0|1|1
[You] Discard Baron Tamago & Pekoms ["ST34-005">ST34-005] for Counter 2000
RZ1|313|1|ST34-005|1|5|6|8|1|1|0|0|0
RZ1|CHK|313|1|30|6|5|0|0|9|9|0|1|1
Jesus Burgess ["OP09-086">OP09-086][8000] vs Charlotte Katakuri ["OP11-062">OP11-062][10000]
Attack Fails
[Opponent] Marshall D. Teach ["OP16-119">OP16-119] attacking Charlotte Katakuri ["OP11-062">OP11-062]
Marshall D. Teach ["OP16-119">OP16-119][10000] vs Charlotte Katakuri ["OP11-062">OP11-062][5000]
Charlotte Katakuri ["OP11-062">OP11-062] hit for 1 damage
[You] <b>Downloaded the Combat Log!</b>
GameOver
