Version is 1.41b.51
[You] Leader is Charlotte Katakuri ["OP11-062">OP11-062]
RZ1|HDR|1.41b|2|RZ1
RZ1|PLY|1||OP11-062
RZ1|PLY|2||
[Opponent] Leader is Jinbe ["OP14-040">OP14-040]
RZ1|1|2|OP15-047|0|18|0|0|0|0|0|0|0
RZ1|CHK|1|2|50|0|0|0|10|0|0|0|1|0
RZ1|2|2|OP07-046|0|2|0|1|0|0|0|0|0
RZ1|CHK|2|2|50|0|0|0|10|0|0|0|1|0
RZ1|3|2|OP07-040|0|23|0|2|0|0|0|0|0
RZ1|CHK|3|2|50|0|0|0|10|0|0|0|1|0
RZ1|4|2|ST17-003|0|18|0|3|0|0|0|0|0
RZ1|CHK|4|2|50|0|0|0|10|0|0|0|1|0
RZ1|5|2|OP08-047|0|40|0|4|0|0|0|0|0
RZ1|CHK|5|2|50|0|0|0|10|0|0|0|1|0
RZ1|6|2|OP14-049|0|44|0|5|0|0|0|0|0
RZ1|CHK|6|2|50|0|0|0|10|0|0|0|1|0
RZ1|7|2|OP07-040|0|26|0|6|0|0|0|0|0
RZ1|CHK|7|2|50|0|0|0|10|0|0|0|1|0
RZ1|8|2|OP15-052|0|18|0|7|0|0|0|0|0
RZ1|CHK|8|2|50|0|0|0|10|0|0|0|1|0
RZ1|9|2|OP15-052|0|20|0|8|0|0|0|0|0
RZ1|CHK|9|2|50|0|0|0|10|0|0|0|1|0
RZ1|10|2|EB01-023|0|23|0|9|0|0|0|0|0
RZ1|CHK|10|2|50|0|0|0|10|0|0|0|1|0
RZ1|11|2|EB03-026|0|38|0|10|0|0|0|0|0
RZ1|CHK|11|2|50|0|0|0|10|0|0|0|1|0
RZ1|12|2|EB01-023|0|26|0|11|0|0|0|0|0
RZ1|CHK|12|2|50|0|0|0|10|0|0|0|1|0
RZ1|13|2|OP14-050|0|20|0|12|0|0|0|0|0
RZ1|CHK|13|2|50|0|0|0|10|0|0|0|1|0
RZ1|14|2|OP07-045|0|31|0|13|0|0|0|0|0
RZ1|CHK|14|2|50|0|0|0|10|0|0|0|1|0
RZ1|15|2|OP14-050|0|23|0|14|0|0|0|0|0
RZ1|CHK|15|2|50|0|0|0|10|0|0|0|1|0
RZ1|16|2|ST17-002|0|38|0|15|0|0|0|0|0
RZ1|CHK|16|2|50|0|0|0|10|0|0|0|1|0
RZ1|17|2|OP07-045|0|33|0|16|0|0|0|0|0
RZ1|CHK|17|2|50|0|0|0|10|0|0|0|1|0
RZ1|18|2|OP07-040|0|31|0|18|0|0|0|0|0
RZ1|CHK|18|2|50|0|0|0|10|0|0|0|1|0
RZ1|19|2|OP06-058|0|49|0|19|0|0|0|0|0
RZ1|CHK|19|2|50|0|0|0|10|0|0|0|1|0
RZ1|20|2|OP07-046|0|21|0|20|0|0|0|0|0
RZ1|CHK|20|2|50|0|0|0|10|0|0|0|1|0
RZ1|21|2|EB01-023|0|32|0|21|0|0|0|0|0
RZ1|CHK|21|2|50|0|0|0|10|0|0|0|1|0
RZ1|22|2|OP07-057|0|49|0|22|0|0|0|0|0
RZ1|CHK|22|2|50|0|0|0|10|0|0|0|1|0
RZ1|23|2|OP14-042|0|25|0|23|0|0|0|0|0
RZ1|CHK|23|2|50|0|0|0|10|0|0|0|1|0
RZ1|24|2|OP14-050|0|28|0|24|0|0|0|0|0
RZ1|CHK|24|2|50|0|0|0|10|0|0|0|1|0
RZ1|25|2|OP07-051|0|42|0|25|0|0|0|0|0
RZ1|CHK|25|2|50|0|0|0|10|0|0|0|1|0
RZ1|26|2|OP14-049|0|48|0|26|0|0|0|0|0
RZ1|CHK|26|2|50|0|0|0|10|0|0|0|1|0
RZ1|27|2|ST17-002|0|41|0|27|0|0|0|0|0
RZ1|CHK|27|2|50|0|0|0|10|0|0|0|1|0
RZ1|28|2|OP07-051|0|43|0|28|0|0|0|0|0
RZ1|CHK|28|2|50|0|0|0|10|0|0|0|1|0
RZ1|29|2|OP07-045|0|40|0|29|0|0|0|0|0
RZ1|CHK|29|2|50|0|0|0|10|0|0|0|1|0
RZ1|30|2|OP14-042|0|33|0|30|0|0|0|0|0
RZ1|CHK|30|2|50|0|0|0|10|0|0|0|1|0
RZ1|31|2|OP07-040|0|39|0|31|0|0|0|0|0
RZ1|CHK|31|2|50|0|0|0|10|0|0|0|1|0
RZ1|32|2|ST17-002|0|43|0|32|0|0|0|0|0
RZ1|CHK|32|2|50|0|0|0|10|0|0|0|1|0
RZ1|33|2|ST17-002|0|43|0|33|0|0|0|0|0
RZ1|CHK|33|2|50|0|0|0|10|0|0|0|1|0
RZ1|34|2|OP08-047|0|45|0|34|0|0|0|0|0
RZ1|CHK|34|2|50|0|0|0|10|0|0|0|1|0
RZ1|35|2|OP08-047|0|45|0|35|0|0|0|0|0
RZ1|CHK|35|2|50|0|0|0|10|0|0|0|1|0
RZ1|36|2|OP07-047|0|45|0|36|0|0|0|0|0
RZ1|CHK|36|2|50|0|0|0|10|0|0|0|1|0
RZ1|37|2|OP07-057|0|49|0|37|0|0|0|0|0
RZ1|CHK|37|2|50|0|0|0|10|0|0|0|1|0
RZ1|38|2|OP14-042|0|39|0|38|0|0|0|0|0
RZ1|CHK|38|2|50|0|0|0|10|0|0|0|1|0
RZ1|39|2|OP15-052|0|43|0|39|0|0|0|0|0
RZ1|CHK|39|2|50|0|0|0|10|0|0|0|1|0
RZ1|40|2|OP14-050|0|42|0|40|0|0|0|0|0
RZ1|CHK|40|2|50|0|0|0|10|0|0|0|1|0
RZ1|41|2|OP15-052|0|43|0|41|0|0|0|0|0
RZ1|CHK|41|2|50|0|0|0|10|0|0|0|1|0
RZ1|42|2|OP15-047|0|44|0|42|0|0|0|0|0
RZ1|CHK|42|2|50|0|0|0|10|0|0|0|1|0
RZ1|43|2|OP08-047|0|47|0|43|0|0|0|0|0
RZ1|CHK|43|2|50|0|0|0|10|0|0|0|1|0
RZ1|44|2|OP14-049|0|49|0|44|0|0|0|0|0
RZ1|CHK|44|2|50|0|0|0|10|0|0|0|1|0
RZ1|45|2|OP14-049|0|49|0|45|0|0|0|0|0
RZ1|CHK|45|2|50|0|0|0|10|0|0|0|1|0
RZ1|46|2|EB01-023|0|48|0|46|0|0|0|0|0
RZ1|CHK|46|2|50|0|0|0|10|0|0|0|1|0
RZ1|47|2|OP14-042|0|48|0|47|0|0|0|0|0
RZ1|CHK|47|2|50|0|0|0|10|0|0|0|1|0
RZ1|48|2|OP07-045|0|49|0|48|0|0|0|0|0
RZ1|CHK|48|2|50|0|0|0|10|0|0|0|1|0
[] Drew card from deck: We're Going to Claim the One Piece!!! ["OP07-077">OP07-077]
RZ1|49|1|OP07-077|0|49|1|0|1|1|0|0|0
RZ1|CHK|49|1|49|1|0|0|10|0|0|0|1|0
[] Drew card from deck: Usohachi ["ST18-001">ST18-001]
RZ1|50|1|ST18-001|0|48|1|1|1|1|0|0|0
RZ1|CHK|50|1|48|2|0|0|10|0|0|0|1|0
[] Drew card from deck: Charlotte Cracker ["ST34-002">ST34-002]
RZ1|51|1|ST34-002|0|47|1|2|1|1|0|0|0
RZ1|CHK|51|1|47|3|0|0|10|0|0|0|1|0
[] Drew card from deck: Charlotte Linlin ["ST34-004">ST34-004]
RZ1|52|1|ST34-004|0|46|1|3|1|1|0|0|0
RZ1|CHK|52|1|46|4|0|0|10|0|0|0|1|0
[] Drew card from deck: Charlotte Pudding ["PRB02-010">PRB02-010]
RZ1|53|1|PRB02-010|0|45|1|4|1|1|0|0|0
RZ1|CHK|53|1|45|5|0|0|10|0|0|0|1|0
[] Drew card from deck: Sengoku ["OP07-046">OP07-046]
RZ1|54|2|OP07-046|0|49|1|0|1|1|0|0|0
RZ1|CHK|54|2|49|1|0|0|10|0|0|0|1|0
[] Drew card from deck: Jinbe ["OP07-045">OP07-045]
RZ1|55|2|OP07-045|0|48|1|1|1|1|0|0|0
RZ1|CHK|55|2|48|2|0|0|10|0|0|0|1|0
[] Drew card from deck: Arlong ["OP14-042">OP14-042]
RZ1|56|2|OP14-042|0|47|1|2|1|1|0|0|0
RZ1|CHK|56|2|47|3|0|0|10|0|0|0|1|0
[] Drew card from deck: Edward Weevil ["EB01-023">EB01-023]
RZ1|57|2|EB01-023|0|46|1|3|1|1|0|0|0
RZ1|CHK|57|2|46|4|0|0|10|0|0|0|1|0
[] Drew card from deck: Jinbe ["OP14-049">OP14-049]
RZ1|58|2|OP14-049|0|45|1|4|1|1|0|0|0
RZ1|CHK|58|2|45|5|0|0|10|0|0|0|1|0
RZ1|59|1|OP11-067|0|44|3|0|1|0|0|0|0
RZ1|CHK|59|1|44|5|0|1|10|0|0|0|1|0
RZ1|60|1|OP07-077|0|43|3|1|1|0|0|0|0
RZ1|CHK|60|1|43|5|0|2|10|0|0|0|1|0
RZ1|61|1|PRB02-010|0|42|3|2|1|0|0|0|0
RZ1|CHK|61|1|42|5|0|3|10|0|0|0|1|0
RZ1|62|1|PRB02-010|0|41|3|3|1|0|0|0|0
RZ1|CHK|62|1|41|5|0|4|10|0|0|0|1|0
RZ1|63|1|ST34-004|0|40|3|4|1|0|0|0|0
RZ1|CHK|63|1|40|5|0|5|10|0|0|0|1|0
RZ1|64|2|OP14-049|0|44|3|0|0|1|0|0|0
RZ1|CHK|64|2|44|5|0|1|10|0|0|0|1|0
RZ1|65|2|OP08-047|0|43|3|1|0|1|0|0|0
RZ1|CHK|65|2|43|5|0|2|10|0|0|0|1|0
RZ1|66|2|OP15-047|0|42|3|2|0|1|0|0|0
RZ1|CHK|66|2|42|5|0|3|10|0|0|0|1|0
RZ1|67|2|OP15-052|0|41|3|3|0|1|0|0|0
RZ1|CHK|67|2|41|5|0|4|10|0|0|0|1|0
RZ1|68|2|OP14-050|0|40|3|4|0|1|0|0|0
RZ1|CHK|68|2|40|5|0|5|10|0|0|0|1|0
[] Hand: [OP07-077,ST18-001,ST34-002,ST34-004,PRB02-010]
[] Board: []
[] Trash: []
[] Life: 5
[] Hand: [OP07-046,OP07-045,OP14-042,EB01-023,OP14-049]
[] Trash: []
[] Board: []
[] Life: 5
RZ1|69|1|Don|4|9|5|0|1|1|0|0|0
RZ1|CHK|69|1|40|5|0|5|9|1|0|0|1|0
[You] Draw 1 Don
[You] We're Going to Claim the One Piece!!! ["OP07-077">OP07-077]: Rest 1 Don
RZ1|70|1|Don|5|0|5|0|1|1|1|0|0
RZ1|CHK|70|1|40|5|0|5|9|1|0|0|1|0
RZ1|71|1|OP07-077|1|0|6|0|1|1|0|0|0
RZ1|CHK|71|1|40|4|0|5|9|1|1|0|1|0
RZ1|72|1|ST34-003|0|35|1|4|1|1|0|0|0
RZ1|CHK|72|1|39|5|0|5|9|1|1|0|1|0
[You] We're Going to Claim the One Piece!!! ["OP07-077">OP07-077]: <b>Reveal and Draw Charlotte Brulee ["ST34-003">ST34-003]</b>
[You] Placing Cards on Bottom of Deck
RZ1|73|1|OP11-067|0|38|0|0|0|0|0|0|0
RZ1|CHK|73|1|39|5|0|5|9|1|1|0|1|0
RZ1|74|1|ST34-002|0|38|0|0|0|0|0|0|0
RZ1|CHK|74|1|39|5|0|5|9|1|1|0|1|0
RZ1|75|1|OP07-077|0|38|0|0|0|0|0|0|0
RZ1|CHK|75|1|39|5|0|5|9|1|1|0|1|0
RZ1|76|1|OP15-078|0|38|0|0|0|0|0|0|0
RZ1|CHK|76|1|39|5|0|5|9|1|1|0|1|0
[] Hand: [ST18-001,ST34-002,ST34-004,PRB02-010,ST34-003]
[] Board: []
[] Trash: [OP07-077]
[] Life: 5
[] Hand: [OP07-046,OP07-045,OP14-042,EB01-023,OP14-049]
[] Trash: []
[] Board: []
[] Life: 5
[You] End Turn
[] Hand: [OP07-046,OP07-045,OP14-042,EB01-023,OP14-049]
[] Board: []
[] Trash: []
[] Life: 5
[] Hand: [ST18-001,ST34-002,ST34-004,PRB02-010,ST34-003]
[] Trash: [OP07-077]
[] Board: []
[] Life: 5
[Opponent] Draw 1 Card
[] Drew card from deck: Leo ["OP15-052">OP15-052]
RZ1|77|2|OP15-052|0|39|1|5|1|1|0|0|0
RZ1|CHK|77|2|39|6|0|5|10|0|0|0|1|0
RZ1|78|2|Don|4|9|5|0|1|1|0|0|0
RZ1|CHK|78|2|39|6|0|5|9|1|0|0|1|0
RZ1|79|2|Don|4|8|5|1|1|1|0|0|0
RZ1|CHK|79|2|39|6|0|5|8|2|0|0|1|0
[Opponent] Draw 2 Don
RZ1|80|2|Don|5|0|5|0|1|1|1|0|0
RZ1|CHK|80|2|39|6|0|5|8|2|0|0|1|0
[Opponent] Deploy Arlong ["OP14-042">OP14-042]
RZ1|81|2|OP14-042|1|2|2|0|1|1|0|0|0
RZ1|CHK|81|2|39|5|1|5|8|2|0|0|1|0
RZ1|82|2|OP07-047|0|36|1|5|1|1|0|0|0
RZ1|CHK|82|2|38|6|1|5|8|2|0|0|1|0
[Opponent] Arlong ["OP14-042">OP14-042]: <b>Reveal and Draw Trafalgar Law ["OP07-047">OP07-047]</b>
[Opponent] Placing Cards on Bottom of Deck
RZ1|83|2|OP14-042|0|37|0|0|0|0|0|0|0
RZ1|CHK|83|2|38|6|1|5|8|2|0|0|1|0
RZ1|84|2|OP07-057|0|37|0|0|0|0|0|0|0
RZ1|CHK|84|2|38|6|1|5|8|2|0|0|1|0
RZ1|85|2|OP08-047|0|37|0|0|0|0|0|0|0
RZ1|CHK|85|2|38|6|1|5|8|2|0|0|1|0
RZ1|86|2|Don|5|1|5|1|1|1|1|0|0
RZ1|CHK|86|2|38|6|1|5|8|2|0|0|1|0
[Opponent] Deploy Sengoku ["OP07-046">OP07-046]
RZ1|87|2|OP07-046|1|0|2|1|1|1|0|0|0
RZ1|CHK|87|2|38|5|2|5|8|2|0|0|1|0
RZ1|88|2|ST17-002|0|35|1|5|1|1|0|0|0
RZ1|CHK|88|2|37|6|2|5|8|2|0|0|1|0
[Opponent] Sengoku ["OP07-046">OP07-046]: <b>Reveal and Draw Trafalgar Law ["ST17-002">ST17-002]</b>
[Opponent] Placing Cards on Bottom of Deck
RZ1|89|2|OP08-047|0|36|0|0|0|0|0|0|0
RZ1|CHK|89|2|37|6|2|5|8|2|0|0|1|0
RZ1|90|2|ST17-002|0|36|0|0|0|0|0|0|0
RZ1|CHK|90|2|37|6|2|5|8|2|0|0|1|0
RZ1|91|2|OP07-040|0|36|0|0|0|0|0|0|0
RZ1|CHK|91|2|37|6|2|5|8|2|0|0|1|0
RZ1|92|2|OP14-042|0|36|0|0|0|0|0|0|0
RZ1|CHK|92|2|37|6|2|5|8|2|0|0|1|0
[] Hand: [OP07-045,EB01-023,OP14-049,OP15-052,OP07-047,ST17-002]
[] Board: [OP14-042,OP07-046]
[] Trash: []
[] Life: 5
[] Hand: [ST18-001,ST34-002,ST34-004,PRB02-010,ST34-003]
[] Trash: [OP07-077]
[] Board: []
[] Life: 5
[Opponent] End Turn
[] Hand: [ST18-001,ST34-002,ST34-004,PRB02-010,ST34-003]
[] Board: []
[] Trash: [OP07-077]
[] Life: 5
[] Hand: [OP07-045,EB01-023,OP14-049,OP15-052,OP07-047,ST17-002]
[] Trash: []
[] Board: [OP14-042,OP07-046]
[] Life: 5
[You] Draw 1 Card
[] Drew card from deck: Charlotte Linlin ["OP08-069">OP08-069]
RZ1|93|1|OP08-069|0|38|1|5|1|1|0|0|0
RZ1|CHK|93|1|38|6|0|5|9|1|1|0|1|0
RZ1|94|1|Don|4|8|5|1|1|1|0|0|0
RZ1|CHK|94|1|38|6|0|5|8|2|1|0|1|0
RZ1|95|1|Don|4|7|5|2|1|1|0|0|0
RZ1|CHK|95|1|38|6|0|5|7|3|1|0|1|0
[You] Draw 2 Don
RZ1|96|1|Don|5|0|5|0|1|1|1|0|0
RZ1|CHK|96|1|38|6|0|5|7|3|1|0|1|0
[You] Deploy Charlotte Brulee ["ST34-003">ST34-003]
RZ1|97|1|ST34-003|1|4|2|0|1|1|0|0|0
RZ1|CHK|97|1|38|5|1|5|7|3|1|0|1|0
RZ1|98|1|ST34-005|0|37|1|5|1|1|0|0|0
RZ1|CHK|98|1|37|6|1|5|7|3|1|0|1|0
[You] Charlotte Brulee ["ST34-003">ST34-003]: <b>Reveal and Draw Baron Tamago & Pekoms ["ST34-005">ST34-005]</b>
[You] Placing Cards on Bottom of Deck
RZ1|99|1|OP11-070|0|36|0|0|0|0|0|0|0
RZ1|CHK|99|1|37|6|1|5|7|3|1|0|1|0
RZ1|100|1|ST34-001|0|36|0|0|0|0|0|0|0
RZ1|CHK|100|1|37|6|1|5|7|3|1|0|1|0
[You] Charlotte Katakuri ["OP11-062">OP11-062] attacking Jinbe ["OP14-040">OP14-040]
[Opponent] Discard Trafalgar Law ["ST17-002">ST17-002] for Counter 1000
RZ1|101|2|ST17-002|1|5|6|0|1|1|0|0|0
RZ1|CHK|101|2|37|5|2|5|8|2|1|0|1|0
Charlotte Katakuri ["OP11-062">OP11-062][5000] vs Jinbe ["OP14-040">OP14-040][6000]
Attack Fails
[] Hand: [ST18-001,ST34-002,ST34-004,PRB02-010,OP08-069,ST34-005]
[] Board: [ST34-003]
[] Trash: [OP07-077]
[] Life: 5
[] Hand: [OP07-045,EB01-023,OP14-049,OP15-052,OP07-047]
[] Trash: [ST17-002]
[] Board: [OP14-042,OP07-046]
[] Life: 5
[You] End Turn
[] Hand: [OP07-045,EB01-023,OP14-049,OP15-052,OP07-047]
[] Board: [OP14-042,OP07-046]
[] Trash: [ST17-002]
[] Life: 5
[] Hand: [ST18-001,ST34-002,ST34-004,PRB02-010,OP08-069,ST34-005]
[] Trash: [OP07-077]
[] Board: [ST34-003]
[] Life: 5
[Opponent] Draw 1 Card
[] Drew card from deck: Jinbe ["OP07-045">OP07-045]
RZ1|102|2|OP07-045|0|36|1|5|1|1|0|0|0
RZ1|CHK|102|2|36|6|2|5|8|2|1|0|1|0
RZ1|103|2|Don|4|7|5|2|1|1|0|0|0
RZ1|CHK|103|2|36|6|2|5|7|3|1|0|1|0
RZ1|104|2|Don|4|6|5|3|1|1|0|0|0
RZ1|CHK|104|2|36|6|2|5|6|4|1|0|1|0
[Opponent] Draw 2 Don
RZ1|105|2|Don|5|0|5|0|1|1|1|0|0
RZ1|CHK|105|2|36|6|2|5|6|4|1|0|1|0
RZ1|106|2|Don|5|1|5|1|1|1|1|0|0
RZ1|CHK|106|2|36|6|2|5|6|4|1|0|1|0
RZ1|107|2|Don|5|2|5|2|1|1|1|0|0
RZ1|CHK|107|2|36|6|2|5|6|4|1|0|1|0
RZ1|108|2|Don|5|3|5|3|1|1|1|0|0
RZ1|CHK|108|2|36|6|2|5|6|4|1|0|1|0
[Opponent] Deploy Jinbe ["OP07-045">OP07-045]
RZ1|109|2|OP07-045|1|5|2|2|1|1|0|0|0
RZ1|CHK|109|2|36|5|3|5|6|4|1|0|1|0
RZ1|110|2|OP07-047|1|4|2|3|1|1|0|0|0
RZ1|CHK|110|2|36|4|4|5|6|4|1|0|1|0
[Opponent] Jinbe ["OP07-045">OP07-045]: Deploy Trafalgar Law ["OP07-047">OP07-047]
[Opponent] Trafalgar Law ["OP07-047">OP07-047]: Return Trafalgar Law ["OP07-047">OP07-047] to Hand
RZ1|111|2|OP07-047|2|3|1|4|1|1|0|0|0
RZ1|CHK|111|2|36|5|3|5|6|4|1|0|1|0
[Opponent] Forcing opponent to resolve Card Action!
[You] Sent a Card to Deck Bottom
RZ1|112|1|ST34-004|1|2|0|0|0|0|0|0|0
RZ1|CHK|112|1|38|5|1|5|7|3|1|0|1|0
[Opponent] Jinbe ["OP14-040">OP14-040] attacking Charlotte Katakuri ["OP11-062">OP11-062]
RZ1|113|1|Don|5|0|4|7|1|1|0|0|0
RZ1|CHK|113|1|38|5|1|5|8|2|1|0|1|0
[You] Charlotte Katakuri ["OP11-062">OP11-062]: Minus 1 Don
[You] Charlotte Katakuri ["OP11-062">OP11-062]: <b>Looked at opponent's top deck</b>
[You] Charlotte Katakuri ["OP11-062">OP11-062]: <b>Finished looking at opponent's top deck</b>
[You] Charlotte Katakuri ["OP11-062">OP11-062]: Buff Charlotte Katakuri ["OP11-062">OP11-062] 1000 for the Combat
Jinbe ["OP14-040">OP14-040][5000] vs Charlotte Katakuri ["OP11-062">OP11-062][6000]
Attack Fails
[] Hand: [OP07-045,EB01-023,OP14-049,OP15-052,OP07-047]
[] Board: [OP14-042,OP07-046,OP07-045]
[] Trash: [ST17-002]
[] Life: 5
[] Hand: [ST18-001,ST34-002,PRB02-010,OP08-069,ST34-005]
[] Trash: [OP07-077]
[] Board: [ST34-003]
[] Life: 5
[Opponent] End Turn
[] Hand: [ST18-001,ST34-002,PRB02-010,OP08-069,ST34-005]
[] Board: [ST34-003]
[] Trash: [OP07-077]
[] Life: 5
[] Hand: [OP07-045,EB01-023,OP14-049,OP15-052,OP07-047]
[] Trash: [ST17-002]
[] Board: [OP14-042,OP07-046,OP07-045]
[] Life: 5
[You] Draw 1 Card
[] Drew card from deck: Baron Tamago & Pekoms ["ST34-005">ST34-005]
RZ1|114|1|ST34-005|0|37|1|5|1|1|0|0|0
RZ1|CHK|114|1|37|6|1|5|8|2|1|0|1|0
RZ1|115|1|Don|4|7|5|2|1|1|0|0|0
RZ1|CHK|115|1|37|6|1|5|7|3|1|0|1|0
RZ1|116|1|Don|4|6|5|3|1|1|0|0|0
RZ1|CHK|116|1|37|6|1|5|6|4|1|0|1|0
[You] Draw 2 Don
RZ1|117|1|Don|5|0|5|0|1|1|1|0|0
RZ1|CHK|117|1|37|6|1|5|6|4|1|0|1|0
RZ1|118|1|Don|5|1|5|1|1|1|1|0|0
RZ1|CHK|118|1|37|6|1|5|6|4|1|0|1|0
RZ1|119|1|Don|5|2|5|2|1|1|1|0|0
RZ1|CHK|119|1|37|6|1|5|6|4|1|0|1|0
RZ1|120|1|Don|5|3|5|3|1|1|1|0|0
RZ1|CHK|120|1|37|6|1|5|6|4|1|0|1|0
[You] Deploy Charlotte Cracker ["ST34-002">ST34-002]
RZ1|121|1|ST34-002|1|1|2|1|1|1|0|0|0
RZ1|CHK|121|1|37|5|2|5|6|4|1|0|1|0
Charlotte Cracker ["ST34-002">ST34-002]: Draw 1 Rested Don
RZ1|122|1|Don|4|5|5|0|1|1|1|0|0
RZ1|CHK|122|1|37|5|2|5|5|5|1|0|1|0
[You] Charlotte Cracker ["ST34-002">ST34-002]: Destroy Arlong ["OP14-042">OP14-042]
RZ1|123|2|OP14-042|2|0|6|1|1|1|0|0|0
RZ1|CHK|123|2|36|5|2|5|6|4|2|0|1|0
[You] Charlotte Katakuri ["OP11-062">OP11-062] attacking Jinbe ["OP14-040">OP14-040]
Charlotte Katakuri ["OP11-062">OP11-062][5000] vs Jinbe ["OP14-040">OP14-040][5000]
Jinbe ["OP14-040">OP14-040] hit for 1 damage
RZ1|124|2|OP14-050|3|4|1|5|1|1|0|0|0
RZ1|CHK|124|2|36|6|2|4|6|4|2|0|1|0
[] Hand: [ST18-001,PRB02-010,OP08-069,ST34-005,ST34-005]
[] Board: [ST34-003,ST34-002]
[] Trash: [OP07-077]
[] Life: 5
[] Hand: [OP07-045,EB01-023,OP14-049,OP15-052,OP07-047,OP14-050]
[] Trash: [ST17-002,OP14-042]
[] Board: [OP07-046,OP07-045]
[] Life: 4
[You] End Turn
[] Hand: [OP07-045,EB01-023,OP14-049,OP15-052,OP07-047,OP14-050]
[] Board: [OP07-046,OP07-045]
[] Trash: [ST17-002,OP14-042]
[] Life: 4
[] Hand: [ST18-001,PRB02-010,OP08-069,ST34-005,ST34-005]
[] Trash: [OP07-077]
[] Board: [ST34-003,ST34-002]
[] Life: 5
[Opponent] Draw 1 Card
[] Drew card from deck: Boa Hancock ["OP07-051">OP07-051]
RZ1|125|2|OP07-051|0|35|1|6|1|1|0|0|0
RZ1|CHK|125|2|35|7|2|4|6|4|2|0|1|0
RZ1|126|2|Don|4|5|5|4|1|1|0|0|0
RZ1|CHK|126|2|35|7|2|4|5|5|2|0|1|0
RZ1|127|2|Don|4|4|5|5|1|1|0|0|0
RZ1|CHK|127|2|35|7|2|4|4|6|2|0|1|0
[Opponent] Draw 2 Don
RZ1|128|2|Don|5|0|5|0|1|1|1|0|0
RZ1|CHK|128|2|35|7|2|4|4|6|2|0|1|0
RZ1|129|2|Don|5|1|5|1|1|1|1|0|0
RZ1|CHK|129|2|35|7|2|4|4|6|2|0|1|0
RZ1|130|2|Don|5|2|5|2|1|1|1|0|0
RZ1|CHK|130|2|35|7|2|4|4|6|2|0|1|0
RZ1|131|2|Don|5|3|5|3|1|1|1|0|0
RZ1|CHK|131|2|35|7|2|4|4|6|2|0|1|0
RZ1|132|2|Don|5|4|5|4|1|1|1|0|0
RZ1|CHK|132|2|35|7|2|4|4|6|2|0|1|0
RZ1|133|2|Don|5|5|5|5|1|1|1|0|0
RZ1|CHK|133|2|35|7|2|4|4|6|2|0|1|0
[Opponent] Deploy Boa Hancock ["OP07-051">OP07-051]
RZ1|134|2|OP07-051|1|6|2|2|1|1|0|0|0
RZ1|CHK|134|2|35|6|3|4|4|6|2|0|1|0
[Opponent] Boa Hancock ["OP07-051">OP07-051]: Charlotte Cracker ["ST34-002">ST34-002] can't attack next turn
[Opponent] Boa Hancock ["OP07-051">OP07-051]: Send Charlotte Brulee ["ST34-003">ST34-003] to Deck Bottom
RZ1|135|1|ST34-003|2|0|0|0|0|0|0|0|0
RZ1|CHK|135|1|38|5|1|5|5|5|1|0|1|0
RZ1|136|2|OP07-047|1|4|6|2|1|1|0|0|0
RZ1|CHK|136|2|35|5|3|4|4|6|3|0|1|0
[Opponent] Jinbe ["OP14-040">OP14-040]: Trash Trafalgar Law ["OP07-047">OP07-047]
[Opponent] Jinbe ["OP14-040">OP14-040]: Attach 1 Rested Don to Jinbe ["OP07-045">OP07-045]
RZ1|137|2|Don|5|0|9|100|1|1|1|0|0
RZ1|CHK|137|2|35|5|3|4|4|5|3|0|1|1
[Opponent] Jinbe ["OP14-040">OP14-040]: Attach 1 Rested Don to Jinbe ["OP07-045">OP07-045]
RZ1|138|2|Don|5|0|9|101|1|1|1|0|0
RZ1|CHK|138|2|35|5|3|4|4|4|3|0|1|2
[Opponent] Jinbe ["OP07-045">OP07-045] attacking Charlotte Katakuri ["OP11-062">OP11-062]
Jinbe ["OP07-045">OP07-045][7000] vs Charlotte Katakuri ["OP11-062">OP11-062][5000]
Charlotte Katakuri ["OP11-062">OP11-062] hit for 1 damage
RZ1|139|1|ST34-004|3|4|1|5|1|1|0|0|0
RZ1|CHK|139|1|38|6|1|4|5|5|1|0|1|0
[Opponent] Jinbe ["OP14-040">OP14-040] attacking Charlotte Katakuri ["OP11-062">OP11-062]
RZ1|140|1|Don|5|0|4|5|1|1|0|0|0
RZ1|CHK|140|1|38|6|1|4|6|4|1|0|1|0
[You] Charlotte Katakuri ["OP11-062">OP11-062]: Minus 1 Don
[You] Charlotte Katakuri ["OP11-062">OP11-062]: <b>Looked at opponent's top deck</b>
[You] Charlotte Katakuri ["OP11-062">OP11-062]: <b>Finished looking at opponent's top deck</b>
[You] Charlotte Katakuri ["OP11-062">OP11-062]: Buff Charlotte Katakuri ["OP11-062">OP11-062] 1000 for the Combat
Jinbe ["OP14-040">OP14-040][5000] vs Charlotte Katakuri ["OP11-062">OP11-062][6000]
Attack Fails
[] Hand: [OP07-045,EB01-023,OP14-049,OP15-052,OP14-050]
[] Board: [OP07-046,OP07-045,OP07-051]
[] Trash: [ST17-002,OP14-042,OP07-047]
[] Life: 4
[] Hand: [ST18-001,PRB02-010,OP08-069,ST34-005,ST34-005,ST34-004]
[] Trash: [OP07-077]
[] Board: [ST34-002]
[] Life: 4
[Opponent] End Turn
[] Hand: [ST18-001,PRB02-010,OP08-069,ST34-005,ST34-005,ST34-004]
[] Board: [ST34-002]
[] Trash: [OP07-077]
[] Life: 4
[] Hand: [OP07-045,EB01-023,OP14-049,OP15-052,OP14-050]
[] Trash: [ST17-002,OP14-042,OP07-047]
[] Board: [OP07-046,OP07-045,OP07-051]
[] Life: 4
[You] Draw 1 Card
[] Drew card from deck: Charlotte Cracker ["ST34-002">ST34-002]
RZ1|141|1|ST34-002|0|37|1|6|1|1|0|0|0
RZ1|CHK|141|1|37|7|1|4|6|4|1|0|1|0
RZ1|142|1|Don|4|5|5|4|1|1|0|0|0
RZ1|CHK|142|1|37|7|1|4|5|5|1|0|1|0
RZ1|143|1|Don|4|4|5|5|1|1|0|0|0
RZ1|CHK|143|1|37|7|1|4|4|6|1|0|1|0
[You] Draw 2 Don
RZ1|144|1|Don|5|0|5|0|1|1|1|0|0
RZ1|CHK|144|1|37|7|1|4|4|6|1|0|1|0
RZ1|145|1|Don|5|1|5|1|1|1|1|0|0
RZ1|CHK|145|1|37|7|1|4|4|6|1|0|1|0
RZ1|146|1|Don|5|2|5|2|1|1|1|0|0
RZ1|CHK|146|1|37|7|1|4|4|6|1|0|1|0
[You] Deploy Baron Tamago & Pekoms ["ST34-005">ST34-005]
RZ1|147|1|ST34-005|1|3|2|1|1|1|0|0|0
RZ1|CHK|147|1|37|6|2|4|4|6|1|0|1|0
RZ1|148|1|Don|5|3|5|3|1|1|1|0|0
RZ1|CHK|148|1|37|6|2|4|4|6|1|0|1|0
RZ1|149|1|Don|5|4|5|4|1|1|1|0|0
RZ1|CHK|149|1|37|6|2|4|4|6|1|0|1|0
RZ1|150|1|Don|5|5|5|5|1|1|1|0|0
RZ1|CHK|150|1|37|6|2|4|4|6|1|0|1|0
[You] Deploy Baron Tamago & Pekoms ["ST34-005">ST34-005]
RZ1|151|1|ST34-005|1|3|2|2|1|1|0|0|0
RZ1|CHK|151|1|37|5|3|4|4|6|1|0|1|0
[You] Charlotte Katakuri ["OP11-062">OP11-062] attacking Jinbe ["OP14-040">OP14-040]
Charlotte Katakuri ["OP11-062">OP11-062][5000] vs Jinbe ["OP14-040">OP14-040][5000]
Jinbe ["OP14-040">OP14-040] hit for 1 damage
RZ1|152|2|OP15-052|3|3|1|5|1|1|0|0|0
RZ1|CHK|152|2|35|6|3|3|4|4|3|0|1|2
[You] Charlotte Cracker ["ST34-002">ST34-002] is no longer blocked from attacking
[] Hand: [ST18-001,PRB02-010,OP08-069,ST34-004,ST34-002]
[] Board: [ST34-002,ST34-005,ST34-005]
[] Trash: [OP07-077]
[] Life: 4
[] Hand: [OP07-045,EB01-023,OP14-049,OP15-052,OP14-050,OP15-052]
[] Trash: [ST17-002,OP14-042,OP07-047]
[] Board: [OP07-046,OP07-045,OP07-051]
[] Life: 3
[You] End Turn
[] Hand: [OP07-045,EB01-023,OP14-049,OP15-052,OP14-050,OP15-052]
[] Board: [OP07-046,OP07-045,OP07-051]
[] Trash: [ST17-002,OP14-042,OP07-047]
[] Life: 3
[] Hand: [ST18-001,PRB02-010,OP08-069,ST34-004,ST34-002]
[] Trash: [OP07-077]
[] Board: [ST34-002,ST34-005,ST34-005]
[] Life: 4
RZ1|153|2|Don|9|100|5|0|1|1|1|0|0
RZ1|CHK|153|2|35|6|3|3|4|5|3|0|1|1
RZ1|154|2|Don|9|100|5|0|1|1|1|0|0
RZ1|CHK|154|2|35|6|3|3|4|6|3|0|1|0
[Opponent] Draw 1 Card
[] Drew card from deck: Trafalgar Law ["ST17-002">ST17-002]
RZ1|155|2|ST17-002|0|34|1|6|1|1|0|0|0
RZ1|CHK|155|2|34|7|3|3|4|6|3|0|1|0
RZ1|156|2|Don|4|3|5|6|1|1|0|0|0
RZ1|CHK|156|2|34|7|3|3|3|7|3|0|1|0
RZ1|157|2|Don|4|2|5|7|1|1|0|0|0
RZ1|CHK|157|2|34|7|3|3|2|8|3|0|1|0
[Opponent] Draw 2 Don
RZ1|158|2|Don|5|0|5|0|1|1|1|0|0
RZ1|CHK|158|2|34|7|3|3|2|8|3|0|1|0
[Opponent] Deploy Chew ["OP14-050">OP14-050]
RZ1|159|2|OP14-050|1|4|2|3|1|1|0|0|0
RZ1|CHK|159|2|34|6|4|3|2|8|3|0|1|0
[] Drew card from deck: Jinbe ["OP14-049">OP14-049]
RZ1|160|2|OP14-049|0|33|1|6|1|1|0|0|0
RZ1|CHK|160|2|33|7|4|3|2|8|3|0|1|0
[Opponent] Chew ["OP14-050">OP14-050]: Draw 1 Card
RZ1|161|2|Don|5|1|5|1|1|1|1|0|0
RZ1|CHK|161|2|33|7|4|3|2|8|3|0|1|0
RZ1|162|2|Don|5|2|5|2|1|1|1|0|0
RZ1|CHK|162|2|33|7|4|3|2|8|3|0|1|0
RZ1|163|2|Don|5|3|5|3|1|1|1|0|0
RZ1|CHK|163|2|33|7|4|3|2|8|3|0|1|0
RZ1|164|2|Don|5|4|5|4|1|1|1|0|0
RZ1|CHK|164|2|33|7|4|3|2|8|3|0|1|0
[Opponent] Deploy Jinbe ["OP07-045">OP07-045]
RZ1|165|2|OP07-045|1|0|2|4|1|1|0|0|0
RZ1|CHK|165|2|33|6|5|3|2|8|3|0|1|0
RZ1|166|2|OP07-046|2|0|6|3|1|1|0|0|0
RZ1|CHK|166|2|33|6|4|3|2|8|4|0|1|0
[Opponent] Trash Sengoku ["OP07-046">OP07-046]
RZ1|167|2|EB01-023|1|0|2|4|1|1|0|0|0
RZ1|CHK|167|2|33|5|5|3|2|8|4|0|1|0
[Opponent] Jinbe ["OP07-045">OP07-045]: Deploy Edward Weevil ["EB01-023">EB01-023]
[] Drew card from deck: Boa Hancock ["OP07-051">OP07-051]
RZ1|168|2|OP07-051|0|32|1|5|1|1|0|0|0
RZ1|CHK|168|2|32|6|5|3|2|8|4|0|1|0
[Opponent] Edward Weevil ["EB01-023">EB01-023]: Draw 1 Card
[Opponent] Attach 1 Don to Jinbe ["OP07-045">OP07-045] (1 Total)
RZ1|169|2|Don|5|7|9|0|1|1|0|0|0
RZ1|CHK|169|2|32|6|5|3|2|7|4|0|1|1
[Opponent] Jinbe ["OP07-045">OP07-045] attacking Charlotte Katakuri ["OP11-062">OP11-062]
Jinbe ["OP07-045">OP07-045][6000] vs Charlotte Katakuri ["OP11-062">OP11-062][5000]
Charlotte Katakuri ["OP11-062">OP11-062] hit for 1 damage
RZ1|170|1|PRB02-010|3|3|1|5|1|1|0|0|0
RZ1|CHK|170|1|37|6|3|3|4|6|1|0|1|0
[Opponent] Attach 1 Don to Jinbe ["OP14-040">OP14-040] (1 Total)
RZ1|171|2|Don|5|6|9|9900|1|1|0|0|0
RZ1|CHK|171|2|32|6|5|3|2|6|4|0|1|2
[Opponent] Boa Hancock ["OP07-051">OP07-051] attacking Charlotte Katakuri ["OP11-062">OP11-062]
Boa Hancock ["OP07-051">OP07-051][8000] vs Charlotte Katakuri ["OP11-062">OP11-062][5000]
Charlotte Katakuri ["OP11-062">OP11-062] hit for 1 damage
RZ1|172|1|PRB02-010|3|2|1|6|1|1|0|0|0
RZ1|CHK|172|1|37|7|3|2|4|6|1|0|1|0
[Opponent] Jinbe ["OP14-040">OP14-040] attacking Charlotte Katakuri ["OP11-062">OP11-062]
[You] Discard Usohachi ["ST18-001">ST18-001] for Counter 2000
RZ1|173|1|ST18-001|1|0|6|1|1|1|0|0|0
RZ1|CHK|173|1|37|6|3|2|4|6|2|0|1|0
Jinbe ["OP14-040">OP14-040][6000] vs Charlotte Katakuri ["OP11-062">OP11-062][7000]
Attack Fails
[] Hand: [OP14-049,OP15-052,OP15-052,ST17-002,OP14-049,OP07-051]
[] Board: [OP07-045,OP07-051,OP14-050,OP07-045,EB01-023]
[] Trash: [ST17-002,OP14-042,OP07-047,OP07-046]
[] Life: 3
[] Hand: [PRB02-010,OP08-069,ST34-004,ST34-002,PRB02-010,PRB02-010]
[] Trash: [OP07-077,ST18-001]
[] Board: [ST34-002,ST34-005,ST34-005]
[] Life: 2
[Opponent] End Turn
[] Hand: [PRB02-010,OP08-069,ST34-004,ST34-002,PRB02-010,PRB02-010]
[] Board: [ST34-002,ST34-005,ST34-005]
[] Trash: [OP07-077,ST18-001]
[] Life: 2
[] Hand: [OP14-049,OP15-052,OP15-052,ST17-002,OP14-049,OP07-051]
[] Trash: [ST17-002,OP14-042,OP07-047,OP07-046]
[] Board: [OP07-045,OP07-051,OP14-050,OP07-045,EB01-023]
[] Life: 3
[You] Draw 1 Card
[] Drew card from deck: Usohachi ["ST18-001">ST18-001]
RZ1|174|1|ST18-001|0|36|1|6|1|1|0|0|0
RZ1|CHK|174|1|36|7|3|2|4|6|2|0|1|0
RZ1|175|1|Don|4|3|5|6|1|1|0|0|0
RZ1|CHK|175|1|36|7|3|2|3|7|2|0|1|0
RZ1|176|1|Don|4|2|5|7|1|1|0|0|0
RZ1|CHK|176|1|36|7|3|2|2|8|2|0|1|0
[You] Draw 2 Don
[You] Charlotte Cracker ["ST34-002">ST34-002] attacking Jinbe ["OP14-040">OP14-040]
[Opponent] Discard Leo ["OP15-052">OP15-052] for Counter 2000
RZ1|177|2|OP15-052|1|2|6|4|1|1|0|0|0
RZ1|CHK|177|2|32|5|5|3|2|6|5|0|1|2
Charlotte Cracker ["ST34-002">ST34-002][5000] vs Jinbe ["OP14-040">OP14-040][7000]
Attack Fails
RZ1|178|1|Don|5|0|5|0|1|1|1|0|0
RZ1|CHK|178|1|36|7|3|2|2|8|2|0|1|0
RZ1|179|1|Don|5|1|5|1|1|1|1|0|0
RZ1|CHK|179|1|36|7|3|2|2|8|2|0|1|0
RZ1|180|1|Don|5|2|5|2|1|1|1|0|0
RZ1|CHK|180|1|36|7|3|2|2|8|2|0|1|0
RZ1|181|1|Don|5|3|5|3|1|1|1|0|0
RZ1|CHK|181|1|36|7|3|2|2|8|2|0|1|0
[You] Deploy Charlotte Cracker ["ST34-002">ST34-002]
RZ1|182|1|ST34-002|1|3|2|3|1|1|0|0|0
RZ1|CHK|182|1|36|6|4|2|2|8|2|0|1|0
Charlotte Cracker ["ST34-002">ST34-002]: Draw 1 Rested Don
RZ1|183|1|Don|4|1|5|0|1|1|1|0|0
RZ1|CHK|183|1|36|6|4|2|1|9|2|0|1|0
[You] Charlotte Cracker ["ST34-002">ST34-002]: Destroy Chew ["OP14-050">OP14-050]
RZ1|184|2|OP14-050|2|2|6|5|1|1|0|0|0
RZ1|CHK|184|2|32|5|4|3|2|6|6|0|1|2
[You] Charlotte Katakuri ["OP11-062">OP11-062] attacking Jinbe ["OP14-040">OP14-040]
[Opponent] Discard Leo ["OP15-052">OP15-052] for Counter 2000
RZ1|185|2|OP15-052|1|1|6|6|1|1|0|0|0
RZ1|CHK|185|2|32|4|4|3|2|6|7|0|1|2
Charlotte Katakuri ["OP11-062">OP11-062][5000] vs Jinbe ["OP14-040">OP14-040][7000]
Attack Fails
RZ1|186|1|Don|5|5|9|100|1|1|0|0|0
RZ1|CHK|186|1|36|6|4|2|1|8|2|0|1|1
[You] Attach 1 Don to Baron Tamago & Pekoms ["ST34-005">ST34-005] (1 Total)
[You] Baron Tamago & Pekoms ["ST34-005">ST34-005] attacking Jinbe ["OP14-040">OP14-040]
RZ1|187|1|Don|9|100|4|1|1|1|0|0|0
RZ1|CHK|187|1|36|6|4|2|2|8|2|0|1|0
[You] Baron Tamago & Pekoms ["ST34-005">ST34-005]: Minus 1 Don
Baron Tamago & Pekoms ["ST34-005">ST34-005][4000] vs Jinbe ["OP14-040">OP14-040][5000]
Attack Fails
RZ1|188|1|Don|5|5|9|200|1|1|0|0|0
RZ1|CHK|188|1|36|6|4|2|2|7|2|0|1|1
[You] Attach 1 Don to Baron Tamago & Pekoms ["ST34-005">ST34-005] (1 Total)
[You] Baron Tamago & Pekoms ["ST34-005">ST34-005] attacking Jinbe ["OP14-040">OP14-040]
RZ1|189|1|Don|9|200|4|2|1|1|0|0|0
RZ1|CHK|189|1|36|6|4|2|3|7|2|0|1|0
[You] Baron Tamago & Pekoms ["ST34-005">ST34-005]: Minus 1 Don
Baron Tamago & Pekoms ["ST34-005">ST34-005][4000] vs Jinbe ["OP14-040">OP14-040][5000]
Attack Fails
[] Hand: [PRB02-010,OP08-069,ST34-004,PRB02-010,PRB02-010,ST18-001]
[] Board: [ST34-002,ST34-005,ST34-005,ST34-002]
[] Trash: [OP07-077,ST18-001]
[] Life: 2
[] Hand: [OP14-049,ST17-002,OP14-049,OP07-051]
[] Trash: [ST17-002,OP14-042,OP07-047,OP07-046,OP15-052,OP14-050,OP15-052]
[] Board: [OP07-045,OP07-051,OP07-045,EB01-023]
[] Life: 3
[You] End Turn
[] Hand: [OP14-049,ST17-002,OP14-049,OP07-051]
[] Board: [OP07-045,OP07-051,OP07-045,EB01-023]
[] Trash: [ST17-002,OP14-042,OP07-047,OP07-046,OP15-052,OP14-050,OP15-052]
[] Life: 3
[] Hand: [PRB02-010,OP08-069,ST34-004,PRB02-010,PRB02-010,ST18-001]
[] Trash: [OP07-077,ST18-001]
[] Board: [ST34-002,ST34-005,ST34-005,ST34-002]
[] Life: 2
RZ1|190|2|Don|9|9900|5|0|1|1|1|0|0
RZ1|CHK|190|2|32|4|4|3|2|7|7|0|1|1
RZ1|191|2|Don|9|0|5|0|1|1|1|0|0
RZ1|CHK|191|2|32|4|4|3|2|8|7|0|1|0
[Opponent] Draw 1 Card
[] Drew card from deck: Chew ["OP14-050">OP14-050]
RZ1|192|2|OP14-050|0|31|1|4|1|1|0|0|0
RZ1|CHK|192|2|31|5|4|3|2|8|7|0|1|0
RZ1|193|2|Don|4|1|5|8|1|1|0|0|0
RZ1|CHK|193|2|31|5|4|3|1|9|7|0|1|0
RZ1|194|2|Don|4|0|5|9|1|1|0|0|0
RZ1|CHK|194|2|31|5|4|3|0|10|7|0|1|0
[Opponent] Draw 2 Don
[Opponent] Boa Hancock ["OP07-051">OP07-051] attacking Charlotte Katakuri ["OP11-062">OP11-062]
Boa Hancock ["OP07-051">OP07-051][8000] vs Charlotte Katakuri ["OP11-062">OP11-062][5000]
Charlotte Katakuri ["OP11-062">OP11-062] hit for 1 damage
RZ1|195|1|OP07-077|3|1|1|6|1|1|0|0|0
RZ1|CHK|195|1|36|7|4|1|3|7|2|0|1|0
[You] We're Going to Claim the One Piece!!! ["OP07-077">OP07-077]: Activate Trigger
RZ1|196|1|OP07-077|1|6|6|2|1|1|0|0|0
RZ1|CHK|196|1|36|6|4|1|3|7|3|0|1|0
RZ1|197|1|ST34-002|0|33|1|6|1|1|0|0|0
RZ1|CHK|197|1|35|7|4|1|3|7|3|0|1|0
[You] We're Going to Claim the One Piece!!! ["OP07-077">OP07-077]: <b>Reveal and Draw Charlotte Cracker ["ST34-002">ST34-002]</b>
[You] Placing Cards on Bottom of Deck
RZ1|198|1|ST34-005|0|34|0|0|0|0|0|0|0
RZ1|CHK|198|1|35|7|4|1|3|7|3|0|1|0
RZ1|199|1|OP15-069|0|34|0|0|0|0|0|0|0
RZ1|CHK|199|1|35|7|4|1|3|7|3|0|1|0
RZ1|200|1|OP11-070|0|34|0|0|0|0|0|0|0
RZ1|CHK|200|1|35|7|4|1|3|7|3|0|1|0
RZ1|201|1|OP07-077|0|34|0|0|0|0|0|0|0
RZ1|CHK|201|1|35|7|4|1|3|7|3|0|1|0
RZ1|202|2|Don|5|0|5|0|1|1|1|0|0
RZ1|CHK|202|2|31|5|4|3|0|10|7|0|1|0
RZ1|203|2|Don|5|1|5|1|1|1|1|0|0
RZ1|CHK|203|2|31|5|4|3|0|10|7|0|1|0
RZ1|204|2|Don|5|2|5|2|1|1|1|0|0
RZ1|CHK|204|2|31|5|4|3|0|10|7|0|1|0
RZ1|205|2|Don|5|3|5|3|1|1|1|0|0
RZ1|CHK|205|2|31|5|4|3|0|10|7|0|1|0
RZ1|206|2|Don|5|4|5|4|1|1|1|0|0
RZ1|CHK|206|2|31|5|4|3|0|10|7|0|1|0
RZ1|207|2|Don|5|5|5|5|1|1|1|0|0
RZ1|CHK|207|2|31|5|4|3|0|10|7|0|1|0
RZ1|208|2|Don|5|6|5|6|1|1|1|0|0
RZ1|CHK|208|2|31|5|4|3|0|10|7|0|1|0
RZ1|209|2|Don|5|7|5|7|1|1|1|0|0
RZ1|CHK|209|2|31|5|4|3|0|10|7|0|1|0
[Opponent] Deploy Jinbe ["OP14-049">OP14-049]
RZ1|210|2|OP14-049|1|2|2|4|1|1|0|0|0
RZ1|CHK|210|2|31|4|5|3|0|10|7|0|1|0
[Opponent] Jinbe ["OP14-049">OP14-049]: Rest 2 Don
RZ1|211|2|Don|5|8|5|8|1|1|1|0|0
RZ1|CHK|211|2|31|4|5|3|0|10|7|0|1|0
RZ1|212|2|Don|5|9|5|9|1|1|1|0|0
RZ1|CHK|212|2|31|4|5|3|0|10|7|0|1|0
[] Drew card from deck: Arlong ["OP14-042">OP14-042]
RZ1|213|2|OP14-042|0|30|1|4|1|1|0|0|0
RZ1|CHK|213|2|30|5|5|3|0|10|7|0|1|0
[] Drew card from deck: Perfume Femur ["OP07-057">OP07-057]
RZ1|214|2|OP07-057|0|29|1|5|1|1|0|0|0
RZ1|CHK|214|2|29|6|5|3|0|10|7|0|1|0
[Opponent] Jinbe ["OP14-049">OP14-049]: Draw 2 Card
[Opponent] Jinbe ["OP14-049">OP14-049]: Return Boa Hancock ["OP07-051">OP07-051] to Hand
RZ1|215|2|OP07-051|2|1|1|6|1|1|1|0|0
RZ1|CHK|215|2|29|7|4|3|0|10|7|0|1|0
RZ1|216|2|OP14-042|1|4|6|7|1|1|0|0|0
RZ1|CHK|216|2|29|6|4|3|0|10|8|0|1|0
[Opponent] Jinbe ["OP14-040">OP14-040]: Trash Arlong ["OP14-042">OP14-042]
[Opponent] Jinbe ["OP14-040">OP14-040]: Attach 1 Rested Don to Jinbe ["OP07-045">OP07-045]
RZ1|217|2|Don|5|0|9|100|1|1|1|0|0
RZ1|CHK|217|2|29|6|4|3|0|9|8|0|1|1
[Opponent] Jinbe ["OP14-040">OP14-040]: Attach 1 Rested Don to Jinbe ["OP07-045">OP07-045]
RZ1|218|2|Don|5|0|9|101|1|1|1|0|0
RZ1|CHK|218|2|29|6|4|3|0|8|8|0|1|2
[Opponent] Jinbe ["OP14-049">OP14-049]: Give Jinbe ["OP14-049">OP14-049] Rush
[Opponent] Jinbe ["OP07-045">OP07-045] attacking Charlotte Katakuri ["OP11-062">OP11-062]
[You] Discard Usohachi ["ST18-001">ST18-001] for Counter 2000
RZ1|219|1|ST18-001|1|5|6|3|1|1|0|0|0
RZ1|CHK|219|1|35|6|4|1|3|7|4|0|1|0
[You] Discard Charlotte Pudding ["PRB02-010">PRB02-010] for Counter 1000
RZ1|220|1|PRB02-010|1|0|6|4|1|1|0|0|0
RZ1|CHK|220|1|35|5|4|1|3|7|5|0|1|0
Jinbe ["OP07-045">OP07-045][7000] vs Charlotte Katakuri ["OP11-062">OP11-062][8000]
Attack Fails
RZ1|221|2|OP07-051|1|5|6|8|1|1|0|0|0
RZ1|CHK|221|2|29|5|4|3|0|8|9|0|1|2
[Opponent] Jinbe ["OP14-040">OP14-040]: Trash Boa Hancock ["OP07-051">OP07-051]
[Opponent] Jinbe ["OP14-040">OP14-040]: Attach 1 Rested Don to Jinbe ["OP07-045">OP07-045]
RZ1|222|2|Don|5|0|9|0|1|1|1|0|0
RZ1|CHK|222|2|29|5|4|3|0|7|9|0|1|3
[Opponent] Jinbe ["OP14-040">OP14-040]: Attach 1 Rested Don to Jinbe ["OP07-045">OP07-045]
RZ1|223|2|Don|5|0|9|1|1|1|1|0|0
RZ1|CHK|223|2|29|5|4|3|0|6|9|0|1|4
[Opponent] Jinbe ["OP14-049">OP14-049]: Give Jinbe ["OP14-049">OP14-049] Rush
[Opponent] Jinbe ["OP07-045">OP07-045] attacking Charlotte Katakuri ["OP11-062">OP11-062]
Jinbe ["OP07-045">OP07-045][7000] vs Charlotte Katakuri ["OP11-062">OP11-062][5000]
Charlotte Katakuri ["OP11-062">OP11-062] hit for 1 damage
RZ1|224|1|OP11-067|3|0|1|5|1|1|0|0|0
RZ1|CHK|224|1|35|6|4|0|3|7|5|0|1|0
[Opponent] Jinbe ["OP14-040">OP14-040] attacking Charlotte Katakuri ["OP11-062">OP11-062]
RZ1|225|1|Don|5|0|4|3|1|1|0|0|0
RZ1|CHK|225|1|35|6|4|0|4|6|5|0|1|0
[You] Charlotte Katakuri ["OP11-062">OP11-062]: Minus 1 Don
[You] Charlotte Katakuri ["OP11-062">OP11-062]: <b>Looked at opponent's top deck</b>
[You] Charlotte Katakuri ["OP11-062">OP11-062]: <b>Finished looking at opponent's top deck</b>
[You] Charlotte Katakuri ["OP11-062">OP11-062]: Buff Charlotte Katakuri ["OP11-062">OP11-062] 1000 for the Combat
Jinbe ["OP14-040">OP14-040][5000] vs Charlotte Katakuri ["OP11-062">OP11-062][6000]
Attack Fails
[Opponent] Edward Weevil ["EB01-023">EB01-023] attacking Charlotte Katakuri ["OP11-062">OP11-062]
[You] Discard Charlotte Cracker ["ST34-002">ST34-002] for Counter 1000
RZ1|226|1|ST34-002|1|4|6|5|1|1|0|0|0
RZ1|CHK|226|1|35|5|4|0|4|6|6|0|1|0
[You] Discard Charlotte Pudding ["PRB02-010">PRB02-010] for Counter 1000
RZ1|227|1|PRB02-010|1|2|6|6|1|1|0|0|0
RZ1|CHK|227|1|35|4|4|0|4|6|7|0|1|0
Edward Weevil ["EB01-023">EB01-023][6000] vs Charlotte Katakuri ["OP11-062">OP11-062][7000]
Attack Fails
RZ1|228|2|OP14-050|1|3|6|9|1|1|0|0|0
RZ1|CHK|228|2|29|4|4|3|0|6|10|0|1|4
[Opponent] Jinbe ["OP14-040">OP14-040]: Trash Chew ["OP14-050">OP14-050]
[Opponent] Jinbe ["OP14-040">OP14-040]: Attach 1 Rested Don to Jinbe ["OP14-049">OP14-049]
RZ1|229|2|Don|5|0|9|300|1|1|1|0|0
RZ1|CHK|229|2|29|4|4|3|0|5|10|0|1|5
[Opponent] Jinbe ["OP14-040">OP14-040]: Attach 1 Rested Don to Jinbe ["OP14-049">OP14-049]
RZ1|230|2|Don|5|0|9|301|1|1|1|0|0
RZ1|CHK|230|2|29|4|4|3|0|4|10|0|1|6
[Opponent] Jinbe ["OP14-049">OP14-049]: Give Jinbe ["OP14-049">OP14-049] Rush
RZ1|231|2|ST17-002|1|1|6|10|1|1|0|0|0
RZ1|CHK|231|2|29|3|4|3|0|4|11|0|1|6
[Opponent] Jinbe ["OP14-040">OP14-040]: Trash Trafalgar Law ["ST17-002">ST17-002]
[Opponent] Jinbe ["OP14-040">OP14-040]: Attach 1 Rested Don to Jinbe ["OP14-049">OP14-049]
RZ1|232|2|Don|5|0|9|302|1|1|1|0|0
RZ1|CHK|232|2|29|3|4|3|0|3|11|0|1|7
[Opponent] Jinbe ["OP14-040">OP14-040]: Attach 1 Rested Don to Jinbe ["OP14-049">OP14-049]
RZ1|233|2|Don|5|0|9|303|1|1|1|0|0
RZ1|CHK|233|2|29|3|4|3|0|2|11|0|1|8
[Opponent] Jinbe ["OP14-049">OP14-049]: Give Jinbe ["OP14-049">OP14-049] Rush
RZ1|234|2|OP07-051|1|1|6|11|1|1|0|0|0
RZ1|CHK|234|2|29|2|4|3|0|2|12|0|1|8
[Opponent] Jinbe ["OP14-040">OP14-040]: Trash Boa Hancock ["OP07-051">OP07-051]
[Opponent] Jinbe ["OP14-040">OP14-040]: Attach 1 Rested Don to Jinbe ["OP14-049">OP14-049]
RZ1|235|2|Don|5|0|9|304|1|1|1|0|0
RZ1|CHK|235|2|29|2|4|3|0|1|12|0|1|9
[Opponent] Jinbe ["OP14-040">OP14-040]: Attach 1 Rested Don to Jinbe ["OP14-049">OP14-049]
RZ1|236|2|Don|5|0|9|305|1|1|1|0|0
RZ1|CHK|236|2|29|2|4|3|0|0|12|0|1|10
[Opponent] Jinbe ["OP14-049">OP14-049]: Give Jinbe ["OP14-049">OP14-049] Rush
[Opponent] Jinbe ["OP14-049">OP14-049] attacking Charlotte Katakuri ["OP11-062">OP11-062]
Jinbe ["OP14-049">OP14-049][16000] vs Charlotte Katakuri ["OP11-062">OP11-062][5000]
Charlotte Katakuri ["OP11-062">OP11-062] hit for 1 damage
[You] <b>Downloaded the Combat Log!</b>
GameOver
