Version is 1.41b.51
[You] Leader is Charlotte Katakuri ["OP11-062">OP11-062]
RZ1|HDR|1.41b|2|RZ1
RZ1|PLY|1||OP11-062
RZ1|PLY|2||
[Opponent] Leader is Portgas D. Ace ["OP13-002">OP13-002]
RZ1|1|2|OP13-016|0|1|0|0|0|0|0|0|0
RZ1|CHK|1|2|50|0|0|0|10|0|0|0|1|0
RZ1|2|2|OP13-054|0|34|0|1|0|0|0|0|0
RZ1|CHK|2|2|50|0|0|0|10|0|0|0|1|0
RZ1|3|2|ST22-002|0|20|0|2|0|0|0|0|0
RZ1|CHK|3|2|50|0|0|0|10|0|0|0|1|0
RZ1|4|2|OP13-042|0|40|0|3|0|0|0|0|0
RZ1|CHK|4|2|50|0|0|0|10|0|0|0|1|0
RZ1|5|2|ST22-015|0|48|0|4|0|0|0|0|0
RZ1|CHK|5|2|50|0|0|0|10|0|0|0|1|0
RZ1|6|2|ST23-001|0|12|0|5|0|0|0|0|0
RZ1|CHK|6|2|50|0|0|0|10|0|0|0|1|0
RZ1|7|2|ST22-015|0|48|0|6|0|0|0|0|0
RZ1|CHK|7|2|50|0|0|0|10|0|0|0|1|0
RZ1|8|2|ST22-015|0|49|0|7|0|0|0|0|0
RZ1|CHK|8|2|50|0|0|0|10|0|0|0|1|0
RZ1|9|2|OP13-054|0|36|0|8|0|0|0|0|0
RZ1|CHK|9|2|50|0|0|0|10|0|0|0|1|0
RZ1|10|2|ST22-015|0|49|0|9|0|0|0|0|0
RZ1|CHK|10|2|50|0|0|0|10|0|0|0|1|0
RZ1|11|2|OP13-042|0|47|0|10|0|0|0|0|0
RZ1|CHK|11|2|50|0|0|0|10|0|0|0|1|0
RZ1|12|2|OP13-042|0|46|0|11|0|0|0|0|0
RZ1|CHK|12|2|50|0|0|0|10|0|0|0|1|0
RZ1|13|2|OP08-047|0|44|0|12|0|0|0|0|0
RZ1|CHK|13|2|50|0|0|0|10|0|0|0|1|0
RZ1|14|2|OP08-043|0|46|0|13|0|0|0|0|0
RZ1|CHK|14|2|50|0|0|0|10|0|0|0|1|0
RZ1|15|2|OP08-043|0|46|0|14|0|0|0|0|0
RZ1|CHK|15|2|50|0|0|0|10|0|0|0|1|0
RZ1|16|2|OP13-057|0|49|0|15|0|0|0|0|0
RZ1|CHK|16|2|50|0|0|0|10|0|0|0|1|0
RZ1|17|2|ST22-002|0|35|0|16|0|0|0|0|0
RZ1|CHK|17|2|50|0|0|0|10|0|0|0|1|0
RZ1|18|2|OP08-044|0|38|0|17|0|0|0|0|0
RZ1|CHK|18|2|50|0|0|0|10|0|0|0|1|0
RZ1|19|2|OP13-043|0|31|0|19|0|0|0|0|0
RZ1|CHK|19|2|50|0|0|0|10|0|0|0|1|0
RZ1|20|2|OP13-042|0|48|0|20|0|0|0|0|0
RZ1|CHK|20|2|50|0|0|0|10|0|0|0|1|0
RZ1|21|2|PRB02-008|0|44|0|21|0|0|0|0|0
RZ1|CHK|21|2|50|0|0|0|10|0|0|0|1|0
RZ1|22|2|ST23-001|0|27|0|22|0|0|0|0|0
RZ1|CHK|22|2|50|0|0|0|10|0|0|0|1|0
RZ1|23|2|PRB02-008|0|44|0|23|0|0|0|0|0
RZ1|CHK|23|2|50|0|0|0|10|0|0|0|1|0
RZ1|24|2|ST22-002|0|38|0|24|0|0|0|0|0
RZ1|CHK|24|2|50|0|0|0|10|0|0|0|1|0
RZ1|25|2|OP08-047|0|47|0|25|0|0|0|0|0
RZ1|CHK|25|2|50|0|0|0|10|0|0|0|1|0
RZ1|26|2|OP08-050|0|41|0|26|0|0|0|0|0
RZ1|CHK|26|2|50|0|0|0|10|0|0|0|1|0
RZ1|27|2|OP13-054|0|46|0|27|0|0|0|0|0
RZ1|CHK|27|2|50|0|0|0|10|0|0|0|1|0
RZ1|28|2|PRB02-008|0|45|0|28|0|0|0|0|0
RZ1|CHK|28|2|50|0|0|0|10|0|0|0|1|0
RZ1|29|2|EB04-007|0|37|0|29|0|0|0|0|0
RZ1|CHK|29|2|50|0|0|0|10|0|0|0|1|0
RZ1|30|2|OP13-043|0|41|0|30|0|0|0|0|0
RZ1|CHK|30|2|50|0|0|0|10|0|0|0|1|0
RZ1|31|2|OP13-057|0|49|0|31|0|0|0|0|0
RZ1|CHK|31|2|50|0|0|0|10|0|0|0|1|0
RZ1|32|2|OP08-047|0|49|0|32|0|0|0|0|0
RZ1|CHK|32|2|50|0|0|0|10|0|0|0|1|0
RZ1|33|2|ST15-004|0|36|0|33|0|0|0|0|0
RZ1|CHK|33|2|50|0|0|0|10|0|0|0|1|0
RZ1|34|2|ST23-001|0|38|0|34|0|0|0|0|0
RZ1|CHK|34|2|50|0|0|0|10|0|0|0|1|0
RZ1|35|2|ST22-002|0|45|0|35|0|0|0|0|0
RZ1|CHK|35|2|50|0|0|0|10|0|0|0|1|0
RZ1|36|2|ST15-004|0|38|0|36|0|0|0|0|0
RZ1|CHK|36|2|50|0|0|0|10|0|0|0|1|0
RZ1|37|2|PRB02-008|0|48|0|38|0|0|0|0|0
RZ1|CHK|37|2|50|0|0|0|10|0|0|0|1|0
RZ1|38|2|OP08-050|0|47|0|39|0|0|0|0|0
RZ1|CHK|38|2|50|0|0|0|10|0|0|0|1|0
RZ1|39|2|OP13-043|0|46|0|40|0|0|0|0|0
RZ1|CHK|39|2|50|0|0|0|10|0|0|0|1|0
RZ1|40|2|EB04-007|0|44|0|41|0|0|0|0|0
RZ1|CHK|40|2|50|0|0|0|10|0|0|0|1|0
RZ1|41|2|OP08-044|0|48|0|42|0|0|0|0|0
RZ1|CHK|41|2|50|0|0|0|10|0|0|0|1|0
RZ1|42|2|OP13-054|0|49|0|44|0|0|0|0|0
RZ1|CHK|42|2|50|0|0|0|10|0|0|0|1|0
RZ1|43|2|OP13-043|0|49|0|45|0|0|0|0|0
RZ1|CHK|43|2|50|0|0|0|10|0|0|0|1|0
RZ1|44|2|OP09-118|0|48|0|46|0|0|0|0|0
RZ1|CHK|44|2|50|0|0|0|10|0|0|0|1|0
RZ1|45|2|OP09-118|0|49|0|47|0|0|0|0|0
RZ1|CHK|45|2|50|0|0|0|10|0|0|0|1|0
[] Drew card from deck: Charlotte Katakuri ["ST34-001">ST34-001]
RZ1|46|1|ST34-001|0|49|1|0|1|1|0|0|0
RZ1|CHK|46|1|49|1|0|0|10|0|0|0|1|0
[] Drew card from deck: Usohachi ["ST18-001">ST18-001]
RZ1|47|1|ST18-001|0|48|1|1|1|1|0|0|0
RZ1|CHK|47|1|48|2|0|0|10|0|0|0|1|0
[] Drew card from deck: Nola ["OP15-069">OP15-069]
RZ1|48|1|OP15-069|0|47|1|2|1|1|0|0|0
RZ1|CHK|48|1|47|3|0|0|10|0|0|0|1|0
[] Drew card from deck: Charlotte Brulee ["ST34-003">ST34-003]
RZ1|49|1|ST34-003|0|46|1|3|1|1|0|0|0
RZ1|CHK|49|1|46|4|0|0|10|0|0|0|1|0
[] Drew card from deck: Charlotte Linlin ["ST34-004">ST34-004]
RZ1|50|1|ST34-004|0|45|1|4|1|1|0|0|0
RZ1|CHK|50|1|45|5|0|0|10|0|0|0|1|0
[] Drew card from deck: Roronoa Zoro ["EB04-007">EB04-007]
RZ1|51|2|EB04-007|0|49|1|0|1|1|0|0|0
RZ1|CHK|51|2|49|1|0|0|10|0|0|0|1|0
[] Drew card from deck: Uta ["ST23-001">ST23-001]
RZ1|52|2|ST23-001|0|48|1|1|1|1|0|0|0
RZ1|CHK|52|2|48|2|0|0|10|0|0|0|1|0
[] Drew card from deck: Gol D. Roger ["OP09-118">OP09-118]
RZ1|53|2|OP09-118|0|47|1|2|1|1|0|0|0
RZ1|CHK|53|2|47|3|0|0|10|0|0|0|1|0
[] Drew card from deck: Gol D. Roger ["OP09-118">OP09-118]
RZ1|54|2|OP09-118|0|46|1|3|1|1|0|0|0
RZ1|CHK|54|2|46|4|0|0|10|0|0|0|1|0
[] Drew card from deck: Otama ["OP13-043">OP13-043]
RZ1|55|2|OP13-043|0|45|1|4|1|1|0|0|0
RZ1|CHK|55|2|45|5|0|0|10|0|0|0|1|0
RZ1|56|1|OP08-069|0|44|3|0|1|0|0|0|0
RZ1|CHK|56|1|44|5|0|1|10|0|0|0|1|0
RZ1|57|1|OP15-078|0|43|3|1|1|0|0|0|0
RZ1|CHK|57|1|43|5|0|2|10|0|0|0|1|0
RZ1|58|1|ST34-002|0|42|3|2|1|0|0|0|0
RZ1|CHK|58|1|42|5|0|3|10|0|0|0|1|0
RZ1|59|1|OP07-077|0|41|3|3|1|0|0|0|0
RZ1|CHK|59|1|41|5|0|4|10|0|0|0|1|0
RZ1|60|1|ST34-003|0|40|3|4|1|0|0|0|0
RZ1|CHK|60|1|40|5|0|5|10|0|0|0|1|0
RZ1|61|2|EB04-007|1|0|0|45|0|0|0|0|0
RZ1|CHK|61|2|46|4|0|0|10|0|0|0|1|0
RZ1|62|2|ST23-001|1|0|0|46|0|0|0|0|0
RZ1|CHK|62|2|47|3|0|0|10|0|0|0|1|0
RZ1|63|2|OP09-118|1|0|0|47|0|0|0|0|0
RZ1|CHK|63|2|48|2|0|0|10|0|0|0|1|0
RZ1|64|2|OP09-118|1|0|0|48|0|0|0|0|0
RZ1|CHK|64|2|49|1|0|0|10|0|0|0|1|0
RZ1|65|2|OP13-043|1|0|0|49|0|0|0|0|0
RZ1|CHK|65|2|50|0|0|0|10|0|0|0|1|0
RZ1|66|2|EB04-007|0|45|0|0|0|0|0|0|0
RZ1|CHK|66|2|50|0|0|0|10|0|0|0|1|0
RZ1|67|2|ST22-015|0|5|0|1|0|0|0|0|0
RZ1|CHK|67|2|50|0|0|0|10|0|0|0|1|0
RZ1|68|2|ST23-001|0|23|0|2|0|0|0|0|0
RZ1|CHK|68|2|50|0|0|0|10|0|0|0|1|0
RZ1|69|2|OP13-043|0|49|0|3|0|0|0|0|0
RZ1|CHK|69|2|50|0|0|0|10|0|0|0|1|0
RZ1|70|2|ST22-002|0|37|0|4|0|0|0|0|0
RZ1|CHK|70|2|50|0|0|0|10|0|0|0|1|0
RZ1|71|2|PRB02-008|0|31|0|5|0|0|0|0|0
RZ1|CHK|71|2|50|0|0|0|10|0|0|0|1|0
RZ1|72|2|OP13-043|0|33|0|6|0|0|0|0|0
RZ1|CHK|72|2|50|0|0|0|10|0|0|0|1|0
RZ1|73|2|OP13-042|0|16|0|7|0|0|0|0|0
RZ1|CHK|73|2|50|0|0|0|10|0|0|0|1|0
RZ1|74|2|OP08-043|0|20|0|8|0|0|0|0|0
RZ1|CHK|74|2|50|0|0|0|10|0|0|0|1|0
RZ1|75|2|OP13-016|0|39|0|9|0|0|0|0|0
RZ1|CHK|75|2|50|0|0|0|10|0|0|0|1|0
RZ1|76|2|OP08-047|0|36|0|10|0|0|0|0|0
RZ1|CHK|76|2|50|0|0|0|10|0|0|0|1|0
RZ1|77|2|OP13-042|0|20|0|11|0|0|0|0|0
RZ1|CHK|77|2|50|0|0|0|10|0|0|0|1|0
RZ1|78|2|PRB02-008|0|40|0|12|0|0|0|0|0
RZ1|CHK|78|2|50|0|0|0|10|0|0|0|1|0
RZ1|79|2|OP13-042|0|29|0|13|0|0|0|0|0
RZ1|CHK|79|2|50|0|0|0|10|0|0|0|1|0
RZ1|80|2|ST15-004|0|38|0|14|0|0|0|0|0
RZ1|CHK|80|2|50|0|0|0|10|0|0|0|1|0
RZ1|81|2|ST22-002|0|33|0|15|0|0|0|0|0
RZ1|CHK|81|2|50|0|0|0|10|0|0|0|1|0
RZ1|82|2|OP08-050|0|41|0|16|0|0|0|0|0
RZ1|CHK|82|2|50|0|0|0|10|0|0|0|1|0
RZ1|83|2|ST23-001|0|21|0|17|0|0|0|0|0
RZ1|CHK|83|2|50|0|0|0|10|0|0|0|1|0
RZ1|84|2|OP13-054|0|24|0|18|0|0|0|0|0
RZ1|CHK|84|2|50|0|0|0|10|0|0|0|1|0
RZ1|85|2|ST22-015|0|25|0|19|0|0|0|0|0
RZ1|CHK|85|2|50|0|0|0|10|0|0|0|1|0
RZ1|86|2|OP13-043|0|42|0|20|0|0|0|0|0
RZ1|CHK|86|2|50|0|0|0|10|0|0|0|1|0
RZ1|87|2|OP08-043|0|28|0|21|0|0|0|0|0
RZ1|CHK|87|2|50|0|0|0|10|0|0|0|1|0
RZ1|88|2|OP08-044|0|31|0|22|0|0|0|0|0
RZ1|CHK|88|2|50|0|0|0|10|0|0|0|1|0
RZ1|89|2|ST15-004|0|42|0|23|0|0|0|0|0
RZ1|CHK|89|2|50|0|0|0|10|0|0|0|1|0
RZ1|90|2|OP13-054|0|25|0|24|0|0|0|0|0
RZ1|CHK|90|2|50|0|0|0|10|0|0|0|1|0
RZ1|91|2|EB04-007|0|40|0|25|0|0|0|0|0
RZ1|CHK|91|2|50|0|0|0|10|0|0|0|1|0
RZ1|92|2|ST23-001|0|42|0|26|0|0|0|0|0
RZ1|CHK|92|2|50|0|0|0|10|0|0|0|1|0
RZ1|93|2|ST23-001|0|47|0|27|0|0|0|0|0
RZ1|CHK|93|2|50|0|0|0|10|0|0|0|1|0
RZ1|94|2|OP09-118|0|48|0|28|0|0|0|0|0
RZ1|CHK|94|2|50|0|0|0|10|0|0|0|1|0
RZ1|95|2|OP08-047|0|41|0|29|0|0|0|0|0
RZ1|CHK|95|2|50|0|0|0|10|0|0|0|1|0
RZ1|96|2|ST22-015|0|33|0|30|0|0|0|0|0
RZ1|CHK|96|2|50|0|0|0|10|0|0|0|1|0
RZ1|97|2|PRB02-008|0|40|0|31|0|0|0|0|0
RZ1|CHK|97|2|50|0|0|0|10|0|0|0|1|0
RZ1|98|2|ST22-002|0|38|0|32|0|0|0|0|0
RZ1|CHK|98|2|50|0|0|0|10|0|0|0|1|0
RZ1|99|2|OP13-057|0|38|0|33|0|0|0|0|0
RZ1|CHK|99|2|50|0|0|0|10|0|0|0|1|0
RZ1|100|2|OP13-057|0|44|0|34|0|0|0|0|0
RZ1|CHK|100|2|50|0|0|0|10|0|0|0|1|0
RZ1|101|2|OP09-118|0|49|0|35|0|0|0|0|0
RZ1|CHK|101|2|50|0|0|0|10|0|0|0|1|0
RZ1|102|2|ST22-002|0|37|0|36|0|0|0|0|0
RZ1|CHK|102|2|50|0|0|0|10|0|0|0|1|0
RZ1|103|2|OP08-050|0|44|0|37|0|0|0|0|0
RZ1|CHK|103|2|50|0|0|0|10|0|0|0|1|0
RZ1|104|2|OP13-016|0|42|0|38|0|0|0|0|0
RZ1|CHK|104|2|50|0|0|0|10|0|0|0|1|0
RZ1|105|2|OP13-042|0|40|0|39|0|0|0|0|0
RZ1|CHK|105|2|50|0|0|0|10|0|0|0|1|0
RZ1|106|2|OP08-044|0|47|0|41|0|0|0|0|0
RZ1|CHK|106|2|50|0|0|0|10|0|0|0|1|0
RZ1|107|2|OP13-054|0|46|0|42|0|0|0|0|0
RZ1|CHK|107|2|50|0|0|0|10|0|0|0|1|0
RZ1|108|2|OP08-047|0|44|0|43|0|0|0|0|0
RZ1|CHK|108|2|50|0|0|0|10|0|0|0|1|0
RZ1|109|2|OP13-016|0|48|0|44|0|0|0|0|0
RZ1|CHK|109|2|50|0|0|0|10|0|0|0|1|0
RZ1|110|2|EB04-007|0|48|0|45|0|0|0|0|0
RZ1|CHK|110|2|50|0|0|0|10|0|0|0|1|0
RZ1|111|2|PRB02-008|0|48|0|47|0|0|0|0|0
RZ1|CHK|111|2|50|0|0|0|10|0|0|0|1|0
RZ1|112|2|OP13-054|0|49|0|48|0|0|0|0|0
RZ1|CHK|112|2|50|0|0|0|10|0|0|0|1|0
[] Drew card from deck: Otama ["OP13-043">OP13-043]
RZ1|113|2|OP13-043|0|49|1|0|1|1|0|0|0
RZ1|CHK|113|2|49|1|0|0|10|0|0|0|1|0
[] Drew card from deck: Yamato ["OP13-054">OP13-054]
RZ1|114|2|OP13-054|0|48|1|1|1|1|0|0|0
RZ1|CHK|114|2|48|2|0|0|10|0|0|0|1|0
[] Drew card from deck: Marco ["PRB02-008">PRB02-008]
RZ1|115|2|PRB02-008|0|47|1|2|1|1|0|0|0
RZ1|CHK|115|2|47|3|0|0|10|0|0|0|1|0
[] Drew card from deck: I Am Whitebeard! ["ST22-015">ST22-015]
RZ1|116|2|ST22-015|0|46|1|3|1|1|0|0|0
RZ1|CHK|116|2|46|4|0|0|10|0|0|0|1|0
[] Drew card from deck: Roronoa Zoro ["EB04-007">EB04-007]
RZ1|117|2|EB04-007|0|45|1|4|1|1|0|0|0
RZ1|CHK|117|2|45|5|0|0|10|0|0|0|1|0
RZ1|118|2|OP13-016|0|44|3|0|0|1|0|0|0
RZ1|CHK|118|2|44|5|0|1|10|0|0|0|1|0
RZ1|119|2|OP08-047|0|43|3|1|0|1|0|0|0
RZ1|CHK|119|2|43|5|0|2|10|0|0|0|1|0
RZ1|120|2|OP13-054|0|42|3|2|0|1|0|0|0
RZ1|CHK|120|2|42|5|0|3|10|0|0|0|1|0
[] Hand after Mulligan: [OP13-043,OP13-054,PRB02-008,ST22-015,EB04-007]
[Opponent] Mulligan
[] Hand: [ST34-001,ST18-001,OP15-069,ST34-003,ST34-004]
[] Board: []
[] Trash: []
[] Life: 5
[] Hand: [OP13-043,OP13-054,PRB02-008,ST22-015,EB04-007]
[] Trash: []
[] Board: []
[] Life: 3
RZ1|121|1|Don|4|9|5|0|1|1|0|0|0
RZ1|CHK|121|1|40|5|0|5|9|1|0|0|1|0
[You] Draw 1 Don
RZ1|122|1|Don|5|0|5|0|1|1|1|0|0
RZ1|CHK|122|1|40|5|0|5|9|1|0|0|1|0
[You] Deploy Charlotte Brulee ["ST34-003">ST34-003]
RZ1|123|1|ST34-003|1|3|2|0|1|1|0|0|0
RZ1|CHK|123|1|40|4|1|5|9|1|0|0|1|0
RZ1|124|1|OP11-070|0|39|1|4|1|1|0|0|0
RZ1|CHK|124|1|39|5|1|5|9|1|0|0|1|0
[You] Charlotte Brulee ["ST34-003">ST34-003]: <b>Reveal and Draw Charlotte Pudding ["OP11-070">OP11-070]</b>
[You] Placing Cards on Bottom of Deck
RZ1|125|1|OP11-070|0|38|0|0|0|0|0|0|0
RZ1|CHK|125|1|39|5|1|5|9|1|0|0|1|0
RZ1|126|1|OP11-070|0|38|0|0|0|0|0|0|0
RZ1|CHK|126|1|39|5|1|5|9|1|0|0|1|0
[] Hand: [ST34-001,ST18-001,OP15-069,ST34-004,OP11-070]
[] Board: [ST34-003]
[] Trash: []
[] Life: 5
[] Hand: [OP13-043,OP13-054,PRB02-008,ST22-015,EB04-007]
[] Trash: []
[] Board: []
[] Life: 3
[You] End Turn
[] Hand: [OP13-043,OP13-054,PRB02-008,ST22-015,EB04-007]
[] Board: []
[] Trash: []
[] Life: 3
[] Hand: [ST34-001,ST18-001,OP15-069,ST34-004,OP11-070]
[] Trash: []
[] Board: [ST34-003]
[] Life: 5
[Opponent] Draw 1 Card
[] Drew card from deck: Kingdew ["OP08-044">OP08-044]
RZ1|127|2|OP08-044|0|41|1|5|1|1|0|0|0
RZ1|CHK|127|2|41|6|0|3|10|0|0|0|1|0
RZ1|128|2|Don|4|9|5|0|1|1|0|0|0
RZ1|CHK|128|2|41|6|0|3|9|1|0|0|1|0
RZ1|129|2|Don|4|8|5|1|1|1|0|0|0
RZ1|CHK|129|2|41|6|0|3|8|2|0|0|1|0
[Opponent] Draw 2 Don
RZ1|130|2|Don|5|0|5|0|1|1|1|0|0
RZ1|CHK|130|2|41|6|0|3|8|2|0|0|1|0
[Opponent] Deploy Otama ["OP13-043">OP13-043]
RZ1|131|2|OP13-043|1|0|2|0|1|1|0|0|0
RZ1|CHK|131|2|41|5|1|3|8|2|0|0|1|0
[] Drew card from deck: Monkey D. Garp ["OP13-016">OP13-016]
RZ1|132|2|OP13-016|0|40|1|5|1|1|0|0|0
RZ1|CHK|132|2|40|6|1|3|8|2|0|0|1|0
[] Drew card from deck: Edward Newgate ["OP13-042">OP13-042]
RZ1|133|2|OP13-042|0|39|1|6|1|1|0|0|0
RZ1|CHK|133|2|39|7|1|3|8|2|0|0|1|0
[Opponent] Otama ["OP13-043">OP13-043]: Draw 2 Card
RZ1|134|2|OP08-044|1|4|6|0|1|1|0|0|0
RZ1|CHK|134|2|39|6|1|3|8|2|1|0|1|0
[Opponent] Otama ["OP13-043">OP13-043]: Trash Kingdew ["OP08-044">OP08-044]
[Opponent] Attach 1 Don to Portgas D. Ace ["OP13-002">OP13-002] (1 Total)
RZ1|135|2|Don|5|1|9|9900|1|1|0|0|0
RZ1|CHK|135|2|39|6|1|3|8|1|1|0|1|1
[] Hand: [OP13-054,PRB02-008,ST22-015,EB04-007,OP13-016,OP13-042]
[] Board: [OP13-043]
[] Trash: [OP08-044]
[] Life: 3
[] Hand: [ST34-001,ST18-001,OP15-069,ST34-004,OP11-070]
[] Trash: []
[] Board: [ST34-003]
[] Life: 5
[Opponent] End Turn
[] Hand: [ST34-001,ST18-001,OP15-069,ST34-004,OP11-070]
[] Board: [ST34-003]
[] Trash: []
[] Life: 5
[] Hand: [OP13-054,PRB02-008,ST22-015,EB04-007,OP13-016,OP13-042]
[] Trash: [OP08-044]
[] Board: [OP13-043]
[] Life: 3
[You] Draw 1 Card
[] Drew card from deck: Mamaragan ["OP15-078">OP15-078]
RZ1|136|1|OP15-078|0|38|1|5|1|1|0|0|0
RZ1|CHK|136|1|38|6|1|5|9|1|0|0|1|0
RZ1|137|1|Don|4|8|5|1|1|1|0|0|0
RZ1|CHK|137|1|38|6|1|5|8|2|0|0|1|0
RZ1|138|1|Don|4|7|5|2|1|1|0|0|0
RZ1|CHK|138|1|38|6|1|5|7|3|0|0|1|0
[You] Draw 2 Don
RZ1|139|1|Don|5|0|5|0|1|1|1|0|0
RZ1|CHK|139|1|38|6|1|5|7|3|0|0|1|0
[You] Deploy Charlotte Pudding ["OP11-070">OP11-070]
RZ1|140|1|OP11-070|1|4|2|1|1|1|0|0|0
RZ1|CHK|140|1|38|5|2|5|7|3|0|0|1|0
RZ1|141|1|ST34-005|0|34|1|5|1|1|0|0|0
RZ1|CHK|141|1|37|6|2|5|7|3|0|0|1|0
[You] Charlotte Pudding ["OP11-070">OP11-070]: <b>Reveal and Draw Baron Tamago & Pekoms ["ST34-005">ST34-005]</b>
[You] Placing Cards on Bottom of Deck
RZ1|142|1|ST18-001|0|36|0|0|0|0|0|0|0
RZ1|CHK|142|1|37|6|2|5|7|3|0|0|1|0
RZ1|143|1|PRB02-010|0|36|0|0|0|0|0|0|0
RZ1|CHK|143|1|37|6|2|5|7|3|0|0|1|0
RZ1|144|1|ST34-003|0|36|0|0|0|0|0|0|0
RZ1|CHK|144|1|37|6|2|5|7|3|0|0|1|0
RZ1|145|1|ST34-004|0|36|0|0|0|0|0|0|0
RZ1|CHK|145|1|37|6|2|5|7|3|0|0|1|0
[You] Charlotte Katakuri ["OP11-062">OP11-062] attacking Portgas D. Ace ["OP13-002">OP13-002]
RZ1|146|1|Don|5|0|4|7|1|1|0|0|0
RZ1|CHK|146|1|37|6|2|5|8|2|0|0|1|0
[You] Charlotte Katakuri ["OP11-062">OP11-062]: Minus 1 Don
[You] Charlotte Katakuri ["OP11-062">OP11-062]: <b>Looked at opponent's top deck</b>
[You] Charlotte Katakuri ["OP11-062">OP11-062]: <b>Finished looking at opponent's top deck</b>
[You] Charlotte Katakuri ["OP11-062">OP11-062]: Buff Charlotte Katakuri ["OP11-062">OP11-062] 1000 for the Combat
Charlotte Katakuri ["OP11-062">OP11-062][6000] vs Portgas D. Ace ["OP13-002">OP13-002][6000]
Portgas D. Ace ["OP13-002">OP13-002] hit for 1 damage
RZ1|147|2|OP13-054|3|2|1|6|1|1|0|0|0
RZ1|CHK|147|2|39|7|1|2|8|1|1|0|1|1
[] Drew card from deck: Monkey D. Garp ["OP13-016">OP13-016]
RZ1|148|2|OP13-016|0|38|1|7|1|1|0|0|0
RZ1|CHK|148|2|38|8|1|2|8|1|1|0|1|1
[Opponent] Portgas D. Ace ["OP13-002">OP13-002]: Draw 1 Card
RZ1|149|1|OP15-078|1|4|6|0|1|1|0|0|0
RZ1|CHK|149|1|37|5|2|5|8|2|1|0|1|0
RZ1|150|1|Don|5|0|4|8|1|1|0|0|0
RZ1|CHK|150|1|37|5|2|5|9|1|1|0|1|0
RZ1|151|1|Don|5|0|4|9|1|1|0|0|0
RZ1|CHK|151|1|37|5|2|5|10|0|1|0|1|0
[You] Mamaragan ["OP15-078">OP15-078]: Minus 2 Don
[] Drew card from deck: Charlotte Brulee ["ST34-003">ST34-003]
RZ1|152|1|ST34-003|0|36|1|5|1|1|0|0|0
RZ1|CHK|152|1|36|6|2|5|10|0|1|0|1|0
[You] Mamaragan ["OP15-078">OP15-078]: Draw 1 Card
[You] Mamaragan ["OP15-078">OP15-078]: Rest Otama ["OP13-043">OP13-043]
[You] Charlotte Brulee ["ST34-003">ST34-003] attacking Otama ["OP13-043">OP13-043]
Charlotte Brulee ["ST34-003">ST34-003][2000] vs Otama ["OP13-043">OP13-043][0]
[Opponent] Otama ["OP13-043">OP13-043] Destroyed
RZ1|153|2|OP13-043|2|0|6|1|1|1|0|0|0
RZ1|CHK|153|2|38|8|0|2|8|1|2|0|1|1
[] Hand: [ST34-001,ST18-001,OP15-069,ST34-004,ST34-005,ST34-003]
[] Board: [ST34-003,OP11-070]
[] Trash: [OP15-078]
[] Life: 5
[] Hand: [OP13-054,PRB02-008,ST22-015,EB04-007,OP13-016,OP13-042,OP13-054,OP13-016]
[] Trash: [OP08-044,OP13-043]
[] Board: []
[] Life: 2
[You] End Turn
[] Hand: [OP13-054,PRB02-008,ST22-015,EB04-007,OP13-016,OP13-042,OP13-054,OP13-016]
[] Board: []
[] Trash: [OP08-044,OP13-043]
[] Life: 2
[] Hand: [ST34-001,ST18-001,OP15-069,ST34-004,ST34-005,ST34-003]
[] Trash: [OP15-078]
[] Board: [ST34-003,OP11-070]
[] Life: 5
RZ1|154|2|Don|9|9900|5|0|1|1|1|0|0
RZ1|CHK|154|2|38|8|0|2|8|2|2|0|1|0
[Opponent] Draw 1 Card
[] Drew card from deck: Namule ["OP08-050">OP08-050]
RZ1|155|2|OP08-050|0|37|1|8|1|1|0|0|0
RZ1|CHK|155|2|37|9|0|2|8|2|2|0|1|0
RZ1|156|2|Don|4|7|5|2|1|1|0|0|0
RZ1|CHK|156|2|37|9|0|2|7|3|2|0|1|0
RZ1|157|2|Don|4|6|5|3|1|1|0|0|0
RZ1|CHK|157|2|37|9|0|2|6|4|2|0|1|0
[Opponent] Draw 2 Don
RZ1|158|2|Don|5|0|5|0|1|1|1|0|0
RZ1|CHK|158|2|37|9|0|2|6|4|2|0|1|0
[Opponent] Deploy Monkey D. Garp ["OP13-016">OP13-016]
RZ1|159|2|OP13-016|1|7|2|0|1|1|0|0|0
RZ1|CHK|159|2|37|8|1|2|6|4|2|0|1|0
RZ1|160|2|OP09-118|0|35|1|8|1|1|0|0|0
RZ1|CHK|160|2|36|9|1|2|6|4|2|0|1|0
[Opponent] Monkey D. Garp ["OP13-016">OP13-016]: <b>Reveal and Draw Gol D. Roger ["OP09-118">OP09-118]</b>
[Opponent] Placing Cards on Bottom of Deck
RZ1|161|2|ST22-002|0|35|0|0|0|0|0|0|0
RZ1|CHK|161|2|36|9|1|2|6|4|2|0|1|0
RZ1|162|2|OP13-057|0|35|0|0|0|0|0|0|0
RZ1|CHK|162|2|36|9|1|2|6|4|2|0|1|0
RZ1|163|2|OP13-057|0|35|0|0|0|0|0|0|0
RZ1|CHK|163|2|36|9|1|2|6|4|2|0|1|0
RZ1|164|2|Don|5|1|5|1|1|1|1|0|0
RZ1|CHK|164|2|36|9|1|2|6|4|2|0|1|0
RZ1|165|2|Don|5|2|5|2|1|1|1|0|0
RZ1|CHK|165|2|36|9|1|2|6|4|2|0|1|0
RZ1|166|2|Don|5|3|5|3|1|1|1|0|0
RZ1|CHK|166|2|36|9|1|2|6|4|2|0|1|0
[Opponent] Deploy Namule ["OP08-050">OP08-050]
RZ1|167|2|OP08-050|1|7|2|1|1|1|0|0|0
RZ1|CHK|167|2|36|8|2|2|6|4|2|0|1|0
[] Drew card from deck: Izou ["ST22-002">ST22-002]
RZ1|168|2|ST22-002|0|35|1|8|1|1|0|0|0
RZ1|CHK|168|2|35|9|2|2|6|4|2|0|1|0
[] Drew card from deck: Marco ["PRB02-008">PRB02-008]
RZ1|169|2|PRB02-008|0|34|1|9|1|1|0|0|0
RZ1|CHK|169|2|34|10|2|2|6|4|2|0|1|0
[Opponent] Namule ["OP08-050">OP08-050]: Draw 2 Card
[Opponent] Sent a Card to Deck Top
RZ1|170|2|ST22-002|1|8|0|34|0|0|0|0|0
RZ1|CHK|170|2|35|9|2|2|6|4|2|0|1|0
[Opponent] Sent a Card to Deck Top
RZ1|171|2|OP13-054|1|6|0|35|0|0|0|0|0
RZ1|CHK|171|2|36|8|2|2|6|4|2|0|1|0
[] Hand: [OP13-054,PRB02-008,ST22-015,EB04-007,OP13-016,OP13-042,OP09-118,PRB02-008]
[] Board: [OP13-016,OP08-050]
[] Trash: [OP08-044,OP13-043]
[] Life: 2
[] Hand: [ST34-001,ST18-001,OP15-069,ST34-004,ST34-005,ST34-003]
[] Trash: [OP15-078]
[] Board: [ST34-003,OP11-070]
[] Life: 5
[Opponent] End Turn
[] Hand: [ST34-001,ST18-001,OP15-069,ST34-004,ST34-005,ST34-003]
[] Board: [ST34-003,OP11-070]
[] Trash: [OP15-078]
[] Life: 5
[] Hand: [OP13-054,PRB02-008,ST22-015,EB04-007,OP13-016,OP13-042,OP09-118,PRB02-008]
[] Trash: [OP08-044,OP13-043]
[] Board: [OP13-016,OP08-050]
[] Life: 2
[You] Draw 1 Card
[] Drew card from deck: Mamaragan ["OP15-078">OP15-078]
RZ1|172|1|OP15-078|0|35|1|6|1|1|0|0|0
RZ1|CHK|172|1|35|7|2|5|10|0|1|0|1|0
RZ1|173|1|Don|4|9|5|0|1|1|0|0|0
RZ1|CHK|173|1|35|7|2|5|9|1|1|0|1|0
RZ1|174|1|Don|4|8|5|1|1|1|0|0|0
RZ1|CHK|174|1|35|7|2|5|8|2|1|0|1|0
[You] Draw 2 Don
RZ1|175|1|Don|5|0|5|0|1|1|1|0|0
RZ1|CHK|175|1|35|7|2|5|8|2|1|0|1|0
[You] Deploy Charlotte Brulee ["ST34-003">ST34-003]
RZ1|176|1|ST34-003|1|5|2|2|1|1|0|0|0
RZ1|CHK|176|1|35|6|3|5|8|2|1|0|1|0
RZ1|177|1|OP11-067|0|34|1|6|1|1|0|0|0
RZ1|CHK|177|1|34|7|3|5|8|2|1|0|1|0
[You] Charlotte Brulee ["ST34-003">ST34-003]: <b>Reveal and Draw Charlotte Katakuri ["OP11-067">OP11-067]</b>
[You] Placing Cards on Bottom of Deck
RZ1|178|1|OP15-069|0|33|0|0|0|0|0|0|0
RZ1|CHK|178|1|34|7|3|5|8|2|1|0|1|0
RZ1|179|1|ST34-001|0|33|0|0|0|0|0|0|0
RZ1|CHK|179|1|34|7|3|5|8|2|1|0|1|0
RZ1|180|1|Don|5|1|9|100|1|1|0|0|0
RZ1|CHK|180|1|34|7|3|5|8|1|1|0|1|1
[You] Attach 1 Don to Charlotte Pudding ["OP11-070">OP11-070] (1 Total)
RZ1|181|1|Don|5|0|4|8|1|1|0|0|0
RZ1|CHK|181|1|34|7|3|5|9|0|1|0|1|1
[You] Charlotte Pudding ["OP11-070">OP11-070]: Minus 1 Don
[You] Charlotte Pudding ["OP11-070">OP11-070]: Rest Charlotte Pudding ["OP11-070">OP11-070]
[You] Charlotte Katakuri ["OP11-062">OP11-062] attacking Portgas D. Ace ["OP13-002">OP13-002]
RZ1|182|1|Don|9|100|4|9|1|1|0|0|0
RZ1|CHK|182|1|34|7|3|5|10|0|1|0|1|0
[You] Charlotte Katakuri ["OP11-062">OP11-062]: Minus 1 Don
[You] Charlotte Katakuri ["OP11-062">OP11-062]: <b>Looked at opponent's top deck</b>
[You] Charlotte Katakuri ["OP11-062">OP11-062]: <b>Finished looking at opponent's top deck</b>
[You] Charlotte Katakuri ["OP11-062">OP11-062]: Buff Charlotte Katakuri ["OP11-062">OP11-062] 1000 for the Combat
[Opponent] Discard Monkey D. Garp ["OP13-016">OP13-016] for Counter 1000
RZ1|183|2|OP13-016|1|4|6|2|1|1|0|0|0
RZ1|CHK|183|2|36|7|2|2|6|4|3|0|1|0
Charlotte Katakuri ["OP11-062">OP11-062][6000] vs Portgas D. Ace ["OP13-002">OP13-002][7000]
Attack Fails
[] Hand: [ST34-001,ST18-001,OP15-069,ST34-004,ST34-005,OP15-078,OP11-067]
[] Board: [ST34-003,OP11-070,ST34-003]
[] Trash: [OP15-078]
[] Life: 5
[] Hand: [OP13-054,PRB02-008,ST22-015,EB04-007,OP13-042,OP09-118,PRB02-008]
[] Trash: [OP08-044,OP13-043,OP13-016]
[] Board: [OP13-016,OP08-050]
[] Life: 2
[You] End Turn
[] Hand: [OP13-054,PRB02-008,ST22-015,EB04-007,OP13-042,OP09-118,PRB02-008]
[] Board: [OP13-016,OP08-050]
[] Trash: [OP08-044,OP13-043,OP13-016]
[] Life: 2
[] Hand: [ST34-001,ST18-001,OP15-069,ST34-004,ST34-005,OP15-078,OP11-067]
[] Trash: [OP15-078]
[] Board: [ST34-003,OP11-070,ST34-003]
[] Life: 5
[Opponent] Draw 1 Card
[] Drew card from deck: Yamato ["OP13-054">OP13-054]
RZ1|184|2|OP13-054|0|35|1|7|1|1|0|0|0
RZ1|CHK|184|2|35|8|2|2|6|4|3|0|1|0
RZ1|185|2|Don|4|5|5|4|1|1|0|0|0
RZ1|CHK|185|2|35|8|2|2|5|5|3|0|1|0
RZ1|186|2|Don|4|4|5|5|1|1|0|0|0
RZ1|CHK|186|2|35|8|2|2|4|6|3|0|1|0
[Opponent] Draw 2 Don
RZ1|187|2|Don|5|0|5|0|1|1|1|0|0
RZ1|CHK|187|2|35|8|2|2|4|6|3|0|1|0
RZ1|188|2|Don|5|1|5|1|1|1|1|0|0
RZ1|CHK|188|2|35|8|2|2|4|6|3|0|1|0
RZ1|189|2|Don|5|2|5|2|1|1|1|0|0
RZ1|CHK|189|2|35|8|2|2|4|6|3|0|1|0
RZ1|190|2|Don|5|3|5|3|1|1|1|0|0
RZ1|CHK|190|2|35|8|2|2|4|6|3|0|1|0
RZ1|191|2|Don|5|4|5|4|1|1|1|0|0
RZ1|CHK|191|2|35|8|2|2|4|6|3|0|1|0
[Opponent] Deploy Yamato ["OP13-054">OP13-054]
RZ1|192|2|OP13-054|1|7|2|2|1|1|0|0|0
RZ1|CHK|192|2|35|7|3|2|4|6|3|0|1|0
[] Drew card from deck: Izou ["ST22-002">ST22-002]
RZ1|193|2|ST22-002|0|34|1|7|1|1|0|0|0
RZ1|CHK|193|2|34|8|3|2|4|6|3|0|1|0
[] Drew card from deck: I Am Whitebeard! ["ST22-015">ST22-015]
RZ1|194|2|ST22-015|0|33|1|8|1|1|0|0|0
RZ1|CHK|194|2|33|9|3|2|4|6|3|0|1|0
[Opponent] Yamato ["OP13-054">OP13-054]: Draw 2 Card
[Opponent] Yamato ["OP13-054">OP13-054]: Attach 1 Rested Don to Portgas D. Ace ["OP13-002">OP13-002]
RZ1|195|2|Don|5|0|9|9900|1|1|1|0|0
RZ1|CHK|195|2|33|9|3|2|4|5|3|0|1|1
[Opponent] Portgas D. Ace ["OP13-002">OP13-002] attacking Charlotte Katakuri ["OP11-062">OP11-062]
[You] Discard Usohachi ["ST18-001">ST18-001] for Counter 2000
RZ1|196|1|ST18-001|1|1|6|1|1|1|0|0|0
RZ1|CHK|196|1|34|6|3|5|10|0|2|0|1|0
[You] Discard Nola ["OP15-069">OP15-069] for Counter 2000
RZ1|197|1|OP15-069|1|1|6|2|1|1|0|0|0
RZ1|CHK|197|1|34|5|3|5|10|0|3|0|1|0
Portgas D. Ace ["OP13-002">OP13-002][7000] vs Charlotte Katakuri ["OP11-062">OP11-062][9000]
Attack Fails
[] Hand: [OP13-054,PRB02-008,ST22-015,EB04-007,OP13-042,OP09-118,PRB02-008,ST22-002,ST22-015]
[] Board: [OP13-016,OP08-050,OP13-054]
[] Trash: [OP08-044,OP13-043,OP13-016]
[] Life: 2
[] Hand: [ST34-001,ST34-004,ST34-005,OP15-078,OP11-067]
[] Trash: [OP15-078,ST18-001,OP15-069]
[] Board: [ST34-003,OP11-070,ST34-003]
[] Life: 5
[Opponent] End Turn
[] Hand: [ST34-001,ST34-004,ST34-005,OP15-078,OP11-067]
[] Board: [ST34-003,OP11-070,ST34-003]
[] Trash: [OP15-078,ST18-001,OP15-069]
[] Life: 5
[] Hand: [OP13-054,PRB02-008,ST22-015,EB04-007,OP13-042,OP09-118,PRB02-008,ST22-002,ST22-015]
[] Trash: [OP08-044,OP13-043,OP13-016]
[] Board: [OP13-016,OP08-050,OP13-054]
[] Life: 2
[You] Draw 1 Card
[] Drew card from deck: Charlotte Linlin ["ST34-004">ST34-004]
RZ1|198|1|ST34-004|0|33|1|5|1|1|0|0|0
RZ1|CHK|198|1|33|6|3|5|10|0|3|0|1|0
RZ1|199|1|Don|4|9|5|0|1|1|0|0|0
RZ1|CHK|199|1|33|6|3|5|9|1|3|0|1|0
RZ1|200|1|Don|4|8|5|1|1|1|0|0|0
RZ1|CHK|200|1|33|6|3|5|8|2|3|0|1|0
[You] Draw 2 Don
[You] Charlotte Katakuri ["OP11-062">OP11-062] attacking Portgas D. Ace ["OP13-002">OP13-002]
RZ1|201|1|Don|5|0|4|8|1|1|0|0|0
RZ1|CHK|201|1|33|6|3|5|9|1|3|0|1|0
[You] Charlotte Katakuri ["OP11-062">OP11-062]: Minus 1 Don
[You] Charlotte Katakuri ["OP11-062">OP11-062]: <b>Looked at opponent's top deck</b>
[You] Charlotte Katakuri ["OP11-062">OP11-062]: <b>Finished looking at opponent's top deck</b>
[You] Charlotte Katakuri ["OP11-062">OP11-062]: Buff Charlotte Katakuri ["OP11-062">OP11-062] 1000 for the Combat
[Opponent] Discard Izou ["ST22-002">ST22-002] for Counter 1000
RZ1|202|2|ST22-002|1|7|6|3|1|1|0|0|0
RZ1|CHK|202|2|33|8|3|2|4|5|4|0|1|1
Charlotte Katakuri ["OP11-062">OP11-062][6000] vs Portgas D. Ace ["OP13-002">OP13-002][7000]
Attack Fails
RZ1|203|1|Don|5|0|9|100|1|1|0|0|0
RZ1|CHK|203|1|33|6|3|5|9|0|3|0|1|1
[You] Attach 1 Don to Charlotte Pudding ["OP11-070">OP11-070] (1 Total)
RZ1|204|1|Don|9|100|4|9|1|1|0|0|0
RZ1|CHK|204|1|33|6|3|5|10|0|3|0|1|0
[You] Charlotte Pudding ["OP11-070">OP11-070]: Minus 1 Don
[You] Charlotte Pudding ["OP11-070">OP11-070]: Rest Charlotte Pudding ["OP11-070">OP11-070]
[] Hand: [ST34-001,ST34-004,ST34-005,OP15-078,OP11-067,ST34-004]
[] Board: [ST34-003,OP11-070,ST34-003]
[] Trash: [OP15-078,ST18-001,OP15-069]
[] Life: 5
[] Hand: [OP13-054,PRB02-008,ST22-015,EB04-007,OP13-042,OP09-118,PRB02-008,ST22-015]
[] Trash: [OP08-044,OP13-043,OP13-016,ST22-002]
[] Board: [OP13-016,OP08-050,OP13-054]
[] Life: 2
[You] End Turn
[] Hand: [OP13-054,PRB02-008,ST22-015,EB04-007,OP13-042,OP09-118,PRB02-008,ST22-015]
[] Board: [OP13-016,OP08-050,OP13-054]
[] Trash: [OP08-044,OP13-043,OP13-016,ST22-002]
[] Life: 2
[] Hand: [ST34-001,ST34-004,ST34-005,OP15-078,OP11-067,ST34-004]
[] Trash: [OP15-078,ST18-001,OP15-069]
[] Board: [ST34-003,OP11-070,ST34-003]
[] Life: 5
RZ1|205|2|Don|9|9900|5|0|1|1|1|0|0
RZ1|CHK|205|2|33|8|3|2|4|6|4|0|1|0
[Opponent] Draw 1 Card
[] Drew card from deck: Jozu ["OP08-047">OP08-047]
RZ1|206|2|OP08-047|0|32|1|8|1|1|0|0|0
RZ1|CHK|206|2|32|9|3|2|4|6|4|0|1|0
RZ1|207|2|Don|4|3|5|6|1|1|0|0|0
RZ1|CHK|207|2|32|9|3|2|3|7|4|0|1|0
RZ1|208|2|Don|4|2|5|7|1|1|0|0|0
RZ1|CHK|208|2|32|9|3|2|2|8|4|0|1|0
[Opponent] Draw 2 Don
RZ1|209|2|Don|5|0|5|0|1|1|1|0|0
RZ1|CHK|209|2|32|9|3|2|2|8|4|0|1|0
RZ1|210|2|Don|5|1|5|1|1|1|1|0|0
RZ1|CHK|210|2|32|9|3|2|2|8|4|0|1|0
RZ1|211|2|Don|5|2|5|2|1|1|1|0|0
RZ1|CHK|211|2|32|9|3|2|2|8|4|0|1|0
RZ1|212|2|Don|5|3|5|3|1|1|1|0|0
RZ1|CHK|212|2|32|9|3|2|2|8|4|0|1|0
RZ1|213|2|Don|5|4|5|4|1|1|1|0|0
RZ1|CHK|213|2|32|9|3|2|2|8|4|0|1|0
RZ1|214|2|Don|5|5|5|5|1|1|1|0|0
RZ1|CHK|214|2|32|9|3|2|2|8|4|0|1|0
[Opponent] Deploy Jozu ["OP08-047">OP08-047]
RZ1|215|2|OP08-047|1|8|2|3|1|1|0|0|0
RZ1|CHK|215|2|32|8|4|2|2|8|4|0|1|0
[Opponent] Jozu ["OP08-047">OP08-047]: Return Monkey D. Garp ["OP13-016">OP13-016] to Hand
RZ1|216|2|OP13-016|2|0|1|8|1|1|0|0|0
RZ1|CHK|216|2|32|9|3|2|2|8|4|0|1|0
[Opponent] Jozu ["OP08-047">OP08-047]: Send Charlotte Pudding ["OP11-070">OP11-070] to Hand
RZ1|217|1|OP11-070|2|1|1|6|1|1|1|0|0
RZ1|CHK|217|1|33|7|2|5|10|0|3|0|1|0
[Opponent] Attach 1 Don to Portgas D. Ace ["OP13-002">OP13-002] (1 Total)
RZ1|218|2|Don|5|7|9|9900|1|1|0|0|0
RZ1|CHK|218|2|32|9|3|2|2|7|4|0|1|1
[Opponent] Portgas D. Ace ["OP13-002">OP13-002] attacking Charlotte Katakuri ["OP11-062">OP11-062]
Portgas D. Ace ["OP13-002">OP13-002][7000] vs Charlotte Katakuri ["OP11-062">OP11-062][5000]
Charlotte Katakuri ["OP11-062">OP11-062] hit for 1 damage
RZ1|219|1|ST34-003|3|4|1|7|1|1|0|0|0
RZ1|CHK|219|1|33|8|2|4|10|0|3|0|1|0
[Opponent] Yamato ["OP13-054">OP13-054] attacking Charlotte Katakuri ["OP11-062">OP11-062]
[You] Discard Baron Tamago & Pekoms ["ST34-005">ST34-005] for Counter 2000
RZ1|220|1|ST34-005|1|2|6|3|1|1|0|0|0
RZ1|CHK|220|1|33|7|2|4|10|0|4|0|1|0
Yamato ["OP13-054">OP13-054][6000] vs Charlotte Katakuri ["OP11-062">OP11-062][7000]
Attack Fails
[] Hand: [OP13-054,PRB02-008,ST22-015,EB04-007,OP13-042,OP09-118,PRB02-008,ST22-015,OP13-016]
[] Board: [OP08-050,OP13-054,OP08-047]
[] Trash: [OP08-044,OP13-043,OP13-016,ST22-002]
[] Life: 2
[] Hand: [ST34-001,ST34-004,OP15-078,OP11-067,ST34-004,OP11-070,ST34-003]
[] Trash: [OP15-078,ST18-001,OP15-069,ST34-005]
[] Board: [ST34-003,ST34-003]
[] Life: 4
[Opponent] End Turn
[] Hand: [ST34-001,ST34-004,OP15-078,OP11-067,ST34-004,OP11-070,ST34-003]
[] Board: [ST34-003,ST34-003]
[] Trash: [OP15-078,ST18-001,OP15-069,ST34-005]
[] Life: 4
[] Hand: [OP13-054,PRB02-008,ST22-015,EB04-007,OP13-042,OP09-118,PRB02-008,ST22-015,OP13-016]
[] Trash: [OP08-044,OP13-043,OP13-016,ST22-002]
[] Board: [OP08-050,OP13-054,OP08-047]
[] Life: 2
[You] Draw 1 Card
[] Drew card from deck: Charlotte Linlin ["OP08-069">OP08-069]
RZ1|221|1|OP08-069|0|32|1|7|1|1|0|0|0
RZ1|CHK|221|1|32|8|2|4|10|0|4|0|1|0
RZ1|222|1|Don|4|9|5|0|1|1|0|0|0
RZ1|CHK|222|1|32|8|2|4|9|1|4|0|1|0
RZ1|223|1|Don|4|8|5|1|1|1|0|0|0
RZ1|CHK|223|1|32|8|2|4|8|2|4|0|1|0
[You] Draw 2 Don
RZ1|224|1|Don|5|0|5|0|1|1|1|0|0
RZ1|CHK|224|1|32|8|2|4|8|2|4|0|1|0
[You] Deploy Charlotte Pudding ["OP11-070">OP11-070]
RZ1|225|1|OP11-070|1|5|2|2|1|1|0|0|0
RZ1|CHK|225|1|32|7|3|4|8|2|4|0|1|0
RZ1|226|1|ST34-002|0|27|1|7|1|1|0|0|0
RZ1|CHK|226|1|31|8|3|4|8|2|4|0|1|0
[You] Charlotte Pudding ["OP11-070">OP11-070]: <b>Reveal and Draw Charlotte Cracker ["ST34-002">ST34-002]</b>
[You] Placing Cards on Bottom of Deck
RZ1|227|1|OP11-070|0|30|0|0|0|0|0|0|0
RZ1|CHK|227|1|31|8|3|4|8|2|4|0|1|0
RZ1|228|1|PRB02-010|0|30|0|0|0|0|0|0|0
RZ1|CHK|228|1|31|8|3|4|8|2|4|0|1|0
RZ1|229|1|OP13-076|0|30|0|0|0|0|0|0|0
RZ1|CHK|229|1|31|8|3|4|8|2|4|0|1|0
RZ1|230|1|ST34-001|0|30|0|0|0|0|0|0|0
RZ1|CHK|230|1|31|8|3|4|8|2|4|0|1|0
[You] Charlotte Katakuri ["OP11-062">OP11-062] attacking Yamato ["OP13-054">OP13-054]
RZ1|231|1|Don|5|0|4|8|1|1|0|0|0
RZ1|CHK|231|1|31|8|3|4|9|1|4|0|1|0
[You] Charlotte Katakuri ["OP11-062">OP11-062]: Minus 1 Don
[You] Charlotte Katakuri ["OP11-062">OP11-062]: <b>Looked at opponent's top deck</b>
[You] Charlotte Katakuri ["OP11-062">OP11-062]: <b>Finished looking at opponent's top deck</b>
[You] Charlotte Katakuri ["OP11-062">OP11-062]: Buff Charlotte Katakuri ["OP11-062">OP11-062] 1000 for the Combat
RZ1|232|2|PRB02-008|1|6|6|4|1|1|0|0|0
RZ1|CHK|232|2|32|8|3|2|2|7|5|0|1|1
[Opponent] Portgas D. Ace ["OP13-002">OP13-002]: Trash Marco ["PRB02-008">PRB02-008]
[Opponent] Portgas D. Ace ["OP13-002">OP13-002]: Buff Charlotte Katakuri ["OP11-062">OP11-062] -2000 for the Combat
Charlotte Katakuri ["OP11-062">OP11-062][4000] vs Yamato ["OP13-054">OP13-054][6000]
Attack Fails
[] Hand: [ST34-001,ST34-004,OP15-078,OP11-067,ST34-004,ST34-003,OP08-069,ST34-002]
[] Board: [ST34-003,ST34-003,OP11-070]
[] Trash: [OP15-078,ST18-001,OP15-069,ST34-005]
[] Life: 4
[] Hand: [OP13-054,PRB02-008,ST22-015,EB04-007,OP13-042,OP09-118,ST22-015,OP13-016]
[] Trash: [OP08-044,OP13-043,OP13-016,ST22-002,PRB02-008]
[] Board: [OP08-050,OP13-054,OP08-047]
[] Life: 2
[You] End Turn
[] Hand: [OP13-054,PRB02-008,ST22-015,EB04-007,OP13-042,OP09-118,ST22-015,OP13-016]
[] Board: [OP08-050,OP13-054,OP08-047]
[] Trash: [OP08-044,OP13-043,OP13-016,ST22-002,PRB02-008]
[] Life: 2
[] Hand: [ST34-001,ST34-004,OP15-078,OP11-067,ST34-004,ST34-003,OP08-069,ST34-002]
[] Trash: [OP15-078,ST18-001,OP15-069,ST34-005]
[] Board: [ST34-003,ST34-003,OP11-070]
[] Life: 4
RZ1|233|2|Don|9|9900|5|0|1|1|1|0|0
RZ1|CHK|233|2|32|8|3|2|2|8|5|0|1|0
[Opponent] Draw 1 Card
[] Drew card from deck: Gol D. Roger ["OP09-118">OP09-118]
RZ1|234|2|OP09-118|0|31|1|8|1|1|0|0|0
RZ1|CHK|234|2|31|9|3|2|2|8|5|0|1|0
RZ1|235|2|Don|4|1|5|8|1|1|0|0|0
RZ1|CHK|235|2|31|9|3|2|1|9|5|0|1|0
RZ1|236|2|Don|4|0|5|9|1|1|0|0|0
RZ1|CHK|236|2|31|9|3|2|0|10|5|0|1|0
[Opponent] Draw 2 Don
[Opponent] I Am Whitebeard! ["ST22-015">ST22-015]: Rest 8 Don
RZ1|237|2|Don|5|0|5|0|1|1|1|0|0
RZ1|CHK|237|2|31|9|3|2|0|10|5|0|1|0
RZ1|238|2|Don|5|1|5|1|1|1|1|0|0
RZ1|CHK|238|2|31|9|3|2|0|10|5|0|1|0
RZ1|239|2|Don|5|2|5|2|1|1|1|0|0
RZ1|CHK|239|2|31|9|3|2|0|10|5|0|1|0
RZ1|240|2|Don|5|3|5|3|1|1|1|0|0
RZ1|CHK|240|2|31|9|3|2|0|10|5|0|1|0
RZ1|241|2|Don|5|4|5|4|1|1|1|0|0
RZ1|CHK|241|2|31|9|3|2|0|10|5|0|1|0
RZ1|242|2|Don|5|5|5|5|1|1|1|0|0
RZ1|CHK|242|2|31|9|3|2|0|10|5|0|1|0
RZ1|243|2|Don|5|6|5|6|1|1|1|0|0
RZ1|CHK|243|2|31|9|3|2|0|10|5|0|1|0
RZ1|244|2|Don|5|7|5|7|1|1|1|0|0
RZ1|CHK|244|2|31|9|3|2|0|10|5|0|1|0
RZ1|245|2|ST22-015|1|6|6|5|1|1|0|0|0
RZ1|CHK|245|2|31|8|3|2|0|10|6|0|1|0
RZ1|246|2|OP13-042|1|4|2|3|1|1|0|0|0
RZ1|CHK|246|2|31|7|4|2|0|10|6|0|1|0
[Opponent] I Am Whitebeard! ["ST22-015">ST22-015]: Deploy Edward Newgate ["OP13-042">OP13-042]
[Opponent] I Am Whitebeard! ["ST22-015">ST22-015]: Takes Top Life
RZ1|247|2|OP08-047|3|1|1|7|1|1|0|0|0
RZ1|CHK|247|2|31|8|4|1|0|10|6|0|1|0
[Opponent] I Am Whitebeard! ["ST22-015">ST22-015]: Grant Portgas D. Ace ["OP13-002">OP13-002] 2000 until opponent's next turn end
[] Drew card from deck: Uta ["ST23-001">ST23-001]
RZ1|248|2|ST23-001|0|30|1|8|1|1|0|0|0
RZ1|CHK|248|2|30|9|4|1|0|10|6|0|1|0
[] Drew card from deck: Uta ["ST23-001">ST23-001]
RZ1|249|2|ST23-001|0|29|1|9|1|1|0|0|0
RZ1|CHK|249|2|29|10|4|1|0|10|6|0|1|0
[Opponent] Edward Newgate ["OP13-042">OP13-042]: Draw 2 Card
RZ1|250|2|ST23-001|1|9|6|6|1|1|0|0|0
RZ1|CHK|250|2|29|9|4|1|0|10|7|0|1|0
[Opponent] Edward Newgate ["OP13-042">OP13-042]: Trash Uta ["ST23-001">ST23-001]
[Opponent] Edward Newgate ["OP13-042">OP13-042]: Attach 1 Rested Don to Portgas D. Ace ["OP13-002">OP13-002]
RZ1|251|2|Don|5|0|9|9900|1|1|1|0|0
RZ1|CHK|251|2|29|9|4|1|0|9|7|0|1|1
[Opponent] Edward Newgate ["OP13-042">OP13-042]: Attach 1 Rested Don to Portgas D. Ace ["OP13-002">OP13-002]
RZ1|252|2|Don|5|0|9|9901|1|1|1|0|0
RZ1|CHK|252|2|29|9|4|1|0|8|7|0|1|2
[Opponent] Edward Newgate ["OP13-042">OP13-042]: Attach 1 Rested Don to Namule ["OP08-050">OP08-050]
RZ1|253|2|Don|5|0|9|0|1|1|1|0|0
RZ1|CHK|253|2|29|9|4|1|0|7|7|0|1|3
[Opponent] Edward Newgate ["OP13-042">OP13-042]: Attach 1 Rested Don to Namule ["OP08-050">OP08-050]
RZ1|254|2|Don|5|0|9|1|1|1|1|0|0
RZ1|CHK|254|2|29|9|4|1|0|6|7|0|1|4
[Opponent] Attach 1 Don to Namule ["OP08-050">OP08-050] (3 Total)
RZ1|255|2|Don|5|5|9|2|1|1|0|0|0
RZ1|CHK|255|2|29|9|4|1|0|5|7|0|1|5
[Opponent] Namule ["OP08-050">OP08-050] attacking Charlotte Katakuri ["OP11-062">OP11-062]
RZ1|256|1|Don|5|0|4|9|1|1|0|0|0
RZ1|CHK|256|1|31|8|3|4|10|0|4|0|1|0
[You] Charlotte Katakuri ["OP11-062">OP11-062]: Minus 1 Don
[You] Charlotte Katakuri ["OP11-062">OP11-062]: <b>Looked at opponent's top deck</b>
[You] Charlotte Katakuri ["OP11-062">OP11-062]: <b>Finished looking at opponent's top deck</b>
[You] Charlotte Katakuri ["OP11-062">OP11-062]: Buff Charlotte Katakuri ["OP11-062">OP11-062] 1000 for the Combat
Namule ["OP08-050">OP08-050][5000] vs Charlotte Katakuri ["OP11-062">OP11-062][6000]
Attack Fails
[Opponent] Attach 1 Don to Yamato ["OP13-054">OP13-054] (1 Total)
RZ1|257|2|Don|5|4|9|100|1|1|0|0|0
RZ1|CHK|257|2|29|9|4|1|0|4|7|0|1|6
[Opponent] Yamato ["OP13-054">OP13-054] attacking Charlotte Katakuri ["OP11-062">OP11-062]
Yamato ["OP13-054">OP13-054][7000] vs Charlotte Katakuri ["OP11-062">OP11-062][5000]
Charlotte Katakuri ["OP11-062">OP11-062] hit for 1 damage
RZ1|258|1|OP07-077|3|3|1|8|1|1|0|0|0
RZ1|CHK|258|1|31|9|3|3|10|0|4|0|1|0
[You] We're Going to Claim the One Piece!!! ["OP07-077">OP07-077]: Activate Trigger
RZ1|259|1|OP07-077|1|8|6|4|1|1|0|0|0
RZ1|CHK|259|1|31|8|3|3|10|0|5|0|1|0
RZ1|260|1|ST34-005|0|29|1|8|1|1|0|0|0
RZ1|CHK|260|1|30|9|3|3|10|0|5|0|1|0
[You] We're Going to Claim the One Piece!!! ["OP07-077">OP07-077]: <b>Reveal and Draw Baron Tamago & Pekoms ["ST34-005">ST34-005]</b>
[You] Placing Cards on Bottom of Deck
RZ1|261|1|OP11-067|0|29|0|0|0|0|0|0|0
RZ1|CHK|261|1|30|9|3|3|10|0|5|0|1|0
RZ1|262|1|OP15-069|0|29|0|0|0|0|0|0|0
RZ1|CHK|262|1|30|9|3|3|10|0|5|0|1|0
RZ1|263|1|OP07-077|0|29|0|0|0|0|0|0|0
RZ1|CHK|263|1|30|9|3|3|10|0|5|0|1|0
RZ1|264|1|ST34-004|0|29|0|0|0|0|0|0|0
RZ1|CHK|264|1|30|9|3|3|10|0|5|0|1|0
[Opponent] Jozu ["OP08-047">OP08-047] attacking Charlotte Katakuri ["OP11-062">OP11-062]
Jozu ["OP08-047">OP08-047][7000] vs Charlotte Katakuri ["OP11-062">OP11-062][5000]
Charlotte Katakuri ["OP11-062">OP11-062] hit for 1 damage
RZ1|265|1|ST34-002|3|2|1|9|1|1|0|0|0
RZ1|CHK|265|1|30|10|3|2|10|0|5|0|1|0
[Opponent] Portgas D. Ace ["OP13-002">OP13-002] attacking Charlotte Katakuri ["OP11-062">OP11-062]
Portgas D. Ace ["OP13-002">OP13-002][10000] vs Charlotte Katakuri ["OP11-062">OP11-062][5000]
Charlotte Katakuri ["OP11-062">OP11-062] hit for 1 damage
RZ1|266|1|OP15-078|3|1|1|10|1|1|0|0|0
RZ1|CHK|266|1|30|11|3|1|10|0|5|0|1|0
[] Hand: [OP13-054,PRB02-008,ST22-015,EB04-007,OP09-118,OP13-016,OP09-118,OP08-047,ST23-001]
[] Board: [OP08-050,OP13-054,OP08-047,OP13-042]
[] Trash: [OP08-044,OP13-043,OP13-016,ST22-002,PRB02-008,ST22-015,ST23-001]
[] Life: 1
[] Hand: [ST34-001,ST34-004,OP15-078,OP11-067,ST34-004,ST34-003,OP08-069,ST34-002,ST34-005,ST34-002,OP15-078]
[] Trash: [OP15-078,ST18-001,OP15-069,ST34-005,OP07-077]
[] Board: [ST34-003,ST34-003,OP11-070]
[] Life: 1
[Opponent] End Turn
[] Hand: [ST34-001,ST34-004,OP15-078,OP11-067,ST34-004,ST34-003,OP08-069,ST34-002,ST34-005,ST34-002,OP15-078]
[] Board: [ST34-003,ST34-003,OP11-070]
[] Trash: [OP15-078,ST18-001,OP15-069,ST34-005,OP07-077]
[] Life: 1
[] Hand: [OP13-054,PRB02-008,ST22-015,EB04-007,OP09-118,OP13-016,OP09-118,OP08-047,ST23-001]
[] Trash: [OP08-044,OP13-043,OP13-016,ST22-002,PRB02-008,ST22-015,ST23-001]
[] Board: [OP08-050,OP13-054,OP08-047,OP13-042]
[] Life: 1
[You] Draw 1 Card
[] Drew card from deck: Charlotte Katakuri ["ST34-001">ST34-001]
RZ1|267|1|ST34-001|0|29|1|11|1|1|0|0|0
RZ1|CHK|267|1|29|12|3|1|10|0|5|0|1|0
RZ1|268|1|Don|4|9|5|0|1|1|0|0|0
RZ1|CHK|268|1|29|12|3|1|9|1|5|0|1|0
RZ1|269|1|Don|4|8|5|1|1|1|0|0|0
RZ1|CHK|269|1|29|12|3|1|8|2|5|0|1|0
[You] Draw 2 Don
[You] Charlotte Brulee ["ST34-003">ST34-003] attacking Namule ["OP08-050">OP08-050]
Charlotte Brulee ["ST34-003">ST34-003][2000] vs Namule ["OP08-050">OP08-050][2000]
[Opponent] Namule ["OP08-050">OP08-050] Destroyed
RZ1|270|2|Don|9|0|5|0|1|1|1|0|0
RZ1|CHK|270|2|29|9|4|1|0|5|7|0|1|5
RZ1|271|2|Don|9|0|5|0|1|1|1|0|0
RZ1|CHK|271|2|29|9|4|1|0|6|7|0|1|4
RZ1|272|2|Don|9|0|5|0|1|1|1|0|0
RZ1|CHK|272|2|29|9|4|1|0|7|7|0|1|3
RZ1|273|2|OP08-050|2|0|6|7|1|1|0|0|0
RZ1|CHK|273|2|29|9|3|1|0|7|8|0|1|3
RZ1|274|1|Don|5|0|9|9900|1|1|0|0|0
RZ1|CHK|274|1|29|12|3|1|8|1|5|0|1|1
RZ1|275|1|Don|5|0|9|9901|1|1|0|0|0
RZ1|CHK|275|1|29|12|3|1|8|0|5|0|1|2
[You] Attach 2 Don to Charlotte Katakuri ["OP11-062">OP11-062] (2 Total)
[You] Charlotte Katakuri ["OP11-062">OP11-062] attacking Portgas D. Ace ["OP13-002">OP13-002]
RZ1|276|1|Don|9|9900|4|8|1|1|0|0|0
RZ1|CHK|276|1|29|12|3|1|9|0|5|0|1|1
[You] Charlotte Katakuri ["OP11-062">OP11-062]: Minus 1 Don
[You] Charlotte Katakuri ["OP11-062">OP11-062]: <b>Looked at opponent's top deck</b>
Charlotte Katakuri ["OP11-062">OP11-062][6000] vs Portgas D. Ace ["OP13-002">OP13-002][8000]
Attack Fails
[] Hand: [ST34-001,ST34-004,OP15-078,OP11-067,ST34-004,ST34-003,OP08-069,ST34-002,ST34-005,ST34-002,OP15-078,ST34-001]
[] Board: [ST34-003,ST34-003,OP11-070]
[] Trash: [OP15-078,ST18-001,OP15-069,ST34-005,OP07-077]
[] Life: 1
[] Hand: [OP13-054,PRB02-008,ST22-015,EB04-007,OP09-118,OP13-016,OP09-118,OP08-047,ST23-001]
[] Trash: [OP08-044,OP13-043,OP13-016,ST22-002,PRB02-008,ST22-015,ST23-001,OP08-050]
[] Board: [OP13-054,OP08-047,OP13-042]
[] Life: 1
[You] End Turn
[] Hand: [OP13-054,PRB02-008,ST22-015,EB04-007,OP09-118,OP13-016,OP09-118,OP08-047,ST23-001]
[] Board: [OP13-054,OP08-047,OP13-042]
[] Trash: [OP08-044,OP13-043,OP13-016,ST22-002,PRB02-008,ST22-015,ST23-001,OP08-050]
[] Life: 1
[] Hand: [ST34-001,ST34-004,OP15-078,OP11-067,ST34-004,ST34-003,OP08-069,ST34-002,ST34-005,ST34-002,OP15-078,ST34-001]
[] Trash: [OP15-078,ST18-001,OP15-069,ST34-005,OP07-077]
[] Board: [ST34-003,ST34-003,OP11-070]
[] Life: 1
RZ1|277|2|Don|9|9900|5|0|1|1|1|0|0
RZ1|CHK|277|2|29|9|3|1|0|8|8|0|1|2
RZ1|278|2|Don|9|9900|5|0|1|1|1|0|0
RZ1|CHK|278|2|29|9|3|1|0|9|8|0|1|1
RZ1|279|2|Don|9|0|5|0|1|1|1|0|0
RZ1|CHK|279|2|29|9|3|1|0|10|8|0|1|0
[Opponent] Draw 1 Card
[] Drew card from deck: Roronoa Zoro ["EB04-007">EB04-007]
RZ1|280|2|EB04-007|0|28|1|9|1|1|0|0|0
RZ1|CHK|280|2|28|10|3|1|0|10|8|0|1|0
[Opponent] Jozu ["OP08-047">OP08-047] attacking Charlotte Katakuri ["OP11-062">OP11-062]
RZ1|281|1|Don|9|9900|4|9|1|1|0|0|0
RZ1|CHK|281|1|29|12|3|1|10|0|5|0|1|0
[You] Charlotte Katakuri ["OP11-062">OP11-062]: Minus 1 Don
[You] Charlotte Katakuri ["OP11-062">OP11-062]: <b>Looked at opponent's top deck</b>
[You] Charlotte Katakuri ["OP11-062">OP11-062]: <b>Finished looking at opponent's top deck</b>
[You] Charlotte Katakuri ["OP11-062">OP11-062]: Buff Charlotte Katakuri ["OP11-062">OP11-062] 1000 for the Combat
[You] Discard Charlotte Brulee ["ST34-003">ST34-003] for Counter 2000
RZ1|282|1|ST34-003|1|5|6|5|1|1|0|0|0
RZ1|CHK|282|1|29|11|3|1|10|0|6|0|1|0
Jozu ["OP08-047">OP08-047][7000] vs Charlotte Katakuri ["OP11-062">OP11-062][8000]
Attack Fails
[Opponent] Edward Newgate ["OP13-042">OP13-042] attacking Charlotte Katakuri ["OP11-062">OP11-062]
Edward Newgate ["OP13-042">OP13-042][12000] vs Charlotte Katakuri ["OP11-062">OP11-062][5000]
Charlotte Katakuri ["OP11-062">OP11-062] hit for 1 damage
RZ1|283|1|OP08-069|3|0|1|11|1|1|0|0|0
RZ1|CHK|283|1|29|12|3|0|10|0|6|0|1|0
RZ1|284|2|Don|5|0|5|0|1|1|1|0|0
RZ1|CHK|284|2|28|10|3|1|0|10|8|0|1|0
RZ1|285|2|Don|5|1|5|1|1|1|1|0|0
RZ1|CHK|285|2|28|10|3|1|0|10|8|0|1|0
RZ1|286|2|Don|5|2|5|2|1|1|1|0|0
RZ1|CHK|286|2|28|10|3|1|0|10|8|0|1|0
RZ1|287|2|Don|5|3|5|3|1|1|1|0|0
RZ1|CHK|287|2|28|10|3|1|0|10|8|0|1|0
RZ1|288|2|Don|5|4|5|4|1|1|1|0|0
RZ1|CHK|288|2|28|10|3|1|0|10|8|0|1|0
RZ1|289|2|Don|5|5|5|5|1|1|1|0|0
RZ1|CHK|289|2|28|10|3|1|0|10|8|0|1|0
RZ1|290|2|Don|5|6|5|6|1|1|1|0|0
RZ1|CHK|290|2|28|10|3|1|0|10|8|0|1|0
RZ1|291|2|Don|5|7|5|7|1|1|1|0|0
RZ1|CHK|291|2|28|10|3|1|0|10|8|0|1|0
RZ1|292|2|Don|5|8|5|8|1|1|1|0|0
RZ1|CHK|292|2|28|10|3|1|0|10|8|0|1|0
RZ1|293|2|Don|5|9|5|9|1|1|1|0|0
RZ1|CHK|293|2|28|10|3|1|0|10|8|0|1|0
[Opponent] Deploy Gol D. Roger ["OP09-118">OP09-118]
RZ1|294|2|OP09-118|1|4|2|3|1|1|0|0|0
RZ1|CHK|294|2|28|9|4|1|0|10|8|0|1|0
[Opponent] Gol D. Roger ["OP09-118">OP09-118] attacking Charlotte Katakuri ["OP11-062">OP11-062]
Gol D. Roger ["OP09-118">OP09-118][13000] vs Charlotte Katakuri ["OP11-062">OP11-062][5000]
Charlotte Katakuri ["OP11-062">OP11-062] hit for 1 damage
[You] <b>Downloaded the Combat Log!</b>
GameOver