Version is 1.42c.4
[Eileen​#5972] Leader is Boa Hancock [<mark><link="OP14-041">OP14-041</link></mark>]
[Eileen​#5972] Chose to go Second
RZ1|HDR|1.42c|2|RZ1
RZ1|PLY|1|BigRato​#5650|OP17-099
RZ1|PLY|2|Eileen​#5972|OP14-041
RZ1|1|2|EB04-058|0|15|0|0|0|0|0|0|0
RZ1|CHK|1|2|50|0|0|0|10|0|0|0|1|0
RZ1|2|2|OP16-111|0|15|0|1|0|0|0|0|0
RZ1|CHK|2|2|50|0|0|0|10|0|0|0|1|0
RZ1|3|2|OP14-114|0|8|0|2|0|0|0|0|0
RZ1|CHK|3|2|50|0|0|0|10|0|0|0|1|0
RZ1|4|2|OP14-107|0|30|0|3|0|0|0|0|0
RZ1|CHK|4|2|50|0|0|0|10|0|0|0|1|0
RZ1|5|2|OP14-105|0|26|0|4|0|0|0|0|0
RZ1|CHK|5|2|50|0|0|0|10|0|0|0|1|0
RZ1|6|2|EB04-058|0|20|0|5|0|0|0|0|0
RZ1|CHK|6|2|50|0|0|0|10|0|0|0|1|0
RZ1|7|2|OP16-119|0|40|0|6|0|0|0|0|0
RZ1|CHK|7|2|50|0|0|0|10|0|0|0|1|0
RZ1|8|2|OP07-057|0|46|0|7|0|0|0|0|0
RZ1|CHK|8|2|50|0|0|0|10|0|0|0|1|0
RZ1|9|2|OP14-114|0|15|0|8|0|0|0|0|0
RZ1|CHK|9|2|50|0|0|0|10|0|0|0|1|0
RZ1|10|2|OP14-112|0|46|0|9|0|0|0|0|0
RZ1|CHK|10|2|50|0|0|0|10|0|0|0|1|0
RZ1|11|2|OP14-108|0|37|0|10|0|0|0|0|0
RZ1|CHK|11|2|50|0|0|0|10|0|0|0|1|0
RZ1|12|2|OP14-105|0|33|0|12|0|0|0|0|0
RZ1|CHK|12|2|50|0|0|0|10|0|0|0|1|0
RZ1|13|2|OP14-108|0|37|0|13|0|0|0|0|0
RZ1|CHK|13|2|50|0|0|0|10|0|0|0|1|0
RZ1|14|2|OP14-112|0|46|0|14|0|0|0|0|0
RZ1|CHK|14|2|50|0|0|0|10|0|0|0|1|0
RZ1|15|2|OP16-113|0|31|0|15|0|0|0|0|0
RZ1|CHK|15|2|50|0|0|0|10|0|0|0|1|0
RZ1|16|2|OP06-115|0|49|0|16|0|0|0|0|0
RZ1|CHK|16|2|50|0|0|0|10|0|0|0|1|0
RZ1|17|2|OP16-113|0|30|0|17|0|0|0|0|0
RZ1|CHK|17|2|50|0|0|0|10|0|0|0|1|0
RZ1|18|2|OP14-103|0|19|0|18|0|0|0|0|0
RZ1|CHK|18|2|50|0|0|0|10|0|0|0|1|0
RZ1|19|2|OP06-058|0|48|0|19|0|0|0|0|0
RZ1|CHK|19|2|50|0|0|0|10|0|0|0|1|0
RZ1|20|2|OP14-104|0|43|0|20|0|0|0|0|0
RZ1|CHK|20|2|50|0|0|0|10|0|0|0|1|0
RZ1|21|2|OP14-105|0|38|0|21|0|0|0|0|0
RZ1|CHK|21|2|50|0|0|0|10|0|0|0|1|0
RZ1|22|2|OP14-107|0|40|0|22|0|0|0|0|0
RZ1|CHK|22|2|50|0|0|0|10|0|0|0|1|0
RZ1|23|2|OP14-103|0|25|0|23|0|0|0|0|0
RZ1|CHK|23|2|50|0|0|0|10|0|0|0|1|0
RZ1|24|2|EB04-058|0|33|0|24|0|0|0|0|0
RZ1|CHK|24|2|50|0|0|0|10|0|0|0|1|0
RZ1|25|2|OP14-107|0|40|0|25|0|0|0|0|0
RZ1|CHK|25|2|50|0|0|0|10|0|0|0|1|0
RZ1|26|2|OP14-105|0|40|0|26|0|0|0|0|0
RZ1|CHK|26|2|50|0|0|0|10|0|0|0|1|0
RZ1|27|2|OP14-104|0|43|0|27|0|0|0|0|0
RZ1|CHK|27|2|50|0|0|0|10|0|0|0|1|0
RZ1|28|2|OP16-111|0|36|0|28|0|0|0|0|0
RZ1|CHK|28|2|50|0|0|0|10|0|0|0|1|0
RZ1|29|2|EB04-058|0|37|0|29|0|0|0|0|0
RZ1|CHK|29|2|50|0|0|0|10|0|0|0|1|0
RZ1|30|2|OP12-119|0|41|0|30|0|0|0|0|0
RZ1|CHK|30|2|50|0|0|0|10|0|0|0|1|0
RZ1|31|2|OP16-113|0|39|0|31|0|0|0|0|0
RZ1|CHK|31|2|50|0|0|0|10|0|0|0|1|0
RZ1|32|2|OP14-114|0|35|0|32|0|0|0|0|0
RZ1|CHK|32|2|50|0|0|0|10|0|0|0|1|0
RZ1|33|2|OP15-113|0|36|0|33|0|0|0|0|0
RZ1|CHK|33|2|50|0|0|0|10|0|0|0|1|0
RZ1|34|2|OP15-113|0|37|0|34|0|0|0|0|0
RZ1|CHK|34|2|50|0|0|0|10|0|0|0|1|0
RZ1|35|2|OP14-112|0|47|0|35|0|0|0|0|0
RZ1|CHK|35|2|50|0|0|0|10|0|0|0|1|0
RZ1|36|2|OP15-113|0|39|0|36|0|0|0|0|0
RZ1|CHK|36|2|50|0|0|0|10|0|0|0|1|0
RZ1|37|2|OP14-107|0|43|0|37|0|0|0|0|0
RZ1|CHK|37|2|50|0|0|0|10|0|0|0|1|0
RZ1|38|2|OP06-115|0|49|0|38|0|0|0|0|0
RZ1|CHK|38|2|50|0|0|0|10|0|0|0|1|0
RZ1|39|2|OP14-104|0|45|0|39|0|0|0|0|0
RZ1|CHK|39|2|50|0|0|0|10|0|0|0|1|0
RZ1|40|2|OP14-112|0|49|0|40|0|0|0|0|0
RZ1|CHK|40|2|50|0|0|0|10|0|0|0|1|0
RZ1|41|2|OP15-113|0|44|0|41|0|0|0|0|0
RZ1|CHK|41|2|50|0|0|0|10|0|0|0|1|0
RZ1|42|2|OP14-114|0|44|0|43|0|0|0|0|0
RZ1|CHK|42|2|50|0|0|0|10|0|0|0|1|0
RZ1|43|2|OP14-104|0|47|0|44|0|0|0|0|0
RZ1|CHK|43|2|50|0|0|0|10|0|0|0|1|0
RZ1|44|2|OP16-119|0|49|0|45|0|0|0|0|0
RZ1|CHK|44|2|50|0|0|0|10|0|0|0|1|0
RZ1|45|2|OP16-119|0|49|0|46|0|0|0|0|0
RZ1|CHK|45|2|50|0|0|0|10|0|0|0|1|0
RZ1|46|2|OP12-119|0|49|0|48|0|0|0|0|0
RZ1|CHK|46|2|50|0|0|0|10|0|0|0|1|0
[Eileen​#5972] Drew card from deck: Boa Marigold [<mark><link="OP16-113">OP16-113</link></mark>]
RZ1|47|2|OP16-113|0|49|1|0|0|1|0|0|0
RZ1|CHK|47|2|49|1|0|0|10|0|0|0|1|0
[Eileen​#5972] Drew card from deck: Bartholomew Kuma [<mark><link="OP12-119">OP12-119</link></mark>]
RZ1|48|2|OP12-119|0|48|1|1|0|1|0|0|0
RZ1|CHK|48|2|48|2|0|0|10|0|0|0|1|0
[Eileen​#5972] Drew card from deck: Gloriosa (Grandma Nyon) [<mark><link="OP14-103">OP14-103</link></mark>]
RZ1|49|2|OP14-103|0|47|1|2|0|1|0|0|0
RZ1|CHK|49|2|47|3|0|0|10|0|0|0|1|0
[Eileen​#5972] Drew card from deck: Marshall D. Teach [<mark><link="OP16-119">OP16-119</link></mark>]
RZ1|50|2|OP16-119|0|46|1|3|0|1|0|0|0
RZ1|CHK|50|2|46|4|0|0|10|0|0|0|1|0
[Eileen​#5972] Drew card from deck: Marshall D. Teach [<mark><link="OP16-119">OP16-119</link></mark>]
RZ1|51|2|OP16-119|0|45|1|4|0|1|0|0|0
RZ1|CHK|51|2|45|5|0|0|10|0|0|0|1|0
RZ1|52|1|OP17-113|0|3|0|0|0|0|0|0|0
RZ1|CHK|52|1|50|0|0|0|10|0|0|0|1|0
RZ1|53|1|OP17-102|0|27|0|1|0|0|0|0|0
RZ1|CHK|53|1|50|0|0|0|10|0|0|0|1|0
RZ1|54|1|OP17-115|0|49|0|2|0|0|0|0|0
RZ1|CHK|54|1|50|0|0|0|10|0|0|0|1|0
RZ1|55|1|OP17-115|0|49|0|3|0|0|0|0|0
RZ1|CHK|55|1|50|0|0|0|10|0|0|0|1|0
RZ1|56|1|OP17-110|0|43|0|4|0|0|0|0|0
RZ1|CHK|56|1|50|0|0|0|10|0|0|0|1|0
RZ1|57|1|OP17-109|0|19|0|5|0|0|0|0|0
RZ1|CHK|57|1|50|0|0|0|10|0|0|0|1|0
RZ1|58|1|OP17-109|0|20|0|6|0|0|0|0|0
RZ1|CHK|58|1|50|0|0|0|10|0|0|0|1|0
RZ1|59|1|OP17-109|0|22|0|8|0|0|0|0|0
RZ1|CHK|59|1|50|0|0|0|10|0|0|0|1|0
RZ1|60|1|OP17-107|0|18|0|9|0|0|0|0|0
RZ1|CHK|60|1|50|0|0|0|10|0|0|0|1|0
RZ1|61|1|OP17-109|0|22|0|10|0|0|0|0|0
RZ1|CHK|61|1|50|0|0|0|10|0|0|0|1|0
RZ1|62|1|OP17-114|0|40|0|11|0|0|0|0|0
RZ1|CHK|62|1|50|0|0|0|10|0|0|0|1|0
RZ1|63|1|ST20-003|0|28|0|12|0|0|0|0|0
RZ1|CHK|63|1|50|0|0|0|10|0|0|0|1|0
RZ1|64|1|ST20-003|0|28|0|13|0|0|0|0|0
RZ1|CHK|64|1|50|0|0|0|10|0|0|0|1|0
RZ1|65|1|OP17-111|0|27|0|14|0|0|0|0|0
RZ1|CHK|65|1|50|0|0|0|10|0|0|0|1|0
RZ1|66|1|OP17-104|0|19|0|15|0|0|0|0|0
RZ1|CHK|66|1|50|0|0|0|10|0|0|0|1|0
RZ1|67|1|OP17-111|0|27|0|16|0|0|0|0|0
RZ1|CHK|67|1|50|0|0|0|10|0|0|0|1|0
RZ1|68|1|OP17-111|0|28|0|17|0|0|0|0|0
RZ1|CHK|68|1|50|0|0|0|10|0|0|0|1|0
RZ1|69|1|OP17-102|0|30|0|18|0|0|0|0|0
RZ1|CHK|69|1|50|0|0|0|10|0|0|0|1|0
RZ1|70|1|OP17-103|0|35|0|19|0|0|0|0|0
RZ1|CHK|70|1|50|0|0|0|10|0|0|0|1|0
RZ1|71|1|OP17-112|0|46|0|20|0|0|0|0|0
RZ1|CHK|71|1|50|0|0|0|10|0|0|0|1|0
RZ1|72|1|OP17-103|0|38|0|21|0|0|0|0|0
RZ1|CHK|72|1|50|0|0|0|10|0|0|0|1|0
RZ1|73|1|OP17-108|0|32|0|22|0|0|0|0|0
RZ1|CHK|73|1|50|0|0|0|10|0|0|0|1|0
RZ1|74|1|OP17-104|0|29|0|23|0|0|0|0|0
RZ1|CHK|74|1|50|0|0|0|10|0|0|0|1|0
RZ1|75|1|OP17-113|0|27|0|24|0|0|0|0|0
RZ1|CHK|75|1|50|0|0|0|10|0|0|0|1|0
RZ1|76|1|OP17-112|0|48|0|26|0|0|0|0|0
RZ1|CHK|76|1|50|0|0|0|10|0|0|0|1|0
RZ1|77|1|OP17-112|0|49|0|27|0|0|0|0|0
RZ1|CHK|77|1|50|0|0|0|10|0|0|0|1|0
RZ1|78|1|OP17-112|0|49|0|28|0|0|0|0|0
RZ1|CHK|78|1|50|0|0|0|10|0|0|0|1|0
RZ1|79|1|ST20-005|0|45|0|29|0|0|0|0|0
RZ1|CHK|79|1|50|0|0|0|10|0|0|0|1|0
RZ1|80|1|OP17-114|0|43|0|30|0|0|0|0|0
RZ1|CHK|80|1|50|0|0|0|10|0|0|0|1|0
RZ1|81|1|OP17-114|0|45|0|31|0|0|0|0|0
RZ1|CHK|81|1|50|0|0|0|10|0|0|0|1|0
RZ1|82|1|OP17-104|0|35|0|32|0|0|0|0|0
RZ1|CHK|82|1|50|0|0|0|10|0|0|0|1|0
RZ1|83|1|OP17-103|0|44|0|33|0|0|0|0|0
RZ1|CHK|83|1|50|0|0|0|10|0|0|0|1|0
RZ1|84|1|OP17-106|0|42|0|34|0|0|0|0|0
RZ1|CHK|84|1|50|0|0|0|10|0|0|0|1|0
RZ1|85|1|OP17-114|0|45|0|35|0|0|0|0|0
RZ1|CHK|85|1|50|0|0|0|10|0|0|0|1|0
RZ1|86|1|OP17-110|0|49|0|37|0|0|0|0|0
RZ1|CHK|86|1|50|0|0|0|10|0|0|0|1|0
RZ1|87|1|OP17-107|0|40|0|38|0|0|0|0|0
RZ1|CHK|87|1|50|0|0|0|10|0|0|0|1|0
RZ1|88|1|OP17-102|0|44|0|39|0|0|0|0|0
RZ1|CHK|88|1|50|0|0|0|10|0|0|0|1|0
RZ1|89|1|ST20-005|0|47|0|40|0|0|0|0|0
RZ1|CHK|89|1|50|0|0|0|10|0|0|0|1|0
RZ1|90|1|OP17-106|0|47|0|41|0|0|0|0|0
RZ1|CHK|90|1|50|0|0|0|10|0|0|0|1|0
RZ1|91|1|OP17-110|0|49|0|42|0|0|0|0|0
RZ1|CHK|91|1|50|0|0|0|10|0|0|0|1|0
RZ1|92|1|ST20-003|0|47|0|43|0|0|0|0|0
RZ1|CHK|92|1|50|0|0|0|10|0|0|0|1|0
RZ1|93|1|OP17-104|0|45|0|44|0|0|0|0|0
RZ1|CHK|93|1|50|0|0|0|10|0|0|0|1|0
RZ1|94|1|OP17-106|0|48|0|45|0|0|0|0|0
RZ1|CHK|94|1|50|0|0|0|10|0|0|0|1|0
RZ1|95|1|OP17-107|0|47|0|46|0|0|0|0|0
RZ1|CHK|95|1|50|0|0|0|10|0|0|0|1|0
RZ1|96|1|OP17-108|0|48|0|47|0|0|0|0|0
RZ1|CHK|96|1|50|0|0|0|10|0|0|0|1|0
[BigRato​#5650] Drew card from deck: Charlotte Perospero [<mark><link="OP17-110">OP17-110</link></mark>]
RZ1|97|1|OP17-110|0|49|1|0|1|1|0|0|0
RZ1|CHK|97|1|49|1|0|0|10|0|0|0|1|0
[BigRato​#5650] Drew card from deck: Streusen [<mark><link="OP17-113">OP17-113</link></mark>]
RZ1|98|1|OP17-113|0|48|1|1|1|1|0|0|0
RZ1|CHK|98|1|48|2|0|0|10|0|0|0|1|0
[BigRato​#5650] Drew card from deck: Charlotte Brulee [<mark><link="OP17-108">OP17-108</link></mark>]
RZ1|99|1|OP17-108|0|47|1|2|1|1|0|0|0
RZ1|CHK|99|1|47|3|0|0|10|0|0|0|1|0
[BigRato​#5650] Drew card from deck: Charlotte Daifuku [<mark><link="OP17-107">OP17-107</link></mark>]
RZ1|100|1|OP17-107|0|46|1|3|1|1|0|0|0
RZ1|CHK|100|1|46|4|0|0|10|0|0|0|1|0
[BigRato​#5650] Drew card from deck: Charlotte Smoothie [<mark><link="OP17-106">OP17-106</link></mark>]
RZ1|101|1|OP17-106|0|45|1|4|1|1|0|0|0
RZ1|CHK|101|1|45|5|0|0|10|0|0|0|1|0
[BigRato​#5650] Hand before Mulligan: [OP17-110,OP17-113,OP17-108,OP17-107,OP17-106]
RZ1|102|1|OP17-104|0|44|3|0|1|0|0|0|0
RZ1|CHK|102|1|44|5|0|1|10|0|0|0|1|0
RZ1|103|1|ST20-003|0|43|3|1|1|0|0|0|0
RZ1|CHK|103|1|43|5|0|2|10|0|0|0|1|0
RZ1|104|1|OP17-110|0|42|3|2|1|0|0|0|0
RZ1|CHK|104|1|42|5|0|3|10|0|0|0|1|0
RZ1|105|1|OP17-106|0|41|3|3|1|0|0|0|0
RZ1|CHK|105|1|41|5|0|4|10|0|0|0|1|0
RZ1|106|1|ST20-005|0|40|3|4|1|0|0|0|0
RZ1|CHK|106|1|40|5|0|5|10|0|0|0|1|0
RZ1|107|2|OP14-104|0|44|3|0|0|1|0|0|0
RZ1|CHK|107|2|44|5|0|1|10|0|0|0|1|0
RZ1|108|2|OP14-114|0|43|3|1|0|1|0|0|0
RZ1|CHK|108|2|43|5|0|2|10|0|0|0|1|0
RZ1|109|2|OP11-054|0|42|3|2|0|1|0|0|0
RZ1|CHK|109|2|42|5|0|3|10|0|0|0|1|0
RZ1|110|2|OP15-113|0|41|3|3|0|1|0|0|0
RZ1|CHK|110|2|41|5|0|4|10|0|0|0|1|0
[BigRato​#5650] Hand: [OP17-110,OP17-113,OP17-108,OP17-107,OP17-106]
[BigRato​#5650] Board: []
[BigRato​#5650] Trash: []
[BigRato​#5650] Life: 5
[Eileen​#5972] Hand: [OP16-113,OP12-119,OP14-103,OP16-119,OP16-119]
[Eileen​#5972] Trash: []
[Eileen​#5972] Board: []
[Eileen​#5972] Life: 4
RZ1|111|1|Don|4|9|5|0|1|1|0|0|0
RZ1|CHK|111|1|40|5|0|5|9|1|0|0|1|0
[BigRato​#5650] Draw 1 Don
RZ1|112|1|Don|5|0|5|0|1|1|1|0|0
RZ1|CHK|112|1|40|5|0|5|9|1|0|0|1|0
[BigRato​#5650] Deploy Streusen [<mark><link="OP17-113">OP17-113</link></mark>]
RZ1|113|1|OP17-113|1|1|2|0|1|1|0|0|0
RZ1|CHK|113|1|40|4|1|5|9|1|0|0|1|0
RZ1|114|1|OP17-110|0|37|1|4|1|1|0|0|0
RZ1|CHK|114|1|39|5|1|5|9|1|0|0|1|0
[BigRato​#5650] Streusen [<mark><link="OP17-113">OP17-113</link></mark>]: <b>Reveal and Draw Charlotte Perospero [<mark><link="OP17-110">OP17-110</link></mark>]</b>
[BigRato​#5650] Placing Cards on Bottom of Deck
RZ1|115|1|OP17-102|0|38|0|0|0|0|0|0|0
RZ1|CHK|115|1|39|5|1|5|9|1|0|0|1|0
RZ1|116|1|OP17-107|0|38|0|0|0|0|0|0|0
RZ1|CHK|116|1|39|5|1|5|9|1|0|0|1|0
[BigRato​#5650] Hand: [OP17-110,OP17-108,OP17-107,OP17-106,OP17-110]
[BigRato​#5650] Board: [OP17-113]
[BigRato​#5650] Trash: []
[BigRato​#5650] Life: 5
[Eileen​#5972] Hand: [OP16-113,OP12-119,OP14-103,OP16-119,OP16-119]
[Eileen​#5972] Trash: []
[Eileen​#5972] Board: []
[Eileen​#5972] Life: 4
[BigRato​#5650] End Turn
[Eileen​#5972] Draw 1 Card
[Eileen​#5972] Drew card from deck: Boa Hancock [<mark><link="OP14-112">OP14-112</link></mark>]
RZ1|117|2|OP14-112|0|40|1|5|0|1|0|0|0
RZ1|CHK|117|2|40|6|0|4|10|0|0|0|1|0
RZ1|118|2|Don|4|9|5|0|1|1|0|0|0
RZ1|CHK|118|2|40|6|0|4|9|1|0|0|1|0
RZ1|119|2|Don|4|8|5|1|1|1|0|0|0
RZ1|CHK|119|2|40|6|0|4|8|2|0|0|1|0
[Eileen​#5972] Draw 2 Don
RZ1|120|2|Don|5|0|5|0|1|1|1|0|0
RZ1|CHK|120|2|40|6|0|4|8|2|0|0|1|0
RZ1|121|2|Don|5|1|5|1|1|1|1|0|0
RZ1|CHK|121|2|40|6|0|4|8|2|0|0|1|0
[Eileen​#5972] Deploy Gloriosa (Grandma Nyon) [<mark><link="OP14-103">OP14-103</link></mark>]
RZ1|122|2|OP14-103|1|2|2|0|1|1|0|0|0
RZ1|CHK|122|2|40|5|1|4|8|2|0|0|1|0
[Eileen​#5972] Gloriosa (Grandma Nyon) [<mark><link="OP14-103">OP14-103</link></mark>]: Takes Top Life
RZ1|123|2|OP15-113|3|3|1|5|0|1|0|0|0
RZ1|CHK|123|2|40|6|1|3|8|2|0|0|1|0
[Eileen​#5972] Gloriosa (Grandma Nyon) [<mark><link="OP14-103">OP14-103</link></mark>]: Added card to top of Life from Hand
RZ1|124|2|OP16-113|1|0|3|3|0|1|0|0|0
RZ1|CHK|124|2|40|5|1|4|8|2|0|0|1|0
[Eileen​#5972] End Turn
[BigRato​#5650] Hand: [OP17-110,OP17-108,OP17-107,OP17-106,OP17-110]
[BigRato​#5650] Board: [OP17-113]
[BigRato​#5650] Trash: []
[BigRato​#5650] Life: 5
[Eileen​#5972] Hand: [OP12-119,OP16-119,OP16-119,OP14-112,OP15-113]
[Eileen​#5972] Trash: []
[Eileen​#5972] Board: [OP14-103]
[Eileen​#5972] Life: 4
[BigRato​#5650] Draw 1 Card
[BigRato​#5650] Drew card from deck: Streusen [<mark><link="OP17-113">OP17-113</link></mark>]
RZ1|125|1|OP17-113|0|38|1|5|1|1|0|0|0
RZ1|CHK|125|1|38|6|1|5|9|1|0|0|1|0
RZ1|126|1|Don|4|8|5|1|1|1|0|0|0
RZ1|CHK|126|1|38|6|1|5|8|2|0|0|1|0
RZ1|127|1|Don|4|7|5|2|1|1|0|0|0
RZ1|CHK|127|1|38|6|1|5|7|3|0|0|1|0
[BigRato​#5650] Draw 2 Don
[BigRato​#5650] Charlotte Linlin [<mark><link="OP17-099">OP17-099</link></mark>] attacking Boa Hancock [<mark><link="OP14-041">OP14-041</link></mark>]
RZ1|128|1|OP17-110|1|0|6|0|1|1|0|0|0
RZ1|CHK|128|1|38|5|1|5|7|3|1|0|1|0
[BigRato​#5650] Charlotte Linlin [<mark><link="OP17-099">OP17-099</link></mark>]: Trash Charlotte Perospero [<mark><link="OP17-110">OP17-110</link></mark>]
[BigRato​#5650] Forcing opponent to resolve Card Action!
[Eileen​#5972] Forcing opponent to resolve Card Action!
[BigRato​#5650] Charlotte Linlin [<mark><link="OP17-099">OP17-099</link></mark>]: Randomly send Marshall D. Teach [<mark><link="OP16-119">OP16-119</link></mark>] to Trash from Hand
RZ1|129|2|OP16-119|1|1|6|0|1|1|0|0|0
RZ1|CHK|129|2|40|4|1|4|8|2|1|0|1|0
RZ1|130|2|OP16-113|3|3|1|4|0|1|0|0|0
RZ1|CHK|130|2|40|5|1|3|8|2|1|0|1|0
Charlotte Linlin [<mark><link="OP17-099">OP17-099</link></mark>][5000] vs Boa Hancock [<mark><link="OP14-041">OP14-041</link></mark>][5000]
Boa Hancock [<mark><link="OP14-041">OP14-041</link></mark>] hit for 1 damage
[Eileen​#5972] Boa Marigold [<mark><link="OP16-113">OP16-113</link></mark>]: Activate Trigger
RZ1|131|2|OP16-113|1|4|6|1|1|1|0|0|0
RZ1|CHK|131|2|40|4|1|3|8|2|2|0|1|0
RZ1|132|2|OP16-113|6|1|2|1|1|1|0|0|0
RZ1|CHK|132|2|40|4|2|3|8|2|1|0|1|0
[Eileen​#5972] Boa Marigold [<mark><link="OP16-113">OP16-113</link></mark>]: Deploy Boa Marigold [<mark><link="OP16-113">OP16-113</link></mark>]
[Eileen​#5972] Drew card from deck: Gecko Moria [<mark><link="OP14-104">OP14-104</link></mark>]
RZ1|133|2|OP14-104|0|39|1|4|0|1|0|0|0
RZ1|CHK|133|2|39|5|2|3|8|2|1|0|1|0
[Eileen​#5972] Boa Hancock [<mark><link="OP14-041">OP14-041</link></mark>]: Draw 1 Card
RZ1|134|1|Don|5|0|5|0|1|1|1|0|0
RZ1|CHK|134|1|38|5|1|5|7|3|1|0|1|0
RZ1|135|1|Don|5|1|5|1|1|1|1|0|0
RZ1|CHK|135|1|38|5|1|5|7|3|1|0|1|0
RZ1|136|1|Don|5|2|5|2|1|1|1|0|0
RZ1|CHK|136|1|38|5|1|5|7|3|1|0|1|0
[BigRato​#5650] Deploy Charlotte Brulee [<mark><link="OP17-108">OP17-108</link></mark>]
RZ1|137|1|OP17-108|1|0|2|1|1|1|0|0|0
RZ1|CHK|137|1|38|4|2|5|7|3|1|0|1|0
[BigRato​#5650] Hand: [OP17-107,OP17-106,OP17-110,OP17-113]
[BigRato​#5650] Board: [OP17-113,OP17-108]
[BigRato​#5650] Trash: [OP17-110]
[BigRato​#5650] Life: 5
[Eileen​#5972] Hand: [OP12-119,OP16-119,OP14-112,OP15-113,OP14-104]
[Eileen​#5972] Trash: [OP16-119]
[Eileen​#5972] Board: [OP14-103,OP16-113]
[Eileen​#5972] Life: 3
[BigRato​#5650] End Turn
[Eileen​#5972] Draw 1 Card
[Eileen​#5972] Drew card from deck: You're the one who should disappear! [<mark><link="OP06-115">OP06-115</link></mark>]
RZ1|138|2|OP06-115|0|38|1|5|0|1|0|0|0
RZ1|CHK|138|2|38|6|2|3|8|2|1|0|1|0
RZ1|139|2|Don|4|7|5|2|1|1|0|0|0
RZ1|CHK|139|2|38|6|2|3|7|3|1|0|1|0
RZ1|140|2|Don|4|6|5|3|1|1|0|0|0
RZ1|CHK|140|2|38|6|2|3|6|4|1|0|1|0
[Eileen​#5972] Draw 2 Don
[Eileen​#5972] Boa Hancock [<mark><link="OP14-041">OP14-041</link></mark>] attacking Charlotte Linlin [<mark><link="OP17-099">OP17-099</link></mark>]
Boa Hancock [<mark><link="OP14-041">OP14-041</link></mark>][5000] vs Charlotte Linlin [<mark><link="OP17-099">OP17-099</link></mark>][5000]
Charlotte Linlin [<mark><link="OP17-099">OP17-099</link></mark>] hit for 1 damage
RZ1|141|1|ST20-005|3|4|1|4|1|1|0|0|0
RZ1|CHK|141|1|38|5|2|4|7|3|1|0|1|0
RZ1|142|2|Don|5|0|5|0|1|1|1|0|0
RZ1|CHK|142|2|38|6|2|3|6|4|1|0|1|0
RZ1|143|2|Don|5|1|5|1|1|1|1|0|0
RZ1|CHK|143|2|38|6|2|3|6|4|1|0|1|0
RZ1|144|2|Don|5|2|5|2|1|1|1|0|0
RZ1|CHK|144|2|38|6|2|3|6|4|1|0|1|0
RZ1|145|2|Don|5|3|5|3|1|1|1|0|0
RZ1|CHK|145|2|38|6|2|3|6|4|1|0|1|0
[Eileen​#5972] Deploy Roronoa Zoro [<mark><link="OP15-113">OP15-113</link></mark>]
RZ1|146|2|OP15-113|1|3|2|2|1|1|0|0|0
RZ1|CHK|146|2|38|5|3|3|6|4|1|0|1|0
RZ1|147|2|OP14-104|1|3|6|1|1|1|0|0|0
RZ1|CHK|147|2|38|4|3|3|6|4|2|0|1|0
[Eileen​#5972] Roronoa Zoro [<mark><link="OP15-113">OP15-113</link></mark>]: Trash Gecko Moria [<mark><link="OP14-104">OP14-104</link></mark>]
[Eileen​#5972] Roronoa Zoro [<mark><link="OP15-113">OP15-113</link></mark>]: Add card to top of Life from Deck
RZ1|148|2|OP14-107|0|37|3|3|0|1|0|0|0
RZ1|CHK|148|2|37|4|3|4|6|4|2|0|1|0
[Eileen​#5972] End Turn
[BigRato​#5650] Hand: [OP17-107,OP17-106,OP17-110,OP17-113,ST20-005]
[BigRato​#5650] Board: [OP17-113,OP17-108]
[BigRato​#5650] Trash: [OP17-110]
[BigRato​#5650] Life: 4
[Eileen​#5972] Hand: [OP12-119,OP16-119,OP14-112,OP06-115]
[Eileen​#5972] Trash: [OP16-119,OP14-104]
[Eileen​#5972] Board: [OP14-103,OP16-113,OP15-113]
[Eileen​#5972] Life: 4
[BigRato​#5650] Draw 1 Card
[BigRato​#5650] Drew card from deck: The 3 Sweet Commanders [<mark><link="OP17-114">OP17-114</link></mark>]
RZ1|149|1|OP17-114|0|37|1|5|1|1|0|0|0
RZ1|CHK|149|1|37|6|2|4|7|3|1|0|1|0
RZ1|150|1|Don|4|6|5|3|1|1|0|0|0
RZ1|CHK|150|1|37|6|2|4|6|4|1|0|1|0
RZ1|151|1|Don|4|5|5|4|1|1|0|0|0
RZ1|CHK|151|1|37|6|2|4|5|5|1|0|1|0
[BigRato​#5650] Draw 2 Don
RZ1|152|1|Don|5|0|5|0|1|1|1|0|0
RZ1|CHK|152|1|37|6|2|4|5|5|1|0|1|0
[BigRato​#5650] Deploy Streusen [<mark><link="OP17-113">OP17-113</link></mark>]
RZ1|153|1|OP17-113|1|3|2|2|1|1|0|0|0
RZ1|CHK|153|1|37|5|3|4|5|5|1|0|1|0
RZ1|154|1|OP17-103|0|35|1|5|1|1|0|0|0
RZ1|CHK|154|1|36|6|3|4|5|5|1|0|1|0
[BigRato​#5650] Streusen [<mark><link="OP17-113">OP17-113</link></mark>]: <b>Reveal and Draw Charlotte Katakuri [<mark><link="OP17-103">OP17-103</link></mark>]</b>
[BigRato​#5650] Placing Cards on Bottom of Deck
RZ1|155|1|OP17-106|0|35|0|0|0|0|0|0|0
RZ1|CHK|155|1|36|6|3|4|5|5|1|0|1|0
RZ1|156|1|OP17-104|0|35|0|0|0|0|0|0|0
RZ1|CHK|156|1|36|6|3|4|5|5|1|0|1|0
RZ1|157|1|Don|5|1|5|1|1|1|1|0|0
RZ1|CHK|157|1|36|6|3|4|5|5|1|0|1|0
RZ1|158|1|Don|5|2|5|2|1|1|1|0|0
RZ1|CHK|158|1|36|6|3|4|5|5|1|0|1|0
RZ1|159|1|Don|5|3|5|3|1|1|1|0|0
RZ1|CHK|159|1|36|6|3|4|5|5|1|0|1|0
[BigRato​#5650] Deploy Charlotte Daifuku [<mark><link="OP17-107">OP17-107</link></mark>]
RZ1|160|1|OP17-107|1|0|2|3|1|1|0|0|0
RZ1|CHK|160|1|36|5|4|4|5|5|1|0|1|0
[BigRato​#5650] Attach 1 Don to Charlotte Linlin [<mark><link="OP17-099">OP17-099</link></mark>] (1 Total)
RZ1|161|1|Don|5|4|9|9900|1|1|0|0|0
RZ1|CHK|161|1|36|5|4|4|5|4|1|0|1|1
[BigRato​#5650] Charlotte Linlin [<mark><link="OP17-099">OP17-099</link></mark>] attacking Boa Hancock [<mark><link="OP14-041">OP14-041</link></mark>]
RZ1|162|1|OP17-103|1|4|6|1|1|1|0|0|0
RZ1|CHK|162|1|36|4|4|4|5|4|2|0|1|1
[BigRato​#5650] Charlotte Linlin [<mark><link="OP17-099">OP17-099</link></mark>]: Trash Charlotte Katakuri [<mark><link="OP17-103">OP17-103</link></mark>]
[BigRato​#5650] Forcing opponent to resolve Card Action!
[Eileen​#5972] Forcing opponent to resolve Card Action!
[BigRato​#5650] Charlotte Linlin [<mark><link="OP17-099">OP17-099</link></mark>]: Randomly send Bartholomew Kuma [<mark><link="OP12-119">OP12-119</link></mark>] to Trash from Hand
RZ1|163|2|OP12-119|1|0|6|2|1|1|0|0|0
RZ1|CHK|163|2|37|3|3|4|6|4|3|0|1|0
RZ1|164|2|OP14-107|3|3|1|3|0|1|0|0|0
RZ1|CHK|164|2|37|4|3|3|6|4|3|0|1|0
Charlotte Linlin [<mark><link="OP17-099">OP17-099</link></mark>][6000] vs Boa Hancock [<mark><link="OP14-041">OP14-041</link></mark>][5000]
Boa Hancock [<mark><link="OP14-041">OP14-041</link></mark>] hit for 1 damage
[Eileen​#5972] Shakuyaku [<mark><link="OP14-107">OP14-107</link></mark>]: Activate Trigger
RZ1|165|2|OP14-107|1|3|6|3|1|1|0|0|0
RZ1|CHK|165|2|37|3|3|3|6|4|4|0|1|0
RZ1|166|2|OP14-107|6|3|2|3|1|1|0|0|0
RZ1|CHK|166|2|37|3|4|3|6|4|3|0|1|0
[Eileen​#5972] Shakuyaku [<mark><link="OP14-107">OP14-107</link></mark>]: Deploy Shakuyaku [<mark><link="OP14-107">OP14-107</link></mark>]
[Eileen​#5972] Drew card from deck: Roronoa Zoro [<mark><link="OP15-113">OP15-113</link></mark>]
RZ1|167|2|OP15-113|0|36|1|3|0|1|0|0|0
RZ1|CHK|167|2|36|4|4|3|6|4|3|0|1|0
[Eileen​#5972] Boa Hancock [<mark><link="OP14-041">OP14-041</link></mark>]: Draw 1 Card
[BigRato​#5650] Hand: [OP17-106,OP17-110,ST20-005,OP17-114]
[BigRato​#5650] Board: [OP17-113,OP17-108,OP17-113,OP17-107]
[BigRato​#5650] Trash: [OP17-110,OP17-103]
[BigRato​#5650] Life: 4
[Eileen​#5972] Hand: [OP16-119,OP14-112,OP06-115,OP15-113]
[Eileen​#5972] Trash: [OP16-119,OP14-104,OP12-119]
[Eileen​#5972] Board: [OP14-103,OP16-113,OP15-113,OP14-107]
[Eileen​#5972] Life: 3
[BigRato​#5650] End Turn
[Eileen​#5972] Draw 1 Card
[Eileen​#5972] Drew card from deck: Boa Hancock [<mark><link="OP14-112">OP14-112</link></mark>]
RZ1|168|2|OP14-112|0|35|1|4|0|1|0|0|0
RZ1|CHK|168|2|35|5|4|3|6|4|3|0|1|0
RZ1|169|2|Don|4|5|5|4|1|1|0|0|0
RZ1|CHK|169|2|35|5|4|3|5|5|3|0|1|0
RZ1|170|2|Don|4|4|5|5|1|1|0|0|0
RZ1|CHK|170|2|35|5|4|3|4|6|3|0|1|0
[Eileen​#5972] Draw 2 Don
RZ1|171|2|Don|5|0|5|0|1|1|1|0|0
RZ1|CHK|171|2|35|5|4|3|4|6|3|0|1|0
RZ1|172|2|Don|5|1|5|1|1|1|1|0|0
RZ1|CHK|172|2|35|5|4|3|4|6|3|0|1|0
RZ1|173|2|Don|5|2|5|2|1|1|1|0|0
RZ1|CHK|173|2|35|5|4|3|4|6|3|0|1|0
RZ1|174|2|Don|5|3|5|3|1|1|1|0|0
RZ1|CHK|174|2|35|5|4|3|4|6|3|0|1|0
[Eileen​#5972] Deploy Roronoa Zoro [<mark><link="OP15-113">OP15-113</link></mark>]
RZ1|175|2|OP15-113|1|3|2|4|1|1|0|0|0
RZ1|CHK|175|2|35|4|5|3|4|6|3|0|1|0
RZ1|176|2|OP06-115|1|2|6|3|1|1|0|0|0
RZ1|CHK|176|2|35|3|5|3|4|6|4|0|1|0
[Eileen​#5972] Roronoa Zoro [<mark><link="OP15-113">OP15-113</link></mark>]: Trash You're the one who should disappear! [<mark><link="OP06-115">OP06-115</link></mark>]
[Eileen​#5972] Roronoa Zoro [<mark><link="OP15-113">OP15-113</link></mark>]: Add card to top of Life from Deck
RZ1|177|2|OP15-113|0|34|3|3|0|1|0|0|0
RZ1|CHK|177|2|34|3|5|4|4|6|4|0|1|0
[Eileen​#5972] Shakuyaku [<mark><link="OP14-107">OP14-107</link></mark>] attacking Charlotte Linlin [<mark><link="OP17-099">OP17-099</link></mark>]
Shakuyaku [<mark><link="OP14-107">OP14-107</link></mark>][5000] vs Charlotte Linlin [<mark><link="OP17-099">OP17-099</link></mark>][5000]
Charlotte Linlin [<mark><link="OP17-099">OP17-099</link></mark>] hit for 1 damage
RZ1|178|1|OP17-106|3|3|1|4|1|1|0|0|0
RZ1|CHK|178|1|36|5|4|3|5|4|2|0|1|1
[BigRato​#5650] Charlotte Smoothie [<mark><link="OP17-106">OP17-106</link></mark>]: Activate Trigger
RZ1|179|1|OP17-106|1|4|6|2|1|1|0|0|0
RZ1|CHK|179|1|36|4|4|3|5|4|3|0|1|1
RZ1|180|1|OP17-106|6|2|2|4|1|1|0|0|0
RZ1|CHK|180|1|36|4|5|3|5|4|2|0|1|1
[BigRato​#5650] Charlotte Smoothie [<mark><link="OP17-106">OP17-106</link></mark>]: Deploy Charlotte Smoothie [<mark><link="OP17-106">OP17-106</link></mark>]
[Eileen​#5972] Roronoa Zoro [<mark><link="OP15-113">OP15-113</link></mark>] attacking Charlotte Linlin [<mark><link="OP17-099">OP17-099</link></mark>]
Roronoa Zoro [<mark><link="OP15-113">OP15-113</link></mark>][6000] vs Charlotte Linlin [<mark><link="OP17-099">OP17-099</link></mark>][5000]
Charlotte Linlin [<mark><link="OP17-099">OP17-099</link></mark>] hit for 1 damage
RZ1|181|1|OP17-110|3|2|1|4|1|1|0|0|0
RZ1|CHK|181|1|36|5|5|2|5|4|2|0|1|1
[BigRato​#5650] Charlotte Perospero [<mark><link="OP17-110">OP17-110</link></mark>]: Activate Trigger
RZ1|182|1|OP17-110|1|4|6|2|1|1|0|0|0
RZ1|CHK|182|1|36|4|5|2|5|4|3|0|1|1
RZ1|183|1|OP17-113|2|0|6|3|1|1|0|0|0
RZ1|CHK|183|1|36|4|4|2|5|4|4|0|1|1
[BigRato​#5650] Trash Streusen [<mark><link="OP17-113">OP17-113</link></mark>]
RZ1|184|1|OP17-110|6|2|2|4|1|1|0|0|0
RZ1|CHK|184|1|36|4|5|2|5|4|3|0|1|1
[BigRato​#5650] Charlotte Perospero [<mark><link="OP17-110">OP17-110</link></mark>]: Deploy Charlotte Perospero [<mark><link="OP17-110">OP17-110</link></mark>]
[Eileen​#5972] Attach 2 Don to Boa Hancock [<mark><link="OP14-041">OP14-041</link></mark>] (2 Total)
RZ1|185|2|Don|5|5|9|9900|1|1|0|0|0
RZ1|CHK|185|2|34|3|5|4|4|5|4|0|1|1
RZ1|186|2|Don|5|4|9|9901|1|1|0|0|0
RZ1|CHK|186|2|34|3|5|4|4|4|4|0|1|2
[Eileen​#5972] Boa Hancock [<mark><link="OP14-041">OP14-041</link></mark>] attacking Charlotte Linlin [<mark><link="OP17-099">OP17-099</link></mark>]
[BigRato​#5650] Charlotte Brulee [<mark><link="OP17-108">OP17-108</link></mark>] Blocks
Boa Hancock [<mark><link="OP14-041">OP14-041</link></mark>][7000] vs Charlotte Brulee [<mark><link="OP17-108">OP17-108</link></mark>][4000]
[BigRato​#5650] Charlotte Brulee [<mark><link="OP17-108">OP17-108</link></mark>] Destroyed
RZ1|187|1|OP17-108|2|0|6|3|1|1|0|0|0
RZ1|CHK|187|1|36|4|4|2|5|4|4|0|1|1
[Eileen​#5972] End Turn
[BigRato​#5650] Hand: [OP17-106,OP17-110,ST20-005,OP17-114]
[BigRato​#5650] Board: [OP17-113,OP17-107,OP17-106,OP17-110]
[BigRato​#5650] Trash: [OP17-110,OP17-103,OP17-113,OP17-108]
[BigRato​#5650] Life: 2
[Eileen​#5972] Hand: [OP16-119,OP14-112,OP14-112]
[Eileen​#5972] Trash: [OP16-119,OP14-104,OP12-119,OP06-115]
[Eileen​#5972] Board: [OP14-103,OP16-113,OP15-113,OP14-107,OP15-113]
[Eileen​#5972] Life: 4
RZ1|188|1|Don|9|9900|5|0|1|1|1|0|0
RZ1|CHK|188|1|36|4|4|2|5|5|4|0|1|0
[BigRato​#5650] Draw 1 Card
[BigRato​#5650] Drew card from deck: The 3 Sweet Commanders [<mark><link="OP17-114">OP17-114</link></mark>]
RZ1|189|1|OP17-114|0|35|1|4|1|1|0|0|0
RZ1|CHK|189|1|35|5|4|2|5|5|4|0|1|0
RZ1|190|1|Don|4|4|5|5|1|1|0|0|0
RZ1|CHK|190|1|35|5|4|2|4|6|4|0|1|0
RZ1|191|1|Don|4|3|5|6|1|1|0|0|0
RZ1|CHK|191|1|35|5|4|2|3|7|4|0|1|0
[BigRato​#5650] Draw 2 Don
RZ1|192|1|Don|5|0|5|0|1|1|1|0|0
RZ1|CHK|192|1|35|5|4|2|3|7|4|0|1|0
RZ1|193|1|Don|5|1|5|1|1|1|1|0|0
RZ1|CHK|193|1|35|5|4|2|3|7|4|0|1|0
RZ1|194|1|Don|5|2|5|2|1|1|1|0|0
RZ1|CHK|194|1|35|5|4|2|3|7|4|0|1|0
RZ1|195|1|Don|5|3|5|3|1|1|1|0|0
RZ1|CHK|195|1|35|5|4|2|3|7|4|0|1|0
RZ1|196|1|Don|5|4|5|4|1|1|1|0|0
RZ1|CHK|196|1|35|5|4|2|3|7|4|0|1|0
RZ1|197|1|Don|5|5|5|5|1|1|1|0|0
RZ1|CHK|197|1|35|5|4|2|3|7|4|0|1|0
RZ1|198|1|Don|5|6|5|6|1|1|1|0|0
RZ1|CHK|198|1|35|5|4|2|3|7|4|0|1|0
[BigRato​#5650] Deploy Charlotte Perospero [<mark><link="OP17-110">OP17-110</link></mark>]
RZ1|199|1|OP17-110|1|1|2|4|1|1|0|0|0
RZ1|CHK|199|1|35|4|5|2|3|7|4|0|1|0
RZ1|200|1|OP17-113|2|0|6|4|1|1|0|0|0
RZ1|CHK|200|1|35|4|4|2|3|7|5|0|1|0
[BigRato​#5650] Trash Streusen [<mark><link="OP17-113">OP17-113</link></mark>]
RZ1|201|1|ST20-005|1|1|2|4|1|1|0|0|0
RZ1|CHK|201|1|35|3|5|2|3|7|5|0|1|0
[BigRato​#5650] Charlotte Perospero [<mark><link="OP17-110">OP17-110</link></mark>]: Deploy Charlotte Linlin [<mark><link="ST20-005">ST20-005</link></mark>]
[BigRato​#5650] Charlotte Perospero [<mark><link="OP17-110">OP17-110</link></mark>]: Give Charlotte Perospero [<mark><link="OP17-110">OP17-110</link></mark>] Rush
RZ1|202|1|OP17-114|1|1|6|5|1|1|0|0|0
RZ1|CHK|202|1|35|2|5|2|3|7|6|0|1|0
[BigRato​#5650] Charlotte Linlin [<mark><link="ST20-005">ST20-005</link></mark>]: Trash The 3 Sweet Commanders [<mark><link="OP17-114">OP17-114</link></mark>]
[BigRato​#5650] Forcing opponent to resolve Card Action!
[Eileen​#5972] Charlotte Linlin [<mark><link="ST20-005">ST20-005</link></mark>]: Trashes Top Life
RZ1|203|2|OP15-113|3|3|6|4|1|1|0|0|0
RZ1|CHK|203|2|34|3|5|3|4|4|5|0|1|2
[Eileen​#5972] Trash Roronoa Zoro [<mark><link="OP15-113">OP15-113</link></mark>] from Life
[BigRato​#5650] Charlotte Linlin [<mark><link="OP17-099">OP17-099</link></mark>] attacking Boa Hancock [<mark><link="OP14-041">OP14-041</link></mark>]
RZ1|204|1|OP17-106|1|0|6|6|1|1|0|0|0
RZ1|CHK|204|1|35|1|5|2|3|7|7|0|1|0
[BigRato​#5650] Charlotte Linlin [<mark><link="OP17-099">OP17-099</link></mark>]: Trash Charlotte Smoothie [<mark><link="OP17-106">OP17-106</link></mark>]
[BigRato​#5650] Forcing opponent to resolve Card Action!
[Eileen​#5972] Forcing opponent to resolve Card Action!
[BigRato​#5650] Charlotte Linlin [<mark><link="OP17-099">OP17-099</link></mark>]: Randomly send Marshall D. Teach [<mark><link="OP16-119">OP16-119</link></mark>] to Trash from Hand
RZ1|205|2|OP16-119|1|0|6|5|1|1|0|0|0
RZ1|CHK|205|2|34|2|5|3|4|4|6|0|1|2
RZ1|206|2|OP11-054|3|2|1|2|0|1|0|0|0
RZ1|CHK|206|2|34|3|5|2|4|4|6|0|1|2
Charlotte Linlin [<mark><link="OP17-099">OP17-099</link></mark>][5000] vs Boa Hancock [<mark><link="OP14-041">OP14-041</link></mark>][5000]
Boa Hancock [<mark><link="OP14-041">OP14-041</link></mark>] hit for 1 damage
[BigRato​#5650] Hand: [OP17-114]
[BigRato​#5650] Board: [OP17-107,OP17-106,OP17-110,OP17-110,ST20-005]
[BigRato​#5650] Trash: [OP17-110,OP17-103,OP17-113,OP17-108,OP17-113,OP17-114,OP17-106]
[BigRato​#5650] Life: 2
[Eileen​#5972] Hand: [OP14-112,OP14-112,OP11-054]
[Eileen​#5972] Trash: [OP16-119,OP14-104,OP12-119,OP06-115,OP15-113,OP16-119]
[Eileen​#5972] Board: [OP14-103,OP16-113,OP15-113,OP14-107,OP15-113]
[Eileen​#5972] Life: 2
[BigRato​#5650] End Turn
RZ1|207|2|Don|9|9900|5|0|1|1|1|0|0
RZ1|CHK|207|2|34|3|5|2|4|5|6|0|1|1
RZ1|208|2|Don|9|9900|5|0|1|1|1|0|0
RZ1|CHK|208|2|34|3|5|2|4|6|6|0|1|0
[Eileen​#5972] Draw 1 Card
[Eileen​#5972] Drew card from deck: Roronoa Zoro [<mark><link="OP15-113">OP15-113</link></mark>]
RZ1|209|2|OP15-113|0|33|1|3|0|1|0|0|0
RZ1|CHK|209|2|33|4|5|2|4|6|6|0|1|0
RZ1|210|2|Don|4|3|5|6|1|1|0|0|0
RZ1|CHK|210|2|33|4|5|2|3|7|6|0|1|0
RZ1|211|2|Don|4|2|5|7|1|1|0|0|0
RZ1|CHK|211|2|33|4|5|2|2|8|6|0|1|0
[Eileen​#5972] Draw 2 Don
RZ1|212|2|Don|5|0|5|0|1|1|1|0|0
RZ1|CHK|212|2|33|4|5|2|2|8|6|0|1|0
RZ1|213|2|Don|5|1|5|1|1|1|1|0|0
RZ1|CHK|213|2|33|4|5|2|2|8|6|0|1|0
RZ1|214|2|Don|5|2|5|2|1|1|1|0|0
RZ1|CHK|214|2|33|4|5|2|2|8|6|0|1|0
RZ1|215|2|Don|5|3|5|3|1|1|1|0|0
RZ1|CHK|215|2|33|4|5|2|2|8|6|0|1|0
RZ1|216|2|Don|5|4|5|4|1|1|1|0|0
RZ1|CHK|216|2|33|4|5|2|2|8|6|0|1|0
[Eileen​#5972] Trash Gloriosa (Grandma Nyon) [<mark><link="OP14-103">OP14-103</link></mark>]
[Eileen​#5972] Deploy Nami [<mark><link="OP11-054">OP11-054</link></mark>]
RZ1|217|2|OP14-103|2|0|6|6|1|1|0|0|0
RZ1|CHK|217|2|33|4|4|2|2|8|7|0|1|0
RZ1|218|2|OP11-054|1|2|2|4|1|1|0|0|0
RZ1|CHK|218|2|33|3|5|2|2|8|7|0|1|0
[Eileen​#5972] Drew card from deck: Ran [<mark><link="OP14-114">OP14-114</link></mark>]
RZ1|219|2|OP14-114|0|32|1|3|0|1|0|0|0
RZ1|CHK|219|2|32|4|5|2|2|8|7|0|1|0
[Eileen​#5972] Drew card from deck: Boa Marigold [<mark><link="OP16-113">OP16-113</link></mark>]
RZ1|220|2|OP16-113|0|31|1|4|0|1|0|0|0
RZ1|CHK|220|2|31|5|5|2|2|8|7|0|1|0
[Eileen​#5972] Drew card from deck: Bartholomew Kuma [<mark><link="OP12-119">OP12-119</link></mark>]
RZ1|221|2|OP12-119|0|30|1|5|0|1|0|0|0
RZ1|CHK|221|2|30|6|5|2|2|8|7|0|1|0
[Eileen​#5972] Nami [<mark><link="OP11-054">OP11-054</link></mark>]: Draw 3 Card
[Eileen​#5972] Sent a Card to Deck Top
RZ1|222|2|OP14-112|1|0|0|30|0|0|0|0|0
RZ1|CHK|222|2|31|5|5|2|2|8|7|0|1|0
[Eileen​#5972] Sent a Card to Deck Top
RZ1|223|2|OP14-112|1|0|0|31|0|0|0|0|0
RZ1|CHK|223|2|32|4|5|2|2|8|7|0|1|0
[Eileen​#5972] Shakuyaku [<mark><link="OP14-107">OP14-107</link></mark>] attacking Charlotte Linlin [<mark><link="OP17-099">OP17-099</link></mark>]
[BigRato​#5650] Discard The 3 Sweet Commanders [<mark><link="OP17-114">OP17-114</link></mark>] for Counter 1000
RZ1|224|1|OP17-114|1|0|6|7|1|1|0|0|0
RZ1|CHK|224|1|35|0|5|2|3|7|8|0|1|0
Shakuyaku [<mark><link="OP14-107">OP14-107</link></mark>][5000] vs Charlotte Linlin [<mark><link="OP17-099">OP17-099</link></mark>][6000]
Attack Fails
[Eileen​#5972] Boa Marigold [<mark><link="OP16-113">OP16-113</link></mark>] attacking Charlotte Linlin [<mark><link="OP17-099">OP17-099</link></mark>]
Boa Marigold [<mark><link="OP16-113">OP16-113</link></mark>][5000] vs Charlotte Linlin [<mark><link="OP17-099">OP17-099</link></mark>][5000]
Charlotte Linlin [<mark><link="OP17-099">OP17-099</link></mark>] hit for 1 damage
RZ1|225|1|ST20-003|3|1|1|0|1|1|0|0|0
RZ1|CHK|225|1|35|1|5|1|3|7|8|0|1|0
[Eileen​#5972] Roronoa Zoro [<mark><link="OP15-113">OP15-113</link></mark>] attacking Charlotte Linlin [<mark><link="OP17-099">OP17-099</link></mark>]
[BigRato​#5650] Discard Charlotte Brulee [<mark><link="ST20-003">ST20-003</link></mark>] for Counter 2000
RZ1|226|1|ST20-003|1|0|6|8|1|1|0|0|0
RZ1|CHK|226|1|35|0|5|1|3|7|9|0|1|0
Roronoa Zoro [<mark><link="OP15-113">OP15-113</link></mark>][6000] vs Charlotte Linlin [<mark><link="OP17-099">OP17-099</link></mark>][7000]
Attack Fails
[Eileen​#5972] Roronoa Zoro [<mark><link="OP15-113">OP15-113</link></mark>] attacking Charlotte Linlin [<mark><link="OP17-099">OP17-099</link></mark>]
Roronoa Zoro [<mark><link="OP15-113">OP15-113</link></mark>][6000] vs Charlotte Linlin [<mark><link="OP17-099">OP17-099</link></mark>][5000]
Charlotte Linlin [<mark><link="OP17-099">OP17-099</link></mark>] hit for 1 damage
RZ1|227|1|OP17-104|3|0|1|0|1|1|0|0|0
RZ1|CHK|227|1|35|1|5|0|3|7|9|0|1|0
[Eileen​#5972] Attach 3 Don to Boa Hancock [<mark><link="OP14-041">OP14-041</link></mark>] (3 Total)
RZ1|228|2|Don|5|5|9|9900|1|1|0|0|0
RZ1|CHK|228|2|32|4|5|2|2|7|7|0|1|1
RZ1|229|2|Don|5|5|9|9901|1|1|0|0|0
RZ1|CHK|229|2|32|4|5|2|2|6|7|0|1|2
RZ1|230|2|Don|5|5|9|9902|1|1|0|0|0
RZ1|CHK|230|2|32|4|5|2|2|5|7|0|1|3
[Eileen​#5972] Boa Hancock [<mark><link="OP14-041">OP14-041</link></mark>] attacking Charlotte Linlin [<mark><link="OP17-099">OP17-099</link></mark>]
Boa Hancock [<mark><link="OP14-041">OP14-041</link></mark>][8000] vs Charlotte Linlin [<mark><link="OP17-099">OP17-099</link></mark>][5000]
Charlotte Linlin [<mark><link="OP17-099">OP17-099</link></mark>] hit for 1 damage