[AcesWife​#7970] Leader is Charlotte Linlin ["OP17-099">OP17-099]
Version is 1.42b
[Karlmalone​#2854] Leader is Rocks D. Xebec ["OP17-039">OP17-039]
[AcesWife​#7970] Chose to go Second
RZ1|HDR|1.42b|2|RZ1
RZ1|PLY|1|Karlmalone​#2854|OP17-039
RZ1|PLY|2|AcesWife​#7970|OP17-099
RZ1|1|2|OP17-104|0|14|0|0|0|0|0|0|0
RZ1|CHK|1|2|50|0|0|0|10|0|0|0|1|0
RZ1|2|2|OP17-109|0|20|0|1|0|0|0|0|0
RZ1|CHK|2|2|50|0|0|0|10|0|0|0|1|0
RZ1|3|2|OP17-102|0|24|0|2|0|0|0|0|0
RZ1|CHK|3|2|50|0|0|0|10|0|0|0|1|0
RZ1|4|2|OP17-104|0|16|0|3|0|0|0|0|0
RZ1|CHK|4|2|50|0|0|0|10|0|0|0|1|0
RZ1|5|2|OP17-106|0|27|0|4|0|0|0|0|0
RZ1|CHK|5|2|50|0|0|0|10|0|0|0|1|0
RZ1|6|2|OP17-109|0|22|0|5|0|0|0|0|0
RZ1|CHK|6|2|50|0|0|0|10|0|0|0|1|0
RZ1|7|2|OP17-113|0|10|0|6|0|0|0|0|0
RZ1|CHK|7|2|50|0|0|0|10|0|0|0|1|0
RZ1|8|2|OP17-109|0|22|0|7|0|0|0|0|0
RZ1|CHK|8|2|50|0|0|0|10|0|0|0|1|0
RZ1|9|2|OP17-112|0|43|0|8|0|0|0|0|0
RZ1|CHK|9|2|50|0|0|0|10|0|0|0|1|0
RZ1|10|2|OP17-103|0|31|0|9|0|0|0|0|0
RZ1|CHK|10|2|50|0|0|0|10|0|0|0|1|0
RZ1|11|2|OP17-113|0|12|0|10|0|0|0|0|0
RZ1|CHK|11|2|50|0|0|0|10|0|0|0|1|0
RZ1|12|2|OP16-119|0|42|0|11|0|0|0|0|0
RZ1|CHK|12|2|50|0|0|0|10|0|0|0|1|0
RZ1|13|2|OP17-117|0|48|0|12|0|0|0|0|0
RZ1|CHK|13|2|50|0|0|0|10|0|0|0|1|0
RZ1|14|2|OP17-103|0|32|0|13|0|0|0|0|0
RZ1|CHK|14|2|50|0|0|0|10|0|0|0|1|0
RZ1|15|2|ST20-005|0|38|0|14|0|0|0|0|0
RZ1|CHK|15|2|50|0|0|0|10|0|0|0|1|0
RZ1|16|2|OP17-113|0|18|0|15|0|0|0|0|0
RZ1|CHK|16|2|50|0|0|0|10|0|0|0|1|0
RZ1|17|2|OP17-114|0|36|0|16|0|0|0|0|0
RZ1|CHK|17|2|50|0|0|0|10|0|0|0|1|0
RZ1|18|2|OP17-111|0|31|0|17|0|0|0|0|0
RZ1|CHK|18|2|50|0|0|0|10|0|0|0|1|0
RZ1|19|2|OP17-106|0|34|0|18|0|0|0|0|0
RZ1|CHK|19|2|50|0|0|0|10|0|0|0|1|0
RZ1|20|2|OP08-105|0|26|0|19|0|0|0|0|0
RZ1|CHK|20|2|50|0|0|0|10|0|0|0|1|0
RZ1|21|2|ST20-005|0|39|0|20|0|0|0|0|0
RZ1|CHK|21|2|50|0|0|0|10|0|0|0|1|0
RZ1|22|2|OP17-104|0|29|0|21|0|0|0|0|0
RZ1|CHK|22|2|50|0|0|0|10|0|0|0|1|0
RZ1|23|2|OP17-110|0|42|0|22|0|0|0|0|0
RZ1|CHK|23|2|50|0|0|0|10|0|0|0|1|0
RZ1|24|2|OP17-112|0|46|0|23|0|0|0|0|0
RZ1|CHK|24|2|50|0|0|0|10|0|0|0|1|0
RZ1|25|2|OP17-109|0|34|0|24|0|0|0|0|0
RZ1|CHK|25|2|50|0|0|0|10|0|0|0|1|0
RZ1|26|2|OP17-108|0|33|0|25|0|0|0|0|0
RZ1|CHK|26|2|50|0|0|0|10|0|0|0|1|0
RZ1|27|2|OP17-103|0|39|0|26|0|0|0|0|0
RZ1|CHK|27|2|50|0|0|0|10|0|0|0|1|0
RZ1|28|2|OP17-117|0|48|0|27|0|0|0|0|0
RZ1|CHK|28|2|50|0|0|0|10|0|0|0|1|0
RZ1|29|2|OP17-110|0|44|0|28|0|0|0|0|0
RZ1|CHK|29|2|50|0|0|0|10|0|0|0|1|0
RZ1|30|2|OP17-111|0|38|0|29|0|0|0|0|0
RZ1|CHK|30|2|50|0|0|0|10|0|0|0|1|0
RZ1|31|2|OP17-114|0|43|0|30|0|0|0|0|0
RZ1|CHK|31|2|50|0|0|0|10|0|0|0|1|0
RZ1|32|2|OP17-110|0|45|0|31|0|0|0|0|0
RZ1|CHK|32|2|50|0|0|0|10|0|0|0|1|0
RZ1|33|2|OP17-108|0|40|0|32|0|0|0|0|0
RZ1|CHK|33|2|50|0|0|0|10|0|0|0|1|0
RZ1|34|2|EB01-056|0|34|0|33|0|0|0|0|0
RZ1|CHK|34|2|50|0|0|0|10|0|0|0|1|0
RZ1|35|2|OP11-106|0|37|0|34|0|0|0|0|0
RZ1|CHK|35|2|50|0|0|0|10|0|0|0|1|0
RZ1|36|2|OP17-112|0|47|0|35|0|0|0|0|0
RZ1|CHK|36|2|50|0|0|0|10|0|0|0|1|0
RZ1|37|2|OP17-113|0|37|0|36|0|0|0|0|0
RZ1|CHK|37|2|50|0|0|0|10|0|0|0|1|0
RZ1|38|2|OP16-119|0|47|0|37|0|0|0|0|0
RZ1|CHK|38|2|50|0|0|0|10|0|0|0|1|0
RZ1|39|2|OP17-117|0|49|0|38|0|0|0|0|0
RZ1|CHK|39|2|50|0|0|0|10|0|0|0|1|0
RZ1|40|2|OP17-102|0|45|0|39|0|0|0|0|0
RZ1|CHK|40|2|50|0|0|0|10|0|0|0|1|0
RZ1|41|2|OP17-114|0|47|0|40|0|0|0|0|0
RZ1|CHK|41|2|50|0|0|0|10|0|0|0|1|0
RZ1|42|2|OP17-112|0|49|0|41|0|0|0|0|0
RZ1|CHK|42|2|50|0|0|0|10|0|0|0|1|0
RZ1|43|2|OP17-103|0|48|0|42|0|0|0|0|0
RZ1|CHK|43|2|50|0|0|0|10|0|0|0|1|0
RZ1|44|2|OP11-106|0|46|0|45|0|0|0|0|0
RZ1|CHK|44|2|50|0|0|0|10|0|0|0|1|0
RZ1|45|2|OP08-105|0|47|0|46|0|0|0|0|0
RZ1|CHK|45|2|50|0|0|0|10|0|0|0|1|0
RZ1|46|2|OP17-110|0|49|0|48|0|0|0|0|0
RZ1|CHK|46|2|50|0|0|0|10|0|0|0|1|0
[AcesWife​#7970] Drew card from deck: Charlotte Oven ["OP17-102">OP17-102]
RZ1|47|2|OP17-102|0|49|1|0|0|1|0|0|0
RZ1|CHK|47|2|49|1|0|0|10|0|0|0|1|0
[AcesWife​#7970] Drew card from deck: Charlotte Perospero ["OP17-110">OP17-110]
RZ1|48|2|OP17-110|0|48|1|1|0|1|0|0|0
RZ1|CHK|48|2|48|2|0|0|10|0|0|0|1|0
[AcesWife​#7970] Drew card from deck: Zeus ["OP11-106">OP11-106]
RZ1|49|2|OP11-106|0|47|1|2|0|1|0|0|0
RZ1|CHK|49|2|47|3|0|0|10|0|0|0|1|0
[AcesWife​#7970] Drew card from deck: Jewelry Bonney ["OP08-105">OP08-105]
RZ1|50|2|OP08-105|0|46|1|3|0|1|0|0|0
RZ1|CHK|50|2|46|4|0|0|10|0|0|0|1|0
[AcesWife​#7970] Drew card from deck: Zeus ["OP11-106">OP11-106]
RZ1|51|2|OP11-106|0|45|1|4|0|1|0|0|0
RZ1|CHK|51|2|45|5|0|0|10|0|0|0|1|0
RZ1|52|1|OP17-048|0|33|0|0|0|0|0|0|0
RZ1|CHK|52|1|50|0|0|0|10|0|0|0|1|0
RZ1|53|1|OP17-045|0|5|0|1|0|0|0|0|0
RZ1|CHK|53|1|50|0|0|0|10|0|0|0|1|0
RZ1|54|1|OP17-054|0|13|0|2|0|0|0|0|0
RZ1|CHK|54|1|50|0|0|0|10|0|0|0|1|0
RZ1|55|1|OP17-049|0|25|0|3|0|0|0|0|0
RZ1|CHK|55|1|50|0|0|0|10|0|0|0|1|0
RZ1|56|1|OP17-056|0|43|0|4|0|0|0|0|0
RZ1|CHK|56|1|50|0|0|0|10|0|0|0|1|0
RZ1|57|1|OP17-042|0|17|0|5|0|0|0|0|0
RZ1|CHK|57|1|50|0|0|0|10|0|0|0|1|0
RZ1|58|1|OP17-055|0|43|0|6|0|0|0|0|0
RZ1|CHK|58|1|50|0|0|0|10|0|0|0|1|0
RZ1|59|1|OP17-040|0|30|0|7|0|0|0|0|0
RZ1|CHK|59|1|50|0|0|0|10|0|0|0|1|0
RZ1|60|1|OP17-044|0|20|0|8|0|0|0|0|0
RZ1|CHK|60|1|50|0|0|0|10|0|0|0|1|0
RZ1|61|1|OP17-056|0|46|0|9|0|0|0|0|0
RZ1|CHK|61|1|50|0|0|0|10|0|0|0|1|0
RZ1|62|1|OP17-048|0|37|0|10|0|0|0|0|0
RZ1|CHK|62|1|50|0|0|0|10|0|0|0|1|0
RZ1|63|1|OP17-056|0|46|0|11|0|0|0|0|0
RZ1|CHK|63|1|50|0|0|0|10|0|0|0|1|0
RZ1|64|1|OP17-118|0|42|0|12|0|0|0|0|0
RZ1|CHK|64|1|50|0|0|0|10|0|0|0|1|0
RZ1|65|1|OP17-118|0|41|0|13|0|0|0|0|0
RZ1|CHK|65|1|50|0|0|0|10|0|0|0|1|0
RZ1|66|1|OP17-055|0|45|0|14|0|0|0|0|0
RZ1|CHK|66|1|50|0|0|0|10|0|0|0|1|0
RZ1|67|1|OP17-054|0|24|0|15|0|0|0|0|0
RZ1|CHK|67|1|50|0|0|0|10|0|0|0|1|0
RZ1|68|1|OP17-040|0|37|0|16|0|0|0|0|0
RZ1|CHK|68|1|50|0|0|0|10|0|0|0|1|0
RZ1|69|1|OP17-050|0|19|0|17|0|0|0|0|0
RZ1|CHK|69|1|50|0|0|0|10|0|0|0|1|0
RZ1|70|1|OP17-118|0|42|0|18|0|0|0|0|0
RZ1|CHK|70|1|50|0|0|0|10|0|0|0|1|0
RZ1|71|1|OP17-043|0|34|0|19|0|0|0|0|0
RZ1|CHK|71|1|50|0|0|0|10|0|0|0|1|0
RZ1|72|1|OP17-046|0|31|0|20|0|0|0|0|0
RZ1|CHK|72|1|50|0|0|0|10|0|0|0|1|0
RZ1|73|1|OP17-056|0|46|0|21|0|0|0|0|0
RZ1|CHK|73|1|50|0|0|0|10|0|0|0|1|0
RZ1|74|1|OP17-049|0|37|0|22|0|0|0|0|0
RZ1|CHK|74|1|50|0|0|0|10|0|0|0|1|0
RZ1|75|1|OP17-044|0|33|0|23|0|0|0|0|0
RZ1|CHK|75|1|50|0|0|0|10|0|0|0|1|0
RZ1|76|1|OP17-045|0|27|0|24|0|0|0|0|0
RZ1|CHK|76|1|50|0|0|0|10|0|0|0|1|0
RZ1|77|1|OP17-046|0|36|0|25|0|0|0|0|0
RZ1|CHK|77|1|50|0|0|0|10|0|0|0|1|0
RZ1|78|1|OP17-054|0|33|0|26|0|0|0|0|0
RZ1|CHK|78|1|50|0|0|0|10|0|0|0|1|0
RZ1|79|1|OP17-052|0|32|0|27|0|0|0|0|0
RZ1|CHK|79|1|50|0|0|0|10|0|0|0|1|0
RZ1|80|1|OP17-057|0|48|0|29|0|0|0|0|0
RZ1|CHK|80|1|50|0|0|0|10|0|0|0|1|0
RZ1|81|1|OP17-055|0|47|0|30|0|0|0|0|0
RZ1|CHK|81|1|50|0|0|0|10|0|0|0|1|0
RZ1|82|1|OP17-052|0|34|0|31|0|0|0|0|0
RZ1|CHK|82|1|50|0|0|0|10|0|0|0|1|0
RZ1|83|1|OP17-046|0|38|0|32|0|0|0|0|0
RZ1|CHK|83|1|50|0|0|0|10|0|0|0|1|0
RZ1|84|1|OP17-057|0|48|0|33|0|0|0|0|0
RZ1|CHK|84|1|50|0|0|0|10|0|0|0|1|0
RZ1|85|1|OP17-055|0|48|0|34|0|0|0|0|0
RZ1|CHK|85|1|50|0|0|0|10|0|0|0|1|0
RZ1|86|1|OP17-045|0|36|0|35|0|0|0|0|0
RZ1|CHK|86|1|50|0|0|0|10|0|0|0|1|0
RZ1|87|1|OP17-048|0|46|0|36|0|0|0|0|0
RZ1|CHK|87|1|50|0|0|0|10|0|0|0|1|0
RZ1|88|1|OP17-049|0|43|0|37|0|0|0|0|0
RZ1|CHK|88|1|50|0|0|0|10|0|0|0|1|0
RZ1|89|1|OP17-057|0|49|0|38|0|0|0|0|0
RZ1|CHK|89|1|50|0|0|0|10|0|0|0|1|0
RZ1|90|1|OP17-046|0|43|0|39|0|0|0|0|0
RZ1|CHK|90|1|50|0|0|0|10|0|0|0|1|0
RZ1|91|1|OP17-042|0|43|0|40|0|0|0|0|0
RZ1|CHK|91|1|50|0|0|0|10|0|0|0|1|0
RZ1|92|1|OP17-049|0|45|0|41|0|0|0|0|0
RZ1|CHK|92|1|50|0|0|0|10|0|0|0|1|0
RZ1|93|1|OP17-043|0|45|0|42|0|0|0|0|0
RZ1|CHK|93|1|50|0|0|0|10|0|0|0|1|0
RZ1|94|1|OP17-040|0|46|0|43|0|0|0|0|0
RZ1|CHK|94|1|50|0|0|0|10|0|0|0|1|0
RZ1|95|1|OP17-040|0|47|0|44|0|0|0|0|0
RZ1|CHK|95|1|50|0|0|0|10|0|0|0|1|0
RZ1|96|1|OP17-054|0|47|0|45|0|0|0|0|0
RZ1|CHK|96|1|50|0|0|0|10|0|0|0|1|0
RZ1|97|1|OP17-048|0|48|0|47|0|0|0|0|0
RZ1|CHK|97|1|50|0|0|0|10|0|0|0|1|0
[Karlmalone​#2854] Drew card from deck: Rocks D. Xebec ["OP17-118">OP17-118]
RZ1|98|1|OP17-118|0|49|1|0|1|1|0|0|0
RZ1|CHK|98|1|49|1|0|0|10|0|0|0|1|0
[Karlmalone​#2854] Drew card from deck: Don Marlon ["OP17-052">OP17-052]
RZ1|99|1|OP17-052|0|48|1|1|1|1|0|0|0
RZ1|CHK|99|1|48|2|0|0|10|0|0|0|1|0
[Karlmalone​#2854] Drew card from deck: Shiki ["OP17-048">OP17-048]
RZ1|100|1|OP17-048|0|47|1|2|1|1|0|0|0
RZ1|CHK|100|1|47|3|0|0|10|0|0|0|1|0
[Karlmalone​#2854] Drew card from deck: Streusen ["OP17-050">OP17-050]
RZ1|101|1|OP17-050|0|46|1|3|1|1|0|0|0
RZ1|CHK|101|1|46|4|0|0|10|0|0|0|1|0
[Karlmalone​#2854] Drew card from deck: Stussy ["OP17-054">OP17-054]
RZ1|102|1|OP17-054|0|45|1|4|1|1|0|0|0
RZ1|CHK|102|1|45|5|0|0|10|0|0|0|1|0
[Karlmalone​#2854] Hand before Mulligan: [OP17-118,OP17-052,OP17-048,OP17-050,OP17-054]
RZ1|103|2|OP17-102|1|0|0|45|0|0|0|0|0
RZ1|CHK|103|2|46|4|0|0|10|0|0|0|1|0
RZ1|104|2|OP17-110|1|0|0|46|0|0|0|0|0
RZ1|CHK|104|2|47|3|0|0|10|0|0|0|1|0
RZ1|105|2|OP11-106|1|0|0|47|0|0|0|0|0
RZ1|CHK|105|2|48|2|0|0|10|0|0|0|1|0
RZ1|106|2|OP08-105|1|0|0|48|0|0|0|0|0
RZ1|CHK|106|2|49|1|0|0|10|0|0|0|1|0
RZ1|107|2|OP11-106|1|0|0|49|0|0|0|0|0
RZ1|CHK|107|2|50|0|0|0|10|0|0|0|1|0
RZ1|108|2|OP17-109|0|24|0|0|0|0|0|0|0
RZ1|CHK|108|2|50|0|0|0|10|0|0|0|1|0
RZ1|109|2|EB01-056|0|33|0|1|0|0|0|0|0
RZ1|CHK|109|2|50|0|0|0|10|0|0|0|1|0
RZ1|110|2|OP17-110|0|46|0|3|0|0|0|0|0
RZ1|CHK|110|2|50|0|0|0|10|0|0|0|1|0
RZ1|111|2|OP17-106|0|7|0|4|0|0|0|0|0
RZ1|CHK|111|2|50|0|0|0|10|0|0|0|1|0
RZ1|112|2|OP17-110|0|33|0|6|0|0|0|0|0
RZ1|CHK|112|2|50|0|0|0|10|0|0|0|1|0
RZ1|113|2|OP17-103|0|29|0|7|0|0|0|0|0
RZ1|CHK|113|2|50|0|0|0|10|0|0|0|1|0
RZ1|114|2|OP17-112|0|42|0|8|0|0|0|0|0
RZ1|CHK|114|2|50|0|0|0|10|0|0|0|1|0
RZ1|115|2|OP17-102|0|46|0|9|0|0|0|0|0
RZ1|CHK|115|2|50|0|0|0|10|0|0|0|1|0
RZ1|116|2|EB01-056|0|45|0|10|0|0|0|0|0
RZ1|CHK|116|2|50|0|0|0|10|0|0|0|1|0
RZ1|117|2|OP17-114|0|24|0|11|0|0|0|0|0
RZ1|CHK|117|2|50|0|0|0|10|0|0|0|1|0
RZ1|118|2|OP17-104|0|29|0|12|0|0|0|0|0
RZ1|CHK|118|2|50|0|0|0|10|0|0|0|1|0
RZ1|119|2|OP17-113|0|20|0|13|0|0|0|0|0
RZ1|CHK|119|2|50|0|0|0|10|0|0|0|1|0
RZ1|120|2|OP17-110|0|30|0|14|0|0|0|0|0
RZ1|CHK|120|2|50|0|0|0|10|0|0|0|1|0
RZ1|121|2|OP17-117|0|33|0|15|0|0|0|0|0
RZ1|CHK|121|2|50|0|0|0|10|0|0|0|1|0
RZ1|122|2|ST20-005|0|26|0|16|0|0|0|0|0
RZ1|CHK|122|2|50|0|0|0|10|0|0|0|1|0
RZ1|123|2|OP17-104|0|18|0|17|0|0|0|0|0
RZ1|CHK|123|2|50|0|0|0|10|0|0|0|1|0
RZ1|124|2|OP17-109|0|21|0|18|0|0|0|0|0
RZ1|CHK|124|2|50|0|0|0|10|0|0|0|1|0
RZ1|125|2|OP17-110|0|34|0|19|0|0|0|0|0
RZ1|CHK|125|2|50|0|0|0|10|0|0|0|1|0
RZ1|126|2|OP17-117|0|26|0|20|0|0|0|0|0
RZ1|CHK|126|2|50|0|0|0|10|0|0|0|1|0
RZ1|127|2|OP16-119|0|41|0|21|0|0|0|0|0
RZ1|CHK|127|2|50|0|0|0|10|0|0|0|1|0
RZ1|128|2|OP17-108|0|38|0|22|0|0|0|0|0
RZ1|CHK|128|2|50|0|0|0|10|0|0|0|1|0
RZ1|129|2|OP11-106|0|47|0|23|0|0|0|0|0
RZ1|CHK|129|2|50|0|0|0|10|0|0|0|1|0
RZ1|130|2|OP11-106|0|47|0|24|0|0|0|0|0
RZ1|CHK|130|2|50|0|0|0|10|0|0|0|1|0
RZ1|131|2|OP17-113|0|27|0|25|0|0|0|0|0
RZ1|CHK|131|2|50|0|0|0|10|0|0|0|1|0
RZ1|132|2|OP17-111|0|39|0|26|0|0|0|0|0
RZ1|CHK|132|2|50|0|0|0|10|0|0|0|1|0
RZ1|133|2|OP17-103|0|30|0|27|0|0|0|0|0
RZ1|CHK|133|2|50|0|0|0|10|0|0|0|1|0
RZ1|134|2|OP16-119|0|31|0|28|0|0|0|0|0
RZ1|CHK|134|2|50|0|0|0|10|0|0|0|1|0
RZ1|135|2|OP17-103|0|32|0|29|0|0|0|0|0
RZ1|CHK|135|2|50|0|0|0|10|0|0|0|1|0
RZ1|136|2|OP11-106|0|41|0|30|0|0|0|0|0
RZ1|CHK|136|2|50|0|0|0|10|0|0|0|1|0
RZ1|137|2|OP17-113|0|34|0|31|0|0|0|0|0
RZ1|CHK|137|2|50|0|0|0|10|0|0|0|1|0
RZ1|138|2|OP11-106|0|49|0|32|0|0|0|0|0
RZ1|CHK|138|2|50|0|0|0|10|0|0|0|1|0
RZ1|139|2|OP17-114|0|47|0|33|0|0|0|0|0
RZ1|CHK|139|2|50|0|0|0|10|0|0|0|1|0
RZ1|140|2|OP08-105|0|39|0|34|0|0|0|0|0
RZ1|CHK|140|2|50|0|0|0|10|0|0|0|1|0
RZ1|141|2|OP17-112|0|41|0|35|0|0|0|0|0
RZ1|CHK|141|2|50|0|0|0|10|0|0|0|1|0
RZ1|142|2|OP17-109|0|37|0|36|0|0|0|0|0
RZ1|CHK|142|2|50|0|0|0|10|0|0|0|1|0
RZ1|143|2|OP08-105|0|49|0|37|0|0|0|0|0
RZ1|CHK|143|2|50|0|0|0|10|0|0|0|1|0
RZ1|144|2|OP17-112|0|45|0|38|0|0|0|0|0
RZ1|CHK|144|2|50|0|0|0|10|0|0|0|1|0
RZ1|145|2|OP17-111|0|41|0|39|0|0|0|0|0
RZ1|CHK|145|2|50|0|0|0|10|0|0|0|1|0
RZ1|146|2|OP17-112|0|41|0|40|0|0|0|0|0
RZ1|CHK|146|2|50|0|0|0|10|0|0|0|1|0
RZ1|147|2|OP17-108|0|44|0|42|0|0|0|0|0
RZ1|CHK|147|2|50|0|0|0|10|0|0|0|1|0
RZ1|148|2|OP17-113|0|46|0|43|0|0|0|0|0
RZ1|CHK|148|2|50|0|0|0|10|0|0|0|1|0
RZ1|149|2|OP17-103|0|49|0|45|0|0|0|0|0
RZ1|CHK|149|2|50|0|0|0|10|0|0|0|1|0
RZ1|150|2|OP17-102|0|49|0|48|0|0|0|0|0
RZ1|CHK|150|2|50|0|0|0|10|0|0|0|1|0
[AcesWife​#7970] Drew card from deck: Maser Saber ["OP17-117">OP17-117]
RZ1|151|2|OP17-117|0|49|1|0|0|1|0|0|0
RZ1|CHK|151|2|49|1|0|0|10|0|0|0|1|0
[AcesWife​#7970] Drew card from deck: Charlotte Oven ["OP17-102">OP17-102]
RZ1|152|2|OP17-102|0|48|1|1|0|1|0|0|0
RZ1|CHK|152|2|48|2|0|0|10|0|0|0|1|0
[AcesWife​#7970] Drew card from deck: The 3 Sweet Commanders ["OP17-114">OP17-114]
RZ1|153|2|OP17-114|0|47|1|2|0|1|0|0|0
RZ1|CHK|153|2|47|3|0|0|10|0|0|0|1|0
[AcesWife​#7970] Drew card from deck: Charlotte Linlin ["ST20-005">ST20-005]
RZ1|154|2|ST20-005|0|46|1|3|0|1|0|0|0
RZ1|CHK|154|2|46|4|0|0|10|0|0|0|1|0
[AcesWife​#7970] Drew card from deck: Charlotte Katakuri ["OP17-103">OP17-103]
RZ1|155|2|OP17-103|0|45|1|4|0|1|0|0|0
RZ1|CHK|155|2|45|5|0|0|10|0|0|0|1|0
RZ1|156|2|OP17-106|0|44|3|0|0|1|0|0|0
RZ1|CHK|156|2|44|5|0|1|10|0|0|0|1|0
RZ1|157|2|OP17-113|0|43|3|1|0|1|0|0|0
RZ1|CHK|157|2|43|5|0|2|10|0|0|0|1|0
RZ1|158|2|OP17-108|0|42|3|2|0|1|0|0|0
RZ1|CHK|158|2|42|5|0|3|10|0|0|0|1|0
RZ1|159|2|OP17-102|0|41|3|3|0|1|0|0|0
RZ1|CHK|159|2|41|5|0|4|10|0|0|0|1|0
RZ1|160|2|OP17-112|0|40|3|4|0|1|0|0|0
RZ1|CHK|160|2|40|5|0|5|10|0|0|0|1|0
[AcesWife​#7970] Mulligan
RZ1|161|1|OP17-040|0|44|3|0|1|0|0|0|0
RZ1|CHK|161|1|44|5|0|1|10|0|0|0|1|0
RZ1|162|1|OP17-040|0|43|3|1|1|0|0|0|0
RZ1|CHK|162|1|43|5|0|2|10|0|0|0|1|0
RZ1|163|1|OP17-043|0|42|3|2|1|0|0|0|0
RZ1|CHK|163|1|42|5|0|3|10|0|0|0|1|0
RZ1|164|1|OP17-049|0|41|3|3|1|0|0|0|0
RZ1|CHK|164|1|41|5|0|4|10|0|0|0|1|0
RZ1|165|1|OP17-042|0|40|3|4|1|0|0|0|0
RZ1|CHK|165|1|40|5|0|5|10|0|0|0|1|0
[Karlmalone​#2854] Hand: [OP17-118,OP17-052,OP17-048,OP17-050,OP17-054]
[Karlmalone​#2854] Board: []
[Karlmalone​#2854] Trash: []
[Karlmalone​#2854] Life: 5
[AcesWife​#7970] Hand: [OP17-117,OP17-102,OP17-114,ST20-005,OP17-103]
[AcesWife​#7970] Trash: []
[AcesWife​#7970] Board: []
[AcesWife​#7970] Life: 5
RZ1|166|1|Don|4|9|5|0|1|1|0|0|0
RZ1|CHK|166|1|40|5|0|5|9|1|0|0|1|0
[Karlmalone​#2854] Draw 1 Don
RZ1|167|1|Don|5|0|5|0|1|1|1|0|0
RZ1|CHK|167|1|40|5|0|5|9|1|0|0|1|0
RZ1|168|1|OP17-050|1|3|2|0|1|1|0|0|0
RZ1|CHK|168|1|40|4|1|5|9|1|0|0|1|0
[Karlmalone​#2854] Deploy Streusen ["OP17-050">OP17-050]
[Karlmalone​#2854] Placing Cards on Top of Deck
RZ1|169|1|OP17-057|0|38|0|39|0|0|0|0|0
RZ1|CHK|169|1|40|4|1|5|9|1|0|0|1|0
RZ1|170|1|OP17-046|0|38|0|39|0|0|0|0|0
RZ1|CHK|170|1|40|4|1|5|9|1|0|0|1|0
[Karlmalone​#2854] Drew card from deck: Gloriosa ["OP17-046">OP17-046]
RZ1|171|1|OP17-046|0|39|1|4|1|1|0|0|0
RZ1|CHK|171|1|39|5|1|5|9|1|0|0|1|0
[Karlmalone​#2854] Streusen ["OP17-050">OP17-050]: Draw 1 Card
[Karlmalone​#2854] Hand: [OP17-118,OP17-052,OP17-048,OP17-054,OP17-046]
[Karlmalone​#2854] Board: [OP17-050]
[Karlmalone​#2854] Trash: []
[Karlmalone​#2854] Life: 5
[AcesWife​#7970] Hand: [OP17-117,OP17-102,OP17-114,ST20-005,OP17-103]
[AcesWife​#7970] Trash: []
[AcesWife​#7970] Board: []
[AcesWife​#7970] Life: 5
[Karlmalone​#2854] End Turn
[AcesWife​#7970] Draw 1 Card
[AcesWife​#7970] Drew card from deck: Charlotte Mont-d'or ["OP17-111">OP17-111]
RZ1|172|2|OP17-111|0|39|1|5|0|1|0|0|0
RZ1|CHK|172|2|39|6|0|5|10|0|0|0|1|0
RZ1|173|2|Don|4|9|5|0|1|1|0|0|0
RZ1|CHK|173|2|39|6|0|5|9|1|0|0|1|0
RZ1|174|2|Don|4|8|5|1|1|1|0|0|0
RZ1|CHK|174|2|39|6|0|5|8|2|0|0|1|0
[AcesWife​#7970] Draw 2 Don
[AcesWife​#7970] End Turn
[Karlmalone​#2854] Hand: [OP17-118,OP17-052,OP17-048,OP17-054,OP17-046]
[Karlmalone​#2854] Board: [OP17-050]
[Karlmalone​#2854] Trash: []
[Karlmalone​#2854] Life: 5
[AcesWife​#7970] Hand: [OP17-117,OP17-102,OP17-114,ST20-005,OP17-103,OP17-111]
[AcesWife​#7970] Trash: []
[AcesWife​#7970] Board: []
[AcesWife​#7970] Life: 5
[Karlmalone​#2854] Drew card from deck: Fullalead ["OP17-057">OP17-057]
RZ1|175|1|OP17-057|0|38|1|5|1|1|0|0|0
RZ1|CHK|175|1|38|6|1|5|9|1|0|0|1|0
[Karlmalone​#2854] Draw 1 Card
RZ1|176|1|Don|4|8|5|1|1|1|0|0|0
RZ1|CHK|176|1|38|6|1|5|8|2|0|0|1|0
RZ1|177|1|Don|4|7|5|2|1|1|0|0|0
RZ1|CHK|177|1|38|6|1|5|7|3|0|0|1|0
[Karlmalone​#2854] Draw 2 Don
RZ1|178|1|Don|5|0|5|0|1|1|1|0|0
RZ1|CHK|178|1|38|6|1|5|7|3|0|0|1|0
RZ1|179|1|OP17-057|1|5|7|0|1|1|0|0|0
RZ1|CHK|179|1|38|5|1|5|7|3|0|1|1|0
[Karlmalone​#2854] Deploy Fullalead ["OP17-057">OP17-057]
RZ1|180|1|Don|5|2|9|9900|1|1|0|0|0
RZ1|CHK|180|1|38|5|1|5|7|2|0|1|1|1
[Karlmalone​#2854] Attach 1 Don to Rocks D. Xebec ["OP17-039">OP17-039] (1 Total)
RZ1|181|1|Don|5|1|9|9901|1|1|0|0|0
RZ1|CHK|181|1|38|5|1|5|7|1|0|1|1|2
[Karlmalone​#2854] Attach 1 Don to Rocks D. Xebec ["OP17-039">OP17-039] (2 Total)
[Karlmalone​#2854] Rocks D. Xebec ["OP17-039">OP17-039] attacking Charlotte Linlin ["OP17-099">OP17-099]
RZ1|182|1|OP17-052|1|1|6|0|1|1|0|0|0
RZ1|CHK|182|1|38|4|1|5|7|1|1|1|1|2
RZ1|183|1|OP17-049|0|37|0|37|0|0|0|0|0
RZ1|CHK|183|1|38|4|1|5|7|1|1|1|1|2
[Karlmalone​#2854] Rocks D. Xebec ["OP17-039">OP17-039]: Trash Don Marlon ["OP17-052">OP17-052]
[Karlmalone​#2854] Rocks D. Xebec ["OP17-039">OP17-039] revealed: Charlotte Linlin ["OP17-049">OP17-049]
[Karlmalone​#2854] Drew card from deck: Charlotte Linlin ["OP17-049">OP17-049]
RZ1|184|1|OP17-049|0|37|1|4|1|1|0|0|0
RZ1|CHK|184|1|37|5|1|5|7|1|1|1|1|2
[Karlmalone​#2854] Drew card from deck: Shiki ["OP17-048">OP17-048]
RZ1|185|1|OP17-048|0|36|1|5|1|1|0|0|0
RZ1|CHK|185|1|36|6|1|5|7|1|1|1|1|2
[Karlmalone​#2854] Rocks D. Xebec ["OP17-039">OP17-039]: Draw 2 Card
RZ1|186|2|OP17-112|3|4|1|6|0|1|0|0|0
RZ1|CHK|186|2|39|7|0|4|8|2|0|0|1|0
Rocks D. Xebec ["OP17-039">OP17-039][7000] vs Charlotte Linlin ["OP17-099">OP17-099][5000]
Charlotte Linlin ["OP17-099">OP17-099] hit for 1 damage
[Karlmalone​#2854] Hand: [OP17-118,OP17-048,OP17-054,OP17-046,OP17-049,OP17-048]
[Karlmalone​#2854] Board: [OP17-050]
[Karlmalone​#2854] Trash: [OP17-052]
[Karlmalone​#2854] Life: 5
[AcesWife​#7970] Hand: [OP17-117,OP17-102,OP17-114,ST20-005,OP17-103,OP17-111,OP17-112]
[AcesWife​#7970] Trash: []
[AcesWife​#7970] Board: []
[AcesWife​#7970] Life: 4
[Karlmalone​#2854] End Turn
[AcesWife​#7970] Draw 1 Card
[AcesWife​#7970] Drew card from deck: Charlotte Linlin ["OP17-112">OP17-112]
RZ1|187|2|OP17-112|0|38|1|7|0|1|0|0|0
RZ1|CHK|187|2|38|8|0|4|8|2|0|0|1|0
RZ1|188|2|Don|4|7|5|2|1|1|0|0|0
RZ1|CHK|188|2|38|8|0|4|7|3|0|0|1|0
RZ1|189|2|Don|4|6|5|3|1|1|0|0|0
RZ1|CHK|189|2|38|8|0|4|6|4|0|0|1|0
[AcesWife​#7970] Draw 2 Don
[AcesWife​#7970] Charlotte Linlin ["OP17-099">OP17-099] attacking Rocks D. Xebec ["OP17-039">OP17-039]
RZ1|190|1|OP17-046|1|3|6|1|1|1|0|0|0
RZ1|CHK|190|1|36|5|1|5|7|1|2|1|1|2
[Karlmalone​#2854] Fullalead ["OP17-057">OP17-057]: Rest Fullalead ["OP17-057">OP17-057]
[Karlmalone​#2854] Fullalead ["OP17-057">OP17-057]: Trash Gloriosa ["OP17-046">OP17-046]
[Karlmalone​#2854] Fullalead ["OP17-057">OP17-057]: Buff Rocks D. Xebec ["OP17-039">OP17-039] 1000 for the Combat
Charlotte Linlin ["OP17-099">OP17-099][5000] vs Rocks D. Xebec ["OP17-039">OP17-039][6000]
Attack Fails
RZ1|191|2|Don|5|0|5|0|1|1|1|0|0
RZ1|CHK|191|2|38|8|0|4|6|4|0|0|1|0
RZ1|192|2|Don|5|1|5|1|1|1|1|0|0
RZ1|CHK|192|2|38|8|0|4|6|4|0|0|1|0
RZ1|193|2|Don|5|2|5|2|1|1|1|0|0
RZ1|CHK|193|2|38|8|0|4|6|4|0|0|1|0
RZ1|194|2|Don|5|3|5|3|1|1|1|0|0
RZ1|CHK|194|2|38|8|0|4|6|4|0|0|1|0
[AcesWife​#7970] Deploy Charlotte Oven ["OP17-102">OP17-102]
RZ1|195|2|OP17-102|1|1|2|0|1|1|0|0|0
RZ1|CHK|195|2|38|7|1|4|6|4|0|0|1|0
[AcesWife​#7970] End Turn
[Karlmalone​#2854] Hand: [OP17-118,OP17-048,OP17-054,OP17-049,OP17-048]
[Karlmalone​#2854] Board: [OP17-050]
[Karlmalone​#2854] Trash: [OP17-052,OP17-046]
[Karlmalone​#2854] Life: 5
[AcesWife​#7970] Hand: [OP17-117,OP17-114,ST20-005,OP17-103,OP17-111,OP17-112,OP17-112]
[AcesWife​#7970] Trash: []
[AcesWife​#7970] Board: [OP17-102]
[AcesWife​#7970] Life: 4
RZ1|196|1|Don|9|9900|5|0|1|1|1|0|0
RZ1|CHK|196|1|36|5|1|5|7|2|2|1|1|1
RZ1|197|1|Don|9|9900|5|0|1|1|1|0|0
RZ1|CHK|197|1|36|5|1|5|7|3|2|1|1|0
[Karlmalone​#2854] Drew card from deck: Kyo ["OP17-045">OP17-045]
RZ1|198|1|OP17-045|0|35|1|5|1|1|0|0|0
RZ1|CHK|198|1|35|6|1|5|7|3|2|1|1|0
[Karlmalone​#2854] Draw 1 Card
RZ1|199|1|Don|4|6|5|3|1|1|0|0|0
RZ1|CHK|199|1|35|6|1|5|6|4|2|1|1|0
RZ1|200|1|Don|4|5|5|4|1|1|0|0|0
RZ1|CHK|200|1|35|6|1|5|5|5|2|1|1|0
[Karlmalone​#2854] Draw 2 Don
RZ1|201|1|Don|5|0|5|0|1|1|1|0|0
RZ1|CHK|201|1|35|6|1|5|5|5|2|1|1|0
RZ1|202|1|Don|5|1|5|1|1|1|1|0|0
RZ1|CHK|202|1|35|6|1|5|5|5|2|1|1|0
RZ1|203|1|Don|5|2|5|2|1|1|1|0|0
RZ1|CHK|203|1|35|6|1|5|5|5|2|1|1|0
RZ1|204|1|Don|5|3|5|3|1|1|1|0|0
RZ1|CHK|204|1|35|6|1|5|5|5|2|1|1|0
RZ1|205|1|Don|5|4|5|4|1|1|1|0|0
RZ1|CHK|205|1|35|6|1|5|5|5|2|1|1|0
RZ1|206|1|OP17-049|1|3|2|1|1|1|0|0|0
RZ1|CHK|206|1|35|5|2|5|5|5|2|1|1|0
[Karlmalone​#2854] Deploy Charlotte Linlin ["OP17-049">OP17-049]
[Karlmalone​#2854] Forcing opponent to resolve Card Action!
RZ1|207|2|OP17-111|1|4|6|0|1|1|0|0|0
RZ1|CHK|207|2|38|6|1|4|6|4|1|0|1|0
[AcesWife​#7970] Charlotte Linlin ["OP17-049">OP17-049]: Trash Charlotte Mont-d'or ["OP17-111">OP17-111]
RZ1|208|2|OP17-117|1|0|6|1|1|1|0|0|0
RZ1|CHK|208|2|38|5|1|4|6|4|2|0|1|0
[AcesWife​#7970] Charlotte Linlin ["OP17-049">OP17-049]: Trash Maser Saber ["OP17-117">OP17-117]
[Karlmalone​#2854] Rocks D. Xebec ["OP17-039">OP17-039] attacking Charlotte Linlin ["OP17-099">OP17-099]
RZ1|209|1|OP17-045|1|4|6|2|1|1|0|0|0
RZ1|CHK|209|1|35|4|2|5|5|5|3|1|1|0
RZ1|210|1|OP17-055|0|34|0|34|0|0|0|0|0
RZ1|CHK|210|1|35|4|2|5|5|5|3|1|1|0
[Karlmalone​#2854] Rocks D. Xebec ["OP17-039">OP17-039]: Trash Kyo ["OP17-045">OP17-045]
[Karlmalone​#2854] Rocks D. Xebec ["OP17-039">OP17-039] revealed: There's No Authority in the World ["OP17-055">OP17-055]
[Karlmalone​#2854] Drew card from deck: There's No Authority in the World ["OP17-055">OP17-055]
RZ1|211|1|OP17-055|0|34|1|4|1|1|0|0|0
RZ1|CHK|211|1|34|5|2|5|5|5|3|1|1|0
[Karlmalone​#2854] Drew card from deck: Fullalead ["OP17-057">OP17-057]
RZ1|212|1|OP17-057|0|33|1|5|1|1|0|0|0
RZ1|CHK|212|1|33|6|2|5|5|5|3|1|1|0
[Karlmalone​#2854] Rocks D. Xebec ["OP17-039">OP17-039]: Draw 2 Card
RZ1|213|2|OP17-102|3|3|1|5|0|1|0|0|0
RZ1|CHK|213|2|38|6|1|3|6|4|2|0|1|0
Rocks D. Xebec ["OP17-039">OP17-039][5000] vs Charlotte Linlin ["OP17-099">OP17-099][5000]
Charlotte Linlin ["OP17-099">OP17-099] hit for 1 damage
[AcesWife​#7970] Charlotte Oven ["OP17-102">OP17-102]: Activate Trigger
RZ1|214|2|OP17-102|1|5|6|2|1|1|0|0|0
RZ1|CHK|214|2|38|5|1|3|6|4|3|0|1|0
RZ1|215|2|OP17-102|6|2|2|1|1|1|0|0|0
RZ1|CHK|215|2|38|5|2|3|6|4|2|0|1|0
[AcesWife​#7970] Charlotte Oven ["OP17-102">OP17-102]: Deploy Charlotte Oven ["OP17-102">OP17-102]
[Karlmalone​#2854] Hand: [OP17-118,OP17-048,OP17-054,OP17-048,OP17-055,OP17-057]
[Karlmalone​#2854] Board: [OP17-050,OP17-049]
[Karlmalone​#2854] Trash: [OP17-052,OP17-046,OP17-045]
[Karlmalone​#2854] Life: 5
[AcesWife​#7970] Hand: [OP17-114,ST20-005,OP17-103,OP17-112,OP17-112]
[AcesWife​#7970] Trash: [OP17-111,OP17-117]
[AcesWife​#7970] Board: [OP17-102,OP17-102]
[AcesWife​#7970] Life: 3
[Karlmalone​#2854] End Turn
[AcesWife​#7970] Draw 1 Card
[AcesWife​#7970] Drew card from deck: Jewelry Bonney ["OP08-105">OP08-105]
RZ1|216|2|OP08-105|0|37|1|5|0|1|0|0|0
RZ1|CHK|216|2|37|6|2|3|6|4|2|0|1|0
RZ1|217|2|Don|4|5|5|4|1|1|0|0|0
RZ1|CHK|217|2|37|6|2|3|5|5|2|0|1|0
RZ1|218|2|Don|4|4|5|5|1|1|0|0|0
RZ1|CHK|218|2|37|6|2|3|4|6|2|0|1|0
[AcesWife​#7970] Draw 2 Don
RZ1|219|2|Don|5|0|5|0|1|1|1|0|0
RZ1|CHK|219|2|37|6|2|3|4|6|2|0|1|0
RZ1|220|2|Don|5|1|5|1|1|1|1|0|0
RZ1|CHK|220|2|37|6|2|3|4|6|2|0|1|0
RZ1|221|2|Don|5|2|5|2|1|1|1|0|0
RZ1|CHK|221|2|37|6|2|3|4|6|2|0|1|0
RZ1|222|2|Don|5|3|5|3|1|1|1|0|0
RZ1|CHK|222|2|37|6|2|3|4|6|2|0|1|0
RZ1|223|2|Don|5|4|5|4|1|1|1|0|0
RZ1|CHK|223|2|37|6|2|3|4|6|2|0|1|0
RZ1|224|2|Don|5|5|5|5|1|1|1|0|0
RZ1|CHK|224|2|37|6|2|3|4|6|2|0|1|0
[AcesWife​#7970] Deploy Charlotte Katakuri ["OP17-103">OP17-103]
RZ1|225|2|OP17-103|1|2|2|2|1|1|0|0|0
RZ1|CHK|225|2|37|5|3|3|4|6|2|0|1|0
[AcesWife​#7970] Charlotte Katakuri ["OP17-103">OP17-103]: Add card to top of Life from Deck
RZ1|226|2|OP17-109|0|36|3|3|0|1|0|0|0
RZ1|CHK|226|2|36|5|3|4|4|6|2|0|1|0
[AcesWife​#7970] Charlotte Katakuri ["OP17-103">OP17-103]: Buff Charlotte Linlin ["OP17-049">OP17-049] -3000
[AcesWife​#7970] Charlotte Linlin ["OP17-099">OP17-099] attacking Rocks D. Xebec ["OP17-039">OP17-039]
RZ1|227|1|OP17-057|1|5|6|3|1|1|0|0|0
RZ1|CHK|227|1|33|5|2|5|5|5|4|1|1|0
[Karlmalone​#2854] Fullalead ["OP17-057">OP17-057]: Rest Fullalead ["OP17-057">OP17-057]
[Karlmalone​#2854] Fullalead ["OP17-057">OP17-057]: Trash Fullalead ["OP17-057">OP17-057]
[Karlmalone​#2854] Fullalead ["OP17-057">OP17-057]: Buff Rocks D. Xebec ["OP17-039">OP17-039] 1000 for the Combat
Charlotte Linlin ["OP17-099">OP17-099][5000] vs Rocks D. Xebec ["OP17-039">OP17-039][6000]
Attack Fails
[AcesWife​#7970] End Turn
[Karlmalone​#2854] Hand: [OP17-118,OP17-048,OP17-054,OP17-048,OP17-055]
[Karlmalone​#2854] Board: [OP17-050,OP17-049]
[Karlmalone​#2854] Trash: [OP17-052,OP17-046,OP17-045,OP17-057]
[Karlmalone​#2854] Life: 5
[AcesWife​#7970] Hand: [OP17-114,ST20-005,OP17-112,OP17-112,OP08-105]
[AcesWife​#7970] Trash: [OP17-111,OP17-117]
[AcesWife​#7970] Board: [OP17-102,OP17-102,OP17-103]
[AcesWife​#7970] Life: 4
[Karlmalone​#2854] Drew card from deck: Gloriosa ["OP17-046">OP17-046]
RZ1|228|1|OP17-046|0|32|1|5|1|1|0|0|0
RZ1|CHK|228|1|32|6|2|5|5|5|4|1|1|0
[Karlmalone​#2854] Draw 1 Card
RZ1|229|1|Don|4|4|5|5|1|1|0|0|0
RZ1|CHK|229|1|32|6|2|5|4|6|4|1|1|0
RZ1|230|1|Don|4|3|5|6|1|1|0|0|0
RZ1|CHK|230|1|32|6|2|5|3|7|4|1|1|0
[Karlmalone​#2854] Draw 2 Don
RZ1|231|1|Don|5|0|5|0|1|1|1|0|0
RZ1|CHK|231|1|32|6|2|5|3|7|4|1|1|0
RZ1|232|1|Don|5|1|5|1|1|1|1|0|0
RZ1|CHK|232|1|32|6|2|5|3|7|4|1|1|0
RZ1|233|1|Don|5|2|5|2|1|1|1|0|0
RZ1|CHK|233|1|32|6|2|5|3|7|4|1|1|0
RZ1|234|1|Don|5|3|5|3|1|1|1|0|0
RZ1|CHK|234|1|32|6|2|5|3|7|4|1|1|0
RZ1|235|1|Don|5|4|5|4|1|1|1|0|0
RZ1|CHK|235|1|32|6|2|5|3|7|4|1|1|0
RZ1|236|1|Don|5|5|5|5|1|1|1|0|0
RZ1|CHK|236|1|32|6|2|5|3|7|4|1|1|0
RZ1|237|1|Don|5|6|5|6|1|1|1|0|0
RZ1|CHK|237|1|32|6|2|5|3|7|4|1|1|0
RZ1|238|1|OP17-048|1|3|2|2|1|1|0|0|0
RZ1|CHK|238|1|32|5|3|5|3|7|4|1|1|0
[Karlmalone​#2854] Deploy Shiki ["OP17-048">OP17-048]
[Karlmalone​#2854] Charlotte Linlin ["OP17-049">OP17-049] attacking Charlotte Linlin ["OP17-099">OP17-099]
RZ1|239|2|OP17-109|3|3|1|5|0|1|0|0|0
RZ1|CHK|239|2|36|6|3|3|4|6|2|0|1|0
Charlotte Linlin ["OP17-049">OP17-049][7000] vs Charlotte Linlin ["OP17-099">OP17-099][5000]
Charlotte Linlin ["OP17-099">OP17-099] hit for 1 damage
[AcesWife​#7970] Charlotte Pudding ["OP17-109">OP17-109]: Activate Trigger
RZ1|240|2|OP17-109|1|5|6|2|1|1|0|0|0
RZ1|CHK|240|2|36|5|3|3|4|6|3|0|1|0
RZ1|241|2|OP11-106|0|32|1|5|0|1|0|0|0
RZ1|CHK|241|2|35|6|3|3|4|6|3|0|1|0
[AcesWife​#7970] Charlotte Pudding ["OP17-109">OP17-109]: <b>Reveal and Draw Zeus ["OP11-106">OP11-106]</b>
[AcesWife​#7970] Placing Cards on Bottom of Deck
RZ1|242|2|OP17-112|0|34|0|0|0|0|0|0|0
RZ1|CHK|242|2|35|6|3|3|4|6|3|0|1|0
RZ1|243|2|OP08-105|0|34|0|0|0|0|0|0|0
RZ1|CHK|243|2|35|6|3|3|4|6|3|0|1|0
RZ1|244|2|OP17-114|0|34|0|0|0|0|0|0|0
RZ1|CHK|244|2|35|6|3|3|4|6|3|0|1|0
RZ1|245|2|OP17-113|0|34|0|0|0|0|0|0|0
RZ1|CHK|245|2|35|6|3|3|4|6|3|0|1|0
[Karlmalone​#2854] Rocks D. Xebec ["OP17-039">OP17-039] attacking Charlotte Linlin ["OP17-099">OP17-099]
RZ1|246|1|OP17-046|1|4|6|4|1|1|0|0|0
RZ1|CHK|246|1|32|4|3|5|3|7|5|1|1|0
RZ1|247|1|OP17-052|0|31|0|31|0|0|0|0|0
RZ1|CHK|247|1|32|4|3|5|3|7|5|1|1|0
[Karlmalone​#2854] Rocks D. Xebec ["OP17-039">OP17-039]: Trash Gloriosa ["OP17-046">OP17-046]
[Karlmalone​#2854] Rocks D. Xebec ["OP17-039">OP17-039] revealed: Don Marlon ["OP17-052">OP17-052]
[Karlmalone​#2854] Drew card from deck: Don Marlon ["OP17-052">OP17-052]
RZ1|248|1|OP17-052|0|31|1|4|1|1|0|0|0
RZ1|CHK|248|1|31|5|3|5|3|7|5|1|1|0
[Karlmalone​#2854] Drew card from deck: There's No Authority in the World ["OP17-055">OP17-055]
RZ1|249|1|OP17-055|0|30|1|5|1|1|0|0|0
RZ1|CHK|249|1|30|6|3|5|3|7|5|1|1|0
[Karlmalone​#2854] Rocks D. Xebec ["OP17-039">OP17-039]: Draw 2 Card
[AcesWife​#7970] Discard Jewelry Bonney ["OP08-105">OP08-105] for Counter 1000
RZ1|250|2|OP08-105|1|4|6|3|1|1|0|0|0
RZ1|CHK|250|2|35|5|3|3|4|6|4|0|1|0
Rocks D. Xebec ["OP17-039">OP17-039][5000] vs Charlotte Linlin ["OP17-099">OP17-099][6000]
Attack Fails
[Karlmalone​#2854] Hand: [OP17-118,OP17-048,OP17-054,OP17-055,OP17-052,OP17-055]
[Karlmalone​#2854] Board: [OP17-050,OP17-049,OP17-048]
[Karlmalone​#2854] Trash: [OP17-052,OP17-046,OP17-045,OP17-057,OP17-046]
[Karlmalone​#2854] Life: 5
[AcesWife​#7970] Hand: [OP17-114,ST20-005,OP17-112,OP17-112,OP11-106]
[AcesWife​#7970] Trash: [OP17-111,OP17-117,OP17-109,OP08-105]
[AcesWife​#7970] Board: [OP17-102,OP17-102,OP17-103]
[AcesWife​#7970] Life: 3
[Karlmalone​#2854] End Turn
[AcesWife​#7970] Draw 1 Card
[AcesWife​#7970] Drew card from deck: Zeus ["OP11-106">OP11-106]
RZ1|251|2|OP11-106|0|34|1|5|0|1|0|0|0
RZ1|CHK|251|2|34|6|3|3|4|6|4|0|1|0
RZ1|252|2|Don|4|3|5|6|1|1|0|0|0
RZ1|CHK|252|2|34|6|3|3|3|7|4|0|1|0
RZ1|253|2|Don|4|2|5|7|1|1|0|0|0
RZ1|CHK|253|2|34|6|3|3|2|8|4|0|1|0
[AcesWife​#7970] Draw 2 Don
RZ1|254|2|Don|5|0|5|0|1|1|1|0|0
RZ1|CHK|254|2|34|6|3|3|2|8|4|0|1|0
RZ1|255|2|Don|5|1|5|1|1|1|1|0|0
RZ1|CHK|255|2|34|6|3|3|2|8|4|0|1|0
RZ1|256|2|Don|5|2|5|2|1|1|1|0|0
RZ1|CHK|256|2|34|6|3|3|2|8|4|0|1|0
RZ1|257|2|Don|5|3|5|3|1|1|1|0|0
RZ1|CHK|257|2|34|6|3|3|2|8|4|0|1|0
RZ1|258|2|Don|5|4|5|4|1|1|1|0|0
RZ1|CHK|258|2|34|6|3|3|2|8|4|0|1|0
RZ1|259|2|Don|5|5|5|5|1|1|1|0|0
RZ1|CHK|259|2|34|6|3|3|2|8|4|0|1|0
[AcesWife​#7970] Deploy The 3 Sweet Commanders ["OP17-114">OP17-114]
RZ1|260|2|OP17-114|1|0|2|3|1|1|0|0|0
RZ1|CHK|260|2|34|5|4|3|2|8|4|0|1|0
[AcesWife​#7970] The 3 Sweet Commanders ["OP17-114">OP17-114]: Rest 2 Don
RZ1|261|2|Don|5|6|5|6|1|1|1|0|0
RZ1|CHK|261|2|34|5|4|3|2|8|4|0|1|0
RZ1|262|2|Don|5|7|5|7|1|1|1|0|0
RZ1|CHK|262|2|34|5|4|3|2|8|4|0|1|0
[AcesWife​#7970] Drew card from deck: Charlotte Katakuri ["OP17-103">OP17-103]
RZ1|263|2|OP17-103|0|33|1|5|0|1|0|0|0
RZ1|CHK|263|2|33|6|4|3|2|8|4|0|1|0
[AcesWife​#7970] The 3 Sweet Commanders ["OP17-114">OP17-114]: Draw 1 Card
[AcesWife​#7970] The 3 Sweet Commanders ["OP17-114">OP17-114]: Add card to top of Life from Deck
RZ1|264|2|OP16-119|0|32|3|3|0|1|0|0|0
RZ1|CHK|264|2|32|6|4|4|2|8|4|0|1|0
[AcesWife​#7970] The 3 Sweet Commanders ["OP17-114">OP17-114]: Buff Charlotte Linlin ["OP17-049">OP17-049] -3000
[AcesWife​#7970] The 3 Sweet Commanders ["OP17-114">OP17-114]: Buff Shiki ["OP17-048">OP17-048] -3000
[AcesWife​#7970] Charlotte Oven ["OP17-102">OP17-102] attacking Charlotte Linlin ["OP17-049">OP17-049]
RZ1|265|1|OP17-052|1|4|6|5|1|1|0|0|0
RZ1|CHK|265|1|30|5|3|5|3|7|6|1|1|0
[Karlmalone​#2854] Fullalead ["OP17-057">OP17-057]: Rest Fullalead ["OP17-057">OP17-057]
[Karlmalone​#2854] Fullalead ["OP17-057">OP17-057]: Trash Don Marlon ["OP17-052">OP17-052]
[Karlmalone​#2854] Fullalead ["OP17-057">OP17-057]: Buff Charlotte Linlin ["OP17-049">OP17-049] 1000 for the Combat
Charlotte Oven ["OP17-102">OP17-102][4000] vs Charlotte Linlin ["OP17-049">OP17-049][5000]
Attack Fails
[AcesWife​#7970] Charlotte Linlin ["OP17-099">OP17-099] attacking Charlotte Linlin ["OP17-049">OP17-049]
RZ1|266|1|OP17-055|1|4|6|6|1|1|0|0|0
RZ1|CHK|266|1|30|4|3|5|3|7|7|1|1|0
[Karlmalone​#2854] There's No Authority in the World ["OP17-055">OP17-055]: Activate Counter
[Karlmalone​#2854] There's No Authority in the World ["OP17-055">OP17-055]: Buff Charlotte Linlin ["OP17-049">OP17-049] 2000 for the Combat
Charlotte Linlin ["OP17-099">OP17-099][5000] vs Charlotte Linlin ["OP17-049">OP17-049][6000]
Attack Fails
[AcesWife​#7970] Charlotte Oven ["OP17-102">OP17-102] attacking Charlotte Linlin ["OP17-049">OP17-049]
RZ1|267|1|OP17-048|1|1|6|7|1|1|0|0|0
RZ1|CHK|267|1|30|3|3|5|3|7|8|1|1|0
[Karlmalone​#2854] Charlotte Linlin ["OP17-049">OP17-049]: Trash Shiki ["OP17-048">OP17-048]
[Karlmalone​#2854] Charlotte Linlin ["OP17-049">OP17-049]: Buff Charlotte Linlin ["OP17-049">OP17-049] 1000 for the Combat
Charlotte Oven ["OP17-102">OP17-102][4000] vs Charlotte Linlin ["OP17-049">OP17-049][5000]
Attack Fails
[AcesWife​#7970] End Turn
[Karlmalone​#2854] Hand: [OP17-118,OP17-054,OP17-055]
[Karlmalone​#2854] Board: [OP17-050,OP17-049,OP17-048]
[Karlmalone​#2854] Trash: [OP17-052,OP17-046,OP17-045,OP17-057,OP17-046,OP17-052,OP17-055,OP17-048]
[Karlmalone​#2854] Life: 5
[AcesWife​#7970] Hand: [ST20-005,OP17-112,OP17-112,OP11-106,OP11-106,OP17-103]
[AcesWife​#7970] Trash: [OP17-111,OP17-117,OP17-109,OP08-105]
[AcesWife​#7970] Board: [OP17-102,OP17-102,OP17-103,OP17-114]
[AcesWife​#7970] Life: 4
[Karlmalone​#2854] Drew card from deck: Fullalead ["OP17-057">OP17-057]
RZ1|268|1|OP17-057|0|29|1|3|1|1|0|0|0
RZ1|CHK|268|1|29|4|3|5|3|7|8|1|1|0
[Karlmalone​#2854] Draw 1 Card
RZ1|269|1|Don|4|2|5|7|1|1|0|0|0
RZ1|CHK|269|1|29|4|3|5|2|8|8|1|1|0
RZ1|270|1|Don|4|1|5|8|1|1|0|0|0
RZ1|CHK|270|1|29|4|3|5|1|9|8|1|1|0
[Karlmalone​#2854] Draw 2 Don
RZ1|271|1|Don|5|8|9|9900|1|1|0|0|0
RZ1|CHK|271|1|29|4|3|5|1|8|8|1|1|1
[Karlmalone​#2854] Attach 1 Don to Rocks D. Xebec ["OP17-039">OP17-039] (1 Total)
RZ1|272|1|Don|5|7|9|9901|1|1|0|0|0
RZ1|CHK|272|1|29|4|3|5|1|7|8|1|1|2
[Karlmalone​#2854] Attach 1 Don to Rocks D. Xebec ["OP17-039">OP17-039] (2 Total)
[Karlmalone​#2854] Rocks D. Xebec ["OP17-039">OP17-039] attacking Charlotte Linlin ["OP17-099">OP17-099]
RZ1|273|1|OP17-057|1|3|6|8|1|1|0|0|0
RZ1|CHK|273|1|29|3|3|5|1|7|9|1|1|2
RZ1|274|1|OP17-050|0|28|0|28|0|0|0|0|0
RZ1|CHK|274|1|29|3|3|5|1|7|9|1|1|2
[Karlmalone​#2854] Rocks D. Xebec ["OP17-039">OP17-039]: Trash Fullalead ["OP17-057">OP17-057]
[Karlmalone​#2854] Rocks D. Xebec ["OP17-039">OP17-039] revealed: Streusen ["OP17-050">OP17-050]
[Karlmalone​#2854] Drew card from deck: Streusen ["OP17-050">OP17-050]
RZ1|275|1|OP17-050|0|28|1|3|1|1|0|0|0
RZ1|CHK|275|1|28|4|3|5|1|7|9|1|1|2
[Karlmalone​#2854] Drew card from deck: Don Marlon ["OP17-052">OP17-052]
RZ1|276|1|OP17-052|0|27|1|4|1|1|0|0|0
RZ1|CHK|276|1|27|5|3|5|1|7|9|1|1|2
[Karlmalone​#2854] Rocks D. Xebec ["OP17-039">OP17-039]: Draw 2 Card
RZ1|277|2|OP16-119|3|3|1|6|0|1|0|0|0
RZ1|CHK|277|2|32|7|4|3|2|8|4|0|1|0
Rocks D. Xebec ["OP17-039">OP17-039][7000] vs Charlotte Linlin ["OP17-099">OP17-099][5000]
Charlotte Linlin ["OP17-099">OP17-099] hit for 1 damage
[AcesWife​#7970] Marshall D. Teach ["OP16-119">OP16-119]: Activate Trigger
RZ1|278|2|OP16-119|1|6|6|4|1|1|0|0|0
RZ1|CHK|278|2|32|6|4|3|2|8|5|0|1|0
[AcesWife​#7970] Marshall D. Teach ["OP16-119">OP16-119]: Nullify effects of Charlotte Linlin ["OP17-049">OP17-049]
[AcesWife​#7970] Marshall D. Teach ["OP16-119">OP16-119]: Destroy Charlotte Linlin ["OP17-049">OP17-049]
RZ1|279|1|OP17-049|2|1|6|9|1|1|0|0|0
RZ1|CHK|279|1|27|5|2|5|1|7|10|1|1|2
RZ1|280|1|Don|5|0|5|0|1|1|1|0|0
RZ1|CHK|280|1|27|5|2|5|1|7|10|1|1|2
RZ1|281|1|OP17-050|1|3|2|2|1|1|0|0|0
RZ1|CHK|281|1|27|4|3|5|1|7|10|1|1|2
[Karlmalone​#2854] Deploy Streusen ["OP17-050">OP17-050]
[Karlmalone​#2854] Placing Cards on Top of Deck
RZ1|282|1|OP17-046|0|25|0|26|0|0|0|0|0
RZ1|CHK|282|1|27|4|3|5|1|7|10|1|1|2
RZ1|283|1|OP17-054|0|25|0|26|0|0|0|0|0
RZ1|CHK|283|1|27|4|3|5|1|7|10|1|1|2
[Karlmalone​#2854] Drew card from deck: Stussy ["OP17-054">OP17-054]
RZ1|284|1|OP17-054|0|26|1|4|1|1|0|0|0
RZ1|CHK|284|1|26|5|3|5|1|7|10|1|1|2
[Karlmalone​#2854] Streusen ["OP17-050">OP17-050]: Draw 1 Card
[Karlmalone​#2854] Shiki ["OP17-048">OP17-048] attacking Charlotte Oven ["OP17-102">OP17-102]
RZ1|285|2|OP17-102|2|1|6|5|1|1|0|0|0
RZ1|CHK|285|2|32|6|3|3|2|8|6|0|1|0
Shiki ["OP17-048">OP17-048][9000] vs Charlotte Oven ["OP17-102">OP17-102][4000]
[AcesWife​#7970] Charlotte Oven ["OP17-102">OP17-102] Destroyed
[AcesWife​#7970] Charlotte Oven ["OP17-102">OP17-102]: Deployed Charlotte Pudding ["OP17-109">OP17-109] from Trash
RZ1|286|2|OP17-109|6|2|2|3|1|1|0|0|0
RZ1|CHK|286|2|32|6|4|3|2|8|5|0|1|0
RZ1|287|2|OP17-103|1|5|6|5|1|1|0|0|0
RZ1|CHK|287|2|32|5|4|3|2|8|6|0|1|0
[AcesWife​#7970] Charlotte Pudding ["OP17-109">OP17-109]: Trash Charlotte Katakuri ["OP17-103">OP17-103]
[AcesWife​#7970] Drew card from deck: Charlotte Katakuri ["OP17-103">OP17-103]
RZ1|288|2|OP17-103|0|31|1|5|0|1|0|0|0
RZ1|CHK|288|2|31|6|4|3|2|8|6|0|1|0
[AcesWife​#7970] Drew card from deck: Charlotte Mont-d'or ["OP17-111">OP17-111]
RZ1|289|2|OP17-111|0|30|1|6|0|1|0|0|0
RZ1|CHK|289|2|30|7|4|3|2|8|6|0|1|0
[AcesWife​#7970] Drew card from deck: Streusen ["OP17-113">OP17-113]
RZ1|290|2|OP17-113|0|29|1|7|0|1|0|0|0
RZ1|CHK|290|2|29|8|4|3|2|8|6|0|1|0
[AcesWife​#7970] Charlotte Pudding ["OP17-109">OP17-109]: Draw 3 Card
RZ1|291|1|Don|5|1|5|1|1|1|1|0|0
RZ1|CHK|291|1|26|5|3|5|1|7|10|1|1|2
RZ1|292|1|Don|5|2|5|2|1|1|1|0|0
RZ1|CHK|292|1|26|5|3|5|1|7|10|1|1|2
RZ1|293|1|Don|5|3|5|3|1|1|1|0|0
RZ1|CHK|293|1|26|5|3|5|1|7|10|1|1|2
RZ1|294|1|OP17-054|1|4|2|3|1|1|0|0|0
RZ1|CHK|294|1|26|4|4|5|1|7|10|1|1|2
[Karlmalone​#2854] Deploy Stussy ["OP17-054">OP17-054]
[Karlmalone​#2854] Stussy ["OP17-054">OP17-054]: Charlotte Katakuri ["OP17-103">OP17-103] can't attack next turn
RZ1|295|1|Don|5|4|5|4|1|1|1|0|0
RZ1|CHK|295|1|26|4|4|5|1|7|10|1|1|2
RZ1|296|1|Don|5|5|5|5|1|1|1|0|0
RZ1|CHK|296|1|26|4|4|5|1|7|10|1|1|2
RZ1|297|1|Don|5|6|5|6|1|1|1|0|0
RZ1|CHK|297|1|26|4|4|5|1|7|10|1|1|2
RZ1|298|1|OP17-054|1|1|2|4|1|1|0|0|0
RZ1|CHK|298|1|26|3|5|5|1|7|10|1|1|2
[Karlmalone​#2854] Deploy Stussy ["OP17-054">OP17-054]
[Karlmalone​#2854] Stussy ["OP17-054">OP17-054]: The 3 Sweet Commanders ["OP17-114">OP17-114] can't attack next turn
[Karlmalone​#2854] Hand: [OP17-118,OP17-055,OP17-052]
[Karlmalone​#2854] Board: [OP17-050,OP17-048,OP17-050,OP17-054,OP17-054]
[Karlmalone​#2854] Trash: [OP17-052,OP17-046,OP17-045,OP17-057,OP17-046,OP17-052,OP17-055,OP17-048,OP17-057,OP17-049]
[Karlmalone​#2854] Life: 5
[AcesWife​#7970] Hand: [ST20-005,OP17-112,OP17-112,OP11-106,OP11-106,OP17-103,OP17-111,OP17-113]
[AcesWife​#7970] Trash: [OP17-111,OP17-117,OP08-105,OP16-119,OP17-102,OP17-103]
[AcesWife​#7970] Board: [OP17-102,OP17-103,OP17-114,OP17-109]
[AcesWife​#7970] Life: 3
[Karlmalone​#2854] End Turn
[AcesWife​#7970] Draw 1 Card
[AcesWife​#7970] Drew card from deck: Zeus ["OP11-106">OP11-106]
RZ1|299|2|OP11-106|0|28|1|8|0|1|0|0|0
RZ1|CHK|299|2|28|9|4|3|2|8|6|0|1|0
RZ1|300|2|Don|4|1|5|8|1|1|0|0|0
RZ1|CHK|300|2|28|9|4|3|1|9|6|0|1|0
RZ1|301|2|Don|4|0|5|9|1|1|0|0|0
RZ1|CHK|301|2|28|9|4|3|0|10|6|0|1|0
[AcesWife​#7970] Draw 2 Don
RZ1|302|2|Don|5|0|5|0|1|1|1|0|0
RZ1|CHK|302|2|28|9|4|3|0|10|6|0|1|0
RZ1|303|2|Don|5|1|5|1|1|1|1|0|0
RZ1|CHK|303|2|28|9|4|3|0|10|6|0|1|0
RZ1|304|2|Don|5|2|5|2|1|1|1|0|0
RZ1|CHK|304|2|28|9|4|3|0|10|6|0|1|0
RZ1|305|2|Don|5|3|5|3|1|1|1|0|0
RZ1|CHK|305|2|28|9|4|3|0|10|6|0|1|0
RZ1|306|2|Don|5|4|5|4|1|1|1|0|0
RZ1|CHK|306|2|28|9|4|3|0|10|6|0|1|0
RZ1|307|2|Don|5|5|5|5|1|1|1|0|0
RZ1|CHK|307|2|28|9|4|3|0|10|6|0|1|0
[AcesWife​#7970] Deploy Charlotte Linlin ["ST20-005">ST20-005]
RZ1|308|2|ST20-005|1|0|2|4|1|1|0|0|0
RZ1|CHK|308|2|28|8|5|3|0|10|6|0|1|0
RZ1|309|2|OP17-111|1|5|6|6|1|1|0|0|0
RZ1|CHK|309|2|28|7|5|3|0|10|7|0|1|0
[AcesWife​#7970] Charlotte Linlin ["ST20-005">ST20-005]: Trash Charlotte Mont-d'or ["OP17-111">OP17-111]
[AcesWife​#7970] Forcing opponent to resolve Card Action!
RZ1|310|1|OP17-042|3|4|6|10|1|1|0|0|0
RZ1|CHK|310|1|26|3|5|4|1|7|11|1|1|2
[Karlmalone​#2854] Charlotte Linlin ["ST20-005">ST20-005]: Trashes Top Life
[Karlmalone​#2854] Trash Kaido ["OP17-042">OP17-042] from Life
[AcesWife​#7970] Attach 1 Don to Charlotte Oven ["OP17-102">OP17-102] (1 Total)
RZ1|311|2|Don|5|9|9|0|1|1|0|0|0
RZ1|CHK|311|2|28|7|5|3|0|9|7|0|1|1
[AcesWife​#7970] Charlotte Oven ["OP17-102">OP17-102] attacking Rocks D. Xebec ["OP17-039">OP17-039]
RZ1|312|1|OP17-052|1|2|6|11|1|1|0|0|0
RZ1|CHK|312|1|26|2|5|4|1|7|12|1|1|2
[Karlmalone​#2854] Fullalead ["OP17-057">OP17-057]: Rest Fullalead ["OP17-057">OP17-057]
[Karlmalone​#2854] Fullalead ["OP17-057">OP17-057]: Trash Don Marlon ["OP17-052">OP17-052]
[Karlmalone​#2854] Fullalead ["OP17-057">OP17-057]: Buff Rocks D. Xebec ["OP17-039">OP17-039] 1000 for the Combat
Charlotte Oven ["OP17-102">OP17-102][5000] vs Rocks D. Xebec ["OP17-039">OP17-039][6000]
Attack Fails
[AcesWife​#7970] Charlotte Linlin ["OP17-099">OP17-099] attacking Rocks D. Xebec ["OP17-039">OP17-039]
RZ1|313|2|OP17-103|1|4|6|7|1|1|0|0|0
RZ1|CHK|313|2|28|6|5|3|0|9|8|0|1|1
[AcesWife​#7970] Charlotte Linlin ["OP17-099">OP17-099]: Trash Charlotte Katakuri ["OP17-103">OP17-103]
[AcesWife​#7970] Forcing opponent to resolve Card Action!
[Karlmalone​#2854] Forcing opponent to resolve Card Action!
RZ1|314|2|OP11-106|1|5|6|8|1|1|0|0|0
RZ1|CHK|314|2|28|5|5|3|0|9|9|0|1|1
[AcesWife​#7970] Charlotte Linlin ["OP17-099">OP17-099]: Trash Zeus ["OP11-106">OP11-106]
[AcesWife​#7970] Charlotte Linlin ["OP17-099">OP17-099]: Add card to top of Life from Deck
RZ1|315|2|OP11-106|0|27|3|3|0|1|0|0|0
RZ1|CHK|315|2|27|5|5|4|0|9|9|0|1|1
RZ1|316|1|OP17-049|3|3|1|2|1|1|0|0|0
RZ1|CHK|316|1|26|3|5|3|1|7|12|1|1|2
Charlotte Linlin ["OP17-099">OP17-099][5000] vs Rocks D. Xebec ["OP17-039">OP17-039][5000]
Rocks D. Xebec ["OP17-039">OP17-039] hit for 1 damage
RZ1|317|2|Don|5|6|5|6|1|1|1|0|0
RZ1|CHK|317|2|27|5|5|4|0|9|9|0|1|1
RZ1|318|2|Don|5|7|5|7|1|1|1|0|0
RZ1|CHK|318|2|27|5|5|4|0|9|9|0|1|1
[AcesWife​#7970] Trash Charlotte Katakuri ["OP17-103">OP17-103]
[AcesWife​#7970] Deploy Zeus ["OP11-106">OP11-106]
RZ1|319|2|OP17-103|2|1|6|9|1|1|0|0|0
RZ1|CHK|319|2|27|5|4|4|0|9|10|0|1|1
RZ1|320|2|OP11-106|1|2|2|4|1|1|0|0|0
RZ1|CHK|320|2|27|4|5|4|0|9|10|0|1|1
[AcesWife​#7970] Zeus ["OP11-106">OP11-106]: Takes Top Life
RZ1|321|2|OP11-106|3|3|1|4|0|1|0|0|0
RZ1|CHK|321|2|27|5|5|3|0|9|10|0|1|1
[AcesWife​#7970] Zeus ["OP11-106">OP11-106]: Destroy Stussy ["OP17-054">OP17-054]
RZ1|322|1|OP17-054|2|3|6|12|1|1|0|0|0
RZ1|CHK|322|1|26|3|4|3|1|7|13|1|1|2
[AcesWife​#7970] The 3 Sweet Commanders ["OP17-114">OP17-114] is no longer blocked from attacking
[AcesWife​#7970] End Turn
[Karlmalone​#2854] Hand: [OP17-118,OP17-055,OP17-049]
[Karlmalone​#2854] Board: [OP17-050,OP17-048,OP17-050,OP17-054]
[Karlmalone​#2854] Trash: [OP17-052,OP17-046,OP17-045,OP17-057,OP17-046,OP17-052,OP17-055,OP17-048,OP17-057,OP17-049,OP17-042,OP17-052,OP17-054]
[Karlmalone​#2854] Life: 3
[AcesWife​#7970] Hand: [OP17-112,OP17-112,OP11-106,OP17-113,OP11-106]
[AcesWife​#7970] Trash: [OP17-111,OP17-117,OP08-105,OP16-119,OP17-102,OP17-103,OP17-111,OP17-103,OP11-106,OP17-103]
[AcesWife​#7970] Board: [OP17-102,OP17-114,OP17-109,ST20-005,OP11-106]
[AcesWife​#7970] Life: 3
RZ1|323|1|Don|9|9900|5|0|1|1|1|0|0
RZ1|CHK|323|1|26|3|4|3|1|8|13|1|1|1
RZ1|324|1|Don|9|9900|5|0|1|1|1|0|0
RZ1|CHK|324|1|26|3|4|3|1|9|13|1|1|0
[Karlmalone​#2854] Drew card from deck: Gloriosa ["OP17-046">OP17-046]
RZ1|325|1|OP17-046|0|25|1|3|1|1|0|0|0
RZ1|CHK|325|1|25|4|4|3|1|9|13|1|1|0
[Karlmalone​#2854] Draw 1 Card
RZ1|326|1|Don|4|0|5|9|1|1|0|0|0
RZ1|CHK|326|1|25|4|4|3|0|10|13|1|1|0
[Karlmalone​#2854] Draw 2 Don
[Karlmalone​#2854] Rocks D. Xebec ["OP17-039">OP17-039] attacking Charlotte Linlin ["OP17-099">OP17-099]
RZ1|327|1|OP17-046|1|3|6|13|1|1|0|0|0
RZ1|CHK|327|1|25|3|4|3|0|10|14|1|1|0
RZ1|328|1|OP17-045|0|24|0|24|0|0|0|0|0
RZ1|CHK|328|1|25|3|4|3|0|10|14|1|1|0
[Karlmalone​#2854] Rocks D. Xebec ["OP17-039">OP17-039]: Trash Gloriosa ["OP17-046">OP17-046]
[Karlmalone​#2854] Rocks D. Xebec ["OP17-039">OP17-039] revealed: Kyo ["OP17-045">OP17-045]
[Karlmalone​#2854] Drew card from deck: Kyo ["OP17-045">OP17-045]
RZ1|329|1|OP17-045|0|24|1|3|1|1|0|0|0
RZ1|CHK|329|1|24|4|4|3|0|10|14|1|1|0
[Karlmalone​#2854] Drew card from deck: Captain John ["OP17-044">OP17-044]
RZ1|330|1|OP17-044|0|23|1|4|1|1|0|0|0
RZ1|CHK|330|1|23|5|4|3|0|10|14|1|1|0
[Karlmalone​#2854] Rocks D. Xebec ["OP17-039">OP17-039]: Draw 2 Card
RZ1|331|2|OP17-108|3|2|1|5|0|1|0|0|0
RZ1|CHK|331|2|27|6|5|2|0|9|10|0|1|1
Rocks D. Xebec ["OP17-039">OP17-039][5000] vs Charlotte Linlin ["OP17-099">OP17-099][5000]
Charlotte Linlin ["OP17-099">OP17-099] hit for 1 damage
[AcesWife​#7970] Charlotte Brulee ["OP17-108">OP17-108]: Activate Trigger
RZ1|332|2|OP17-108|1|5|6|10|1|1|0|0|0
RZ1|CHK|332|2|27|5|5|2|0|9|11|0|1|1
[AcesWife​#7970] Charlotte Brulee ["OP17-108">OP17-108]: Rest Stussy ["OP17-054">OP17-054]
[Karlmalone​#2854] Shiki ["OP17-048">OP17-048] attacking Charlotte Oven ["OP17-102">OP17-102]
RZ1|333|2|Don|9|0|5|0|1|1|1|0|0
RZ1|CHK|333|2|27|5|5|2|0|10|11|0|1|0
RZ1|334|2|OP17-102|2|0|6|11|1|1|0|0|0
RZ1|CHK|334|2|27|5|4|2|0|10|12|0|1|0
Shiki ["OP17-048">OP17-048][9000] vs Charlotte Oven ["OP17-102">OP17-102][4000]
[AcesWife​#7970] Charlotte Oven ["OP17-102">OP17-102] Destroyed
[AcesWife​#7970] Charlotte Oven ["OP17-102">OP17-102]: Deployed Charlotte Katakuri ["OP17-103">OP17-103] from Trash
RZ1|335|2|OP17-103|6|9|2|4|1|1|0|0|0
RZ1|CHK|335|2|27|5|5|2|0|10|11|0|1|0
RZ1|336|1|Don|5|0|5|0|1|1|1|0|0
RZ1|CHK|336|1|23|5|4|3|0|10|14|1|1|0
RZ1|337|1|Don|5|1|5|1|1|1|1|0|0
RZ1|CHK|337|1|23|5|4|3|0|10|14|1|1|0
RZ1|338|1|Don|5|2|5|2|1|1|1|0|0
RZ1|CHK|338|1|23|5|4|3|0|10|14|1|1|0
RZ1|339|1|Don|5|3|5|3|1|1|1|0|0
RZ1|CHK|339|1|23|5|4|3|0|10|14|1|1|0
RZ1|340|1|Don|5|4|5|4|1|1|1|0|0
RZ1|CHK|340|1|23|5|4|3|0|10|14|1|1|0
RZ1|341|1|Don|5|5|5|5|1|1|1|0|0
RZ1|CHK|341|1|23|5|4|3|0|10|14|1|1|0
RZ1|342|1|Don|5|6|5|6|1|1|1|0|0
RZ1|CHK|342|1|23|5|4|3|0|10|14|1|1|0
RZ1|343|1|Don|5|7|5|7|1|1|1|0|0
RZ1|CHK|343|1|23|5|4|3|0|10|14|1|1|0
RZ1|344|1|Don|5|8|5|8|1|1|1|0|0
RZ1|CHK|344|1|23|5|4|3|0|10|14|1|1|0
RZ1|345|1|Don|5|9|5|9|1|1|1|0|0
RZ1|CHK|345|1|23|5|4|3|0|10|14|1|1|0
RZ1|346|1|OP17-118|1|0|2|4|1|1|0|0|0
RZ1|CHK|346|1|23|4|5|3|0|10|14|1|1|0
[Karlmalone​#2854] Drew card from deck: Charlotte Linlin ["OP17-049">OP17-049]
RZ1|347|1|OP17-049|0|22|1|4|1|1|0|0|0
RZ1|CHK|347|1|22|5|5|3|0|10|14|1|1|0
[Karlmalone​#2854] Deploy Rocks D. Xebec ["OP17-118">OP17-118]
[Karlmalone​#2854] Rocks D. Xebec ["OP17-118">OP17-118]: Draw 1 Card
RZ1|348|1|OP17-050|2|2|6|14|1|1|0|0|0
RZ1|CHK|348|1|22|5|4|3|0|10|15|1|1|0
RZ1|349|1|OP17-044|1|3|2|4|1|1|0|0|0
RZ1|CHK|349|1|22|4|5|3|0|10|15|1|1|0
[Karlmalone​#2854] Trash Streusen ["OP17-050">OP17-050]
[Karlmalone​#2854] Rocks D. Xebec ["OP17-118">OP17-118]: Deploy Captain John ["OP17-044">OP17-044]
RZ1|350|1|OP17-050|2|0|6|15|1|1|0|0|0
RZ1|CHK|350|1|22|4|4|3|0|10|16|1|1|0
RZ1|351|1|OP17-049|1|1|2|4|1|1|0|0|0
RZ1|CHK|351|1|22|3|5|3|0|10|16|1|1|0
[Karlmalone​#2854] Trash Streusen ["OP17-050">OP17-050]
[Karlmalone​#2854] Rocks D. Xebec ["OP17-118">OP17-118]: Deploy Charlotte Linlin ["OP17-049">OP17-049]
[Karlmalone​#2854] Forcing opponent to resolve Card Action!
[AcesWife​#7970] Forcing opponent to resolve Card Action!
[Karlmalone​#2854] Drew card from deck: Rocks Pirates ["OP17-056">OP17-056]
RZ1|352|1|OP17-056|0|21|1|3|1|1|0|0|0
RZ1|CHK|352|1|21|4|5|3|0|10|16|1|1|0
[Karlmalone​#2854] Drew card from deck: Gloriosa ["OP17-046">OP17-046]
RZ1|353|1|OP17-046|0|20|1|4|1|1|0|0|0
RZ1|CHK|353|1|20|5|5|3|0|10|16|1|1|0
[Karlmalone​#2854] Charlotte Linlin ["OP17-049">OP17-049]: Draw 2 Card
[Karlmalone​#2854] Drew card from deck: Ganzui ["OP17-043">OP17-043]
RZ1|354|1|OP17-043|0|19|1|5|1|1|0|0|0
RZ1|CHK|354|1|19|6|5|3|0|10|16|1|1|0
[Karlmalone​#2854] Captain John ["OP17-044">OP17-044]: Draw 1 Card
[Karlmalone​#2854] Captain John ["OP17-044">OP17-044]: Rest Captain John ["OP17-044">OP17-044]
RZ1|355|1|OP17-043|1|5|6|16|1|1|0|0|0
RZ1|CHK|355|1|19|5|5|3|0|10|17|1|1|0
[Karlmalone​#2854] Captain John ["OP17-044">OP17-044]: Trash Ganzui ["OP17-043">OP17-043]
[Karlmalone​#2854] Hand: [OP17-055,OP17-045,OP17-049,OP17-056,OP17-046]
[Karlmalone​#2854] Board: [OP17-048,OP17-054,OP17-118,OP17-044,OP17-049]
[Karlmalone​#2854] Trash: [OP17-052,OP17-046,OP17-045,OP17-057,OP17-046,OP17-052,OP17-055,OP17-048,OP17-057,OP17-049,OP17-042,OP17-052,OP17-054,OP17-046,OP17-050,OP17-050,OP17-043]
[Karlmalone​#2854] Life: 3
[AcesWife​#7970] Hand: [OP17-112,OP17-112,OP11-106,OP17-113,OP11-106]
[AcesWife​#7970] Trash: [OP17-111,OP17-117,OP08-105,OP16-119,OP17-102,OP17-103,OP17-111,OP17-103,OP11-106,OP17-108,OP17-102]
[AcesWife​#7970] Board: [OP17-114,OP17-109,ST20-005,OP11-106,OP17-103]
[AcesWife​#7970] Life: 2
[Karlmalone​#2854] End Turn
[AcesWife​#7970] Draw 1 Card
[AcesWife​#7970] Drew card from deck: Charlotte Brulee ["OP17-108">OP17-108]
RZ1|356|2|OP17-108|0|26|1|5|0|1|0|0|0
RZ1|CHK|356|2|26|6|5|2|0|10|11|0|1|0
RZ1|357|2|Don|5|0|5|0|1|1|1|0|0
RZ1|CHK|357|2|26|6|5|2|0|10|11|0|1|0
RZ1|358|2|Don|5|1|5|1|1|1|1|0|0
RZ1|CHK|358|2|26|6|5|2|0|10|11|0|1|0
RZ1|359|2|Don|5|2|5|2|1|1|1|0|0
RZ1|CHK|359|2|26|6|5|2|0|10|11|0|1|0
RZ1|360|2|Don|5|3|5|3|1|1|1|0|0
RZ1|CHK|360|2|26|6|5|2|0|10|11|0|1|0
RZ1|361|2|Don|5|4|5|4|1|1|1|0|0
RZ1|CHK|361|2|26|6|5|2|0|10|11|0|1|0
RZ1|362|2|Don|5|5|5|5|1|1|1|0|0
RZ1|CHK|362|2|26|6|5|2|0|10|11|0|1|0
RZ1|363|2|Don|5|6|5|6|1|1|1|0|0
RZ1|CHK|363|2|26|6|5|2|0|10|11|0|1|0
RZ1|364|2|Don|5|7|5|7|1|1|1|0|0
RZ1|CHK|364|2|26|6|5|2|0|10|11|0|1|0
RZ1|365|2|Don|5|8|5|8|1|1|1|0|0
RZ1|CHK|365|2|26|6|5|2|0|10|11|0|1|0
RZ1|366|2|Don|5|9|5|9|1|1|1|0|0
RZ1|CHK|366|2|26|6|5|2|0|10|11|0|1|0
[AcesWife​#7970] Trash Zeus ["OP11-106">OP11-106]
[AcesWife​#7970] Deploy Charlotte Linlin ["OP17-112">OP17-112]
RZ1|367|2|OP11-106|2|3|6|11|1|1|0|0|0
RZ1|CHK|367|2|26|6|4|2|0|10|12|0|1|0
RZ1|368|2|OP17-112|1|0|2|4|1|1|0|0|0
RZ1|CHK|368|2|26|5|5|2|0|10|12|0|1|0
[AcesWife​#7970] Drew card from deck: Marshall D. Teach ["OP16-119">OP16-119]
RZ1|369|2|OP16-119|0|25|1|5|0|1|0|0|0
RZ1|CHK|369|2|25|6|5|2|0|10|12|0|1|0
[AcesWife​#7970] Charlotte Linlin ["OP17-112">OP17-112]: Draw 1 Card
[AcesWife​#7970] Charlotte Linlin ["OP17-112">OP17-112]: Add card to top of Life from Deck
RZ1|370|2|OP17-117|0|24|3|2|0|1|0|0|0
RZ1|CHK|370|2|24|6|5|3|0|10|12|0|1|0
[AcesWife​#7970] Charlotte Katakuri ["OP17-103">OP17-103] attacking Captain John ["OP17-044">OP17-044]
RZ1|371|1|OP17-049|1|2|6|17|1|1|0|0|0
RZ1|CHK|371|1|19|4|5|3|0|10|18|1|1|0
[Karlmalone​#2854] Shiki ["OP17-048">OP17-048]: Trash Charlotte Linlin ["OP17-049">OP17-049]
[Karlmalone​#2854] Shiki ["OP17-048">OP17-048]: Buff Charlotte Katakuri ["OP17-103">OP17-103] -3000
Charlotte Katakuri ["OP17-103">OP17-103][5000] vs Captain John ["OP17-044">OP17-044][6000]
Attack Fails
[AcesWife​#7970] The 3 Sweet Commanders ["OP17-114">OP17-114] attacking Captain John ["OP17-044">OP17-044]
RZ1|372|1|OP17-046|1|3|6|18|1|1|0|0|0
RZ1|CHK|372|1|19|3|5|3|0|10|19|1|1|0
[Karlmalone​#2854] Fullalead ["OP17-057">OP17-057]: Rest Fullalead ["OP17-057">OP17-057]
[Karlmalone​#2854] Fullalead ["OP17-057">OP17-057]: Trash Gloriosa ["OP17-046">OP17-046]
[Karlmalone​#2854] Fullalead ["OP17-057">OP17-057]: Buff Captain John ["OP17-044">OP17-044] 1000 for the Combat
RZ1|373|1|OP17-056|1|2|6|19|1|1|0|0|0
RZ1|CHK|373|1|19|2|5|3|0|10|20|1|1|0
[Karlmalone​#2854] Rocks Pirates ["OP17-056">OP17-056]: Activate Counter
[Karlmalone​#2854] Rocks Pirates ["OP17-056">OP17-056]: Buff Captain John ["OP17-044">OP17-044] 2000 for the Combat
The 3 Sweet Commanders ["OP17-114">OP17-114][8000] vs Captain John ["OP17-044">OP17-044][9000]
Attack Fails
[AcesWife​#7970] Charlotte Pudding ["OP17-109">OP17-109] attacking Captain John ["OP17-044">OP17-044]
RZ1|374|1|OP17-044|2|3|6|20|1|1|0|0|0
RZ1|CHK|374|1|19|2|4|3|0|10|21|1|1|0
Charlotte Pudding ["OP17-109">OP17-109][8000] vs Captain John ["OP17-044">OP17-044][6000]
[Karlmalone​#2854] Captain John ["OP17-044">OP17-044] Destroyed
[AcesWife​#7970] Charlotte Linlin ["OP17-099">OP17-099] attacking Rocks D. Xebec ["OP17-039">OP17-039]
RZ1|375|2|OP16-119|1|5|6|12|1|1|0|0|0
RZ1|CHK|375|2|24|5|5|3|0|10|13|0|1|0
[AcesWife​#7970] Charlotte Linlin ["OP17-099">OP17-099]: Trash Marshall D. Teach ["OP16-119">OP16-119]
[AcesWife​#7970] Forcing opponent to resolve Card Action!
[Karlmalone​#2854] Forcing opponent to resolve Card Action!
RZ1|376|2|OP17-108|1|4|6|13|1|1|0|0|0
RZ1|CHK|376|2|24|4|5|3|0|10|14|0|1|0
[AcesWife​#7970] Charlotte Linlin ["OP17-099">OP17-099]: Trash Charlotte Brulee ["OP17-108">OP17-108]
[AcesWife​#7970] Charlotte Linlin ["OP17-099">OP17-099]: Add card to top of Life from Deck
RZ1|377|2|OP17-110|0|23|3|3|0|1|0|0|0
RZ1|CHK|377|2|23|4|5|4|0|10|14|0|1|0
RZ1|378|1|OP17-043|3|2|1|2|1|1|0|0|0
RZ1|CHK|378|1|19|3|4|2|0|10|21|1|1|0
Charlotte Linlin ["OP17-099">OP17-099][5000] vs Rocks D. Xebec ["OP17-039">OP17-039][5000]
Rocks D. Xebec ["OP17-039">OP17-039] hit for 1 damage
[AcesWife​#7970] Charlotte Linlin ["ST20-005">ST20-005] attacking Stussy ["OP17-054">OP17-054]
RZ1|379|1|OP17-054|2|1|6|21|1|1|0|0|0
RZ1|CHK|379|1|19|3|3|2|0|10|22|1|1|0
Charlotte Linlin ["ST20-005">ST20-005][7000] vs Stussy ["OP17-054">OP17-054][5000]
[Karlmalone​#2854] Stussy ["OP17-054">OP17-054] Destroyed
[AcesWife​#7970] End Turn
[Karlmalone​#2854] Hand: [OP17-055,OP17-045,OP17-043]
[Karlmalone​#2854] Board: [OP17-048,OP17-118,OP17-049]
[Karlmalone​#2854] Trash: [OP17-052,OP17-046,OP17-045,OP17-057,OP17-046,OP17-052,OP17-055,OP17-048,OP17-057,OP17-049,OP17-042,OP17-052,OP17-054,OP17-046,OP17-050,OP17-050,OP17-043,OP17-049,OP17-046,OP17-056,OP17-044,OP17-054]
[Karlmalone​#2854] Life: 2
[AcesWife​#7970] Hand: [OP17-112,OP11-106,OP17-113,OP11-106]
[AcesWife​#7970] Trash: [OP17-111,OP17-117,OP08-105,OP16-119,OP17-102,OP17-103,OP17-111,OP17-103,OP11-106,OP17-108,OP17-102,OP11-106,OP16-119,OP17-108]
[AcesWife​#7970] Board: [OP17-114,OP17-109,ST20-005,OP17-103,OP17-112]
[AcesWife​#7970] Life: 4
[Karlmalone​#2854] Drew card from deck: Rocks D. Xebec ["OP17-118">OP17-118]
RZ1|380|1|OP17-118|0|18|1|3|1|1|0|0|0
RZ1|CHK|380|1|18|4|3|2|0|10|22|1|1|0
[Karlmalone​#2854] Draw 1 Card
[Karlmalone​#2854] Rocks D. Xebec ["OP17-039">OP17-039] attacking Charlotte Pudding ["OP17-109">OP17-109]
RZ1|381|1|OP17-045|1|1|6|22|1|1|0|0|0
RZ1|CHK|381|1|18|3|3|2|0|10|23|1|1|0
RZ1|382|1|OP17-050|0|17|0|17|0|0|0|0|0
RZ1|CHK|382|1|18|3|3|2|0|10|23|1|1|0
[Karlmalone​#2854] Rocks D. Xebec ["OP17-039">OP17-039]: Trash Kyo ["OP17-045">OP17-045]
[Karlmalone​#2854] Rocks D. Xebec ["OP17-039">OP17-039] revealed: Streusen ["OP17-050">OP17-050]
[Karlmalone​#2854] Drew card from deck: Streusen ["OP17-050">OP17-050]
RZ1|383|1|OP17-050|0|17|1|3|1|1|0|0|0
RZ1|CHK|383|1|17|4|3|2|0|10|23|1|1|0
[Karlmalone​#2854] Drew card from deck: Edward Newgate ["OP17-040">OP17-040]
RZ1|384|1|OP17-040|0|16|1|4|1|1|0|0|0
RZ1|CHK|384|1|16|5|3|2|0|10|23|1|1|0
[Karlmalone​#2854] Rocks D. Xebec ["OP17-039">OP17-039]: Draw 2 Card
RZ1|385|2|OP17-109|2|1|6|14|1|1|0|0|0
RZ1|CHK|385|2|23|4|4|4|0|10|15|0|1|0
Rocks D. Xebec ["OP17-039">OP17-039][5000] vs Charlotte Pudding ["OP17-109">OP17-109][4000]
[AcesWife​#7970] Charlotte Pudding ["OP17-109">OP17-109] Destroyed
[Karlmalone​#2854] Shiki ["OP17-048">OP17-048] attacking The 3 Sweet Commanders ["OP17-114">OP17-114]
RZ1|386|2|OP17-114|2|0|6|15|1|1|0|0|0
RZ1|CHK|386|2|23|4|3|4|0|10|16|0|1|0
Shiki ["OP17-048">OP17-048][9000] vs The 3 Sweet Commanders ["OP17-114">OP17-114][4000]
[AcesWife​#7970] The 3 Sweet Commanders ["OP17-114">OP17-114] Destroyed
[Karlmalone​#2854] Charlotte Linlin ["OP17-049">OP17-049] attacking Charlotte Katakuri ["OP17-103">OP17-103]
RZ1|387|2|OP17-103|2|1|6|16|1|1|0|0|0
RZ1|CHK|387|2|23|4|2|4|0|10|17|0|1|0
Charlotte Linlin ["OP17-049">OP17-049][7000] vs Charlotte Katakuri ["OP17-103">OP17-103][4000]
[AcesWife​#7970] Charlotte Katakuri ["OP17-103">OP17-103] Destroyed
[Karlmalone​#2854] Rocks D. Xebec ["OP17-118">OP17-118] attacking Charlotte Linlin ["ST20-005">ST20-005]
RZ1|388|2|ST20-005|2|0|6|17|1|1|0|0|0
RZ1|CHK|388|2|23|4|1|4|0|10|18|0|1|0
Rocks D. Xebec ["OP17-118">OP17-118][12000] vs Charlotte Linlin ["ST20-005">ST20-005][7000]
[AcesWife​#7970] Charlotte Linlin ["ST20-005">ST20-005] Destroyed
RZ1|389|1|Don|5|0|5|0|1|1|1|0|0
RZ1|CHK|389|1|16|5|3|2|0|10|23|1|1|0
RZ1|390|1|Don|5|1|5|1|1|1|1|0|0
RZ1|CHK|390|1|16|5|3|2|0|10|23|1|1|0
RZ1|391|1|Don|5|2|5|2|1|1|1|0|0
RZ1|CHK|391|1|16|5|3|2|0|10|23|1|1|0
RZ1|392|1|Don|5|3|5|3|1|1|1|0|0
RZ1|CHK|392|1|16|5|3|2|0|10|23|1|1|0
RZ1|393|1|Don|5|4|5|4|1|1|1|0|0
RZ1|CHK|393|1|16|5|3|2|0|10|23|1|1|0
RZ1|394|1|Don|5|5|5|5|1|1|1|0|0
RZ1|CHK|394|1|16|5|3|2|0|10|23|1|1|0
RZ1|395|1|Don|5|6|5|6|1|1|1|0|0
RZ1|CHK|395|1|16|5|3|2|0|10|23|1|1|0
RZ1|396|1|Don|5|7|5|7|1|1|1|0|0
RZ1|CHK|396|1|16|5|3|2|0|10|23|1|1|0
RZ1|397|1|Don|5|8|5|8|1|1|1|0|0
RZ1|CHK|397|1|16|5|3|2|0|10|23|1|1|0
RZ1|398|1|Don|5|9|5|9|1|1|1|0|0
RZ1|CHK|398|1|16|5|3|2|0|10|23|1|1|0
RZ1|399|1|OP17-118|1|2|2|3|1|1|0|0|0
RZ1|CHK|399|1|16|4|4|2|0|10|23|1|1|0
[Karlmalone​#2854] Drew card from deck: Stussy ["OP17-054">OP17-054]
RZ1|400|1|OP17-054|0|15|1|4|1|1|0|0|0
RZ1|CHK|400|1|15|5|4|2|0|10|23|1|1|0
[Karlmalone​#2854] Deploy Rocks D. Xebec ["OP17-118">OP17-118]
[Karlmalone​#2854] Rocks D. Xebec ["OP17-118">OP17-118]: Draw 1 Card
RZ1|401|1|OP17-040|1|3|2|4|1|1|0|0|0
RZ1|CHK|401|1|15|4|5|2|0|10|23|1|1|0
[Karlmalone​#2854] Rocks D. Xebec ["OP17-118">OP17-118]: Deploy Edward Newgate ["OP17-040">OP17-040]
[Karlmalone​#2854] Drew card from deck: There's No Authority in the World ["OP17-055">OP17-055]
RZ1|402|1|OP17-055|0|14|1|4|1|1|0|0|0
RZ1|CHK|402|1|14|5|5|2|0|10|23|1|1|0
[Karlmalone​#2854] Edward Newgate ["OP17-040">OP17-040]: Draw 1 Card
[Karlmalone​#2854] Hand: [OP17-055,OP17-043,OP17-050,OP17-054,OP17-055]
[Karlmalone​#2854] Board: [OP17-048,OP17-118,OP17-049,OP17-118,OP17-040]
[Karlmalone​#2854] Trash: [OP17-052,OP17-046,OP17-045,OP17-057,OP17-046,OP17-052,OP17-055,OP17-048,OP17-057,OP17-049,OP17-042,OP17-052,OP17-054,OP17-046,OP17-050,OP17-050,OP17-043,OP17-049,OP17-046,OP17-056,OP17-044,OP17-054,OP17-045]
[Karlmalone​#2854] Life: 2
[AcesWife​#7970] Hand: [OP17-112,OP11-106,OP17-113,OP11-106]
[AcesWife​#7970] Trash: [OP17-111,OP17-117,OP08-105,OP16-119,OP17-102,OP17-103,OP17-111,OP17-103,OP11-106,OP17-108,OP17-102,OP11-106,OP16-119,OP17-108,OP17-109,OP17-114,OP17-103,ST20-005]
[AcesWife​#7970] Board: [OP17-112]
[AcesWife​#7970] Life: 4
[Karlmalone​#2854] End Turn
[AcesWife​#7970] Draw 1 Card
[AcesWife​#7970] Drew card from deck: Charlotte Pudding ["OP17-109">OP17-109]
RZ1|403|2|OP17-109|0|22|1|4|0|1|0|0|0
RZ1|CHK|403|2|22|5|1|4|0|10|18|0|1|0
RZ1|404|2|Don|5|0|5|0|1|1|1|0|0
RZ1|CHK|404|2|22|5|1|4|0|10|18|0|1|0
[AcesWife​#7970] Deploy Streusen ["OP17-113">OP17-113]
RZ1|405|2|OP17-113|1|2|2|1|1|1|0|0|0
RZ1|CHK|405|2|22|4|2|4|0|10|18|0|1|0
RZ1|406|2|OP17-104|0|21|1|4|0|1|0|0|0
RZ1|CHK|406|2|21|5|2|4|0|10|18|0|1|0
[AcesWife​#7970] Streusen ["OP17-113">OP17-113]: <b>Reveal and Draw Charlotte Cracker ["OP17-104">OP17-104]</b>
[AcesWife​#7970] Placing Cards on Bottom of Deck
RZ1|407|2|ST20-005|0|20|0|0|0|0|0|0|0
RZ1|CHK|407|2|21|5|2|4|0|10|18|0|1|0
RZ1|408|2|OP17-117|0|20|0|0|0|0|0|0|0
RZ1|CHK|408|2|21|5|2|4|0|10|18|0|1|0
RZ1|409|2|Don|5|1|5|1|1|1|1|0|0
RZ1|CHK|409|2|21|5|2|4|0|10|18|0|1|0
RZ1|410|2|Don|5|2|5|2|1|1|1|0|0
RZ1|CHK|410|2|21|5|2|4|0|10|18|0|1|0
RZ1|411|2|Don|5|3|5|3|1|1|1|0|0
RZ1|CHK|411|2|21|5|2|4|0|10|18|0|1|0
[AcesWife​#7970] Deploy Charlotte Pudding ["OP17-109">OP17-109]
RZ1|412|2|OP17-109|1|3|2|2|1|1|0|4000|0
RZ1|CHK|412|2|21|4|3|4|0|10|18|0|1|0
RZ1|413|2|OP17-104|1|3|6|18|1|1|0|0|0
RZ1|CHK|413|2|21|3|3|4|0|10|19|0|1|0
[AcesWife​#7970] Charlotte Pudding ["OP17-109">OP17-109]: Trash Charlotte Cracker ["OP17-104">OP17-104]
[AcesWife​#7970] Drew card from deck: Charlotte Perospero ["OP17-110">OP17-110]
RZ1|414|2|OP17-110|0|20|1|3|0|1|0|0|0
RZ1|CHK|414|2|20|4|3|4|0|10|19|0|1|0
[AcesWife​#7970] Drew card from deck: Streusen ["OP17-113">OP17-113]
RZ1|415|2|OP17-113|0|19|1|4|0|1|0|0|0
RZ1|CHK|415|2|19|5|3|4|0|10|19|0|1|0
[AcesWife​#7970] Drew card from deck: Charlotte Cracker ["OP17-104">OP17-104]
RZ1|416|2|OP17-104|0|18|1|5|0|1|0|0|0
RZ1|CHK|416|2|18|6|3|4|0|10|19|0|1|0
[AcesWife​#7970] Charlotte Pudding ["OP17-109">OP17-109]: Draw 3 Card
RZ1|417|2|Don|5|4|5|4|1|1|1|0|0
RZ1|CHK|417|2|18|6|3|4|0|10|19|0|1|0
RZ1|418|2|Don|5|5|5|5|1|1|1|0|0
RZ1|CHK|418|2|18|6|3|4|0|10|19|0|1|0
RZ1|419|2|Don|5|6|5|6|1|1|1|0|0
RZ1|CHK|419|2|18|6|3|4|0|10|19|0|1|0
[AcesWife​#7970] Deploy Charlotte Cracker ["OP17-104">OP17-104]
RZ1|420|2|OP17-104|1|5|2|3|1|1|0|4000|0
RZ1|CHK|420|2|18|5|4|4|0|10|19|0|1|0
[AcesWife​#7970] Charlotte Cracker ["OP17-104">OP17-104]: Rest 2 Don
RZ1|421|2|Don|5|7|5|7|1|1|1|0|0
RZ1|CHK|421|2|18|5|4|4|0|10|19|0|1|0
RZ1|422|2|Don|5|8|5|8|1|1|1|0|0
RZ1|CHK|422|2|18|5|4|4|0|10|19|0|1|0
[AcesWife​#7970] Charlotte Cracker ["OP17-104">OP17-104]: Add card to top of Life from Deck
RZ1|423|2|OP17-114|0|17|3|4|0|1|0|0|0
RZ1|CHK|423|2|17|5|4|5|0|10|19|0|1|0
RZ1|424|2|Don|5|9|5|9|1|1|1|0|0
RZ1|CHK|424|2|17|5|4|5|0|10|19|0|1|0
[AcesWife​#7970] Deploy Streusen ["OP17-113">OP17-113]
RZ1|425|2|OP17-113|1|4|2|4|1|1|0|0|0
RZ1|CHK|425|2|17|4|5|5|0|10|19|0|1|0
RZ1|426|2|OP17-102|0|15|1|4|0|1|0|0|0
RZ1|CHK|426|2|16|5|5|5|0|10|19|0|1|0
[AcesWife​#7970] Streusen ["OP17-113">OP17-113]: <b>Reveal and Draw Charlotte Oven ["OP17-102">OP17-102]</b>
[AcesWife​#7970] Placing Cards on Bottom of Deck
RZ1|427|2|EB01-056|0|15|0|0|0|0|0|0|0
RZ1|CHK|427|2|16|5|5|5|0|10|19|0|1|0
RZ1|428|2|OP17-112|0|15|0|0|0|0|0|0|0
RZ1|CHK|428|2|16|5|5|5|0|10|19|0|1|0
[AcesWife​#7970] Charlotte Linlin ["OP17-099">OP17-099] attacking Rocks D. Xebec ["OP17-039">OP17-039]
RZ1|429|1|OP17-050|1|2|6|23|1|1|0|0|0
RZ1|CHK|429|1|14|4|5|2|0|10|24|1|1|0
[Karlmalone​#2854] Fullalead ["OP17-057">OP17-057]: Rest Fullalead ["OP17-057">OP17-057]
[Karlmalone​#2854] Fullalead ["OP17-057">OP17-057]: Trash Streusen ["OP17-050">OP17-050]
[Karlmalone​#2854] Fullalead ["OP17-057">OP17-057]: Buff Rocks D. Xebec ["OP17-039">OP17-039] 1000 for the Combat
Charlotte Linlin ["OP17-099">OP17-099][5000] vs Rocks D. Xebec ["OP17-039">OP17-039][6000]
Attack Fails
[AcesWife​#7970] End Turn
[Karlmalone​#2854] Hand: [OP17-055,OP17-043,OP17-054,OP17-055]
[Karlmalone​#2854] Board: [OP17-048,OP17-118,OP17-049,OP17-118,OP17-040]
[Karlmalone​#2854] Trash: [OP17-052,OP17-046,OP17-045,OP17-057,OP17-046,OP17-052,OP17-055,OP17-048,OP17-057,OP17-049,OP17-042,OP17-052,OP17-054,OP17-046,OP17-050,OP17-050,OP17-043,OP17-049,OP17-046,OP17-056,OP17-044,OP17-054,OP17-045,OP17-050]
[Karlmalone​#2854] Life: 2
[AcesWife​#7970] Hand: [OP17-112,OP11-106,OP11-106,OP17-110,OP17-102]
[AcesWife​#7970] Trash: [OP17-111,OP17-117,OP08-105,OP16-119,OP17-102,OP17-103,OP17-111,OP17-103,OP11-106,OP17-108,OP17-102,OP11-106,OP16-119,OP17-108,OP17-109,OP17-114,OP17-103,ST20-005,OP17-104]
[AcesWife​#7970] Board: [OP17-112,OP17-113,OP17-109,OP17-104,OP17-113]
[AcesWife​#7970] Life: 5
[Karlmalone​#2854] Drew card from deck: Rocks D. Xebec ["OP17-118">OP17-118]
RZ1|430|1|OP17-118|0|13|1|4|1|1|0|0|0
RZ1|CHK|430|1|13|5|5|2|0|10|24|1|1|0
[Karlmalone​#2854] Draw 1 Card
[Karlmalone​#2854] Charlotte Linlin ["OP17-049">OP17-049] attacking Charlotte Linlin ["OP17-099">OP17-099]
RZ1|431|2|OP17-114|3|4|1|5|0|1|0|0|0
RZ1|CHK|431|2|16|6|5|4|0|10|19|0|1|0
Charlotte Linlin ["OP17-049">OP17-049][7000] vs Charlotte Linlin ["OP17-099">OP17-099][5000]
Charlotte Linlin ["OP17-099">OP17-099] hit for 1 damage
[AcesWife​#7970] The 3 Sweet Commanders ["OP17-114">OP17-114]: Activate Trigger
RZ1|432|2|OP17-114|1|5|6|19|1|1|0|0|0
RZ1|CHK|432|2|16|5|5|4|0|10|20|0|1|0
RZ1|433|2|OP17-113|2|4|6|20|1|1|0|0|0
RZ1|CHK|433|2|16|5|4|4|0|10|21|0|1|0
[AcesWife​#7970] Trash Streusen ["OP17-113">OP17-113]
RZ1|434|2|OP17-114|6|19|2|4|1|1|0|0|0
RZ1|CHK|434|2|16|5|5|4|0|10|20|0|1|0
[AcesWife​#7970] The 3 Sweet Commanders ["OP17-114">OP17-114]: Deploy The 3 Sweet Commanders ["OP17-114">OP17-114]
[Karlmalone​#2854] Edward Newgate ["OP17-040">OP17-040] attacking Charlotte Linlin ["OP17-099">OP17-099]
[AcesWife​#7970] Discard Zeus ["OP11-106">OP11-106] for Counter 2000
RZ1|435|2|OP11-106|1|2|6|20|1|1|0|0|0
RZ1|CHK|435|2|16|4|5|4|0|10|21|0|1|0
[AcesWife​#7970] Discard Zeus ["OP11-106">OP11-106] for Counter 2000
RZ1|436|2|OP11-106|1|1|6|21|1|1|0|0|0
RZ1|CHK|436|2|16|3|5|4|0|10|22|0|1|0
Edward Newgate ["OP17-040">OP17-040][8000] vs Charlotte Linlin ["OP17-099">OP17-099][9000]
Attack Fails
[Karlmalone​#2854] Shiki ["OP17-048">OP17-048] attacking Charlotte Linlin ["OP17-099">OP17-099]
RZ1|437|2|OP17-110|3|3|1|3|0|1|0|0|0
RZ1|CHK|437|2|16|4|5|3|0|10|22|0|1|0
Shiki ["OP17-048">OP17-048][9000] vs Charlotte Linlin ["OP17-099">OP17-099][5000]
Charlotte Linlin ["OP17-099">OP17-099] hit for 1 damage
[Karlmalone​#2854] Rocks D. Xebec ["OP17-118">OP17-118] attacking Charlotte Linlin ["OP17-099">OP17-099]
RZ1|438|2|OP17-117|3|2|1|4|0|1|0|0|0
RZ1|CHK|438|2|16|5|5|2|0|10|22|0|1|0
Rocks D. Xebec ["OP17-118">OP17-118][12000] vs Charlotte Linlin ["OP17-099">OP17-099][5000]
Charlotte Linlin ["OP17-099">OP17-099] hit for 1 damage
[AcesWife​#7970] Maser Saber ["OP17-117">OP17-117]: Activate Trigger
RZ1|439|2|OP17-117|1|4|6|22|1|1|0|0|0
RZ1|CHK|439|2|16|4|5|2|0|10|23|0|1|0
[AcesWife​#7970] Forcing opponent to resolve Card Action!
[Karlmalone​#2854] Forcing opponent to resolve Card Action!
[AcesWife​#7970] Maser Saber ["OP17-117">OP17-117]: Destroy Charlotte Linlin ["OP17-049">OP17-049]
RZ1|440|1|OP17-049|2|2|6|24|1|1|0|0|0
RZ1|CHK|440|1|13|5|4|2|0|10|25|1|1|0
[Karlmalone​#2854] Rocks D. Xebec ["OP17-118">OP17-118] attacking Charlotte Linlin ["OP17-099">OP17-099]
RZ1|441|2|OP17-113|3|1|1|4|0|1|0|0|0
RZ1|CHK|441|2|16|5|5|1|0|10|23|0|1|0
Rocks D. Xebec ["OP17-118">OP17-118][12000] vs Charlotte Linlin ["OP17-099">OP17-099][5000]
Charlotte Linlin ["OP17-099">OP17-099] hit for 1 damage
RZ1|442|1|Don|5|0|5|0|1|1|1|0|0
RZ1|CHK|442|1|13|5|4|2|0|10|25|1|1|0
RZ1|443|1|Don|5|1|5|1|1|1|1|0|0
RZ1|CHK|443|1|13|5|4|2|0|10|25|1|1|0
RZ1|444|1|Don|5|2|5|2|1|1|1|0|0
RZ1|CHK|444|1|13|5|4|2|0|10|25|1|1|0
RZ1|445|1|OP17-054|1|2|2|4|1|1|0|0|0
RZ1|CHK|445|1|13|4|5|2|0|10|25|1|1|0
[Karlmalone​#2854] Deploy Stussy ["OP17-054">OP17-054]
[Karlmalone​#2854] Stussy ["OP17-054">OP17-054]: Charlotte Cracker ["OP17-104">OP17-104] can't attack next turn
RZ1|446|1|Don|5|3|5|3|1|1|1|0|0
RZ1|CHK|446|1|13|4|5|2|0|10|25|1|1|0
RZ1|447|1|Don|5|4|5|4|1|1|1|0|0
RZ1|CHK|447|1|13|4|5|2|0|10|25|1|1|0
RZ1|448|1|Don|5|5|5|5|1|1|1|0|0
RZ1|CHK|448|1|13|4|5|2|0|10|25|1|1|0
[Karlmalone​#2854] Stussy ["OP17-054">OP17-054]: Rest 3 Don
[Karlmalone​#2854] Stussy ["OP17-054">OP17-054]: Rest Stussy ["OP17-054">OP17-054]
[Karlmalone​#2854] Stussy ["OP17-054">OP17-054]: Charlotte Linlin ["OP17-112">OP17-112] can't attack next turn
RZ1|449|1|Don|5|9|9|9900|1|1|0|0|0
RZ1|CHK|449|1|13|4|5|2|0|9|25|1|1|1
[Karlmalone​#2854] Attach 1 Don to Rocks D. Xebec ["OP17-039">OP17-039] (1 Total)
RZ1|450|1|Don|5|8|9|9901|1|1|0|0|0
RZ1|CHK|450|1|13|4|5|2|0|8|25|1|1|2
[Karlmalone​#2854] Attach 1 Don to Rocks D. Xebec ["OP17-039">OP17-039] (2 Total)
RZ1|451|1|Don|5|7|9|9902|1|1|0|0|0
RZ1|CHK|451|1|13|4|5|2|0|7|25|1|1|3
[Karlmalone​#2854] Attach 1 Don to Rocks D. Xebec ["OP17-039">OP17-039] (3 Total)
RZ1|452|1|Don|5|6|9|9903|1|1|0|0|0
RZ1|CHK|452|1|13|4|5|2|0|6|25|1|1|4
[Karlmalone​#2854] Attach 1 Don to Rocks D. Xebec ["OP17-039">OP17-039] (4 Total)
[Karlmalone​#2854] Rocks D. Xebec ["OP17-039">OP17-039] attacking Charlotte Linlin ["OP17-099">OP17-099]
RZ1|453|1|OP17-043|1|1|6|25|1|1|0|0|0
RZ1|CHK|453|1|13|3|5|2|0|6|26|1|1|4
RZ1|454|1|OP17-118|0|12|0|12|0|0|0|0|0
RZ1|CHK|454|1|13|3|5|2|0|6|26|1|1|4
[Karlmalone​#2854] Rocks D. Xebec ["OP17-039">OP17-039]: Trash Ganzui ["OP17-043">OP17-043]
[Karlmalone​#2854] Rocks D. Xebec ["OP17-039">OP17-039] revealed: Rocks D. Xebec ["OP17-118">OP17-118]
[Karlmalone​#2854] Drew card from deck: Rocks D. Xebec ["OP17-118">OP17-118]
RZ1|455|1|OP17-118|0|12|1|3|1|1|0|0|0
RZ1|CHK|455|1|12|4|5|2|0|6|26|1|1|4
[Karlmalone​#2854] Drew card from deck: Rocks Pirates ["OP17-056">OP17-056]
RZ1|456|1|OP17-056|0|11|1|4|1|1|0|0|0
RZ1|CHK|456|1|11|5|5|2|0|6|26|1|1|4
[Karlmalone​#2854] Rocks D. Xebec ["OP17-039">OP17-039]: Draw 2 Card
RZ1|457|2|OP17-106|3|0|1|5|0|1|0|0|0
RZ1|CHK|457|2|16|6|5|0|0|10|23|0|1|0
Rocks D. Xebec ["OP17-039">OP17-039][9000] vs Charlotte Linlin ["OP17-099">OP17-099][5000]
Charlotte Linlin ["OP17-099">OP17-099] hit for 1 damage
[AcesWife​#7970] Charlotte Smoothie ["OP17-106">OP17-106]: Activate Trigger
RZ1|458|2|OP17-106|1|5|6|23|1|1|0|0|0
RZ1|CHK|458|2|16|5|5|0|0|10|24|0|1|0
RZ1|459|2|OP17-104|2|3|6|24|1|1|0|0|0
RZ1|CHK|459|2|16|5|4|0|0|10|25|0|1|0
[AcesWife​#7970] Trash Charlotte Cracker ["OP17-104">OP17-104]
RZ1|460|2|OP17-106|6|23|2|4|1|1|0|0|0
RZ1|CHK|460|2|16|5|5|0|0|10|24|0|1|0
[AcesWife​#7970] Charlotte Smoothie ["OP17-106">OP17-106]: Deploy Charlotte Smoothie ["OP17-106">OP17-106]
[Karlmalone​#2854] Hand: [OP17-055,OP17-055,OP17-118,OP17-118,OP17-056]
[Karlmalone​#2854] Board: [OP17-048,OP17-118,OP17-118,OP17-040,OP17-054]
[Karlmalone​#2854] Trash: [OP17-052,OP17-046,OP17-045,OP17-057,OP17-046,OP17-052,OP17-055,OP17-048,OP17-057,OP17-049,OP17-042,OP17-052,OP17-054,OP17-046,OP17-050,OP17-050,OP17-043,OP17-049,OP17-046,OP17-056,OP17-044,OP17-054,OP17-045,OP17-050,OP17-049,OP17-043]
[Karlmalone​#2854] Life: 2
[AcesWife​#7970] Hand: [OP17-112,OP17-110,OP17-102,OP17-110,OP17-113]
[AcesWife​#7970] Trash: [OP17-111,OP17-117,OP08-105,OP16-119,OP17-102,OP17-103,OP17-111,OP17-103,OP11-106,OP17-108,OP17-102,OP11-106,OP16-119,OP17-108,OP17-109,OP17-114,OP17-103,ST20-005,OP17-104,OP17-113,OP11-106,OP11-106,OP17-117,OP17-104]
[AcesWife​#7970] Board: [OP17-112,OP17-113,OP17-109,OP17-114,OP17-106]
[AcesWife​#7970] Life: 0
[Karlmalone​#2854] End Turn
[AcesWife​#7970] Draw 1 Card
[AcesWife​#7970] Drew card from deck: Charlotte Katakuri ["OP17-103">OP17-103]
RZ1|461|2|OP17-103|0|15|1|5|0|1|0|0|0
RZ1|CHK|461|2|15|6|5|0|0|10|24|0|1|0
[AcesWife​#7970] Charlotte Linlin ["OP17-099">OP17-099] attacking Rocks D. Xebec ["OP17-039">OP17-039]
RZ1|462|2|OP17-110|1|1|6|24|1|1|0|0|0
RZ1|CHK|462|2|15|5|5|0|0|10|25|0|1|0
[AcesWife​#7970] Charlotte Linlin ["OP17-099">OP17-099]: Trash Charlotte Perospero ["OP17-110">OP17-110]
[AcesWife​#7970] Forcing opponent to resolve Card Action!
[Karlmalone​#2854] Forcing opponent to resolve Card Action!
RZ1|463|2|OP17-102|1|1|6|25|1|1|0|0|0
RZ1|CHK|463|2|15|4|5|0|0|10|26|0|1|0
[AcesWife​#7970] Charlotte Linlin ["OP17-099">OP17-099]: Trash Charlotte Oven ["OP17-102">OP17-102]
[AcesWife​#7970] Charlotte Linlin ["OP17-099">OP17-099]: Add card to top of Life from Deck
RZ1|464|2|OP17-110|0|14|3|0|0|1|0|0|0
RZ1|CHK|464|2|14|4|5|1|0|10|26|0|1|0
RZ1|465|1|OP17-056|1|4|6|26|1|1|0|0|0
RZ1|CHK|465|1|11|4|5|2|0|6|27|1|1|4
[Karlmalone​#2854] Fullalead ["OP17-057">OP17-057]: Rest Fullalead ["OP17-057">OP17-057]
[Karlmalone​#2854] Fullalead ["OP17-057">OP17-057]: Trash Rocks Pirates ["OP17-056">OP17-056]
[Karlmalone​#2854] Fullalead ["OP17-057">OP17-057]: Buff Rocks D. Xebec ["OP17-039">OP17-039] 1000 for the Combat
Charlotte Linlin ["OP17-099">OP17-099][5000] vs Rocks D. Xebec ["OP17-039">OP17-039][6000]
Attack Fails
[AcesWife​#7970] Charlotte Smoothie ["OP17-106">OP17-106] attacking Rocks D. Xebec ["OP17-039">OP17-039]
RZ1|466|1|OP17-055|1|1|6|27|1|1|0|0|0
RZ1|CHK|466|1|11|3|5|2|0|6|28|1|1|4
[Karlmalone​#2854] There's No Authority in the World ["OP17-055">OP17-055]: Activate Counter
[Karlmalone​#2854] There's No Authority in the World ["OP17-055">OP17-055]: Buff Rocks D. Xebec ["OP17-039">OP17-039] 2000 for the Combat
RZ1|467|1|OP17-118|1|2|6|28|1|1|0|0|0
RZ1|CHK|467|1|11|2|5|2|0|6|29|1|1|4
[Karlmalone​#2854] Discard Rocks D. Xebec ["OP17-118">OP17-118] for Counter 2000
Charlotte Smoothie ["OP17-106">OP17-106][8000] vs Rocks D. Xebec ["OP17-039">OP17-039][9000]
Attack Fails
[AcesWife​#7970] Charlotte Pudding ["OP17-109">OP17-109] attacking Rocks D. Xebec ["OP17-039">OP17-039]
RZ1|468|1|OP17-040|3|1|1|2|1|1|0|0|0
RZ1|CHK|468|1|11|3|5|1|0|6|29|1|1|4
Charlotte Pudding ["OP17-109">OP17-109][8000] vs Rocks D. Xebec ["OP17-039">OP17-039][5000]
Rocks D. Xebec ["OP17-039">OP17-039] hit for 1 damage
RZ1|469|2|Don|5|0|5|0|1|1|1|0|0
RZ1|CHK|469|2|14|4|5|1|0|10|26|0|1|0
RZ1|470|2|Don|5|1|5|1|1|1|1|0|0
RZ1|CHK|470|2|14|4|5|1|0|10|26|0|1|0
RZ1|471|2|Don|5|2|5|2|1|1|1|0|0
RZ1|CHK|471|2|14|4|5|1|0|10|26|0|1|0
RZ1|472|2|Don|5|3|5|3|1|1|1|0|0
RZ1|CHK|472|2|14|4|5|1|0|10|26|0|1|0
RZ1|473|2|Don|5|4|5|4|1|1|1|0|0
RZ1|CHK|473|2|14|4|5|1|0|10|26|0|1|0
RZ1|474|2|Don|5|5|5|5|1|1|1|0|0
RZ1|CHK|474|2|14|4|5|1|0|10|26|0|1|0
RZ1|475|2|Don|5|6|5|6|1|1|1|0|0
RZ1|CHK|475|2|14|4|5|1|0|10|26|0|1|0
RZ1|476|2|Don|5|7|5|7|1|1|1|0|0
RZ1|CHK|476|2|14|4|5|1|0|10|26|0|1|0
RZ1|477|2|Don|5|8|5|8|1|1|1|0|0
RZ1|CHK|477|2|14|4|5|1|0|10|26|0|1|0
RZ1|478|2|Don|5|9|5|9|1|1|1|0|0
RZ1|CHK|478|2|14|4|5|1|0|10|26|0|1|0
[AcesWife​#7970] Trash Streusen ["OP17-113">OP17-113]
[AcesWife​#7970] Deploy Charlotte Linlin ["OP17-112">OP17-112]
RZ1|479|2|OP17-113|2|1|6|26|1|1|0|0|0
RZ1|CHK|479|2|14|4|4|1|0|10|27|0|1|0
RZ1|480|2|OP17-112|1|0|2|4|1|1|0|0|0
RZ1|CHK|480|2|14|3|5|1|0|10|27|0|1|0
[AcesWife​#7970] Drew card from deck: Charlotte Pudding ["OP17-109">OP17-109]
RZ1|481|2|OP17-109|0|13|1|3|0|1|0|0|0
RZ1|CHK|481|2|13|4|5|1|0|10|27|0|1|0
[AcesWife​#7970] Charlotte Linlin ["OP17-112">OP17-112]: Draw 1 Card
[AcesWife​#7970] Charlotte Linlin ["OP17-112">OP17-112]: Send 1 Life to Hand
RZ1|482|1|OP17-040|3|0|1|3|1|1|0|0|0
RZ1|CHK|482|1|11|4|5|0|0|6|29|1|1|4
[AcesWife​#7970] The 3 Sweet Commanders ["OP17-114">OP17-114] attacking Rocks D. Xebec ["OP17-039">OP17-039]
RZ1|483|1|OP17-040|1|3|6|29|1|1|0|0|0
RZ1|CHK|483|1|11|3|5|0|0|6|30|1|1|4
[Karlmalone​#2854] Edward Newgate ["OP17-040">OP17-040]: Trash Edward Newgate ["OP17-040">OP17-040]
[Karlmalone​#2854] Edward Newgate ["OP17-040">OP17-040]: Buff Rocks D. Xebec ["OP17-039">OP17-039] 3000 for the Combat
RZ1|484|1|OP17-040|1|2|6|30|1|1|0|0|0
RZ1|CHK|484|1|11|2|5|0|0|6|31|1|1|4
[Karlmalone​#2854] Shiki ["OP17-048">OP17-048]: Trash Edward Newgate ["OP17-040">OP17-040]
[Karlmalone​#2854] Shiki ["OP17-048">OP17-048]: Buff The 3 Sweet Commanders ["OP17-114">OP17-114] -3000
The 3 Sweet Commanders ["OP17-114">OP17-114][5000] vs Rocks D. Xebec ["OP17-039">OP17-039][8000]
Attack Fails
[AcesWife​#7970] Concedes!
[AcesWife​#7970] Quits!
Opponent Has Disconnected!
[AcesWife​#7970] <b>Downloaded the Combat Log!</b>
GameOver