Version is 1.43a.1
[You] Leader is Crocodile ["OP14-079">OP14-079]
[Opponent] Leader is Donquixote Doflamingo ["OP04-019">OP04-019]
RZ1|6|2|OP08-025|0|21|0|0|0|0|0|0|0
RZ1|CHK|6|2|50|0|0|0|10|0|0|0|1|0
RZ1|7|2|OP08-036|0|42|0|1|0|0|0|0|0
RZ1|CHK|7|2|50|0|0|0|10|0|0|0|1|0
RZ1|8|2|OP07-026|0|17|0|2|0|0|0|0|0
RZ1|CHK|8|2|50|0|0|0|10|0|0|0|1|0
RZ1|9|2|OP08-030|0|25|0|3|0|0|0|0|0
RZ1|CHK|9|2|50|0|0|0|10|0|0|0|1|0
RZ1|10|2|ST18-001|0|38|0|4|0|0|0|0|0
RZ1|CHK|10|2|50|0|0|0|10|0|0|0|1|0
RZ1|11|2|OP08-025|0|25|0|5|0|0|0|0|0
RZ1|CHK|11|2|50|0|0|0|10|0|0|0|1|0
RZ1|12|2|OP01-048|0|8|0|6|0|0|0|0|0
RZ1|CHK|12|2|50|0|0|0|10|0|0|0|1|0
RZ1|13|2|ST05-004|0|33|0|7|0|0|0|0|0
RZ1|CHK|13|2|50|0|0|0|10|0|0|0|1|0
RZ1|14|2|ST12-008|0|30|0|8|0|0|0|0|0
RZ1|CHK|14|2|50|0|0|0|10|0|0|0|1|0
RZ1|15|2|ST05-011|0|36|0|10|0|0|0|0|0
RZ1|CHK|15|2|50|0|0|0|10|0|0|0|1|0
RZ1|16|2|OP08-069|0|32|0|11|0|0|0|0|0
RZ1|CHK|16|2|50|0|0|0|10|0|0|0|1|0
RZ1|17|2|OP04-030|0|16|0|12|0|0|0|0|0
RZ1|CHK|17|2|50|0|0|0|10|0|0|0|1|0
RZ1|18|2|OP07-021|0|22|0|13|0|0|0|0|0
RZ1|CHK|18|2|50|0|0|0|10|0|0|0|1|0
RZ1|19|2|OP07-076|0|46|0|14|0|0|0|0|0
RZ1|CHK|19|2|50|0|0|0|10|0|0|0|1|0
RZ1|20|2|ST05-011|0|37|0|15|0|0|0|0|0
RZ1|CHK|20|2|50|0|0|0|10|0|0|0|1|0
RZ1|21|2|ST05-004|0|36|0|16|0|0|0|0|0
RZ1|CHK|21|2|50|0|0|0|10|0|0|0|1|0
RZ1|22|2|OP07-021|0|26|0|17|0|0|0|0|0
RZ1|CHK|22|2|50|0|0|0|10|0|0|0|1|0
RZ1|23|2|OP08-030|0|33|0|18|0|0|0|0|0
RZ1|CHK|23|2|50|0|0|0|10|0|0|0|1|0
RZ1|24|2|OP04-031|0|25|0|20|0|0|0|0|0
RZ1|CHK|24|2|50|0|0|0|10|0|0|0|1|0
RZ1|25|2|OP04-029|0|22|0|21|0|0|0|0|0
RZ1|CHK|25|2|50|0|0|0|10|0|0|0|1|0
RZ1|26|2|OP07-076|0|46|0|22|0|0|0|0|0
RZ1|CHK|26|2|50|0|0|0|10|0|0|0|1|0
RZ1|27|2|ST18-001|0|40|0|23|0|0|0|0|0
RZ1|CHK|27|2|50|0|0|0|10|0|0|0|1|0
RZ1|28|2|OP08-024|0|34|0|24|0|0|0|0|0
RZ1|CHK|28|2|50|0|0|0|10|0|0|0|1|0
RZ1|29|2|OP08-030|0|37|0|25|0|0|0|0|0
RZ1|CHK|29|2|50|0|0|0|10|0|0|0|1|0
RZ1|30|2|OP07-076|0|45|0|26|0|0|0|0|0
RZ1|CHK|30|2|50|0|0|0|10|0|0|0|1|0
RZ1|31|2|OP01-058|0|44|0|27|0|0|0|0|0
RZ1|CHK|31|2|50|0|0|0|10|0|0|0|1|0
RZ1|32|2|ST18-001|0|43|0|28|0|0|0|0|0
RZ1|CHK|32|2|50|0|0|0|10|0|0|0|1|0
RZ1|33|2|ST05-004|0|41|0|29|0|0|0|0|0
RZ1|CHK|33|2|50|0|0|0|10|0|0|0|1|0
RZ1|34|2|OP06-035|0|34|0|30|0|0|0|0|0
RZ1|CHK|34|2|50|0|0|0|10|0|0|0|1|0
RZ1|35|2|OP08-036|0|45|0|31|0|0|0|0|0
RZ1|CHK|35|2|50|0|0|0|10|0|0|0|1|0
RZ1|36|2|OP05-040|0|49|0|32|0|0|0|0|0
RZ1|CHK|36|2|50|0|0|0|10|0|0|0|1|0
RZ1|37|2|OP07-026|0|39|0|33|0|0|0|0|0
RZ1|CHK|37|2|50|0|0|0|10|0|0|0|1|0
RZ1|38|2|OP07-021|0|39|0|34|0|0|0|0|0
RZ1|CHK|38|2|50|0|0|0|10|0|0|0|1|0
RZ1|39|2|OP07-026|0|41|0|35|0|0|0|0|0
RZ1|CHK|39|2|50|0|0|0|10|0|0|0|1|0
RZ1|40|2|OP05-040|0|48|0|36|0|0|0|0|0
RZ1|CHK|40|2|50|0|0|0|10|0|0|0|1|0
RZ1|41|2|OP08-024|0|43|0|38|0|0|0|0|0
RZ1|CHK|41|2|50|0|0|0|10|0|0|0|1|0
RZ1|42|2|OP07-026|0|43|0|39|0|0|0|0|0
RZ1|CHK|42|2|50|0|0|0|10|0|0|0|1|0
RZ1|43|2|ST18-001|0|46|0|40|0|0|0|0|0
RZ1|CHK|43|2|50|0|0|0|10|0|0|0|1|0
RZ1|44|2|OP07-076|0|48|0|41|0|0|0|0|0
RZ1|CHK|44|2|50|0|0|0|10|0|0|0|1|0
RZ1|45|2|OP08-030|0|46|0|42|0|0|0|0|0
RZ1|CHK|45|2|50|0|0|0|10|0|0|0|1|0
RZ1|46|2|OP01-058|0|48|0|43|0|0|0|0|0
RZ1|CHK|46|2|50|0|0|0|10|0|0|0|1|0
RZ1|47|2|OP04-031|0|46|0|44|0|0|0|0|0
RZ1|CHK|47|2|50|0|0|0|10|0|0|0|1|0
RZ1|48|2|OP07-021|0|47|0|45|0|0|0|0|0
RZ1|CHK|48|2|50|0|0|0|10|0|0|0|1|0
RZ1|49|2|ST05-004|0|48|0|46|0|0|0|0|0
RZ1|CHK|49|2|50|0|0|0|10|0|0|0|1|0
RZ1|50|2|OP04-030|0|48|0|47|0|0|0|0|0
RZ1|CHK|50|2|50|0|0|0|10|0|0|0|1|0
[] Drew card from deck: Miss Wednesday ["OP14-083">OP14-083]
RZ1|51|1|OP14-083|0|49|1|0|1|1|0|0|0
RZ1|CHK|51|1|49|1|0|0|10|0|0|0|1|0
[] Drew card from deck: Mr. 1 (Daz Bones) ["OP14-090">OP14-090]
RZ1|52|1|OP14-090|0|48|1|1|1|1|0|0|0
RZ1|CHK|52|1|48|2|0|0|10|0|0|0|1|0
[] Drew card from deck: Miss All Sunday ["OP14-084">OP14-084]
RZ1|53|1|OP14-084|0|47|1|2|1|1|0|0|0
RZ1|CHK|53|1|47|3|0|0|10|0|0|0|1|0
[] Drew card from deck: Mr. 2 Bon Clay (Bentham) ["OP14-091">OP14-091]
RZ1|54|1|OP14-091|0|46|1|3|1|1|0|0|0
RZ1|CHK|54|1|46|4|0|0|10|0|0|0|1|0
[] Drew card from deck: Mr. 1 (Daz Bones) ["OP14-090">OP14-090]
RZ1|55|1|OP14-090|0|45|1|4|1|1|0|0|0
RZ1|CHK|55|1|45|5|0|0|10|0|0|0|1|0
[] Drew card from deck: Bird Cage ["OP05-040">OP05-040]
RZ1|56|2|OP05-040|0|49|1|0|1|1|0|0|0
RZ1|CHK|56|2|49|1|0|0|10|0|0|0|1|0
[] Drew card from deck: Dellinger ["OP04-029">OP04-029]
RZ1|57|2|OP04-029|0|48|1|1|1|1|0|0|0
RZ1|CHK|57|2|48|2|0|0|10|0|0|0|1|0
[] Drew card from deck: Trebol ["OP04-030">OP04-030]
RZ1|58|2|OP04-030|0|47|1|2|1|1|0|0|0
RZ1|CHK|58|2|47|3|0|0|10|0|0|0|1|0
[] Drew card from deck: Uta ["ST05-004">ST05-004]
RZ1|59|2|ST05-004|0|46|1|3|1|1|0|0|0
RZ1|CHK|59|2|46|4|0|0|10|0|0|0|1|0
[] Drew card from deck: Uroge ["OP07-021">OP07-021]
RZ1|60|2|OP07-021|0|45|1|4|1|1|0|0|0
RZ1|CHK|60|2|45|5|0|0|10|0|0|0|1|0
RZ1|61|1|OP14-090|0|44|3|0|1|0|0|0|0
RZ1|CHK|61|1|44|5|0|1|10|0|0|0|1|0
RZ1|62|1|OP05-094|0|43|3|1|1|0|0|0|0
RZ1|CHK|62|1|43|5|0|2|10|0|0|0|1|0
RZ1|63|1|OP15-092|0|42|3|2|1|0|0|0|0
RZ1|CHK|63|1|42|5|0|3|10|0|0|0|1|0
RZ1|64|1|OP14-084|0|41|3|3|1|0|0|0|0
RZ1|CHK|64|1|41|5|0|4|10|0|0|0|1|0
RZ1|65|1|OP14-120|0|40|3|4|1|0|0|0|0
RZ1|CHK|65|1|40|5|0|5|10|0|0|0|1|0
RZ1|66|2|OP04-031|0|44|3|0|0|1|0|0|0
RZ1|CHK|66|2|44|5|0|1|10|0|0|0|1|0
RZ1|67|2|OP01-058|0|43|3|1|0|1|0|0|0
RZ1|CHK|67|2|43|5|0|2|10|0|0|0|1|0
RZ1|68|2|OP08-030|0|42|3|2|0|1|0|0|0
RZ1|CHK|68|2|42|5|0|3|10|0|0|0|1|0
RZ1|69|2|OP07-076|0|41|3|3|0|1|0|0|0
RZ1|CHK|69|2|41|5|0|4|10|0|0|0|1|0
[] Hand: [OP14-083,OP14-090,OP14-084,OP14-091,OP14-090]
[] Board: []
[] Trash: []
[] Life: 5
[] Hand: [OP05-040,OP04-029,OP04-030,ST05-004,OP07-021]
[] Trash: []
[] Board: []
[] Life: 4
RZ1|70|1|Don|4|9|5|0|1|1|0|0|0
RZ1|CHK|70|1|40|5|0|5|9|1|0|0|1|0
[You] Draw 1 Don
RZ1|71|1|Don|5|0|5|0|1|1|1|0|0
RZ1|CHK|71|1|40|5|0|5|9|1|0|0|1|0
[You] Deploy Miss Wednesday ["OP14-083">OP14-083]
RZ1|72|1|OP14-083|1|0|2|0|1|1|0|0|0
RZ1|CHK|72|1|40|4|1|5|9|1|0|0|1|0
[] Hand: [OP14-090,OP14-084,OP14-091,OP14-090]
[] Board: [OP14-083]
[] Trash: []
[] Life: 5
[] Hand: [OP05-040,OP04-029,OP04-030,ST05-004,OP07-021]
[] Trash: []
[] Board: []
[] Life: 4
[You] End Turn
[] Hand: [OP05-040,OP04-029,OP04-030,ST05-004,OP07-021]
[] Board: []
[] Trash: []
[] Life: 4
[] Hand: [OP14-090,OP14-084,OP14-091,OP14-090]
[] Trash: []
[] Board: [OP14-083]
[] Life: 5
[Opponent] Draw 1 Card
[] Drew card from deck: Usohachi ["ST18-001">ST18-001]
RZ1|73|2|ST18-001|0|40|1|5|1|1|0|0|0
RZ1|CHK|73|2|40|6|0|4|10|0|0|0|1|0
RZ1|74|2|Don|4|9|5|0|1|1|0|0|0
RZ1|CHK|74|2|40|6|0|4|9|1|0|0|1|0
RZ1|75|2|Don|4|8|5|1|1|1|0|0|0
RZ1|CHK|75|2|40|6|0|4|8|2|0|0|1|0
[Opponent] Draw 2 Don
[] Hand: [OP05-040,OP04-029,OP04-030,ST05-004,OP07-021,ST18-001]
[] Board: []
[] Trash: []
[] Life: 4
[] Hand: [OP14-090,OP14-084,OP14-091,OP14-090]
[] Trash: []
[] Board: [OP14-083]
[] Life: 5
[Opponent] End Turn
[] Hand: [OP14-090,OP14-084,OP14-091,OP14-090]
[] Board: [OP14-083]
[] Trash: []
[] Life: 5
[] Hand: [OP05-040,OP04-029,OP04-030,ST05-004,OP07-021,ST18-001]
[] Trash: []
[] Board: []
[] Life: 4
[You] Draw 1 Card
[] Drew card from deck: Miss All Sunday ["OP14-084">OP14-084]
RZ1|76|1|OP14-084|0|39|1|4|1|1|0|0|0
RZ1|CHK|76|1|39|5|1|5|9|1|0|0|1|0
RZ1|77|1|Don|4|8|5|1|1|1|0|0|0
RZ1|CHK|77|1|39|5|1|5|8|2|0|0|1|0
RZ1|78|1|Don|4|7|5|2|1|1|0|0|0
RZ1|CHK|78|1|39|5|1|5|7|3|0|0|1|0
[You] Draw 2 Don
[You] Crocodile ["OP14-079">OP14-079] attacking Donquixote Doflamingo ["OP04-019">OP04-019]
[Opponent] Discard Usohachi ["ST18-001">ST18-001] for Counter 2000
RZ1|79|2|ST18-001|1|5|6|0|1|1|0|0|0
RZ1|CHK|79|2|40|5|0|4|8|2|1|0|1|0
Crocodile ["OP14-079">OP14-079][5000] vs Donquixote Doflamingo ["OP04-019">OP04-019][7000]
Attack Fails
[] Hand: [OP14-090,OP14-084,OP14-091,OP14-090,OP14-084]
[] Board: [OP14-083]
[] Trash: []
[] Life: 5
[] Hand: [OP05-040,OP04-029,OP04-030,ST05-004,OP07-021]
[] Trash: [ST18-001]
[] Board: []
[] Life: 4
[You] End Turn
[] Hand: [OP05-040,OP04-029,OP04-030,ST05-004,OP07-021]
[] Board: []
[] Trash: [ST18-001]
[] Life: 4
[] Hand: [OP14-090,OP14-084,OP14-091,OP14-090,OP14-084]
[] Trash: []
[] Board: [OP14-083]
[] Life: 5
[Opponent] Draw 1 Card
[] Drew card from deck: Jewelry Bonney ["OP07-026">OP07-026]
RZ1|80|2|OP07-026|0|39|1|5|1|1|0|0|0
RZ1|CHK|80|2|39|6|0|4|8|2|1|0|1|0
RZ1|81|2|Don|4|7|5|2|1|1|0|0|0
RZ1|CHK|81|2|39|6|0|4|7|3|1|0|1|0
RZ1|82|2|Don|4|6|5|3|1|1|0|0|0
RZ1|CHK|82|2|39|6|0|4|6|4|1|0|1|0
[Opponent] Draw 2 Don
RZ1|83|2|Don|5|0|5|0|1|1|1|0|0
RZ1|CHK|83|2|39|6|0|4|6|4|1|0|1|0
RZ1|84|2|Don|5|1|5|1|1|1|1|0|0
RZ1|CHK|84|2|39|6|0|4|6|4|1|0|1|0
RZ1|85|2|Don|5|2|5|2|1|1|1|0|0
RZ1|CHK|85|2|39|6|0|4|6|4|1|0|1|0
RZ1|86|2|Don|5|3|5|3|1|1|1|0|0
RZ1|CHK|86|2|39|6|0|4|6|4|1|0|1|0
[Opponent] Deploy Uroge ["OP07-021">OP07-021]
RZ1|87|2|OP07-021|1|4|2|0|1|1|0|0|0
RZ1|CHK|87|2|39|5|1|4|6|4|1|0|1|0
[Opponent] Donquixote Doflamingo ["OP04-019">OP04-019] attacking Crocodile ["OP14-079">OP14-079]
Donquixote Doflamingo ["OP04-019">OP04-019][5000] vs Crocodile ["OP14-079">OP14-079][5000]
Crocodile ["OP14-079">OP14-079] hit for 1 damage
RZ1|88|1|OP14-120|3|4|1|5|1|1|0|0|0
RZ1|CHK|88|1|39|6|1|4|7|3|0|0|1|0
[Opponent] Donquixote Doflamingo ["OP04-019">OP04-019]: Activate 2 Don
RZ1|89|2|Don|5|3|5|3|1|1|0|0|0
RZ1|CHK|89|2|39|5|1|4|6|4|1|0|1|0
RZ1|90|2|Don|5|2|5|2|1|1|0|0|0
RZ1|CHK|90|2|39|5|1|4|6|4|1|0|1|0
[Opponent] Uroge ["OP07-021">OP07-021]: Activate 1 Don
RZ1|91|2|Don|5|1|5|1|1|1|0|0|0
RZ1|CHK|91|2|39|5|1|4|6|4|1|0|1|0
[] Hand: [OP05-040,OP04-029,OP04-030,ST05-004,OP07-026]
[] Board: [OP07-021]
[] Trash: [ST18-001]
[] Life: 4
[] Hand: [OP14-090,OP14-084,OP14-091,OP14-090,OP14-084,OP14-120]
[] Trash: []
[] Board: [OP14-083]
[] Life: 4
[Opponent] End Turn
[] Hand: [OP14-090,OP14-084,OP14-091,OP14-090,OP14-084,OP14-120]
[] Board: [OP14-083]
[] Trash: []
[] Life: 4
[] Hand: [OP05-040,OP04-029,OP04-030,ST05-004,OP07-026]
[] Trash: [ST18-001]
[] Board: [OP07-021]
[] Life: 4
[You] Draw 1 Card
[] Drew card from deck: Mr. 2 Bon Clay (Bentham) ["OP14-091">OP14-091]
RZ1|92|1|OP14-091|0|38|1|6|1|1|0|0|0
RZ1|CHK|92|1|38|7|1|4|7|3|0|0|1|0
RZ1|93|1|Don|4|6|5|3|1|1|0|0|0
RZ1|CHK|93|1|38|7|1|4|6|4|0|0|1|0
RZ1|94|1|Don|4|5|5|4|1|1|0|0|0
RZ1|CHK|94|1|38|7|1|4|5|5|0|0|1|0
[You] Draw 2 Don
RZ1|95|1|Don|5|0|5|0|1|1|1|0|0
RZ1|CHK|95|1|38|7|1|4|5|5|0|0|1|0
RZ1|96|1|Don|5|1|5|1|1|1|1|0|0
RZ1|CHK|96|1|38|7|1|4|5|5|0|0|1|0
RZ1|97|1|Don|5|2|5|2|1|1|1|0|0
RZ1|CHK|97|1|38|7|1|4|5|5|0|0|1|0
RZ1|98|1|Don|5|3|5|3|1|1|1|0|0
RZ1|CHK|98|1|38|7|1|4|5|5|0|0|1|0
RZ1|99|1|Don|5|4|5|4|1|1|1|0|0
RZ1|CHK|99|1|38|7|1|4|5|5|0|0|1|0
[You] Deploy Mr. 1 (Daz Bones) ["OP14-090">OP14-090]
RZ1|100|1|OP14-090|1|0|2|1|1|1|0|0|0
RZ1|CHK|100|1|38|6|2|4|5|5|0|0|1|0
RZ1|101|1|OP14-083|2|0|6|0|1|1|0|0|0
RZ1|CHK|101|1|38|6|1|4|5|5|1|0|1|0
[You] Miss Wednesday ["OP14-083">OP14-083]: Trash Miss Wednesday ["OP14-083">OP14-083]
[You] Crocodile ["OP14-079">OP14-079]: Destroy Mr. 1 (Daz Bones) ["OP14-090">OP14-090]
[You] Crocodile ["OP14-079">OP14-079]: Uroge ["OP07-021">OP07-021] Cost -10
RZ1|102|1|OP14-090|2|0|6|1|1|1|0|0|0
RZ1|CHK|102|1|38|6|0|4|5|5|2|0|1|0
[You] Crocodile ["OP14-079">OP14-079] attacking Donquixote Doflamingo ["OP04-019">OP04-019]
Crocodile ["OP14-079">OP14-079][5000] vs Donquixote Doflamingo ["OP04-019">OP04-019][5000]
Donquixote Doflamingo ["OP04-019">OP04-019] hit for 1 damage
RZ1|103|2|OP07-076|3|3|1|5|1|1|0|0|0
RZ1|CHK|103|2|39|6|1|3|6|4|1|0|1|0
Uroge ["OP07-021">OP07-021] cost restored
[] Hand: [OP14-084,OP14-091,OP14-090,OP14-084,OP14-120,OP14-091]
[] Board: []
[] Trash: [OP14-083,OP14-090]
[] Life: 4
[] Hand: [OP05-040,OP04-029,OP04-030,ST05-004,OP07-026,OP07-076]
[] Trash: [ST18-001]
[] Board: [OP07-021]
[] Life: 3
[You] End Turn
[] Hand: [OP05-040,OP04-029,OP04-030,ST05-004,OP07-026,OP07-076]
[] Board: [OP07-021]
[] Trash: [ST18-001]
[] Life: 3
[] Hand: [OP14-084,OP14-091,OP14-090,OP14-084,OP14-120,OP14-091]
[] Trash: [OP14-083,OP14-090]
[] Board: []
[] Life: 4
[Opponent] Draw 1 Card
[] Drew card from deck: Conslot ["OP08-024">OP08-024]
RZ1|104|2|OP08-024|0|38|1|6|1|1|0|0|0
RZ1|CHK|104|2|38|7|1|3|6|4|1|0|1|0
RZ1|105|2|Don|4|5|5|4|1|1|0|0|0
RZ1|CHK|105|2|38|7|1|3|5|5|1|0|1|0
RZ1|106|2|Don|4|4|5|5|1|1|0|0|0
RZ1|CHK|106|2|38|7|1|3|4|6|1|0|1|0
[Opponent] Draw 2 Don
RZ1|107|2|Don|5|0|9|9900|1|1|0|0|0
RZ1|CHK|107|2|38|7|1|3|4|5|1|0|1|1
[Opponent] Attach 1 Don to Donquixote Doflamingo ["OP04-019">OP04-019] (1 Total)
[Opponent] Donquixote Doflamingo ["OP04-019">OP04-019] attacking Crocodile ["OP14-079">OP14-079]
Donquixote Doflamingo ["OP04-019">OP04-019][6000] vs Crocodile ["OP14-079">OP14-079][5000]
Crocodile ["OP14-079">OP14-079] hit for 1 damage
RZ1|108|1|OP14-084|3|3|1|6|1|1|0|0|0
RZ1|CHK|108|1|38|7|0|3|5|5|2|0|1|0
RZ1|109|2|Don|5|0|9|0|1|1|0|0|0
RZ1|CHK|109|2|38|7|1|3|4|4|1|0|1|2
[Opponent] Attach 1 Don to Uroge ["OP07-021">OP07-021] (1 Total)
[Opponent] Uroge ["OP07-021">OP07-021] attacking Crocodile ["OP14-079">OP14-079]
Uroge ["OP07-021">OP07-021][6000] vs Crocodile ["OP14-079">OP14-079][5000]
Crocodile ["OP14-079">OP14-079] hit for 1 damage
RZ1|110|1|OP15-092|3|2|1|7|1|1|0|0|0
RZ1|CHK|110|1|38|8|0|2|5|5|2|0|1|0
RZ1|111|2|Don|5|0|5|0|1|1|1|0|0
RZ1|CHK|111|2|38|7|1|3|4|4|1|0|1|2
RZ1|112|2|Don|5|1|5|1|1|1|1|0|0
RZ1|CHK|112|2|38|7|1|3|4|4|1|0|1|2
RZ1|113|2|Don|5|2|5|2|1|1|1|0|0
RZ1|CHK|113|2|38|7|1|3|4|4|1|0|1|2
RZ1|114|2|Don|5|3|5|3|1|1|1|0|0
RZ1|CHK|114|2|38|7|1|3|4|4|1|0|1|2
[Opponent] Deploy Uta ["ST05-004">ST05-004]
RZ1|115|2|ST05-004|1|3|2|1|1|1|0|0|0
RZ1|CHK|115|2|38|6|2|3|4|4|1|0|1|2
[Opponent] Donquixote Doflamingo ["OP04-019">OP04-019]: Activate 2 Don
RZ1|116|2|Don|5|3|5|3|1|1|0|0|0
RZ1|CHK|116|2|38|6|2|3|4|4|1|0|1|2
RZ1|117|2|Don|5|2|5|2|1|1|0|0|0
RZ1|CHK|117|2|38|6|2|3|4|4|1|0|1|2
[] Hand: [OP05-040,OP04-029,OP04-030,OP07-026,OP07-076,OP08-024]
[] Board: [OP07-021,ST05-004]
[] Trash: [ST18-001]
[] Life: 3
[] Hand: [OP14-084,OP14-091,OP14-090,OP14-084,OP14-120,OP14-091,OP14-084,OP15-092]
[] Trash: [OP14-083,OP14-090]
[] Board: []
[] Life: 2
[Opponent] End Turn
[] Hand: [OP14-084,OP14-091,OP14-090,OP14-084,OP14-120,OP14-091,OP14-084,OP15-092]
[] Board: []
[] Trash: [OP14-083,OP14-090]
[] Life: 2
[] Hand: [OP05-040,OP04-029,OP04-030,OP07-026,OP07-076,OP08-024]
[] Trash: [ST18-001]
[] Board: [OP07-021,ST05-004]
[] Life: 3
[You] Draw 1 Card
[] Drew card from deck: Disappointed? ["OP14-099">OP14-099]
RZ1|118|1|OP14-099|0|37|1|8|1|1|0|0|0
RZ1|CHK|118|1|37|9|0|2|5|5|2|0|1|0
RZ1|119|1|Don|4|4|5|5|1|1|0|0|0
RZ1|CHK|119|1|37|9|0|2|4|6|2|0|1|0
RZ1|120|1|Don|4|3|5|6|1|1|0|0|0
RZ1|CHK|120|1|37|9|0|2|3|7|2|0|1|0
[You] Draw 2 Don
RZ1|121|1|Don|5|0|5|0|1|1|1|0|0
RZ1|CHK|121|1|37|9|0|2|3|7|2|0|1|0
RZ1|122|1|Don|5|1|5|1|1|1|1|0|0
RZ1|CHK|122|1|37|9|0|2|3|7|2|0|1|0
RZ1|123|1|Don|5|2|5|2|1|1|1|0|0
RZ1|CHK|123|1|37|9|0|2|3|7|2|0|1|0
RZ1|124|1|Don|5|3|5|3|1|1|1|0|0
RZ1|CHK|124|1|37|9|0|2|3|7|2|0|1|0
RZ1|125|1|Don|5|4|5|4|1|1|1|0|0
RZ1|CHK|125|1|37|9|0|2|3|7|2|0|1|0
[You] Deploy Mr. 1 (Daz Bones) ["OP14-090">OP14-090]
RZ1|126|1|OP14-090|1|2|2|0|1|1|0|0|0
RZ1|CHK|126|1|37|8|1|2|3|7|2|0|1|0
[You] Crocodile ["OP14-079">OP14-079]: Destroy Mr. 1 (Daz Bones) ["OP14-090">OP14-090]
[You] Crocodile ["OP14-079">OP14-079]: Uroge ["OP07-021">OP07-021] Cost -10
RZ1|127|1|OP14-090|2|0|6|2|1|1|0|0|0
RZ1|CHK|127|1|37|8|0|2|3|7|3|0|1|0
[You] Crocodile ["OP14-079">OP14-079] attacking Uroge ["OP07-021">OP07-021]
[Opponent] NoroNoro Beam Sword ["OP07-076">OP07-076]: Activate Counter
[Opponent] NoroNoro Beam Sword ["OP07-076">OP07-076]: Rest 2 Don
RZ1|128|2|Don|5|2|5|2|1|1|1|0|0
RZ1|CHK|128|2|38|6|2|3|4|4|1|0|1|2
RZ1|129|2|Don|5|3|5|3|1|1|1|0|0
RZ1|CHK|129|2|38|6|2|3|4|4|1|0|1|2
RZ1|130|2|OP07-076|1|4|6|1|1|1|0|0|0
RZ1|CHK|130|2|38|5|2|3|4|4|2|0|1|2
RZ1|131|2|Don|9|0|4|4|1|1|0|0|0
RZ1|CHK|131|2|38|5|2|3|5|4|2|0|1|1
[Opponent] NoroNoro Beam Sword ["OP07-076">OP07-076]: Minus 1 Don
[Opponent] NoroNoro Beam Sword ["OP07-076">OP07-076]: Buff Uroge ["OP07-021">OP07-021] 2000 for the Combat
Crocodile ["OP14-079">OP14-079][5000] vs Uroge ["OP07-021">OP07-021][7000]
Attack Fails
[You] Disappointed? ["OP14-099">OP14-099]: Rest 1 Don
RZ1|132|1|Don|5|5|5|5|1|1|1|0|0
RZ1|CHK|132|1|37|8|0|2|3|7|3|0|1|0
RZ1|133|1|OP14-099|1|7|6|3|1|1|0|0|0
RZ1|CHK|133|1|37|7|0|2|3|7|4|0|1|0
RZ1|134|1|OP14-094|0|35|1|7|1|1|0|0|0
RZ1|CHK|134|1|36|8|0|2|3|7|4|0|1|0
[You] Disappointed? ["OP14-099">OP14-099]: <b>Reveal and Draw Mr. 5 (Gem) ["OP14-094">OP14-094]</b>
[You] Disappointed? ["OP14-099">OP14-099]: Trash 2 Remaining Cards
RZ1|135|1|OP14-086|0|35|6|4|1|1|0|0|0
RZ1|CHK|135|1|35|8|0|2|3|7|5|0|1|0
RZ1|136|1|OP14-084|0|34|6|5|1|1|0|0|0
RZ1|CHK|136|1|34|8|0|2|3|7|6|0|1|0
Uroge ["OP07-021">OP07-021] cost restored
[] Hand: [OP14-084,OP14-091,OP14-084,OP14-120,OP14-091,OP14-084,OP15-092,OP14-094]
[] Board: []
[] Trash: [OP14-083,OP14-090,OP14-090,OP14-099,OP14-086,OP14-084]
[] Life: 2
[] Hand: [OP05-040,OP04-029,OP04-030,OP07-026,OP08-024]
[] Trash: [ST18-001,OP07-076]
[] Board: [OP07-021,ST05-004]
[] Life: 3
[You] End Turn
[] Hand: [OP05-040,OP04-029,OP04-030,OP07-026,OP08-024]
[] Board: [OP07-021,ST05-004]
[] Trash: [ST18-001,OP07-076]
[] Life: 3
[] Hand: [OP14-084,OP14-091,OP14-084,OP14-120,OP14-091,OP14-084,OP15-092,OP14-094]
[] Trash: [OP14-083,OP14-090,OP14-090,OP14-099,OP14-086,OP14-084]
[] Board: []
[] Life: 2
RZ1|137|2|Don|9|9900|5|0|1|1|1|0|0
RZ1|CHK|137|2|38|5|2|3|5|5|2|0|1|0
[Opponent] Draw 1 Card
[] Drew card from deck: Eustass "Captain" Kid ["OP01-051">OP01-051]
RZ1|138|2|OP01-051|0|37|1|5|1|1|0|0|0
RZ1|CHK|138|2|37|6|2|3|5|5|2|0|1|0
RZ1|139|2|Don|4|4|5|5|1|1|0|0|0
RZ1|CHK|139|2|37|6|2|3|4|6|2|0|1|0
RZ1|140|2|Don|4|3|5|6|1|1|0|0|0
RZ1|CHK|140|2|37|6|2|3|3|7|2|0|1|0
[Opponent] Draw 2 Don
RZ1|141|2|Don|5|0|5|0|1|1|1|0|0
RZ1|CHK|141|2|37|6|2|3|3|7|2|0|1|0
RZ1|142|2|Don|5|1|5|1|1|1|1|0|0
RZ1|CHK|142|2|37|6|2|3|3|7|2|0|1|0
RZ1|143|2|Don|5|2|5|2|1|1|1|0|0
RZ1|CHK|143|2|37|6|2|3|3|7|2|0|1|0
RZ1|144|2|Don|5|3|5|3|1|1|1|0|0
RZ1|CHK|144|2|37|6|2|3|3|7|2|0|1|0
RZ1|145|2|Don|5|4|5|4|1|1|1|0|0
RZ1|CHK|145|2|37|6|2|3|3|7|2|0|1|0
RZ1|146|2|Don|5|5|5|5|1|1|1|0|0
RZ1|CHK|146|2|37|6|2|3|3|7|2|0|1|0
[Opponent] Deploy Trebol ["OP04-030">OP04-030]
RZ1|147|2|OP04-030|1|2|2|2|1|1|0|0|0
RZ1|CHK|147|2|37|5|3|3|3|7|2|0|1|0
RZ1|148|2|Don|5|6|9|9900|1|1|0|0|0
RZ1|CHK|148|2|37|5|3|3|3|6|2|0|1|1
[Opponent] Attach 1 Don to Donquixote Doflamingo ["OP04-019">OP04-019] (1 Total)
[Opponent] Uroge ["OP07-021">OP07-021] attacking Crocodile ["OP14-079">OP14-079]
[You] Discard Mr. 2 Bon Clay (Bentham) ["OP14-091">OP14-091] for Counter 1000
RZ1|149|1|OP14-091|1|1|6|6|1|1|0|0|0
RZ1|CHK|149|1|34|7|0|2|3|7|7|0|1|0
Uroge ["OP07-021">OP07-021][5000] vs Crocodile ["OP14-079">OP14-079][6000]
Attack Fails
[Opponent] Uta ["ST05-004">ST05-004] attacking Crocodile ["OP14-079">OP14-079]
[You] Discard Mr. 2 Bon Clay (Bentham) ["OP14-091">OP14-091] for Counter 1000
RZ1|150|1|OP14-091|1|3|6|7|1|1|0|0|0
RZ1|CHK|150|1|34|6|0|2|3|7|8|0|1|0
Uta ["ST05-004">ST05-004][5000] vs Crocodile ["OP14-079">OP14-079][6000]
Attack Fails
[Opponent] Donquixote Doflamingo ["OP04-019">OP04-019] attacking Crocodile ["OP14-079">OP14-079]
[You] Discard Monkey D. Luffy ["OP15-092">OP15-092] for Counter 1000
RZ1|151|1|OP15-092|1|4|6|8|1|1|0|0|0
RZ1|CHK|151|1|34|5|0|2|3|7|9|0|1|0
[You] Discard Mr. 5 (Gem) ["OP14-094">OP14-094] for Counter 1000
RZ1|152|1|OP14-094|1|4|6|9|1|1|0|0|0
RZ1|CHK|152|1|34|4|0|2|3|7|10|0|1|0
Donquixote Doflamingo ["OP04-019">OP04-019][6000] vs Crocodile ["OP14-079">OP14-079][7000]
Attack Fails
[Opponent] Donquixote Doflamingo ["OP04-019">OP04-019]: Activate 2 Don
RZ1|153|2|Don|5|5|5|5|1|1|0|0|0
RZ1|CHK|153|2|37|5|3|3|3|6|2|0|1|1
RZ1|154|2|Don|5|4|5|4|1|1|0|0|0
RZ1|CHK|154|2|37|5|3|3|3|6|2|0|1|1
[] Hand: [OP05-040,OP04-029,OP07-026,OP08-024,OP01-051]
[] Board: [OP07-021,ST05-004,OP04-030]
[] Trash: [ST18-001,OP07-076]
[] Life: 3
[] Hand: [OP14-084,OP14-084,OP14-120,OP14-084]
[] Trash: [OP14-083,OP14-090,OP14-090,OP14-099,OP14-086,OP14-084,OP14-091,OP14-091,OP15-092,OP14-094]
[] Board: []
[] Life: 2
[Opponent] End Turn
[] Hand: [OP14-084,OP14-084,OP14-120,OP14-084]
[] Board: []
[] Trash: [OP14-083,OP14-090,OP14-090,OP14-099,OP14-086,OP14-084,OP14-091,OP14-091,OP15-092,OP14-094]
[] Life: 2
[] Hand: [OP05-040,OP04-029,OP07-026,OP08-024,OP01-051]
[] Trash: [ST18-001,OP07-076]
[] Board: [OP07-021,ST05-004,OP04-030]
[] Life: 3
[You] Draw 1 Card
[] Drew card from deck: Haute Couture: Patch Work ["OP05-094">OP05-094]
RZ1|155|1|OP05-094|0|33|1|4|1|1|0|0|0
RZ1|CHK|155|1|33|5|0|2|3|7|10|0|1|0
RZ1|156|1|Don|4|2|5|7|1|1|0|0|0
RZ1|CHK|156|1|33|5|0|2|2|8|10|0|1|0
RZ1|157|1|Don|4|1|5|8|1|1|0|0|0
RZ1|CHK|157|1|33|5|0|2|1|9|10|0|1|0
[You] Draw 2 Don
RZ1|158|1|Don|5|0|5|0|1|1|1|0|0
RZ1|CHK|158|1|33|5|0|2|1|9|10|0|1|0
RZ1|159|1|Don|5|1|5|1|1|1|1|0|0
RZ1|CHK|159|1|33|5|0|2|1|9|10|0|1|0
RZ1|160|1|Don|5|2|5|2|1|1|1|0|0
RZ1|CHK|160|1|33|5|0|2|1|9|10|0|1|0
RZ1|161|1|Don|5|3|5|3|1|1|1|0|0
RZ1|CHK|161|1|33|5|0|2|1|9|10|0|1|0
RZ1|162|1|Don|5|4|5|4|1|1|1|0|0
RZ1|CHK|162|1|33|5|0|2|1|9|10|0|1|0
RZ1|163|1|Don|5|5|5|5|1|1|1|0|0
RZ1|CHK|163|1|33|5|0|2|1|9|10|0|1|0
RZ1|164|1|Don|5|6|5|6|1|1|1|0|0
RZ1|CHK|164|1|33|5|0|2|1|9|10|0|1|0
RZ1|165|1|Don|5|7|5|7|1|1|1|0|0
RZ1|CHK|165|1|33|5|0|2|1|9|10|0|1|0
[You] Deploy Crocodile ["OP14-120">OP14-120]
RZ1|166|1|OP14-120|1|2|2|0|1|1|0|0|0
RZ1|CHK|166|1|33|4|1|2|1|9|10|0|1|0
[You] Crocodile ["OP14-120">OP14-120]: Uroge ["OP07-021">OP07-021] can't attack next turn
[You] Crocodile ["OP14-079">OP14-079] attacking Uroge ["OP07-021">OP07-021]
[Opponent] Discard Dellinger ["OP04-029">OP04-029] for Counter 1000
RZ1|167|2|OP04-029|1|1|6|2|1|1|0|0|0
RZ1|CHK|167|2|37|4|3|3|3|6|3|0|1|1
Crocodile ["OP14-079">OP14-079][5000] vs Uroge ["OP07-021">OP07-021][6000]
Attack Fails
RZ1|168|1|Don|5|8|5|8|1|1|1|0|0
RZ1|CHK|168|1|33|4|1|2|1|9|10|0|1|0
RZ1|169|1|OP05-094|1|3|6|10|1|1|0|0|0
RZ1|CHK|169|1|33|3|1|2|1|9|11|0|1|0
[You] Haute Couture: Patch Work ["OP05-094">OP05-094]: Uroge ["OP07-021">OP07-021] Cost -3
[You] Crocodile ["OP14-079">OP14-079]: Destroy Crocodile ["OP14-120">OP14-120]
[You] Crocodile ["OP14-079">OP14-079]: Uroge ["OP07-021">OP07-021] Cost -10
RZ1|170|1|OP14-120|2|0|6|11|1|1|0|0|0
RZ1|CHK|170|1|33|3|0|2|1|9|12|0|1|0
Uroge ["OP07-021">OP07-021] cost restored
[] Hand: [OP14-084,OP14-084,OP14-084]
[] Board: []
[] Trash: [OP14-083,OP14-090,OP14-090,OP14-099,OP14-086,OP14-084,OP14-091,OP14-091,OP15-092,OP14-094,OP05-094,OP14-120]
[] Life: 2
[] Hand: [OP05-040,OP07-026,OP08-024,OP01-051]
[] Trash: [ST18-001,OP07-076,OP04-029]
[] Board: [OP07-021,ST05-004,OP04-030]
[] Life: 3
[You] End Turn
[] Hand: [OP05-040,OP07-026,OP08-024,OP01-051]
[] Board: [OP07-021,ST05-004,OP04-030]
[] Trash: [ST18-001,OP07-076,OP04-029]
[] Life: 3
[] Hand: [OP14-084,OP14-084,OP14-084]
[] Trash: [OP14-083,OP14-090,OP14-090,OP14-099,OP14-086,OP14-084,OP14-091,OP14-091,OP15-092,OP14-094,OP05-094,OP14-120]
[] Board: []
[] Life: 2
RZ1|171|2|Don|9|9900|5|0|1|1|1|0|0
RZ1|CHK|171|2|37|4|3|3|3|7|3|0|1|0
[Opponent] Draw 1 Card
[] Drew card from deck: Bird Cage ["OP05-040">OP05-040]
RZ1|172|2|OP05-040|0|36|1|4|1|1|0|0|0
RZ1|CHK|172|2|36|5|3|3|3|7|3|0|1|0
RZ1|173|2|Don|4|2|5|7|1|1|0|0|0
RZ1|CHK|173|2|36|5|3|3|2|8|3|0|1|0
RZ1|174|2|Don|4|1|5|8|1|1|0|0|0
RZ1|CHK|174|2|36|5|3|3|1|9|3|0|1|0
[Opponent] Draw 2 Don
RZ1|175|2|Don|5|0|5|0|1|1|1|0|0
RZ1|CHK|175|2|36|5|3|3|1|9|3|0|1|0
RZ1|176|2|Don|5|1|5|1|1|1|1|0|0
RZ1|CHK|176|2|36|5|3|3|1|9|3|0|1|0
RZ1|177|2|Don|5|2|5|2|1|1|1|0|0
RZ1|CHK|177|2|36|5|3|3|1|9|3|0|1|0
RZ1|178|2|Don|5|3|5|3|1|1|1|0|0
RZ1|CHK|178|2|36|5|3|3|1|9|3|0|1|0
RZ1|179|2|Don|5|4|5|4|1|1|1|0|0
RZ1|CHK|179|2|36|5|3|3|1|9|3|0|1|0
RZ1|180|2|Don|5|5|5|5|1|1|1|0|0
RZ1|CHK|180|2|36|5|3|3|1|9|3|0|1|0
RZ1|181|2|Don|5|6|5|6|1|1|1|0|0
RZ1|CHK|181|2|36|5|3|3|1|9|3|0|1|0
RZ1|182|2|Don|5|7|5|7|1|1|1|0|0
RZ1|CHK|182|2|36|5|3|3|1|9|3|0|1|0
[Opponent] Deploy Eustass "Captain" Kid ["OP01-051">OP01-051]
RZ1|183|2|OP01-051|1|3|2|3|1|1|0|0|0
RZ1|CHK|183|2|36|4|4|3|1|9|3|0|1|0
RZ1|184|2|Don|5|8|9|9900|1|1|0|0|0
RZ1|CHK|184|2|36|4|4|3|1|8|3|0|1|1
[Opponent] Attach 1 Don to Donquixote Doflamingo ["OP04-019">OP04-019] (1 Total)
[Opponent] Donquixote Doflamingo ["OP04-019">OP04-019] attacking Crocodile ["OP14-079">OP14-079]
Donquixote Doflamingo ["OP04-019">OP04-019][6000] vs Crocodile ["OP14-079">OP14-079][5000]
Crocodile ["OP14-079">OP14-079] hit for 1 damage
RZ1|185|1|OP05-094|3|1|1|3|1|1|0|0|0
RZ1|CHK|185|1|33|4|0|1|1|9|12|0|1|0
[Opponent] Uta ["ST05-004">ST05-004] attacking Crocodile ["OP14-079">OP14-079]
Uta ["ST05-004">ST05-004][5000] vs Crocodile ["OP14-079">OP14-079][5000]
Crocodile ["OP14-079">OP14-079] hit for 1 damage
RZ1|186|1|OP14-090|3|0|1|4|1|1|0|0|0
RZ1|CHK|186|1|33|5|0|0|1|9|12|0|1|0
[Opponent] Eustass "Captain" Kid ["OP01-051">OP01-051]: Deploy Conslot ["OP08-024">OP08-024]
RZ1|187|2|OP08-024|1|2|2|4|1|1|0|0|0
RZ1|CHK|187|2|36|3|5|3|1|8|3|0|1|1
[Opponent] Trebol ["OP04-030">OP04-030] attacking Crocodile ["OP14-079">OP14-079]
Trebol ["OP04-030">OP04-030][6000] vs Crocodile ["OP14-079">OP14-079][5000]
Crocodile ["OP14-079">OP14-079] hit for 1 damage
[You] <b>Downloaded the Combat Log!</b>
GameOver