Version is 1.43a.1
[You] Leader is Dracule Mihawk ["OP14-020">OP14-020]
RZ1|HDR|1.43a|2|RZ1
RZ1|PLY|1||OP14-020
RZ1|PLY|2||
[Opponent] Leader is Rocks D. Xebec ["OP17-039">OP17-039]
RZ1|1|2|OP17-046|0|21|0|0|0|0|0|0|0
RZ1|CHK|1|2|50|0|0|0|10|0|0|0|1|0
RZ1|2|2|OP17-056|0|45|0|1|0|0|0|0|0
RZ1|CHK|2|2|50|0|0|0|10|0|0|0|1|0
RZ1|3|2|OP17-049|0|28|0|2|0|0|0|0|0
RZ1|CHK|3|2|50|0|0|0|10|0|0|0|1|0
RZ1|4|2|OP17-042|0|19|0|3|0|0|0|0|0
RZ1|CHK|4|2|50|0|0|0|10|0|0|0|1|0
RZ1|5|2|OP17-046|0|24|0|4|0|0|0|0|0
RZ1|CHK|5|2|50|0|0|0|10|0|0|0|1|0
RZ1|6|2|OP17-050|0|10|0|5|0|0|0|0|0
RZ1|CHK|6|2|50|0|0|0|10|0|0|0|1|0
RZ1|7|2|OP17-118|0|39|0|6|0|0|0|0|0
RZ1|CHK|7|2|50|0|0|0|10|0|0|0|1|0
RZ1|8|2|OP17-048|0|38|0|7|0|0|0|0|0
RZ1|CHK|8|2|50|0|0|0|10|0|0|0|1|0
RZ1|9|2|OP17-040|0|34|0|8|0|0|0|0|0
RZ1|CHK|9|2|50|0|0|0|10|0|0|0|1|0
RZ1|10|2|OP17-044|0|25|0|9|0|0|0|0|0
RZ1|CHK|10|2|50|0|0|0|10|0|0|0|1|0
RZ1|11|2|OP17-045|0|16|0|10|0|0|0|0|0
RZ1|CHK|11|2|50|0|0|0|10|0|0|0|1|0
RZ1|12|2|OP17-044|0|26|0|11|0|0|0|0|0
RZ1|CHK|12|2|50|0|0|0|10|0|0|0|1|0
RZ1|13|2|OP17-057|0|49|0|12|0|0|0|0|0
RZ1|CHK|13|2|50|0|0|0|10|0|0|0|1|0
RZ1|14|2|OP17-054|0|25|0|13|0|0|0|0|0
RZ1|CHK|14|2|50|0|0|0|10|0|0|0|1|0
RZ1|15|2|OP17-050|0|17|0|14|0|0|0|0|0
RZ1|CHK|15|2|50|0|0|0|10|0|0|0|1|0
RZ1|16|2|OP17-054|0|25|0|15|0|0|0|0|0
RZ1|CHK|16|2|50|0|0|0|10|0|0|0|1|0
RZ1|17|2|OP17-118|0|40|0|16|0|0|0|0|0
RZ1|CHK|17|2|50|0|0|0|10|0|0|0|1|0
RZ1|18|2|OP17-048|0|40|0|17|0|0|0|0|0
RZ1|CHK|18|2|50|0|0|0|10|0|0|0|1|0
RZ1|19|2|OP08-051|0|19|0|18|0|0|0|0|0
RZ1|CHK|19|2|50|0|0|0|10|0|0|0|1|0
RZ1|20|2|OP17-055|0|43|0|19|0|0|0|0|0
RZ1|CHK|20|2|50|0|0|0|10|0|0|0|1|0
RZ1|21|2|OP17-056|0|47|0|20|0|0|0|0|0
RZ1|CHK|21|2|50|0|0|0|10|0|0|0|1|0
RZ1|22|2|OP17-046|0|32|0|21|0|0|0|0|0
RZ1|CHK|22|2|50|0|0|0|10|0|0|0|1|0
RZ1|23|2|OP17-040|0|38|0|22|0|0|0|0|0
RZ1|CHK|23|2|50|0|0|0|10|0|0|0|1|0
RZ1|24|2|OP17-118|0|43|0|23|0|0|0|0|0
RZ1|CHK|24|2|50|0|0|0|10|0|0|0|1|0
RZ1|25|2|OP17-050|0|27|0|24|0|0|0|0|0
RZ1|CHK|25|2|50|0|0|0|10|0|0|0|1|0
RZ1|26|2|OP17-050|0|27|0|25|0|0|0|0|0
RZ1|CHK|26|2|50|0|0|0|10|0|0|0|1|0
RZ1|27|2|OP17-040|0|40|0|26|0|0|0|0|0
RZ1|CHK|27|2|50|0|0|0|10|0|0|0|1|0
RZ1|28|2|OP17-056|0|48|0|27|0|0|0|0|0
RZ1|CHK|28|2|50|0|0|0|10|0|0|0|1|0
RZ1|29|2|OP17-049|0|40|0|28|0|0|0|0|0
RZ1|CHK|29|2|50|0|0|0|10|0|0|0|1|0
RZ1|30|2|OP17-040|0|42|0|29|0|0|0|0|0
RZ1|CHK|30|2|50|0|0|0|10|0|0|0|1|0
RZ1|31|2|OP17-055|0|46|0|30|0|0|0|0|0
RZ1|CHK|31|2|50|0|0|0|10|0|0|0|1|0
RZ1|32|2|OP17-054|0|36|0|32|0|0|0|0|0
RZ1|CHK|32|2|50|0|0|0|10|0|0|0|1|0
RZ1|33|2|OP17-045|0|35|0|33|0|0|0|0|0
RZ1|CHK|33|2|50|0|0|0|10|0|0|0|1|0
RZ1|34|2|OP17-045|0|35|0|34|0|0|0|0|0
RZ1|CHK|34|2|50|0|0|0|10|0|0|0|1|0
RZ1|35|2|OP17-042|0|39|0|35|0|0|0|0|0
RZ1|CHK|35|2|50|0|0|0|10|0|0|0|1|0
RZ1|36|2|OP17-049|0|42|0|36|0|0|0|0|0
RZ1|CHK|36|2|50|0|0|0|10|0|0|0|1|0
RZ1|37|2|OP17-054|0|39|0|37|0|0|0|0|0
RZ1|CHK|37|2|50|0|0|0|10|0|0|0|1|0
RZ1|38|2|OP17-055|0|48|0|38|0|0|0|0|0
RZ1|CHK|38|2|50|0|0|0|10|0|0|0|1|0
RZ1|39|2|OP17-048|0|45|0|39|0|0|0|0|0
RZ1|CHK|39|2|50|0|0|0|10|0|0|0|1|0
RZ1|40|2|OP17-053|0|45|0|40|0|0|0|0|0
RZ1|CHK|40|2|50|0|0|0|10|0|0|0|1|0
RZ1|41|2|OP17-055|0|48|0|41|0|0|0|0|0
RZ1|CHK|41|2|50|0|0|0|10|0|0|0|1|0
RZ1|42|2|OP17-045|0|43|0|42|0|0|0|0|0
RZ1|CHK|42|2|50|0|0|0|10|0|0|0|1|0
RZ1|43|2|OP17-042|0|44|0|43|0|0|0|0|0
RZ1|CHK|43|2|50|0|0|0|10|0|0|0|1|0
RZ1|44|2|OP17-048|0|47|0|44|0|0|0|0|0
RZ1|CHK|44|2|50|0|0|0|10|0|0|0|1|0
RZ1|45|2|OP17-049|0|47|0|45|0|0|0|0|0
RZ1|CHK|45|2|50|0|0|0|10|0|0|0|1|0
RZ1|46|2|OP17-056|0|49|0|47|0|0|0|0|0
RZ1|CHK|46|2|50|0|0|0|10|0|0|0|1|0
[] Drew card from deck: Perona ["OP12-034">OP12-034]
RZ1|47|1|OP12-034|0|49|1|0|1|1|0|0|0
RZ1|CHK|47|1|49|1|0|0|10|0|0|0|1|0
[] Drew card from deck: Billion-fold World Trichiliocosm ["OP06-038">OP06-038]
RZ1|48|1|OP06-038|0|48|1|1|1|1|0|0|0
RZ1|CHK|48|1|48|2|0|0|10|0|0|0|1|0
[] Drew card from deck: Otama ["OP07-022">OP07-022]
RZ1|49|1|OP07-022|0|47|1|2|1|1|0|0|0
RZ1|CHK|49|1|47|3|0|0|10|0|0|0|1|0
[] Drew card from deck: Vander Decken IX ["OP06-033">OP06-033]
RZ1|50|1|OP06-033|0|46|1|3|1|1|0|0|0
RZ1|CHK|50|1|46|4|0|0|10|0|0|0|1|0
[] Drew card from deck: Yasopp ["OP17-031">OP17-031]
RZ1|51|1|OP17-031|0|45|1|4|1|1|0|0|0
RZ1|CHK|51|1|45|5|0|0|10|0|0|0|1|0
[] Drew card from deck: Rocks D. Xebec ["OP17-118">OP17-118]
RZ1|52|2|OP17-118|0|49|1|0|1|1|0|0|0
RZ1|CHK|52|2|49|1|0|0|10|0|0|0|1|0
[] Drew card from deck: Gloriosa ["OP17-046">OP17-046]
RZ1|53|2|OP17-046|0|48|1|1|1|1|0|0|0
RZ1|CHK|53|2|48|2|0|0|10|0|0|0|1|0
[] Drew card from deck: Rocks Pirates ["OP17-056">OP17-056]
RZ1|54|2|OP17-056|0|47|1|2|1|1|0|0|0
RZ1|CHK|54|2|47|3|0|0|10|0|0|0|1|0
[] Drew card from deck: Buckin ["OP08-051">OP08-051]
RZ1|55|2|OP08-051|0|46|1|3|1|1|0|0|0
RZ1|CHK|55|2|46|4|0|0|10|0|0|0|1|0
[] Drew card from deck: Charlotte Linlin ["OP17-049">OP17-049]
RZ1|56|2|OP17-049|0|45|1|4|1|1|0|0|0
RZ1|CHK|56|2|45|5|0|0|10|0|0|0|1|0
RZ1|57|1|ST32-002|0|44|3|0|1|0|0|0|0
RZ1|CHK|57|1|44|5|0|1|10|0|0|0|1|0
RZ1|58|1|OP07-022|0|43|3|1|1|0|0|0|0
RZ1|CHK|58|1|43|5|0|2|10|0|0|0|1|0
RZ1|59|1|OP13-040|0|42|3|2|1|0|0|0|0
RZ1|CHK|59|1|42|5|0|3|10|0|0|0|1|0
RZ1|60|1|OP13-031|0|41|3|3|1|0|0|0|0
RZ1|CHK|60|1|41|5|0|4|10|0|0|0|1|0
RZ1|61|1|OP13-031|0|40|3|4|1|0|0|0|0
RZ1|CHK|61|1|40|5|0|5|10|0|0|0|1|0
RZ1|62|2|OP17-048|0|44|3|0|0|1|0|0|0
RZ1|CHK|62|2|44|5|0|1|10|0|0|0|1|0
RZ1|63|2|OP17-042|0|43|3|1|0|1|0|0|0
RZ1|CHK|63|2|43|5|0|2|10|0|0|0|1|0
RZ1|64|2|OP17-045|0|42|3|2|0|1|0|0|0
RZ1|CHK|64|2|42|5|0|3|10|0|0|0|1|0
RZ1|65|2|OP17-055|0|41|3|3|0|1|0|0|0
RZ1|CHK|65|2|41|5|0|4|10|0|0|0|1|0
RZ1|66|2|OP17-053|0|40|3|4|0|1|0|0|0
RZ1|CHK|66|2|40|5|0|5|10|0|0|0|1|0
[] Hand: [OP12-034,OP06-038,OP07-022,OP06-033,OP17-031]
[] Board: []
[] Trash: []
[] Life: 5
[] Hand: [OP17-118,OP17-046,OP17-056,OP08-051,OP17-049]
[] Trash: []
[] Board: []
[] Life: 5
RZ1|67|1|Don|4|9|5|0|1|1|0|0|0
RZ1|CHK|67|1|40|5|0|5|9|1|0|0|1|0
[You] Draw 1 Don
RZ1|68|1|Don|5|0|5|0|1|1|1|0|0
RZ1|CHK|68|1|40|5|0|5|9|1|0|0|1|0
[You] Deploy Perona ["OP12-034">OP12-034]
RZ1|69|1|OP12-034|1|0|2|0|1|1|0|0|0
RZ1|CHK|69|1|40|4|1|5|9|1|0|0|1|0
RZ1|70|1|ST32-002|0|39|1|4|1|1|0|0|0
RZ1|CHK|70|1|39|5|1|5|9|1|0|0|1|0
[You] Perona ["OP12-034">OP12-034]: <b>Reveal and Draw Kouzuki Oden ["ST32-002">ST32-002]</b>
[You] Placing Cards on Bottom of Deck
RZ1|71|1|OP13-031|0|38|0|0|0|0|0|0|0
RZ1|CHK|71|1|39|5|1|5|9|1|0|0|1|0
RZ1|72|1|OP01-055|0|38|0|0|0|0|0|0|0
RZ1|CHK|72|1|39|5|1|5|9|1|0|0|1|0
RZ1|73|1|OP17-031|0|38|0|0|0|0|0|0|0
RZ1|CHK|73|1|39|5|1|5|9|1|0|0|1|0
RZ1|74|1|OP06-033|0|38|0|0|0|0|0|0|0
RZ1|CHK|74|1|39|5|1|5|9|1|0|0|1|0
[] Hand: [OP06-038,OP07-022,OP06-033,OP17-031,ST32-002]
[] Board: [OP12-034]
[] Trash: []
[] Life: 5
[] Hand: [OP17-118,OP17-046,OP17-056,OP08-051,OP17-049]
[] Trash: []
[] Board: []
[] Life: 5
[You] End Turn
[] Hand: [OP17-118,OP17-046,OP17-056,OP08-051,OP17-049]
[] Board: []
[] Trash: []
[] Life: 5
[] Hand: [OP06-038,OP07-022,OP06-033,OP17-031,ST32-002]
[] Trash: []
[] Board: [OP12-034]
[] Life: 5
[Opponent] Draw 1 Card
[] Drew card from deck: Shiki ["OP17-048">OP17-048]
RZ1|75|2|OP17-048|0|39|1|5|1|1|0|0|0
RZ1|CHK|75|2|39|6|0|5|10|0|0|0|1|0
RZ1|76|2|Don|4|9|5|0|1|1|0|0|0
RZ1|CHK|76|2|39|6|0|5|9|1|0|0|1|0
RZ1|77|2|Don|4|8|5|1|1|1|0|0|0
RZ1|CHK|77|2|39|6|0|5|8|2|0|0|1|0
[Opponent] Draw 2 Don
RZ1|78|2|Don|5|0|5|0|1|1|1|0|0
RZ1|CHK|78|2|39|6|0|5|8|2|0|0|1|0
[Opponent] Deploy Buckin ["OP08-051">OP08-051]
RZ1|79|2|OP08-051|1|3|2|0|1|1|0|0|0
RZ1|CHK|79|2|39|5|1|5|8|2|0|0|1|0
[] Hand: [OP17-118,OP17-046,OP17-056,OP17-049,OP17-048]
[] Board: [OP08-051]
[] Trash: []
[] Life: 5
[] Hand: [OP06-038,OP07-022,OP06-033,OP17-031,ST32-002]
[] Trash: []
[] Board: [OP12-034]
[] Life: 5
[Opponent] End Turn
[] Hand: [OP06-038,OP07-022,OP06-033,OP17-031,ST32-002]
[] Board: [OP12-034]
[] Trash: []
[] Life: 5
[] Hand: [OP17-118,OP17-046,OP17-056,OP17-049,OP17-048]
[] Trash: []
[] Board: [OP08-051]
[] Life: 5
[You] Draw 1 Card
[] Drew card from deck: Kouzuki Oden ["ST32-002">ST32-002]
RZ1|80|1|ST32-002|0|38|1|5|1|1|0|0|0
RZ1|CHK|80|1|38|6|1|5|9|1|0|0|1|0
RZ1|81|1|Don|4|8|5|1|1|1|0|0|0
RZ1|CHK|81|1|38|6|1|5|8|2|0|0|1|0
RZ1|82|1|Don|4|7|5|2|1|1|0|0|0
RZ1|CHK|82|1|38|6|1|5|7|3|0|0|1|0
[You] Draw 2 Don
[You] Dracule Mihawk ["OP14-020">OP14-020] attacking Rocks D. Xebec ["OP17-039">OP17-039]
Dracule Mihawk ["OP14-020">OP14-020][6000] vs Rocks D. Xebec ["OP17-039">OP17-039][5000]
Rocks D. Xebec ["OP17-039">OP17-039] hit for 1 damage
RZ1|83|2|OP17-053|3|4|1|5|1|1|0|0|0
RZ1|CHK|83|2|39|6|1|4|8|2|0|0|1|0
RZ1|84|1|Don|5|0|5|0|1|1|1|0|0
RZ1|CHK|84|1|38|6|1|5|7|3|0|0|1|0
RZ1|85|1|Don|5|1|5|1|1|1|1|0|0
RZ1|CHK|85|1|38|6|1|5|7|3|0|0|1|0
[You] Deploy Vander Decken IX ["OP06-033">OP06-033]
RZ1|86|1|OP06-033|1|2|2|1|1|1|0|0|0
RZ1|CHK|86|1|38|5|2|5|7|3|0|0|1|0
RZ1|87|1|Don|5|2|5|2|1|1|1|0|0
RZ1|CHK|87|1|38|5|2|5|7|3|0|0|1|0
[You] Deploy Otama ["OP07-022">OP07-022]
RZ1|88|1|OP07-022|1|1|2|2|1|1|0|0|0
RZ1|CHK|88|1|38|4|3|5|7|3|0|0|1|0
RZ1|89|1|ST32-002|0|35|1|4|1|1|0|0|0
RZ1|CHK|89|1|37|5|3|5|7|3|0|0|1|0
[You] Otama ["OP07-022">OP07-022]: <b>Reveal and Draw Kouzuki Oden ["ST32-002">ST32-002]</b>
[You] Placing Cards on Bottom of Deck
RZ1|90|1|ST32-003|0|36|0|0|0|0|0|0|0
RZ1|CHK|90|1|37|5|3|5|7|3|0|0|1|0
RZ1|91|1|OP06-038|0|36|0|0|0|0|0|0|0
RZ1|CHK|91|1|37|5|3|5|7|3|0|0|1|0
RZ1|92|1|OP06-038|0|36|0|0|0|0|0|0|0
RZ1|CHK|92|1|37|5|3|5|7|3|0|0|1|0
RZ1|93|1|OP17-031|0|36|0|0|0|0|0|0|0
RZ1|CHK|93|1|37|5|3|5|7|3|0|0|1|0
[] Hand: [OP06-038,OP17-031,ST32-002,ST32-002,ST32-002]
[] Board: [OP12-034,OP06-033,OP07-022]
[] Trash: []
[] Life: 5
[] Hand: [OP17-118,OP17-046,OP17-056,OP17-049,OP17-048,OP17-053]
[] Trash: []
[] Board: [OP08-051]
[] Life: 4
[You] End Turn
[] Hand: [OP17-118,OP17-046,OP17-056,OP17-049,OP17-048,OP17-053]
[] Board: [OP08-051]
[] Trash: []
[] Life: 4
[] Hand: [OP06-038,OP17-031,ST32-002,ST32-002,ST32-002]
[] Trash: []
[] Board: [OP12-034,OP06-033,OP07-022]
[] Life: 5
[Opponent] Draw 1 Card
[] Drew card from deck: There's No Authority in the World ["OP17-055">OP17-055]
RZ1|94|2|OP17-055|0|38|1|6|1|1|0|0|0
RZ1|CHK|94|2|38|7|1|4|8|2|0|0|1|0
RZ1|95|2|Don|4|7|5|2|1|1|0|0|0
RZ1|CHK|95|2|38|7|1|4|7|3|0|0|1|0
RZ1|96|2|Don|4|6|5|3|1|1|0|0|0
RZ1|CHK|96|2|38|7|1|4|6|4|0|0|1|0
[Opponent] Draw 2 Don
RZ1|97|2|Don|5|0|9|9900|1|1|0|0|0
RZ1|CHK|97|2|38|7|1|4|6|3|0|0|1|1
[Opponent] Attach 1 Don to Rocks D. Xebec ["OP17-039">OP17-039] (1 Total)
[Opponent] Rocks D. Xebec ["OP17-039">OP17-039] attacking Dracule Mihawk ["OP14-020">OP14-020]
RZ1|98|2|OP17-055|1|6|6|0|1|1|0|0|0
RZ1|CHK|98|2|38|6|1|4|6|3|1|0|1|1
[Opponent] Rocks D. Xebec ["OP17-039">OP17-039]: Trash There's No Authority in the World ["OP17-055">OP17-055]
RZ1|99|2|OP17-054|0|37|0|37|0|0|0|0|0
RZ1|CHK|99|2|38|6|1|4|6|3|1|0|1|1
[Opponent] Rocks D. Xebec ["OP17-039">OP17-039] revealed: Stussy ["OP17-054">OP17-054]
[] Drew card from deck: Stussy ["OP17-054">OP17-054]
RZ1|100|2|OP17-054|0|37|1|6|1|1|0|0|0
RZ1|CHK|100|2|37|7|1|4|6|3|1|0|1|1
[] Drew card from deck: Charlotte Linlin ["OP17-049">OP17-049]
RZ1|101|2|OP17-049|0|36|1|7|1|1|0|0|0
RZ1|CHK|101|2|36|8|1|4|6|3|1|0|1|1
[Opponent] Rocks D. Xebec ["OP17-039">OP17-039]: Draw 2 Card
[You] Discard Yasopp ["OP17-031">OP17-031] for Counter 1000
RZ1|102|1|OP17-031|1|1|6|0|1|1|0|0|0
RZ1|CHK|102|1|37|4|3|5|7|3|1|0|1|0
Rocks D. Xebec ["OP17-039">OP17-039][6000] vs Dracule Mihawk ["OP14-020">OP14-020][7000]
Attack Fails
RZ1|103|2|Don|5|0|5|0|1|1|1|0|0
RZ1|CHK|103|2|36|8|1|4|6|3|1|0|1|1
RZ1|104|2|Don|5|1|5|1|1|1|1|0|0
RZ1|CHK|104|2|36|8|1|4|6|3|1|0|1|1
RZ1|105|2|Don|5|2|5|2|1|1|1|0|0
RZ1|CHK|105|2|36|8|1|4|6|3|1|0|1|1
[Opponent] Deploy Stussy ["OP17-054">OP17-054]
RZ1|106|2|OP17-054|1|6|2|1|1|1|0|0|0
RZ1|CHK|106|2|36|7|2|4|6|3|1|0|1|1
[Opponent] Stussy ["OP17-054">OP17-054]: Vander Decken IX ["OP06-033">OP06-033] can't attack next turn
[] Hand: [OP17-118,OP17-046,OP17-056,OP17-049,OP17-048,OP17-053,OP17-049]
[] Board: [OP08-051,OP17-054]
[] Trash: [OP17-055]
[] Life: 4
[] Hand: [OP06-038,ST32-002,ST32-002,ST32-002]
[] Trash: [OP17-031]
[] Board: [OP12-034,OP06-033,OP07-022]
[] Life: 5
[Opponent] End Turn
[] Hand: [OP06-038,ST32-002,ST32-002,ST32-002]
[] Board: [OP12-034,OP06-033,OP07-022]
[] Trash: [OP17-031]
[] Life: 5
[] Hand: [OP17-118,OP17-046,OP17-056,OP17-049,OP17-048,OP17-053,OP17-049]
[] Trash: [OP17-055]
[] Board: [OP08-051,OP17-054]
[] Life: 4
[You] Draw 1 Card
[] Drew card from deck: Kawamatsu ["OP12-023">OP12-023]
RZ1|107|1|OP12-023|0|36|1|4|1|1|0|0|0
RZ1|CHK|107|1|36|5|3|5|7|3|1|0|1|0
RZ1|108|1|Don|4|6|5|3|1|1|0|0|0
RZ1|CHK|108|1|36|5|3|5|6|4|1|0|1|0
RZ1|109|1|Don|4|5|5|4|1|1|0|0|0
RZ1|CHK|109|1|36|5|3|5|5|5|1|0|1|0
[You] Draw 2 Don
RZ1|110|1|Don|5|0|5|0|1|1|1|0|0
RZ1|CHK|110|1|36|5|3|5|5|5|1|0|1|0
RZ1|111|1|Don|5|1|5|1|1|1|1|0|0
RZ1|CHK|111|1|36|5|3|5|5|5|1|0|1|0
RZ1|112|1|Don|5|2|5|2|1|1|1|0|0
RZ1|CHK|112|1|36|5|3|5|5|5|1|0|1|0
RZ1|113|1|Don|5|3|5|3|1|1|1|0|0
RZ1|CHK|113|1|36|5|3|5|5|5|1|0|1|0
RZ1|114|1|Don|5|4|5|4|1|1|1|0|0
RZ1|CHK|114|1|36|5|3|5|5|5|1|0|1|0
[You] Deploy Kouzuki Oden ["ST32-002">ST32-002]
RZ1|115|1|ST32-002|1|1|2|3|1|1|0|0|0
RZ1|CHK|115|1|36|4|4|5|5|5|1|0|1|0
[] Drew card from deck: You Can Be My Samurai!!! ["OP01-055">OP01-055]
RZ1|116|1|OP01-055|0|35|1|4|1|1|0|0|0
RZ1|CHK|116|1|35|5|4|5|5|5|1|0|1|0
[You] Kouzuki Oden ["ST32-002">ST32-002]: Draw 1 Card
[You] Kouzuki Oden ["ST32-002">ST32-002]: Stussy ["OP17-054">OP17-054] can't be rested until next turn ends
[You] Dracule Mihawk ["OP14-020">OP14-020] attacking Rocks D. Xebec ["OP17-039">OP17-039]
[Opponent] Rocks Pirates ["OP17-056">OP17-056]: Activate Counter
RZ1|117|2|OP17-056|1|2|6|1|1|1|0|0|0
RZ1|CHK|117|2|36|6|2|4|6|3|2|0|1|1
[Opponent] Rocks Pirates ["OP17-056">OP17-056]: Buff Rocks D. Xebec ["OP17-039">OP17-039] 2000 for the Combat
Dracule Mihawk ["OP14-020">OP14-020][6000] vs Rocks D. Xebec ["OP17-039">OP17-039][7000]
Attack Fails
[You] Vander Decken IX ["OP06-033">OP06-033] is no longer blocked from attacking
[] Hand: [OP06-038,ST32-002,ST32-002,OP12-023,OP01-055]
[] Board: [OP12-034,OP06-033,OP07-022,ST32-002]
[] Trash: [OP17-031]
[] Life: 5
[] Hand: [OP17-118,OP17-046,OP17-049,OP17-048,OP17-053,OP17-049]
[] Trash: [OP17-055,OP17-056]
[] Board: [OP08-051,OP17-054]
[] Life: 4
[You] End Turn
[] Hand: [OP17-118,OP17-046,OP17-049,OP17-048,OP17-053,OP17-049]
[] Board: [OP08-051,OP17-054]
[] Trash: [OP17-055,OP17-056]
[] Life: 4
[] Hand: [OP06-038,ST32-002,ST32-002,OP12-023,OP01-055]
[] Trash: [OP17-031]
[] Board: [OP12-034,OP06-033,OP07-022,ST32-002]
[] Life: 5
RZ1|118|2|Don|9|9900|5|0|1|1|1|0|0
RZ1|CHK|118|2|36|6|2|4|6|4|2|0|1|0
[Opponent] Draw 1 Card
[] Drew card from deck: Kaido ["OP17-042">OP17-042]
RZ1|119|2|OP17-042|0|35|1|6|1|1|0|0|0
RZ1|CHK|119|2|35|7|2|4|6|4|2|0|1|0
RZ1|120|2|Don|4|5|5|4|1|1|0|0|0
RZ1|CHK|120|2|35|7|2|4|5|5|2|0|1|0
RZ1|121|2|Don|4|4|5|5|1|1|0|0|0
RZ1|CHK|121|2|35|7|2|4|4|6|2|0|1|0
[Opponent] Draw 2 Don
RZ1|122|2|Don|5|0|5|0|1|1|1|0|0
RZ1|CHK|122|2|35|7|2|4|4|6|2|0|1|0
RZ1|123|2|Don|5|1|5|1|1|1|1|0|0
RZ1|CHK|123|2|35|7|2|4|4|6|2|0|1|0
RZ1|124|2|Don|5|2|5|2|1|1|1|0|0
RZ1|CHK|124|2|35|7|2|4|4|6|2|0|1|0
RZ1|125|2|Don|5|3|5|3|1|1|1|0|0
RZ1|CHK|125|2|35|7|2|4|4|6|2|0|1|0
[Opponent] Deploy Kaido ["OP17-042">OP17-042]
RZ1|126|2|OP17-042|1|6|2|2|1|1|0|0|0
RZ1|CHK|126|2|35|6|3|4|4|6|2|0|1|0
[Opponent] Kaido ["OP17-042">OP17-042] revealed: Barbell ["OP17-053">OP17-053]
[Opponent] Kaido ["OP17-042">OP17-042] revealed: Charlotte Linlin ["OP17-049">OP17-049]
[Opponent] Kaido ["OP17-042">OP17-042] revealed: Charlotte Linlin ["OP17-049">OP17-049]
[Opponent] Forcing opponent to resolve Card Action!
[You] Forcing opponent to resolve Card Action!
[Opponent] Kaido ["OP17-042">OP17-042]: Buff Kouzuki Oden ["ST32-002">ST32-002] -3000
RZ1|127|2|Don|5|4|9|9900|1|1|0|0|0
RZ1|CHK|127|2|35|6|3|4|4|5|2|0|1|1
[Opponent] Attach 1 Don to Rocks D. Xebec ["OP17-039">OP17-039] (1 Total)
[Opponent] Rocks D. Xebec ["OP17-039">OP17-039] attacking Dracule Mihawk ["OP14-020">OP14-020]
RZ1|128|2|OP17-046|1|1|6|2|1|1|0|0|0
RZ1|CHK|128|2|35|5|3|4|4|5|3|0|1|1
[Opponent] Rocks D. Xebec ["OP17-039">OP17-039]: Trash Gloriosa ["OP17-046">OP17-046]
RZ1|129|2|OP17-045|0|34|0|34|0|0|0|0|0
RZ1|CHK|129|2|35|5|3|4|4|5|3|0|1|1
[Opponent] Rocks D. Xebec ["OP17-039">OP17-039] revealed: Kyo ["OP17-045">OP17-045]
[] Drew card from deck: Kyo ["OP17-045">OP17-045]
RZ1|130|2|OP17-045|0|34|1|5|1|1|0|0|0
RZ1|CHK|130|2|34|6|3|4|4|5|3|0|1|1
[] Drew card from deck: Kyo ["OP17-045">OP17-045]
RZ1|131|2|OP17-045|0|33|1|6|1|1|0|0|0
RZ1|CHK|131|2|33|7|3|4|4|5|3|0|1|1
[Opponent] Rocks D. Xebec ["OP17-039">OP17-039]: Draw 2 Card
[You] Discard Kouzuki Oden ["ST32-002">ST32-002] for Counter 1000
RZ1|132|1|ST32-002|1|1|6|1|1|1|0|0|0
RZ1|CHK|132|1|35|4|4|5|5|5|2|0|1|0
Rocks D. Xebec ["OP17-039">OP17-039][6000] vs Dracule Mihawk ["OP14-020">OP14-020][7000]
Attack Fails
[] Hand: [OP17-118,OP17-049,OP17-048,OP17-053,OP17-049,OP17-045,OP17-045]
[] Board: [OP08-051,OP17-054,OP17-042]
[] Trash: [OP17-055,OP17-056,OP17-046]
[] Life: 4
[] Hand: [OP06-038,ST32-002,OP12-023,OP01-055]
[] Trash: [OP17-031,ST32-002]
[] Board: [OP12-034,OP06-033,OP07-022,ST32-002]
[] Life: 5
[Opponent] End Turn
[] Hand: [OP06-038,ST32-002,OP12-023,OP01-055]
[] Board: [OP12-034,OP06-033,OP07-022,ST32-002]
[] Trash: [OP17-031,ST32-002]
[] Life: 5
[] Hand: [OP17-118,OP17-049,OP17-048,OP17-053,OP17-049,OP17-045,OP17-045]
[] Trash: [OP17-055,OP17-056,OP17-046]
[] Board: [OP08-051,OP17-054,OP17-042]
[] Life: 4
[You] Draw 1 Card
[] Drew card from deck: Vander Decken IX ["OP06-033">OP06-033]
RZ1|133|1|OP06-033|0|34|1|4|1|1|0|0|0
RZ1|CHK|133|1|34|5|4|5|5|5|2|0|1|0
RZ1|134|1|Don|4|4|5|5|1|1|0|0|0
RZ1|CHK|134|1|34|5|4|5|4|6|2|0|1|0
RZ1|135|1|Don|4|3|5|6|1|1|0|0|0
RZ1|CHK|135|1|34|5|4|5|3|7|2|0|1|0
[You] Draw 2 Don
RZ1|136|1|Don|5|0|5|0|1|1|1|0|0
RZ1|CHK|136|1|34|5|4|5|3|7|2|0|1|0
RZ1|137|1|Don|5|1|5|1|1|1|1|0|0
RZ1|CHK|137|1|34|5|4|5|3|7|2|0|1|0
RZ1|138|1|Don|5|2|5|2|1|1|1|0|0
RZ1|CHK|138|1|34|5|4|5|3|7|2|0|1|0
RZ1|139|1|Don|5|3|5|3|1|1|1|0|0
RZ1|CHK|139|1|34|5|4|5|3|7|2|0|1|0
RZ1|140|1|Don|5|4|5|4|1|1|1|0|0
RZ1|CHK|140|1|34|5|4|5|3|7|2|0|1|0
[You] Deploy Kouzuki Oden ["ST32-002">ST32-002]
RZ1|141|1|ST32-002|1|1|2|4|1|1|0|0|0
RZ1|CHK|141|1|34|4|5|5|3|7|2|0|1|0
[] Drew card from deck: Shanks ["OP17-022">OP17-022]
RZ1|142|1|OP17-022|0|33|1|4|1|1|0|0|0
RZ1|CHK|142|1|33|5|5|5|3|7|2|0|1|0
[You] Kouzuki Oden ["ST32-002">ST32-002]: Draw 1 Card
[You] Kouzuki Oden ["ST32-002">ST32-002]: Kaido ["OP17-042">OP17-042] can't be rested until next turn ends
[You] Kouzuki Oden ["ST32-002">ST32-002] attacking Rocks D. Xebec ["OP17-039">OP17-039]
Kouzuki Oden ["ST32-002">ST32-002][6000] vs Rocks D. Xebec ["OP17-039">OP17-039][5000]
Rocks D. Xebec ["OP17-039">OP17-039] hit for 1 damage
RZ1|143|2|OP17-055|3|3|1|7|1|1|0|0|0
RZ1|CHK|143|2|33|8|3|3|4|5|3|0|1|1
[You] Dracule Mihawk ["OP14-020">OP14-020] attacking Rocks D. Xebec ["OP17-039">OP17-039]
[Opponent] There's No Authority in the World ["OP17-055">OP17-055]: Activate Counter
RZ1|144|2|OP17-055|1|7|6|3|1|1|0|0|0
RZ1|CHK|144|2|33|7|3|3|4|5|4|0|1|1
[Opponent] There's No Authority in the World ["OP17-055">OP17-055]: Buff Rocks D. Xebec ["OP17-039">OP17-039] 2000 for the Combat
Dracule Mihawk ["OP14-020">OP14-020][6000] vs Rocks D. Xebec ["OP17-039">OP17-039][7000]
Attack Fails
RZ1|145|1|Don|5|5|5|5|1|1|1|0|0
RZ1|CHK|145|1|33|5|5|5|3|7|2|0|1|0
RZ1|146|1|Don|5|6|5|6|1|1|1|0|0
RZ1|CHK|146|1|33|5|5|5|3|7|2|0|1|0
[You] Trash Otama ["OP07-022">OP07-022]
[You] Deploy Vander Decken IX ["OP06-033">OP06-033]
RZ1|147|1|OP07-022|2|2|6|2|1|1|0|0|0
RZ1|CHK|147|1|33|5|4|5|3|7|3|0|1|0
RZ1|148|1|OP06-033|1|3|2|4|1|1|0|0|0
RZ1|CHK|148|1|33|4|5|5|3|7|3|0|1|0
[] Hand: [OP06-038,OP12-023,OP01-055,OP17-022]
[] Board: [OP12-034,OP06-033,ST32-002,ST32-002,OP06-033]
[] Trash: [OP17-031,ST32-002,OP07-022]
[] Life: 5
[] Hand: [OP17-118,OP17-049,OP17-048,OP17-053,OP17-049,OP17-045,OP17-045]
[] Trash: [OP17-055,OP17-056,OP17-046,OP17-055]
[] Board: [OP08-051,OP17-054,OP17-042]
[] Life: 3
[You] End Turn
[] Hand: [OP17-118,OP17-049,OP17-048,OP17-053,OP17-049,OP17-045,OP17-045]
[] Board: [OP08-051,OP17-054,OP17-042]
[] Trash: [OP17-055,OP17-056,OP17-046,OP17-055]
[] Life: 3
[] Hand: [OP06-038,OP12-023,OP01-055,OP17-022]
[] Trash: [OP17-031,ST32-002,OP07-022]
[] Board: [OP12-034,OP06-033,ST32-002,ST32-002,OP06-033]
[] Life: 5
RZ1|149|2|Don|9|9900|5|0|1|1|1|0|0
RZ1|CHK|149|2|33|7|3|3|4|6|4|0|1|0
[Opponent] Draw 1 Card
[] Drew card from deck: Stussy ["OP17-054">OP17-054]
RZ1|150|2|OP17-054|0|32|1|7|1|1|0|0|0
RZ1|CHK|150|2|32|8|3|3|4|6|4|0|1|0
RZ1|151|2|Don|4|3|5|6|1|1|0|0|0
RZ1|CHK|151|2|32|8|3|3|3|7|4|0|1|0
RZ1|152|2|Don|4|2|5|7|1|1|0|0|0
RZ1|CHK|152|2|32|8|3|3|2|8|4|0|1|0
[Opponent] Draw 2 Don
RZ1|153|2|Don|5|0|5|0|1|1|1|0|0
RZ1|CHK|153|2|32|8|3|3|2|8|4|0|1|0
RZ1|154|2|Don|5|1|5|1|1|1|1|0|0
RZ1|CHK|154|2|32|8|3|3|2|8|4|0|1|0
RZ1|155|2|Don|5|2|5|2|1|1|1|0|0
RZ1|CHK|155|2|32|8|3|3|2|8|4|0|1|0
RZ1|156|2|Don|5|3|5|3|1|1|1|0|0
RZ1|CHK|156|2|32|8|3|3|2|8|4|0|1|0
RZ1|157|2|Don|5|4|5|4|1|1|1|0|0
RZ1|CHK|157|2|32|8|3|3|2|8|4|0|1|0
RZ1|158|2|Don|5|5|5|5|1|1|1|0|0
RZ1|CHK|158|2|32|8|3|3|2|8|4|0|1|0
RZ1|159|2|Don|5|6|5|6|1|1|1|0|0
RZ1|CHK|159|2|32|8|3|3|2|8|4|0|1|0
[Opponent] Deploy Shiki ["OP17-048">OP17-048]
RZ1|160|2|OP17-048|1|2|2|3|1|1|0|0|0
RZ1|CHK|160|2|32|7|4|3|2|8|4|0|1|0
RZ1|161|2|Don|5|7|9|300|1|1|0|0|0
RZ1|CHK|161|2|32|7|4|3|2|7|4|0|1|1
[Opponent] Attach 1 Don to Shiki ["OP17-048">OP17-048] (1 Total)
[Opponent] Shiki ["OP17-048">OP17-048] attacking Kouzuki Oden ["ST32-002">ST32-002]
RZ1|162|2|OP17-045|1|4|6|4|1|1|0|0|0
RZ1|CHK|162|2|32|6|4|3|2|7|5|0|1|1
[Opponent] Shiki ["OP17-048">OP17-048]: Trash Kyo ["OP17-045">OP17-045]
[Opponent] Shiki ["OP17-048">OP17-048]: Buff Kouzuki Oden ["ST32-002">ST32-002] -3000
Shiki ["OP17-048">OP17-048][10000] vs Kouzuki Oden ["ST32-002">ST32-002][3000]
[You] Kouzuki Oden ["ST32-002">ST32-002] Destroyed
RZ1|163|1|ST32-002|2|2|6|3|1|1|0|0|0
RZ1|CHK|163|1|33|4|4|5|3|7|4|0|1|0
[Opponent] Rocks D. Xebec ["OP17-039">OP17-039] attacking Dracule Mihawk ["OP14-020">OP14-020]
RZ1|164|2|OP17-045|1|4|6|5|1|1|0|0|0
RZ1|CHK|164|2|32|5|4|3|2|7|6|0|1|1
[Opponent] Rocks D. Xebec ["OP17-039">OP17-039]: Trash Kyo ["OP17-045">OP17-045]
RZ1|165|2|OP08-051|0|31|0|31|0|0|0|0|0
RZ1|CHK|165|2|32|5|4|3|2|7|6|0|1|1
[Opponent] Rocks D. Xebec ["OP17-039">OP17-039] revealed: Buckin ["OP08-051">OP08-051]
[] Drew card from deck: Buckin ["OP08-051">OP08-051]
RZ1|166|2|OP08-051|0|31|1|5|1|1|0|0|0
RZ1|CHK|166|2|31|6|4|3|2|7|6|0|1|1
[] Drew card from deck: There's No Authority in the World ["OP17-055">OP17-055]
RZ1|167|2|OP17-055|0|30|1|6|1|1|0|0|0
RZ1|CHK|167|2|30|7|4|3|2|7|6|0|1|1
[Opponent] Rocks D. Xebec ["OP17-039">OP17-039]: Draw 2 Card
Rocks D. Xebec ["OP17-039">OP17-039][5000] vs Dracule Mihawk ["OP14-020">OP14-020][6000]
Attack Fails
[] Hand: [OP17-118,OP17-049,OP17-053,OP17-049,OP17-054,OP08-051,OP17-055]
[] Board: [OP08-051,OP17-054,OP17-042,OP17-048]
[] Trash: [OP17-055,OP17-056,OP17-046,OP17-055,OP17-045,OP17-045]
[] Life: 3
[] Hand: [OP06-038,OP12-023,OP01-055,OP17-022]
[] Trash: [OP17-031,ST32-002,OP07-022,ST32-002]
[] Board: [OP12-034,OP06-033,ST32-002,OP06-033]
[] Life: 5
[Opponent] End Turn
[] Hand: [OP06-038,OP12-023,OP01-055,OP17-022]
[] Board: [OP12-034,OP06-033,ST32-002,OP06-033]
[] Trash: [OP17-031,ST32-002,OP07-022,ST32-002]
[] Life: 5
[] Hand: [OP17-118,OP17-049,OP17-053,OP17-049,OP17-054,OP08-051,OP17-055]
[] Trash: [OP17-055,OP17-056,OP17-046,OP17-055,OP17-045,OP17-045]
[] Board: [OP08-051,OP17-054,OP17-042,OP17-048]
[] Life: 3
[You] Draw 1 Card
[] Drew card from deck: Shanks ["OP17-022">OP17-022]
RZ1|168|1|OP17-022|0|32|1|4|1|1|0|0|0
RZ1|CHK|168|1|32|5|4|5|3|7|4|0|1|0
RZ1|169|1|Don|4|2|5|7|1|1|0|0|0
RZ1|CHK|169|1|32|5|4|5|2|8|4|0|1|0
RZ1|170|1|Don|4|1|5|8|1|1|0|0|0
RZ1|CHK|170|1|32|5|4|5|1|9|4|0|1|0
[You] Draw 2 Don
[You] Kouzuki Oden ["ST32-002">ST32-002] attacking Rocks D. Xebec ["OP17-039">OP17-039]
RZ1|171|2|OP08-051|1|5|6|6|1|1|0|0|0
RZ1|CHK|171|2|30|6|4|3|2|7|7|0|1|1
[Opponent] Shiki ["OP17-048">OP17-048]: Trash Buckin ["OP08-051">OP08-051]
[Opponent] Shiki ["OP17-048">OP17-048]: Buff Vander Decken IX ["OP06-033">OP06-033] -3000
[Opponent] There's No Authority in the World ["OP17-055">OP17-055]: Activate Counter
RZ1|172|2|OP17-055|1|5|6|7|1|1|0|0|0
RZ1|CHK|172|2|30|5|4|3|2|7|8|0|1|1
[Opponent] There's No Authority in the World ["OP17-055">OP17-055]: Buff Rocks D. Xebec ["OP17-039">OP17-039] 2000 for the Combat
Kouzuki Oden ["ST32-002">ST32-002][6000] vs Rocks D. Xebec ["OP17-039">OP17-039][7000]
Attack Fails
RZ1|173|1|Don|5|0|5|0|1|1|1|0|0
RZ1|CHK|173|1|32|5|4|5|1|9|4|0|1|0
RZ1|174|1|Don|5|1|5|1|1|1|1|0|0
RZ1|CHK|174|1|32|5|4|5|1|9|4|0|1|0
RZ1|175|1|Don|5|2|5|2|1|1|1|0|0
RZ1|CHK|175|1|32|5|4|5|1|9|4|0|1|0
RZ1|176|1|Don|5|3|5|3|1|1|1|0|0
RZ1|CHK|176|1|32|5|4|5|1|9|4|0|1|0
RZ1|177|1|Don|5|4|5|4|1|1|1|0|0
RZ1|CHK|177|1|32|5|4|5|1|9|4|0|1|0
[You] Deploy Kawamatsu ["OP12-023">OP12-023]
RZ1|178|1|OP12-023|1|1|2|4|1|1|0|0|0
RZ1|CHK|178|1|32|4|5|5|1|9|4|0|1|0
RZ1|179|1|Don|5|5|9|300|1|1|0|0|0
RZ1|CHK|179|1|32|4|5|5|1|8|4|0|1|1
RZ1|180|1|Don|5|5|9|301|1|1|0|0|0
RZ1|CHK|180|1|32|4|5|5|1|7|4|0|1|2
RZ1|181|1|Don|5|5|9|302|1|1|0|0|0
RZ1|CHK|181|1|32|4|5|5|1|6|4|0|1|3
[You] Attach 3 Don to Vander Decken IX ["OP06-033">OP06-033] (3 Total)
[You] Dracule Mihawk ["OP14-020">OP14-020] attacking Rocks D. Xebec ["OP17-039">OP17-039]
[Opponent] Kaido ["OP17-042">OP17-042] Blocks
Dracule Mihawk ["OP14-020">OP14-020][6000] vs Kaido ["OP17-042">OP17-042][6000]
[Opponent] Kaido ["OP17-042">OP17-042] Destroyed
RZ1|182|2|OP17-042|2|2|6|8|1|1|0|0|0
RZ1|CHK|182|2|30|5|3|3|2|7|9|0|1|1
[You] Vander Decken IX ["OP06-033">OP06-033] attacking Rocks D. Xebec ["OP17-039">OP17-039]
Vander Decken IX ["OP06-033">OP06-033][5000] vs Rocks D. Xebec ["OP17-039">OP17-039][5000]
Rocks D. Xebec ["OP17-039">OP17-039] hit for 1 damage
RZ1|183|2|OP17-045|3|2|1|5|1|1|0|0|0
RZ1|CHK|183|2|30|6|3|2|2|7|9|0|1|1
[You] You Can Be My Samurai!!! ["OP01-055">OP01-055]: Rest Vander Decken IX ["OP06-033">OP06-033]
[You] You Can Be My Samurai!!! ["OP01-055">OP01-055]: Rest Perona ["OP12-034">OP12-034]
[You] You Can Be My Samurai!!! ["OP01-055">OP01-055]: Draw 2 Card
[] Drew card from deck: Kawamatsu ["OP12-023">OP12-023]
RZ1|184|1|OP12-023|0|31|1|4|1|1|0|0|0
RZ1|CHK|184|1|31|5|5|5|1|6|4|0|1|3
[] Drew card from deck: Perona ["OP12-034">OP12-034]
RZ1|185|1|OP12-034|0|30|1|5|1|1|0|0|0
RZ1|CHK|185|1|30|6|5|5|1|6|4|0|1|3
RZ1|186|1|Don|5|5|5|5|1|1|1|0|0
RZ1|CHK|186|1|30|6|5|5|1|6|4|0|1|3
RZ1|187|1|OP01-055|1|1|6|4|1|1|0|0|0
RZ1|CHK|187|1|30|5|5|5|1|6|5|0|1|3
[] Hand: [OP06-038,OP17-022,OP17-022,OP12-023,OP12-034]
[] Board: [OP12-034,OP06-033,ST32-002,OP06-033,OP12-023]
[] Trash: [OP17-031,ST32-002,OP07-022,ST32-002,OP01-055]
[] Life: 5
[] Hand: [OP17-118,OP17-049,OP17-053,OP17-049,OP17-054,OP17-045]
[] Trash: [OP17-055,OP17-056,OP17-046,OP17-055,OP17-045,OP17-045,OP08-051,OP17-055,OP17-042]
[] Board: [OP08-051,OP17-054,OP17-048]
[] Life: 2
[You] End Turn
[] Hand: [OP17-118,OP17-049,OP17-053,OP17-049,OP17-054,OP17-045]
[] Board: [OP08-051,OP17-054,OP17-048]
[] Trash: [OP17-055,OP17-056,OP17-046,OP17-055,OP17-045,OP17-045,OP08-051,OP17-055,OP17-042]
[] Life: 2
[] Hand: [OP06-038,OP17-022,OP17-022,OP12-023,OP12-034]
[] Trash: [OP17-031,ST32-002,OP07-022,ST32-002,OP01-055]
[] Board: [OP12-034,OP06-033,ST32-002,OP06-033,OP12-023]
[] Life: 5
RZ1|188|2|Don|9|200|5|0|1|1|1|0|0
RZ1|CHK|188|2|30|6|3|2|2|8|9|0|1|0
[Opponent] Draw 1 Card
[] Drew card from deck: Edward Newgate ["OP17-040">OP17-040]
RZ1|189|2|OP17-040|0|29|1|6|1|1|0|0|0
RZ1|CHK|189|2|29|7|3|2|2|8|9|0|1|0
RZ1|190|2|Don|4|1|5|8|1|1|0|0|0
RZ1|CHK|190|2|29|7|3|2|1|9|9|0|1|0
RZ1|191|2|Don|4|0|5|9|1|1|0|0|0
RZ1|CHK|191|2|29|7|3|2|0|10|9|0|1|0
[Opponent] Draw 2 Don
RZ1|192|2|Don|5|0|5|0|1|1|1|0|0
RZ1|CHK|192|2|29|7|3|2|0|10|9|0|1|0
RZ1|193|2|Don|5|1|5|1|1|1|1|0|0
RZ1|CHK|193|2|29|7|3|2|0|10|9|0|1|0
RZ1|194|2|Don|5|2|5|2|1|1|1|0|0
RZ1|CHK|194|2|29|7|3|2|0|10|9|0|1|0
RZ1|195|2|Don|5|3|5|3|1|1|1|0|0
RZ1|CHK|195|2|29|7|3|2|0|10|9|0|1|0
RZ1|196|2|Don|5|4|5|4|1|1|1|0|0
RZ1|CHK|196|2|29|7|3|2|0|10|9|0|1|0
RZ1|197|2|Don|5|5|5|5|1|1|1|0|0
RZ1|CHK|197|2|29|7|3|2|0|10|9|0|1|0
RZ1|198|2|Don|5|6|5|6|1|1|1|0|0
RZ1|CHK|198|2|29|7|3|2|0|10|9|0|1|0
RZ1|199|2|Don|5|7|5|7|1|1|1|0|0
RZ1|CHK|199|2|29|7|3|2|0|10|9|0|1|0
RZ1|200|2|Don|5|8|5|8|1|1|1|0|0
RZ1|CHK|200|2|29|7|3|2|0|10|9|0|1|0
RZ1|201|2|Don|5|9|5|9|1|1|1|0|0
RZ1|CHK|201|2|29|7|3|2|0|10|9|0|1|0
[Opponent] Deploy Rocks D. Xebec ["OP17-118">OP17-118]
RZ1|202|2|OP17-118|1|0|2|3|1|1|0|0|0
RZ1|CHK|202|2|29|6|4|2|0|10|9|0|1|0
[] Drew card from deck: Charlotte Linlin ["OP17-049">OP17-049]
RZ1|203|2|OP17-049|0|28|1|6|1|1|0|0|0
RZ1|CHK|203|2|28|7|4|2|0|10|9|0|1|0
[Opponent] Rocks D. Xebec ["OP17-118">OP17-118]: Draw 1 Card
RZ1|204|2|OP17-054|1|3|2|4|1|1|0|0|0
RZ1|CHK|204|2|28|6|5|2|0|10|9|0|1|0
[Opponent] Rocks D. Xebec ["OP17-118">OP17-118]: Deploy Stussy ["OP17-054">OP17-054]
RZ1|205|2|OP08-051|2|0|6|9|1|1|0|0|0
RZ1|CHK|205|2|28|6|4|2|0|10|10|0|1|0
[Opponent] Trash Buckin ["OP08-051">OP08-051]
RZ1|206|2|OP17-040|1|4|2|4|1|1|0|0|0
RZ1|CHK|206|2|28|5|5|2|0|10|10|0|1|0
[Opponent] Rocks D. Xebec ["OP17-118">OP17-118]: Deploy Edward Newgate ["OP17-040">OP17-040]
[Opponent] Stussy ["OP17-054">OP17-054]: Kouzuki Oden ["ST32-002">ST32-002] can't attack next turn
[] Drew card from deck: Rocks Pirates ["OP17-056">OP17-056]
RZ1|207|2|OP17-056|0|27|1|5|1|1|0|0|0
RZ1|CHK|207|2|27|6|5|2|0|10|10|0|1|0
[Opponent] Edward Newgate ["OP17-040">OP17-040]: Draw 1 Card
[Opponent] Shiki ["OP17-048">OP17-048] attacking Dracule Mihawk ["OP14-020">OP14-020]
RZ1|208|2|OP17-045|1|3|6|10|1|1|0|0|0
RZ1|CHK|208|2|27|5|5|2|0|10|11|0|1|0
[Opponent] Shiki ["OP17-048">OP17-048]: Trash Kyo ["OP17-045">OP17-045]
[Opponent] Shiki ["OP17-048">OP17-048]: Buff Kawamatsu ["OP12-023">OP12-023] -3000
Shiki ["OP17-048">OP17-048][9000] vs Dracule Mihawk ["OP14-020">OP14-020][6000]
Dracule Mihawk ["OP14-020">OP14-020] hit for 1 damage
RZ1|209|1|OP13-031|3|4|1|5|1|1|0|0|0
RZ1|CHK|209|1|30|6|5|4|1|6|5|0|1|3
[Opponent] Rocks D. Xebec ["OP17-039">OP17-039] attacking Vander Decken IX ["OP06-033">OP06-033]
RZ1|210|2|OP17-053|1|1|6|11|1|1|0|0|0
RZ1|CHK|210|2|27|4|5|2|0|10|12|0|1|0
[Opponent] Rocks D. Xebec ["OP17-039">OP17-039]: Trash Barbell ["OP17-053">OP17-053]
RZ1|211|2|OP17-040|0|26|0|26|0|0|0|0|0
RZ1|CHK|211|2|27|4|5|2|0|10|12|0|1|0
[Opponent] Rocks D. Xebec ["OP17-039">OP17-039] revealed: Edward Newgate ["OP17-040">OP17-040]
[] Drew card from deck: Edward Newgate ["OP17-040">OP17-040]
RZ1|212|2|OP17-040|0|26|1|4|1|1|0|0|0
RZ1|CHK|212|2|26|5|5|2|0|10|12|0|1|0
[] Drew card from deck: Streusen ["OP17-050">OP17-050]
RZ1|213|2|OP17-050|0|25|1|5|1|1|0|0|0
RZ1|CHK|213|2|25|6|5|2|0|10|12|0|1|0
[Opponent] Rocks D. Xebec ["OP17-039">OP17-039]: Draw 2 Card
RZ1|214|2|OP17-050|1|5|6|12|1|1|0|0|0
RZ1|CHK|214|2|25|5|5|2|0|10|13|0|1|0
[Opponent] Edward Newgate ["OP17-040">OP17-040]: Trash Streusen ["OP17-050">OP17-050]
[Opponent] Edward Newgate ["OP17-040">OP17-040]: Buff Rocks D. Xebec ["OP17-039">OP17-039] 3000 for the Combat
Rocks D. Xebec ["OP17-039">OP17-039][8000] vs Vander Decken IX ["OP06-033">OP06-033][2000]
[You] Vander Decken IX ["OP06-033">OP06-033] Destroyed
RZ1|215|1|OP06-033|2|1|6|5|1|1|0|0|0
RZ1|CHK|215|1|30|6|4|4|1|6|6|0|1|3
[Opponent] Stussy ["OP17-054">OP17-054] attacking Vander Decken IX ["OP06-033">OP06-033]
Stussy ["OP17-054">OP17-054][5000] vs Vander Decken IX ["OP06-033">OP06-033][2000]
[You] Vander Decken IX ["OP06-033">OP06-033] Destroyed
RZ1|216|1|Don|9|200|5|0|1|1|1|0|0
RZ1|CHK|216|1|30|6|4|4|1|7|6|0|1|2
RZ1|217|1|Don|9|200|5|0|1|1|1|0|0
RZ1|CHK|217|1|30|6|4|4|1|8|6|0|1|1
RZ1|218|1|Don|9|200|5|0|1|1|1|0|0
RZ1|CHK|218|1|30|6|4|4|1|9|6|0|1|0
RZ1|219|1|OP06-033|2|2|6|6|1|1|0|0|0
RZ1|CHK|219|1|30|6|3|4|1|9|7|0|1|0
[] Hand: [OP17-049,OP17-049,OP17-049,OP17-056,OP17-040]
[] Board: [OP17-054,OP17-048,OP17-118,OP17-054,OP17-040]
[] Trash: [OP17-055,OP17-056,OP17-046,OP17-055,OP17-045,OP17-045,OP08-051,OP17-055,OP17-042,OP08-051,OP17-045,OP17-053,OP17-050]
[] Life: 2
[] Hand: [OP06-038,OP17-022,OP17-022,OP12-023,OP12-034,OP13-031]
[] Trash: [OP17-031,ST32-002,OP07-022,ST32-002,OP01-055,OP06-033,OP06-033]
[] Board: [OP12-034,ST32-002,OP12-023]
[] Life: 4
[Opponent] End Turn
[] Hand: [OP06-038,OP17-022,OP17-022,OP12-023,OP12-034,OP13-031]
[] Board: [OP12-034,ST32-002,OP12-023]
[] Trash: [OP17-031,ST32-002,OP07-022,ST32-002,OP01-055,OP06-033,OP06-033]
[] Life: 4
[] Hand: [OP17-049,OP17-049,OP17-049,OP17-056,OP17-040]
[] Trash: [OP17-055,OP17-056,OP17-046,OP17-055,OP17-045,OP17-045,OP08-051,OP17-055,OP17-042,OP08-051,OP17-045,OP17-053,OP17-050]
[] Board: [OP17-054,OP17-048,OP17-118,OP17-054,OP17-040]
[] Life: 2
[You] Draw 1 Card
[] Drew card from deck: Kin'emon ["ST32-001">ST32-001]
RZ1|220|1|ST32-001|0|29|1|6|1|1|0|0|0
RZ1|CHK|220|1|29|7|3|4|1|9|7|0|1|0
RZ1|221|1|Don|4|0|5|9|1|1|0|0|0
RZ1|CHK|221|1|29|7|3|4|0|10|7|0|1|0
[You] Draw 2 Don
RZ1|222|1|Don|5|0|5|0|1|1|1|0|0
RZ1|CHK|222|1|29|7|3|4|0|10|7|0|1|0
RZ1|223|1|Don|5|1|5|1|1|1|1|0|0
RZ1|CHK|223|1|29|7|3|4|0|10|7|0|1|0
RZ1|224|1|Don|5|2|5|2|1|1|1|0|0
RZ1|CHK|224|1|29|7|3|4|0|10|7|0|1|0
RZ1|225|1|Don|5|3|5|3|1|1|1|0|0
RZ1|CHK|225|1|29|7|3|4|0|10|7|0|1|0
RZ1|226|1|Don|5|4|5|4|1|1|1|0|0
RZ1|CHK|226|1|29|7|3|4|0|10|7|0|1|0
RZ1|227|1|Don|5|5|5|5|1|1|1|0|0
RZ1|CHK|227|1|29|7|3|4|0|10|7|0|1|0
RZ1|228|1|Don|5|6|5|6|1|1|1|0|0
RZ1|CHK|228|1|29|7|3|4|0|10|7|0|1|0
RZ1|229|1|Don|5|7|5|7|1|1|1|0|0
RZ1|CHK|229|1|29|7|3|4|0|10|7|0|1|0
RZ1|230|1|Don|5|8|5|8|1|1|1|0|0
RZ1|CHK|230|1|29|7|3|4|0|10|7|0|1|0
RZ1|231|1|Don|5|9|5|9|1|1|1|0|0
RZ1|CHK|231|1|29|7|3|4|0|10|7|0|1|0
[You] Deploy Shanks ["OP17-022">OP17-022]
RZ1|232|1|OP17-022|1|1|2|3|1|1|0|0|0
RZ1|CHK|232|1|29|6|4|4|0|10|7|0|1|0
[You] Shanks ["OP17-022">OP17-022]: Activate 1 Don
RZ1|233|1|Don|5|9|5|9|1|1|0|0|0
RZ1|CHK|233|1|29|6|4|4|0|10|7|0|1|0
[You] Shanks ["OP17-022">OP17-022]: Activate 1 Don
RZ1|234|1|Don|5|8|5|8|1|1|0|0|0
RZ1|CHK|234|1|29|6|4|4|0|10|7|0|1|0
[You] Shanks ["OP17-022">OP17-022]: Rest Rocks D. Xebec ["OP17-118">OP17-118]
[You] Shanks ["OP17-022">OP17-022]: Rest Stussy ["OP17-054">OP17-054]
[You] Shanks ["OP17-022">OP17-022]: Rest Edward Newgate ["OP17-040">OP17-040]
[You] Dracule Mihawk ["OP14-020">OP14-020] attacking Rocks D. Xebec ["OP17-039">OP17-039]
RZ1|235|2|OP17-049|1|0|6|13|1|1|0|0|0
RZ1|CHK|235|2|25|4|5|2|0|10|14|0|1|0
[Opponent] Shiki ["OP17-048">OP17-048]: Trash Charlotte Linlin ["OP17-049">OP17-049]
[Opponent] Shiki ["OP17-048">OP17-048]: Buff Shanks ["OP17-022">OP17-022] -3000
RZ1|236|2|OP17-049|1|0|6|14|1|1|0|0|0
RZ1|CHK|236|2|25|3|5|2|0|10|15|0|1|0
[Opponent] Edward Newgate ["OP17-040">OP17-040]: Trash Charlotte Linlin ["OP17-049">OP17-049]
[Opponent] Edward Newgate ["OP17-040">OP17-040]: Buff Rocks D. Xebec ["OP17-039">OP17-039] 3000 for the Combat
Dracule Mihawk ["OP14-020">OP14-020][6000] vs Rocks D. Xebec ["OP17-039">OP17-039][8000]
Attack Fails
[You] Shanks ["OP17-022">OP17-022] attacking Shiki ["OP17-048">OP17-048]
Shanks ["OP17-022">OP17-022][9000] vs Shiki ["OP17-048">OP17-048][9000]
[Opponent] Shiki ["OP17-048">OP17-048] Destroyed
RZ1|237|2|OP17-048|2|1|6|15|1|1|0|0|0
RZ1|CHK|237|2|25|3|4|2|0|10|16|0|1|0
[You] Kawamatsu ["OP12-023">OP12-023] attacking Rocks D. Xebec ["OP17-039">OP17-039]
[Opponent] Rocks Pirates ["OP17-056">OP17-056]: Activate Counter
RZ1|238|2|OP17-056|1|1|6|16|1|1|0|0|0
RZ1|CHK|238|2|25|2|4|2|0|10|17|0|1|0
[Opponent] Rocks Pirates ["OP17-056">OP17-056]: Buff Rocks D. Xebec ["OP17-039">OP17-039] 2000 for the Combat
Kawamatsu ["OP12-023">OP12-023][6000] vs Rocks D. Xebec ["OP17-039">OP17-039][7000]
Attack Fails
RZ1|239|1|Don|5|8|5|8|1|1|1|0|0
RZ1|CHK|239|1|29|6|4|4|0|10|7|0|1|0
[You] Deploy Kin'emon ["ST32-001">ST32-001]
RZ1|240|1|ST32-001|1|5|2|4|1|1|0|0|0
RZ1|CHK|240|1|29|5|5|4|0|10|7|0|1|0
[You] Kouzuki Oden ["ST32-002">ST32-002] is no longer blocked from attacking
[] Hand: [OP06-038,OP17-022,OP12-023,OP12-034,OP13-031]
[] Board: [OP12-034,ST32-002,OP12-023,OP17-022,ST32-001]
[] Trash: [OP17-031,ST32-002,OP07-022,ST32-002,OP01-055,OP06-033,OP06-033]
[] Life: 4
[] Hand: [OP17-049,OP17-040]
[] Trash: [OP17-055,OP17-056,OP17-046,OP17-055,OP17-045,OP17-045,OP08-051,OP17-055,OP17-042,OP08-051,OP17-045,OP17-053,OP17-050,OP17-049,OP17-049,OP17-048,OP17-056]
[] Board: [OP17-054,OP17-118,OP17-054,OP17-040]
[] Life: 2
[You] End Turn
[] Hand: [OP17-049,OP17-040]
[] Board: [OP17-054,OP17-118,OP17-054,OP17-040]
[] Trash: [OP17-055,OP17-056,OP17-046,OP17-055,OP17-045,OP17-045,OP08-051,OP17-055,OP17-042,OP08-051,OP17-045,OP17-053,OP17-050,OP17-049,OP17-049,OP17-048,OP17-056]
[] Life: 2
[] Hand: [OP06-038,OP17-022,OP12-023,OP12-034,OP13-031]
[] Trash: [OP17-031,ST32-002,OP07-022,ST32-002,OP01-055,OP06-033,OP06-033]
[] Board: [OP12-034,ST32-002,OP12-023,OP17-022,ST32-001]
[] Life: 4
[Opponent] Draw 1 Card
[] Drew card from deck: Streusen ["OP17-050">OP17-050]
RZ1|241|2|OP17-050|0|24|1|2|1|1|0|0|0
RZ1|CHK|241|2|24|3|4|2|0|10|17|0|1|0
[Opponent] Rocks D. Xebec ["OP17-118">OP17-118] attacking Shanks ["OP17-022">OP17-022]
[You] Billion-fold World Trichiliocosm ["OP06-038">OP06-038]: Activate Counter
[You] Billion-fold World Trichiliocosm ["OP06-038">OP06-038]: Rest 1 Don
RZ1|242|1|Don|5|9|5|9|1|1|1|0|0
RZ1|CHK|242|1|29|5|5|4|0|10|7|0|1|0
RZ1|243|1|OP06-038|1|0|6|7|1|1|0|0|0
RZ1|CHK|243|1|29|4|5|4|0|10|8|0|1|0
[You] Billion-fold World Trichiliocosm ["OP06-038">OP06-038]: Buff Shanks ["OP17-022">OP17-022] 2000 for the Combat
[You] Billion-fold World Trichiliocosm ["OP06-038">OP06-038]: Buff Shanks ["OP17-022">OP17-022] 2000 for the Combat
Rocks D. Xebec ["OP17-118">OP17-118][12000] vs Shanks ["OP17-022">OP17-022][16000]
Attack Fails
RZ1|244|2|Don|5|0|9|300|1|1|0|0|0
RZ1|CHK|244|2|24|3|4|2|0|9|17|0|1|1
RZ1|245|2|Don|5|0|9|301|1|1|0|0|0
RZ1|CHK|245|2|24|3|4|2|0|8|17|0|1|2
RZ1|246|2|Don|5|0|9|302|1|1|0|0|0
RZ1|CHK|246|2|24|3|4|2|0|7|17|0|1|3
RZ1|247|2|Don|5|0|9|303|1|1|0|0|0
RZ1|CHK|247|2|24|3|4|2|0|6|17|0|1|4
[Opponent] Attach 4 Don to Edward Newgate ["OP17-040">OP17-040] (4 Total)
[Opponent] Edward Newgate ["OP17-040">OP17-040] attacking Shanks ["OP17-022">OP17-022]
[You] Discard Perona ["OP12-034">OP12-034] for Counter 1000
RZ1|248|1|OP12-034|1|2|6|8|1|1|0|0|0
RZ1|CHK|248|1|29|3|5|4|0|10|9|0|1|0
Edward Newgate ["OP17-040">OP17-040][12000] vs Shanks ["OP17-022">OP17-022][13000]
Attack Fails
RZ1|249|2|Don|5|0|5|0|1|1|1|0|0
RZ1|CHK|249|2|24|3|4|2|0|6|17|0|1|4
RZ1|250|2|Don|5|1|5|1|1|1|1|0|0
RZ1|CHK|250|2|24|3|4|2|0|6|17|0|1|4
RZ1|251|2|Don|5|2|5|2|1|1|1|0|0
RZ1|CHK|251|2|24|3|4|2|0|6|17|0|1|4
RZ1|252|2|Don|5|3|5|3|1|1|1|0|0
RZ1|CHK|252|2|24|3|4|2|0|6|17|0|1|4
RZ1|253|2|Don|5|4|5|4|1|1|1|0|0
RZ1|CHK|253|2|24|3|4|2|0|6|17|0|1|4
RZ1|254|2|Don|5|5|5|5|1|1|1|0|0
RZ1|CHK|254|2|24|3|4|2|0|6|17|0|1|4
[Opponent] Deploy Edward Newgate ["OP17-040">OP17-040]
RZ1|255|2|OP17-040|1|1|2|4|1|1|0|0|0
RZ1|CHK|255|2|24|2|5|2|0|6|17|0|1|4
[] Drew card from deck: Rocks D. Xebec ["OP17-118">OP17-118]
RZ1|256|2|OP17-118|0|23|1|2|1|1|0|0|0
RZ1|CHK|256|2|23|3|5|2|0|6|17|0|1|4
[Opponent] Edward Newgate ["OP17-040">OP17-040]: Draw 1 Card
[Opponent] Rocks D. Xebec ["OP17-039">OP17-039] attacking Dracule Mihawk ["OP14-020">OP14-020]
RZ1|257|2|OP17-050|1|1|6|17|1|1|0|0|0
RZ1|CHK|257|2|23|2|5|2|0|6|18|0|1|4
[Opponent] Rocks D. Xebec ["OP17-039">OP17-039]: Trash Streusen ["OP17-050">OP17-050]
RZ1|258|2|OP17-040|0|22|0|22|0|0|0|0|0
RZ1|CHK|258|2|23|2|5|2|0|6|18|0|1|4
[Opponent] Rocks D. Xebec ["OP17-039">OP17-039] revealed: Edward Newgate ["OP17-040">OP17-040]
[] Drew card from deck: Edward Newgate ["OP17-040">OP17-040]
RZ1|259|2|OP17-040|0|22|1|2|1|1|0|0|0
RZ1|CHK|259|2|22|3|5|2|0|6|18|0|1|4
[] Drew card from deck: Gloriosa ["OP17-046">OP17-046]
RZ1|260|2|OP17-046|0|21|1|3|1|1|0|0|0
RZ1|CHK|260|2|21|4|5|2|0|6|18|0|1|4
[Opponent] Rocks D. Xebec ["OP17-039">OP17-039]: Draw 2 Card
RZ1|261|2|OP17-049|1|0|6|18|1|1|0|0|0
RZ1|CHK|261|2|21|3|5|2|0|6|19|0|1|4
[Opponent] Edward Newgate ["OP17-040">OP17-040]: Trash Charlotte Linlin ["OP17-049">OP17-049]
[Opponent] Edward Newgate ["OP17-040">OP17-040]: Buff Rocks D. Xebec ["OP17-039">OP17-039] 3000 for the Combat
RZ1|262|2|OP17-040|1|1|6|19|1|1|0|0|0
RZ1|CHK|262|2|21|2|5|2|0|6|20|0|1|4
[Opponent] Edward Newgate ["OP17-040">OP17-040]: Trash Edward Newgate ["OP17-040">OP17-040]
[Opponent] Edward Newgate ["OP17-040">OP17-040]: Buff Rocks D. Xebec ["OP17-039">OP17-039] 3000 for the Combat
Rocks D. Xebec ["OP17-039">OP17-039][11000] vs Dracule Mihawk ["OP14-020">OP14-020][6000]
Dracule Mihawk ["OP14-020">OP14-020] hit for 1 damage
RZ1|263|1|OP13-031|3|3|1|3|1|1|0|0|0
RZ1|CHK|263|1|29|4|5|3|0|10|9|0|1|0
[] Hand: [OP17-118,OP17-046]
[] Board: [OP17-054,OP17-118,OP17-054,OP17-040,OP17-040]
[] Trash: [OP17-055,OP17-056,OP17-046,OP17-055,OP17-045,OP17-045,OP08-051,OP17-055,OP17-042,OP08-051,OP17-045,OP17-053,OP17-050,OP17-049,OP17-049,OP17-048,OP17-056,OP17-050,OP17-049,OP17-040]
[] Life: 2
[] Hand: [OP17-022,OP12-023,OP13-031,OP13-031]
[] Trash: [OP17-031,ST32-002,OP07-022,ST32-002,OP01-055,OP06-033,OP06-033,OP06-038,OP12-034]
[] Board: [OP12-034,ST32-002,OP12-023,OP17-022,ST32-001]
[] Life: 3
[Opponent] End Turn
[] Hand: [OP17-022,OP12-023,OP13-031,OP13-031]
[] Board: [OP12-034,ST32-002,OP12-023,OP17-022,ST32-001]
[] Trash: [OP17-031,ST32-002,OP07-022,ST32-002,OP01-055,OP06-033,OP06-033,OP06-038,OP12-034]
[] Life: 3
[] Hand: [OP17-118,OP17-046]
[] Trash: [OP17-055,OP17-056,OP17-046,OP17-055,OP17-045,OP17-045,OP08-051,OP17-055,OP17-042,OP08-051,OP17-045,OP17-053,OP17-050,OP17-049,OP17-049,OP17-048,OP17-056,OP17-050,OP17-049,OP17-040]
[] Board: [OP17-054,OP17-118,OP17-054,OP17-040,OP17-040]
[] Life: 2
[You] Draw 1 Card
[] Drew card from deck: Kawamatsu ["OP12-023">OP12-023]
RZ1|264|1|OP12-023|0|28|1|4|1|1|0|0|0
RZ1|CHK|264|1|28|5|5|3|0|10|9|0|1|0
[You] Kouzuki Oden ["ST32-002">ST32-002] attacking Rocks D. Xebec ["OP17-039">OP17-039]
RZ1|265|2|OP17-046|1|1|6|20|1|1|0|0|0
RZ1|CHK|265|2|21|1|5|2|0|6|21|0|1|4
[Opponent] Edward Newgate ["OP17-040">OP17-040]: Trash Gloriosa ["OP17-046">OP17-046]
[Opponent] Edward Newgate ["OP17-040">OP17-040]: Buff Rocks D. Xebec ["OP17-039">OP17-039] 3000 for the Combat
RZ1|266|2|OP17-118|1|0|6|21|1|1|0|0|0
RZ1|CHK|266|2|21|0|5|2|0|6|22|0|1|4
[Opponent] Edward Newgate ["OP17-040">OP17-040]: Trash Rocks D. Xebec ["OP17-118">OP17-118]
[Opponent] Edward Newgate ["OP17-040">OP17-040]: Buff Rocks D. Xebec ["OP17-039">OP17-039] 3000 for the Combat
Kouzuki Oden ["ST32-002">ST32-002][6000] vs Rocks D. Xebec ["OP17-039">OP17-039][11000]
Attack Fails
[You] Dracule Mihawk ["OP14-020">OP14-020] attacking Rocks D. Xebec ["OP17-039">OP17-039]
Dracule Mihawk ["OP14-020">OP14-020][6000] vs Rocks D. Xebec ["OP17-039">OP17-039][5000]
Rocks D. Xebec ["OP17-039">OP17-039] hit for 1 damage
RZ1|267|2|OP17-042|3|1|1|0|1|1|0|0|0
RZ1|CHK|267|2|21|1|5|1|0|6|22|0|1|4
RZ1|268|1|Don|5|0|5|0|1|1|1|0|0
RZ1|CHK|268|1|28|5|5|3|0|10|9|0|1|0
RZ1|269|1|Don|5|1|5|1|1|1|1|0|0
RZ1|CHK|269|1|28|5|5|3|0|10|9|0|1|0
RZ1|270|1|Don|5|2|5|2|1|1|1|0|0
RZ1|CHK|270|1|28|5|5|3|0|10|9|0|1|0
RZ1|271|1|Don|5|3|5|3|1|1|1|0|0
RZ1|CHK|271|1|28|5|5|3|0|10|9|0|1|0
RZ1|272|1|Don|5|4|5|4|1|1|1|0|0
RZ1|CHK|272|1|28|5|5|3|0|10|9|0|1|0
RZ1|273|1|Don|5|5|5|5|1|1|1|0|0
RZ1|CHK|273|1|28|5|5|3|0|10|9|0|1|0
RZ1|274|1|Don|5|6|5|6|1|1|1|0|0
RZ1|CHK|274|1|28|5|5|3|0|10|9|0|1|0
RZ1|275|1|Don|5|7|5|7|1|1|1|0|0
RZ1|CHK|275|1|28|5|5|3|0|10|9|0|1|0
RZ1|276|1|Don|5|8|5|8|1|1|1|0|0
RZ1|CHK|276|1|28|5|5|3|0|10|9|0|1|0
RZ1|277|1|Don|5|9|5|9|1|1|1|0|0
RZ1|CHK|277|1|28|5|5|3|0|10|9|0|1|0
[You] Trash Perona ["OP12-034">OP12-034]
[You] Deploy Shanks ["OP17-022">OP17-022]
RZ1|278|1|OP12-034|2|0|6|9|1|1|0|0|0
RZ1|CHK|278|1|28|5|4|3|0|10|10|0|1|0
RZ1|279|1|OP17-022|1|0|2|4|1|1|0|0|0
RZ1|CHK|279|1|28|4|5|3|0|10|10|0|1|0
[You] Shanks ["OP17-022">OP17-022]: Activate 1 Don
RZ1|280|1|Don|5|9|5|9|1|1|0|0|0
RZ1|CHK|280|1|28|4|5|3|0|10|10|0|1|0
[You] Shanks ["OP17-022">OP17-022]: Activate 1 Don
RZ1|281|1|Don|5|8|5|8|1|1|0|0|0
RZ1|CHK|281|1|28|4|5|3|0|10|10|0|1|0
[You] Shanks ["OP17-022">OP17-022]: Rest Stussy ["OP17-054">OP17-054]
[You] Shanks ["OP17-022">OP17-022]: Rest Stussy ["OP17-054">OP17-054]
[You] Shanks ["OP17-022">OP17-022]: Rest Edward Newgate ["OP17-040">OP17-040]
[You] Kawamatsu ["OP12-023">OP12-023] attacking Rocks D. Xebec ["OP17-039">OP17-039]
Kawamatsu ["OP12-023">OP12-023][6000] vs Rocks D. Xebec ["OP17-039">OP17-039][5000]
Rocks D. Xebec ["OP17-039">OP17-039] hit for 1 damage
RZ1|282|2|OP17-048|3|0|1|1|1|1|0|0|0
RZ1|CHK|282|2|21|2|5|0|0|6|22|0|1|4
RZ1|283|1|Don|5|8|9|200|1|1|0|0|0
RZ1|CHK|283|1|28|4|5|3|0|9|10|0|1|1
RZ1|284|1|Don|5|8|9|201|1|1|0|0|0
RZ1|CHK|284|1|28|4|5|3|0|8|10|0|1|2
[You] Attach 2 Don to Shanks ["OP17-022">OP17-022] (2 Total)
[You] Shanks ["OP17-022">OP17-022] attacking Rocks D. Xebec ["OP17-039">OP17-039]
Shanks ["OP17-022">OP17-022][14000] vs Rocks D. Xebec ["OP17-039">OP17-039][5000]
Rocks D. Xebec ["OP17-039">OP17-039] hit for 1 damage
[Opponent] <b>Downloaded the Combat Log!</b>
GameOver
