Version is 1.43a.3
[You] Leader is Dracule Mihawk ["OP14-020">OP14-020]
RZ1|HDR|1.43a|2|RZ1
RZ1|PLY|1||OP14-020
RZ1|PLY|2||
[Opponent] Leader is Portgas D. Ace ["OP16-001">OP16-001]
RZ1|1|2|OP16-021|0|48|0|0|0|0|0|0|0
RZ1|CHK|1|2|50|0|0|0|10|0|0|0|1|0
RZ1|2|2|OP13-016|0|2|0|1|0|0|0|0|0
RZ1|CHK|2|2|50|0|0|0|10|0|0|0|1|0
RZ1|3|2|OP16-015|0|11|0|2|0|0|0|0|0
RZ1|CHK|3|2|50|0|0|0|10|0|0|0|1|0
RZ1|4|2|OP16-003|0|36|0|3|0|0|0|0|0
RZ1|CHK|4|2|50|0|0|0|10|0|0|0|1|0
RZ1|5|2|OP16-021|0|47|0|4|0|0|0|0|0
RZ1|CHK|5|2|50|0|0|0|10|0|0|0|1|0
RZ1|6|2|OP16-118|0|15|0|5|0|0|0|0|0
RZ1|CHK|6|2|50|0|0|0|10|0|0|0|1|0
RZ1|7|2|OP16-015|0|13|0|6|0|0|0|0|0
RZ1|CHK|7|2|50|0|0|0|10|0|0|0|1|0
RZ1|8|2|OP17-005|0|42|0|7|0|0|0|0|0
RZ1|CHK|8|2|50|0|0|0|10|0|0|0|1|0
RZ1|9|2|OP17-017|0|45|0|8|0|0|0|0|0
RZ1|CHK|9|2|50|0|0|0|10|0|0|0|1|0
RZ1|10|2|OP16-021|0|48|0|9|0|0|0|0|0
RZ1|CHK|10|2|50|0|0|0|10|0|0|0|1|0
RZ1|11|2|OP17-006|0|39|0|10|0|0|0|0|0
RZ1|CHK|11|2|50|0|0|0|10|0|0|0|1|0
RZ1|12|2|ST30-016|0|47|0|11|0|0|0|0|0
RZ1|CHK|12|2|50|0|0|0|10|0|0|0|1|0
RZ1|13|2|OP17-005|0|43|0|12|0|0|0|0|0
RZ1|CHK|13|2|50|0|0|0|10|0|0|0|1|0
RZ1|14|2|OP16-003|0|43|0|13|0|0|0|0|0
RZ1|CHK|14|2|50|0|0|0|10|0|0|0|1|0
RZ1|15|2|OP16-118|0|23|0|14|0|0|0|0|0
RZ1|CHK|15|2|50|0|0|0|10|0|0|0|1|0
RZ1|16|2|OP17-006|0|41|0|15|0|0|0|0|0
RZ1|CHK|16|2|50|0|0|0|10|0|0|0|1|0
RZ1|17|2|OP16-004|0|40|0|16|0|0|0|0|0
RZ1|CHK|17|2|50|0|0|0|10|0|0|0|1|0
RZ1|18|2|OP16-004|0|39|0|17|0|0|0|0|0
RZ1|CHK|18|2|50|0|0|0|10|0|0|0|1|0
RZ1|19|2|OP13-016|0|20|0|18|0|0|0|0|0
RZ1|CHK|19|2|50|0|0|0|10|0|0|0|1|0
RZ1|20|2|OP16-118|0|27|0|19|0|0|0|0|0
RZ1|CHK|20|2|50|0|0|0|10|0|0|0|1|0
RZ1|21|2|OP16-015|0|27|0|20|0|0|0|0|0
RZ1|CHK|21|2|50|0|0|0|10|0|0|0|1|0
RZ1|22|2|OP10-015|0|25|0|21|0|0|0|0|0
RZ1|CHK|22|2|50|0|0|0|10|0|0|0|1|0
RZ1|23|2|OP16-021|0|49|0|22|0|0|0|0|0
RZ1|CHK|23|2|50|0|0|0|10|0|0|0|1|0
RZ1|24|2|OP16-004|0|40|0|23|0|0|0|0|0
RZ1|CHK|24|2|50|0|0|0|10|0|0|0|1|0
RZ1|25|2|OP17-017|0|48|0|24|0|0|0|0|0
RZ1|CHK|25|2|50|0|0|0|10|0|0|0|1|0
RZ1|26|2|OP17-005|0|46|0|25|0|0|0|0|0
RZ1|CHK|26|2|50|0|0|0|10|0|0|0|1|0
RZ1|27|2|OP10-015|0|30|0|26|0|0|0|0|0
RZ1|CHK|27|2|50|0|0|0|10|0|0|0|1|0
RZ1|28|2|OP17-006|0|45|0|27|0|0|0|0|0
RZ1|CHK|28|2|50|0|0|0|10|0|0|0|1|0
RZ1|29|2|ST23-001|0|42|0|28|0|0|0|0|0
RZ1|CHK|29|2|50|0|0|0|10|0|0|0|1|0
RZ1|30|2|ST30-016|0|49|0|29|0|0|0|0|0
RZ1|CHK|30|2|50|0|0|0|10|0|0|0|1|0
RZ1|31|2|OP16-015|0|34|0|30|0|0|0|0|0
RZ1|CHK|31|2|50|0|0|0|10|0|0|0|1|0
RZ1|32|2|OP16-118|0|35|0|31|0|0|0|0|0
RZ1|CHK|32|2|50|0|0|0|10|0|0|0|1|0
RZ1|33|2|ST23-001|0|44|0|32|0|0|0|0|0
RZ1|CHK|33|2|50|0|0|0|10|0|0|0|1|0
RZ1|34|2|OP17-017|0|49|0|33|0|0|0|0|0
RZ1|CHK|34|2|50|0|0|0|10|0|0|0|1|0
RZ1|35|2|OP16-011|0|39|0|34|0|0|0|0|0
RZ1|CHK|35|2|50|0|0|0|10|0|0|0|1|0
RZ1|36|2|OP16-004|0|46|0|35|0|0|0|0|0
RZ1|CHK|36|2|50|0|0|0|10|0|0|0|1|0
RZ1|37|2|OP13-016|0|37|0|36|0|0|0|0|0
RZ1|CHK|37|2|50|0|0|0|10|0|0|0|1|0
RZ1|38|2|ST23-001|0|46|0|37|0|0|0|0|0
RZ1|CHK|38|2|50|0|0|0|10|0|0|0|1|0
RZ1|39|2|OP16-014|0|43|0|38|0|0|0|0|0
RZ1|CHK|39|2|50|0|0|0|10|0|0|0|1|0
RZ1|40|2|OP17-005|0|49|0|39|0|0|0|0|0
RZ1|CHK|40|2|50|0|0|0|10|0|0|0|1|0
RZ1|41|2|OP16-014|0|44|0|40|0|0|0|0|0
RZ1|CHK|41|2|50|0|0|0|10|0|0|0|1|0
RZ1|42|2|OP10-015|0|42|0|41|0|0|0|0|0
RZ1|CHK|42|2|50|0|0|0|10|0|0|0|1|0
RZ1|43|2|OP16-014|0|45|0|43|0|0|0|0|0
RZ1|CHK|43|2|50|0|0|0|10|0|0|0|1|0
RZ1|44|2|OP16-003|0|49|0|47|0|0|0|0|0
RZ1|CHK|44|2|50|0|0|0|10|0|0|0|1|0
[] Drew card from deck: Otama ["OP07-022">OP07-022]
RZ1|45|1|OP07-022|0|49|1|0|1|1|0|0|0
RZ1|CHK|45|1|49|1|0|0|10|0|0|0|1|0
[] Drew card from deck: Kouzuki Oden ["ST32-002">ST32-002]
RZ1|46|1|ST32-002|0|48|1|1|1|1|0|0|0
RZ1|CHK|46|1|48|2|0|0|10|0|0|0|1|0
[] Drew card from deck: Coffin Boat ["OP14-039">OP14-039]
RZ1|47|1|OP14-039|0|47|1|2|1|1|0|0|0
RZ1|CHK|47|1|47|3|0|0|10|0|0|0|1|0
[] Drew card from deck: Shanks ["OP17-022">OP17-022]
RZ1|48|1|OP17-022|0|46|1|3|1|1|0|0|0
RZ1|CHK|48|1|46|4|0|0|10|0|0|0|1|0
[] Drew card from deck: Vander Decken IX ["OP06-033">OP06-033]
RZ1|49|1|OP06-033|0|45|1|4|1|1|0|0|0
RZ1|CHK|49|1|45|5|0|0|10|0|0|0|1|0
[] Drew card from deck: Kingdew ["OP17-006">OP17-006]
RZ1|50|2|OP17-006|0|49|1|0|1|1|0|0|0
RZ1|CHK|50|2|49|1|0|0|10|0|0|0|1|0
[] Drew card from deck: Uta ["ST23-001">ST23-001]
RZ1|51|2|ST23-001|0|48|1|1|1|1|0|0|0
RZ1|CHK|51|2|48|2|0|0|10|0|0|0|1|0
[] Drew card from deck: Edward Newgate ["OP16-003">OP16-003]
RZ1|52|2|OP16-003|0|47|1|2|1|1|0|0|0
RZ1|CHK|52|2|47|3|0|0|10|0|0|0|1|0
[] Drew card from deck: Marco ["OP16-014">OP16-014]
RZ1|53|2|OP16-014|0|46|1|3|1|1|0|0|0
RZ1|CHK|53|2|46|4|0|0|10|0|0|0|1|0
[] Drew card from deck: Vista ["OP16-011">OP16-011]
RZ1|54|2|OP16-011|0|45|1|4|1|1|0|0|0
RZ1|CHK|54|2|45|5|0|0|10|0|0|0|1|0
RZ1|55|1|OP12-034|0|44|3|0|1|0|0|0|0
RZ1|CHK|55|1|44|5|0|1|10|0|0|0|1|0
RZ1|56|1|OP17-031|0|43|3|1|1|0|0|0|0
RZ1|CHK|56|1|43|5|0|2|10|0|0|0|1|0
RZ1|57|1|OP17-022|0|42|3|2|1|0|0|0|0
RZ1|CHK|57|1|42|5|0|3|10|0|0|0|1|0
RZ1|58|1|OP07-022|0|41|3|3|1|0|0|0|0
RZ1|CHK|58|1|41|5|0|4|10|0|0|0|1|0
RZ1|59|1|OP07-022|0|40|3|4|1|0|0|0|0
RZ1|CHK|59|1|40|5|0|5|10|0|0|0|1|0
RZ1|60|2|OP17-006|1|0|0|45|0|0|0|0|0
RZ1|CHK|60|2|46|4|0|0|10|0|0|0|1|0
RZ1|61|2|ST23-001|1|0|0|46|0|0|0|0|0
RZ1|CHK|61|2|47|3|0|0|10|0|0|0|1|0
RZ1|62|2|OP16-003|1|0|0|47|0|0|0|0|0
RZ1|CHK|62|2|48|2|0|0|10|0|0|0|1|0
RZ1|63|2|OP16-014|1|0|0|48|0|0|0|0|0
RZ1|CHK|63|2|49|1|0|0|10|0|0|0|1|0
RZ1|64|2|OP16-011|1|0|0|49|0|0|0|0|0
RZ1|CHK|64|2|50|0|0|0|10|0|0|0|1|0
RZ1|65|2|OP17-005|0|12|0|0|0|0|0|0|0
RZ1|CHK|65|2|50|0|0|0|10|0|0|0|1|0
RZ1|66|2|OP17-017|0|24|0|1|0|0|0|0|0
RZ1|CHK|66|2|50|0|0|0|10|0|0|0|1|0
RZ1|67|2|OP17-005|0|9|0|2|0|0|0|0|0
RZ1|CHK|67|2|50|0|0|0|10|0|0|0|1|0
RZ1|68|2|OP16-014|0|40|0|3|0|0|0|0|0
RZ1|CHK|68|2|50|0|0|0|10|0|0|0|1|0
RZ1|69|2|ST30-016|0|30|0|4|0|0|0|0|0
RZ1|CHK|69|2|50|0|0|0|10|0|0|0|1|0
RZ1|70|2|OP16-118|0|22|0|5|0|0|0|0|0
RZ1|CHK|70|2|50|0|0|0|10|0|0|0|1|0
RZ1|71|2|OP16-004|0|20|0|6|0|0|0|0|0
RZ1|CHK|71|2|50|0|0|0|10|0|0|0|1|0
RZ1|72|2|OP16-014|0|43|0|7|0|0|0|0|0
RZ1|CHK|72|2|50|0|0|0|10|0|0|0|1|0
RZ1|73|2|OP16-021|0|26|0|8|0|0|0|0|0
RZ1|CHK|73|2|50|0|0|0|10|0|0|0|1|0
RZ1|74|2|OP16-014|0|48|0|9|0|0|0|0|0
RZ1|CHK|74|2|50|0|0|0|10|0|0|0|1|0
RZ1|75|2|ST23-001|0|47|0|10|0|0|0|0|0
RZ1|CHK|75|2|50|0|0|0|10|0|0|0|1|0
RZ1|76|2|OP16-004|0|25|0|11|0|0|0|0|0
RZ1|CHK|76|2|50|0|0|0|10|0|0|0|1|0
RZ1|77|2|OP16-015|0|18|0|12|0|0|0|0|0
RZ1|CHK|77|2|50|0|0|0|10|0|0|0|1|0
RZ1|78|2|ST23-001|0|33|0|13|0|0|0|0|0
RZ1|CHK|78|2|50|0|0|0|10|0|0|0|1|0
RZ1|79|2|OP17-006|0|26|0|14|0|0|0|0|0
RZ1|CHK|79|2|50|0|0|0|10|0|0|0|1|0
RZ1|80|2|OP13-016|0|40|0|15|0|0|0|0|0
RZ1|CHK|80|2|50|0|0|0|10|0|0|0|1|0
RZ1|81|2|OP16-021|0|23|0|16|0|0|0|0|0
RZ1|CHK|81|2|50|0|0|0|10|0|0|0|1|0
RZ1|82|2|OP10-015|0|46|0|17|0|0|0|0|0
RZ1|CHK|82|2|50|0|0|0|10|0|0|0|1|0
RZ1|83|2|OP16-003|0|21|0|18|0|0|0|0|0
RZ1|CHK|83|2|50|0|0|0|10|0|0|0|1|0
RZ1|84|2|OP16-021|0|22|0|19|0|0|0|0|0
RZ1|CHK|84|2|50|0|0|0|10|0|0|0|1|0
RZ1|85|2|OP16-118|0|28|0|20|0|0|0|0|0
RZ1|CHK|85|2|50|0|0|0|10|0|0|0|1|0
RZ1|86|2|OP17-005|0|44|0|21|0|0|0|0|0
RZ1|CHK|86|2|50|0|0|0|10|0|0|0|1|0
RZ1|87|2|OP16-015|0|37|0|24|0|0|0|0|0
RZ1|CHK|87|2|50|0|0|0|10|0|0|0|1|0
RZ1|88|2|OP13-016|0|31|0|25|0|0|0|0|0
RZ1|CHK|88|2|50|0|0|0|10|0|0|0|1|0
RZ1|89|2|OP16-003|0|48|0|26|0|0|0|0|0
RZ1|CHK|89|2|50|0|0|0|10|0|0|0|1|0
RZ1|90|2|ST23-001|0|40|0|27|0|0|0|0|0
RZ1|CHK|90|2|50|0|0|0|10|0|0|0|1|0
RZ1|91|2|ST23-001|0|44|0|28|0|0|0|0|0
RZ1|CHK|91|2|50|0|0|0|10|0|0|0|1|0
RZ1|92|2|OP16-003|0|34|0|29|0|0|0|0|0
RZ1|CHK|92|2|50|0|0|0|10|0|0|0|1|0
RZ1|93|2|OP10-015|0|46|0|30|0|0|0|0|0
RZ1|CHK|93|2|50|0|0|0|10|0|0|0|1|0
RZ1|94|2|OP10-015|0|37|0|31|0|0|0|0|0
RZ1|CHK|94|2|50|0|0|0|10|0|0|0|1|0
RZ1|95|2|OP16-014|0|46|0|32|0|0|0|0|0
RZ1|CHK|95|2|50|0|0|0|10|0|0|0|1|0
RZ1|96|2|OP16-118|0|43|0|33|0|0|0|0|0
RZ1|CHK|96|2|50|0|0|0|10|0|0|0|1|0
RZ1|97|2|OP16-004|0|46|0|34|0|0|0|0|0
RZ1|CHK|97|2|50|0|0|0|10|0|0|0|1|0
RZ1|98|2|OP17-005|0|42|0|35|0|0|0|0|0
RZ1|CHK|98|2|50|0|0|0|10|0|0|0|1|0
RZ1|99|2|OP16-004|0|42|0|36|0|0|0|0|0
RZ1|CHK|99|2|50|0|0|0|10|0|0|0|1|0
RZ1|100|2|OP16-011|0|46|0|37|0|0|0|0|0
RZ1|CHK|100|2|50|0|0|0|10|0|0|0|1|0
RZ1|101|2|OP10-015|0|44|0|38|0|0|0|0|0
RZ1|CHK|101|2|50|0|0|0|10|0|0|0|1|0
RZ1|102|2|OP16-015|0|44|0|39|0|0|0|0|0
RZ1|CHK|102|2|50|0|0|0|10|0|0|0|1|0
RZ1|103|2|OP16-118|0|41|0|40|0|0|0|0|0
RZ1|CHK|103|2|50|0|0|0|10|0|0|0|1|0
RZ1|104|2|OP16-011|0|49|0|41|0|0|0|0|0
RZ1|CHK|104|2|50|0|0|0|10|0|0|0|1|0
RZ1|105|2|OP17-017|0|47|0|42|0|0|0|0|0
RZ1|CHK|105|2|50|0|0|0|10|0|0|0|1|0
RZ1|106|2|OP13-016|0|48|0|44|0|0|0|0|0
RZ1|CHK|106|2|50|0|0|0|10|0|0|0|1|0
RZ1|107|2|ST30-016|0|47|0|45|0|0|0|0|0
RZ1|CHK|107|2|50|0|0|0|10|0|0|0|1|0
RZ1|108|2|OP17-006|0|48|0|47|0|0|0|0|0
RZ1|CHK|108|2|50|0|0|0|10|0|0|0|1|0
RZ1|109|2|OP17-006|0|49|0|48|0|0|0|0|0
RZ1|CHK|109|2|50|0|0|0|10|0|0|0|1|0
[] Drew card from deck: Kingdew ["OP17-006">OP17-006]
RZ1|110|2|OP17-006|0|49|1|0|1|1|0|0|0
RZ1|CHK|110|2|49|1|0|0|10|0|0|0|1|0
[] Drew card from deck: Kingdew ["OP17-006">OP17-006]
RZ1|111|2|OP17-006|0|48|1|1|1|1|0|0|0
RZ1|CHK|111|2|48|2|0|0|10|0|0|0|1|0
[] Drew card from deck: Kingdew ["OP17-006">OP17-006]
RZ1|112|2|OP17-006|0|47|1|2|1|1|0|0|0
RZ1|CHK|112|2|47|3|0|0|10|0|0|0|1|0
[] Drew card from deck: Gurararararara! ["OP17-017">OP17-017]
RZ1|113|2|OP17-017|0|46|1|3|1|1|0|0|0
RZ1|CHK|113|2|46|4|0|0|10|0|0|0|1|0
[] Drew card from deck: Can You Still Fight, Luffy? Of Course!! ["ST30-016">ST30-016]
RZ1|114|2|ST30-016|0|45|1|4|1|1|0|0|0
RZ1|CHK|114|2|45|5|0|0|10|0|0|0|1|0
RZ1|115|2|OP13-016|0|44|3|0|0|1|0|0|0
RZ1|CHK|115|2|44|5|0|1|10|0|0|0|1|0
RZ1|116|2|OP16-015|0|43|3|1|0|1|0|0|0
RZ1|CHK|116|2|43|5|0|2|10|0|0|0|1|0
RZ1|117|2|OP17-017|0|42|3|2|0|1|0|0|0
RZ1|CHK|117|2|42|5|0|3|10|0|0|0|1|0
RZ1|118|2|OP16-011|0|41|3|3|0|1|0|0|0
RZ1|CHK|118|2|41|5|0|4|10|0|0|0|1|0
RZ1|119|2|OP16-118|0|40|3|4|0|1|0|0|0
RZ1|CHK|119|2|40|5|0|5|10|0|0|0|1|0
[] Hand after Mulligan: [OP17-006,OP17-006,OP17-006,OP17-017,ST30-016]
[Opponent] Mulligan
[] Hand: [OP07-022,ST32-002,OP14-039,OP17-022,OP06-033]
[] Board: []
[] Trash: []
[] Life: 5
[] Hand: [OP17-006,OP17-006,OP17-006,OP17-017,ST30-016]
[] Trash: []
[] Board: []
[] Life: 5
RZ1|120|1|Don|4|9|5|0|1|1|0|0|0
RZ1|CHK|120|1|40|5|0|5|9|1|0|0|1|0
[You] Draw 1 Don
[] Hand: [OP07-022,ST32-002,OP14-039,OP17-022,OP06-033]
[] Board: []
[] Trash: []
[] Life: 5
[] Hand: [OP17-006,OP17-006,OP17-006,OP17-017,ST30-016]
[] Trash: []
[] Board: []
[] Life: 5
[You] End Turn
[] Hand: [OP17-006,OP17-006,OP17-006,OP17-017,ST30-016]
[] Board: []
[] Trash: []
[] Life: 5
[] Hand: [OP07-022,ST32-002,OP14-039,OP17-022,OP06-033]
[] Trash: []
[] Board: []
[] Life: 5
[Opponent] Draw 1 Card
[] Drew card from deck: Monkey D. Luffy ["OP16-015">OP16-015]
RZ1|121|2|OP16-015|0|39|1|5|1|1|0|0|0
RZ1|CHK|121|2|39|6|0|5|10|0|0|0|1|0
RZ1|122|2|Don|4|9|5|0|1|1|0|0|0
RZ1|CHK|122|2|39|6|0|5|9|1|0|0|1|0
RZ1|123|2|Don|4|8|5|1|1|1|0|0|0
RZ1|CHK|123|2|39|6|0|5|8|2|0|0|1|0
[Opponent] Draw 2 Don
[] Hand: [OP17-006,OP17-006,OP17-006,OP17-017,ST30-016,OP16-015]
[] Board: []
[] Trash: []
[] Life: 5
[] Hand: [OP07-022,ST32-002,OP14-039,OP17-022,OP06-033]
[] Trash: []
[] Board: []
[] Life: 5
[Opponent] End Turn
[] Hand: [OP07-022,ST32-002,OP14-039,OP17-022,OP06-033]
[] Board: []
[] Trash: []
[] Life: 5
[] Hand: [OP17-006,OP17-006,OP17-006,OP17-017,ST30-016,OP16-015]
[] Trash: []
[] Board: []
[] Life: 5
[You] Draw 1 Card
[] Drew card from deck: Kawamatsu ["OP12-023">OP12-023]
RZ1|124|1|OP12-023|0|39|1|5|1|1|0|0|0
RZ1|CHK|124|1|39|6|0|5|9|1|0|0|1|0
RZ1|125|1|Don|4|8|5|1|1|1|0|0|0
RZ1|CHK|125|1|39|6|0|5|8|2|0|0|1|0
RZ1|126|1|Don|4|7|5|2|1|1|0|0|0
RZ1|CHK|126|1|39|6|0|5|7|3|0|0|1|0
[You] Draw 2 Don
RZ1|127|1|Don|5|0|9|9900|1|1|0|0|0
RZ1|CHK|127|1|39|6|0|5|7|2|0|0|1|1
RZ1|128|1|Don|5|0|9|9901|1|1|0|0|0
RZ1|CHK|128|1|39|6|0|5|7|1|0|0|1|2
[You] Attach 2 Don to Dracule Mihawk ["OP14-020">OP14-020] (2 Total)
RZ1|129|1|Don|5|0|9|9902|1|1|0|0|0
RZ1|CHK|129|1|39|6|0|5|7|0|0|0|1|3
[You] Attach 1 Don to Dracule Mihawk ["OP14-020">OP14-020] (3 Total)
[You] Dracule Mihawk ["OP14-020">OP14-020] attacking Portgas D. Ace ["OP16-001">OP16-001]
Dracule Mihawk ["OP14-020">OP14-020][8000] vs Portgas D. Ace ["OP16-001">OP16-001][5000]
Portgas D. Ace ["OP16-001">OP16-001] hit for 1 damage
RZ1|130|2|OP16-118|3|4|1|6|1|1|0|0|0
RZ1|CHK|130|2|39|7|0|4|8|2|0|0|1|0
[] Hand: [OP07-022,ST32-002,OP14-039,OP17-022,OP06-033,OP12-023]
[] Board: []
[] Trash: []
[] Life: 5
[] Hand: [OP17-006,OP17-006,OP17-006,OP17-017,ST30-016,OP16-015,OP16-118]
[] Trash: []
[] Board: []
[] Life: 4
[You] End Turn
[] Hand: [OP17-006,OP17-006,OP17-006,OP17-017,ST30-016,OP16-015,OP16-118]
[] Board: []
[] Trash: []
[] Life: 4
[] Hand: [OP07-022,ST32-002,OP14-039,OP17-022,OP06-033,OP12-023]
[] Trash: []
[] Board: []
[] Life: 5
[Opponent] Draw 1 Card
[] Drew card from deck: Mocha ["OP10-015">OP10-015]
RZ1|131|2|OP10-015|0|38|1|7|1|1|0|0|0
RZ1|CHK|131|2|38|8|0|4|8|2|0|0|1|0
RZ1|132|2|Don|4|7|5|2|1|1|0|0|0
RZ1|CHK|132|2|38|8|0|4|7|3|0|0|1|0
RZ1|133|2|Don|4|6|5|3|1|1|0|0|0
RZ1|CHK|133|2|38|8|0|4|6|4|0|0|1|0
[Opponent] Draw 2 Don
RZ1|134|2|Don|5|0|5|0|1|1|1|0|0
RZ1|CHK|134|2|38|8|0|4|6|4|0|0|1|0
RZ1|135|2|Don|5|1|5|1|1|1|1|0|0
RZ1|CHK|135|2|38|8|0|4|6|4|0|0|1|0
RZ1|136|2|Don|5|2|5|2|1|1|1|0|0
RZ1|CHK|136|2|38|8|0|4|6|4|0|0|1|0
RZ1|137|2|Don|5|3|5|3|1|1|1|0|0
RZ1|CHK|137|2|38|8|0|4|6|4|0|0|1|0
[Opponent] Deploy Monkey D. Luffy ["OP16-015">OP16-015]
RZ1|138|2|OP16-015|1|5|2|0|1|1|0|0|0
RZ1|CHK|138|2|38|7|1|4|6|4|0|0|1|0
[Opponent] Portgas D. Ace ["OP16-001">OP16-001] attacking Dracule Mihawk ["OP14-020">OP14-020]
Portgas D. Ace ["OP16-001">OP16-001][5000] vs Dracule Mihawk ["OP14-020">OP14-020][5000]
Dracule Mihawk ["OP14-020">OP14-020] hit for 1 damage
RZ1|139|1|OP07-022|3|4|1|6|1|1|0|0|0
RZ1|CHK|139|1|39|7|0|4|7|0|0|0|1|3
[] Hand: [OP17-006,OP17-006,OP17-006,OP17-017,ST30-016,OP16-118,OP10-015]
[] Board: [OP16-015]
[] Trash: []
[] Life: 4
[] Hand: [OP07-022,ST32-002,OP14-039,OP17-022,OP06-033,OP12-023,OP07-022]
[] Trash: []
[] Board: []
[] Life: 4
[Opponent] End Turn
[] Hand: [OP07-022,ST32-002,OP14-039,OP17-022,OP06-033,OP12-023,OP07-022]
[] Board: []
[] Trash: []
[] Life: 4
[] Hand: [OP17-006,OP17-006,OP17-006,OP17-017,ST30-016,OP16-118,OP10-015]
[] Trash: []
[] Board: [OP16-015]
[] Life: 4
RZ1|140|1|Don|9|9900|5|0|1|1|1|0|0
RZ1|CHK|140|1|39|7|0|4|7|1|0|0|1|2
RZ1|141|1|Don|9|9900|5|0|1|1|1|0|0
RZ1|CHK|141|1|39|7|0|4|7|2|0|0|1|1
RZ1|142|1|Don|9|9900|5|0|1|1|1|0|0
RZ1|CHK|142|1|39|7|0|4|7|3|0|0|1|0
[You] Draw 1 Card
[] Drew card from deck: Billion-fold World Trichiliocosm ["OP06-038">OP06-038]
RZ1|143|1|OP06-038|0|38|1|7|1|1|0|0|0
RZ1|CHK|143|1|38|8|0|4|7|3|0|0|1|0
RZ1|144|1|Don|4|6|5|3|1|1|0|0|0
RZ1|CHK|144|1|38|8|0|4|6|4|0|0|1|0
RZ1|145|1|Don|4|5|5|4|1|1|0|0|0
RZ1|CHK|145|1|38|8|0|4|5|5|0|0|1|0
[You] Draw 2 Don
RZ1|146|1|Don|5|0|5|0|1|1|1|0|0
RZ1|CHK|146|1|38|8|0|4|5|5|0|0|1|0
RZ1|147|1|Don|5|1|5|1|1|1|1|0|0
RZ1|CHK|147|1|38|8|0|4|5|5|0|0|1|0
RZ1|148|1|Don|5|2|5|2|1|1|1|0|0
RZ1|CHK|148|1|38|8|0|4|5|5|0|0|1|0
RZ1|149|1|Don|5|3|5|3|1|1|1|0|0
RZ1|CHK|149|1|38|8|0|4|5|5|0|0|1|0
RZ1|150|1|Don|5|4|5|4|1|1|1|0|0
RZ1|CHK|150|1|38|8|0|4|5|5|0|0|1|0
[You] Deploy Kouzuki Oden ["ST32-002">ST32-002]
RZ1|151|1|ST32-002|1|1|2|0|1|1|0|0|0
RZ1|CHK|151|1|38|7|1|4|5|5|0|0|1|0
[] Drew card from deck: Trafalgar Law ["OP13-031">OP13-031]
RZ1|152|1|OP13-031|0|37|1|7|1|1|0|0|0
RZ1|CHK|152|1|37|8|1|4|5|5|0|0|1|0
[You] Kouzuki Oden ["ST32-002">ST32-002]: Draw 1 Card
[You] Kouzuki Oden ["ST32-002">ST32-002]: Monkey D. Luffy ["OP16-015">OP16-015] can't be rested until next turn ends
[You] Dracule Mihawk ["OP14-020">OP14-020] attacking Portgas D. Ace ["OP16-001">OP16-001]
RZ1|153|2|OP17-006|1|0|6|0|1|1|0|0|0
RZ1|CHK|153|2|38|6|1|4|6|4|1|0|1|0
[Opponent] Monkey D. Luffy ["OP16-015">OP16-015]: Trash Kingdew ["OP17-006">OP17-006]
[Opponent] Monkey D. Luffy ["OP16-015">OP16-015]: Set Monkey D. Luffy ["OP16-015">OP16-015] Base Power to 1000
[Opponent] Monkey D. Luffy ["OP16-015">OP16-015]: Set Portgas D. Ace ["OP16-001">OP16-001] Base Power to 2000
Dracule Mihawk ["OP14-020">OP14-020][5000] vs Portgas D. Ace ["OP16-001">OP16-001][7000]
Attack Fails
[You] Dracule Mihawk ["OP14-020">OP14-020]: Rest Kouzuki Oden ["ST32-002">ST32-002]
[You] Dracule Mihawk ["OP14-020">OP14-020]: Activate 1 Don
RZ1|154|1|Don|5|4|5|4|1|1|0|0|0
RZ1|CHK|154|1|37|8|1|4|5|5|0|0|1|0
[You] Dracule Mihawk ["OP14-020">OP14-020]: Activate 1 Don
RZ1|155|1|Don|5|3|5|3|1|1|0|0|0
RZ1|CHK|155|1|37|8|1|4|5|5|0|0|1|0
[You] Dracule Mihawk ["OP14-020">OP14-020]: Activate 1 Don
RZ1|156|1|Don|5|2|5|2|1|1|0|0|0
RZ1|CHK|156|1|37|8|1|4|5|5|0|0|1|0
[You] Dracule Mihawk ["OP14-020">OP14-020]: Can't play Cost 1 Or More Characters for the Turn!
[] Hand: [OP07-022,OP14-039,OP17-022,OP06-033,OP12-023,OP07-022,OP06-038,OP13-031]
[] Board: [ST32-002]
[] Trash: []
[] Life: 4
[] Hand: [OP17-006,OP17-006,OP17-017,ST30-016,OP16-118,OP10-015]
[] Trash: [OP17-006]
[] Board: [OP16-015]
[] Life: 4
[You] End Turn
[] Hand: [OP17-006,OP17-006,OP17-017,ST30-016,OP16-118,OP10-015]
[] Board: [OP16-015]
[] Trash: [OP17-006]
[] Life: 4
[] Hand: [OP07-022,OP14-039,OP17-022,OP06-033,OP12-023,OP07-022,OP06-038,OP13-031]
[] Trash: []
[] Board: [ST32-002]
[] Life: 4
[Opponent] Draw 1 Card
[] Drew card from deck: Vista ["OP16-011">OP16-011]
RZ1|157|2|OP16-011|0|37|1|6|1|1|0|0|0
RZ1|CHK|157|2|37|7|1|4|6|4|1|0|1|0
RZ1|158|2|Don|4|5|5|4|1|1|0|0|0
RZ1|CHK|158|2|37|7|1|4|5|5|1|0|1|0
RZ1|159|2|Don|4|4|5|5|1|1|0|0|0
RZ1|CHK|159|2|37|7|1|4|4|6|1|0|1|0
[Opponent] Draw 2 Don
RZ1|160|2|Don|5|0|5|0|1|1|1|0|0
RZ1|CHK|160|2|37|7|1|4|4|6|1|0|1|0
RZ1|161|2|Don|5|1|5|1|1|1|1|0|0
RZ1|CHK|161|2|37|7|1|4|4|6|1|0|1|0
RZ1|162|2|Don|5|2|5|2|1|1|1|0|0
RZ1|CHK|162|2|37|7|1|4|4|6|1|0|1|0
RZ1|163|2|Don|5|3|5|3|1|1|1|0|0
RZ1|CHK|163|2|37|7|1|4|4|6|1|0|1|0
RZ1|164|2|Don|5|4|5|4|1|1|1|0|0
RZ1|CHK|164|2|37|7|1|4|4|6|1|0|1|0
RZ1|165|2|Don|5|5|5|5|1|1|1|0|0
RZ1|CHK|165|2|37|7|1|4|4|6|1|0|1|0
[Opponent] Deploy Vista ["OP16-011">OP16-011]
RZ1|166|2|OP16-011|1|6|2|1|1|1|0|0|0
RZ1|CHK|166|2|37|6|2|4|4|6|1|0|1|0
[Opponent] Vista ["OP16-011">OP16-011] revealed: Kingdew ["OP17-006">OP17-006]
[Opponent] Forcing opponent to resolve Card Action!
[You] Forcing opponent to resolve Card Action!
[] Drew card from deck: Curiel ["OP16-004">OP16-004]
RZ1|167|2|OP16-004|0|36|1|6|1|1|0|0|0
RZ1|CHK|167|2|36|7|2|4|4|6|1|0|1|0
[Opponent] Vista ["OP16-011">OP16-011]: Draw 1 Card
[Opponent] Portgas D. Ace ["OP16-001">OP16-001]: Give Vista ["OP16-011">OP16-011] Rush
[Opponent] Vista ["OP16-011">OP16-011] attacking Kouzuki Oden ["ST32-002">ST32-002]
[You] Discard Otama ["OP07-022">OP07-022] for Counter 2000
RZ1|168|1|OP07-022|1|0|6|0|1|1|0|0|0
RZ1|CHK|168|1|37|7|1|4|5|5|1|0|1|0
[You] Discard Kawamatsu ["OP12-023">OP12-023] for Counter 2000
RZ1|169|1|OP12-023|1|3|6|1|1|1|0|0|0
RZ1|CHK|169|1|37|6|1|4|5|5|2|0|1|0
Vista ["OP16-011">OP16-011][8000] vs Kouzuki Oden ["ST32-002">ST32-002][10000]
Attack Fails
[Opponent] Portgas D. Ace ["OP16-001">OP16-001] attacking Dracule Mihawk ["OP14-020">OP14-020]
[You] Billion-fold World Trichiliocosm ["OP06-038">OP06-038]: Activate Counter
[You] Billion-fold World Trichiliocosm ["OP06-038">OP06-038]: Rest 1 Don
RZ1|170|1|Don|5|2|5|2|1|1|1|0|0
RZ1|CHK|170|1|37|6|1|4|5|5|2|0|1|0
RZ1|171|1|OP06-038|1|4|6|2|1|1|0|0|0
RZ1|CHK|171|1|37|5|1|4|5|5|3|0|1|0
[You] Billion-fold World Trichiliocosm ["OP06-038">OP06-038]: Buff Dracule Mihawk ["OP14-020">OP14-020] 2000 for the Combat
Portgas D. Ace ["OP16-001">OP16-001][5000] vs Dracule Mihawk ["OP14-020">OP14-020][7000]
Attack Fails
[] Hand: [OP17-006,OP17-006,OP17-017,ST30-016,OP16-118,OP10-015,OP16-004]
[] Board: [OP16-015,OP16-011]
[] Trash: [OP17-006]
[] Life: 4
[] Hand: [OP14-039,OP17-022,OP06-033,OP07-022,OP13-031]
[] Trash: [OP07-022,OP12-023,OP06-038]
[] Board: [ST32-002]
[] Life: 4
[Opponent] End Turn
[] Hand: [OP14-039,OP17-022,OP06-033,OP07-022,OP13-031]
[] Board: [ST32-002]
[] Trash: [OP07-022,OP12-023,OP06-038]
[] Life: 4
[] Hand: [OP17-006,OP17-006,OP17-017,ST30-016,OP16-118,OP10-015,OP16-004]
[] Trash: [OP17-006]
[] Board: [OP16-015,OP16-011]
[] Life: 4
[You] Draw 1 Card
[] Drew card from deck: Billion-fold World Trichiliocosm ["OP06-038">OP06-038]
RZ1|172|1|OP06-038|0|36|1|5|1|1|0|0|0
RZ1|CHK|172|1|36|6|1|4|5|5|3|0|1|0
RZ1|173|1|Don|4|4|5|5|1|1|0|0|0
RZ1|CHK|173|1|36|6|1|4|4|6|3|0|1|0
RZ1|174|1|Don|4|3|5|6|1|1|0|0|0
RZ1|CHK|174|1|36|6|1|4|3|7|3|0|1|0
[You] Draw 2 Don
RZ1|175|1|Don|5|0|5|0|1|1|1|0|0
RZ1|CHK|175|1|36|6|1|4|3|7|3|0|1|0
RZ1|176|1|Don|5|1|5|1|1|1|1|0|0
RZ1|CHK|176|1|36|6|1|4|3|7|3|0|1|0
RZ1|177|1|Don|5|2|5|2|1|1|1|0|0
RZ1|CHK|177|1|36|6|1|4|3|7|3|0|1|0
RZ1|178|1|Don|5|3|5|3|1|1|1|0|0
RZ1|CHK|178|1|36|6|1|4|3|7|3|0|1|0
RZ1|179|1|Don|5|4|5|4|1|1|1|0|0
RZ1|CHK|179|1|36|6|1|4|3|7|3|0|1|0
RZ1|180|1|Don|5|5|5|5|1|1|1|0|0
RZ1|CHK|180|1|36|6|1|4|3|7|3|0|1|0
[You] Deploy Trafalgar Law ["OP13-031">OP13-031]
RZ1|181|1|OP13-031|1|4|2|1|1|1|0|0|0
RZ1|CHK|181|1|36|5|2|4|3|7|3|0|1|0
[You] Trafalgar Law ["OP13-031">OP13-031]: Return Kouzuki Oden ["ST32-002">ST32-002] to Hand
RZ1|182|1|ST32-002|2|0|1|5|1|1|0|0|0
RZ1|CHK|182|1|36|6|1|4|3|7|3|0|1|0
RZ1|183|1|ST32-002|1|5|2|1|1|1|1|0|0
RZ1|CHK|183|1|36|5|2|4|3|7|3|0|1|0
[You] Trafalgar Law ["OP13-031">OP13-031]: Deploy Kouzuki Oden ["ST32-002">ST32-002]
[] Drew card from deck: Kouzuki Oden ["ST32-002">ST32-002]
RZ1|184|1|ST32-002|0|35|1|5|1|1|0|0|0
RZ1|CHK|184|1|35|6|2|4|3|7|3|0|1|0
[You] Kouzuki Oden ["ST32-002">ST32-002]: Draw 1 Card
[You] Kouzuki Oden ["ST32-002">ST32-002]: Vista ["OP16-011">OP16-011] can't be rested until next turn ends
[You] Dracule Mihawk ["OP14-020">OP14-020] attacking Portgas D. Ace ["OP16-001">OP16-001]
RZ1|185|2|OP17-006|1|0|6|1|1|1|0|0|0
RZ1|CHK|185|2|36|6|2|4|4|6|2|0|1|0
[Opponent] Monkey D. Luffy ["OP16-015">OP16-015]: Trash Kingdew ["OP17-006">OP17-006]
[Opponent] Monkey D. Luffy ["OP16-015">OP16-015]: Set Monkey D. Luffy ["OP16-015">OP16-015] Base Power to 1000
[Opponent] Monkey D. Luffy ["OP16-015">OP16-015]: Set Portgas D. Ace ["OP16-001">OP16-001] Base Power to 2000
Dracule Mihawk ["OP14-020">OP14-020][5000] vs Portgas D. Ace ["OP16-001">OP16-001][7000]
Attack Fails
[You] Dracule Mihawk ["OP14-020">OP14-020]: Rest Trafalgar Law ["OP13-031">OP13-031]
[You] Dracule Mihawk ["OP14-020">OP14-020]: Activate 1 Don
RZ1|186|1|Don|5|5|5|5|1|1|0|0|0
RZ1|CHK|186|1|35|6|2|4|3|7|3|0|1|0
[You] Dracule Mihawk ["OP14-020">OP14-020]: Activate 1 Don
RZ1|187|1|Don|5|4|5|4|1|1|0|0|0
RZ1|CHK|187|1|35|6|2|4|3|7|3|0|1|0
[You] Dracule Mihawk ["OP14-020">OP14-020]: Activate 1 Don
RZ1|188|1|Don|5|3|5|3|1|1|0|0|0
RZ1|CHK|188|1|35|6|2|4|3|7|3|0|1|0
[You] Dracule Mihawk ["OP14-020">OP14-020]: Can't play Cost 1 Or More Characters for the Turn!
[] Hand: [OP14-039,OP17-022,OP06-033,OP07-022,OP06-038,ST32-002]
[] Board: [OP13-031,ST32-002]
[] Trash: [OP07-022,OP12-023,OP06-038]
[] Life: 4
[] Hand: [OP17-006,OP17-017,ST30-016,OP16-118,OP10-015,OP16-004]
[] Trash: [OP17-006,OP17-006]
[] Board: [OP16-015,OP16-011]
[] Life: 4
[You] End Turn
[] Hand: [OP17-006,OP17-017,ST30-016,OP16-118,OP10-015,OP16-004]
[] Board: [OP16-015,OP16-011]
[] Trash: [OP17-006,OP17-006]
[] Life: 4
[] Hand: [OP14-039,OP17-022,OP06-033,OP07-022,OP06-038,ST32-002]
[] Trash: [OP07-022,OP12-023,OP06-038]
[] Board: [OP13-031,ST32-002]
[] Life: 4
[Opponent] Draw 1 Card
[] Drew card from deck: Edward Newgate ["OP17-005">OP17-005]
RZ1|189|2|OP17-005|0|35|1|6|1|1|0|0|0
RZ1|CHK|189|2|35|7|2|4|4|6|2|0|1|0
RZ1|190|2|Don|4|3|5|6|1|1|0|0|0
RZ1|CHK|190|2|35|7|2|4|3|7|2|0|1|0
RZ1|191|2|Don|4|2|5|7|1|1|0|0|0
RZ1|CHK|191|2|35|7|2|4|2|8|2|0|1|0
[Opponent] Draw 2 Don
RZ1|192|2|Don|5|0|5|0|1|1|1|0|0
RZ1|CHK|192|2|35|7|2|4|2|8|2|0|1|0
RZ1|193|2|Don|5|1|5|1|1|1|1|0|0
RZ1|CHK|193|2|35|7|2|4|2|8|2|0|1|0
RZ1|194|2|Don|5|2|5|2|1|1|1|0|0
RZ1|CHK|194|2|35|7|2|4|2|8|2|0|1|0
RZ1|195|2|Don|5|3|5|3|1|1|1|0|0
RZ1|CHK|195|2|35|7|2|4|2|8|2|0|1|0
RZ1|196|2|Don|5|4|5|4|1|1|1|0|0
RZ1|CHK|196|2|35|7|2|4|2|8|2|0|1|0
RZ1|197|2|Don|5|5|5|5|1|1|1|0|0
RZ1|CHK|197|2|35|7|2|4|2|8|2|0|1|0
RZ1|198|2|Don|5|6|5|6|1|1|1|0|0
RZ1|CHK|198|2|35|7|2|4|2|8|2|0|1|0
[Opponent] Deploy Kingdew ["OP17-006">OP17-006]
RZ1|199|2|OP17-006|1|0|2|2|1|1|0|0|0
RZ1|CHK|199|2|35|6|3|4|2|8|2|0|1|0
[Opponent] Monkey D. Luffy ["OP16-015">OP16-015] attacking Trafalgar Law ["OP13-031">OP13-031]
Monkey D. Luffy ["OP16-015">OP16-015][6000] vs Trafalgar Law ["OP13-031">OP13-031][6000]
[You] Trafalgar Law ["OP13-031">OP13-031] Destroyed
RZ1|200|1|OP13-031|2|0|6|3|1|1|0|0|0
RZ1|CHK|200|1|35|6|1|4|3|7|4|0|1|0
RZ1|201|2|Don|5|7|9|9900|1|1|0|0|0
RZ1|CHK|201|2|35|6|3|4|2|7|2|0|1|1
[Opponent] Attach 1 Don to Portgas D. Ace ["OP16-001">OP16-001] (1 Total)
[Opponent] Portgas D. Ace ["OP16-001">OP16-001] attacking Kouzuki Oden ["ST32-002">ST32-002]
[You] Billion-fold World Trichiliocosm ["OP06-038">OP06-038]: Activate Counter
[You] Billion-fold World Trichiliocosm ["OP06-038">OP06-038]: Rest 1 Don
RZ1|202|1|Don|5|3|5|3|1|1|1|0|0
RZ1|CHK|202|1|35|6|1|4|3|7|4|0|1|0
RZ1|203|1|OP06-038|1|4|6|4|1|1|0|0|0
RZ1|CHK|203|1|35|5|1|4|3|7|5|0|1|0
[You] Billion-fold World Trichiliocosm ["OP06-038">OP06-038]: Buff Kouzuki Oden ["ST32-002">ST32-002] 2000 for the Combat
Portgas D. Ace ["OP16-001">OP16-001][6000] vs Kouzuki Oden ["ST32-002">ST32-002][8000]
Attack Fails
[Opponent] Portgas D. Ace ["OP16-001">OP16-001]: Give Vista ["OP16-011">OP16-011] Rush
[] Hand: [OP17-017,ST30-016,OP16-118,OP10-015,OP16-004,OP17-005]
[] Board: [OP16-015,OP16-011,OP17-006]
[] Trash: [OP17-006,OP17-006]
[] Life: 4
[] Hand: [OP14-039,OP17-022,OP06-033,OP07-022,ST32-002]
[] Trash: [OP07-022,OP12-023,OP06-038,OP13-031,OP06-038]
[] Board: [ST32-002]
[] Life: 4
[Opponent] End Turn
[] Hand: [OP14-039,OP17-022,OP06-033,OP07-022,ST32-002]
[] Board: [ST32-002]
[] Trash: [OP07-022,OP12-023,OP06-038,OP13-031,OP06-038]
[] Life: 4
[] Hand: [OP17-017,ST30-016,OP16-118,OP10-015,OP16-004,OP17-005]
[] Trash: [OP17-006,OP17-006]
[] Board: [OP16-015,OP16-011,OP17-006]
[] Life: 4
[You] Draw 1 Card
[] Drew card from deck: Vander Decken IX ["OP06-033">OP06-033]
RZ1|204|1|OP06-033|0|34|1|5|1|1|0|0|0
RZ1|CHK|204|1|34|6|1|4|3|7|5|0|1|0
RZ1|205|1|Don|4|2|5|7|1|1|0|0|0
RZ1|CHK|205|1|34|6|1|4|2|8|5|0|1|0
RZ1|206|1|Don|4|1|5|8|1|1|0|0|0
RZ1|CHK|206|1|34|6|1|4|1|9|5|0|1|0
[You] Draw 2 Don
[You] Kouzuki Oden ["ST32-002">ST32-002] attacking Portgas D. Ace ["OP16-001">OP16-001]
RZ1|207|2|OP16-004|1|4|6|2|1|1|0|0|0
RZ1|CHK|207|2|35|5|3|4|2|7|3|0|1|1
[Opponent] Monkey D. Luffy ["OP16-015">OP16-015]: Trash Curiel ["OP16-004">OP16-004]
[Opponent] Monkey D. Luffy ["OP16-015">OP16-015]: Set Monkey D. Luffy ["OP16-015">OP16-015] Base Power to 1000
[Opponent] Monkey D. Luffy ["OP16-015">OP16-015]: Set Portgas D. Ace ["OP16-001">OP16-001] Base Power to 2000
Kouzuki Oden ["ST32-002">ST32-002][6000] vs Portgas D. Ace ["OP16-001">OP16-001][7000]
Attack Fails
RZ1|208|1|Don|5|0|9|9900|1|1|0|0|0
RZ1|CHK|208|1|34|6|1|4|1|8|5|0|1|1
RZ1|209|1|Don|5|0|9|9901|1|1|0|0|0
RZ1|CHK|209|1|34|6|1|4|1|7|5|0|1|2
[You] Attach 2 Don to Dracule Mihawk ["OP14-020">OP14-020] (2 Total)
[You] Dracule Mihawk ["OP14-020">OP14-020] attacking Monkey D. Luffy ["OP16-015">OP16-015]
[Opponent] Discard Portgas D. Ace ["OP16-118">OP16-118] for Counter 1000
RZ1|210|2|OP16-118|1|2|6|3|1|1|0|0|0
RZ1|CHK|210|2|35|4|3|4|2|7|4|0|1|1
Dracule Mihawk ["OP14-020">OP14-020][7000] vs Monkey D. Luffy ["OP16-015">OP16-015][8000]
Attack Fails
[] Hand: [OP14-039,OP17-022,OP06-033,OP07-022,ST32-002,OP06-033]
[] Board: [ST32-002]
[] Trash: [OP07-022,OP12-023,OP06-038,OP13-031,OP06-038]
[] Life: 4
[] Hand: [OP17-017,ST30-016,OP10-015,OP17-005]
[] Trash: [OP17-006,OP17-006,OP16-004,OP16-118]
[] Board: [OP16-015,OP16-011,OP17-006]
[] Life: 4
[You] End Turn
[] Hand: [OP17-017,ST30-016,OP10-015,OP17-005]
[] Board: [OP16-015,OP16-011,OP17-006]
[] Trash: [OP17-006,OP17-006,OP16-004,OP16-118]
[] Life: 4
[] Hand: [OP14-039,OP17-022,OP06-033,OP07-022,ST32-002,OP06-033]
[] Trash: [OP07-022,OP12-023,OP06-038,OP13-031,OP06-038]
[] Board: [ST32-002]
[] Life: 4
RZ1|211|2|Don|9|9900|5|0|1|1|1|0|0
RZ1|CHK|211|2|35|4|3|4|2|8|4|0|1|0
[Opponent] Draw 1 Card
[] Drew card from deck: Curiel ["OP16-004">OP16-004]
RZ1|212|2|OP16-004|0|34|1|4|1|1|0|0|0
RZ1|CHK|212|2|34|5|3|4|2|8|4|0|1|0
RZ1|213|2|Don|4|1|5|8|1|1|0|0|0
RZ1|CHK|213|2|34|5|3|4|1|9|4|0|1|0
RZ1|214|2|Don|4|0|5|9|1|1|0|0|0
RZ1|CHK|214|2|34|5|3|4|0|10|4|0|1|0
[Opponent] Draw 2 Don
RZ1|215|2|Don|5|0|5|0|1|1|1|0|0
RZ1|CHK|215|2|34|5|3|4|0|10|4|0|1|0
RZ1|216|2|Don|5|1|5|1|1|1|1|0|0
RZ1|CHK|216|2|34|5|3|4|0|10|4|0|1|0
RZ1|217|2|Don|5|2|5|2|1|1|1|0|0
RZ1|CHK|217|2|34|5|3|4|0|10|4|0|1|0
RZ1|218|2|Don|5|3|5|3|1|1|1|0|0
RZ1|CHK|218|2|34|5|3|4|0|10|4|0|1|0
RZ1|219|2|Don|5|4|5|4|1|1|1|0|0
RZ1|CHK|219|2|34|5|3|4|0|10|4|0|1|0
RZ1|220|2|Don|5|5|5|5|1|1|1|0|0
RZ1|CHK|220|2|34|5|3|4|0|10|4|0|1|0
RZ1|221|2|Don|5|6|5|6|1|1|1|0|0
RZ1|CHK|221|2|34|5|3|4|0|10|4|0|1|0
RZ1|222|2|Don|5|7|5|7|1|1|1|0|0
RZ1|CHK|222|2|34|5|3|4|0|10|4|0|1|0
RZ1|223|2|Don|5|8|5|8|1|1|1|0|0
RZ1|CHK|223|2|34|5|3|4|0|10|4|0|1|0
RZ1|224|2|Don|5|9|5|9|1|1|1|0|0
RZ1|CHK|224|2|34|5|3|4|0|10|4|0|1|0
[Opponent] Deploy Edward Newgate ["OP17-005">OP17-005]
RZ1|225|2|OP17-005|1|3|2|3|1|1|0|0|0
RZ1|CHK|225|2|34|4|4|4|0|10|4|0|1|0
[Opponent] Edward Newgate ["OP17-005">OP17-005]: Grant Portgas D. Ace ["OP16-001">OP16-001] 3000 until opponent's next turn end
[Opponent] Portgas D. Ace ["OP16-001">OP16-001] attacking Dracule Mihawk ["OP14-020">OP14-020]
Portgas D. Ace ["OP16-001">OP16-001][8000] vs Dracule Mihawk ["OP14-020">OP14-020][5000]
Dracule Mihawk ["OP14-020">OP14-020] hit for 1 damage
RZ1|226|1|OP07-022|3|3|1|6|1|1|0|0|0
RZ1|CHK|226|1|34|7|1|3|1|7|5|0|1|2
[Opponent] Vista ["OP16-011">OP16-011] attacking Dracule Mihawk ["OP14-020">OP14-020]
[You] Discard Otama ["OP07-022">OP07-022] for Counter 2000
RZ1|227|1|OP07-022|1|3|6|5|1|1|0|0|0
RZ1|CHK|227|1|34|6|1|3|1|7|6|0|1|2
[You] Discard Otama ["OP07-022">OP07-022] for Counter 2000
RZ1|228|1|OP07-022|1|5|6|6|1|1|0|0|0
RZ1|CHK|228|1|34|5|1|3|1|7|7|0|1|2
Vista ["OP16-011">OP16-011][8000] vs Dracule Mihawk ["OP14-020">OP14-020][9000]
Attack Fails
[Opponent] Kingdew ["OP17-006">OP17-006] attacking Dracule Mihawk ["OP14-020">OP14-020]
Kingdew ["OP17-006">OP17-006][8000] vs Dracule Mihawk ["OP14-020">OP14-020][5000]
Dracule Mihawk ["OP14-020">OP14-020] hit for 1 damage
RZ1|229|1|OP17-022|3|2|1|5|1|1|0|0|0
RZ1|CHK|229|1|34|6|1|2|1|7|7|0|1|2
[Opponent] Portgas D. Ace ["OP16-001">OP16-001]: Give Edward Newgate ["OP17-005">OP17-005] Rush
[Opponent] Edward Newgate ["OP17-005">OP17-005] attacking Kouzuki Oden ["ST32-002">ST32-002]
Edward Newgate ["OP17-005">OP17-005][12000] vs Kouzuki Oden ["ST32-002">ST32-002][6000]
[You] Kouzuki Oden ["ST32-002">ST32-002] Destroyed
RZ1|230|1|ST32-002|2|0|6|7|1|1|0|0|0
RZ1|CHK|230|1|34|6|0|2|1|7|8|0|1|2
[Opponent] Monkey D. Luffy ["OP16-015">OP16-015] attacking Dracule Mihawk ["OP14-020">OP14-020]
[You] Discard Vander Decken IX ["OP06-033">OP06-033] for Counter 1000
RZ1|231|1|OP06-033|1|2|6|8|1|1|0|0|0
RZ1|CHK|231|1|34|5|0|2|1|7|9|0|1|2
[You] Discard Kouzuki Oden ["ST32-002">ST32-002] for Counter 1000
RZ1|232|1|ST32-002|1|2|6|9|1|1|0|0|0
RZ1|CHK|232|1|34|4|0|2|1|7|10|0|1|2
Monkey D. Luffy ["OP16-015">OP16-015][6000] vs Dracule Mihawk ["OP14-020">OP14-020][7000]
Attack Fails
[] Hand: [OP17-017,ST30-016,OP10-015,OP16-004]
[] Board: [OP16-015,OP16-011,OP17-006,OP17-005]
[] Trash: [OP17-006,OP17-006,OP16-004,OP16-118]
[] Life: 4
[] Hand: [OP14-039,OP17-022,OP06-033,OP17-022]
[] Trash: [OP07-022,OP12-023,OP06-038,OP13-031,OP06-038,OP07-022,OP07-022,ST32-002,OP06-033,ST32-002]
[] Board: []
[] Life: 2
[Opponent] End Turn
[] Hand: [OP14-039,OP17-022,OP06-033,OP17-022]
[] Board: []
[] Trash: [OP07-022,OP12-023,OP06-038,OP13-031,OP06-038,OP07-022,OP07-022,ST32-002,OP06-033,ST32-002]
[] Life: 2
[] Hand: [OP17-017,ST30-016,OP10-015,OP16-004]
[] Trash: [OP17-006,OP17-006,OP16-004,OP16-118]
[] Board: [OP16-015,OP16-011,OP17-006,OP17-005]
[] Life: 4
RZ1|233|1|Don|9|9900|5|0|1|1|1|0|0
RZ1|CHK|233|1|34|4|0|2|1|8|10|0|1|1
RZ1|234|1|Don|9|9900|5|0|1|1|1|0|0
RZ1|CHK|234|1|34|4|0|2|1|9|10|0|1|0
[You] Draw 1 Card
[] Drew card from deck: Kin'emon ["ST32-001">ST32-001]
RZ1|235|1|ST32-001|0|33|1|4|1|1|0|0|0
RZ1|CHK|235|1|33|5|0|2|1|9|10|0|1|0
RZ1|236|1|Don|4|0|5|9|1|1|0|0|0
RZ1|CHK|236|1|33|5|0|2|0|10|10|0|1|0
[You] Draw 2 Don
RZ1|237|1|Don|5|0|5|0|1|1|1|0|0
RZ1|CHK|237|1|33|5|0|2|0|10|10|0|1|0
RZ1|238|1|Don|5|1|5|1|1|1|1|0|0
RZ1|CHK|238|1|33|5|0|2|0|10|10|0|1|0
RZ1|239|1|Don|5|2|5|2|1|1|1|0|0
RZ1|CHK|239|1|33|5|0|2|0|10|10|0|1|0
RZ1|240|1|Don|5|3|5|3|1|1|1|0|0
RZ1|CHK|240|1|33|5|0|2|0|10|10|0|1|0
RZ1|241|1|Don|5|4|5|4|1|1|1|0|0
RZ1|CHK|241|1|33|5|0|2|0|10|10|0|1|0
RZ1|242|1|Don|5|5|5|5|1|1|1|0|0
RZ1|CHK|242|1|33|5|0|2|0|10|10|0|1|0
RZ1|243|1|Don|5|6|5|6|1|1|1|0|0
RZ1|CHK|243|1|33|5|0|2|0|10|10|0|1|0
RZ1|244|1|Don|5|7|5|7|1|1|1|0|0
RZ1|CHK|244|1|33|5|0|2|0|10|10|0|1|0
RZ1|245|1|Don|5|8|5|8|1|1|1|0|0
RZ1|CHK|245|1|33|5|0|2|0|10|10|0|1|0
RZ1|246|1|Don|5|9|5|9|1|1|1|0|0
RZ1|CHK|246|1|33|5|0|2|0|10|10|0|1|0
[You] Deploy Shanks ["OP17-022">OP17-022]
RZ1|247|1|OP17-022|1|1|2|0|1|1|0|0|0
RZ1|CHK|247|1|33|4|1|2|0|10|10|0|1|0
[You] Shanks ["OP17-022">OP17-022]: Activate 1 Don
RZ1|248|1|Don|5|9|5|9|1|1|0|0|0
RZ1|CHK|248|1|33|4|1|2|0|10|10|0|1|0
[You] Shanks ["OP17-022">OP17-022]: Activate 1 Don
RZ1|249|1|Don|5|8|5|8|1|1|0|0|0
RZ1|CHK|249|1|33|4|1|2|0|10|10|0|1|0
[You] Shanks ["OP17-022">OP17-022] attacking Portgas D. Ace ["OP16-001">OP16-001]
RZ1|250|2|OP16-004|1|3|6|4|1|1|0|0|0
RZ1|CHK|250|2|34|3|4|4|0|10|5|0|1|0
[Opponent] Monkey D. Luffy ["OP16-015">OP16-015]: Trash Curiel ["OP16-004">OP16-004]
[Opponent] Monkey D. Luffy ["OP16-015">OP16-015]: Set Monkey D. Luffy ["OP16-015">OP16-015] Base Power to 1000
[Opponent] Monkey D. Luffy ["OP16-015">OP16-015]: Set Portgas D. Ace ["OP16-001">OP16-001] Base Power to 2000
Shanks ["OP17-022">OP17-022][12000] vs Portgas D. Ace ["OP16-001">OP16-001][8000]
Portgas D. Ace ["OP16-001">OP16-001] hit for 1 damage
RZ1|251|2|OP16-011|3|3|1|3|1|1|0|0|0
RZ1|CHK|251|2|34|4|4|3|0|10|5|0|1|0
[You] Dracule Mihawk ["OP14-020">OP14-020]: Rest Dracule Mihawk ["OP14-020">OP14-020]
[You] Dracule Mihawk ["OP14-020">OP14-020]: Activate 1 Don
RZ1|252|1|Don|5|7|5|7|1|1|0|0|0
RZ1|CHK|252|1|33|4|1|2|0|10|10|0|1|0
[You] Dracule Mihawk ["OP14-020">OP14-020]: Activate 1 Don
RZ1|253|1|Don|5|6|5|6|1|1|0|0|0
RZ1|CHK|253|1|33|4|1|2|0|10|10|0|1|0
[You] Dracule Mihawk ["OP14-020">OP14-020]: Activate 1 Don
RZ1|254|1|Don|5|5|5|5|1|1|0|0|0
RZ1|CHK|254|1|33|4|1|2|0|10|10|0|1|0
[You] Dracule Mihawk ["OP14-020">OP14-020]: Can't play Cost 1 Or More Characters for the Turn!
RZ1|255|1|Don|5|5|5|5|1|1|1|0|0
RZ1|CHK|255|1|33|4|1|2|0|10|10|0|1|0
[You] Deploy Coffin Boat ["OP14-039">OP14-039]
RZ1|256|1|OP14-039|1|0|7|0|1|1|0|0|0
RZ1|CHK|256|1|33|3|1|2|0|10|10|1|1|0
[] Drew card from deck: Vander Decken IX ["OP06-033">OP06-033]
RZ1|257|1|OP06-033|0|32|1|3|1|1|0|0|0
RZ1|CHK|257|1|32|4|1|2|0|10|10|1|1|0
[You] Coffin Boat ["OP14-039">OP14-039]: Draw 1 Card
[You] Coffin Boat ["OP14-039">OP14-039]: Activate 1 Don
RZ1|258|1|Don|5|5|5|5|1|1|0|0|0
RZ1|CHK|258|1|32|4|1|2|0|10|10|1|1|0
[] Hand: [OP06-033,OP17-022,ST32-001,OP06-033]
[] Board: [OP17-022]
[] Trash: [OP07-022,OP12-023,OP06-038,OP13-031,OP06-038,OP07-022,OP07-022,ST32-002,OP06-033,ST32-002]
[] Life: 2
[] Hand: [OP17-017,ST30-016,OP10-015,OP16-011]
[] Trash: [OP17-006,OP17-006,OP16-004,OP16-118,OP16-004]
[] Board: [OP16-015,OP16-011,OP17-006,OP17-005]
[] Life: 3
[You] End Turn
[] Hand: [OP17-017,ST30-016,OP10-015,OP16-011]
[] Board: [OP16-015,OP16-011,OP17-006,OP17-005]
[] Trash: [OP17-006,OP17-006,OP16-004,OP16-118,OP16-004]
[] Life: 3
[] Hand: [OP06-033,OP17-022,ST32-001,OP06-033]
[] Trash: [OP07-022,OP12-023,OP06-038,OP13-031,OP06-038,OP07-022,OP07-022,ST32-002,OP06-033,ST32-002]
[] Board: [OP17-022]
[] Life: 2
[Opponent] Draw 1 Card
[] Drew card from deck: Portgas D. Ace ["OP16-118">OP16-118]
RZ1|259|2|OP16-118|0|33|1|4|1|1|0|0|0
RZ1|CHK|259|2|33|5|4|3|0|10|5|0|1|0
[Opponent] Vista ["OP16-011">OP16-011] attacking Dracule Mihawk ["OP14-020">OP14-020]
Vista ["OP16-011">OP16-011][8000] vs Dracule Mihawk ["OP14-020">OP14-020][5000]
Dracule Mihawk ["OP14-020">OP14-020] hit for 1 damage
RZ1|260|1|OP17-031|3|1|1|4|1|1|0|0|0
RZ1|CHK|260|1|32|5|1|1|0|10|10|1|1|0
RZ1|261|2|Don|5|0|9|300|1|1|0|0|0
RZ1|CHK|261|2|33|5|4|3|0|9|5|0|1|1
[Opponent] Attach 1 Don to Edward Newgate ["OP17-005">OP17-005] (1 Total)
[Opponent] Edward Newgate ["OP17-005">OP17-005] attacking Dracule Mihawk ["OP14-020">OP14-020]
Edward Newgate ["OP17-005">OP17-005][13000] vs Dracule Mihawk ["OP14-020">OP14-020][5000]
Dracule Mihawk ["OP14-020">OP14-020] hit for 1 damage
RZ1|262|1|OP12-034|3|0|1|5|1|1|0|0|0
RZ1|CHK|262|1|32|6|1|0|0|10|10|1|1|0
RZ1|263|2|Don|5|0|9|0|1|1|0|0|0
RZ1|CHK|263|2|33|5|4|3|0|8|5|0|1|2
[Opponent] Attach 1 Don to Monkey D. Luffy ["OP16-015">OP16-015] (1 Total)
[Opponent] Monkey D. Luffy ["OP16-015">OP16-015] attacking Dracule Mihawk ["OP14-020">OP14-020]
[You] Discard Vander Decken IX ["OP06-033">OP06-033] for Counter 1000
RZ1|264|1|OP06-033|1|0|6|10|1|1|0|0|0
RZ1|CHK|264|1|32|5|1|0|0|10|11|1|1|0
[You] Discard Kin'emon ["ST32-001">ST32-001] for Counter 1000
RZ1|265|1|ST32-001|1|1|6|11|1|1|0|0|0
RZ1|CHK|265|1|32|4|1|0|0|10|12|1|1|0
[You] Discard Vander Decken IX ["OP06-033">OP06-033] for Counter 1000
RZ1|266|1|OP06-033|1|1|6|12|1|1|0|0|0
RZ1|CHK|266|1|32|3|1|0|0|10|13|1|1|0
Monkey D. Luffy ["OP16-015">OP16-015][7000] vs Dracule Mihawk ["OP14-020">OP14-020][8000]
Attack Fails
[Opponent] Kingdew ["OP17-006">OP17-006] attacking Dracule Mihawk ["OP14-020">OP14-020]
Kingdew ["OP17-006">OP17-006][8000] vs Dracule Mihawk ["OP14-020">OP14-020][5000]
Dracule Mihawk ["OP14-020">OP14-020] hit for 1 damage
[You] <b>Downloaded the Combat Log!</b>
GameOver
