Version is 1.43a.3
[You] Leader is Dracule Mihawk ["OP14-020">OP14-020]
RZ1|HDR|1.43a|2|RZ1
RZ1|PLY|1||OP14-020
RZ1|PLY|2||
[Opponent] Leader is Portgas D. Ace ["OP16-001">OP16-001]
RZ1|1|2|ST23-001|0|24|0|0|0|0|0|0|0
RZ1|CHK|1|2|50|0|0|0|10|0|0|0|1|0
RZ1|2|2|OP16-003|0|35|0|1|0|0|0|0|0
RZ1|CHK|2|2|50|0|0|0|10|0|0|0|1|0
RZ1|3|2|OP17-006|0|31|0|2|0|0|0|0|0
RZ1|CHK|3|2|50|0|0|0|10|0|0|0|1|0
RZ1|4|2|OP17-006|0|34|0|3|0|0|0|0|0
RZ1|CHK|4|2|50|0|0|0|10|0|0|0|1|0
RZ1|5|2|OP16-003|0|36|0|4|0|0|0|0|0
RZ1|CHK|5|2|50|0|0|0|10|0|0|0|1|0
RZ1|6|2|OP10-015|0|9|0|5|0|0|0|0|0
RZ1|CHK|6|2|50|0|0|0|10|0|0|0|1|0
RZ1|7|2|OP17-005|0|39|0|6|0|0|0|0|0
RZ1|CHK|7|2|50|0|0|0|10|0|0|0|1|0
RZ1|8|2|OP17-005|0|40|0|7|0|0|0|0|0
RZ1|CHK|8|2|50|0|0|0|10|0|0|0|1|0
RZ1|9|2|OP16-118|0|19|0|8|0|0|0|0|0
RZ1|CHK|9|2|50|0|0|0|10|0|0|0|1|0
RZ1|10|2|OP16-014|0|27|0|9|0|0|0|0|0
RZ1|CHK|10|2|50|0|0|0|10|0|0|0|1|0
RZ1|11|2|OP16-021|0|48|0|10|0|0|0|0|0
RZ1|CHK|11|2|50|0|0|0|10|0|0|0|1|0
RZ1|12|2|OP16-015|0|19|0|11|0|0|0|0|0
RZ1|CHK|12|2|50|0|0|0|10|0|0|0|1|0
RZ1|13|2|OP13-016|0|13|0|12|0|0|0|0|0
RZ1|CHK|13|2|50|0|0|0|10|0|0|0|1|0
RZ1|14|2|ST23-001|0|32|0|13|0|0|0|0|0
RZ1|CHK|14|2|50|0|0|0|10|0|0|0|1|0
RZ1|15|2|OP16-021|0|48|0|14|0|0|0|0|0
RZ1|CHK|15|2|50|0|0|0|10|0|0|0|1|0
RZ1|16|2|OP10-015|0|20|0|15|0|0|0|0|0
RZ1|CHK|16|2|50|0|0|0|10|0|0|0|1|0
RZ1|17|2|OP16-011|0|28|0|16|0|0|0|0|0
RZ1|CHK|17|2|50|0|0|0|10|0|0|0|1|0
RZ1|18|2|OP16-015|0|24|0|17|0|0|0|0|0
RZ1|CHK|18|2|50|0|0|0|10|0|0|0|1|0
RZ1|19|2|OP10-015|0|21|0|18|0|0|0|0|0
RZ1|CHK|19|2|50|0|0|0|10|0|0|0|1|0
RZ1|20|2|OP16-021|0|49|0|19|0|0|0|0|0
RZ1|CHK|20|2|50|0|0|0|10|0|0|0|1|0
RZ1|21|2|ST30-016|0|47|0|20|0|0|0|0|0
RZ1|CHK|21|2|50|0|0|0|10|0|0|0|1|0
RZ1|22|2|OP17-005|0|44|0|21|0|0|0|0|0
RZ1|CHK|22|2|50|0|0|0|10|0|0|0|1|0
RZ1|23|2|OP16-003|0|43|0|22|0|0|0|0|0
RZ1|CHK|23|2|50|0|0|0|10|0|0|0|1|0
RZ1|24|2|ST30-016|0|48|0|23|0|0|0|0|0
RZ1|CHK|24|2|50|0|0|0|10|0|0|0|1|0
RZ1|25|2|OP16-004|0|41|0|24|0|0|0|0|0
RZ1|CHK|25|2|50|0|0|0|10|0|0|0|1|0
RZ1|26|2|OP16-004|0|41|0|26|0|0|0|0|0
RZ1|CHK|26|2|50|0|0|0|10|0|0|0|1|0
RZ1|27|2|OP16-014|0|38|0|27|0|0|0|0|0
RZ1|CHK|27|2|50|0|0|0|10|0|0|0|1|0
RZ1|28|2|OP16-011|0|36|0|28|0|0|0|0|0
RZ1|CHK|28|2|50|0|0|0|10|0|0|0|1|0
RZ1|29|2|OP10-015|0|31|0|29|0|0|0|0|0
RZ1|CHK|29|2|50|0|0|0|10|0|0|0|1|0
RZ1|30|2|OP16-118|0|36|0|30|0|0|0|0|0
RZ1|CHK|30|2|50|0|0|0|10|0|0|0|1|0
RZ1|31|2|ST23-001|0|40|0|31|0|0|0|0|0
RZ1|CHK|31|2|50|0|0|0|10|0|0|0|1|0
RZ1|32|2|OP16-118|0|37|0|32|0|0|0|0|0
RZ1|CHK|32|2|50|0|0|0|10|0|0|0|1|0
RZ1|33|2|OP17-017|0|47|0|33|0|0|0|0|0
RZ1|CHK|33|2|50|0|0|0|10|0|0|0|1|0
RZ1|34|2|OP16-021|0|49|0|34|0|0|0|0|0
RZ1|CHK|34|2|50|0|0|0|10|0|0|0|1|0
RZ1|35|2|ST23-001|0|42|0|35|0|0|0|0|0
RZ1|CHK|35|2|50|0|0|0|10|0|0|0|1|0
RZ1|36|2|OP16-004|0|43|0|36|0|0|0|0|0
RZ1|CHK|36|2|50|0|0|0|10|0|0|0|1|0
RZ1|37|2|OP16-014|0|42|0|37|0|0|0|0|0
RZ1|CHK|37|2|50|0|0|0|10|0|0|0|1|0
RZ1|38|2|OP17-017|0|49|0|38|0|0|0|0|0
RZ1|CHK|38|2|50|0|0|0|10|0|0|0|1|0
RZ1|39|2|OP17-006|0|47|0|41|0|0|0|0|0
RZ1|CHK|39|2|50|0|0|0|10|0|0|0|1|0
RZ1|40|2|OP17-006|0|47|0|44|0|0|0|0|0
RZ1|CHK|40|2|50|0|0|0|10|0|0|0|1|0
RZ1|41|2|OP17-017|0|49|0|45|0|0|0|0|0
RZ1|CHK|41|2|50|0|0|0|10|0|0|0|1|0
RZ1|42|2|OP17-005|0|49|0|46|0|0|0|0|0
RZ1|CHK|42|2|50|0|0|0|10|0|0|0|1|0
[] Drew card from deck: Yasopp ["OP17-031">OP17-031]
RZ1|43|1|OP17-031|0|49|1|0|1|1|0|0|0
RZ1|CHK|43|1|49|1|0|0|10|0|0|0|1|0
[] Drew card from deck: Dracule Mihawk ["ST32-003">ST32-003]
RZ1|44|1|ST32-003|0|48|1|1|1|1|0|0|0
RZ1|CHK|44|1|48|2|0|0|10|0|0|0|1|0
[] Drew card from deck: Perona ["OP12-034">OP12-034]
RZ1|45|1|OP12-034|0|47|1|2|1|1|0|0|0
RZ1|CHK|45|1|47|3|0|0|10|0|0|0|1|0
[] Drew card from deck: Coffin Boat ["OP14-039">OP14-039]
RZ1|46|1|OP14-039|0|46|1|3|1|1|0|0|0
RZ1|CHK|46|1|46|4|0|0|10|0|0|0|1|0
[] Drew card from deck: I Know You're Strong... So I'll Go All Out ["OP13-040">OP13-040]
RZ1|47|1|OP13-040|0|45|1|4|1|1|0|0|0
RZ1|CHK|47|1|45|5|0|0|10|0|0|0|1|0
[] Drew card from deck: Curiel ["OP16-004">OP16-004]
RZ1|48|2|OP16-004|0|49|1|0|1|1|0|0|0
RZ1|CHK|48|2|49|1|0|0|10|0|0|0|1|0
[] Drew card from deck: Marco ["OP16-014">OP16-014]
RZ1|49|2|OP16-014|0|48|1|1|1|1|0|0|0
RZ1|CHK|49|2|48|2|0|0|10|0|0|0|1|0
[] Drew card from deck: Portgas D. Ace ["OP16-118">OP16-118]
RZ1|50|2|OP16-118|0|47|1|2|1|1|0|0|0
RZ1|CHK|50|2|47|3|0|0|10|0|0|0|1|0
[] Drew card from deck: Edward Newgate ["OP17-005">OP17-005]
RZ1|51|2|OP17-005|0|46|1|3|1|1|0|0|0
RZ1|CHK|51|2|46|4|0|0|10|0|0|0|1|0
[] Drew card from deck: Gurararararara! ["OP17-017">OP17-017]
RZ1|52|2|OP17-017|0|45|1|4|1|1|0|0|0
RZ1|CHK|52|2|45|5|0|0|10|0|0|0|1|0
RZ1|53|1|OP14-023|0|44|3|0|1|0|0|0|0
RZ1|CHK|53|1|44|5|0|1|10|0|0|0|1|0
RZ1|54|1|OP06-033|0|43|3|1|1|0|0|0|0
RZ1|CHK|54|1|43|5|0|2|10|0|0|0|1|0
RZ1|55|1|OP17-031|0|42|3|2|1|0|0|0|0
RZ1|CHK|55|1|42|5|0|3|10|0|0|0|1|0
RZ1|56|1|OP06-033|0|41|3|3|1|0|0|0|0
RZ1|CHK|56|1|41|5|0|4|10|0|0|0|1|0
RZ1|57|1|OP17-022|0|40|3|4|1|0|0|0|0
RZ1|CHK|57|1|40|5|0|5|10|0|0|0|1|0
RZ1|58|2|OP17-006|0|44|3|0|0|1|0|0|0
RZ1|CHK|58|2|44|5|0|1|10|0|0|0|1|0
RZ1|59|2|OP16-015|0|43|3|1|0|1|0|0|0
RZ1|CHK|59|2|43|5|0|2|10|0|0|0|1|0
RZ1|60|2|OP16-015|0|42|3|2|0|1|0|0|0
RZ1|CHK|60|2|42|5|0|3|10|0|0|0|1|0
RZ1|61|2|OP17-006|0|41|3|3|0|1|0|0|0
RZ1|CHK|61|2|41|5|0|4|10|0|0|0|1|0
RZ1|62|2|OP13-016|0|40|3|4|0|1|0|0|0
RZ1|CHK|62|2|40|5|0|5|10|0|0|0|1|0
[] Hand: [OP17-031,ST32-003,OP12-034,OP14-039,OP13-040]
[] Board: []
[] Trash: []
[] Life: 5
[] Hand: [OP16-004,OP16-014,OP16-118,OP17-005,OP17-017]
[] Trash: []
[] Board: []
[] Life: 5
RZ1|63|1|Don|4|9|5|0|1|1|0|0|0
RZ1|CHK|63|1|40|5|0|5|9|1|0|0|1|0
[You] Draw 1 Don
[] Hand: [OP17-031,ST32-003,OP12-034,OP14-039,OP13-040]
[] Board: []
[] Trash: []
[] Life: 5
[] Hand: [OP16-004,OP16-014,OP16-118,OP17-005,OP17-017]
[] Trash: []
[] Board: []
[] Life: 5
[You] End Turn
[] Hand: [OP16-004,OP16-014,OP16-118,OP17-005,OP17-017]
[] Board: []
[] Trash: []
[] Life: 5
[] Hand: [OP17-031,ST32-003,OP12-034,OP14-039,OP13-040]
[] Trash: []
[] Board: []
[] Life: 5
[Opponent] Draw 1 Card
[] Drew card from deck: Monkey D. Garp ["OP13-016">OP13-016]
RZ1|64|2|OP13-016|0|39|1|5|1|1|0|0|0
RZ1|CHK|64|2|39|6|0|5|10|0|0|0|1|0
RZ1|65|2|Don|4|9|5|0|1|1|0|0|0
RZ1|CHK|65|2|39|6|0|5|9|1|0|0|1|0
RZ1|66|2|Don|4|8|5|1|1|1|0|0|0
RZ1|CHK|66|2|39|6|0|5|8|2|0|0|1|0
[Opponent] Draw 2 Don
RZ1|67|2|Don|5|0|5|0|1|1|1|0|0
RZ1|CHK|67|2|39|6|0|5|8|2|0|0|1|0
[Opponent] Deploy Monkey D. Garp ["OP13-016">OP13-016]
RZ1|68|2|OP13-016|1|5|2|0|1|1|0|0|0
RZ1|CHK|68|2|39|5|1|5|8|2|0|0|1|0
RZ1|69|2|OP16-014|0|37|1|5|1|1|0|0|0
RZ1|CHK|69|2|38|6|1|5|8|2|0|0|1|0
[Opponent] Monkey D. Garp ["OP13-016">OP13-016]: <b>Reveal and Draw Marco ["OP16-014">OP16-014]</b>
[Opponent] Placing Cards on Bottom of Deck
RZ1|70|2|OP17-017|0|37|0|0|0|0|0|0|0
RZ1|CHK|70|2|38|6|1|5|8|2|0|0|1|0
RZ1|71|2|OP16-004|0|37|0|0|0|0|0|0|0
RZ1|CHK|71|2|38|6|1|5|8|2|0|0|1|0
RZ1|72|2|ST23-001|0|37|0|0|0|0|0|0|0
RZ1|CHK|72|2|38|6|1|5|8|2|0|0|1|0
[] Hand: [OP16-004,OP16-014,OP16-118,OP17-005,OP17-017,OP16-014]
[] Board: [OP13-016]
[] Trash: []
[] Life: 5
[] Hand: [OP17-031,ST32-003,OP12-034,OP14-039,OP13-040]
[] Trash: []
[] Board: []
[] Life: 5
[Opponent] End Turn
[] Hand: [OP17-031,ST32-003,OP12-034,OP14-039,OP13-040]
[] Board: []
[] Trash: []
[] Life: 5
[] Hand: [OP16-004,OP16-014,OP16-118,OP17-005,OP17-017,OP16-014]
[] Trash: []
[] Board: [OP13-016]
[] Life: 5
[You] Draw 1 Card
[] Drew card from deck: Trafalgar Law ["OP13-031">OP13-031]
RZ1|73|1|OP13-031|0|39|1|5|1|1|0|0|0
RZ1|CHK|73|1|39|6|0|5|9|1|0|0|1|0
RZ1|74|1|Don|4|8|5|1|1|1|0|0|0
RZ1|CHK|74|1|39|6|0|5|8|2|0|0|1|0
RZ1|75|1|Don|4|7|5|2|1|1|0|0|0
RZ1|CHK|75|1|39|6|0|5|7|3|0|0|1|0
[You] Draw 2 Don
[You] Dracule Mihawk ["OP14-020">OP14-020] attacking Portgas D. Ace ["OP16-001">OP16-001]
Dracule Mihawk ["OP14-020">OP14-020][5000] vs Portgas D. Ace ["OP16-001">OP16-001][5000]
Portgas D. Ace ["OP16-001">OP16-001] hit for 1 damage
RZ1|76|2|OP13-016|3|4|1|6|1|1|0|0|0
RZ1|CHK|76|2|38|7|1|4|8|2|0|0|1|0
RZ1|77|1|Don|5|0|5|0|1|1|1|0|0
RZ1|CHK|77|1|39|6|0|5|7|3|0|0|1|0
[You] Deploy Perona ["OP12-034">OP12-034]
RZ1|78|1|OP12-034|1|2|2|0|1|1|0|0|0
RZ1|CHK|78|1|39|5|1|5|7|3|0|0|1|0
RZ1|79|1|ST32-002|0|36|1|5|1|1|0|0|0
RZ1|CHK|79|1|38|6|1|5|7|3|0|0|1|0
[You] Perona ["OP12-034">OP12-034]: <b>Reveal and Draw Kouzuki Oden ["ST32-002">ST32-002]</b>
[You] Placing Cards on Bottom of Deck
RZ1|80|1|OP06-033|0|37|0|0|0|0|0|0|0
RZ1|CHK|80|1|38|6|1|5|7|3|0|0|1|0
RZ1|81|1|OP01-055|0|37|0|0|0|0|0|0|0
RZ1|CHK|81|1|38|6|1|5|7|3|0|0|1|0
RZ1|82|1|OP01-055|0|37|0|0|0|0|0|0|0
RZ1|CHK|82|1|38|6|1|5|7|3|0|0|1|0
RZ1|83|1|OP17-031|0|37|0|0|0|0|0|0|0
RZ1|CHK|83|1|38|6|1|5|7|3|0|0|1|0
[] Hand: [OP17-031,ST32-003,OP14-039,OP13-040,OP13-031,ST32-002]
[] Board: [OP12-034]
[] Trash: []
[] Life: 5
[] Hand: [OP16-004,OP16-014,OP16-118,OP17-005,OP17-017,OP16-014,OP13-016]
[] Trash: []
[] Board: [OP13-016]
[] Life: 4
[You] End Turn
[] Hand: [OP16-004,OP16-014,OP16-118,OP17-005,OP17-017,OP16-014,OP13-016]
[] Board: [OP13-016]
[] Trash: []
[] Life: 4
[] Hand: [OP17-031,ST32-003,OP14-039,OP13-040,OP13-031,ST32-002]
[] Trash: []
[] Board: [OP12-034]
[] Life: 5
[Opponent] Draw 1 Card
[] Drew card from deck: Moby Dick ["OP16-021">OP16-021]
RZ1|84|2|OP16-021|0|37|1|7|1|1|0|0|0
RZ1|CHK|84|2|37|8|1|4|8|2|0|0|1|0
RZ1|85|2|Don|4|7|5|2|1|1|0|0|0
RZ1|CHK|85|2|37|8|1|4|7|3|0|0|1|0
RZ1|86|2|Don|4|6|5|3|1|1|0|0|0
RZ1|CHK|86|2|37|8|1|4|6|4|0|0|1|0
[Opponent] Draw 2 Don
[Opponent] Portgas D. Ace ["OP16-001">OP16-001] attacking Dracule Mihawk ["OP14-020">OP14-020]
Portgas D. Ace ["OP16-001">OP16-001][5000] vs Dracule Mihawk ["OP14-020">OP14-020][5000]
Dracule Mihawk ["OP14-020">OP14-020] hit for 1 damage
RZ1|87|1|OP17-022|3|4|1|6|1|1|0|0|0
RZ1|CHK|87|1|38|7|1|4|7|3|0|0|1|0
RZ1|88|2|Don|5|0|5|0|1|1|1|0|0
RZ1|CHK|88|2|37|8|1|4|6|4|0|0|1|0
[Opponent] Deploy Monkey D. Garp ["OP13-016">OP13-016]
RZ1|89|2|OP13-016|1|6|2|1|1|1|0|0|0
RZ1|CHK|89|2|37|7|2|4|6|4|0|0|1|0
RZ1|90|2|ST23-001|0|34|1|7|1|1|0|0|0
RZ1|CHK|90|2|36|8|2|4|6|4|0|0|1|0
[Opponent] Monkey D. Garp ["OP13-016">OP13-016]: <b>Reveal and Draw Uta ["ST23-001">ST23-001]</b>
[Opponent] Placing Cards on Bottom of Deck
RZ1|91|2|OP17-017|0|35|0|0|0|0|0|0|0
RZ1|CHK|91|2|36|8|2|4|6|4|0|0|1|0
RZ1|92|2|OP16-118|0|35|0|0|0|0|0|0|0
RZ1|CHK|92|2|36|8|2|4|6|4|0|0|1|0
RZ1|93|2|OP16-118|0|35|0|0|0|0|0|0|0
RZ1|CHK|93|2|36|8|2|4|6|4|0|0|1|0
RZ1|94|2|Don|5|1|9|0|1|1|0|0|0
RZ1|CHK|94|2|36|8|2|4|6|3|0|0|1|1
RZ1|95|2|Don|5|1|9|1|1|1|0|0|0
RZ1|CHK|95|2|36|8|2|4|6|2|0|0|1|2
RZ1|96|2|Don|5|1|9|2|1|1|0|0|0
RZ1|CHK|96|2|36|8|2|4|6|1|0|0|1|3
[Opponent] Attach 3 Don to Monkey D. Garp ["OP13-016">OP13-016] (3 Total)
[Opponent] Monkey D. Garp ["OP13-016">OP13-016] attacking Dracule Mihawk ["OP14-020">OP14-020]
Monkey D. Garp ["OP13-016">OP13-016][5000] vs Dracule Mihawk ["OP14-020">OP14-020][5000]
Dracule Mihawk ["OP14-020">OP14-020] hit for 1 damage
RZ1|97|1|OP06-033|3|3|1|7|1|1|0|0|0
RZ1|CHK|97|1|38|8|1|3|7|3|0|0|1|0
[] Hand: [OP16-004,OP16-014,OP16-118,OP17-005,OP17-017,OP16-014,OP16-021,ST23-001]
[] Board: [OP13-016,OP13-016]
[] Trash: []
[] Life: 4
[] Hand: [OP17-031,ST32-003,OP14-039,OP13-040,OP13-031,ST32-002,OP17-022,OP06-033]
[] Trash: []
[] Board: [OP12-034]
[] Life: 3
[Opponent] End Turn
[] Hand: [OP17-031,ST32-003,OP14-039,OP13-040,OP13-031,ST32-002,OP17-022,OP06-033]
[] Board: [OP12-034]
[] Trash: []
[] Life: 3
[] Hand: [OP16-004,OP16-014,OP16-118,OP17-005,OP17-017,OP16-014,OP16-021,ST23-001]
[] Trash: []
[] Board: [OP13-016,OP13-016]
[] Life: 4
[You] Draw 1 Card
[] Drew card from deck: You Can Be My Samurai!!! ["OP01-055">OP01-055]
RZ1|98|1|OP01-055|0|37|1|8|1|1|0|0|0
RZ1|CHK|98|1|37|9|1|3|7|3|0|0|1|0
RZ1|99|1|Don|4|6|5|3|1|1|0|0|0
RZ1|CHK|99|1|37|9|1|3|6|4|0|0|1|0
RZ1|100|1|Don|4|5|5|4|1|1|0|0|0
RZ1|CHK|100|1|37|9|1|3|5|5|0|0|1|0
[You] Draw 2 Don
RZ1|101|1|Don|5|0|5|0|1|1|1|0|0
RZ1|CHK|101|1|37|9|1|3|5|5|0|0|1|0
RZ1|102|1|Don|5|1|5|1|1|1|1|0|0
RZ1|CHK|102|1|37|9|1|3|5|5|0|0|1|0
RZ1|103|1|Don|5|2|5|2|1|1|1|0|0
RZ1|CHK|103|1|37|9|1|3|5|5|0|0|1|0
RZ1|104|1|Don|5|3|5|3|1|1|1|0|0
RZ1|CHK|104|1|37|9|1|3|5|5|0|0|1|0
RZ1|105|1|Don|5|4|5|4|1|1|1|0|0
RZ1|CHK|105|1|37|9|1|3|5|5|0|0|1|0
[You] Deploy Yasopp ["OP17-031">OP17-031]
RZ1|106|1|OP17-031|1|0|2|1|1|1|0|0|0
RZ1|CHK|106|1|37|8|2|3|5|5|0|0|1|0
[] Drew card from deck: Shanks ["OP17-022">OP17-022]
RZ1|107|1|OP17-022|0|36|1|8|1|1|0|0|0
RZ1|CHK|107|1|36|9|2|3|5|5|0|0|1|0
[You] Yasopp ["OP17-031">OP17-031]: Draw 1 Card
[You] Yasopp ["OP17-031">OP17-031]: Rest Monkey D. Garp ["OP13-016">OP13-016]
[You] Dracule Mihawk ["OP14-020">OP14-020] attacking Monkey D. Garp ["OP13-016">OP13-016]
[Opponent] Discard Curiel ["OP16-004">OP16-004] for Counter 2000
RZ1|108|2|OP16-004|1|0|6|0|1|1|0|0|0
RZ1|CHK|108|2|36|7|2|4|6|1|1|0|1|3
[Opponent] Discard Uta ["ST23-001">ST23-001] for Counter 2000
RZ1|109|2|ST23-001|1|6|6|1|1|1|0|0|0
RZ1|CHK|109|2|36|6|2|4|6|1|2|0|1|3
Dracule Mihawk ["OP14-020">OP14-020][5000] vs Monkey D. Garp ["OP13-016">OP13-016][6000]
Attack Fails
[You] Perona ["OP12-034">OP12-034] attacking Monkey D. Garp ["OP13-016">OP13-016]
[Opponent] Discard Portgas D. Ace ["OP16-118">OP16-118] for Counter 1000
RZ1|110|2|OP16-118|1|1|6|2|1|1|0|0|0
RZ1|CHK|110|2|36|5|2|4|6|1|3|0|1|3
Perona ["OP12-034">OP12-034][2000] vs Monkey D. Garp ["OP13-016">OP13-016][3000]
Attack Fails
[You] Dracule Mihawk ["OP14-020">OP14-020]: Rest Yasopp ["OP17-031">OP17-031]
[You] Dracule Mihawk ["OP14-020">OP14-020]: Activate 1 Don
RZ1|111|1|Don|5|4|5|4|1|1|0|0|0
RZ1|CHK|111|1|36|9|2|3|5|5|0|0|1|0
[You] Dracule Mihawk ["OP14-020">OP14-020]: Activate 1 Don
RZ1|112|1|Don|5|3|5|3|1|1|0|0|0
RZ1|CHK|112|1|36|9|2|3|5|5|0|0|1|0
[You] Dracule Mihawk ["OP14-020">OP14-020]: Activate 1 Don
RZ1|113|1|Don|5|2|5|2|1|1|0|0|0
RZ1|CHK|113|1|36|9|2|3|5|5|0|0|1|0
[You] Dracule Mihawk ["OP14-020">OP14-020]: Can't play Cost 1 Or More Characters for the Turn!
RZ1|114|1|Don|5|2|5|2|1|1|1|0|0
RZ1|CHK|114|1|36|9|2|3|5|5|0|0|1|0
[You] Deploy Coffin Boat ["OP14-039">OP14-039]
RZ1|115|1|OP14-039|1|1|7|0|1|1|0|0|0
RZ1|CHK|115|1|36|8|2|3|5|5|0|1|1|0
[] Drew card from deck: I Know You're Strong... So I'll Go All Out ["OP13-040">OP13-040]
RZ1|116|1|OP13-040|0|35|1|8|1|1|0|0|0
RZ1|CHK|116|1|35|9|2|3|5|5|0|1|1|0
[You] Coffin Boat ["OP14-039">OP14-039]: Draw 1 Card
[You] I Know You're Strong... So I'll Go All Out ["OP13-040">OP13-040]: Rest 1 Don
RZ1|117|1|Don|5|3|5|3|1|1|1|0|0
RZ1|CHK|117|1|35|9|2|3|5|5|0|1|1|0
RZ1|118|1|OP13-040|1|1|6|0|1|1|0|0|0
RZ1|CHK|118|1|35|8|2|3|5|5|1|1|1|0
[You] I Know You're Strong... So I'll Go All Out ["OP13-040">OP13-040]: Rest 1 Don
RZ1|119|1|Don|5|4|5|4|1|1|1|0|0
RZ1|CHK|119|1|35|8|2|3|5|5|1|1|1|0
RZ1|120|1|OP13-040|1|7|6|1|1|1|0|0|0
RZ1|CHK|120|1|35|7|2|3|5|5|2|1|1|0
[You] Yasopp ["OP17-031">OP17-031]: Set Yasopp ["OP17-031">OP17-031] to Active
[You] Coffin Boat ["OP14-039">OP14-039]: Activate 1 Don
RZ1|121|1|Don|5|4|5|4|1|1|0|0|0
RZ1|CHK|121|1|35|7|2|3|5|5|2|1|1|0
[] Hand: [ST32-003,OP13-031,ST32-002,OP17-022,OP06-033,OP01-055,OP17-022]
[] Board: [OP12-034,OP17-031]
[] Trash: [OP13-040,OP13-040]
[] Life: 3
[] Hand: [OP16-014,OP17-005,OP17-017,OP16-014,OP16-021]
[] Trash: [OP16-004,ST23-001,OP16-118]
[] Board: [OP13-016,OP13-016]
[] Life: 4
[You] End Turn
[] Hand: [OP16-014,OP17-005,OP17-017,OP16-014,OP16-021]
[] Board: [OP13-016,OP13-016]
[] Trash: [OP16-004,ST23-001,OP16-118]
[] Life: 4
[] Hand: [ST32-003,OP13-031,ST32-002,OP17-022,OP06-033,OP01-055,OP17-022]
[] Trash: [OP13-040,OP13-040]
[] Board: [OP12-034,OP17-031]
[] Life: 3
RZ1|122|2|Don|9|0|5|0|1|1|1|0|0
RZ1|CHK|122|2|36|5|2|4|6|2|3|0|1|2
RZ1|123|2|Don|9|0|5|0|1|1|1|0|0
RZ1|CHK|123|2|36|5|2|4|6|3|3|0|1|1
RZ1|124|2|Don|9|0|5|0|1|1|1|0|0
RZ1|CHK|124|2|36|5|2|4|6|4|3|0|1|0
[Opponent] Draw 1 Card
[] Drew card from deck: Mocha ["OP10-015">OP10-015]
RZ1|125|2|OP10-015|0|35|1|5|1|1|0|0|0
RZ1|CHK|125|2|35|6|2|4|6|4|3|0|1|0
RZ1|126|2|Don|4|5|5|4|1|1|0|0|0
RZ1|CHK|126|2|35|6|2|4|5|5|3|0|1|0
RZ1|127|2|Don|4|4|5|5|1|1|0|0|0
RZ1|CHK|127|2|35|6|2|4|4|6|3|0|1|0
[Opponent] Draw 2 Don
RZ1|128|2|Don|5|0|5|0|1|1|1|0|0
RZ1|CHK|128|2|35|6|2|4|4|6|3|0|1|0
RZ1|129|2|Don|5|1|5|1|1|1|1|0|0
RZ1|CHK|129|2|35|6|2|4|4|6|3|0|1|0
RZ1|130|2|Don|5|2|5|2|1|1|1|0|0
RZ1|CHK|130|2|35|6|2|4|4|6|3|0|1|0
RZ1|131|2|Don|5|3|5|3|1|1|1|0|0
RZ1|CHK|131|2|35|6|2|4|4|6|3|0|1|0
RZ1|132|2|Don|5|4|5|4|1|1|1|0|0
RZ1|CHK|132|2|35|6|2|4|4|6|3|0|1|0
RZ1|133|2|Don|5|5|5|5|1|1|1|0|0
RZ1|CHK|133|2|35|6|2|4|4|6|3|0|1|0
[Opponent] Deploy Marco ["OP16-014">OP16-014]
RZ1|134|2|OP16-014|1|0|2|2|1|1|0|0|0
RZ1|CHK|134|2|35|5|3|4|4|6|3|0|1|0
[Opponent] Portgas D. Ace ["OP16-001">OP16-001] attacking Perona ["OP12-034">OP12-034]
Portgas D. Ace ["OP16-001">OP16-001][5000] vs Perona ["OP12-034">OP12-034][2000]
[You] Perona ["OP12-034">OP12-034] Destroyed
RZ1|135|1|OP12-034|2|0|6|2|1|1|0|0|0
RZ1|CHK|135|1|35|7|1|3|5|5|3|1|1|0
[Opponent] Portgas D. Ace ["OP16-001">OP16-001]: Give Marco ["OP16-014">OP16-014] Rush
[Opponent] Marco ["OP16-014">OP16-014] attacking Dracule Mihawk ["OP14-020">OP14-020]
Marco ["OP16-014">OP16-014][8000] vs Dracule Mihawk ["OP14-020">OP14-020][5000]
Dracule Mihawk ["OP14-020">OP14-020] hit for 1 damage
RZ1|136|1|OP17-031|3|2|1|7|1|1|0|0|0
RZ1|CHK|136|1|35|8|1|2|5|5|3|1|1|0
[] Hand: [OP17-005,OP17-017,OP16-014,OP16-021,OP10-015]
[] Board: [OP13-016,OP13-016,OP16-014]
[] Trash: [OP16-004,ST23-001,OP16-118]
[] Life: 4
[] Hand: [ST32-003,OP13-031,ST32-002,OP17-022,OP06-033,OP01-055,OP17-022,OP17-031]
[] Trash: [OP13-040,OP13-040,OP12-034]
[] Board: [OP17-031]
[] Life: 2
[Opponent] End Turn
[] Hand: [ST32-003,OP13-031,ST32-002,OP17-022,OP06-033,OP01-055,OP17-022,OP17-031]
[] Board: [OP17-031]
[] Trash: [OP13-040,OP13-040,OP12-034]
[] Life: 2
[] Hand: [OP17-005,OP17-017,OP16-014,OP16-021,OP10-015]
[] Trash: [OP16-004,ST23-001,OP16-118]
[] Board: [OP13-016,OP13-016,OP16-014]
[] Life: 4
[You] Draw 1 Card
[] Drew card from deck: Kin'emon ["ST32-001">ST32-001]
RZ1|137|1|ST32-001|0|34|1|8|1|1|0|0|0
RZ1|CHK|137|1|34|9|1|2|5|5|3|1|1|0
RZ1|138|1|Don|4|4|5|5|1|1|0|0|0
RZ1|CHK|138|1|34|9|1|2|4|6|3|1|1|0
RZ1|139|1|Don|4|3|5|6|1|1|0|0|0
RZ1|CHK|139|1|34|9|1|2|3|7|3|1|1|0
[You] Draw 2 Don
RZ1|140|1|Don|5|0|9|9900|1|1|0|0|0
RZ1|CHK|140|1|34|9|1|2|3|6|3|1|1|1
RZ1|141|1|Don|5|0|9|9901|1|1|0|0|0
RZ1|CHK|141|1|34|9|1|2|3|5|3|1|1|2
RZ1|142|1|Don|5|0|9|9902|1|1|0|0|0
RZ1|CHK|142|1|34|9|1|2|3|4|3|1|1|3
[You] Attach 3 Don to Dracule Mihawk ["OP14-020">OP14-020] (3 Total)
[You] Dracule Mihawk ["OP14-020">OP14-020] attacking Marco ["OP16-014">OP16-014]
[Opponent] Discard Mocha ["OP10-015">OP10-015] for Counter 2000
RZ1|143|2|OP10-015|1|4|6|3|1|1|0|0|0
RZ1|CHK|143|2|35|4|3|4|4|6|4|0|1|0
Dracule Mihawk ["OP14-020">OP14-020][8000] vs Marco ["OP16-014">OP16-014][10000]
Attack Fails
RZ1|144|1|Don|5|0|9|0|1|1|0|0|0
RZ1|CHK|144|1|34|9|1|2|3|3|3|1|1|4
RZ1|145|1|Don|5|0|9|1|1|1|0|0|0
RZ1|CHK|145|1|34|9|1|2|3|2|3|1|1|5
[You] Attach 2 Don to Yasopp ["OP17-031">OP17-031] (2 Total)
[You] Yasopp ["OP17-031">OP17-031] attacking Marco ["OP16-014">OP16-014]
Yasopp ["OP17-031">OP17-031][8000] vs Marco ["OP16-014">OP16-014][8000]
[Opponent] Marco ["OP16-014">OP16-014] Destroyed
RZ1|146|2|OP16-014|2|2|6|4|1|1|0|0|0
RZ1|CHK|146|2|35|4|2|4|4|6|5|0|1|0
RZ1|147|1|Don|5|0|5|0|1|1|1|0|0
RZ1|CHK|147|1|34|9|1|2|3|2|3|1|1|5
[You] Deploy Kin'emon ["ST32-001">ST32-001]
RZ1|148|1|ST32-001|1|8|2|1|1|1|0|0|0
RZ1|CHK|148|1|34|8|2|2|3|2|3|1|1|5
[You] Kin'emon ["ST32-001">ST32-001]: Rest Don ["Don">Don]
RZ1|149|1|Don|5|1|5|1|1|1|1|0|0
RZ1|CHK|149|1|34|8|2|2|3|2|3|1|1|5
[] Drew card from deck: Otama ["OP07-022">OP07-022]
RZ1|150|1|OP07-022|0|33|1|8|1|1|0|0|0
RZ1|CHK|150|1|33|9|2|2|3|2|3|1|1|5
[] Drew card from deck: Shanks ["OP17-022">OP17-022]
RZ1|151|1|OP17-022|0|32|1|9|1|1|0|0|0
RZ1|CHK|151|1|32|10|2|2|3|2|3|1|1|5
[You] Kin'emon ["ST32-001">ST32-001]: Draw 2 Card
RZ1|152|1|OP17-022|1|3|6|3|1|1|0|0|0
RZ1|CHK|152|1|32|9|2|2|3|2|4|1|1|5
[You] Kin'emon ["ST32-001">ST32-001]: Trash Shanks ["OP17-022">OP17-022]
[You] Dracule Mihawk ["OP14-020">OP14-020]: Rest Kin'emon ["ST32-001">ST32-001]
[You] Dracule Mihawk ["OP14-020">OP14-020]: Activate 1 Don
RZ1|153|1|Don|5|1|5|1|1|1|0|0|0
RZ1|CHK|153|1|32|9|2|2|3|2|4|1|1|5
[You] Dracule Mihawk ["OP14-020">OP14-020]: Activate 1 Don
RZ1|154|1|Don|5|0|5|0|1|1|0|0|0
RZ1|CHK|154|1|32|9|2|2|3|2|4|1|1|5
[You] Dracule Mihawk ["OP14-020">OP14-020]: Can't play Cost 1 Or More Characters for the Turn!
[You] Yasopp ["OP17-031">OP17-031]: Set Yasopp ["OP17-031">OP17-031] to Active
[] Hand: [ST32-003,OP13-031,ST32-002,OP06-033,OP01-055,OP17-022,OP17-031,OP07-022,OP17-022]
[] Board: [OP17-031,ST32-001]
[] Trash: [OP13-040,OP13-040,OP12-034,OP17-022]
[] Life: 2
[] Hand: [OP17-005,OP17-017,OP16-014,OP16-021]
[] Trash: [OP16-004,ST23-001,OP16-118,OP10-015,OP16-014]
[] Board: [OP13-016,OP13-016]
[] Life: 4
[You] End Turn
[] Hand: [OP17-005,OP17-017,OP16-014,OP16-021]
[] Board: [OP13-016,OP13-016]
[] Trash: [OP16-004,ST23-001,OP16-118,OP10-015,OP16-014]
[] Life: 4
[] Hand: [ST32-003,OP13-031,ST32-002,OP06-033,OP01-055,OP17-022,OP17-031,OP07-022,OP17-022]
[] Trash: [OP13-040,OP13-040,OP12-034,OP17-022]
[] Board: [OP17-031,ST32-001]
[] Life: 2
[Opponent] Draw 1 Card
[] Drew card from deck: Vista ["OP16-011">OP16-011]
RZ1|155|2|OP16-011|0|34|1|4|1|1|0|0|0
RZ1|CHK|155|2|34|5|2|4|4|6|5|0|1|0
RZ1|156|2|Don|4|3|5|6|1|1|0|0|0
RZ1|CHK|156|2|34|5|2|4|3|7|5|0|1|0
RZ1|157|2|Don|4|2|5|7|1|1|0|0|0
RZ1|CHK|157|2|34|5|2|4|2|8|5|0|1|0
[Opponent] Draw 2 Don
RZ1|158|2|Don|5|0|5|0|1|1|1|0|0
RZ1|CHK|158|2|34|5|2|4|2|8|5|0|1|0
RZ1|159|2|Don|5|1|5|1|1|1|1|0|0
RZ1|CHK|159|2|34|5|2|4|2|8|5|0|1|0
RZ1|160|2|Don|5|2|5|2|1|1|1|0|0
RZ1|CHK|160|2|34|5|2|4|2|8|5|0|1|0
RZ1|161|2|Don|5|3|5|3|1|1|1|0|0
RZ1|CHK|161|2|34|5|2|4|2|8|5|0|1|0
RZ1|162|2|Don|5|4|5|4|1|1|1|0|0
RZ1|CHK|162|2|34|5|2|4|2|8|5|0|1|0
RZ1|163|2|Don|5|5|5|5|1|1|1|0|0
RZ1|CHK|163|2|34|5|2|4|2|8|5|0|1|0
[Opponent] Deploy Vista ["OP16-011">OP16-011]
RZ1|164|2|OP16-011|1|4|2|2|1|1|0|0|0
RZ1|CHK|164|2|34|4|3|4|2|8|5|0|1|0
[Opponent] Vista ["OP16-011">OP16-011] revealed: Marco ["OP16-014">OP16-014]
[Opponent] Forcing opponent to resolve Card Action!
[You] Forcing opponent to resolve Card Action!
[] Drew card from deck: Marco ["OP16-014">OP16-014]
RZ1|165|2|OP16-014|0|33|1|4|1|1|0|0|0
RZ1|CHK|165|2|33|5|3|4|2|8|5|0|1|0
[Opponent] Vista ["OP16-011">OP16-011]: Draw 1 Card
[Opponent] Portgas D. Ace ["OP16-001">OP16-001]: Give Vista ["OP16-011">OP16-011] Rush
RZ1|166|2|Don|5|6|9|200|1|1|0|0|0
RZ1|CHK|166|2|33|5|3|4|2|7|5|0|1|1
[Opponent] Attach 1 Don to Vista ["OP16-011">OP16-011] (1 Total)
[Opponent] Vista ["OP16-011">OP16-011] attacking Dracule Mihawk ["OP14-020">OP14-020]
[You] Discard Otama ["OP07-022">OP07-022] for Counter 2000
RZ1|167|1|OP07-022|1|7|6|4|1|1|0|0|0
RZ1|CHK|167|1|32|8|2|2|3|2|5|1|1|5
[You] Discard Kouzuki Oden ["ST32-002">ST32-002] for Counter 1000
RZ1|168|1|ST32-002|1|2|6|5|1|1|0|0|0
RZ1|CHK|168|1|32|7|2|2|3|2|6|1|1|5
[You] Discard Vander Decken IX ["OP06-033">OP06-033] for Counter 1000
RZ1|169|1|OP06-033|1|2|6|6|1|1|0|0|0
RZ1|CHK|169|1|32|6|2|2|3|2|7|1|1|5
[You] Discard Yasopp ["OP17-031">OP17-031] for Counter 1000
RZ1|170|1|OP17-031|1|4|6|7|1|1|0|0|0
RZ1|CHK|170|1|32|5|2|2|3|2|8|1|1|5
Vista ["OP16-011">OP16-011][9000] vs Dracule Mihawk ["OP14-020">OP14-020][10000]
Attack Fails
[Opponent] Portgas D. Ace ["OP16-001">OP16-001] attacking Dracule Mihawk ["OP14-020">OP14-020]
Portgas D. Ace ["OP16-001">OP16-001][5000] vs Dracule Mihawk ["OP14-020">OP14-020][5000]
Dracule Mihawk ["OP14-020">OP14-020] hit for 1 damage
RZ1|171|1|OP06-033|3|1|1|5|1|1|0|0|0
RZ1|CHK|171|1|32|6|2|1|3|2|8|1|1|5
[Opponent] Monkey D. Garp ["OP13-016">OP13-016] attacking Kin'emon ["ST32-001">ST32-001]
[You] Discard Vander Decken IX ["OP06-033">OP06-033] for Counter 1000
RZ1|172|1|OP06-033|1|5|6|8|1|1|0|0|0
RZ1|CHK|172|1|32|5|2|1|3|2|9|1|1|5
Monkey D. Garp ["OP13-016">OP13-016][2000] vs Kin'emon ["ST32-001">ST32-001][3000]
Attack Fails
[Opponent] Monkey D. Garp ["OP13-016">OP13-016] attacking Kin'emon ["ST32-001">ST32-001]
Monkey D. Garp ["OP13-016">OP13-016][2000] vs Kin'emon ["ST32-001">ST32-001][2000]
[You] Kin'emon ["ST32-001">ST32-001] Destroyed
RZ1|173|1|ST32-001|2|1|6|9|1|1|0|0|0
RZ1|CHK|173|1|32|5|1|1|3|2|10|1|1|5
[] Hand: [OP17-005,OP17-017,OP16-014,OP16-021,OP16-014]
[] Board: [OP13-016,OP13-016,OP16-011]
[] Trash: [OP16-004,ST23-001,OP16-118,OP10-015,OP16-014]
[] Life: 4
[] Hand: [ST32-003,OP13-031,OP01-055,OP17-022,OP17-022]
[] Trash: [OP13-040,OP13-040,OP12-034,OP17-022,OP07-022,ST32-002,OP06-033,OP17-031,OP06-033,ST32-001]
[] Board: [OP17-031]
[] Life: 1
[Opponent] End Turn
[] Hand: [ST32-003,OP13-031,OP01-055,OP17-022,OP17-022]
[] Board: [OP17-031]
[] Trash: [OP13-040,OP13-040,OP12-034,OP17-022,OP07-022,ST32-002,OP06-033,OP17-031,OP06-033,ST32-001]
[] Life: 1
[] Hand: [OP17-005,OP17-017,OP16-014,OP16-021,OP16-014]
[] Trash: [OP16-004,ST23-001,OP16-118,OP10-015,OP16-014]
[] Board: [OP13-016,OP13-016,OP16-011]
[] Life: 4
RZ1|174|1|Don|9|9900|5|0|1|1|1|0|0
RZ1|CHK|174|1|32|5|1|1|3|3|10|1|1|4
RZ1|175|1|Don|9|9900|5|0|1|1|1|0|0
RZ1|CHK|175|1|32|5|1|1|3|4|10|1|1|3
RZ1|176|1|Don|9|9900|5|0|1|1|1|0|0
RZ1|CHK|176|1|32|5|1|1|3|5|10|1|1|2
RZ1|177|1|Don|9|0|5|0|1|1|1|0|0
RZ1|CHK|177|1|32|5|1|1|3|6|10|1|1|1
RZ1|178|1|Don|9|0|5|0|1|1|1|0|0
RZ1|CHK|178|1|32|5|1|1|3|7|10|1|1|0
[You] Draw 1 Card
[] Drew card from deck: Kin'emon ["ST32-001">ST32-001]
RZ1|179|1|ST32-001|0|31|1|5|1|1|0|0|0
RZ1|CHK|179|1|31|6|1|1|3|7|10|1|1|0
RZ1|180|1|Don|4|2|5|7|1|1|0|0|0
RZ1|CHK|180|1|31|6|1|1|2|8|10|1|1|0
RZ1|181|1|Don|4|1|5|8|1|1|0|0|0
RZ1|CHK|181|1|31|6|1|1|1|9|10|1|1|0
[You] Draw 2 Don
RZ1|182|1|Don|5|0|9|9900|1|1|0|0|0
RZ1|CHK|182|1|31|6|1|1|1|8|10|1|1|1
RZ1|183|1|Don|5|0|9|9901|1|1|0|0|0
RZ1|CHK|183|1|31|6|1|1|1|7|10|1|1|2
RZ1|184|1|Don|5|0|9|9902|1|1|0|0|0
RZ1|CHK|184|1|31|6|1|1|1|6|10|1|1|3
[You] Attach 3 Don to Dracule Mihawk ["OP14-020">OP14-020] (3 Total)
[You] Dracule Mihawk ["OP14-020">OP14-020] attacking Vista ["OP16-011">OP16-011]
[Opponent] Gurararararara! ["OP17-017">OP17-017]: Activate Counter
[Opponent] Gurararararara! ["OP17-017">OP17-017]: Rest 1 Don
RZ1|185|2|Don|5|6|5|6|1|1|1|0|0
RZ1|CHK|185|2|33|5|3|4|2|7|5|0|1|1
RZ1|186|2|OP17-017|1|1|6|5|1|1|0|0|0
RZ1|CHK|186|2|33|4|3|4|2|7|6|0|1|1
[Opponent] Gurararararara! ["OP17-017">OP17-017]: Buff Vista ["OP16-011">OP16-011] 2000 for the Combat
[Opponent] Gurararararara! ["OP17-017">OP17-017]: Buff Yasopp ["OP17-031">OP17-031] -2000
Dracule Mihawk ["OP14-020">OP14-020][8000] vs Vista ["OP16-011">OP16-011][10000]
Attack Fails
RZ1|187|1|Don|5|0|9|0|1|1|0|0|0
RZ1|CHK|187|1|31|6|1|1|1|5|10|1|1|4
RZ1|188|1|Don|5|0|9|1|1|1|0|0|0
RZ1|CHK|188|1|31|6|1|1|1|4|10|1|1|5
RZ1|189|1|Don|5|0|9|2|1|1|0|0|0
RZ1|CHK|189|1|31|6|1|1|1|3|10|1|1|6
RZ1|190|1|Don|5|0|9|3|1|1|0|0|0
RZ1|CHK|190|1|31|6|1|1|1|2|10|1|1|7
[You] Attach 4 Don to Yasopp ["OP17-031">OP17-031] (4 Total)
[You] Yasopp ["OP17-031">OP17-031] attacking Vista ["OP16-011">OP16-011]
Yasopp ["OP17-031">OP17-031][8000] vs Vista ["OP16-011">OP16-011][8000]
[Opponent] Vista ["OP16-011">OP16-011] Destroyed
RZ1|191|2|Don|9|200|5|0|1|1|1|0|0
RZ1|CHK|191|2|33|4|3|4|2|8|6|0|1|0
RZ1|192|2|OP16-011|2|2|6|6|1|1|0|0|0
RZ1|CHK|192|2|33|4|2|4|2|8|7|0|1|0
[You] Yasopp ["OP17-031">OP17-031]: Set Yasopp ["OP17-031">OP17-031] to Active
[] Hand: [ST32-003,OP13-031,OP01-055,OP17-022,OP17-022,ST32-001]
[] Board: [OP17-031]
[] Trash: [OP13-040,OP13-040,OP12-034,OP17-022,OP07-022,ST32-002,OP06-033,OP17-031,OP06-033,ST32-001]
[] Life: 1
[] Hand: [OP17-005,OP16-014,OP16-021,OP16-014]
[] Trash: [OP16-004,ST23-001,OP16-118,OP10-015,OP16-014,OP17-017,OP16-011]
[] Board: [OP13-016,OP13-016]
[] Life: 4
[You] End Turn
[] Hand: [OP17-005,OP16-014,OP16-021,OP16-014]
[] Board: [OP13-016,OP13-016]
[] Trash: [OP16-004,ST23-001,OP16-118,OP10-015,OP16-014,OP17-017,OP16-011]
[] Life: 4
[] Hand: [ST32-003,OP13-031,OP01-055,OP17-022,OP17-022,ST32-001]
[] Trash: [OP13-040,OP13-040,OP12-034,OP17-022,OP07-022,ST32-002,OP06-033,OP17-031,OP06-033,ST32-001]
[] Board: [OP17-031]
[] Life: 1
[Opponent] Draw 1 Card
[] Drew card from deck: Curiel ["OP16-004">OP16-004]
RZ1|193|2|OP16-004|0|32|1|4|1|1|0|0|0
RZ1|CHK|193|2|32|5|2|4|2|8|7|0|1|0
RZ1|194|2|Don|4|1|5|8|1|1|0|0|0
RZ1|CHK|194|2|32|5|2|4|1|9|7|0|1|0
RZ1|195|2|Don|4|0|5|9|1|1|0|0|0
RZ1|CHK|195|2|32|5|2|4|0|10|7|0|1|0
[Opponent] Draw 2 Don
RZ1|196|2|Don|5|0|5|0|1|1|1|0|0
RZ1|CHK|196|2|32|5|2|4|0|10|7|0|1|0
RZ1|197|2|Don|5|1|5|1|1|1|1|0|0
RZ1|CHK|197|2|32|5|2|4|0|10|7|0|1|0
RZ1|198|2|Don|5|2|5|2|1|1|1|0|0
RZ1|CHK|198|2|32|5|2|4|0|10|7|0|1|0
RZ1|199|2|Don|5|3|5|3|1|1|1|0|0
RZ1|CHK|199|2|32|5|2|4|0|10|7|0|1|0
RZ1|200|2|Don|5|4|5|4|1|1|1|0|0
RZ1|CHK|200|2|32|5|2|4|0|10|7|0|1|0
RZ1|201|2|Don|5|5|5|5|1|1|1|0|0
RZ1|CHK|201|2|32|5|2|4|0|10|7|0|1|0
RZ1|202|2|Don|5|6|5|6|1|1|1|0|0
RZ1|CHK|202|2|32|5|2|4|0|10|7|0|1|0
RZ1|203|2|Don|5|7|5|7|1|1|1|0|0
RZ1|CHK|203|2|32|5|2|4|0|10|7|0|1|0
RZ1|204|2|Don|5|8|5|8|1|1|1|0|0
RZ1|CHK|204|2|32|5|2|4|0|10|7|0|1|0
RZ1|205|2|Don|5|9|5|9|1|1|1|0|0
RZ1|CHK|205|2|32|5|2|4|0|10|7|0|1|0
[Opponent] Deploy Edward Newgate ["OP17-005">OP17-005]
RZ1|206|2|OP17-005|1|0|2|2|1|1|0|0|0
RZ1|CHK|206|2|32|4|3|4|0|10|7|0|1|0
[Opponent] Edward Newgate ["OP17-005">OP17-005]: Grant Portgas D. Ace ["OP16-001">OP16-001] 3000 until opponent's next turn end
[Opponent] Portgas D. Ace ["OP16-001">OP16-001]: Give Edward Newgate ["OP17-005">OP17-005] Rush
[Opponent] Edward Newgate ["OP17-005">OP17-005] attacking Dracule Mihawk ["OP14-020">OP14-020]
Edward Newgate ["OP17-005">OP17-005][12000] vs Dracule Mihawk ["OP14-020">OP14-020][5000]
Dracule Mihawk ["OP14-020">OP14-020] hit for 1 damage
RZ1|207|1|OP14-023|3|0|1|6|1|1|0|0|0
RZ1|CHK|207|1|31|7|1|0|1|2|10|1|1|7
[] Hand: [OP16-014,OP16-021,OP16-014,OP16-004]
[] Board: [OP13-016,OP13-016,OP17-005]
[] Trash: [OP16-004,ST23-001,OP16-118,OP10-015,OP16-014,OP17-017,OP16-011]
[] Life: 4
[] Hand: [ST32-003,OP13-031,OP01-055,OP17-022,OP17-022,ST32-001,OP14-023]
[] Trash: [OP13-040,OP13-040,OP12-034,OP17-022,OP07-022,ST32-002,OP06-033,OP17-031,OP06-033,ST32-001]
[] Board: [OP17-031]
[] Life: 0
[Opponent] End Turn
[] Hand: [ST32-003,OP13-031,OP01-055,OP17-022,OP17-022,ST32-001,OP14-023]
[] Board: [OP17-031]
[] Trash: [OP13-040,OP13-040,OP12-034,OP17-022,OP07-022,ST32-002,OP06-033,OP17-031,OP06-033,ST32-001]
[] Life: 0
[] Hand: [OP16-014,OP16-021,OP16-014,OP16-004]
[] Trash: [OP16-004,ST23-001,OP16-118,OP10-015,OP16-014,OP17-017,OP16-011]
[] Board: [OP13-016,OP13-016,OP17-005]
[] Life: 4
RZ1|208|1|Don|9|9900|5|0|1|1|1|0|0
RZ1|CHK|208|1|31|7|1|0|1|3|10|1|1|6
RZ1|209|1|Don|9|9900|5|0|1|1|1|0|0
RZ1|CHK|209|1|31|7|1|0|1|4|10|1|1|5
RZ1|210|1|Don|9|9900|5|0|1|1|1|0|0
RZ1|CHK|210|1|31|7|1|0|1|5|10|1|1|4
RZ1|211|1|Don|9|0|5|0|1|1|1|0|0
RZ1|CHK|211|1|31|7|1|0|1|6|10|1|1|3
RZ1|212|1|Don|9|0|5|0|1|1|1|0|0
RZ1|CHK|212|1|31|7|1|0|1|7|10|1|1|2
RZ1|213|1|Don|9|0|5|0|1|1|1|0|0
RZ1|CHK|213|1|31|7|1|0|1|8|10|1|1|1
RZ1|214|1|Don|9|0|5|0|1|1|1|0|0
RZ1|CHK|214|1|31|7|1|0|1|9|10|1|1|0
[You] Draw 1 Card
[] Drew card from deck: Billion-fold World Trichiliocosm ["OP06-038">OP06-038]
RZ1|215|1|OP06-038|0|30|1|7|1|1|0|0|0
RZ1|CHK|215|1|30|8|1|0|1|9|10|1|1|0
RZ1|216|1|Don|4|0|5|9|1|1|0|0|0
RZ1|CHK|216|1|30|8|1|0|0|10|10|1|1|0
[You] Draw 2 Don
RZ1|217|1|Don|5|0|9|9900|1|1|0|0|0
RZ1|CHK|217|1|30|8|1|0|0|9|10|1|1|1
RZ1|218|1|Don|5|0|9|9901|1|1|0|0|0
RZ1|CHK|218|1|30|8|1|0|0|8|10|1|1|2
RZ1|219|1|Don|5|0|9|9902|1|1|0|0|0
RZ1|CHK|219|1|30|8|1|0|0|7|10|1|1|3
RZ1|220|1|Don|5|0|9|9903|1|1|0|0|0
RZ1|CHK|220|1|30|8|1|0|0|6|10|1|1|4
RZ1|221|1|Don|5|0|9|9904|1|1|0|0|0
RZ1|CHK|221|1|30|8|1|0|0|5|10|1|1|5
RZ1|222|1|Don|5|0|9|9905|1|1|0|0|0
RZ1|CHK|222|1|30|8|1|0|0|4|10|1|1|6
RZ1|223|1|Don|5|0|9|9906|1|1|0|0|0
RZ1|CHK|223|1|30|8|1|0|0|3|10|1|1|7
[You] Attach 7 Don to Dracule Mihawk ["OP14-020">OP14-020] (7 Total)
[You] Dracule Mihawk ["OP14-020">OP14-020] attacking Edward Newgate ["OP17-005">OP17-005]
[Opponent] Discard Curiel ["OP16-004">OP16-004] for Counter 2000
RZ1|224|2|OP16-004|1|3|6|7|1|1|0|0|0
RZ1|CHK|224|2|32|3|3|4|0|10|8|0|1|0
Dracule Mihawk ["OP14-020">OP14-020][12000] vs Edward Newgate ["OP17-005">OP17-005][14000]
Attack Fails
RZ1|225|1|Don|5|0|9|0|1|1|0|0|0
RZ1|CHK|225|1|30|8|1|0|0|2|10|1|1|8
RZ1|226|1|Don|5|0|9|1|1|1|0|0|0
RZ1|CHK|226|1|30|8|1|0|0|1|10|1|1|9
[You] Attach 2 Don to Yasopp ["OP17-031">OP17-031] (2 Total)
[You] Yasopp ["OP17-031">OP17-031] attacking Portgas D. Ace ["OP16-001">OP16-001]
Yasopp ["OP17-031">OP17-031][8000] vs Portgas D. Ace ["OP16-001">OP16-001][8000]
Portgas D. Ace ["OP16-001">OP16-001] hit for 1 damage
RZ1|227|2|OP17-006|3|3|1|3|1|1|0|0|0
RZ1|CHK|227|2|32|4|3|3|0|10|8|0|1|0
[You] Yasopp ["OP17-031">OP17-031]: Set Yasopp ["OP17-031">OP17-031] to Active
[] Hand: [ST32-003,OP13-031,OP01-055,OP17-022,OP17-022,ST32-001,OP14-023,OP06-038]
[] Board: [OP17-031]
[] Trash: [OP13-040,OP13-040,OP12-034,OP17-022,OP07-022,ST32-002,OP06-033,OP17-031,OP06-033,ST32-001]
[] Life: 0
[] Hand: [OP16-014,OP16-021,OP16-014,OP17-006]
[] Trash: [OP16-004,ST23-001,OP16-118,OP10-015,OP16-014,OP17-017,OP16-011,OP16-004]
[] Board: [OP13-016,OP13-016,OP17-005]
[] Life: 3
[You] End Turn
[] Hand: [OP16-014,OP16-021,OP16-014,OP17-006]
[] Board: [OP13-016,OP13-016,OP17-005]
[] Trash: [OP16-004,ST23-001,OP16-118,OP10-015,OP16-014,OP17-017,OP16-011,OP16-004]
[] Life: 3
[] Hand: [ST32-003,OP13-031,OP01-055,OP17-022,OP17-022,ST32-001,OP14-023,OP06-038]
[] Trash: [OP13-040,OP13-040,OP12-034,OP17-022,OP07-022,ST32-002,OP06-033,OP17-031,OP06-033,ST32-001]
[] Board: [OP17-031]
[] Life: 0
[Opponent] Draw 1 Card
[] Drew card from deck: Monkey D. Garp ["OP13-016">OP13-016]
RZ1|228|2|OP13-016|0|31|1|4|1|1|0|0|0
RZ1|CHK|228|2|31|5|3|3|0|10|8|0|1|0
RZ1|229|2|Don|5|0|9|9900|1|1|0|0|0
RZ1|CHK|229|2|31|5|3|3|0|9|8|0|1|1
RZ1|230|2|Don|5|0|9|9901|1|1|0|0|0
RZ1|CHK|230|2|31|5|3|3|0|8|8|0|1|2
[Opponent] Attach 2 Don to Portgas D. Ace ["OP16-001">OP16-001] (2 Total)
RZ1|231|2|Don|5|0|9|9902|1|1|0|0|0
RZ1|CHK|231|2|31|5|3|3|0|7|8|0|1|3
RZ1|232|2|Don|5|0|9|9903|1|1|0|0|0
RZ1|CHK|232|2|31|5|3|3|0|6|8|0|1|4
[Opponent] Attach 2 Don to Portgas D. Ace ["OP16-001">OP16-001] (4 Total)
RZ1|233|2|Don|5|0|9|9904|1|1|0|0|0
RZ1|CHK|233|2|31|5|3|3|0|5|8|0|1|5
RZ1|234|2|Don|5|0|9|9905|1|1|0|0|0
RZ1|CHK|234|2|31|5|3|3|0|4|8|0|1|6
[Opponent] Attach 2 Don to Portgas D. Ace ["OP16-001">OP16-001] (6 Total)
[Opponent] Portgas D. Ace ["OP16-001">OP16-001] attacking Dracule Mihawk ["OP14-020">OP14-020]
Portgas D. Ace ["OP16-001">OP16-001][11000] vs Dracule Mihawk ["OP14-020">OP14-020][5000]
Dracule Mihawk ["OP14-020">OP14-020] hit for 1 damage
[You] <b>Downloaded the Combat Log!</b>
GameOver
