Version is 1.43a.3
[You] Leader is Dracule Mihawk ["OP14-020">OP14-020]
RZ1|HDR|1.43a|2|RZ1
RZ1|PLY|1||OP14-020
RZ1|PLY|2||
[Opponent] Leader is Portgas D. Ace ["OP16-001">OP16-001]
RZ1|1|2|OP16-021|0|47|0|0|0|0|0|0|0
RZ1|CHK|1|2|50|0|0|0|10|0|0|0|1|0
RZ1|2|2|OP17-017|0|43|0|1|0|0|0|0|0
RZ1|CHK|2|2|50|0|0|0|10|0|0|0|1|0
RZ1|3|2|OP16-011|0|18|0|2|0|0|0|0|0
RZ1|CHK|3|2|50|0|0|0|10|0|0|0|1|0
RZ1|4|2|OP17-005|0|42|0|3|0|0|0|0|0
RZ1|CHK|4|2|50|0|0|0|10|0|0|0|1|0
RZ1|5|2|OP16-015|0|15|0|4|0|0|0|0|0
RZ1|CHK|5|2|50|0|0|0|10|0|0|0|1|0
RZ1|6|2|OP16-003|0|38|0|5|0|0|0|0|0
RZ1|CHK|6|2|50|0|0|0|10|0|0|0|1|0
RZ1|7|2|ST30-016|0|46|0|6|0|0|0|0|0
RZ1|CHK|7|2|50|0|0|0|10|0|0|0|1|0
RZ1|8|2|OP17-017|0|45|0|7|0|0|0|0|0
RZ1|CHK|8|2|50|0|0|0|10|0|0|0|1|0
RZ1|9|2|OP17-017|0|45|0|8|0|0|0|0|0
RZ1|CHK|9|2|50|0|0|0|10|0|0|0|1|0
RZ1|10|2|OP16-118|0|22|0|9|0|0|0|0|0
RZ1|CHK|10|2|50|0|0|0|10|0|0|0|1|0
RZ1|11|2|OP16-014|0|28|0|10|0|0|0|0|0
RZ1|CHK|11|2|50|0|0|0|10|0|0|0|1|0
RZ1|12|2|OP16-014|0|26|0|11|0|0|0|0|0
RZ1|CHK|12|2|50|0|0|0|10|0|0|0|1|0
RZ1|13|2|OP10-015|0|16|0|13|0|0|0|0|0
RZ1|CHK|13|2|50|0|0|0|10|0|0|0|1|0
RZ1|14|2|ST23-001|0|31|0|14|0|0|0|0|0
RZ1|CHK|14|2|50|0|0|0|10|0|0|0|1|0
RZ1|15|2|OP17-006|0|38|0|15|0|0|0|0|0
RZ1|CHK|15|2|50|0|0|0|10|0|0|0|1|0
RZ1|16|2|ST23-001|0|31|0|16|0|0|0|0|0
RZ1|CHK|16|2|50|0|0|0|10|0|0|0|1|0
RZ1|17|2|OP10-015|0|22|0|17|0|0|0|0|0
RZ1|CHK|17|2|50|0|0|0|10|0|0|0|1|0
RZ1|18|2|OP10-015|0|22|0|18|0|0|0|0|0
RZ1|CHK|18|2|50|0|0|0|10|0|0|0|1|0
RZ1|19|2|OP16-118|0|26|0|19|0|0|0|0|0
RZ1|CHK|19|2|50|0|0|0|10|0|0|0|1|0
RZ1|20|2|OP16-003|0|42|0|20|0|0|0|0|0
RZ1|CHK|20|2|50|0|0|0|10|0|0|0|1|0
RZ1|21|2|OP17-006|0|39|0|21|0|0|0|0|0
RZ1|CHK|21|2|50|0|0|0|10|0|0|0|1|0
RZ1|22|2|OP16-021|0|49|0|22|0|0|0|0|0
RZ1|CHK|22|2|50|0|0|0|10|0|0|0|1|0
RZ1|23|2|OP16-004|0|39|0|23|0|0|0|0|0
RZ1|CHK|23|2|50|0|0|0|10|0|0|0|1|0
RZ1|24|2|OP16-011|0|33|0|24|0|0|0|0|0
RZ1|CHK|24|2|50|0|0|0|10|0|0|0|1|0
RZ1|25|2|OP10-015|0|28|0|25|0|0|0|0|0
RZ1|CHK|25|2|50|0|0|0|10|0|0|0|1|0
RZ1|26|2|OP16-003|0|43|0|26|0|0|0|0|0
RZ1|CHK|26|2|50|0|0|0|10|0|0|0|1|0
RZ1|27|2|OP16-014|0|36|0|27|0|0|0|0|0
RZ1|CHK|27|2|50|0|0|0|10|0|0|0|1|0
RZ1|28|2|OP16-015|0|33|0|28|0|0|0|0|0
RZ1|CHK|28|2|50|0|0|0|10|0|0|0|1|0
RZ1|29|2|OP16-004|0|40|0|29|0|0|0|0|0
RZ1|CHK|29|2|50|0|0|0|10|0|0|0|1|0
RZ1|30|2|OP13-016|0|31|0|30|0|0|0|0|0
RZ1|CHK|30|2|50|0|0|0|10|0|0|0|1|0
RZ1|31|2|OP17-005|0|44|0|31|0|0|0|0|0
RZ1|CHK|31|2|50|0|0|0|10|0|0|0|1|0
RZ1|32|2|OP16-118|0|37|0|32|0|0|0|0|0
RZ1|CHK|32|2|50|0|0|0|10|0|0|0|1|0
RZ1|33|2|OP16-004|0|42|0|33|0|0|0|0|0
RZ1|CHK|33|2|50|0|0|0|10|0|0|0|1|0
RZ1|34|2|ST23-001|0|40|0|34|0|0|0|0|0
RZ1|CHK|34|2|50|0|0|0|10|0|0|0|1|0
RZ1|35|2|OP16-015|0|37|0|35|0|0|0|0|0
RZ1|CHK|35|2|50|0|0|0|10|0|0|0|1|0
RZ1|36|2|OP16-118|0|39|0|36|0|0|0|0|0
RZ1|CHK|36|2|50|0|0|0|10|0|0|0|1|0
RZ1|37|2|OP16-021|0|49|0|37|0|0|0|0|0
RZ1|CHK|37|2|50|0|0|0|10|0|0|0|1|0
RZ1|38|2|OP16-021|0|49|0|38|0|0|0|0|0
RZ1|CHK|38|2|50|0|0|0|10|0|0|0|1|0
RZ1|39|2|OP16-015|0|41|0|39|0|0|0|0|0
RZ1|CHK|39|2|50|0|0|0|10|0|0|0|1|0
RZ1|40|2|OP17-006|0|45|0|40|0|0|0|0|0
RZ1|CHK|40|2|50|0|0|0|10|0|0|0|1|0
RZ1|41|2|OP17-005|0|48|0|41|0|0|0|0|0
RZ1|CHK|41|2|50|0|0|0|10|0|0|0|1|0
RZ1|42|2|OP17-006|0|47|0|42|0|0|0|0|0
RZ1|CHK|42|2|50|0|0|0|10|0|0|0|1|0
RZ1|43|2|ST23-001|0|46|0|43|0|0|0|0|0
RZ1|CHK|43|2|50|0|0|0|10|0|0|0|1|0
RZ1|44|2|OP17-005|0|48|0|45|0|0|0|0|0
RZ1|CHK|44|2|50|0|0|0|10|0|0|0|1|0
RZ1|45|2|OP16-004|0|48|0|46|0|0|0|0|0
RZ1|CHK|45|2|50|0|0|0|10|0|0|0|1|0
RZ1|46|2|ST30-016|0|49|0|47|0|0|0|0|0
RZ1|CHK|46|2|50|0|0|0|10|0|0|0|1|0
RZ1|47|2|OP16-014|0|49|0|48|0|0|0|0|0
RZ1|CHK|47|2|50|0|0|0|10|0|0|0|1|0
[] Drew card from deck: Vander Decken IX ["OP06-033">OP06-033]
RZ1|48|1|OP06-033|0|49|1|0|1|1|0|0|0
RZ1|CHK|48|1|49|1|0|0|10|0|0|0|1|0
[] Drew card from deck: Billion-fold World Trichiliocosm ["OP06-038">OP06-038]
RZ1|49|1|OP06-038|0|48|1|1|1|1|0|0|0
RZ1|CHK|49|1|48|2|0|0|10|0|0|0|1|0
[] Drew card from deck: Otama ["OP07-022">OP07-022]
RZ1|50|1|OP07-022|0|47|1|2|1|1|0|0|0
RZ1|CHK|50|1|47|3|0|0|10|0|0|0|1|0
[] Drew card from deck: Vander Decken IX ["OP06-033">OP06-033]
RZ1|51|1|OP06-033|0|46|1|3|1|1|0|0|0
RZ1|CHK|51|1|46|4|0|0|10|0|0|0|1|0
[] Drew card from deck: Otama ["OP07-022">OP07-022]
RZ1|52|1|OP07-022|0|45|1|4|1|1|0|0|0
RZ1|CHK|52|1|45|5|0|0|10|0|0|0|1|0
[] Drew card from deck: Monkey D. Garp ["OP13-016">OP13-016]
RZ1|53|2|OP13-016|0|49|1|0|1|1|0|0|0
RZ1|CHK|53|2|49|1|0|0|10|0|0|0|1|0
[] Drew card from deck: Marco ["OP16-014">OP16-014]
RZ1|54|2|OP16-014|0|48|1|1|1|1|0|0|0
RZ1|CHK|54|2|48|2|0|0|10|0|0|0|1|0
[] Drew card from deck: Can You Still Fight, Luffy? Of Course!! ["ST30-016">ST30-016]
RZ1|55|2|ST30-016|0|47|1|2|1|1|0|0|0
RZ1|CHK|55|2|47|3|0|0|10|0|0|0|1|0
[] Drew card from deck: Curiel ["OP16-004">OP16-004]
RZ1|56|2|OP16-004|0|46|1|3|1|1|0|0|0
RZ1|CHK|56|2|46|4|0|0|10|0|0|0|1|0
[] Drew card from deck: Edward Newgate ["OP17-005">OP17-005]
RZ1|57|2|OP17-005|0|45|1|4|1|1|0|0|0
RZ1|CHK|57|2|45|5|0|0|10|0|0|0|1|0
RZ1|58|1|OP12-023|0|44|3|0|1|0|0|0|0
RZ1|CHK|58|1|44|5|0|1|10|0|0|0|1|0
RZ1|59|1|OP13-031|0|43|3|1|1|0|0|0|0
RZ1|CHK|59|1|43|5|0|2|10|0|0|0|1|0
RZ1|60|1|OP17-031|0|42|3|2|1|0|0|0|0
RZ1|CHK|60|1|42|5|0|3|10|0|0|0|1|0
RZ1|61|1|ST32-002|0|41|3|3|1|0|0|0|0
RZ1|CHK|61|1|41|5|0|4|10|0|0|0|1|0
RZ1|62|1|OP12-034|0|40|3|4|1|0|0|0|0
RZ1|CHK|62|1|40|5|0|5|10|0|0|0|1|0
RZ1|63|2|OP13-016|0|44|3|0|0|1|0|0|0
RZ1|CHK|63|2|44|5|0|1|10|0|0|0|1|0
RZ1|64|2|ST23-001|0|43|3|1|0|1|0|0|0
RZ1|CHK|64|2|43|5|0|2|10|0|0|0|1|0
RZ1|65|2|OP17-006|0|42|3|2|0|1|0|0|0
RZ1|CHK|65|2|42|5|0|3|10|0|0|0|1|0
RZ1|66|2|OP17-005|0|41|3|3|0|1|0|0|0
RZ1|CHK|66|2|41|5|0|4|10|0|0|0|1|0
RZ1|67|2|OP17-006|0|40|3|4|0|1|0|0|0
RZ1|CHK|67|2|40|5|0|5|10|0|0|0|1|0
[] Hand: [OP06-033,OP06-038,OP07-022,OP06-033,OP07-022]
[] Board: []
[] Trash: []
[] Life: 5
[] Hand: [OP13-016,OP16-014,ST30-016,OP16-004,OP17-005]
[] Trash: []
[] Board: []
[] Life: 5
RZ1|68|1|Don|4|9|5|0|1|1|0|0|0
RZ1|CHK|68|1|40|5|0|5|9|1|0|0|1|0
[You] Draw 1 Don
RZ1|69|1|Don|5|0|5|0|1|1|1|0|0
RZ1|CHK|69|1|40|5|0|5|9|1|0|0|1|0
[You] Deploy Otama ["OP07-022">OP07-022]
RZ1|70|1|OP07-022|1|2|2|0|1|1|0|0|0
RZ1|CHK|70|1|40|4|1|5|9|1|0|0|1|0
RZ1|71|1|ST32-002|0|39|1|4|1|1|0|0|0
RZ1|CHK|71|1|39|5|1|5|9|1|0|0|1|0
[You] Otama ["OP07-022">OP07-022]: <b>Reveal and Draw Kouzuki Oden ["ST32-002">ST32-002]</b>
[You] Placing Cards on Bottom of Deck
RZ1|72|1|OP17-022|0|38|0|0|0|0|0|0|0
RZ1|CHK|72|1|39|5|1|5|9|1|0|0|1|0
RZ1|73|1|OP12-023|0|38|0|0|0|0|0|0|0
RZ1|CHK|73|1|39|5|1|5|9|1|0|0|1|0
RZ1|74|1|OP12-034|0|38|0|0|0|0|0|0|0
RZ1|CHK|74|1|39|5|1|5|9|1|0|0|1|0
RZ1|75|1|OP06-038|0|38|0|0|0|0|0|0|0
RZ1|CHK|75|1|39|5|1|5|9|1|0|0|1|0
[] Hand: [OP06-033,OP06-038,OP06-033,OP07-022,ST32-002]
[] Board: [OP07-022]
[] Trash: []
[] Life: 5
[] Hand: [OP13-016,OP16-014,ST30-016,OP16-004,OP17-005]
[] Trash: []
[] Board: []
[] Life: 5
[You] End Turn
[] Hand: [OP13-016,OP16-014,ST30-016,OP16-004,OP17-005]
[] Board: []
[] Trash: []
[] Life: 5
[] Hand: [OP06-033,OP06-038,OP06-033,OP07-022,ST32-002]
[] Trash: []
[] Board: [OP07-022]
[] Life: 5
[Opponent] Draw 1 Card
[] Drew card from deck: Monkey D. Luffy ["OP16-015">OP16-015]
RZ1|76|2|OP16-015|0|39|1|5|1|1|0|0|0
RZ1|CHK|76|2|39|6|0|5|10|0|0|0|1|0
RZ1|77|2|Don|4|9|5|0|1|1|0|0|0
RZ1|CHK|77|2|39|6|0|5|9|1|0|0|1|0
RZ1|78|2|Don|4|8|5|1|1|1|0|0|0
RZ1|CHK|78|2|39|6|0|5|8|2|0|0|1|0
[Opponent] Draw 2 Don
RZ1|79|2|Don|5|0|5|0|1|1|1|0|0
RZ1|CHK|79|2|39|6|0|5|8|2|0|0|1|0
[Opponent] Deploy Monkey D. Garp ["OP13-016">OP13-016]
RZ1|80|2|OP13-016|1|0|2|0|1|1|0|0|0
RZ1|CHK|80|2|39|5|1|5|8|2|0|0|1|0
RZ1|81|2|OP16-118|0|36|1|5|1|1|0|0|0
RZ1|CHK|81|2|38|6|1|5|8|2|0|0|1|0
[Opponent] Monkey D. Garp ["OP13-016">OP13-016]: <b>Reveal and Draw Portgas D. Ace ["OP16-118">OP16-118]</b>
[Opponent] Placing Cards on Bottom of Deck
RZ1|82|2|OP16-021|0|37|0|0|0|0|0|0|0
RZ1|CHK|82|2|38|6|1|5|8|2|0|0|1|0
RZ1|83|2|OP16-021|0|37|0|0|0|0|0|0|0
RZ1|CHK|83|2|38|6|1|5|8|2|0|0|1|0
RZ1|84|2|OP16-015|0|37|0|0|0|0|0|0|0
RZ1|CHK|84|2|38|6|1|5|8|2|0|0|1|0
[] Hand: [OP16-014,ST30-016,OP16-004,OP17-005,OP16-015,OP16-118]
[] Board: [OP13-016]
[] Trash: []
[] Life: 5
[] Hand: [OP06-033,OP06-038,OP06-033,OP07-022,ST32-002]
[] Trash: []
[] Board: [OP07-022]
[] Life: 5
[Opponent] End Turn
[] Hand: [OP06-033,OP06-038,OP06-033,OP07-022,ST32-002]
[] Board: [OP07-022]
[] Trash: []
[] Life: 5
[] Hand: [OP16-014,ST30-016,OP16-004,OP17-005,OP16-015,OP16-118]
[] Trash: []
[] Board: [OP13-016]
[] Life: 5
[You] Draw 1 Card
[] Drew card from deck: Dracule Mihawk ["ST32-003">ST32-003]
RZ1|85|1|ST32-003|0|38|1|5|1|1|0|0|0
RZ1|CHK|85|1|38|6|1|5|9|1|0|0|1|0
RZ1|86|1|Don|4|8|5|1|1|1|0|0|0
RZ1|CHK|86|1|38|6|1|5|8|2|0|0|1|0
RZ1|87|1|Don|4|7|5|2|1|1|0|0|0
RZ1|CHK|87|1|38|6|1|5|7|3|0|0|1|0
[You] Draw 2 Don
[You] Dracule Mihawk ["OP14-020">OP14-020] attacking Portgas D. Ace ["OP16-001">OP16-001]
Dracule Mihawk ["OP14-020">OP14-020][5000] vs Portgas D. Ace ["OP16-001">OP16-001][5000]
Portgas D. Ace ["OP16-001">OP16-001] hit for 1 damage
RZ1|88|2|OP17-006|3|4|1|6|1|1|0|0|0
RZ1|CHK|88|2|38|7|1|4|8|2|0|0|1|0
RZ1|89|1|Don|5|0|5|0|1|1|1|0|0
RZ1|CHK|89|1|38|6|1|5|7|3|0|0|1|0
RZ1|90|1|Don|5|1|5|1|1|1|1|0|0
RZ1|CHK|90|1|38|6|1|5|7|3|0|0|1|0
[You] Deploy Vander Decken IX ["OP06-033">OP06-033]
RZ1|91|1|OP06-033|1|0|2|1|1|1|0|0|0
RZ1|CHK|91|1|38|5|2|5|7|3|0|0|1|0
RZ1|92|1|Don|5|2|5|2|1|1|1|0|0
RZ1|CHK|92|1|38|5|2|5|7|3|0|0|1|0
[You] Deploy Otama ["OP07-022">OP07-022]
RZ1|93|1|OP07-022|1|2|2|2|1|1|0|0|0
RZ1|CHK|93|1|38|4|3|5|7|3|0|0|1|0
RZ1|94|1|OP01-055|0|37|1|4|1|1|0|0|0
RZ1|CHK|94|1|37|5|3|5|7|3|0|0|1|0
[You] Otama ["OP07-022">OP07-022]: <b>Reveal and Draw You Can Be My Samurai!!! ["OP01-055">OP01-055]</b>
[You] Placing Cards on Bottom of Deck
RZ1|95|1|OP08-036|0|36|0|0|0|0|0|0|0
RZ1|CHK|95|1|37|5|3|5|7|3|0|0|1|0
RZ1|96|1|OP13-031|0|36|0|0|0|0|0|0|0
RZ1|CHK|96|1|37|5|3|5|7|3|0|0|1|0
RZ1|97|1|OP12-034|0|36|0|0|0|0|0|0|0
RZ1|CHK|97|1|37|5|3|5|7|3|0|0|1|0
RZ1|98|1|OP17-022|0|36|0|0|0|0|0|0|0
RZ1|CHK|98|1|37|5|3|5|7|3|0|0|1|0
[] Hand: [OP06-038,OP06-033,ST32-002,ST32-003,OP01-055]
[] Board: [OP07-022,OP06-033,OP07-022]
[] Trash: []
[] Life: 5
[] Hand: [OP16-014,ST30-016,OP16-004,OP17-005,OP16-015,OP16-118,OP17-006]
[] Trash: []
[] Board: [OP13-016]
[] Life: 4
[You] End Turn
[] Hand: [OP16-014,ST30-016,OP16-004,OP17-005,OP16-015,OP16-118,OP17-006]
[] Board: [OP13-016]
[] Trash: []
[] Life: 4
[] Hand: [OP06-038,OP06-033,ST32-002,ST32-003,OP01-055]
[] Trash: []
[] Board: [OP07-022,OP06-033,OP07-022]
[] Life: 5
[Opponent] Draw 1 Card
[] Drew card from deck: Uta ["ST23-001">ST23-001]
RZ1|99|2|ST23-001|0|37|1|7|1|1|0|0|0
RZ1|CHK|99|2|37|8|1|4|8|2|0|0|1|0
RZ1|100|2|Don|4|7|5|2|1|1|0|0|0
RZ1|CHK|100|2|37|8|1|4|7|3|0|0|1|0
RZ1|101|2|Don|4|6|5|3|1|1|0|0|0
RZ1|CHK|101|2|37|8|1|4|6|4|0|0|1|0
[Opponent] Draw 2 Don
RZ1|102|2|Don|5|0|5|0|1|1|1|0|0
RZ1|CHK|102|2|37|8|1|4|6|4|0|0|1|0
RZ1|103|2|Don|5|1|5|1|1|1|1|0|0
RZ1|CHK|103|2|37|8|1|4|6|4|0|0|1|0
RZ1|104|2|Don|5|2|5|2|1|1|1|0|0
RZ1|CHK|104|2|37|8|1|4|6|4|0|0|1|0
RZ1|105|2|Don|5|3|5|3|1|1|1|0|0
RZ1|CHK|105|2|37|8|1|4|6|4|0|0|1|0
[Opponent] Deploy Monkey D. Luffy ["OP16-015">OP16-015]
RZ1|106|2|OP16-015|1|4|2|1|1|1|0|0|0
RZ1|CHK|106|2|37|7|2|4|6|4|0|0|1|0
[Opponent] Portgas D. Ace ["OP16-001">OP16-001] attacking Dracule Mihawk ["OP14-020">OP14-020]
Portgas D. Ace ["OP16-001">OP16-001][5000] vs Dracule Mihawk ["OP14-020">OP14-020][5000]
Dracule Mihawk ["OP14-020">OP14-020] hit for 1 damage
RZ1|107|1|OP12-034|3|4|1|5|1|1|0|0|0
RZ1|CHK|107|1|37|6|3|4|7|3|0|0|1|0
[] Hand: [OP16-014,ST30-016,OP16-004,OP17-005,OP16-118,OP17-006,ST23-001]
[] Board: [OP13-016,OP16-015]
[] Trash: []
[] Life: 4
[] Hand: [OP06-038,OP06-033,ST32-002,ST32-003,OP01-055,OP12-034]
[] Trash: []
[] Board: [OP07-022,OP06-033,OP07-022]
[] Life: 4
[Opponent] End Turn
[] Hand: [OP06-038,OP06-033,ST32-002,ST32-003,OP01-055,OP12-034]
[] Board: [OP07-022,OP06-033,OP07-022]
[] Trash: []
[] Life: 4
[] Hand: [OP16-014,ST30-016,OP16-004,OP17-005,OP16-118,OP17-006,ST23-001]
[] Trash: []
[] Board: [OP13-016,OP16-015]
[] Life: 4
[You] Draw 1 Card
[] Drew card from deck: I Know You're Strong... So I'll Go All Out ["OP13-040">OP13-040]
RZ1|108|1|OP13-040|0|36|1|6|1|1|0|0|0
RZ1|CHK|108|1|36|7|3|4|7|3|0|0|1|0
RZ1|109|1|Don|4|6|5|3|1|1|0|0|0
RZ1|CHK|109|1|36|7|3|4|6|4|0|0|1|0
RZ1|110|1|Don|4|5|5|4|1|1|0|0|0
RZ1|CHK|110|1|36|7|3|4|5|5|0|0|1|0
[You] Draw 2 Don
RZ1|111|1|Don|5|0|5|0|1|1|1|0|0
RZ1|CHK|111|1|36|7|3|4|5|5|0|0|1|0
RZ1|112|1|Don|5|1|5|1|1|1|1|0|0
RZ1|CHK|112|1|36|7|3|4|5|5|0|0|1|0
RZ1|113|1|Don|5|2|5|2|1|1|1|0|0
RZ1|CHK|113|1|36|7|3|4|5|5|0|0|1|0
RZ1|114|1|Don|5|3|5|3|1|1|1|0|0
RZ1|CHK|114|1|36|7|3|4|5|5|0|0|1|0
RZ1|115|1|Don|5|4|5|4|1|1|1|0|0
RZ1|CHK|115|1|36|7|3|4|5|5|0|0|1|0
[You] Deploy Kouzuki Oden ["ST32-002">ST32-002]
RZ1|116|1|ST32-002|1|2|2|3|1|1|0|0|0
RZ1|CHK|116|1|36|6|4|4|5|5|0|0|1|0
[] Drew card from deck: Kin'emon ["ST32-001">ST32-001]
RZ1|117|1|ST32-001|0|35|1|6|1|1|0|0|0
RZ1|CHK|117|1|35|7|4|4|5|5|0|0|1|0
[You] Kouzuki Oden ["ST32-002">ST32-002]: Draw 1 Card
[You] Kouzuki Oden ["ST32-002">ST32-002]: Monkey D. Luffy ["OP16-015">OP16-015] can't be rested until next turn ends
[You] Dracule Mihawk ["OP14-020">OP14-020] attacking Portgas D. Ace ["OP16-001">OP16-001]
RZ1|118|2|OP16-014|1|0|6|0|1|1|0|0|0
RZ1|CHK|118|2|37|6|2|4|6|4|1|0|1|0
[Opponent] Monkey D. Luffy ["OP16-015">OP16-015]: Trash Marco ["OP16-014">OP16-014]
[Opponent] Monkey D. Luffy ["OP16-015">OP16-015]: Set Monkey D. Luffy ["OP16-015">OP16-015] Base Power to 1000
[Opponent] Monkey D. Luffy ["OP16-015">OP16-015]: Set Portgas D. Ace ["OP16-001">OP16-001] Base Power to 2000
Dracule Mihawk ["OP14-020">OP14-020][5000] vs Portgas D. Ace ["OP16-001">OP16-001][7000]
Attack Fails
[You] Dracule Mihawk ["OP14-020">OP14-020]: Rest Otama ["OP07-022">OP07-022]
[You] Dracule Mihawk ["OP14-020">OP14-020]: Activate 1 Don
RZ1|119|1|Don|5|4|5|4|1|1|0|0|0
RZ1|CHK|119|1|35|7|4|4|5|5|0|0|1|0
[You] Dracule Mihawk ["OP14-020">OP14-020]: Activate 1 Don
RZ1|120|1|Don|5|3|5|3|1|1|0|0|0
RZ1|CHK|120|1|35|7|4|4|5|5|0|0|1|0
[You] Dracule Mihawk ["OP14-020">OP14-020]: Activate 1 Don
RZ1|121|1|Don|5|2|5|2|1|1|0|0|0
RZ1|CHK|121|1|35|7|4|4|5|5|0|0|1|0
[You] Dracule Mihawk ["OP14-020">OP14-020]: Can't play Cost 1 Or More Characters for the Turn!
[You] You Can Be My Samurai!!! ["OP01-055">OP01-055]: Rest Otama ["OP07-022">OP07-022]
[You] You Can Be My Samurai!!! ["OP01-055">OP01-055]: Rest Vander Decken IX ["OP06-033">OP06-033]
[You] You Can Be My Samurai!!! ["OP01-055">OP01-055]: Draw 2 Card
[] Drew card from deck: Billion-fold World Trichiliocosm ["OP06-038">OP06-038]
RZ1|122|1|OP06-038|0|34|1|7|1|1|0|0|0
RZ1|CHK|122|1|34|8|4|4|5|5|0|0|1|0
[] Drew card from deck: Vander Decken IX ["OP06-033">OP06-033]
RZ1|123|1|OP06-033|0|33|1|8|1|1|0|0|0
RZ1|CHK|123|1|33|9|4|4|5|5|0|0|1|0
RZ1|124|1|Don|5|2|5|2|1|1|1|0|0
RZ1|CHK|124|1|33|9|4|4|5|5|0|0|1|0
RZ1|125|1|OP01-055|1|3|6|0|1|1|0|0|0
RZ1|CHK|125|1|33|8|4|4|5|5|1|0|1|0
[] Hand: [OP06-038,OP06-033,ST32-003,OP12-034,OP13-040,ST32-001,OP06-038,OP06-033]
[] Board: [OP07-022,OP06-033,OP07-022,ST32-002]
[] Trash: [OP01-055]
[] Life: 4
[] Hand: [ST30-016,OP16-004,OP17-005,OP16-118,OP17-006,ST23-001]
[] Trash: [OP16-014]
[] Board: [OP13-016,OP16-015]
[] Life: 4
[You] End Turn
[] Hand: [ST30-016,OP16-004,OP17-005,OP16-118,OP17-006,ST23-001]
[] Board: [OP13-016,OP16-015]
[] Trash: [OP16-014]
[] Life: 4
[] Hand: [OP06-038,OP06-033,ST32-003,OP12-034,OP13-040,ST32-001,OP06-038,OP06-033]
[] Trash: [OP01-055]
[] Board: [OP07-022,OP06-033,OP07-022,ST32-002]
[] Life: 4
[Opponent] Draw 1 Card
[] Drew card from deck: Curiel ["OP16-004">OP16-004]
RZ1|126|2|OP16-004|0|36|1|6|1|1|0|0|0
RZ1|CHK|126|2|36|7|2|4|6|4|1|0|1|0
RZ1|127|2|Don|4|5|5|4|1|1|0|0|0
RZ1|CHK|127|2|36|7|2|4|5|5|1|0|1|0
RZ1|128|2|Don|4|4|5|5|1|1|0|0|0
RZ1|CHK|128|2|36|7|2|4|4|6|1|0|1|0
[Opponent] Draw 2 Don
RZ1|129|2|Don|5|0|5|0|1|1|1|0|0
RZ1|CHK|129|2|36|7|2|4|4|6|1|0|1|0
RZ1|130|2|Don|5|1|5|1|1|1|1|0|0
RZ1|CHK|130|2|36|7|2|4|4|6|1|0|1|0
RZ1|131|2|Don|5|2|5|2|1|1|1|0|0
RZ1|CHK|131|2|36|7|2|4|4|6|1|0|1|0
RZ1|132|2|Don|5|3|5|3|1|1|1|0|0
RZ1|CHK|132|2|36|7|2|4|4|6|1|0|1|0
RZ1|133|2|Don|5|4|5|4|1|1|1|0|0
RZ1|CHK|133|2|36|7|2|4|4|6|1|0|1|0
[Opponent] Deploy Portgas D. Ace ["OP16-118">OP16-118]
RZ1|134|2|OP16-118|1|3|2|2|1|1|0|0|0
RZ1|CHK|134|2|36|6|3|4|4|6|1|0|1|0
RZ1|135|2|OP16-118|0|35|1|6|1|1|0|0|0
RZ1|CHK|135|2|35|7|3|4|4|6|1|0|1|0
[Opponent] Portgas D. Ace ["OP16-118">OP16-118]: <b>Reveal and Draw Portgas D. Ace ["OP16-118">OP16-118]</b>
[Opponent] Placing Cards on Bottom of Deck
RZ1|136|2|OP17-005|0|34|0|0|0|0|0|0|0
RZ1|CHK|136|2|35|7|3|4|4|6|1|0|1|0
RZ1|137|2|OP13-016|0|34|0|0|0|0|0|0|0
RZ1|CHK|137|2|35|7|3|4|4|6|1|0|1|0
RZ1|138|2|OP16-004|0|34|0|0|0|0|0|0|0
RZ1|CHK|138|2|35|7|3|4|4|6|1|0|1|0
RZ1|139|2|OP16-015|0|34|0|0|0|0|0|0|0
RZ1|CHK|139|2|35|7|3|4|4|6|1|0|1|0
[Opponent] Portgas D. Ace ["OP16-001">OP16-001] attacking Dracule Mihawk ["OP14-020">OP14-020]
[You] I Know You're Strong... So I'll Go All Out ["OP13-040">OP13-040]: Activate Counter
[You] I Know You're Strong... So I'll Go All Out ["OP13-040">OP13-040]: Rest 1 Don
RZ1|140|1|Don|5|3|5|3|1|1|1|0|0
RZ1|CHK|140|1|33|8|4|4|5|5|1|0|1|0
RZ1|141|1|OP13-040|1|4|6|1|1|1|0|0|0
RZ1|CHK|141|1|33|7|4|4|5|5|2|0|1|0
[You] I Know You're Strong... So I'll Go All Out ["OP13-040">OP13-040]: Buff Dracule Mihawk ["OP14-020">OP14-020] 3000 for the Combat
Portgas D. Ace ["OP16-001">OP16-001][5000] vs Dracule Mihawk ["OP14-020">OP14-020][8000]
Attack Fails
[Opponent] Monkey D. Garp ["OP13-016">OP13-016] attacking Vander Decken IX ["OP06-033">OP06-033]
[You] Billion-fold World Trichiliocosm ["OP06-038">OP06-038]: Activate Counter
[You] Billion-fold World Trichiliocosm ["OP06-038">OP06-038]: Rest 1 Don
RZ1|142|1|Don|5|4|5|4|1|1|1|0|0
RZ1|CHK|142|1|33|7|4|4|5|5|2|0|1|0
RZ1|143|1|OP06-038|1|0|6|2|1|1|0|0|0
RZ1|CHK|143|1|33|6|4|4|5|5|3|0|1|0
[You] Billion-fold World Trichiliocosm ["OP06-038">OP06-038]: Buff Vander Decken IX ["OP06-033">OP06-033] 2000 for the Combat
[You] Billion-fold World Trichiliocosm ["OP06-038">OP06-038]: Buff Vander Decken IX ["OP06-033">OP06-033] 2000 for the Combat
Monkey D. Garp ["OP13-016">OP13-016][2000] vs Vander Decken IX ["OP06-033">OP06-033][6000]
Attack Fails
[] Hand: [ST30-016,OP16-004,OP17-005,OP17-006,ST23-001,OP16-004,OP16-118]
[] Board: [OP13-016,OP16-015,OP16-118]
[] Trash: [OP16-014]
[] Life: 4
[] Hand: [OP06-033,ST32-003,OP12-034,ST32-001,OP06-038,OP06-033]
[] Trash: [OP01-055,OP13-040,OP06-038]
[] Board: [OP07-022,OP06-033,OP07-022,ST32-002]
[] Life: 4
[Opponent] End Turn
[] Hand: [OP06-033,ST32-003,OP12-034,ST32-001,OP06-038,OP06-033]
[] Board: [OP07-022,OP06-033,OP07-022,ST32-002]
[] Trash: [OP01-055,OP13-040,OP06-038]
[] Life: 4
[] Hand: [ST30-016,OP16-004,OP17-005,OP17-006,ST23-001,OP16-004,OP16-118]
[] Trash: [OP16-014]
[] Board: [OP13-016,OP16-015,OP16-118]
[] Life: 4
[You] Draw 1 Card
[] Drew card from deck: Otama ["OP07-022">OP07-022]
RZ1|144|1|OP07-022|0|32|1|6|1|1|0|0|0
RZ1|CHK|144|1|32|7|4|4|5|5|3|0|1|0
RZ1|145|1|Don|4|4|5|5|1|1|0|0|0
RZ1|CHK|145|1|32|7|4|4|4|6|3|0|1|0
RZ1|146|1|Don|4|3|5|6|1|1|0|0|0
RZ1|CHK|146|1|32|7|4|4|3|7|3|0|1|0
[You] Draw 2 Don
RZ1|147|1|Don|5|0|5|0|1|1|1|0|0
RZ1|CHK|147|1|32|7|4|4|3|7|3|0|1|0
RZ1|148|1|Don|5|1|5|1|1|1|1|0|0
RZ1|CHK|148|1|32|7|4|4|3|7|3|0|1|0
RZ1|149|1|Don|5|2|5|2|1|1|1|0|0
RZ1|CHK|149|1|32|7|4|4|3|7|3|0|1|0
RZ1|150|1|Don|5|3|5|3|1|1|1|0|0
RZ1|CHK|150|1|32|7|4|4|3|7|3|0|1|0
RZ1|151|1|Don|5|4|5|4|1|1|1|0|0
RZ1|CHK|151|1|32|7|4|4|3|7|3|0|1|0
RZ1|152|1|Don|5|5|5|5|1|1|1|0|0
RZ1|CHK|152|1|32|7|4|4|3|7|3|0|1|0
[You] Deploy Dracule Mihawk ["ST32-003">ST32-003]
RZ1|153|1|ST32-003|1|1|2|4|1|1|0|0|0
RZ1|CHK|153|1|32|6|5|4|3|7|3|0|1|0
RZ1|154|1|OP07-022|2|0|6|3|1|1|0|0|0
RZ1|CHK|154|1|32|6|4|4|3|7|4|0|1|0
[You] Trash Otama ["OP07-022">OP07-022]
RZ1|155|1|ST32-001|1|2|2|4|1|1|0|0|0
RZ1|CHK|155|1|32|5|5|4|3|7|4|0|1|0
[You] Dracule Mihawk ["ST32-003">ST32-003]: Deploy Kin'emon ["ST32-001">ST32-001]
[You] Kin'emon ["ST32-001">ST32-001]: Rest Dracule Mihawk ["OP14-020">OP14-020]
[] Drew card from deck: You Can Be My Samurai!!! ["OP01-055">OP01-055]
RZ1|156|1|OP01-055|0|31|1|5|1|1|0|0|0
RZ1|CHK|156|1|31|6|5|4|3|7|4|0|1|0
[] Drew card from deck: Kouzuki Oden ["ST32-002">ST32-002]
RZ1|157|1|ST32-002|0|30|1|6|1|1|0|0|0
RZ1|CHK|157|1|30|7|5|4|3|7|4|0|1|0
[You] Kin'emon ["ST32-001">ST32-001]: Draw 2 Card
RZ1|158|1|ST32-002|1|6|6|4|1|1|0|0|0
RZ1|CHK|158|1|30|6|5|4|3|7|5|0|1|0
[You] Kin'emon ["ST32-001">ST32-001]: Trash Kouzuki Oden ["ST32-002">ST32-002]
[You] Kouzuki Oden ["ST32-002">ST32-002] attacking Portgas D. Ace ["OP16-001">OP16-001]
RZ1|159|2|OP16-004|1|1|6|1|1|1|0|0|0
RZ1|CHK|159|2|35|6|3|4|4|6|2|0|1|0
[Opponent] Monkey D. Luffy ["OP16-015">OP16-015]: Trash Curiel ["OP16-004">OP16-004]
[Opponent] Monkey D. Luffy ["OP16-015">OP16-015]: Set Monkey D. Luffy ["OP16-015">OP16-015] Base Power to 1000
[Opponent] Monkey D. Luffy ["OP16-015">OP16-015]: Set Portgas D. Ace ["OP16-001">OP16-001] Base Power to 2000
Kouzuki Oden ["ST32-002">ST32-002][6000] vs Portgas D. Ace ["OP16-001">OP16-001][7000]
Attack Fails
[You] Dracule Mihawk ["OP14-020">OP14-020]: Rest Otama ["OP07-022">OP07-022]
[You] Dracule Mihawk ["OP14-020">OP14-020]: Activate 1 Don
RZ1|160|1|Don|5|5|5|5|1|1|0|0|0
RZ1|CHK|160|1|30|6|5|4|3|7|5|0|1|0
[You] Dracule Mihawk ["OP14-020">OP14-020]: Activate 1 Don
RZ1|161|1|Don|5|4|5|4|1|1|0|0|0
RZ1|CHK|161|1|30|6|5|4|3|7|5|0|1|0
[You] Dracule Mihawk ["OP14-020">OP14-020]: Activate 1 Don
RZ1|162|1|Don|5|3|5|3|1|1|0|0|0
RZ1|CHK|162|1|30|6|5|4|3|7|5|0|1|0
[You] Dracule Mihawk ["OP14-020">OP14-020]: Can't play Cost 1 Or More Characters for the Turn!
RZ1|163|1|Don|5|3|9|0|1|1|0|0|0
RZ1|CHK|163|1|30|6|5|4|3|6|5|0|1|1
[You] Attach 1 Don to Vander Decken IX ["OP06-033">OP06-033] (1 Total)
[You] Vander Decken IX ["OP06-033">OP06-033] attacking Monkey D. Garp ["OP13-016">OP13-016]
RZ1|164|2|OP17-006|1|2|6|2|1|1|0|0|0
RZ1|CHK|164|2|35|5|3|4|4|6|3|0|1|0
[Opponent] Monkey D. Luffy ["OP16-015">OP16-015]: Trash Kingdew ["OP17-006">OP17-006]
[Opponent] Monkey D. Luffy ["OP16-015">OP16-015]: Set Monkey D. Luffy ["OP16-015">OP16-015] Base Power to 1000
[Opponent] Monkey D. Luffy ["OP16-015">OP16-015]: Set Portgas D. Ace ["OP16-001">OP16-001] Base Power to 2000
[Opponent] Can You Still Fight, Luffy? Of Course!! ["ST30-016">ST30-016]: Activate Counter
[Opponent] Can You Still Fight, Luffy? Of Course!! ["ST30-016">ST30-016]: Rest 1 Don
RZ1|165|2|Don|5|5|5|5|1|1|1|0|0
RZ1|CHK|165|2|35|5|3|4|4|6|3|0|1|0
RZ1|166|2|ST30-016|1|0|6|3|1|1|0|0|0
RZ1|CHK|166|2|35|4|3|4|4|6|4|0|1|0
[Opponent] Can You Still Fight, Luffy? Of Course!! ["ST30-016">ST30-016]: Buff Monkey D. Garp ["OP13-016">OP13-016] 3000 for the Combat
Vander Decken IX ["OP06-033">OP06-033][3000] vs Monkey D. Garp ["OP13-016">OP13-016][5000]
Attack Fails
[You] You Can Be My Samurai!!! ["OP01-055">OP01-055]: Rest Kin'emon ["ST32-001">ST32-001]
[You] You Can Be My Samurai!!! ["OP01-055">OP01-055]: Rest Dracule Mihawk ["ST32-003">ST32-003]
[You] You Can Be My Samurai!!! ["OP01-055">OP01-055]: Draw 2 Card
[] Drew card from deck: Kikunojo ["OP14-023">OP14-023]
RZ1|167|1|OP14-023|0|29|1|6|1|1|0|0|0
RZ1|CHK|167|1|29|7|5|4|3|6|5|0|1|1
[] Drew card from deck: I Know You're Strong... So I'll Go All Out ["OP13-040">OP13-040]
RZ1|168|1|OP13-040|0|28|1|7|1|1|0|0|0
RZ1|CHK|168|1|28|8|5|4|3|6|5|0|1|1
RZ1|169|1|Don|5|3|5|3|1|1|1|0|0
RZ1|CHK|169|1|28|8|5|4|3|6|5|0|1|1
RZ1|170|1|OP01-055|1|5|6|5|1|1|0|0|0
RZ1|CHK|170|1|28|7|5|4|3|6|6|0|1|1
[] Drew card from deck: I Know You're Strong... So I'll Go All Out ["OP13-040">OP13-040]
RZ1|171|1|OP13-040|0|27|1|7|1|1|0|0|0
RZ1|CHK|171|1|27|8|5|4|3|6|6|0|1|1
[You] Dracule Mihawk ["ST32-003">ST32-003]: Draw 1 Card
RZ1|172|1|OP06-033|1|0|6|6|1|1|0|0|0
RZ1|CHK|172|1|27|7|5|4|3|6|7|0|1|1
[You] Dracule Mihawk ["ST32-003">ST32-003]: Trash Vander Decken IX ["OP06-033">OP06-033]
[You] I Know You're Strong... So I'll Go All Out ["OP13-040">OP13-040]: Rest 1 Don
RZ1|173|1|Don|5|4|5|4|1|1|1|0|0
RZ1|CHK|173|1|27|7|5|4|3|6|7|0|1|1
RZ1|174|1|OP13-040|1|5|6|7|1|1|0|0|0
RZ1|CHK|174|1|27|6|5|4|3|6|8|0|1|1
[] Hand: [OP12-034,OP06-038,OP06-033,OP07-022,OP14-023,OP13-040]
[] Board: [OP06-033,OP07-022,ST32-002,ST32-003,ST32-001]
[] Trash: [OP01-055,OP13-040,OP06-038,OP07-022,ST32-002,OP01-055,OP06-033,OP13-040]
[] Life: 4
[] Hand: [OP17-005,ST23-001,OP16-004,OP16-118]
[] Trash: [OP16-014,OP16-004,OP17-006,ST30-016]
[] Board: [OP13-016,OP16-015,OP16-118]
[] Life: 4
[You] End Turn
[] Hand: [OP17-005,ST23-001,OP16-004,OP16-118]
[] Board: [OP13-016,OP16-015,OP16-118]
[] Trash: [OP16-014,OP16-004,OP17-006,ST30-016]
[] Life: 4
[] Hand: [OP12-034,OP06-038,OP06-033,OP07-022,OP14-023,OP13-040]
[] Trash: [OP01-055,OP13-040,OP06-038,OP07-022,ST32-002,OP01-055,OP06-033,OP13-040]
[] Board: [OP06-033,OP07-022,ST32-002,ST32-003,ST32-001]
[] Life: 4
[Opponent] Draw 1 Card
[] Drew card from deck: Marco ["OP16-014">OP16-014]
RZ1|175|2|OP16-014|0|34|1|4|1|1|0|0|0
RZ1|CHK|175|2|34|5|3|4|4|6|4|0|1|0
RZ1|176|2|Don|4|3|5|6|1|1|0|0|0
RZ1|CHK|176|2|34|5|3|4|3|7|4|0|1|0
RZ1|177|2|Don|4|2|5|7|1|1|0|0|0
RZ1|CHK|177|2|34|5|3|4|2|8|4|0|1|0
[Opponent] Draw 2 Don
RZ1|178|2|Don|5|0|5|0|1|1|1|0|0
RZ1|CHK|178|2|34|5|3|4|2|8|4|0|1|0
RZ1|179|2|Don|5|1|5|1|1|1|1|0|0
RZ1|CHK|179|2|34|5|3|4|2|8|4|0|1|0
RZ1|180|2|Don|5|2|5|2|1|1|1|0|0
RZ1|CHK|180|2|34|5|3|4|2|8|4|0|1|0
RZ1|181|2|Don|5|3|5|3|1|1|1|0|0
RZ1|CHK|181|2|34|5|3|4|2|8|4|0|1|0
RZ1|182|2|Don|5|4|5|4|1|1|1|0|0
RZ1|CHK|182|2|34|5|3|4|2|8|4|0|1|0
[Opponent] Deploy Portgas D. Ace ["OP16-118">OP16-118]
RZ1|183|2|OP16-118|1|3|2|3|1|1|0|0|0
RZ1|CHK|183|2|34|4|4|4|2|8|4|0|1|0
RZ1|184|2|OP16-021|0|29|1|4|1|1|0|0|0
RZ1|CHK|184|2|33|5|4|4|2|8|4|0|1|0
[Opponent] Portgas D. Ace ["OP16-118">OP16-118]: <b>Reveal and Draw Moby Dick ["OP16-021">OP16-021]</b>
[Opponent] Placing Cards on Bottom of Deck
RZ1|185|2|OP16-003|0|32|0|0|0|0|0|0|0
RZ1|CHK|185|2|33|5|4|4|2|8|4|0|1|0
RZ1|186|2|OP10-015|0|32|0|0|0|0|0|0|0
RZ1|CHK|186|2|33|5|4|4|2|8|4|0|1|0
RZ1|187|2|OP16-011|0|32|0|0|0|0|0|0|0
RZ1|CHK|187|2|33|5|4|4|2|8|4|0|1|0
RZ1|188|2|OP16-004|0|32|0|0|0|0|0|0|0
RZ1|CHK|188|2|33|5|4|4|2|8|4|0|1|0
RZ1|189|2|Don|5|5|9|9900|1|1|0|0|0
RZ1|CHK|189|2|33|5|4|4|2|7|4|0|1|1
[Opponent] Attach 1 Don to Portgas D. Ace ["OP16-001">OP16-001] (1 Total)
[Opponent] Portgas D. Ace ["OP16-001">OP16-001] attacking Dracule Mihawk ["OP14-020">OP14-020]
[You] I Know You're Strong... So I'll Go All Out ["OP13-040">OP13-040]: Activate Counter
[You] I Know You're Strong... So I'll Go All Out ["OP13-040">OP13-040]: Rest 1 Don
RZ1|190|1|Don|5|5|5|5|1|1|1|0|0
RZ1|CHK|190|1|27|6|5|4|3|6|8|0|1|1
RZ1|191|1|OP13-040|1|5|6|8|1|1|0|0|0
RZ1|CHK|191|1|27|5|5|4|3|6|9|0|1|1
[You] I Know You're Strong... So I'll Go All Out ["OP13-040">OP13-040]: Buff Dracule Mihawk ["OP14-020">OP14-020] 3000 for the Combat
Portgas D. Ace ["OP16-001">OP16-001][6000] vs Dracule Mihawk ["OP14-020">OP14-020][8000]
Attack Fails
[Opponent] Monkey D. Luffy ["OP16-015">OP16-015] attacking Dracule Mihawk ["OP14-020">OP14-020]
[You] Discard Perona ["OP12-034">OP12-034] for Counter 1000
RZ1|192|1|OP12-034|1|0|6|9|1|1|0|0|0
RZ1|CHK|192|1|27|4|5|4|3|6|10|0|1|1
[You] Discard Vander Decken IX ["OP06-033">OP06-033] for Counter 1000
RZ1|193|1|OP06-033|1|1|6|10|1|1|0|0|0
RZ1|CHK|193|1|27|3|5|4|3|6|11|0|1|1
Monkey D. Luffy ["OP16-015">OP16-015][6000] vs Dracule Mihawk ["OP14-020">OP14-020][7000]
Attack Fails
[Opponent] Portgas D. Ace ["OP16-118">OP16-118] attacking Dracule Mihawk ["OP14-020">OP14-020]
[You] Discard Otama ["OP07-022">OP07-022] for Counter 2000
RZ1|194|1|OP07-022|1|1|6|11|1|1|0|0|0
RZ1|CHK|194|1|27|2|5|4|3|6|12|0|1|1
Portgas D. Ace ["OP16-118">OP16-118][6000] vs Dracule Mihawk ["OP14-020">OP14-020][7000]
Attack Fails
[Opponent] Monkey D. Garp ["OP13-016">OP13-016] attacking Vander Decken IX ["OP06-033">OP06-033]
[You] Discard Kikunojo ["OP14-023">OP14-023] for Counter 2000
RZ1|195|1|OP14-023|1|1|6|12|1|1|0|0|0
RZ1|CHK|195|1|27|1|5|4|3|6|13|0|1|1
Monkey D. Garp ["OP13-016">OP13-016][2000] vs Vander Decken IX ["OP06-033">OP06-033][4000]
Attack Fails
RZ1|196|2|Don|5|5|5|5|1|1|1|0|0
RZ1|CHK|196|2|33|5|4|4|2|7|4|0|1|1
[Opponent] Deploy Moby Dick ["OP16-021">OP16-021]
RZ1|197|2|OP16-021|1|4|7|0|1|1|0|0|0
RZ1|CHK|197|2|33|4|4|4|2|7|4|1|1|1
RZ1|198|2|OP16-003|0|31|1|4|1|1|0|0|0
RZ1|CHK|198|2|32|5|4|4|2|7|4|1|1|1
[Opponent] Moby Dick ["OP16-021">OP16-021]: Added 1 Cards to Hand
[Opponent] Placing Cards on Bottom of Deck
RZ1|199|2|OP17-006|0|31|0|0|0|0|0|0|0
RZ1|CHK|199|2|32|5|4|4|2|7|4|1|1|1
RZ1|200|2|OP16-118|0|31|0|0|0|0|0|0|0
RZ1|CHK|200|2|32|5|4|4|2|7|4|1|1|1
[] Hand: [OP17-005,ST23-001,OP16-004,OP16-014,OP16-003]
[] Board: [OP13-016,OP16-015,OP16-118,OP16-118]
[] Trash: [OP16-014,OP16-004,OP17-006,ST30-016]
[] Life: 4
[] Hand: [OP06-038]
[] Trash: [OP01-055,OP13-040,OP06-038,OP07-022,ST32-002,OP01-055,OP06-033,OP13-040,OP13-040,OP12-034,OP06-033,OP07-022,OP14-023]
[] Board: [OP06-033,OP07-022,ST32-002,ST32-003,ST32-001]
[] Life: 4
[Opponent] End Turn
[] Hand: [OP06-038]
[] Board: [OP06-033,OP07-022,ST32-002,ST32-003,ST32-001]
[] Trash: [OP01-055,OP13-040,OP06-038,OP07-022,ST32-002,OP01-055,OP06-033,OP13-040,OP13-040,OP12-034,OP06-033,OP07-022,OP14-023]
[] Life: 4
[] Hand: [OP17-005,ST23-001,OP16-004,OP16-014,OP16-003]
[] Trash: [OP16-014,OP16-004,OP17-006,ST30-016]
[] Board: [OP13-016,OP16-015,OP16-118,OP16-118]
[] Life: 4
RZ1|201|1|Don|9|0|5|0|1|1|1|0|0
RZ1|CHK|201|1|27|1|5|4|3|7|13|0|1|0
[You] Draw 1 Card
[] Drew card from deck: Shanks ["OP17-022">OP17-022]
RZ1|202|1|OP17-022|0|26|1|1|1|1|0|0|0
RZ1|CHK|202|1|26|2|5|4|3|7|13|0|1|0
RZ1|203|1|Don|4|2|5|7|1|1|0|0|0
RZ1|CHK|203|1|26|2|5|4|2|8|13|0|1|0
RZ1|204|1|Don|4|1|5|8|1|1|0|0|0
RZ1|CHK|204|1|26|2|5|4|1|9|13|0|1|0
[You] Draw 2 Don
RZ1|205|1|Don|5|0|9|200|1|1|0|0|0
RZ1|CHK|205|1|26|2|5|4|1|8|13|0|1|1
RZ1|206|1|Don|5|0|9|201|1|1|0|0|0
RZ1|CHK|206|1|26|2|5|4|1|7|13|0|1|2
[You] Attach 2 Don to Kouzuki Oden ["ST32-002">ST32-002] (2 Total)
RZ1|207|1|Don|5|0|9|202|1|1|0|0|0
RZ1|CHK|207|1|26|2|5|4|1|6|13|0|1|3
RZ1|208|1|Don|5|0|9|203|1|1|0|0|0
RZ1|CHK|208|1|26|2|5|4|1|5|13|0|1|4
[You] Attach 2 Don to Kouzuki Oden ["ST32-002">ST32-002] (4 Total)
RZ1|209|1|Don|5|0|9|204|1|1|0|0|0
RZ1|CHK|209|1|26|2|5|4|1|4|13|0|1|5
RZ1|210|1|Don|5|0|9|205|1|1|0|0|0
RZ1|CHK|210|1|26|2|5|4|1|3|13|0|1|6
[You] Attach 2 Don to Kouzuki Oden ["ST32-002">ST32-002] (6 Total)
[] Hand: [OP06-038,OP17-022]
[] Board: [OP06-033,OP07-022,ST32-002,ST32-003,ST32-001]
[] Trash: [OP01-055,OP13-040,OP06-038,OP07-022,ST32-002,OP01-055,OP06-033,OP13-040,OP13-040,OP12-034,OP06-033,OP07-022,OP14-023]
[] Life: 4
[] Hand: [OP17-005,ST23-001,OP16-004,OP16-014,OP16-003]
[] Trash: [OP16-014,OP16-004,OP17-006,ST30-016]
[] Board: [OP13-016,OP16-015,OP16-118,OP16-118]
[] Life: 4
[You] End Turn
[] Hand: [OP17-005,ST23-001,OP16-004,OP16-014,OP16-003]
[] Board: [OP13-016,OP16-015,OP16-118,OP16-118]
[] Trash: [OP16-014,OP16-004,OP17-006,ST30-016]
[] Life: 4
[] Hand: [OP06-038,OP17-022]
[] Trash: [OP01-055,OP13-040,OP06-038,OP07-022,ST32-002,OP01-055,OP06-033,OP13-040,OP13-040,OP12-034,OP06-033,OP07-022,OP14-023]
[] Board: [OP06-033,OP07-022,ST32-002,ST32-003,ST32-001]
[] Life: 4
RZ1|211|2|Don|9|9900|5|0|1|1|1|0|0
RZ1|CHK|211|2|32|5|4|4|2|8|4|1|1|0
[Opponent] Draw 1 Card
[] Drew card from deck: Mocha ["OP10-015">OP10-015]
RZ1|212|2|OP10-015|0|31|1|5|1|1|0|0|0
RZ1|CHK|212|2|31|6|4|4|2|8|4|1|1|0
RZ1|213|2|Don|4|1|5|8|1|1|0|0|0
RZ1|CHK|213|2|31|6|4|4|1|9|4|1|1|0
RZ1|214|2|Don|4|0|5|9|1|1|0|0|0
RZ1|CHK|214|2|31|6|4|4|0|10|4|1|1|0
[Opponent] Draw 2 Don
RZ1|215|2|Don|5|0|5|0|1|1|1|0|0
RZ1|CHK|215|2|31|6|4|4|0|10|4|1|1|0
RZ1|216|2|Don|5|1|5|1|1|1|1|0|0
RZ1|CHK|216|2|31|6|4|4|0|10|4|1|1|0
RZ1|217|2|Don|5|2|5|2|1|1|1|0|0
RZ1|CHK|217|2|31|6|4|4|0|10|4|1|1|0
RZ1|218|2|Don|5|3|5|3|1|1|1|0|0
RZ1|CHK|218|2|31|6|4|4|0|10|4|1|1|0
RZ1|219|2|Don|5|4|5|4|1|1|1|0|0
RZ1|CHK|219|2|31|6|4|4|0|10|4|1|1|0
RZ1|220|2|Don|5|5|5|5|1|1|1|0|0
RZ1|CHK|220|2|31|6|4|4|0|10|4|1|1|0
RZ1|221|2|Don|5|6|5|6|1|1|1|0|0
RZ1|CHK|221|2|31|6|4|4|0|10|4|1|1|0
RZ1|222|2|Don|5|7|5|7|1|1|1|0|0
RZ1|CHK|222|2|31|6|4|4|0|10|4|1|1|0
[Opponent] Deploy Edward Newgate ["OP16-003">OP16-003]
RZ1|223|2|OP16-003|1|4|2|4|1|1|0|0|0
RZ1|CHK|223|2|31|5|5|4|0|10|4|1|1|0
[Opponent] Edward Newgate ["OP16-003">OP16-003] revealed: Marco ["OP16-014">OP16-014]
[Opponent] Edward Newgate ["OP16-003">OP16-003] revealed: Curiel ["OP16-004">OP16-004]
[Opponent] Forcing opponent to resolve Card Action!
[You] Forcing opponent to resolve Card Action!
[Opponent] Edward Newgate ["OP16-003">OP16-003]: Buff Dracule Mihawk ["ST32-003">ST32-003] -6000
[Opponent] Portgas D. Ace ["OP16-001">OP16-001] attacking Dracule Mihawk ["OP14-020">OP14-020]
Portgas D. Ace ["OP16-001">OP16-001][7000] vs Dracule Mihawk ["OP14-020">OP14-020][5000]
Dracule Mihawk ["OP14-020">OP14-020] hit for 2 damage
RZ1|224|1|ST32-002|3|3|1|2|1|1|0|0|0
RZ1|CHK|224|1|26|3|5|3|1|3|13|0|1|6
RZ1|225|1|OP17-031|3|2|1|3|1|1|0|0|0
RZ1|CHK|225|1|26|4|5|2|1|3|13|0|1|6
[Opponent] Portgas D. Ace ["OP16-001">OP16-001]: Give Edward Newgate ["OP16-003">OP16-003] Rush
RZ1|226|2|Don|5|8|5|8|1|1|1|0|0
RZ1|CHK|226|2|31|5|5|4|0|10|4|1|1|0
RZ1|227|2|Don|5|9|5|9|1|1|1|0|0
RZ1|CHK|227|2|31|5|5|4|0|10|4|1|1|0
[Opponent] Trash Monkey D. Garp ["OP13-016">OP13-016]
[Opponent] Deploy Uta ["ST23-001">ST23-001]
RZ1|228|2|OP13-016|2|0|6|4|1|1|0|0|0
RZ1|CHK|228|2|31|5|4|4|0|10|5|1|1|0
RZ1|229|2|ST23-001|1|1|2|4|1|1|0|0|0
RZ1|CHK|229|2|31|4|5|4|0|10|5|1|1|0
[Opponent] Monkey D. Luffy ["OP16-015">OP16-015] attacking Dracule Mihawk ["OP14-020">OP14-020]
Monkey D. Luffy ["OP16-015">OP16-015][6000] vs Dracule Mihawk ["OP14-020">OP14-020][5000]
Dracule Mihawk ["OP14-020">OP14-020] hit for 1 damage
RZ1|230|1|OP13-031|3|1|1|4|1|1|0|0|0
RZ1|CHK|230|1|26|5|5|1|1|3|13|0|1|6
[Opponent] Portgas D. Ace ["OP16-118">OP16-118] attacking Dracule Mihawk ["OP14-020">OP14-020]
Portgas D. Ace ["OP16-118">OP16-118][6000] vs Dracule Mihawk ["OP14-020">OP14-020][5000]
Dracule Mihawk ["OP14-020">OP14-020] hit for 1 damage
RZ1|231|1|OP12-023|3|0|1|5|1|1|0|0|0
RZ1|CHK|231|1|26|6|5|0|1|3|13|0|1|6
[Opponent] Portgas D. Ace ["OP16-118">OP16-118] attacking Dracule Mihawk ["OP14-020">OP14-020]
[You] Discard Kawamatsu ["OP12-023">OP12-023] for Counter 2000
RZ1|232|1|OP12-023|1|5|6|13|1|1|0|0|0
RZ1|CHK|232|1|26|5|5|0|1|3|14|0|1|6
Portgas D. Ace ["OP16-118">OP16-118][6000] vs Dracule Mihawk ["OP14-020">OP14-020][7000]
Attack Fails
[Opponent] Edward Newgate ["OP16-003">OP16-003] attacking Dracule Mihawk ["OP14-020">OP14-020]
Edward Newgate ["OP16-003">OP16-003][10000] vs Dracule Mihawk ["OP14-020">OP14-020][5000]
Dracule Mihawk ["OP14-020">OP14-020] hit for 1 damage
[You] <b>Downloaded the Combat Log!</b>
GameOver