Version is 1.44a.14
[You] Leader is Dracule Mihawk ["OP14-020">OP14-020]
[Opponent] Leader is Luffy & Ace ["ST30-001">ST30-001]
RZ1|12|2|OP01-016|0|5|0|0|0|0|0|0|0
RZ1|CHK|12|2|50|0|0|0|10|0|0|0|1|0
RZ1|13|2|ST30-012|0|24|0|1|0|0|0|0|0
RZ1|CHK|13|2|50|0|0|0|10|0|0|0|1|0
RZ1|14|2|OP01-016|0|8|0|2|0|0|0|0|0
RZ1|CHK|14|2|50|0|0|0|10|0|0|0|1|0
RZ1|15|2|OP17-017|0|36|0|3|0|0|0|0|0
RZ1|CHK|15|2|50|0|0|0|10|0|0|0|1|0
RZ1|16|2|OP17-017|0|36|0|4|0|0|0|0|0
RZ1|CHK|16|2|50|0|0|0|10|0|0|0|1|0
RZ1|17|2|EB02-017|0|23|0|5|0|0|0|0|0
RZ1|CHK|17|2|50|0|0|0|10|0|0|0|1|0
RZ1|18|2|ST31-001|0|22|0|6|0|0|0|0|0
RZ1|CHK|18|2|50|0|0|0|10|0|0|0|1|0
RZ1|19|2|ST30-012|0|28|0|8|0|0|0|0|0
RZ1|CHK|19|2|50|0|0|0|10|0|0|0|1|0
RZ1|20|2|ST31-001|0|24|0|9|0|0|0|0|0
RZ1|CHK|20|2|50|0|0|0|10|0|0|0|1|0
RZ1|21|2|OP15-032|0|29|0|10|0|0|0|0|0
RZ1|CHK|21|2|50|0|0|0|10|0|0|0|1|0
RZ1|22|2|OP01-057|0|39|0|11|0|0|0|0|0
RZ1|CHK|22|2|50|0|0|0|10|0|0|0|1|0
RZ1|23|2|OP01-030|0|35|0|12|0|0|0|0|0
RZ1|CHK|23|2|50|0|0|0|10|0|0|0|1|0
RZ1|24|2|OP12-037|0|42|0|13|0|0|0|0|0
RZ1|CHK|24|2|50|0|0|0|10|0|0|0|1|0
RZ1|25|2|OP01-057|0|41|0|14|0|0|0|0|0
RZ1|CHK|25|2|50|0|0|0|10|0|0|0|1|0
RZ1|26|2|OP01-057|0|42|0|15|0|0|0|0|0
RZ1|CHK|26|2|50|0|0|0|10|0|0|0|1|0
RZ1|27|2|ST21-014|0|27|0|16|0|0|0|0|0
RZ1|CHK|27|2|50|0|0|0|10|0|0|0|1|0
RZ1|28|2|OP13-040|0|45|0|17|0|0|0|0|0
RZ1|CHK|28|2|50|0|0|0|10|0|0|0|1|0
RZ1|29|2|OP12-015|0|25|0|18|0|0|0|0|0
RZ1|CHK|29|2|50|0|0|0|10|0|0|0|1|0
RZ1|30|2|OP04-016|0|38|0|19|0|0|0|0|0
RZ1|CHK|30|2|50|0|0|0|10|0|0|0|1|0
RZ1|31|2|ST31-005|0|46|0|20|0|0|0|0|0
RZ1|CHK|31|2|50|0|0|0|10|0|0|0|1|0
RZ1|32|2|ST31-005|0|48|0|21|0|0|0|0|0
RZ1|CHK|32|2|50|0|0|0|10|0|0|0|1|0
RZ1|33|2|ST21-014|0|32|0|22|0|0|0|0|0
RZ1|CHK|33|2|50|0|0|0|10|0|0|0|1|0
RZ1|34|2|ST31-001|0|34|0|23|0|0|0|0|0
RZ1|CHK|34|2|50|0|0|0|10|0|0|0|1|0
RZ1|35|2|ST30-012|0|38|0|24|0|0|0|0|0
RZ1|CHK|35|2|50|0|0|0|10|0|0|0|1|0
RZ1|36|2|OP13-040|0|47|0|25|0|0|0|0|0
RZ1|CHK|36|2|50|0|0|0|10|0|0|0|1|0
RZ1|37|2|OP17-017|0|46|0|26|0|0|0|0|0
RZ1|CHK|37|2|50|0|0|0|10|0|0|0|1|0
RZ1|38|2|ST31-005|0|48|0|27|0|0|0|0|0
RZ1|CHK|38|2|50|0|0|0|10|0|0|0|1|0
RZ1|39|2|OP01-016|0|31|0|28|0|0|0|0|0
RZ1|CHK|39|2|50|0|0|0|10|0|0|0|1|0
RZ1|40|2|EB02-017|0|40|0|29|0|0|0|0|0
RZ1|CHK|40|2|50|0|0|0|10|0|0|0|1|0
RZ1|41|2|OP12-015|0|34|0|30|0|0|0|0|0
RZ1|CHK|41|2|50|0|0|0|10|0|0|0|1|0
RZ1|42|2|ST21-014|0|37|0|31|0|0|0|0|0
RZ1|CHK|42|2|50|0|0|0|10|0|0|0|1|0
RZ1|43|2|OP04-016|0|43|0|32|0|0|0|0|0
RZ1|CHK|43|2|50|0|0|0|10|0|0|0|1|0
RZ1|44|2|EB04-002|0|35|0|33|0|0|0|0|0
RZ1|CHK|44|2|50|0|0|0|10|0|0|0|1|0
RZ1|45|2|ST21-014|0|39|0|34|0|0|0|0|0
RZ1|CHK|45|2|50|0|0|0|10|0|0|0|1|0
RZ1|46|2|ST31-005|0|49|0|35|0|0|0|0|0
RZ1|CHK|46|2|50|0|0|0|10|0|0|0|1|0
RZ1|47|2|EB02-017|0|43|0|36|0|0|0|0|0
RZ1|CHK|47|2|50|0|0|0|10|0|0|0|1|0
RZ1|48|2|OP17-017|0|48|0|37|0|0|0|0|0
RZ1|CHK|48|2|50|0|0|0|10|0|0|0|1|0
RZ1|49|2|ST31-001|0|43|0|38|0|0|0|0|0
RZ1|CHK|49|2|50|0|0|0|10|0|0|0|1|0
RZ1|50|2|OP01-030|0|46|0|39|0|0|0|0|0
RZ1|CHK|50|2|50|0|0|0|10|0|0|0|1|0
RZ1|51|2|OP01-030|0|48|0|40|0|0|0|0|0
RZ1|CHK|51|2|50|0|0|0|10|0|0|0|1|0
RZ1|52|2|EB02-017|0|46|0|41|0|0|0|0|0
RZ1|CHK|52|2|50|0|0|0|10|0|0|0|1|0
RZ1|53|2|OP01-030|0|48|0|42|0|0|0|0|0
RZ1|CHK|53|2|50|0|0|0|10|0|0|0|1|0
RZ1|54|2|OP01-016|0|45|0|43|0|0|0|0|0
RZ1|CHK|54|2|50|0|0|0|10|0|0|0|1|0
RZ1|55|2|OP12-015|0|46|0|44|0|0|0|0|0
RZ1|CHK|55|2|50|0|0|0|10|0|0|0|1|0
RZ1|56|2|OP12-015|0|47|0|45|0|0|0|0|0
RZ1|CHK|56|2|50|0|0|0|10|0|0|0|1|0
RZ1|57|2|OP04-016|0|48|0|46|0|0|0|0|0
RZ1|CHK|57|2|50|0|0|0|10|0|0|0|1|0
[] Drew card from deck: Electrical Luna ["OP08-036">OP08-036]
RZ1|58|1|OP08-036|0|49|1|0|1|1|0|0|0
RZ1|CHK|58|1|49|1|0|0|10|0|0|0|1|0
[] Drew card from deck: Trafalgar Law ["OP13-031">OP13-031]
RZ1|59|1|OP13-031|0|48|1|1|1|1|0|0|0
RZ1|CHK|59|1|48|2|0|0|10|0|0|0|1|0
[] Drew card from deck: Kawamatsu ["OP12-023">OP12-023]
RZ1|60|1|OP12-023|0|47|1|2|1|1|0|0|0
RZ1|CHK|60|1|47|3|0|0|10|0|0|0|1|0
[] Drew card from deck: Otama ["OP07-022">OP07-022]
RZ1|61|1|OP07-022|0|46|1|3|1|1|0|0|0
RZ1|CHK|61|1|46|4|0|0|10|0|0|0|1|0
[] Drew card from deck: Otama ["OP07-022">OP07-022]
RZ1|62|1|OP07-022|0|45|1|4|1|1|0|0|0
RZ1|CHK|62|1|45|5|0|0|10|0|0|0|1|0
[] Drew card from deck: Demonic Aura Nine-Sword Style Asura Dead Man's Game ["OP12-037">OP12-037]
RZ1|63|2|OP12-037|0|49|1|0|1|1|0|0|0
RZ1|CHK|63|2|49|1|0|0|10|0|0|0|1|0
[] Drew card from deck: Jewelry Bonney ["EB04-002">EB04-002]
RZ1|64|2|EB04-002|0|48|1|1|1|1|0|0|0
RZ1|CHK|64|2|48|2|0|0|10|0|0|0|1|0
[] Drew card from deck: Jewelry Bonney ["EB04-002">EB04-002]
RZ1|65|2|EB04-002|0|47|1|2|1|1|0|0|0
RZ1|CHK|65|2|47|3|0|0|10|0|0|0|1|0
[] Drew card from deck: Bad Manners Kick Course ["OP04-016">OP04-016]
RZ1|66|2|OP04-016|0|46|1|3|1|1|0|0|0
RZ1|CHK|66|2|46|4|0|0|10|0|0|0|1|0
[] Drew card from deck: Monkey D. Luffy ["OP12-015">OP12-015]
RZ1|67|2|OP12-015|0|45|1|4|1|1|0|0|0
RZ1|CHK|67|2|45|5|0|0|10|0|0|0|1|0
RZ1|68|1|ST32-002|0|44|3|0|1|0|0|0|0
RZ1|CHK|68|1|44|5|0|1|10|0|0|0|1|0
RZ1|69|1|OP13-040|0|43|3|1|1|0|0|0|0
RZ1|CHK|69|1|43|5|0|2|10|0|0|0|1|0
RZ1|70|1|OP07-022|0|42|3|2|1|0|0|0|0
RZ1|CHK|70|1|42|5|0|3|10|0|0|0|1|0
RZ1|71|1|OP06-033|0|41|3|3|1|0|0|0|0
RZ1|CHK|71|1|41|5|0|4|10|0|0|0|1|0
RZ1|72|1|OP14-023|0|40|3|4|1|0|0|0|0
RZ1|CHK|72|1|40|5|0|5|10|0|0|0|1|0
RZ1|73|2|OP12-015|0|44|3|0|0|1|0|0|0
RZ1|CHK|73|2|44|5|0|1|10|0|0|0|1|0
RZ1|74|2|OP01-016|0|43|3|1|0|1|0|0|0
RZ1|CHK|74|2|43|5|0|2|10|0|0|0|1|0
RZ1|75|2|OP01-030|0|42|3|2|0|1|0|0|0
RZ1|CHK|75|2|42|5|0|3|10|0|0|0|1|0
RZ1|76|2|EB02-017|0|41|3|3|0|1|0|0|0
RZ1|CHK|76|2|41|5|0|4|10|0|0|0|1|0
[] Hand: [OP08-036,OP13-031,OP12-023,OP07-022,OP07-022]
[] Board: []
[] Trash: []
[] Life: 5
[] Hand: [OP12-037,EB04-002,EB04-002,OP04-016,OP12-015]
[] Trash: []
[] Board: []
[] Life: 4
RZ1|77|1|Don|4|9|5|0|1|1|0|0|0
RZ1|CHK|77|1|40|5|0|5|9|1|0|0|1|0
[You] Draw 1 Don
[] Hand: [OP08-036,OP13-031,OP12-023,OP07-022,OP07-022]
[] Board: []
[] Trash: []
[] Life: 5
[] Hand: [OP12-037,EB04-002,EB04-002,OP04-016,OP12-015]
[] Trash: []
[] Board: []
[] Life: 4
[You] End Turn
[] Hand: [OP12-037,EB04-002,EB04-002,OP04-016,OP12-015]
[] Board: []
[] Trash: []
[] Life: 4
[] Hand: [OP08-036,OP13-031,OP12-023,OP07-022,OP07-022]
[] Trash: []
[] Board: []
[] Life: 5
[Opponent] Draw 1 Card
[] Drew card from deck: In Two Years!! At the Sabaody Archipelago!! ["OP01-030">OP01-030]
RZ1|78|2|OP01-030|0|40|1|5|1|1|0|0|0
RZ1|CHK|78|2|40|6|0|4|10|0|0|0|1|0
RZ1|79|2|Don|4|9|5|0|1|1|0|0|0
RZ1|CHK|79|2|40|6|0|4|9|1|0|0|1|0
RZ1|80|2|Don|4|8|5|1|1|1|0|0|0
RZ1|CHK|80|2|40|6|0|4|8|2|0|0|1|0
[Opponent] Draw 2 Don
RZ1|81|2|Don|5|0|5|0|1|1|1|0|0
RZ1|CHK|81|2|40|6|0|4|8|2|0|0|1|0
[Opponent] Deploy Jewelry Bonney ["EB04-002">EB04-002]
RZ1|82|2|EB04-002|1|1|2|0|1|1|0|0|0
RZ1|CHK|82|2|40|5|1|4|8|2|0|0|1|0
RZ1|83|2|ST31-001|0|38|1|5|1|1|0|0|0
RZ1|CHK|83|2|39|6|1|4|8|2|0|0|1|0
[Opponent] Jewelry Bonney ["EB04-002">EB04-002]: <b>Reveal and Draw Sanji ["ST31-001">ST31-001]</b>
[Opponent] Placing Cards on Bottom of Deck
RZ1|84|2|OP01-030|0|38|0|0|0|0|0|0|0
RZ1|CHK|84|2|39|6|1|4|8|2|0|0|1|0
RZ1|85|2|OP17-017|0|38|0|0|0|0|0|0|0
RZ1|CHK|85|2|39|6|1|4|8|2|0|0|1|0
RZ1|86|2|EB02-017|0|38|0|0|0|0|0|0|0
RZ1|CHK|86|2|39|6|1|4|8|2|0|0|1|0
[] Hand: [OP12-037,EB04-002,OP04-016,OP12-015,OP01-030,ST31-001]
[] Board: [EB04-002]
[] Trash: []
[] Life: 4
[] Hand: [OP08-036,OP13-031,OP12-023,OP07-022,OP07-022]
[] Trash: []
[] Board: []
[] Life: 5
[Opponent] End Turn
[] Hand: [OP08-036,OP13-031,OP12-023,OP07-022,OP07-022]
[] Board: []
[] Trash: []
[] Life: 5
[] Hand: [OP12-037,EB04-002,OP04-016,OP12-015,OP01-030,ST31-001]
[] Trash: []
[] Board: [EB04-002]
[] Life: 4
[You] Draw 1 Card
[] Drew card from deck: Kin'emon ["ST32-001">ST32-001]
RZ1|87|1|ST32-001|0|39|1|5|1|1|0|0|0
RZ1|CHK|87|1|39|6|0|5|9|1|0|0|1|0
RZ1|88|1|Don|4|8|5|1|1|1|0|0|0
RZ1|CHK|88|1|39|6|0|5|8|2|0|0|1|0
RZ1|89|1|Don|4|7|5|2|1|1|0|0|0
RZ1|CHK|89|1|39|6|0|5|7|3|0|0|1|0
[You] Draw 2 Don
RZ1|90|1|Don|5|0|5|0|1|1|1|0|0
RZ1|CHK|90|1|39|6|0|5|7|3|0|0|1|0
[You] Deploy Kin'emon ["ST32-001">ST32-001]
RZ1|91|1|ST32-001|1|5|2|0|1|1|0|0|0
RZ1|CHK|91|1|39|5|1|5|7|3|0|0|1|0
[You] Kin'emon ["ST32-001">ST32-001]: Rest Dracule Mihawk ["OP14-020">OP14-020]
[] Drew card from deck: Yasopp ["OP17-031">OP17-031]
RZ1|92|1|OP17-031|0|38|1|5|1|1|0|0|0
RZ1|CHK|92|1|38|6|1|5|7|3|0|0|1|0
[] Drew card from deck: Coffin Boat ["OP14-039">OP14-039]
RZ1|93|1|OP14-039|0|37|1|6|1|1|0|0|0
RZ1|CHK|93|1|37|7|1|5|7|3|0|0|1|0
[You] Kin'emon ["ST32-001">ST32-001]: Draw 2 Card
RZ1|94|1|OP13-031|1|1|6|0|1|1|0|0|0
RZ1|CHK|94|1|37|6|1|5|7|3|1|0|1|0
[You] Kin'emon ["ST32-001">ST32-001]: Trash Trafalgar Law ["OP13-031">OP13-031]
[] Hand: [OP08-036,OP12-023,OP07-022,OP07-022,OP17-031,OP14-039]
[] Board: [ST32-001]
[] Trash: [OP13-031]
[] Life: 5
[] Hand: [OP12-037,EB04-002,OP04-016,OP12-015,OP01-030,ST31-001]
[] Trash: []
[] Board: [EB04-002]
[] Life: 4
[You] End Turn
[] Hand: [OP12-037,EB04-002,OP04-016,OP12-015,OP01-030,ST31-001]
[] Board: [EB04-002]
[] Trash: []
[] Life: 4
[] Hand: [OP08-036,OP12-023,OP07-022,OP07-022,OP17-031,OP14-039]
[] Trash: [OP13-031]
[] Board: [ST32-001]
[] Life: 5
[Opponent] Draw 1 Card
[] Drew card from deck: Thousand Sunny ["ST31-005">ST31-005]
RZ1|95|2|ST31-005|0|38|1|6|1|1|0|0|0
RZ1|CHK|95|2|38|7|1|4|8|2|0|0|1|0
RZ1|96|2|Don|4|7|5|2|1|1|0|0|0
RZ1|CHK|96|2|38|7|1|4|7|3|0|0|1|0
RZ1|97|2|Don|4|6|5|3|1|1|0|0|0
RZ1|CHK|97|2|38|7|1|4|6|4|0|0|1|0
[Opponent] Draw 2 Don
[Opponent] Luffy & Ace ["ST30-001">ST30-001] attacking Dracule Mihawk ["OP14-020">OP14-020]
[You] Discard Kawamatsu ["OP12-023">OP12-023] for Counter 2000
RZ1|98|1|OP12-023|1|1|6|1|1|1|0|0|0
RZ1|CHK|98|1|37|5|1|5|7|3|2|0|1|0
Luffy & Ace ["ST30-001">ST30-001][6000] vs Dracule Mihawk ["OP14-020">OP14-020][7000]
Attack Fails
RZ1|99|2|Don|5|0|5|0|1|1|1|0|0
RZ1|CHK|99|2|38|7|1|4|6|4|0|0|1|0
RZ1|100|2|Don|5|1|5|1|1|1|1|0|0
RZ1|CHK|100|2|38|7|1|4|6|4|0|0|1|0
RZ1|101|2|Don|5|2|5|2|1|1|1|0|0
RZ1|CHK|101|2|38|7|1|4|6|4|0|0|1|0
RZ1|102|2|Don|5|3|5|3|1|1|1|0|0
RZ1|CHK|102|2|38|7|1|4|6|4|0|0|1|0
[Opponent] Deploy Monkey D. Luffy ["OP12-015">OP12-015]
RZ1|103|2|OP12-015|1|3|2|1|1|1|0|0|0
RZ1|CHK|103|2|38|6|2|4|6|4|0|0|1|0
[Opponent] Monkey D. Luffy ["OP12-015">OP12-015] revealed: In Two Years!! At the Sabaody Archipelago!! ["OP01-030">OP01-030]
[Opponent] Monkey D. Luffy ["OP12-015">OP12-015] revealed: Demonic Aura Nine-Sword Style Asura Dead Man's Game ["OP12-037">OP12-037]
[Opponent] Forcing opponent to resolve Card Action!
[You] Forcing opponent to resolve Card Action!
RZ1|104|2|ST31-001|1|4|2|2|1|1|0|0|0
RZ1|CHK|104|2|38|5|3|4|6|4|0|0|1|0
[Opponent] Monkey D. Luffy ["OP12-015">OP12-015]: Deploy Sanji ["ST31-001">ST31-001]
[Opponent] Monkey D. Luffy ["OP12-015">OP12-015]: Attach 1 Rested Don to Sanji ["ST31-001">ST31-001]
RZ1|105|2|Don|5|0|9|200|1|1|1|0|0
RZ1|CHK|105|2|38|5|3|4|6|3|0|0|1|1
[] Drew card from deck: Monkey D. Luffy ["ST21-014">ST21-014]
RZ1|106|2|ST21-014|0|37|1|5|1|1|0|0|0
RZ1|CHK|106|2|37|6|3|4|6|3|0|0|1|1
[Opponent] Sanji ["ST31-001">ST31-001]: Draw 1 Card
RZ1|107|2|ST21-014|1|5|2|3|1|1|0|0|0
RZ1|CHK|107|2|37|5|4|4|6|3|0|0|1|1
[Opponent] Sanji ["ST31-001">ST31-001]: Deploy Monkey D. Luffy ["ST21-014">ST21-014]
[Opponent] Monkey D. Luffy ["ST21-014">ST21-014] attacking Dracule Mihawk ["OP14-020">OP14-020]
[Opponent] Monkey D. Luffy ["ST21-014">ST21-014]: Attach 1 Rested Don to Jewelry Bonney ["EB04-002">EB04-002]
RZ1|108|2|Don|5|0|9|0|1|1|1|0|0
RZ1|CHK|108|2|37|5|4|4|6|2|0|0|1|2
Monkey D. Luffy ["ST21-014">ST21-014][6000] vs Dracule Mihawk ["OP14-020">OP14-020][5000]
Dracule Mihawk ["OP14-020">OP14-020] hit for 1 damage
RZ1|109|1|OP14-023|3|4|1|5|1|1|0|0|0
RZ1|CHK|109|1|37|6|1|4|7|3|2|0|1|0
[] Hand: [OP12-037,EB04-002,OP04-016,OP01-030,ST31-005]
[] Board: [EB04-002,OP12-015,ST31-001,ST21-014]
[] Trash: []
[] Life: 4
[] Hand: [OP08-036,OP07-022,OP07-022,OP17-031,OP14-039,OP14-023]
[] Trash: [OP13-031,OP12-023]
[] Board: [ST32-001]
[] Life: 4
[Opponent] End Turn
[] Hand: [OP08-036,OP07-022,OP07-022,OP17-031,OP14-039,OP14-023]
[] Board: [ST32-001]
[] Trash: [OP13-031,OP12-023]
[] Life: 4
[] Hand: [OP12-037,EB04-002,OP04-016,OP01-030,ST31-005]
[] Trash: []
[] Board: [EB04-002,OP12-015,ST31-001,ST21-014]
[] Life: 4
[You] Draw 1 Card
[] Drew card from deck: Kawamatsu ["OP12-023">OP12-023]
RZ1|110|1|OP12-023|0|36|1|6|1|1|0|0|0
RZ1|CHK|110|1|36|7|1|4|7|3|2|0|1|0
RZ1|111|1|Don|4|6|5|3|1|1|0|0|0
RZ1|CHK|111|1|36|7|1|4|6|4|2|0|1|0
RZ1|112|1|Don|4|5|5|4|1|1|0|0|0
RZ1|CHK|112|1|36|7|1|4|5|5|2|0|1|0
[You] Draw 2 Don
RZ1|113|1|Don|5|0|5|0|1|1|1|0|0
RZ1|CHK|113|1|36|7|1|4|5|5|2|0|1|0
RZ1|114|1|Don|5|1|5|1|1|1|1|0|0
RZ1|CHK|114|1|36|7|1|4|5|5|2|0|1|0
RZ1|115|1|Don|5|2|5|2|1|1|1|0|0
RZ1|CHK|115|1|36|7|1|4|5|5|2|0|1|0
RZ1|116|1|Don|5|3|5|3|1|1|1|0|0
RZ1|CHK|116|1|36|7|1|4|5|5|2|0|1|0
RZ1|117|1|Don|5|4|5|4|1|1|1|0|0
RZ1|CHK|117|1|36|7|1|4|5|5|2|0|1|0
[You] Deploy Yasopp ["OP17-031">OP17-031]
RZ1|118|1|OP17-031|1|3|2|1|1|1|0|0|0
RZ1|CHK|118|1|36|6|2|4|5|5|2|0|1|0
[] Drew card from deck: Yasopp ["OP17-031">OP17-031]
RZ1|119|1|OP17-031|0|35|1|6|1|1|0|0|0
RZ1|CHK|119|1|35|7|2|4|5|5|2|0|1|0
[You] Yasopp ["OP17-031">OP17-031]: Draw 1 Card
[You] Yasopp ["OP17-031">OP17-031]: Rest Sanji ["ST31-001">ST31-001]
[You] Dracule Mihawk ["OP14-020">OP14-020] attacking Sanji ["ST31-001">ST31-001]
Dracule Mihawk ["OP14-020">OP14-020][5000] vs Sanji ["ST31-001">ST31-001][3000]
[Opponent] Sanji ["ST31-001">ST31-001] Destroyed
RZ1|120|2|Don|9|200|5|0|1|1|1|0|0
RZ1|CHK|120|2|37|5|4|4|6|3|0|0|1|1
RZ1|121|2|ST31-001|2|2|6|0|1|1|0|0|0
RZ1|CHK|121|2|37|5|3|4|6|3|1|0|1|1
[] Hand: [OP08-036,OP07-022,OP07-022,OP14-039,OP14-023,OP12-023,OP17-031]
[] Board: [ST32-001,OP17-031]
[] Trash: [OP13-031,OP12-023]
[] Life: 4
[] Hand: [OP12-037,EB04-002,OP04-016,OP01-030,ST31-005]
[] Trash: [ST31-001]
[] Board: [EB04-002,OP12-015,ST21-014]
[] Life: 4
[You] End Turn
[] Hand: [OP12-037,EB04-002,OP04-016,OP01-030,ST31-005]
[] Board: [EB04-002,OP12-015,ST21-014]
[] Trash: [ST31-001]
[] Life: 4
[] Hand: [OP08-036,OP07-022,OP07-022,OP14-039,OP14-023,OP12-023,OP17-031]
[] Trash: [OP13-031,OP12-023]
[] Board: [ST32-001,OP17-031]
[] Life: 4
RZ1|122|2|Don|9|0|5|0|1|1|1|0|0
RZ1|CHK|122|2|37|5|3|4|6|4|1|0|1|0
[Opponent] Draw 1 Card
[] Drew card from deck: Jewelry Bonney ["EB04-002">EB04-002]
RZ1|123|2|EB04-002|0|36|1|5|1|1|0|0|0
RZ1|CHK|123|2|36|6|3|4|6|4|1|0|1|0
RZ1|124|2|Don|4|5|5|4|1|1|0|0|0
RZ1|CHK|124|2|36|6|3|4|5|5|1|0|1|0
RZ1|125|2|Don|4|4|5|5|1|1|0|0|0
RZ1|CHK|125|2|36|6|3|4|4|6|1|0|1|0
[Opponent] Draw 2 Don
[Opponent] Luffy & Ace ["ST30-001">ST30-001] attacking Dracule Mihawk ["OP14-020">OP14-020]
[You] Discard Kawamatsu ["OP12-023">OP12-023] for Counter 2000
RZ1|126|1|OP12-023|1|5|6|2|1|1|0|0|0
RZ1|CHK|126|1|35|6|2|4|5|5|3|0|1|0
Luffy & Ace ["ST30-001">ST30-001][6000] vs Dracule Mihawk ["OP14-020">OP14-020][7000]
Attack Fails
[Opponent] Monkey D. Luffy ["ST21-014">ST21-014] attacking Dracule Mihawk ["OP14-020">OP14-020]
[You] Discard Kikunojo ["OP14-023">OP14-023] for Counter 2000
RZ1|127|1|OP14-023|1|4|6|3|1|1|0|0|0
RZ1|CHK|127|1|35|5|2|4|5|5|4|0|1|0
Monkey D. Luffy ["ST21-014">ST21-014][6000] vs Dracule Mihawk ["OP14-020">OP14-020][7000]
Attack Fails
RZ1|128|2|Don|5|0|9|100|1|1|0|0|0
RZ1|CHK|128|2|36|6|3|4|4|5|1|0|1|1
[Opponent] Attach 1 Don to Monkey D. Luffy ["OP12-015">OP12-015] (1 Total)
[Opponent] Monkey D. Luffy ["OP12-015">OP12-015] attacking Dracule Mihawk ["OP14-020">OP14-020]
[You] Discard Yasopp ["OP17-031">OP17-031] for Counter 1000
RZ1|129|1|OP17-031|1|4|6|4|1|1|0|0|0
RZ1|CHK|129|1|35|4|2|4|5|5|5|0|1|0
Monkey D. Luffy ["OP12-015">OP12-015][5000] vs Dracule Mihawk ["OP14-020">OP14-020][6000]
Attack Fails
RZ1|130|2|Don|5|0|9|0|1|1|0|0|0
RZ1|CHK|130|2|36|6|3|4|4|4|1|0|1|2
RZ1|131|2|Don|5|0|9|1|1|1|0|0|0
RZ1|CHK|131|2|36|6|3|4|4|3|1|0|1|3
RZ1|132|2|Don|5|0|9|2|1|1|0|0|0
RZ1|CHK|132|2|36|6|3|4|4|2|1|0|1|4
[Opponent] Attach 3 Don to Jewelry Bonney ["EB04-002">EB04-002] (3 Total)
[Opponent] Jewelry Bonney ["EB04-002">EB04-002] attacking Dracule Mihawk ["OP14-020">OP14-020]
[You] Discard Otama ["OP07-022">OP07-022] for Counter 2000
RZ1|133|1|OP07-022|1|1|6|5|1|1|0|0|0
RZ1|CHK|133|1|35|3|2|4|5|5|6|0|1|0
Jewelry Bonney ["EB04-002">EB04-002][5000] vs Dracule Mihawk ["OP14-020">OP14-020][7000]
Attack Fails
RZ1|134|2|Don|5|0|5|0|1|1|1|0|0
RZ1|CHK|134|2|36|6|3|4|4|2|1|0|1|4
[Opponent] Deploy Jewelry Bonney ["EB04-002">EB04-002]
RZ1|135|2|EB04-002|1|1|2|3|1|1|0|0|0
RZ1|CHK|135|2|36|5|4|4|4|2|1|0|1|4
RZ1|136|2|ST21-014|0|34|1|5|1|1|0|0|0
RZ1|CHK|136|2|35|6|4|4|4|2|1|0|1|4
[Opponent] Jewelry Bonney ["EB04-002">EB04-002]: <b>Reveal and Draw Monkey D. Luffy ["ST21-014">ST21-014]</b>
[Opponent] Placing Cards on Bottom of Deck
RZ1|137|2|OP04-016|0|34|0|0|0|0|0|0|0
RZ1|CHK|137|2|35|6|4|4|4|2|1|0|1|4
RZ1|138|2|OP12-015|0|34|0|0|0|0|0|0|0
RZ1|CHK|138|2|35|6|4|4|4|2|1|0|1|4
RZ1|139|2|EB02-017|0|34|0|0|0|0|0|0|0
RZ1|CHK|139|2|35|6|4|4|4|2|1|0|1|4
[] Hand: [OP12-037,OP04-016,OP01-030,ST31-005,EB04-002,ST21-014]
[] Board: [EB04-002,OP12-015,ST21-014,EB04-002]
[] Trash: [ST31-001]
[] Life: 4
[] Hand: [OP08-036,OP07-022,OP14-039]
[] Trash: [OP13-031,OP12-023,OP12-023,OP14-023,OP17-031,OP07-022]
[] Board: [ST32-001,OP17-031]
[] Life: 4
[Opponent] End Turn
[] Hand: [OP08-036,OP07-022,OP14-039]
[] Board: [ST32-001,OP17-031]
[] Trash: [OP13-031,OP12-023,OP12-023,OP14-023,OP17-031,OP07-022]
[] Life: 4
[] Hand: [OP12-037,OP04-016,OP01-030,ST31-005,EB04-002,ST21-014]
[] Trash: [ST31-001]
[] Board: [EB04-002,OP12-015,ST21-014,EB04-002]
[] Life: 4
[You] Draw 1 Card
[] Drew card from deck: You Can Be My Samurai!!! ["OP01-055">OP01-055]
RZ1|140|1|OP01-055|0|34|1|3|1|1|0|0|0
RZ1|CHK|140|1|34|4|2|4|5|5|6|0|1|0
RZ1|141|1|Don|4|4|5|5|1|1|0|0|0
RZ1|CHK|141|1|34|4|2|4|4|6|6|0|1|0
RZ1|142|1|Don|4|3|5|6|1|1|0|0|0
RZ1|CHK|142|1|34|4|2|4|3|7|6|0|1|0
[You] Draw 2 Don
RZ1|143|1|Don|5|0|9|100|1|1|0|0|0
RZ1|CHK|143|1|34|4|2|4|3|6|6|0|1|1
RZ1|144|1|Don|5|0|9|101|1|1|0|0|0
RZ1|CHK|144|1|34|4|2|4|3|5|6|0|1|2
RZ1|145|1|Don|5|0|9|102|1|1|0|0|0
RZ1|CHK|145|1|34|4|2|4|3|4|6|0|1|3
[You] Attach 3 Don to Yasopp ["OP17-031">OP17-031] (3 Total)
[You] Yasopp ["OP17-031">OP17-031] attacking Monkey D. Luffy ["ST21-014">ST21-014]
[Opponent] Discard Jewelry Bonney ["EB04-002">EB04-002] for Counter 1000
RZ1|146|2|EB04-002|1|4|6|1|1|1|0|0|0
RZ1|CHK|146|2|35|5|4|4|4|2|2|0|1|4
Yasopp ["OP17-031">OP17-031][9000] vs Monkey D. Luffy ["ST21-014">ST21-014][10000]
Attack Fails
[You] Electrical Luna ["OP08-036">OP08-036]: Rest 3 Don
RZ1|147|1|Don|5|0|5|0|1|1|1|0|0
RZ1|CHK|147|1|34|4|2|4|3|4|6|0|1|3
RZ1|148|1|Don|5|1|5|1|1|1|1|0|0
RZ1|CHK|148|1|34|4|2|4|3|4|6|0|1|3
RZ1|149|1|Don|5|2|5|2|1|1|1|0|0
RZ1|CHK|149|1|34|4|2|4|3|4|6|0|1|3
RZ1|150|1|OP08-036|1|0|6|6|1|1|0|0|0
RZ1|CHK|150|1|34|3|2|4|3|4|7|0|1|3
[You] Electrical Luna ["OP08-036">OP08-036]: Jewelry Bonney ["EB04-002">EB04-002] will not Activate during next Refresh
[You] Electrical Luna ["OP08-036">OP08-036]: Monkey D. Luffy ["OP12-015">OP12-015] will not Activate during next Refresh
[You] Electrical Luna ["OP08-036">OP08-036]: Monkey D. Luffy ["ST21-014">ST21-014] will not Activate during next Refresh
RZ1|151|1|Don|5|3|9|9900|1|1|0|0|0
RZ1|CHK|151|1|34|3|2|4|3|3|7|0|1|4
[You] Attach 1 Don to Dracule Mihawk ["OP14-020">OP14-020] (1 Total)
[You] Yasopp ["OP17-031">OP17-031]: Set Yasopp ["OP17-031">OP17-031] to Active
[] Hand: [OP07-022,OP14-039,OP01-055]
[] Board: [ST32-001,OP17-031]
[] Trash: [OP13-031,OP12-023,OP12-023,OP14-023,OP17-031,OP07-022,OP08-036]
[] Life: 4
[] Hand: [OP12-037,OP04-016,OP01-030,ST31-005,ST21-014]
[] Trash: [ST31-001,EB04-002]
[] Board: [EB04-002,OP12-015,ST21-014,EB04-002]
[] Life: 4
[You] End Turn
[] Hand: [OP12-037,OP04-016,OP01-030,ST31-005,ST21-014]
[] Board: [EB04-002,OP12-015,ST21-014,EB04-002]
[] Trash: [ST31-001,EB04-002]
[] Life: 4
[] Hand: [OP07-022,OP14-039,OP01-055]
[] Trash: [OP13-031,OP12-023,OP12-023,OP14-023,OP17-031,OP07-022,OP08-036]
[] Board: [ST32-001,OP17-031]
[] Life: 4
RZ1|152|2|Don|9|0|5|0|1|1|1|0|0
RZ1|CHK|152|2|35|5|4|4|4|3|2|0|1|3
RZ1|153|2|Don|9|0|5|0|1|1|1|0|0
RZ1|CHK|153|2|35|5|4|4|4|4|2|0|1|2
RZ1|154|2|Don|9|0|5|0|1|1|1|0|0
RZ1|CHK|154|2|35|5|4|4|4|5|2|0|1|1
RZ1|155|2|Don|9|100|5|0|1|1|1|0|0
RZ1|CHK|155|2|35|5|4|4|4|6|2|0|1|0
[Opponent] Draw 1 Card
[] Drew card from deck: Nami ["OP01-016">OP01-016]
RZ1|156|2|OP01-016|0|34|1|5|1|1|0|0|0
RZ1|CHK|156|2|34|6|4|4|4|6|2|0|1|0
RZ1|157|2|Don|4|3|5|6|1|1|0|0|0
RZ1|CHK|157|2|34|6|4|4|3|7|2|0|1|0
RZ1|158|2|Don|4|2|5|7|1|1|0|0|0
RZ1|CHK|158|2|34|6|4|4|2|8|2|0|1|0
[Opponent] Draw 2 Don
RZ1|159|2|Don|5|0|5|0|1|1|1|0|0
RZ1|CHK|159|2|34|6|4|4|2|8|2|0|1|0
RZ1|160|2|Don|5|1|5|1|1|1|1|0|0
RZ1|CHK|160|2|34|6|4|4|2|8|2|0|1|0
RZ1|161|2|Don|5|2|5|2|1|1|1|0|0
RZ1|CHK|161|2|34|6|4|4|2|8|2|0|1|0
RZ1|162|2|Don|5|3|5|3|1|1|1|0|0
RZ1|CHK|162|2|34|6|4|4|2|8|2|0|1|0
RZ1|163|2|Don|5|4|5|4|1|1|1|0|0
RZ1|CHK|163|2|34|6|4|4|2|8|2|0|1|0
[Opponent] Deploy Monkey D. Luffy ["ST21-014">ST21-014]
RZ1|164|2|ST21-014|1|4|2|4|1|1|0|0|0
RZ1|CHK|164|2|34|5|5|4|2|8|2|0|1|0
[Opponent] Luffy & Ace ["ST30-001">ST30-001] attacking Dracule Mihawk ["OP14-020">OP14-020]
Luffy & Ace ["ST30-001">ST30-001][6000] vs Dracule Mihawk ["OP14-020">OP14-020][5000]
Dracule Mihawk ["OP14-020">OP14-020] hit for 1 damage
RZ1|165|1|OP06-033|3|3|1|3|1|1|0|0|0
RZ1|CHK|165|1|34|4|2|3|3|3|7|0|1|4
[Opponent] Monkey D. Luffy ["ST21-014">ST21-014] attacking Dracule Mihawk ["OP14-020">OP14-020]
[Opponent] Monkey D. Luffy ["ST21-014">ST21-014]: Attach 1 Rested Don to Luffy & Ace ["ST30-001">ST30-001]
RZ1|166|2|Don|5|0|9|9900|1|1|1|0|0
RZ1|CHK|166|2|34|5|5|4|2|7|2|0|1|1
Monkey D. Luffy ["ST21-014">ST21-014][6000] vs Dracule Mihawk ["OP14-020">OP14-020][5000]
Dracule Mihawk ["OP14-020">OP14-020] hit for 1 damage
RZ1|167|1|OP07-022|3|2|1|4|1|1|0|0|0
RZ1|CHK|167|1|34|5|2|2|3|3|7|0|1|4
[] Hand: [OP12-037,OP04-016,OP01-030,ST31-005,OP01-016]
[] Board: [EB04-002,OP12-015,ST21-014,EB04-002,ST21-014]
[] Trash: [ST31-001,EB04-002]
[] Life: 4
[] Hand: [OP07-022,OP14-039,OP01-055,OP06-033,OP07-022]
[] Trash: [OP13-031,OP12-023,OP12-023,OP14-023,OP17-031,OP07-022,OP08-036]
[] Board: [ST32-001,OP17-031]
[] Life: 2
[Opponent] End Turn
[] Hand: [OP07-022,OP14-039,OP01-055,OP06-033,OP07-022]
[] Board: [ST32-001,OP17-031]
[] Trash: [OP13-031,OP12-023,OP12-023,OP14-023,OP17-031,OP07-022,OP08-036]
[] Life: 2
[] Hand: [OP12-037,OP04-016,OP01-030,ST31-005,OP01-016]
[] Trash: [ST31-001,EB04-002]
[] Board: [EB04-002,OP12-015,ST21-014,EB04-002,ST21-014]
[] Life: 4
RZ1|168|1|Don|9|9900|5|0|1|1|1|0|0
RZ1|CHK|168|1|34|5|2|2|3|4|7|0|1|3
RZ1|169|1|Don|9|100|5|0|1|1|1|0|0
RZ1|CHK|169|1|34|5|2|2|3|5|7|0|1|2
RZ1|170|1|Don|9|100|5|0|1|1|1|0|0
RZ1|CHK|170|1|34|5|2|2|3|6|7|0|1|1
RZ1|171|1|Don|9|100|5|0|1|1|1|0|0
RZ1|CHK|171|1|34|5|2|2|3|7|7|0|1|0
[You] Draw 1 Card
[] Drew card from deck: Yasopp ["OP17-031">OP17-031]
RZ1|172|1|OP17-031|0|33|1|5|1|1|0|0|0
RZ1|CHK|172|1|33|6|2|2|3|7|7|0|1|0
RZ1|173|1|Don|4|2|5|7|1|1|0|0|0
RZ1|CHK|173|1|33|6|2|2|2|8|7|0|1|0
RZ1|174|1|Don|4|1|5|8|1|1|0|0|0
RZ1|CHK|174|1|33|6|2|2|1|9|7|0|1|0
[You] Draw 2 Don
RZ1|175|1|Don|5|0|5|0|1|1|1|0|0
RZ1|CHK|175|1|33|6|2|2|1|9|7|0|1|0
RZ1|176|1|Don|5|1|5|1|1|1|1|0|0
RZ1|CHK|176|1|33|6|2|2|1|9|7|0|1|0
RZ1|177|1|Don|5|2|5|2|1|1|1|0|0
RZ1|CHK|177|1|33|6|2|2|1|9|7|0|1|0
RZ1|178|1|Don|5|3|5|3|1|1|1|0|0
RZ1|CHK|178|1|33|6|2|2|1|9|7|0|1|0
RZ1|179|1|Don|5|4|5|4|1|1|1|0|0
RZ1|CHK|179|1|33|6|2|2|1|9|7|0|1|0
[You] Deploy Yasopp ["OP17-031">OP17-031]
RZ1|180|1|OP17-031|1|5|2|2|1|1|0|0|0
RZ1|CHK|180|1|33|5|3|2|1|9|7|0|1|0
[] Drew card from deck: Kin'emon ["ST32-001">ST32-001]
RZ1|181|1|ST32-001|0|32|1|5|1|1|0|0|0
RZ1|CHK|181|1|32|6|3|2|1|9|7|0|1|0
[You] Yasopp ["OP17-031">OP17-031]: Draw 1 Card
[You] Yasopp ["OP17-031">OP17-031]: Rest Jewelry Bonney ["EB04-002">EB04-002]
RZ1|182|1|Don|5|5|9|100|1|1|0|0|0
RZ1|CHK|182|1|32|6|3|2|1|8|7|0|1|1
RZ1|183|1|Don|5|5|9|101|1|1|0|0|0
RZ1|CHK|183|1|32|6|3|2|1|7|7|0|1|2
RZ1|184|1|Don|5|5|9|102|1|1|0|0|0
RZ1|CHK|184|1|32|6|3|2|1|6|7|0|1|3
[You] Attach 3 Don to Yasopp ["OP17-031">OP17-031] (3 Total)
[You] Yasopp ["OP17-031">OP17-031] attacking Monkey D. Luffy ["ST21-014">ST21-014]
[Opponent] Discard Nami ["OP01-016">OP01-016] for Counter 1000
RZ1|185|2|OP01-016|1|4|6|2|1|1|0|0|0
RZ1|CHK|185|2|34|4|5|4|2|7|3|0|1|1
Yasopp ["OP17-031">OP17-031][9000] vs Monkey D. Luffy ["ST21-014">ST21-014][10000]
Attack Fails
RZ1|186|1|Don|5|5|9|9900|1|1|0|0|0
RZ1|CHK|186|1|32|6|3|2|1|5|7|0|1|4
[You] Attach 1 Don to Dracule Mihawk ["OP14-020">OP14-020] (1 Total)
[You] Kin'emon ["ST32-001">ST32-001] attacking Jewelry Bonney ["EB04-002">EB04-002]
Kin'emon ["ST32-001">ST32-001][2000] vs Jewelry Bonney ["EB04-002">EB04-002][2000]
[Opponent] Jewelry Bonney ["EB04-002">EB04-002] Destroyed
RZ1|187|2|EB04-002|2|0|6|3|1|1|0|0|0
RZ1|CHK|187|2|34|4|4|4|2|7|4|0|1|1
[You] Dracule Mihawk ["OP14-020">OP14-020] attacking Jewelry Bonney ["EB04-002">EB04-002]
Dracule Mihawk ["OP14-020">OP14-020][6000] vs Jewelry Bonney ["EB04-002">EB04-002][2000]
[Opponent] Jewelry Bonney ["EB04-002">EB04-002] Destroyed
RZ1|188|2|EB04-002|2|2|6|4|1|1|0|0|0
RZ1|CHK|188|2|34|4|3|4|2|7|5|0|1|1
[You] Yasopp ["OP17-031">OP17-031]: Set Yasopp ["OP17-031">OP17-031] to Active
[] Hand: [OP07-022,OP14-039,OP01-055,OP06-033,OP07-022,ST32-001]
[] Board: [ST32-001,OP17-031,OP17-031]
[] Trash: [OP13-031,OP12-023,OP12-023,OP14-023,OP17-031,OP07-022,OP08-036]
[] Life: 2
[] Hand: [OP12-037,OP04-016,OP01-030,ST31-005]
[] Trash: [ST31-001,EB04-002,OP01-016,EB04-002,EB04-002]
[] Board: [OP12-015,ST21-014,ST21-014]
[] Life: 4
[You] End Turn
[] Hand: [OP12-037,OP04-016,OP01-030,ST31-005]
[] Board: [OP12-015,ST21-014,ST21-014]
[] Trash: [ST31-001,EB04-002,OP01-016,EB04-002,EB04-002]
[] Life: 4
[] Hand: [OP07-022,OP14-039,OP01-055,OP06-033,OP07-022,ST32-001]
[] Trash: [OP13-031,OP12-023,OP12-023,OP14-023,OP17-031,OP07-022,OP08-036]
[] Board: [ST32-001,OP17-031,OP17-031]
[] Life: 2
RZ1|189|2|Don|9|9900|5|0|1|1|1|0|0
RZ1|CHK|189|2|34|4|3|4|2|8|5|0|1|0
[Opponent] Draw 1 Card
[] Drew card from deck: Thousand Sunny ["ST31-005">ST31-005]
RZ1|190|2|ST31-005|0|33|1|4|1|1|0|0|0
RZ1|CHK|190|2|33|5|3|4|2|8|5|0|1|0
RZ1|191|2|Don|4|1|5|8|1|1|0|0|0
RZ1|CHK|191|2|33|5|3|4|1|9|5|0|1|0
RZ1|192|2|Don|4|0|5|9|1|1|0|0|0
RZ1|CHK|192|2|33|5|3|4|0|10|5|0|1|0
[Opponent] Draw 2 Don
RZ1|193|2|Don|5|0|9|9900|1|1|0|0|0
RZ1|CHK|193|2|33|5|3|4|0|9|5|0|1|1
RZ1|194|2|Don|5|0|9|9901|1|1|0|0|0
RZ1|CHK|194|2|33|5|3|4|0|8|5|0|1|2
[Opponent] Attach 2 Don to Luffy & Ace ["ST30-001">ST30-001] (2 Total)
RZ1|195|2|Don|5|0|9|9902|1|1|0|0|0
RZ1|CHK|195|2|33|5|3|4|0|7|5|0|1|3
RZ1|196|2|Don|5|0|9|9903|1|1|0|0|0
RZ1|CHK|196|2|33|5|3|4|0|6|5|0|1|4
[Opponent] Attach 2 Don to Luffy & Ace ["ST30-001">ST30-001] (4 Total)
RZ1|197|2|Don|5|0|9|9904|1|1|0|0|0
RZ1|CHK|197|2|33|5|3|4|0|5|5|0|1|5
RZ1|198|2|Don|5|0|9|9905|1|1|0|0|0
RZ1|CHK|198|2|33|5|3|4|0|4|5|0|1|6
[Opponent] Attach 2 Don to Luffy & Ace ["ST30-001">ST30-001] (6 Total)
[Opponent] Luffy & Ace ["ST30-001">ST30-001] attacking Dracule Mihawk ["OP14-020">OP14-020]
Luffy & Ace ["ST30-001">ST30-001][12000] vs Dracule Mihawk ["OP14-020">OP14-020][5000]
Dracule Mihawk ["OP14-020">OP14-020] hit for 1 damage
RZ1|199|1|OP13-040|3|1|1|6|1|1|0|0|0
RZ1|CHK|199|1|32|7|3|1|1|5|7|0|1|4
[Opponent] Monkey D. Luffy ["ST21-014">ST21-014] attacking Dracule Mihawk ["OP14-020">OP14-020]
[You] Discard Vander Decken IX ["OP06-033">OP06-033] for Counter 1000
RZ1|200|1|OP06-033|1|3|6|7|1|1|0|0|0
RZ1|CHK|200|1|32|6|3|1|1|5|8|0|1|4
[You] Discard Kin'emon ["ST32-001">ST32-001] for Counter 1000
RZ1|201|1|ST32-001|1|4|6|8|1|1|0|0|0
RZ1|CHK|201|1|32|5|3|1|1|5|9|0|1|4
Monkey D. Luffy ["ST21-014">ST21-014][6000] vs Dracule Mihawk ["OP14-020">OP14-020][7000]
Attack Fails
[Opponent] Monkey D. Luffy ["ST21-014">ST21-014] attacking Dracule Mihawk ["OP14-020">OP14-020]
[You] Discard Otama ["OP07-022">OP07-022] for Counter 2000
RZ1|202|1|OP07-022|1|3|6|9|1|1|0|0|0
RZ1|CHK|202|1|32|4|3|1|1|5|10|0|1|4
Monkey D. Luffy ["ST21-014">ST21-014][6000] vs Dracule Mihawk ["OP14-020">OP14-020][7000]
Attack Fails
[Opponent] Monkey D. Luffy ["OP12-015">OP12-015] attacking Kin'emon ["ST32-001">ST32-001]
Monkey D. Luffy ["OP12-015">OP12-015][6000] vs Kin'emon ["ST32-001">ST32-001][2000]
[You] Kin'emon ["ST32-001">ST32-001] Destroyed
RZ1|203|1|ST32-001|2|0|6|10|1|1|0|0|0
RZ1|CHK|203|1|32|4|2|1|1|5|11|0|1|4
[] Hand: [OP12-037,OP04-016,OP01-030,ST31-005,ST31-005]
[] Board: [OP12-015,ST21-014,ST21-014]
[] Trash: [ST31-001,EB04-002,OP01-016,EB04-002,EB04-002]
[] Life: 4
[] Hand: [OP07-022,OP14-039,OP01-055,OP13-040]
[] Trash: [OP13-031,OP12-023,OP12-023,OP14-023,OP17-031,OP07-022,OP08-036,OP06-033,ST32-001,OP07-022,ST32-001]
[] Board: [OP17-031,OP17-031]
[] Life: 1
[Opponent] End Turn
[] Hand: [OP07-022,OP14-039,OP01-055,OP13-040]
[] Board: [OP17-031,OP17-031]
[] Trash: [OP13-031,OP12-023,OP12-023,OP14-023,OP17-031,OP07-022,OP08-036,OP06-033,ST32-001,OP07-022,ST32-001]
[] Life: 1
[] Hand: [OP12-037,OP04-016,OP01-030,ST31-005,ST31-005]
[] Trash: [ST31-001,EB04-002,OP01-016,EB04-002,EB04-002]
[] Board: [OP12-015,ST21-014,ST21-014]
[] Life: 4
RZ1|204|1|Don|9|9900|5|0|1|1|1|0|0
RZ1|CHK|204|1|32|4|2|1|1|6|11|0|1|3
RZ1|205|1|Don|9|0|5|0|1|1|1|0|0
RZ1|CHK|205|1|32|4|2|1|1|7|11|0|1|2
RZ1|206|1|Don|9|0|5|0|1|1|1|0|0
RZ1|CHK|206|1|32|4|2|1|1|8|11|0|1|1
RZ1|207|1|Don|9|0|5|0|1|1|1|0|0
RZ1|CHK|207|1|32|4|2|1|1|9|11|0|1|0
[You] Draw 1 Card
[] Drew card from deck: Coffin Boat ["OP14-039">OP14-039]
RZ1|208|1|OP14-039|0|31|1|4|1|1|0|0|0
RZ1|CHK|208|1|31|5|2|1|1|9|11|0|1|0
RZ1|209|1|Don|4|0|5|9|1|1|0|0|0
RZ1|CHK|209|1|31|5|2|1|0|10|11|0|1|0
[You] Draw 2 Don
RZ1|210|1|Don|5|0|5|0|1|1|1|0|0
RZ1|CHK|210|1|31|5|2|1|0|10|11|0|1|0
[You] Deploy Otama ["OP07-022">OP07-022]
RZ1|211|1|OP07-022|1|0|2|2|1|1|0|0|0
RZ1|CHK|211|1|31|4|3|1|0|10|11|0|1|0
RZ1|212|1|OP12-023|0|30|1|4|1|1|0|0|0
RZ1|CHK|212|1|30|5|3|1|0|10|11|0|1|0
[You] Otama ["OP07-022">OP07-022]: <b>Reveal and Draw Kawamatsu ["OP12-023">OP12-023]</b>
[You] Placing Cards on Bottom of Deck
RZ1|213|1|OP17-022|0|29|0|0|0|0|0|0|0
RZ1|CHK|213|1|30|5|3|1|0|10|11|0|1|0
RZ1|214|1|OP13-040|0|29|0|0|0|0|0|0|0
RZ1|CHK|214|1|30|5|3|1|0|10|11|0|1|0
RZ1|215|1|OP06-033|0|29|0|0|0|0|0|0|0
RZ1|CHK|215|1|30|5|3|1|0|10|11|0|1|0
RZ1|216|1|OP12-034|0|29|0|0|0|0|0|0|0
RZ1|CHK|216|1|30|5|3|1|0|10|11|0|1|0
RZ1|217|1|Don|5|1|5|1|1|1|1|0|0
RZ1|CHK|217|1|30|5|3|1|0|10|11|0|1|0
RZ1|218|1|Don|5|2|5|2|1|1|1|0|0
RZ1|CHK|218|1|30|5|3|1|0|10|11|0|1|0
RZ1|219|1|Don|5|3|5|3|1|1|1|0|0
RZ1|CHK|219|1|30|5|3|1|0|10|11|0|1|0
RZ1|220|1|Don|5|4|5|4|1|1|1|0|0
RZ1|CHK|220|1|30|5|3|1|0|10|11|0|1|0
RZ1|221|1|Don|5|5|5|5|1|1|1|0|0
RZ1|CHK|221|1|30|5|3|1|0|10|11|0|1|0
[You] Deploy Kawamatsu ["OP12-023">OP12-023]
RZ1|222|1|OP12-023|1|4|2|3|1|1|0|0|0
RZ1|CHK|222|1|30|4|4|1|0|10|11|0|1|0
RZ1|223|1|Don|5|6|9|9900|1|1|0|0|0
RZ1|CHK|223|1|30|4|4|1|0|9|11|0|1|1
[You] Attach 1 Don to Dracule Mihawk ["OP14-020">OP14-020] (1 Total)
RZ1|224|1|Don|5|6|9|9901|1|1|0|0|0
RZ1|CHK|224|1|30|4|4|1|0|8|11|0|1|2
RZ1|225|1|Don|5|6|9|9902|1|1|0|0|0
RZ1|CHK|225|1|30|4|4|1|0|7|11|0|1|3
[You] Attach 2 Don to Dracule Mihawk ["OP14-020">OP14-020] (3 Total)
RZ1|226|1|Don|5|6|9|9903|1|1|0|0|0
RZ1|CHK|226|1|30|4|4|1|0|6|11|0|1|4
[You] Attach 1 Don to Dracule Mihawk ["OP14-020">OP14-020] (4 Total)
[You] Dracule Mihawk ["OP14-020">OP14-020] attacking Monkey D. Luffy ["ST21-014">ST21-014]
[Opponent] Demonic Aura Nine-Sword Style Asura Dead Man's Game ["OP12-037">OP12-037]: Activate Counter
[Opponent] Demonic Aura Nine-Sword Style Asura Dead Man's Game ["OP12-037">OP12-037]: Rest 1 Don
RZ1|227|2|Don|5|0|5|0|1|1|1|0|0
RZ1|CHK|227|2|33|5|3|4|0|4|5|0|1|6
RZ1|228|2|OP12-037|1|0|6|5|1|1|0|0|0
RZ1|CHK|228|2|33|4|3|4|0|4|6|0|1|6
[Opponent] Demonic Aura Nine-Sword Style Asura Dead Man's Game ["OP12-037">OP12-037]: Buff Luffy & Ace ["ST30-001">ST30-001] 3000 for the Combat
RZ1|229|2|OP01-030|1|1|6|6|1|1|0|0|0
RZ1|CHK|229|2|33|3|3|4|0|4|7|0|1|6
[Opponent] Trash In Two Years!! At the Sabaody Archipelago!! ["OP01-030">OP01-030]
RZ1|230|2|OP04-016|1|0|6|7|1|1|0|0|0
RZ1|CHK|230|2|33|2|3|4|0|4|8|0|1|6
[Opponent] Bad Manners Kick Course ["OP04-016">OP04-016]: Counter 3000
Dracule Mihawk ["OP14-020">OP14-020][9000] vs Monkey D. Luffy ["ST21-014">ST21-014][12000]
Attack Fails
[] Hand: [OP14-039,OP01-055,OP13-040,OP14-039]
[] Board: [OP17-031,OP17-031,OP07-022,OP12-023]
[] Trash: [OP13-031,OP12-023,OP12-023,OP14-023,OP17-031,OP07-022,OP08-036,OP06-033,ST32-001,OP07-022,ST32-001]
[] Life: 1
[] Hand: [ST31-005,ST31-005]
[] Trash: [ST31-001,EB04-002,OP01-016,EB04-002,EB04-002,OP12-037,OP01-030,OP04-016]
[] Board: [OP12-015,ST21-014,ST21-014]
[] Life: 4
[You] End Turn
[] Hand: [ST31-005,ST31-005]
[] Board: [OP12-015,ST21-014,ST21-014]
[] Trash: [ST31-001,EB04-002,OP01-016,EB04-002,EB04-002,OP12-037,OP01-030,OP04-016]
[] Life: 4
[] Hand: [OP14-039,OP01-055,OP13-040,OP14-039]
[] Trash: [OP13-031,OP12-023,OP12-023,OP14-023,OP17-031,OP07-022,OP08-036,OP06-033,ST32-001,OP07-022,ST32-001]
[] Board: [OP17-031,OP17-031,OP07-022,OP12-023]
[] Life: 1
RZ1|231|2|Don|9|9900|5|0|1|1|1|0|0
RZ1|CHK|231|2|33|2|3|4|0|5|8|0|1|5
RZ1|232|2|Don|9|9900|5|0|1|1|1|0|0
RZ1|CHK|232|2|33|2|3|4|0|6|8|0|1|4
RZ1|233|2|Don|9|9900|5|0|1|1|1|0|0
RZ1|CHK|233|2|33|2|3|4|0|7|8|0|1|3
RZ1|234|2|Don|9|9900|5|0|1|1|1|0|0
RZ1|CHK|234|2|33|2|3|4|0|8|8|0|1|2
RZ1|235|2|Don|9|9900|5|0|1|1|1|0|0
RZ1|CHK|235|2|33|2|3|4|0|9|8|0|1|1
RZ1|236|2|Don|9|9900|5|0|1|1|1|0|0
RZ1|CHK|236|2|33|2|3|4|0|10|8|0|1|0
[Opponent] Draw 1 Card
[] Drew card from deck: Gurararararara! ["OP17-017">OP17-017]
RZ1|237|2|OP17-017|0|32|1|2|1|1|0|0|0
RZ1|CHK|237|2|32|3|3|4|0|10|8|0|1|0
RZ1|238|2|Don|5|0|9|9900|1|1|0|0|0
RZ1|CHK|238|2|32|3|3|4|0|9|8|0|1|1
RZ1|239|2|Don|5|0|9|9901|1|1|0|0|0
RZ1|CHK|239|2|32|3|3|4|0|8|8|0|1|2
[Opponent] Attach 2 Don to Luffy & Ace ["ST30-001">ST30-001] (2 Total)
[Opponent] Monkey D. Luffy ["OP12-015">OP12-015] attacking Dracule Mihawk ["OP14-020">OP14-020]
Monkey D. Luffy ["OP12-015">OP12-015][6000] vs Dracule Mihawk ["OP14-020">OP14-020][5000]
Dracule Mihawk ["OP14-020">OP14-020] hit for 1 damage
RZ1|240|1|ST32-002|3|0|1|4|1|1|0|0|0
RZ1|CHK|240|1|30|5|4|0|0|6|11|0|1|4
[Opponent] Luffy & Ace ["ST30-001">ST30-001] attacking Dracule Mihawk ["OP14-020">OP14-020]
Luffy & Ace ["ST30-001">ST30-001][8000] vs Dracule Mihawk ["OP14-020">OP14-020][5000]
Dracule Mihawk ["OP14-020">OP14-020] hit for 1 damage
[You] <b>Downloaded the Combat Log!</b>
GameOver