Version is 1.43a.3
[You] Leader is Dracule Mihawk ["OP14-020">OP14-020]
RZ1|HDR|1.43a|2|RZ1
RZ1|PLY|1||OP14-020
RZ1|PLY|2||
[Opponent] Leader is Portgas D. Ace ["OP16-001">OP16-001]
RZ1|1|2|OP16-118|0|12|0|0|0|0|0|0|0
RZ1|CHK|1|2|50|0|0|0|10|0|0|0|1|0
RZ1|2|2|OP17-017|0|43|0|1|0|0|0|0|0
RZ1|CHK|2|2|50|0|0|0|10|0|0|0|1|0
RZ1|3|2|OP17-006|0|33|0|2|0|0|0|0|0
RZ1|CHK|3|2|50|0|0|0|10|0|0|0|1|0
RZ1|4|2|OP17-006|0|33|0|3|0|0|0|0|0
RZ1|CHK|4|2|50|0|0|0|10|0|0|0|1|0
RZ1|5|2|OP17-005|0|39|0|4|0|0|0|0|0
RZ1|CHK|5|2|50|0|0|0|10|0|0|0|1|0
RZ1|6|2|OP16-021|0|46|0|5|0|0|0|0|0
RZ1|CHK|6|2|50|0|0|0|10|0|0|0|1|0
RZ1|7|2|OP16-118|0|18|0|6|0|0|0|0|0
RZ1|CHK|7|2|50|0|0|0|10|0|0|0|1|0
RZ1|8|2|OP16-004|0|33|0|7|0|0|0|0|0
RZ1|CHK|8|2|50|0|0|0|10|0|0|0|1|0
RZ1|9|2|OP10-015|0|13|0|8|0|0|0|0|0
RZ1|CHK|9|2|50|0|0|0|10|0|0|0|1|0
RZ1|10|2|OP17-005|0|41|0|9|0|0|0|0|0
RZ1|CHK|10|2|50|0|0|0|10|0|0|0|1|0
RZ1|11|2|OP17-017|0|44|0|10|0|0|0|0|0
RZ1|CHK|11|2|50|0|0|0|10|0|0|0|1|0
RZ1|12|2|OP16-004|0|35|0|11|0|0|0|0|0
RZ1|CHK|12|2|50|0|0|0|10|0|0|0|1|0
RZ1|13|2|OP16-014|0|30|0|12|0|0|0|0|0
RZ1|CHK|13|2|50|0|0|0|10|0|0|0|1|0
RZ1|14|2|OP16-004|0|36|0|13|0|0|0|0|0
RZ1|CHK|14|2|50|0|0|0|10|0|0|0|1|0
RZ1|15|2|OP10-015|0|19|0|14|0|0|0|0|0
RZ1|CHK|15|2|50|0|0|0|10|0|0|0|1|0
RZ1|16|2|OP13-016|0|16|0|15|0|0|0|0|0
RZ1|CHK|16|2|50|0|0|0|10|0|0|0|1|0
RZ1|17|2|OP16-015|0|22|0|16|0|0|0|0|0
RZ1|CHK|17|2|50|0|0|0|10|0|0|0|1|0
RZ1|18|2|OP17-017|0|44|0|17|0|0|0|0|0
RZ1|CHK|18|2|50|0|0|0|10|0|0|0|1|0
RZ1|19|2|ST23-001|0|33|0|18|0|0|0|0|0
RZ1|CHK|19|2|50|0|0|0|10|0|0|0|1|0
RZ1|20|2|OP17-006|0|39|0|19|0|0|0|0|0
RZ1|CHK|20|2|50|0|0|0|10|0|0|0|1|0
RZ1|21|2|OP17-006|0|39|0|20|0|0|0|0|0
RZ1|CHK|21|2|50|0|0|0|10|0|0|0|1|0
RZ1|22|2|OP10-015|0|24|0|21|0|0|0|0|0
RZ1|CHK|22|2|50|0|0|0|10|0|0|0|1|0
RZ1|23|2|OP16-021|0|49|0|22|0|0|0|0|0
RZ1|CHK|23|2|50|0|0|0|10|0|0|0|1|0
RZ1|24|2|OP17-005|0|44|0|23|0|0|0|0|0
RZ1|CHK|24|2|50|0|0|0|10|0|0|0|1|0
RZ1|25|2|OP16-003|0|42|0|24|0|0|0|0|0
RZ1|CHK|25|2|50|0|0|0|10|0|0|0|1|0
RZ1|26|2|OP16-011|0|35|0|25|0|0|0|0|0
RZ1|CHK|26|2|50|0|0|0|10|0|0|0|1|0
RZ1|27|2|OP16-014|0|36|0|26|0|0|0|0|0
RZ1|CHK|27|2|50|0|0|0|10|0|0|0|1|0
RZ1|28|2|OP16-014|0|37|0|27|0|0|0|0|0
RZ1|CHK|28|2|50|0|0|0|10|0|0|0|1|0
RZ1|29|2|OP16-015|0|34|0|28|0|0|0|0|0
RZ1|CHK|29|2|50|0|0|0|10|0|0|0|1|0
RZ1|30|2|OP16-011|0|37|0|29|0|0|0|0|0
RZ1|CHK|30|2|50|0|0|0|10|0|0|0|1|0
RZ1|31|2|OP16-015|0|34|0|30|0|0|0|0|0
RZ1|CHK|31|2|50|0|0|0|10|0|0|0|1|0
RZ1|32|2|OP16-015|0|35|0|31|0|0|0|0|0
RZ1|CHK|32|2|50|0|0|0|10|0|0|0|1|0
RZ1|33|2|OP16-003|0|44|0|32|0|0|0|0|0
RZ1|CHK|33|2|50|0|0|0|10|0|0|0|1|0
RZ1|34|2|OP17-005|0|45|0|33|0|0|0|0|0
RZ1|CHK|34|2|50|0|0|0|10|0|0|0|1|0
RZ1|35|2|OP13-016|0|35|0|34|0|0|0|0|0
RZ1|CHK|35|2|50|0|0|0|10|0|0|0|1|0
RZ1|36|2|ST23-001|0|41|0|35|0|0|0|0|0
RZ1|CHK|36|2|50|0|0|0|10|0|0|0|1|0
RZ1|37|2|OP16-021|0|49|0|36|0|0|0|0|0
RZ1|CHK|37|2|50|0|0|0|10|0|0|0|1|0
RZ1|38|2|ST23-001|0|43|0|37|0|0|0|0|0
RZ1|CHK|38|2|50|0|0|0|10|0|0|0|1|0
RZ1|39|2|OP16-003|0|46|0|38|0|0|0|0|0
RZ1|CHK|39|2|50|0|0|0|10|0|0|0|1|0
RZ1|40|2|OP10-015|0|41|0|39|0|0|0|0|0
RZ1|CHK|40|2|50|0|0|0|10|0|0|0|1|0
RZ1|41|2|OP16-014|0|44|0|41|0|0|0|0|0
RZ1|CHK|41|2|50|0|0|0|10|0|0|0|1|0
RZ1|42|2|OP16-118|0|44|0|42|0|0|0|0|0
RZ1|CHK|42|2|50|0|0|0|10|0|0|0|1|0
RZ1|43|2|OP16-021|0|49|0|44|0|0|0|0|0
RZ1|CHK|43|2|50|0|0|0|10|0|0|0|1|0
RZ1|44|2|OP16-004|0|47|0|45|0|0|0|0|0
RZ1|CHK|44|2|50|0|0|0|10|0|0|0|1|0
RZ1|45|2|ST30-016|0|49|0|47|0|0|0|0|0
RZ1|CHK|45|2|50|0|0|0|10|0|0|0|1|0
RZ1|46|2|ST30-016|0|49|0|48|0|0|0|0|0
RZ1|CHK|46|2|50|0|0|0|10|0|0|0|1|0
[] Drew card from deck: You Can Be My Samurai!!! ["OP01-055">OP01-055]
RZ1|47|1|OP01-055|0|49|1|0|1|1|0|0|0
RZ1|CHK|47|1|49|1|0|0|10|0|0|0|1|0
[] Drew card from deck: Shanks ["OP17-022">OP17-022]
RZ1|48|1|OP17-022|0|48|1|1|1|1|0|0|0
RZ1|CHK|48|1|48|2|0|0|10|0|0|0|1|0
[] Drew card from deck: Billion-fold World Trichiliocosm ["OP06-038">OP06-038]
RZ1|49|1|OP06-038|0|47|1|2|1|1|0|0|0
RZ1|CHK|49|1|47|3|0|0|10|0|0|0|1|0
[] Drew card from deck: Kouzuki Oden ["ST32-002">ST32-002]
RZ1|50|1|ST32-002|0|46|1|3|1|1|0|0|0
RZ1|CHK|50|1|46|4|0|0|10|0|0|0|1|0
[] Drew card from deck: Perona ["OP12-034">OP12-034]
RZ1|51|1|OP12-034|0|45|1|4|1|1|0|0|0
RZ1|CHK|51|1|45|5|0|0|10|0|0|0|1|0
[] Drew card from deck: Uta ["ST23-001">ST23-001]
RZ1|52|2|ST23-001|0|49|1|0|1|1|0|0|0
RZ1|CHK|52|2|49|1|0|0|10|0|0|0|1|0
[] Drew card from deck: Can You Still Fight, Luffy? Of Course!! ["ST30-016">ST30-016]
RZ1|53|2|ST30-016|0|48|1|1|1|1|0|0|0
RZ1|CHK|53|2|48|2|0|0|10|0|0|0|1|0
[] Drew card from deck: Can You Still Fight, Luffy? Of Course!! ["ST30-016">ST30-016]
RZ1|54|2|ST30-016|0|47|1|2|1|1|0|0|0
RZ1|CHK|54|2|47|3|0|0|10|0|0|0|1|0
[] Drew card from deck: Portgas D. Ace ["OP16-118">OP16-118]
RZ1|55|2|OP16-118|0|46|1|3|1|1|0|0|0
RZ1|CHK|55|2|46|4|0|0|10|0|0|0|1|0
[] Drew card from deck: Curiel ["OP16-004">OP16-004]
RZ1|56|2|OP16-004|0|45|1|4|1|1|0|0|0
RZ1|CHK|56|2|45|5|0|0|10|0|0|0|1|0
RZ1|57|1|OP06-038|0|44|3|0|1|0|0|0|0
RZ1|CHK|57|1|44|5|0|1|10|0|0|0|1|0
RZ1|58|1|OP06-038|0|43|3|1|1|0|0|0|0
RZ1|CHK|58|1|43|5|0|2|10|0|0|0|1|0
RZ1|59|1|OP13-031|0|42|3|2|1|0|0|0|0
RZ1|CHK|59|1|42|5|0|3|10|0|0|0|1|0
RZ1|60|1|ST32-003|0|41|3|3|1|0|0|0|0
RZ1|CHK|60|1|41|5|0|4|10|0|0|0|1|0
RZ1|61|1|OP06-038|0|40|3|4|1|0|0|0|0
RZ1|CHK|61|1|40|5|0|5|10|0|0|0|1|0
RZ1|62|2|ST23-001|1|0|0|45|0|0|0|0|0
RZ1|CHK|62|2|46|4|0|0|10|0|0|0|1|0
RZ1|63|2|ST30-016|1|0|0|46|0|0|0|0|0
RZ1|CHK|63|2|47|3|0|0|10|0|0|0|1|0
RZ1|64|2|ST30-016|1|0|0|47|0|0|0|0|0
RZ1|CHK|64|2|48|2|0|0|10|0|0|0|1|0
RZ1|65|2|OP16-118|1|0|0|48|0|0|0|0|0
RZ1|CHK|65|2|49|1|0|0|10|0|0|0|1|0
RZ1|66|2|OP16-004|1|0|0|49|0|0|0|0|0
RZ1|CHK|66|2|50|0|0|0|10|0|0|0|1|0
RZ1|67|2|OP16-015|0|31|0|1|0|0|0|0|0
RZ1|CHK|67|2|50|0|0|0|10|0|0|0|1|0
RZ1|68|2|OP16-004|0|14|0|2|0|0|0|0|0
RZ1|CHK|68|2|50|0|0|0|10|0|0|0|1|0
RZ1|69|2|OP10-015|0|22|0|4|0|0|0|0|0
RZ1|CHK|69|2|50|0|0|0|10|0|0|0|1|0
RZ1|70|2|OP17-006|0|21|0|5|0|0|0|0|0
RZ1|CHK|70|2|50|0|0|0|10|0|0|0|1|0
RZ1|71|2|OP10-015|0|12|0|6|0|0|0|0|0
RZ1|CHK|71|2|50|0|0|0|10|0|0|0|1|0
RZ1|72|2|OP10-015|0|39|0|7|0|0|0|0|0
RZ1|CHK|72|2|50|0|0|0|10|0|0|0|1|0
RZ1|73|2|OP17-005|0|10|0|8|0|0|0|0|0
RZ1|CHK|73|2|50|0|0|0|10|0|0|0|1|0
RZ1|74|2|OP16-118|0|42|0|9|0|0|0|0|0
RZ1|CHK|74|2|50|0|0|0|10|0|0|0|1|0
RZ1|75|2|OP13-016|0|36|0|10|0|0|0|0|0
RZ1|CHK|75|2|50|0|0|0|10|0|0|0|1|0
RZ1|76|2|OP16-021|0|26|0|11|0|0|0|0|0
RZ1|CHK|76|2|50|0|0|0|10|0|0|0|1|0
RZ1|77|2|ST23-001|0|45|0|12|0|0|0|0|0
RZ1|CHK|77|2|50|0|0|0|10|0|0|0|1|0
RZ1|78|2|OP17-005|0|37|0|13|0|0|0|0|0
RZ1|CHK|78|2|50|0|0|0|10|0|0|0|1|0
RZ1|79|2|ST23-001|0|38|0|14|0|0|0|0|0
RZ1|CHK|79|2|50|0|0|0|10|0|0|0|1|0
RZ1|80|2|OP17-006|0|29|0|15|0|0|0|0|0
RZ1|CHK|80|2|50|0|0|0|10|0|0|0|1|0
RZ1|81|2|OP16-003|0|31|0|16|0|0|0|0|0
RZ1|CHK|81|2|50|0|0|0|10|0|0|0|1|0
RZ1|82|2|OP16-004|0|21|0|17|0|0|0|0|0
RZ1|CHK|82|2|50|0|0|0|10|0|0|0|1|0
RZ1|83|2|OP16-004|0|49|0|18|0|0|0|0|0
RZ1|CHK|83|2|50|0|0|0|10|0|0|0|1|0
RZ1|84|2|ST23-001|0|31|0|20|0|0|0|0|0
RZ1|CHK|84|2|50|0|0|0|10|0|0|0|1|0
RZ1|85|2|OP16-015|0|38|0|21|0|0|0|0|0
RZ1|CHK|85|2|50|0|0|0|10|0|0|0|1|0
RZ1|86|2|OP16-011|0|34|0|22|0|0|0|0|0
RZ1|CHK|86|2|50|0|0|0|10|0|0|0|1|0
RZ1|87|2|OP16-118|0|25|0|23|0|0|0|0|0
RZ1|CHK|87|2|50|0|0|0|10|0|0|0|1|0
RZ1|88|2|OP16-021|0|40|0|24|0|0|0|0|0
RZ1|CHK|88|2|50|0|0|0|10|0|0|0|1|0
RZ1|89|2|OP10-015|0|31|0|26|0|0|0|0|0
RZ1|CHK|89|2|50|0|0|0|10|0|0|0|1|0
RZ1|90|2|ST30-016|0|48|0|27|0|0|0|0|0
RZ1|CHK|90|2|50|0|0|0|10|0|0|0|1|0
RZ1|91|2|OP16-021|0|47|0|29|0|0|0|0|0
RZ1|CHK|91|2|50|0|0|0|10|0|0|0|1|0
RZ1|92|2|OP16-004|0|32|0|30|0|0|0|0|0
RZ1|CHK|92|2|50|0|0|0|10|0|0|0|1|0
RZ1|93|2|OP16-014|0|39|0|31|0|0|0|0|0
RZ1|CHK|93|2|50|0|0|0|10|0|0|0|1|0
RZ1|94|2|OP17-017|0|33|0|32|0|0|0|0|0
RZ1|CHK|94|2|50|0|0|0|10|0|0|0|1|0
RZ1|95|2|ST30-016|0|48|0|34|0|0|0|0|0
RZ1|CHK|95|2|50|0|0|0|10|0|0|0|1|0
RZ1|96|2|OP16-003|0|43|0|35|0|0|0|0|0
RZ1|CHK|96|2|50|0|0|0|10|0|0|0|1|0
RZ1|97|2|OP13-016|0|48|0|36|0|0|0|0|0
RZ1|CHK|97|2|50|0|0|0|10|0|0|0|1|0
RZ1|98|2|OP16-011|0|44|0|37|0|0|0|0|0
RZ1|CHK|98|2|50|0|0|0|10|0|0|0|1|0
RZ1|99|2|OP16-015|0|44|0|38|0|0|0|0|0
RZ1|CHK|99|2|50|0|0|0|10|0|0|0|1|0
RZ1|100|2|ST23-001|0|45|0|39|0|0|0|0|0
RZ1|CHK|100|2|50|0|0|0|10|0|0|0|1|0
RZ1|101|2|OP16-003|0|46|0|40|0|0|0|0|0
RZ1|CHK|101|2|50|0|0|0|10|0|0|0|1|0
RZ1|102|2|OP17-005|0|45|0|42|0|0|0|0|0
RZ1|CHK|102|2|50|0|0|0|10|0|0|0|1|0
RZ1|103|2|OP16-118|0|49|0|43|0|0|0|0|0
RZ1|CHK|103|2|50|0|0|0|10|0|0|0|1|0
RZ1|104|2|OP16-014|0|47|0|44|0|0|0|0|0
RZ1|CHK|104|2|50|0|0|0|10|0|0|0|1|0
RZ1|105|2|OP16-014|0|49|0|47|0|0|0|0|0
RZ1|CHK|105|2|50|0|0|0|10|0|0|0|1|0
RZ1|106|2|OP13-016|0|49|0|48|0|0|0|0|0
RZ1|CHK|106|2|50|0|0|0|10|0|0|0|1|0
[] Drew card from deck: Gurararararara! ["OP17-017">OP17-017]
RZ1|107|2|OP17-017|0|49|1|0|1|1|0|0|0
RZ1|CHK|107|2|49|1|0|0|10|0|0|0|1|0
[] Drew card from deck: Monkey D. Garp ["OP13-016">OP13-016]
RZ1|108|2|OP13-016|0|48|1|1|1|1|0|0|0
RZ1|CHK|108|2|48|2|0|0|10|0|0|0|1|0
[] Drew card from deck: Marco ["OP16-014">OP16-014]
RZ1|109|2|OP16-014|0|47|1|2|1|1|0|0|0
RZ1|CHK|109|2|47|3|0|0|10|0|0|0|1|0
[] Drew card from deck: Monkey D. Luffy ["OP16-015">OP16-015]
RZ1|110|2|OP16-015|0|46|1|3|1|1|0|0|0
RZ1|CHK|110|2|46|4|0|0|10|0|0|0|1|0
[] Drew card from deck: Monkey D. Garp ["OP13-016">OP13-016]
RZ1|111|2|OP13-016|0|45|1|4|1|1|0|0|0
RZ1|CHK|111|2|45|5|0|0|10|0|0|0|1|0
RZ1|112|2|OP16-014|0|44|3|0|0|1|0|0|0
RZ1|CHK|112|2|44|5|0|1|10|0|0|0|1|0
RZ1|113|2|OP16-118|0|43|3|1|0|1|0|0|0
RZ1|CHK|113|2|43|5|0|2|10|0|0|0|1|0
RZ1|114|2|OP17-005|0|42|3|2|0|1|0|0|0
RZ1|CHK|114|2|42|5|0|3|10|0|0|0|1|0
RZ1|115|2|OP16-014|0|41|3|3|0|1|0|0|0
RZ1|CHK|115|2|41|5|0|4|10|0|0|0|1|0
RZ1|116|2|OP16-003|0|40|3|4|0|1|0|0|0
RZ1|CHK|116|2|40|5|0|5|10|0|0|0|1|0
[] Hand after Mulligan: [OP17-017,OP13-016,OP16-014,OP16-015,OP13-016]
[Opponent] Mulligan
[] Hand: [OP01-055,OP17-022,OP06-038,ST32-002,OP12-034]
[] Board: []
[] Trash: []
[] Life: 5
[] Hand: [OP17-017,OP13-016,OP16-014,OP16-015,OP13-016]
[] Trash: []
[] Board: []
[] Life: 5
RZ1|117|1|Don|4|9|5|0|1|1|0|0|0
RZ1|CHK|117|1|40|5|0|5|9|1|0|0|1|0
[You] Draw 1 Don
RZ1|118|1|Don|5|0|5|0|1|1|1|0|0
RZ1|CHK|118|1|40|5|0|5|9|1|0|0|1|0
[You] Deploy Perona ["OP12-034">OP12-034]
RZ1|119|1|OP12-034|1|4|2|0|1|1|0|0|0
RZ1|CHK|119|1|40|4|1|5|9|1|0|0|1|0
RZ1|120|1|ST32-001|0|36|1|4|1|1|0|0|0
RZ1|CHK|120|1|39|5|1|5|9|1|0|0|1|0
[You] Perona ["OP12-034">OP12-034]: <b>Reveal and Draw Kin'emon ["ST32-001">ST32-001]</b>
[You] Placing Cards on Bottom of Deck
RZ1|121|1|OP06-033|0|38|0|0|0|0|0|0|0
RZ1|CHK|121|1|39|5|1|5|9|1|0|0|1|0
RZ1|122|1|OP17-031|0|38|0|0|0|0|0|0|0
RZ1|CHK|122|1|39|5|1|5|9|1|0|0|1|0
RZ1|123|1|OP13-040|0|38|0|0|0|0|0|0|0
RZ1|CHK|123|1|39|5|1|5|9|1|0|0|1|0
RZ1|124|1|OP06-033|0|38|0|0|0|0|0|0|0
RZ1|CHK|124|1|39|5|1|5|9|1|0|0|1|0
[] Hand: [OP01-055,OP17-022,OP06-038,ST32-002,ST32-001]
[] Board: [OP12-034]
[] Trash: []
[] Life: 5
[] Hand: [OP17-017,OP13-016,OP16-014,OP16-015,OP13-016]
[] Trash: []
[] Board: []
[] Life: 5
[You] End Turn
[] Hand: [OP17-017,OP13-016,OP16-014,OP16-015,OP13-016]
[] Board: []
[] Trash: []
[] Life: 5
[] Hand: [OP01-055,OP17-022,OP06-038,ST32-002,ST32-001]
[] Trash: []
[] Board: [OP12-034]
[] Life: 5
[Opponent] Draw 1 Card
[] Drew card from deck: Uta ["ST23-001">ST23-001]
RZ1|125|2|ST23-001|0|39|1|5|1|1|0|0|0
RZ1|CHK|125|2|39|6|0|5|10|0|0|0|1|0
RZ1|126|2|Don|4|9|5|0|1|1|0|0|0
RZ1|CHK|126|2|39|6|0|5|9|1|0|0|1|0
RZ1|127|2|Don|4|8|5|1|1|1|0|0|0
RZ1|CHK|127|2|39|6|0|5|8|2|0|0|1|0
[Opponent] Draw 2 Don
RZ1|128|2|Don|5|0|5|0|1|1|1|0|0
RZ1|CHK|128|2|39|6|0|5|8|2|0|0|1|0
[Opponent] Deploy Monkey D. Garp ["OP13-016">OP13-016]
RZ1|129|2|OP13-016|1|4|2|0|1|1|0|0|0
RZ1|CHK|129|2|39|5|1|5|8|2|0|0|1|0
RZ1|130|2|OP16-003|0|35|1|5|1|1|0|0|0
RZ1|CHK|130|2|38|6|1|5|8|2|0|0|1|0
[Opponent] Monkey D. Garp ["OP13-016">OP13-016]: <b>Reveal and Draw Edward Newgate ["OP16-003">OP16-003]</b>
[Opponent] Placing Cards on Bottom of Deck
RZ1|131|2|OP16-015|0|37|0|0|0|0|0|0|0
RZ1|CHK|131|2|38|6|1|5|8|2|0|0|1|0
RZ1|132|2|OP16-011|0|37|0|0|0|0|0|0|0
RZ1|CHK|132|2|38|6|1|5|8|2|0|0|1|0
RZ1|133|2|OP13-016|0|37|0|0|0|0|0|0|0
RZ1|CHK|133|2|38|6|1|5|8|2|0|0|1|0
[] Hand: [OP17-017,OP13-016,OP16-014,OP16-015,ST23-001,OP16-003]
[] Board: [OP13-016]
[] Trash: []
[] Life: 5
[] Hand: [OP01-055,OP17-022,OP06-038,ST32-002,ST32-001]
[] Trash: []
[] Board: [OP12-034]
[] Life: 5
[Opponent] End Turn
[] Hand: [OP01-055,OP17-022,OP06-038,ST32-002,ST32-001]
[] Board: [OP12-034]
[] Trash: []
[] Life: 5
[] Hand: [OP17-017,OP13-016,OP16-014,OP16-015,ST23-001,OP16-003]
[] Trash: []
[] Board: [OP13-016]
[] Life: 5
[You] Draw 1 Card
[] Drew card from deck: Kouzuki Oden ["ST32-002">ST32-002]
RZ1|134|1|ST32-002|0|38|1|5|1|1|0|0|0
RZ1|CHK|134|1|38|6|1|5|9|1|0|0|1|0
RZ1|135|1|Don|4|8|5|1|1|1|0|0|0
RZ1|CHK|135|1|38|6|1|5|8|2|0|0|1|0
RZ1|136|1|Don|4|7|5|2|1|1|0|0|0
RZ1|CHK|136|1|38|6|1|5|7|3|0|0|1|0
[You] Draw 2 Don
[You] Dracule Mihawk ["OP14-020">OP14-020] attacking Portgas D. Ace ["OP16-001">OP16-001]
[Opponent] Gurararararara! ["OP17-017">OP17-017]: Activate Counter
[Opponent] Gurararararara! ["OP17-017">OP17-017]: Rest 1 Don
RZ1|137|2|Don|5|1|5|1|1|1|1|0|0
RZ1|CHK|137|2|38|6|1|5|8|2|0|0|1|0
RZ1|138|2|OP17-017|1|0|6|0|1|1|0|0|0
RZ1|CHK|138|2|38|5|1|5|8|2|1|0|1|0
[Opponent] Gurararararara! ["OP17-017">OP17-017]: Buff Portgas D. Ace ["OP16-001">OP16-001] 2000 for the Combat
Dracule Mihawk ["OP14-020">OP14-020][5000] vs Portgas D. Ace ["OP16-001">OP16-001][7000]
Attack Fails
RZ1|139|1|Don|5|0|5|0|1|1|1|0|0
RZ1|CHK|139|1|38|6|1|5|7|3|0|0|1|0
[You] Deploy Kin'emon ["ST32-001">ST32-001]
RZ1|140|1|ST32-001|1|4|2|1|1|1|0|0|0
RZ1|CHK|140|1|38|5|2|5|7|3|0|0|1|0
[You] Kin'emon ["ST32-001">ST32-001]: Rest Don ["Don">Don]
RZ1|141|1|Don|5|1|5|1|1|1|1|0|0
RZ1|CHK|141|1|38|5|2|5|7|3|0|0|1|0
[] Drew card from deck: Perona ["OP12-034">OP12-034]
RZ1|142|1|OP12-034|0|37|1|5|1|1|0|0|0
RZ1|CHK|142|1|37|6|2|5|7|3|0|0|1|0
[] Drew card from deck: Kouzuki Oden ["ST32-002">ST32-002]
RZ1|143|1|ST32-002|0|36|1|6|1|1|0|0|0
RZ1|CHK|143|1|36|7|2|5|7|3|0|0|1|0
[You] Kin'emon ["ST32-001">ST32-001]: Draw 2 Card
RZ1|144|1|ST32-002|1|3|6|0|1|1|0|0|0
RZ1|CHK|144|1|36|6|2|5|7|3|1|0|1|0
[You] Kin'emon ["ST32-001">ST32-001]: Trash Kouzuki Oden ["ST32-002">ST32-002]
RZ1|145|1|Don|5|2|5|2|1|1|1|0|0
RZ1|CHK|145|1|36|6|2|5|7|3|1|0|1|0
[You] Deploy Perona ["OP12-034">OP12-034]
RZ1|146|1|OP12-034|1|4|2|2|1|1|0|0|0
RZ1|CHK|146|1|36|5|3|5|7|3|1|0|1|0
RZ1|147|1|ST32-001|0|35|1|5|1|1|0|0|0
RZ1|CHK|147|1|35|6|3|5|7|3|1|0|1|0
[You] Perona ["OP12-034">OP12-034]: <b>Reveal and Draw Kin'emon ["ST32-001">ST32-001]</b>
[You] Placing Cards on Bottom of Deck
RZ1|148|1|OP17-031|0|34|0|0|0|0|0|0|0
RZ1|CHK|148|1|35|6|3|5|7|3|1|0|1|0
RZ1|149|1|OP13-040|0|34|0|0|0|0|0|0|0
RZ1|CHK|149|1|35|6|3|5|7|3|1|0|1|0
RZ1|150|1|OP07-022|0|34|0|0|0|0|0|0|0
RZ1|CHK|150|1|35|6|3|5|7|3|1|0|1|0
RZ1|151|1|OP14-023|0|34|0|0|0|0|0|0|0
RZ1|CHK|151|1|35|6|3|5|7|3|1|0|1|0
[] Hand: [OP01-055,OP17-022,OP06-038,ST32-002,ST32-002,ST32-001]
[] Board: [OP12-034,ST32-001,OP12-034]
[] Trash: [ST32-002]
[] Life: 5
[] Hand: [OP13-016,OP16-014,OP16-015,ST23-001,OP16-003]
[] Trash: [OP17-017]
[] Board: [OP13-016]
[] Life: 5
[You] End Turn
[] Hand: [OP13-016,OP16-014,OP16-015,ST23-001,OP16-003]
[] Board: [OP13-016]
[] Trash: [OP17-017]
[] Life: 5
[] Hand: [OP01-055,OP17-022,OP06-038,ST32-002,ST32-002,ST32-001]
[] Trash: [ST32-002]
[] Board: [OP12-034,ST32-001,OP12-034]
[] Life: 5
[Opponent] Draw 1 Card
[] Drew card from deck: Can You Still Fight, Luffy? Of Course!! ["ST30-016">ST30-016]
RZ1|152|2|ST30-016|0|37|1|5|1|1|0|0|0
RZ1|CHK|152|2|37|6|1|5|8|2|1|0|1|0
RZ1|153|2|Don|4|7|5|2|1|1|0|0|0
RZ1|CHK|153|2|37|6|1|5|7|3|1|0|1|0
RZ1|154|2|Don|4|6|5|3|1|1|0|0|0
RZ1|CHK|154|2|37|6|1|5|6|4|1|0|1|0
[Opponent] Draw 2 Don
RZ1|155|2|Don|5|0|5|0|1|1|1|0|0
RZ1|CHK|155|2|37|6|1|5|6|4|1|0|1|0
RZ1|156|2|Don|5|1|5|1|1|1|1|0|0
RZ1|CHK|156|2|37|6|1|5|6|4|1|0|1|0
RZ1|157|2|Don|5|2|5|2|1|1|1|0|0
RZ1|CHK|157|2|37|6|1|5|6|4|1|0|1|0
RZ1|158|2|Don|5|3|5|3|1|1|1|0|0
RZ1|CHK|158|2|37|6|1|5|6|4|1|0|1|0
[Opponent] Deploy Monkey D. Luffy ["OP16-015">OP16-015]
RZ1|159|2|OP16-015|1|2|2|1|1|1|0|0|0
RZ1|CHK|159|2|37|5|2|5|6|4|1|0|1|0
[Opponent] Portgas D. Ace ["OP16-001">OP16-001] attacking Dracule Mihawk ["OP14-020">OP14-020]
Portgas D. Ace ["OP16-001">OP16-001][5000] vs Dracule Mihawk ["OP14-020">OP14-020][5000]
Dracule Mihawk ["OP14-020">OP14-020] hit for 1 damage
RZ1|160|1|OP06-038|3|4|1|6|1|1|0|0|0
RZ1|CHK|160|1|35|7|3|4|7|3|1|0|1|0
[You] Billion-fold World Trichiliocosm ["OP06-038">OP06-038]: Activate Trigger
RZ1|161|1|OP06-038|1|6|6|1|1|1|0|0|0
RZ1|CHK|161|1|35|6|3|4|7|3|2|0|1|0
[] Hand: [OP13-016,OP16-014,ST23-001,OP16-003,ST30-016]
[] Board: [OP13-016,OP16-015]
[] Trash: [OP17-017]
[] Life: 5
[] Hand: [OP01-055,OP17-022,OP06-038,ST32-002,ST32-002,ST32-001]
[] Trash: [ST32-002,OP06-038]
[] Board: [OP12-034,ST32-001,OP12-034]
[] Life: 4
[Opponent] End Turn
[] Hand: [OP01-055,OP17-022,OP06-038,ST32-002,ST32-002,ST32-001]
[] Board: [OP12-034,ST32-001,OP12-034]
[] Trash: [ST32-002,OP06-038]
[] Life: 4
[] Hand: [OP13-016,OP16-014,ST23-001,OP16-003,ST30-016]
[] Trash: [OP17-017]
[] Board: [OP13-016,OP16-015]
[] Life: 5
[You] Draw 1 Card
[] Drew card from deck: Yasopp ["OP17-031">OP17-031]
RZ1|162|1|OP17-031|0|34|1|6|1|1|0|0|0
RZ1|CHK|162|1|34|7|3|4|7|3|2|0|1|0
RZ1|163|1|Don|4|6|5|3|1|1|0|0|0
RZ1|CHK|163|1|34|7|3|4|6|4|2|0|1|0
RZ1|164|1|Don|4|5|5|4|1|1|0|0|0
RZ1|CHK|164|1|34|7|3|4|5|5|2|0|1|0
[You] Draw 2 Don
RZ1|165|1|Don|5|0|5|0|1|1|1|0|0
RZ1|CHK|165|1|34|7|3|4|5|5|2|0|1|0
RZ1|166|1|Don|5|1|5|1|1|1|1|0|0
RZ1|CHK|166|1|34|7|3|4|5|5|2|0|1|0
RZ1|167|1|Don|5|2|5|2|1|1|1|0|0
RZ1|CHK|167|1|34|7|3|4|5|5|2|0|1|0
RZ1|168|1|Don|5|3|5|3|1|1|1|0|0
RZ1|CHK|168|1|34|7|3|4|5|5|2|0|1|0
RZ1|169|1|Don|5|4|5|4|1|1|1|0|0
RZ1|CHK|169|1|34|7|3|4|5|5|2|0|1|0
[You] Deploy Yasopp ["OP17-031">OP17-031]
RZ1|170|1|OP17-031|1|6|2|3|1|1|0|0|0
RZ1|CHK|170|1|34|6|4|4|5|5|2|0|1|0
[] Drew card from deck: Otama ["OP07-022">OP07-022]
RZ1|171|1|OP07-022|0|33|1|6|1|1|0|0|0
RZ1|CHK|171|1|33|7|4|4|5|5|2|0|1|0
[You] Yasopp ["OP17-031">OP17-031]: Draw 1 Card
[You] Yasopp ["OP17-031">OP17-031]: Rest Monkey D. Luffy ["OP16-015">OP16-015]
[You] Dracule Mihawk ["OP14-020">OP14-020] attacking Portgas D. Ace ["OP16-001">OP16-001]
Dracule Mihawk ["OP14-020">OP14-020][5000] vs Portgas D. Ace ["OP16-001">OP16-001][5000]
Portgas D. Ace ["OP16-001">OP16-001] hit for 1 damage
RZ1|172|2|OP16-003|3|4|1|5|1|1|0|0|0
RZ1|CHK|172|2|37|6|2|4|6|4|1|0|1|0
[You] Dracule Mihawk ["OP14-020">OP14-020]: Rest Perona ["OP12-034">OP12-034]
[You] Dracule Mihawk ["OP14-020">OP14-020]: Activate 1 Don
RZ1|173|1|Don|5|4|5|4|1|1|0|0|0
RZ1|CHK|173|1|33|7|4|4|5|5|2|0|1|0
[You] Dracule Mihawk ["OP14-020">OP14-020]: Activate 1 Don
RZ1|174|1|Don|5|3|5|3|1|1|0|0|0
RZ1|CHK|174|1|33|7|4|4|5|5|2|0|1|0
[You] Dracule Mihawk ["OP14-020">OP14-020]: Activate 1 Don
RZ1|175|1|Don|5|2|5|2|1|1|0|0|0
RZ1|CHK|175|1|33|7|4|4|5|5|2|0|1|0
[You] Dracule Mihawk ["OP14-020">OP14-020]: Can't play Cost 1 Or More Characters for the Turn!
RZ1|176|1|Don|5|2|9|200|1|1|0|0|0
RZ1|CHK|176|1|33|7|4|4|5|4|2|0|1|1
RZ1|177|1|Don|5|2|9|201|1|1|0|0|0
RZ1|CHK|177|1|33|7|4|4|5|3|2|0|1|2
RZ1|178|1|Don|5|2|9|202|1|1|0|0|0
RZ1|CHK|178|1|33|7|4|4|5|2|2|0|1|3
[You] Attach 3 Don to Perona ["OP12-034">OP12-034] (3 Total)
[You] Perona ["OP12-034">OP12-034] attacking Portgas D. Ace ["OP16-001">OP16-001]
Perona ["OP12-034">OP12-034][5000] vs Portgas D. Ace ["OP16-001">OP16-001][5000]
Portgas D. Ace ["OP16-001">OP16-001] hit for 1 damage
RZ1|179|2|OP16-014|3|3|1|6|1|1|0|0|0
RZ1|CHK|179|2|37|7|2|3|6|4|1|0|1|0
[] Hand: [OP01-055,OP17-022,OP06-038,ST32-002,ST32-002,ST32-001,OP07-022]
[] Board: [OP12-034,ST32-001,OP12-034,OP17-031]
[] Trash: [ST32-002,OP06-038]
[] Life: 4
[] Hand: [OP13-016,OP16-014,ST23-001,OP16-003,ST30-016,OP16-003,OP16-014]
[] Trash: [OP17-017]
[] Board: [OP13-016,OP16-015]
[] Life: 3
[You] End Turn
[] Hand: [OP13-016,OP16-014,ST23-001,OP16-003,ST30-016,OP16-003,OP16-014]
[] Board: [OP13-016,OP16-015]
[] Trash: [OP17-017]
[] Life: 3
[] Hand: [OP01-055,OP17-022,OP06-038,ST32-002,ST32-002,ST32-001,OP07-022]
[] Trash: [ST32-002,OP06-038]
[] Board: [OP12-034,ST32-001,OP12-034,OP17-031]
[] Life: 4
[Opponent] Draw 1 Card
[] Drew card from deck: Edward Newgate ["OP17-005">OP17-005]
RZ1|180|2|OP17-005|0|36|1|7|1|1|0|0|0
RZ1|CHK|180|2|36|8|2|3|6|4|1|0|1|0
RZ1|181|2|Don|4|5|5|4|1|1|0|0|0
RZ1|CHK|181|2|36|8|2|3|5|5|1|0|1|0
RZ1|182|2|Don|4|4|5|5|1|1|0|0|0
RZ1|CHK|182|2|36|8|2|3|4|6|1|0|1|0
[Opponent] Draw 2 Don
[Opponent] Monkey D. Luffy ["OP16-015">OP16-015] attacking Dracule Mihawk ["OP14-020">OP14-020]
[You] Discard Otama ["OP07-022">OP07-022] for Counter 2000
RZ1|183|1|OP07-022|1|6|6|2|1|1|0|0|0
RZ1|CHK|183|1|33|6|4|4|5|2|3|0|1|3
Monkey D. Luffy ["OP16-015">OP16-015][6000] vs Dracule Mihawk ["OP14-020">OP14-020][7000]
Attack Fails
[Opponent] Monkey D. Garp ["OP13-016">OP13-016] attacking Perona ["OP12-034">OP12-034]
[You] Discard Kouzuki Oden ["ST32-002">ST32-002] for Counter 1000
RZ1|184|1|ST32-002|1|3|6|3|1|1|0|0|0
RZ1|CHK|184|1|33|5|4|4|5|2|4|0|1|3
Monkey D. Garp ["OP13-016">OP13-016][2000] vs Perona ["OP12-034">OP12-034][3000]
Attack Fails
[Opponent] Portgas D. Ace ["OP16-001">OP16-001] attacking Perona ["OP12-034">OP12-034]
Portgas D. Ace ["OP16-001">OP16-001][5000] vs Perona ["OP12-034">OP12-034][2000]
[You] Perona ["OP12-034">OP12-034] Destroyed
RZ1|185|1|OP12-034|2|0|6|4|1|1|0|0|0
RZ1|CHK|185|1|33|5|3|4|5|2|5|0|1|3
RZ1|186|2|Don|5|0|5|0|1|1|1|0|0
RZ1|CHK|186|2|36|8|2|3|4|6|1|0|1|0
RZ1|187|2|Don|5|1|5|1|1|1|1|0|0
RZ1|CHK|187|2|36|8|2|3|4|6|1|0|1|0
RZ1|188|2|Don|5|2|5|2|1|1|1|0|0
RZ1|CHK|188|2|36|8|2|3|4|6|1|0|1|0
RZ1|189|2|Don|5|3|5|3|1|1|1|0|0
RZ1|CHK|189|2|36|8|2|3|4|6|1|0|1|0
RZ1|190|2|Don|5|4|5|4|1|1|1|0|0
RZ1|CHK|190|2|36|8|2|3|4|6|1|0|1|0
RZ1|191|2|Don|5|5|5|5|1|1|1|0|0
RZ1|CHK|191|2|36|8|2|3|4|6|1|0|1|0
[Opponent] Deploy Marco ["OP16-014">OP16-014]
RZ1|192|2|OP16-014|1|1|2|2|1|1|0|0|0
RZ1|CHK|192|2|36|7|3|3|4|6|1|0|1|0
[Opponent] Portgas D. Ace ["OP16-001">OP16-001]: Give Marco ["OP16-014">OP16-014] Rush
[Opponent] Marco ["OP16-014">OP16-014] attacking Dracule Mihawk ["OP14-020">OP14-020]
Marco ["OP16-014">OP16-014][8000] vs Dracule Mihawk ["OP14-020">OP14-020][5000]
Dracule Mihawk ["OP14-020">OP14-020] hit for 1 damage
RZ1|193|1|ST32-003|3|3|1|5|1|1|0|0|0
RZ1|CHK|193|1|33|6|3|3|5|2|5|0|1|3
[] Hand: [OP13-016,ST23-001,OP16-003,ST30-016,OP16-003,OP16-014,OP17-005]
[] Board: [OP13-016,OP16-015,OP16-014]
[] Trash: [OP17-017]
[] Life: 3
[] Hand: [OP01-055,OP17-022,OP06-038,ST32-002,ST32-001,ST32-003]
[] Trash: [ST32-002,OP06-038,OP07-022,ST32-002,OP12-034]
[] Board: [ST32-001,OP12-034,OP17-031]
[] Life: 3
[Opponent] End Turn
[] Hand: [OP01-055,OP17-022,OP06-038,ST32-002,ST32-001,ST32-003]
[] Board: [ST32-001,OP12-034,OP17-031]
[] Trash: [ST32-002,OP06-038,OP07-022,ST32-002,OP12-034]
[] Life: 3
[] Hand: [OP13-016,ST23-001,OP16-003,ST30-016,OP16-003,OP16-014,OP17-005]
[] Trash: [OP17-017]
[] Board: [OP13-016,OP16-015,OP16-014]
[] Life: 3
RZ1|194|1|Don|9|100|5|0|1|1|1|0|0
RZ1|CHK|194|1|33|6|3|3|5|3|5|0|1|2
RZ1|195|1|Don|9|100|5|0|1|1|1|0|0
RZ1|CHK|195|1|33|6|3|3|5|4|5|0|1|1
RZ1|196|1|Don|9|100|5|0|1|1|1|0|0
RZ1|CHK|196|1|33|6|3|3|5|5|5|0|1|0
[You] Draw 1 Card
[] Drew card from deck: Yasopp ["OP17-031">OP17-031]
RZ1|197|1|OP17-031|0|32|1|6|1|1|0|0|0
RZ1|CHK|197|1|32|7|3|3|5|5|5|0|1|0
RZ1|198|1|Don|4|4|5|5|1|1|0|0|0
RZ1|CHK|198|1|32|7|3|3|4|6|5|0|1|0
RZ1|199|1|Don|4|3|5|6|1|1|0|0|0
RZ1|CHK|199|1|32|7|3|3|3|7|5|0|1|0
[You] Draw 2 Don
RZ1|200|1|Don|5|0|5|0|1|1|1|0|0
RZ1|CHK|200|1|32|7|3|3|3|7|5|0|1|0
RZ1|201|1|Don|5|1|5|1|1|1|1|0|0
RZ1|CHK|201|1|32|7|3|3|3|7|5|0|1|0
RZ1|202|1|Don|5|2|5|2|1|1|1|0|0
RZ1|CHK|202|1|32|7|3|3|3|7|5|0|1|0
RZ1|203|1|Don|5|3|5|3|1|1|1|0|0
RZ1|CHK|203|1|32|7|3|3|3|7|5|0|1|0
RZ1|204|1|Don|5|4|5|4|1|1|1|0|0
RZ1|CHK|204|1|32|7|3|3|3|7|5|0|1|0
RZ1|205|1|Don|5|5|5|5|1|1|1|0|0
RZ1|CHK|205|1|32|7|3|3|3|7|5|0|1|0
[You] Deploy Dracule Mihawk ["ST32-003">ST32-003]
RZ1|206|1|ST32-003|1|5|2|3|1|1|0|0|0
RZ1|CHK|206|1|32|6|4|3|3|7|5|0|1|0
RZ1|207|1|ST32-002|1|3|2|4|1|1|0|0|0
RZ1|CHK|207|1|32|5|5|3|3|7|5|0|1|0
[You] Dracule Mihawk ["ST32-003">ST32-003]: Deploy Kouzuki Oden ["ST32-002">ST32-002]
[] Drew card from deck: Kin'emon ["ST32-001">ST32-001]
RZ1|208|1|ST32-001|0|31|1|5|1|1|0|0|0
RZ1|CHK|208|1|31|6|5|3|3|7|5|0|1|0
[You] Kouzuki Oden ["ST32-002">ST32-002]: Draw 1 Card
[You] Kouzuki Oden ["ST32-002">ST32-002]: Marco ["OP16-014">OP16-014] can't be rested until next turn ends
[You] Dracule Mihawk ["OP14-020">OP14-020] attacking Portgas D. Ace ["OP16-001">OP16-001]
RZ1|209|2|OP16-014|1|5|6|1|1|1|0|0|0
RZ1|CHK|209|2|36|6|3|3|4|6|2|0|1|0
[Opponent] Monkey D. Luffy ["OP16-015">OP16-015]: Trash Marco ["OP16-014">OP16-014]
[Opponent] Monkey D. Luffy ["OP16-015">OP16-015]: Set Monkey D. Luffy ["OP16-015">OP16-015] Base Power to 1000
[Opponent] Monkey D. Luffy ["OP16-015">OP16-015]: Set Portgas D. Ace ["OP16-001">OP16-001] Base Power to 2000
Dracule Mihawk ["OP14-020">OP14-020][5000] vs Portgas D. Ace ["OP16-001">OP16-001][7000]
Attack Fails
RZ1|210|1|Don|5|6|9|200|1|1|0|0|0
RZ1|CHK|210|1|31|6|5|3|3|6|5|0|1|1
[You] Attach 1 Don to Yasopp ["OP17-031">OP17-031] (1 Total)
[You] Yasopp ["OP17-031">OP17-031] attacking Portgas D. Ace ["OP16-001">OP16-001]
[Opponent] Discard Monkey D. Garp ["OP13-016">OP13-016] for Counter 1000
RZ1|211|2|OP13-016|1|0|6|2|1|1|0|0|0
RZ1|CHK|211|2|36|5|3|3|4|6|3|0|1|0
Yasopp ["OP17-031">OP17-031][7000] vs Portgas D. Ace ["OP16-001">OP16-001][8000]
Attack Fails
[You] Perona ["OP12-034">OP12-034] attacking Monkey D. Garp ["OP13-016">OP13-016]
[Opponent] Discard Uta ["ST23-001">ST23-001] for Counter 2000
RZ1|212|2|ST23-001|1|0|6|3|1|1|0|0|0
RZ1|CHK|212|2|36|4|3|3|4|6|4|0|1|0
Perona ["OP12-034">OP12-034][2000] vs Monkey D. Garp ["OP13-016">OP13-016][4000]
Attack Fails
[You] Kin'emon ["ST32-001">ST32-001] attacking Monkey D. Garp ["OP13-016">OP13-016]
Kin'emon ["ST32-001">ST32-001][2000] vs Monkey D. Garp ["OP13-016">OP13-016][2000]
[Opponent] Monkey D. Garp ["OP13-016">OP13-016] Destroyed
RZ1|213|2|OP13-016|2|0|6|4|1|1|0|0|0
RZ1|CHK|213|2|36|4|2|3|4|6|5|0|1|0
[You] Dracule Mihawk ["OP14-020">OP14-020]: Rest Dracule Mihawk ["ST32-003">ST32-003]
[You] Dracule Mihawk ["OP14-020">OP14-020]: Activate 1 Don
RZ1|214|1|Don|5|5|5|5|1|1|0|0|0
RZ1|CHK|214|1|31|6|5|3|3|6|5|0|1|1
[You] Dracule Mihawk ["OP14-020">OP14-020]: Activate 1 Don
RZ1|215|1|Don|5|4|5|4|1|1|0|0|0
RZ1|CHK|215|1|31|6|5|3|3|6|5|0|1|1
[You] Dracule Mihawk ["OP14-020">OP14-020]: Activate 1 Don
RZ1|216|1|Don|5|3|5|3|1|1|0|0|0
RZ1|CHK|216|1|31|6|5|3|3|6|5|0|1|1
[You] Dracule Mihawk ["OP14-020">OP14-020]: Can't play Cost 1 Or More Characters for the Turn!
[] Drew card from deck: Otama ["OP07-022">OP07-022]
RZ1|217|1|OP07-022|0|30|1|6|1|1|0|0|0
RZ1|CHK|217|1|30|7|5|3|3|6|5|0|1|1
[You] Dracule Mihawk ["ST32-003">ST32-003]: Draw 1 Card
RZ1|218|1|OP17-031|1|4|6|5|1|1|0|0|0
RZ1|CHK|218|1|30|6|5|3|3|6|6|0|1|1
[You] Dracule Mihawk ["ST32-003">ST32-003]: Trash Yasopp ["OP17-031">OP17-031]
[You] Yasopp ["OP17-031">OP17-031]: Set Yasopp ["OP17-031">OP17-031] to Active
[] Hand: [OP01-055,OP17-022,OP06-038,ST32-001,ST32-001,OP07-022]
[] Board: [ST32-001,OP12-034,OP17-031,ST32-003,ST32-002]
[] Trash: [ST32-002,OP06-038,OP07-022,ST32-002,OP12-034,OP17-031]
[] Life: 3
[] Hand: [OP16-003,ST30-016,OP16-003,OP17-005]
[] Trash: [OP17-017,OP16-014,OP13-016,ST23-001,OP13-016]
[] Board: [OP16-015,OP16-014]
[] Life: 3
[You] End Turn
[] Hand: [OP16-003,ST30-016,OP16-003,OP17-005]
[] Board: [OP16-015,OP16-014]
[] Trash: [OP17-017,OP16-014,OP13-016,ST23-001,OP13-016]
[] Life: 3
[] Hand: [OP01-055,OP17-022,OP06-038,ST32-001,ST32-001,OP07-022]
[] Trash: [ST32-002,OP06-038,OP07-022,ST32-002,OP12-034,OP17-031]
[] Board: [ST32-001,OP12-034,OP17-031,ST32-003,ST32-002]
[] Life: 3
[Opponent] Draw 1 Card
[] Drew card from deck: Gurararararara! ["OP17-017">OP17-017]
RZ1|219|2|OP17-017|0|35|1|4|1|1|0|0|0
RZ1|CHK|219|2|35|5|2|3|4|6|5|0|1|0
RZ1|220|2|Don|4|3|5|6|1|1|0|0|0
RZ1|CHK|220|2|35|5|2|3|3|7|5|0|1|0
RZ1|221|2|Don|4|2|5|7|1|1|0|0|0
RZ1|CHK|221|2|35|5|2|3|2|8|5|0|1|0
[Opponent] Draw 2 Don
RZ1|222|2|Don|5|0|5|0|1|1|1|0|0
RZ1|CHK|222|2|35|5|2|3|2|8|5|0|1|0
RZ1|223|2|Don|5|1|5|1|1|1|1|0|0
RZ1|CHK|223|2|35|5|2|3|2|8|5|0|1|0
RZ1|224|2|Don|5|2|5|2|1|1|1|0|0
RZ1|CHK|224|2|35|5|2|3|2|8|5|0|1|0
RZ1|225|2|Don|5|3|5|3|1|1|1|0|0
RZ1|CHK|225|2|35|5|2|3|2|8|5|0|1|0
RZ1|226|2|Don|5|4|5|4|1|1|1|0|0
RZ1|CHK|226|2|35|5|2|3|2|8|5|0|1|0
RZ1|227|2|Don|5|5|5|5|1|1|1|0|0
RZ1|CHK|227|2|35|5|2|3|2|8|5|0|1|0
RZ1|228|2|Don|5|6|5|6|1|1|1|0|0
RZ1|CHK|228|2|35|5|2|3|2|8|5|0|1|0
RZ1|229|2|Don|5|7|5|7|1|1|1|0|0
RZ1|CHK|229|2|35|5|2|3|2|8|5|0|1|0
[Opponent] Deploy Edward Newgate ["OP16-003">OP16-003]
RZ1|230|2|OP16-003|1|2|2|2|1|1|0|0|0
RZ1|CHK|230|2|35|4|3|3|2|8|5|0|1|0
[Opponent] Monkey D. Luffy ["OP16-015">OP16-015] attacking Dracule Mihawk ["OP14-020">OP14-020]
[You] Billion-fold World Trichiliocosm ["OP06-038">OP06-038]: Activate Counter
[You] Billion-fold World Trichiliocosm ["OP06-038">OP06-038]: Rest 1 Don
RZ1|231|1|Don|5|3|5|3|1|1|1|0|0
RZ1|CHK|231|1|30|6|5|3|3|6|6|0|1|1
RZ1|232|1|OP06-038|1|2|6|6|1|1|0|0|0
RZ1|CHK|232|1|30|5|5|3|3|6|7|0|1|1
[You] Billion-fold World Trichiliocosm ["OP06-038">OP06-038]: Buff Dracule Mihawk ["OP14-020">OP14-020] 2000 for the Combat
[You] Billion-fold World Trichiliocosm ["OP06-038">OP06-038]: Buff Dracule Mihawk ["OP14-020">OP14-020] 2000 for the Combat
Monkey D. Luffy ["OP16-015">OP16-015][6000] vs Dracule Mihawk ["OP14-020">OP14-020][9000]
Attack Fails
[Opponent] Portgas D. Ace ["OP16-001">OP16-001] attacking Dracule Mihawk ["OP14-020">OP14-020]
[You] Discard Kin'emon ["ST32-001">ST32-001] for Counter 1000
RZ1|233|1|ST32-001|1|2|6|7|1|1|0|0|0
RZ1|CHK|233|1|30|4|5|3|3|6|8|0|1|1
[You] Discard Kin'emon ["ST32-001">ST32-001] for Counter 1000
RZ1|234|1|ST32-001|1|2|6|8|1|1|0|0|0
RZ1|CHK|234|1|30|3|5|3|3|6|9|0|1|1
[You] Discard Otama ["OP07-022">OP07-022] for Counter 2000
RZ1|235|1|OP07-022|1|2|6|9|1|1|0|0|0
RZ1|CHK|235|1|30|2|5|3|3|6|10|0|1|1
Portgas D. Ace ["OP16-001">OP16-001][7000] vs Dracule Mihawk ["OP14-020">OP14-020][9000]
Attack Fails
[Opponent] Portgas D. Ace ["OP16-001">OP16-001]: Give Edward Newgate ["OP16-003">OP16-003] Rush
[Opponent] Edward Newgate ["OP16-003">OP16-003] attacking Dracule Mihawk ["ST32-003">ST32-003]
Edward Newgate ["OP16-003">OP16-003][10000] vs Dracule Mihawk ["ST32-003">ST32-003][7000]
[You] Dracule Mihawk ["ST32-003">ST32-003] Destroyed
RZ1|236|1|ST32-003|2|3|6|10|1|1|0|0|0
RZ1|CHK|236|1|30|2|4|3|3|6|11|0|1|1
[] Hand: [OP16-003,ST30-016,OP17-005,OP17-017]
[] Board: [OP16-015,OP16-014,OP16-003]
[] Trash: [OP17-017,OP16-014,OP13-016,ST23-001,OP13-016]
[] Life: 3
[] Hand: [OP01-055,OP17-022]
[] Trash: [ST32-002,OP06-038,OP07-022,ST32-002,OP12-034,OP17-031,OP06-038,ST32-001,ST32-001,OP07-022,ST32-003]
[] Board: [ST32-001,OP12-034,OP17-031,ST32-002]
[] Life: 3
[Opponent] End Turn
[] Hand: [OP01-055,OP17-022]
[] Board: [ST32-001,OP12-034,OP17-031,ST32-002]
[] Trash: [ST32-002,OP06-038,OP07-022,ST32-002,OP12-034,OP17-031,OP06-038,ST32-001,ST32-001,OP07-022,ST32-003]
[] Life: 3
[] Hand: [OP16-003,ST30-016,OP17-005,OP17-017]
[] Trash: [OP17-017,OP16-014,OP13-016,ST23-001,OP13-016]
[] Board: [OP16-015,OP16-014,OP16-003]
[] Life: 3
RZ1|237|1|Don|9|200|5|0|1|1|1|0|0
RZ1|CHK|237|1|30|2|4|3|3|7|11|0|1|0
[You] Draw 1 Card
[] Drew card from deck: Perona ["OP12-034">OP12-034]
RZ1|238|1|OP12-034|0|29|1|2|1|1|0|0|0
RZ1|CHK|238|1|29|3|4|3|3|7|11|0|1|0
RZ1|239|1|Don|4|2|5|7|1|1|0|0|0
RZ1|CHK|239|1|29|3|4|3|2|8|11|0|1|0
RZ1|240|1|Don|4|1|5|8|1|1|0|0|0
RZ1|CHK|240|1|29|3|4|3|1|9|11|0|1|0
[You] Draw 2 Don
[You] Kouzuki Oden ["ST32-002">ST32-002] attacking Portgas D. Ace ["OP16-001">OP16-001]
Kouzuki Oden ["ST32-002">ST32-002][6000] vs Portgas D. Ace ["OP16-001">OP16-001][5000]
Portgas D. Ace ["OP16-001">OP16-001] hit for 1 damage
RZ1|241|2|OP17-005|3|2|1|4|1|1|0|0|0
RZ1|CHK|241|2|35|5|3|2|2|8|5|0|1|0
RZ1|242|1|Don|5|0|9|9900|1|1|0|0|0
RZ1|CHK|242|1|29|3|4|3|1|8|11|0|1|1
[You] Attach 1 Don to Dracule Mihawk ["OP14-020">OP14-020] (1 Total)
[You] Dracule Mihawk ["OP14-020">OP14-020] attacking Portgas D. Ace ["OP16-001">OP16-001]
Dracule Mihawk ["OP14-020">OP14-020][6000] vs Portgas D. Ace ["OP16-001">OP16-001][5000]
Portgas D. Ace ["OP16-001">OP16-001] hit for 1 damage
RZ1|243|2|OP16-118|3|1|1|5|1|1|0|0|0
RZ1|CHK|243|2|35|6|3|1|2|8|5|0|1|0
RZ1|244|1|Don|5|0|9|100|1|1|0|0|0
RZ1|CHK|244|1|29|3|4|3|1|7|11|0|1|2
RZ1|245|1|Don|5|0|9|101|1|1|0|0|0
RZ1|CHK|245|1|29|3|4|3|1|6|11|0|1|3
RZ1|246|1|Don|5|0|9|102|1|1|0|0|0
RZ1|CHK|246|1|29|3|4|3|1|5|11|0|1|4
[You] Attach 3 Don to Perona ["OP12-034">OP12-034] (3 Total)
[You] Perona ["OP12-034">OP12-034] attacking Portgas D. Ace ["OP16-001">OP16-001]
[Opponent] Discard Portgas D. Ace ["OP16-118">OP16-118] for Counter 1000
RZ1|247|2|OP16-118|1|5|6|5|1|1|0|0|0
RZ1|CHK|247|2|35|5|3|1|2|8|6|0|1|0
Perona ["OP12-034">OP12-034][5000] vs Portgas D. Ace ["OP16-001">OP16-001][6000]
Attack Fails
[You] Yasopp ["OP17-031">OP17-031] attacking Portgas D. Ace ["OP16-001">OP16-001]
Yasopp ["OP17-031">OP17-031][6000] vs Portgas D. Ace ["OP16-001">OP16-001][5000]
Portgas D. Ace ["OP16-001">OP16-001] hit for 1 damage
RZ1|248|2|OP16-014|3|0|1|5|1|1|0|0|0
RZ1|CHK|248|2|35|6|3|0|2|8|6|0|1|0
RZ1|249|1|Don|5|0|9|0|1|1|0|0|0
RZ1|CHK|249|1|29|3|4|3|1|4|11|0|1|5
RZ1|250|1|Don|5|0|9|1|1|1|0|0|0
RZ1|CHK|250|1|29|3|4|3|1|3|11|0|1|6
RZ1|251|1|Don|5|0|9|2|1|1|0|0|0
RZ1|CHK|251|1|29|3|4|3|1|2|11|0|1|7
[You] Attach 3 Don to Kin'emon ["ST32-001">ST32-001] (3 Total)
[You] Kin'emon ["ST32-001">ST32-001] attacking Portgas D. Ace ["OP16-001">OP16-001]
RZ1|252|2|OP16-014|1|5|6|6|1|1|0|0|0
RZ1|CHK|252|2|35|5|3|0|2|8|7|0|1|0
[Opponent] Monkey D. Luffy ["OP16-015">OP16-015]: Trash Marco ["OP16-014">OP16-014]
[Opponent] Monkey D. Luffy ["OP16-015">OP16-015]: Set Monkey D. Luffy ["OP16-015">OP16-015] Base Power to 1000
[Opponent] Monkey D. Luffy ["OP16-015">OP16-015]: Set Portgas D. Ace ["OP16-001">OP16-001] Base Power to 2000
Kin'emon ["ST32-001">ST32-001][5000] vs Portgas D. Ace ["OP16-001">OP16-001][7000]
Attack Fails
[You] Yasopp ["OP17-031">OP17-031]: Set Yasopp ["OP17-031">OP17-031] to Active
[] Hand: [OP01-055,OP17-022,OP12-034]
[] Board: [ST32-001,OP12-034,OP17-031,ST32-002]
[] Trash: [ST32-002,OP06-038,OP07-022,ST32-002,OP12-034,OP17-031,OP06-038,ST32-001,ST32-001,OP07-022,ST32-003]
[] Life: 3
[] Hand: [OP16-003,ST30-016,OP17-005,OP17-017,OP17-005]
[] Trash: [OP17-017,OP16-014,OP13-016,ST23-001,OP13-016,OP16-118,OP16-014]
[] Board: [OP16-015,OP16-014,OP16-003]
[] Life: 0
[You] End Turn
[] Hand: [OP16-003,ST30-016,OP17-005,OP17-017,OP17-005]
[] Board: [OP16-015,OP16-014,OP16-003]
[] Trash: [OP17-017,OP16-014,OP13-016,ST23-001,OP13-016,OP16-118,OP16-014]
[] Life: 0
[] Hand: [OP01-055,OP17-022,OP12-034]
[] Trash: [ST32-002,OP06-038,OP07-022,ST32-002,OP12-034,OP17-031,OP06-038,ST32-001,ST32-001,OP07-022,ST32-003]
[] Board: [ST32-001,OP12-034,OP17-031,ST32-002]
[] Life: 3
[Opponent] Draw 1 Card
[] Drew card from deck: Marco ["OP16-014">OP16-014]
RZ1|253|2|OP16-014|0|34|1|5|1|1|0|0|0
RZ1|CHK|253|2|34|6|3|0|2|8|7|0|1|0
RZ1|254|2|Don|4|1|5|8|1|1|0|0|0
RZ1|CHK|254|2|34|6|3|0|1|9|7|0|1|0
RZ1|255|2|Don|4|0|5|9|1|1|0|0|0
RZ1|CHK|255|2|34|6|3|0|0|10|7|0|1|0
[Opponent] Draw 2 Don
RZ1|256|2|Don|5|0|5|0|1|1|1|0|0
RZ1|CHK|256|2|34|6|3|0|0|10|7|0|1|0
RZ1|257|2|Don|5|1|5|1|1|1|1|0|0
RZ1|CHK|257|2|34|6|3|0|0|10|7|0|1|0
RZ1|258|2|Don|5|2|5|2|1|1|1|0|0
RZ1|CHK|258|2|34|6|3|0|0|10|7|0|1|0
RZ1|259|2|Don|5|3|5|3|1|1|1|0|0
RZ1|CHK|259|2|34|6|3|0|0|10|7|0|1|0
RZ1|260|2|Don|5|4|5|4|1|1|1|0|0
RZ1|CHK|260|2|34|6|3|0|0|10|7|0|1|0
RZ1|261|2|Don|5|5|5|5|1|1|1|0|0
RZ1|CHK|261|2|34|6|3|0|0|10|7|0|1|0
RZ1|262|2|Don|5|6|5|6|1|1|1|0|0
RZ1|CHK|262|2|34|6|3|0|0|10|7|0|1|0
RZ1|263|2|Don|5|7|5|7|1|1|1|0|0
RZ1|CHK|263|2|34|6|3|0|0|10|7|0|1|0
[Opponent] Deploy Edward Newgate ["OP16-003">OP16-003]
RZ1|264|2|OP16-003|1|0|2|3|1|1|0|0|0
RZ1|CHK|264|2|34|5|4|0|0|10|7|0|1|0
[Opponent] Monkey D. Luffy ["OP16-015">OP16-015] attacking Kouzuki Oden ["ST32-002">ST32-002]
[You] Discard Perona ["OP12-034">OP12-034] for Counter 1000
RZ1|265|1|OP12-034|1|2|6|11|1|1|0|0|0
RZ1|CHK|265|1|29|2|4|3|1|2|12|0|1|7
Monkey D. Luffy ["OP16-015">OP16-015][6000] vs Kouzuki Oden ["ST32-002">ST32-002][7000]
Attack Fails
[Opponent] Portgas D. Ace ["OP16-001">OP16-001] attacking Dracule Mihawk ["OP14-020">OP14-020]
Portgas D. Ace ["OP16-001">OP16-001][9000] vs Dracule Mihawk ["OP14-020">OP14-020][5000]
Dracule Mihawk ["OP14-020">OP14-020] hit for 2 damage
RZ1|266|1|OP13-031|3|2|1|2|1|1|0|0|0
RZ1|CHK|266|1|29|3|4|2|1|2|12|0|1|7
RZ1|267|1|OP06-038|3|1|1|3|1|1|0|0|0
RZ1|CHK|267|1|29|4|4|1|1|2|12|0|1|7
[You] Billion-fold World Trichiliocosm ["OP06-038">OP06-038]: Activate Trigger
RZ1|268|1|OP06-038|1|3|6|12|1|1|0|0|0
RZ1|CHK|268|1|29|3|4|1|1|2|13|0|1|7
[Opponent] Marco ["OP16-014">OP16-014] attacking Dracule Mihawk ["OP14-020">OP14-020]
Marco ["OP16-014">OP16-014][8000] vs Dracule Mihawk ["OP14-020">OP14-020][5000]
Dracule Mihawk ["OP14-020">OP14-020] hit for 1 damage
RZ1|269|1|OP06-038|3|0|1|3|1|1|0|0|0
RZ1|CHK|269|1|29|4|4|0|1|2|13|0|1|7
[You] Billion-fold World Trichiliocosm ["OP06-038">OP06-038]: Activate Trigger
RZ1|270|1|OP06-038|1|3|6|13|1|1|0|0|0
RZ1|CHK|270|1|29|3|4|0|1|2|14|0|1|7
[Opponent] Edward Newgate ["OP16-003">OP16-003] attacking Dracule Mihawk ["OP14-020">OP14-020]
Edward Newgate ["OP16-003">OP16-003][10000] vs Dracule Mihawk ["OP14-020">OP14-020][5000]
Dracule Mihawk ["OP14-020">OP14-020] hit for 1 damage
[You] <b>Downloaded the Combat Log!</b>
GameOver
