Version is 1.43a.1
[You] Leader is Dracule Mihawk ["OP14-020">OP14-020]
RZ1|HDR|1.43a|2|RZ1
RZ1|PLY|1||OP14-020
RZ1|PLY|2||
[Opponent] Leader is Enel ["OP15-058">OP15-058]
RZ1|1|2|OP05-077|0|47|0|0|0|0|0|0|0
RZ1|CHK|1|2|50|0|0|0|6|0|0|0|1|0
RZ1|2|2|OP15-066|0|8|0|1|0|0|0|0|0
RZ1|CHK|2|2|50|0|0|0|6|0|0|0|1|0
RZ1|3|2|OP15-067|0|12|0|2|0|0|0|0|0
RZ1|CHK|3|2|50|0|0|0|6|0|0|0|1|0
RZ1|4|2|OP15-075|0|33|0|3|0|0|0|0|0
RZ1|CHK|4|2|50|0|0|0|6|0|0|0|1|0
RZ1|5|2|OP15-075|0|33|0|4|0|0|0|0|0
RZ1|CHK|5|2|50|0|0|0|6|0|0|0|1|0
RZ1|6|2|OP15-118|0|23|0|5|0|0|0|0|0
RZ1|CHK|6|2|50|0|0|0|6|0|0|0|1|0
RZ1|7|2|OP15-078|0|42|0|6|0|0|0|0|0
RZ1|CHK|7|2|50|0|0|0|6|0|0|0|1|0
RZ1|8|2|OP15-118|0|26|0|8|0|0|0|0|0
RZ1|CHK|8|2|50|0|0|0|6|0|0|0|1|0
RZ1|9|2|OP15-074|0|32|0|9|0|0|0|0|0
RZ1|CHK|9|2|50|0|0|0|6|0|0|0|1|0
RZ1|10|2|OP15-061|0|12|0|10|0|0|0|0|0
RZ1|CHK|10|2|50|0|0|0|6|0|0|0|1|0
RZ1|11|2|OP09-072|0|21|0|11|0|0|0|0|0
RZ1|CHK|11|2|50|0|0|0|6|0|0|0|1|0
RZ1|12|2|OP15-078|0|43|0|12|0|0|0|0|0
RZ1|CHK|12|2|50|0|0|0|6|0|0|0|1|0
RZ1|13|2|OP15-118|0|29|0|13|0|0|0|0|0
RZ1|CHK|13|2|50|0|0|0|6|0|0|0|1|0
RZ1|14|2|OP15-076|0|39|0|14|0|0|0|0|0
RZ1|CHK|14|2|50|0|0|0|6|0|0|0|1|0
RZ1|15|2|OP10-067|0|29|0|15|0|0|0|0|0
RZ1|CHK|15|2|50|0|0|0|6|0|0|0|1|0
RZ1|16|2|ST10-010|0|26|0|16|0|0|0|0|0
RZ1|CHK|16|2|50|0|0|0|6|0|0|0|1|0
RZ1|17|2|OP15-061|0|20|0|17|0|0|0|0|0
RZ1|CHK|17|2|50|0|0|0|6|0|0|0|1|0
RZ1|18|2|OP05-077|0|47|0|18|0|0|0|0|0
RZ1|CHK|18|2|50|0|0|0|6|0|0|0|1|0
RZ1|19|2|OP15-067|0|27|0|20|0|0|0|0|0
RZ1|CHK|19|2|50|0|0|0|6|0|0|0|1|0
RZ1|20|2|OP15-075|0|36|0|21|0|0|0|0|0
RZ1|CHK|20|2|50|0|0|0|6|0|0|0|1|0
RZ1|21|2|OP15-118|0|32|0|22|0|0|0|0|0
RZ1|CHK|21|2|50|0|0|0|6|0|0|0|1|0
RZ1|22|2|OP15-078|0|45|0|23|0|0|0|0|0
RZ1|CHK|22|2|50|0|0|0|6|0|0|0|1|0
RZ1|23|2|OP15-078|0|46|0|24|0|0|0|0|0
RZ1|CHK|23|2|50|0|0|0|6|0|0|0|1|0
RZ1|24|2|OP10-067|0|34|0|25|0|0|0|0|0
RZ1|CHK|24|2|50|0|0|0|6|0|0|0|1|0
RZ1|25|2|OP15-077|0|44|0|26|0|0|0|0|0
RZ1|CHK|25|2|50|0|0|0|6|0|0|0|1|0
RZ1|26|2|OP15-077|0|44|0|27|0|0|0|0|0
RZ1|CHK|26|2|50|0|0|0|6|0|0|0|1|0
RZ1|27|2|OP15-066|0|31|0|28|0|0|0|0|0
RZ1|CHK|27|2|50|0|0|0|6|0|0|0|1|0
RZ1|28|2|OP15-066|0|31|0|29|0|0|0|0|0
RZ1|CHK|28|2|50|0|0|0|6|0|0|0|1|0
RZ1|29|2|OP15-074|0|40|0|30|0|0|0|0|0
RZ1|CHK|29|2|50|0|0|0|6|0|0|0|1|0
RZ1|30|2|OP15-075|0|41|0|31|0|0|0|0|0
RZ1|CHK|30|2|50|0|0|0|6|0|0|0|1|0
RZ1|31|2|OP15-074|0|40|0|32|0|0|0|0|0
RZ1|CHK|31|2|50|0|0|0|6|0|0|0|1|0
RZ1|32|2|OP15-067|0|37|0|33|0|0|0|0|0
RZ1|CHK|32|2|50|0|0|0|6|0|0|0|1|0
RZ1|33|2|OP15-066|0|36|0|34|0|0|0|0|0
RZ1|CHK|33|2|50|0|0|0|6|0|0|0|1|0
RZ1|34|2|OP05-077|0|47|0|35|0|0|0|0|0
RZ1|CHK|34|2|50|0|0|0|6|0|0|0|1|0
RZ1|35|2|OP15-061|0|37|0|36|0|0|0|0|0
RZ1|CHK|35|2|50|0|0|0|6|0|0|0|1|0
RZ1|36|2|OP09-077|0|48|0|38|0|0|0|0|0
RZ1|CHK|36|2|50|0|0|0|6|0|0|0|1|0
RZ1|37|2|OP15-077|0|47|0|39|0|0|0|0|0
RZ1|CHK|37|2|50|0|0|0|6|0|0|0|1|0
RZ1|38|2|OP15-076|0|47|0|40|0|0|0|0|0
RZ1|CHK|38|2|50|0|0|0|6|0|0|0|1|0
RZ1|39|2|OP15-076|0|47|0|41|0|0|0|0|0
RZ1|CHK|39|2|50|0|0|0|6|0|0|0|1|0
RZ1|40|2|OP13-076|0|45|0|43|0|0|0|0|0
RZ1|CHK|40|2|50|0|0|0|6|0|0|0|1|0
RZ1|41|2|OP15-076|0|47|0|45|0|0|0|0|0
RZ1|CHK|41|2|50|0|0|0|6|0|0|0|1|0
RZ1|42|2|OP15-074|0|47|0|46|0|0|0|0|0
RZ1|CHK|42|2|50|0|0|0|6|0|0|0|1|0
RZ1|43|2|OP09-077|0|49|0|48|0|0|0|0|0
RZ1|CHK|43|2|50|0|0|0|6|0|0|0|1|0
[] Drew card from deck: Trafalgar Law ["OP13-031">OP13-031]
RZ1|44|1|OP13-031|0|49|1|0|1|1|0|0|0
RZ1|CHK|44|1|49|1|0|0|10|0|0|0|1|0
[] Drew card from deck: Shanks ["OP17-022">OP17-022]
RZ1|45|1|OP17-022|0|48|1|1|1|1|0|0|0
RZ1|CHK|45|1|48|2|0|0|10|0|0|0|1|0
[] Drew card from deck: Kouzuki Oden ["ST32-002">ST32-002]
RZ1|46|1|ST32-002|0|47|1|2|1|1|0|0|0
RZ1|CHK|46|1|47|3|0|0|10|0|0|0|1|0
[] Drew card from deck: Otama ["OP07-022">OP07-022]
RZ1|47|1|OP07-022|0|46|1|3|1|1|0|0|0
RZ1|CHK|47|1|46|4|0|0|10|0|0|0|1|0
[] Drew card from deck: Kawamatsu ["OP12-023">OP12-023]
RZ1|48|1|OP12-023|0|45|1|4|1|1|0|0|0
RZ1|CHK|48|1|45|5|0|0|10|0|0|0|1|0
[] Drew card from deck: Lightning Dragon ["OP15-077">OP15-077]
RZ1|49|2|OP15-077|0|49|1|0|1|1|0|0|0
RZ1|CHK|49|2|49|1|0|0|6|0|0|0|1|0
[] Drew card from deck: Gum Gum Lightning ["OP09-077">OP09-077]
RZ1|50|2|OP09-077|0|48|1|1|1|1|0|0|0
RZ1|CHK|50|2|48|2|0|0|6|0|0|0|1|0
[] Drew card from deck: Trafalgar Law ["ST10-010">ST10-010]
RZ1|51|2|ST10-010|0|47|1|2|1|1|0|0|0
RZ1|CHK|51|2|47|3|0|0|6|0|0|0|1|0
[] Drew card from deck: Varie ["OP15-074">OP15-074]
RZ1|52|2|OP15-074|0|46|1|3|1|1|0|0|0
RZ1|CHK|52|2|46|4|0|0|6|0|0|0|1|0
[] Drew card from deck: Lightning Beast Kiten ["OP15-076">OP15-076]
RZ1|53|2|OP15-076|0|45|1|4|1|1|0|0|0
RZ1|CHK|53|2|45|5|0|0|6|0|0|0|1|0
RZ1|54|1|OP01-055|0|44|3|0|1|0|0|0|0
RZ1|CHK|54|1|44|5|0|1|10|0|0|0|1|0
RZ1|55|1|OP06-038|0|43|3|1|1|0|0|0|0
RZ1|CHK|55|1|43|5|0|2|10|0|0|0|1|0
RZ1|56|1|OP17-022|0|42|3|2|1|0|0|0|0
RZ1|CHK|56|1|42|5|0|3|10|0|0|0|1|0
RZ1|57|1|OP07-022|0|41|3|3|1|0|0|0|0
RZ1|CHK|57|1|41|5|0|4|10|0|0|0|1|0
RZ1|58|1|OP14-039|0|40|3|4|1|0|0|0|0
RZ1|CHK|58|1|40|5|0|5|10|0|0|0|1|0
RZ1|59|2|ST10-010|0|44|3|0|0|1|0|0|0
RZ1|CHK|59|2|44|5|0|1|6|0|0|0|1|0
RZ1|60|2|OP13-076|0|43|3|1|0|1|0|0|0
RZ1|CHK|60|2|43|5|0|2|6|0|0|0|1|0
RZ1|61|2|OP15-067|0|42|3|2|0|1|0|0|0
RZ1|CHK|61|2|42|5|0|3|6|0|0|0|1|0
RZ1|62|2|OP15-076|0|41|3|3|0|1|0|0|0
RZ1|CHK|62|2|41|5|0|4|6|0|0|0|1|0
RZ1|63|2|OP15-076|0|40|3|4|0|1|0|0|0
RZ1|CHK|63|2|40|5|0|5|6|0|0|0|1|0
[] Hand: [OP13-031,OP17-022,ST32-002,OP07-022,OP12-023]
[] Board: []
[] Trash: []
[] Life: 5
[] Hand: [OP15-077,OP09-077,ST10-010,OP15-074,OP15-076]
[] Trash: []
[] Board: []
[] Life: 5
RZ1|64|1|Don|4|9|5|0|1|1|0|0|0
RZ1|CHK|64|1|40|5|0|5|9|1|0|0|1|0
[You] Draw 1 Don
[] Hand: [OP13-031,OP17-022,ST32-002,OP07-022,OP12-023]
[] Board: []
[] Trash: []
[] Life: 5
[] Hand: [OP15-077,OP09-077,ST10-010,OP15-074,OP15-076]
[] Trash: []
[] Board: []
[] Life: 5
[You] End Turn
[] Hand: [OP15-077,OP09-077,ST10-010,OP15-074,OP15-076]
[] Board: []
[] Trash: []
[] Life: 5
[] Hand: [OP13-031,OP17-022,ST32-002,OP07-022,OP12-023]
[] Trash: []
[] Board: []
[] Life: 5
[Opponent] Draw 1 Card
[] Drew card from deck: Lightning Dragon ["OP15-077">OP15-077]
RZ1|65|2|OP15-077|0|39|1|5|1|1|0|0|0
RZ1|CHK|65|2|39|6|0|5|6|0|0|0|1|0
RZ1|66|2|Don|4|5|5|0|1|1|0|0|0
RZ1|CHK|66|2|39|6|0|5|5|1|0|0|1|0
RZ1|67|2|Don|4|4|5|1|1|1|0|0|0
RZ1|CHK|67|2|39|6|0|5|4|2|0|0|1|0
[Opponent] Draw 2 Don
[] Hand: [OP15-077,OP09-077,ST10-010,OP15-074,OP15-076,OP15-077]
[] Board: []
[] Trash: []
[] Life: 5
[] Hand: [OP13-031,OP17-022,ST32-002,OP07-022,OP12-023]
[] Trash: []
[] Board: []
[] Life: 5
[Opponent] End Turn
[] Hand: [OP13-031,OP17-022,ST32-002,OP07-022,OP12-023]
[] Board: []
[] Trash: []
[] Life: 5
[] Hand: [OP15-077,OP09-077,ST10-010,OP15-074,OP15-076,OP15-077]
[] Trash: []
[] Board: []
[] Life: 5
[You] Draw 1 Card
[] Drew card from deck: Kin'emon ["ST32-001">ST32-001]
RZ1|68|1|ST32-001|0|39|1|5|1|1|0|0|0
RZ1|CHK|68|1|39|6|0|5|9|1|0|0|1|0
RZ1|69|1|Don|4|8|5|1|1|1|0|0|0
RZ1|CHK|69|1|39|6|0|5|8|2|0|0|1|0
RZ1|70|1|Don|4|7|5|2|1|1|0|0|0
RZ1|CHK|70|1|39|6|0|5|7|3|0|0|1|0
[You] Draw 2 Don
[] Hand: [OP13-031,OP17-022,ST32-002,OP07-022,OP12-023,ST32-001]
[] Board: []
[] Trash: []
[] Life: 5
[] Hand: [OP15-077,OP09-077,ST10-010,OP15-074,OP15-076,OP15-077]
[] Trash: []
[] Board: []
[] Life: 5
[You] End Turn
[] Hand: [OP15-077,OP09-077,ST10-010,OP15-074,OP15-076,OP15-077]
[] Board: []
[] Trash: []
[] Life: 5
[] Hand: [OP13-031,OP17-022,ST32-002,OP07-022,OP12-023,ST32-001]
[] Trash: []
[] Board: []
[] Life: 5
[Opponent] Draw 1 Card
[] Drew card from deck: Gum Gum Lightning ["OP09-077">OP09-077]
RZ1|71|2|OP09-077|0|38|1|6|1|1|0|0|0
RZ1|CHK|71|2|38|7|0|5|4|2|0|0|1|0
RZ1|72|2|Don|4|3|5|2|1|1|0|0|0
RZ1|CHK|72|2|38|7|0|5|3|3|0|0|1|0
RZ1|73|2|Don|4|2|5|3|1|1|0|0|0
RZ1|CHK|73|2|38|7|0|5|2|4|0|0|1|0
[Opponent] Draw 2 Don
[] Hand: [OP15-077,OP09-077,ST10-010,OP15-074,OP15-076,OP15-077,OP09-077]
[] Board: []
[] Trash: []
[] Life: 5
[] Hand: [OP13-031,OP17-022,ST32-002,OP07-022,OP12-023,ST32-001]
[] Trash: []
[] Board: []
[] Life: 5
[Opponent] End Turn
[] Hand: [OP13-031,OP17-022,ST32-002,OP07-022,OP12-023,ST32-001]
[] Board: []
[] Trash: []
[] Life: 5
[] Hand: [OP15-077,OP09-077,ST10-010,OP15-074,OP15-076,OP15-077,OP09-077]
[] Trash: []
[] Board: []
[] Life: 5
[You] Draw 1 Card
[] Drew card from deck: You Can Be My Samurai!!! ["OP01-055">OP01-055]
RZ1|74|1|OP01-055|0|38|1|6|1|1|0|0|0
RZ1|CHK|74|1|38|7|0|5|7|3|0|0|1|0
RZ1|75|1|Don|4|6|5|3|1|1|0|0|0
RZ1|CHK|75|1|38|7|0|5|6|4|0|0|1|0
RZ1|76|1|Don|4|5|5|4|1|1|0|0|0
RZ1|CHK|76|1|38|7|0|5|5|5|0|0|1|0
[You] Draw 2 Don
[] Hand: [OP13-031,OP17-022,ST32-002,OP07-022,OP12-023,ST32-001,OP01-055]
[] Board: []
[] Trash: []
[] Life: 5
[] Hand: [OP15-077,OP09-077,ST10-010,OP15-074,OP15-076,OP15-077,OP09-077]
[] Trash: []
[] Board: []
[] Life: 5
[You] End Turn
[] Hand: [OP15-077,OP09-077,ST10-010,OP15-074,OP15-076,OP15-077,OP09-077]
[] Board: []
[] Trash: []
[] Life: 5
[] Hand: [OP13-031,OP17-022,ST32-002,OP07-022,OP12-023,ST32-001,OP01-055]
[] Trash: []
[] Board: []
[] Life: 5
[Opponent] Draw 1 Card
[] Drew card from deck: Ohm ["OP15-061">OP15-061]
RZ1|77|2|OP15-061|0|37|1|7|1|1|0|0|0
RZ1|CHK|77|2|37|8|0|5|2|4|0|0|1|0
RZ1|78|2|Don|4|1|5|4|1|1|0|0|0
RZ1|CHK|78|2|37|8|0|5|1|5|0|0|1|0
RZ1|79|2|Don|4|0|5|5|1|1|0|0|0
RZ1|CHK|79|2|37|8|0|5|0|6|0|0|1|0
[Opponent] Draw 2 Don
[] Hand: [OP15-077,OP09-077,ST10-010,OP15-074,OP15-076,OP15-077,OP09-077,OP15-061]
[] Board: []
[] Trash: []
[] Life: 5
[] Hand: [OP13-031,OP17-022,ST32-002,OP07-022,OP12-023,ST32-001,OP01-055]
[] Trash: []
[] Board: []
[] Life: 5
[Opponent] End Turn
[] Hand: [OP13-031,OP17-022,ST32-002,OP07-022,OP12-023,ST32-001,OP01-055]
[] Board: []
[] Trash: []
[] Life: 5
[] Hand: [OP15-077,OP09-077,ST10-010,OP15-074,OP15-076,OP15-077,OP09-077,OP15-061]
[] Trash: []
[] Board: []
[] Life: 5
[You] Draw 1 Card
[] Drew card from deck: Yasopp ["OP17-031">OP17-031]
RZ1|80|1|OP17-031|0|37|1|7|1|1|0|0|0
RZ1|CHK|80|1|37|8|0|5|5|5|0|0|1|0
RZ1|81|1|Don|4|4|5|5|1|1|0|0|0
RZ1|CHK|81|1|37|8|0|5|4|6|0|0|1|0
RZ1|82|1|Don|4|3|5|6|1|1|0|0|0
RZ1|CHK|82|1|37|8|0|5|3|7|0|0|1|0
[You] Draw 2 Don
[] Hand: [OP13-031,OP17-022,ST32-002,OP07-022,OP12-023,ST32-001,OP01-055,OP17-031]
[] Board: []
[] Trash: []
[] Life: 5
[] Hand: [OP15-077,OP09-077,ST10-010,OP15-074,OP15-076,OP15-077,OP09-077,OP15-061]
[] Trash: []
[] Board: []
[] Life: 5
[You] End Turn
[] Hand: [OP15-077,OP09-077,ST10-010,OP15-074,OP15-076,OP15-077,OP09-077,OP15-061]
[] Board: []
[] Trash: []
[] Life: 5
[] Hand: [OP13-031,OP17-022,ST32-002,OP07-022,OP12-023,ST32-001,OP01-055,OP17-031]
[] Trash: []
[] Board: []
[] Life: 5
[Opponent] Draw 1 Card
[] Drew card from deck: Ohm ["OP15-061">OP15-061]
RZ1|83|2|OP15-061|0|36|1|8|1|1|0|0|0
RZ1|CHK|83|2|36|9|0|5|0|6|0|0|1|0
[] Hand: [OP15-077,OP09-077,ST10-010,OP15-074,OP15-076,OP15-077,OP09-077,OP15-061,OP15-061]
[] Board: []
[] Trash: []
[] Life: 5
[] Hand: [OP13-031,OP17-022,ST32-002,OP07-022,OP12-023,ST32-001,OP01-055,OP17-031]
[] Trash: []
[] Board: []
[] Life: 5
[Opponent] End Turn
[] Hand: [OP13-031,OP17-022,ST32-002,OP07-022,OP12-023,ST32-001,OP01-055,OP17-031]
[] Board: []
[] Trash: []
[] Life: 5
[] Hand: [OP15-077,OP09-077,ST10-010,OP15-074,OP15-076,OP15-077,OP09-077,OP15-061,OP15-061]
[] Trash: []
[] Board: []
[] Life: 5
[You] Draw 1 Card
[] Drew card from deck: Vander Decken IX ["OP06-033">OP06-033]
RZ1|84|1|OP06-033|0|36|1|8|1|1|0|0|0
RZ1|CHK|84|1|36|9|0|5|3|7|0|0|1|0
RZ1|85|1|Don|4|2|5|7|1|1|0|0|0
RZ1|CHK|85|1|36|9|0|5|2|8|0|0|1|0
RZ1|86|1|Don|4|1|5|8|1|1|0|0|0
RZ1|CHK|86|1|36|9|0|5|1|9|0|0|1|0
[You] Draw 2 Don
[] Hand: [OP13-031,OP17-022,ST32-002,OP07-022,OP12-023,ST32-001,OP01-055,OP17-031,OP06-033]
[] Board: []
[] Trash: []
[] Life: 5
[] Hand: [OP15-077,OP09-077,ST10-010,OP15-074,OP15-076,OP15-077,OP09-077,OP15-061,OP15-061]
[] Trash: []
[] Board: []
[] Life: 5
[You] End Turn
[] Hand: [OP15-077,OP09-077,ST10-010,OP15-074,OP15-076,OP15-077,OP09-077,OP15-061,OP15-061]
[] Board: []
[] Trash: []
[] Life: 5
[] Hand: [OP13-031,OP17-022,ST32-002,OP07-022,OP12-023,ST32-001,OP01-055,OP17-031,OP06-033]
[] Trash: []
[] Board: []
[] Life: 5
[Opponent] Draw 1 Card
[] Drew card from deck: Gamma Knife ["OP05-077">OP05-077]
RZ1|87|2|OP05-077|0|35|1|9|1|1|0|0|0
RZ1|CHK|87|2|35|10|0|5|0|6|0|0|1|0
[] Hand: [OP15-077,OP09-077,ST10-010,OP15-074,OP15-076,OP15-077,OP09-077,OP15-061,OP15-061,OP05-077]
[] Board: []
[] Trash: []
[] Life: 5
[] Hand: [OP13-031,OP17-022,ST32-002,OP07-022,OP12-023,ST32-001,OP01-055,OP17-031,OP06-033]
[] Trash: []
[] Board: []
[] Life: 5
[Opponent] End Turn
[] Hand: [OP13-031,OP17-022,ST32-002,OP07-022,OP12-023,ST32-001,OP01-055,OP17-031,OP06-033]
[] Board: []
[] Trash: []
[] Life: 5
[] Hand: [OP15-077,OP09-077,ST10-010,OP15-074,OP15-076,OP15-077,OP09-077,OP15-061,OP15-061,OP05-077]
[] Trash: []
[] Board: []
[] Life: 5
[You] Draw 1 Card
[] Drew card from deck: Otama ["OP07-022">OP07-022]
RZ1|88|1|OP07-022|0|35|1|9|1|1|0|0|0
RZ1|CHK|88|1|35|10|0|5|1|9|0|0|1|0
RZ1|89|1|Don|4|0|5|9|1|1|0|0|0
RZ1|CHK|89|1|35|10|0|5|0|10|0|0|1|0
[You] Draw 2 Don
[] Hand: [OP13-031,OP17-022,ST32-002,OP07-022,OP12-023,ST32-001,OP01-055,OP17-031,OP06-033,OP07-022]
[] Board: []
[] Trash: []
[] Life: 5
[] Hand: [OP15-077,OP09-077,ST10-010,OP15-074,OP15-076,OP15-077,OP09-077,OP15-061,OP15-061,OP05-077]
[] Trash: []
[] Board: []
[] Life: 5
[You] End Turn
[] Hand: [OP15-077,OP09-077,ST10-010,OP15-074,OP15-076,OP15-077,OP09-077,OP15-061,OP15-061,OP05-077]
[] Board: []
[] Trash: []
[] Life: 5
[] Hand: [OP13-031,OP17-022,ST32-002,OP07-022,OP12-023,ST32-001,OP01-055,OP17-031,OP06-033,OP07-022]
[] Trash: []
[] Board: []
[] Life: 5
[Opponent] Draw 1 Card
[] Drew card from deck: Satori ["OP15-066">OP15-066]
RZ1|90|2|OP15-066|0|34|1|10|1|1|0|0|0
RZ1|CHK|90|2|34|11|0|5|0|6|0|0|1|0
[] Hand: [OP15-077,OP09-077,ST10-010,OP15-074,OP15-076,OP15-077,OP09-077,OP15-061,OP15-061,OP05-077,OP15-066]
[] Board: []
[] Trash: []
[] Life: 5
[] Hand: [OP13-031,OP17-022,ST32-002,OP07-022,OP12-023,ST32-001,OP01-055,OP17-031,OP06-033,OP07-022]
[] Trash: []
[] Board: []
[] Life: 5
[Opponent] End Turn
[] Hand: [OP13-031,OP17-022,ST32-002,OP07-022,OP12-023,ST32-001,OP01-055,OP17-031,OP06-033,OP07-022]
[] Board: []
[] Trash: []
[] Life: 5
[] Hand: [OP15-077,OP09-077,ST10-010,OP15-074,OP15-076,OP15-077,OP09-077,OP15-061,OP15-061,OP05-077,OP15-066]
[] Trash: []
[] Board: []
[] Life: 5
[You] Draw 1 Card
[] Drew card from deck: I Know You're Strong... So I'll Go All Out ["OP13-040">OP13-040]
RZ1|91|1|OP13-040|0|34|1|10|1|1|0|0|0
RZ1|CHK|91|1|34|11|0|5|0|10|0|0|1|0
[] Hand: [OP13-031,OP17-022,ST32-002,OP07-022,OP12-023,ST32-001,OP01-055,OP17-031,OP06-033,OP07-022,OP13-040]
[] Board: []
[] Trash: []
[] Life: 5
[] Hand: [OP15-077,OP09-077,ST10-010,OP15-074,OP15-076,OP15-077,OP09-077,OP15-061,OP15-061,OP05-077,OP15-066]
[] Trash: []
[] Board: []
[] Life: 5
[You] End Turn
[] Hand: [OP15-077,OP09-077,ST10-010,OP15-074,OP15-076,OP15-077,OP09-077,OP15-061,OP15-061,OP05-077,OP15-066]
[] Board: []
[] Trash: []
[] Life: 5
[] Hand: [OP13-031,OP17-022,ST32-002,OP07-022,OP12-023,ST32-001,OP01-055,OP17-031,OP06-033,OP07-022,OP13-040]
[] Trash: []
[] Board: []
[] Life: 5
[Opponent] Draw 1 Card
[] Drew card from deck: Shura ["OP15-067">OP15-067]
RZ1|92|2|OP15-067|0|33|1|11|1|1|0|0|0
RZ1|CHK|92|2|33|12|0|5|0|6|0|0|1|0
[] Hand: [OP15-077,OP09-077,ST10-010,OP15-074,OP15-076,OP15-077,OP09-077,OP15-061,OP15-061,OP05-077,OP15-066,OP15-067]
[] Board: []
[] Trash: []
[] Life: 5
[] Hand: [OP13-031,OP17-022,ST32-002,OP07-022,OP12-023,ST32-001,OP01-055,OP17-031,OP06-033,OP07-022,OP13-040]
[] Trash: []
[] Board: []
[] Life: 5
[Opponent] End Turn
[] Hand: [OP13-031,OP17-022,ST32-002,OP07-022,OP12-023,ST32-001,OP01-055,OP17-031,OP06-033,OP07-022,OP13-040]
[] Board: []
[] Trash: []
[] Life: 5
[] Hand: [OP15-077,OP09-077,ST10-010,OP15-074,OP15-076,OP15-077,OP09-077,OP15-061,OP15-061,OP05-077,OP15-066,OP15-067]
[] Trash: []
[] Board: []
[] Life: 5
[You] Draw 1 Card
[] Drew card from deck: Kin'emon ["ST32-001">ST32-001]
RZ1|93|1|ST32-001|0|33|1|11|1|1|0|0|0
RZ1|CHK|93|1|33|12|0|5|0|10|0|0|1|0
[] Hand: [OP13-031,OP17-022,ST32-002,OP07-022,OP12-023,ST32-001,OP01-055,OP17-031,OP06-033,OP07-022,OP13-040,ST32-001]
[] Board: []
[] Trash: []
[] Life: 5
[] Hand: [OP15-077,OP09-077,ST10-010,OP15-074,OP15-076,OP15-077,OP09-077,OP15-061,OP15-061,OP05-077,OP15-066,OP15-067]
[] Trash: []
[] Board: []
[] Life: 5
[You] End Turn
[] Hand: [OP15-077,OP09-077,ST10-010,OP15-074,OP15-076,OP15-077,OP09-077,OP15-061,OP15-061,OP05-077,OP15-066,OP15-067]
[] Board: []
[] Trash: []
[] Life: 5
[] Hand: [OP13-031,OP17-022,ST32-002,OP07-022,OP12-023,ST32-001,OP01-055,OP17-031,OP06-033,OP07-022,OP13-040,ST32-001]
[] Trash: []
[] Board: []
[] Life: 5
[Opponent] Draw 1 Card
[] Drew card from deck: Varie ["OP15-074">OP15-074]
RZ1|94|2|OP15-074|0|32|1|12|1|1|0|0|0
RZ1|CHK|94|2|32|13|0|5|0|6|0|0|1|0
[] Hand: [OP15-077,OP09-077,ST10-010,OP15-074,OP15-076,OP15-077,OP09-077,OP15-061,OP15-061,OP05-077,OP15-066,OP15-067,OP15-074]
[] Board: []
[] Trash: []
[] Life: 5
[] Hand: [OP13-031,OP17-022,ST32-002,OP07-022,OP12-023,ST32-001,OP01-055,OP17-031,OP06-033,OP07-022,OP13-040,ST32-001]
[] Trash: []
[] Board: []
[] Life: 5
[Opponent] End Turn
[] Hand: [OP13-031,OP17-022,ST32-002,OP07-022,OP12-023,ST32-001,OP01-055,OP17-031,OP06-033,OP07-022,OP13-040,ST32-001]
[] Board: []
[] Trash: []
[] Life: 5
[] Hand: [OP15-077,OP09-077,ST10-010,OP15-074,OP15-076,OP15-077,OP09-077,OP15-061,OP15-061,OP05-077,OP15-066,OP15-067,OP15-074]
[] Trash: []
[] Board: []
[] Life: 5
[You] Draw 1 Card
[] Drew card from deck: Vander Decken IX ["OP06-033">OP06-033]
RZ1|95|1|OP06-033|0|32|1|12|1|1|0|0|0
RZ1|CHK|95|1|32|13|0|5|0|10|0|0|1|0
[] Hand: [OP13-031,OP17-022,ST32-002,OP07-022,OP12-023,ST32-001,OP01-055,OP17-031,OP06-033,OP07-022,OP13-040,ST32-001,OP06-033]
[] Board: []
[] Trash: []
[] Life: 5
[] Hand: [OP15-077,OP09-077,ST10-010,OP15-074,OP15-076,OP15-077,OP09-077,OP15-061,OP15-061,OP05-077,OP15-066,OP15-067,OP15-074]
[] Trash: []
[] Board: []
[] Life: 5
[You] End Turn
[] Hand: [OP15-077,OP09-077,ST10-010,OP15-074,OP15-076,OP15-077,OP09-077,OP15-061,OP15-061,OP05-077,OP15-066,OP15-067,OP15-074]
[] Board: []
[] Trash: []
[] Life: 5
[] Hand: [OP13-031,OP17-022,ST32-002,OP07-022,OP12-023,ST32-001,OP01-055,OP17-031,OP06-033,OP07-022,OP13-040,ST32-001,OP06-033]
[] Trash: []
[] Board: []
[] Life: 5
[Opponent] Draw 1 Card
[] Drew card from deck: El Thor ["OP15-075">OP15-075]
RZ1|96|2|OP15-075|0|31|1|13|1|1|0|0|0
RZ1|CHK|96|2|31|14|0|5|0|6|0|0|1|0
[] Hand: [OP15-077,OP09-077,ST10-010,OP15-074,OP15-076,OP15-077,OP09-077,OP15-061,OP15-061,OP05-077,OP15-066,OP15-067,OP15-074,OP15-075]
[] Board: []
[] Trash: []
[] Life: 5
[] Hand: [OP13-031,OP17-022,ST32-002,OP07-022,OP12-023,ST32-001,OP01-055,OP17-031,OP06-033,OP07-022,OP13-040,ST32-001,OP06-033]
[] Trash: []
[] Board: []
[] Life: 5
[Opponent] End Turn
[] Hand: [OP13-031,OP17-022,ST32-002,OP07-022,OP12-023,ST32-001,OP01-055,OP17-031,OP06-033,OP07-022,OP13-040,ST32-001,OP06-033]
[] Board: []
[] Trash: []
[] Life: 5
[] Hand: [OP15-077,OP09-077,ST10-010,OP15-074,OP15-076,OP15-077,OP09-077,OP15-061,OP15-061,OP05-077,OP15-066,OP15-067,OP15-074,OP15-075]
[] Trash: []
[] Board: []
[] Life: 5
[You] Draw 1 Card
[] Drew card from deck: Billion-fold World Trichiliocosm ["OP06-038">OP06-038]
RZ1|97|1|OP06-038|0|31|1|13|1|1|0|0|0
RZ1|CHK|97|1|31|14|0|5|0|10|0|0|1|0
[] Hand: [OP13-031,OP17-022,ST32-002,OP07-022,OP12-023,ST32-001,OP01-055,OP17-031,OP06-033,OP07-022,OP13-040,ST32-001,OP06-033,OP06-038]
[] Board: []
[] Trash: []
[] Life: 5
[] Hand: [OP15-077,OP09-077,ST10-010,OP15-074,OP15-076,OP15-077,OP09-077,OP15-061,OP15-061,OP05-077,OP15-066,OP15-067,OP15-074,OP15-075]
[] Trash: []
[] Board: []
[] Life: 5
[You] End Turn
[] Hand: [OP15-077,OP09-077,ST10-010,OP15-074,OP15-076,OP15-077,OP09-077,OP15-061,OP15-061,OP05-077,OP15-066,OP15-067,OP15-074,OP15-075]
[] Board: []
[] Trash: []
[] Life: 5
[] Hand: [OP13-031,OP17-022,ST32-002,OP07-022,OP12-023,ST32-001,OP01-055,OP17-031,OP06-033,OP07-022,OP13-040,ST32-001,OP06-033,OP06-038]
[] Trash: []
[] Board: []
[] Life: 5
[Opponent] Draw 1 Card
[] Drew card from deck: Varie ["OP15-074">OP15-074]
RZ1|98|2|OP15-074|0|30|1|14|1|1|0|0|0
RZ1|CHK|98|2|30|15|0|5|0|6|0|0|1|0
[] Hand: [OP15-077,OP09-077,ST10-010,OP15-074,OP15-076,OP15-077,OP09-077,OP15-061,OP15-061,OP05-077,OP15-066,OP15-067,OP15-074,OP15-075,OP15-074]
[] Board: []
[] Trash: []
[] Life: 5
[] Hand: [OP13-031,OP17-022,ST32-002,OP07-022,OP12-023,ST32-001,OP01-055,OP17-031,OP06-033,OP07-022,OP13-040,ST32-001,OP06-033,OP06-038]
[] Trash: []
[] Board: []
[] Life: 5
[Opponent] End Turn
[] Hand: [OP13-031,OP17-022,ST32-002,OP07-022,OP12-023,ST32-001,OP01-055,OP17-031,OP06-033,OP07-022,OP13-040,ST32-001,OP06-033,OP06-038]
[] Board: []
[] Trash: []
[] Life: 5
[] Hand: [OP15-077,OP09-077,ST10-010,OP15-074,OP15-076,OP15-077,OP09-077,OP15-061,OP15-061,OP05-077,OP15-066,OP15-067,OP15-074,OP15-075,OP15-074]
[] Trash: []
[] Board: []
[] Life: 5
[You] Draw 1 Card
[] Drew card from deck: I Know You're Strong... So I'll Go All Out ["OP13-040">OP13-040]
RZ1|99|1|OP13-040|0|30|1|14|1|1|0|0|0
RZ1|CHK|99|1|30|15|0|5|0|10|0|0|1|0
[] Hand: [OP13-031,OP17-022,ST32-002,OP07-022,OP12-023,ST32-001,OP01-055,OP17-031,OP06-033,OP07-022,OP13-040,ST32-001,OP06-033,OP06-038,OP13-040]
[] Board: []
[] Trash: []
[] Life: 5
[] Hand: [OP15-077,OP09-077,ST10-010,OP15-074,OP15-076,OP15-077,OP09-077,OP15-061,OP15-061,OP05-077,OP15-066,OP15-067,OP15-074,OP15-075,OP15-074]
[] Trash: []
[] Board: []
[] Life: 5
[You] End Turn
[] Hand: [OP15-077,OP09-077,ST10-010,OP15-074,OP15-076,OP15-077,OP09-077,OP15-061,OP15-061,OP05-077,OP15-066,OP15-067,OP15-074,OP15-075,OP15-074]
[] Board: []
[] Trash: []
[] Life: 5
[] Hand: [OP13-031,OP17-022,ST32-002,OP07-022,OP12-023,ST32-001,OP01-055,OP17-031,OP06-033,OP07-022,OP13-040,ST32-001,OP06-033,OP06-038,OP13-040]
[] Trash: []
[] Board: []
[] Life: 5
[Opponent] Draw 1 Card
[] Drew card from deck: Satori ["OP15-066">OP15-066]
RZ1|100|2|OP15-066|0|29|1|15|1|1|0|0|0
RZ1|CHK|100|2|29|16|0|5|0|6|0|0|1|0
[] Hand: [OP15-077,OP09-077,ST10-010,OP15-074,OP15-076,OP15-077,OP09-077,OP15-061,OP15-061,OP05-077,OP15-066,OP15-067,OP15-074,OP15-075,OP15-074,OP15-066]
[] Board: []
[] Trash: []
[] Life: 5
[] Hand: [OP13-031,OP17-022,ST32-002,OP07-022,OP12-023,ST32-001,OP01-055,OP17-031,OP06-033,OP07-022,OP13-040,ST32-001,OP06-033,OP06-038,OP13-040]
[] Trash: []
[] Board: []
[] Life: 5
[Opponent] End Turn
[] Hand: [OP13-031,OP17-022,ST32-002,OP07-022,OP12-023,ST32-001,OP01-055,OP17-031,OP06-033,OP07-022,OP13-040,ST32-001,OP06-033,OP06-038,OP13-040]
[] Board: []
[] Trash: []
[] Life: 5
[] Hand: [OP15-077,OP09-077,ST10-010,OP15-074,OP15-076,OP15-077,OP09-077,OP15-061,OP15-061,OP05-077,OP15-066,OP15-067,OP15-074,OP15-075,OP15-074,OP15-066]
[] Trash: []
[] Board: []
[] Life: 5
[You] Draw 1 Card
[] Drew card from deck: Trafalgar Law ["OP13-031">OP13-031]
RZ1|101|1|OP13-031|0|29|1|15|1|1|0|0|0
RZ1|CHK|101|1|29|16|0|5|0|10|0|0|1|0
[] Hand: [OP13-031,OP17-022,ST32-002,OP07-022,OP12-023,ST32-001,OP01-055,OP17-031,OP06-033,OP07-022,OP13-040,ST32-001,OP06-033,OP06-038,OP13-040,OP13-031]
[] Board: []
[] Trash: []
[] Life: 5
[] Hand: [OP15-077,OP09-077,ST10-010,OP15-074,OP15-076,OP15-077,OP09-077,OP15-061,OP15-061,OP05-077,OP15-066,OP15-067,OP15-074,OP15-075,OP15-074,OP15-066]
[] Trash: []
[] Board: []
[] Life: 5
[You] End Turn
[] Hand: [OP15-077,OP09-077,ST10-010,OP15-074,OP15-076,OP15-077,OP09-077,OP15-061,OP15-061,OP05-077,OP15-066,OP15-067,OP15-074,OP15-075,OP15-074,OP15-066]
[] Board: []
[] Trash: []
[] Life: 5
[] Hand: [OP13-031,OP17-022,ST32-002,OP07-022,OP12-023,ST32-001,OP01-055,OP17-031,OP06-033,OP07-022,OP13-040,ST32-001,OP06-033,OP06-038,OP13-040,OP13-031]
[] Trash: []
[] Board: []
[] Life: 5
[Opponent] Draw 1 Card
[] Drew card from deck: Satori ["OP15-066">OP15-066]
RZ1|102|2|OP15-066|0|28|1|16|1|1|0|0|0
RZ1|CHK|102|2|28|17|0|5|0|6|0|0|1|0
[] Hand: [OP15-077,OP09-077,ST10-010,OP15-074,OP15-076,OP15-077,OP09-077,OP15-061,OP15-061,OP05-077,OP15-066,OP15-067,OP15-074,OP15-075,OP15-074,OP15-066,OP15-066]
[] Board: []
[] Trash: []
[] Life: 5
[] Hand: [OP13-031,OP17-022,ST32-002,OP07-022,OP12-023,ST32-001,OP01-055,OP17-031,OP06-033,OP07-022,OP13-040,ST32-001,OP06-033,OP06-038,OP13-040,OP13-031]
[] Trash: []
[] Board: []
[] Life: 5
[Opponent] End Turn
[] Hand: [OP13-031,OP17-022,ST32-002,OP07-022,OP12-023,ST32-001,OP01-055,OP17-031,OP06-033,OP07-022,OP13-040,ST32-001,OP06-033,OP06-038,OP13-040,OP13-031]
[] Board: []
[] Trash: []
[] Life: 5
[] Hand: [OP15-077,OP09-077,ST10-010,OP15-074,OP15-076,OP15-077,OP09-077,OP15-061,OP15-061,OP05-077,OP15-066,OP15-067,OP15-074,OP15-075,OP15-074,OP15-066,OP15-066]
[] Trash: []
[] Board: []
[] Life: 5
[You] Draw 1 Card
[] Drew card from deck: Billion-fold World Trichiliocosm ["OP06-038">OP06-038]
RZ1|103|1|OP06-038|0|28|1|16|1|1|0|0|0
RZ1|CHK|103|1|28|17|0|5|0|10|0|0|1|0
[] Hand: [OP13-031,OP17-022,ST32-002,OP07-022,OP12-023,ST32-001,OP01-055,OP17-031,OP06-033,OP07-022,OP13-040,ST32-001,OP06-033,OP06-038,OP13-040,OP13-031,OP06-038]
[] Board: []
[] Trash: []
[] Life: 5
[] Hand: [OP15-077,OP09-077,ST10-010,OP15-074,OP15-076,OP15-077,OP09-077,OP15-061,OP15-061,OP05-077,OP15-066,OP15-067,OP15-074,OP15-075,OP15-074,OP15-066,OP15-066]
[] Trash: []
[] Board: []
[] Life: 5
[You] End Turn
[] Hand: [OP15-077,OP09-077,ST10-010,OP15-074,OP15-076,OP15-077,OP09-077,OP15-061,OP15-061,OP05-077,OP15-066,OP15-067,OP15-074,OP15-075,OP15-074,OP15-066,OP15-066]
[] Board: []
[] Trash: []
[] Life: 5
[] Hand: [OP13-031,OP17-022,ST32-002,OP07-022,OP12-023,ST32-001,OP01-055,OP17-031,OP06-033,OP07-022,OP13-040,ST32-001,OP06-033,OP06-038,OP13-040,OP13-031,OP06-038]
[] Trash: []
[] Board: []
[] Life: 5
[Opponent] Draw 1 Card
[] Drew card from deck: Lightning Dragon ["OP15-077">OP15-077]
RZ1|104|2|OP15-077|0|27|1|17|1|1|0|0|0
RZ1|CHK|104|2|27|18|0|5|0|6|0|0|1|0
[] Hand: [OP15-077,OP09-077,ST10-010,OP15-074,OP15-076,OP15-077,OP09-077,OP15-061,OP15-061,OP05-077,OP15-066,OP15-067,OP15-074,OP15-075,OP15-074,OP15-066,OP15-066,OP15-077]
[] Board: []
[] Trash: []
[] Life: 5
[] Hand: [OP13-031,OP17-022,ST32-002,OP07-022,OP12-023,ST32-001,OP01-055,OP17-031,OP06-033,OP07-022,OP13-040,ST32-001,OP06-033,OP06-038,OP13-040,OP13-031,OP06-038]
[] Trash: []
[] Board: []
[] Life: 5
[Opponent] End Turn
[] Hand: [OP13-031,OP17-022,ST32-002,OP07-022,OP12-023,ST32-001,OP01-055,OP17-031,OP06-033,OP07-022,OP13-040,ST32-001,OP06-033,OP06-038,OP13-040,OP13-031,OP06-038]
[] Board: []
[] Trash: []
[] Life: 5
[] Hand: [OP15-077,OP09-077,ST10-010,OP15-074,OP15-076,OP15-077,OP09-077,OP15-061,OP15-061,OP05-077,OP15-066,OP15-067,OP15-074,OP15-075,OP15-074,OP15-066,OP15-066,OP15-077]
[] Trash: []
[] Board: []
[] Life: 5
[You] Draw 1 Card
[] Drew card from deck: Kikunojo ["OP14-023">OP14-023]
RZ1|105|1|OP14-023|0|27|1|17|1|1|0|0|0
RZ1|CHK|105|1|27|18|0|5|0|10|0|0|1|0
[] Hand: [OP13-031,OP17-022,ST32-002,OP07-022,OP12-023,ST32-001,OP01-055,OP17-031,OP06-033,OP07-022,OP13-040,ST32-001,OP06-033,OP06-038,OP13-040,OP13-031,OP06-038,OP14-023]
[] Board: []
[] Trash: []
[] Life: 5
[] Hand: [OP15-077,OP09-077,ST10-010,OP15-074,OP15-076,OP15-077,OP09-077,OP15-061,OP15-061,OP05-077,OP15-066,OP15-067,OP15-074,OP15-075,OP15-074,OP15-066,OP15-066,OP15-077]
[] Trash: []
[] Board: []
[] Life: 5
[You] End Turn
[] Hand: [OP15-077,OP09-077,ST10-010,OP15-074,OP15-076,OP15-077,OP09-077,OP15-061,OP15-061,OP05-077,OP15-066,OP15-067,OP15-074,OP15-075,OP15-074,OP15-066,OP15-066,OP15-077]
[] Board: []
[] Trash: []
[] Life: 5
[] Hand: [OP13-031,OP17-022,ST32-002,OP07-022,OP12-023,ST32-001,OP01-055,OP17-031,OP06-033,OP07-022,OP13-040,ST32-001,OP06-033,OP06-038,OP13-040,OP13-031,OP06-038,OP14-023]
[] Trash: []
[] Board: []
[] Life: 5
[Opponent] Draw 1 Card
[] Drew card from deck: Lightning Dragon ["OP15-077">OP15-077]
RZ1|106|2|OP15-077|0|26|1|18|1|1|0|0|0
RZ1|CHK|106|2|26|19|0|5|0|6|0|0|1|0
[] Hand: [OP15-077,OP09-077,ST10-010,OP15-074,OP15-076,OP15-077,OP09-077,OP15-061,OP15-061,OP05-077,OP15-066,OP15-067,OP15-074,OP15-075,OP15-074,OP15-066,OP15-066,OP15-077,OP15-077]
[] Board: []
[] Trash: []
[] Life: 5
[] Hand: [OP13-031,OP17-022,ST32-002,OP07-022,OP12-023,ST32-001,OP01-055,OP17-031,OP06-033,OP07-022,OP13-040,ST32-001,OP06-033,OP06-038,OP13-040,OP13-031,OP06-038,OP14-023]
[] Trash: []
[] Board: []
[] Life: 5
[Opponent] End Turn
[] Hand: [OP13-031,OP17-022,ST32-002,OP07-022,OP12-023,ST32-001,OP01-055,OP17-031,OP06-033,OP07-022,OP13-040,ST32-001,OP06-033,OP06-038,OP13-040,OP13-031,OP06-038,OP14-023]
[] Board: []
[] Trash: []
[] Life: 5
[] Hand: [OP15-077,OP09-077,ST10-010,OP15-074,OP15-076,OP15-077,OP09-077,OP15-061,OP15-061,OP05-077,OP15-066,OP15-067,OP15-074,OP15-075,OP15-074,OP15-066,OP15-066,OP15-077,OP15-077]
[] Trash: []
[] Board: []
[] Life: 5
[You] Draw 1 Card
[] Drew card from deck: Vander Decken IX ["OP06-033">OP06-033]
RZ1|107|1|OP06-033|0|26|1|18|1|1|0|0|0
RZ1|CHK|107|1|26|19|0|5|0|10|0|0|1|0
[] Hand: [OP13-031,OP17-022,ST32-002,OP07-022,OP12-023,ST32-001,OP01-055,OP17-031,OP06-033,OP07-022,OP13-040,ST32-001,OP06-033,OP06-038,OP13-040,OP13-031,OP06-038,OP14-023,OP06-033]
[] Board: []
[] Trash: []
[] Life: 5
[] Hand: [OP15-077,OP09-077,ST10-010,OP15-074,OP15-076,OP15-077,OP09-077,OP15-061,OP15-061,OP05-077,OP15-066,OP15-067,OP15-074,OP15-075,OP15-074,OP15-066,OP15-066,OP15-077,OP15-077]
[] Trash: []
[] Board: []
[] Life: 5
[You] End Turn
[] Hand: [OP15-077,OP09-077,ST10-010,OP15-074,OP15-076,OP15-077,OP09-077,OP15-061,OP15-061,OP05-077,OP15-066,OP15-067,OP15-074,OP15-075,OP15-074,OP15-066,OP15-066,OP15-077,OP15-077]
[] Board: []
[] Trash: []
[] Life: 5
[] Hand: [OP13-031,OP17-022,ST32-002,OP07-022,OP12-023,ST32-001,OP01-055,OP17-031,OP06-033,OP07-022,OP13-040,ST32-001,OP06-033,OP06-038,OP13-040,OP13-031,OP06-038,OP14-023,OP06-033]
[] Trash: []
[] Board: []
[] Life: 5
[Opponent] Draw 1 Card
[] Drew card from deck: Senor Pink ["OP10-067">OP10-067]
RZ1|108|2|OP10-067|0|25|1|19|1|1|0|0|0
RZ1|CHK|108|2|25|20|0|5|0|6|0|0|1|0
[] Hand: [OP15-077,OP09-077,ST10-010,OP15-074,OP15-076,OP15-077,OP09-077,OP15-061,OP15-061,OP05-077,OP15-066,OP15-067,OP15-074,OP15-075,OP15-074,OP15-066,OP15-066,OP15-077,OP15-077,OP10-067]
[] Board: []
[] Trash: []
[] Life: 5
[] Hand: [OP13-031,OP17-022,ST32-002,OP07-022,OP12-023,ST32-001,OP01-055,OP17-031,OP06-033,OP07-022,OP13-040,ST32-001,OP06-033,OP06-038,OP13-040,OP13-031,OP06-038,OP14-023,OP06-033]
[] Trash: []
[] Board: []
[] Life: 5
[Opponent] End Turn
[] Hand: [OP13-031,OP17-022,ST32-002,OP07-022,OP12-023,ST32-001,OP01-055,OP17-031,OP06-033,OP07-022,OP13-040,ST32-001,OP06-033,OP06-038,OP13-040,OP13-031,OP06-038,OP14-023,OP06-033]
[] Board: []
[] Trash: []
[] Life: 5
[] Hand: [OP15-077,OP09-077,ST10-010,OP15-074,OP15-076,OP15-077,OP09-077,OP15-061,OP15-061,OP05-077,OP15-066,OP15-067,OP15-074,OP15-075,OP15-074,OP15-066,OP15-066,OP15-077,OP15-077,OP10-067]
[] Trash: []
[] Board: []
[] Life: 5
[You] Draw 1 Card
[] Drew card from deck: Vander Decken IX ["OP06-033">OP06-033]
RZ1|109|1|OP06-033|0|25|1|19|1|1|0|0|0
RZ1|CHK|109|1|25|20|0|5|0|10|0|0|1|0
[You] Dracule Mihawk ["OP14-020">OP14-020] attacking Enel ["OP15-058">OP15-058]
Dracule Mihawk ["OP14-020">OP14-020][5000] vs Enel ["OP15-058">OP15-058][5000]
Enel ["OP15-058">OP15-058] hit for 1 damage
RZ1|110|2|OP15-076|3|4|1|20|1|1|0|0|0
RZ1|CHK|110|2|25|21|0|4|0|6|0|0|1|0
RZ1|111|1|Don|5|0|5|0|1|1|1|0|0
RZ1|CHK|111|1|25|20|0|5|0|10|0|0|1|0
RZ1|112|1|Don|5|1|5|1|1|1|1|0|0
RZ1|CHK|112|1|25|20|0|5|0|10|0|0|1|0
RZ1|113|1|Don|5|2|5|2|1|1|1|0|0
RZ1|CHK|113|1|25|20|0|5|0|10|0|0|1|0
RZ1|114|1|Don|5|3|5|3|1|1|1|0|0
RZ1|CHK|114|1|25|20|0|5|0|10|0|0|1|0
RZ1|115|1|Don|5|4|5|4|1|1|1|0|0
RZ1|CHK|115|1|25|20|0|5|0|10|0|0|1|0
RZ1|116|1|Don|5|5|5|5|1|1|1|0|0
RZ1|CHK|116|1|25|20|0|5|0|10|0|0|1|0
RZ1|117|1|Don|5|6|5|6|1|1|1|0|0
RZ1|CHK|117|1|25|20|0|5|0|10|0|0|1|0
RZ1|118|1|Don|5|7|5|7|1|1|1|0|0
RZ1|CHK|118|1|25|20|0|5|0|10|0|0|1|0
RZ1|119|1|Don|5|8|5|8|1|1|1|0|0
RZ1|CHK|119|1|25|20|0|5|0|10|0|0|1|0
RZ1|120|1|Don|5|9|5|9|1|1|1|0|0
RZ1|CHK|120|1|25|20|0|5|0|10|0|0|1|0
[You] Deploy Shanks ["OP17-022">OP17-022]
RZ1|121|1|OP17-022|1|1|2|0|1|1|0|0|0
RZ1|CHK|121|1|25|19|1|5|0|10|0|0|1|0
[You] Shanks ["OP17-022">OP17-022]: Activate 1 Don
RZ1|122|1|Don|5|9|5|9|1|1|0|0|0
RZ1|CHK|122|1|25|19|1|5|0|10|0|0|1|0
[You] Shanks ["OP17-022">OP17-022]: Activate 1 Don
RZ1|123|1|Don|5|8|5|8|1|1|0|0|0
RZ1|CHK|123|1|25|19|1|5|0|10|0|0|1|0
[You] Shanks ["OP17-022">OP17-022] attacking Enel ["OP15-058">OP15-058]
Shanks ["OP17-022">OP17-022][12000] vs Enel ["OP15-058">OP15-058][5000]
Enel ["OP15-058">OP15-058] hit for 1 damage
RZ1|124|2|OP15-076|3|3|1|21|1|1|0|0|0
RZ1|CHK|124|2|25|22|0|3|0|6|0|0|1|0
RZ1|125|1|Don|5|8|5|8|1|1|1|0|0
RZ1|CHK|125|1|25|19|1|5|0|10|0|0|1|0
[You] Deploy Otama ["OP07-022">OP07-022]
RZ1|126|1|OP07-022|1|2|2|1|1|1|0|0|0
RZ1|CHK|126|1|25|18|2|5|0|10|0|0|1|0
RZ1|127|1|OP01-055|0|21|1|18|1|1|0|0|0
RZ1|CHK|127|1|24|19|2|5|0|10|0|0|1|0
[You] Otama ["OP07-022">OP07-022]: <b>Reveal and Draw You Can Be My Samurai!!! ["OP01-055">OP01-055]</b>
[You] Placing Cards on Bottom of Deck
RZ1|128|1|OP13-040|0|23|0|0|0|0|0|0|0
RZ1|CHK|128|1|24|19|2|5|0|10|0|0|1|0
RZ1|129|1|ST32-003|0|23|0|0|0|0|0|0|0
RZ1|CHK|129|1|24|19|2|5|0|10|0|0|1|0
RZ1|130|1|OP17-022|0|23|0|0|0|0|0|0|0
RZ1|CHK|130|1|24|19|2|5|0|10|0|0|1|0
RZ1|131|1|OP17-031|0|23|0|0|0|0|0|0|0
RZ1|CHK|131|1|24|19|2|5|0|10|0|0|1|0
RZ1|132|1|Don|5|9|5|9|1|1|1|0|0
RZ1|CHK|132|1|24|19|2|5|0|10|0|0|1|0
[You] Deploy Kin'emon ["ST32-001">ST32-001]
RZ1|133|1|ST32-001|1|3|2|2|1|1|0|0|0
RZ1|CHK|133|1|24|18|3|5|0|10|0|0|1|0
[] Hand: [OP13-031,ST32-002,OP12-023,OP01-055,OP17-031,OP06-033,OP07-022,OP13-040,ST32-001,OP06-033,OP06-038,OP13-040,OP13-031,OP06-038,OP14-023,OP06-033,OP06-033,OP01-055]
[] Board: [OP17-022,OP07-022,ST32-001]
[] Trash: []
[] Life: 5
[] Hand: [OP15-077,OP09-077,ST10-010,OP15-074,OP15-076,OP15-077,OP09-077,OP15-061,OP15-061,OP05-077,OP15-066,OP15-067,OP15-074,OP15-075,OP15-074,OP15-066,OP15-066,OP15-077,OP15-077,OP10-067,OP15-076,OP15-076]
[] Trash: []
[] Board: []
[] Life: 3
[You] End Turn
[] Hand: [OP15-077,OP09-077,ST10-010,OP15-074,OP15-076,OP15-077,OP09-077,OP15-061,OP15-061,OP05-077,OP15-066,OP15-067,OP15-074,OP15-075,OP15-074,OP15-066,OP15-066,OP15-077,OP15-077,OP10-067,OP15-076,OP15-076]
[] Board: []
[] Trash: []
[] Life: 3
[] Hand: [OP13-031,ST32-002,OP12-023,OP01-055,OP17-031,OP06-033,OP07-022,OP13-040,ST32-001,OP06-033,OP06-038,OP13-040,OP13-031,OP06-038,OP14-023,OP06-033,OP06-033,OP01-055]
[] Trash: []
[] Board: [OP17-022,OP07-022,ST32-001]
[] Life: 5
[Opponent] Draw 1 Card
[] Drew card from deck: Mamaragan ["OP15-078">OP15-078]
RZ1|134|2|OP15-078|0|24|1|22|1|1|0|0|0
RZ1|CHK|134|2|24|23|0|3|0|6|0|0|1|0
RZ1|135|2|Don|5|0|5|0|1|1|1|0|0
RZ1|CHK|135|2|24|23|0|3|0|6|0|0|1|0
RZ1|136|2|Don|5|1|5|1|1|1|1|0|0
RZ1|CHK|136|2|24|23|0|3|0|6|0|0|1|0
RZ1|137|2|Don|5|2|5|2|1|1|1|0|0
RZ1|CHK|137|2|24|23|0|3|0|6|0|0|1|0
RZ1|138|2|Don|5|3|5|3|1|1|1|0|0
RZ1|CHK|138|2|24|23|0|3|0|6|0|0|1|0
RZ1|139|2|Don|5|4|5|4|1|1|1|0|0
RZ1|CHK|139|2|24|23|0|3|0|6|0|0|1|0
[Opponent] Deploy Senor Pink ["OP10-067">OP10-067]
RZ1|140|2|OP10-067|1|19|2|0|1|1|0|0|0
RZ1|CHK|140|2|24|22|1|3|0|6|0|0|1|0
RZ1|141|2|Don|5|0|4|0|1|1|0|0|0
RZ1|CHK|141|2|24|22|1|3|1|5|0|0|1|0
[Opponent] Senor Pink ["OP10-067">OP10-067]: Minus 1 Don
[Opponent] <b>Picked no cards to Draw</b>
[Opponent] Senor Pink ["OP10-067">OP10-067]: Activate 1 Don
RZ1|142|2|Don|5|3|5|3|1|1|0|0|0
RZ1|CHK|142|2|24|22|1|3|1|5|0|0|1|0
RZ1|143|2|Don|5|3|9|9900|1|1|0|0|0
RZ1|CHK|143|2|24|22|1|3|1|4|0|0|1|1
RZ1|144|2|Don|5|3|9|9901|1|1|0|0|0
RZ1|CHK|144|2|24|22|1|3|1|3|0|0|1|2
[Opponent] Attach 2 Don to Enel ["OP15-058">OP15-058] (2 Total)
[Opponent] Enel ["OP15-058">OP15-058]: Attach 1 Rested Don to Senor Pink ["OP10-067">OP10-067]
RZ1|145|2|Don|5|0|9|0|1|1|1|0|0
RZ1|CHK|145|2|24|22|1|3|1|2|0|0|1|3
[Opponent] Enel ["OP15-058">OP15-058]: Attach 1 Rested Don to Senor Pink ["OP10-067">OP10-067]
RZ1|146|2|Don|5|0|9|1|1|1|1|0|0
RZ1|CHK|146|2|24|22|1|3|1|1|0|0|1|4
[Opponent] Enel ["OP15-058">OP15-058]: Attach 1 Rested Don to Senor Pink ["OP10-067">OP10-067]
RZ1|147|2|Don|5|0|9|2|1|1|1|0|0
RZ1|CHK|147|2|24|22|1|3|1|0|0|0|1|5
[Opponent] Enel ["OP15-058">OP15-058] attacking Dracule Mihawk ["OP14-020">OP14-020]
[You] Discard Kawamatsu ["OP12-023">OP12-023] for Counter 2000
RZ1|148|1|OP12-023|1|2|6|0|1|1|0|0|0
RZ1|CHK|148|1|24|17|3|5|0|10|1|0|1|0
[You] Discard Otama ["OP07-022">OP07-022] for Counter 2000
RZ1|149|1|OP07-022|1|5|6|1|1|1|0|0|0
RZ1|CHK|149|1|24|16|3|5|0|10|2|0|1|0
Enel ["OP15-058">OP15-058][7000] vs Dracule Mihawk ["OP14-020">OP14-020][9000]
Attack Fails
[] Hand: [OP15-077,OP09-077,ST10-010,OP15-074,OP15-076,OP15-077,OP09-077,OP15-061,OP15-061,OP05-077,OP15-066,OP15-067,OP15-074,OP15-075,OP15-074,OP15-066,OP15-066,OP15-077,OP15-077,OP15-076,OP15-076,OP15-078]
[] Board: [OP10-067]
[] Trash: []
[] Life: 3
[] Hand: [OP13-031,ST32-002,OP01-055,OP17-031,OP06-033,OP13-040,ST32-001,OP06-033,OP06-038,OP13-040,OP13-031,OP06-038,OP14-023,OP06-033,OP06-033,OP01-055]
[] Trash: [OP12-023,OP07-022]
[] Board: [OP17-022,OP07-022,ST32-001]
[] Life: 5
[Opponent] End Turn
[] Hand: [OP13-031,ST32-002,OP01-055,OP17-031,OP06-033,OP13-040,ST32-001,OP06-033,OP06-038,OP13-040,OP13-031,OP06-038,OP14-023,OP06-033,OP06-033,OP01-055]
[] Board: [OP17-022,OP07-022,ST32-001]
[] Trash: [OP12-023,OP07-022]
[] Life: 5
[] Hand: [OP15-077,OP09-077,ST10-010,OP15-074,OP15-076,OP15-077,OP09-077,OP15-061,OP15-061,OP05-077,OP15-066,OP15-067,OP15-074,OP15-075,OP15-074,OP15-066,OP15-066,OP15-077,OP15-077,OP15-076,OP15-076,OP15-078]
[] Trash: []
[] Board: [OP10-067]
[] Life: 3
[You] Draw 1 Card
[] Drew card from deck: Billion-fold World Trichiliocosm ["OP06-038">OP06-038]
RZ1|150|1|OP06-038|0|23|1|16|1|1|0|0|0
RZ1|CHK|150|1|23|17|3|5|0|10|2|0|1|0
RZ1|151|1|Don|5|0|5|0|1|1|1|0|0
RZ1|CHK|151|1|23|17|3|5|0|10|2|0|1|0
RZ1|152|1|Don|5|1|5|1|1|1|1|0|0
RZ1|CHK|152|1|23|17|3|5|0|10|2|0|1|0
RZ1|153|1|Don|5|2|5|2|1|1|1|0|0
RZ1|CHK|153|1|23|17|3|5|0|10|2|0|1|0
RZ1|154|1|Don|5|3|5|3|1|1|1|0|0
RZ1|CHK|154|1|23|17|3|5|0|10|2|0|1|0
RZ1|155|1|Don|5|4|5|4|1|1|1|0|0
RZ1|CHK|155|1|23|17|3|5|0|10|2|0|1|0
RZ1|156|1|Don|5|5|5|5|1|1|1|0|0
RZ1|CHK|156|1|23|17|3|5|0|10|2|0|1|0
[You] Deploy Trafalgar Law ["OP13-031">OP13-031]
RZ1|157|1|OP13-031|1|0|2|3|1|1|0|0|0
RZ1|CHK|157|1|23|16|4|5|0|10|2|0|1|0
[You] Trafalgar Law ["OP13-031">OP13-031]: Return Otama ["OP07-022">OP07-022] to Hand
RZ1|158|1|OP07-022|2|1|1|16|1|1|0|0|0
RZ1|CHK|158|1|23|17|3|5|0|10|2|0|1|0
RZ1|159|1|OP17-031|1|2|2|3|1|1|1|0|0
RZ1|CHK|159|1|23|16|4|5|0|10|2|0|1|0
[You] Trafalgar Law ["OP13-031">OP13-031]: Deploy Yasopp ["OP17-031">OP17-031]
[] Drew card from deck: Shanks ["OP17-022">OP17-022]
RZ1|160|1|OP17-022|0|22|1|16|1|1|0|0|0
RZ1|CHK|160|1|22|17|4|5|0|10|2|0|1|0
[You] Yasopp ["OP17-031">OP17-031]: Draw 1 Card
[You] Yasopp ["OP17-031">OP17-031]: Rest Senor Pink ["OP10-067">OP10-067]
[You] Dracule Mihawk ["OP14-020">OP14-020] attacking Enel ["OP15-058">OP15-058]
Dracule Mihawk ["OP14-020">OP14-020][5000] vs Enel ["OP15-058">OP15-058][5000]
Enel ["OP15-058">OP15-058] hit for 1 damage
RZ1|161|2|OP15-067|3|2|1|22|1|1|0|0|0
RZ1|CHK|161|2|24|23|1|2|1|0|0|0|1|5
[You] Shanks ["OP17-022">OP17-022] attacking Enel ["OP15-058">OP15-058]
Shanks ["OP17-022">OP17-022][12000] vs Enel ["OP15-058">OP15-058][5000]
Enel ["OP15-058">OP15-058] hit for 1 damage
RZ1|162|2|OP13-076|3|1|1|23|1|1|0|0|0
RZ1|CHK|162|2|24|24|1|1|1|0|0|0|1|5
RZ1|163|1|Don|5|6|5|6|1|1|1|0|0
RZ1|CHK|163|1|22|17|4|5|0|10|2|0|1|0
[You] Deploy Otama ["OP07-022">OP07-022]
RZ1|164|1|OP07-022|1|15|2|4|1|1|0|0|0
RZ1|CHK|164|1|22|16|5|5|0|10|2|0|1|0
RZ1|165|1|ST32-001|0|19|1|16|1|1|0|0|0
RZ1|CHK|165|1|21|17|5|5|0|10|2|0|1|0
[You] Otama ["OP07-022">OP07-022]: <b>Reveal and Draw Kin'emon ["ST32-001">ST32-001]</b>
[You] Placing Cards on Bottom of Deck
RZ1|166|1|OP14-039|0|20|0|0|0|0|0|0|0
RZ1|CHK|166|1|21|17|5|5|0|10|2|0|1|0
RZ1|167|1|OP13-031|0|20|0|0|0|0|0|0|0
RZ1|CHK|167|1|21|17|5|5|0|10|2|0|1|0
RZ1|168|1|OP12-023|0|20|0|0|0|0|0|0|0
RZ1|CHK|168|1|21|17|5|5|0|10|2|0|1|0
RZ1|169|1|OP17-031|0|20|0|0|0|0|0|0|0
RZ1|CHK|169|1|21|17|5|5|0|10|2|0|1|0
RZ1|170|1|Don|5|7|5|7|1|1|1|0|0
RZ1|CHK|170|1|21|17|5|5|0|10|2|0|1|0
[You] Trash Otama ["OP07-022">OP07-022]
[You] Deploy Kin'emon ["ST32-001">ST32-001]
RZ1|171|1|OP07-022|2|4|6|2|1|1|0|0|0
RZ1|CHK|171|1|21|17|4|5|0|10|3|0|1|0
RZ1|172|1|ST32-001|1|4|2|4|1|1|0|0|0
RZ1|CHK|172|1|21|16|5|5|0|10|3|0|1|0
[You] Kin'emon ["ST32-001">ST32-001]: Rest Don ["Don">Don]
RZ1|173|1|Don|5|8|5|8|1|1|1|0|0
RZ1|CHK|173|1|21|16|5|5|0|10|3|0|1|0
[] Drew card from deck: Kouzuki Oden ["ST32-002">ST32-002]
RZ1|174|1|ST32-002|0|20|1|16|1|1|0|0|0
RZ1|CHK|174|1|20|17|5|5|0|10|3|0|1|0
[] Drew card from deck: Otama ["OP07-022">OP07-022]
RZ1|175|1|OP07-022|0|19|1|17|1|1|0|0|0
RZ1|CHK|175|1|19|18|5|5|0|10|3|0|1|0
[You] Kin'emon ["ST32-001">ST32-001]: Draw 2 Card
RZ1|176|1|ST32-002|1|0|6|3|1|1|0|0|0
RZ1|CHK|176|1|19|17|5|5|0|10|4|0|1|0
[You] Kin'emon ["ST32-001">ST32-001]: Trash Kouzuki Oden ["ST32-002">ST32-002]
[You] You Can Be My Samurai!!! ["OP01-055">OP01-055]: Rest Kin'emon ["ST32-001">ST32-001]
[You] You Can Be My Samurai!!! ["OP01-055">OP01-055]: Rest Kin'emon ["ST32-001">ST32-001]
[You] You Can Be My Samurai!!! ["OP01-055">OP01-055]: Draw 2 Card
[] Drew card from deck: Kouzuki Oden ["ST32-002">ST32-002]
RZ1|177|1|ST32-002|0|18|1|17|1|1|0|0|0
RZ1|CHK|177|1|18|18|5|5|0|10|4|0|1|0
[] Drew card from deck: Perona ["OP12-034">OP12-034]
RZ1|178|1|OP12-034|0|17|1|18|1|1|0|0|0
RZ1|CHK|178|1|17|19|5|5|0|10|4|0|1|0
RZ1|179|1|Don|5|9|5|9|1|1|1|0|0
RZ1|CHK|179|1|17|19|5|5|0|10|4|0|1|0
RZ1|180|1|OP01-055|1|0|6|4|1|1|0|0|0
RZ1|CHK|180|1|17|18|5|5|0|10|5|0|1|0
[You] Yasopp ["OP17-031">OP17-031]: Set Shanks ["OP17-022">OP17-022] to Active
[] Hand: [OP06-033,OP13-040,OP06-033,OP06-038,OP13-040,OP13-031,OP06-038,OP14-023,OP06-033,OP06-033,OP01-055,OP06-038,OP17-022,ST32-001,ST32-002,OP07-022,ST32-002,OP12-034]
[] Board: [OP17-022,ST32-001,OP13-031,OP17-031,ST32-001]
[] Trash: [OP12-023,OP07-022,OP07-022,ST32-002,OP01-055]
[] Life: 5
[] Hand: [OP15-077,OP09-077,ST10-010,OP15-074,OP15-076,OP15-077,OP09-077,OP15-061,OP15-061,OP05-077,OP15-066,OP15-067,OP15-074,OP15-075,OP15-074,OP15-066,OP15-066,OP15-077,OP15-077,OP15-076,OP15-076,OP15-078,OP15-067,OP13-076]
[] Trash: []
[] Board: [OP10-067]
[] Life: 1
[You] End Turn
[] Hand: [OP15-077,OP09-077,ST10-010,OP15-074,OP15-076,OP15-077,OP09-077,OP15-061,OP15-061,OP05-077,OP15-066,OP15-067,OP15-074,OP15-075,OP15-074,OP15-066,OP15-066,OP15-077,OP15-077,OP15-076,OP15-076,OP15-078,OP15-067,OP13-076]
[] Board: [OP10-067]
[] Trash: []
[] Life: 1
[] Hand: [OP06-033,OP13-040,OP06-033,OP06-038,OP13-040,OP13-031,OP06-038,OP14-023,OP06-033,OP06-033,OP01-055,OP06-038,OP17-022,ST32-001,ST32-002,OP07-022,ST32-002,OP12-034]
[] Trash: [OP12-023,OP07-022,OP07-022,ST32-002,OP01-055]
[] Board: [OP17-022,ST32-001,OP13-031,OP17-031,ST32-001]
[] Life: 5
RZ1|181|2|Don|9|9900|5|0|1|1|1|0|0
RZ1|CHK|181|2|24|24|1|1|1|1|0|0|1|4
RZ1|182|2|Don|9|9900|5|0|1|1|1|0|0
RZ1|CHK|182|2|24|24|1|1|1|2|0|0|1|3
RZ1|183|2|Don|9|0|5|0|1|1|1|0|0
RZ1|CHK|183|2|24|24|1|1|1|3|0|0|1|2
RZ1|184|2|Don|9|0|5|0|1|1|1|0|0
RZ1|CHK|184|2|24|24|1|1|1|4|0|0|1|1
RZ1|185|2|Don|9|0|5|0|1|1|1|0|0
RZ1|CHK|185|2|24|24|1|1|1|5|0|0|1|0
[Opponent] Draw 1 Card
[] Drew card from deck: Mamaragan ["OP15-078">OP15-078]
RZ1|186|2|OP15-078|0|23|1|24|1|1|0|0|0
RZ1|CHK|186|2|23|25|1|1|1|5|0|0|1|0
RZ1|187|2|Don|4|0|5|5|1|1|0|0|0
RZ1|CHK|187|2|23|25|1|1|0|6|0|0|1|0
[Opponent] Draw 2 Don
RZ1|188|2|Don|5|0|5|0|1|1|1|0|0
RZ1|CHK|188|2|23|25|1|1|0|6|0|0|1|0
RZ1|189|2|Don|5|1|5|1|1|1|1|0|0
RZ1|CHK|189|2|23|25|1|1|0|6|0|0|1|0
RZ1|190|2|Don|5|2|5|2|1|1|1|0|0
RZ1|CHK|190|2|23|25|1|1|0|6|0|0|1|0
RZ1|191|2|Don|5|3|5|3|1|1|1|0|0
RZ1|CHK|191|2|23|25|1|1|0|6|0|0|1|0
[Opponent] Deploy Trafalgar Law ["ST10-010">ST10-010]
RZ1|192|2|ST10-010|1|2|2|1|1|1|0|0|0
RZ1|CHK|192|2|23|24|2|1|0|6|0|0|1|0
RZ1|193|2|Don|5|0|4|0|1|1|0|0|0
RZ1|CHK|193|2|23|24|2|1|1|5|0|0|1|0
[Opponent] Trafalgar Law ["ST10-010">ST10-010]: Minus 1 Don
[Opponent] Trafalgar Law ["ST10-010">ST10-010]: Randomly send Vander Decken IX ["OP06-033">OP06-033] to Trash from Hand
RZ1|194|1|OP06-033|1|9|6|5|1|1|0|0|0
RZ1|CHK|194|1|17|17|5|5|0|10|6|0|1|0
[Opponent] Trafalgar Law ["ST10-010">ST10-010]: Randomly send Kin'emon ["ST32-001">ST32-001] to Trash from Hand
RZ1|195|1|ST32-001|1|12|6|6|1|1|0|0|0
RZ1|CHK|195|1|17|16|5|5|0|10|7|0|1|0
RZ1|196|2|Don|5|3|9|9900|1|1|0|0|0
RZ1|CHK|196|2|23|24|2|1|1|4|0|0|1|1
RZ1|197|2|Don|5|3|9|9901|1|1|0|0|0
RZ1|CHK|197|2|23|24|2|1|1|3|0|0|1|2
[Opponent] Attach 2 Don to Enel ["OP15-058">OP15-058] (2 Total)
[Opponent] Enel ["OP15-058">OP15-058]: Attach 1 Rested Don to Senor Pink ["OP10-067">OP10-067]
RZ1|198|2|Don|5|0|9|0|1|1|1|0|0
RZ1|CHK|198|2|23|24|2|1|1|2|0|0|1|3
[Opponent] Enel ["OP15-058">OP15-058]: Attach 1 Rested Don to Senor Pink ["OP10-067">OP10-067]
RZ1|199|2|Don|5|0|9|1|1|1|1|0|0
RZ1|CHK|199|2|23|24|2|1|1|1|0|0|1|4
[Opponent] Enel ["OP15-058">OP15-058]: Attach 1 Rested Don to Senor Pink ["OP10-067">OP10-067]
RZ1|200|2|Don|5|0|9|2|1|1|1|0|0
RZ1|CHK|200|2|23|24|2|1|1|0|0|0|1|5
[Opponent] Senor Pink ["OP10-067">OP10-067] attacking Dracule Mihawk ["OP14-020">OP14-020]
Senor Pink ["OP10-067">OP10-067][9000] vs Dracule Mihawk ["OP14-020">OP14-020][5000]
Dracule Mihawk ["OP14-020">OP14-020] hit for 1 damage
RZ1|201|1|OP14-039|3|4|1|16|1|1|0|0|0
RZ1|CHK|201|1|17|17|5|4|0|10|7|0|1|0
[Opponent] Enel ["OP15-058">OP15-058] attacking Yasopp ["OP17-031">OP17-031]
[You] Discard Kikunojo ["OP14-023">OP14-023] for Counter 2000
RZ1|202|1|OP14-023|1|7|6|7|1|1|0|0|0
RZ1|CHK|202|1|17|16|5|4|0|10|8|0|1|0
Enel ["OP15-058">OP15-058][7000] vs Yasopp ["OP17-031">OP17-031][8000]
Attack Fails
[] Hand: [OP15-077,OP09-077,OP15-074,OP15-076,OP15-077,OP09-077,OP15-061,OP15-061,OP05-077,OP15-066,OP15-067,OP15-074,OP15-075,OP15-074,OP15-066,OP15-066,OP15-077,OP15-077,OP15-076,OP15-076,OP15-078,OP15-067,OP13-076,OP15-078]
[] Board: [OP10-067,ST10-010]
[] Trash: []
[] Life: 1
[] Hand: [OP06-033,OP13-040,OP06-033,OP06-038,OP13-040,OP13-031,OP06-038,OP06-033,OP01-055,OP06-038,OP17-022,ST32-002,OP07-022,ST32-002,OP12-034,OP14-039]
[] Trash: [OP12-023,OP07-022,OP07-022,ST32-002,OP01-055,OP06-033,ST32-001,OP14-023]
[] Board: [OP17-022,ST32-001,OP13-031,OP17-031,ST32-001]
[] Life: 4
[Opponent] End Turn
[] Hand: [OP06-033,OP13-040,OP06-033,OP06-038,OP13-040,OP13-031,OP06-038,OP06-033,OP01-055,OP06-038,OP17-022,ST32-002,OP07-022,ST32-002,OP12-034,OP14-039]
[] Board: [OP17-022,ST32-001,OP13-031,OP17-031,ST32-001]
[] Trash: [OP12-023,OP07-022,OP07-022,ST32-002,OP01-055,OP06-033,ST32-001,OP14-023]
[] Life: 4
[] Hand: [OP15-077,OP09-077,OP15-074,OP15-076,OP15-077,OP09-077,OP15-061,OP15-061,OP05-077,OP15-066,OP15-067,OP15-074,OP15-075,OP15-074,OP15-066,OP15-066,OP15-077,OP15-077,OP15-076,OP15-076,OP15-078,OP15-067,OP13-076,OP15-078]
[] Trash: []
[] Board: [OP10-067,ST10-010]
[] Life: 1
[You] Draw 1 Card
[] Drew card from deck: Perona ["OP12-034">OP12-034]
RZ1|203|1|OP12-034|0|16|1|16|1|1|0|0|0
RZ1|CHK|203|1|16|17|5|4|0|10|8|0|1|0
[] Hand: [OP06-033,OP13-040,OP06-033,OP06-038,OP13-040,OP13-031,OP06-038,OP06-033,OP01-055,OP06-038,OP17-022,ST32-002,OP07-022,ST32-002,OP12-034,OP14-039,OP12-034]
[] Board: [OP17-022,ST32-001,OP13-031,OP17-031,ST32-001]
[] Trash: [OP12-023,OP07-022,OP07-022,ST32-002,OP01-055,OP06-033,ST32-001,OP14-023]
[] Life: 4
[] Hand: [OP15-077,OP09-077,OP15-074,OP15-076,OP15-077,OP09-077,OP15-061,OP15-061,OP05-077,OP15-066,OP15-067,OP15-074,OP15-075,OP15-074,OP15-066,OP15-066,OP15-077,OP15-077,OP15-076,OP15-076,OP15-078,OP15-067,OP13-076,OP15-078]
[] Trash: []
[] Board: [OP10-067,ST10-010]
[] Life: 1
[You] End Turn
[] Hand: [OP15-077,OP09-077,OP15-074,OP15-076,OP15-077,OP09-077,OP15-061,OP15-061,OP05-077,OP15-066,OP15-067,OP15-074,OP15-075,OP15-074,OP15-066,OP15-066,OP15-077,OP15-077,OP15-076,OP15-076,OP15-078,OP15-067,OP13-076,OP15-078]
[] Board: [OP10-067,ST10-010]
[] Trash: []
[] Life: 1
[] Hand: [OP06-033,OP13-040,OP06-033,OP06-038,OP13-040,OP13-031,OP06-038,OP06-033,OP01-055,OP06-038,OP17-022,ST32-002,OP07-022,ST32-002,OP12-034,OP14-039,OP12-034]
[] Trash: [OP12-023,OP07-022,OP07-022,ST32-002,OP01-055,OP06-033,ST32-001,OP14-023]
[] Board: [OP17-022,ST32-001,OP13-031,OP17-031,ST32-001]
[] Life: 4
RZ1|204|2|Don|9|9900|5|0|1|1|1|0|0
RZ1|CHK|204|2|23|24|2|1|1|1|0|0|1|4
RZ1|205|2|Don|9|9900|5|0|1|1|1|0|0
RZ1|CHK|205|2|23|24|2|1|1|2|0|0|1|3
RZ1|206|2|Don|9|0|5|0|1|1|1|0|0
RZ1|CHK|206|2|23|24|2|1|1|3|0|0|1|2
RZ1|207|2|Don|9|0|5|0|1|1|1|0|0
RZ1|CHK|207|2|23|24|2|1|1|4|0|0|1|1
RZ1|208|2|Don|9|0|5|0|1|1|1|0|0
RZ1|CHK|208|2|23|24|2|1|1|5|0|0|1|0
[Opponent] Draw 1 Card
[] Drew card from deck: Enel ["OP15-118">OP15-118]
RZ1|209|2|OP15-118|0|22|1|24|1|1|0|0|0
RZ1|CHK|209|2|22|25|2|1|1|5|0|0|1|0
RZ1|210|2|Don|4|0|5|5|1|1|0|0|0
RZ1|CHK|210|2|22|25|2|1|0|6|0|0|1|0
[Opponent] Draw 2 Don
[Opponent] Senor Pink ["OP10-067">OP10-067] attacking Dracule Mihawk ["OP14-020">OP14-020]
[You] I Know You're Strong... So I'll Go All Out ["OP13-040">OP13-040]: Activate Counter
[You] I Know You're Strong... So I'll Go All Out ["OP13-040">OP13-040]: Rest 1 Don
RZ1|211|1|Don|5|0|5|0|1|1|1|0|0
RZ1|CHK|211|1|16|17|5|4|0|10|8|0|1|0
RZ1|212|1|OP13-040|1|1|6|8|1|1|0|0|0
RZ1|CHK|212|1|16|16|5|4|0|10|9|0|1|0
[You] I Know You're Strong... So I'll Go All Out ["OP13-040">OP13-040]: Buff Dracule Mihawk ["OP14-020">OP14-020] 3000 for the Combat
Senor Pink ["OP10-067">OP10-067][6000] vs Dracule Mihawk ["OP14-020">OP14-020][8000]
Attack Fails
RZ1|213|2|Don|5|0|5|0|1|1|1|0|0
RZ1|CHK|213|2|22|25|2|1|0|6|0|0|1|0
RZ1|214|2|Don|5|1|5|1|1|1|1|0|0
RZ1|CHK|214|2|22|25|2|1|0|6|0|0|1|0
RZ1|215|2|Don|5|2|5|2|1|1|1|0|0
RZ1|CHK|215|2|22|25|2|1|0|6|0|0|1|0
RZ1|216|2|Don|5|3|5|3|1|1|1|0|0
RZ1|CHK|216|2|22|25|2|1|0|6|0|0|1|0
RZ1|217|2|Don|5|4|5|4|1|1|1|0|0
RZ1|CHK|217|2|22|25|2|1|0|6|0|0|1|0
RZ1|218|2|Don|5|5|5|5|1|1|1|0|0
RZ1|CHK|218|2|22|25|2|1|0|6|0|0|1|0
[Opponent] Deploy Enel ["OP15-118">OP15-118]
RZ1|219|2|OP15-118|1|24|2|2|1|1|0|2000|0
RZ1|CHK|219|2|22|24|3|1|0|6|0|0|1|0
RZ1|220|2|Don|5|0|4|0|1|1|0|0|0
RZ1|CHK|220|2|22|24|3|1|1|5|0|0|1|0
[Opponent] Enel ["OP15-118">OP15-118]: Minus 1 Don
RZ1|221|2|OP05-077|0|18|1|24|1|1|0|0|0
RZ1|CHK|221|2|21|25|3|1|1|5|0|0|1|0
[Opponent] Enel ["OP15-118">OP15-118]: Added 1 Cards to Hand
[Opponent] Placing Cards on Bottom of Deck
RZ1|222|2|OP15-075|0|20|0|0|0|0|0|0|0
RZ1|CHK|222|2|21|25|3|1|1|5|0|0|1|0
RZ1|223|2|OP15-067|0|20|0|0|0|0|0|0|0
RZ1|CHK|223|2|21|25|3|1|1|5|0|0|1|0
RZ1|224|2|OP12-071|0|20|0|0|0|0|0|0|0
RZ1|CHK|224|2|21|25|3|1|1|5|0|0|1|0
RZ1|225|2|OP15-061|0|20|0|0|0|0|0|0|0
RZ1|CHK|225|2|21|25|3|1|1|5|0|0|1|0
RZ1|226|2|OP15-061|1|6|6|0|1|1|0|0|0
RZ1|CHK|226|2|21|24|3|1|1|5|1|0|1|0
[Opponent] Enel ["OP15-118">OP15-118]: Trash Ohm ["OP15-061">OP15-061]
[Opponent] Enel ["OP15-058">OP15-058]: Attach 1 Rested Don to Trafalgar Law ["ST10-010">ST10-010]
RZ1|227|2|Don|5|0|9|100|1|1|1|0|0
RZ1|CHK|227|2|21|24|3|1|1|4|1|0|1|1
[Opponent] Enel ["OP15-058">OP15-058]: Attach 1 Rested Don to Trafalgar Law ["ST10-010">ST10-010]
RZ1|228|2|Don|5|0|9|101|1|1|1|0|0
RZ1|CHK|228|2|21|24|3|1|1|3|1|0|1|2
[Opponent] Enel ["OP15-058">OP15-058]: Attach 1 Rested Don to Trafalgar Law ["ST10-010">ST10-010]
RZ1|229|2|Don|5|0|9|102|1|1|1|0|0
RZ1|CHK|229|2|21|24|3|1|1|2|1|0|1|3
[Opponent] Enel ["OP15-058">OP15-058]: Attach 1 Rested Don to Trafalgar Law ["ST10-010">ST10-010]
RZ1|230|2|Don|5|0|9|103|1|1|1|0|0
RZ1|CHK|230|2|21|24|3|1|1|1|1|0|1|4
[Opponent] Trafalgar Law ["ST10-010">ST10-010] attacking Dracule Mihawk ["OP14-020">OP14-020]
[You] I Know You're Strong... So I'll Go All Out ["OP13-040">OP13-040]: Activate Counter
[You] I Know You're Strong... So I'll Go All Out ["OP13-040">OP13-040]: Rest 1 Don
RZ1|231|1|Don|5|1|5|1|1|1|1|0|0
RZ1|CHK|231|1|16|16|5|4|0|10|9|0|1|0
RZ1|232|1|OP13-040|1|3|6|9|1|1|0|0|0
RZ1|CHK|232|1|16|15|5|4|0|10|10|0|1|0
[You] I Know You're Strong... So I'll Go All Out ["OP13-040">OP13-040]: Buff Dracule Mihawk ["OP14-020">OP14-020] 3000 for the Combat
[You] Discard Otama ["OP07-022">OP07-022] for Counter 2000
RZ1|233|1|OP07-022|1|10|6|10|1|1|0|0|0
RZ1|CHK|233|1|16|14|5|4|0|10|11|0|1|0
Trafalgar Law ["ST10-010">ST10-010][9000] vs Dracule Mihawk ["OP14-020">OP14-020][10000]
Attack Fails
RZ1|234|2|OP15-075|1|11|6|1|1|1|0|0|0
RZ1|CHK|234|2|21|23|3|1|1|1|2|0|1|4
RZ1|235|2|OP15-076|1|3|6|2|1|1|0|0|0
RZ1|CHK|235|2|21|22|3|1|1|1|3|0|1|4
RZ1|236|2|Don|9|100|4|1|1|1|0|0|0
RZ1|CHK|236|2|21|22|3|1|2|1|3|0|1|3
[Opponent] Lightning Beast Kiten ["OP15-076">OP15-076]: Minus 1 Don
[] Drew card from deck: Trafalgar Law ["ST10-010">ST10-010]
RZ1|237|2|ST10-010|0|20|1|22|1|1|0|0|0
RZ1|CHK|237|2|20|23|3|1|2|1|3|0|1|3
[Opponent] Lightning Beast Kiten ["OP15-076">OP15-076]: Draw 1 Card
[Opponent] Lightning Beast Kiten ["OP15-076">OP15-076]: Buff Trafalgar Law ["OP13-031">OP13-031] -1000
RZ1|238|2|OP15-076|1|15|6|3|1|1|0|0|0
RZ1|CHK|238|2|20|22|3|1|2|1|4|0|1|3
RZ1|239|2|Don|9|100|4|2|1|1|0|0|0
RZ1|CHK|239|2|20|22|3|1|3|1|4|0|1|2
[Opponent] Lightning Beast Kiten ["OP15-076">OP15-076]: Minus 1 Don
[] Drew card from deck: Senor Pink ["OP10-067">OP10-067]
RZ1|240|2|OP10-067|0|19|1|22|1|1|0|0|0
RZ1|CHK|240|2|19|23|3|1|3|1|4|0|1|2
[Opponent] Lightning Beast Kiten ["OP15-076">OP15-076]: Draw 1 Card
[Opponent] Lightning Beast Kiten ["OP15-076">OP15-076]: Buff Yasopp ["OP17-031">OP17-031] -1000
RZ1|241|2|OP15-076|1|15|6|4|1|1|0|0|0
RZ1|CHK|241|2|19|22|3|1|3|1|5|0|1|2
[Opponent] Enel ["OP15-058">OP15-058] attacking Dracule Mihawk ["OP14-020">OP14-020]
[You] Billion-fold World Trichiliocosm ["OP06-038">OP06-038]: Activate Counter
[You] Billion-fold World Trichiliocosm ["OP06-038">OP06-038]: Rest 1 Don
RZ1|242|1|Don|5|2|5|2|1|1|1|0|0
RZ1|CHK|242|1|16|14|5|4|0|10|11|0|1|0
RZ1|243|1|OP06-038|1|2|6|11|1|1|0|0|0
RZ1|CHK|243|1|16|13|5|4|0|10|12|0|1|0
[You] Billion-fold World Trichiliocosm ["OP06-038">OP06-038]: Buff Dracule Mihawk ["OP14-020">OP14-020] 2000 for the Combat
Enel ["OP15-058">OP15-058][5000] vs Dracule Mihawk ["OP14-020">OP14-020][7000]
Attack Fails
[] Hand: [OP15-077,OP09-077,OP15-074,OP15-077,OP09-077,OP15-061,OP05-077,OP15-066,OP15-067,OP15-074,OP15-074,OP15-066,OP15-066,OP15-077,OP15-077,OP15-078,OP15-067,OP13-076,OP15-078,OP05-077,ST10-010,OP10-067]
[] Board: [OP10-067,ST10-010,OP15-118]
[] Trash: [OP15-061,OP15-075,OP15-076,OP15-076,OP15-076]
[] Life: 1
[] Hand: [OP06-033,OP06-033,OP13-031,OP06-038,OP06-033,OP01-055,OP06-038,OP17-022,ST32-002,ST32-002,OP12-034,OP14-039,OP12-034]
[] Trash: [OP12-023,OP07-022,OP07-022,ST32-002,OP01-055,OP06-033,ST32-001,OP14-023,OP13-040,OP13-040,OP07-022,OP06-038]
[] Board: [OP17-022,ST32-001,OP13-031,OP17-031,ST32-001]
[] Life: 4
[Opponent] End Turn
[] Hand: [OP06-033,OP06-033,OP13-031,OP06-038,OP06-033,OP01-055,OP06-038,OP17-022,ST32-002,ST32-002,OP12-034,OP14-039,OP12-034]
[] Board: [OP17-022,ST32-001,OP13-031,OP17-031,ST32-001]
[] Trash: [OP12-023,OP07-022,OP07-022,ST32-002,OP01-055,OP06-033,ST32-001,OP14-023,OP13-040,OP13-040,OP07-022,OP06-038]
[] Life: 4
[] Hand: [OP15-077,OP09-077,OP15-074,OP15-077,OP09-077,OP15-061,OP05-077,OP15-066,OP15-067,OP15-074,OP15-074,OP15-066,OP15-066,OP15-077,OP15-077,OP15-078,OP15-067,OP13-076,OP15-078,OP05-077,ST10-010,OP10-067]
[] Trash: [OP15-061,OP15-075,OP15-076,OP15-076,OP15-076]
[] Board: [OP10-067,ST10-010,OP15-118]
[] Life: 1
[You] Draw 1 Card
[] Drew card from deck: Kawamatsu ["OP12-023">OP12-023]
RZ1|244|1|OP12-023|0|15|1|13|1|1|0|0|0
RZ1|CHK|244|1|15|14|5|4|0|10|12|0|1|0
RZ1|245|1|Don|5|0|5|0|1|1|1|0|0
RZ1|CHK|245|1|15|14|5|4|0|10|12|0|1|0
RZ1|246|1|Don|5|1|5|1|1|1|1|0|0
RZ1|CHK|246|1|15|14|5|4|0|10|12|0|1|0
RZ1|247|1|Don|5|2|5|2|1|1|1|0|0
RZ1|CHK|247|1|15|14|5|4|0|10|12|0|1|0
RZ1|248|1|Don|5|3|5|3|1|1|1|0|0
RZ1|CHK|248|1|15|14|5|4|0|10|12|0|1|0
RZ1|249|1|Don|5|4|5|4|1|1|1|0|0
RZ1|CHK|249|1|15|14|5|4|0|10|12|0|1|0
RZ1|250|1|Don|5|5|5|5|1|1|1|0|0
RZ1|CHK|250|1|15|14|5|4|0|10|12|0|1|0
RZ1|251|1|Don|5|6|5|6|1|1|1|0|0
RZ1|CHK|251|1|15|14|5|4|0|10|12|0|1|0
RZ1|252|1|Don|5|7|5|7|1|1|1|0|0
RZ1|CHK|252|1|15|14|5|4|0|10|12|0|1|0
RZ1|253|1|Don|5|8|5|8|1|1|1|0|0
RZ1|CHK|253|1|15|14|5|4|0|10|12|0|1|0
RZ1|254|1|Don|5|9|5|9|1|1|1|0|0
RZ1|CHK|254|1|15|14|5|4|0|10|12|0|1|0
[You] Trash Kin'emon ["ST32-001">ST32-001]
[You] Deploy Shanks ["OP17-022">OP17-022]
RZ1|255|1|ST32-001|2|1|6|12|1|1|0|0|0
RZ1|CHK|255|1|15|14|4|4|0|10|13|0|1|0
RZ1|256|1|OP17-022|1|7|2|4|1|1|0|0|0
RZ1|CHK|256|1|15|13|5|4|0|10|13|0|1|0
[You] Shanks ["OP17-022">OP17-022]: Activate 1 Don
RZ1|257|1|Don|5|9|5|9|1|1|0|0|0
RZ1|CHK|257|1|15|13|5|4|0|10|13|0|1|0
[You] Shanks ["OP17-022">OP17-022]: Activate 1 Don
RZ1|258|1|Don|5|8|5|8|1|1|0|0|0
RZ1|CHK|258|1|15|13|5|4|0|10|13|0|1|0
[You] Shanks ["OP17-022">OP17-022]: Rest Enel ["OP15-118">OP15-118]
[You] Dracule Mihawk ["OP14-020">OP14-020] attacking Enel ["OP15-058">OP15-058]
Dracule Mihawk ["OP14-020">OP14-020][5000] vs Enel ["OP15-058">OP15-058][5000]
Enel ["OP15-058">OP15-058] hit for 1 damage
RZ1|259|2|ST10-010|3|0|1|22|1|1|0|0|0
RZ1|CHK|259|2|19|23|3|0|3|1|5|0|1|2
RZ1|260|1|Don|5|8|5|8|1|1|1|0|0
RZ1|CHK|260|1|15|13|5|4|0|10|13|0|1|0
[You] Deploy Coffin Boat ["OP14-039">OP14-039]
RZ1|261|1|OP14-039|1|10|7|0|1|1|0|0|0
RZ1|CHK|261|1|15|12|5|4|0|10|13|1|1|0
[] Drew card from deck: Electrical Luna ["OP08-036">OP08-036]
RZ1|262|1|OP08-036|0|14|1|12|1|1|0|0|0
RZ1|CHK|262|1|14|13|5|4|0|10|13|1|1|0
[You] Coffin Boat ["OP14-039">OP14-039]: Draw 1 Card
[You] Shanks ["OP17-022">OP17-022] attacking Enel ["OP15-058">OP15-058]
[Opponent] Divine Departure ["OP13-076">OP13-076]: Activate Counter
RZ1|263|2|OP13-076|1|17|6|5|1|1|0|0|0
RZ1|CHK|263|2|19|22|3|0|3|1|6|0|1|2
[Opponent] Discard Ohm ["OP15-061">OP15-061] for Counter 1000
RZ1|264|2|OP15-061|1|5|6|6|1|1|0|0|0
RZ1|CHK|264|2|19|21|3|0|3|1|7|0|1|2
[Opponent] Discard Satori ["OP15-066">OP15-066] for Counter 1000
RZ1|265|2|OP15-066|1|6|6|7|1|1|0|0|0
RZ1|CHK|265|2|19|20|3|0|3|1|8|0|1|2
[Opponent] Discard Shura ["OP15-067">OP15-067] for Counter 1000
RZ1|266|2|OP15-067|1|6|6|8|1|1|0|0|0
RZ1|CHK|266|2|19|19|3|0|3|1|9|0|1|2
[Opponent] Discard Satori ["OP15-066">OP15-066] for Counter 1000
RZ1|267|2|OP15-066|1|8|6|9|1|1|0|0|0
RZ1|CHK|267|2|19|18|3|0|3|1|10|0|1|2
[Opponent] Discard Satori ["OP15-066">OP15-066] for Counter 1000
RZ1|268|2|OP15-066|1|8|6|10|1|1|0|0|0
RZ1|CHK|268|2|19|17|3|0|3|1|11|0|1|2
[Opponent] Discard Shura ["OP15-067">OP15-067] for Counter 1000
RZ1|269|2|OP15-067|1|11|6|11|1|1|0|0|0
RZ1|CHK|269|2|19|16|3|0|3|1|12|0|1|2
[Opponent] Discard Trafalgar Law ["ST10-010">ST10-010] for Counter 1000
RZ1|270|2|ST10-010|1|13|6|12|1|1|0|0|0
RZ1|CHK|270|2|19|15|3|0|3|1|13|0|1|2
[Opponent] Discard Trafalgar Law ["ST10-010">ST10-010] for Counter 1000
RZ1|271|2|ST10-010|1|14|6|13|1|1|0|0|0
RZ1|CHK|271|2|19|14|3|0|3|1|14|0|1|2
Shanks ["OP17-022">OP17-022][12000] vs Enel ["OP15-058">OP15-058][13000]
Attack Fails
[You] Trafalgar Law ["OP13-031">OP13-031] attacking Enel ["OP15-058">OP15-058]
[Opponent] Mamaragan ["OP15-078">OP15-078]: Activate Counter
RZ1|272|2|OP15-078|1|10|6|14|1|1|0|0|0
RZ1|CHK|272|2|19|13|3|0|3|1|15|0|1|2
[Opponent] Mamaragan ["OP15-078">OP15-078]: Buff Enel ["OP15-058">OP15-058] 1000 for the Combat
[] Drew card from deck: Lightning Beast Kiten ["OP15-076">OP15-076]
RZ1|273|2|OP15-076|0|18|1|13|1|1|0|0|0
RZ1|CHK|273|2|18|14|3|0|3|1|15|0|1|2
[Opponent] Mamaragan ["OP15-078">OP15-078]: Draw 1 Card
[Opponent] Mamaragan ["OP15-078">OP15-078]: Activate Counter
RZ1|274|2|OP15-078|1|10|6|15|1|1|0|0|0
RZ1|CHK|274|2|18|13|3|0|3|1|16|0|1|2
[Opponent] Mamaragan ["OP15-078">OP15-078]: Buff Enel ["OP15-058">OP15-058] 1000 for the Combat
[] Drew card from deck: Enel ["OP15-118">OP15-118]
RZ1|275|2|OP15-118|0|17|1|13|1|1|0|0|0
RZ1|CHK|275|2|17|14|3|0|3|1|16|0|1|2
[Opponent] Mamaragan ["OP15-078">OP15-078]: Draw 1 Card
Trafalgar Law ["OP13-031">OP13-031][6000] vs Enel ["OP15-058">OP15-058][7000]
Attack Fails
[You] Yasopp ["OP17-031">OP17-031] attacking Enel ["OP15-058">OP15-058]
Yasopp ["OP17-031">OP17-031][6000] vs Enel ["OP15-058">OP15-058][5000]
Enel ["OP15-058">OP15-058] hit for 1 damage
[Opponent] <b>Downloaded the Combat Log!</b>
GameOver
