Version is 1.44a.14
[You] Leader is Dracule Mihawk ["OP14-020">OP14-020]
RZ1|HDR|1.44a|2|RZ1
RZ1|PLY|1||OP14-020
RZ1|PLY|2||
[Opponent] Leader is Luffy & Ace ["ST30-001">ST30-001]
RZ1|1|2|ST21-014|0|14|0|0|0|0|0|0|0
RZ1|CHK|1|2|50|0|0|0|10|0|0|0|1|0
RZ1|2|2|ST31-001|0|17|0|1|0|0|0|0|0
RZ1|CHK|2|2|50|0|0|0|10|0|0|0|1|0
RZ1|3|2|OP01-030|0|34|0|2|0|0|0|0|0
RZ1|CHK|3|2|50|0|0|0|10|0|0|0|1|0
RZ1|4|2|ST30-012|0|27|0|3|0|0|0|0|0
RZ1|CHK|4|2|50|0|0|0|10|0|0|0|1|0
RZ1|5|2|ST21-014|0|17|0|4|0|0|0|0|0
RZ1|CHK|5|2|50|0|0|0|10|0|0|0|1|0
RZ1|6|2|OP01-057|0|39|0|5|0|0|0|0|0
RZ1|CHK|6|2|50|0|0|0|10|0|0|0|1|0
RZ1|7|2|OP13-040|0|44|0|6|0|0|0|0|0
RZ1|CHK|7|2|50|0|0|0|10|0|0|0|1|0
RZ1|8|2|EB04-002|0|9|0|7|0|0|0|0|0
RZ1|CHK|8|2|50|0|0|0|10|0|0|0|1|0
RZ1|9|2|OP01-016|0|13|0|8|0|0|0|0|0
RZ1|CHK|9|2|50|0|0|0|10|0|0|0|1|0
RZ1|10|2|ST31-001|0|23|0|9|0|0|0|0|0
RZ1|CHK|10|2|50|0|0|0|10|0|0|0|1|0
RZ1|11|2|ST21-014|0|21|0|10|0|0|0|0|0
RZ1|CHK|11|2|50|0|0|0|10|0|0|0|1|0
RZ1|12|2|OP15-032|0|30|0|11|0|0|0|0|0
RZ1|CHK|12|2|50|0|0|0|10|0|0|0|1|0
RZ1|13|2|EB02-017|0|25|0|12|0|0|0|0|0
RZ1|CHK|13|2|50|0|0|0|10|0|0|0|1|0
RZ1|14|2|OP17-017|0|37|0|13|0|0|0|0|0
RZ1|CHK|14|2|50|0|0|0|10|0|0|0|1|0
RZ1|15|2|OP12-037|0|44|0|14|0|0|0|0|0
RZ1|CHK|15|2|50|0|0|0|10|0|0|0|1|0
RZ1|16|2|OP04-016|0|33|0|15|0|0|0|0|0
RZ1|CHK|16|2|50|0|0|0|10|0|0|0|1|0
RZ1|17|2|ST30-012|0|33|0|16|0|0|0|0|0
RZ1|CHK|17|2|50|0|0|0|10|0|0|0|1|0
RZ1|18|2|EB02-017|0|31|0|17|0|0|0|0|0
RZ1|CHK|18|2|50|0|0|0|10|0|0|0|1|0
RZ1|19|2|OP17-017|0|41|0|18|0|0|0|0|0
RZ1|CHK|19|2|50|0|0|0|10|0|0|0|1|0
RZ1|20|2|EB02-017|0|32|0|19|0|0|0|0|0
RZ1|CHK|20|2|50|0|0|0|10|0|0|0|1|0
RZ1|21|2|ST30-012|0|34|0|20|0|0|0|0|0
RZ1|CHK|21|2|50|0|0|0|10|0|0|0|1|0
RZ1|22|2|OP01-030|0|39|0|21|0|0|0|0|0
RZ1|CHK|22|2|50|0|0|0|10|0|0|0|1|0
RZ1|23|2|OP17-017|0|40|0|22|0|0|0|0|0
RZ1|CHK|23|2|50|0|0|0|10|0|0|0|1|0
RZ1|24|2|OP04-016|0|38|0|23|0|0|0|0|0
RZ1|CHK|24|2|50|0|0|0|10|0|0|0|1|0
RZ1|25|2|EB04-002|0|26|0|24|0|0|0|0|0
RZ1|CHK|25|2|50|0|0|0|10|0|0|0|1|0
RZ1|26|2|OP12-015|0|32|0|25|0|0|0|0|0
RZ1|CHK|26|2|50|0|0|0|10|0|0|0|1|0
RZ1|27|2|OP01-016|0|30|0|26|0|0|0|0|0
RZ1|CHK|27|2|50|0|0|0|10|0|0|0|1|0
RZ1|28|2|ST31-005|0|49|0|27|0|0|0|0|0
RZ1|CHK|28|2|50|0|0|0|10|0|0|0|1|0
RZ1|29|2|OP01-016|0|30|0|28|0|0|0|0|0
RZ1|CHK|29|2|50|0|0|0|10|0|0|0|1|0
RZ1|30|2|ST31-005|0|48|0|29|0|0|0|0|0
RZ1|CHK|30|2|50|0|0|0|10|0|0|0|1|0
RZ1|31|2|OP12-037|0|46|0|30|0|0|0|0|0
RZ1|CHK|31|2|50|0|0|0|10|0|0|0|1|0
RZ1|32|2|OP01-030|0|42|0|31|0|0|0|0|0
RZ1|CHK|32|2|50|0|0|0|10|0|0|0|1|0
RZ1|33|2|ST31-001|0|39|0|32|0|0|0|0|0
RZ1|CHK|33|2|50|0|0|0|10|0|0|0|1|0
RZ1|34|2|ST31-001|0|40|0|33|0|0|0|0|0
RZ1|CHK|34|2|50|0|0|0|10|0|0|0|1|0
RZ1|35|2|OP04-016|0|42|0|34|0|0|0|0|0
RZ1|CHK|35|2|50|0|0|0|10|0|0|0|1|0
RZ1|36|2|ST21-014|0|41|0|35|0|0|0|0|0
RZ1|CHK|36|2|50|0|0|0|10|0|0|0|1|0
RZ1|37|2|EB04-002|0|37|0|36|0|0|0|0|0
RZ1|CHK|37|2|50|0|0|0|10|0|0|0|1|0
RZ1|38|2|OP12-015|0|39|0|37|0|0|0|0|0
RZ1|CHK|38|2|50|0|0|0|10|0|0|0|1|0
RZ1|39|2|OP01-057|0|46|0|38|0|0|0|0|0
RZ1|CHK|39|2|50|0|0|0|10|0|0|0|1|0
RZ1|40|2|EB02-017|0|43|0|39|0|0|0|0|0
RZ1|CHK|40|2|50|0|0|0|10|0|0|0|1|0
RZ1|41|2|OP13-040|0|47|0|40|0|0|0|0|0
RZ1|CHK|41|2|50|0|0|0|10|0|0|0|1|0
RZ1|42|2|ST31-005|0|48|0|41|0|0|0|0|0
RZ1|CHK|42|2|50|0|0|0|10|0|0|0|1|0
RZ1|43|2|OP12-015|0|45|0|43|0|0|0|0|0
RZ1|CHK|43|2|50|0|0|0|10|0|0|0|1|0
RZ1|44|2|OP17-017|0|47|0|46|0|0|0|0|0
RZ1|CHK|44|2|50|0|0|0|10|0|0|0|1|0
RZ1|45|2|ST31-005|0|49|0|47|0|0|0|0|0
RZ1|CHK|45|2|50|0|0|0|10|0|0|0|1|0
RZ1|46|2|OP01-057|0|49|0|48|0|0|0|0|0
RZ1|CHK|46|2|50|0|0|0|10|0|0|0|1|0
[] Drew card from deck: Vander Decken IX ["OP06-033">OP06-033]
RZ1|47|1|OP06-033|0|49|1|0|1|1|0|0|0
RZ1|CHK|47|1|49|1|0|0|10|0|0|0|1|0
[] Drew card from deck: Kawamatsu ["OP12-023">OP12-023]
RZ1|48|1|OP12-023|0|48|1|1|1|1|0|0|0
RZ1|CHK|48|1|48|2|0|0|10|0|0|0|1|0
[] Drew card from deck: Perona ["OP12-034">OP12-034]
RZ1|49|1|OP12-034|0|47|1|2|1|1|0|0|0
RZ1|CHK|49|1|47|3|0|0|10|0|0|0|1|0
[] Drew card from deck: Kikunojo ["OP14-023">OP14-023]
RZ1|50|1|OP14-023|0|46|1|3|1|1|0|0|0
RZ1|CHK|50|1|46|4|0|0|10|0|0|0|1|0
[] Drew card from deck: Vander Decken IX ["OP06-033">OP06-033]
RZ1|51|1|OP06-033|0|45|1|4|1|1|0|0|0
RZ1|CHK|51|1|45|5|0|0|10|0|0|0|1|0
[] Drew card from deck: In Two Years!! At the Sabaody Archipelago!! ["OP01-030">OP01-030]
RZ1|52|2|OP01-030|0|49|1|0|1|1|0|0|0
RZ1|CHK|52|2|49|1|0|0|10|0|0|0|1|0
[] Drew card from deck: Paradise Waterfall ["OP01-057">OP01-057]
RZ1|53|2|OP01-057|0|48|1|1|1|1|0|0|0
RZ1|CHK|53|2|48|2|0|0|10|0|0|0|1|0
[] Drew card from deck: Thousand Sunny ["ST31-005">ST31-005]
RZ1|54|2|ST31-005|0|47|1|2|1|1|0|0|0
RZ1|CHK|54|2|47|3|0|0|10|0|0|0|1|0
[] Drew card from deck: Gurararararara! ["OP17-017">OP17-017]
RZ1|55|2|OP17-017|0|46|1|3|1|1|0|0|0
RZ1|CHK|55|2|46|4|0|0|10|0|0|0|1|0
[] Drew card from deck: Monkey D. Luffy ["OP12-015">OP12-015]
RZ1|56|2|OP12-015|0|45|1|4|1|1|0|0|0
RZ1|CHK|56|2|45|5|0|0|10|0|0|0|1|0
RZ1|57|1|OP06-033|0|44|3|0|1|0|0|0|0
RZ1|CHK|57|1|44|5|0|1|10|0|0|0|1|0
RZ1|58|1|OP17-031|0|43|3|1|1|0|0|0|0
RZ1|CHK|58|1|43|5|0|2|10|0|0|0|1|0
RZ1|59|1|OP12-034|0|42|3|2|1|0|0|0|0
RZ1|CHK|59|1|42|5|0|3|10|0|0|0|1|0
RZ1|60|1|OP12-023|0|41|3|3|1|0|0|0|0
RZ1|CHK|60|1|41|5|0|4|10|0|0|0|1|0
RZ1|61|1|ST32-001|0|40|3|4|1|0|0|0|0
RZ1|CHK|61|1|40|5|0|5|10|0|0|0|1|0
RZ1|62|2|OP01-016|0|44|3|0|0|1|0|0|0
RZ1|CHK|62|2|44|5|0|1|10|0|0|0|1|0
RZ1|63|2|OP12-015|0|43|3|1|0|1|0|0|0
RZ1|CHK|63|2|43|5|0|2|10|0|0|0|1|0
RZ1|64|2|EB04-002|0|42|3|2|0|1|0|0|0
RZ1|CHK|64|2|42|5|0|3|10|0|0|0|1|0
RZ1|65|2|ST31-005|0|41|3|3|0|1|0|0|0
RZ1|CHK|65|2|41|5|0|4|10|0|0|0|1|0
[] Hand: [OP06-033,OP12-023,OP12-034,OP14-023,OP06-033]
[] Board: []
[] Trash: []
[] Life: 5
[] Hand: [OP01-030,OP01-057,ST31-005,OP17-017,OP12-015]
[] Trash: []
[] Board: []
[] Life: 4
RZ1|66|1|Don|4|9|5|0|1|1|0|0|0
RZ1|CHK|66|1|40|5|0|5|9|1|0|0|1|0
[You] Draw 1 Don
[] Hand: [OP06-033,OP12-023,OP12-034,OP14-023,OP06-033]
[] Board: []
[] Trash: []
[] Life: 5
[] Hand: [OP01-030,OP01-057,ST31-005,OP17-017,OP12-015]
[] Trash: []
[] Board: []
[] Life: 4
[You] End Turn
[] Hand: [OP01-030,OP01-057,ST31-005,OP17-017,OP12-015]
[] Board: []
[] Trash: []
[] Life: 4
[] Hand: [OP06-033,OP12-023,OP12-034,OP14-023,OP06-033]
[] Trash: []
[] Board: []
[] Life: 5
[Opponent] Draw 1 Card
[] Drew card from deck: I Know You're Strong... So I'll Go All Out ["OP13-040">OP13-040]
RZ1|67|2|OP13-040|0|40|1|5|1|1|0|0|0
RZ1|CHK|67|2|40|6|0|4|10|0|0|0|1|0
RZ1|68|2|Don|4|9|5|0|1|1|0|0|0
RZ1|CHK|68|2|40|6|0|4|9|1|0|0|1|0
RZ1|69|2|Don|4|8|5|1|1|1|0|0|0
RZ1|CHK|69|2|40|6|0|4|8|2|0|0|1|0
[Opponent] Draw 2 Don
[] Hand: [OP01-030,OP01-057,ST31-005,OP17-017,OP12-015,OP13-040]
[] Board: []
[] Trash: []
[] Life: 4
[] Hand: [OP06-033,OP12-023,OP12-034,OP14-023,OP06-033]
[] Trash: []
[] Board: []
[] Life: 5
[Opponent] End Turn
[] Hand: [OP06-033,OP12-023,OP12-034,OP14-023,OP06-033]
[] Board: []
[] Trash: []
[] Life: 5
[] Hand: [OP01-030,OP01-057,ST31-005,OP17-017,OP12-015,OP13-040]
[] Trash: []
[] Board: []
[] Life: 4
[You] Draw 1 Card
[] Drew card from deck: Shanks ["OP17-022">OP17-022]
RZ1|70|1|OP17-022|0|39|1|5|1|1|0|0|0
RZ1|CHK|70|1|39|6|0|5|9|1|0|0|1|0
RZ1|71|1|Don|4|8|5|1|1|1|0|0|0
RZ1|CHK|71|1|39|6|0|5|8|2|0|0|1|0
RZ1|72|1|Don|4|7|5|2|1|1|0|0|0
RZ1|CHK|72|1|39|6|0|5|7|3|0|0|1|0
[You] Draw 2 Don
RZ1|73|1|Don|5|0|9|9900|1|1|0|0|0
RZ1|CHK|73|1|39|6|0|5|7|2|0|0|1|1
[You] Attach 1 Don to Dracule Mihawk ["OP14-020">OP14-020] (1 Total)
RZ1|74|1|Don|5|0|9|9901|1|1|0|0|0
RZ1|CHK|74|1|39|6|0|5|7|1|0|0|1|2
RZ1|75|1|Don|5|0|9|9902|1|1|0|0|0
RZ1|CHK|75|1|39|6|0|5|7|0|0|0|1|3
[You] Attach 2 Don to Dracule Mihawk ["OP14-020">OP14-020] (3 Total)
[You] Dracule Mihawk ["OP14-020">OP14-020] attacking Luffy & Ace ["ST30-001">ST30-001]
Dracule Mihawk ["OP14-020">OP14-020][8000] vs Luffy & Ace ["ST30-001">ST30-001][6000]
Luffy & Ace ["ST30-001">ST30-001] hit for 1 damage
RZ1|76|2|ST31-005|3|3|1|6|1|1|0|0|0
RZ1|CHK|76|2|40|7|0|3|8|2|0|0|1|0
[] Hand: [OP06-033,OP12-023,OP12-034,OP14-023,OP06-033,OP17-022]
[] Board: []
[] Trash: []
[] Life: 5
[] Hand: [OP01-030,OP01-057,ST31-005,OP17-017,OP12-015,OP13-040,ST31-005]
[] Trash: []
[] Board: []
[] Life: 3
[You] End Turn
[] Hand: [OP01-030,OP01-057,ST31-005,OP17-017,OP12-015,OP13-040,ST31-005]
[] Board: []
[] Trash: []
[] Life: 3
[] Hand: [OP06-033,OP12-023,OP12-034,OP14-023,OP06-033,OP17-022]
[] Trash: []
[] Board: []
[] Life: 5
[Opponent] Draw 1 Card
[] Drew card from deck: Nami ["EB02-017">EB02-017]
RZ1|77|2|EB02-017|0|39|1|7|1|1|0|0|0
RZ1|CHK|77|2|39|8|0|3|8|2|0|0|1|0
RZ1|78|2|Don|4|7|5|2|1|1|0|0|0
RZ1|CHK|78|2|39|8|0|3|7|3|0|0|1|0
RZ1|79|2|Don|4|6|5|3|1|1|0|0|0
RZ1|CHK|79|2|39|8|0|3|6|4|0|0|1|0
[Opponent] Draw 2 Don
[Opponent] Luffy & Ace ["ST30-001">ST30-001] attacking Dracule Mihawk ["OP14-020">OP14-020]
[You] Discard Kawamatsu ["OP12-023">OP12-023] for Counter 2000
RZ1|80|1|OP12-023|1|1|6|0|1|1|0|0|0
RZ1|CHK|80|1|39|5|0|5|7|0|1|0|1|3
Luffy & Ace ["ST30-001">ST30-001][6000] vs Dracule Mihawk ["OP14-020">OP14-020][7000]
Attack Fails
RZ1|81|2|Don|5|0|5|0|1|1|1|0|0
RZ1|CHK|81|2|39|8|0|3|6|4|0|0|1|0
RZ1|82|2|Don|5|1|5|1|1|1|1|0|0
RZ1|CHK|82|2|39|8|0|3|6|4|0|0|1|0
RZ1|83|2|Don|5|2|5|2|1|1|1|0|0
RZ1|CHK|83|2|39|8|0|3|6|4|0|0|1|0
RZ1|84|2|Don|5|3|5|3|1|1|1|0|0
RZ1|CHK|84|2|39|8|0|3|6|4|0|0|1|0
[Opponent] Deploy Monkey D. Luffy ["OP12-015">OP12-015]
RZ1|85|2|OP12-015|1|4|2|0|1|1|0|0|0
RZ1|CHK|85|2|39|7|1|3|6|4|0|0|1|0
[Opponent] Monkey D. Luffy ["OP12-015">OP12-015] revealed: In Two Years!! At the Sabaody Archipelago!! ["OP01-030">OP01-030]
[Opponent] Monkey D. Luffy ["OP12-015">OP12-015] revealed: I Know You're Strong... So I'll Go All Out ["OP13-040">OP13-040]
[Opponent] Forcing opponent to resolve Card Action!
[You] Forcing opponent to resolve Card Action!
[Opponent] Monkey D. Luffy ["OP12-015">OP12-015]: Attach 1 Rested Don to Monkey D. Luffy ["OP12-015">OP12-015]
RZ1|86|2|Don|5|0|9|0|1|1|1|0|0
RZ1|CHK|86|2|39|7|1|3|6|3|0|0|1|1
[] Hand: [OP01-030,OP01-057,ST31-005,OP17-017,OP13-040,ST31-005,EB02-017]
[] Board: [OP12-015]
[] Trash: []
[] Life: 3
[] Hand: [OP06-033,OP12-034,OP14-023,OP06-033,OP17-022]
[] Trash: [OP12-023]
[] Board: []
[] Life: 5
[Opponent] End Turn
[] Hand: [OP06-033,OP12-034,OP14-023,OP06-033,OP17-022]
[] Board: []
[] Trash: [OP12-023]
[] Life: 5
[] Hand: [OP01-030,OP01-057,ST31-005,OP17-017,OP13-040,ST31-005,EB02-017]
[] Trash: []
[] Board: [OP12-015]
[] Life: 3
RZ1|87|1|Don|9|9900|5|0|1|1|1|0|0
RZ1|CHK|87|1|39|5|0|5|7|1|1|0|1|2
RZ1|88|1|Don|9|9900|5|0|1|1|1|0|0
RZ1|CHK|88|1|39|5|0|5|7|2|1|0|1|1
RZ1|89|1|Don|9|9900|5|0|1|1|1|0|0
RZ1|CHK|89|1|39|5|0|5|7|3|1|0|1|0
[You] Draw 1 Card
[] Drew card from deck: Coffin Boat ["OP14-039">OP14-039]
RZ1|90|1|OP14-039|0|38|1|5|1|1|0|0|0
RZ1|CHK|90|1|38|6|0|5|7|3|1|0|1|0
RZ1|91|1|Don|4|6|5|3|1|1|0|0|0
RZ1|CHK|91|1|38|6|0|5|6|4|1|0|1|0
RZ1|92|1|Don|4|5|5|4|1|1|0|0|0
RZ1|CHK|92|1|38|6|0|5|5|5|1|0|1|0
[You] Draw 2 Don
RZ1|93|1|Don|5|0|9|9900|1|1|0|0|0
RZ1|CHK|93|1|38|6|0|5|5|4|1|0|1|1
[You] Attach 1 Don to Dracule Mihawk ["OP14-020">OP14-020] (1 Total)
RZ1|94|1|Don|5|0|9|9901|1|1|0|0|0
RZ1|CHK|94|1|38|6|0|5|5|3|1|0|1|2
RZ1|95|1|Don|5|0|9|9902|1|1|0|0|0
RZ1|CHK|95|1|38|6|0|5|5|2|1|0|1|3
[You] Attach 2 Don to Dracule Mihawk ["OP14-020">OP14-020] (3 Total)
[You] Dracule Mihawk ["OP14-020">OP14-020] attacking Luffy & Ace ["ST30-001">ST30-001]
Dracule Mihawk ["OP14-020">OP14-020][8000] vs Luffy & Ace ["ST30-001">ST30-001][6000]
Luffy & Ace ["ST30-001">ST30-001] hit for 1 damage
RZ1|96|2|EB04-002|3|2|1|7|1|1|0|0|0
RZ1|CHK|96|2|39|8|1|2|6|3|0|0|1|1
RZ1|97|1|Don|5|0|5|0|1|1|1|0|0
RZ1|CHK|97|1|38|6|0|5|5|2|1|0|1|3
[You] Deploy Perona ["OP12-034">OP12-034]
RZ1|98|1|OP12-034|1|1|2|0|1|1|0|0|0
RZ1|CHK|98|1|38|5|1|5|5|2|1|0|1|3
RZ1|99|1|ST32-003|0|33|1|5|1|1|0|0|0
RZ1|CHK|99|1|37|6|1|5|5|2|1|0|1|3
[You] Perona ["OP12-034">OP12-034]: <b>Reveal and Draw Dracule Mihawk ["ST32-003">ST32-003]</b>
[You] Placing Cards on Bottom of Deck
RZ1|100|1|ST32-002|0|36|0|0|0|0|0|0|0
RZ1|CHK|100|1|37|6|1|5|5|2|1|0|1|3
RZ1|101|1|ST32-001|0|36|0|0|0|0|0|0|0
RZ1|CHK|101|1|37|6|1|5|5|2|1|0|1|3
RZ1|102|1|OP13-031|0|36|0|0|0|0|0|0|0
RZ1|CHK|102|1|37|6|1|5|5|2|1|0|1|3
RZ1|103|1|OP07-022|0|36|0|0|0|0|0|0|0
RZ1|CHK|103|1|37|6|1|5|5|2|1|0|1|3
[] Hand: [OP06-033,OP14-023,OP06-033,OP17-022,OP14-039,ST32-003]
[] Board: [OP12-034]
[] Trash: [OP12-023]
[] Life: 5
[] Hand: [OP01-030,OP01-057,ST31-005,OP17-017,OP13-040,ST31-005,EB02-017,EB04-002]
[] Trash: []
[] Board: [OP12-015]
[] Life: 2
[You] End Turn
[] Hand: [OP01-030,OP01-057,ST31-005,OP17-017,OP13-040,ST31-005,EB02-017,EB04-002]
[] Board: [OP12-015]
[] Trash: []
[] Life: 2
[] Hand: [OP06-033,OP14-023,OP06-033,OP17-022,OP14-039,ST32-003]
[] Trash: [OP12-023]
[] Board: [OP12-034]
[] Life: 5
RZ1|104|2|Don|9|0|5|0|1|1|1|0|0
RZ1|CHK|104|2|39|8|1|2|6|4|0|0|1|0
[Opponent] Draw 1 Card
[] Drew card from deck: Paradise Waterfall ["OP01-057">OP01-057]
RZ1|105|2|OP01-057|0|38|1|8|1|1|0|0|0
RZ1|CHK|105|2|38|9|1|2|6|4|0|0|1|0
RZ1|106|2|Don|4|5|5|4|1|1|0|0|0
RZ1|CHK|106|2|38|9|1|2|5|5|0|0|1|0
RZ1|107|2|Don|4|4|5|5|1|1|0|0|0
RZ1|CHK|107|2|38|9|1|2|4|6|0|0|1|0
[Opponent] Draw 2 Don
[Opponent] Luffy & Ace ["ST30-001">ST30-001] attacking Dracule Mihawk ["OP14-020">OP14-020]
Luffy & Ace ["ST30-001">ST30-001][6000] vs Dracule Mihawk ["OP14-020">OP14-020][5000]
Dracule Mihawk ["OP14-020">OP14-020] hit for 1 damage
RZ1|108|1|ST32-001|3|4|1|6|1|1|0|0|0
RZ1|CHK|108|1|37|7|1|4|5|2|1|0|1|3
RZ1|109|2|Don|5|0|9|0|1|1|0|0|0
RZ1|CHK|109|2|38|9|1|2|4|5|0|0|1|1
[Opponent] Attach 1 Don to Monkey D. Luffy ["OP12-015">OP12-015] (1 Total)
[Opponent] Monkey D. Luffy ["OP12-015">OP12-015] attacking Dracule Mihawk ["OP14-020">OP14-020]
[You] Discard Vander Decken IX ["OP06-033">OP06-033] for Counter 1000
RZ1|110|1|OP06-033|1|0|6|1|1|1|0|0|0
RZ1|CHK|110|1|37|6|1|4|5|2|2|0|1|3
Monkey D. Luffy ["OP12-015">OP12-015][5000] vs Dracule Mihawk ["OP14-020">OP14-020][6000]
Attack Fails
[] Hand: [OP01-030,OP01-057,ST31-005,OP17-017,OP13-040,ST31-005,EB02-017,EB04-002,OP01-057]
[] Board: [OP12-015]
[] Trash: []
[] Life: 2
[] Hand: [OP14-023,OP06-033,OP17-022,OP14-039,ST32-003,ST32-001]
[] Trash: [OP12-023,OP06-033]
[] Board: [OP12-034]
[] Life: 4
[Opponent] End Turn
[] Hand: [OP14-023,OP06-033,OP17-022,OP14-039,ST32-003,ST32-001]
[] Board: [OP12-034]
[] Trash: [OP12-023,OP06-033]
[] Life: 4
[] Hand: [OP01-030,OP01-057,ST31-005,OP17-017,OP13-040,ST31-005,EB02-017,EB04-002,OP01-057]
[] Trash: []
[] Board: [OP12-015]
[] Life: 2
RZ1|111|1|Don|9|9900|5|0|1|1|1|0|0
RZ1|CHK|111|1|37|6|1|4|5|3|2|0|1|2
RZ1|112|1|Don|9|9900|5|0|1|1|1|0|0
RZ1|CHK|112|1|37|6|1|4|5|4|2|0|1|1
RZ1|113|1|Don|9|9900|5|0|1|1|1|0|0
RZ1|CHK|113|1|37|6|1|4|5|5|2|0|1|0
[You] Draw 1 Card
[] Drew card from deck: Kin'emon ["ST32-001">ST32-001]
RZ1|114|1|ST32-001|0|36|1|6|1|1|0|0|0
RZ1|CHK|114|1|36|7|1|4|5|5|2|0|1|0
RZ1|115|1|Don|4|4|5|5|1|1|0|0|0
RZ1|CHK|115|1|36|7|1|4|4|6|2|0|1|0
RZ1|116|1|Don|4|3|5|6|1|1|0|0|0
RZ1|CHK|116|1|36|7|1|4|3|7|2|0|1|0
[You] Draw 2 Don
RZ1|117|1|Don|5|0|5|0|1|1|1|0|0
RZ1|CHK|117|1|36|7|1|4|3|7|2|0|1|0
RZ1|118|1|Don|5|1|5|1|1|1|1|0|0
RZ1|CHK|118|1|36|7|1|4|3|7|2|0|1|0
RZ1|119|1|Don|5|2|5|2|1|1|1|0|0
RZ1|CHK|119|1|36|7|1|4|3|7|2|0|1|0
RZ1|120|1|Don|5|3|5|3|1|1|1|0|0
RZ1|CHK|120|1|36|7|1|4|3|7|2|0|1|0
RZ1|121|1|Don|5|4|5|4|1|1|1|0|0
RZ1|CHK|121|1|36|7|1|4|3|7|2|0|1|0
RZ1|122|1|Don|5|5|5|5|1|1|1|0|0
RZ1|CHK|122|1|36|7|1|4|3|7|2|0|1|0
[You] Deploy Dracule Mihawk ["ST32-003">ST32-003]
RZ1|123|1|ST32-003|1|4|2|1|1|1|0|0|0
RZ1|CHK|123|1|36|6|2|4|3|7|2|0|1|0
RZ1|124|1|OP14-023|1|0|2|2|1|1|0|0|0
RZ1|CHK|124|1|36|5|3|4|3|7|2|0|1|0
[You] Dracule Mihawk ["ST32-003">ST32-003]: Deploy Kikunojo ["OP14-023">OP14-023]
RZ1|125|1|Don|5|6|9|9900|1|1|0|0|0
RZ1|CHK|125|1|36|5|3|4|3|6|2|0|1|1
[You] Attach 1 Don to Dracule Mihawk ["OP14-020">OP14-020] (1 Total)
[You] Dracule Mihawk ["OP14-020">OP14-020]: Rest Dracule Mihawk ["OP14-020">OP14-020]
[You] Dracule Mihawk ["OP14-020">OP14-020]: Activate 1 Don
RZ1|126|1|Don|5|5|5|5|1|1|0|0|0
RZ1|CHK|126|1|36|5|3|4|3|6|2|0|1|1
[You] Dracule Mihawk ["OP14-020">OP14-020]: Activate 1 Don
RZ1|127|1|Don|5|4|5|4|1|1|0|0|0
RZ1|CHK|127|1|36|5|3|4|3|6|2|0|1|1
[You] Dracule Mihawk ["OP14-020">OP14-020]: Activate 1 Don
RZ1|128|1|Don|5|3|5|3|1|1|0|0|0
RZ1|CHK|128|1|36|5|3|4|3|6|2|0|1|1
[You] Dracule Mihawk ["OP14-020">OP14-020]: Can't play Cost 1 Or More Characters for the Turn!
[You] Kikunojo ["OP14-023">OP14-023]: Set Kikunojo ["OP14-023">OP14-023] to Active
[] Hand: [OP06-033,OP17-022,OP14-039,ST32-001,ST32-001]
[] Board: [OP12-034,ST32-003,OP14-023]
[] Trash: [OP12-023,OP06-033]
[] Life: 4
[] Hand: [OP01-030,OP01-057,ST31-005,OP17-017,OP13-040,ST31-005,EB02-017,EB04-002,OP01-057]
[] Trash: []
[] Board: [OP12-015]
[] Life: 2
[You] End Turn
[] Hand: [OP01-030,OP01-057,ST31-005,OP17-017,OP13-040,ST31-005,EB02-017,EB04-002,OP01-057]
[] Board: [OP12-015]
[] Trash: []
[] Life: 2
[] Hand: [OP06-033,OP17-022,OP14-039,ST32-001,ST32-001]
[] Trash: [OP12-023,OP06-033]
[] Board: [OP12-034,ST32-003,OP14-023]
[] Life: 4
RZ1|129|2|Don|9|0|5|0|1|1|1|0|0
RZ1|CHK|129|2|38|9|1|2|4|6|0|0|1|0
[Opponent] Draw 1 Card
[] Drew card from deck: Monkey D. Luffy ["OP12-015">OP12-015]
RZ1|130|2|OP12-015|0|37|1|9|1|1|0|0|0
RZ1|CHK|130|2|37|10|1|2|4|6|0|0|1|0
RZ1|131|2|Don|4|3|5|6|1|1|0|0|0
RZ1|CHK|131|2|37|10|1|2|3|7|0|0|1|0
RZ1|132|2|Don|4|2|5|7|1|1|0|0|0
RZ1|CHK|132|2|37|10|1|2|2|8|0|0|1|0
[Opponent] Draw 2 Don
[Opponent] Luffy & Ace ["ST30-001">ST30-001] attacking Dracule Mihawk ["OP14-020">OP14-020]
[You] Discard Vander Decken IX ["OP06-033">OP06-033] for Counter 1000
RZ1|133|1|OP06-033|1|0|6|2|1|1|0|0|0
RZ1|CHK|133|1|36|4|3|4|3|6|3|0|1|1
[You] Discard Kin'emon ["ST32-001">ST32-001] for Counter 1000
RZ1|134|1|ST32-001|1|2|6|3|1|1|0|0|0
RZ1|CHK|134|1|36|3|3|4|3|6|4|0|1|1
Luffy & Ace ["ST30-001">ST30-001][6000] vs Dracule Mihawk ["OP14-020">OP14-020][7000]
Attack Fails
RZ1|135|2|Don|5|0|5|0|1|1|1|0|0
RZ1|CHK|135|2|37|10|1|2|2|8|0|0|1|0
RZ1|136|2|Don|5|1|5|1|1|1|1|0|0
RZ1|CHK|136|2|37|10|1|2|2|8|0|0|1|0
RZ1|137|2|Don|5|2|5|2|1|1|1|0|0
RZ1|CHK|137|2|37|10|1|2|2|8|0|0|1|0
RZ1|138|2|Don|5|3|5|3|1|1|1|0|0
RZ1|CHK|138|2|37|10|1|2|2|8|0|0|1|0
[Opponent] Deploy Monkey D. Luffy ["OP12-015">OP12-015]
RZ1|139|2|OP12-015|1|9|2|1|1|1|0|0|0
RZ1|CHK|139|2|37|9|2|2|2|8|0|0|1|0
[Opponent] Monkey D. Luffy ["OP12-015">OP12-015] revealed: Paradise Waterfall ["OP01-057">OP01-057]
[Opponent] Monkey D. Luffy ["OP12-015">OP12-015] revealed: In Two Years!! At the Sabaody Archipelago!! ["OP01-030">OP01-030]
[Opponent] Forcing opponent to resolve Card Action!
[You] Forcing opponent to resolve Card Action!
RZ1|140|2|EB04-002|1|7|2|2|1|1|0|0|0
RZ1|CHK|140|2|37|8|3|2|2|8|0|0|1|0
[Opponent] Monkey D. Luffy ["OP12-015">OP12-015]: Deploy Jewelry Bonney ["EB04-002">EB04-002]
[Opponent] Monkey D. Luffy ["OP12-015">OP12-015]: Attach 1 Rested Don to Monkey D. Luffy ["OP12-015">OP12-015]
RZ1|141|2|Don|5|0|9|0|1|1|1|0|0
RZ1|CHK|141|2|37|8|3|2|2|7|0|0|1|1
RZ1|142|2|ST31-001|0|33|1|8|1|1|0|0|0
RZ1|CHK|142|2|36|9|3|2|2|7|0|0|1|1
[Opponent] Jewelry Bonney ["EB04-002">EB04-002]: <b>Reveal and Draw Sanji ["ST31-001">ST31-001]</b>
[Opponent] Placing Cards on Bottom of Deck
RZ1|143|2|EB04-002|0|35|0|0|0|0|0|0|0
RZ1|CHK|143|2|36|9|3|2|2|7|0|0|1|1
RZ1|144|2|ST21-014|0|35|0|0|0|0|0|0|0
RZ1|CHK|144|2|36|9|3|2|2|7|0|0|1|1
RZ1|145|2|OP04-016|0|35|0|0|0|0|0|0|0
RZ1|CHK|145|2|36|9|3|2|2|7|0|0|1|1
[Opponent] Monkey D. Luffy ["OP12-015">OP12-015] attacking Dracule Mihawk ["OP14-020">OP14-020]
[You] Discard Kin'emon ["ST32-001">ST32-001] for Counter 1000
RZ1|146|1|ST32-001|1|2|6|4|1|1|0|0|0
RZ1|CHK|146|1|36|2|3|4|3|6|5|0|1|1
Monkey D. Luffy ["OP12-015">OP12-015][5000] vs Dracule Mihawk ["OP14-020">OP14-020][6000]
Attack Fails
[] Hand: [OP01-030,OP01-057,ST31-005,OP17-017,OP13-040,ST31-005,EB02-017,OP01-057,ST31-001]
[] Board: [OP12-015,OP12-015,EB04-002]
[] Trash: []
[] Life: 2
[] Hand: [OP17-022,OP14-039]
[] Trash: [OP12-023,OP06-033,OP06-033,ST32-001,ST32-001]
[] Board: [OP12-034,ST32-003,OP14-023]
[] Life: 4
[Opponent] End Turn
[] Hand: [OP17-022,OP14-039]
[] Board: [OP12-034,ST32-003,OP14-023]
[] Trash: [OP12-023,OP06-033,OP06-033,ST32-001,ST32-001]
[] Life: 4
[] Hand: [OP01-030,OP01-057,ST31-005,OP17-017,OP13-040,ST31-005,EB02-017,OP01-057,ST31-001]
[] Trash: []
[] Board: [OP12-015,OP12-015,EB04-002]
[] Life: 2
RZ1|147|1|Don|9|9900|5|0|1|1|1|0|0
RZ1|CHK|147|1|36|2|3|4|3|7|5|0|1|0
[You] Draw 1 Card
[] Drew card from deck: Coffin Boat ["OP14-039">OP14-039]
RZ1|148|1|OP14-039|0|35|1|2|1|1|0|0|0
RZ1|CHK|148|1|35|3|3|4|3|7|5|0|1|0
RZ1|149|1|Don|4|2|5|7|1|1|0|0|0
RZ1|CHK|149|1|35|3|3|4|2|8|5|0|1|0
RZ1|150|1|Don|4|1|5|8|1|1|0|0|0
RZ1|CHK|150|1|35|3|3|4|1|9|5|0|1|0
[You] Draw 2 Don
[You] Dracule Mihawk ["ST32-003">ST32-003] attacking Luffy & Ace ["ST30-001">ST30-001]
[] Drew card from deck: Electrical Luna ["OP08-036">OP08-036]
RZ1|151|1|OP08-036|0|34|1|3|1|1|0|0|0
RZ1|CHK|151|1|34|4|3|4|1|9|5|0|1|0
[You] Dracule Mihawk ["ST32-003">ST32-003]: Draw 1 Card
RZ1|152|1|OP17-022|1|0|6|5|1|1|0|0|0
RZ1|CHK|152|1|34|3|3|4|1|9|6|0|1|0
[You] Dracule Mihawk ["ST32-003">ST32-003]: Trash Shanks ["OP17-022">OP17-022]
RZ1|153|2|Don|5|3|5|3|1|1|1|0|0
RZ1|CHK|153|2|36|9|3|2|2|7|0|0|1|1
RZ1|154|2|OP01-057|1|7|6|0|1|1|0|0|0
RZ1|CHK|154|2|36|8|3|2|2|7|1|0|1|1
[Opponent] Paradise Waterfall ["OP01-057">OP01-057]: Set Monkey D. Luffy ["OP12-015">OP12-015] to Active
[Opponent] Paradise Waterfall ["OP01-057">OP01-057]: Counter 2000
Dracule Mihawk ["ST32-003">ST32-003][7000] vs Luffy & Ace ["ST30-001">ST30-001][8000]
Attack Fails
RZ1|155|1|Don|5|0|9|9900|1|1|0|0|0
RZ1|CHK|155|1|34|3|3|4|1|8|6|0|1|1
[You] Attach 1 Don to Dracule Mihawk ["OP14-020">OP14-020] (1 Total)
RZ1|156|1|Don|5|0|9|9901|1|1|0|0|0
RZ1|CHK|156|1|34|3|3|4|1|7|6|0|1|2
RZ1|157|1|Don|5|0|9|9902|1|1|0|0|0
RZ1|CHK|157|1|34|3|3|4|1|6|6|0|1|3
[You] Attach 2 Don to Dracule Mihawk ["OP14-020">OP14-020] (3 Total)
[You] Dracule Mihawk ["OP14-020">OP14-020] attacking Luffy & Ace ["ST30-001">ST30-001]
[Opponent] I Know You're Strong... So I'll Go All Out ["OP13-040">OP13-040]: Activate Counter
[Opponent] I Know You're Strong... So I'll Go All Out ["OP13-040">OP13-040]: Rest 1 Don
RZ1|158|2|Don|5|4|5|4|1|1|1|0|0
RZ1|CHK|158|2|36|8|3|2|2|7|1|0|1|1
RZ1|159|2|OP13-040|1|4|6|1|1|1|0|0|0
RZ1|CHK|159|2|36|7|3|2|2|7|2|0|1|1
[Opponent] I Know You're Strong... So I'll Go All Out ["OP13-040">OP13-040]: Buff Luffy & Ace ["ST30-001">ST30-001] 3000 for the Combat
Dracule Mihawk ["OP14-020">OP14-020][8000] vs Luffy & Ace ["ST30-001">ST30-001][9000]
Attack Fails
RZ1|160|1|Don|5|0|5|0|1|1|1|0|0
RZ1|CHK|160|1|34|3|3|4|1|6|6|0|1|3
[You] Deploy Coffin Boat ["OP14-039">OP14-039]
RZ1|161|1|OP14-039|1|0|7|0|1|1|0|0|0
RZ1|CHK|161|1|34|2|3|4|1|6|6|1|1|3
[] Drew card from deck: Shanks ["OP17-022">OP17-022]
RZ1|162|1|OP17-022|0|33|1|2|1|1|0|0|0
RZ1|CHK|162|1|33|3|3|4|1|6|6|1|1|3
[You] Coffin Boat ["OP14-039">OP14-039]: Draw 1 Card
[You] Dracule Mihawk ["OP14-020">OP14-020]: Rest Coffin Boat ["OP14-039">OP14-039]
[You] Dracule Mihawk ["OP14-020">OP14-020]: Activate 1 Don
RZ1|163|1|Don|5|0|5|0|1|1|0|0|0
RZ1|CHK|163|1|33|3|3|4|1|6|6|1|1|3
[You] Dracule Mihawk ["OP14-020">OP14-020]: Can't play Cost 1 Or More Characters for the Turn!
RZ1|164|1|Don|5|0|5|0|1|1|1|0|0
RZ1|CHK|164|1|33|3|3|4|1|6|6|1|1|3
RZ1|165|1|OP14-039|7|0|6|6|1|1|0|0|0
RZ1|CHK|165|1|33|3|3|4|1|6|7|0|1|3
[You] Deploy Coffin Boat ["OP14-039">OP14-039]
RZ1|166|1|OP14-039|1|0|7|0|1|1|0|0|0
RZ1|CHK|166|1|33|2|3|4|1|6|7|1|1|3
[] Drew card from deck: Perona ["OP12-034">OP12-034]
RZ1|167|1|OP12-034|0|32|1|2|1|1|0|0|0
RZ1|CHK|167|1|32|3|3|4|1|6|7|1|1|3
[You] Coffin Boat ["OP14-039">OP14-039]: Draw 1 Card
[You] Kikunojo ["OP14-023">OP14-023]: Set Kikunojo ["OP14-023">OP14-023] to Active
[You] Coffin Boat ["OP14-039">OP14-039]: Activate 1 Don
RZ1|168|1|Don|5|0|5|0|1|1|0|0|0
RZ1|CHK|168|1|32|3|3|4|1|6|7|1|1|3
[] Hand: [OP08-036,OP17-022,OP12-034]
[] Board: [OP12-034,ST32-003,OP14-023]
[] Trash: [OP12-023,OP06-033,OP06-033,ST32-001,ST32-001,OP17-022,OP14-039]
[] Life: 4
[] Hand: [OP01-030,OP01-057,ST31-005,OP17-017,ST31-005,EB02-017,ST31-001]
[] Trash: [OP01-057,OP13-040]
[] Board: [OP12-015,OP12-015,EB04-002]
[] Life: 2
[You] End Turn
[] Hand: [OP01-030,OP01-057,ST31-005,OP17-017,ST31-005,EB02-017,ST31-001]
[] Board: [OP12-015,OP12-015,EB04-002]
[] Trash: [OP01-057,OP13-040]
[] Life: 2
[] Hand: [OP08-036,OP17-022,OP12-034]
[] Trash: [OP12-023,OP06-033,OP06-033,ST32-001,ST32-001,OP17-022,OP14-039]
[] Board: [OP12-034,ST32-003,OP14-023]
[] Life: 4
RZ1|169|2|Don|9|0|5|0|1|1|1|0|0
RZ1|CHK|169|2|36|7|3|2|2|8|2|0|1|0
[Opponent] Draw 1 Card
[] Drew card from deck: Sanji ["ST31-001">ST31-001]
RZ1|170|2|ST31-001|0|35|1|7|1|1|0|0|0
RZ1|CHK|170|2|35|8|3|2|2|8|2|0|1|0
RZ1|171|2|Don|4|1|5|8|1|1|0|0|0
RZ1|CHK|171|2|35|8|3|2|1|9|2|0|1|0
RZ1|172|2|Don|4|0|5|9|1|1|0|0|0
RZ1|CHK|172|2|35|8|3|2|0|10|2|0|1|0
[Opponent] Draw 2 Don
RZ1|173|2|Don|5|0|9|9900|1|1|0|0|0
RZ1|CHK|173|2|35|8|3|2|0|9|2|0|1|1
[Opponent] Attach 1 Don to Luffy & Ace ["ST30-001">ST30-001] (1 Total)
[Opponent] Luffy & Ace ["ST30-001">ST30-001] attacking Dracule Mihawk ["ST32-003">ST32-003]
[You] Discard Perona ["OP12-034">OP12-034] for Counter 1000
RZ1|174|1|OP12-034|1|2|6|7|1|1|0|0|0
RZ1|CHK|174|1|32|2|3|4|1|6|8|1|1|3
Luffy & Ace ["ST30-001">ST30-001][7000] vs Dracule Mihawk ["ST32-003">ST32-003][8000]
Attack Fails
RZ1|175|2|Don|5|0|9|0|1|1|0|0|0
RZ1|CHK|175|2|35|8|3|2|0|8|2|0|1|2
RZ1|176|2|Don|5|0|9|1|1|1|0|0|0
RZ1|CHK|176|2|35|8|3|2|0|7|2|0|1|3
RZ1|177|2|Don|5|0|9|2|1|1|0|0|0
RZ1|CHK|177|2|35|8|3|2|0|6|2|0|1|4
[Opponent] Attach 3 Don to Monkey D. Luffy ["OP12-015">OP12-015] (3 Total)
[Opponent] Monkey D. Luffy ["OP12-015">OP12-015] attacking Dracule Mihawk ["ST32-003">ST32-003]
Monkey D. Luffy ["OP12-015">OP12-015][9000] vs Dracule Mihawk ["ST32-003">ST32-003][7000]
[You] Dracule Mihawk ["ST32-003">ST32-003] Destroyed
RZ1|178|1|ST32-003|2|1|6|8|1|1|0|0|0
RZ1|CHK|178|1|32|2|2|4|1|6|9|1|1|3
[Opponent] Monkey D. Luffy ["OP12-015">OP12-015] attacking Dracule Mihawk ["OP14-020">OP14-020]
Monkey D. Luffy ["OP12-015">OP12-015][6000] vs Dracule Mihawk ["OP14-020">OP14-020][5000]
Dracule Mihawk ["OP14-020">OP14-020] hit for 1 damage
RZ1|179|1|OP12-023|3|3|1|2|1|1|0|0|0
RZ1|CHK|179|1|32|3|2|3|1|6|9|1|1|3
RZ1|180|2|Don|5|0|9|200|1|1|0|0|0
RZ1|CHK|180|2|35|8|3|2|0|5|2|0|1|5
RZ1|181|2|Don|5|0|9|201|1|1|0|0|0
RZ1|CHK|181|2|35|8|3|2|0|4|2|0|1|6
RZ1|182|2|Don|5|0|9|202|1|1|0|0|0
RZ1|CHK|182|2|35|8|3|2|0|3|2|0|1|7
[Opponent] Attach 3 Don to Jewelry Bonney ["EB04-002">EB04-002] (3 Total)
[Opponent] Jewelry Bonney ["EB04-002">EB04-002] attacking Dracule Mihawk ["OP14-020">OP14-020]
[You] Discard Kawamatsu ["OP12-023">OP12-023] for Counter 2000
RZ1|183|1|OP12-023|1|2|6|9|1|1|0|0|0
RZ1|CHK|183|1|32|2|2|3|1|6|10|1|1|3
Jewelry Bonney ["EB04-002">EB04-002][5000] vs Dracule Mihawk ["OP14-020">OP14-020][7000]
Attack Fails
RZ1|184|2|Don|5|0|5|0|1|1|1|0|0
RZ1|CHK|184|2|35|8|3|2|0|3|2|0|1|7
[Opponent] Deploy Nami ["EB02-017">EB02-017]
RZ1|185|2|EB02-017|1|5|2|3|1|1|0|0|0
RZ1|CHK|185|2|35|7|4|2|0|3|2|0|1|7
RZ1|186|2|OP01-030|0|34|1|7|1|1|0|0|0
RZ1|CHK|186|2|34|8|4|2|0|3|2|0|1|7
[Opponent] Nami ["EB02-017">EB02-017]: <b>Reveal and Draw In Two Years!! At the Sabaody Archipelago!! ["OP01-030">OP01-030]</b>
[Opponent] Placing Cards on Bottom of Deck
RZ1|187|2|OP12-037|0|33|0|0|0|0|0|0|0
RZ1|CHK|187|2|34|8|4|2|0|3|2|0|1|7
RZ1|188|2|ST31-005|0|33|0|0|0|0|0|0|0
RZ1|CHK|188|2|34|8|4|2|0|3|2|0|1|7
RZ1|189|2|OP01-016|0|33|0|0|0|0|0|0|0
RZ1|CHK|189|2|34|8|4|2|0|3|2|0|1|7
RZ1|190|2|ST31-005|0|33|0|0|0|0|0|0|0
RZ1|CHK|190|2|34|8|4|2|0|3|2|0|1|7
[Opponent] In Two Years!! At the Sabaody Archipelago!! ["OP01-030">OP01-030]: <b>Reveal and Draw Monkey D. Luffy ["OP12-015">OP12-015]</b>
RZ1|191|2|OP12-015|0|32|1|8|1|1|0|0|0
RZ1|CHK|191|2|33|9|4|2|0|3|2|0|1|7
RZ1|192|2|OP01-016|0|32|0|0|0|0|0|0|0
RZ1|CHK|192|2|33|9|4|2|0|3|2|0|1|7
RZ1|193|2|EB04-002|0|32|0|0|0|0|0|0|0
RZ1|CHK|193|2|33|9|4|2|0|3|2|0|1|7
RZ1|194|2|OP04-016|0|32|0|0|0|0|0|0|0
RZ1|CHK|194|2|33|9|4|2|0|3|2|0|1|7
RZ1|195|2|OP17-017|0|32|0|0|0|0|0|0|0
RZ1|CHK|195|2|33|9|4|2|0|3|2|0|1|7
RZ1|196|2|Don|5|1|5|1|1|1|1|0|0
RZ1|CHK|196|2|33|9|4|2|0|3|2|0|1|7
RZ1|197|2|OP01-030|1|0|6|2|1|1|0|0|0
RZ1|CHK|197|2|33|8|4|2|0|3|3|0|1|7
[] Hand: [OP01-057,ST31-005,OP17-017,ST31-005,ST31-001,ST31-001,OP01-030,OP12-015]
[] Board: [OP12-015,OP12-015,EB04-002,EB02-017]
[] Trash: [OP01-057,OP13-040,OP01-030]
[] Life: 2
[] Hand: [OP08-036,OP17-022]
[] Trash: [OP12-023,OP06-033,OP06-033,ST32-001,ST32-001,OP17-022,OP14-039,OP12-034,ST32-003,OP12-023]
[] Board: [OP12-034,OP14-023]
[] Life: 3
[Opponent] End Turn
[] Hand: [OP08-036,OP17-022]
[] Board: [OP12-034,OP14-023]
[] Trash: [OP12-023,OP06-033,OP06-033,ST32-001,ST32-001,OP17-022,OP14-039,OP12-034,ST32-003,OP12-023]
[] Life: 3
[] Hand: [OP01-057,ST31-005,OP17-017,ST31-005,ST31-001,ST31-001,OP01-030,OP12-015]
[] Trash: [OP01-057,OP13-040,OP01-030]
[] Board: [OP12-015,OP12-015,EB04-002,EB02-017]
[] Life: 2
RZ1|198|1|Don|9|9900|5|0|1|1|1|0|0
RZ1|CHK|198|1|32|2|2|3|1|7|10|1|1|2
RZ1|199|1|Don|9|9900|5|0|1|1|1|0|0
RZ1|CHK|199|1|32|2|2|3|1|8|10|1|1|1
RZ1|200|1|Don|9|9900|5|0|1|1|1|0|0
RZ1|CHK|200|1|32|2|2|3|1|9|10|1|1|0
[You] Draw 1 Card
[] Drew card from deck: Trafalgar Law ["OP13-031">OP13-031]
RZ1|201|1|OP13-031|0|31|1|2|1|1|0|0|0
RZ1|CHK|201|1|31|3|2|3|1|9|10|1|1|0
RZ1|202|1|Don|4|0|5|9|1|1|0|0|0
RZ1|CHK|202|1|31|3|2|3|0|10|10|1|1|0
[You] Draw 2 Don
RZ1|203|1|Don|5|0|5|0|1|1|1|0|0
RZ1|CHK|203|1|31|3|2|3|0|10|10|1|1|0
RZ1|204|1|Don|5|1|5|1|1|1|1|0|0
RZ1|CHK|204|1|31|3|2|3|0|10|10|1|1|0
RZ1|205|1|Don|5|2|5|2|1|1|1|0|0
RZ1|CHK|205|1|31|3|2|3|0|10|10|1|1|0
RZ1|206|1|Don|5|3|5|3|1|1|1|0|0
RZ1|CHK|206|1|31|3|2|3|0|10|10|1|1|0
RZ1|207|1|Don|5|4|5|4|1|1|1|0|0
RZ1|CHK|207|1|31|3|2|3|0|10|10|1|1|0
RZ1|208|1|Don|5|5|5|5|1|1|1|0|0
RZ1|CHK|208|1|31|3|2|3|0|10|10|1|1|0
RZ1|209|1|Don|5|6|5|6|1|1|1|0|0
RZ1|CHK|209|1|31|3|2|3|0|10|10|1|1|0
RZ1|210|1|Don|5|7|5|7|1|1|1|0|0
RZ1|CHK|210|1|31|3|2|3|0|10|10|1|1|0
RZ1|211|1|Don|5|8|5|8|1|1|1|0|0
RZ1|CHK|211|1|31|3|2|3|0|10|10|1|1|0
RZ1|212|1|Don|5|9|5|9|1|1|1|0|0
RZ1|CHK|212|1|31|3|2|3|0|10|10|1|1|0
[You] Deploy Shanks ["OP17-022">OP17-022]
RZ1|213|1|OP17-022|1|1|2|2|1|1|0|0|0
RZ1|CHK|213|1|31|2|3|3|0|10|10|1|1|0
[You] Shanks ["OP17-022">OP17-022]: Activate 1 Don
RZ1|214|1|Don|5|9|5|9|1|1|0|0|0
RZ1|CHK|214|1|31|2|3|3|0|10|10|1|1|0
[You] Shanks ["OP17-022">OP17-022]: Activate 1 Don
RZ1|215|1|Don|5|8|5|8|1|1|0|0|0
RZ1|CHK|215|1|31|2|3|3|0|10|10|1|1|0
[You] Shanks ["OP17-022">OP17-022]: Rest Nami ["EB02-017">EB02-017]
[You] Shanks ["OP17-022">OP17-022] attacking Luffy & Ace ["ST30-001">ST30-001]
Shanks ["OP17-022">OP17-022][12000] vs Luffy & Ace ["ST30-001">ST30-001][6000]
Luffy & Ace ["ST30-001">ST30-001] hit for 1 damage
RZ1|216|2|OP12-015|3|1|1|8|1|1|0|0|0
RZ1|CHK|216|2|33|9|4|1|0|3|3|0|1|7
RZ1|217|1|Don|5|8|9|9900|1|1|0|0|0
RZ1|CHK|217|1|31|2|3|3|0|9|10|1|1|1
[You] Attach 1 Don to Dracule Mihawk ["OP14-020">OP14-020] (1 Total)
RZ1|218|1|Don|5|8|9|9901|1|1|0|0|0
RZ1|CHK|218|1|31|2|3|3|0|8|10|1|1|2
[You] Attach 1 Don to Dracule Mihawk ["OP14-020">OP14-020] (2 Total)
[You] Dracule Mihawk ["OP14-020">OP14-020]: Rest Dracule Mihawk ["OP14-020">OP14-020]
[You] Dracule Mihawk ["OP14-020">OP14-020]: Activate 1 Don
RZ1|219|1|Don|5|7|5|7|1|1|0|0|0
RZ1|CHK|219|1|31|2|3|3|0|8|10|1|1|2
[You] Dracule Mihawk ["OP14-020">OP14-020]: Activate 1 Don
RZ1|220|1|Don|5|6|5|6|1|1|0|0|0
RZ1|CHK|220|1|31|2|3|3|0|8|10|1|1|2
[You] Dracule Mihawk ["OP14-020">OP14-020]: Activate 1 Don
RZ1|221|1|Don|5|5|5|5|1|1|0|0|0
RZ1|CHK|221|1|31|2|3|3|0|8|10|1|1|2
[You] Dracule Mihawk ["OP14-020">OP14-020]: Can't play Cost 1 Or More Characters for the Turn!
[You] Electrical Luna ["OP08-036">OP08-036]: Rest 3 Don
RZ1|222|1|Don|5|5|5|5|1|1|1|0|0
RZ1|CHK|222|1|31|2|3|3|0|8|10|1|1|2
RZ1|223|1|Don|5|6|5|6|1|1|1|0|0
RZ1|CHK|223|1|31|2|3|3|0|8|10|1|1|2
RZ1|224|1|Don|5|7|5|7|1|1|1|0|0
RZ1|CHK|224|1|31|2|3|3|0|8|10|1|1|2
RZ1|225|1|OP08-036|1|0|6|10|1|1|0|0|0
RZ1|CHK|225|1|31|1|3|3|0|8|11|1|1|2
[You] Electrical Luna ["OP08-036">OP08-036]: Monkey D. Luffy ["OP12-015">OP12-015] will not Activate during next Refresh
[You] Electrical Luna ["OP08-036">OP08-036]: Monkey D. Luffy ["OP12-015">OP12-015] will not Activate during next Refresh
[You] Electrical Luna ["OP08-036">OP08-036]: Jewelry Bonney ["EB04-002">EB04-002] will not Activate during next Refresh
[You] Electrical Luna ["OP08-036">OP08-036]: Nami ["EB02-017">EB02-017] will not Activate during next Refresh
[You] Perona ["OP12-034">OP12-034] attacking Jewelry Bonney ["EB04-002">EB04-002]
Perona ["OP12-034">OP12-034][2000] vs Jewelry Bonney ["EB04-002">EB04-002][2000]
[Opponent] Jewelry Bonney ["EB04-002">EB04-002] Destroyed
RZ1|226|2|Don|9|200|5|0|1|1|1|0|0
RZ1|CHK|226|2|33|9|4|1|0|4|3|0|1|6
RZ1|227|2|Don|9|200|5|0|1|1|1|0|0
RZ1|CHK|227|2|33|9|4|1|0|5|3|0|1|5
RZ1|228|2|Don|9|200|5|0|1|1|1|0|0
RZ1|CHK|228|2|33|9|4|1|0|6|3|0|1|4
RZ1|229|2|EB04-002|2|2|6|3|1|1|0|0|0
RZ1|CHK|229|2|33|9|3|1|0|6|4|0|1|4
[You] Kikunojo ["OP14-023">OP14-023]: Set Kikunojo ["OP14-023">OP14-023] to Active
[You] Coffin Boat ["OP14-039">OP14-039]: Activate 1 Don
RZ1|230|1|Don|5|7|5|7|1|1|0|0|0
RZ1|CHK|230|1|31|1|3|3|0|8|11|1|1|2
[] Hand: [OP13-031]
[] Board: [OP12-034,OP14-023,OP17-022]
[] Trash: [OP12-023,OP06-033,OP06-033,ST32-001,ST32-001,OP17-022,OP14-039,OP12-034,ST32-003,OP12-023,OP08-036]
[] Life: 3
[] Hand: [OP01-057,ST31-005,OP17-017,ST31-005,ST31-001,ST31-001,OP01-030,OP12-015,OP12-015]
[] Trash: [OP01-057,OP13-040,OP01-030,EB04-002]
[] Board: [OP12-015,OP12-015,EB02-017]
[] Life: 1
[You] End Turn
[] Hand: [OP01-057,ST31-005,OP17-017,ST31-005,ST31-001,ST31-001,OP01-030,OP12-015,OP12-015]
[] Board: [OP12-015,OP12-015,EB02-017]
[] Trash: [OP01-057,OP13-040,OP01-030,EB04-002]
[] Life: 1
[] Hand: [OP13-031]
[] Trash: [OP12-023,OP06-033,OP06-033,ST32-001,ST32-001,OP17-022,OP14-039,OP12-034,ST32-003,OP12-023,OP08-036]
[] Board: [OP12-034,OP14-023,OP17-022]
[] Life: 3
RZ1|231|2|Don|9|9900|5|0|1|1|1|0|0
RZ1|CHK|231|2|33|9|3|1|0|7|4|0|1|3
RZ1|232|2|Don|9|0|5|0|1|1|1|0|0
RZ1|CHK|232|2|33|9|3|1|0|8|4|0|1|2
RZ1|233|2|Don|9|0|5|0|1|1|1|0|0
RZ1|CHK|233|2|33|9|3|1|0|9|4|0|1|1
RZ1|234|2|Don|9|0|5|0|1|1|1|0|0
RZ1|CHK|234|2|33|9|3|1|0|10|4|0|1|0
[Opponent] Draw 1 Card
[] Drew card from deck: In Two Years!! At the Sabaody Archipelago!! ["OP01-030">OP01-030]
RZ1|235|2|OP01-030|0|32|1|9|1|1|0|0|0
RZ1|CHK|235|2|32|10|3|1|0|10|4|0|1|0
RZ1|236|2|Don|5|0|5|0|1|1|1|0|0
RZ1|CHK|236|2|32|10|3|1|0|10|4|0|1|0
RZ1|237|2|Don|5|1|5|1|1|1|1|0|0
RZ1|CHK|237|2|32|10|3|1|0|10|4|0|1|0
RZ1|238|2|Don|5|2|5|2|1|1|1|0|0
RZ1|CHK|238|2|32|10|3|1|0|10|4|0|1|0
RZ1|239|2|Don|5|3|5|3|1|1|1|0|0
RZ1|CHK|239|2|32|10|3|1|0|10|4|0|1|0
RZ1|240|2|Don|5|4|5|4|1|1|1|0|0
RZ1|CHK|240|2|32|10|3|1|0|10|4|0|1|0
[Opponent] Deploy Sanji ["ST31-001">ST31-001]
RZ1|241|2|ST31-001|1|4|2|3|1|1|0|0|0
RZ1|CHK|241|2|32|9|4|1|0|10|4|0|1|0
[] Drew card from deck: Monkey D. Luffy ["ST30-012">ST30-012]
RZ1|242|2|ST30-012|0|31|1|9|1|1|0|0|0
RZ1|CHK|242|2|31|10|4|1|0|10|4|0|1|0
[Opponent] Sanji ["ST31-001">ST31-001]: Draw 1 Card
RZ1|243|2|ST30-012|1|9|2|4|1|1|0|0|0
RZ1|CHK|243|2|31|9|5|1|0|10|4|0|1|0
[Opponent] Sanji ["ST31-001">ST31-001]: Deploy Monkey D. Luffy ["ST30-012">ST30-012]
[Opponent] Monkey D. Luffy ["ST30-012">ST30-012]: Rest 1 Don
RZ1|244|2|Don|5|5|5|5|1|1|1|0|0
RZ1|CHK|244|2|31|9|5|1|0|10|4|0|1|0
[Opponent] Monkey D. Luffy ["ST30-012">ST30-012]: Give Monkey D. Luffy ["ST30-012">ST30-012] Rush
[] Hand: [OP01-057,ST31-005,OP17-017,ST31-005,ST31-001,OP01-030,OP12-015,OP12-015,OP01-030]
[] Board: [OP12-015,OP12-015,EB02-017,ST31-001,ST30-012]
[] Trash: [OP01-057,OP13-040,OP01-030,EB04-002]
[] Life: 1
[] Hand: [OP13-031]
[] Trash: [OP12-023,OP06-033,OP06-033,ST32-001,ST32-001,OP17-022,OP14-039,OP12-034,ST32-003,OP12-023,OP08-036]
[] Board: [OP12-034,OP14-023,OP17-022]
[] Life: 3
[Opponent] End Turn
[] Hand: [OP13-031]
[] Board: [OP12-034,OP14-023,OP17-022]
[] Trash: [OP12-023,OP06-033,OP06-033,ST32-001,ST32-001,OP17-022,OP14-039,OP12-034,ST32-003,OP12-023,OP08-036]
[] Life: 3
[] Hand: [OP01-057,ST31-005,OP17-017,ST31-005,ST31-001,OP01-030,OP12-015,OP12-015,OP01-030]
[] Trash: [OP01-057,OP13-040,OP01-030,EB04-002]
[] Board: [OP12-015,OP12-015,EB02-017,ST31-001,ST30-012]
[] Life: 1
RZ1|245|1|Don|9|9900|5|0|1|1|1|0|0
RZ1|CHK|245|1|31|1|3|3|0|9|11|1|1|1
RZ1|246|1|Don|9|9900|5|0|1|1|1|0|0
RZ1|CHK|246|1|31|1|3|3|0|10|11|1|1|0
[You] Draw 1 Card
[] Drew card from deck: Kouzuki Oden ["ST32-002">ST32-002]
RZ1|247|1|ST32-002|0|30|1|1|1|1|0|0|0
RZ1|CHK|247|1|30|2|3|3|0|10|11|1|1|0
[You] Shanks ["OP17-022">OP17-022] attacking Nami ["EB02-017">EB02-017]
Shanks ["OP17-022">OP17-022][12000] vs Nami ["EB02-017">EB02-017][2000]
[Opponent] Nami ["EB02-017">EB02-017] Destroyed
RZ1|248|2|EB02-017|2|2|6|4|1|1|0|0|0
RZ1|CHK|248|2|31|9|4|1|0|10|5|0|1|0
RZ1|249|1|Don|5|0|9|9900|1|1|0|0|0
RZ1|CHK|249|1|30|2|3|3|0|9|11|1|1|1
[You] Attach 1 Don to Dracule Mihawk ["OP14-020">OP14-020] (1 Total)
RZ1|250|1|Don|5|0|9|9901|1|1|0|0|0
RZ1|CHK|250|1|30|2|3|3|0|8|11|1|1|2
[You] Attach 1 Don to Dracule Mihawk ["OP14-020">OP14-020] (2 Total)
[You] Dracule Mihawk ["OP14-020">OP14-020] attacking Luffy & Ace ["ST30-001">ST30-001]
Dracule Mihawk ["OP14-020">OP14-020][7000] vs Luffy & Ace ["ST30-001">ST30-001][6000]
Luffy & Ace ["ST30-001">ST30-001] hit for 1 damage
RZ1|251|2|OP01-016|3|0|1|9|1|1|0|0|0
RZ1|CHK|251|2|31|10|4|0|0|10|5|0|1|0
RZ1|252|1|Don|5|0|9|0|1|1|0|0|0
RZ1|CHK|252|1|30|2|3|3|0|7|11|1|1|3
RZ1|253|1|Don|5|0|9|1|1|1|0|0|0
RZ1|CHK|253|1|30|2|3|3|0|6|11|1|1|4
RZ1|254|1|Don|5|0|9|2|1|1|0|0|0
RZ1|CHK|254|1|30|2|3|3|0|5|11|1|1|5
RZ1|255|1|Don|5|0|9|3|1|1|0|0|0
RZ1|CHK|255|1|30|2|3|3|0|4|11|1|1|6
RZ1|256|1|Don|5|0|9|4|1|1|0|0|0
RZ1|CHK|256|1|30|2|3|3|0|3|11|1|1|7
[You] Attach 5 Don to Perona ["OP12-034">OP12-034] (5 Total)
[You] Perona ["OP12-034">OP12-034] attacking Monkey D. Luffy ["OP12-015">OP12-015]
[Opponent] Discard Sanji ["ST31-001">ST31-001] for Counter 1000
RZ1|257|2|ST31-001|1|4|6|5|1|1|0|0|0
RZ1|CHK|257|2|31|9|4|0|0|10|6|0|1|0
Perona ["OP12-034">OP12-034][7000] vs Monkey D. Luffy ["OP12-015">OP12-015][8000]
Attack Fails
[You] Kikunojo ["OP14-023">OP14-023]: Set Kikunojo ["OP14-023">OP14-023] to Active
[] Hand: [OP13-031,ST32-002]
[] Board: [OP12-034,OP14-023,OP17-022]
[] Trash: [OP12-023,OP06-033,OP06-033,ST32-001,ST32-001,OP17-022,OP14-039,OP12-034,ST32-003,OP12-023,OP08-036]
[] Life: 3
[] Hand: [OP01-057,ST31-005,OP17-017,ST31-005,OP01-030,OP12-015,OP12-015,OP01-030,OP01-016]
[] Trash: [OP01-057,OP13-040,OP01-030,EB04-002,EB02-017,ST31-001]
[] Board: [OP12-015,OP12-015,ST31-001,ST30-012]
[] Life: 0
[You] End Turn
[] Hand: [OP01-057,ST31-005,OP17-017,ST31-005,OP01-030,OP12-015,OP12-015,OP01-030,OP01-016]
[] Board: [OP12-015,OP12-015,ST31-001,ST30-012]
[] Trash: [OP01-057,OP13-040,OP01-030,EB04-002,EB02-017,ST31-001]
[] Life: 0
[] Hand: [OP13-031,ST32-002]
[] Trash: [OP12-023,OP06-033,OP06-033,ST32-001,ST32-001,OP17-022,OP14-039,OP12-034,ST32-003,OP12-023,OP08-036]
[] Board: [OP12-034,OP14-023,OP17-022]
[] Life: 3
[Opponent] Draw 1 Card
[] Drew card from deck: Nami ["EB02-017">EB02-017]
RZ1|258|2|EB02-017|0|30|1|9|1|1|0|0|0
RZ1|CHK|258|2|30|10|4|0|0|10|6|0|1|0
[Opponent] Luffy & Ace ["ST30-001">ST30-001] attacking Dracule Mihawk ["OP14-020">OP14-020]
Luffy & Ace ["ST30-001">ST30-001][6000] vs Dracule Mihawk ["OP14-020">OP14-020][5000]
Dracule Mihawk ["OP14-020">OP14-020] hit for 1 damage
RZ1|259|1|OP12-034|3|2|1|2|1|1|0|0|0
RZ1|CHK|259|1|30|3|3|2|0|3|11|1|1|7
[Opponent] Monkey D. Luffy ["ST30-012">ST30-012] attacking Dracule Mihawk ["OP14-020">OP14-020]
[You] Discard Kouzuki Oden ["ST32-002">ST32-002] for Counter 1000
RZ1|260|1|ST32-002|1|1|6|11|1|1|0|0|0
RZ1|CHK|260|1|30|2|3|2|0|3|12|1|1|7
[You] Discard Perona ["OP12-034">OP12-034] for Counter 1000
RZ1|261|1|OP12-034|1|1|6|12|1|1|0|0|0
RZ1|CHK|261|1|30|1|3|2|0|3|13|1|1|7
Monkey D. Luffy ["ST30-012">ST30-012][6000] vs Dracule Mihawk ["OP14-020">OP14-020][7000]
Attack Fails
RZ1|262|2|Don|5|0|9|0|1|1|0|0|0
RZ1|CHK|262|2|30|10|4|0|0|9|6|0|1|1
[Opponent] Attach 1 Don to Monkey D. Luffy ["OP12-015">OP12-015] (1 Total)
[Opponent] Monkey D. Luffy ["OP12-015">OP12-015] attacking Dracule Mihawk ["OP14-020">OP14-020]
Monkey D. Luffy ["OP12-015">OP12-015][5000] vs Dracule Mihawk ["OP14-020">OP14-020][5000]
Dracule Mihawk ["OP14-020">OP14-020] hit for 1 damage
RZ1|263|1|OP17-031|3|1|1|1|1|1|0|0|0
RZ1|CHK|263|1|30|2|3|1|0|3|13|1|1|7
RZ1|264|2|Don|5|0|9|100|1|1|0|0|0
RZ1|CHK|264|2|30|10|4|0|0|8|6|0|1|2
[Opponent] Attach 1 Don to Monkey D. Luffy ["OP12-015">OP12-015] (1 Total)
[Opponent] Monkey D. Luffy ["OP12-015">OP12-015] attacking Dracule Mihawk ["OP14-020">OP14-020]
Monkey D. Luffy ["OP12-015">OP12-015][7000] vs Dracule Mihawk ["OP14-020">OP14-020][5000]
Dracule Mihawk ["OP14-020">OP14-020] hit for 1 damage
RZ1|265|1|OP06-033|3|0|1|2|1|1|0|0|0
RZ1|CHK|265|1|30|3|3|0|0|3|13|1|1|7
RZ1|266|2|Don|5|0|9|200|1|1|0|0|0
RZ1|CHK|266|2|30|10|4|0|0|7|6|0|1|3
RZ1|267|2|Don|5|0|9|201|1|1|0|0|0
RZ1|CHK|267|2|30|10|4|0|0|6|6|0|1|4
[Opponent] Attach 2 Don to Sanji ["ST31-001">ST31-001] (2 Total)
[Opponent] Sanji ["ST31-001">ST31-001] attacking Dracule Mihawk ["OP14-020">OP14-020]
[You] Discard Vander Decken IX ["OP06-033">OP06-033] for Counter 1000
RZ1|268|1|OP06-033|1|2|6|13|1|1|0|0|0
RZ1|CHK|268|1|30|2|3|0|0|3|14|1|1|7
Sanji ["ST31-001">ST31-001][5000] vs Dracule Mihawk ["OP14-020">OP14-020][6000]
Attack Fails
[] Hand: [OP01-057,ST31-005,OP17-017,ST31-005,OP01-030,OP12-015,OP12-015,OP01-030,OP01-016,EB02-017]
[] Board: [OP12-015,OP12-015,ST31-001,ST30-012]
[] Trash: [OP01-057,OP13-040,OP01-030,EB04-002,EB02-017,ST31-001]
[] Life: 0
[] Hand: [OP13-031,OP17-031]
[] Trash: [OP12-023,OP06-033,OP06-033,ST32-001,ST32-001,OP17-022,OP14-039,OP12-034,ST32-003,OP12-023,OP08-036,ST32-002,OP12-034,OP06-033]
[] Board: [OP12-034,OP14-023,OP17-022]
[] Life: 0
[Opponent] End Turn
[] Hand: [OP13-031,OP17-031]
[] Board: [OP12-034,OP14-023,OP17-022]
[] Trash: [OP12-023,OP06-033,OP06-033,ST32-001,ST32-001,OP17-022,OP14-039,OP12-034,ST32-003,OP12-023,OP08-036,ST32-002,OP12-034,OP06-033]
[] Life: 0
[] Hand: [OP01-057,ST31-005,OP17-017,ST31-005,OP01-030,OP12-015,OP12-015,OP01-030,OP01-016,EB02-017]
[] Trash: [OP01-057,OP13-040,OP01-030,EB04-002,EB02-017,ST31-001]
[] Board: [OP12-015,OP12-015,ST31-001,ST30-012]
[] Life: 0
RZ1|269|1|Don|9|9900|5|0|1|1|1|0|0
RZ1|CHK|269|1|30|2|3|0|0|4|14|1|1|6
RZ1|270|1|Don|9|9900|5|0|1|1|1|0|0
RZ1|CHK|270|1|30|2|3|0|0|5|14|1|1|5
RZ1|271|1|Don|9|0|5|0|1|1|1|0|0
RZ1|CHK|271|1|30|2|3|0|0|6|14|1|1|4
RZ1|272|1|Don|9|0|5|0|1|1|1|0|0
RZ1|CHK|272|1|30|2|3|0|0|7|14|1|1|3
RZ1|273|1|Don|9|0|5|0|1|1|1|0|0
RZ1|CHK|273|1|30|2|3|0|0|8|14|1|1|2
RZ1|274|1|Don|9|0|5|0|1|1|1|0|0
RZ1|CHK|274|1|30|2|3|0|0|9|14|1|1|1
RZ1|275|1|Don|9|0|5|0|1|1|1|0|0
RZ1|CHK|275|1|30|2|3|0|0|10|14|1|1|0
[You] Draw 1 Card
[] Drew card from deck: You Can Be My Samurai!!! ["OP01-055">OP01-055]
RZ1|276|1|OP01-055|0|29|1|2|1|1|0|0|0
RZ1|CHK|276|1|29|3|3|0|0|10|14|1|1|0
[You] Shanks ["OP17-022">OP17-022] attacking Luffy & Ace ["ST30-001">ST30-001]
[Opponent] Discard Monkey D. Luffy ["OP12-015">OP12-015] for Counter 1000
RZ1|277|2|OP12-015|1|5|6|6|1|1|0|0|0
RZ1|CHK|277|2|30|9|4|0|0|6|7|0|1|4
[Opponent] Discard Monkey D. Luffy ["OP12-015">OP12-015] for Counter 1000
RZ1|278|2|OP12-015|1|5|6|7|1|1|0|0|0
RZ1|CHK|278|2|30|8|4|0|0|6|8|0|1|4
[Opponent] Discard Nami ["EB02-017">EB02-017] for Counter 1000
RZ1|279|2|EB02-017|1|7|6|8|1|1|0|0|0
RZ1|CHK|279|2|30|7|4|0|0|6|9|0|1|4
RZ1|280|2|Don|5|0|5|0|1|1|1|0|0
RZ1|CHK|280|2|30|7|4|0|0|6|9|0|1|4
RZ1|281|2|OP01-057|1|0|6|9|1|1|0|0|0
RZ1|CHK|281|2|30|6|4|0|0|6|10|0|1|4
[Opponent] Paradise Waterfall ["OP01-057">OP01-057]: Set Monkey D. Luffy ["OP12-015">OP12-015] to Active
[Opponent] Paradise Waterfall ["OP01-057">OP01-057]: Counter 2000
Shanks ["OP17-022">OP17-022][12000] vs Luffy & Ace ["ST30-001">ST30-001][11000]
Luffy & Ace ["ST30-001">ST30-001] hit for 1 damage
[Opponent] <b>Downloaded the Combat Log!</b>
GameOver
