Version is 1.43a.3
[You] Leader is Dracule Mihawk ["OP14-020">OP14-020]
[Opponent] Leader is Portgas D. Ace ["OP16-001">OP16-001]
RZ1|2|2|OP17-006|0|30|0|0|0|0|0|0|0
RZ1|CHK|2|2|50|0|0|0|10|0|0|0|1|0
RZ1|3|2|OP10-015|0|8|0|1|0|0|0|0|0
RZ1|CHK|3|2|50|0|0|0|10|0|0|0|1|0
RZ1|4|2|OP16-004|0|27|0|2|0|0|0|0|0
RZ1|CHK|4|2|50|0|0|0|10|0|0|0|1|0
RZ1|5|2|OP17-005|0|37|0|3|0|0|0|0|0
RZ1|CHK|5|2|50|0|0|0|10|0|0|0|1|0
RZ1|6|2|OP16-004|0|30|0|4|0|0|0|0|0
RZ1|CHK|6|2|50|0|0|0|10|0|0|0|1|0
RZ1|7|2|OP16-021|0|47|0|5|0|0|0|0|0
RZ1|CHK|7|2|50|0|0|0|10|0|0|0|1|0
RZ1|8|2|OP16-014|0|26|0|6|0|0|0|0|0
RZ1|CHK|8|2|50|0|0|0|10|0|0|0|1|0
RZ1|9|2|ST30-016|0|46|0|7|0|0|0|0|0
RZ1|CHK|9|2|50|0|0|0|10|0|0|0|1|0
RZ1|10|2|ST23-001|0|29|0|8|0|0|0|0|0
RZ1|CHK|10|2|50|0|0|0|10|0|0|0|1|0
RZ1|11|2|OP16-118|0|20|0|9|0|0|0|0|0
RZ1|CHK|11|2|50|0|0|0|10|0|0|0|1|0
RZ1|12|2|OP16-118|0|21|0|10|0|0|0|0|0
RZ1|CHK|12|2|50|0|0|0|10|0|0|0|1|0
RZ1|13|2|OP16-014|0|26|0|11|0|0|0|0|0
RZ1|CHK|13|2|50|0|0|0|10|0|0|0|1|0
RZ1|14|2|OP16-015|0|19|0|12|0|0|0|0|0
RZ1|CHK|14|2|50|0|0|0|10|0|0|0|1|0
RZ1|15|2|OP16-003|0|37|0|13|0|0|0|0|0
RZ1|CHK|15|2|50|0|0|0|10|0|0|0|1|0
RZ1|16|2|OP16-118|0|24|0|14|0|0|0|0|0
RZ1|CHK|16|2|50|0|0|0|10|0|0|0|1|0
RZ1|17|2|OP16-011|0|27|0|16|0|0|0|0|0
RZ1|CHK|17|2|50|0|0|0|10|0|0|0|1|0
RZ1|18|2|OP10-015|0|21|0|17|0|0|0|0|0
RZ1|CHK|18|2|50|0|0|0|10|0|0|0|1|0
RZ1|19|2|OP16-003|0|39|0|18|0|0|0|0|0
RZ1|CHK|19|2|50|0|0|0|10|0|0|0|1|0
RZ1|20|2|OP16-004|0|35|0|19|0|0|0|0|0
RZ1|CHK|20|2|50|0|0|0|10|0|0|0|1|0
RZ1|21|2|OP16-015|0|25|0|20|0|0|0|0|0
RZ1|CHK|21|2|50|0|0|0|10|0|0|0|1|0
RZ1|22|2|OP10-015|0|25|0|21|0|0|0|0|0
RZ1|CHK|22|2|50|0|0|0|10|0|0|0|1|0
RZ1|23|2|OP16-021|0|48|0|22|0|0|0|0|0
RZ1|CHK|23|2|50|0|0|0|10|0|0|0|1|0
RZ1|24|2|OP13-016|0|24|0|23|0|0|0|0|0
RZ1|CHK|24|2|50|0|0|0|10|0|0|0|1|0
RZ1|25|2|OP17-005|0|42|0|24|0|0|0|0|0
RZ1|CHK|25|2|50|0|0|0|10|0|0|0|1|0
RZ1|26|2|OP17-006|0|38|0|25|0|0|0|0|0
RZ1|CHK|26|2|50|0|0|0|10|0|0|0|1|0
RZ1|27|2|OP16-003|0|41|0|26|0|0|0|0|0
RZ1|CHK|27|2|50|0|0|0|10|0|0|0|1|0
RZ1|28|2|OP10-015|0|29|0|27|0|0|0|0|0
RZ1|CHK|28|2|50|0|0|0|10|0|0|0|1|0
RZ1|29|2|OP16-021|0|48|0|28|0|0|0|0|0
RZ1|CHK|29|2|50|0|0|0|10|0|0|0|1|0
RZ1|30|2|OP17-017|0|45|0|29|0|0|0|0|0
RZ1|CHK|30|2|50|0|0|0|10|0|0|0|1|0
RZ1|31|2|OP16-014|0|37|0|30|0|0|0|0|0
RZ1|CHK|31|2|50|0|0|0|10|0|0|0|1|0
RZ1|32|2|OP16-118|0|35|0|31|0|0|0|0|0
RZ1|CHK|32|2|50|0|0|0|10|0|0|0|1|0
RZ1|33|2|OP17-017|0|46|0|32|0|0|0|0|0
RZ1|CHK|33|2|50|0|0|0|10|0|0|0|1|0
RZ1|34|2|OP16-011|0|37|0|33|0|0|0|0|0
RZ1|CHK|34|2|50|0|0|0|10|0|0|0|1|0
RZ1|35|2|OP16-015|0|37|0|34|0|0|0|0|0
RZ1|CHK|35|2|50|0|0|0|10|0|0|0|1|0
RZ1|36|2|ST23-001|0|40|0|35|0|0|0|0|0
RZ1|CHK|36|2|50|0|0|0|10|0|0|0|1|0
RZ1|37|2|ST30-016|0|48|0|36|0|0|0|0|0
RZ1|CHK|37|2|50|0|0|0|10|0|0|0|1|0
RZ1|38|2|OP17-006|0|45|0|37|0|0|0|0|0
RZ1|CHK|38|2|50|0|0|0|10|0|0|0|1|0
RZ1|39|2|OP16-015|0|40|0|38|0|0|0|0|0
RZ1|CHK|39|2|50|0|0|0|10|0|0|0|1|0
RZ1|40|2|OP16-014|0|41|0|39|0|0|0|0|0
RZ1|CHK|40|2|50|0|0|0|10|0|0|0|1|0
RZ1|41|2|OP17-005|0|47|0|40|0|0|0|0|0
RZ1|CHK|41|2|50|0|0|0|10|0|0|0|1|0
RZ1|42|2|OP13-016|0|42|0|41|0|0|0|0|0
RZ1|CHK|42|2|50|0|0|0|10|0|0|0|1|0
RZ1|43|2|ST23-001|0|44|0|42|0|0|0|0|0
RZ1|CHK|43|2|50|0|0|0|10|0|0|0|1|0
RZ1|44|2|OP17-005|0|47|0|43|0|0|0|0|0
RZ1|CHK|44|2|50|0|0|0|10|0|0|0|1|0
RZ1|45|2|OP16-021|0|49|0|45|0|0|0|0|0
RZ1|CHK|45|2|50|0|0|0|10|0|0|0|1|0
RZ1|46|2|OP17-017|0|49|0|46|0|0|0|0|0
RZ1|CHK|46|2|50|0|0|0|10|0|0|0|1|0
RZ1|47|2|OP16-004|0|48|0|47|0|0|0|0|0
RZ1|CHK|47|2|50|0|0|0|10|0|0|0|1|0
RZ1|48|2|OP17-006|0|49|0|48|0|0|0|0|0
RZ1|CHK|48|2|50|0|0|0|10|0|0|0|1|0
[] Drew card from deck: Kawamatsu ["OP12-023">OP12-023]
RZ1|49|1|OP12-023|0|49|1|0|1|1|0|0|0
RZ1|CHK|49|1|49|1|0|0|10|0|0|0|1|0
[] Drew card from deck: Yasopp ["OP17-031">OP17-031]
RZ1|50|1|OP17-031|0|48|1|1|1|1|0|0|0
RZ1|CHK|50|1|48|2|0|0|10|0|0|0|1|0
[] Drew card from deck: Trafalgar Law ["OP13-031">OP13-031]
RZ1|51|1|OP13-031|0|47|1|2|1|1|0|0|0
RZ1|CHK|51|1|47|3|0|0|10|0|0|0|1|0
[] Drew card from deck: Vander Decken IX ["OP06-033">OP06-033]
RZ1|52|1|OP06-033|0|46|1|3|1|1|0|0|0
RZ1|CHK|52|1|46|4|0|0|10|0|0|0|1|0
[] Drew card from deck: Yasopp ["OP17-031">OP17-031]
RZ1|53|1|OP17-031|0|45|1|4|1|1|0|0|0
RZ1|CHK|53|1|45|5|0|0|10|0|0|0|1|0
[] Drew card from deck: Uta ["ST23-001">ST23-001]
RZ1|54|2|ST23-001|0|49|1|0|1|1|0|0|0
RZ1|CHK|54|2|49|1|0|0|10|0|0|0|1|0
[] Drew card from deck: Kingdew ["OP17-006">OP17-006]
RZ1|55|2|OP17-006|0|48|1|1|1|1|0|0|0
RZ1|CHK|55|2|48|2|0|0|10|0|0|0|1|0
[] Drew card from deck: Curiel ["OP16-004">OP16-004]
RZ1|56|2|OP16-004|0|47|1|2|1|1|0|0|0
RZ1|CHK|56|2|47|3|0|0|10|0|0|0|1|0
[] Drew card from deck: Gurararararara! ["OP17-017">OP17-017]
RZ1|57|2|OP17-017|0|46|1|3|1|1|0|0|0
RZ1|CHK|57|2|46|4|0|0|10|0|0|0|1|0
[] Drew card from deck: Moby Dick ["OP16-021">OP16-021]
RZ1|58|2|OP16-021|0|45|1|4|1|1|0|0|0
RZ1|CHK|58|2|45|5|0|0|10|0|0|0|1|0
RZ1|59|1|OP13-040|0|44|3|0|1|0|0|0|0
RZ1|CHK|59|1|44|5|0|1|10|0|0|0|1|0
RZ1|60|1|OP13-031|0|43|3|1|1|0|0|0|0
RZ1|CHK|60|1|43|5|0|2|10|0|0|0|1|0
RZ1|61|1|OP06-038|0|42|3|2|1|0|0|0|0
RZ1|CHK|61|1|42|5|0|3|10|0|0|0|1|0
RZ1|62|1|OP12-023|0|41|3|3|1|0|0|0|0
RZ1|CHK|62|1|41|5|0|4|10|0|0|0|1|0
RZ1|63|1|ST32-002|0|40|3|4|1|0|0|0|0
RZ1|CHK|63|1|40|5|0|5|10|0|0|0|1|0
RZ1|64|2|OP13-016|0|44|3|0|0|1|0|0|0
RZ1|CHK|64|2|44|5|0|1|10|0|0|0|1|0
RZ1|65|2|OP17-005|0|43|3|1|0|1|0|0|0
RZ1|CHK|65|2|43|5|0|2|10|0|0|0|1|0
RZ1|66|2|ST23-001|0|42|3|2|0|1|0|0|0
RZ1|CHK|66|2|42|5|0|3|10|0|0|0|1|0
RZ1|67|2|OP13-016|0|41|3|3|0|1|0|0|0
RZ1|CHK|67|2|41|5|0|4|10|0|0|0|1|0
RZ1|68|2|OP17-005|0|40|3|4|0|1|0|0|0
RZ1|CHK|68|2|40|5|0|5|10|0|0|0|1|0
[] Hand: [OP12-023,OP17-031,OP13-031,OP06-033,OP17-031]
[] Board: []
[] Trash: []
[] Life: 5
[] Hand: [ST23-001,OP17-006,OP16-004,OP17-017,OP16-021]
[] Trash: []
[] Board: []
[] Life: 5
RZ1|69|1|Don|4|9|5|0|1|1|0|0|0
RZ1|CHK|69|1|40|5|0|5|9|1|0|0|1|0
[You] Draw 1 Don
[] Hand: [OP12-023,OP17-031,OP13-031,OP06-033,OP17-031]
[] Board: []
[] Trash: []
[] Life: 5
[] Hand: [ST23-001,OP17-006,OP16-004,OP17-017,OP16-021]
[] Trash: []
[] Board: []
[] Life: 5
[You] End Turn
[] Hand: [ST23-001,OP17-006,OP16-004,OP17-017,OP16-021]
[] Board: []
[] Trash: []
[] Life: 5
[] Hand: [OP12-023,OP17-031,OP13-031,OP06-033,OP17-031]
[] Trash: []
[] Board: []
[] Life: 5
[Opponent] Draw 1 Card
[] Drew card from deck: Marco ["OP16-014">OP16-014]
RZ1|70|2|OP16-014|0|39|1|5|1|1|0|0|0
RZ1|CHK|70|2|39|6|0|5|10|0|0|0|1|0
RZ1|71|2|Don|4|9|5|0|1|1|0|0|0
RZ1|CHK|71|2|39|6|0|5|9|1|0|0|1|0
RZ1|72|2|Don|4|8|5|1|1|1|0|0|0
RZ1|CHK|72|2|39|6|0|5|8|2|0|0|1|0
[Opponent] Draw 2 Don
[] Hand: [ST23-001,OP17-006,OP16-004,OP17-017,OP16-021,OP16-014]
[] Board: []
[] Trash: []
[] Life: 5
[] Hand: [OP12-023,OP17-031,OP13-031,OP06-033,OP17-031]
[] Trash: []
[] Board: []
[] Life: 5
[Opponent] End Turn
[] Hand: [OP12-023,OP17-031,OP13-031,OP06-033,OP17-031]
[] Board: []
[] Trash: []
[] Life: 5
[] Hand: [ST23-001,OP17-006,OP16-004,OP17-017,OP16-021,OP16-014]
[] Trash: []
[] Board: []
[] Life: 5
[You] Draw 1 Card
[] Drew card from deck: Electrical Luna ["OP08-036">OP08-036]
RZ1|73|1|OP08-036|0|39|1|5|1|1|0|0|0
RZ1|CHK|73|1|39|6|0|5|9|1|0|0|1|0
RZ1|74|1|Don|4|8|5|1|1|1|0|0|0
RZ1|CHK|74|1|39|6|0|5|8|2|0|0|1|0
RZ1|75|1|Don|4|7|5|2|1|1|0|0|0
RZ1|CHK|75|1|39|6|0|5|7|3|0|0|1|0
[You] Draw 2 Don
RZ1|76|1|Don|5|0|9|9900|1|1|0|0|0
RZ1|CHK|76|1|39|6|0|5|7|2|0|0|1|1
RZ1|77|1|Don|5|0|9|9901|1|1|0|0|0
RZ1|CHK|77|1|39|6|0|5|7|1|0|0|1|2
[You] Attach 2 Don to Dracule Mihawk ["OP14-020">OP14-020] (2 Total)
[You] Dracule Mihawk ["OP14-020">OP14-020] attacking Portgas D. Ace ["OP16-001">OP16-001]
Dracule Mihawk ["OP14-020">OP14-020][7000] vs Portgas D. Ace ["OP16-001">OP16-001][5000]
Portgas D. Ace ["OP16-001">OP16-001] hit for 1 damage
RZ1|78|2|OP17-005|3|4|1|6|1|1|0|0|0
RZ1|CHK|78|2|39|7|0|4|8|2|0|0|1|0
[] Hand: [OP12-023,OP17-031,OP13-031,OP06-033,OP17-031,OP08-036]
[] Board: []
[] Trash: []
[] Life: 5
[] Hand: [ST23-001,OP17-006,OP16-004,OP17-017,OP16-021,OP16-014,OP17-005]
[] Trash: []
[] Board: []
[] Life: 4
[You] End Turn
[] Hand: [ST23-001,OP17-006,OP16-004,OP17-017,OP16-021,OP16-014,OP17-005]
[] Board: []
[] Trash: []
[] Life: 4
[] Hand: [OP12-023,OP17-031,OP13-031,OP06-033,OP17-031,OP08-036]
[] Trash: []
[] Board: []
[] Life: 5
[Opponent] Draw 1 Card
[] Drew card from deck: Monkey D. Luffy ["OP16-015">OP16-015]
RZ1|79|2|OP16-015|0|38|1|7|1|1|0|0|0
RZ1|CHK|79|2|38|8|0|4|8|2|0|0|1|0
RZ1|80|2|Don|4|7|5|2|1|1|0|0|0
RZ1|CHK|80|2|38|8|0|4|7|3|0|0|1|0
RZ1|81|2|Don|4|6|5|3|1|1|0|0|0
RZ1|CHK|81|2|38|8|0|4|6|4|0|0|1|0
[Opponent] Draw 2 Don
RZ1|82|2|Don|5|0|5|0|1|1|1|0|0
RZ1|CHK|82|2|38|8|0|4|6|4|0|0|1|0
RZ1|83|2|Don|5|1|5|1|1|1|1|0|0
RZ1|CHK|83|2|38|8|0|4|6|4|0|0|1|0
RZ1|84|2|Don|5|2|5|2|1|1|1|0|0
RZ1|CHK|84|2|38|8|0|4|6|4|0|0|1|0
RZ1|85|2|Don|5|3|5|3|1|1|1|0|0
RZ1|CHK|85|2|38|8|0|4|6|4|0|0|1|0
[Opponent] Deploy Monkey D. Luffy ["OP16-015">OP16-015]
RZ1|86|2|OP16-015|1|7|2|0|1|1|0|0|0
RZ1|CHK|86|2|38|7|1|4|6|4|0|0|1|0
[Opponent] Portgas D. Ace ["OP16-001">OP16-001] attacking Dracule Mihawk ["OP14-020">OP14-020]
Portgas D. Ace ["OP16-001">OP16-001][5000] vs Dracule Mihawk ["OP14-020">OP14-020][5000]
Dracule Mihawk ["OP14-020">OP14-020] hit for 1 damage
RZ1|87|1|ST32-002|3|4|1|6|1|1|0|0|0
RZ1|CHK|87|1|39|7|0|4|7|1|0|0|1|2
[] Hand: [ST23-001,OP17-006,OP16-004,OP17-017,OP16-021,OP16-014,OP17-005]
[] Board: [OP16-015]
[] Trash: []
[] Life: 4
[] Hand: [OP12-023,OP17-031,OP13-031,OP06-033,OP17-031,OP08-036,ST32-002]
[] Trash: []
[] Board: []
[] Life: 4
[Opponent] End Turn
[] Hand: [OP12-023,OP17-031,OP13-031,OP06-033,OP17-031,OP08-036,ST32-002]
[] Board: []
[] Trash: []
[] Life: 4
[] Hand: [ST23-001,OP17-006,OP16-004,OP17-017,OP16-021,OP16-014,OP17-005]
[] Trash: []
[] Board: [OP16-015]
[] Life: 4
RZ1|88|1|Don|9|9900|5|0|1|1|1|0|0
RZ1|CHK|88|1|39|7|0|4|7|2|0|0|1|1
RZ1|89|1|Don|9|9900|5|0|1|1|1|0|0
RZ1|CHK|89|1|39|7|0|4|7|3|0|0|1|0
[You] Draw 1 Card
[] Drew card from deck: Vander Decken IX ["OP06-033">OP06-033]
RZ1|90|1|OP06-033|0|38|1|7|1|1|0|0|0
RZ1|CHK|90|1|38|8|0|4|7|3|0|0|1|0
RZ1|91|1|Don|4|6|5|3|1|1|0|0|0
RZ1|CHK|91|1|38|8|0|4|6|4|0|0|1|0
RZ1|92|1|Don|4|5|5|4|1|1|0|0|0
RZ1|CHK|92|1|38|8|0|4|5|5|0|0|1|0
[You] Draw 2 Don
RZ1|93|1|Don|5|0|5|0|1|1|1|0|0
RZ1|CHK|93|1|38|8|0|4|5|5|0|0|1|0
RZ1|94|1|Don|5|1|5|1|1|1|1|0|0
RZ1|CHK|94|1|38|8|0|4|5|5|0|0|1|0
RZ1|95|1|Don|5|2|5|2|1|1|1|0|0
RZ1|CHK|95|1|38|8|0|4|5|5|0|0|1|0
RZ1|96|1|Don|5|3|5|3|1|1|1|0|0
RZ1|CHK|96|1|38|8|0|4|5|5|0|0|1|0
RZ1|97|1|Don|5|4|5|4|1|1|1|0|0
RZ1|CHK|97|1|38|8|0|4|5|5|0|0|1|0
[You] Deploy Yasopp ["OP17-031">OP17-031]
RZ1|98|1|OP17-031|1|1|2|0|1|1|0|0|0
RZ1|CHK|98|1|38|7|1|4|5|5|0|0|1|0
[] Drew card from deck: Kouzuki Oden ["ST32-002">ST32-002]
RZ1|99|1|ST32-002|0|37|1|7|1|1|0|0|0
RZ1|CHK|99|1|37|8|1|4|5|5|0|0|1|0
[You] Yasopp ["OP17-031">OP17-031]: Draw 1 Card
[You] Yasopp ["OP17-031">OP17-031]: Rest Monkey D. Luffy ["OP16-015">OP16-015]
[You] Dracule Mihawk ["OP14-020">OP14-020] attacking Portgas D. Ace ["OP16-001">OP16-001]
RZ1|100|2|OP16-014|1|5|6|0|1|1|0|0|0
RZ1|CHK|100|2|38|6|1|4|6|4|1|0|1|0
[Opponent] Monkey D. Luffy ["OP16-015">OP16-015]: Trash Marco ["OP16-014">OP16-014]
[Opponent] Monkey D. Luffy ["OP16-015">OP16-015]: Set Monkey D. Luffy ["OP16-015">OP16-015] Base Power to 1000
[Opponent] Monkey D. Luffy ["OP16-015">OP16-015]: Set Portgas D. Ace ["OP16-001">OP16-001] Base Power to 2000
Dracule Mihawk ["OP14-020">OP14-020][5000] vs Portgas D. Ace ["OP16-001">OP16-001][7000]
Attack Fails
[You] Dracule Mihawk ["OP14-020">OP14-020]: Rest Yasopp ["OP17-031">OP17-031]
[You] Dracule Mihawk ["OP14-020">OP14-020]: Activate 1 Don
RZ1|101|1|Don|5|4|5|4|1|1|0|0|0
RZ1|CHK|101|1|37|8|1|4|5|5|0|0|1|0
[You] Dracule Mihawk ["OP14-020">OP14-020]: Activate 1 Don
RZ1|102|1|Don|5|3|5|3|1|1|0|0|0
RZ1|CHK|102|1|37|8|1|4|5|5|0|0|1|0
[You] Dracule Mihawk ["OP14-020">OP14-020]: Activate 1 Don
RZ1|103|1|Don|5|2|5|2|1|1|0|0|0
RZ1|CHK|103|1|37|8|1|4|5|5|0|0|1|0
[You] Dracule Mihawk ["OP14-020">OP14-020]: Can't play Cost 1 Or More Characters for the Turn!
[You] Yasopp ["OP17-031">OP17-031]: Set Yasopp ["OP17-031">OP17-031] to Active
[] Hand: [OP12-023,OP13-031,OP06-033,OP17-031,OP08-036,ST32-002,OP06-033,ST32-002]
[] Board: [OP17-031]
[] Trash: []
[] Life: 4
[] Hand: [ST23-001,OP17-006,OP16-004,OP17-017,OP16-021,OP17-005]
[] Trash: [OP16-014]
[] Board: [OP16-015]
[] Life: 4
[You] End Turn
[] Hand: [ST23-001,OP17-006,OP16-004,OP17-017,OP16-021,OP17-005]
[] Board: [OP16-015]
[] Trash: [OP16-014]
[] Life: 4
[] Hand: [OP12-023,OP13-031,OP06-033,OP17-031,OP08-036,ST32-002,OP06-033,ST32-002]
[] Trash: []
[] Board: [OP17-031]
[] Life: 4
[Opponent] Draw 1 Card
[] Drew card from deck: Kingdew ["OP17-006">OP17-006]
RZ1|104|2|OP17-006|0|37|1|6|1|1|0|0|0
RZ1|CHK|104|2|37|7|1|4|6|4|1|0|1|0
RZ1|105|2|Don|4|5|5|4|1|1|0|0|0
RZ1|CHK|105|2|37|7|1|4|5|5|1|0|1|0
RZ1|106|2|Don|4|4|5|5|1|1|0|0|0
RZ1|CHK|106|2|37|7|1|4|4|6|1|0|1|0
[Opponent] Draw 2 Don
RZ1|107|2|Don|5|0|9|0|1|1|0|0|0
RZ1|CHK|107|2|37|7|1|4|4|5|1|0|1|1
[Opponent] Attach 1 Don to Monkey D. Luffy ["OP16-015">OP16-015] (1 Total)
[Opponent] Monkey D. Luffy ["OP16-015">OP16-015] attacking Dracule Mihawk ["OP14-020">OP14-020]
[You] Discard Kawamatsu ["OP12-023">OP12-023] for Counter 2000
RZ1|108|1|OP12-023|1|0|6|0|1|1|0|0|0
RZ1|CHK|108|1|37|7|1|4|5|5|1|0|1|0
[You] Discard Vander Decken IX ["OP06-033">OP06-033] for Counter 1000
RZ1|109|1|OP06-033|1|1|6|1|1|1|0|0|0
RZ1|CHK|109|1|37|6|1|4|5|5|2|0|1|0
Monkey D. Luffy ["OP16-015">OP16-015][7000] vs Dracule Mihawk ["OP14-020">OP14-020][8000]
Attack Fails
RZ1|110|2|Don|5|0|9|9900|1|1|0|0|0
RZ1|CHK|110|2|37|7|1|4|4|4|1|0|1|2
[Opponent] Attach 1 Don to Portgas D. Ace ["OP16-001">OP16-001] (1 Total)
[Opponent] Portgas D. Ace ["OP16-001">OP16-001] attacking Dracule Mihawk ["OP14-020">OP14-020]
[You] Discard Yasopp ["OP17-031">OP17-031] for Counter 1000
RZ1|111|1|OP17-031|1|1|6|2|1|1|0|0|0
RZ1|CHK|111|1|37|5|1|4|5|5|3|0|1|0
[You] Discard Kouzuki Oden ["ST32-002">ST32-002] for Counter 1000
RZ1|112|1|ST32-002|1|2|6|3|1|1|0|0|0
RZ1|CHK|112|1|37|4|1|4|5|5|4|0|1|0
Portgas D. Ace ["OP16-001">OP16-001][6000] vs Dracule Mihawk ["OP14-020">OP14-020][7000]
Attack Fails
RZ1|113|2|Don|5|0|5|0|1|1|1|0|0
RZ1|CHK|113|2|37|7|1|4|4|4|1|0|1|2
[Opponent] Deploy Moby Dick ["OP16-021">OP16-021]
RZ1|114|2|OP16-021|1|4|7|0|1|1|0|0|0
RZ1|CHK|114|2|37|6|1|4|4|4|1|1|1|2
RZ1|115|2|ST23-001|0|35|1|6|1|1|0|0|0
RZ1|CHK|115|2|36|7|1|4|4|4|1|1|1|2
[Opponent] Moby Dick ["OP16-021">OP16-021]: Added 1 Cards to Hand
[Opponent] Placing Cards on Bottom of Deck
RZ1|116|2|ST30-016|0|35|0|0|0|0|0|0|0
RZ1|CHK|116|2|36|7|1|4|4|4|1|1|1|2
RZ1|117|2|OP16-015|0|35|0|0|0|0|0|0|0
RZ1|CHK|117|2|36|7|1|4|4|4|1|1|1|2
[] Hand: [ST23-001,OP17-006,OP16-004,OP17-017,OP17-005,OP17-006,ST23-001]
[] Board: [OP16-015]
[] Trash: [OP16-014]
[] Life: 4
[] Hand: [OP13-031,OP08-036,OP06-033,ST32-002]
[] Trash: [OP12-023,OP06-033,OP17-031,ST32-002]
[] Board: [OP17-031]
[] Life: 4
[Opponent] End Turn
[] Hand: [OP13-031,OP08-036,OP06-033,ST32-002]
[] Board: [OP17-031]
[] Trash: [OP12-023,OP06-033,OP17-031,ST32-002]
[] Life: 4
[] Hand: [ST23-001,OP17-006,OP16-004,OP17-017,OP17-005,OP17-006,ST23-001]
[] Trash: [OP16-014]
[] Board: [OP16-015]
[] Life: 4
[You] Draw 1 Card
[] Drew card from deck: Otama ["OP07-022">OP07-022]
RZ1|118|1|OP07-022|0|36|1|4|1|1|0|0|0
RZ1|CHK|118|1|36|5|1|4|5|5|4|0|1|0
RZ1|119|1|Don|4|4|5|5|1|1|0|0|0
RZ1|CHK|119|1|36|5|1|4|4|6|4|0|1|0
RZ1|120|1|Don|4|3|5|6|1|1|0|0|0
RZ1|CHK|120|1|36|5|1|4|3|7|4|0|1|0
[You] Draw 2 Don
RZ1|121|1|Don|5|0|9|9900|1|1|0|0|0
RZ1|CHK|121|1|36|5|1|4|3|6|4|0|1|1
[You] Attach 1 Don to Dracule Mihawk ["OP14-020">OP14-020] (1 Total)
[You] Dracule Mihawk ["OP14-020">OP14-020] attacking Monkey D. Luffy ["OP16-015">OP16-015]
RZ1|122|2|OP17-006|1|1|6|1|1|1|0|0|0
RZ1|CHK|122|2|36|6|1|4|4|4|2|1|1|2
[Opponent] Monkey D. Luffy ["OP16-015">OP16-015]: Trash Kingdew ["OP17-006">OP17-006]
[Opponent] Monkey D. Luffy ["OP16-015">OP16-015]: Set Monkey D. Luffy ["OP16-015">OP16-015] Base Power to 1000
[Opponent] Monkey D. Luffy ["OP16-015">OP16-015]: Set Portgas D. Ace ["OP16-001">OP16-001] Base Power to 2000
Dracule Mihawk ["OP14-020">OP14-020][6000] vs Monkey D. Luffy ["OP16-015">OP16-015][7000]
Attack Fails
RZ1|123|1|Don|5|0|9|0|1|1|0|0|0
RZ1|CHK|123|1|36|5|1|4|3|5|4|0|1|2
[You] Attach 1 Don to Yasopp ["OP17-031">OP17-031] (1 Total)
[You] Yasopp ["OP17-031">OP17-031] attacking Monkey D. Luffy ["OP16-015">OP16-015]
RZ1|124|2|OP16-004|1|1|6|2|1|1|0|0|0
RZ1|CHK|124|2|36|5|1|4|4|4|3|1|1|2
[Opponent] Monkey D. Luffy ["OP16-015">OP16-015]: Trash Curiel ["OP16-004">OP16-004]
[Opponent] Monkey D. Luffy ["OP16-015">OP16-015]: Set Monkey D. Luffy ["OP16-015">OP16-015] Base Power to 1000
[Opponent] Monkey D. Luffy ["OP16-015">OP16-015]: Set Portgas D. Ace ["OP16-001">OP16-001] Base Power to 2000
[Opponent] Discard Uta ["ST23-001">ST23-001] for Counter 2000
RZ1|125|2|ST23-001|1|0|6|3|1|1|0|0|0
RZ1|CHK|125|2|36|4|1|4|4|4|4|1|1|2
Yasopp ["OP17-031">OP17-031][7000] vs Monkey D. Luffy ["OP16-015">OP16-015][9000]
Attack Fails
RZ1|126|1|Don|5|0|5|0|1|1|1|0|0
RZ1|CHK|126|1|36|5|1|4|3|5|4|0|1|2
RZ1|127|1|Don|5|1|5|1|1|1|1|0|0
RZ1|CHK|127|1|36|5|1|4|3|5|4|0|1|2
RZ1|128|1|Don|5|2|5|2|1|1|1|0|0
RZ1|CHK|128|1|36|5|1|4|3|5|4|0|1|2
RZ1|129|1|Don|5|3|5|3|1|1|1|0|0
RZ1|CHK|129|1|36|5|1|4|3|5|4|0|1|2
RZ1|130|1|Don|5|4|5|4|1|1|1|0|0
RZ1|CHK|130|1|36|5|1|4|3|5|4|0|1|2
[You] Deploy Kouzuki Oden ["ST32-002">ST32-002]
RZ1|131|1|ST32-002|1|3|2|1|1|1|0|0|0
RZ1|CHK|131|1|36|4|2|4|3|5|4|0|1|2
[] Drew card from deck: Kin'emon ["ST32-001">ST32-001]
RZ1|132|1|ST32-001|0|35|1|4|1|1|0|0|0
RZ1|CHK|132|1|35|5|2|4|3|5|4|0|1|2
[You] Kouzuki Oden ["ST32-002">ST32-002]: Draw 1 Card
[You] Kouzuki Oden ["ST32-002">ST32-002]: Monkey D. Luffy ["OP16-015">OP16-015] can't be rested until next turn ends
[You] Dracule Mihawk ["OP14-020">OP14-020]: Rest Kouzuki Oden ["ST32-002">ST32-002]
[You] Dracule Mihawk ["OP14-020">OP14-020]: Activate 1 Don
RZ1|133|1|Don|5|4|5|4|1|1|0|0|0
RZ1|CHK|133|1|35|5|2|4|3|5|4|0|1|2
[You] Dracule Mihawk ["OP14-020">OP14-020]: Activate 1 Don
RZ1|134|1|Don|5|3|5|3|1|1|0|0|0
RZ1|CHK|134|1|35|5|2|4|3|5|4|0|1|2
[You] Dracule Mihawk ["OP14-020">OP14-020]: Activate 1 Don
RZ1|135|1|Don|5|2|5|2|1|1|0|0|0
RZ1|CHK|135|1|35|5|2|4|3|5|4|0|1|2
[You] Dracule Mihawk ["OP14-020">OP14-020]: Can't play Cost 1 Or More Characters for the Turn!
[You] Yasopp ["OP17-031">OP17-031]: Set Yasopp ["OP17-031">OP17-031] to Active
[] Hand: [OP13-031,OP08-036,OP06-033,OP07-022,ST32-001]
[] Board: [OP17-031,ST32-002]
[] Trash: [OP12-023,OP06-033,OP17-031,ST32-002]
[] Life: 4
[] Hand: [OP17-017,OP17-005,OP17-006,ST23-001]
[] Trash: [OP16-014,OP17-006,OP16-004,ST23-001]
[] Board: [OP16-015]
[] Life: 4
[You] End Turn
[] Hand: [OP17-017,OP17-005,OP17-006,ST23-001]
[] Board: [OP16-015]
[] Trash: [OP16-014,OP17-006,OP16-004,ST23-001]
[] Life: 4
[] Hand: [OP13-031,OP08-036,OP06-033,OP07-022,ST32-001]
[] Trash: [OP12-023,OP06-033,OP17-031,ST32-002]
[] Board: [OP17-031,ST32-002]
[] Life: 4
RZ1|136|2|Don|9|9900|5|0|1|1|1|0|0
RZ1|CHK|136|2|36|4|1|4|4|5|4|1|1|1
RZ1|137|2|Don|9|0|5|0|1|1|1|0|0
RZ1|CHK|137|2|36|4|1|4|4|6|4|1|1|0
[Opponent] Draw 1 Card
[] Drew card from deck: Vista ["OP16-011">OP16-011]
RZ1|138|2|OP16-011|0|35|1|4|1|1|0|0|0
RZ1|CHK|138|2|35|5|1|4|4|6|4|1|1|0
RZ1|139|2|Don|4|3|5|6|1|1|0|0|0
RZ1|CHK|139|2|35|5|1|4|3|7|4|1|1|0
RZ1|140|2|Don|4|2|5|7|1|1|0|0|0
RZ1|CHK|140|2|35|5|1|4|2|8|4|1|1|0
[Opponent] Draw 2 Don
RZ1|141|2|Don|5|0|5|0|1|1|1|0|0
RZ1|CHK|141|2|35|5|1|4|2|8|4|1|1|0
RZ1|142|2|Don|5|1|5|1|1|1|1|0|0
RZ1|CHK|142|2|35|5|1|4|2|8|4|1|1|0
RZ1|143|2|Don|5|2|5|2|1|1|1|0|0
RZ1|CHK|143|2|35|5|1|4|2|8|4|1|1|0
RZ1|144|2|Don|5|3|5|3|1|1|1|0|0
RZ1|CHK|144|2|35|5|1|4|2|8|4|1|1|0
RZ1|145|2|Don|5|4|5|4|1|1|1|0|0
RZ1|CHK|145|2|35|5|1|4|2|8|4|1|1|0
RZ1|146|2|Don|5|5|5|5|1|1|1|0|0
RZ1|CHK|146|2|35|5|1|4|2|8|4|1|1|0
[Opponent] Deploy Vista ["OP16-011">OP16-011]
RZ1|147|2|OP16-011|1|4|2|1|1|1|0|0|0
RZ1|CHK|147|2|35|4|2|4|2|8|4|1|1|0
[Opponent] Vista ["OP16-011">OP16-011] revealed: Kingdew ["OP17-006">OP17-006]
[Opponent] Forcing opponent to resolve Card Action!
[You] Forcing opponent to resolve Card Action!
[] Drew card from deck: Gurararararara! ["OP17-017">OP17-017]
RZ1|148|2|OP17-017|0|34|1|4|1|1|0|0|0
RZ1|CHK|148|2|34|5|2|4|2|8|4|1|1|0
[Opponent] Vista ["OP16-011">OP16-011]: Draw 1 Card
RZ1|149|2|Don|5|6|9|9900|1|1|0|0|0
RZ1|CHK|149|2|34|5|2|4|2|7|4|1|1|1
[Opponent] Attach 1 Don to Portgas D. Ace ["OP16-001">OP16-001] (1 Total)
[Opponent] Portgas D. Ace ["OP16-001">OP16-001] attacking Kouzuki Oden ["ST32-002">ST32-002]
[You] Discard Vander Decken IX ["OP06-033">OP06-033] for Counter 1000
RZ1|150|1|OP06-033|1|2|6|4|1|1|0|0|0
RZ1|CHK|150|1|35|4|2|4|3|5|5|0|1|2
Portgas D. Ace ["OP16-001">OP16-001][6000] vs Kouzuki Oden ["ST32-002">ST32-002][7000]
Attack Fails
[Opponent] Portgas D. Ace ["OP16-001">OP16-001]: Give Vista ["OP16-011">OP16-011] Rush
[Opponent] Vista ["OP16-011">OP16-011] attacking Kouzuki Oden ["ST32-002">ST32-002]
[You] Discard Kin'emon ["ST32-001">ST32-001] for Counter 1000
RZ1|151|1|ST32-001|1|3|6|5|1|1|0|0|0
RZ1|CHK|151|1|35|3|2|4|3|5|6|0|1|2
[You] Discard Otama ["OP07-022">OP07-022] for Counter 2000
RZ1|152|1|OP07-022|1|2|6|6|1|1|0|0|0
RZ1|CHK|152|1|35|2|2|4|3|5|7|0|1|2
Vista ["OP16-011">OP16-011][8000] vs Kouzuki Oden ["ST32-002">ST32-002][9000]
Attack Fails
[] Hand: [OP17-017,OP17-005,OP17-006,ST23-001,OP17-017]
[] Board: [OP16-015,OP16-011]
[] Trash: [OP16-014,OP17-006,OP16-004,ST23-001]
[] Life: 4
[] Hand: [OP13-031,OP08-036]
[] Trash: [OP12-023,OP06-033,OP17-031,ST32-002,OP06-033,ST32-001,OP07-022]
[] Board: [OP17-031,ST32-002]
[] Life: 4
[Opponent] End Turn
[] Hand: [OP13-031,OP08-036]
[] Board: [OP17-031,ST32-002]
[] Trash: [OP12-023,OP06-033,OP17-031,ST32-002,OP06-033,ST32-001,OP07-022]
[] Life: 4
[] Hand: [OP17-017,OP17-005,OP17-006,ST23-001,OP17-017]
[] Trash: [OP16-014,OP17-006,OP16-004,ST23-001]
[] Board: [OP16-015,OP16-011]
[] Life: 4
RZ1|153|1|Don|9|9900|5|0|1|1|1|0|0
RZ1|CHK|153|1|35|2|2|4|3|6|7|0|1|1
RZ1|154|1|Don|9|0|5|0|1|1|1|0|0
RZ1|CHK|154|1|35|2|2|4|3|7|7|0|1|0
[You] Draw 1 Card
[] Drew card from deck: Vander Decken IX ["OP06-033">OP06-033]
RZ1|155|1|OP06-033|0|34|1|2|1|1|0|0|0
RZ1|CHK|155|1|34|3|2|4|3|7|7|0|1|0
RZ1|156|1|Don|4|2|5|7|1|1|0|0|0
RZ1|CHK|156|1|34|3|2|4|2|8|7|0|1|0
RZ1|157|1|Don|4|1|5|8|1|1|0|0|0
RZ1|CHK|157|1|34|3|2|4|1|9|7|0|1|0
[You] Draw 2 Don
[You] Kouzuki Oden ["ST32-002">ST32-002] attacking Portgas D. Ace ["OP16-001">OP16-001]
RZ1|158|2|OP17-006|1|2|6|4|1|1|0|0|0
RZ1|CHK|158|2|34|4|2|4|2|7|5|1|1|1
[Opponent] Monkey D. Luffy ["OP16-015">OP16-015]: Trash Kingdew ["OP17-006">OP17-006]
[Opponent] Monkey D. Luffy ["OP16-015">OP16-015]: Set Monkey D. Luffy ["OP16-015">OP16-015] Base Power to 1000
[Opponent] Monkey D. Luffy ["OP16-015">OP16-015]: Set Portgas D. Ace ["OP16-001">OP16-001] Base Power to 2000
Kouzuki Oden ["ST32-002">ST32-002][6000] vs Portgas D. Ace ["OP16-001">OP16-001][7000]
Attack Fails
RZ1|159|1|Don|5|0|9|9900|1|1|0|0|0
RZ1|CHK|159|1|34|3|2|4|1|8|7|0|1|1
RZ1|160|1|Don|5|0|9|9901|1|1|0|0|0
RZ1|CHK|160|1|34|3|2|4|1|7|7|0|1|2
RZ1|161|1|Don|5|0|9|9902|1|1|0|0|0
RZ1|CHK|161|1|34|3|2|4|1|6|7|0|1|3
[You] Attach 3 Don to Dracule Mihawk ["OP14-020">OP14-020] (3 Total)
[You] Dracule Mihawk ["OP14-020">OP14-020] attacking Vista ["OP16-011">OP16-011]
[Opponent] Gurararararara! ["OP17-017">OP17-017]: Activate Counter
[Opponent] Gurararararara! ["OP17-017">OP17-017]: Rest 1 Don
RZ1|162|2|Don|5|6|5|6|1|1|1|0|0
RZ1|CHK|162|2|34|4|2|4|2|7|5|1|1|1
RZ1|163|2|OP17-017|1|0|6|5|1|1|0|0|0
RZ1|CHK|163|2|34|3|2|4|2|7|6|1|1|1
[Opponent] Gurararararara! ["OP17-017">OP17-017]: Buff Vista ["OP16-011">OP16-011] 2000 for the Combat
[Opponent] Gurararararara! ["OP17-017">OP17-017]: Buff Yasopp ["OP17-031">OP17-031] -2000
Dracule Mihawk ["OP14-020">OP14-020][8000] vs Vista ["OP16-011">OP16-011][10000]
Attack Fails
RZ1|164|1|Don|5|0|5|0|1|1|1|0|0
RZ1|CHK|164|1|34|3|2|4|1|6|7|0|1|3
RZ1|165|1|Don|5|1|5|1|1|1|1|0|0
RZ1|CHK|165|1|34|3|2|4|1|6|7|0|1|3
RZ1|166|1|Don|5|2|5|2|1|1|1|0|0
RZ1|CHK|166|1|34|3|2|4|1|6|7|0|1|3
RZ1|167|1|Don|5|3|5|3|1|1|1|0|0
RZ1|CHK|167|1|34|3|2|4|1|6|7|0|1|3
RZ1|168|1|Don|5|4|5|4|1|1|1|0|0
RZ1|CHK|168|1|34|3|2|4|1|6|7|0|1|3
RZ1|169|1|Don|5|5|5|5|1|1|1|0|0
RZ1|CHK|169|1|34|3|2|4|1|6|7|0|1|3
[You] Deploy Trafalgar Law ["OP13-031">OP13-031]
RZ1|170|1|OP13-031|1|0|2|2|1|1|0|0|0
RZ1|CHK|170|1|34|2|3|4|1|6|7|0|1|3
[You] Trafalgar Law ["OP13-031">OP13-031]: Return Kouzuki Oden ["ST32-002">ST32-002] to Hand
RZ1|171|1|ST32-002|2|1|1|2|1|1|1|0|0
RZ1|CHK|171|1|34|3|2|4|1|6|7|0|1|3
RZ1|172|1|ST32-002|1|2|2|2|1|1|1|0|0
RZ1|CHK|172|1|34|2|3|4|1|6|7|0|1|3
[You] Trafalgar Law ["OP13-031">OP13-031]: Deploy Kouzuki Oden ["ST32-002">ST32-002]
[] Drew card from deck: You Can Be My Samurai!!! ["OP01-055">OP01-055]
RZ1|173|1|OP01-055|0|33|1|2|1|1|0|0|0
RZ1|CHK|173|1|33|3|3|4|1|6|7|0|1|3
[You] Kouzuki Oden ["ST32-002">ST32-002]: Draw 1 Card
[You] Kouzuki Oden ["ST32-002">ST32-002]: Vista ["OP16-011">OP16-011] can't be rested until next turn ends
[You] Dracule Mihawk ["OP14-020">OP14-020]: Rest Trafalgar Law ["OP13-031">OP13-031]
[You] Dracule Mihawk ["OP14-020">OP14-020]: Activate 1 Don
RZ1|174|1|Don|5|5|5|5|1|1|0|0|0
RZ1|CHK|174|1|33|3|3|4|1|6|7|0|1|3
[You] Dracule Mihawk ["OP14-020">OP14-020]: Activate 1 Don
RZ1|175|1|Don|5|4|5|4|1|1|0|0|0
RZ1|CHK|175|1|33|3|3|4|1|6|7|0|1|3
[You] Dracule Mihawk ["OP14-020">OP14-020]: Activate 1 Don
RZ1|176|1|Don|5|3|5|3|1|1|0|0|0
RZ1|CHK|176|1|33|3|3|4|1|6|7|0|1|3
[You] Dracule Mihawk ["OP14-020">OP14-020]: Can't play Cost 1 Or More Characters for the Turn!
RZ1|177|1|Don|5|3|9|0|1|1|0|0|0
RZ1|CHK|177|1|33|3|3|4|1|5|7|0|1|4
RZ1|178|1|Don|5|3|9|1|1|1|0|0|0
RZ1|CHK|178|1|33|3|3|4|1|4|7|0|1|5
RZ1|179|1|Don|5|3|9|2|1|1|0|0|0
RZ1|CHK|179|1|33|3|3|4|1|3|7|0|1|6
[You] Attach 3 Don to Yasopp ["OP17-031">OP17-031] (3 Total)
[You] Yasopp ["OP17-031">OP17-031] attacking Portgas D. Ace ["OP16-001">OP16-001]
[Opponent] Discard Uta ["ST23-001">ST23-001] for Counter 2000
RZ1|180|2|ST23-001|1|1|6|6|1|1|0|0|0
RZ1|CHK|180|2|34|2|2|4|2|7|7|1|1|1
Yasopp ["OP17-031">OP17-031][7000] vs Portgas D. Ace ["OP16-001">OP16-001][9000]
Attack Fails
[You] Yasopp ["OP17-031">OP17-031]: Set Yasopp ["OP17-031">OP17-031] to Active
[] Hand: [OP08-036,OP06-033,OP01-055]
[] Board: [OP17-031,OP13-031,ST32-002]
[] Trash: [OP12-023,OP06-033,OP17-031,ST32-002,OP06-033,ST32-001,OP07-022]
[] Life: 4
[] Hand: [OP17-005,OP17-017]
[] Trash: [OP16-014,OP17-006,OP16-004,ST23-001,OP17-006,OP17-017,ST23-001]
[] Board: [OP16-015,OP16-011]
[] Life: 4
[You] End Turn
[] Hand: [OP17-005,OP17-017]
[] Board: [OP16-015,OP16-011]
[] Trash: [OP16-014,OP17-006,OP16-004,ST23-001,OP17-006,OP17-017,ST23-001]
[] Life: 4
[] Hand: [OP08-036,OP06-033,OP01-055]
[] Trash: [OP12-023,OP06-033,OP17-031,ST32-002,OP06-033,ST32-001,OP07-022]
[] Board: [OP17-031,OP13-031,ST32-002]
[] Life: 4
RZ1|181|2|Don|9|9900|5|0|1|1|1|0|0
RZ1|CHK|181|2|34|2|2|4|2|8|7|1|1|0
[Opponent] Draw 1 Card
[] Drew card from deck: Portgas D. Ace ["OP16-118">OP16-118]
RZ1|182|2|OP16-118|0|33|1|2|1|1|0|0|0
RZ1|CHK|182|2|33|3|2|4|2|8|7|1|1|0
RZ1|183|2|Don|4|1|5|8|1|1|0|0|0
RZ1|CHK|183|2|33|3|2|4|1|9|7|1|1|0
RZ1|184|2|Don|4|0|5|9|1|1|0|0|0
RZ1|CHK|184|2|33|3|2|4|0|10|7|1|1|0
[Opponent] Draw 2 Don
RZ1|185|2|Don|5|0|5|0|1|1|1|0|0
RZ1|CHK|185|2|33|3|2|4|0|10|7|1|1|0
RZ1|186|2|Don|5|1|5|1|1|1|1|0|0
RZ1|CHK|186|2|33|3|2|4|0|10|7|1|1|0
RZ1|187|2|Don|5|2|5|2|1|1|1|0|0
RZ1|CHK|187|2|33|3|2|4|0|10|7|1|1|0
RZ1|188|2|Don|5|3|5|3|1|1|1|0|0
RZ1|CHK|188|2|33|3|2|4|0|10|7|1|1|0
RZ1|189|2|Don|5|4|5|4|1|1|1|0|0
RZ1|CHK|189|2|33|3|2|4|0|10|7|1|1|0
RZ1|190|2|Don|5|5|5|5|1|1|1|0|0
RZ1|CHK|190|2|33|3|2|4|0|10|7|1|1|0
RZ1|191|2|Don|5|6|5|6|1|1|1|0|0
RZ1|CHK|191|2|33|3|2|4|0|10|7|1|1|0
RZ1|192|2|Don|5|7|5|7|1|1|1|0|0
RZ1|CHK|192|2|33|3|2|4|0|10|7|1|1|0
RZ1|193|2|Don|5|8|5|8|1|1|1|0|0
RZ1|CHK|193|2|33|3|2|4|0|10|7|1|1|0
RZ1|194|2|Don|5|9|5|9|1|1|1|0|0
RZ1|CHK|194|2|33|3|2|4|0|10|7|1|1|0
[Opponent] Deploy Edward Newgate ["OP17-005">OP17-005]
RZ1|195|2|OP17-005|1|0|2|2|1|1|0|0|0
RZ1|CHK|195|2|33|2|3|4|0|10|7|1|1|0
[Opponent] Edward Newgate ["OP17-005">OP17-005]: Grant Portgas D. Ace ["OP16-001">OP16-001] 3000 until opponent's next turn end
[Opponent] Portgas D. Ace ["OP16-001">OP16-001] attacking Dracule Mihawk ["OP14-020">OP14-020]
Portgas D. Ace ["OP16-001">OP16-001][8000] vs Dracule Mihawk ["OP14-020">OP14-020][5000]
Dracule Mihawk ["OP14-020">OP14-020] hit for 1 damage
RZ1|196|1|OP12-023|3|3|1|3|1|1|0|0|0
RZ1|CHK|196|1|33|4|3|3|1|3|7|0|1|6
[Opponent] Monkey D. Luffy ["OP16-015">OP16-015] attacking Dracule Mihawk ["OP14-020">OP14-020]
[You] Discard Kawamatsu ["OP12-023">OP12-023] for Counter 2000
RZ1|197|1|OP12-023|1|3|6|7|1|1|0|0|0
RZ1|CHK|197|1|33|3|3|3|1|3|8|0|1|6
Monkey D. Luffy ["OP16-015">OP16-015][6000] vs Dracule Mihawk ["OP14-020">OP14-020][7000]
Attack Fails
[Opponent] Portgas D. Ace ["OP16-001">OP16-001]: Give Edward Newgate ["OP17-005">OP17-005] Rush
[Opponent] Edward Newgate ["OP17-005">OP17-005] attacking Dracule Mihawk ["OP14-020">OP14-020]
Edward Newgate ["OP17-005">OP17-005][12000] vs Dracule Mihawk ["OP14-020">OP14-020][5000]
Dracule Mihawk ["OP14-020">OP14-020] hit for 1 damage
RZ1|198|1|OP06-038|3|2|1|3|1|1|0|0|0
RZ1|CHK|198|1|33|4|3|2|1|3|8|0|1|6
[Opponent] Moby Dick ["OP16-021">OP16-021]: Trash Moby Dick ["OP16-021">OP16-021]
RZ1|199|2|OP16-021|7|0|6|7|1|1|0|0|0
RZ1|CHK|199|2|33|2|3|4|0|10|8|0|1|0
[Opponent] Moby Dick ["OP16-021">OP16-021]: Attach 1 Rested Don to Edward Newgate ["OP17-005">OP17-005]
RZ1|200|2|Don|5|0|9|200|1|1|1|0|0
RZ1|CHK|200|2|33|2|3|4|0|9|8|0|1|1
[] Hand: [OP17-017,OP16-118]
[] Board: [OP16-015,OP16-011,OP17-005]
[] Trash: [OP16-014,OP17-006,OP16-004,ST23-001,OP17-006,OP17-017,ST23-001,OP16-021]
[] Life: 4
[] Hand: [OP08-036,OP06-033,OP01-055,OP06-038]
[] Trash: [OP12-023,OP06-033,OP17-031,ST32-002,OP06-033,ST32-001,OP07-022,OP12-023]
[] Board: [OP17-031,OP13-031,ST32-002]
[] Life: 2
[Opponent] End Turn
[] Hand: [OP08-036,OP06-033,OP01-055,OP06-038]
[] Board: [OP17-031,OP13-031,ST32-002]
[] Trash: [OP12-023,OP06-033,OP17-031,ST32-002,OP06-033,ST32-001,OP07-022,OP12-023]
[] Life: 2
[] Hand: [OP17-017,OP16-118]
[] Trash: [OP16-014,OP17-006,OP16-004,ST23-001,OP17-006,OP17-017,ST23-001,OP16-021]
[] Board: [OP16-015,OP16-011,OP17-005]
[] Life: 4
RZ1|201|1|Don|9|9900|5|0|1|1|1|0|0
RZ1|CHK|201|1|33|4|3|2|1|4|8|0|1|5
RZ1|202|1|Don|9|9900|5|0|1|1|1|0|0
RZ1|CHK|202|1|33|4|3|2|1|5|8|0|1|4
RZ1|203|1|Don|9|9900|5|0|1|1|1|0|0
RZ1|CHK|203|1|33|4|3|2|1|6|8|0|1|3
RZ1|204|1|Don|9|0|5|0|1|1|1|0|0
RZ1|CHK|204|1|33|4|3|2|1|7|8|0|1|2
RZ1|205|1|Don|9|0|5|0|1|1|1|0|0
RZ1|CHK|205|1|33|4|3|2|1|8|8|0|1|1
RZ1|206|1|Don|9|0|5|0|1|1|1|0|0
RZ1|CHK|206|1|33|4|3|2|1|9|8|0|1|0
[You] Draw 1 Card
[] Drew card from deck: Otama ["OP07-022">OP07-022]
RZ1|207|1|OP07-022|0|32|1|4|1|1|0|0|0
RZ1|CHK|207|1|32|5|3|2|1|9|8|0|1|0
RZ1|208|1|Don|4|0|5|9|1|1|0|0|0
RZ1|CHK|208|1|32|5|3|2|0|10|8|0|1|0
[You] Draw 2 Don
RZ1|209|1|Don|5|0|9|9900|1|1|0|0|0
RZ1|CHK|209|1|32|5|3|2|0|9|8|0|1|1
RZ1|210|1|Don|5|0|9|9901|1|1|0|0|0
RZ1|CHK|210|1|32|5|3|2|0|8|8|0|1|2
RZ1|211|1|Don|5|0|9|9902|1|1|0|0|0
RZ1|CHK|211|1|32|5|3|2|0|7|8|0|1|3
RZ1|212|1|Don|5|0|9|9903|1|1|0|0|0
RZ1|CHK|212|1|32|5|3|2|0|6|8|0|1|4
RZ1|213|1|Don|5|0|9|9904|1|1|0|0|0
RZ1|CHK|213|1|32|5|3|2|0|5|8|0|1|5
RZ1|214|1|Don|5|0|9|9905|1|1|0|0|0
RZ1|CHK|214|1|32|5|3|2|0|4|8|0|1|6
RZ1|215|1|Don|5|0|9|9906|1|1|0|0|0
RZ1|CHK|215|1|32|5|3|2|0|3|8|0|1|7
[You] Attach 7 Don to Dracule Mihawk ["OP14-020">OP14-020] (7 Total)
[You] Dracule Mihawk ["OP14-020">OP14-020] attacking Edward Newgate ["OP17-005">OP17-005]
[Opponent] Discard Portgas D. Ace ["OP16-118">OP16-118] for Counter 1000
RZ1|216|2|OP16-118|1|1|6|8|1|1|0|0|0
RZ1|CHK|216|2|33|1|3|4|0|9|9|0|1|1
Dracule Mihawk ["OP14-020">OP14-020][12000] vs Edward Newgate ["OP17-005">OP17-005][13000]
Attack Fails
RZ1|217|1|Don|5|0|9|100|1|1|0|0|0
RZ1|CHK|217|1|32|5|3|2|0|2|8|0|1|8
RZ1|218|1|Don|5|0|9|101|1|1|0|0|0
RZ1|CHK|218|1|32|5|3|2|0|1|8|0|1|9
[You] Attach 2 Don to Trafalgar Law ["OP13-031">OP13-031] (2 Total)
[You] Trafalgar Law ["OP13-031">OP13-031] attacking Portgas D. Ace ["OP16-001">OP16-001]
Trafalgar Law ["OP13-031">OP13-031][8000] vs Portgas D. Ace ["OP16-001">OP16-001][8000]
Portgas D. Ace ["OP16-001">OP16-001] hit for 1 damage
RZ1|219|2|OP13-016|3|3|1|1|1|1|0|0|0
RZ1|CHK|219|2|33|2|3|3|0|9|9|0|1|1
[You] Kouzuki Oden ["ST32-002">ST32-002] attacking Monkey D. Luffy ["OP16-015">OP16-015]
[Opponent] Discard Monkey D. Garp ["OP13-016">OP13-016] for Counter 1000
RZ1|220|2|OP13-016|1|1|6|9|1|1|0|0|0
RZ1|CHK|220|2|33|1|3|3|0|9|10|0|1|1
Kouzuki Oden ["ST32-002">ST32-002][6000] vs Monkey D. Luffy ["OP16-015">OP16-015][7000]
Attack Fails
[You] Yasopp ["OP17-031">OP17-031] attacking Monkey D. Luffy ["OP16-015">OP16-015]
Yasopp ["OP17-031">OP17-031][6000] vs Monkey D. Luffy ["OP16-015">OP16-015][6000]
[Opponent] Monkey D. Luffy ["OP16-015">OP16-015] Destroyed
RZ1|221|2|OP16-015|2|0|6|10|1|1|0|0|0
RZ1|CHK|221|2|33|1|2|3|0|9|11|0|1|1
[You] Yasopp ["OP17-031">OP17-031]: Set Yasopp ["OP17-031">OP17-031] to Active
[] Hand: [OP08-036,OP06-033,OP01-055,OP06-038,OP07-022]
[] Board: [OP17-031,OP13-031,ST32-002]
[] Trash: [OP12-023,OP06-033,OP17-031,ST32-002,OP06-033,ST32-001,OP07-022,OP12-023]
[] Life: 2
[] Hand: [OP17-017]
[] Trash: [OP16-014,OP17-006,OP16-004,ST23-001,OP17-006,OP17-017,ST23-001,OP16-021,OP16-118,OP13-016,OP16-015]
[] Board: [OP16-011,OP17-005]
[] Life: 3
[You] End Turn
[] Hand: [OP17-017]
[] Board: [OP16-011,OP17-005]
[] Trash: [OP16-014,OP17-006,OP16-004,ST23-001,OP17-006,OP17-017,ST23-001,OP16-021,OP16-118,OP13-016,OP16-015]
[] Life: 3
[] Hand: [OP08-036,OP06-033,OP01-055,OP06-038,OP07-022]
[] Trash: [OP12-023,OP06-033,OP17-031,ST32-002,OP06-033,ST32-001,OP07-022,OP12-023]
[] Board: [OP17-031,OP13-031,ST32-002]
[] Life: 2
RZ1|222|2|Don|9|100|5|0|1|1|1|0|0
RZ1|CHK|222|2|33|1|2|3|0|10|11|0|1|0
[Opponent] Draw 1 Card
[] Drew card from deck: Marco ["OP16-014">OP16-014]
RZ1|223|2|OP16-014|0|32|1|1|1|1|0|0|0
RZ1|CHK|223|2|32|2|2|3|0|10|11|0|1|0
RZ1|224|2|Don|5|0|9|100|1|1|0|0|0
RZ1|CHK|224|2|32|2|2|3|0|9|11|0|1|1
[Opponent] Attach 1 Don to Edward Newgate ["OP17-005">OP17-005] (1 Total)
[Opponent] Edward Newgate ["OP17-005">OP17-005] attacking Dracule Mihawk ["OP14-020">OP14-020]
Edward Newgate ["OP17-005">OP17-005][13000] vs Dracule Mihawk ["OP14-020">OP14-020][5000]
Dracule Mihawk ["OP14-020">OP14-020] hit for 1 damage
RZ1|225|1|OP13-031|3|1|1|5|1|1|0|0|0
RZ1|CHK|225|1|32|6|3|1|0|1|8|0|1|9
RZ1|226|2|Don|5|0|9|0|1|1|0|0|0
RZ1|CHK|226|2|32|2|2|3|0|8|11|0|1|2
[Opponent] Attach 1 Don to Vista ["OP16-011">OP16-011] (1 Total)
[Opponent] Vista ["OP16-011">OP16-011] attacking Dracule Mihawk ["OP14-020">OP14-020]
[You] Discard Vander Decken IX ["OP06-033">OP06-033] for Counter 1000
RZ1|227|1|OP06-033|1|1|6|8|1|1|0|0|0
RZ1|CHK|227|1|32|5|3|1|0|1|9|0|1|9
[You] Discard Otama ["OP07-022">OP07-022] for Counter 2000
RZ1|228|1|OP07-022|1|3|6|9|1|1|0|0|0
RZ1|CHK|228|1|32|4|3|1|0|1|10|0|1|9
[You] Billion-fold World Trichiliocosm ["OP06-038">OP06-038]: Activate Counter
[You] Billion-fold World Trichiliocosm ["OP06-038">OP06-038]: Rest 1 Don
RZ1|229|1|Don|5|0|5|0|1|1|1|0|0
RZ1|CHK|229|1|32|4|3|1|0|1|10|0|1|9
RZ1|230|1|OP06-038|1|2|6|10|1|1|0|0|0
RZ1|CHK|230|1|32|3|3|1|0|1|11|0|1|9
[You] Billion-fold World Trichiliocosm ["OP06-038">OP06-038]: Buff Dracule Mihawk ["OP14-020">OP14-020] 2000 for the Combat
Vista ["OP16-011">OP16-011][9000] vs Dracule Mihawk ["OP14-020">OP14-020][10000]
Attack Fails
RZ1|231|2|Don|5|0|5|0|1|1|1|0|0
RZ1|CHK|231|2|32|2|2|3|0|8|11|0|1|2
RZ1|232|2|Don|5|1|5|1|1|1|1|0|0
RZ1|CHK|232|2|32|2|2|3|0|8|11|0|1|2
RZ1|233|2|Don|5|2|5|2|1|1|1|0|0
RZ1|CHK|233|2|32|2|2|3|0|8|11|0|1|2
RZ1|234|2|Don|5|3|5|3|1|1|1|0|0
RZ1|CHK|234|2|32|2|2|3|0|8|11|0|1|2
RZ1|235|2|Don|5|4|5|4|1|1|1|0|0
RZ1|CHK|235|2|32|2|2|3|0|8|11|0|1|2
RZ1|236|2|Don|5|5|5|5|1|1|1|0|0
RZ1|CHK|236|2|32|2|2|3|0|8|11|0|1|2
[Opponent] Deploy Marco ["OP16-014">OP16-014]
RZ1|237|2|OP16-014|1|1|2|2|1|1|0|0|0
RZ1|CHK|237|2|32|1|3|3|0|8|11|0|1|2
RZ1|238|2|Don|5|6|9|9900|1|1|0|0|0
RZ1|CHK|238|2|32|1|3|3|0|7|11|0|1|3
[Opponent] Attach 1 Don to Portgas D. Ace ["OP16-001">OP16-001] (1 Total)
[Opponent] Portgas D. Ace ["OP16-001">OP16-001] attacking Trafalgar Law ["OP13-031">OP13-031]
Portgas D. Ace ["OP16-001">OP16-001][6000] vs Trafalgar Law ["OP13-031">OP13-031][6000]
[You] Trafalgar Law ["OP13-031">OP13-031] Destroyed
RZ1|239|1|Don|9|100|5|0|1|1|1|0|0
RZ1|CHK|239|1|32|3|3|1|0|2|11|0|1|8
RZ1|240|1|Don|9|100|5|0|1|1|1|0|0
RZ1|CHK|240|1|32|3|3|1|0|3|11|0|1|7
RZ1|241|1|OP13-031|2|1|6|11|1|1|0|0|0
RZ1|CHK|241|1|32|3|2|1|0|3|12|0|1|7
[] Hand: [OP17-017]
[] Board: [OP16-011,OP17-005,OP16-014]
[] Trash: [OP16-014,OP17-006,OP16-004,ST23-001,OP17-006,OP17-017,ST23-001,OP16-021,OP16-118,OP13-016,OP16-015]
[] Life: 3
[] Hand: [OP08-036,OP01-055,OP13-031]
[] Trash: [OP12-023,OP06-033,OP17-031,ST32-002,OP06-033,ST32-001,OP07-022,OP12-023,OP06-033,OP07-022,OP06-038,OP13-031]
[] Board: [OP17-031,ST32-002]
[] Life: 1
[Opponent] End Turn
[] Hand: [OP08-036,OP01-055,OP13-031]
[] Board: [OP17-031,ST32-002]
[] Trash: [OP12-023,OP06-033,OP17-031,ST32-002,OP06-033,ST32-001,OP07-022,OP12-023,OP06-033,OP07-022,OP06-038,OP13-031]
[] Life: 1
[] Hand: [OP17-017]
[] Trash: [OP16-014,OP17-006,OP16-004,ST23-001,OP17-006,OP17-017,ST23-001,OP16-021,OP16-118,OP13-016,OP16-015]
[] Board: [OP16-011,OP17-005,OP16-014]
[] Life: 3
RZ1|242|1|Don|9|9900|5|0|1|1|1|0|0
RZ1|CHK|242|1|32|3|2|1|0|4|12|0|1|6
RZ1|243|1|Don|9|9900|5|0|1|1|1|0|0
RZ1|CHK|243|1|32|3|2|1|0|5|12|0|1|5
RZ1|244|1|Don|9|9900|5|0|1|1|1|0|0
RZ1|CHK|244|1|32|3|2|1|0|6|12|0|1|4
RZ1|245|1|Don|9|9900|5|0|1|1|1|0|0
RZ1|CHK|245|1|32|3|2|1|0|7|12|0|1|3
RZ1|246|1|Don|9|9900|5|0|1|1|1|0|0
RZ1|CHK|246|1|32|3|2|1|0|8|12|0|1|2
RZ1|247|1|Don|9|9900|5|0|1|1|1|0|0
RZ1|CHK|247|1|32|3|2|1|0|9|12|0|1|1
RZ1|248|1|Don|9|9900|5|0|1|1|1|0|0
RZ1|CHK|248|1|32|3|2|1|0|10|12|0|1|0
[You] Draw 1 Card
[] Drew card from deck: Yasopp ["OP17-031">OP17-031]
RZ1|249|1|OP17-031|0|31|1|3|1|1|0|0|0
RZ1|CHK|249|1|31|4|2|1|0|10|12|0|1|0
[You] Kouzuki Oden ["ST32-002">ST32-002] attacking Portgas D. Ace ["OP16-001">OP16-001]
[Opponent] Gurararararara! ["OP17-017">OP17-017]: Activate Counter
[Opponent] Gurararararara! ["OP17-017">OP17-017]: Rest 1 Don
RZ1|250|2|Don|5|6|5|6|1|1|1|0|0
RZ1|CHK|250|2|32|1|3|3|0|7|11|0|1|3
RZ1|251|2|OP17-017|1|0|6|11|1|1|0|0|0
RZ1|CHK|251|2|32|0|3|3|0|7|12|0|1|3
[Opponent] Gurararararara! ["OP17-017">OP17-017]: Buff Marco ["OP16-014">OP16-014] 2000 for the Combat
[Opponent] Gurararararara! ["OP17-017">OP17-017]: Buff Yasopp ["OP17-031">OP17-031] -2000
Kouzuki Oden ["ST32-002">ST32-002][6000] vs Portgas D. Ace ["OP16-001">OP16-001][5000]
Portgas D. Ace ["OP16-001">OP16-001] hit for 1 damage
RZ1|252|2|ST23-001|3|2|1|0|1|1|0|0|0
RZ1|CHK|252|2|32|1|3|2|0|7|12|0|1|3
[You] Dracule Mihawk ["OP14-020">OP14-020] attacking Portgas D. Ace ["OP16-001">OP16-001]
[Opponent] Discard Uta ["ST23-001">ST23-001] for Counter 2000
RZ1|253|2|ST23-001|1|0|6|12|1|1|0|0|0
RZ1|CHK|253|2|32|0|3|2|0|7|13|0|1|3
Dracule Mihawk ["OP14-020">OP14-020][5000] vs Portgas D. Ace ["OP16-001">OP16-001][7000]
Attack Fails
RZ1|254|1|Don|5|0|9|0|1|1|0|0|0
RZ1|CHK|254|1|31|4|2|1|0|9|12|0|1|1
[You] Attach 1 Don to Yasopp ["OP17-031">OP17-031] (1 Total)
[You] Yasopp ["OP17-031">OP17-031] attacking Portgas D. Ace ["OP16-001">OP16-001]
Yasopp ["OP17-031">OP17-031][5000] vs Portgas D. Ace ["OP16-001">OP16-001][5000]
Portgas D. Ace ["OP16-001">OP16-001] hit for 1 damage
RZ1|255|2|OP17-005|3|1|1|0|1|1|0|0|0
RZ1|CHK|255|2|32|1|3|1|0|7|13|0|1|3
RZ1|256|1|Don|5|0|5|0|1|1|1|0|0
RZ1|CHK|256|1|31|4|2|1|0|9|12|0|1|1
RZ1|257|1|Don|5|1|5|1|1|1|1|0|0
RZ1|CHK|257|1|31|4|2|1|0|9|12|0|1|1
RZ1|258|1|Don|5|2|5|2|1|1|1|0|0
RZ1|CHK|258|1|31|4|2|1|0|9|12|0|1|1
RZ1|259|1|Don|5|3|5|3|1|1|1|0|0
RZ1|CHK|259|1|31|4|2|1|0|9|12|0|1|1
RZ1|260|1|Don|5|4|5|4|1|1|1|0|0
RZ1|CHK|260|1|31|4|2|1|0|9|12|0|1|1
RZ1|261|1|Don|5|5|5|5|1|1|1|0|0
RZ1|CHK|261|1|31|4|2|1|0|9|12|0|1|1
[You] Deploy Trafalgar Law ["OP13-031">OP13-031]
RZ1|262|1|OP13-031|1|2|2|2|1|1|0|0|0
RZ1|CHK|262|1|31|3|3|1|0|9|12|0|1|1
[You] Trafalgar Law ["OP13-031">OP13-031]: Return Trafalgar Law ["OP13-031">OP13-031] to Hand
RZ1|263|1|OP13-031|2|2|1|3|1|1|0|0|0
RZ1|CHK|263|1|31|4|2|1|0|9|12|0|1|1
RZ1|264|1|OP17-031|1|2|2|2|1|1|1|0|0
RZ1|CHK|264|1|31|3|3|1|0|9|12|0|1|1
[You] Trafalgar Law ["OP13-031">OP13-031]: Deploy Yasopp ["OP17-031">OP17-031]
[] Drew card from deck: You Can Be My Samurai!!! ["OP01-055">OP01-055]
RZ1|265|1|OP01-055|0|30|1|3|1|1|0|0|0
RZ1|CHK|265|1|30|4|3|1|0|9|12|0|1|1
[You] Yasopp ["OP17-031">OP17-031]: Draw 1 Card
[You] Yasopp ["OP17-031">OP17-031]: Rest Marco ["OP16-014">OP16-014]
[You] Yasopp ["OP17-031">OP17-031]: Set Yasopp ["OP17-031">OP17-031] to Active
[You] Yasopp ["OP17-031">OP17-031]: Set Yasopp ["OP17-031">OP17-031] to Active
[] Hand: [OP08-036,OP01-055,OP13-031,OP01-055]
[] Board: [OP17-031,ST32-002,OP17-031]
[] Trash: [OP12-023,OP06-033,OP17-031,ST32-002,OP06-033,ST32-001,OP07-022,OP12-023,OP06-033,OP07-022,OP06-038,OP13-031]
[] Life: 1
[] Hand: [OP17-005]
[] Trash: [OP16-014,OP17-006,OP16-004,ST23-001,OP17-006,OP17-017,ST23-001,OP16-021,OP16-118,OP13-016,OP16-015,OP17-017,ST23-001]
[] Board: [OP16-011,OP17-005,OP16-014]
[] Life: 1
[You] End Turn
[] Hand: [OP17-005]
[] Board: [OP16-011,OP17-005,OP16-014]
[] Trash: [OP16-014,OP17-006,OP16-004,ST23-001,OP17-006,OP17-017,ST23-001,OP16-021,OP16-118,OP13-016,OP16-015,OP17-017,ST23-001]
[] Life: 1
[] Hand: [OP08-036,OP01-055,OP13-031,OP01-055]
[] Trash: [OP12-023,OP06-033,OP17-031,ST32-002,OP06-033,ST32-001,OP07-022,OP12-023,OP06-033,OP07-022,OP06-038,OP13-031]
[] Board: [OP17-031,ST32-002,OP17-031]
[] Life: 1
RZ1|266|2|Don|9|9900|5|0|1|1|1|0|0
RZ1|CHK|266|2|32|1|3|1|0|8|13|0|1|2
RZ1|267|2|Don|9|0|5|0|1|1|1|0|0
RZ1|CHK|267|2|32|1|3|1|0|9|13|0|1|1
RZ1|268|2|Don|9|100|5|0|1|1|1|0|0
RZ1|CHK|268|2|32|1|3|1|0|10|13|0|1|0
[Opponent] Draw 1 Card
[] Drew card from deck: Gurararararara! ["OP17-017">OP17-017]
RZ1|269|2|OP17-017|0|31|1|1|1|1|0|0|0
RZ1|CHK|269|2|31|2|3|1|0|10|13|0|1|0
[Opponent] Edward Newgate ["OP17-005">OP17-005] attacking Dracule Mihawk ["OP14-020">OP14-020]
Edward Newgate ["OP17-005">OP17-005][12000] vs Dracule Mihawk ["OP14-020">OP14-020][5000]
Dracule Mihawk ["OP14-020">OP14-020] hit for 1 damage
RZ1|270|1|OP13-040|3|0|1|4|1|1|0|0|0
RZ1|CHK|270|1|30|5|3|0|0|9|12|0|1|1
RZ1|271|2|Don|5|0|9|200|1|1|0|0|0
RZ1|CHK|271|2|31|2|3|1|0|9|13|0|1|1
[Opponent] Attach 1 Don to Marco ["OP16-014">OP16-014] (1 Total)
[Opponent] Marco ["OP16-014">OP16-014] attacking Dracule Mihawk ["OP14-020">OP14-020]
Marco ["OP16-014">OP16-014][9000] vs Dracule Mihawk ["OP14-020">OP14-020][5000]
Dracule Mihawk ["OP14-020">OP14-020] hit for 1 damage
[You] <b>Downloaded the Combat Log!</b>
GameOver