Version is 1.43a.1
[You] Leader is Dracule Mihawk ["OP14-020">OP14-020]
[Opponent] Leader is Krieg ["OP15-001">OP15-001]
RZ1|10|2|OP15-017|0|8|0|0|0|0|0|0|0
RZ1|CHK|10|2|50|0|0|0|10|0|0|0|1|0
RZ1|11|2|OP15-025|0|37|0|1|0|0|0|0|0
RZ1|CHK|11|2|50|0|0|0|10|0|0|0|1|0
RZ1|12|2|OP17-023|0|27|0|2|0|0|0|0|0
RZ1|CHK|12|2|50|0|0|0|10|0|0|0|1|0
RZ1|13|2|OP15-007|0|16|0|3|0|0|0|0|0
RZ1|CHK|13|2|50|0|0|0|10|0|0|0|1|0
RZ1|14|2|OP15-017|0|13|0|4|0|0|0|0|0
RZ1|CHK|14|2|50|0|0|0|10|0|0|0|1|0
RZ1|15|2|OP15-007|0|15|0|5|0|0|0|0|0
RZ1|CHK|15|2|50|0|0|0|10|0|0|0|1|0
RZ1|16|2|OP15-025|0|38|0|6|0|0|0|0|0
RZ1|CHK|16|2|50|0|0|0|10|0|0|0|1|0
RZ1|17|2|OP15-017|0|15|0|7|0|0|0|0|0
RZ1|CHK|17|2|50|0|0|0|10|0|0|0|1|0
RZ1|18|2|OP12-027|0|30|0|8|0|0|0|0|0
RZ1|CHK|18|2|50|0|0|0|10|0|0|0|1|0
RZ1|19|2|OP15-037|0|46|0|9|0|0|0|0|0
RZ1|CHK|19|2|50|0|0|0|10|0|0|0|1|0
RZ1|20|2|OP17-023|0|29|0|10|0|0|0|0|0
RZ1|CHK|20|2|50|0|0|0|10|0|0|0|1|0
RZ1|21|2|OP15-025|0|41|0|11|0|0|0|0|0
RZ1|CHK|21|2|50|0|0|0|10|0|0|0|1|0
RZ1|22|2|OP17-023|0|31|0|12|0|0|0|0|0
RZ1|CHK|22|2|50|0|0|0|10|0|0|0|1|0
RZ1|23|2|OP15-003|0|19|0|13|0|0|0|0|0
RZ1|CHK|23|2|50|0|0|0|10|0|0|0|1|0
RZ1|24|2|OP15-026|0|30|0|14|0|0|0|0|0
RZ1|CHK|24|2|50|0|0|0|10|0|0|0|1|0
RZ1|25|2|OP15-017|0|21|0|15|0|0|0|0|0
RZ1|CHK|25|2|50|0|0|0|10|0|0|0|1|0
RZ1|26|2|OP15-023|0|38|0|16|0|0|0|0|0
RZ1|CHK|26|2|50|0|0|0|10|0|0|0|1|0
RZ1|27|2|OP15-008|0|27|0|17|0|0|0|0|0
RZ1|CHK|27|2|50|0|0|0|10|0|0|0|1|0
RZ1|28|2|OP15-011|0|22|0|20|0|0|0|0|0
RZ1|CHK|28|2|50|0|0|0|10|0|0|0|1|0
RZ1|29|2|OP13-040|0|43|0|21|0|0|0|0|0
RZ1|CHK|29|2|50|0|0|0|10|0|0|0|1|0
RZ1|30|2|OP13-040|0|44|0|23|0|0|0|0|0
RZ1|CHK|30|2|50|0|0|0|10|0|0|0|1|0
RZ1|31|2|OP15-026|0|32|0|24|0|0|0|0|0
RZ1|CHK|31|2|50|0|0|0|10|0|0|0|1|0
RZ1|32|2|OP15-023|0|39|0|25|0|0|0|0|0
RZ1|CHK|32|2|50|0|0|0|10|0|0|0|1|0
RZ1|33|2|EB02-011|0|38|0|26|0|0|0|0|0
RZ1|CHK|33|2|50|0|0|0|10|0|0|0|1|0
RZ1|34|2|OP14-037|0|45|0|27|0|0|0|0|0
RZ1|CHK|34|2|50|0|0|0|10|0|0|0|1|0
RZ1|35|2|OP15-008|0|35|0|28|0|0|0|0|0
RZ1|CHK|35|2|50|0|0|0|10|0|0|0|1|0
RZ1|36|2|OP15-037|0|47|0|30|0|0|0|0|0
RZ1|CHK|36|2|50|0|0|0|10|0|0|0|1|0
RZ1|37|2|OP15-008|0|36|0|31|0|0|0|0|0
RZ1|CHK|37|2|50|0|0|0|10|0|0|0|1|0
RZ1|38|2|OP15-026|0|37|0|32|0|0|0|0|0
RZ1|CHK|38|2|50|0|0|0|10|0|0|0|1|0
RZ1|39|2|OP15-037|0|48|0|33|0|0|0|0|0
RZ1|CHK|39|2|50|0|0|0|10|0|0|0|1|0
RZ1|40|2|OP17-023|0|40|0|34|0|0|0|0|0
RZ1|CHK|40|2|50|0|0|0|10|0|0|0|1|0
RZ1|41|2|OP05-037|0|47|0|35|0|0|0|0|0
RZ1|CHK|41|2|50|0|0|0|10|0|0|0|1|0
RZ1|42|2|OP15-025|0|47|0|36|0|0|0|0|0
RZ1|CHK|42|2|50|0|0|0|10|0|0|0|1|0
RZ1|43|2|OP15-007|0|38|0|37|0|0|0|0|0
RZ1|CHK|43|2|50|0|0|0|10|0|0|0|1|0
RZ1|44|2|OP12-027|0|43|0|38|0|0|0|0|0
RZ1|CHK|44|2|50|0|0|0|10|0|0|0|1|0
RZ1|45|2|OP14-037|0|48|0|39|0|0|0|0|0
RZ1|CHK|45|2|50|0|0|0|10|0|0|0|1|0
RZ1|46|2|OP15-008|0|43|0|40|0|0|0|0|0
RZ1|CHK|46|2|50|0|0|0|10|0|0|0|1|0
RZ1|47|2|OP15-023|0|45|0|41|0|0|0|0|0
RZ1|CHK|47|2|50|0|0|0|10|0|0|0|1|0
RZ1|48|2|OP17-030|0|47|0|42|0|0|0|0|0
RZ1|CHK|48|2|50|0|0|0|10|0|0|0|1|0
RZ1|49|2|OP15-007|0|44|0|43|0|0|0|0|0
RZ1|CHK|49|2|50|0|0|0|10|0|0|0|1|0
RZ1|50|2|OP17-030|0|48|0|46|0|0|0|0|0
RZ1|CHK|50|2|50|0|0|0|10|0|0|0|1|0
RZ1|51|2|OP15-023|0|48|0|47|0|0|0|0|0
RZ1|CHK|51|2|50|0|0|0|10|0|0|0|1|0
RZ1|52|2|OP15-037|0|49|0|48|0|0|0|0|0
RZ1|CHK|52|2|50|0|0|0|10|0|0|0|1|0
[] Drew card from deck: Trafalgar Law ["OP13-031">OP13-031]
RZ1|53|1|OP13-031|0|49|1|0|1|1|0|0|0
RZ1|CHK|53|1|49|1|0|0|10|0|0|0|1|0
[] Drew card from deck: Vander Decken IX ["OP06-033">OP06-033]
RZ1|54|1|OP06-033|0|48|1|1|1|1|0|0|0
RZ1|CHK|54|1|48|2|0|0|10|0|0|0|1|0
[] Drew card from deck: Kin'emon ["ST32-001">ST32-001]
RZ1|55|1|ST32-001|0|47|1|2|1|1|0|0|0
RZ1|CHK|55|1|47|3|0|0|10|0|0|0|1|0
[] Drew card from deck: I Know You're Strong... So I'll Go All Out ["OP13-040">OP13-040]
RZ1|56|1|OP13-040|0|46|1|3|1|1|0|0|0
RZ1|CHK|56|1|46|4|0|0|10|0|0|0|1|0
[] Drew card from deck: I Know You're Strong... So I'll Go All Out ["OP13-040">OP13-040]
RZ1|57|1|OP13-040|0|45|1|4|1|1|0|0|0
RZ1|CHK|57|1|45|5|0|0|10|0|0|0|1|0
[] Drew card from deck: Jango ["OP15-026">OP15-026]
RZ1|58|2|OP15-026|0|49|1|0|1|1|0|0|0
RZ1|CHK|58|2|49|1|0|0|10|0|0|0|1|0
[] Drew card from deck: The Outcome Will Tell Us Who's Strong and Who's Weak ["OP15-037">OP15-037]
RZ1|59|2|OP15-037|0|48|1|1|1|1|0|0|0
RZ1|CHK|59|2|48|2|0|0|10|0|0|0|1|0
[] Drew card from deck: Arlong ["OP15-023">OP15-023]
RZ1|60|2|OP15-023|0|47|1|2|1|1|0|0|0
RZ1|CHK|60|2|47|3|0|0|10|0|0|0|1|0
[] Drew card from deck: Monkey D. Luffy ["OP17-030">OP17-030]
RZ1|61|2|OP17-030|0|46|1|3|1|1|0|0|0
RZ1|CHK|61|2|46|4|0|0|10|0|0|0|1|0
[] Drew card from deck: Zeff ["EB04-004">EB04-004]
RZ1|62|2|EB04-004|0|45|1|4|1|1|0|0|0
RZ1|CHK|62|2|45|5|0|0|10|0|0|0|1|0
RZ1|63|1|OP13-031|0|44|3|0|1|0|0|0|0
RZ1|CHK|63|1|44|5|0|1|10|0|0|0|1|0
RZ1|64|1|OP01-055|0|43|3|1|1|0|0|0|0
RZ1|CHK|64|1|43|5|0|2|10|0|0|0|1|0
RZ1|65|1|OP17-022|0|42|3|2|1|0|0|0|0
RZ1|CHK|65|1|42|5|0|3|10|0|0|0|1|0
RZ1|66|1|OP17-022|0|41|3|3|1|0|0|0|0
RZ1|CHK|66|1|41|5|0|4|10|0|0|0|1|0
RZ1|67|1|ST32-002|0|40|3|4|1|0|0|0|0
RZ1|CHK|67|1|40|5|0|5|10|0|0|0|1|0
RZ1|68|2|OP15-003|0|44|3|0|0|1|0|0|0
RZ1|CHK|68|2|44|5|0|1|10|0|0|0|1|0
RZ1|69|2|OP15-007|0|43|3|1|0|1|0|0|0
RZ1|CHK|69|2|43|5|0|2|10|0|0|0|1|0
RZ1|70|2|OP17-030|0|42|3|2|0|1|0|0|0
RZ1|CHK|70|2|42|5|0|3|10|0|0|0|1|0
RZ1|71|2|OP15-023|0|41|3|3|0|1|0|0|0
RZ1|CHK|71|2|41|5|0|4|10|0|0|0|1|0
[] Hand: [OP13-031,OP06-033,ST32-001,OP13-040,OP13-040]
[] Board: []
[] Trash: []
[] Life: 5
[] Hand: [OP15-026,OP15-037,OP15-023,OP17-030,EB04-004]
[] Trash: []
[] Board: []
[] Life: 4
RZ1|72|1|Don|4|9|5|0|1|1|0|0|0
RZ1|CHK|72|1|40|5|0|5|9|1|0|0|1|0
[You] Draw 1 Don
RZ1|73|1|Don|5|0|5|0|1|1|1|0|0
RZ1|CHK|73|1|40|5|0|5|9|1|0|0|1|0
[You] Deploy Kin'emon ["ST32-001">ST32-001]
RZ1|74|1|ST32-001|1|2|2|0|1|1|0|0|0
RZ1|CHK|74|1|40|4|1|5|9|1|0|0|1|0
[You] Kin'emon ["ST32-001">ST32-001]: Rest Dracule Mihawk ["OP14-020">OP14-020]
[] Drew card from deck: Kin'emon ["ST32-001">ST32-001]
RZ1|75|1|ST32-001|0|39|1|4|1|1|0|0|0
RZ1|CHK|75|1|39|5|1|5|9|1|0|0|1|0
[] Drew card from deck: Vander Decken IX ["OP06-033">OP06-033]
RZ1|76|1|OP06-033|0|38|1|5|1|1|0|0|0
RZ1|CHK|76|1|38|6|1|5|9|1|0|0|1|0
[You] Kin'emon ["ST32-001">ST32-001]: Draw 2 Card
RZ1|77|1|OP06-033|1|1|6|0|1|1|0|0|0
RZ1|CHK|77|1|38|5|1|5|9|1|1|0|1|0
[You] Kin'emon ["ST32-001">ST32-001]: Trash Vander Decken IX ["OP06-033">OP06-033]
[] Hand: [OP13-031,OP13-040,OP13-040,ST32-001,OP06-033]
[] Board: [ST32-001]
[] Trash: [OP06-033]
[] Life: 5
[] Hand: [OP15-026,OP15-037,OP15-023,OP17-030,EB04-004]
[] Trash: []
[] Board: []
[] Life: 4
[You] End Turn
[] Hand: [OP15-026,OP15-037,OP15-023,OP17-030,EB04-004]
[] Board: []
[] Trash: []
[] Life: 4
[] Hand: [OP13-031,OP13-040,OP13-040,ST32-001,OP06-033]
[] Trash: [OP06-033]
[] Board: [ST32-001]
[] Life: 5
[Opponent] Draw 1 Card
[] Drew card from deck: Krieg ["OP15-008">OP15-008]
RZ1|78|2|OP15-008|0|40|1|5|1|1|0|0|0
RZ1|CHK|78|2|40|6|0|4|10|0|0|0|1|0
RZ1|79|2|Don|4|9|5|0|1|1|0|0|0
RZ1|CHK|79|2|40|6|0|4|9|1|0|0|1|0
RZ1|80|2|Don|4|8|5|1|1|1|0|0|0
RZ1|CHK|80|2|40|6|0|4|8|2|0|0|1|0
[Opponent] Draw 2 Don
RZ1|81|2|Don|5|0|5|0|1|1|1|0|0
RZ1|CHK|81|2|40|6|0|4|8|2|0|0|1|0
[Opponent] Deploy Jango ["OP15-026">OP15-026]
RZ1|82|2|OP15-026|1|0|2|0|1|1|0|0|0
RZ1|CHK|82|2|40|5|1|4|8|2|0|0|1|0
RZ1|83|2|OP14-037|0|39|1|5|1|1|0|0|0
RZ1|CHK|83|2|39|6|1|4|8|2|0|0|1|0
[Opponent] Jango ["OP15-026">OP15-026]: <b>Reveal and Draw For Fun ["OP14-037">OP14-037]</b>
[Opponent] Placing Cards on Bottom of Deck
RZ1|84|2|OP12-027|0|38|0|0|0|0|0|0|0
RZ1|CHK|84|2|39|6|1|4|8|2|0|0|1|0
RZ1|85|2|OP15-007|0|38|0|0|0|0|0|0|0
RZ1|CHK|85|2|39|6|1|4|8|2|0|0|1|0
RZ1|86|2|Don|5|1|9|9900|1|1|0|0|0
RZ1|CHK|86|2|39|6|1|4|8|1|0|0|1|1
[Opponent] Attach 1 Don to Krieg ["OP15-001">OP15-001] (1 Total)
[] Hand: [OP15-037,OP15-023,OP17-030,EB04-004,OP15-008,OP14-037]
[] Board: [OP15-026]
[] Trash: []
[] Life: 4
[] Hand: [OP13-031,OP13-040,OP13-040,ST32-001,OP06-033]
[] Trash: [OP06-033]
[] Board: [ST32-001]
[] Life: 5
[Opponent] End Turn
[] Hand: [OP13-031,OP13-040,OP13-040,ST32-001,OP06-033]
[] Board: [ST32-001]
[] Trash: [OP06-033]
[] Life: 5
[] Hand: [OP15-037,OP15-023,OP17-030,EB04-004,OP15-008,OP14-037]
[] Trash: []
[] Board: [OP15-026]
[] Life: 4
[You] Draw 1 Card
[] Drew card from deck: Kouzuki Oden ["ST32-002">ST32-002]
RZ1|87|1|ST32-002|0|37|1|5|1|1|0|0|0
RZ1|CHK|87|1|37|6|1|5|9|1|1|0|1|0
RZ1|88|1|Don|4|8|5|1|1|1|0|0|0
RZ1|CHK|88|1|37|6|1|5|8|2|1|0|1|0
RZ1|89|1|Don|4|7|5|2|1|1|0|0|0
RZ1|CHK|89|1|37|6|1|5|7|3|1|0|1|0
[You] Draw 2 Don
[You] Dracule Mihawk ["OP14-020">OP14-020] attacking Krieg ["OP15-001">OP15-001]
Dracule Mihawk ["OP14-020">OP14-020][6000] vs Krieg ["OP15-001">OP15-001][5000]
Krieg ["OP15-001">OP15-001] hit for 1 damage
RZ1|90|2|OP15-023|3|3|1|6|1|1|0|0|0
RZ1|CHK|90|2|39|7|1|3|8|1|0|0|1|1
RZ1|91|1|Don|5|0|5|0|1|1|1|0|0
RZ1|CHK|91|1|37|6|1|5|7|3|1|0|1|0
RZ1|92|1|Don|5|1|5|1|1|1|1|0|0
RZ1|CHK|92|1|37|6|1|5|7|3|1|0|1|0
[You] Deploy Vander Decken IX ["OP06-033">OP06-033]
RZ1|93|1|OP06-033|1|4|2|1|1|1|0|-2000|0
RZ1|CHK|93|1|37|5|2|5|7|3|1|0|1|0
RZ1|94|1|Don|5|2|5|2|1|1|1|0|0
RZ1|CHK|94|1|37|5|2|5|7|3|1|0|1|0
[You] Deploy Kin'emon ["ST32-001">ST32-001]
RZ1|95|1|ST32-001|1|3|2|2|1|1|0|-2000|0
RZ1|CHK|95|1|37|4|3|5|7|3|1|0|1|0
[] Hand: [OP13-031,OP13-040,OP13-040,ST32-002]
[] Board: [ST32-001,OP06-033,ST32-001]
[] Trash: [OP06-033]
[] Life: 5
[] Hand: [OP15-037,OP15-023,OP17-030,EB04-004,OP15-008,OP14-037,OP15-023]
[] Trash: []
[] Board: [OP15-026]
[] Life: 3
[You] End Turn
[] Hand: [OP15-037,OP15-023,OP17-030,EB04-004,OP15-008,OP14-037,OP15-023]
[] Board: [OP15-026]
[] Trash: []
[] Life: 3
[] Hand: [OP13-031,OP13-040,OP13-040,ST32-002]
[] Trash: [OP06-033]
[] Board: [ST32-001,OP06-033,ST32-001]
[] Life: 5
RZ1|96|2|Don|9|9900|5|0|1|1|1|0|0
RZ1|CHK|96|2|39|7|1|3|8|2|0|0|1|0
[Opponent] Draw 1 Card
[] Drew card from deck: Kuro ["OP15-025">OP15-025]
RZ1|97|2|OP15-025|0|38|1|7|1|1|0|0|0
RZ1|CHK|97|2|38|8|1|3|8|2|0|0|1|0
RZ1|98|2|Don|4|7|5|2|1|1|0|0|0
RZ1|CHK|98|2|38|8|1|3|7|3|0|0|1|0
RZ1|99|2|Don|4|6|5|3|1|1|0|0|0
RZ1|CHK|99|2|38|8|1|3|6|4|0|0|1|0
[Opponent] Draw 2 Don
RZ1|100|2|Don|5|0|5|0|1|1|1|0|0
RZ1|CHK|100|2|38|8|1|3|6|4|0|0|1|0
RZ1|101|2|Don|5|1|5|1|1|1|1|0|0
RZ1|CHK|101|2|38|8|1|3|6|4|0|0|1|0
RZ1|102|2|Don|5|2|5|2|1|1|1|0|0
RZ1|CHK|102|2|38|8|1|3|6|4|0|0|1|0
RZ1|103|2|Don|5|3|5|3|1|1|1|0|0
RZ1|CHK|103|2|38|8|1|3|6|4|0|0|1|0
[Opponent] Deploy Monkey D. Luffy ["OP17-030">OP17-030]
RZ1|104|2|OP17-030|1|2|2|1|1|1|0|0|0
RZ1|CHK|104|2|38|7|2|3|6|4|0|0|1|0
RZ1|105|2|OP15-026|2|0|6|0|1|1|0|0|0
RZ1|CHK|105|2|38|7|1|3|6|4|1|0|1|0
[Opponent] Jango ["OP15-026">OP15-026]: Trash Jango ["OP15-026">OP15-026]
[Opponent] Jango ["OP15-026">OP15-026]: Attach 1 Rested Don to Vander Decken IX ["OP06-033">OP06-033]
RZ1|106|1|Don|5|0|9|100|1|1|1|0|0
RZ1|CHK|106|1|37|4|3|5|7|2|1|0|1|1
[] Hand: [OP15-037,OP15-023,EB04-004,OP15-008,OP14-037,OP15-023,OP15-025]
[] Board: [OP17-030]
[] Trash: [OP15-026]
[] Life: 3
[] Hand: [OP13-031,OP13-040,OP13-040,ST32-002]
[] Trash: [OP06-033]
[] Board: [ST32-001,OP06-033,ST32-001]
[] Life: 5
[Opponent] End Turn
[] Hand: [OP13-031,OP13-040,OP13-040,ST32-002]
[] Board: [ST32-001,OP06-033,ST32-001]
[] Trash: [OP06-033]
[] Life: 5
[] Hand: [OP15-037,OP15-023,EB04-004,OP15-008,OP14-037,OP15-023,OP15-025]
[] Trash: [OP15-026]
[] Board: [OP17-030]
[] Life: 3
RZ1|107|1|Don|9|100|5|0|1|1|1|0|0
RZ1|CHK|107|1|37|4|3|5|7|3|1|0|1|0
[You] Draw 1 Card
[] Drew card from deck: Coffin Boat ["OP14-039">OP14-039]
RZ1|108|1|OP14-039|0|36|1|4|1|1|0|0|0
RZ1|CHK|108|1|36|5|3|5|7|3|1|0|1|0
RZ1|109|1|Don|4|6|5|3|1|1|0|0|0
RZ1|CHK|109|1|36|5|3|5|6|4|1|0|1|0
RZ1|110|1|Don|4|5|5|4|1|1|0|0|0
RZ1|CHK|110|1|36|5|3|5|5|5|1|0|1|0
[You] Draw 2 Don
[You] Dracule Mihawk ["OP14-020">OP14-020] attacking Krieg ["OP15-001">OP15-001]
Dracule Mihawk ["OP14-020">OP14-020][6000] vs Krieg ["OP15-001">OP15-001][5000]
Krieg ["OP15-001">OP15-001] hit for 1 damage
RZ1|111|2|OP17-030|3|2|1|7|1|1|0|0|0
RZ1|CHK|111|2|38|8|1|2|6|4|1|0|1|0
RZ1|112|1|Don|5|0|9|0|1|1|0|0|0
RZ1|CHK|112|1|36|5|3|5|5|4|1|0|1|1
RZ1|113|1|Don|5|0|9|1|1|1|0|0|0
RZ1|CHK|113|1|36|5|3|5|5|3|1|0|1|2
RZ1|114|1|Don|5|0|9|2|1|1|0|0|0
RZ1|CHK|114|1|36|5|3|5|5|2|1|0|1|3
[You] Attach 3 Don to Kin'emon ["ST32-001">ST32-001] (3 Total)
[You] Kin'emon ["ST32-001">ST32-001] attacking Krieg ["OP15-001">OP15-001]
[Opponent] Discard Arlong ["OP15-023">OP15-023] for Counter 1000
RZ1|115|2|OP15-023|1|1|6|1|1|1|0|0|0
RZ1|CHK|115|2|38|7|1|2|6|4|2|0|1|0
Kin'emon ["ST32-001">ST32-001][5000] vs Krieg ["OP15-001">OP15-001][6000]
Attack Fails
RZ1|116|1|Don|5|0|5|0|1|1|1|0|0
RZ1|CHK|116|1|36|5|3|5|5|2|1|0|1|3
[You] Deploy Coffin Boat ["OP14-039">OP14-039]
RZ1|117|1|OP14-039|1|4|7|0|1|1|0|0|0
RZ1|CHK|117|1|36|4|3|5|5|2|1|1|1|3
[] Drew card from deck: Yasopp ["OP17-031">OP17-031]
RZ1|118|1|OP17-031|0|35|1|4|1|1|0|0|0
RZ1|CHK|118|1|35|5|3|5|5|2|1|1|1|3
[You] Coffin Boat ["OP14-039">OP14-039]: Draw 1 Card
[You] Coffin Boat ["OP14-039">OP14-039]: Activate 1 Don
RZ1|119|1|Don|5|0|5|0|1|1|0|0|0
RZ1|CHK|119|1|35|5|3|5|5|2|1|1|1|3
[] Hand: [OP13-031,OP13-040,OP13-040,ST32-002,OP17-031]
[] Board: [ST32-001,OP06-033,ST32-001]
[] Trash: [OP06-033]
[] Life: 5
[] Hand: [OP15-037,EB04-004,OP15-008,OP14-037,OP15-023,OP15-025,OP17-030]
[] Trash: [OP15-026,OP15-023]
[] Board: [OP17-030]
[] Life: 2
[You] End Turn
[] Hand: [OP15-037,EB04-004,OP15-008,OP14-037,OP15-023,OP15-025,OP17-030]
[] Board: [OP17-030]
[] Trash: [OP15-026,OP15-023]
[] Life: 2
[] Hand: [OP13-031,OP13-040,OP13-040,ST32-002,OP17-031]
[] Trash: [OP06-033]
[] Board: [ST32-001,OP06-033,ST32-001]
[] Life: 5
[Opponent] Draw 1 Card
[] Drew card from deck: Whoever Wins This War Becomes Justice!! ["OP05-037">OP05-037]
RZ1|120|2|OP05-037|0|37|1|7|1|1|0|0|0
RZ1|CHK|120|2|37|8|1|2|6|4|2|0|1|0
RZ1|121|2|Don|4|5|5|4|1|1|0|0|0
RZ1|CHK|121|2|37|8|1|2|5|5|2|0|1|0
RZ1|122|2|Don|4|4|5|5|1|1|0|0|0
RZ1|CHK|122|2|37|8|1|2|4|6|2|0|1|0
[Opponent] Draw 2 Don
RZ1|123|2|Don|5|0|5|0|1|1|1|0|0
RZ1|CHK|123|2|37|8|1|2|4|6|2|0|1|0
RZ1|124|2|Don|5|1|5|1|1|1|1|0|0
RZ1|CHK|124|2|37|8|1|2|4|6|2|0|1|0
RZ1|125|2|Don|5|2|5|2|1|1|1|0|0
RZ1|CHK|125|2|37|8|1|2|4|6|2|0|1|0
RZ1|126|2|Don|5|3|5|3|1|1|1|0|0
RZ1|CHK|126|2|37|8|1|2|4|6|2|0|1|0
[Opponent] Deploy Arlong ["OP15-023">OP15-023]
RZ1|127|2|OP15-023|1|4|2|1|1|1|0|0|0
RZ1|CHK|127|2|37|7|2|2|4|6|2|0|1|0
RZ1|128|2|Don|5|4|9|9900|1|1|0|0|0
RZ1|CHK|128|2|37|7|2|2|4|5|2|0|1|1
[Opponent] Attach 1 Don to Krieg ["OP15-001">OP15-001] (1 Total)
[Opponent] Krieg ["OP15-001">OP15-001] attacking Dracule Mihawk ["OP14-020">OP14-020]
[You] I Know You're Strong... So I'll Go All Out ["OP13-040">OP13-040]: Activate Counter
[You] I Know You're Strong... So I'll Go All Out ["OP13-040">OP13-040]: Rest 1 Don
RZ1|129|1|Don|5|0|5|0|1|1|1|0|0
RZ1|CHK|129|1|35|5|3|5|5|2|1|1|1|3
RZ1|130|1|OP13-040|1|1|6|1|1|1|0|0|0
RZ1|CHK|130|1|35|4|3|5|5|2|2|1|1|3
[You] I Know You're Strong... So I'll Go All Out ["OP13-040">OP13-040]: Buff Dracule Mihawk ["OP14-020">OP14-020] 3000 for the Combat
Krieg ["OP15-001">OP15-001][6000] vs Dracule Mihawk ["OP14-020">OP14-020][9000]
Attack Fails
[Opponent] The Outcome Will Tell Us Who's Strong and Who's Weak ["OP15-037">OP15-037]: Rest 1 Don
RZ1|131|2|Don|5|4|5|4|1|1|1|0|0
RZ1|CHK|131|2|37|7|2|2|4|5|2|0|1|1
RZ1|132|2|OP15-037|1|0|6|2|1|1|0|0|0
RZ1|CHK|132|2|37|6|2|2|4|5|3|0|1|1
RZ1|133|2|OP17-023|0|36|1|6|1|1|0|0|0
RZ1|CHK|133|2|36|7|2|2|4|5|3|0|1|1
[Opponent] The Outcome Will Tell Us Who's Strong and Who's Weak ["OP15-037">OP15-037]: <b>Reveal and Draw Nami ["OP17-023">OP17-023]</b>
[Opponent] Placing Cards on Bottom of Deck
RZ1|134|2|OP15-037|0|35|0|0|0|0|0|0|0
RZ1|CHK|134|2|36|7|2|2|4|5|3|0|1|1
RZ1|135|2|OP15-026|0|35|0|0|0|0|0|0|0
RZ1|CHK|135|2|36|7|2|2|4|5|3|0|1|1
RZ1|136|2|OP15-008|0|35|0|0|0|0|0|0|0
RZ1|CHK|136|2|36|7|2|2|4|5|3|0|1|1
RZ1|137|2|OP15-037|0|35|0|0|0|0|0|0|0
RZ1|CHK|137|2|36|7|2|2|4|5|3|0|1|1
[Opponent] Arlong ["OP15-023">OP15-023]: Attach 1 Rested Don to Vander Decken IX ["OP06-033">OP06-033]
RZ1|138|1|Don|5|0|9|100|1|1|1|0|0
RZ1|CHK|138|1|35|4|3|5|5|1|2|1|1|4
[Opponent] Monkey D. Luffy ["OP17-030">OP17-030] attacking Kin'emon ["ST32-001">ST32-001]
[You] I Know You're Strong... So I'll Go All Out ["OP13-040">OP13-040]: Activate Counter
[You] I Know You're Strong... So I'll Go All Out ["OP13-040">OP13-040]: Rest 1 Don
RZ1|139|1|Don|5|0|5|0|1|1|1|0|0
RZ1|CHK|139|1|35|4|3|5|5|1|2|1|1|4
RZ1|140|1|OP13-040|1|1|6|2|1|1|0|0|0
RZ1|CHK|140|1|35|3|3|5|5|1|3|1|1|4
[You] I Know You're Strong... So I'll Go All Out ["OP13-040">OP13-040]: Buff Dracule Mihawk ["OP14-020">OP14-020] 3000 for the Combat
Monkey D. Luffy ["OP17-030">OP17-030][5000] vs Kin'emon ["ST32-001">ST32-001][2000]
[You] Kin'emon ["ST32-001">ST32-001] Destroyed
RZ1|141|1|Don|9|0|5|0|1|1|1|0|0
RZ1|CHK|141|1|35|3|3|5|5|2|3|1|1|3
RZ1|142|1|Don|9|0|5|0|1|1|1|0|0
RZ1|CHK|142|1|35|3|3|5|5|3|3|1|1|2
RZ1|143|1|Don|9|0|5|0|1|1|1|0|0
RZ1|CHK|143|1|35|3|3|5|5|4|3|1|1|1
RZ1|144|1|ST32-001|2|0|6|3|1|1|0|0|0
RZ1|CHK|144|1|35|3|2|5|5|4|4|1|1|1
[] Hand: [EB04-004,OP15-008,OP14-037,OP15-025,OP17-030,OP05-037,OP17-023]
[] Board: [OP17-030,OP15-023]
[] Trash: [OP15-026,OP15-023,OP15-037]
[] Life: 2
[] Hand: [OP13-031,ST32-002,OP17-031]
[] Trash: [OP06-033,OP13-040,OP13-040,ST32-001]
[] Board: [OP06-033,ST32-001]
[] Life: 5
[Opponent] End Turn
[] Hand: [OP13-031,ST32-002,OP17-031]
[] Board: [OP06-033,ST32-001]
[] Trash: [OP06-033,OP13-040,OP13-040,ST32-001]
[] Life: 5
[] Hand: [EB04-004,OP15-008,OP14-037,OP15-025,OP17-030,OP05-037,OP17-023]
[] Trash: [OP15-026,OP15-023,OP15-037]
[] Board: [OP17-030,OP15-023]
[] Life: 2
RZ1|145|1|Don|9|0|5|0|1|1|1|0|0
RZ1|CHK|145|1|35|3|2|5|5|5|4|1|1|0
[You] Draw 1 Card
[] Drew card from deck: Trafalgar Law ["OP13-031">OP13-031]
RZ1|146|1|OP13-031|0|34|1|3|1|1|0|0|0
RZ1|CHK|146|1|34|4|2|5|5|5|4|1|1|0
RZ1|147|1|Don|4|4|5|5|1|1|0|0|0
RZ1|CHK|147|1|34|4|2|5|4|6|4|1|1|0
RZ1|148|1|Don|4|3|5|6|1|1|0|0|0
RZ1|CHK|148|1|34|4|2|5|3|7|4|1|1|0
[You] Draw 2 Don
RZ1|149|1|Don|5|0|5|0|1|1|1|0|0
RZ1|CHK|149|1|34|4|2|5|3|7|4|1|1|0
RZ1|150|1|Don|5|1|5|1|1|1|1|0|0
RZ1|CHK|150|1|34|4|2|5|3|7|4|1|1|0
RZ1|151|1|Don|5|2|5|2|1|1|1|0|0
RZ1|CHK|151|1|34|4|2|5|3|7|4|1|1|0
RZ1|152|1|Don|5|3|5|3|1|1|1|0|0
RZ1|CHK|152|1|34|4|2|5|3|7|4|1|1|0
RZ1|153|1|Don|5|4|5|4|1|1|1|0|0
RZ1|CHK|153|1|34|4|2|5|3|7|4|1|1|0
RZ1|154|1|Don|5|5|5|5|1|1|1|0|0
RZ1|CHK|154|1|34|4|2|5|3|7|4|1|1|0
[You] Deploy Trafalgar Law ["OP13-031">OP13-031]
RZ1|155|1|OP13-031|1|0|2|2|1|1|0|-2000|0
RZ1|CHK|155|1|34|3|3|5|3|7|4|1|1|0
[You] Trafalgar Law ["OP13-031">OP13-031]: Return Kin'emon ["ST32-001">ST32-001] to Hand
RZ1|156|1|ST32-001|2|1|1|3|1|1|0|0|0
RZ1|CHK|156|1|34|4|2|5|3|7|4|1|1|0
RZ1|157|1|OP17-031|1|1|2|2|1|1|1|-2000|0
RZ1|CHK|157|1|34|3|3|5|3|7|4|1|1|0
[You] Trafalgar Law ["OP13-031">OP13-031]: Deploy Yasopp ["OP17-031">OP17-031]
[] Drew card from deck: Coffin Boat ["OP14-039">OP14-039]
RZ1|158|1|OP14-039|0|33|1|3|1|1|0|0|0
RZ1|CHK|158|1|33|4|3|5|3|7|4|1|1|0
[You] Yasopp ["OP17-031">OP17-031]: Draw 1 Card
[You] Yasopp ["OP17-031">OP17-031]: Rest Arlong ["OP15-023">OP15-023]
[You] Dracule Mihawk ["OP14-020">OP14-020]: Rest Vander Decken IX ["OP06-033">OP06-033]
[You] Dracule Mihawk ["OP14-020">OP14-020]: Activate 1 Don
RZ1|159|1|Don|5|5|5|5|1|1|0|0|0
RZ1|CHK|159|1|33|4|3|5|3|7|4|1|1|0
[You] Dracule Mihawk ["OP14-020">OP14-020]: Activate 1 Don
RZ1|160|1|Don|5|4|5|4|1|1|0|0|0
RZ1|CHK|160|1|33|4|3|5|3|7|4|1|1|0
[You] Dracule Mihawk ["OP14-020">OP14-020]: Activate 1 Don
RZ1|161|1|Don|5|3|5|3|1|1|0|0|0
RZ1|CHK|161|1|33|4|3|5|3|7|4|1|1|0
[You] Dracule Mihawk ["OP14-020">OP14-020]: Can't play Cost 1 Or More Characters for the Turn!
RZ1|162|1|Don|5|3|9|9900|1|1|0|0|0
RZ1|CHK|162|1|33|4|3|5|3|6|4|1|1|1
[You] Attach 1 Don to Dracule Mihawk ["OP14-020">OP14-020] (1 Total)
[You] Dracule Mihawk ["OP14-020">OP14-020] attacking Krieg ["OP15-001">OP15-001]
RZ1|163|2|OP17-030|1|4|6|3|1|1|0|0|0
RZ1|CHK|163|2|36|6|2|2|4|5|4|0|1|1
[Opponent] Trash Monkey D. Luffy ["OP17-030">OP17-030]
RZ1|164|2|OP05-037|1|4|6|4|1|1|0|0|0
RZ1|CHK|164|2|36|5|2|2|4|5|5|0|1|1
[Opponent] Whoever Wins This War Becomes Justice!! ["OP05-037">OP05-037]: Counter 3000
Dracule Mihawk ["OP14-020">OP14-020][7000] vs Krieg ["OP15-001">OP15-001][8000]
Attack Fails
[You] Yasopp ["OP17-031">OP17-031]: Set Yasopp ["OP17-031">OP17-031] to Active
[You] Coffin Boat ["OP14-039">OP14-039]: Activate 1 Don
RZ1|165|1|Don|5|2|5|2|1|1|0|0|0
RZ1|CHK|165|1|33|4|3|5|3|6|4|1|1|1
[] Hand: [ST32-002,OP13-031,ST32-001,OP14-039]
[] Board: [OP06-033,OP13-031,OP17-031]
[] Trash: [OP06-033,OP13-040,OP13-040,ST32-001]
[] Life: 5
[] Hand: [EB04-004,OP15-008,OP14-037,OP15-025,OP17-023]
[] Trash: [OP15-026,OP15-023,OP15-037,OP17-030,OP05-037]
[] Board: [OP17-030,OP15-023]
[] Life: 2
[You] End Turn
[] Hand: [EB04-004,OP15-008,OP14-037,OP15-025,OP17-023]
[] Board: [OP17-030,OP15-023]
[] Trash: [OP15-026,OP15-023,OP15-037,OP17-030,OP05-037]
[] Life: 2
[] Hand: [ST32-002,OP13-031,ST32-001,OP14-039]
[] Trash: [OP06-033,OP13-040,OP13-040,ST32-001]
[] Board: [OP06-033,OP13-031,OP17-031]
[] Life: 5
RZ1|166|2|Don|9|9900|5|0|1|1|1|0|0
RZ1|CHK|166|2|36|5|2|2|4|6|5|0|1|0
[Opponent] Draw 1 Card
[] Drew card from deck: Koby ["OP15-009">OP15-009]
RZ1|167|2|OP15-009|0|35|1|5|1|1|0|0|0
RZ1|CHK|167|2|35|6|2|2|4|6|5|0|1|0
RZ1|168|2|Don|4|3|5|6|1|1|0|0|0
RZ1|CHK|168|2|35|6|2|2|3|7|5|0|1|0
RZ1|169|2|Don|4|2|5|7|1|1|0|0|0
RZ1|CHK|169|2|35|6|2|2|2|8|5|0|1|0
[Opponent] Draw 2 Don
RZ1|170|2|Don|5|0|9|100|1|1|0|0|0
RZ1|CHK|170|2|35|6|2|2|2|7|5|0|1|1
RZ1|171|2|Don|5|0|9|101|1|1|0|0|0
RZ1|CHK|171|2|35|6|2|2|2|6|5|0|1|2
[Opponent] Attach 2 Don to Arlong ["OP15-023">OP15-023] (2 Total)
[Opponent] Arlong ["OP15-023">OP15-023] attacking Dracule Mihawk ["OP14-020">OP14-020]
[You] Discard Kouzuki Oden ["ST32-002">ST32-002] for Counter 1000
RZ1|172|1|ST32-002|1|0|6|4|1|1|0|0|0
RZ1|CHK|172|1|33|3|3|5|3|6|5|1|1|1
[You] Discard Kin'emon ["ST32-001">ST32-001] for Counter 1000
RZ1|173|1|ST32-001|1|1|6|5|1|1|0|0|0
RZ1|CHK|173|1|33|2|3|5|3|6|6|1|1|1
Arlong ["OP15-023">OP15-023][7000] vs Dracule Mihawk ["OP14-020">OP14-020][8000]
Attack Fails
[Opponent] For Fun ["OP14-037">OP14-037]: Rest 1 Don
RZ1|174|2|Don|5|0|5|0|1|1|1|0|0
RZ1|CHK|174|2|35|6|2|2|2|6|5|0|1|2
RZ1|175|2|OP14-037|1|2|6|5|1|1|0|0|0
RZ1|CHK|175|2|35|5|2|2|2|6|6|0|1|2
[Opponent] Monkey D. Luffy ["OP17-030">OP17-030]: Activate 1 Don
RZ1|176|2|Don|5|0|5|0|1|1|0|0|0
RZ1|CHK|176|2|35|5|2|2|2|6|6|0|1|2
RZ1|177|2|Don|5|0|9|9900|1|1|0|0|0
RZ1|CHK|177|2|35|5|2|2|2|5|6|0|1|3
[Opponent] Attach 1 Don to Krieg ["OP15-001">OP15-001] (1 Total)
RZ1|178|2|Don|5|0|9|9901|1|1|0|0|0
RZ1|CHK|178|2|35|5|2|2|2|4|6|0|1|4
RZ1|179|2|Don|5|0|9|9902|1|1|0|0|0
RZ1|CHK|179|2|35|5|2|2|2|3|6|0|1|5
[Opponent] Attach 2 Don to Krieg ["OP15-001">OP15-001] (3 Total)
RZ1|180|2|Don|5|0|9|9903|1|1|0|0|0
RZ1|CHK|180|2|35|5|2|2|2|2|6|0|1|6
RZ1|181|2|Don|5|0|9|9904|1|1|0|0|0
RZ1|CHK|181|2|35|5|2|2|2|1|6|0|1|7
[Opponent] Attach 2 Don to Krieg ["OP15-001">OP15-001] (5 Total)
[] Hand: [EB04-004,OP15-008,OP15-025,OP17-023,OP15-009]
[] Board: [OP17-030,OP15-023]
[] Trash: [OP15-026,OP15-023,OP15-037,OP17-030,OP05-037,OP14-037]
[] Life: 2
[] Hand: [OP13-031,OP14-039]
[] Trash: [OP06-033,OP13-040,OP13-040,ST32-001,ST32-002,ST32-001]
[] Board: [OP06-033,OP13-031,OP17-031]
[] Life: 5
[Opponent] End Turn
[] Hand: [OP13-031,OP14-039]
[] Board: [OP06-033,OP13-031,OP17-031]
[] Trash: [OP06-033,OP13-040,OP13-040,ST32-001,ST32-002,ST32-001]
[] Life: 5
[] Hand: [EB04-004,OP15-008,OP15-025,OP17-023,OP15-009]
[] Trash: [OP15-026,OP15-023,OP15-037,OP17-030,OP05-037,OP14-037]
[] Board: [OP17-030,OP15-023]
[] Life: 2
RZ1|182|1|Don|9|9900|5|0|1|1|1|0|0
RZ1|CHK|182|1|33|2|3|5|3|7|6|1|1|0
[You] Draw 1 Card
[] Drew card from deck: Kouzuki Oden ["ST32-002">ST32-002]
RZ1|183|1|ST32-002|0|32|1|2|1|1|0|0|0
RZ1|CHK|183|1|32|3|3|5|3|7|6|1|1|0
RZ1|184|1|Don|4|2|5|7|1|1|0|0|0
RZ1|CHK|184|1|32|3|3|5|2|8|6|1|1|0
RZ1|185|1|Don|4|1|5|8|1|1|0|0|0
RZ1|CHK|185|1|32|3|3|5|1|9|6|1|1|0
[You] Draw 2 Don
RZ1|186|1|Don|5|0|5|0|1|1|1|0|0
RZ1|CHK|186|1|32|3|3|5|1|9|6|1|1|0
RZ1|187|1|Don|5|1|5|1|1|1|1|0|0
RZ1|CHK|187|1|32|3|3|5|1|9|6|1|1|0
RZ1|188|1|Don|5|2|5|2|1|1|1|0|0
RZ1|CHK|188|1|32|3|3|5|1|9|6|1|1|0
RZ1|189|1|Don|5|3|5|3|1|1|1|0|0
RZ1|CHK|189|1|32|3|3|5|1|9|6|1|1|0
RZ1|190|1|Don|5|4|5|4|1|1|1|0|0
RZ1|CHK|190|1|32|3|3|5|1|9|6|1|1|0
RZ1|191|1|Don|5|5|5|5|1|1|1|0|0
RZ1|CHK|191|1|32|3|3|5|1|9|6|1|1|0
[You] Deploy Trafalgar Law ["OP13-031">OP13-031]
RZ1|192|1|OP13-031|1|0|2|3|1|1|0|-2000|0
RZ1|CHK|192|1|32|2|4|5|1|9|6|1|1|0
[You] Trafalgar Law ["OP13-031">OP13-031]: Return Vander Decken IX ["OP06-033">OP06-033] to Hand
RZ1|193|1|OP06-033|2|0|1|2|1|1|0|0|0
RZ1|CHK|193|1|32|3|3|5|1|9|6|1|1|0
RZ1|194|1|OP06-033|1|2|2|3|1|1|1|-2000|0
RZ1|CHK|194|1|32|2|4|5|1|9|6|1|1|0
[You] Trafalgar Law ["OP13-031">OP13-031]: Deploy Vander Decken IX ["OP06-033">OP06-033]
[You] Dracule Mihawk ["OP14-020">OP14-020]: Rest Trafalgar Law ["OP13-031">OP13-031]
[You] Dracule Mihawk ["OP14-020">OP14-020]: Activate 1 Don
RZ1|195|1|Don|5|5|5|5|1|1|0|0|0
RZ1|CHK|195|1|32|2|4|5|1|9|6|1|1|0
[You] Dracule Mihawk ["OP14-020">OP14-020]: Activate 1 Don
RZ1|196|1|Don|5|4|5|4|1|1|0|0|0
RZ1|CHK|196|1|32|2|4|5|1|9|6|1|1|0
[You] Dracule Mihawk ["OP14-020">OP14-020]: Activate 1 Don
RZ1|197|1|Don|5|3|5|3|1|1|0|0|0
RZ1|CHK|197|1|32|2|4|5|1|9|6|1|1|0
[You] Dracule Mihawk ["OP14-020">OP14-020]: Can't play Cost 1 Or More Characters for the Turn!
RZ1|198|1|Don|5|3|9|9900|1|1|0|0|0
RZ1|CHK|198|1|32|2|4|5|1|8|6|1|1|1
[You] Attach 1 Don to Dracule Mihawk ["OP14-020">OP14-020] (1 Total)
[You] Dracule Mihawk ["OP14-020">OP14-020] attacking Krieg ["OP15-001">OP15-001]
Dracule Mihawk ["OP14-020">OP14-020][7000] vs Krieg ["OP15-001">OP15-001][5000]
Krieg ["OP15-001">OP15-001] hit for 1 damage
RZ1|199|2|OP15-007|3|1|1|5|1|1|0|0|0
RZ1|CHK|199|2|35|6|2|1|2|1|6|0|1|7
RZ1|200|1|Don|5|3|9|100|1|1|0|0|0
RZ1|CHK|200|1|32|2|4|5|1|7|6|1|1|2
RZ1|201|1|Don|5|3|9|101|1|1|0|0|0
RZ1|CHK|201|1|32|2|4|5|1|6|6|1|1|3
[You] Attach 2 Don to Yasopp ["OP17-031">OP17-031] (2 Total)
[You] Yasopp ["OP17-031">OP17-031] attacking Krieg ["OP15-001">OP15-001]
Yasopp ["OP17-031">OP17-031][6000] vs Krieg ["OP15-001">OP15-001][5000]
Krieg ["OP15-001">OP15-001] hit for 1 damage
RZ1|202|2|OP15-003|3|0|1|6|1|1|0|0|0
RZ1|CHK|202|2|35|7|2|0|2|1|6|0|1|7
[You] Yasopp ["OP17-031">OP17-031]: Set Yasopp ["OP17-031">OP17-031] to Active
[You] Coffin Boat ["OP14-039">OP14-039]: Activate 1 Don
RZ1|203|1|Don|5|2|5|2|1|1|0|0|0
RZ1|CHK|203|1|32|2|4|5|1|6|6|1|1|3
[] Hand: [OP14-039,ST32-002]
[] Board: [OP13-031,OP17-031,OP13-031,OP06-033]
[] Trash: [OP06-033,OP13-040,OP13-040,ST32-001,ST32-002,ST32-001]
[] Life: 5
[] Hand: [EB04-004,OP15-008,OP15-025,OP17-023,OP15-009,OP15-007,OP15-003]
[] Trash: [OP15-026,OP15-023,OP15-037,OP17-030,OP05-037,OP14-037]
[] Board: [OP17-030,OP15-023]
[] Life: 0
[You] End Turn
[] Hand: [EB04-004,OP15-008,OP15-025,OP17-023,OP15-009,OP15-007,OP15-003]
[] Board: [OP17-030,OP15-023]
[] Trash: [OP15-026,OP15-023,OP15-037,OP17-030,OP05-037,OP14-037]
[] Life: 0
[] Hand: [OP14-039,ST32-002]
[] Trash: [OP06-033,OP13-040,OP13-040,ST32-001,ST32-002,ST32-001]
[] Board: [OP13-031,OP17-031,OP13-031,OP06-033]
[] Life: 5
RZ1|204|2|Don|9|9900|5|0|1|1|1|0|0
RZ1|CHK|204|2|35|7|2|0|2|2|6|0|1|6
RZ1|205|2|Don|9|9900|5|0|1|1|1|0|0
RZ1|CHK|205|2|35|7|2|0|2|3|6|0|1|5
RZ1|206|2|Don|9|9900|5|0|1|1|1|0|0
RZ1|CHK|206|2|35|7|2|0|2|4|6|0|1|4
RZ1|207|2|Don|9|9900|5|0|1|1|1|0|0
RZ1|CHK|207|2|35|7|2|0|2|5|6|0|1|3
RZ1|208|2|Don|9|9900|5|0|1|1|1|0|0
RZ1|CHK|208|2|35|7|2|0|2|6|6|0|1|2
RZ1|209|2|Don|9|100|5|0|1|1|1|0|0
RZ1|CHK|209|2|35|7|2|0|2|7|6|0|1|1
RZ1|210|2|Don|9|100|5|0|1|1|1|0|0
RZ1|CHK|210|2|35|7|2|0|2|8|6|0|1|0
[Opponent] Draw 1 Card
[] Drew card from deck: Krieg ["OP15-008">OP15-008]
RZ1|211|2|OP15-008|0|34|1|7|1|1|0|0|0
RZ1|CHK|211|2|34|8|2|0|2|8|6|0|1|0
RZ1|212|2|Don|4|1|5|8|1|1|0|0|0
RZ1|CHK|212|2|34|8|2|0|1|9|6|0|1|0
RZ1|213|2|Don|4|0|5|9|1|1|0|0|0
RZ1|CHK|213|2|34|8|2|0|0|10|6|0|1|0
[Opponent] Draw 2 Don
[Opponent] Krieg ["OP15-001">OP15-001]: Rest Yasopp ["OP17-031">OP17-031]
[Opponent] Arlong ["OP15-023">OP15-023]: Attach 1 Rested Don to Yasopp ["OP17-031">OP17-031]
RZ1|214|1|Don|5|0|9|102|1|1|1|0|0
RZ1|CHK|214|1|32|2|4|5|1|5|6|1|1|4
[Opponent] Attach 1 Don to Monkey D. Luffy ["OP17-030">OP17-030] (1 Total)
RZ1|215|2|Don|5|0|9|0|1|1|0|0|0
RZ1|CHK|215|2|34|8|2|0|0|9|6|0|1|1
RZ1|216|2|Don|5|0|9|1|1|1|0|0|0
RZ1|CHK|216|2|34|8|2|0|0|8|6|0|1|2
RZ1|217|2|Don|5|0|9|2|1|1|0|0|0
RZ1|CHK|217|2|34|8|2|0|0|7|6|0|1|3
[Opponent] Attach 2 Don to Monkey D. Luffy ["OP17-030">OP17-030] (3 Total)
RZ1|218|2|Don|5|0|9|3|1|1|0|0|0
RZ1|CHK|218|2|34|8|2|0|0|6|6|0|1|4
RZ1|219|2|Don|5|0|9|4|1|1|0|0|0
RZ1|CHK|219|2|34|8|2|0|0|5|6|0|1|5
[Opponent] Attach 2 Don to Monkey D. Luffy ["OP17-030">OP17-030] (5 Total)
RZ1|220|2|Don|5|0|9|5|1|1|0|0|0
RZ1|CHK|220|2|34|8|2|0|0|4|6|0|1|6
RZ1|221|2|Don|5|0|9|6|1|1|0|0|0
RZ1|CHK|221|2|34|8|2|0|0|3|6|0|1|7
[Opponent] Attach 2 Don to Monkey D. Luffy ["OP17-030">OP17-030] (7 Total)
[] Hand: [EB04-004,OP15-008,OP15-025,OP17-023,OP15-009,OP15-007,OP15-003,OP15-008]
[] Board: [OP17-030,OP15-023]
[] Trash: [OP15-026,OP15-023,OP15-037,OP17-030,OP05-037,OP14-037]
[] Life: 0
[] Hand: [OP14-039,ST32-002]
[] Trash: [OP06-033,OP13-040,OP13-040,ST32-001,ST32-002,ST32-001]
[] Board: [OP13-031,OP17-031,OP13-031,OP06-033]
[] Life: 5
[Opponent] End Turn
[] Hand: [OP14-039,ST32-002]
[] Board: [OP13-031,OP17-031,OP13-031,OP06-033]
[] Trash: [OP06-033,OP13-040,OP13-040,ST32-001,ST32-002,ST32-001]
[] Life: 5
[] Hand: [EB04-004,OP15-008,OP15-025,OP17-023,OP15-009,OP15-007,OP15-003,OP15-008]
[] Trash: [OP15-026,OP15-023,OP15-037,OP17-030,OP05-037,OP14-037]
[] Board: [OP17-030,OP15-023]
[] Life: 0
RZ1|222|1|Don|9|9900|5|0|1|1|1|0|0
RZ1|CHK|222|1|32|2|4|5|1|6|6|1|1|3
RZ1|223|1|Don|9|100|5|0|1|1|1|0|0
RZ1|CHK|223|1|32|2|4|5|1|7|6|1|1|2
RZ1|224|1|Don|9|100|5|0|1|1|1|0|0
RZ1|CHK|224|1|32|2|4|5|1|8|6|1|1|1
RZ1|225|1|Don|9|100|5|0|1|1|1|0|0
RZ1|CHK|225|1|32|2|4|5|1|9|6|1|1|0
[You] Draw 1 Card
[] Drew card from deck: Perona ["OP12-034">OP12-034]
RZ1|226|1|OP12-034|0|31|1|2|1|1|0|0|0
RZ1|CHK|226|1|31|3|4|5|1|9|6|1|1|0
RZ1|227|1|Don|4|0|5|9|1|1|0|0|0
RZ1|CHK|227|1|31|3|4|5|0|10|6|1|1|0
[You] Draw 2 Don
RZ1|228|1|Don|5|0|5|0|1|1|1|0|0
RZ1|CHK|228|1|31|3|4|5|0|10|6|1|1|0
RZ1|229|1|Don|5|1|5|1|1|1|1|0|0
RZ1|CHK|229|1|31|3|4|5|0|10|6|1|1|0
RZ1|230|1|Don|5|2|5|2|1|1|1|0|0
RZ1|CHK|230|1|31|3|4|5|0|10|6|1|1|0
RZ1|231|1|Don|5|3|5|3|1|1|1|0|0
RZ1|CHK|231|1|31|3|4|5|0|10|6|1|1|0
RZ1|232|1|Don|5|4|5|4|1|1|1|0|0
RZ1|CHK|232|1|31|3|4|5|0|10|6|1|1|0
[You] Deploy Kouzuki Oden ["ST32-002">ST32-002]
RZ1|233|1|ST32-002|1|1|2|4|1|1|0|0|0
RZ1|CHK|233|1|31|2|5|5|0|10|6|1|1|0
[] Drew card from deck: You Can Be My Samurai!!! ["OP01-055">OP01-055]
RZ1|234|1|OP01-055|0|30|1|2|1|1|0|0|0
RZ1|CHK|234|1|30|3|5|5|0|10|6|1|1|0
[You] Kouzuki Oden ["ST32-002">ST32-002]: Draw 1 Card
[You] Kouzuki Oden ["ST32-002">ST32-002]: Monkey D. Luffy ["OP17-030">OP17-030] can't be rested until next turn ends
[You] Dracule Mihawk ["OP14-020">OP14-020]: Rest Vander Decken IX ["OP06-033">OP06-033]
[You] Dracule Mihawk ["OP14-020">OP14-020]: Activate 1 Don
RZ1|235|1|Don|5|4|5|4|1|1|0|0|0
RZ1|CHK|235|1|30|3|5|5|0|10|6|1|1|0
[You] Dracule Mihawk ["OP14-020">OP14-020]: Activate 1 Don
RZ1|236|1|Don|5|3|5|3|1|1|0|0|0
RZ1|CHK|236|1|30|3|5|5|0|10|6|1|1|0
[You] Dracule Mihawk ["OP14-020">OP14-020]: Activate 1 Don
RZ1|237|1|Don|5|2|5|2|1|1|0|0|0
RZ1|CHK|237|1|30|3|5|5|0|10|6|1|1|0
[You] Dracule Mihawk ["OP14-020">OP14-020]: Can't play Cost 1 Or More Characters for the Turn!
RZ1|238|1|Don|5|2|9|9900|1|1|0|0|0
RZ1|CHK|238|1|30|3|5|5|0|9|6|1|1|1
RZ1|239|1|Don|5|2|9|9901|1|1|0|0|0
RZ1|CHK|239|1|30|3|5|5|0|8|6|1|1|2
[You] Attach 2 Don to Dracule Mihawk ["OP14-020">OP14-020] (2 Total)
RZ1|240|1|Don|5|2|9|9902|1|1|0|0|0
RZ1|CHK|240|1|30|3|5|5|0|7|6|1|1|3
[You] Attach 1 Don to Dracule Mihawk ["OP14-020">OP14-020] (3 Total)
[You] Dracule Mihawk ["OP14-020">OP14-020] attacking Krieg ["OP15-001">OP15-001]
[Opponent] Discard Nami ["OP17-023">OP17-023] for Counter 2000
RZ1|241|2|OP17-023|1|3|6|6|1|1|0|0|0
RZ1|CHK|241|2|34|7|2|0|0|3|7|0|1|7
[Opponent] Discard Koby ["OP15-009">OP15-009] for Counter 2000
RZ1|242|2|OP15-009|1|3|6|7|1|1|0|0|0
RZ1|CHK|242|2|34|6|2|0|0|3|8|0|1|7
[Opponent] Discard Kuro ["OP15-025">OP15-025] for Counter 1000
RZ1|243|2|OP15-025|1|2|6|8|1|1|0|0|0
RZ1|CHK|243|2|34|5|2|0|0|3|9|0|1|7
Dracule Mihawk ["OP14-020">OP14-020][9000] vs Krieg ["OP15-001">OP15-001][10000]
Attack Fails
[You] Trafalgar Law ["OP13-031">OP13-031] attacking Krieg ["OP15-001">OP15-001]
[Opponent] Discard Gin ["OP15-007">OP15-007] for Counter 1000
RZ1|244|2|OP15-007|1|2|6|9|1|1|0|0|0
RZ1|CHK|244|2|34|4|2|0|0|3|10|0|1|7
[Opponent] Discard Alvida ["OP15-003">OP15-003] for Counter 1000
RZ1|245|2|OP15-003|1|2|6|10|1|1|0|0|0
RZ1|CHK|245|2|34|3|2|0|0|3|11|0|1|7
Trafalgar Law ["OP13-031">OP13-031][6000] vs Krieg ["OP15-001">OP15-001][7000]
Attack Fails
[You] Yasopp ["OP17-031">OP17-031] attacking Krieg ["OP15-001">OP15-001]
Yasopp ["OP17-031">OP17-031][6000] vs Krieg ["OP15-001">OP15-001][5000]
Krieg ["OP15-001">OP15-001] hit for 1 damage
[Opponent] <b>Downloaded the Combat Log!</b>
[Opponent] Quits!
RZ1|HDR|1.43a|2|RZ1
RZ1|PLY|1||OP14-020
RZ1|PLY|2||OP15-001
RZ1|1|2|Don|9|0|5|0|1|1|1|0|0
RZ1|CHK|1|2|34|3|2|0|0|4|11|0|1|6
RZ1|2|2|Don|9|0|5|0|1|1|1|0|0
RZ1|CHK|2|2|34|3|2|0|0|5|11|0|1|5
RZ1|3|2|Don|9|0|5|0|1|1|1|0|0
RZ1|CHK|3|2|34|3|2|0|0|6|11|0|1|4
RZ1|4|2|Don|9|0|5|0|1|1|1|0|0
RZ1|CHK|4|2|34|3|2|0|0|7|11|0|1|3
RZ1|5|2|Don|9|0|5|0|1|1|1|0|0
RZ1|CHK|5|2|34|3|2|0|0|8|11|0|1|2
RZ1|6|2|Don|9|0|5|0|1|1|1|0|0
RZ1|CHK|6|2|34|3|2|0|0|9|11|0|1|1
RZ1|7|2|Don|9|0|5|0|1|1|1|0|0
RZ1|CHK|7|2|34|3|2|0|0|10|11|0|1|0
RZ1|8|1|Don|9|9900|5|0|1|1|1|0|0
RZ1|CHK|8|1|30|3|5|5|0|8|6|1|1|2
RZ1|9|1|Don|9|9900|5|0|1|1|1|0|0
RZ1|CHK|9|1|30|3|5|5|0|9|6|1|1|1
RZ1|10|1|Don|9|9900|5|0|1|1|1|0|0
RZ1|CHK|10|1|30|3|5|5|0|10|6|1|1|0