Version is 1.43a.1
[You] Leader is Dracule Mihawk ["OP14-020">OP14-020]
RZ1|HDR|1.43a|2|RZ1
RZ1|PLY|1||OP14-020
RZ1|PLY|2||
[Opponent] Leader is Rocks D. Xebec ["OP17-039">OP17-039]
RZ1|1|2|OP17-045|0|7|0|0|0|0|0|0|0
RZ1|CHK|1|2|50|0|0|0|10|0|0|0|1|0
RZ1|2|2|OP17-049|0|27|0|1|0|0|0|0|0
RZ1|CHK|2|2|50|0|0|0|10|0|0|0|1|0
RZ1|3|2|OP17-045|0|11|0|2|0|0|0|0|0
RZ1|CHK|3|2|50|0|0|0|10|0|0|0|1|0
RZ1|4|2|OP17-048|0|36|0|3|0|0|0|0|0
RZ1|CHK|4|2|50|0|0|0|10|0|0|0|1|0
RZ1|5|2|OP17-055|0|43|0|4|0|0|0|0|0
RZ1|CHK|5|2|50|0|0|0|10|0|0|0|1|0
RZ1|6|2|OP17-050|0|10|0|5|0|0|0|0|0
RZ1|CHK|6|2|50|0|0|0|10|0|0|0|1|0
RZ1|7|2|OP17-056|0|45|0|6|0|0|0|0|0
RZ1|CHK|7|2|50|0|0|0|10|0|0|0|1|0
RZ1|8|2|OP17-057|0|49|0|7|0|0|0|0|0
RZ1|CHK|8|2|50|0|0|0|10|0|0|0|1|0
RZ1|9|2|OP17-054|0|16|0|8|0|0|0|0|0
RZ1|CHK|9|2|50|0|0|0|10|0|0|0|1|0
RZ1|10|2|OP17-056|0|48|0|9|0|0|0|0|0
RZ1|CHK|10|2|50|0|0|0|10|0|0|0|1|0
RZ1|11|2|OP17-053|0|33|0|10|0|0|0|0|0
RZ1|CHK|11|2|50|0|0|0|10|0|0|0|1|0
RZ1|12|2|OP17-042|0|23|0|11|0|0|0|0|0
RZ1|CHK|12|2|50|0|0|0|10|0|0|0|1|0
RZ1|13|2|OP17-055|0|47|0|12|0|0|0|0|0
RZ1|CHK|13|2|50|0|0|0|10|0|0|0|1|0
RZ1|14|2|OP17-048|0|40|0|13|0|0|0|0|0
RZ1|CHK|14|2|50|0|0|0|10|0|0|0|1|0
RZ1|15|2|OP17-118|0|44|0|14|0|0|0|0|0
RZ1|CHK|15|2|50|0|0|0|10|0|0|0|1|0
RZ1|16|2|OP17-048|0|41|0|15|0|0|0|0|0
RZ1|CHK|16|2|50|0|0|0|10|0|0|0|1|0
RZ1|17|2|OP17-054|0|26|0|16|0|0|0|0|0
RZ1|CHK|17|2|50|0|0|0|10|0|0|0|1|0
RZ1|18|2|OP17-118|0|44|0|17|0|0|0|0|0
RZ1|CHK|18|2|50|0|0|0|10|0|0|0|1|0
RZ1|19|2|OP17-046|0|34|0|18|0|0|0|0|0
RZ1|CHK|19|2|50|0|0|0|10|0|0|0|1|0
RZ1|20|2|OP17-054|0|28|0|19|0|0|0|0|0
RZ1|CHK|20|2|50|0|0|0|10|0|0|0|1|0
RZ1|21|2|OP17-056|0|49|0|20|0|0|0|0|0
RZ1|CHK|21|2|50|0|0|0|10|0|0|0|1|0
RZ1|22|2|OP17-040|0|42|0|21|0|0|0|0|0
RZ1|CHK|22|2|50|0|0|0|10|0|0|0|1|0
RZ1|23|2|OP17-050|0|26|0|22|0|0|0|0|0
RZ1|CHK|23|2|50|0|0|0|10|0|0|0|1|0
RZ1|24|2|OP17-040|0|43|0|23|0|0|0|0|0
RZ1|CHK|24|2|50|0|0|0|10|0|0|0|1|0
RZ1|25|2|OP17-046|0|38|0|24|0|0|0|0|0
RZ1|CHK|25|2|50|0|0|0|10|0|0|0|1|0
RZ1|26|2|OP17-044|0|35|0|25|0|0|0|0|0
RZ1|CHK|26|2|50|0|0|0|10|0|0|0|1|0
RZ1|27|2|OP17-045|0|31|0|26|0|0|0|0|0
RZ1|CHK|27|2|50|0|0|0|10|0|0|0|1|0
RZ1|28|2|OP08-051|0|29|0|27|0|0|0|0|0
RZ1|CHK|28|2|50|0|0|0|10|0|0|0|1|0
RZ1|29|2|OP17-055|0|47|0|28|0|0|0|0|0
RZ1|CHK|29|2|50|0|0|0|10|0|0|0|1|0
RZ1|30|2|OP17-049|0|40|0|29|0|0|0|0|0
RZ1|CHK|30|2|50|0|0|0|10|0|0|0|1|0
RZ1|31|2|OP17-049|0|42|0|30|0|0|0|0|0
RZ1|CHK|31|2|50|0|0|0|10|0|0|0|1|0
RZ1|32|2|OP17-050|0|34|0|31|0|0|0|0|0
RZ1|CHK|32|2|50|0|0|0|10|0|0|0|1|0
RZ1|33|2|OP17-042|0|37|0|32|0|0|0|0|0
RZ1|CHK|33|2|50|0|0|0|10|0|0|0|1|0
RZ1|34|2|OP17-055|0|48|0|33|0|0|0|0|0
RZ1|CHK|34|2|50|0|0|0|10|0|0|0|1|0
RZ1|35|2|OP17-046|0|42|0|34|0|0|0|0|0
RZ1|CHK|35|2|50|0|0|0|10|0|0|0|1|0
RZ1|36|2|OP17-054|0|39|0|35|0|0|0|0|0
RZ1|CHK|36|2|50|0|0|0|10|0|0|0|1|0
RZ1|37|2|OP17-040|0|45|0|36|0|0|0|0|0
RZ1|CHK|37|2|50|0|0|0|10|0|0|0|1|0
RZ1|38|2|OP17-046|0|43|0|37|0|0|0|0|0
RZ1|CHK|38|2|50|0|0|0|10|0|0|0|1|0
RZ1|39|2|OP17-056|0|49|0|38|0|0|0|0|0
RZ1|CHK|39|2|50|0|0|0|10|0|0|0|1|0
RZ1|40|2|OP17-044|0|44|0|39|0|0|0|0|0
RZ1|CHK|40|2|50|0|0|0|10|0|0|0|1|0
RZ1|41|2|OP17-040|0|46|0|40|0|0|0|0|0
RZ1|CHK|41|2|50|0|0|0|10|0|0|0|1|0
RZ1|42|2|OP17-050|0|43|0|41|0|0|0|0|0
RZ1|CHK|42|2|50|0|0|0|10|0|0|0|1|0
RZ1|43|2|OP17-118|0|49|0|43|0|0|0|0|0
RZ1|CHK|43|2|50|0|0|0|10|0|0|0|1|0
RZ1|44|2|OP17-048|0|48|0|44|0|0|0|0|0
RZ1|CHK|44|2|50|0|0|0|10|0|0|0|1|0
RZ1|45|2|OP17-118|0|49|0|45|0|0|0|0|0
RZ1|CHK|45|2|50|0|0|0|10|0|0|0|1|0
RZ1|46|2|OP17-042|0|48|0|46|0|0|0|0|0
RZ1|CHK|46|2|50|0|0|0|10|0|0|0|1|0
RZ1|47|2|OP17-045|0|48|0|47|0|0|0|0|0
RZ1|CHK|47|2|50|0|0|0|10|0|0|0|1|0
[] Drew card from deck: Dracule Mihawk ["ST32-003">ST32-003]
RZ1|48|1|ST32-003|0|49|1|0|1|1|0|0|0
RZ1|CHK|48|1|49|1|0|0|10|0|0|0|1|0
[] Drew card from deck: Kouzuki Oden ["ST32-002">ST32-002]
RZ1|49|1|ST32-002|0|48|1|1|1|1|0|0|0
RZ1|CHK|49|1|48|2|0|0|10|0|0|0|1|0
[] Drew card from deck: I Know You're Strong... So I'll Go All Out ["OP13-040">OP13-040]
RZ1|50|1|OP13-040|0|47|1|2|1|1|0|0|0
RZ1|CHK|50|1|47|3|0|0|10|0|0|0|1|0
[] Drew card from deck: Yasopp ["OP17-031">OP17-031]
RZ1|51|1|OP17-031|0|46|1|3|1|1|0|0|0
RZ1|CHK|51|1|46|4|0|0|10|0|0|0|1|0
[] Drew card from deck: Billion-fold World Trichiliocosm ["OP06-038">OP06-038]
RZ1|52|1|OP06-038|0|45|1|4|1|1|0|0|0
RZ1|CHK|52|1|45|5|0|0|10|0|0|0|1|0
[] Drew card from deck: Charlotte Linlin ["OP17-049">OP17-049]
RZ1|53|2|OP17-049|0|49|1|0|1|1|0|0|0
RZ1|CHK|53|2|49|1|0|0|10|0|0|0|1|0
[] Drew card from deck: Buckin ["OP08-051">OP08-051]
RZ1|54|2|OP08-051|0|48|1|1|1|1|0|0|0
RZ1|CHK|54|2|48|2|0|0|10|0|0|0|1|0
[] Drew card from deck: Kyo ["OP17-045">OP17-045]
RZ1|55|2|OP17-045|0|47|1|2|1|1|0|0|0
RZ1|CHK|55|2|47|3|0|0|10|0|0|0|1|0
[] Drew card from deck: Kaido ["OP17-042">OP17-042]
RZ1|56|2|OP17-042|0|46|1|3|1|1|0|0|0
RZ1|CHK|56|2|46|4|0|0|10|0|0|0|1|0
[] Drew card from deck: Rocks D. Xebec ["OP17-118">OP17-118]
RZ1|57|2|OP17-118|0|45|1|4|1|1|0|0|0
RZ1|CHK|57|2|45|5|0|0|10|0|0|0|1|0
RZ1|58|1|OP17-031|0|44|3|0|1|0|0|0|0
RZ1|CHK|58|1|44|5|0|1|10|0|0|0|1|0
RZ1|59|1|OP14-039|0|43|3|1|1|0|0|0|0
RZ1|CHK|59|1|43|5|0|2|10|0|0|0|1|0
RZ1|60|1|OP01-055|0|42|3|2|1|0|0|0|0
RZ1|CHK|60|1|42|5|0|3|10|0|0|0|1|0
RZ1|61|1|OP06-038|0|41|3|3|1|0|0|0|0
RZ1|CHK|61|1|41|5|0|4|10|0|0|0|1|0
RZ1|62|1|OP06-033|0|40|3|4|1|0|0|0|0
RZ1|CHK|62|1|40|5|0|5|10|0|0|0|1|0
RZ1|63|2|OP17-048|0|44|3|0|0|1|0|0|0
RZ1|CHK|63|2|44|5|0|1|10|0|0|0|1|0
RZ1|64|2|OP17-118|0|43|3|1|0|1|0|0|0
RZ1|CHK|64|2|43|5|0|2|10|0|0|0|1|0
RZ1|65|2|OP08-051|0|42|3|2|0|1|0|0|0
RZ1|CHK|65|2|42|5|0|3|10|0|0|0|1|0
RZ1|66|2|OP17-050|0|41|3|3|0|1|0|0|0
RZ1|CHK|66|2|41|5|0|4|10|0|0|0|1|0
RZ1|67|2|OP17-040|0|40|3|4|0|1|0|0|0
RZ1|CHK|67|2|40|5|0|5|10|0|0|0|1|0
[] Hand: [ST32-003,ST32-002,OP13-040,OP17-031,OP06-038]
[] Board: []
[] Trash: []
[] Life: 5
[] Hand: [OP17-049,OP08-051,OP17-045,OP17-042,OP17-118]
[] Trash: []
[] Board: []
[] Life: 5
RZ1|68|1|Don|4|9|5|0|1|1|0|0|0
RZ1|CHK|68|1|40|5|0|5|9|1|0|0|1|0
[You] Draw 1 Don
[] Hand: [ST32-003,ST32-002,OP13-040,OP17-031,OP06-038]
[] Board: []
[] Trash: []
[] Life: 5
[] Hand: [OP17-049,OP08-051,OP17-045,OP17-042,OP17-118]
[] Trash: []
[] Board: []
[] Life: 5
[You] End Turn
[] Hand: [OP17-049,OP08-051,OP17-045,OP17-042,OP17-118]
[] Board: []
[] Trash: []
[] Life: 5
[] Hand: [ST32-003,ST32-002,OP13-040,OP17-031,OP06-038]
[] Trash: []
[] Board: []
[] Life: 5
[Opponent] Draw 1 Card
[] Drew card from deck: Captain John ["OP17-044">OP17-044]
RZ1|69|2|OP17-044|0|39|1|5|1|1|0|0|0
RZ1|CHK|69|2|39|6|0|5|10|0|0|0|1|0
RZ1|70|2|Don|4|9|5|0|1|1|0|0|0
RZ1|CHK|70|2|39|6|0|5|9|1|0|0|1|0
RZ1|71|2|Don|4|8|5|1|1|1|0|0|0
RZ1|CHK|71|2|39|6|0|5|8|2|0|0|1|0
[Opponent] Draw 2 Don
RZ1|72|2|Don|5|0|5|0|1|1|1|0|0
RZ1|CHK|72|2|39|6|0|5|8|2|0|0|1|0
RZ1|73|2|Don|5|1|5|1|1|1|1|0|0
RZ1|CHK|73|2|39|6|0|5|8|2|0|0|1|0
[Opponent] Deploy Kyo ["OP17-045">OP17-045]
RZ1|74|2|OP17-045|1|2|2|0|1|1|0|0|0
RZ1|CHK|74|2|39|5|1|5|8|2|0|0|1|0
[] Drew card from deck: Rocks Pirates ["OP17-056">OP17-056]
RZ1|75|2|OP17-056|0|38|1|5|1|1|0|0|0
RZ1|CHK|75|2|38|6|1|5|8|2|0|0|1|0
[Opponent] Kyo ["OP17-045">OP17-045]: Draw 1 Card
[] Hand: [OP17-049,OP08-051,OP17-042,OP17-118,OP17-044,OP17-056]
[] Board: [OP17-045]
[] Trash: []
[] Life: 5
[] Hand: [ST32-003,ST32-002,OP13-040,OP17-031,OP06-038]
[] Trash: []
[] Board: []
[] Life: 5
[Opponent] End Turn
[] Hand: [ST32-003,ST32-002,OP13-040,OP17-031,OP06-038]
[] Board: []
[] Trash: []
[] Life: 5
[] Hand: [OP17-049,OP08-051,OP17-042,OP17-118,OP17-044,OP17-056]
[] Trash: []
[] Board: [OP17-045]
[] Life: 5
[You] Draw 1 Card
[] Drew card from deck: Kawamatsu ["OP12-023">OP12-023]
RZ1|76|1|OP12-023|0|39|1|5|1|1|0|0|0
RZ1|CHK|76|1|39|6|0|5|9|1|0|0|1|0
RZ1|77|1|Don|4|8|5|1|1|1|0|0|0
RZ1|CHK|77|1|39|6|0|5|8|2|0|0|1|0
RZ1|78|1|Don|4|7|5|2|1|1|0|0|0
RZ1|CHK|78|1|39|6|0|5|7|3|0|0|1|0
[You] Draw 2 Don
[You] Dracule Mihawk ["OP14-020">OP14-020] attacking Rocks D. Xebec ["OP17-039">OP17-039]
[Opponent] Rocks Pirates ["OP17-056">OP17-056]: Activate Counter
RZ1|79|2|OP17-056|1|5|6|0|1|1|0|0|0
RZ1|CHK|79|2|38|5|1|5|8|2|1|0|1|0
[Opponent] Rocks Pirates ["OP17-056">OP17-056]: Buff Rocks D. Xebec ["OP17-039">OP17-039] 2000 for the Combat
Dracule Mihawk ["OP14-020">OP14-020][6000] vs Rocks D. Xebec ["OP17-039">OP17-039][7000]
Attack Fails
[You] I Know You're Strong... So I'll Go All Out ["OP13-040">OP13-040]: Rest 1 Don
RZ1|80|1|Don|5|0|5|0|1|1|1|0|0
RZ1|CHK|80|1|39|6|0|5|7|3|0|0|1|0
RZ1|81|1|OP13-040|1|2|6|0|1|1|0|0|0
RZ1|CHK|81|1|39|5|0|5|7|3|1|0|1|0
[You] I Know You're Strong... So I'll Go All Out ["OP13-040">OP13-040]: Rest 2 Don
RZ1|82|1|Don|5|1|5|1|1|1|1|0|0
RZ1|CHK|82|1|39|5|0|5|7|3|1|0|1|0
RZ1|83|1|Don|5|2|5|2|1|1|1|0|0
RZ1|CHK|83|1|39|5|0|5|7|3|1|0|1|0
[] Hand: [ST32-003,ST32-002,OP17-031,OP06-038,OP12-023]
[] Board: []
[] Trash: [OP13-040]
[] Life: 5
[] Hand: [OP17-049,OP08-051,OP17-042,OP17-118,OP17-044]
[] Trash: [OP17-056]
[] Board: [OP17-045]
[] Life: 5
[You] End Turn
[] Hand: [OP17-049,OP08-051,OP17-042,OP17-118,OP17-044]
[] Board: [OP17-045]
[] Trash: [OP17-056]
[] Life: 5
[] Hand: [ST32-003,ST32-002,OP17-031,OP06-038,OP12-023]
[] Trash: [OP13-040]
[] Board: []
[] Life: 5
[Opponent] Draw 1 Card
[] Drew card from deck: Gloriosa ["OP17-046">OP17-046]
RZ1|84|2|OP17-046|0|37|1|5|1|1|0|0|0
RZ1|CHK|84|2|37|6|1|5|8|2|1|0|1|0
RZ1|85|2|Don|4|7|5|2|1|1|0|0|0
RZ1|CHK|85|2|37|6|1|5|7|3|1|0|1|0
RZ1|86|2|Don|4|6|5|3|1|1|0|0|0
RZ1|CHK|86|2|37|6|1|5|6|4|1|0|1|0
[Opponent] Draw 2 Don
RZ1|87|2|Don|5|0|5|0|1|1|1|0|0
RZ1|CHK|87|2|37|6|1|5|6|4|1|0|1|0
RZ1|88|2|Don|5|1|5|1|1|1|1|0|0
RZ1|CHK|88|2|37|6|1|5|6|4|1|0|1|0
RZ1|89|2|Don|5|2|5|2|1|1|1|0|0
RZ1|CHK|89|2|37|6|1|5|6|4|1|0|1|0
RZ1|90|2|Don|5|3|5|3|1|1|1|0|0
RZ1|CHK|90|2|37|6|1|5|6|4|1|0|1|0
[Opponent] Deploy Captain John ["OP17-044">OP17-044]
RZ1|91|2|OP17-044|1|4|2|1|1|1|0|0|0
RZ1|CHK|91|2|37|5|2|5|6|4|1|0|1|0
[Opponent] Rocks D. Xebec ["OP17-039">OP17-039] attacking Dracule Mihawk ["OP14-020">OP14-020]
RZ1|92|2|OP17-042|1|2|6|1|1|1|0|0|0
RZ1|CHK|92|2|37|4|2|5|6|4|2|0|1|0
[Opponent] Rocks D. Xebec ["OP17-039">OP17-039]: Trash Kaido ["OP17-042">OP17-042]
RZ1|93|2|OP17-040|0|36|0|36|0|0|0|0|0
RZ1|CHK|93|2|37|4|2|5|6|4|2|0|1|0
[Opponent] Rocks D. Xebec ["OP17-039">OP17-039] revealed: Edward Newgate ["OP17-040">OP17-040]
[] Drew card from deck: Edward Newgate ["OP17-040">OP17-040]
RZ1|94|2|OP17-040|0|36|1|4|1|1|0|0|0
RZ1|CHK|94|2|36|5|2|5|6|4|2|0|1|0
[] Drew card from deck: Stussy ["OP17-054">OP17-054]
RZ1|95|2|OP17-054|0|35|1|5|1|1|0|0|0
RZ1|CHK|95|2|35|6|2|5|6|4|2|0|1|0
[Opponent] Rocks D. Xebec ["OP17-039">OP17-039]: Draw 2 Card
Rocks D. Xebec ["OP17-039">OP17-039][5000] vs Dracule Mihawk ["OP14-020">OP14-020][6000]
Attack Fails
[] Hand: [OP17-049,OP08-051,OP17-118,OP17-046,OP17-040,OP17-054]
[] Board: [OP17-045,OP17-044]
[] Trash: [OP17-056,OP17-042]
[] Life: 5
[] Hand: [ST32-003,ST32-002,OP17-031,OP06-038,OP12-023]
[] Trash: [OP13-040]
[] Board: []
[] Life: 5
[Opponent] End Turn
[] Hand: [ST32-003,ST32-002,OP17-031,OP06-038,OP12-023]
[] Board: []
[] Trash: [OP13-040]
[] Life: 5
[] Hand: [OP17-049,OP08-051,OP17-118,OP17-046,OP17-040,OP17-054]
[] Trash: [OP17-056,OP17-042]
[] Board: [OP17-045,OP17-044]
[] Life: 5
[You] Draw 1 Card
[] Drew card from deck: Coffin Boat ["OP14-039">OP14-039]
RZ1|96|1|OP14-039|0|38|1|5|1|1|0|0|0
RZ1|CHK|96|1|38|6|0|5|7|3|1|0|1|0
RZ1|97|1|Don|4|6|5|3|1|1|0|0|0
RZ1|CHK|97|1|38|6|0|5|6|4|1|0|1|0
RZ1|98|1|Don|4|5|5|4|1|1|0|0|0
RZ1|CHK|98|1|38|6|0|5|5|5|1|0|1|0
[You] Draw 2 Don
RZ1|99|1|Don|5|0|5|0|1|1|1|0|0
RZ1|CHK|99|1|38|6|0|5|5|5|1|0|1|0
RZ1|100|1|Don|5|1|5|1|1|1|1|0|0
RZ1|CHK|100|1|38|6|0|5|5|5|1|0|1|0
RZ1|101|1|Don|5|2|5|2|1|1|1|0|0
RZ1|CHK|101|1|38|6|0|5|5|5|1|0|1|0
RZ1|102|1|Don|5|3|5|3|1|1|1|0|0
RZ1|CHK|102|1|38|6|0|5|5|5|1|0|1|0
RZ1|103|1|Don|5|4|5|4|1|1|1|0|0
RZ1|CHK|103|1|38|6|0|5|5|5|1|0|1|0
[You] Deploy Yasopp ["OP17-031">OP17-031]
RZ1|104|1|OP17-031|1|2|2|0|1|1|0|0|0
RZ1|CHK|104|1|38|5|1|5|5|5|1|0|1|0
[] Drew card from deck: Perona ["OP12-034">OP12-034]
RZ1|105|1|OP12-034|0|37|1|5|1|1|0|0|0
RZ1|CHK|105|1|37|6|1|5|5|5|1|0|1|0
[You] Yasopp ["OP17-031">OP17-031]: Draw 1 Card
[You] Yasopp ["OP17-031">OP17-031]: Rest Captain John ["OP17-044">OP17-044]
[You] Dracule Mihawk ["OP14-020">OP14-020] attacking Captain John ["OP17-044">OP17-044]
[Opponent] Discard Buckin ["OP08-051">OP08-051] for Counter 1000
RZ1|106|2|OP08-051|1|1|6|2|1|1|0|0|0
RZ1|CHK|106|2|35|5|2|5|6|4|3|0|1|0
Dracule Mihawk ["OP14-020">OP14-020][6000] vs Captain John ["OP17-044">OP17-044][7000]
Attack Fails
[] Hand: [ST32-003,ST32-002,OP06-038,OP12-023,OP14-039,OP12-034]
[] Board: [OP17-031]
[] Trash: [OP13-040]
[] Life: 5
[] Hand: [OP17-049,OP17-118,OP17-046,OP17-040,OP17-054]
[] Trash: [OP17-056,OP17-042,OP08-051]
[] Board: [OP17-045,OP17-044]
[] Life: 5
[You] End Turn
[] Hand: [OP17-049,OP17-118,OP17-046,OP17-040,OP17-054]
[] Board: [OP17-045,OP17-044]
[] Trash: [OP17-056,OP17-042,OP08-051]
[] Life: 5
[] Hand: [ST32-003,ST32-002,OP06-038,OP12-023,OP14-039,OP12-034]
[] Trash: [OP13-040]
[] Board: [OP17-031]
[] Life: 5
[Opponent] Draw 1 Card
[] Drew card from deck: Gloriosa ["OP17-046">OP17-046]
RZ1|107|2|OP17-046|0|34|1|5|1|1|0|0|0
RZ1|CHK|107|2|34|6|2|5|6|4|3|0|1|0
RZ1|108|2|Don|4|5|5|4|1|1|0|0|0
RZ1|CHK|108|2|34|6|2|5|5|5|3|0|1|0
RZ1|109|2|Don|4|4|5|5|1|1|0|0|0
RZ1|CHK|109|2|34|6|2|5|4|6|3|0|1|0
[Opponent] Draw 2 Don
RZ1|110|2|Don|5|0|5|0|1|1|1|0|0
RZ1|CHK|110|2|34|6|2|5|4|6|3|0|1|0
RZ1|111|2|Don|5|1|5|1|1|1|1|0|0
RZ1|CHK|111|2|34|6|2|5|4|6|3|0|1|0
RZ1|112|2|Don|5|2|5|2|1|1|1|0|0
RZ1|CHK|112|2|34|6|2|5|4|6|3|0|1|0
RZ1|113|2|Don|5|3|5|3|1|1|1|0|0
RZ1|CHK|113|2|34|6|2|5|4|6|3|0|1|0
[Opponent] Deploy Gloriosa ["OP17-046">OP17-046]
RZ1|114|2|OP17-046|1|5|2|2|1|1|0|0|0
RZ1|CHK|114|2|34|5|3|5|4|6|3|0|1|0
[Opponent] Gloriosa ["OP17-046">OP17-046]: Send Yasopp ["OP17-031">OP17-031] to Deck Bottom
RZ1|115|1|OP17-031|2|0|0|0|0|0|0|0|0
RZ1|CHK|115|1|38|6|0|5|5|5|1|0|1|0
[Opponent] Captain John ["OP17-044">OP17-044] attacking Dracule Mihawk ["OP14-020">OP14-020]
[You] Discard Kouzuki Oden ["ST32-002">ST32-002] for Counter 1000
RZ1|116|1|ST32-002|1|1|6|1|1|1|0|0|0
RZ1|CHK|116|1|38|5|0|5|5|5|2|0|1|0
Captain John ["OP17-044">OP17-044][6000] vs Dracule Mihawk ["OP14-020">OP14-020][7000]
Attack Fails
[Opponent] Attach 1 Don to Rocks D. Xebec ["OP17-039">OP17-039] (1 Total)
RZ1|117|2|Don|5|5|9|9900|1|1|0|0|0
RZ1|CHK|117|2|34|5|3|5|4|5|3|0|1|1
[Opponent] Attach 1 Don to Rocks D. Xebec ["OP17-039">OP17-039] (2 Total)
RZ1|118|2|Don|5|4|9|9901|1|1|0|0|0
RZ1|CHK|118|2|34|5|3|5|4|4|3|0|1|2
[Opponent] Rocks D. Xebec ["OP17-039">OP17-039] attacking Dracule Mihawk ["OP14-020">OP14-020]
RZ1|119|2|OP17-049|1|0|6|3|1|1|0|0|0
RZ1|CHK|119|2|34|4|3|5|4|4|4|0|1|2
[Opponent] Rocks D. Xebec ["OP17-039">OP17-039]: Trash Charlotte Linlin ["OP17-049">OP17-049]
RZ1|120|2|OP17-055|0|33|0|33|0|0|0|0|0
RZ1|CHK|120|2|34|4|3|5|4|4|4|0|1|2
[Opponent] Rocks D. Xebec ["OP17-039">OP17-039] revealed: There's No Authority in the World ["OP17-055">OP17-055]
[] Drew card from deck: There's No Authority in the World ["OP17-055">OP17-055]
RZ1|121|2|OP17-055|0|33|1|4|1|1|0|0|0
RZ1|CHK|121|2|33|5|3|5|4|4|4|0|1|2
[] Drew card from deck: Kaido ["OP17-042">OP17-042]
RZ1|122|2|OP17-042|0|32|1|5|1|1|0|0|0
RZ1|CHK|122|2|32|6|3|5|4|4|4|0|1|2
[Opponent] Rocks D. Xebec ["OP17-039">OP17-039]: Draw 2 Card
[You] Discard Perona ["OP12-034">OP12-034] for Counter 1000
RZ1|123|1|OP12-034|1|4|6|2|1|1|0|0|0
RZ1|CHK|123|1|38|4|0|5|5|5|3|0|1|0
[You] Discard Kawamatsu ["OP12-023">OP12-023] for Counter 2000
RZ1|124|1|OP12-023|1|2|6|3|1|1|0|0|0
RZ1|CHK|124|1|38|3|0|5|5|5|4|0|1|0
Rocks D. Xebec ["OP17-039">OP17-039][7000] vs Dracule Mihawk ["OP14-020">OP14-020][9000]
Attack Fails
[] Hand: [OP17-118,OP17-046,OP17-040,OP17-054,OP17-055,OP17-042]
[] Board: [OP17-045,OP17-044,OP17-046]
[] Trash: [OP17-056,OP17-042,OP08-051,OP17-049]
[] Life: 5
[] Hand: [ST32-003,OP06-038,OP14-039]
[] Trash: [OP13-040,ST32-002,OP12-034,OP12-023]
[] Board: []
[] Life: 5
[Opponent] End Turn
[] Hand: [ST32-003,OP06-038,OP14-039]
[] Board: []
[] Trash: [OP13-040,ST32-002,OP12-034,OP12-023]
[] Life: 5
[] Hand: [OP17-118,OP17-046,OP17-040,OP17-054,OP17-055,OP17-042]
[] Trash: [OP17-056,OP17-042,OP08-051,OP17-049]
[] Board: [OP17-045,OP17-044,OP17-046]
[] Life: 5
[You] Draw 1 Card
[] Drew card from deck: Shanks ["OP17-022">OP17-022]
RZ1|125|1|OP17-022|0|37|1|3|1|1|0|0|0
RZ1|CHK|125|1|37|4|0|5|5|5|4|0|1|0
RZ1|126|1|Don|4|4|5|5|1|1|0|0|0
RZ1|CHK|126|1|37|4|0|5|4|6|4|0|1|0
RZ1|127|1|Don|4|3|5|6|1|1|0|0|0
RZ1|CHK|127|1|37|4|0|5|3|7|4|0|1|0
[You] Draw 2 Don
RZ1|128|1|Don|5|0|5|0|1|1|1|0|0
RZ1|CHK|128|1|37|4|0|5|3|7|4|0|1|0
RZ1|129|1|Don|5|1|5|1|1|1|1|0|0
RZ1|CHK|129|1|37|4|0|5|3|7|4|0|1|0
RZ1|130|1|Don|5|2|5|2|1|1|1|0|0
RZ1|CHK|130|1|37|4|0|5|3|7|4|0|1|0
RZ1|131|1|Don|5|3|5|3|1|1|1|0|0
RZ1|CHK|131|1|37|4|0|5|3|7|4|0|1|0
RZ1|132|1|Don|5|4|5|4|1|1|1|0|0
RZ1|CHK|132|1|37|4|0|5|3|7|4|0|1|0
RZ1|133|1|Don|5|5|5|5|1|1|1|0|0
RZ1|CHK|133|1|37|4|0|5|3|7|4|0|1|0
[You] Deploy Dracule Mihawk ["ST32-003">ST32-003]
RZ1|134|1|ST32-003|1|0|2|0|1|1|0|0|0
RZ1|CHK|134|1|37|3|1|5|3|7|4|0|1|0
[You] Dracule Mihawk ["OP14-020">OP14-020] attacking Captain John ["OP17-044">OP17-044]
[Opponent] There's No Authority in the World ["OP17-055">OP17-055]: Activate Counter
RZ1|135|2|OP17-055|1|4|6|4|1|1|0|0|0
RZ1|CHK|135|2|32|5|3|5|4|4|5|0|1|2
[Opponent] There's No Authority in the World ["OP17-055">OP17-055]: Buff Captain John ["OP17-044">OP17-044] 2000 for the Combat
Dracule Mihawk ["OP14-020">OP14-020][6000] vs Captain John ["OP17-044">OP17-044][8000]
Attack Fails
RZ1|136|1|Don|5|6|5|6|1|1|1|0|0
RZ1|CHK|136|1|37|3|1|5|3|7|4|0|1|0
[You] Deploy Coffin Boat ["OP14-039">OP14-039]
RZ1|137|1|OP14-039|1|1|7|0|1|1|0|0|0
RZ1|CHK|137|1|37|2|1|5|3|7|4|1|1|0
[] Drew card from deck: Vander Decken IX ["OP06-033">OP06-033]
RZ1|138|1|OP06-033|0|36|1|2|1|1|0|0|0
RZ1|CHK|138|1|36|3|1|5|3|7|4|1|1|0
[You] Coffin Boat ["OP14-039">OP14-039]: Draw 1 Card
[You] Coffin Boat ["OP14-039">OP14-039]: Activate 1 Don
RZ1|139|1|Don|5|6|5|6|1|1|0|0|0
RZ1|CHK|139|1|36|3|1|5|3|7|4|1|1|0
[] Hand: [OP06-038,OP17-022,OP06-033]
[] Board: [ST32-003]
[] Trash: [OP13-040,ST32-002,OP12-034,OP12-023]
[] Life: 5
[] Hand: [OP17-118,OP17-046,OP17-040,OP17-054,OP17-042]
[] Trash: [OP17-056,OP17-042,OP08-051,OP17-049,OP17-055]
[] Board: [OP17-045,OP17-044,OP17-046]
[] Life: 5
[You] End Turn
[] Hand: [OP17-118,OP17-046,OP17-040,OP17-054,OP17-042]
[] Board: [OP17-045,OP17-044,OP17-046]
[] Trash: [OP17-056,OP17-042,OP08-051,OP17-049,OP17-055]
[] Life: 5
[] Hand: [OP06-038,OP17-022,OP06-033]
[] Trash: [OP13-040,ST32-002,OP12-034,OP12-023]
[] Board: [ST32-003]
[] Life: 5
RZ1|140|2|Don|9|9900|5|0|1|1|1|0|0
RZ1|CHK|140|2|32|5|3|5|4|5|5|0|1|1
RZ1|141|2|Don|9|9900|5|0|1|1|1|0|0
RZ1|CHK|141|2|32|5|3|5|4|6|5|0|1|0
[Opponent] Draw 1 Card
[] Drew card from deck: Streusen ["OP17-050">OP17-050]
RZ1|142|2|OP17-050|0|31|1|5|1|1|0|0|0
RZ1|CHK|142|2|31|6|3|5|4|6|5|0|1|0
RZ1|143|2|Don|4|3|5|6|1|1|0|0|0
RZ1|CHK|143|2|31|6|3|5|3|7|5|0|1|0
RZ1|144|2|Don|4|2|5|7|1|1|0|0|0
RZ1|CHK|144|2|31|6|3|5|2|8|5|0|1|0
[Opponent] Draw 2 Don
RZ1|145|2|Don|5|0|5|0|1|1|1|0|0
RZ1|CHK|145|2|31|6|3|5|2|8|5|0|1|0
RZ1|146|2|Don|5|1|5|1|1|1|1|0|0
RZ1|CHK|146|2|31|6|3|5|2|8|5|0|1|0
RZ1|147|2|Don|5|2|5|2|1|1|1|0|0
RZ1|CHK|147|2|31|6|3|5|2|8|5|0|1|0
RZ1|148|2|Don|5|3|5|3|1|1|1|0|0
RZ1|CHK|148|2|31|6|3|5|2|8|5|0|1|0
RZ1|149|2|Don|5|4|5|4|1|1|1|0|0
RZ1|CHK|149|2|31|6|3|5|2|8|5|0|1|0
RZ1|150|2|Don|5|5|5|5|1|1|1|0|0
RZ1|CHK|150|2|31|6|3|5|2|8|5|0|1|0
[Opponent] Deploy Edward Newgate ["OP17-040">OP17-040]
RZ1|151|2|OP17-040|1|2|2|3|1|1|0|0|0
RZ1|CHK|151|2|31|5|4|5|2|8|5|0|1|0
[] Drew card from deck: Charlotte Linlin ["OP17-049">OP17-049]
RZ1|152|2|OP17-049|0|30|1|5|1|1|0|0|0
RZ1|CHK|152|2|30|6|4|5|2|8|5|0|1|0
[Opponent] Edward Newgate ["OP17-040">OP17-040]: Draw 1 Card
RZ1|153|2|Don|5|6|5|6|1|1|1|0|0
RZ1|CHK|153|2|30|6|4|5|2|8|5|0|1|0
[Opponent] Deploy Streusen ["OP17-050">OP17-050]
RZ1|154|2|OP17-050|1|4|2|4|1|1|0|0|0
RZ1|CHK|154|2|30|5|5|5|2|8|5|0|1|0
[Opponent] Placing Cards on Top of Deck
RZ1|155|2|OP17-049|0|29|0|29|0|0|0|0|0
RZ1|CHK|155|2|30|5|5|5|2|8|5|0|1|0
RZ1|156|2|OP17-055|0|28|0|29|0|0|0|0|0
RZ1|CHK|156|2|30|5|5|5|2|8|5|0|1|0
[] Drew card from deck: There's No Authority in the World ["OP17-055">OP17-055]
RZ1|157|2|OP17-055|0|29|1|5|1|1|0|0|0
RZ1|CHK|157|2|29|6|5|5|2|8|5|0|1|0
[Opponent] Streusen ["OP17-050">OP17-050]: Draw 1 Card
[Opponent] Attach 1 Don to Rocks D. Xebec ["OP17-039">OP17-039] (1 Total)
RZ1|158|2|Don|5|7|9|9900|1|1|0|0|0
RZ1|CHK|158|2|29|6|5|5|2|7|5|0|1|1
[Opponent] Rocks D. Xebec ["OP17-039">OP17-039] attacking Dracule Mihawk ["OP14-020">OP14-020]
RZ1|159|2|OP17-042|1|3|6|5|1|1|0|0|0
RZ1|CHK|159|2|29|5|5|5|2|7|6|0|1|1
[Opponent] Rocks D. Xebec ["OP17-039">OP17-039]: Trash Kaido ["OP17-042">OP17-042]
RZ1|160|2|OP17-049|0|28|0|28|0|0|0|0|0
RZ1|CHK|160|2|29|5|5|5|2|7|6|0|1|1
[Opponent] Rocks D. Xebec ["OP17-039">OP17-039] revealed: Charlotte Linlin ["OP17-049">OP17-049]
[] Drew card from deck: Charlotte Linlin ["OP17-049">OP17-049]
RZ1|161|2|OP17-049|0|28|1|5|1|1|0|0|0
RZ1|CHK|161|2|28|6|5|5|2|7|6|0|1|1
[] Drew card from deck: Buckin ["OP08-051">OP08-051]
RZ1|162|2|OP08-051|0|27|1|6|1|1|0|0|0
RZ1|CHK|162|2|27|7|5|5|2|7|6|0|1|1
[Opponent] Rocks D. Xebec ["OP17-039">OP17-039]: Draw 2 Card
RZ1|163|2|OP17-049|1|5|6|6|1|1|0|0|0
RZ1|CHK|163|2|27|6|5|5|2|7|7|0|1|1
[Opponent] Edward Newgate ["OP17-040">OP17-040]: Trash Charlotte Linlin ["OP17-049">OP17-049]
[Opponent] Edward Newgate ["OP17-040">OP17-040]: Buff Rocks D. Xebec ["OP17-039">OP17-039] 3000 for the Combat
Rocks D. Xebec ["OP17-039">OP17-039][9000] vs Dracule Mihawk ["OP14-020">OP14-020][6000]
Dracule Mihawk ["OP14-020">OP14-020] hit for 1 damage
RZ1|164|1|OP06-033|3|4|1|3|1|1|0|0|0
RZ1|CHK|164|1|36|4|1|4|3|7|4|1|1|0
[Opponent] Captain John ["OP17-044">OP17-044] attacking Dracule Mihawk ["OP14-020">OP14-020]
Captain John ["OP17-044">OP17-044][6000] vs Dracule Mihawk ["OP14-020">OP14-020][6000]
Dracule Mihawk ["OP14-020">OP14-020] hit for 1 damage
RZ1|165|1|OP06-038|3|3|1|4|1|1|0|0|0
RZ1|CHK|165|1|36|5|1|3|3|7|4|1|1|0
[You] Billion-fold World Trichiliocosm ["OP06-038">OP06-038]: Activate Trigger
RZ1|166|1|OP06-038|1|4|6|4|1|1|0|0|0
RZ1|CHK|166|1|36|4|1|3|3|7|5|1|1|0
[] Hand: [OP17-118,OP17-046,OP17-054,OP17-049,OP17-055,OP08-051]
[] Board: [OP17-045,OP17-044,OP17-046,OP17-040,OP17-050]
[] Trash: [OP17-056,OP17-042,OP08-051,OP17-049,OP17-055,OP17-042,OP17-049]
[] Life: 5
[] Hand: [OP06-038,OP17-022,OP06-033,OP06-033]
[] Trash: [OP13-040,ST32-002,OP12-034,OP12-023,OP06-038]
[] Board: [ST32-003]
[] Life: 3
[Opponent] End Turn
[] Hand: [OP06-038,OP17-022,OP06-033,OP06-033]
[] Board: [ST32-003]
[] Trash: [OP13-040,ST32-002,OP12-034,OP12-023,OP06-038]
[] Life: 3
[] Hand: [OP17-118,OP17-046,OP17-054,OP17-049,OP17-055,OP08-051]
[] Trash: [OP17-056,OP17-042,OP08-051,OP17-049,OP17-055,OP17-042,OP17-049]
[] Board: [OP17-045,OP17-044,OP17-046,OP17-040,OP17-050]
[] Life: 5
[You] Draw 1 Card
[] Drew card from deck: Vander Decken IX ["OP06-033">OP06-033]
RZ1|167|1|OP06-033|0|35|1|4|1|1|0|0|0
RZ1|CHK|167|1|35|5|1|3|3|7|5|1|1|0
RZ1|168|1|Don|4|2|5|7|1|1|0|0|0
RZ1|CHK|168|1|35|5|1|3|2|8|5|1|1|0
RZ1|169|1|Don|4|1|5|8|1|1|0|0|0
RZ1|CHK|169|1|35|5|1|3|1|9|5|1|1|0
[You] Draw 2 Don
[You] Dracule Mihawk ["OP14-020">OP14-020] attacking Captain John ["OP17-044">OP17-044]
[Opponent] Discard Buckin ["OP08-051">OP08-051] for Counter 1000
RZ1|170|2|OP08-051|1|5|6|7|1|1|0|0|0
RZ1|CHK|170|2|27|5|5|5|2|7|8|0|1|1
Dracule Mihawk ["OP14-020">OP14-020][6000] vs Captain John ["OP17-044">OP17-044][7000]
Attack Fails
[You] Dracule Mihawk ["ST32-003">ST32-003] attacking Captain John ["OP17-044">OP17-044]
[] Drew card from deck: I Know You're Strong... So I'll Go All Out ["OP13-040">OP13-040]
RZ1|171|1|OP13-040|0|34|1|5|1|1|0|0|0
RZ1|CHK|171|1|34|6|1|3|1|9|5|1|1|0
[You] Dracule Mihawk ["ST32-003">ST32-003]: Draw 1 Card
RZ1|172|1|OP06-033|1|2|6|5|1|1|0|0|0
RZ1|CHK|172|1|34|5|1|3|1|9|6|1|1|0
[You] Dracule Mihawk ["ST32-003">ST32-003]: Trash Vander Decken IX ["OP06-033">OP06-033]
[Opponent] There's No Authority in the World ["OP17-055">OP17-055]: Activate Counter
RZ1|173|2|OP17-055|1|4|6|8|1|1|0|0|0
RZ1|CHK|173|2|27|4|5|5|2|7|9|0|1|1
[Opponent] There's No Authority in the World ["OP17-055">OP17-055]: Buff Captain John ["OP17-044">OP17-044] 2000 for the Combat
Dracule Mihawk ["ST32-003">ST32-003][7000] vs Captain John ["OP17-044">OP17-044][8000]
Attack Fails
RZ1|174|1|Don|5|0|5|0|1|1|1|0|0
RZ1|CHK|174|1|34|5|1|3|1|9|6|1|1|0
RZ1|175|1|Don|5|1|5|1|1|1|1|0|0
RZ1|CHK|175|1|34|5|1|3|1|9|6|1|1|0
[You] Deploy Vander Decken IX ["OP06-033">OP06-033]
RZ1|176|1|OP06-033|1|2|2|1|1|1|0|0|0
RZ1|CHK|176|1|34|4|2|3|1|9|6|1|1|0
RZ1|177|1|Don|5|2|5|2|1|1|1|0|0
RZ1|CHK|177|1|34|4|2|3|1|9|6|1|1|0
RZ1|178|1|Don|5|3|5|3|1|1|1|0|0
RZ1|CHK|178|1|34|4|2|3|1|9|6|1|1|0
[You] Deploy Vander Decken IX ["OP06-033">OP06-033]
RZ1|179|1|OP06-033|1|2|2|2|1|1|0|0|0
RZ1|CHK|179|1|34|3|3|3|1|9|6|1|1|0
[You] I Know You're Strong... So I'll Go All Out ["OP13-040">OP13-040]: Rest 1 Don
RZ1|180|1|Don|5|4|5|4|1|1|1|0|0
RZ1|CHK|180|1|34|3|3|3|1|9|6|1|1|0
RZ1|181|1|OP13-040|1|2|6|6|1|1|0|0|0
RZ1|CHK|181|1|34|2|3|3|1|9|7|1|1|0
[You] Coffin Boat ["OP14-039">OP14-039]: Activate 1 Don
RZ1|182|1|Don|5|4|5|4|1|1|0|0|0
RZ1|CHK|182|1|34|2|3|3|1|9|7|1|1|0
[] Hand: [OP06-038,OP17-022]
[] Board: [ST32-003,OP06-033,OP06-033]
[] Trash: [OP13-040,ST32-002,OP12-034,OP12-023,OP06-038,OP06-033,OP13-040]
[] Life: 3
[] Hand: [OP17-118,OP17-046,OP17-054,OP17-049]
[] Trash: [OP17-056,OP17-042,OP08-051,OP17-049,OP17-055,OP17-042,OP17-049,OP08-051,OP17-055]
[] Board: [OP17-045,OP17-044,OP17-046,OP17-040,OP17-050]
[] Life: 5
[You] End Turn
[] Hand: [OP17-118,OP17-046,OP17-054,OP17-049]
[] Board: [OP17-045,OP17-044,OP17-046,OP17-040,OP17-050]
[] Trash: [OP17-056,OP17-042,OP08-051,OP17-049,OP17-055,OP17-042,OP17-049,OP08-051,OP17-055]
[] Life: 5
[] Hand: [OP06-038,OP17-022]
[] Trash: [OP13-040,ST32-002,OP12-034,OP12-023,OP06-038,OP06-033,OP13-040]
[] Board: [ST32-003,OP06-033,OP06-033]
[] Life: 3
RZ1|183|2|Don|9|9900|5|0|1|1|1|0|0
RZ1|CHK|183|2|27|4|5|5|2|8|9|0|1|0
[Opponent] Draw 1 Card
[] Drew card from deck: Kyo ["OP17-045">OP17-045]
RZ1|184|2|OP17-045|0|26|1|4|1|1|0|0|0
RZ1|CHK|184|2|26|5|5|5|2|8|9|0|1|0
RZ1|185|2|Don|4|1|5|8|1|1|0|0|0
RZ1|CHK|185|2|26|5|5|5|1|9|9|0|1|0
RZ1|186|2|Don|4|0|5|9|1|1|0|0|0
RZ1|CHK|186|2|26|5|5|5|0|10|9|0|1|0
[Opponent] Draw 2 Don
RZ1|187|2|Don|5|0|5|0|1|1|1|0|0
RZ1|CHK|187|2|26|5|5|5|0|10|9|0|1|0
RZ1|188|2|Don|5|1|5|1|1|1|1|0|0
RZ1|CHK|188|2|26|5|5|5|0|10|9|0|1|0
RZ1|189|2|Don|5|2|5|2|1|1|1|0|0
RZ1|CHK|189|2|26|5|5|5|0|10|9|0|1|0
RZ1|190|2|Don|5|3|5|3|1|1|1|0|0
RZ1|CHK|190|2|26|5|5|5|0|10|9|0|1|0
RZ1|191|2|Don|5|4|5|4|1|1|1|0|0
RZ1|CHK|191|2|26|5|5|5|0|10|9|0|1|0
RZ1|192|2|Don|5|5|5|5|1|1|1|0|0
RZ1|CHK|192|2|26|5|5|5|0|10|9|0|1|0
RZ1|193|2|Don|5|6|5|6|1|1|1|0|0
RZ1|CHK|193|2|26|5|5|5|0|10|9|0|1|0
RZ1|194|2|Don|5|7|5|7|1|1|1|0|0
RZ1|CHK|194|2|26|5|5|5|0|10|9|0|1|0
RZ1|195|2|Don|5|8|5|8|1|1|1|0|0
RZ1|CHK|195|2|26|5|5|5|0|10|9|0|1|0
RZ1|196|2|Don|5|9|5|9|1|1|1|0|0
RZ1|CHK|196|2|26|5|5|5|0|10|9|0|1|0
[Opponent] Trash Streusen ["OP17-050">OP17-050]
[Opponent] Deploy Rocks D. Xebec ["OP17-118">OP17-118]
RZ1|197|2|OP17-050|2|4|6|9|1|1|0|0|0
RZ1|CHK|197|2|26|5|4|5|0|10|10|0|1|0
RZ1|198|2|OP17-118|1|0|2|4|1|1|0|0|0
RZ1|CHK|198|2|26|4|5|5|0|10|10|0|1|0
[] Drew card from deck: Captain John ["OP17-044">OP17-044]
RZ1|199|2|OP17-044|0|25|1|4|1|1|0|0|0
RZ1|CHK|199|2|25|5|5|5|0|10|10|0|1|0
[Opponent] Rocks D. Xebec ["OP17-118">OP17-118]: Draw 1 Card
RZ1|200|2|OP17-045|2|0|6|10|1|1|0|0|0
RZ1|CHK|200|2|25|5|4|5|0|10|11|0|1|0
[Opponent] Trash Kyo ["OP17-045">OP17-045]
RZ1|201|2|OP17-049|1|2|2|4|1|1|0|0|0
RZ1|CHK|201|2|25|4|5|5|0|10|11|0|1|0
[Opponent] Rocks D. Xebec ["OP17-118">OP17-118]: Deploy Charlotte Linlin ["OP17-049">OP17-049]
[Opponent] Forcing opponent to resolve Card Action!
RZ1|202|1|OP06-038|1|0|6|7|1|1|0|0|0
RZ1|CHK|202|1|34|1|3|3|1|9|8|1|1|0
[You] Charlotte Linlin ["OP17-049">OP17-049]: Trash Billion-fold World Trichiliocosm ["OP06-038">OP06-038]
RZ1|203|1|OP17-022|1|0|6|8|1|1|0|0|0
RZ1|CHK|203|1|34|0|3|3|1|9|9|1|1|0
[You] Charlotte Linlin ["OP17-049">OP17-049]: Trash Shanks ["OP17-022">OP17-022]
[Opponent] Captain John ["OP17-044">OP17-044] attacking Dracule Mihawk ["OP14-020">OP14-020]
Captain John ["OP17-044">OP17-044][6000] vs Dracule Mihawk ["OP14-020">OP14-020][6000]
Dracule Mihawk ["OP14-020">OP14-020] hit for 1 damage
RZ1|204|1|OP01-055|3|2|1|0|1|1|0|0|0
RZ1|CHK|204|1|34|1|3|2|1|9|9|1|1|0
[Opponent] Edward Newgate ["OP17-040">OP17-040] attacking Dracule Mihawk ["OP14-020">OP14-020]
Edward Newgate ["OP17-040">OP17-040][8000] vs Dracule Mihawk ["OP14-020">OP14-020][6000]
Dracule Mihawk ["OP14-020">OP14-020] hit for 1 damage
RZ1|205|1|OP14-039|3|1|1|1|1|1|0|0|0
RZ1|CHK|205|1|34|2|3|1|1|9|9|1|1|0
[Opponent] Rocks D. Xebec ["OP17-039">OP17-039] attacking Dracule Mihawk ["OP14-020">OP14-020]
RZ1|206|2|OP17-044|1|3|6|11|1|1|0|0|0
RZ1|CHK|206|2|25|3|5|5|0|10|12|0|1|0
[Opponent] Edward Newgate ["OP17-040">OP17-040]: Trash Captain John ["OP17-044">OP17-044]
[Opponent] Edward Newgate ["OP17-040">OP17-040]: Buff Rocks D. Xebec ["OP17-039">OP17-039] 3000 for the Combat
RZ1|207|2|OP17-045|1|2|6|12|1|1|0|0|0
RZ1|CHK|207|2|25|2|5|5|0|10|13|0|1|0
[Opponent] Rocks D. Xebec ["OP17-039">OP17-039]: Trash Kyo ["OP17-045">OP17-045]
RZ1|208|2|OP17-046|0|24|0|24|0|0|0|0|0
RZ1|CHK|208|2|25|2|5|5|0|10|13|0|1|0
[Opponent] Rocks D. Xebec ["OP17-039">OP17-039] revealed: Gloriosa ["OP17-046">OP17-046]
[] Drew card from deck: Gloriosa ["OP17-046">OP17-046]
RZ1|209|2|OP17-046|0|24|1|2|1|1|0|0|0
RZ1|CHK|209|2|24|3|5|5|0|10|13|0|1|0
[] Drew card from deck: Edward Newgate ["OP17-040">OP17-040]
RZ1|210|2|OP17-040|0|23|1|3|1|1|0|0|0
RZ1|CHK|210|2|23|4|5|5|0|10|13|0|1|0
[Opponent] Rocks D. Xebec ["OP17-039">OP17-039]: Draw 2 Card
Rocks D. Xebec ["OP17-039">OP17-039][8000] vs Dracule Mihawk ["OP14-020">OP14-020][6000]
Dracule Mihawk ["OP14-020">OP14-020] hit for 1 damage
RZ1|211|1|OP17-031|3|0|1|2|1|1|0|0|0
RZ1|CHK|211|1|34|3|3|0|1|9|9|1|1|0
[] Hand: [OP17-046,OP17-054,OP17-046,OP17-040]
[] Board: [OP17-044,OP17-046,OP17-040,OP17-118,OP17-049]
[] Trash: [OP17-056,OP17-042,OP08-051,OP17-049,OP17-055,OP17-042,OP17-049,OP08-051,OP17-055,OP17-050,OP17-045,OP17-044,OP17-045]
[] Life: 5
[] Hand: [OP01-055,OP14-039,OP17-031]
[] Trash: [OP13-040,ST32-002,OP12-034,OP12-023,OP06-038,OP06-033,OP13-040,OP06-038,OP17-022]
[] Board: [ST32-003,OP06-033,OP06-033]
[] Life: 0
[Opponent] End Turn
[] Hand: [OP01-055,OP14-039,OP17-031]
[] Board: [ST32-003,OP06-033,OP06-033]
[] Trash: [OP13-040,ST32-002,OP12-034,OP12-023,OP06-038,OP06-033,OP13-040,OP06-038,OP17-022]
[] Life: 0
[] Hand: [OP17-046,OP17-054,OP17-046,OP17-040]
[] Trash: [OP17-056,OP17-042,OP08-051,OP17-049,OP17-055,OP17-042,OP17-049,OP08-051,OP17-055,OP17-050,OP17-045,OP17-044,OP17-045]
[] Board: [OP17-044,OP17-046,OP17-040,OP17-118,OP17-049]
[] Life: 5
[You] Draw 1 Card
[] Drew card from deck: Otama ["OP07-022">OP07-022]
RZ1|212|1|OP07-022|0|33|1|3|1|1|0|0|0
RZ1|CHK|212|1|33|4|3|0|1|9|9|1|1|0
RZ1|213|1|Don|4|0|5|9|1|1|0|0|0
RZ1|CHK|213|1|33|4|3|0|0|10|9|1|1|0
[You] Draw 2 Don
RZ1|214|1|Don|5|0|5|0|1|1|1|0|0
RZ1|CHK|214|1|33|4|3|0|0|10|9|1|1|0
RZ1|215|1|Don|5|1|5|1|1|1|1|0|0
RZ1|CHK|215|1|33|4|3|0|0|10|9|1|1|0
RZ1|216|1|Don|5|2|5|2|1|1|1|0|0
RZ1|CHK|216|1|33|4|3|0|0|10|9|1|1|0
RZ1|217|1|Don|5|3|5|3|1|1|1|0|0
RZ1|CHK|217|1|33|4|3|0|0|10|9|1|1|0
RZ1|218|1|Don|5|4|5|4|1|1|1|0|0
RZ1|CHK|218|1|33|4|3|0|0|10|9|1|1|0
[You] Deploy Yasopp ["OP17-031">OP17-031]
RZ1|219|1|OP17-031|1|2|2|3|1|1|0|0|0
RZ1|CHK|219|1|33|3|4|0|0|10|9|1|1|0
[] Drew card from deck: Trafalgar Law ["OP13-031">OP13-031]
RZ1|220|1|OP13-031|0|32|1|3|1|1|0|0|0
RZ1|CHK|220|1|32|4|4|0|0|10|9|1|1|0
[You] Yasopp ["OP17-031">OP17-031]: Draw 1 Card
[You] Yasopp ["OP17-031">OP17-031]: Rest Gloriosa ["OP17-046">OP17-046]
[You] Dracule Mihawk ["OP14-020">OP14-020] attacking Captain John ["OP17-044">OP17-044]
RZ1|221|2|OP17-040|1|3|6|13|1|1|0|0|0
RZ1|CHK|221|2|23|3|5|5|0|10|14|0|1|0
[Opponent] Charlotte Linlin ["OP17-049">OP17-049]: Trash Edward Newgate ["OP17-040">OP17-040]
[Opponent] Charlotte Linlin ["OP17-049">OP17-049]: Buff Captain John ["OP17-044">OP17-044] 1000 for the Combat
Dracule Mihawk ["OP14-020">OP14-020][6000] vs Captain John ["OP17-044">OP17-044][7000]
Attack Fails
[You] Dracule Mihawk ["ST32-003">ST32-003] attacking Captain John ["OP17-044">OP17-044]
[] Drew card from deck: Billion-fold World Trichiliocosm ["OP06-038">OP06-038]
RZ1|222|1|OP06-038|0|31|1|4|1|1|0|0|0
RZ1|CHK|222|1|31|5|4|0|0|10|9|1|1|0
[You] Dracule Mihawk ["ST32-003">ST32-003]: Draw 1 Card
RZ1|223|1|OP07-022|1|2|6|9|1|1|0|0|0
RZ1|CHK|223|1|31|4|4|0|0|10|10|1|1|0
[You] Dracule Mihawk ["ST32-003">ST32-003]: Trash Otama ["OP07-022">OP07-022]
Dracule Mihawk ["ST32-003">ST32-003][7000] vs Captain John ["OP17-044">OP17-044][6000]
[Opponent] Captain John ["OP17-044">OP17-044] Destroyed
RZ1|224|2|OP17-044|2|0|6|14|1|1|0|0|0
RZ1|CHK|224|2|23|3|4|5|0|10|15|0|1|0
RZ1|225|1|Don|5|5|9|100|1|1|0|0|0
RZ1|CHK|225|1|31|4|4|0|0|9|10|1|1|1
RZ1|226|1|Don|5|5|9|101|1|1|0|0|0
RZ1|CHK|226|1|31|4|4|0|0|8|10|1|1|2
RZ1|227|1|Don|5|5|9|102|1|1|0|0|0
RZ1|CHK|227|1|31|4|4|0|0|7|10|1|1|3
[You] Attach 3 Don to Vander Decken IX ["OP06-033">OP06-033] (3 Total)
[You] Vander Decken IX ["OP06-033">OP06-033] attacking Rocks D. Xebec ["OP17-039">OP17-039]
Vander Decken IX ["OP06-033">OP06-033][5000] vs Rocks D. Xebec ["OP17-039">OP17-039][5000]
Rocks D. Xebec ["OP17-039">OP17-039] hit for 1 damage
RZ1|228|2|OP17-040|3|4|1|3|1|1|0|0|0
RZ1|CHK|228|2|23|4|4|4|0|10|15|0|1|0
[You] Vander Decken IX ["OP06-033">OP06-033] attacking Gloriosa ["OP17-046">OP17-046]
Vander Decken IX ["OP06-033">OP06-033][2000] vs Gloriosa ["OP17-046">OP17-046][1000]
[Opponent] Gloriosa ["OP17-046">OP17-046] Destroyed
RZ1|229|2|OP17-046|2|0|6|15|1|1|0|0|0
RZ1|CHK|229|2|23|4|3|4|0|10|16|0|1|0
[You] Coffin Boat ["OP14-039">OP14-039]: Activate 1 Don
RZ1|230|1|Don|5|4|5|4|1|1|0|0|0
RZ1|CHK|230|1|31|4|4|0|0|7|10|1|1|3
[] Hand: [OP01-055,OP14-039,OP13-031,OP06-038]
[] Board: [ST32-003,OP06-033,OP06-033,OP17-031]
[] Trash: [OP13-040,ST32-002,OP12-034,OP12-023,OP06-038,OP06-033,OP13-040,OP06-038,OP17-022,OP07-022]
[] Life: 0
[] Hand: [OP17-046,OP17-054,OP17-046,OP17-040]
[] Trash: [OP17-056,OP17-042,OP08-051,OP17-049,OP17-055,OP17-042,OP17-049,OP08-051,OP17-055,OP17-050,OP17-045,OP17-044,OP17-045,OP17-040,OP17-044,OP17-046]
[] Board: [OP17-040,OP17-118,OP17-049]
[] Life: 4
[You] End Turn
[] Hand: [OP17-046,OP17-054,OP17-046,OP17-040]
[] Board: [OP17-040,OP17-118,OP17-049]
[] Trash: [OP17-056,OP17-042,OP08-051,OP17-049,OP17-055,OP17-042,OP17-049,OP08-051,OP17-055,OP17-050,OP17-045,OP17-044,OP17-045,OP17-040,OP17-044,OP17-046]
[] Life: 4
[] Hand: [OP01-055,OP14-039,OP13-031,OP06-038]
[] Trash: [OP13-040,ST32-002,OP12-034,OP12-023,OP06-038,OP06-033,OP13-040,OP06-038,OP17-022,OP07-022]
[] Board: [ST32-003,OP06-033,OP06-033,OP17-031]
[] Life: 0
[Opponent] Draw 1 Card
[] Drew card from deck: Streusen ["OP17-050">OP17-050]
RZ1|231|2|OP17-050|0|22|1|4|1|1|0|0|0
RZ1|CHK|231|2|22|5|3|4|0|10|16|0|1|0
[Opponent] Attach 10 Don to Rocks D. Xebec ["OP17-118">OP17-118] (10 Total)
RZ1|232|2|Don|5|0|9|100|1|1|0|0|0
RZ1|CHK|232|2|22|5|3|4|0|9|16|0|1|1
RZ1|233|2|Don|5|0|9|101|1|1|0|0|0
RZ1|CHK|233|2|22|5|3|4|0|8|16|0|1|2
RZ1|234|2|Don|5|0|9|102|1|1|0|0|0
RZ1|CHK|234|2|22|5|3|4|0|7|16|0|1|3
RZ1|235|2|Don|5|0|9|103|1|1|0|0|0
RZ1|CHK|235|2|22|5|3|4|0|6|16|0|1|4
RZ1|236|2|Don|5|0|9|104|1|1|0|0|0
RZ1|CHK|236|2|22|5|3|4|0|5|16|0|1|5
RZ1|237|2|Don|5|0|9|105|1|1|0|0|0
RZ1|CHK|237|2|22|5|3|4|0|4|16|0|1|6
RZ1|238|2|Don|5|0|9|106|1|1|0|0|0
RZ1|CHK|238|2|22|5|3|4|0|3|16|0|1|7
RZ1|239|2|Don|5|0|9|107|1|1|0|0|0
RZ1|CHK|239|2|22|5|3|4|0|2|16|0|1|8
RZ1|240|2|Don|5|0|9|108|1|1|0|0|0
RZ1|CHK|240|2|22|5|3|4|0|1|16|0|1|9
RZ1|241|2|Don|5|0|9|109|1|1|0|0|0
RZ1|CHK|241|2|22|5|3|4|0|0|16|0|1|10
[Opponent] Rocks D. Xebec ["OP17-118">OP17-118] attacking Dracule Mihawk ["OP14-020">OP14-020]
Rocks D. Xebec ["OP17-118">OP17-118][22000] vs Dracule Mihawk ["OP14-020">OP14-020][6000]
Dracule Mihawk ["OP14-020">OP14-020] hit for 1 damage
[You] <b>Downloaded the Combat Log!</b>
[You] <b>Downloaded the Combat Log!</b>
[You] <b>Downloaded the Combat Log!</b>
GameOver
