Version is 1.44a.14
[You] Leader is Dracule Mihawk ["OP14-020">OP14-020]
[Opponent] Leader is Luffy & Ace ["ST30-001">ST30-001]
RZ1|3|2|OP01-030|0|31|0|0|0|0|0|0|0
RZ1|CHK|3|2|50|0|0|0|10|0|0|0|1|0
RZ1|4|2|OP04-016|0|29|0|1|0|0|0|0|0
RZ1|CHK|4|2|50|0|0|0|10|0|0|0|1|0
RZ1|5|2|OP01-016|0|9|0|2|0|0|0|0|0
RZ1|CHK|5|2|50|0|0|0|10|0|0|0|1|0
RZ1|6|2|ST31-001|0|19|0|3|0|0|0|0|0
RZ1|CHK|6|2|50|0|0|0|10|0|0|0|1|0
RZ1|7|2|OP12-015|0|11|0|5|0|0|0|0|0
RZ1|CHK|7|2|50|0|0|0|10|0|0|0|1|0
RZ1|8|2|OP01-057|0|39|0|6|0|0|0|0|0
RZ1|CHK|8|2|50|0|0|0|10|0|0|0|1|0
RZ1|9|2|ST31-001|0|20|0|7|0|0|0|0|0
RZ1|CHK|9|2|50|0|0|0|10|0|0|0|1|0
RZ1|10|2|OP01-030|0|34|0|8|0|0|0|0|0
RZ1|CHK|10|2|50|0|0|0|10|0|0|0|1|0
RZ1|11|2|OP04-016|0|33|0|9|0|0|0|0|0
RZ1|CHK|11|2|50|0|0|0|10|0|0|0|1|0
RZ1|12|2|ST30-012|0|29|0|10|0|0|0|0|0
RZ1|CHK|12|2|50|0|0|0|10|0|0|0|1|0
RZ1|13|2|OP17-017|0|38|0|11|0|0|0|0|0
RZ1|CHK|13|2|50|0|0|0|10|0|0|0|1|0
RZ1|14|2|EB02-017|0|27|0|12|0|0|0|0|0
RZ1|CHK|14|2|50|0|0|0|10|0|0|0|1|0
RZ1|15|2|OP12-015|0|20|0|13|0|0|0|0|0
RZ1|CHK|15|2|50|0|0|0|10|0|0|0|1|0
RZ1|16|2|EB02-017|0|30|0|14|0|0|0|0|0
RZ1|CHK|16|2|50|0|0|0|10|0|0|0|1|0
RZ1|17|2|OP01-016|0|18|0|15|0|0|0|0|0
RZ1|CHK|17|2|50|0|0|0|10|0|0|0|1|0
RZ1|18|2|ST31-001|0|28|0|16|0|0|0|0|0
RZ1|CHK|18|2|50|0|0|0|10|0|0|0|1|0
RZ1|19|2|ST30-012|0|32|0|17|0|0|0|0|0
RZ1|CHK|19|2|50|0|0|0|10|0|0|0|1|0
RZ1|20|2|OP13-040|0|44|0|19|0|0|0|0|0
RZ1|CHK|20|2|50|0|0|0|10|0|0|0|1|0
RZ1|21|2|ST31-005|0|47|0|20|0|0|0|0|0
RZ1|CHK|21|2|50|0|0|0|10|0|0|0|1|0
RZ1|22|2|ST31-001|0|31|0|21|0|0|0|0|0
RZ1|CHK|22|2|50|0|0|0|10|0|0|0|1|0
RZ1|23|2|OP04-016|0|36|0|22|0|0|0|0|0
RZ1|CHK|23|2|50|0|0|0|10|0|0|0|1|0
RZ1|24|2|OP01-016|0|26|0|23|0|0|0|0|0
RZ1|CHK|24|2|50|0|0|0|10|0|0|0|1|0
RZ1|25|2|OP01-016|0|26|0|24|0|0|0|0|0
RZ1|CHK|25|2|50|0|0|0|10|0|0|0|1|0
RZ1|26|2|ST30-012|0|35|0|25|0|0|0|0|0
RZ1|CHK|26|2|50|0|0|0|10|0|0|0|1|0
RZ1|27|2|OP12-037|0|45|0|26|0|0|0|0|0
RZ1|CHK|27|2|50|0|0|0|10|0|0|0|1|0
RZ1|28|2|OP12-015|0|30|0|27|0|0|0|0|0
RZ1|CHK|28|2|50|0|0|0|10|0|0|0|1|0
RZ1|29|2|EB02-017|0|35|0|28|0|0|0|0|0
RZ1|CHK|29|2|50|0|0|0|10|0|0|0|1|0
RZ1|30|2|OP12-037|0|45|0|29|0|0|0|0|0
RZ1|CHK|30|2|50|0|0|0|10|0|0|0|1|0
RZ1|31|2|EB02-017|0|37|0|30|0|0|0|0|0
RZ1|CHK|31|2|50|0|0|0|10|0|0|0|1|0
RZ1|32|2|ST21-014|0|36|0|31|0|0|0|0|0
RZ1|CHK|32|2|50|0|0|0|10|0|0|0|1|0
RZ1|33|2|OP01-057|0|44|0|32|0|0|0|0|0
RZ1|CHK|33|2|50|0|0|0|10|0|0|0|1|0
RZ1|34|2|OP01-057|0|45|0|33|0|0|0|0|0
RZ1|CHK|34|2|50|0|0|0|10|0|0|0|1|0
RZ1|35|2|OP13-040|0|46|0|34|0|0|0|0|0
RZ1|CHK|35|2|50|0|0|0|10|0|0|0|1|0
RZ1|36|2|OP17-017|0|45|0|35|0|0|0|0|0
RZ1|CHK|36|2|50|0|0|0|10|0|0|0|1|0
RZ1|37|2|ST21-014|0|41|0|36|0|0|0|0|0
RZ1|CHK|37|2|50|0|0|0|10|0|0|0|1|0
RZ1|38|2|ST31-005|0|49|0|37|0|0|0|0|0
RZ1|CHK|38|2|50|0|0|0|10|0|0|0|1|0
RZ1|39|2|ST31-005|0|49|0|41|0|0|0|0|0
RZ1|CHK|39|2|50|0|0|0|10|0|0|0|1|0
RZ1|40|2|OP15-032|0|44|0|42|0|0|0|0|0
RZ1|CHK|40|2|50|0|0|0|10|0|0|0|1|0
RZ1|41|2|OP17-017|0|47|0|43|0|0|0|0|0
RZ1|CHK|41|2|50|0|0|0|10|0|0|0|1|0
RZ1|42|2|OP01-030|0|46|0|44|0|0|0|0|0
RZ1|CHK|42|2|50|0|0|0|10|0|0|0|1|0
RZ1|43|2|OP17-017|0|48|0|45|0|0|0|0|0
RZ1|CHK|43|2|50|0|0|0|10|0|0|0|1|0
RZ1|44|2|ST31-005|0|49|0|46|0|0|0|0|0
RZ1|CHK|44|2|50|0|0|0|10|0|0|0|1|0
RZ1|45|2|OP01-030|0|49|0|47|0|0|0|0|0
RZ1|CHK|45|2|50|0|0|0|10|0|0|0|1|0
RZ1|46|2|ST21-014|0|49|0|48|0|0|0|0|0
RZ1|CHK|46|2|50|0|0|0|10|0|0|0|1|0
[] Drew card from deck: Kawamatsu ["OP12-023">OP12-023]
RZ1|47|1|OP12-023|0|49|1|0|1|1|0|0|0
RZ1|CHK|47|1|49|1|0|0|10|0|0|0|1|0
[] Drew card from deck: Otama ["OP07-022">OP07-022]
RZ1|48|1|OP07-022|0|48|1|1|1|1|0|0|0
RZ1|CHK|48|1|48|2|0|0|10|0|0|0|1|0
[] Drew card from deck: Billion-fold World Trichiliocosm ["OP06-038">OP06-038]
RZ1|49|1|OP06-038|0|47|1|2|1|1|0|0|0
RZ1|CHK|49|1|47|3|0|0|10|0|0|0|1|0
[] Drew card from deck: Billion-fold World Trichiliocosm ["OP06-038">OP06-038]
RZ1|50|1|OP06-038|0|46|1|3|1|1|0|0|0
RZ1|CHK|50|1|46|4|0|0|10|0|0|0|1|0
[] Drew card from deck: Kikunojo ["OP14-023">OP14-023]
RZ1|51|1|OP14-023|0|45|1|4|1|1|0|0|0
RZ1|CHK|51|1|45|5|0|0|10|0|0|0|1|0
[] Drew card from deck: Monkey D. Luffy ["ST21-014">ST21-014]
RZ1|52|2|ST21-014|0|49|1|0|1|1|0|0|0
RZ1|CHK|52|2|49|1|0|0|10|0|0|0|1|0
[] Drew card from deck: Monkey D. Luffy ["ST21-014">ST21-014]
RZ1|53|2|ST21-014|0|48|1|1|1|1|0|0|0
RZ1|CHK|53|2|48|2|0|0|10|0|0|0|1|0
[] Drew card from deck: In Two Years!! At the Sabaody Archipelago!! ["OP01-030">OP01-030]
RZ1|54|2|OP01-030|0|47|1|2|1|1|0|0|0
RZ1|CHK|54|2|47|3|0|0|10|0|0|0|1|0
[] Drew card from deck: Thousand Sunny ["ST31-005">ST31-005]
RZ1|55|2|ST31-005|0|46|1|3|1|1|0|0|0
RZ1|CHK|55|2|46|4|0|0|10|0|0|0|1|0
[] Drew card from deck: Gurararararara! ["OP17-017">OP17-017]
RZ1|56|2|OP17-017|0|45|1|4|1|1|0|0|0
RZ1|CHK|56|2|45|5|0|0|10|0|0|0|1|0
RZ1|57|1|OP13-031|0|44|3|0|1|0|0|0|0
RZ1|CHK|57|1|44|5|0|1|10|0|0|0|1|0
RZ1|58|1|OP17-031|0|43|3|1|1|0|0|0|0
RZ1|CHK|58|1|43|5|0|2|10|0|0|0|1|0
RZ1|59|1|OP06-033|0|42|3|2|1|0|0|0|0
RZ1|CHK|59|1|42|5|0|3|10|0|0|0|1|0
RZ1|60|1|OP13-031|0|41|3|3|1|0|0|0|0
RZ1|CHK|60|1|41|5|0|4|10|0|0|0|1|0
RZ1|61|1|OP01-055|0|40|3|4|1|0|0|0|0
RZ1|CHK|61|1|40|5|0|5|10|0|0|0|1|0
RZ1|62|2|OP01-030|0|44|3|0|0|1|0|0|0
RZ1|CHK|62|2|44|5|0|1|10|0|0|0|1|0
RZ1|63|2|OP17-017|0|43|3|1|0|1|0|0|0
RZ1|CHK|63|2|43|5|0|2|10|0|0|0|1|0
RZ1|64|2|OP15-032|0|42|3|2|0|1|0|0|0
RZ1|CHK|64|2|42|5|0|3|10|0|0|0|1|0
RZ1|65|2|ST31-005|0|41|3|3|0|1|0|0|0
RZ1|CHK|65|2|41|5|0|4|10|0|0|0|1|0
[] Hand: [OP12-023,OP07-022,OP06-038,OP06-038,OP14-023]
[] Board: []
[] Trash: []
[] Life: 5
[] Hand: [ST21-014,ST21-014,OP01-030,ST31-005,OP17-017]
[] Trash: []
[] Board: []
[] Life: 4
RZ1|66|1|Don|4|9|5|0|1|1|0|0|0
RZ1|CHK|66|1|40|5|0|5|9|1|0|0|1|0
[You] Draw 1 Don
[] Hand: [OP12-023,OP07-022,OP06-038,OP06-038,OP14-023]
[] Board: []
[] Trash: []
[] Life: 5
[] Hand: [ST21-014,ST21-014,OP01-030,ST31-005,OP17-017]
[] Trash: []
[] Board: []
[] Life: 4
[You] End Turn
[] Hand: [ST21-014,ST21-014,OP01-030,ST31-005,OP17-017]
[] Board: []
[] Trash: []
[] Life: 4
[] Hand: [OP12-023,OP07-022,OP06-038,OP06-038,OP14-023]
[] Trash: []
[] Board: []
[] Life: 5
[Opponent] Draw 1 Card
[] Drew card from deck: Monkey D. Luffy ["OP12-015">OP12-015]
RZ1|67|2|OP12-015|0|40|1|5|1|1|0|0|0
RZ1|CHK|67|2|40|6|0|4|10|0|0|0|1|0
RZ1|68|2|Don|4|9|5|0|1|1|0|0|0
RZ1|CHK|68|2|40|6|0|4|9|1|0|0|1|0
RZ1|69|2|Don|4|8|5|1|1|1|0|0|0
RZ1|CHK|69|2|40|6|0|4|8|2|0|0|1|0
[Opponent] Draw 2 Don
[] Hand: [ST21-014,ST21-014,OP01-030,ST31-005,OP17-017,OP12-015]
[] Board: []
[] Trash: []
[] Life: 4
[] Hand: [OP12-023,OP07-022,OP06-038,OP06-038,OP14-023]
[] Trash: []
[] Board: []
[] Life: 5
[Opponent] End Turn
[] Hand: [OP12-023,OP07-022,OP06-038,OP06-038,OP14-023]
[] Board: []
[] Trash: []
[] Life: 5
[] Hand: [ST21-014,ST21-014,OP01-030,ST31-005,OP17-017,OP12-015]
[] Trash: []
[] Board: []
[] Life: 4
[You] Draw 1 Card
[] Drew card from deck: I Know You're Strong... So I'll Go All Out ["OP13-040">OP13-040]
RZ1|70|1|OP13-040|0|39|1|5|1|1|0|0|0
RZ1|CHK|70|1|39|6|0|5|9|1|0|0|1|0
RZ1|71|1|Don|4|8|5|1|1|1|0|0|0
RZ1|CHK|71|1|39|6|0|5|8|2|0|0|1|0
RZ1|72|1|Don|4|7|5|2|1|1|0|0|0
RZ1|CHK|72|1|39|6|0|5|7|3|0|0|1|0
[You] Draw 2 Don
RZ1|73|1|Don|5|0|9|9900|1|1|0|0|0
RZ1|CHK|73|1|39|6|0|5|7|2|0|0|1|1
[You] Attach 1 Don to Dracule Mihawk ["OP14-020">OP14-020] (1 Total)
RZ1|74|1|Don|5|0|9|9901|1|1|0|0|0
RZ1|CHK|74|1|39|6|0|5|7|1|0|0|1|2
RZ1|75|1|Don|5|0|9|9902|1|1|0|0|0
RZ1|CHK|75|1|39|6|0|5|7|0|0|0|1|3
[You] Attach 2 Don to Dracule Mihawk ["OP14-020">OP14-020] (3 Total)
[You] Dracule Mihawk ["OP14-020">OP14-020] attacking Luffy & Ace ["ST30-001">ST30-001]
Dracule Mihawk ["OP14-020">OP14-020][8000] vs Luffy & Ace ["ST30-001">ST30-001][6000]
Luffy & Ace ["ST30-001">ST30-001] hit for 1 damage
RZ1|76|2|ST31-005|3|3|1|6|1|1|0|0|0
RZ1|CHK|76|2|40|7|0|3|8|2|0|0|1|0
[] Hand: [OP12-023,OP07-022,OP06-038,OP06-038,OP14-023,OP13-040]
[] Board: []
[] Trash: []
[] Life: 5
[] Hand: [ST21-014,ST21-014,OP01-030,ST31-005,OP17-017,OP12-015,ST31-005]
[] Trash: []
[] Board: []
[] Life: 3
[You] End Turn
[] Hand: [ST21-014,ST21-014,OP01-030,ST31-005,OP17-017,OP12-015,ST31-005]
[] Board: []
[] Trash: []
[] Life: 3
[] Hand: [OP12-023,OP07-022,OP06-038,OP06-038,OP14-023,OP13-040]
[] Trash: []
[] Board: []
[] Life: 5
[Opponent] Draw 1 Card
[] Drew card from deck: Jewelry Bonney ["EB04-002">EB04-002]
RZ1|77|2|EB04-002|0|39|1|7|1|1|0|0|0
RZ1|CHK|77|2|39|8|0|3|8|2|0|0|1|0
RZ1|78|2|Don|4|7|5|2|1|1|0|0|0
RZ1|CHK|78|2|39|8|0|3|7|3|0|0|1|0
RZ1|79|2|Don|4|6|5|3|1|1|0|0|0
RZ1|CHK|79|2|39|8|0|3|6|4|0|0|1|0
[Opponent] Draw 2 Don
[Opponent] Luffy & Ace ["ST30-001">ST30-001] attacking Dracule Mihawk ["OP14-020">OP14-020]
[You] Discard Kawamatsu ["OP12-023">OP12-023] for Counter 2000
RZ1|80|1|OP12-023|1|0|6|0|1|1|0|0|0
RZ1|CHK|80|1|39|5|0|5|7|0|1|0|1|3
Luffy & Ace ["ST30-001">ST30-001][6000] vs Dracule Mihawk ["OP14-020">OP14-020][7000]
Attack Fails
RZ1|81|2|Don|5|0|5|0|1|1|1|0|0
RZ1|CHK|81|2|39|8|0|3|6|4|0|0|1|0
RZ1|82|2|Don|5|1|5|1|1|1|1|0|0
RZ1|CHK|82|2|39|8|0|3|6|4|0|0|1|0
RZ1|83|2|Don|5|2|5|2|1|1|1|0|0
RZ1|CHK|83|2|39|8|0|3|6|4|0|0|1|0
RZ1|84|2|Don|5|3|5|3|1|1|1|0|0
RZ1|CHK|84|2|39|8|0|3|6|4|0|0|1|0
[Opponent] Deploy Monkey D. Luffy ["OP12-015">OP12-015]
RZ1|85|2|OP12-015|1|5|2|0|1|1|0|0|0
RZ1|CHK|85|2|39|7|1|3|6|4|0|0|1|0
[Opponent] Monkey D. Luffy ["OP12-015">OP12-015] revealed: In Two Years!! At the Sabaody Archipelago!! ["OP01-030">OP01-030]
[Opponent] Monkey D. Luffy ["OP12-015">OP12-015] revealed: Gurararararara! ["OP17-017">OP17-017]
[Opponent] Forcing opponent to resolve Card Action!
[You] Forcing opponent to resolve Card Action!
RZ1|86|2|EB04-002|1|6|2|1|1|1|0|0|0
RZ1|CHK|86|2|39|6|2|3|6|4|0|0|1|0
[Opponent] Monkey D. Luffy ["OP12-015">OP12-015]: Deploy Jewelry Bonney ["EB04-002">EB04-002]
[Opponent] Monkey D. Luffy ["OP12-015">OP12-015]: Attach 1 Rested Don to Monkey D. Luffy ["OP12-015">OP12-015]
RZ1|87|2|Don|5|0|9|0|1|1|1|0|0
RZ1|CHK|87|2|39|6|2|3|6|3|0|0|1|1
RZ1|88|2|ST21-014|0|36|1|6|1|1|0|0|0
RZ1|CHK|88|2|38|7|2|3|6|3|0|0|1|1
[Opponent] Jewelry Bonney ["EB04-002">EB04-002]: <b>Reveal and Draw Monkey D. Luffy ["ST21-014">ST21-014]</b>
[Opponent] Placing Cards on Bottom of Deck
RZ1|89|2|EB04-002|0|37|0|0|0|0|0|0|0
RZ1|CHK|89|2|38|7|2|3|6|3|0|0|1|1
RZ1|90|2|ST31-005|0|37|0|0|0|0|0|0|0
RZ1|CHK|90|2|38|7|2|3|6|3|0|0|1|1
RZ1|91|2|OP17-017|0|37|0|0|0|0|0|0|0
RZ1|CHK|91|2|38|7|2|3|6|3|0|0|1|1
[] Hand: [ST21-014,ST21-014,OP01-030,ST31-005,OP17-017,ST31-005,ST21-014]
[] Board: [OP12-015,EB04-002]
[] Trash: []
[] Life: 3
[] Hand: [OP07-022,OP06-038,OP06-038,OP14-023,OP13-040]
[] Trash: [OP12-023]
[] Board: []
[] Life: 5
[Opponent] End Turn
[] Hand: [OP07-022,OP06-038,OP06-038,OP14-023,OP13-040]
[] Board: []
[] Trash: [OP12-023]
[] Life: 5
[] Hand: [ST21-014,ST21-014,OP01-030,ST31-005,OP17-017,ST31-005,ST21-014]
[] Trash: []
[] Board: [OP12-015,EB04-002]
[] Life: 3
RZ1|92|1|Don|9|9900|5|0|1|1|1|0|0
RZ1|CHK|92|1|39|5|0|5|7|1|1|0|1|2
RZ1|93|1|Don|9|9900|5|0|1|1|1|0|0
RZ1|CHK|93|1|39|5|0|5|7|2|1|0|1|1
RZ1|94|1|Don|9|9900|5|0|1|1|1|0|0
RZ1|CHK|94|1|39|5|0|5|7|3|1|0|1|0
[You] Draw 1 Card
[] Drew card from deck: Trafalgar Law ["OP13-031">OP13-031]
RZ1|95|1|OP13-031|0|38|1|5|1|1|0|0|0
RZ1|CHK|95|1|38|6|0|5|7|3|1|0|1|0
RZ1|96|1|Don|4|6|5|3|1|1|0|0|0
RZ1|CHK|96|1|38|6|0|5|6|4|1|0|1|0
RZ1|97|1|Don|4|5|5|4|1|1|0|0|0
RZ1|CHK|97|1|38|6|0|5|5|5|1|0|1|0
[You] Draw 2 Don
RZ1|98|1|Don|5|0|9|9900|1|1|0|0|0
RZ1|CHK|98|1|38|6|0|5|5|4|1|0|1|1
[You] Attach 1 Don to Dracule Mihawk ["OP14-020">OP14-020] (1 Total)
RZ1|99|1|Don|5|0|9|9901|1|1|0|0|0
RZ1|CHK|99|1|38|6|0|5|5|3|1|0|1|2
RZ1|100|1|Don|5|0|9|9902|1|1|0|0|0
RZ1|CHK|100|1|38|6|0|5|5|2|1|0|1|3
[You] Attach 2 Don to Dracule Mihawk ["OP14-020">OP14-020] (3 Total)
RZ1|101|1|Don|5|0|9|9903|1|1|0|0|0
RZ1|CHK|101|1|38|6|0|5|5|1|1|0|1|4
RZ1|102|1|Don|5|0|9|9904|1|1|0|0|0
RZ1|CHK|102|1|38|6|0|5|5|0|1|0|1|5
[You] Attach 2 Don to Dracule Mihawk ["OP14-020">OP14-020] (5 Total)
[You] Dracule Mihawk ["OP14-020">OP14-020] attacking Luffy & Ace ["ST30-001">ST30-001]
Dracule Mihawk ["OP14-020">OP14-020][10000] vs Luffy & Ace ["ST30-001">ST30-001][6000]
Luffy & Ace ["ST30-001">ST30-001] hit for 1 damage
RZ1|103|2|OP15-032|3|2|1|7|1|1|0|0|0
RZ1|CHK|103|2|38|8|2|2|6|3|0|0|1|1
[] Hand: [OP07-022,OP06-038,OP06-038,OP14-023,OP13-040,OP13-031]
[] Board: []
[] Trash: [OP12-023]
[] Life: 5
[] Hand: [ST21-014,ST21-014,OP01-030,ST31-005,OP17-017,ST31-005,ST21-014,OP15-032]
[] Trash: []
[] Board: [OP12-015,EB04-002]
[] Life: 2
[You] End Turn
[] Hand: [ST21-014,ST21-014,OP01-030,ST31-005,OP17-017,ST31-005,ST21-014,OP15-032]
[] Board: [OP12-015,EB04-002]
[] Trash: []
[] Life: 2
[] Hand: [OP07-022,OP06-038,OP06-038,OP14-023,OP13-040,OP13-031]
[] Trash: [OP12-023]
[] Board: []
[] Life: 5
RZ1|104|2|Don|9|0|5|0|1|1|1|0|0
RZ1|CHK|104|2|38|8|2|2|6|4|0|0|1|0
[Opponent] Draw 1 Card
[] Drew card from deck: I Know You're Strong... So I'll Go All Out ["OP13-040">OP13-040]
RZ1|105|2|OP13-040|0|37|1|8|1|1|0|0|0
RZ1|CHK|105|2|37|9|2|2|6|4|0|0|1|0
RZ1|106|2|Don|4|5|5|4|1|1|0|0|0
RZ1|CHK|106|2|37|9|2|2|5|5|0|0|1|0
RZ1|107|2|Don|4|4|5|5|1|1|0|0|0
RZ1|CHK|107|2|37|9|2|2|4|6|0|0|1|0
[Opponent] Draw 2 Don
RZ1|108|2|Don|5|0|5|0|1|1|1|0|0
RZ1|CHK|108|2|37|9|2|2|4|6|0|0|1|0
RZ1|109|2|Don|5|1|5|1|1|1|1|0|0
RZ1|CHK|109|2|37|9|2|2|4|6|0|0|1|0
RZ1|110|2|Don|5|2|5|2|1|1|1|0|0
RZ1|CHK|110|2|37|9|2|2|4|6|0|0|1|0
RZ1|111|2|Don|5|3|5|3|1|1|1|0|0
RZ1|CHK|111|2|37|9|2|2|4|6|0|0|1|0
RZ1|112|2|Don|5|4|5|4|1|1|1|0|0
RZ1|CHK|112|2|37|9|2|2|4|6|0|0|1|0
[Opponent] Deploy Monkey D. Luffy ["ST21-014">ST21-014]
RZ1|113|2|ST21-014|1|0|2|2|1|1|0|0|0
RZ1|CHK|113|2|37|8|3|2|4|6|0|0|1|0
[Opponent] Luffy & Ace ["ST30-001">ST30-001] attacking Dracule Mihawk ["OP14-020">OP14-020]
Luffy & Ace ["ST30-001">ST30-001][6000] vs Dracule Mihawk ["OP14-020">OP14-020][5000]
Dracule Mihawk ["OP14-020">OP14-020] hit for 1 damage
RZ1|114|1|OP01-055|3|4|1|6|1|1|0|0|0
RZ1|CHK|114|1|38|7|0|4|5|0|1|0|1|5
[Opponent] Monkey D. Luffy ["ST21-014">ST21-014] attacking Dracule Mihawk ["OP14-020">OP14-020]
[Opponent] Monkey D. Luffy ["ST21-014">ST21-014]: Attach 1 Rested Don to Monkey D. Luffy ["OP12-015">OP12-015]
RZ1|115|2|Don|5|0|9|0|1|1|1|0|0
RZ1|CHK|115|2|37|8|3|2|4|5|0|0|1|1
[You] Discard Kikunojo ["OP14-023">OP14-023] for Counter 2000
RZ1|116|1|OP14-023|1|3|6|1|1|1|0|0|0
RZ1|CHK|116|1|38|6|0|4|5|0|2|0|1|5
Monkey D. Luffy ["ST21-014">ST21-014][6000] vs Dracule Mihawk ["OP14-020">OP14-020][7000]
Attack Fails
[Opponent] Monkey D. Luffy ["OP12-015">OP12-015] attacking Dracule Mihawk ["OP14-020">OP14-020]
Monkey D. Luffy ["OP12-015">OP12-015][5000] vs Dracule Mihawk ["OP14-020">OP14-020][5000]
Dracule Mihawk ["OP14-020">OP14-020] hit for 1 damage
RZ1|117|1|OP13-031|3|3|1|6|1|1|0|0|0
RZ1|CHK|117|1|38|7|0|3|5|0|2|0|1|5
[] Hand: [ST21-014,OP01-030,ST31-005,OP17-017,ST31-005,ST21-014,OP15-032,OP13-040]
[] Board: [OP12-015,EB04-002,ST21-014]
[] Trash: []
[] Life: 2
[] Hand: [OP07-022,OP06-038,OP06-038,OP13-040,OP13-031,OP01-055,OP13-031]
[] Trash: [OP12-023,OP14-023]
[] Board: []
[] Life: 3
[Opponent] End Turn
[] Hand: [OP07-022,OP06-038,OP06-038,OP13-040,OP13-031,OP01-055,OP13-031]
[] Board: []
[] Trash: [OP12-023,OP14-023]
[] Life: 3
[] Hand: [ST21-014,OP01-030,ST31-005,OP17-017,ST31-005,ST21-014,OP15-032,OP13-040]
[] Trash: []
[] Board: [OP12-015,EB04-002,ST21-014]
[] Life: 2
RZ1|118|1|Don|9|9900|5|0|1|1|1|0|0
RZ1|CHK|118|1|38|7|0|3|5|1|2|0|1|4
RZ1|119|1|Don|9|9900|5|0|1|1|1|0|0
RZ1|CHK|119|1|38|7|0|3|5|2|2|0|1|3
RZ1|120|1|Don|9|9900|5|0|1|1|1|0|0
RZ1|CHK|120|1|38|7|0|3|5|3|2|0|1|2
RZ1|121|1|Don|9|9900|5|0|1|1|1|0|0
RZ1|CHK|121|1|38|7|0|3|5|4|2|0|1|1
RZ1|122|1|Don|9|9900|5|0|1|1|1|0|0
RZ1|CHK|122|1|38|7|0|3|5|5|2|0|1|0
[You] Draw 1 Card
[] Drew card from deck: Yasopp ["OP17-031">OP17-031]
RZ1|123|1|OP17-031|0|37|1|7|1|1|0|0|0
RZ1|CHK|123|1|37|8|0|3|5|5|2|0|1|0
RZ1|124|1|Don|4|4|5|5|1|1|0|0|0
RZ1|CHK|124|1|37|8|0|3|4|6|2|0|1|0
RZ1|125|1|Don|4|3|5|6|1|1|0|0|0
RZ1|CHK|125|1|37|8|0|3|3|7|2|0|1|0
[You] Draw 2 Don
RZ1|126|1|Don|5|0|9|9900|1|1|0|0|0
RZ1|CHK|126|1|37|8|0|3|3|6|2|0|1|1
[You] Attach 1 Don to Dracule Mihawk ["OP14-020">OP14-020] (1 Total)
[You] Dracule Mihawk ["OP14-020">OP14-020] attacking Luffy & Ace ["ST30-001">ST30-001]
[Opponent] Discard Brook ["OP15-032">OP15-032] for Counter 1000
RZ1|127|2|OP15-032|1|6|6|0|1|1|0|0|0
RZ1|CHK|127|2|37|7|3|2|4|5|1|0|1|1
Dracule Mihawk ["OP14-020">OP14-020][6000] vs Luffy & Ace ["ST30-001">ST30-001][7000]
Attack Fails
RZ1|128|1|Don|5|0|5|0|1|1|1|0|0
RZ1|CHK|128|1|37|8|0|3|3|6|2|0|1|1
RZ1|129|1|Don|5|1|5|1|1|1|1|0|0
RZ1|CHK|129|1|37|8|0|3|3|6|2|0|1|1
RZ1|130|1|Don|5|2|5|2|1|1|1|0|0
RZ1|CHK|130|1|37|8|0|3|3|6|2|0|1|1
RZ1|131|1|Don|5|3|5|3|1|1|1|0|0
RZ1|CHK|131|1|37|8|0|3|3|6|2|0|1|1
RZ1|132|1|Don|5|4|5|4|1|1|1|0|0
RZ1|CHK|132|1|37|8|0|3|3|6|2|0|1|1
RZ1|133|1|Don|5|5|5|5|1|1|1|0|0
RZ1|CHK|133|1|37|8|0|3|3|6|2|0|1|1
[You] Deploy Trafalgar Law ["OP13-031">OP13-031]
RZ1|134|1|OP13-031|1|4|2|0|1|1|0|0|0
RZ1|CHK|134|1|37|7|1|3|3|6|2|0|1|1
[You] Trafalgar Law ["OP13-031">OP13-031]: Return Trafalgar Law ["OP13-031">OP13-031] to Hand
RZ1|135|1|OP13-031|2|0|1|7|1|1|0|0|0
RZ1|CHK|135|1|37|8|0|3|3|6|2|0|1|1
RZ1|136|1|OP07-022|1|0|2|0|1|1|1|0|0
RZ1|CHK|136|1|37|7|1|3|3|6|2|0|1|1
[You] Trafalgar Law ["OP13-031">OP13-031]: Deploy Otama ["OP07-022">OP07-022]
RZ1|137|1|ST32-002|0|32|1|7|1|1|0|0|0
RZ1|CHK|137|1|36|8|1|3|3|6|2|0|1|1
[You] Otama ["OP07-022">OP07-022]: <b>Reveal and Draw Kouzuki Oden ["ST32-002">ST32-002]</b>
[You] Placing Cards on Bottom of Deck
RZ1|138|1|OP06-033|0|35|0|0|0|0|0|0|0
RZ1|CHK|138|1|36|8|1|3|3|6|2|0|1|1
RZ1|139|1|OP12-034|0|35|0|0|0|0|0|0|0
RZ1|CHK|139|1|36|8|1|3|3|6|2|0|1|1
RZ1|140|1|OP14-039|0|35|0|0|0|0|0|0|0
RZ1|CHK|140|1|36|8|1|3|3|6|2|0|1|1
RZ1|141|1|OP13-031|0|35|0|0|0|0|0|0|0
RZ1|CHK|141|1|36|8|1|3|3|6|2|0|1|1
[] Hand: [OP06-038,OP06-038,OP13-040,OP01-055,OP13-031,OP17-031,OP13-031,ST32-002]
[] Board: [OP07-022]
[] Trash: [OP12-023,OP14-023]
[] Life: 3
[] Hand: [ST21-014,OP01-030,ST31-005,OP17-017,ST31-005,ST21-014,OP13-040]
[] Trash: [OP15-032]
[] Board: [OP12-015,EB04-002,ST21-014]
[] Life: 2
[You] End Turn
[] Hand: [ST21-014,OP01-030,ST31-005,OP17-017,ST31-005,ST21-014,OP13-040]
[] Board: [OP12-015,EB04-002,ST21-014]
[] Trash: [OP15-032]
[] Life: 2
[] Hand: [OP06-038,OP06-038,OP13-040,OP01-055,OP13-031,OP17-031,OP13-031,ST32-002]
[] Trash: [OP12-023,OP14-023]
[] Board: [OP07-022]
[] Life: 3
RZ1|142|2|Don|9|0|5|0|1|1|1|0|0
RZ1|CHK|142|2|37|7|3|2|4|6|1|0|1|0
[Opponent] Draw 1 Card
[] Drew card from deck: Paradise Waterfall ["OP01-057">OP01-057]
RZ1|143|2|OP01-057|0|36|1|7|1|1|0|0|0
RZ1|CHK|143|2|36|8|3|2|4|6|1|0|1|0
RZ1|144|2|Don|4|3|5|6|1|1|0|0|0
RZ1|CHK|144|2|36|8|3|2|3|7|1|0|1|0
RZ1|145|2|Don|4|2|5|7|1|1|0|0|0
RZ1|CHK|145|2|36|8|3|2|2|8|1|0|1|0
[Opponent] Draw 2 Don
[Opponent] Luffy & Ace ["ST30-001">ST30-001] attacking Dracule Mihawk ["OP14-020">OP14-020]
[You] Discard Yasopp ["OP17-031">OP17-031] for Counter 1000
RZ1|146|1|OP17-031|1|5|6|2|1|1|0|0|0
RZ1|CHK|146|1|36|7|1|3|3|6|3|0|1|1
[You] Discard Kouzuki Oden ["ST32-002">ST32-002] for Counter 1000
RZ1|147|1|ST32-002|1|6|6|3|1|1|0|0|0
RZ1|CHK|147|1|36|6|1|3|3|6|4|0|1|1
Luffy & Ace ["ST30-001">ST30-001][6000] vs Dracule Mihawk ["OP14-020">OP14-020][7000]
Attack Fails
RZ1|148|2|Don|5|0|9|0|1|1|0|0|0
RZ1|CHK|148|2|36|8|3|2|2|7|1|0|1|1
[Opponent] Attach 1 Don to Monkey D. Luffy ["OP12-015">OP12-015] (1 Total)
[Opponent] Monkey D. Luffy ["OP12-015">OP12-015] attacking Dracule Mihawk ["OP14-020">OP14-020]
Monkey D. Luffy ["OP12-015">OP12-015][5000] vs Dracule Mihawk ["OP14-020">OP14-020][5000]
Dracule Mihawk ["OP14-020">OP14-020] hit for 1 damage
RZ1|149|1|OP06-033|3|2|1|6|1|1|0|0|0
RZ1|CHK|149|1|36|7|1|2|3|6|4|0|1|1
[Opponent] Monkey D. Luffy ["ST21-014">ST21-014] attacking Dracule Mihawk ["OP14-020">OP14-020]
Monkey D. Luffy ["ST21-014">ST21-014][6000] vs Dracule Mihawk ["OP14-020">OP14-020][5000]
Dracule Mihawk ["OP14-020">OP14-020] hit for 1 damage
RZ1|150|1|OP17-031|3|1|1|7|1|1|0|0|0
RZ1|CHK|150|1|36|8|1|1|3|6|4|0|1|1
RZ1|151|2|Don|5|0|9|100|1|1|0|0|0
RZ1|CHK|151|2|36|8|3|2|2|6|1|0|1|2
RZ1|152|2|Don|5|0|9|101|1|1|0|0|0
RZ1|CHK|152|2|36|8|3|2|2|5|1|0|1|3
RZ1|153|2|Don|5|0|9|102|1|1|0|0|0
RZ1|CHK|153|2|36|8|3|2|2|4|1|0|1|4
[Opponent] Attach 3 Don to Jewelry Bonney ["EB04-002">EB04-002] (3 Total)
[Opponent] Jewelry Bonney ["EB04-002">EB04-002] attacking Dracule Mihawk ["OP14-020">OP14-020]
[You] Discard Yasopp ["OP17-031">OP17-031] for Counter 1000
RZ1|154|1|OP17-031|1|7|6|4|1|1|0|0|0
RZ1|CHK|154|1|36|7|1|1|3|6|5|0|1|1
Jewelry Bonney ["EB04-002">EB04-002][5000] vs Dracule Mihawk ["OP14-020">OP14-020][6000]
Attack Fails
[] Hand: [ST21-014,OP01-030,ST31-005,OP17-017,ST31-005,ST21-014,OP13-040,OP01-057]
[] Board: [OP12-015,EB04-002,ST21-014]
[] Trash: [OP15-032]
[] Life: 2
[] Hand: [OP06-038,OP06-038,OP13-040,OP01-055,OP13-031,OP13-031,OP06-033]
[] Trash: [OP12-023,OP14-023,OP17-031,ST32-002,OP17-031]
[] Board: [OP07-022]
[] Life: 1
[Opponent] End Turn
[] Hand: [OP06-038,OP06-038,OP13-040,OP01-055,OP13-031,OP13-031,OP06-033]
[] Board: [OP07-022]
[] Trash: [OP12-023,OP14-023,OP17-031,ST32-002,OP17-031]
[] Life: 1
[] Hand: [ST21-014,OP01-030,ST31-005,OP17-017,ST31-005,ST21-014,OP13-040,OP01-057]
[] Trash: [OP15-032]
[] Board: [OP12-015,EB04-002,ST21-014]
[] Life: 2
RZ1|155|1|Don|9|9900|5|0|1|1|1|0|0
RZ1|CHK|155|1|36|7|1|1|3|7|5|0|1|0
[You] Draw 1 Card
[] Drew card from deck: Otama ["OP07-022">OP07-022]
RZ1|156|1|OP07-022|0|35|1|7|1|1|0|0|0
RZ1|CHK|156|1|35|8|1|1|3|7|5|0|1|0
RZ1|157|1|Don|4|2|5|7|1|1|0|0|0
RZ1|CHK|157|1|35|8|1|1|2|8|5|0|1|0
RZ1|158|1|Don|4|1|5|8|1|1|0|0|0
RZ1|CHK|158|1|35|8|1|1|1|9|5|0|1|0
[You] Draw 2 Don
[You] Dracule Mihawk ["OP14-020">OP14-020] attacking Jewelry Bonney ["EB04-002">EB04-002]
Dracule Mihawk ["OP14-020">OP14-020][5000] vs Jewelry Bonney ["EB04-002">EB04-002][2000]
[Opponent] Jewelry Bonney ["EB04-002">EB04-002] Destroyed
RZ1|159|2|Don|9|100|5|0|1|1|1|0|0
RZ1|CHK|159|2|36|8|3|2|2|5|1|0|1|3
RZ1|160|2|Don|9|100|5|0|1|1|1|0|0
RZ1|CHK|160|2|36|8|3|2|2|6|1|0|1|2
RZ1|161|2|Don|9|100|5|0|1|1|1|0|0
RZ1|CHK|161|2|36|8|3|2|2|7|1|0|1|1
RZ1|162|2|EB04-002|2|1|6|1|1|1|0|0|0
RZ1|CHK|162|2|36|8|2|2|2|7|2|0|1|1
RZ1|163|1|Don|5|0|5|0|1|1|1|0|0
RZ1|CHK|163|1|35|8|1|1|1|9|5|0|1|0
RZ1|164|1|Don|5|1|5|1|1|1|1|0|0
RZ1|CHK|164|1|35|8|1|1|1|9|5|0|1|0
RZ1|165|1|Don|5|2|5|2|1|1|1|0|0
RZ1|CHK|165|1|35|8|1|1|1|9|5|0|1|0
RZ1|166|1|Don|5|3|5|3|1|1|1|0|0
RZ1|CHK|166|1|35|8|1|1|1|9|5|0|1|0
RZ1|167|1|Don|5|4|5|4|1|1|1|0|0
RZ1|CHK|167|1|35|8|1|1|1|9|5|0|1|0
RZ1|168|1|Don|5|5|5|5|1|1|1|0|0
RZ1|CHK|168|1|35|8|1|1|1|9|5|0|1|0
[You] Deploy Trafalgar Law ["OP13-031">OP13-031]
RZ1|169|1|OP13-031|1|4|2|1|1|1|0|0|0
RZ1|CHK|169|1|35|7|2|1|1|9|5|0|1|0
[You] Trafalgar Law ["OP13-031">OP13-031]: Return Otama ["OP07-022">OP07-022] to Hand
RZ1|170|1|OP07-022|2|0|1|7|1|1|0|0|0
RZ1|CHK|170|1|35|8|1|1|1|9|5|0|1|0
RZ1|171|1|OP07-022|1|7|2|1|1|1|1|0|0
RZ1|CHK|171|1|35|7|2|1|1|9|5|0|1|0
[You] Trafalgar Law ["OP13-031">OP13-031]: Deploy Otama ["OP07-022">OP07-022]
RZ1|172|1|OP01-055|0|32|1|7|1|1|0|0|0
RZ1|CHK|172|1|34|8|2|1|1|9|5|0|1|0
[You] Otama ["OP07-022">OP07-022]: <b>Reveal and Draw You Can Be My Samurai!!! ["OP01-055">OP01-055]</b>
[You] Placing Cards on Bottom of Deck
RZ1|173|1|OP17-022|0|33|0|0|0|0|0|0|0
RZ1|CHK|173|1|34|8|2|1|1|9|5|0|1|0
RZ1|174|1|OP06-038|0|33|0|0|0|0|0|0|0
RZ1|CHK|174|1|34|8|2|1|1|9|5|0|1|0
RZ1|175|1|OP06-033|0|33|0|0|0|0|0|0|0
RZ1|CHK|175|1|34|8|2|1|1|9|5|0|1|0
RZ1|176|1|OP07-022|0|33|0|0|0|0|0|0|0
RZ1|CHK|176|1|34|8|2|1|1|9|5|0|1|0
RZ1|177|1|Don|5|6|5|6|1|1|1|0|0
RZ1|CHK|177|1|34|8|2|1|1|9|5|0|1|0
RZ1|178|1|Don|5|7|5|7|1|1|1|0|0
RZ1|CHK|178|1|34|8|2|1|1|9|5|0|1|0
[You] Deploy Vander Decken IX ["OP06-033">OP06-033]
RZ1|179|1|OP06-033|1|5|2|2|1|1|0|0|0
RZ1|CHK|179|1|34|7|3|1|1|9|5|0|1|0
[You] I Know You're Strong... So I'll Go All Out ["OP13-040">OP13-040]: Rest 1 Don
RZ1|180|1|Don|5|8|5|8|1|1|1|0|0
RZ1|CHK|180|1|34|7|3|1|1|9|5|0|1|0
RZ1|181|1|OP13-040|1|2|6|5|1|1|0|0|0
RZ1|CHK|181|1|34|6|3|1|1|9|6|0|1|0
[] Hand: [OP06-038,OP06-038,OP01-055,OP13-031,OP07-022,OP01-055]
[] Board: [OP13-031,OP07-022,OP06-033]
[] Trash: [OP12-023,OP14-023,OP17-031,ST32-002,OP17-031,OP13-040]
[] Life: 1
[] Hand: [ST21-014,OP01-030,ST31-005,OP17-017,ST31-005,ST21-014,OP13-040,OP01-057]
[] Trash: [OP15-032,EB04-002]
[] Board: [OP12-015,ST21-014]
[] Life: 2
[You] End Turn
[] Hand: [ST21-014,OP01-030,ST31-005,OP17-017,ST31-005,ST21-014,OP13-040,OP01-057]
[] Board: [OP12-015,ST21-014]
[] Trash: [OP15-032,EB04-002]
[] Life: 2
[] Hand: [OP06-038,OP06-038,OP01-055,OP13-031,OP07-022,OP01-055]
[] Trash: [OP12-023,OP14-023,OP17-031,ST32-002,OP17-031,OP13-040]
[] Board: [OP13-031,OP07-022,OP06-033]
[] Life: 1
RZ1|182|2|Don|9|0|5|0|1|1|1|0|0
RZ1|CHK|182|2|36|8|2|2|2|8|2|0|1|0
[Opponent] Draw 1 Card
[] Drew card from deck: Paradise Waterfall ["OP01-057">OP01-057]
RZ1|183|2|OP01-057|0|35|1|8|1|1|0|0|0
RZ1|CHK|183|2|35|9|2|2|2|8|2|0|1|0
RZ1|184|2|Don|4|1|5|8|1|1|0|0|0
RZ1|CHK|184|2|35|9|2|2|1|9|2|0|1|0
RZ1|185|2|Don|4|0|5|9|1|1|0|0|0
RZ1|CHK|185|2|35|9|2|2|0|10|2|0|1|0
[Opponent] Draw 2 Don
[Opponent] Monkey D. Luffy ["ST21-014">ST21-014] attacking Dracule Mihawk ["OP14-020">OP14-020]
[You] Trafalgar Law ["OP13-031">OP13-031] Blocks
[You] Discard Otama ["OP07-022">OP07-022] for Counter 2000
RZ1|186|1|OP07-022|1|4|6|6|1|1|0|0|0
RZ1|CHK|186|1|34|5|3|1|1|9|7|0|1|0
Monkey D. Luffy ["ST21-014">ST21-014][6000] vs Trafalgar Law ["OP13-031">OP13-031][8000]
Attack Fails
RZ1|187|2|Don|5|0|9|9900|1|1|0|0|0
RZ1|CHK|187|2|35|9|2|2|0|9|2|0|1|1
RZ1|188|2|Don|5|0|9|9901|1|1|0|0|0
RZ1|CHK|188|2|35|9|2|2|0|8|2|0|1|2
[Opponent] Attach 2 Don to Luffy & Ace ["ST30-001">ST30-001] (2 Total)
[Opponent] Luffy & Ace ["ST30-001">ST30-001] attacking Dracule Mihawk ["OP14-020">OP14-020]
Luffy & Ace ["ST30-001">ST30-001][8000] vs Dracule Mihawk ["OP14-020">OP14-020][5000]
Dracule Mihawk ["OP14-020">OP14-020] hit for 1 damage
RZ1|189|1|OP13-031|3|0|1|5|1|1|0|0|0
RZ1|CHK|189|1|34|6|3|0|1|9|7|0|1|0
RZ1|190|2|Don|5|0|5|0|1|1|1|0|0
RZ1|CHK|190|2|35|9|2|2|0|8|2|0|1|2
RZ1|191|2|Don|5|1|5|1|1|1|1|0|0
RZ1|CHK|191|2|35|9|2|2|0|8|2|0|1|2
RZ1|192|2|Don|5|2|5|2|1|1|1|0|0
RZ1|CHK|192|2|35|9|2|2|0|8|2|0|1|2
RZ1|193|2|Don|5|3|5|3|1|1|1|0|0
RZ1|CHK|193|2|35|9|2|2|0|8|2|0|1|2
RZ1|194|2|Don|5|4|5|4|1|1|1|0|0
RZ1|CHK|194|2|35|9|2|2|0|8|2|0|1|2
[Opponent] Deploy Monkey D. Luffy ["ST21-014">ST21-014]
RZ1|195|2|ST21-014|1|0|2|2|1|1|0|0|0
RZ1|CHK|195|2|35|8|3|2|0|8|2|0|1|2
RZ1|196|2|Don|5|5|9|200|1|1|0|0|0
RZ1|CHK|196|2|35|8|3|2|0|7|2|0|1|3
[Opponent] Attach 1 Don to Monkey D. Luffy ["ST21-014">ST21-014] (1 Total)
[Opponent] Monkey D. Luffy ["ST21-014">ST21-014] attacking Dracule Mihawk ["OP14-020">OP14-020]
[Opponent] Monkey D. Luffy ["ST21-014">ST21-014]: Attach 1 Rested Don to Monkey D. Luffy ["OP12-015">OP12-015]
RZ1|197|2|Don|5|0|9|0|1|1|1|0|0
RZ1|CHK|197|2|35|8|3|2|0|6|2|0|1|4
Monkey D. Luffy ["ST21-014">ST21-014][7000] vs Dracule Mihawk ["OP14-020">OP14-020][5000]
Dracule Mihawk ["OP14-020">OP14-020] hit for 1 damage
[You] <b>Downloaded the Combat Log!</b>
GameOver