Version is 1.43a.1
[You] Leader is Dracule Mihawk ["OP14-020">OP14-020]
RZ1|HDR|1.43a|2|RZ1
RZ1|PLY|1||OP14-020
RZ1|PLY|2||
[Opponent] Leader is Rocks D. Xebec ["OP17-039">OP17-039]
RZ1|1|2|OP17-054|0|12|0|1|0|0|0|0|0
RZ1|CHK|1|2|50|0|0|0|10|0|0|0|1|0
RZ1|2|2|OP17-040|0|30|0|2|0|0|0|0|0
RZ1|CHK|2|2|50|0|0|0|10|0|0|0|1|0
RZ1|3|2|OP17-043|0|24|0|3|0|0|0|0|0
RZ1|CHK|3|2|50|0|0|0|10|0|0|0|1|0
RZ1|4|2|OP17-040|0|31|0|4|0|0|0|0|0
RZ1|CHK|4|2|50|0|0|0|10|0|0|0|1|0
RZ1|5|2|OP17-054|0|16|0|5|0|0|0|0|0
RZ1|CHK|5|2|50|0|0|0|10|0|0|0|1|0
RZ1|6|2|OP17-056|0|47|0|6|0|0|0|0|0
RZ1|CHK|6|2|50|0|0|0|10|0|0|0|1|0
RZ1|7|2|OP17-048|0|34|0|7|0|0|0|0|0
RZ1|CHK|7|2|50|0|0|0|10|0|0|0|1|0
RZ1|8|2|OP08-051|0|9|0|8|0|0|0|0|0
RZ1|CHK|8|2|50|0|0|0|10|0|0|0|1|0
RZ1|9|2|OP17-056|0|46|0|9|0|0|0|0|0
RZ1|CHK|9|2|50|0|0|0|10|0|0|0|1|0
RZ1|10|2|OP17-049|0|29|0|10|0|0|0|0|0
RZ1|CHK|10|2|50|0|0|0|10|0|0|0|1|0
RZ1|11|2|OP17-054|0|21|0|11|0|0|0|0|0
RZ1|CHK|11|2|50|0|0|0|10|0|0|0|1|0
RZ1|12|2|OP17-044|0|25|0|12|0|0|0|0|0
RZ1|CHK|12|2|50|0|0|0|10|0|0|0|1|0
RZ1|13|2|OP17-055|0|44|0|13|0|0|0|0|0
RZ1|CHK|13|2|50|0|0|0|10|0|0|0|1|0
RZ1|14|2|OP17-118|0|42|0|14|0|0|0|0|0
RZ1|CHK|14|2|50|0|0|0|10|0|0|0|1|0
RZ1|15|2|OP17-049|0|32|0|15|0|0|0|0|0
RZ1|CHK|15|2|50|0|0|0|10|0|0|0|1|0
RZ1|16|2|OP17-055|0|44|0|16|0|0|0|0|0
RZ1|CHK|16|2|50|0|0|0|10|0|0|0|1|0
RZ1|17|2|OP17-118|0|43|0|17|0|0|0|0|0
RZ1|CHK|17|2|50|0|0|0|10|0|0|0|1|0
RZ1|18|2|OP17-045|0|23|0|18|0|0|0|0|0
RZ1|CHK|18|2|50|0|0|0|10|0|0|0|1|0
RZ1|19|2|OP17-050|0|20|0|19|0|0|0|0|0
RZ1|CHK|19|2|50|0|0|0|10|0|0|0|1|0
RZ1|20|2|OP17-041|0|28|0|20|0|0|0|0|0
RZ1|CHK|20|2|50|0|0|0|10|0|0|0|1|0
RZ1|21|2|OP17-048|0|42|0|21|0|0|0|0|0
RZ1|CHK|21|2|50|0|0|0|10|0|0|0|1|0
RZ1|22|2|OP17-048|0|41|0|22|0|0|0|0|0
RZ1|CHK|22|2|50|0|0|0|10|0|0|0|1|0
RZ1|23|2|OP17-055|0|45|0|23|0|0|0|0|0
RZ1|CHK|23|2|50|0|0|0|10|0|0|0|1|0
RZ1|24|2|OP17-052|0|30|0|24|0|0|0|0|0
RZ1|CHK|24|2|50|0|0|0|10|0|0|0|1|0
RZ1|25|2|OP17-046|0|35|0|25|0|0|0|0|0
RZ1|CHK|25|2|50|0|0|0|10|0|0|0|1|0
RZ1|26|2|OP17-044|0|34|0|26|0|0|0|0|0
RZ1|CHK|26|2|50|0|0|0|10|0|0|0|1|0
RZ1|27|2|OP17-049|0|38|0|27|0|0|0|0|0
RZ1|CHK|27|2|50|0|0|0|10|0|0|0|1|0
RZ1|28|2|OP17-118|0|44|0|28|0|0|0|0|0
RZ1|CHK|28|2|50|0|0|0|10|0|0|0|1|0
RZ1|29|2|OP17-040|0|43|0|29|0|0|0|0|0
RZ1|CHK|29|2|50|0|0|0|10|0|0|0|1|0
RZ1|30|2|OP17-040|0|43|0|30|0|0|0|0|0
RZ1|CHK|30|2|50|0|0|0|10|0|0|0|1|0
RZ1|31|2|OP17-057|0|49|0|31|0|0|0|0|0
RZ1|CHK|31|2|50|0|0|0|10|0|0|0|1|0
RZ1|32|2|OP17-048|0|45|0|32|0|0|0|0|0
RZ1|CHK|32|2|50|0|0|0|10|0|0|0|1|0
RZ1|33|2|OP17-046|0|42|0|33|0|0|0|0|0
RZ1|CHK|33|2|50|0|0|0|10|0|0|0|1|0
RZ1|34|2|OP17-045|0|39|0|34|0|0|0|0|0
RZ1|CHK|34|2|50|0|0|0|10|0|0|0|1|0
RZ1|35|2|OP17-050|0|36|0|35|0|0|0|0|0
RZ1|CHK|35|2|50|0|0|0|10|0|0|0|1|0
RZ1|36|2|OP17-055|0|47|0|36|0|0|0|0|0
RZ1|CHK|36|2|50|0|0|0|10|0|0|0|1|0
RZ1|37|2|OP17-050|0|39|0|37|0|0|0|0|0
RZ1|CHK|37|2|50|0|0|0|10|0|0|0|1|0
RZ1|38|2|OP17-053|0|46|0|38|0|0|0|0|0
RZ1|CHK|38|2|50|0|0|0|10|0|0|0|1|0
RZ1|39|2|OP17-045|0|41|0|39|0|0|0|0|0
RZ1|CHK|39|2|50|0|0|0|10|0|0|0|1|0
RZ1|40|2|OP17-118|0|47|0|40|0|0|0|0|0
RZ1|CHK|40|2|50|0|0|0|10|0|0|0|1|0
RZ1|41|2|OP17-054|0|43|0|41|0|0|0|0|0
RZ1|CHK|41|2|50|0|0|0|10|0|0|0|1|0
RZ1|42|2|OP17-050|0|43|0|42|0|0|0|0|0
RZ1|CHK|42|2|50|0|0|0|10|0|0|0|1|0
RZ1|43|2|OP17-056|0|49|0|43|0|0|0|0|0
RZ1|CHK|43|2|50|0|0|0|10|0|0|0|1|0
RZ1|44|2|OP17-046|0|46|0|44|0|0|0|0|0
RZ1|CHK|44|2|50|0|0|0|10|0|0|0|1|0
RZ1|45|2|OP17-049|0|48|0|45|0|0|0|0|0
RZ1|CHK|45|2|50|0|0|0|10|0|0|0|1|0
RZ1|46|2|OP17-046|0|48|0|47|0|0|0|0|0
RZ1|CHK|46|2|50|0|0|0|10|0|0|0|1|0
[] Drew card from deck: I Know You're Strong... So I'll Go All Out ["OP13-040">OP13-040]
RZ1|47|1|OP13-040|0|49|1|0|1|1|0|0|0
RZ1|CHK|47|1|49|1|0|0|10|0|0|0|1|0
[] Drew card from deck: Vander Decken IX ["OP06-033">OP06-033]
RZ1|48|1|OP06-033|0|48|1|1|1|1|0|0|0
RZ1|CHK|48|1|48|2|0|0|10|0|0|0|1|0
[] Drew card from deck: Otama ["OP07-022">OP07-022]
RZ1|49|1|OP07-022|0|47|1|2|1|1|0|0|0
RZ1|CHK|49|1|47|3|0|0|10|0|0|0|1|0
[] Drew card from deck: Trafalgar Law ["OP13-031">OP13-031]
RZ1|50|1|OP13-031|0|46|1|3|1|1|0|0|0
RZ1|CHK|50|1|46|4|0|0|10|0|0|0|1|0
[] Drew card from deck: You Can Be My Samurai!!! ["OP01-055">OP01-055]
RZ1|51|1|OP01-055|0|45|1|4|1|1|0|0|0
RZ1|CHK|51|1|45|5|0|0|10|0|0|0|1|0
[] Drew card from deck: Rocks Pirates ["OP17-056">OP17-056]
RZ1|52|2|OP17-056|0|49|1|0|1|1|0|0|0
RZ1|CHK|52|2|49|1|0|0|10|0|0|0|1|0
[] Drew card from deck: Kaido ["OP17-042">OP17-042]
RZ1|53|2|OP17-042|0|48|1|1|1|1|0|0|0
RZ1|CHK|53|2|48|2|0|0|10|0|0|0|1|0
[] Drew card from deck: Gloriosa ["OP17-046">OP17-046]
RZ1|54|2|OP17-046|0|47|1|2|1|1|0|0|0
RZ1|CHK|54|2|47|3|0|0|10|0|0|0|1|0
[] Drew card from deck: Buckin ["OP08-051">OP08-051]
RZ1|55|2|OP08-051|0|46|1|3|1|1|0|0|0
RZ1|CHK|55|2|46|4|0|0|10|0|0|0|1|0
[] Drew card from deck: Charlotte Linlin ["OP17-049">OP17-049]
RZ1|56|2|OP17-049|0|45|1|4|1|1|0|0|0
RZ1|CHK|56|2|45|5|0|0|10|0|0|0|1|0
RZ1|57|1|OP12-023|0|44|3|0|1|0|0|0|0
RZ1|CHK|57|1|44|5|0|1|10|0|0|0|1|0
RZ1|58|1|OP07-022|0|43|3|1|1|0|0|0|0
RZ1|CHK|58|1|43|5|0|2|10|0|0|0|1|0
RZ1|59|1|ST32-002|0|42|3|2|1|0|0|0|0
RZ1|CHK|59|1|42|5|0|3|10|0|0|0|1|0
RZ1|60|1|OP17-031|0|41|3|3|1|0|0|0|0
RZ1|CHK|60|1|41|5|0|4|10|0|0|0|1|0
RZ1|61|1|OP01-055|0|40|3|4|1|0|0|0|0
RZ1|CHK|61|1|40|5|0|5|10|0|0|0|1|0
RZ1|62|2|OP17-056|1|0|0|45|0|0|0|0|0
RZ1|CHK|62|2|46|4|0|0|10|0|0|0|1|0
RZ1|63|2|OP17-042|1|0|0|46|0|0|0|0|0
RZ1|CHK|63|2|47|3|0|0|10|0|0|0|1|0
RZ1|64|2|OP17-046|1|0|0|47|0|0|0|0|0
RZ1|CHK|64|2|48|2|0|0|10|0|0|0|1|0
RZ1|65|2|OP08-051|1|0|0|48|0|0|0|0|0
RZ1|CHK|65|2|49|1|0|0|10|0|0|0|1|0
RZ1|66|2|OP17-049|1|0|0|49|0|0|0|0|0
RZ1|CHK|66|2|50|0|0|0|10|0|0|0|1|0
RZ1|67|2|OP17-056|0|43|0|0|0|0|0|0|0
RZ1|CHK|67|2|50|0|0|0|10|0|0|0|1|0
RZ1|68|2|OP17-040|0|3|0|1|0|0|0|0|0
RZ1|CHK|68|2|50|0|0|0|10|0|0|0|1|0
RZ1|69|2|OP17-046|0|34|0|2|0|0|0|0|0
RZ1|CHK|69|2|50|0|0|0|10|0|0|0|1|0
RZ1|70|2|OP17-055|0|25|0|3|0|0|0|0|0
RZ1|CHK|70|2|50|0|0|0|10|0|0|0|1|0
RZ1|71|2|OP17-040|0|31|0|4|0|0|0|0|0
RZ1|CHK|71|2|50|0|0|0|10|0|0|0|1|0
RZ1|72|2|OP17-055|0|17|0|5|0|0|0|0|0
RZ1|CHK|72|2|50|0|0|0|10|0|0|0|1|0
RZ1|73|2|OP17-049|0|30|0|6|0|0|0|0|0
RZ1|CHK|73|2|50|0|0|0|10|0|0|0|1|0
RZ1|74|2|OP17-046|0|47|0|7|0|0|0|0|0
RZ1|CHK|74|2|50|0|0|0|10|0|0|0|1|0
RZ1|75|2|OP17-046|0|45|0|8|0|0|0|0|0
RZ1|CHK|75|2|50|0|0|0|10|0|0|0|1|0
RZ1|76|2|OP17-041|0|27|0|9|0|0|0|0|0
RZ1|CHK|76|2|50|0|0|0|10|0|0|0|1|0
RZ1|77|2|OP17-046|0|31|0|10|0|0|0|0|0
RZ1|CHK|77|2|50|0|0|0|10|0|0|0|1|0
RZ1|78|2|OP17-056|0|16|0|11|0|0|0|0|0
RZ1|CHK|78|2|50|0|0|0|10|0|0|0|1|0
RZ1|79|2|OP17-049|0|20|0|12|0|0|0|0|0
RZ1|CHK|79|2|50|0|0|0|10|0|0|0|1|0
RZ1|80|2|OP17-040|0|16|0|13|0|0|0|0|0
RZ1|CHK|80|2|50|0|0|0|10|0|0|0|1|0
RZ1|81|2|OP17-040|0|34|0|14|0|0|0|0|0
RZ1|CHK|81|2|50|0|0|0|10|0|0|0|1|0
RZ1|82|2|OP17-045|0|28|0|15|0|0|0|0|0
RZ1|CHK|82|2|50|0|0|0|10|0|0|0|1|0
RZ1|83|2|OP17-044|0|33|0|16|0|0|0|0|0
RZ1|CHK|83|2|50|0|0|0|10|0|0|0|1|0
RZ1|84|2|OP17-043|0|19|0|17|0|0|0|0|0
RZ1|CHK|84|2|50|0|0|0|10|0|0|0|1|0
RZ1|85|2|OP08-051|0|48|0|18|0|0|0|0|0
RZ1|CHK|85|2|50|0|0|0|10|0|0|0|1|0
RZ1|86|2|OP17-055|0|29|0|19|0|0|0|0|0
RZ1|CHK|86|2|50|0|0|0|10|0|0|0|1|0
RZ1|87|2|OP17-048|0|23|0|20|0|0|0|0|0
RZ1|CHK|87|2|50|0|0|0|10|0|0|0|1|0
RZ1|88|2|OP17-056|0|25|0|21|0|0|0|0|0
RZ1|CHK|88|2|50|0|0|0|10|0|0|0|1|0
RZ1|89|2|OP17-054|0|26|0|22|0|0|0|0|0
RZ1|CHK|89|2|50|0|0|0|10|0|0|0|1|0
RZ1|90|2|OP17-050|0|41|0|23|0|0|0|0|0
RZ1|CHK|90|2|50|0|0|0|10|0|0|0|1|0
RZ1|91|2|OP17-057|0|37|0|24|0|0|0|0|0
RZ1|CHK|91|2|50|0|0|0|10|0|0|0|1|0
RZ1|92|2|OP17-118|0|30|0|25|0|0|0|0|0
RZ1|CHK|92|2|50|0|0|0|10|0|0|0|1|0
RZ1|93|2|OP17-049|0|49|0|26|0|0|0|0|0
RZ1|CHK|93|2|50|0|0|0|10|0|0|0|1|0
RZ1|94|2|OP08-051|0|30|0|27|0|0|0|0|0
RZ1|CHK|94|2|50|0|0|0|10|0|0|0|1|0
RZ1|95|2|OP17-050|0|34|0|28|0|0|0|0|0
RZ1|CHK|95|2|50|0|0|0|10|0|0|0|1|0
RZ1|96|2|OP17-056|0|48|0|29|0|0|0|0|0
RZ1|CHK|96|2|50|0|0|0|10|0|0|0|1|0
RZ1|97|2|OP17-042|0|49|0|30|0|0|0|0|0
RZ1|CHK|97|2|50|0|0|0|10|0|0|0|1|0
RZ1|98|2|OP17-118|0|40|0|31|0|0|0|0|0
RZ1|CHK|98|2|50|0|0|0|10|0|0|0|1|0
RZ1|99|2|OP17-044|0|35|0|32|0|0|0|0|0
RZ1|CHK|99|2|50|0|0|0|10|0|0|0|1|0
RZ1|100|2|OP17-045|0|42|0|33|0|0|0|0|0
RZ1|CHK|100|2|50|0|0|0|10|0|0|0|1|0
RZ1|101|2|OP17-049|0|37|0|34|0|0|0|0|0
RZ1|CHK|101|2|50|0|0|0|10|0|0|0|1|0
RZ1|102|2|OP17-054|0|48|0|35|0|0|0|0|0
RZ1|CHK|102|2|50|0|0|0|10|0|0|0|1|0
RZ1|103|2|OP17-052|0|42|0|36|0|0|0|0|0
RZ1|CHK|103|2|50|0|0|0|10|0|0|0|1|0
RZ1|104|2|OP17-054|0|38|0|37|0|0|0|0|0
RZ1|CHK|104|2|50|0|0|0|10|0|0|0|1|0
RZ1|105|2|OP17-048|0|42|0|38|0|0|0|0|0
RZ1|CHK|105|2|50|0|0|0|10|0|0|0|1|0
RZ1|106|2|OP17-055|0|45|0|39|0|0|0|0|0
RZ1|CHK|106|2|50|0|0|0|10|0|0|0|1|0
RZ1|107|2|OP17-118|0|42|0|41|0|0|0|0|0
RZ1|CHK|107|2|50|0|0|0|10|0|0|0|1|0
RZ1|108|2|OP17-048|0|43|0|42|0|0|0|0|0
RZ1|CHK|108|2|50|0|0|0|10|0|0|0|1|0
RZ1|109|2|OP17-053|0|46|0|43|0|0|0|0|0
RZ1|CHK|109|2|50|0|0|0|10|0|0|0|1|0
RZ1|110|2|OP17-050|0|46|0|44|0|0|0|0|0
RZ1|CHK|110|2|50|0|0|0|10|0|0|0|1|0
RZ1|111|2|OP17-045|0|47|0|45|0|0|0|0|0
RZ1|CHK|111|2|50|0|0|0|10|0|0|0|1|0
RZ1|112|2|OP17-050|0|49|0|47|0|0|0|0|0
RZ1|CHK|112|2|50|0|0|0|10|0|0|0|1|0
RZ1|113|2|OP17-118|0|49|0|48|0|0|0|0|0
RZ1|CHK|113|2|50|0|0|0|10|0|0|0|1|0
[] Drew card from deck: Shiki ["OP17-048">OP17-048]
RZ1|114|2|OP17-048|0|49|1|0|1|1|0|0|0
RZ1|CHK|114|2|49|1|0|0|10|0|0|0|1|0
[] Drew card from deck: Rocks D. Xebec ["OP17-118">OP17-118]
RZ1|115|2|OP17-118|0|48|1|1|1|1|0|0|0
RZ1|CHK|115|2|48|2|0|0|10|0|0|0|1|0
[] Drew card from deck: Streusen ["OP17-050">OP17-050]
RZ1|116|2|OP17-050|0|47|1|2|1|1|0|0|0
RZ1|CHK|116|2|47|3|0|0|10|0|0|0|1|0
[] Drew card from deck: Stussy ["OP17-054">OP17-054]
RZ1|117|2|OP17-054|0|46|1|3|1|1|0|0|0
RZ1|CHK|117|2|46|4|0|0|10|0|0|0|1|0
[] Drew card from deck: Kyo ["OP17-045">OP17-045]
RZ1|118|2|OP17-045|0|45|1|4|1|1|0|0|0
RZ1|CHK|118|2|45|5|0|0|10|0|0|0|1|0
RZ1|119|2|OP17-050|0|44|3|0|0|1|0|0|0
RZ1|CHK|119|2|44|5|0|1|10|0|0|0|1|0
RZ1|120|2|OP17-053|0|43|3|1|0|1|0|0|0
RZ1|CHK|120|2|43|5|0|2|10|0|0|0|1|0
RZ1|121|2|OP17-048|0|42|3|2|0|1|0|0|0
RZ1|CHK|121|2|42|5|0|3|10|0|0|0|1|0
RZ1|122|2|OP17-118|0|41|3|3|0|1|0|0|0
RZ1|CHK|122|2|41|5|0|4|10|0|0|0|1|0
RZ1|123|2|OP08-051|0|40|3|4|0|1|0|0|0
RZ1|CHK|123|2|40|5|0|5|10|0|0|0|1|0
[] Hand after Mulligan: [OP17-048,OP17-118,OP17-050,OP17-054,OP17-045]
[Opponent] Mulligan
[] Hand: [OP13-040,OP06-033,OP07-022,OP13-031,OP01-055]
[] Board: []
[] Trash: []
[] Life: 5
[] Hand: [OP17-048,OP17-118,OP17-050,OP17-054,OP17-045]
[] Trash: []
[] Board: []
[] Life: 5
RZ1|124|1|Don|4|9|5|0|1|1|0|0|0
RZ1|CHK|124|1|40|5|0|5|9|1|0|0|1|0
[You] Draw 1 Don
RZ1|125|1|Don|5|0|5|0|1|1|1|0|0
RZ1|CHK|125|1|40|5|0|5|9|1|0|0|1|0
[You] Deploy Otama ["OP07-022">OP07-022]
RZ1|126|1|OP07-022|1|2|2|0|1|1|0|0|0
RZ1|CHK|126|1|40|4|1|5|9|1|0|0|1|0
[You] <b>Picked no cards to Draw</b>
[You] Placing Cards on Bottom of Deck
RZ1|127|1|OP06-033|0|39|0|0|0|0|0|0|0
RZ1|CHK|127|1|40|4|1|5|9|1|0|0|1|0
RZ1|128|1|OP17-031|0|39|0|0|0|0|0|0|0
RZ1|CHK|128|1|40|4|1|5|9|1|0|0|1|0
RZ1|129|1|OP17-031|0|39|0|0|0|0|0|0|0
RZ1|CHK|129|1|40|4|1|5|9|1|0|0|1|0
RZ1|130|1|OP12-034|0|39|0|0|0|0|0|0|0
RZ1|CHK|130|1|40|4|1|5|9|1|0|0|1|0
RZ1|131|1|OP12-034|0|39|0|0|0|0|0|0|0
RZ1|CHK|131|1|40|4|1|5|9|1|0|0|1|0
[] Hand: [OP13-040,OP06-033,OP13-031,OP01-055]
[] Board: [OP07-022]
[] Trash: []
[] Life: 5
[] Hand: [OP17-048,OP17-118,OP17-050,OP17-054,OP17-045]
[] Trash: []
[] Board: []
[] Life: 5
[You] End Turn
[] Hand: [OP17-048,OP17-118,OP17-050,OP17-054,OP17-045]
[] Board: []
[] Trash: []
[] Life: 5
[] Hand: [OP13-040,OP06-033,OP13-031,OP01-055]
[] Trash: []
[] Board: [OP07-022]
[] Life: 5
[Opponent] Draw 1 Card
[] Drew card from deck: There's No Authority in the World ["OP17-055">OP17-055]
RZ1|132|2|OP17-055|0|39|1|5|1|1|0|0|0
RZ1|CHK|132|2|39|6|0|5|10|0|0|0|1|0
RZ1|133|2|Don|4|9|5|0|1|1|0|0|0
RZ1|CHK|133|2|39|6|0|5|9|1|0|0|1|0
RZ1|134|2|Don|4|8|5|1|1|1|0|0|0
RZ1|CHK|134|2|39|6|0|5|8|2|0|0|1|0
[Opponent] Draw 2 Don
RZ1|135|2|Don|5|0|5|0|1|1|1|0|0
RZ1|CHK|135|2|39|6|0|5|8|2|0|0|1|0
[Opponent] Deploy Streusen ["OP17-050">OP17-050]
RZ1|136|2|OP17-050|1|2|2|0|1|1|0|0|0
RZ1|CHK|136|2|39|5|1|5|8|2|0|0|1|0
[Opponent] Placing Cards on Top of Deck
RZ1|137|2|OP17-048|0|38|0|38|0|0|0|0|0
RZ1|CHK|137|2|39|5|1|5|8|2|0|0|1|0
RZ1|138|2|OP17-054|0|37|0|38|0|0|0|0|0
RZ1|CHK|138|2|39|5|1|5|8|2|0|0|1|0
[] Drew card from deck: Stussy ["OP17-054">OP17-054]
RZ1|139|2|OP17-054|0|38|1|5|1|1|0|0|0
RZ1|CHK|139|2|38|6|1|5|8|2|0|0|1|0
[Opponent] Streusen ["OP17-050">OP17-050]: Draw 1 Card
[] Hand: [OP17-048,OP17-118,OP17-054,OP17-045,OP17-055,OP17-054]
[] Board: [OP17-050]
[] Trash: []
[] Life: 5
[] Hand: [OP13-040,OP06-033,OP13-031,OP01-055]
[] Trash: []
[] Board: [OP07-022]
[] Life: 5
[Opponent] End Turn
[] Hand: [OP13-040,OP06-033,OP13-031,OP01-055]
[] Board: [OP07-022]
[] Trash: []
[] Life: 5
[] Hand: [OP17-048,OP17-118,OP17-054,OP17-045,OP17-055,OP17-054]
[] Trash: []
[] Board: [OP17-050]
[] Life: 5
[You] Draw 1 Card
[] Drew card from deck: Shanks ["OP17-022">OP17-022]
RZ1|140|1|OP17-022|0|39|1|4|1|1|0|0|0
RZ1|CHK|140|1|39|5|1|5|9|1|0|0|1|0
RZ1|141|1|Don|4|8|5|1|1|1|0|0|0
RZ1|CHK|141|1|39|5|1|5|8|2|0|0|1|0
RZ1|142|1|Don|4|7|5|2|1|1|0|0|0
RZ1|CHK|142|1|39|5|1|5|7|3|0|0|1|0
[You] Draw 2 Don
[You] Dracule Mihawk ["OP14-020">OP14-020] attacking Rocks D. Xebec ["OP17-039">OP17-039]
Dracule Mihawk ["OP14-020">OP14-020][6000] vs Rocks D. Xebec ["OP17-039">OP17-039][5000]
Rocks D. Xebec ["OP17-039">OP17-039] hit for 1 damage
RZ1|143|2|OP08-051|3|4|1|6|1|1|0|0|0
RZ1|CHK|143|2|38|7|1|4|8|2|0|0|1|0
RZ1|144|1|Don|5|0|5|0|1|1|1|0|0
RZ1|CHK|144|1|39|5|1|5|7|3|0|0|1|0
RZ1|145|1|Don|5|1|5|1|1|1|1|0|0
RZ1|CHK|145|1|39|5|1|5|7|3|0|0|1|0
[You] Deploy Vander Decken IX ["OP06-033">OP06-033]
RZ1|146|1|OP06-033|1|1|2|1|1|1|0|0|0
RZ1|CHK|146|1|39|4|2|5|7|3|0|0|1|0
[You] You Can Be My Samurai!!! ["OP01-055">OP01-055]: Rest Otama ["OP07-022">OP07-022]
[You] You Can Be My Samurai!!! ["OP01-055">OP01-055]: Rest Vander Decken IX ["OP06-033">OP06-033]
[You] You Can Be My Samurai!!! ["OP01-055">OP01-055]: Draw 2 Card
[] Drew card from deck: Kikunojo ["OP14-023">OP14-023]
RZ1|147|1|OP14-023|0|38|1|4|1|1|0|0|0
RZ1|CHK|147|1|38|5|2|5|7|3|0|0|1|0
[] Drew card from deck: Coffin Boat ["OP14-039">OP14-039]
RZ1|148|1|OP14-039|0|37|1|5|1|1|0|0|0
RZ1|CHK|148|1|37|6|2|5|7|3|0|0|1|0
RZ1|149|1|Don|5|2|5|2|1|1|1|0|0
RZ1|CHK|149|1|37|6|2|5|7|3|0|0|1|0
RZ1|150|1|OP01-055|1|2|6|0|1|1|0|0|0
RZ1|CHK|150|1|37|5|2|5|7|3|1|0|1|0
[] Hand: [OP13-040,OP13-031,OP17-022,OP14-023,OP14-039]
[] Board: [OP07-022,OP06-033]
[] Trash: [OP01-055]
[] Life: 5
[] Hand: [OP17-048,OP17-118,OP17-054,OP17-045,OP17-055,OP17-054,OP08-051]
[] Trash: []
[] Board: [OP17-050]
[] Life: 4
[You] End Turn
[] Hand: [OP17-048,OP17-118,OP17-054,OP17-045,OP17-055,OP17-054,OP08-051]
[] Board: [OP17-050]
[] Trash: []
[] Life: 4
[] Hand: [OP13-040,OP13-031,OP17-022,OP14-023,OP14-039]
[] Trash: [OP01-055]
[] Board: [OP07-022,OP06-033]
[] Life: 5
[Opponent] Draw 1 Card
[] Drew card from deck: Shiki ["OP17-048">OP17-048]
RZ1|151|2|OP17-048|0|37|1|7|1|1|0|0|0
RZ1|CHK|151|2|37|8|1|4|8|2|0|0|1|0
RZ1|152|2|Don|4|7|5|2|1|1|0|0|0
RZ1|CHK|152|2|37|8|1|4|7|3|0|0|1|0
RZ1|153|2|Don|4|6|5|3|1|1|0|0|0
RZ1|CHK|153|2|37|8|1|4|6|4|0|0|1|0
[Opponent] Draw 2 Don
[Opponent] Rocks D. Xebec ["OP17-039">OP17-039] attacking Vander Decken IX ["OP06-033">OP06-033]
RZ1|154|2|OP17-048|1|7|6|0|1|1|0|0|0
RZ1|CHK|154|2|37|7|1|4|6|4|1|0|1|0
[Opponent] Rocks D. Xebec ["OP17-039">OP17-039]: Trash Shiki ["OP17-048">OP17-048]
RZ1|155|2|OP17-052|0|36|0|36|0|0|0|0|0
RZ1|CHK|155|2|37|7|1|4|6|4|1|0|1|0
[Opponent] Rocks D. Xebec ["OP17-039">OP17-039] revealed: Don Marlon ["OP17-052">OP17-052]
[] Drew card from deck: Don Marlon ["OP17-052">OP17-052]
RZ1|156|2|OP17-052|0|36|1|7|1|1|0|0|0
RZ1|CHK|156|2|36|8|1|4|6|4|1|0|1|0
[] Drew card from deck: Stussy ["OP17-054">OP17-054]
RZ1|157|2|OP17-054|0|35|1|8|1|1|0|0|0
RZ1|CHK|157|2|35|9|1|4|6|4|1|0|1|0
[Opponent] Rocks D. Xebec ["OP17-039">OP17-039]: Draw 2 Card
Rocks D. Xebec ["OP17-039">OP17-039][5000] vs Vander Decken IX ["OP06-033">OP06-033][2000]
[You] Vander Decken IX ["OP06-033">OP06-033] Destroyed
RZ1|158|1|OP06-033|2|1|6|1|1|1|0|0|0
RZ1|CHK|158|1|37|5|1|5|7|3|2|0|1|0
[Opponent] Streusen ["OP17-050">OP17-050] attacking Otama ["OP07-022">OP07-022]
Streusen ["OP17-050">OP17-050][2000] vs Otama ["OP07-022">OP07-022][0]
[You] Otama ["OP07-022">OP07-022] Destroyed
RZ1|159|1|OP07-022|2|0|6|2|1|1|0|0|0
RZ1|CHK|159|1|37|5|0|5|7|3|3|0|1|0
RZ1|160|2|Don|5|0|5|0|1|1|1|0|0
RZ1|CHK|160|2|35|9|1|4|6|4|1|0|1|0
RZ1|161|2|Don|5|1|5|1|1|1|1|0|0
RZ1|CHK|161|2|35|9|1|4|6|4|1|0|1|0
RZ1|162|2|Don|5|2|5|2|1|1|1|0|0
RZ1|CHK|162|2|35|9|1|4|6|4|1|0|1|0
[Opponent] Deploy Stussy ["OP17-054">OP17-054]
RZ1|163|2|OP17-054|1|5|2|1|1|1|0|0|0
RZ1|CHK|163|2|35|8|2|4|6|4|1|0|1|0
[] Hand: [OP17-048,OP17-118,OP17-054,OP17-045,OP17-055,OP08-051,OP17-052,OP17-054]
[] Board: [OP17-050,OP17-054]
[] Trash: [OP17-048]
[] Life: 4
[] Hand: [OP13-040,OP13-031,OP17-022,OP14-023,OP14-039]
[] Trash: [OP01-055,OP06-033,OP07-022]
[] Board: []
[] Life: 5
[Opponent] End Turn
[] Hand: [OP13-040,OP13-031,OP17-022,OP14-023,OP14-039]
[] Board: []
[] Trash: [OP01-055,OP06-033,OP07-022]
[] Life: 5
[] Hand: [OP17-048,OP17-118,OP17-054,OP17-045,OP17-055,OP08-051,OP17-052,OP17-054]
[] Trash: [OP17-048]
[] Board: [OP17-050,OP17-054]
[] Life: 4
[You] Draw 1 Card
[] Drew card from deck: Shanks ["OP17-022">OP17-022]
RZ1|164|1|OP17-022|0|36|1|5|1|1|0|0|0
RZ1|CHK|164|1|36|6|0|5|7|3|3|0|1|0
RZ1|165|1|Don|4|6|5|3|1|1|0|0|0
RZ1|CHK|165|1|36|6|0|5|6|4|3|0|1|0
RZ1|166|1|Don|4|5|5|4|1|1|0|0|0
RZ1|CHK|166|1|36|6|0|5|5|5|3|0|1|0
[You] Draw 2 Don
RZ1|167|1|Don|5|0|5|0|1|1|1|0|0
RZ1|CHK|167|1|36|6|0|5|5|5|3|0|1|0
[You] Deploy Coffin Boat ["OP14-039">OP14-039]
RZ1|168|1|OP14-039|1|4|7|0|1|1|0|0|0
RZ1|CHK|168|1|36|5|0|5|5|5|3|1|1|0
[] Drew card from deck: Otama ["OP07-022">OP07-022]
RZ1|169|1|OP07-022|0|35|1|5|1|1|0|0|0
RZ1|CHK|169|1|35|6|0|5|5|5|3|1|1|0
[You] Coffin Boat ["OP14-039">OP14-039]: Draw 1 Card
[You] Dracule Mihawk ["OP14-020">OP14-020] attacking Rocks D. Xebec ["OP17-039">OP17-039]
[Opponent] There's No Authority in the World ["OP17-055">OP17-055]: Activate Counter
RZ1|170|2|OP17-055|1|4|6|1|1|1|0|0|0
RZ1|CHK|170|2|35|7|2|4|6|4|2|0|1|0
[Opponent] There's No Authority in the World ["OP17-055">OP17-055]: Buff Rocks D. Xebec ["OP17-039">OP17-039] 2000 for the Combat
Dracule Mihawk ["OP14-020">OP14-020][6000] vs Rocks D. Xebec ["OP17-039">OP17-039][7000]
Attack Fails
[You] I Know You're Strong... So I'll Go All Out ["OP13-040">OP13-040]: Rest 1 Don
RZ1|171|1|Don|5|1|5|1|1|1|1|0|0
RZ1|CHK|171|1|35|6|0|5|5|5|3|1|1|0
RZ1|172|1|OP13-040|1|0|6|3|1|1|0|0|0
RZ1|CHK|172|1|35|5|0|5|5|5|4|1|1|0
[You] I Know You're Strong... So I'll Go All Out ["OP13-040">OP13-040]: Rest 2 Don
RZ1|173|1|Don|5|2|5|2|1|1|1|0|0
RZ1|CHK|173|1|35|5|0|5|5|5|4|1|1|0
RZ1|174|1|Don|5|3|5|3|1|1|1|0|0
RZ1|CHK|174|1|35|5|0|5|5|5|4|1|1|0
[You] I Know You're Strong... So I'll Go All Out ["OP13-040">OP13-040]: Streusen ["OP17-050">OP17-050] will not Activate during next Refresh
RZ1|175|1|Don|5|4|5|4|1|1|1|0|0
RZ1|CHK|175|1|35|5|0|5|5|5|4|1|1|0
[You] Deploy Kikunojo ["OP14-023">OP14-023]
RZ1|176|1|OP14-023|1|2|2|0|1|1|0|0|0
RZ1|CHK|176|1|35|4|1|5|5|5|4|1|1|0
[You] Kikunojo ["OP14-023">OP14-023]: Set Kikunojo ["OP14-023">OP14-023] to Active
[You] Coffin Boat ["OP14-039">OP14-039]: Activate 1 Don
RZ1|177|1|Don|5|4|5|4|1|1|0|0|0
RZ1|CHK|177|1|35|4|1|5|5|5|4|1|1|0
[] Hand: [OP13-031,OP17-022,OP17-022,OP07-022]
[] Board: [OP14-023]
[] Trash: [OP01-055,OP06-033,OP07-022,OP13-040]
[] Life: 5
[] Hand: [OP17-048,OP17-118,OP17-054,OP17-045,OP08-051,OP17-052,OP17-054]
[] Trash: [OP17-048,OP17-055]
[] Board: [OP17-050,OP17-054]
[] Life: 4
[You] End Turn
[] Hand: [OP17-048,OP17-118,OP17-054,OP17-045,OP08-051,OP17-052,OP17-054]
[] Board: [OP17-050,OP17-054]
[] Trash: [OP17-048,OP17-055]
[] Life: 4
[] Hand: [OP13-031,OP17-022,OP17-022,OP07-022]
[] Trash: [OP01-055,OP06-033,OP07-022,OP13-040]
[] Board: [OP14-023]
[] Life: 5
[Opponent] Draw 1 Card
[] Drew card from deck: Charlotte Linlin ["OP17-049">OP17-049]
RZ1|178|2|OP17-049|0|34|1|7|1|1|0|0|0
RZ1|CHK|178|2|34|8|2|4|6|4|2|0|1|0
RZ1|179|2|Don|4|5|5|4|1|1|0|0|0
RZ1|CHK|179|2|34|8|2|4|5|5|2|0|1|0
RZ1|180|2|Don|4|4|5|5|1|1|0|0|0
RZ1|CHK|180|2|34|8|2|4|4|6|2|0|1|0
[Opponent] Draw 2 Don
RZ1|181|2|Don|5|0|5|0|1|1|1|0|0
RZ1|CHK|181|2|34|8|2|4|4|6|2|0|1|0
RZ1|182|2|Don|5|1|5|1|1|1|1|0|0
RZ1|CHK|182|2|34|8|2|4|4|6|2|0|1|0
RZ1|183|2|Don|5|2|5|2|1|1|1|0|0
RZ1|CHK|183|2|34|8|2|4|4|6|2|0|1|0
RZ1|184|2|Don|5|3|5|3|1|1|1|0|0
RZ1|CHK|184|2|34|8|2|4|4|6|2|0|1|0
RZ1|185|2|Don|5|4|5|4|1|1|1|0|0
RZ1|CHK|185|2|34|8|2|4|4|6|2|0|1|0
[Opponent] Deploy Charlotte Linlin ["OP17-049">OP17-049]
RZ1|186|2|OP17-049|1|7|2|2|1|1|0|0|0
RZ1|CHK|186|2|34|7|3|4|4|6|2|0|1|0
[Opponent] Forcing opponent to resolve Card Action!
[You] Forcing opponent to resolve Card Action!
[] Drew card from deck: Kyo ["OP17-045">OP17-045]
RZ1|187|2|OP17-045|0|33|1|7|1|1|0|0|0
RZ1|CHK|187|2|33|8|3|4|4|6|2|0|1|0
[] Drew card from deck: Captain John ["OP17-044">OP17-044]
RZ1|188|2|OP17-044|0|32|1|8|1|1|0|0|0
RZ1|CHK|188|2|32|9|3|4|4|6|2|0|1|0
[Opponent] Charlotte Linlin ["OP17-049">OP17-049]: Draw 2 Card
[Opponent] Attach 1 Don to Rocks D. Xebec ["OP17-039">OP17-039] (1 Total)
RZ1|189|2|Don|5|5|9|9900|1|1|0|0|0
RZ1|CHK|189|2|32|9|3|4|4|5|2|0|1|1
[Opponent] Rocks D. Xebec ["OP17-039">OP17-039] attacking Dracule Mihawk ["OP14-020">OP14-020]
RZ1|190|2|OP17-045|1|7|6|2|1|1|0|0|0
RZ1|CHK|190|2|32|8|3|4|4|5|3|0|1|1
[Opponent] Rocks D. Xebec ["OP17-039">OP17-039]: Trash Kyo ["OP17-045">OP17-045]
RZ1|191|2|OP17-118|0|31|0|31|0|0|0|0|0
RZ1|CHK|191|2|32|8|3|4|4|5|3|0|1|1
[Opponent] Rocks D. Xebec ["OP17-039">OP17-039] revealed: Rocks D. Xebec ["OP17-118">OP17-118]
[] Drew card from deck: Rocks D. Xebec ["OP17-118">OP17-118]
RZ1|192|2|OP17-118|0|31|1|8|1|1|0|0|0
RZ1|CHK|192|2|31|9|3|4|4|5|3|0|1|1
[] Drew card from deck: Kaido ["OP17-042">OP17-042]
RZ1|193|2|OP17-042|0|30|1|9|1|1|0|0|0
RZ1|CHK|193|2|30|10|3|4|4|5|3|0|1|1
[Opponent] Rocks D. Xebec ["OP17-039">OP17-039]: Draw 2 Card
Rocks D. Xebec ["OP17-039">OP17-039][6000] vs Dracule Mihawk ["OP14-020">OP14-020][6000]
Dracule Mihawk ["OP14-020">OP14-020] hit for 1 damage
RZ1|194|1|OP01-055|3|4|1|4|1|1|0|0|0
RZ1|CHK|194|1|35|5|1|4|5|5|4|1|1|0
[] Hand: [OP17-048,OP17-118,OP17-054,OP17-045,OP08-051,OP17-052,OP17-054,OP17-044,OP17-118,OP17-042]
[] Board: [OP17-050,OP17-054,OP17-049]
[] Trash: [OP17-048,OP17-055,OP17-045]
[] Life: 4
[] Hand: [OP13-031,OP17-022,OP17-022,OP07-022,OP01-055]
[] Trash: [OP01-055,OP06-033,OP07-022,OP13-040]
[] Board: [OP14-023]
[] Life: 4
[Opponent] End Turn
[] Hand: [OP13-031,OP17-022,OP17-022,OP07-022,OP01-055]
[] Board: [OP14-023]
[] Trash: [OP01-055,OP06-033,OP07-022,OP13-040]
[] Life: 4
[] Hand: [OP17-048,OP17-118,OP17-054,OP17-045,OP08-051,OP17-052,OP17-054,OP17-044,OP17-118,OP17-042]
[] Trash: [OP17-048,OP17-055,OP17-045]
[] Board: [OP17-050,OP17-054,OP17-049]
[] Life: 4
[You] Draw 1 Card
[] Drew card from deck: Shanks ["OP17-022">OP17-022]
RZ1|195|1|OP17-022|0|34|1|5|1|1|0|0|0
RZ1|CHK|195|1|34|6|1|4|5|5|4|1|1|0
RZ1|196|1|Don|4|4|5|5|1|1|0|0|0
RZ1|CHK|196|1|34|6|1|4|4|6|4|1|1|0
RZ1|197|1|Don|4|3|5|6|1|1|0|0|0
RZ1|CHK|197|1|34|6|1|4|3|7|4|1|1|0
[You] Draw 2 Don
RZ1|198|1|Don|5|0|5|0|1|1|1|0|0
RZ1|CHK|198|1|34|6|1|4|3|7|4|1|1|0
RZ1|199|1|Don|5|1|5|1|1|1|1|0|0
RZ1|CHK|199|1|34|6|1|4|3|7|4|1|1|0
RZ1|200|1|Don|5|2|5|2|1|1|1|0|0
RZ1|CHK|200|1|34|6|1|4|3|7|4|1|1|0
RZ1|201|1|Don|5|3|5|3|1|1|1|0|0
RZ1|CHK|201|1|34|6|1|4|3|7|4|1|1|0
RZ1|202|1|Don|5|4|5|4|1|1|1|0|0
RZ1|CHK|202|1|34|6|1|4|3|7|4|1|1|0
RZ1|203|1|Don|5|5|5|5|1|1|1|0|0
RZ1|CHK|203|1|34|6|1|4|3|7|4|1|1|0
[You] Deploy Trafalgar Law ["OP13-031">OP13-031]
RZ1|204|1|OP13-031|1|0|2|1|1|1|0|0|0
RZ1|CHK|204|1|34|5|2|4|3|7|4|1|1|0
[You] Trafalgar Law ["OP13-031">OP13-031]: Return Kikunojo ["OP14-023">OP14-023] to Hand
RZ1|205|1|OP14-023|2|0|1|5|1|1|0|0|0
RZ1|CHK|205|1|34|6|1|4|3|7|4|1|1|0
RZ1|206|1|OP07-022|1|2|2|1|1|1|1|0|0
RZ1|CHK|206|1|34|5|2|4|3|7|4|1|1|0
[You] Trafalgar Law ["OP13-031">OP13-031]: Deploy Otama ["OP07-022">OP07-022]
RZ1|207|1|OP12-023|0|31|1|5|1|1|0|0|0
RZ1|CHK|207|1|33|6|2|4|3|7|4|1|1|0
[You] Otama ["OP07-022">OP07-022]: <b>Reveal and Draw Kawamatsu ["OP12-023">OP12-023]</b>
[You] Placing Cards on Bottom of Deck
RZ1|208|1|OP12-034|0|32|0|0|0|0|0|0|0
RZ1|CHK|208|1|33|6|2|4|3|7|4|1|1|0
RZ1|209|1|OP13-040|0|32|0|0|0|0|0|0|0
RZ1|CHK|209|1|33|6|2|4|3|7|4|1|1|0
RZ1|210|1|OP17-031|0|32|0|0|0|0|0|0|0
RZ1|CHK|210|1|33|6|2|4|3|7|4|1|1|0
RZ1|211|1|OP06-038|0|32|0|0|0|0|0|0|0
RZ1|CHK|211|1|33|6|2|4|3|7|4|1|1|0
[You] Dracule Mihawk ["OP14-020">OP14-020] attacking Rocks D. Xebec ["OP17-039">OP17-039]
RZ1|212|2|OP17-044|1|7|6|3|1|1|0|0|0
RZ1|CHK|212|2|30|9|3|4|4|5|4|0|1|1
[Opponent] Charlotte Linlin ["OP17-049">OP17-049]: Trash Captain John ["OP17-044">OP17-044]
[Opponent] Charlotte Linlin ["OP17-049">OP17-049]: Buff Rocks D. Xebec ["OP17-039">OP17-039] 1000 for the Combat
[Opponent] Discard Buckin ["OP08-051">OP08-051] for Counter 1000
RZ1|213|2|OP08-051|1|4|6|4|1|1|0|0|0
RZ1|CHK|213|2|30|8|3|4|4|5|5|0|1|1
Dracule Mihawk ["OP14-020">OP14-020][6000] vs Rocks D. Xebec ["OP17-039">OP17-039][7000]
Attack Fails
RZ1|214|1|Don|5|6|5|6|1|1|1|0|0
RZ1|CHK|214|1|33|6|2|4|3|7|4|1|1|0
[You] Deploy Kikunojo ["OP14-023">OP14-023]
RZ1|215|1|OP14-023|1|4|2|2|1|1|0|0|0
RZ1|CHK|215|1|33|5|3|4|3|7|4|1|1|0
[You] Kikunojo ["OP14-023">OP14-023]: Set Kikunojo ["OP14-023">OP14-023] to Active
[You] Coffin Boat ["OP14-039">OP14-039]: Activate 1 Don
RZ1|216|1|Don|5|6|5|6|1|1|0|0|0
RZ1|CHK|216|1|33|5|3|4|3|7|4|1|1|0
[] Hand: [OP17-022,OP17-022,OP01-055,OP17-022,OP12-023]
[] Board: [OP13-031,OP07-022,OP14-023]
[] Trash: [OP01-055,OP06-033,OP07-022,OP13-040]
[] Life: 4
[] Hand: [OP17-048,OP17-118,OP17-054,OP17-045,OP17-052,OP17-054,OP17-118,OP17-042]
[] Trash: [OP17-048,OP17-055,OP17-045,OP17-044,OP08-051]
[] Board: [OP17-050,OP17-054,OP17-049]
[] Life: 4
[You] End Turn
[] Hand: [OP17-048,OP17-118,OP17-054,OP17-045,OP17-052,OP17-054,OP17-118,OP17-042]
[] Board: [OP17-050,OP17-054,OP17-049]
[] Trash: [OP17-048,OP17-055,OP17-045,OP17-044,OP08-051]
[] Life: 4
[] Hand: [OP17-022,OP17-022,OP01-055,OP17-022,OP12-023]
[] Trash: [OP01-055,OP06-033,OP07-022,OP13-040]
[] Board: [OP13-031,OP07-022,OP14-023]
[] Life: 4
RZ1|217|2|Don|9|9900|5|0|1|1|1|0|0
RZ1|CHK|217|2|30|8|3|4|4|6|5|0|1|0
[Opponent] Draw 1 Card
[] Drew card from deck: Rocks Pirates ["OP17-056">OP17-056]
RZ1|218|2|OP17-056|0|29|1|8|1|1|0|0|0
RZ1|CHK|218|2|29|9|3|4|4|6|5|0|1|0
RZ1|219|2|Don|4|3|5|6|1|1|0|0|0
RZ1|CHK|219|2|29|9|3|4|3|7|5|0|1|0
RZ1|220|2|Don|4|2|5|7|1|1|0|0|0
RZ1|CHK|220|2|29|9|3|4|2|8|5|0|1|0
[Opponent] Draw 2 Don
RZ1|221|2|Don|5|0|5|0|1|1|1|0|0
RZ1|CHK|221|2|29|9|3|4|2|8|5|0|1|0
RZ1|222|2|Don|5|1|5|1|1|1|1|0|0
RZ1|CHK|222|2|29|9|3|4|2|8|5|0|1|0
RZ1|223|2|Don|5|2|5|2|1|1|1|0|0
RZ1|CHK|223|2|29|9|3|4|2|8|5|0|1|0
[Opponent] Deploy Stussy ["OP17-054">OP17-054]
RZ1|224|2|OP17-054|1|2|2|3|1|1|0|0|0
RZ1|CHK|224|2|29|8|4|4|2|8|5|0|1|0
[Opponent] Stussy ["OP17-054">OP17-054]: Trafalgar Law ["OP13-031">OP13-031] can't attack next turn
[Opponent] Streusen ["OP17-050">OP17-050] attacking Otama ["OP07-022">OP07-022]
Streusen ["OP17-050">OP17-050][2000] vs Otama ["OP07-022">OP07-022][0]
[You] Otama ["OP07-022">OP07-022] Destroyed
RZ1|225|1|OP07-022|2|1|6|4|1|1|0|0|0
RZ1|CHK|225|1|33|5|2|4|3|7|5|1|1|0
RZ1|226|2|Don|5|3|5|3|1|1|1|0|0
RZ1|CHK|226|2|29|8|4|4|2|8|5|0|1|0
RZ1|227|2|Don|5|4|5|4|1|1|1|0|0
RZ1|CHK|227|2|29|8|4|4|2|8|5|0|1|0
RZ1|228|2|Don|5|5|5|5|1|1|1|0|0
RZ1|CHK|228|2|29|8|4|4|2|8|5|0|1|0
RZ1|229|2|Don|5|6|5|6|1|1|1|0|0
RZ1|CHK|229|2|29|8|4|4|2|8|5|0|1|0
[Opponent] Deploy Kaido ["OP17-042">OP17-042]
RZ1|230|2|OP17-042|1|6|2|4|1|1|0|0|0
RZ1|CHK|230|2|29|7|5|4|2|8|5|0|1|0
[Opponent] Kaido ["OP17-042">OP17-042] revealed: Stussy ["OP17-054">OP17-054]
[Opponent] Kaido ["OP17-042">OP17-042] revealed: Don Marlon ["OP17-052">OP17-052]
[Opponent] Kaido ["OP17-042">OP17-042] revealed: Kyo ["OP17-045">OP17-045]
[Opponent] Forcing opponent to resolve Card Action!
[You] Forcing opponent to resolve Card Action!
[Opponent] Kaido ["OP17-042">OP17-042]: Buff Trafalgar Law ["OP13-031">OP13-031] -3000
[Opponent] Charlotte Linlin ["OP17-049">OP17-049] attacking Dracule Mihawk ["OP14-020">OP14-020]
[You] Discard Kawamatsu ["OP12-023">OP12-023] for Counter 2000
RZ1|231|1|OP12-023|1|4|6|5|1|1|0|0|0
RZ1|CHK|231|1|33|4|2|4|3|7|6|1|1|0
Charlotte Linlin ["OP17-049">OP17-049][7000] vs Dracule Mihawk ["OP14-020">OP14-020][8000]
Attack Fails
[Opponent] Attach 1 Don to Rocks D. Xebec ["OP17-039">OP17-039] (1 Total)
RZ1|232|2|Don|5|7|9|9900|1|1|0|0|0
RZ1|CHK|232|2|29|7|5|4|2|7|5|0|1|1
[Opponent] Rocks D. Xebec ["OP17-039">OP17-039] attacking Dracule Mihawk ["OP14-020">OP14-020]
RZ1|233|2|OP17-054|1|4|6|5|1|1|0|0|0
RZ1|CHK|233|2|29|6|5|4|2|7|6|0|1|1
[Opponent] Rocks D. Xebec ["OP17-039">OP17-039]: Trash Stussy ["OP17-054">OP17-054]
RZ1|234|2|OP17-050|0|28|0|28|0|0|0|0|0
RZ1|CHK|234|2|29|6|5|4|2|7|6|0|1|1
[Opponent] Rocks D. Xebec ["OP17-039">OP17-039] revealed: Streusen ["OP17-050">OP17-050]
[] Drew card from deck: Streusen ["OP17-050">OP17-050]
RZ1|235|2|OP17-050|0|28|1|6|1|1|0|0|0
RZ1|CHK|235|2|28|7|5|4|2|7|6|0|1|1
[] Drew card from deck: Buckin ["OP08-051">OP08-051]
RZ1|236|2|OP08-051|0|27|1|7|1|1|0|0|0
RZ1|CHK|236|2|27|8|5|4|2|7|6|0|1|1
[Opponent] Rocks D. Xebec ["OP17-039">OP17-039]: Draw 2 Card
Rocks D. Xebec ["OP17-039">OP17-039][6000] vs Dracule Mihawk ["OP14-020">OP14-020][6000]
Dracule Mihawk ["OP14-020">OP14-020] hit for 1 damage
RZ1|237|1|OP17-031|3|3|1|4|1|1|0|0|0
RZ1|CHK|237|1|33|5|2|3|3|7|6|1|1|0
[] Hand: [OP17-048,OP17-118,OP17-045,OP17-052,OP17-118,OP17-056,OP17-050,OP08-051]
[] Board: [OP17-050,OP17-054,OP17-049,OP17-054,OP17-042]
[] Trash: [OP17-048,OP17-055,OP17-045,OP17-044,OP08-051,OP17-054]
[] Life: 4
[] Hand: [OP17-022,OP17-022,OP01-055,OP17-022,OP17-031]
[] Trash: [OP01-055,OP06-033,OP07-022,OP13-040,OP07-022,OP12-023]
[] Board: [OP13-031,OP14-023]
[] Life: 3
[Opponent] End Turn
[] Hand: [OP17-022,OP17-022,OP01-055,OP17-022,OP17-031]
[] Board: [OP13-031,OP14-023]
[] Trash: [OP01-055,OP06-033,OP07-022,OP13-040,OP07-022,OP12-023]
[] Life: 3
[] Hand: [OP17-048,OP17-118,OP17-045,OP17-052,OP17-118,OP17-056,OP17-050,OP08-051]
[] Trash: [OP17-048,OP17-055,OP17-045,OP17-044,OP08-051,OP17-054]
[] Board: [OP17-050,OP17-054,OP17-049,OP17-054,OP17-042]
[] Life: 4
[You] Draw 1 Card
[] Drew card from deck: Trafalgar Law ["OP13-031">OP13-031]
RZ1|238|1|OP13-031|0|32|1|5|1|1|0|0|0
RZ1|CHK|238|1|32|6|2|3|3|7|6|1|1|0
RZ1|239|1|Don|4|2|5|7|1|1|0|0|0
RZ1|CHK|239|1|32|6|2|3|2|8|6|1|1|0
RZ1|240|1|Don|4|1|5|8|1|1|0|0|0
RZ1|CHK|240|1|32|6|2|3|1|9|6|1|1|0
[You] Draw 2 Don
RZ1|241|1|Don|5|0|5|0|1|1|1|0|0
RZ1|CHK|241|1|32|6|2|3|1|9|6|1|1|0
RZ1|242|1|Don|5|1|5|1|1|1|1|0|0
RZ1|CHK|242|1|32|6|2|3|1|9|6|1|1|0
RZ1|243|1|Don|5|2|5|2|1|1|1|0|0
RZ1|CHK|243|1|32|6|2|3|1|9|6|1|1|0
RZ1|244|1|Don|5|3|5|3|1|1|1|0|0
RZ1|CHK|244|1|32|6|2|3|1|9|6|1|1|0
RZ1|245|1|Don|5|4|5|4|1|1|1|0|0
RZ1|CHK|245|1|32|6|2|3|1|9|6|1|1|0
RZ1|246|1|Don|5|5|5|5|1|1|1|0|0
RZ1|CHK|246|1|32|6|2|3|1|9|6|1|1|0
[You] Deploy Trafalgar Law ["OP13-031">OP13-031]
RZ1|247|1|OP13-031|1|5|2|2|1|1|0|0|0
RZ1|CHK|247|1|32|5|3|3|1|9|6|1|1|0
[You] Trafalgar Law ["OP13-031">OP13-031]: Return Kikunojo ["OP14-023">OP14-023] to Hand
RZ1|248|1|OP14-023|2|1|1|5|1|1|0|0|0
RZ1|CHK|248|1|32|6|2|3|1|9|6|1|1|0
RZ1|249|1|OP17-031|1|4|2|2|1|1|1|0|0
RZ1|CHK|249|1|32|5|3|3|1|9|6|1|1|0
[You] Trafalgar Law ["OP13-031">OP13-031]: Deploy Yasopp ["OP17-031">OP17-031]
[] Drew card from deck: You Can Be My Samurai!!! ["OP01-055">OP01-055]
RZ1|250|1|OP01-055|0|31|1|5|1|1|0|0|0
RZ1|CHK|250|1|31|6|3|3|1|9|6|1|1|0
[You] Yasopp ["OP17-031">OP17-031]: Draw 1 Card
[You] Yasopp ["OP17-031">OP17-031]: Rest Kaido ["OP17-042">OP17-042]
[You] Dracule Mihawk ["OP14-020">OP14-020] attacking Kaido ["OP17-042">OP17-042]
RZ1|251|2|OP17-050|1|6|6|6|1|1|0|0|0
RZ1|CHK|251|2|27|7|5|4|2|7|7|0|1|1
[Opponent] Charlotte Linlin ["OP17-049">OP17-049]: Trash Streusen ["OP17-050">OP17-050]
[Opponent] Charlotte Linlin ["OP17-049">OP17-049]: Buff Kaido ["OP17-042">OP17-042] 1000 for the Combat
Dracule Mihawk ["OP14-020">OP14-020][6000] vs Kaido ["OP17-042">OP17-042][7000]
Attack Fails
[You] You Can Be My Samurai!!! ["OP01-055">OP01-055]: Rest Trafalgar Law ["OP13-031">OP13-031]
[You] You Can Be My Samurai!!! ["OP01-055">OP01-055]: Rest Trafalgar Law ["OP13-031">OP13-031]
[You] You Can Be My Samurai!!! ["OP01-055">OP01-055]: Draw 2 Card
[] Drew card from deck: Coffin Boat ["OP14-039">OP14-039]
RZ1|252|1|OP14-039|0|30|1|6|1|1|0|0|0
RZ1|CHK|252|1|30|7|3|3|1|9|6|1|1|0
[] Drew card from deck: Electrical Luna ["OP08-036">OP08-036]
RZ1|253|1|OP08-036|0|29|1|7|1|1|0|0|0
RZ1|CHK|253|1|29|8|3|3|1|9|6|1|1|0
RZ1|254|1|Don|5|6|5|6|1|1|1|0|0
RZ1|CHK|254|1|29|8|3|3|1|9|6|1|1|0
RZ1|255|1|OP01-055|1|2|6|6|1|1|0|0|0
RZ1|CHK|255|1|29|7|3|3|1|9|7|1|1|0
[You] Yasopp ["OP17-031">OP17-031]: Set Yasopp ["OP17-031">OP17-031] to Active
[You] Coffin Boat ["OP14-039">OP14-039]: Activate 1 Don
RZ1|256|1|Don|5|6|5|6|1|1|0|0|0
RZ1|CHK|256|1|29|7|3|3|1|9|7|1|1|0
[You] Trafalgar Law ["OP13-031">OP13-031] is no longer blocked from attacking
[] Hand: [OP17-022,OP17-022,OP17-022,OP14-023,OP01-055,OP14-039,OP08-036]
[] Board: [OP13-031,OP13-031,OP17-031]
[] Trash: [OP01-055,OP06-033,OP07-022,OP13-040,OP07-022,OP12-023,OP01-055]
[] Life: 3
[] Hand: [OP17-048,OP17-118,OP17-045,OP17-052,OP17-118,OP17-056,OP08-051]
[] Trash: [OP17-048,OP17-055,OP17-045,OP17-044,OP08-051,OP17-054,OP17-050]
[] Board: [OP17-050,OP17-054,OP17-049,OP17-054,OP17-042]
[] Life: 4
[You] End Turn
[] Hand: [OP17-048,OP17-118,OP17-045,OP17-052,OP17-118,OP17-056,OP08-051]
[] Board: [OP17-050,OP17-054,OP17-049,OP17-054,OP17-042]
[] Trash: [OP17-048,OP17-055,OP17-045,OP17-044,OP08-051,OP17-054,OP17-050]
[] Life: 4
[] Hand: [OP17-022,OP17-022,OP17-022,OP14-023,OP01-055,OP14-039,OP08-036]
[] Trash: [OP01-055,OP06-033,OP07-022,OP13-040,OP07-022,OP12-023,OP01-055]
[] Board: [OP13-031,OP13-031,OP17-031]
[] Life: 3
RZ1|257|2|Don|9|9900|5|0|1|1|1|0|0
RZ1|CHK|257|2|27|7|5|4|2|8|7|0|1|0
[Opponent] Draw 1 Card
[] Drew card from deck: Charlotte Linlin ["OP17-049">OP17-049]
RZ1|258|2|OP17-049|0|26|1|7|1|1|0|0|0
RZ1|CHK|258|2|26|8|5|4|2|8|7|0|1|0
RZ1|259|2|Don|4|1|5|8|1|1|0|0|0
RZ1|CHK|259|2|26|8|5|4|1|9|7|0|1|0
RZ1|260|2|Don|4|0|5|9|1|1|0|0|0
RZ1|CHK|260|2|26|8|5|4|0|10|7|0|1|0
[Opponent] Draw 2 Don
[Opponent] Charlotte Linlin ["OP17-049">OP17-049] attacking Dracule Mihawk ["OP14-020">OP14-020]
[You] Discard Kikunojo ["OP14-023">OP14-023] for Counter 2000
RZ1|261|1|OP14-023|1|3|6|7|1|1|0|0|0
RZ1|CHK|261|1|29|6|3|3|1|9|8|1|1|0
Charlotte Linlin ["OP17-049">OP17-049][7000] vs Dracule Mihawk ["OP14-020">OP14-020][8000]
Attack Fails
[Opponent] Kaido ["OP17-042">OP17-042] attacking Dracule Mihawk ["OP14-020">OP14-020]
Kaido ["OP17-042">OP17-042][6000] vs Dracule Mihawk ["OP14-020">OP14-020][6000]
Dracule Mihawk ["OP14-020">OP14-020] hit for 1 damage
RZ1|262|1|ST32-002|3|2|1|6|1|1|0|0|0
RZ1|CHK|262|1|29|7|3|2|1|9|8|1|1|0
RZ1|263|2|Don|5|0|5|0|1|1|1|0|0
RZ1|CHK|263|2|26|8|5|4|0|10|7|0|1|0
RZ1|264|2|Don|5|1|5|1|1|1|1|0|0
RZ1|CHK|264|2|26|8|5|4|0|10|7|0|1|0
RZ1|265|2|Don|5|2|5|2|1|1|1|0|0
RZ1|CHK|265|2|26|8|5|4|0|10|7|0|1|0
RZ1|266|2|Don|5|3|5|3|1|1|1|0|0
RZ1|CHK|266|2|26|8|5|4|0|10|7|0|1|0
RZ1|267|2|Don|5|4|5|4|1|1|1|0|0
RZ1|CHK|267|2|26|8|5|4|0|10|7|0|1|0
RZ1|268|2|Don|5|5|5|5|1|1|1|0|0
RZ1|CHK|268|2|26|8|5|4|0|10|7|0|1|0
RZ1|269|2|Don|5|6|5|6|1|1|1|0|0
RZ1|CHK|269|2|26|8|5|4|0|10|7|0|1|0
RZ1|270|2|Don|5|7|5|7|1|1|1|0|0
RZ1|CHK|270|2|26|8|5|4|0|10|7|0|1|0
RZ1|271|2|Don|5|8|5|8|1|1|1|0|0
RZ1|CHK|271|2|26|8|5|4|0|10|7|0|1|0
RZ1|272|2|Don|5|9|5|9|1|1|1|0|0
RZ1|CHK|272|2|26|8|5|4|0|10|7|0|1|0
[Opponent] Trash Charlotte Linlin ["OP17-049">OP17-049]
[Opponent] Deploy Rocks D. Xebec ["OP17-118">OP17-118]
RZ1|273|2|OP17-049|2|2|6|7|1|1|0|0|0
RZ1|CHK|273|2|26|8|4|4|0|10|8|0|1|0
RZ1|274|2|OP17-118|1|1|2|4|1|1|0|0|0
RZ1|CHK|274|2|26|7|5|4|0|10|8|0|1|0
[] Drew card from deck: Rocks D. Xebec ["OP17-118">OP17-118]
RZ1|275|2|OP17-118|0|25|1|7|1|1|0|0|0
RZ1|CHK|275|2|25|8|5|4|0|10|8|0|1|0
[Opponent] Rocks D. Xebec ["OP17-118">OP17-118]: Draw 1 Card
RZ1|276|2|OP17-054|2|2|6|8|1|1|0|0|0
RZ1|CHK|276|2|25|8|4|4|0|10|9|0|1|0
[Opponent] Trash Stussy ["OP17-054">OP17-054]
RZ1|277|2|OP17-048|1|0|2|4|1|1|0|0|0
RZ1|CHK|277|2|25|7|5|4|0|10|9|0|1|0
[Opponent] Rocks D. Xebec ["OP17-118">OP17-118]: Deploy Shiki ["OP17-048">OP17-048]
RZ1|278|2|OP17-050|2|0|6|9|1|1|0|0|0
RZ1|CHK|278|2|25|7|4|4|0|10|10|0|1|0
[Opponent] Trash Streusen ["OP17-050">OP17-050]
RZ1|279|2|OP17-045|1|0|2|4|1|1|0|0|0
RZ1|CHK|279|2|25|6|5|4|0|10|10|0|1|0
[Opponent] Rocks D. Xebec ["OP17-118">OP17-118]: Deploy Kyo ["OP17-045">OP17-045]
[] Drew card from deck: Fullalead ["OP17-057">OP17-057]
RZ1|280|2|OP17-057|0|24|1|6|1|1|0|0|0
RZ1|CHK|280|2|24|7|5|4|0|10|10|0|1|0
[Opponent] Kyo ["OP17-045">OP17-045]: Draw 1 Card
[Opponent] Shiki ["OP17-048">OP17-048] attacking Trafalgar Law ["OP13-031">OP13-031]
RZ1|281|2|OP17-052|1|0|6|10|1|1|0|0|0
RZ1|CHK|281|2|24|6|5|4|0|10|11|0|1|0
[Opponent] Shiki ["OP17-048">OP17-048]: Trash Don Marlon ["OP17-052">OP17-052]
[Opponent] Shiki ["OP17-048">OP17-048]: Buff Trafalgar Law ["OP13-031">OP13-031] -3000
Shiki ["OP17-048">OP17-048][9000] vs Trafalgar Law ["OP13-031">OP13-031][3000]
[You] Trafalgar Law ["OP13-031">OP13-031] Destroyed
RZ1|282|1|OP13-031|2|0|6|8|1|1|0|0|0
RZ1|CHK|282|1|29|7|2|2|1|9|9|1|1|0
[] Hand: [OP17-118,OP17-056,OP08-051,OP17-049,OP17-118,OP17-057]
[] Board: [OP17-054,OP17-042,OP17-118,OP17-048,OP17-045]
[] Trash: [OP17-048,OP17-055,OP17-045,OP17-044,OP08-051,OP17-054,OP17-050,OP17-049,OP17-054,OP17-050,OP17-052]
[] Life: 4
[] Hand: [OP17-022,OP17-022,OP17-022,OP01-055,OP14-039,OP08-036,ST32-002]
[] Trash: [OP01-055,OP06-033,OP07-022,OP13-040,OP07-022,OP12-023,OP01-055,OP14-023,OP13-031]
[] Board: [OP13-031,OP17-031]
[] Life: 2
[Opponent] End Turn
[] Hand: [OP17-022,OP17-022,OP17-022,OP01-055,OP14-039,OP08-036,ST32-002]
[] Board: [OP13-031,OP17-031]
[] Trash: [OP01-055,OP06-033,OP07-022,OP13-040,OP07-022,OP12-023,OP01-055,OP14-023,OP13-031]
[] Life: 2
[] Hand: [OP17-118,OP17-056,OP08-051,OP17-049,OP17-118,OP17-057]
[] Trash: [OP17-048,OP17-055,OP17-045,OP17-044,OP08-051,OP17-054,OP17-050,OP17-049,OP17-054,OP17-050,OP17-052]
[] Board: [OP17-054,OP17-042,OP17-118,OP17-048,OP17-045]
[] Life: 4
[You] Draw 1 Card
[] Drew card from deck: I Know You're Strong... So I'll Go All Out ["OP13-040">OP13-040]
RZ1|283|1|OP13-040|0|28|1|7|1|1|0|0|0
RZ1|CHK|283|1|28|8|2|2|1|9|9|1|1|0
RZ1|284|1|Don|4|0|5|9|1|1|0|0|0
RZ1|CHK|284|1|28|8|2|2|0|10|9|1|1|0
[You] Draw 2 Don
RZ1|285|1|Don|5|0|5|0|1|1|1|0|0
RZ1|CHK|285|1|28|8|2|2|0|10|9|1|1|0
RZ1|286|1|Don|5|1|5|1|1|1|1|0|0
RZ1|CHK|286|1|28|8|2|2|0|10|9|1|1|0
RZ1|287|1|Don|5|2|5|2|1|1|1|0|0
RZ1|CHK|287|1|28|8|2|2|0|10|9|1|1|0
RZ1|288|1|Don|5|3|5|3|1|1|1|0|0
RZ1|CHK|288|1|28|8|2|2|0|10|9|1|1|0
RZ1|289|1|Don|5|4|5|4|1|1|1|0|0
RZ1|CHK|289|1|28|8|2|2|0|10|9|1|1|0
RZ1|290|1|Don|5|5|5|5|1|1|1|0|0
RZ1|CHK|290|1|28|8|2|2|0|10|9|1|1|0
RZ1|291|1|Don|5|6|5|6|1|1|1|0|0
RZ1|CHK|291|1|28|8|2|2|0|10|9|1|1|0
RZ1|292|1|Don|5|7|5|7|1|1|1|0|0
RZ1|CHK|292|1|28|8|2|2|0|10|9|1|1|0
RZ1|293|1|Don|5|8|5|8|1|1|1|0|0
RZ1|CHK|293|1|28|8|2|2|0|10|9|1|1|0
RZ1|294|1|Don|5|9|5|9|1|1|1|0|0
RZ1|CHK|294|1|28|8|2|2|0|10|9|1|1|0
[You] Deploy Shanks ["OP17-022">OP17-022]
RZ1|295|1|OP17-022|1|0|2|2|1|1|0|0|0
RZ1|CHK|295|1|28|7|3|2|0|10|9|1|1|0
[You] Shanks ["OP17-022">OP17-022]: Activate 1 Don
RZ1|296|1|Don|5|9|5|9|1|1|0|0|0
RZ1|CHK|296|1|28|7|3|2|0|10|9|1|1|0
[You] Shanks ["OP17-022">OP17-022]: Activate 1 Don
RZ1|297|1|Don|5|8|5|8|1|1|0|0|0
RZ1|CHK|297|1|28|7|3|2|0|10|9|1|1|0
[You] Shanks ["OP17-022">OP17-022]: Rest Stussy ["OP17-054">OP17-054]
[You] Shanks ["OP17-022">OP17-022]: Rest Rocks D. Xebec ["OP17-118">OP17-118]
[You] Shanks ["OP17-022">OP17-022]: Rest Kyo ["OP17-045">OP17-045]
[You] Shanks ["OP17-022">OP17-022] attacking Shiki ["OP17-048">OP17-048]
RZ1|298|2|OP17-057|1|5|6|11|1|1|0|0|0
RZ1|CHK|298|2|24|5|5|4|0|10|12|0|1|0
[Opponent] Shiki ["OP17-048">OP17-048]: Trash Fullalead ["OP17-057">OP17-057]
[Opponent] Shiki ["OP17-048">OP17-048]: Buff Shanks ["OP17-022">OP17-022] -3000
[Opponent] Discard Buckin ["OP08-051">OP08-051] for Counter 1000
RZ1|299|2|OP08-051|1|2|6|12|1|1|0|0|0
RZ1|CHK|299|2|24|4|5|4|0|10|13|0|1|0
Shanks ["OP17-022">OP17-022][9000] vs Shiki ["OP17-048">OP17-048][10000]
Attack Fails
[You] Dracule Mihawk ["OP14-020">OP14-020] attacking Kaido ["OP17-042">OP17-042]
[Opponent] Rocks Pirates ["OP17-056">OP17-056]: Activate Counter
RZ1|300|2|OP17-056|1|1|6|13|1|1|0|0|0
RZ1|CHK|300|2|24|3|5|4|0|10|14|0|1|0
[Opponent] Rocks Pirates ["OP17-056">OP17-056]: Buff Kaido ["OP17-042">OP17-042] 2000 for the Combat
Dracule Mihawk ["OP14-020">OP14-020][6000] vs Kaido ["OP17-042">OP17-042][8000]
Attack Fails
[You] Trafalgar Law ["OP13-031">OP13-031] attacking Kaido ["OP17-042">OP17-042]
Trafalgar Law ["OP13-031">OP13-031][6000] vs Kaido ["OP17-042">OP17-042][6000]
[Opponent] Kaido ["OP17-042">OP17-042] Destroyed
RZ1|301|2|OP17-042|2|1|6|14|1|1|0|0|0
RZ1|CHK|301|2|24|3|4|4|0|10|15|0|1|0
[You] Yasopp ["OP17-031">OP17-031] attacking Rocks D. Xebec ["OP17-039">OP17-039]
Yasopp ["OP17-031">OP17-031][6000] vs Rocks D. Xebec ["OP17-039">OP17-039][5000]
Rocks D. Xebec ["OP17-039">OP17-039] hit for 1 damage
RZ1|302|2|OP17-118|3|3|1|3|1|1|0|0|0
RZ1|CHK|302|2|24|4|4|3|0|10|15|0|1|0
[You] I Know You're Strong... So I'll Go All Out ["OP13-040">OP13-040]: Rest 1 Don
RZ1|303|1|Don|5|8|5|8|1|1|1|0|0
RZ1|CHK|303|1|28|7|3|2|0|10|9|1|1|0
RZ1|304|1|OP13-040|1|6|6|9|1|1|0|0|0
RZ1|CHK|304|1|28|6|3|2|0|10|10|1|1|0
[You] Yasopp ["OP17-031">OP17-031]: Set Shanks ["OP17-022">OP17-022] to Active
[You] Coffin Boat ["OP14-039">OP14-039]: Activate 1 Don
RZ1|305|1|Don|5|8|5|8|1|1|0|0|0
RZ1|CHK|305|1|28|6|3|2|0|10|10|1|1|0
[] Hand: [OP17-022,OP17-022,OP01-055,OP14-039,OP08-036,ST32-002]
[] Board: [OP13-031,OP17-031,OP17-022]
[] Trash: [OP01-055,OP06-033,OP07-022,OP13-040,OP07-022,OP12-023,OP01-055,OP14-023,OP13-031,OP13-040]
[] Life: 2
[] Hand: [OP17-118,OP17-049,OP17-118,OP17-118]
[] Trash: [OP17-048,OP17-055,OP17-045,OP17-044,OP08-051,OP17-054,OP17-050,OP17-049,OP17-054,OP17-050,OP17-052,OP17-057,OP08-051,OP17-056,OP17-042]
[] Board: [OP17-054,OP17-118,OP17-048,OP17-045]
[] Life: 3
[You] End Turn
[] Hand: [OP17-118,OP17-049,OP17-118,OP17-118]
[] Board: [OP17-054,OP17-118,OP17-048,OP17-045]
[] Trash: [OP17-048,OP17-055,OP17-045,OP17-044,OP08-051,OP17-054,OP17-050,OP17-049,OP17-054,OP17-050,OP17-052,OP17-057,OP08-051,OP17-056,OP17-042]
[] Life: 3
[] Hand: [OP17-022,OP17-022,OP01-055,OP14-039,OP08-036,ST32-002]
[] Trash: [OP01-055,OP06-033,OP07-022,OP13-040,OP07-022,OP12-023,OP01-055,OP14-023,OP13-031,OP13-040]
[] Board: [OP13-031,OP17-031,OP17-022]
[] Life: 2
[Opponent] Draw 1 Card
[] Drew card from deck: Streusen ["OP17-050">OP17-050]
RZ1|306|2|OP17-050|0|23|1|4|1|1|0|0|0
RZ1|CHK|306|2|23|5|4|3|0|10|15|0|1|0
[Opponent] Shiki ["OP17-048">OP17-048] attacking Dracule Mihawk ["OP14-020">OP14-020]
RZ1|307|2|OP17-050|1|4|6|15|1|1|0|0|0
RZ1|CHK|307|2|23|4|4|3|0|10|16|0|1|0
[Opponent] Shiki ["OP17-048">OP17-048]: Trash Streusen ["OP17-050">OP17-050]
[Opponent] Shiki ["OP17-048">OP17-048]: Buff Yasopp ["OP17-031">OP17-031] -3000
Shiki ["OP17-048">OP17-048][9000] vs Dracule Mihawk ["OP14-020">OP14-020][6000]
Dracule Mihawk ["OP14-020">OP14-020] hit for 1 damage
RZ1|308|1|OP07-022|3|1|1|6|1|1|0|0|0
RZ1|CHK|308|1|28|7|3|1|0|10|10|1|1|0
[Opponent] Stussy ["OP17-054">OP17-054] attacking Yasopp ["OP17-031">OP17-031]
[You] Discard Otama ["OP07-022">OP07-022] for Counter 2000
RZ1|309|1|OP07-022|1|6|6|10|1|1|0|0|0
RZ1|CHK|309|1|28|6|3|1|0|10|11|1|1|0
[You] Discard Kouzuki Oden ["ST32-002">ST32-002] for Counter 1000
RZ1|310|1|ST32-002|1|5|6|11|1|1|0|0|0
RZ1|CHK|310|1|28|5|3|1|0|10|12|1|1|0
Stussy ["OP17-054">OP17-054][5000] vs Yasopp ["OP17-031">OP17-031][6000]
Attack Fails
[Opponent] Kyo ["OP17-045">OP17-045] attacking Yasopp ["OP17-031">OP17-031]
Kyo ["OP17-045">OP17-045][4000] vs Yasopp ["OP17-031">OP17-031][3000]
[You] Yasopp ["OP17-031">OP17-031] Destroyed
RZ1|311|1|OP17-031|2|1|6|12|1|1|0|0|0
RZ1|CHK|311|1|28|5|2|1|0|10|13|1|1|0
[Opponent] Rocks D. Xebec ["OP17-118">OP17-118] attacking Dracule Mihawk ["OP14-020">OP14-020]
Rocks D. Xebec ["OP17-118">OP17-118][12000] vs Dracule Mihawk ["OP14-020">OP14-020][6000]
Dracule Mihawk ["OP14-020">OP14-020] hit for 1 damage
RZ1|312|1|OP12-023|3|0|1|5|1|1|0|0|0
RZ1|CHK|312|1|28|6|2|0|0|10|13|1|1|0
RZ1|313|2|Don|5|0|5|0|1|1|1|0|0
RZ1|CHK|313|2|23|4|4|3|0|10|16|0|1|0
RZ1|314|2|Don|5|1|5|1|1|1|1|0|0
RZ1|CHK|314|2|23|4|4|3|0|10|16|0|1|0
RZ1|315|2|Don|5|2|5|2|1|1|1|0|0
RZ1|CHK|315|2|23|4|4|3|0|10|16|0|1|0
RZ1|316|2|Don|5|3|5|3|1|1|1|0|0
RZ1|CHK|316|2|23|4|4|3|0|10|16|0|1|0
RZ1|317|2|Don|5|4|5|4|1|1|1|0|0
RZ1|CHK|317|2|23|4|4|3|0|10|16|0|1|0
RZ1|318|2|Don|5|5|5|5|1|1|1|0|0
RZ1|CHK|318|2|23|4|4|3|0|10|16|0|1|0
RZ1|319|2|Don|5|6|5|6|1|1|1|0|0
RZ1|CHK|319|2|23|4|4|3|0|10|16|0|1|0
RZ1|320|2|Don|5|7|5|7|1|1|1|0|0
RZ1|CHK|320|2|23|4|4|3|0|10|16|0|1|0
RZ1|321|2|Don|5|8|5|8|1|1|1|0|0
RZ1|CHK|321|2|23|4|4|3|0|10|16|0|1|0
RZ1|322|2|Don|5|9|5|9|1|1|1|0|0
RZ1|CHK|322|2|23|4|4|3|0|10|16|0|1|0
[Opponent] Deploy Rocks D. Xebec ["OP17-118">OP17-118]
RZ1|323|2|OP17-118|1|3|2|4|1|1|0|0|0
RZ1|CHK|323|2|23|3|5|3|0|10|16|0|1|0
[] Drew card from deck: Stussy ["OP17-054">OP17-054]
RZ1|324|2|OP17-054|0|22|1|3|1|1|0|0|0
RZ1|CHK|324|2|22|4|5|3|0|10|16|0|1|0
[Opponent] Rocks D. Xebec ["OP17-118">OP17-118]: Draw 1 Card
RZ1|325|2|OP17-045|2|3|6|16|1|1|0|0|0
RZ1|CHK|325|2|22|4|4|3|0|10|17|0|1|0
[Opponent] Trash Kyo ["OP17-045">OP17-045]
RZ1|326|2|OP17-049|1|1|2|4|1|1|0|0|0
RZ1|CHK|326|2|22|3|5|3|0|10|17|0|1|0
[Opponent] Rocks D. Xebec ["OP17-118">OP17-118]: Deploy Charlotte Linlin ["OP17-049">OP17-049]
RZ1|327|2|OP17-054|2|0|6|17|1|1|0|0|0
RZ1|CHK|327|2|22|3|4|3|0|10|18|0|1|0
[Opponent] Trash Stussy ["OP17-054">OP17-054]
RZ1|328|2|OP17-054|1|2|2|4|1|1|0|0|0
RZ1|CHK|328|2|22|2|5|3|0|10|18|0|1|0
[Opponent] Rocks D. Xebec ["OP17-118">OP17-118]: Deploy Stussy ["OP17-054">OP17-054]
[Opponent] Stussy ["OP17-054">OP17-054]: Trafalgar Law ["OP13-031">OP13-031] can't attack next turn
[Opponent] Forcing opponent to resolve Card Action!
[You] Forcing opponent to resolve Card Action!
[] Drew card from deck: Rocks Pirates ["OP17-056">OP17-056]
RZ1|329|2|OP17-056|0|21|1|2|1|1|0|0|0
RZ1|CHK|329|2|21|3|5|3|0|10|18|0|1|0
[] Drew card from deck: Shiki ["OP17-048">OP17-048]
RZ1|330|2|OP17-048|0|20|1|3|1|1|0|0|0
RZ1|CHK|330|2|20|4|5|3|0|10|18|0|1|0
[Opponent] Charlotte Linlin ["OP17-049">OP17-049]: Draw 2 Card
[] Hand: [OP17-118,OP17-118,OP17-056,OP17-048]
[] Board: [OP17-118,OP17-048,OP17-118,OP17-049,OP17-054]
[] Trash: [OP17-048,OP17-055,OP17-045,OP17-044,OP08-051,OP17-054,OP17-050,OP17-049,OP17-054,OP17-050,OP17-052,OP17-057,OP08-051,OP17-056,OP17-042,OP17-050,OP17-045,OP17-054]
[] Life: 3
[] Hand: [OP17-022,OP17-022,OP01-055,OP14-039,OP08-036,OP12-023]
[] Trash: [OP01-055,OP06-033,OP07-022,OP13-040,OP07-022,OP12-023,OP01-055,OP14-023,OP13-031,OP13-040,OP07-022,ST32-002,OP17-031]
[] Board: [OP13-031,OP17-022]
[] Life: 0
[Opponent] End Turn
[] Hand: [OP17-022,OP17-022,OP01-055,OP14-039,OP08-036,OP12-023]
[] Board: [OP13-031,OP17-022]
[] Trash: [OP01-055,OP06-033,OP07-022,OP13-040,OP07-022,OP12-023,OP01-055,OP14-023,OP13-031,OP13-040,OP07-022,ST32-002,OP17-031]
[] Life: 0
[] Hand: [OP17-118,OP17-118,OP17-056,OP17-048]
[] Trash: [OP17-048,OP17-055,OP17-045,OP17-044,OP08-051,OP17-054,OP17-050,OP17-049,OP17-054,OP17-050,OP17-052,OP17-057,OP08-051,OP17-056,OP17-042,OP17-050,OP17-045,OP17-054]
[] Board: [OP17-118,OP17-048,OP17-118,OP17-049,OP17-054]
[] Life: 3
[You] Draw 1 Card
[] Drew card from deck: Kouzuki Oden ["ST32-002">ST32-002]
RZ1|331|1|ST32-002|0|27|1|6|1|1|0|0|0
RZ1|CHK|331|1|27|7|2|0|0|10|13|1|1|0
[You] Shanks ["OP17-022">OP17-022] attacking Shiki ["OP17-048">OP17-048]
RZ1|332|2|OP17-048|1|3|6|18|1|1|0|0|0
RZ1|CHK|332|2|20|3|5|3|0|10|19|0|1|0
[Opponent] Shiki ["OP17-048">OP17-048]: Trash Shiki ["OP17-048">OP17-048]
[Opponent] Shiki ["OP17-048">OP17-048]: Buff Shanks ["OP17-022">OP17-022] -3000
[Opponent] Rocks Pirates ["OP17-056">OP17-056]: Activate Counter
RZ1|333|2|OP17-056|1|2|6|19|1|1|0|0|0
RZ1|CHK|333|2|20|2|5|3|0|10|20|0|1|0
[Opponent] Rocks Pirates ["OP17-056">OP17-056]: Buff Shiki ["OP17-048">OP17-048] 2000 for the Combat
Shanks ["OP17-022">OP17-022][9000] vs Shiki ["OP17-048">OP17-048][11000]
Attack Fails
[You] Dracule Mihawk ["OP14-020">OP14-020] attacking Rocks D. Xebec ["OP17-039">OP17-039]
Dracule Mihawk ["OP14-020">OP14-020][6000] vs Rocks D. Xebec ["OP17-039">OP17-039][5000]
Rocks D. Xebec ["OP17-039">OP17-039] hit for 1 damage
RZ1|334|2|OP17-048|3|2|1|2|1|1|0|0|0
RZ1|CHK|334|2|20|3|5|2|0|10|20|0|1|0
RZ1|335|1|Don|5|0|5|0|1|1|1|0|0
RZ1|CHK|335|1|27|7|2|0|0|10|13|1|1|0
RZ1|336|1|Don|5|1|5|1|1|1|1|0|0
RZ1|CHK|336|1|27|7|2|0|0|10|13|1|1|0
RZ1|337|1|Don|5|2|5|2|1|1|1|0|0
RZ1|CHK|337|1|27|7|2|0|0|10|13|1|1|0
RZ1|338|1|Don|5|3|5|3|1|1|1|0|0
RZ1|CHK|338|1|27|7|2|0|0|10|13|1|1|0
RZ1|339|1|Don|5|4|5|4|1|1|1|0|0
RZ1|CHK|339|1|27|7|2|0|0|10|13|1|1|0
RZ1|340|1|Don|5|5|5|5|1|1|1|0|0
RZ1|CHK|340|1|27|7|2|0|0|10|13|1|1|0
RZ1|341|1|Don|5|6|5|6|1|1|1|0|0
RZ1|CHK|341|1|27|7|2|0|0|10|13|1|1|0
RZ1|342|1|Don|5|7|5|7|1|1|1|0|0
RZ1|CHK|342|1|27|7|2|0|0|10|13|1|1|0
RZ1|343|1|Don|5|8|5|8|1|1|1|0|0
RZ1|CHK|343|1|27|7|2|0|0|10|13|1|1|0
RZ1|344|1|Don|5|9|5|9|1|1|1|0|0
RZ1|CHK|344|1|27|7|2|0|0|10|13|1|1|0
[You] Deploy Shanks ["OP17-022">OP17-022]
RZ1|345|1|OP17-022|1|0|2|2|1|1|0|0|0
RZ1|CHK|345|1|27|6|3|0|0|10|13|1|1|0
[You] Shanks ["OP17-022">OP17-022]: Activate 1 Don
RZ1|346|1|Don|5|9|5|9|1|1|0|0|0
RZ1|CHK|346|1|27|6|3|0|0|10|13|1|1|0
[You] Shanks ["OP17-022">OP17-022]: Activate 1 Don
RZ1|347|1|Don|5|8|5|8|1|1|0|0|0
RZ1|CHK|347|1|27|6|3|0|0|10|13|1|1|0
[You] Shanks ["OP17-022">OP17-022]: Rest Rocks D. Xebec ["OP17-118">OP17-118]
[You] Shanks ["OP17-022">OP17-022]: Rest Charlotte Linlin ["OP17-049">OP17-049]
[You] Shanks ["OP17-022">OP17-022]: Rest Stussy ["OP17-054">OP17-054]
[You] Shanks ["OP17-022">OP17-022] attacking Shiki ["OP17-048">OP17-048]
Shanks ["OP17-022">OP17-022][12000] vs Shiki ["OP17-048">OP17-048][9000]
[Opponent] Shiki ["OP17-048">OP17-048] Destroyed
RZ1|348|2|OP17-048|2|1|6|20|1|1|0|0|0
RZ1|CHK|348|2|20|3|4|2|0|10|21|0|1|0
[You] Coffin Boat ["OP14-039">OP14-039]: Activate 1 Don
RZ1|349|1|Don|5|7|5|7|1|1|0|0|0
RZ1|CHK|349|1|27|6|3|0|0|10|13|1|1|0
[You] Trafalgar Law ["OP13-031">OP13-031] is no longer blocked from attacking
[] Hand: [OP17-022,OP01-055,OP14-039,OP08-036,OP12-023,ST32-002]
[] Board: [OP13-031,OP17-022,OP17-022]
[] Trash: [OP01-055,OP06-033,OP07-022,OP13-040,OP07-022,OP12-023,OP01-055,OP14-023,OP13-031,OP13-040,OP07-022,ST32-002,OP17-031]
[] Life: 0
[] Hand: [OP17-118,OP17-118,OP17-048]
[] Trash: [OP17-048,OP17-055,OP17-045,OP17-044,OP08-051,OP17-054,OP17-050,OP17-049,OP17-054,OP17-050,OP17-052,OP17-057,OP08-051,OP17-056,OP17-042,OP17-050,OP17-045,OP17-054,OP17-048,OP17-056,OP17-048]
[] Board: [OP17-118,OP17-118,OP17-049,OP17-054]
[] Life: 2
[You] End Turn
[] Hand: [OP17-118,OP17-118,OP17-048]
[] Board: [OP17-118,OP17-118,OP17-049,OP17-054]
[] Trash: [OP17-048,OP17-055,OP17-045,OP17-044,OP08-051,OP17-054,OP17-050,OP17-049,OP17-054,OP17-050,OP17-052,OP17-057,OP08-051,OP17-056,OP17-042,OP17-050,OP17-045,OP17-054,OP17-048,OP17-056,OP17-048]
[] Life: 2
[] Hand: [OP17-022,OP01-055,OP14-039,OP08-036,OP12-023,ST32-002]
[] Trash: [OP01-055,OP06-033,OP07-022,OP13-040,OP07-022,OP12-023,OP01-055,OP14-023,OP13-031,OP13-040,OP07-022,ST32-002,OP17-031]
[] Board: [OP13-031,OP17-022,OP17-022]
[] Life: 0
[Opponent] Draw 1 Card
[] Drew card from deck: There's No Authority in the World ["OP17-055">OP17-055]
RZ1|350|2|OP17-055|0|19|1|3|1|1|0|0|0
RZ1|CHK|350|2|19|4|4|2|0|10|21|0|1|0
RZ1|351|2|OP17-055|1|3|6|21|1|1|0|0|0
RZ1|CHK|351|2|19|3|4|2|0|10|22|0|1|0
[Opponent] There's No Authority in the World ["OP17-055">OP17-055]: Rest 1 Don
RZ1|352|2|Don|5|0|5|0|1|1|1|0|0
RZ1|CHK|352|2|19|3|4|2|0|10|22|0|1|0
[Opponent] There's No Authority in the World ["OP17-055">OP17-055]: Grant Unblockable to Rocks D. Xebec ["OP17-118">OP17-118]
[Opponent] Attach 9 Don to Rocks D. Xebec ["OP17-118">OP17-118] (9 Total)
RZ1|353|2|Don|5|1|9|100|1|1|0|0|0
RZ1|CHK|353|2|19|3|4|2|0|9|22|0|1|1
RZ1|354|2|Don|5|1|9|101|1|1|0|0|0
RZ1|CHK|354|2|19|3|4|2|0|8|22|0|1|2
RZ1|355|2|Don|5|1|9|102|1|1|0|0|0
RZ1|CHK|355|2|19|3|4|2|0|7|22|0|1|3
RZ1|356|2|Don|5|1|9|103|1|1|0|0|0
RZ1|CHK|356|2|19|3|4|2|0|6|22|0|1|4
RZ1|357|2|Don|5|1|9|104|1|1|0|0|0
RZ1|CHK|357|2|19|3|4|2|0|5|22|0|1|5
RZ1|358|2|Don|5|1|9|105|1|1|0|0|0
RZ1|CHK|358|2|19|3|4|2|0|4|22|0|1|6
RZ1|359|2|Don|5|1|9|106|1|1|0|0|0
RZ1|CHK|359|2|19|3|4|2|0|3|22|0|1|7
RZ1|360|2|Don|5|1|9|107|1|1|0|0|0
RZ1|CHK|360|2|19|3|4|2|0|2|22|0|1|8
RZ1|361|2|Don|5|1|9|108|1|1|0|0|0
RZ1|CHK|361|2|19|3|4|2|0|1|22|0|1|9
[Opponent] Rocks D. Xebec ["OP17-118">OP17-118] attacking Dracule Mihawk ["OP14-020">OP14-020]
Rocks D. Xebec ["OP17-118">OP17-118][21000] vs Dracule Mihawk ["OP14-020">OP14-020][6000]
Dracule Mihawk ["OP14-020">OP14-020] hit for 1 damage
[You] <b>Downloaded the Combat Log!</b>
GameOver
