Version is 1.43a.1
[You] Leader is Dracule Mihawk ["OP14-020">OP14-020]
[Opponent] Leader is Boa Hancock ["OP14-041">OP14-041]
RZ1|7|2|OP14-107|0|30|0|0|0|0|0|0|0
RZ1|CHK|7|2|50|0|0|0|10|0|0|0|1|0
RZ1|8|2|OP14-107|0|33|0|1|0|0|0|0|0
RZ1|CHK|8|2|50|0|0|0|10|0|0|0|1|0
RZ1|9|2|OP14-107|0|33|0|2|0|0|0|0|0
RZ1|CHK|9|2|50|0|0|0|10|0|0|0|1|0
RZ1|10|2|OP14-107|0|33|0|3|0|0|0|0|0
RZ1|CHK|10|2|50|0|0|0|10|0|0|0|1|0
RZ1|11|2|OP16-113|0|28|0|4|0|0|0|0|0
RZ1|CHK|11|2|50|0|0|0|10|0|0|0|1|0
RZ1|12|2|OP16-119|0|41|0|5|0|0|0|0|0
RZ1|CHK|12|2|50|0|0|0|10|0|0|0|1|0
RZ1|13|2|OP14-112|0|45|0|6|0|0|0|0|0
RZ1|CHK|13|2|50|0|0|0|10|0|0|0|1|0
RZ1|14|2|OP16-113|0|30|0|7|0|0|0|0|0
RZ1|CHK|14|2|50|0|0|0|10|0|0|0|1|0
RZ1|15|2|OP15-113|0|25|0|8|0|0|0|0|0
RZ1|CHK|15|2|50|0|0|0|10|0|0|0|1|0
RZ1|16|2|OP14-104|0|40|0|9|0|0|0|0|0
RZ1|CHK|16|2|50|0|0|0|10|0|0|0|1|0
RZ1|17|2|OP11-054|0|13|0|10|0|0|0|0|0
RZ1|CHK|17|2|50|0|0|0|10|0|0|0|1|0
RZ1|18|2|OP14-114|0|23|0|11|0|0|0|0|0
RZ1|CHK|18|2|50|0|0|0|10|0|0|0|1|0
RZ1|19|2|OP14-105|0|36|0|12|0|0|0|0|0
RZ1|CHK|19|2|50|0|0|0|10|0|0|0|1|0
RZ1|20|2|OP14-112|0|45|0|13|0|0|0|0|0
RZ1|CHK|20|2|50|0|0|0|10|0|0|0|1|0
RZ1|21|2|OP06-106|0|18|0|14|0|0|0|0|0
RZ1|CHK|21|2|50|0|0|0|10|0|0|0|1|0
RZ1|22|2|OP15-113|0|27|0|15|0|0|0|0|0
RZ1|CHK|22|2|50|0|0|0|10|0|0|0|1|0
RZ1|23|2|OP14-108|0|39|0|16|0|0|0|0|0
RZ1|CHK|23|2|50|0|0|0|10|0|0|0|1|0
RZ1|24|2|OP06-115|0|48|0|17|0|0|0|0|0
RZ1|CHK|24|2|50|0|0|0|10|0|0|0|1|0
RZ1|25|2|OP17-109|0|23|0|18|0|0|0|0|0
RZ1|CHK|25|2|50|0|0|0|10|0|0|0|1|0
RZ1|26|2|OP14-105|0|38|0|19|0|0|0|0|0
RZ1|CHK|26|2|50|0|0|0|10|0|0|0|1|0
RZ1|27|2|OP11-054|0|21|0|20|0|0|0|0|0
RZ1|CHK|27|2|50|0|0|0|10|0|0|0|1|0
RZ1|28|2|EB04-058|0|32|0|21|0|0|0|0|0
RZ1|CHK|28|2|50|0|0|0|10|0|0|0|1|0
RZ1|29|2|OP11-054|0|23|0|22|0|0|0|0|0
RZ1|CHK|29|2|50|0|0|0|10|0|0|0|1|0
RZ1|30|2|OP07-057|0|47|0|23|0|0|0|0|0
RZ1|CHK|30|2|50|0|0|0|10|0|0|0|1|0
RZ1|31|2|OP16-113|0|38|0|24|0|0|0|0|0
RZ1|CHK|31|2|50|0|0|0|10|0|0|0|1|0
RZ1|32|2|OP17-109|0|28|0|25|0|0|0|0|0
RZ1|CHK|32|2|50|0|0|0|10|0|0|0|1|0
RZ1|33|2|OP16-113|0|38|0|26|0|0|0|0|0
RZ1|CHK|33|2|50|0|0|0|10|0|0|0|1|0
RZ1|34|2|OP06-106|0|28|0|27|0|0|0|0|0
RZ1|CHK|34|2|50|0|0|0|10|0|0|0|1|0
RZ1|35|2|OP15-113|0|34|0|28|0|0|0|0|0
RZ1|CHK|35|2|50|0|0|0|10|0|0|0|1|0
RZ1|36|2|OP14-104|0|42|0|29|0|0|0|0|0
RZ1|CHK|36|2|50|0|0|0|10|0|0|0|1|0
RZ1|37|2|OP14-108|0|42|0|30|0|0|0|0|0
RZ1|CHK|37|2|50|0|0|0|10|0|0|0|1|0
RZ1|38|2|OP14-104|0|43|0|31|0|0|0|0|0
RZ1|CHK|38|2|50|0|0|0|10|0|0|0|1|0
RZ1|39|2|OP06-115|0|49|0|32|0|0|0|0|0
RZ1|CHK|39|2|50|0|0|0|10|0|0|0|1|0
RZ1|40|2|OP14-114|0|38|0|33|0|0|0|0|0
RZ1|CHK|40|2|50|0|0|0|10|0|0|0|1|0
RZ1|41|2|OP14-114|0|38|0|34|0|0|0|0|0
RZ1|CHK|41|2|50|0|0|0|10|0|0|0|1|0
RZ1|42|2|OP14-114|0|38|0|35|0|0|0|0|0
RZ1|CHK|42|2|50|0|0|0|10|0|0|0|1|0
RZ1|43|2|OP17-109|0|38|0|36|0|0|0|0|0
RZ1|CHK|43|2|50|0|0|0|10|0|0|0|1|0
RZ1|44|2|OP16-119|0|46|0|38|0|0|0|0|0
RZ1|CHK|44|2|50|0|0|0|10|0|0|0|1|0
RZ1|45|2|OP14-112|0|47|0|39|0|0|0|0|0
RZ1|CHK|45|2|50|0|0|0|10|0|0|0|1|0
RZ1|46|2|OP14-105|0|45|0|40|0|0|0|0|0
RZ1|CHK|46|2|50|0|0|0|10|0|0|0|1|0
RZ1|47|2|OP14-112|0|48|0|42|0|0|0|0|0
RZ1|CHK|47|2|50|0|0|0|10|0|0|0|1|0
RZ1|48|2|EB04-058|0|46|0|43|0|0|0|0|0
RZ1|CHK|48|2|50|0|0|0|10|0|0|0|1|0
RZ1|49|2|OP14-104|0|48|0|44|0|0|0|0|0
RZ1|CHK|49|2|50|0|0|0|10|0|0|0|1|0
RZ1|50|2|OP06-058|0|49|0|45|0|0|0|0|0
RZ1|CHK|50|2|50|0|0|0|10|0|0|0|1|0
[] Drew card from deck: Yasopp ["OP17-031">OP17-031]
RZ1|51|1|OP17-031|0|49|1|0|1|1|0|0|0
RZ1|CHK|51|1|49|1|0|0|10|0|0|0|1|0
[] Drew card from deck: Trafalgar Law ["OP13-031">OP13-031]
RZ1|52|1|OP13-031|0|48|1|1|1|1|0|0|0
RZ1|CHK|52|1|48|2|0|0|10|0|0|0|1|0
[] Drew card from deck: Shanks ["OP17-022">OP17-022]
RZ1|53|1|OP17-022|0|47|1|2|1|1|0|0|0
RZ1|CHK|53|1|47|3|0|0|10|0|0|0|1|0
[] Drew card from deck: Otama ["OP07-022">OP07-022]
RZ1|54|1|OP07-022|0|46|1|3|1|1|0|0|0
RZ1|CHK|54|1|46|4|0|0|10|0|0|0|1|0
[] Drew card from deck: Otama ["OP07-022">OP07-022]
RZ1|55|1|OP07-022|0|45|1|4|1|1|0|0|0
RZ1|CHK|55|1|45|5|0|0|10|0|0|0|1|0
[] Drew card from deck: Gorgon Sisters ["OP14-105">OP14-105]
RZ1|56|2|OP14-105|0|49|1|0|1|1|0|0|0
RZ1|CHK|56|2|49|1|0|0|10|0|0|0|1|0
[] Drew card from deck: Borsalino ["EB04-058">EB04-058]
RZ1|57|2|EB04-058|0|48|1|1|1|1|0|0|0
RZ1|CHK|57|2|48|2|0|0|10|0|0|0|1|0
[] Drew card from deck: Borsalino ["EB04-058">EB04-058]
RZ1|58|2|EB04-058|0|47|1|2|1|1|0|0|0
RZ1|CHK|58|2|47|3|0|0|10|0|0|0|1|0
[] Drew card from deck: Roronoa Zoro ["OP15-113">OP15-113]
RZ1|59|2|OP15-113|0|46|1|3|1|1|0|0|0
RZ1|CHK|59|2|46|4|0|0|10|0|0|0|1|0
[] Drew card from deck: Gravity Blade Raging Tiger ["OP06-058">OP06-058]
RZ1|60|2|OP06-058|0|45|1|4|1|1|0|0|0
RZ1|CHK|60|2|45|5|0|0|10|0|0|0|1|0
RZ1|61|1|OP17-022|0|44|3|0|1|0|0|0|0
RZ1|CHK|61|1|44|5|0|1|10|0|0|0|1|0
RZ1|62|1|OP12-034|0|43|3|1|1|0|0|0|0
RZ1|CHK|62|1|43|5|0|2|10|0|0|0|1|0
RZ1|63|1|OP17-031|0|42|3|2|1|0|0|0|0
RZ1|CHK|63|1|42|5|0|3|10|0|0|0|1|0
RZ1|64|1|OP13-031|0|41|3|3|1|0|0|0|0
RZ1|CHK|64|1|41|5|0|4|10|0|0|0|1|0
RZ1|65|1|OP13-040|0|40|3|4|1|0|0|0|0
RZ1|CHK|65|1|40|5|0|5|10|0|0|0|1|0
RZ1|66|2|OP14-104|0|44|3|0|0|1|0|0|0
RZ1|CHK|66|2|44|5|0|1|10|0|0|0|1|0
RZ1|67|2|EB04-058|0|43|3|1|0|1|0|0|0
RZ1|CHK|67|2|43|5|0|2|10|0|0|0|1|0
RZ1|68|2|OP14-112|0|42|3|2|0|1|0|0|0
RZ1|CHK|68|2|42|5|0|3|10|0|0|0|1|0
RZ1|69|2|OP17-109|0|41|3|3|0|1|0|0|0
RZ1|CHK|69|2|41|5|0|4|10|0|0|0|1|0
[] Hand: [OP17-031,OP13-031,OP17-022,OP07-022,OP07-022]
[] Board: []
[] Trash: []
[] Life: 5
[] Hand: [OP14-105,EB04-058,EB04-058,OP15-113,OP06-058]
[] Trash: []
[] Board: []
[] Life: 4
RZ1|70|1|Don|4|9|5|0|1|1|0|0|0
RZ1|CHK|70|1|40|5|0|5|9|1|0|0|1|0
[You] Draw 1 Don
RZ1|71|1|Don|5|0|5|0|1|1|1|0|0
RZ1|CHK|71|1|40|5|0|5|9|1|0|0|1|0
[You] Deploy Otama ["OP07-022">OP07-022]
RZ1|72|1|OP07-022|1|3|2|0|1|1|0|0|0
RZ1|CHK|72|1|40|4|1|5|9|1|0|0|1|0
RZ1|73|1|OP14-023|0|38|1|4|1|1|0|0|0
RZ1|CHK|73|1|39|5|1|5|9|1|0|0|1|0
[You] Otama ["OP07-022">OP07-022]: <b>Reveal and Draw Kikunojo ["OP14-023">OP14-023]</b>
[You] Placing Cards on Bottom of Deck
RZ1|74|1|OP01-055|0|38|0|0|0|0|0|0|0
RZ1|CHK|74|1|39|5|1|5|9|1|0|0|1|0
RZ1|75|1|OP13-031|0|38|0|0|0|0|0|0|0
RZ1|CHK|75|1|39|5|1|5|9|1|0|0|1|0
RZ1|76|1|OP13-040|0|38|0|0|0|0|0|0|0
RZ1|CHK|76|1|39|5|1|5|9|1|0|0|1|0
RZ1|77|1|OP06-038|0|38|0|0|0|0|0|0|0
RZ1|CHK|77|1|39|5|1|5|9|1|0|0|1|0
[] Hand: [OP17-031,OP13-031,OP17-022,OP07-022,OP14-023]
[] Board: [OP07-022]
[] Trash: []
[] Life: 5
[] Hand: [OP14-105,EB04-058,EB04-058,OP15-113,OP06-058]
[] Trash: []
[] Board: []
[] Life: 4
[You] End Turn
[] Hand: [OP14-105,EB04-058,EB04-058,OP15-113,OP06-058]
[] Board: []
[] Trash: []
[] Life: 4
[] Hand: [OP17-031,OP13-031,OP17-022,OP07-022,OP14-023]
[] Trash: []
[] Board: [OP07-022]
[] Life: 5
[Opponent] Draw 1 Card
[] Drew card from deck: Gorgon Sisters ["OP14-105">OP14-105]
RZ1|78|2|OP14-105|0|40|1|5|1|1|0|0|0
RZ1|CHK|78|2|40|6|0|4|10|0|0|0|1|0
RZ1|79|2|Don|4|9|5|0|1|1|0|0|0
RZ1|CHK|79|2|40|6|0|4|9|1|0|0|1|0
RZ1|80|2|Don|4|8|5|1|1|1|0|0|0
RZ1|CHK|80|2|40|6|0|4|8|2|0|0|1|0
[Opponent] Draw 2 Don
RZ1|81|2|Don|5|0|9|9900|1|1|0|0|0
RZ1|CHK|81|2|40|6|0|4|8|1|0|0|1|1
[Opponent] Attach 1 Don to Boa Hancock ["OP14-041">OP14-041] (1 Total)
[] Hand: [OP14-105,EB04-058,EB04-058,OP15-113,OP06-058,OP14-105]
[] Board: []
[] Trash: []
[] Life: 4
[] Hand: [OP17-031,OP13-031,OP17-022,OP07-022,OP14-023]
[] Trash: []
[] Board: [OP07-022]
[] Life: 5
[Opponent] End Turn
[] Hand: [OP17-031,OP13-031,OP17-022,OP07-022,OP14-023]
[] Board: [OP07-022]
[] Trash: []
[] Life: 5
[] Hand: [OP14-105,EB04-058,EB04-058,OP15-113,OP06-058,OP14-105]
[] Trash: []
[] Board: []
[] Life: 4
[You] Draw 1 Card
[] Drew card from deck: Vander Decken IX ["OP06-033">OP06-033]
RZ1|82|1|OP06-033|0|38|1|5|1|1|0|0|0
RZ1|CHK|82|1|38|6|1|5|9|1|0|0|1|0
RZ1|83|1|Don|4|8|5|1|1|1|0|0|0
RZ1|CHK|83|1|38|6|1|5|8|2|0|0|1|0
RZ1|84|1|Don|4|7|5|2|1|1|0|0|0
RZ1|CHK|84|1|38|6|1|5|7|3|0|0|1|0
[You] Draw 2 Don
[You] Dracule Mihawk ["OP14-020">OP14-020] attacking Boa Hancock ["OP14-041">OP14-041]
[Opponent] Discard Borsalino ["EB04-058">EB04-058] for Counter 1000
RZ1|85|2|EB04-058|1|1|6|0|1|1|0|0|0
RZ1|CHK|85|2|40|5|0|4|8|1|1|0|1|1
Dracule Mihawk ["OP14-020">OP14-020][5000] vs Boa Hancock ["OP14-041">OP14-041][6000]
Attack Fails
RZ1|86|1|Don|5|0|5|0|1|1|1|0|0
RZ1|CHK|86|1|38|6|1|5|7|3|0|0|1|0
RZ1|87|1|Don|5|1|5|1|1|1|1|0|0
RZ1|CHK|87|1|38|6|1|5|7|3|0|0|1|0
[You] Deploy Vander Decken IX ["OP06-033">OP06-033]
RZ1|88|1|OP06-033|1|5|2|1|1|1|0|0|0
RZ1|CHK|88|1|38|5|2|5|7|3|0|0|1|0
RZ1|89|1|Don|5|2|5|2|1|1|1|0|0
RZ1|CHK|89|1|38|5|2|5|7|3|0|0|1|0
[You] Deploy Kikunojo ["OP14-023">OP14-023]
RZ1|90|1|OP14-023|1|4|2|2|1|1|0|0|0
RZ1|CHK|90|1|38|4|3|5|7|3|0|0|1|0
[You] Kikunojo ["OP14-023">OP14-023]: Set Kikunojo ["OP14-023">OP14-023] to Active
[] Hand: [OP17-031,OP13-031,OP17-022,OP07-022]
[] Board: [OP07-022,OP06-033,OP14-023]
[] Trash: []
[] Life: 5
[] Hand: [OP14-105,EB04-058,OP15-113,OP06-058,OP14-105]
[] Trash: [EB04-058]
[] Board: []
[] Life: 4
[You] End Turn
[] Hand: [OP14-105,EB04-058,OP15-113,OP06-058,OP14-105]
[] Board: []
[] Trash: [EB04-058]
[] Life: 4
[] Hand: [OP17-031,OP13-031,OP17-022,OP07-022]
[] Trash: []
[] Board: [OP07-022,OP06-033,OP14-023]
[] Life: 5
RZ1|91|2|Don|9|9900|5|0|1|1|1|0|0
RZ1|CHK|91|2|40|5|0|4|8|2|1|0|1|0
[Opponent] Draw 1 Card
[] Drew card from deck: Boa Hancock ["OP14-112">OP14-112]
RZ1|92|2|OP14-112|0|39|1|5|1|1|0|0|0
RZ1|CHK|92|2|39|6|0|4|8|2|1|0|1|0
RZ1|93|2|Don|4|7|5|2|1|1|0|0|0
RZ1|CHK|93|2|39|6|0|4|7|3|1|0|1|0
RZ1|94|2|Don|4|6|5|3|1|1|0|0|0
RZ1|CHK|94|2|39|6|0|4|6|4|1|0|1|0
[Opponent] Draw 2 Don
RZ1|95|2|Don|5|0|5|0|1|1|1|0|0
RZ1|CHK|95|2|39|6|0|4|6|4|1|0|1|0
RZ1|96|2|Don|5|1|5|1|1|1|1|0|0
RZ1|CHK|96|2|39|6|0|4|6|4|1|0|1|0
RZ1|97|2|Don|5|2|5|2|1|1|1|0|0
RZ1|CHK|97|2|39|6|0|4|6|4|1|0|1|0
RZ1|98|2|Don|5|3|5|3|1|1|1|0|0
RZ1|CHK|98|2|39|6|0|4|6|4|1|0|1|0
[Opponent] Deploy Roronoa Zoro ["OP15-113">OP15-113]
RZ1|99|2|OP15-113|1|2|2|0|1|1|0|0|0
RZ1|CHK|99|2|39|5|1|4|6|4|1|0|1|0
RZ1|100|2|OP14-105|1|0|6|1|1|1|0|0|0
RZ1|CHK|100|2|39|4|1|4|6|4|2|0|1|0
[Opponent] Roronoa Zoro ["OP15-113">OP15-113]: Trash Gorgon Sisters ["OP14-105">OP14-105]
[Opponent] Roronoa Zoro ["OP15-113">OP15-113]: Add card to top of Life from Deck
RZ1|101|2|OP16-119|0|38|3|4|0|1|0|0|0
RZ1|CHK|101|2|38|4|1|5|6|4|2|0|1|0
[Opponent] Boa Hancock ["OP14-041">OP14-041] attacking Dracule Mihawk ["OP14-020">OP14-020]
Boa Hancock ["OP14-041">OP14-041][5000] vs Dracule Mihawk ["OP14-020">OP14-020][5000]
Dracule Mihawk ["OP14-020">OP14-020] hit for 1 damage
RZ1|102|1|OP13-040|3|4|1|4|1|1|0|0|0
RZ1|CHK|102|1|38|5|3|4|7|3|0|0|1|0
[] Hand: [EB04-058,OP06-058,OP14-105,OP14-112]
[] Board: [OP15-113]
[] Trash: [EB04-058,OP14-105]
[] Life: 5
[] Hand: [OP17-031,OP13-031,OP17-022,OP07-022,OP13-040]
[] Trash: []
[] Board: [OP07-022,OP06-033,OP14-023]
[] Life: 4
[Opponent] End Turn
[] Hand: [OP17-031,OP13-031,OP17-022,OP07-022,OP13-040]
[] Board: [OP07-022,OP06-033,OP14-023]
[] Trash: []
[] Life: 4
[] Hand: [EB04-058,OP06-058,OP14-105,OP14-112]
[] Trash: [EB04-058,OP14-105]
[] Board: [OP15-113]
[] Life: 5
[You] Draw 1 Card
[] Drew card from deck: Otama ["OP07-022">OP07-022]
RZ1|103|1|OP07-022|0|37|1|5|1|1|0|0|0
RZ1|CHK|103|1|37|6|3|4|7|3|0|0|1|0
RZ1|104|1|Don|4|6|5|3|1|1|0|0|0
RZ1|CHK|104|1|37|6|3|4|6|4|0|0|1|0
RZ1|105|1|Don|4|5|5|4|1|1|0|0|0
RZ1|CHK|105|1|37|6|3|4|5|5|0|0|1|0
[You] Draw 2 Don
RZ1|106|1|Don|5|0|5|0|1|1|1|0|0
RZ1|CHK|106|1|37|6|3|4|5|5|0|0|1|0
RZ1|107|1|Don|5|1|5|1|1|1|1|0|0
RZ1|CHK|107|1|37|6|3|4|5|5|0|0|1|0
RZ1|108|1|Don|5|2|5|2|1|1|1|0|0
RZ1|CHK|108|1|37|6|3|4|5|5|0|0|1|0
RZ1|109|1|Don|5|3|5|3|1|1|1|0|0
RZ1|CHK|109|1|37|6|3|4|5|5|0|0|1|0
RZ1|110|1|Don|5|4|5|4|1|1|1|0|0
RZ1|CHK|110|1|37|6|3|4|5|5|0|0|1|0
[You] Deploy Yasopp ["OP17-031">OP17-031]
RZ1|111|1|OP17-031|1|0|2|3|1|1|0|0|0
RZ1|CHK|111|1|37|5|4|4|5|5|0|0|1|0
[] Drew card from deck: Billion-fold World Trichiliocosm ["OP06-038">OP06-038]
RZ1|112|1|OP06-038|0|36|1|5|1|1|0|0|0
RZ1|CHK|112|1|36|6|4|4|5|5|0|0|1|0
[You] Yasopp ["OP17-031">OP17-031]: Draw 1 Card
[You] Yasopp ["OP17-031">OP17-031]: Rest Roronoa Zoro ["OP15-113">OP15-113]
[You] Dracule Mihawk ["OP14-020">OP14-020] attacking Boa Hancock ["OP14-041">OP14-041]
[Opponent] Discard Borsalino ["EB04-058">EB04-058] for Counter 1000
RZ1|113|2|EB04-058|1|0|6|2|1|1|0|0|0
RZ1|CHK|113|2|38|3|1|5|6|4|3|0|1|0
Dracule Mihawk ["OP14-020">OP14-020][5000] vs Boa Hancock ["OP14-041">OP14-041][6000]
Attack Fails
[You] Dracule Mihawk ["OP14-020">OP14-020]: Rest Otama ["OP07-022">OP07-022]
[You] Dracule Mihawk ["OP14-020">OP14-020]: Activate 1 Don
RZ1|114|1|Don|5|4|5|4|1|1|0|0|0
RZ1|CHK|114|1|36|6|4|4|5|5|0|0|1|0
[You] Dracule Mihawk ["OP14-020">OP14-020]: Activate 1 Don
RZ1|115|1|Don|5|3|5|3|1|1|0|0|0
RZ1|CHK|115|1|36|6|4|4|5|5|0|0|1|0
[You] Dracule Mihawk ["OP14-020">OP14-020]: Activate 1 Don
RZ1|116|1|Don|5|2|5|2|1|1|0|0|0
RZ1|CHK|116|1|36|6|4|4|5|5|0|0|1|0
[You] Dracule Mihawk ["OP14-020">OP14-020]: Can't play Cost 1 Or More Characters for the Turn!
RZ1|117|1|Don|5|2|9|200|1|1|0|0|0
RZ1|CHK|117|1|36|6|4|4|5|4|0|0|1|1
RZ1|118|1|Don|5|2|9|201|1|1|0|0|0
RZ1|CHK|118|1|36|6|4|4|5|3|0|0|1|2
RZ1|119|1|Don|5|2|9|202|1|1|0|0|0
RZ1|CHK|119|1|36|6|4|4|5|2|0|0|1|3
[You] Attach 3 Don to Kikunojo ["OP14-023">OP14-023] (3 Total)
[You] Kikunojo ["OP14-023">OP14-023] attacking Boa Hancock ["OP14-041">OP14-041]
[Opponent] Discard Gorgon Sisters ["OP14-105">OP14-105] for Counter 2000
RZ1|120|2|OP14-105|1|1|6|3|1|1|0|0|0
RZ1|CHK|120|2|38|2|1|5|6|4|4|0|1|0
Kikunojo ["OP14-023">OP14-023][5000] vs Boa Hancock ["OP14-041">OP14-041][7000]
Attack Fails
[You] Kikunojo ["OP14-023">OP14-023]: Set Kikunojo ["OP14-023">OP14-023] to Active
[] Hand: [OP13-031,OP17-022,OP07-022,OP13-040,OP07-022,OP06-038]
[] Board: [OP07-022,OP06-033,OP14-023,OP17-031]
[] Trash: []
[] Life: 4
[] Hand: [OP06-058,OP14-112]
[] Trash: [EB04-058,OP14-105,EB04-058,OP14-105]
[] Board: [OP15-113]
[] Life: 5
[You] End Turn
[] Hand: [OP06-058,OP14-112]
[] Board: [OP15-113]
[] Trash: [EB04-058,OP14-105,EB04-058,OP14-105]
[] Life: 5
[] Hand: [OP13-031,OP17-022,OP07-022,OP13-040,OP07-022,OP06-038]
[] Trash: []
[] Board: [OP07-022,OP06-033,OP14-023,OP17-031]
[] Life: 4
[Opponent] Draw 1 Card
[] Drew card from deck: Boa Hancock ["ST17-004">ST17-004]
RZ1|121|2|ST17-004|0|37|1|2|1|1|0|0|0
RZ1|CHK|121|2|37|3|1|5|6|4|4|0|1|0
RZ1|122|2|Don|4|5|5|4|1|1|0|0|0
RZ1|CHK|122|2|37|3|1|5|5|5|4|0|1|0
RZ1|123|2|Don|4|4|5|5|1|1|0|0|0
RZ1|CHK|123|2|37|3|1|5|4|6|4|0|1|0
[Opponent] Draw 2 Don
RZ1|124|2|Don|5|0|5|0|1|1|1|0|0
RZ1|CHK|124|2|37|3|1|5|4|6|4|0|1|0
RZ1|125|2|Don|5|1|5|1|1|1|1|0|0
RZ1|CHK|125|2|37|3|1|5|4|6|4|0|1|0
RZ1|126|2|Don|5|2|5|2|1|1|1|0|0
RZ1|CHK|126|2|37|3|1|5|4|6|4|0|1|0
RZ1|127|2|Don|5|3|5|3|1|1|1|0|0
RZ1|CHK|127|2|37|3|1|5|4|6|4|0|1|0
[Opponent] Deploy Boa Hancock ["ST17-004">ST17-004]
RZ1|128|2|ST17-004|1|2|2|1|1|1|0|0|0
RZ1|CHK|128|2|37|2|2|5|4|6|4|0|1|0
[Opponent] Placing Cards on Bottom of Deck
RZ1|129|2|OP17-109|0|36|0|0|0|0|0|0|0
RZ1|CHK|129|2|37|2|2|5|4|6|4|0|1|0
RZ1|130|2|OP14-114|0|36|0|0|0|0|0|0|0
RZ1|CHK|130|2|37|2|2|5|4|6|4|0|1|0
RZ1|131|2|OP14-114|0|36|0|0|0|0|0|0|0
RZ1|CHK|131|2|37|2|2|5|4|6|4|0|1|0
[Opponent] Boa Hancock ["ST17-004">ST17-004]: Attach 1 Rested Don to Boa Hancock ["OP14-041">OP14-041]
RZ1|132|2|Don|5|0|9|9900|1|1|1|0|0
RZ1|CHK|132|2|37|2|2|5|4|5|4|0|1|1
RZ1|133|2|Don|5|3|9|0|1|1|0|0|0
RZ1|CHK|133|2|37|2|2|5|4|4|4|0|1|2
RZ1|134|2|Don|5|3|9|1|1|1|0|0|0
RZ1|CHK|134|2|37|2|2|5|4|3|4|0|1|3
[Opponent] Attach 2 Don to Roronoa Zoro ["OP15-113">OP15-113] (2 Total)
[Opponent] Roronoa Zoro ["OP15-113">OP15-113] attacking Dracule Mihawk ["OP14-020">OP14-020]
Roronoa Zoro ["OP15-113">OP15-113][8000] vs Dracule Mihawk ["OP14-020">OP14-020][5000]
Dracule Mihawk ["OP14-020">OP14-020] hit for 1 damage
RZ1|135|1|OP13-031|3|3|1|6|1|1|0|0|0
RZ1|CHK|135|1|36|7|4|3|5|2|0|0|1|3
[Opponent] Boa Hancock ["OP14-041">OP14-041] attacking Dracule Mihawk ["OP14-020">OP14-020]
[You] Discard Otama ["OP07-022">OP07-022] for Counter 2000
RZ1|136|1|OP07-022|1|2|6|0|1|1|0|0|0
RZ1|CHK|136|1|36|6|4|3|5|2|1|0|1|3
Boa Hancock ["OP14-041">OP14-041][6000] vs Dracule Mihawk ["OP14-020">OP14-020][7000]
Attack Fails
[] Hand: [OP06-058,OP14-112]
[] Board: [OP15-113,ST17-004]
[] Trash: [EB04-058,OP14-105,EB04-058,OP14-105]
[] Life: 5
[] Hand: [OP13-031,OP17-022,OP13-040,OP07-022,OP06-038,OP13-031]
[] Trash: [OP07-022]
[] Board: [OP07-022,OP06-033,OP14-023,OP17-031]
[] Life: 3
[Opponent] End Turn
[] Hand: [OP13-031,OP17-022,OP13-040,OP07-022,OP06-038,OP13-031]
[] Board: [OP07-022,OP06-033,OP14-023,OP17-031]
[] Trash: [OP07-022]
[] Life: 3
[] Hand: [OP06-058,OP14-112]
[] Trash: [EB04-058,OP14-105,EB04-058,OP14-105]
[] Board: [OP15-113,ST17-004]
[] Life: 5
RZ1|137|1|Don|9|200|5|0|1|1|1|0|0
RZ1|CHK|137|1|36|6|4|3|5|3|1|0|1|2
RZ1|138|1|Don|9|200|5|0|1|1|1|0|0
RZ1|CHK|138|1|36|6|4|3|5|4|1|0|1|1
RZ1|139|1|Don|9|200|5|0|1|1|1|0|0
RZ1|CHK|139|1|36|6|4|3|5|5|1|0|1|0
[You] Draw 1 Card
[] Drew card from deck: Yasopp ["OP17-031">OP17-031]
RZ1|140|1|OP17-031|0|35|1|6|1|1|0|0|0
RZ1|CHK|140|1|35|7|4|3|5|5|1|0|1|0
RZ1|141|1|Don|4|4|5|5|1|1|0|0|0
RZ1|CHK|141|1|35|7|4|3|4|6|1|0|1|0
RZ1|142|1|Don|4|3|5|6|1|1|0|0|0
RZ1|CHK|142|1|35|7|4|3|3|7|1|0|1|0
[You] Draw 2 Don
RZ1|143|1|Don|5|0|5|0|1|1|1|0|0
RZ1|CHK|143|1|35|7|4|3|3|7|1|0|1|0
RZ1|144|1|Don|5|1|5|1|1|1|1|0|0
RZ1|CHK|144|1|35|7|4|3|3|7|1|0|1|0
RZ1|145|1|Don|5|2|5|2|1|1|1|0|0
RZ1|CHK|145|1|35|7|4|3|3|7|1|0|1|0
RZ1|146|1|Don|5|3|5|3|1|1|1|0|0
RZ1|CHK|146|1|35|7|4|3|3|7|1|0|1|0
RZ1|147|1|Don|5|4|5|4|1|1|1|0|0
RZ1|CHK|147|1|35|7|4|3|3|7|1|0|1|0
RZ1|148|1|Don|5|5|5|5|1|1|1|0|0
RZ1|CHK|148|1|35|7|4|3|3|7|1|0|1|0
[You] Deploy Trafalgar Law ["OP13-031">OP13-031]
RZ1|149|1|OP13-031|1|0|2|4|1|1|0|0|0
RZ1|CHK|149|1|35|6|5|3|3|7|1|0|1|0
[You] Trafalgar Law ["OP13-031">OP13-031]: Return Otama ["OP07-022">OP07-022] to Hand
RZ1|150|1|OP07-022|2|0|1|6|1|1|0|0|0
RZ1|CHK|150|1|35|7|4|3|3|7|1|0|1|0
RZ1|151|1|OP17-031|1|5|2|4|1|1|1|0|0
RZ1|CHK|151|1|35|6|5|3|3|7|1|0|1|0
[You] Trafalgar Law ["OP13-031">OP13-031]: Deploy Yasopp ["OP17-031">OP17-031]
[] Drew card from deck: Perona ["OP12-034">OP12-034]
RZ1|152|1|OP12-034|0|34|1|6|1|1|0|0|0
RZ1|CHK|152|1|34|7|5|3|3|7|1|0|1|0
[You] Yasopp ["OP17-031">OP17-031]: Draw 1 Card
[You] Yasopp ["OP17-031">OP17-031]: Rest Boa Hancock ["ST17-004">ST17-004]
[You] Yasopp ["OP17-031">OP17-031] attacking Boa Hancock ["ST17-004">ST17-004]
Yasopp ["OP17-031">OP17-031][6000] vs Boa Hancock ["ST17-004">ST17-004][6000]
[Opponent] Boa Hancock ["ST17-004">ST17-004] Destroyed
RZ1|153|2|ST17-004|2|1|6|4|1|1|0|0|0
RZ1|CHK|153|2|37|2|1|5|4|3|5|0|1|3
[You] Dracule Mihawk ["OP14-020">OP14-020] attacking Boa Hancock ["OP14-041">OP14-041]
Dracule Mihawk ["OP14-020">OP14-020][5000] vs Boa Hancock ["OP14-041">OP14-041][5000]
Boa Hancock ["OP14-041">OP14-041] hit for 1 damage
RZ1|154|2|OP16-119|3|4|1|2|1|1|0|0|0
RZ1|CHK|154|2|37|3|1|4|4|3|5|0|1|3
[Opponent] Marshall D. Teach ["OP16-119">OP16-119]: Activate Trigger
RZ1|155|2|OP16-119|1|2|6|5|1|1|0|0|0
RZ1|CHK|155|2|37|2|1|4|4|3|6|0|1|3
[Opponent] Marshall D. Teach ["OP16-119">OP16-119]: Nullify effects of Yasopp ["OP17-031">OP17-031]
[Opponent] Marshall D. Teach ["OP16-119">OP16-119]: Destroy Yasopp ["OP17-031">OP17-031]
RZ1|156|1|OP17-031|2|2|6|1|1|1|0|0|0
RZ1|CHK|156|1|34|7|4|3|3|7|2|0|1|0
[You] Dracule Mihawk ["OP14-020">OP14-020]: Rest Kikunojo ["OP14-023">OP14-023]
[You] Dracule Mihawk ["OP14-020">OP14-020]: Activate 1 Don
RZ1|157|1|Don|5|5|5|5|1|1|0|0|0
RZ1|CHK|157|1|34|7|4|3|3|7|2|0|1|0
[You] Dracule Mihawk ["OP14-020">OP14-020]: Activate 1 Don
RZ1|158|1|Don|5|4|5|4|1|1|0|0|0
RZ1|CHK|158|1|34|7|4|3|3|7|2|0|1|0
[You] Dracule Mihawk ["OP14-020">OP14-020]: Activate 1 Don
RZ1|159|1|Don|5|3|5|3|1|1|0|0|0
RZ1|CHK|159|1|34|7|4|3|3|7|2|0|1|0
[You] Dracule Mihawk ["OP14-020">OP14-020]: Can't play Cost 1 Or More Characters for the Turn!
RZ1|160|1|Don|5|3|9|0|1|1|0|0|0
RZ1|CHK|160|1|34|7|4|3|3|6|2|0|1|1
RZ1|161|1|Don|5|3|9|1|1|1|0|0|0
RZ1|CHK|161|1|34|7|4|3|3|5|2|0|1|2
RZ1|162|1|Don|5|3|9|2|1|1|0|0|0
RZ1|CHK|162|1|34|7|4|3|3|4|2|0|1|3
[You] Attach 3 Don to Vander Decken IX ["OP06-033">OP06-033] (3 Total)
[You] Vander Decken IX ["OP06-033">OP06-033] attacking Boa Hancock ["OP14-041">OP14-041]
Vander Decken IX ["OP06-033">OP06-033][5000] vs Boa Hancock ["OP14-041">OP14-041][5000]
Boa Hancock ["OP14-041">OP14-041] hit for 1 damage
RZ1|163|2|OP17-109|3|3|1|2|1|1|0|0|0
RZ1|CHK|163|2|37|3|1|3|4|3|6|0|1|3
[You] Yasopp ["OP17-031">OP17-031]: Set Yasopp ["OP17-031">OP17-031] to Active
[You] Kikunojo ["OP14-023">OP14-023]: Set Kikunojo ["OP14-023">OP14-023] to Active
[] Hand: [OP17-022,OP13-040,OP07-022,OP06-038,OP13-031,OP07-022,OP12-034]
[] Board: [OP06-033,OP14-023,OP13-031,OP17-031]
[] Trash: [OP07-022,OP17-031]
[] Life: 3
[] Hand: [OP06-058,OP14-112,OP17-109]
[] Trash: [EB04-058,OP14-105,EB04-058,OP14-105,ST17-004,OP16-119]
[] Board: [OP15-113]
[] Life: 3
[You] End Turn
[] Hand: [OP06-058,OP14-112,OP17-109]
[] Board: [OP15-113]
[] Trash: [EB04-058,OP14-105,EB04-058,OP14-105,ST17-004,OP16-119]
[] Life: 3
[] Hand: [OP17-022,OP13-040,OP07-022,OP06-038,OP13-031,OP07-022,OP12-034]
[] Trash: [OP07-022,OP17-031]
[] Board: [OP06-033,OP14-023,OP13-031,OP17-031]
[] Life: 3
RZ1|164|2|Don|9|9900|5|0|1|1|1|0|0
RZ1|CHK|164|2|37|3|1|3|4|4|6|0|1|2
RZ1|165|2|Don|9|0|5|0|1|1|1|0|0
RZ1|CHK|165|2|37|3|1|3|4|5|6|0|1|1
RZ1|166|2|Don|9|0|5|0|1|1|1|0|0
RZ1|CHK|166|2|37|3|1|3|4|6|6|0|1|0
[Opponent] Draw 1 Card
[] Drew card from deck: Ran ["OP14-114">OP14-114]
RZ1|167|2|OP14-114|0|36|1|3|1|1|0|0|0
RZ1|CHK|167|2|36|4|1|3|4|6|6|0|1|0
RZ1|168|2|Don|4|3|5|6|1|1|0|0|0
RZ1|CHK|168|2|36|4|1|3|3|7|6|0|1|0
RZ1|169|2|Don|4|2|5|7|1|1|0|0|0
RZ1|CHK|169|2|36|4|1|3|2|8|6|0|1|0
[Opponent] Draw 2 Don
RZ1|170|2|Don|5|0|5|0|1|1|1|0|0
RZ1|CHK|170|2|36|4|1|3|2|8|6|0|1|0
RZ1|171|2|Don|5|1|5|1|1|1|1|0|0
RZ1|CHK|171|2|36|4|1|3|2|8|6|0|1|0
RZ1|172|2|Don|5|2|5|2|1|1|1|0|0
RZ1|CHK|172|2|36|4|1|3|2|8|6|0|1|0
RZ1|173|2|Don|5|3|5|3|1|1|1|0|0
RZ1|CHK|173|2|36|4|1|3|2|8|6|0|1|0
[Opponent] Deploy Ran ["OP14-114">OP14-114]
RZ1|174|2|OP14-114|1|3|2|1|1|1|0|0|0
RZ1|CHK|174|2|36|3|2|3|2|8|6|0|1|0
RZ1|175|2|Don|5|4|5|4|1|1|1|0|0
RZ1|CHK|175|2|36|3|2|3|2|8|6|0|1|0
RZ1|176|2|Don|5|5|5|5|1|1|1|0|0
RZ1|CHK|176|2|36|3|2|3|2|8|6|0|1|0
RZ1|177|2|Don|5|6|5|6|1|1|1|0|0
RZ1|CHK|177|2|36|3|2|3|2|8|6|0|1|0
[Opponent] Deploy Charlotte Pudding ["OP17-109">OP17-109]
RZ1|178|2|OP17-109|1|2|2|2|1|1|0|0|0
RZ1|CHK|178|2|36|2|3|3|2|8|6|0|1|0
RZ1|179|2|OP14-112|1|1|6|6|1|1|0|0|0
RZ1|CHK|179|2|36|1|3|3|2|8|7|0|1|0
[Opponent] Charlotte Pudding ["OP17-109">OP17-109]: Trash Boa Hancock ["OP14-112">OP14-112]
[] Drew card from deck: You're the one who should disappear! ["OP06-115">OP06-115]
RZ1|180|2|OP06-115|0|35|1|1|1|1|0|0|0
RZ1|CHK|180|2|35|2|3|3|2|8|7|0|1|0
[] Drew card from deck: Gecko Moria ["OP14-104">OP14-104]
RZ1|181|2|OP14-104|0|34|1|2|1|1|0|0|0
RZ1|CHK|181|2|34|3|3|3|2|8|7|0|1|0
[] Drew card from deck: Silvers Rayleigh ["OP14-108">OP14-108]
RZ1|182|2|OP14-108|0|33|1|3|1|1|0|0|0
RZ1|CHK|182|2|33|4|3|3|2|8|7|0|1|0
[Opponent] Charlotte Pudding ["OP17-109">OP17-109]: Draw 3 Card
RZ1|183|2|Don|5|7|9|9900|1|1|0|0|0
RZ1|CHK|183|2|33|4|3|3|2|7|7|0|1|1
[Opponent] Attach 1 Don to Boa Hancock ["OP14-041">OP14-041] (1 Total)
[Opponent] Boa Hancock ["OP14-041">OP14-041] attacking Dracule Mihawk ["OP14-020">OP14-020]
[You] I Know You're Strong... So I'll Go All Out ["OP13-040">OP13-040]: Activate Counter
[You] I Know You're Strong... So I'll Go All Out ["OP13-040">OP13-040]: Rest 1 Don
RZ1|184|1|Don|5|3|5|3|1|1|1|0|0
RZ1|CHK|184|1|34|7|4|3|3|4|2|0|1|3
RZ1|185|1|OP13-040|1|1|6|2|1|1|0|0|0
RZ1|CHK|185|1|34|6|4|3|3|4|3|0|1|3
[You] I Know You're Strong... So I'll Go All Out ["OP13-040">OP13-040]: Buff Dracule Mihawk ["OP14-020">OP14-020] 3000 for the Combat
Boa Hancock ["OP14-041">OP14-041][6000] vs Dracule Mihawk ["OP14-020">OP14-020][8000]
Attack Fails
[Opponent] Roronoa Zoro ["OP15-113">OP15-113] attacking Dracule Mihawk ["OP14-020">OP14-020]
[You] Discard Otama ["OP07-022">OP07-022] for Counter 2000
RZ1|186|1|OP07-022|1|1|6|3|1|1|0|0|0
RZ1|CHK|186|1|34|5|4|3|3|4|4|0|1|3
Roronoa Zoro ["OP15-113">OP15-113][6000] vs Dracule Mihawk ["OP14-020">OP14-020][7000]
Attack Fails
[] Hand: [OP06-058,OP06-115,OP14-104,OP14-108]
[] Board: [OP15-113,OP14-114,OP17-109]
[] Trash: [EB04-058,OP14-105,EB04-058,OP14-105,ST17-004,OP16-119,OP14-112]
[] Life: 3
[] Hand: [OP17-022,OP06-038,OP13-031,OP07-022,OP12-034]
[] Trash: [OP07-022,OP17-031,OP13-040,OP07-022]
[] Board: [OP06-033,OP14-023,OP13-031,OP17-031]
[] Life: 3
[Opponent] End Turn
[] Hand: [OP17-022,OP06-038,OP13-031,OP07-022,OP12-034]
[] Board: [OP06-033,OP14-023,OP13-031,OP17-031]
[] Trash: [OP07-022,OP17-031,OP13-040,OP07-022]
[] Life: 3
[] Hand: [OP06-058,OP06-115,OP14-104,OP14-108]
[] Trash: [EB04-058,OP14-105,EB04-058,OP14-105,ST17-004,OP16-119,OP14-112]
[] Board: [OP15-113,OP14-114,OP17-109]
[] Life: 3
RZ1|187|1|Don|9|0|5|0|1|1|1|0|0
RZ1|CHK|187|1|34|5|4|3|3|5|4|0|1|2
RZ1|188|1|Don|9|0|5|0|1|1|1|0|0
RZ1|CHK|188|1|34|5|4|3|3|6|4|0|1|1
RZ1|189|1|Don|9|0|5|0|1|1|1|0|0
RZ1|CHK|189|1|34|5|4|3|3|7|4|0|1|0
[You] Draw 1 Card
[] Drew card from deck: You Can Be My Samurai!!! ["OP01-055">OP01-055]
RZ1|190|1|OP01-055|0|33|1|5|1|1|0|0|0
RZ1|CHK|190|1|33|6|4|3|3|7|4|0|1|0
RZ1|191|1|Don|4|2|5|7|1|1|0|0|0
RZ1|CHK|191|1|33|6|4|3|2|8|4|0|1|0
RZ1|192|1|Don|4|1|5|8|1|1|0|0|0
RZ1|CHK|192|1|33|6|4|3|1|9|4|0|1|0
[You] Draw 2 Don
RZ1|193|1|Don|5|0|5|0|1|1|1|0|0
RZ1|CHK|193|1|33|6|4|3|1|9|4|0|1|0
RZ1|194|1|Don|5|1|5|1|1|1|1|0|0
RZ1|CHK|194|1|33|6|4|3|1|9|4|0|1|0
RZ1|195|1|Don|5|2|5|2|1|1|1|0|0
RZ1|CHK|195|1|33|6|4|3|1|9|4|0|1|0
RZ1|196|1|Don|5|3|5|3|1|1|1|0|0
RZ1|CHK|196|1|33|6|4|3|1|9|4|0|1|0
RZ1|197|1|Don|5|4|5|4|1|1|1|0|0
RZ1|CHK|197|1|33|6|4|3|1|9|4|0|1|0
RZ1|198|1|Don|5|5|5|5|1|1|1|0|0
RZ1|CHK|198|1|33|6|4|3|1|9|4|0|1|0
[You] Deploy Trafalgar Law ["OP13-031">OP13-031]
RZ1|199|1|OP13-031|1|2|2|4|1|1|0|0|0
RZ1|CHK|199|1|33|5|5|3|1|9|4|0|1|0
[You] Trafalgar Law ["OP13-031">OP13-031]: Return Kikunojo ["OP14-023">OP14-023] to Hand
RZ1|200|1|OP14-023|2|1|1|5|1|1|0|0|0
RZ1|CHK|200|1|33|6|4|3|1|9|4|0|1|0
RZ1|201|1|OP07-022|1|2|2|4|1|1|1|0|0
RZ1|CHK|201|1|33|5|5|3|1|9|4|0|1|0
[You] Trafalgar Law ["OP13-031">OP13-031]: Deploy Otama ["OP07-022">OP07-022]
RZ1|202|1|ST32-001|0|31|1|5|1|1|0|0|0
RZ1|CHK|202|1|32|6|5|3|1|9|4|0|1|0
[You] Otama ["OP07-022">OP07-022]: <b>Reveal and Draw Kin'emon ["ST32-001">ST32-001]</b>
[You] Placing Cards on Bottom of Deck
RZ1|203|1|OP13-040|0|31|0|0|0|0|0|0|0
RZ1|CHK|203|1|32|6|5|3|1|9|4|0|1|0
RZ1|204|1|OP12-034|0|31|0|0|0|0|0|0|0
RZ1|CHK|204|1|32|6|5|3|1|9|4|0|1|0
RZ1|205|1|OP06-033|0|31|0|0|0|0|0|0|0
RZ1|CHK|205|1|32|6|5|3|1|9|4|0|1|0
RZ1|206|1|OP06-038|0|31|0|0|0|0|0|0|0
RZ1|CHK|206|1|32|6|5|3|1|9|4|0|1|0
[You] Dracule Mihawk ["OP14-020">OP14-020] attacking Boa Hancock ["OP14-041">OP14-041]
[Opponent] You're the one who should disappear! ["OP06-115">OP06-115]: Activate Counter
RZ1|207|2|OP06-115|1|1|6|7|1|1|0|0|0
RZ1|CHK|207|2|33|3|3|3|2|7|8|0|1|1
[Opponent] Discard Silvers Rayleigh ["OP14-108">OP14-108] for Counter 1000
RZ1|208|2|OP14-108|1|2|6|8|1|1|0|0|0
RZ1|CHK|208|2|33|2|3|3|2|7|9|0|1|1
Dracule Mihawk ["OP14-020">OP14-020][5000] vs Boa Hancock ["OP14-041">OP14-041][6000]
Attack Fails
[You] Trafalgar Law ["OP13-031">OP13-031] attacking Boa Hancock ["OP14-041">OP14-041]
Trafalgar Law ["OP13-031">OP13-031][6000] vs Boa Hancock ["OP14-041">OP14-041][5000]
Boa Hancock ["OP14-041">OP14-041] hit for 1 damage
RZ1|209|2|OP14-112|3|2|1|2|1|1|0|0|0
RZ1|CHK|209|2|33|3|3|2|2|7|9|0|1|1
[Opponent] Boa Hancock ["OP14-112">OP14-112]: Activate Trigger
RZ1|210|2|OP14-112|1|2|6|9|1|1|0|0|0
RZ1|CHK|210|2|33|2|3|2|2|7|10|0|1|1
[You] Yasopp ["OP17-031">OP17-031] attacking Boa Hancock ["OP14-041">OP14-041]
Yasopp ["OP17-031">OP17-031][6000] vs Boa Hancock ["OP14-041">OP14-041][5000]
Boa Hancock ["OP14-041">OP14-041] hit for 1 damage
RZ1|211|2|EB04-058|3|1|1|2|1|1|0|0|0
RZ1|CHK|211|2|33|3|3|1|2|7|10|0|1|1
[You] Dracule Mihawk ["OP14-020">OP14-020]: Rest Vander Decken IX ["OP06-033">OP06-033]
[You] Dracule Mihawk ["OP14-020">OP14-020]: Activate 1 Don
RZ1|212|1|Don|5|5|5|5|1|1|0|0|0
RZ1|CHK|212|1|32|6|5|3|1|9|4|0|1|0
[You] Dracule Mihawk ["OP14-020">OP14-020]: Activate 1 Don
RZ1|213|1|Don|5|4|5|4|1|1|0|0|0
RZ1|CHK|213|1|32|6|5|3|1|9|4|0|1|0
[You] Dracule Mihawk ["OP14-020">OP14-020]: Activate 1 Don
RZ1|214|1|Don|5|3|5|3|1|1|0|0|0
RZ1|CHK|214|1|32|6|5|3|1|9|4|0|1|0
[You] Dracule Mihawk ["OP14-020">OP14-020]: Can't play Cost 1 Or More Characters for the Turn!
[You] Yasopp ["OP17-031">OP17-031]: Set Yasopp ["OP17-031">OP17-031] to Active
[] Hand: [OP17-022,OP06-038,OP12-034,OP01-055,OP14-023,ST32-001]
[] Board: [OP06-033,OP13-031,OP17-031,OP13-031,OP07-022]
[] Trash: [OP07-022,OP17-031,OP13-040,OP07-022]
[] Life: 3
[] Hand: [OP06-058,OP14-104,EB04-058]
[] Trash: [EB04-058,OP14-105,EB04-058,OP14-105,ST17-004,OP16-119,OP14-112,OP06-115,OP14-108,OP14-112]
[] Board: [OP15-113,OP14-114,OP17-109]
[] Life: 1
[You] End Turn
[] Hand: [OP06-058,OP14-104,EB04-058]
[] Board: [OP15-113,OP14-114,OP17-109]
[] Trash: [EB04-058,OP14-105,EB04-058,OP14-105,ST17-004,OP16-119,OP14-112,OP06-115,OP14-108,OP14-112]
[] Life: 1
[] Hand: [OP17-022,OP06-038,OP12-034,OP01-055,OP14-023,ST32-001]
[] Trash: [OP07-022,OP17-031,OP13-040,OP07-022]
[] Board: [OP06-033,OP13-031,OP17-031,OP13-031,OP07-022]
[] Life: 3
RZ1|215|2|Don|9|9900|5|0|1|1|1|0|0
RZ1|CHK|215|2|33|3|3|1|2|8|10|0|1|0
[Opponent] Draw 1 Card
[] Drew card from deck: Gecko Moria ["OP14-104">OP14-104]
RZ1|216|2|OP14-104|0|32|1|3|1|1|0|0|0
RZ1|CHK|216|2|32|4|3|1|2|8|10|0|1|0
RZ1|217|2|Don|4|1|5|8|1|1|0|0|0
RZ1|CHK|217|2|32|4|3|1|1|9|10|0|1|0
RZ1|218|2|Don|4|0|5|9|1|1|0|0|0
RZ1|CHK|218|2|32|4|3|1|0|10|10|0|1|0
[Opponent] Draw 2 Don
RZ1|219|2|Don|5|0|5|0|1|1|1|0|0
RZ1|CHK|219|2|32|4|3|1|0|10|10|0|1|0
RZ1|220|2|Don|5|1|5|1|1|1|1|0|0
RZ1|CHK|220|2|32|4|3|1|0|10|10|0|1|0
RZ1|221|2|Don|5|2|5|2|1|1|1|0|0
RZ1|CHK|221|2|32|4|3|1|0|10|10|0|1|0
RZ1|222|2|Don|5|3|5|3|1|1|1|0|0
RZ1|CHK|222|2|32|4|3|1|0|10|10|0|1|0
RZ1|223|2|Don|5|4|5|4|1|1|1|0|0
RZ1|CHK|223|2|32|4|3|1|0|10|10|0|1|0
[Opponent] Deploy Borsalino ["EB04-058">EB04-058]
RZ1|224|2|EB04-058|1|2|2|3|1|1|0|0|0
RZ1|CHK|224|2|32|3|4|1|0|10|10|0|1|0
[Opponent] Borsalino ["EB04-058">EB04-058]: Add card to top of Life from Deck
RZ1|225|2|OP15-113|0|31|3|1|0|1|0|0|0
RZ1|CHK|225|2|31|3|4|2|0|10|10|0|1|0
RZ1|226|2|Don|5|5|9|0|1|1|0|0|0
RZ1|CHK|226|2|31|3|4|2|0|9|10|0|1|1
RZ1|227|2|Don|5|5|9|1|1|1|0|0|0
RZ1|CHK|227|2|31|3|4|2|0|8|10|0|1|2
[Opponent] Attach 2 Don to Roronoa Zoro ["OP15-113">OP15-113] (2 Total)
RZ1|228|2|Don|5|5|9|2|1|1|0|0|0
RZ1|CHK|228|2|31|3|4|2|0|7|10|0|1|3
RZ1|229|2|Don|5|5|9|3|1|1|0|0|0
RZ1|CHK|229|2|31|3|4|2|0|6|10|0|1|4
[Opponent] Attach 2 Don to Roronoa Zoro ["OP15-113">OP15-113] (4 Total)
RZ1|230|2|Don|5|5|9|4|1|1|0|0|0
RZ1|CHK|230|2|31|3|4|2|0|5|10|0|1|5
[Opponent] Attach 1 Don to Roronoa Zoro ["OP15-113">OP15-113] (5 Total)
[Opponent] Roronoa Zoro ["OP15-113">OP15-113] attacking Dracule Mihawk ["OP14-020">OP14-020]
Roronoa Zoro ["OP15-113">OP15-113][11000] vs Dracule Mihawk ["OP14-020">OP14-020][5000]
Dracule Mihawk ["OP14-020">OP14-020] hit for 1 damage
RZ1|231|1|OP17-031|3|2|1|6|1|1|0|0|0
RZ1|CHK|231|1|32|7|5|2|1|9|4|0|1|0
[Opponent] Ran ["OP14-114">OP14-114] attacking Dracule Mihawk ["OP14-020">OP14-020]
[You] Billion-fold World Trichiliocosm ["OP06-038">OP06-038]: Activate Counter
[You] Billion-fold World Trichiliocosm ["OP06-038">OP06-038]: Rest 1 Don
RZ1|232|1|Don|5|3|5|3|1|1|1|0|0
RZ1|CHK|232|1|32|7|5|2|1|9|4|0|1|0
RZ1|233|1|OP06-038|1|1|6|4|1|1|0|0|0
RZ1|CHK|233|1|32|6|5|2|1|9|5|0|1|0
[You] Billion-fold World Trichiliocosm ["OP06-038">OP06-038]: Buff Dracule Mihawk ["OP14-020">OP14-020] 2000 for the Combat
[You] Billion-fold World Trichiliocosm ["OP06-038">OP06-038]: Buff Dracule Mihawk ["OP14-020">OP14-020] 2000 for the Combat
Ran ["OP14-114">OP14-114][5000] vs Dracule Mihawk ["OP14-020">OP14-020][9000]
Attack Fails
[Opponent] Boa Hancock ["OP14-041">OP14-041] attacking Dracule Mihawk ["OP14-020">OP14-020]
[You] Discard Kikunojo ["OP14-023">OP14-023] for Counter 2000
RZ1|234|1|OP14-023|1|3|6|5|1|1|0|0|0
RZ1|CHK|234|1|32|5|5|2|1|9|6|0|1|0
Boa Hancock ["OP14-041">OP14-041][5000] vs Dracule Mihawk ["OP14-020">OP14-020][7000]
Attack Fails
[Opponent] Charlotte Pudding ["OP17-109">OP17-109] attacking Vander Decken IX ["OP06-033">OP06-033]
[You] Discard Perona ["OP12-034">OP12-034] for Counter 1000
RZ1|235|1|OP12-034|1|1|6|6|1|1|0|0|0
RZ1|CHK|235|1|32|4|5|2|1|9|7|0|1|0
[You] Discard Kin'emon ["ST32-001">ST32-001] for Counter 1000
RZ1|236|1|ST32-001|1|2|6|7|1|1|0|0|0
RZ1|CHK|236|1|32|3|5|2|1|9|8|0|1|0
[You] Discard Yasopp ["OP17-031">OP17-031] for Counter 1000
RZ1|237|1|OP17-031|1|2|6|8|1|1|0|0|0
RZ1|CHK|237|1|32|2|5|2|1|9|9|0|1|0
Charlotte Pudding ["OP17-109">OP17-109][4000] vs Vander Decken IX ["OP06-033">OP06-033][5000]
Attack Fails
[] Hand: [OP06-058,OP14-104,OP14-104]
[] Board: [OP15-113,OP14-114,OP17-109,EB04-058]
[] Trash: [EB04-058,OP14-105,EB04-058,OP14-105,ST17-004,OP16-119,OP14-112,OP06-115,OP14-108,OP14-112]
[] Life: 2
[] Hand: [OP17-022,OP01-055]
[] Trash: [OP07-022,OP17-031,OP13-040,OP07-022,OP06-038,OP14-023,OP12-034,ST32-001,OP17-031]
[] Board: [OP06-033,OP13-031,OP17-031,OP13-031,OP07-022]
[] Life: 2
[Opponent] End Turn
[] Hand: [OP17-022,OP01-055]
[] Board: [OP06-033,OP13-031,OP17-031,OP13-031,OP07-022]
[] Trash: [OP07-022,OP17-031,OP13-040,OP07-022,OP06-038,OP14-023,OP12-034,ST32-001,OP17-031]
[] Life: 2
[] Hand: [OP06-058,OP14-104,OP14-104]
[] Trash: [EB04-058,OP14-105,EB04-058,OP14-105,ST17-004,OP16-119,OP14-112,OP06-115,OP14-108,OP14-112]
[] Board: [OP15-113,OP14-114,OP17-109,EB04-058]
[] Life: 2
[You] Draw 1 Card
[] Drew card from deck: Vander Decken IX ["OP06-033">OP06-033]
RZ1|238|1|OP06-033|0|31|1|2|1|1|0|0|0
RZ1|CHK|238|1|31|3|5|2|1|9|9|0|1|0
RZ1|239|1|Don|4|0|5|9|1|1|0|0|0
RZ1|CHK|239|1|31|3|5|2|0|10|9|0|1|0
[You] Draw 2 Don
RZ1|240|1|Don|5|0|5|0|1|1|1|0|0
RZ1|CHK|240|1|31|3|5|2|0|10|9|0|1|0
RZ1|241|1|Don|5|1|5|1|1|1|1|0|0
RZ1|CHK|241|1|31|3|5|2|0|10|9|0|1|0
RZ1|242|1|Don|5|2|5|2|1|1|1|0|0
RZ1|CHK|242|1|31|3|5|2|0|10|9|0|1|0
RZ1|243|1|Don|5|3|5|3|1|1|1|0|0
RZ1|CHK|243|1|31|3|5|2|0|10|9|0|1|0
RZ1|244|1|Don|5|4|5|4|1|1|1|0|0
RZ1|CHK|244|1|31|3|5|2|0|10|9|0|1|0
RZ1|245|1|Don|5|5|5|5|1|1|1|0|0
RZ1|CHK|245|1|31|3|5|2|0|10|9|0|1|0
RZ1|246|1|Don|5|6|5|6|1|1|1|0|0
RZ1|CHK|246|1|31|3|5|2|0|10|9|0|1|0
RZ1|247|1|Don|5|7|5|7|1|1|1|0|0
RZ1|CHK|247|1|31|3|5|2|0|10|9|0|1|0
RZ1|248|1|Don|5|8|5|8|1|1|1|0|0
RZ1|CHK|248|1|31|3|5|2|0|10|9|0|1|0
RZ1|249|1|Don|5|9|5|9|1|1|1|0|0
RZ1|CHK|249|1|31|3|5|2|0|10|9|0|1|0
[You] Trash Otama ["OP07-022">OP07-022]
[You] Deploy Shanks ["OP17-022">OP17-022]
RZ1|250|1|OP07-022|2|4|6|9|1|1|0|0|0
RZ1|CHK|250|1|31|3|4|2|0|10|10|0|1|0
RZ1|251|1|OP17-022|1|0|2|4|1|1|0|0|0
RZ1|CHK|251|1|31|2|5|2|0|10|10|0|1|0
[You] Shanks ["OP17-022">OP17-022]: Activate 1 Don
RZ1|252|1|Don|5|9|5|9|1|1|0|0|0
RZ1|CHK|252|1|31|2|5|2|0|10|10|0|1|0
[You] Shanks ["OP17-022">OP17-022]: Activate 1 Don
RZ1|253|1|Don|5|8|5|8|1|1|0|0|0
RZ1|CHK|253|1|31|2|5|2|0|10|10|0|1|0
[You] Shanks ["OP17-022">OP17-022]: Rest Borsalino ["EB04-058">EB04-058]
[You] Dracule Mihawk ["OP14-020">OP14-020] attacking Boa Hancock ["OP14-041">OP14-041]
Dracule Mihawk ["OP14-020">OP14-020][5000] vs Boa Hancock ["OP14-041">OP14-041][5000]
Boa Hancock ["OP14-041">OP14-041] hit for 1 damage
RZ1|254|2|OP15-113|3|1|1|3|1|1|0|0|0
RZ1|CHK|254|2|31|4|4|1|0|5|10|0|1|5
RZ1|255|1|Don|5|8|9|100|1|1|0|0|0
RZ1|CHK|255|1|31|2|5|2|0|9|10|0|1|1
[You] Attach 1 Don to Trafalgar Law ["OP13-031">OP13-031] (1 Total)
[You] Trafalgar Law ["OP13-031">OP13-031] attacking Boa Hancock ["OP14-041">OP14-041]
Trafalgar Law ["OP13-031">OP13-031][7000] vs Boa Hancock ["OP14-041">OP14-041][5000]
Boa Hancock ["OP14-041">OP14-041] hit for 1 damage
RZ1|256|2|OP14-104|3|0|1|4|1|1|0|0|0
RZ1|CHK|256|2|31|5|4|0|0|5|10|0|1|5
[Opponent] Gecko Moria ["OP14-104">OP14-104]: Activate Trigger
RZ1|257|2|OP14-104|1|4|6|10|1|1|0|0|0
RZ1|CHK|257|2|31|4|4|0|0|5|11|0|1|5
[Opponent] Gecko Moria ["OP14-104">OP14-104]: Deployed Boa Hancock ["ST17-004">ST17-004] from Trash
RZ1|258|2|ST17-004|6|4|2|4|1|1|0|0|0
RZ1|CHK|258|2|31|4|5|0|0|5|10|0|1|5
[Opponent] Placing Cards on Bottom of Deck
RZ1|259|2|OP06-106|0|30|0|0|0|0|0|0|0
RZ1|CHK|259|2|31|4|5|0|0|5|10|0|1|5
RZ1|260|2|OP16-113|0|30|0|0|0|0|0|0|0
RZ1|CHK|260|2|31|4|5|0|0|5|10|0|1|5
RZ1|261|2|OP17-109|0|30|0|0|0|0|0|0|0
RZ1|CHK|261|2|31|4|5|0|0|5|10|0|1|5
[Opponent] Boa Hancock ["ST17-004">ST17-004]: Attach 1 Rested Don to Boa Hancock ["OP14-041">OP14-041]
RZ1|262|2|Don|5|0|9|9900|1|1|1|0|0
RZ1|CHK|262|2|31|4|5|0|0|4|10|0|1|6
[] Drew card from deck: Boa Marigold ["OP16-113">OP16-113]
RZ1|263|2|OP16-113|0|30|1|4|1|1|0|0|0
RZ1|CHK|263|2|30|5|5|0|0|4|10|0|1|6
[Opponent] Boa Hancock ["OP14-041">OP14-041]: Draw 1 Card
[You] Dracule Mihawk ["OP14-020">OP14-020]: Rest Vander Decken IX ["OP06-033">OP06-033]
[You] Dracule Mihawk ["OP14-020">OP14-020]: Activate 1 Don
RZ1|264|1|Don|5|7|5|7|1|1|0|0|0
RZ1|CHK|264|1|31|2|5|2|0|9|10|0|1|1
[You] Dracule Mihawk ["OP14-020">OP14-020]: Activate 1 Don
RZ1|265|1|Don|5|6|5|6|1|1|0|0|0
RZ1|CHK|265|1|31|2|5|2|0|9|10|0|1|1
[You] Dracule Mihawk ["OP14-020">OP14-020]: Activate 1 Don
RZ1|266|1|Don|5|5|5|5|1|1|0|0|0
RZ1|CHK|266|1|31|2|5|2|0|9|10|0|1|1
[You] Dracule Mihawk ["OP14-020">OP14-020]: Can't play Cost 1 Or More Characters for the Turn!
RZ1|267|1|Don|5|5|9|200|1|1|0|0|0
RZ1|CHK|267|1|31|2|5|2|0|8|10|0|1|2
[You] Attach 1 Don to Yasopp ["OP17-031">OP17-031] (1 Total)
[You] Yasopp ["OP17-031">OP17-031] attacking Boa Hancock ["OP14-041">OP14-041]
[Opponent] Boa Hancock ["ST17-004">ST17-004] Blocks
Yasopp ["OP17-031">OP17-031][7000] vs Boa Hancock ["ST17-004">ST17-004][6000]
[Opponent] Boa Hancock ["ST17-004">ST17-004] Destroyed
RZ1|268|2|ST17-004|2|4|6|10|1|1|0|0|0
RZ1|CHK|268|2|30|5|4|0|0|4|11|0|1|6
RZ1|269|1|Don|5|5|9|300|1|1|0|0|0
RZ1|CHK|269|1|31|2|5|2|0|7|10|0|1|3
[You] Attach 1 Don to Trafalgar Law ["OP13-031">OP13-031] (1 Total)
[You] Trafalgar Law ["OP13-031">OP13-031] attacking Boa Hancock ["OP14-041">OP14-041]
Trafalgar Law ["OP13-031">OP13-031][7000] vs Boa Hancock ["OP14-041">OP14-041][5000]
Boa Hancock ["OP14-041">OP14-041] hit for 1 damage
[Opponent] <b>Downloaded the Combat Log!</b>
GameOver