Version is 1.44a.14
[You] Leader is Dracule Mihawk ["OP14-020">OP14-020]
[Opponent] Leader is Luffy & Ace ["ST30-001">ST30-001]
RZ1|4|2|OP12-015|0|10|0|0|0|0|0|0|0
RZ1|CHK|4|2|50|0|0|0|10|0|0|0|1|0
RZ1|5|2|ST31-001|0|17|0|1|0|0|0|0|0
RZ1|CHK|5|2|50|0|0|0|10|0|0|0|1|0
RZ1|6|2|EB02-017|0|23|0|2|0|0|0|0|0
RZ1|CHK|6|2|50|0|0|0|10|0|0|0|1|0
RZ1|7|2|EB04-002|0|4|0|3|0|0|0|0|0
RZ1|CHK|7|2|50|0|0|0|10|0|0|0|1|0
RZ1|8|2|ST21-014|0|17|0|4|0|0|0|0|0
RZ1|CHK|8|2|50|0|0|0|10|0|0|0|1|0
RZ1|9|2|OP17-017|0|37|0|5|0|0|0|0|0
RZ1|CHK|9|2|50|0|0|0|10|0|0|0|1|0
RZ1|10|2|OP17-017|0|36|0|6|0|0|0|0|0
RZ1|CHK|10|2|50|0|0|0|10|0|0|0|1|0
RZ1|11|2|OP12-015|0|16|0|7|0|0|0|0|0
RZ1|CHK|11|2|50|0|0|0|10|0|0|0|1|0
RZ1|12|2|OP15-032|0|29|0|8|0|0|0|0|0
RZ1|CHK|12|2|50|0|0|0|10|0|0|0|1|0
RZ1|13|2|OP01-057|0|41|0|9|0|0|0|0|0
RZ1|CHK|13|2|50|0|0|0|10|0|0|0|1|0
RZ1|14|2|EB04-002|0|12|0|10|0|0|0|0|0
RZ1|CHK|14|2|50|0|0|0|10|0|0|0|1|0
RZ1|15|2|OP01-016|0|15|0|11|0|0|0|0|0
RZ1|CHK|15|2|50|0|0|0|10|0|0|0|1|0
RZ1|16|2|OP01-030|0|37|0|12|0|0|0|0|0
RZ1|CHK|16|2|50|0|0|0|10|0|0|0|1|0
RZ1|17|2|ST30-012|0|30|0|13|0|0|0|0|0
RZ1|CHK|17|2|50|0|0|0|10|0|0|0|1|0
RZ1|18|2|EB02-017|0|28|0|14|0|0|0|0|0
RZ1|CHK|18|2|50|0|0|0|10|0|0|0|1|0
RZ1|19|2|ST31-005|0|49|0|15|0|0|0|0|0
RZ1|CHK|19|2|50|0|0|0|10|0|0|0|1|0
RZ1|20|2|OP04-016|0|33|0|16|0|0|0|0|0
RZ1|CHK|20|2|50|0|0|0|10|0|0|0|1|0
RZ1|21|2|OP01-030|0|37|0|17|0|0|0|0|0
RZ1|CHK|21|2|50|0|0|0|10|0|0|0|1|0
RZ1|22|2|OP13-040|0|46|0|18|0|0|0|0|0
RZ1|CHK|22|2|50|0|0|0|10|0|0|0|1|0
RZ1|23|2|OP12-037|0|45|0|19|0|0|0|0|0
RZ1|CHK|23|2|50|0|0|0|10|0|0|0|1|0
RZ1|24|2|OP01-016|0|24|0|20|0|0|0|0|0
RZ1|CHK|24|2|50|0|0|0|10|0|0|0|1|0
RZ1|25|2|OP12-037|0|45|0|22|0|0|0|0|0
RZ1|CHK|25|2|50|0|0|0|10|0|0|0|1|0
RZ1|26|2|ST31-005|0|48|0|23|0|0|0|0|0
RZ1|CHK|26|2|50|0|0|0|10|0|0|0|1|0
RZ1|27|2|EB02-017|0|35|0|24|0|0|0|0|0
RZ1|CHK|27|2|50|0|0|0|10|0|0|0|1|0
RZ1|28|2|ST30-012|0|37|0|25|0|0|0|0|0
RZ1|CHK|28|2|50|0|0|0|10|0|0|0|1|0
RZ1|29|2|OP01-030|0|41|0|26|0|0|0|0|0
RZ1|CHK|29|2|50|0|0|0|10|0|0|0|1|0
RZ1|30|2|ST21-014|0|33|0|27|0|0|0|0|0
RZ1|CHK|30|2|50|0|0|0|10|0|0|0|1|0
RZ1|31|2|OP01-016|0|29|0|28|0|0|0|0|0
RZ1|CHK|31|2|50|0|0|0|10|0|0|0|1|0
RZ1|32|2|OP01-057|0|45|0|29|0|0|0|0|0
RZ1|CHK|32|2|50|0|0|0|10|0|0|0|1|0
RZ1|33|2|OP17-017|0|44|0|30|0|0|0|0|0
RZ1|CHK|33|2|50|0|0|0|10|0|0|0|1|0
RZ1|34|2|ST31-001|0|39|0|31|0|0|0|0|0
RZ1|CHK|34|2|50|0|0|0|10|0|0|0|1|0
RZ1|35|2|OP01-030|0|44|0|32|0|0|0|0|0
RZ1|CHK|35|2|50|0|0|0|10|0|0|0|1|0
RZ1|36|2|ST31-005|0|49|0|33|0|0|0|0|0
RZ1|CHK|36|2|50|0|0|0|10|0|0|0|1|0
RZ1|37|2|OP17-017|0|46|0|34|0|0|0|0|0
RZ1|CHK|37|2|50|0|0|0|10|0|0|0|1|0
RZ1|38|2|ST31-001|0|42|0|35|0|0|0|0|0
RZ1|CHK|38|2|50|0|0|0|10|0|0|0|1|0
RZ1|39|2|ST31-005|0|49|0|36|0|0|0|0|0
RZ1|CHK|39|2|50|0|0|0|10|0|0|0|1|0
RZ1|40|2|OP04-016|0|47|0|37|0|0|0|0|0
RZ1|CHK|40|2|50|0|0|0|10|0|0|0|1|0
RZ1|41|2|ST21-014|0|43|0|38|0|0|0|0|0
RZ1|CHK|41|2|50|0|0|0|10|0|0|0|1|0
RZ1|42|2|ST21-014|0|43|0|39|0|0|0|0|0
RZ1|CHK|42|2|50|0|0|0|10|0|0|0|1|0
RZ1|43|2|OP12-015|0|42|0|40|0|0|0|0|0
RZ1|CHK|43|2|50|0|0|0|10|0|0|0|1|0
RZ1|44|2|ST31-001|0|44|0|41|0|0|0|0|0
RZ1|CHK|44|2|50|0|0|0|10|0|0|0|1|0
RZ1|45|2|OP01-057|0|48|0|42|0|0|0|0|0
RZ1|CHK|45|2|50|0|0|0|10|0|0|0|1|0
RZ1|46|2|EB02-017|0|46|0|44|0|0|0|0|0
RZ1|CHK|46|2|50|0|0|0|10|0|0|0|1|0
RZ1|47|2|ST30-012|0|47|0|45|0|0|0|0|0
RZ1|CHK|47|2|50|0|0|0|10|0|0|0|1|0
RZ1|48|2|OP04-016|0|48|0|46|0|0|0|0|0
RZ1|CHK|48|2|50|0|0|0|10|0|0|0|1|0
RZ1|49|2|OP13-040|0|49|0|47|0|0|0|0|0
RZ1|CHK|49|2|50|0|0|0|10|0|0|0|1|0
[] Drew card from deck: I Know You're Strong... So I'll Go All Out ["OP13-040">OP13-040]
RZ1|50|1|OP13-040|0|49|1|0|1|1|0|0|0
RZ1|CHK|50|1|49|1|0|0|10|0|0|0|1|0
[] Drew card from deck: Trafalgar Law ["OP13-031">OP13-031]
RZ1|51|1|OP13-031|0|48|1|1|1|1|0|0|0
RZ1|CHK|51|1|48|2|0|0|10|0|0|0|1|0
[] Drew card from deck: Coffin Boat ["OP14-039">OP14-039]
RZ1|52|1|OP14-039|0|47|1|2|1|1|0|0|0
RZ1|CHK|52|1|47|3|0|0|10|0|0|0|1|0
[] Drew card from deck: Kouzuki Oden ["ST32-002">ST32-002]
RZ1|53|1|ST32-002|0|46|1|3|1|1|0|0|0
RZ1|CHK|53|1|46|4|0|0|10|0|0|0|1|0
[] Drew card from deck: Trafalgar Law ["OP13-031">OP13-031]
RZ1|54|1|OP13-031|0|45|1|4|1|1|0|0|0
RZ1|CHK|54|1|45|5|0|0|10|0|0|0|1|0
[] Drew card from deck: Monkey D. Luffy ["OP12-015">OP12-015]
RZ1|55|2|OP12-015|0|49|1|0|1|1|0|0|0
RZ1|CHK|55|2|49|1|0|0|10|0|0|0|1|0
[] Drew card from deck: Nami ["OP01-016">OP01-016]
RZ1|56|2|OP01-016|0|48|1|1|1|1|0|0|0
RZ1|CHK|56|2|48|2|0|0|10|0|0|0|1|0
[] Drew card from deck: I Know You're Strong... So I'll Go All Out ["OP13-040">OP13-040]
RZ1|57|2|OP13-040|0|47|1|2|1|1|0|0|0
RZ1|CHK|57|2|47|3|0|0|10|0|0|0|1|0
[] Drew card from deck: Bad Manners Kick Course ["OP04-016">OP04-016]
RZ1|58|2|OP04-016|0|46|1|3|1|1|0|0|0
RZ1|CHK|58|2|46|4|0|0|10|0|0|0|1|0
[] Drew card from deck: Monkey D. Luffy ["ST30-012">ST30-012]
RZ1|59|2|ST30-012|0|45|1|4|1|1|0|0|0
RZ1|CHK|59|2|45|5|0|0|10|0|0|0|1|0
RZ1|60|1|OP17-022|0|44|3|0|1|0|0|0|0
RZ1|CHK|60|1|44|5|0|1|10|0|0|0|1|0
RZ1|61|1|OP12-034|0|43|3|1|1|0|0|0|0
RZ1|CHK|61|1|43|5|0|2|10|0|0|0|1|0
RZ1|62|1|OP07-022|0|42|3|2|1|0|0|0|0
RZ1|CHK|62|1|42|5|0|3|10|0|0|0|1|0
RZ1|63|1|OP06-038|0|41|3|3|1|0|0|0|0
RZ1|CHK|63|1|41|5|0|4|10|0|0|0|1|0
RZ1|64|1|OP12-023|0|40|3|4|1|0|0|0|0
RZ1|CHK|64|1|40|5|0|5|10|0|0|0|1|0
RZ1|65|2|EB02-017|0|44|3|0|0|1|0|0|0
RZ1|CHK|65|2|44|5|0|1|10|0|0|0|1|0
RZ1|66|2|EB04-002|0|43|3|1|0|1|0|0|0
RZ1|CHK|66|2|43|5|0|2|10|0|0|0|1|0
RZ1|67|2|OP01-057|0|42|3|2|0|1|0|0|0
RZ1|CHK|67|2|42|5|0|3|10|0|0|0|1|0
RZ1|68|2|ST31-001|0|41|3|3|0|1|0|0|0
RZ1|CHK|68|2|41|5|0|4|10|0|0|0|1|0
[] Hand: [OP13-040,OP13-031,OP14-039,ST32-002,OP13-031]
[] Board: []
[] Trash: []
[] Life: 5
[] Hand: [OP12-015,OP01-016,OP13-040,OP04-016,ST30-012]
[] Trash: []
[] Board: []
[] Life: 4
RZ1|69|1|Don|4|9|5|0|1|1|0|0|0
RZ1|CHK|69|1|40|5|0|5|9|1|0|0|1|0
[You] Draw 1 Don
RZ1|70|1|Don|5|0|5|0|1|1|1|0|0
RZ1|CHK|70|1|40|5|0|5|9|1|0|0|1|0
[You] Deploy Coffin Boat ["OP14-039">OP14-039]
RZ1|71|1|OP14-039|1|2|7|0|1|1|0|0|0
RZ1|CHK|71|1|40|4|0|5|9|1|0|1|1|0
[] Drew card from deck: Shanks ["OP17-022">OP17-022]
RZ1|72|1|OP17-022|0|39|1|4|1|1|0|0|0
RZ1|CHK|72|1|39|5|0|5|9|1|0|1|1|0
[You] Coffin Boat ["OP14-039">OP14-039]: Draw 1 Card
[You] Coffin Boat ["OP14-039">OP14-039]: Activate 1 Don
RZ1|73|1|Don|5|0|5|0|1|1|0|0|0
RZ1|CHK|73|1|39|5|0|5|9|1|0|1|1|0
[] Hand: [OP13-040,OP13-031,ST32-002,OP13-031,OP17-022]
[] Board: []
[] Trash: []
[] Life: 5
[] Hand: [OP12-015,OP01-016,OP13-040,OP04-016,ST30-012]
[] Trash: []
[] Board: []
[] Life: 4
[You] End Turn
[] Hand: [OP12-015,OP01-016,OP13-040,OP04-016,ST30-012]
[] Board: []
[] Trash: []
[] Life: 4
[] Hand: [OP13-040,OP13-031,ST32-002,OP13-031,OP17-022]
[] Trash: []
[] Board: []
[] Life: 5
[Opponent] Draw 1 Card
[] Drew card from deck: Monkey D. Luffy ["OP12-015">OP12-015]
RZ1|74|2|OP12-015|0|40|1|5|1|1|0|0|0
RZ1|CHK|74|2|40|6|0|4|10|0|0|0|1|0
RZ1|75|2|Don|4|9|5|0|1|1|0|0|0
RZ1|CHK|75|2|40|6|0|4|9|1|0|0|1|0
RZ1|76|2|Don|4|8|5|1|1|1|0|0|0
RZ1|CHK|76|2|40|6|0|4|8|2|0|0|1|0
[Opponent] Draw 2 Don
[] Hand: [OP12-015,OP01-016,OP13-040,OP04-016,ST30-012,OP12-015]
[] Board: []
[] Trash: []
[] Life: 4
[] Hand: [OP13-040,OP13-031,ST32-002,OP13-031,OP17-022]
[] Trash: []
[] Board: []
[] Life: 5
[Opponent] End Turn
[] Hand: [OP13-040,OP13-031,ST32-002,OP13-031,OP17-022]
[] Board: []
[] Trash: []
[] Life: 5
[] Hand: [OP12-015,OP01-016,OP13-040,OP04-016,ST30-012,OP12-015]
[] Trash: []
[] Board: []
[] Life: 4
[You] Draw 1 Card
[] Drew card from deck: Kin'emon ["ST32-001">ST32-001]
RZ1|77|1|ST32-001|0|38|1|5|1|1|0|0|0
RZ1|CHK|77|1|38|6|0|5|9|1|0|1|1|0
RZ1|78|1|Don|4|8|5|1|1|1|0|0|0
RZ1|CHK|78|1|38|6|0|5|8|2|0|1|1|0
RZ1|79|1|Don|4|7|5|2|1|1|0|0|0
RZ1|CHK|79|1|38|6|0|5|7|3|0|1|1|0
[You] Draw 2 Don
RZ1|80|1|Don|5|0|9|9900|1|1|0|0|0
RZ1|CHK|80|1|38|6|0|5|7|2|0|1|1|1
[You] Attach 1 Don to Dracule Mihawk ["OP14-020">OP14-020] (1 Total)
[You] Dracule Mihawk ["OP14-020">OP14-020] attacking Luffy & Ace ["ST30-001">ST30-001]
[Opponent] Discard Monkey D. Luffy ["OP12-015">OP12-015] for Counter 1000
RZ1|81|2|OP12-015|1|0|6|0|1|1|0|0|0
RZ1|CHK|81|2|40|5|0|4|8|2|1|0|1|0
Dracule Mihawk ["OP14-020">OP14-020][6000] vs Luffy & Ace ["ST30-001">ST30-001][7000]
Attack Fails
RZ1|82|1|Don|5|0|5|0|1|1|1|0|0
RZ1|CHK|82|1|38|6|0|5|7|2|0|1|1|1
[You] Deploy Kin'emon ["ST32-001">ST32-001]
RZ1|83|1|ST32-001|1|5|2|0|1|1|0|0|0
RZ1|CHK|83|1|38|5|1|5|7|2|0|1|1|1
[You] Kin'emon ["ST32-001">ST32-001]: Rest Don ["Don">Don]
RZ1|84|1|Don|5|1|5|1|1|1|1|0|0
RZ1|CHK|84|1|38|5|1|5|7|2|0|1|1|1
[] Drew card from deck: Yasopp ["OP17-031">OP17-031]
RZ1|85|1|OP17-031|0|37|1|5|1|1|0|0|0
RZ1|CHK|85|1|37|6|1|5|7|2|0|1|1|1
[] Drew card from deck: Otama ["OP07-022">OP07-022]
RZ1|86|1|OP07-022|0|36|1|6|1|1|0|0|0
RZ1|CHK|86|1|36|7|1|5|7|2|0|1|1|1
[You] Kin'emon ["ST32-001">ST32-001]: Draw 2 Card
RZ1|87|1|OP17-022|1|4|6|0|1|1|0|0|0
RZ1|CHK|87|1|36|6|1|5|7|2|1|1|1|1
[You] Kin'emon ["ST32-001">ST32-001]: Trash Shanks ["OP17-022">OP17-022]
[You] Coffin Boat ["OP14-039">OP14-039]: Activate 1 Don
RZ1|88|1|Don|5|1|5|1|1|1|0|0|0
RZ1|CHK|88|1|36|6|1|5|7|2|1|1|1|1
[] Hand: [OP13-040,OP13-031,ST32-002,OP13-031,OP17-031,OP07-022]
[] Board: [ST32-001]
[] Trash: [OP17-022]
[] Life: 5
[] Hand: [OP01-016,OP13-040,OP04-016,ST30-012,OP12-015]
[] Trash: [OP12-015]
[] Board: []
[] Life: 4
[You] End Turn
[] Hand: [OP01-016,OP13-040,OP04-016,ST30-012,OP12-015]
[] Board: []
[] Trash: [OP12-015]
[] Life: 4
[] Hand: [OP13-040,OP13-031,ST32-002,OP13-031,OP17-031,OP07-022]
[] Trash: [OP17-022]
[] Board: [ST32-001]
[] Life: 5
[Opponent] Draw 1 Card
[] Drew card from deck: Monkey D. Luffy ["ST21-014">ST21-014]
RZ1|89|2|ST21-014|0|39|1|5|1|1|0|0|0
RZ1|CHK|89|2|39|6|0|4|8|2|1|0|1|0
RZ1|90|2|Don|4|7|5|2|1|1|0|0|0
RZ1|CHK|90|2|39|6|0|4|7|3|1|0|1|0
RZ1|91|2|Don|4|6|5|3|1|1|0|0|0
RZ1|CHK|91|2|39|6|0|4|6|4|1|0|1|0
[Opponent] Draw 2 Don
RZ1|92|2|Don|5|0|5|0|1|1|1|0|0
RZ1|CHK|92|2|39|6|0|4|6|4|1|0|1|0
RZ1|93|2|Don|5|1|5|1|1|1|1|0|0
RZ1|CHK|93|2|39|6|0|4|6|4|1|0|1|0
RZ1|94|2|Don|5|2|5|2|1|1|1|0|0
RZ1|CHK|94|2|39|6|0|4|6|4|1|0|1|0
RZ1|95|2|Don|5|3|5|3|1|1|1|0|0
RZ1|CHK|95|2|39|6|0|4|6|4|1|0|1|0
[Opponent] Deploy Monkey D. Luffy ["ST30-012">ST30-012]
RZ1|96|2|ST30-012|1|3|2|0|1|1|0|0|0
RZ1|CHK|96|2|39|5|1|4|6|4|1|0|1|0
[Opponent] Luffy & Ace ["ST30-001">ST30-001] attacking Dracule Mihawk ["OP14-020">OP14-020]
[You] Discard Otama ["OP07-022">OP07-022] for Counter 2000
RZ1|97|1|OP07-022|1|5|6|1|1|1|0|0|0
RZ1|CHK|97|1|36|5|1|5|7|2|2|1|1|1
Luffy & Ace ["ST30-001">ST30-001][6000] vs Dracule Mihawk ["OP14-020">OP14-020][7000]
Attack Fails
[] Hand: [OP01-016,OP13-040,OP04-016,OP12-015,ST21-014]
[] Board: [ST30-012]
[] Trash: [OP12-015]
[] Life: 4
[] Hand: [OP13-040,OP13-031,ST32-002,OP13-031,OP17-031]
[] Trash: [OP17-022,OP07-022]
[] Board: [ST32-001]
[] Life: 5
[Opponent] End Turn
[] Hand: [OP13-040,OP13-031,ST32-002,OP13-031,OP17-031]
[] Board: [ST32-001]
[] Trash: [OP17-022,OP07-022]
[] Life: 5
[] Hand: [OP01-016,OP13-040,OP04-016,OP12-015,ST21-014]
[] Trash: [OP12-015]
[] Board: [ST30-012]
[] Life: 4
RZ1|98|1|Don|9|9900|5|0|1|1|1|0|0
RZ1|CHK|98|1|36|5|1|5|7|3|2|1|1|0
[You] Draw 1 Card
[] Drew card from deck: Perona ["OP12-034">OP12-034]
RZ1|99|1|OP12-034|0|35|1|5|1|1|0|0|0
RZ1|CHK|99|1|35|6|1|5|7|3|2|1|1|0
RZ1|100|1|Don|4|6|5|3|1|1|0|0|0
RZ1|CHK|100|1|35|6|1|5|6|4|2|1|1|0
RZ1|101|1|Don|4|5|5|4|1|1|0|0|0
RZ1|CHK|101|1|35|6|1|5|5|5|2|1|1|0
[You] Draw 2 Don
RZ1|102|1|Don|5|0|5|0|1|1|1|0|0
RZ1|CHK|102|1|35|6|1|5|5|5|2|1|1|0
RZ1|103|1|Don|5|1|5|1|1|1|1|0|0
RZ1|CHK|103|1|35|6|1|5|5|5|2|1|1|0
RZ1|104|1|Don|5|2|5|2|1|1|1|0|0
RZ1|CHK|104|1|35|6|1|5|5|5|2|1|1|0
RZ1|105|1|Don|5|3|5|3|1|1|1|0|0
RZ1|CHK|105|1|35|6|1|5|5|5|2|1|1|0
RZ1|106|1|Don|5|4|5|4|1|1|1|0|0
RZ1|CHK|106|1|35|6|1|5|5|5|2|1|1|0
[You] Deploy Kouzuki Oden ["ST32-002">ST32-002]
RZ1|107|1|ST32-002|1|2|2|1|1|1|0|0|0
RZ1|CHK|107|1|35|5|2|5|5|5|2|1|1|0
[] Drew card from deck: Billion-fold World Trichiliocosm ["OP06-038">OP06-038]
RZ1|108|1|OP06-038|0|34|1|5|1|1|0|0|0
RZ1|CHK|108|1|34|6|2|5|5|5|2|1|1|0
[You] Kouzuki Oden ["ST32-002">ST32-002]: Draw 1 Card
[You] Kouzuki Oden ["ST32-002">ST32-002]: Monkey D. Luffy ["ST30-012">ST30-012] can't be rested until next turn ends
[You] Coffin Boat ["OP14-039">OP14-039]: Activate 1 Don
RZ1|109|1|Don|5|4|5|4|1|1|0|0|0
RZ1|CHK|109|1|34|6|2|5|5|5|2|1|1|0
[] Hand: [OP13-040,OP13-031,OP13-031,OP17-031,OP12-034,OP06-038]
[] Board: [ST32-001,ST32-002]
[] Trash: [OP17-022,OP07-022]
[] Life: 5
[] Hand: [OP01-016,OP13-040,OP04-016,OP12-015,ST21-014]
[] Trash: [OP12-015]
[] Board: [ST30-012]
[] Life: 4
[You] End Turn
[] Hand: [OP01-016,OP13-040,OP04-016,OP12-015,ST21-014]
[] Board: [ST30-012]
[] Trash: [OP12-015]
[] Life: 4
[] Hand: [OP13-040,OP13-031,OP13-031,OP17-031,OP12-034,OP06-038]
[] Trash: [OP17-022,OP07-022]
[] Board: [ST32-001,ST32-002]
[] Life: 5
[Opponent] Draw 1 Card
[] Drew card from deck: Monkey D. Luffy ["ST21-014">ST21-014]
RZ1|110|2|ST21-014|0|38|1|5|1|1|0|0|0
RZ1|CHK|110|2|38|6|1|4|6|4|1|0|1|0
RZ1|111|2|Don|4|5|5|4|1|1|0|0|0
RZ1|CHK|111|2|38|6|1|4|5|5|1|0|1|0
RZ1|112|2|Don|4|4|5|5|1|1|0|0|0
RZ1|CHK|112|2|38|6|1|4|4|6|1|0|1|0
[Opponent] Draw 2 Don
RZ1|113|2|Don|5|0|5|0|1|1|1|0|0
RZ1|CHK|113|2|38|6|1|4|4|6|1|0|1|0
RZ1|114|2|Don|5|1|5|1|1|1|1|0|0
RZ1|CHK|114|2|38|6|1|4|4|6|1|0|1|0
RZ1|115|2|Don|5|2|5|2|1|1|1|0|0
RZ1|CHK|115|2|38|6|1|4|4|6|1|0|1|0
RZ1|116|2|Don|5|3|5|3|1|1|1|0|0
RZ1|CHK|116|2|38|6|1|4|4|6|1|0|1|0
RZ1|117|2|Don|5|4|5|4|1|1|1|0|0
RZ1|CHK|117|2|38|6|1|4|4|6|1|0|1|0
[Opponent] Deploy Monkey D. Luffy ["ST21-014">ST21-014]
RZ1|118|2|ST21-014|1|4|2|1|1|1|0|0|0
RZ1|CHK|118|2|38|5|2|4|4|6|1|0|1|0
[Opponent] Luffy & Ace ["ST30-001">ST30-001] attacking Dracule Mihawk ["OP14-020">OP14-020]
Luffy & Ace ["ST30-001">ST30-001][6000] vs Dracule Mihawk ["OP14-020">OP14-020][5000]
Dracule Mihawk ["OP14-020">OP14-020] hit for 1 damage
RZ1|119|1|OP12-023|3|4|1|6|1|1|0|0|0
RZ1|CHK|119|1|34|7|2|4|5|5|2|1|1|0
[Opponent] Monkey D. Luffy ["ST21-014">ST21-014] attacking Dracule Mihawk ["OP14-020">OP14-020]
[Opponent] Monkey D. Luffy ["ST21-014">ST21-014]: Attach 1 Rested Don to Luffy & Ace ["ST30-001">ST30-001]
RZ1|120|2|Don|5|0|9|9900|1|1|1|0|0
RZ1|CHK|120|2|38|5|2|4|4|5|1|0|1|1
[You] Discard Kawamatsu ["OP12-023">OP12-023] for Counter 2000
RZ1|121|1|OP12-023|1|6|6|2|1|1|0|0|0
RZ1|CHK|121|1|34|6|2|4|5|5|3|1|1|0
Monkey D. Luffy ["ST21-014">ST21-014][6000] vs Dracule Mihawk ["OP14-020">OP14-020][7000]
Attack Fails
[] Hand: [OP01-016,OP13-040,OP04-016,OP12-015,ST21-014]
[] Board: [ST30-012,ST21-014]
[] Trash: [OP12-015]
[] Life: 4
[] Hand: [OP13-040,OP13-031,OP13-031,OP17-031,OP12-034,OP06-038]
[] Trash: [OP17-022,OP07-022,OP12-023]
[] Board: [ST32-001,ST32-002]
[] Life: 4
[Opponent] End Turn
[] Hand: [OP13-040,OP13-031,OP13-031,OP17-031,OP12-034,OP06-038]
[] Board: [ST32-001,ST32-002]
[] Trash: [OP17-022,OP07-022,OP12-023]
[] Life: 4
[] Hand: [OP01-016,OP13-040,OP04-016,OP12-015,ST21-014]
[] Trash: [OP12-015]
[] Board: [ST30-012,ST21-014]
[] Life: 4
[You] Draw 1 Card
[] Drew card from deck: Trafalgar Law ["OP13-031">OP13-031]
RZ1|122|1|OP13-031|0|33|1|6|1|1|0|0|0
RZ1|CHK|122|1|33|7|2|4|5|5|3|1|1|0
RZ1|123|1|Don|4|4|5|5|1|1|0|0|0
RZ1|CHK|123|1|33|7|2|4|4|6|3|1|1|0
RZ1|124|1|Don|4|3|5|6|1|1|0|0|0
RZ1|CHK|124|1|33|7|2|4|3|7|3|1|1|0
[You] Draw 2 Don
RZ1|125|1|Don|5|0|5|0|1|1|1|0|0
RZ1|CHK|125|1|33|7|2|4|3|7|3|1|1|0
RZ1|126|1|Don|5|1|5|1|1|1|1|0|0
RZ1|CHK|126|1|33|7|2|4|3|7|3|1|1|0
RZ1|127|1|Don|5|2|5|2|1|1|1|0|0
RZ1|CHK|127|1|33|7|2|4|3|7|3|1|1|0
RZ1|128|1|Don|5|3|5|3|1|1|1|0|0
RZ1|CHK|128|1|33|7|2|4|3|7|3|1|1|0
RZ1|129|1|Don|5|4|5|4|1|1|1|0|0
RZ1|CHK|129|1|33|7|2|4|3|7|3|1|1|0
RZ1|130|1|Don|5|5|5|5|1|1|1|0|0
RZ1|CHK|130|1|33|7|2|4|3|7|3|1|1|0
[You] Deploy Trafalgar Law ["OP13-031">OP13-031]
RZ1|131|1|OP13-031|1|1|2|2|1|1|0|0|0
RZ1|CHK|131|1|33|6|3|4|3|7|3|1|1|0
[You] Trafalgar Law ["OP13-031">OP13-031]: Return Trafalgar Law ["OP13-031">OP13-031] to Hand
RZ1|132|1|OP13-031|2|2|1|6|1|1|0|0|0
RZ1|CHK|132|1|33|7|2|4|3|7|3|1|1|0
RZ1|133|1|OP17-031|1|2|2|2|1|1|1|0|0
RZ1|CHK|133|1|33|6|3|4|3|7|3|1|1|0
[You] Trafalgar Law ["OP13-031">OP13-031]: Deploy Yasopp ["OP17-031">OP17-031]
[] Drew card from deck: Dracule Mihawk ["ST32-003">ST32-003]
RZ1|134|1|ST32-003|0|32|1|6|1|1|0|0|0
RZ1|CHK|134|1|32|7|3|4|3|7|3|1|1|0
[You] Yasopp ["OP17-031">OP17-031]: Draw 1 Card
[You] Yasopp ["OP17-031">OP17-031]: Rest Monkey D. Luffy ["ST30-012">ST30-012]
RZ1|135|1|Don|5|6|9|9900|1|1|0|0|0
RZ1|CHK|135|1|32|7|3|4|3|6|3|1|1|1
[You] Attach 1 Don to Dracule Mihawk ["OP14-020">OP14-020] (1 Total)
[You] Dracule Mihawk ["OP14-020">OP14-020] attacking Luffy & Ace ["ST30-001">ST30-001]
[Opponent] Discard Monkey D. Luffy ["OP12-015">OP12-015] for Counter 1000
RZ1|136|2|OP12-015|1|3|6|1|1|1|0|0|0
RZ1|CHK|136|2|38|4|2|4|4|5|2|0|1|1
Dracule Mihawk ["OP14-020">OP14-020][6000] vs Luffy & Ace ["ST30-001">ST30-001][7000]
Attack Fails
[You] Kouzuki Oden ["ST32-002">ST32-002] attacking Luffy & Ace ["ST30-001">ST30-001]
[Opponent] I Know You're Strong... So I'll Go All Out ["OP13-040">OP13-040]: Activate Counter
[Opponent] I Know You're Strong... So I'll Go All Out ["OP13-040">OP13-040]: Rest 1 Don
RZ1|137|2|Don|5|4|5|4|1|1|1|0|0
RZ1|CHK|137|2|38|4|2|4|4|5|2|0|1|1
RZ1|138|2|OP13-040|1|1|6|2|1|1|0|0|0
RZ1|CHK|138|2|38|3|2|4|4|5|3|0|1|1
[Opponent] I Know You're Strong... So I'll Go All Out ["OP13-040">OP13-040]: Buff Luffy & Ace ["ST30-001">ST30-001] 3000 for the Combat
Kouzuki Oden ["ST32-002">ST32-002][6000] vs Luffy & Ace ["ST30-001">ST30-001][9000]
Attack Fails
[You] Yasopp ["OP17-031">OP17-031]: Set Yasopp ["OP17-031">OP17-031] to Active
[You] Coffin Boat ["OP14-039">OP14-039]: Activate 1 Don
RZ1|139|1|Don|5|5|5|5|1|1|0|0|0
RZ1|CHK|139|1|32|7|3|4|3|6|3|1|1|1
[] Hand: [OP13-040,OP13-031,OP12-034,OP06-038,OP13-031,OP13-031,ST32-003]
[] Board: [ST32-001,ST32-002,OP17-031]
[] Trash: [OP17-022,OP07-022,OP12-023]
[] Life: 4
[] Hand: [OP01-016,OP04-016,ST21-014]
[] Trash: [OP12-015,OP12-015,OP13-040]
[] Board: [ST30-012,ST21-014]
[] Life: 4
[You] End Turn
[] Hand: [OP01-016,OP04-016,ST21-014]
[] Board: [ST30-012,ST21-014]
[] Trash: [OP12-015,OP12-015,OP13-040]
[] Life: 4
[] Hand: [OP13-040,OP13-031,OP12-034,OP06-038,OP13-031,OP13-031,ST32-003]
[] Trash: [OP17-022,OP07-022,OP12-023]
[] Board: [ST32-001,ST32-002,OP17-031]
[] Life: 4
RZ1|140|2|Don|9|9900|5|0|1|1|1|0|0
RZ1|CHK|140|2|38|3|2|4|4|6|3|0|1|0
[Opponent] Draw 1 Card
[] Drew card from deck: Bad Manners Kick Course ["OP04-016">OP04-016]
RZ1|141|2|OP04-016|0|37|1|3|1|1|0|0|0
RZ1|CHK|141|2|37|4|2|4|4|6|3|0|1|0
RZ1|142|2|Don|4|3|5|6|1|1|0|0|0
RZ1|CHK|142|2|37|4|2|4|3|7|3|0|1|0
RZ1|143|2|Don|4|2|5|7|1|1|0|0|0
RZ1|CHK|143|2|37|4|2|4|2|8|3|0|1|0
[Opponent] Draw 2 Don
RZ1|144|2|Don|5|0|9|9900|1|1|0|0|0
RZ1|CHK|144|2|37|4|2|4|2|7|3|0|1|1
[Opponent] Attach 1 Don to Luffy & Ace ["ST30-001">ST30-001] (1 Total)
[Opponent] Luffy & Ace ["ST30-001">ST30-001] attacking Dracule Mihawk ["OP14-020">OP14-020]
[You] I Know You're Strong... So I'll Go All Out ["OP13-040">OP13-040]: Activate Counter
[You] I Know You're Strong... So I'll Go All Out ["OP13-040">OP13-040]: Rest 1 Don
RZ1|145|1|Don|5|5|5|5|1|1|1|0|0
RZ1|CHK|145|1|32|7|3|4|3|6|3|1|1|1
RZ1|146|1|OP13-040|1|0|6|3|1|1|0|0|0
RZ1|CHK|146|1|32|6|3|4|3|6|4|1|1|1
[You] I Know You're Strong... So I'll Go All Out ["OP13-040">OP13-040]: Buff Dracule Mihawk ["OP14-020">OP14-020] 3000 for the Combat
Luffy & Ace ["ST30-001">ST30-001][7000] vs Dracule Mihawk ["OP14-020">OP14-020][8000]
Attack Fails
RZ1|147|2|Don|5|0|5|0|1|1|1|0|0
RZ1|CHK|147|2|37|4|2|4|2|7|3|0|1|1
RZ1|148|2|Don|5|1|5|1|1|1|1|0|0
RZ1|CHK|148|2|37|4|2|4|2|7|3|0|1|1
RZ1|149|2|Don|5|2|5|2|1|1|1|0|0
RZ1|CHK|149|2|37|4|2|4|2|7|3|0|1|1
RZ1|150|2|Don|5|3|5|3|1|1|1|0|0
RZ1|CHK|150|2|37|4|2|4|2|7|3|0|1|1
RZ1|151|2|Don|5|4|5|4|1|1|1|0|0
RZ1|CHK|151|2|37|4|2|4|2|7|3|0|1|1
[Opponent] Deploy Monkey D. Luffy ["ST21-014">ST21-014]
RZ1|152|2|ST21-014|1|2|2|2|1|1|0|0|0
RZ1|CHK|152|2|37|3|3|4|2|7|3|0|1|1
[Opponent] Monkey D. Luffy ["ST30-012">ST30-012] attacking Dracule Mihawk ["OP14-020">OP14-020]
Monkey D. Luffy ["ST30-012">ST30-012][6000] vs Dracule Mihawk ["OP14-020">OP14-020][5000]
Dracule Mihawk ["OP14-020">OP14-020] hit for 1 damage
RZ1|153|1|OP06-038|3|3|1|6|1|1|0|0|0
RZ1|CHK|153|1|32|7|3|3|3|6|4|1|1|1
[Opponent] Monkey D. Luffy ["ST21-014">ST21-014] attacking Dracule Mihawk ["OP14-020">OP14-020]
[Opponent] Monkey D. Luffy ["ST21-014">ST21-014]: Attach 1 Rested Don to Monkey D. Luffy ["ST21-014">ST21-014]
RZ1|154|2|Don|5|0|9|200|1|1|1|0|0
RZ1|CHK|154|2|37|3|3|4|2|6|3|0|1|2
Monkey D. Luffy ["ST21-014">ST21-014][6000] vs Dracule Mihawk ["OP14-020">OP14-020][5000]
Dracule Mihawk ["OP14-020">OP14-020] hit for 1 damage
RZ1|155|1|OP07-022|3|2|1|7|1|1|0|0|0
RZ1|CHK|155|1|32|8|3|2|3|6|4|1|1|1
[Opponent] Monkey D. Luffy ["ST21-014">ST21-014] attacking Dracule Mihawk ["OP14-020">OP14-020]
[Opponent] Monkey D. Luffy ["ST21-014">ST21-014]: Attach 1 Rested Don to Luffy & Ace ["ST30-001">ST30-001]
RZ1|156|2|Don|5|0|9|9901|1|1|1|0|0
RZ1|CHK|156|2|37|3|3|4|2|5|3|0|1|3
[You] Discard Perona ["OP12-034">OP12-034] for Counter 1000
RZ1|157|1|OP12-034|1|1|6|4|1|1|0|0|0
RZ1|CHK|157|1|32|7|3|2|3|6|5|1|1|1
[You] Discard Otama ["OP07-022">OP07-022] for Counter 2000
RZ1|158|1|OP07-022|1|6|6|5|1|1|0|0|0
RZ1|CHK|158|1|32|6|3|2|3|6|6|1|1|1
Monkey D. Luffy ["ST21-014">ST21-014][7000] vs Dracule Mihawk ["OP14-020">OP14-020][8000]
Attack Fails
[] Hand: [OP01-016,OP04-016,OP04-016]
[] Board: [ST30-012,ST21-014,ST21-014]
[] Trash: [OP12-015,OP12-015,OP13-040]
[] Life: 4
[] Hand: [OP13-031,OP06-038,OP13-031,OP13-031,ST32-003,OP06-038]
[] Trash: [OP17-022,OP07-022,OP12-023,OP13-040,OP12-034,OP07-022]
[] Board: [ST32-001,ST32-002,OP17-031]
[] Life: 2
[Opponent] End Turn
[] Hand: [OP13-031,OP06-038,OP13-031,OP13-031,ST32-003,OP06-038]
[] Board: [ST32-001,ST32-002,OP17-031]
[] Trash: [OP17-022,OP07-022,OP12-023,OP13-040,OP12-034,OP07-022]
[] Life: 2
[] Hand: [OP01-016,OP04-016,OP04-016]
[] Trash: [OP12-015,OP12-015,OP13-040]
[] Board: [ST30-012,ST21-014,ST21-014]
[] Life: 4
RZ1|159|1|Don|9|9900|5|0|1|1|1|0|0
RZ1|CHK|159|1|32|6|3|2|3|7|6|1|1|0
[You] Draw 1 Card
[] Drew card from deck: Vander Decken IX ["OP06-033">OP06-033]
RZ1|160|1|OP06-033|0|31|1|6|1|1|0|0|0
RZ1|CHK|160|1|31|7|3|2|3|7|6|1|1|0
RZ1|161|1|Don|4|2|5|7|1|1|0|0|0
RZ1|CHK|161|1|31|7|3|2|2|8|6|1|1|0
RZ1|162|1|Don|4|1|5|8|1|1|0|0|0
RZ1|CHK|162|1|31|7|3|2|1|9|6|1|1|0
[You] Draw 2 Don
RZ1|163|1|Don|5|0|5|0|1|1|1|0|0
RZ1|CHK|163|1|31|7|3|2|1|9|6|1|1|0
RZ1|164|1|Don|5|1|5|1|1|1|1|0|0
RZ1|CHK|164|1|31|7|3|2|1|9|6|1|1|0
RZ1|165|1|Don|5|2|5|2|1|1|1|0|0
RZ1|CHK|165|1|31|7|3|2|1|9|6|1|1|0
RZ1|166|1|Don|5|3|5|3|1|1|1|0|0
RZ1|CHK|166|1|31|7|3|2|1|9|6|1|1|0
RZ1|167|1|Don|5|4|5|4|1|1|1|0|0
RZ1|CHK|167|1|31|7|3|2|1|9|6|1|1|0
RZ1|168|1|Don|5|5|5|5|1|1|1|0|0
RZ1|CHK|168|1|31|7|3|2|1|9|6|1|1|0
[You] Deploy Dracule Mihawk ["ST32-003">ST32-003]
RZ1|169|1|ST32-003|1|4|2|3|1|1|0|0|0
RZ1|CHK|169|1|31|6|4|2|1|9|6|1|1|0
RZ1|170|1|Don|5|6|5|6|1|1|1|0|0
RZ1|CHK|170|1|31|6|4|2|1|9|6|1|1|0
RZ1|171|1|Don|5|7|5|7|1|1|1|0|0
RZ1|CHK|171|1|31|6|4|2|1|9|6|1|1|0
[You] Deploy Vander Decken IX ["OP06-033">OP06-033]
RZ1|172|1|OP06-033|1|5|2|4|1|1|0|0|0
RZ1|CHK|172|1|31|5|5|2|1|9|6|1|1|0
RZ1|173|1|Don|5|8|9|9900|1|1|0|0|0
RZ1|CHK|173|1|31|5|5|2|1|8|6|1|1|1
[You] Attach 1 Don to Dracule Mihawk ["OP14-020">OP14-020] (1 Total)
[You] Coffin Boat ["OP14-039">OP14-039]: Activate 1 Don
RZ1|174|1|Don|5|7|5|7|1|1|0|0|0
RZ1|CHK|174|1|31|5|5|2|1|8|6|1|1|1
[] Hand: [OP13-031,OP06-038,OP13-031,OP13-031,OP06-038]
[] Board: [ST32-001,ST32-002,OP17-031,ST32-003,OP06-033]
[] Trash: [OP17-022,OP07-022,OP12-023,OP13-040,OP12-034,OP07-022]
[] Life: 2
[] Hand: [OP01-016,OP04-016,OP04-016]
[] Trash: [OP12-015,OP12-015,OP13-040]
[] Board: [ST30-012,ST21-014,ST21-014]
[] Life: 4
[You] End Turn
[] Hand: [OP01-016,OP04-016,OP04-016]
[] Board: [ST30-012,ST21-014,ST21-014]
[] Trash: [OP12-015,OP12-015,OP13-040]
[] Life: 4
[] Hand: [OP13-031,OP06-038,OP13-031,OP13-031,OP06-038]
[] Trash: [OP17-022,OP07-022,OP12-023,OP13-040,OP12-034,OP07-022]
[] Board: [ST32-001,ST32-002,OP17-031,ST32-003,OP06-033]
[] Life: 2
RZ1|175|2|Don|9|9900|5|0|1|1|1|0|0
RZ1|CHK|175|2|37|3|3|4|2|6|3|0|1|2
RZ1|176|2|Don|9|9900|5|0|1|1|1|0|0
RZ1|CHK|176|2|37|3|3|4|2|7|3|0|1|1
RZ1|177|2|Don|9|200|5|0|1|1|1|0|0
RZ1|CHK|177|2|37|3|3|4|2|8|3|0|1|0
[Opponent] Draw 1 Card
[] Drew card from deck: Thousand Sunny ["ST31-005">ST31-005]
RZ1|178|2|ST31-005|0|36|1|3|1|1|0|0|0
RZ1|CHK|178|2|36|4|3|4|2|8|3|0|1|0
RZ1|179|2|Don|4|1|5|8|1|1|0|0|0
RZ1|CHK|179|2|36|4|3|4|1|9|3|0|1|0
RZ1|180|2|Don|4|0|5|9|1|1|0|0|0
RZ1|CHK|180|2|36|4|3|4|0|10|3|0|1|0
[Opponent] Draw 2 Don
RZ1|181|2|Don|5|0|9|9900|1|1|0|0|0
RZ1|CHK|181|2|36|4|3|4|0|9|3|0|1|1
RZ1|182|2|Don|5|0|9|9901|1|1|0|0|0
RZ1|CHK|182|2|36|4|3|4|0|8|3|0|1|2
[Opponent] Attach 2 Don to Luffy & Ace ["ST30-001">ST30-001] (2 Total)
RZ1|183|2|Don|5|0|9|9902|1|1|0|0|0
RZ1|CHK|183|2|36|4|3|4|0|7|3|0|1|3
RZ1|184|2|Don|5|0|9|9903|1|1|0|0|0
RZ1|CHK|184|2|36|4|3|4|0|6|3|0|1|4
[Opponent] Attach 2 Don to Luffy & Ace ["ST30-001">ST30-001] (4 Total)
RZ1|185|2|Don|5|0|9|9904|1|1|0|0|0
RZ1|CHK|185|2|36|4|3|4|0|5|3|0|1|5
[Opponent] Attach 1 Don to Luffy & Ace ["ST30-001">ST30-001] (5 Total)
[Opponent] Luffy & Ace ["ST30-001">ST30-001] attacking Dracule Mihawk ["OP14-020">OP14-020]
Luffy & Ace ["ST30-001">ST30-001][11000] vs Dracule Mihawk ["OP14-020">OP14-020][5000]
Dracule Mihawk ["OP14-020">OP14-020] hit for 1 damage
RZ1|186|1|OP12-034|3|1|1|5|1|1|0|0|0
RZ1|CHK|186|1|31|6|5|1|1|8|6|1|1|1
RZ1|187|2|Don|5|0|9|0|1|1|0|0|0
RZ1|CHK|187|2|36|4|3|4|0|4|3|0|1|6
[Opponent] Attach 1 Don to Monkey D. Luffy ["ST30-012">ST30-012] (1 Total)
[Opponent] Monkey D. Luffy ["ST30-012">ST30-012] attacking Dracule Mihawk ["OP14-020">OP14-020]
[You] Billion-fold World Trichiliocosm ["OP06-038">OP06-038]: Activate Counter
[You] Billion-fold World Trichiliocosm ["OP06-038">OP06-038]: Rest 1 Don
RZ1|188|1|Don|5|7|5|7|1|1|1|0|0
RZ1|CHK|188|1|31|6|5|1|1|8|6|1|1|1
RZ1|189|1|OP06-038|1|1|6|6|1|1|0|0|0
RZ1|CHK|189|1|31|5|5|1|1|8|7|1|1|1
[You] Billion-fold World Trichiliocosm ["OP06-038">OP06-038]: Buff Dracule Mihawk ["OP14-020">OP14-020] 2000 for the Combat
[You] Billion-fold World Trichiliocosm ["OP06-038">OP06-038]: Buff Dracule Mihawk ["OP14-020">OP14-020] 2000 for the Combat
Monkey D. Luffy ["ST30-012">ST30-012][7000] vs Dracule Mihawk ["OP14-020">OP14-020][9000]
Attack Fails
RZ1|190|2|Don|5|0|9|100|1|1|0|0|0
RZ1|CHK|190|2|36|4|3|4|0|3|3|0|1|7
[Opponent] Attach 1 Don to Monkey D. Luffy ["ST21-014">ST21-014] (1 Total)
[Opponent] Monkey D. Luffy ["ST21-014">ST21-014] attacking Dracule Mihawk ["OP14-020">OP14-020]
Monkey D. Luffy ["ST21-014">ST21-014][7000] vs Dracule Mihawk ["OP14-020">OP14-020][5000]
Dracule Mihawk ["OP14-020">OP14-020] hit for 1 damage
RZ1|191|1|OP17-022|3|0|1|5|1|1|0|0|0
RZ1|CHK|191|1|31|6|5|0|1|8|7|1|1|1
[] Hand: [OP01-016,OP04-016,OP04-016,ST31-005]
[] Board: [ST30-012,ST21-014,ST21-014]
[] Trash: [OP12-015,OP12-015,OP13-040]
[] Life: 4
[] Hand: [OP13-031,OP13-031,OP13-031,OP06-038,OP12-034,OP17-022]
[] Trash: [OP17-022,OP07-022,OP12-023,OP13-040,OP12-034,OP07-022,OP06-038]
[] Board: [ST32-001,ST32-002,OP17-031,ST32-003,OP06-033]
[] Life: 0
[Opponent] End Turn
[] Hand: [OP13-031,OP13-031,OP13-031,OP06-038,OP12-034,OP17-022]
[] Board: [ST32-001,ST32-002,OP17-031,ST32-003,OP06-033]
[] Trash: [OP17-022,OP07-022,OP12-023,OP13-040,OP12-034,OP07-022,OP06-038]
[] Life: 0
[] Hand: [OP01-016,OP04-016,OP04-016,ST31-005]
[] Trash: [OP12-015,OP12-015,OP13-040]
[] Board: [ST30-012,ST21-014,ST21-014]
[] Life: 4
RZ1|192|1|Don|9|9900|5|0|1|1|1|0|0
RZ1|CHK|192|1|31|6|5|0|1|9|7|1|1|0
[You] Draw 1 Card
[] Drew card from deck: Billion-fold World Trichiliocosm ["OP06-038">OP06-038]
RZ1|193|1|OP06-038|0|30|1|6|1|1|0|0|0
RZ1|CHK|193|1|30|7|5|0|1|9|7|1|1|0
RZ1|194|1|Don|4|0|5|9|1|1|0|0|0
RZ1|CHK|194|1|30|7|5|0|0|10|7|1|1|0
[You] Draw 2 Don
RZ1|195|1|Don|5|0|5|0|1|1|1|0|0
RZ1|CHK|195|1|30|7|5|0|0|10|7|1|1|0
RZ1|196|1|Don|5|1|5|1|1|1|1|0|0
RZ1|CHK|196|1|30|7|5|0|0|10|7|1|1|0
RZ1|197|1|Don|5|2|5|2|1|1|1|0|0
RZ1|CHK|197|1|30|7|5|0|0|10|7|1|1|0
RZ1|198|1|Don|5|3|5|3|1|1|1|0|0
RZ1|CHK|198|1|30|7|5|0|0|10|7|1|1|0
RZ1|199|1|Don|5|4|5|4|1|1|1|0|0
RZ1|CHK|199|1|30|7|5|0|0|10|7|1|1|0
RZ1|200|1|Don|5|5|5|5|1|1|1|0|0
RZ1|CHK|200|1|30|7|5|0|0|10|7|1|1|0
[You] Trash Kin'emon ["ST32-001">ST32-001]
[You] Deploy Trafalgar Law ["OP13-031">OP13-031]
RZ1|201|1|ST32-001|2|0|6|7|1|1|0|0|0
RZ1|CHK|201|1|30|7|4|0|0|10|8|1|1|0
RZ1|202|1|OP13-031|1|0|2|4|1|1|0|0|0
RZ1|CHK|202|1|30|6|5|0|0|10|8|1|1|0
[You] Trafalgar Law ["OP13-031">OP13-031]: Return Vander Decken IX ["OP06-033">OP06-033] to Hand
RZ1|203|1|OP06-033|2|3|1|6|1|1|0|0|0
RZ1|CHK|203|1|30|7|4|0|0|10|8|1|1|0
RZ1|204|1|OP06-033|1|6|2|4|1|1|1|0|0
RZ1|CHK|204|1|30|6|5|0|0|10|8|1|1|0
[You] Trafalgar Law ["OP13-031">OP13-031]: Deploy Vander Decken IX ["OP06-033">OP06-033]
RZ1|205|1|Don|5|6|5|6|1|1|1|0|0
RZ1|CHK|205|1|30|6|5|0|0|10|8|1|1|0
[You] Trash Vander Decken IX ["OP06-033">OP06-033]
[You] Deploy Perona ["OP12-034">OP12-034]
RZ1|206|1|OP06-033|2|4|6|8|1|1|0|0|0
RZ1|CHK|206|1|30|6|4|0|0|10|9|1|1|0
RZ1|207|1|OP12-034|1|3|2|4|1|1|0|0|0
RZ1|CHK|207|1|30|5|5|0|0|10|9|1|1|0
RZ1|208|1|OP08-036|0|28|1|5|1|1|0|0|0
RZ1|CHK|208|1|29|6|5|0|0|10|9|1|1|0
[You] Perona ["OP12-034">OP12-034]: <b>Reveal and Draw Electrical Luna ["OP08-036">OP08-036]</b>
[You] Placing Cards on Bottom of Deck
RZ1|209|1|OP17-031|0|28|0|0|0|0|0|0|0
RZ1|CHK|209|1|29|6|5|0|0|10|9|1|1|0
RZ1|210|1|OP17-031|0|28|0|0|0|0|0|0|0
RZ1|CHK|210|1|29|6|5|0|0|10|9|1|1|0
RZ1|211|1|OP12-023|0|28|0|0|0|0|0|0|0
RZ1|CHK|211|1|29|6|5|0|0|10|9|1|1|0
RZ1|212|1|ST32-002|0|28|0|0|0|0|0|0|0
RZ1|CHK|212|1|29|6|5|0|0|10|9|1|1|0
[You] Coffin Boat ["OP14-039">OP14-039]: Activate 1 Don
RZ1|213|1|Don|5|6|5|6|1|1|0|0|0
RZ1|CHK|213|1|29|6|5|0|0|10|9|1|1|0
[] Hand: [OP13-031,OP13-031,OP06-038,OP17-022,OP06-038,OP08-036]
[] Board: [ST32-002,OP17-031,ST32-003,OP13-031,OP12-034]
[] Trash: [OP17-022,OP07-022,OP12-023,OP13-040,OP12-034,OP07-022,OP06-038,ST32-001,OP06-033]
[] Life: 0
[] Hand: [OP01-016,OP04-016,OP04-016,ST31-005]
[] Trash: [OP12-015,OP12-015,OP13-040]
[] Board: [ST30-012,ST21-014,ST21-014]
[] Life: 4
[You] End Turn
[] Hand: [OP01-016,OP04-016,OP04-016,ST31-005]
[] Board: [ST30-012,ST21-014,ST21-014]
[] Trash: [OP12-015,OP12-015,OP13-040]
[] Life: 4
[] Hand: [OP13-031,OP13-031,OP06-038,OP17-022,OP06-038,OP08-036]
[] Trash: [OP17-022,OP07-022,OP12-023,OP13-040,OP12-034,OP07-022,OP06-038,ST32-001,OP06-033]
[] Board: [ST32-002,OP17-031,ST32-003,OP13-031,OP12-034]
[] Life: 0
RZ1|214|2|Don|9|9900|5|0|1|1|1|0|0
RZ1|CHK|214|2|36|4|3|4|0|4|3|0|1|6
RZ1|215|2|Don|9|9900|5|0|1|1|1|0|0
RZ1|CHK|215|2|36|4|3|4|0|5|3|0|1|5
RZ1|216|2|Don|9|9900|5|0|1|1|1|0|0
RZ1|CHK|216|2|36|4|3|4|0|6|3|0|1|4
RZ1|217|2|Don|9|9900|5|0|1|1|1|0|0
RZ1|CHK|217|2|36|4|3|4|0|7|3|0|1|3
RZ1|218|2|Don|9|9900|5|0|1|1|1|0|0
RZ1|CHK|218|2|36|4|3|4|0|8|3|0|1|2
RZ1|219|2|Don|9|0|5|0|1|1|1|0|0
RZ1|CHK|219|2|36|4|3|4|0|9|3|0|1|1
RZ1|220|2|Don|9|100|5|0|1|1|1|0|0
RZ1|CHK|220|2|36|4|3|4|0|10|3|0|1|0
[Opponent] Draw 1 Card
[] Drew card from deck: Sanji ["ST31-001">ST31-001]
RZ1|221|2|ST31-001|0|35|1|4|1|1|0|0|0
RZ1|CHK|221|2|35|5|3|4|0|10|3|0|1|0
RZ1|222|2|Don|5|0|9|0|1|1|0|0|0
RZ1|CHK|222|2|35|5|3|4|0|9|3|0|1|1
[Opponent] Attach 1 Don to Monkey D. Luffy ["ST30-012">ST30-012] (1 Total)
[Opponent] Monkey D. Luffy ["ST30-012">ST30-012] attacking Dracule Mihawk ["OP14-020">OP14-020]
[Opponent] Monkey D. Luffy ["ST30-012">ST30-012]: Rest Trafalgar Law ["OP13-031">OP13-031]
[You] Billion-fold World Trichiliocosm ["OP06-038">OP06-038]: Activate Counter
[You] Billion-fold World Trichiliocosm ["OP06-038">OP06-038]: Rest 1 Don
RZ1|223|1|Don|5|6|5|6|1|1|1|0|0
RZ1|CHK|223|1|29|6|5|0|0|10|9|1|1|0
RZ1|224|1|OP06-038|1|2|6|9|1|1|0|0|0
RZ1|CHK|224|1|29|5|5|0|0|10|10|1|1|0
[You] Billion-fold World Trichiliocosm ["OP06-038">OP06-038]: Buff Dracule Mihawk ["OP14-020">OP14-020] 2000 for the Combat
[You] Billion-fold World Trichiliocosm ["OP06-038">OP06-038]: Buff Dracule Mihawk ["OP14-020">OP14-020] 2000 for the Combat
Monkey D. Luffy ["ST30-012">ST30-012][7000] vs Dracule Mihawk ["OP14-020">OP14-020][9000]
Attack Fails
RZ1|225|2|Don|5|0|9|9900|1|1|0|0|0
RZ1|CHK|225|2|35|5|3|4|0|8|3|0|1|2
[Opponent] Attach 1 Don to Luffy & Ace ["ST30-001">ST30-001] (1 Total)
[Opponent] Luffy & Ace ["ST30-001">ST30-001] attacking Dracule Mihawk ["OP14-020">OP14-020]
Luffy & Ace ["ST30-001">ST30-001][7000] vs Dracule Mihawk ["OP14-020">OP14-020][5000]
Dracule Mihawk ["OP14-020">OP14-020] hit for 1 damage
[You] <b>Downloaded the Combat Log!</b>
GameOver