Version is 1.43a.1
[You] Leader is Dracule Mihawk ["OP14-020">OP14-020]
[Opponent] Leader is Monkey D. Luffy ["OP13-001">OP13-001]
RZ1|11|2|OP13-037|0|22|0|0|0|0|0|0|0
RZ1|CHK|11|2|50|0|0|0|10|0|0|0|1|0
RZ1|12|2|OP05-038|0|42|0|1|0|0|0|0|0
RZ1|CHK|12|2|50|0|0|0|10|0|0|0|1|0
RZ1|13|2|ST31-005|0|46|0|2|0|0|0|0|0
RZ1|CHK|13|2|50|0|0|0|10|0|0|0|1|0
RZ1|14|2|OP13-040|0|43|0|3|0|0|0|0|0
RZ1|CHK|14|2|50|0|0|0|10|0|0|0|1|0
RZ1|15|2|OP05-038|0|46|0|4|0|0|0|0|0
RZ1|CHK|15|2|50|0|0|0|10|0|0|0|1|0
RZ1|16|2|OP16-004|0|16|0|5|0|0|0|0|0
RZ1|CHK|16|2|50|0|0|0|10|0|0|0|1|0
RZ1|17|2|OP14-031|0|33|0|6|0|0|0|0|0
RZ1|CHK|17|2|50|0|0|0|10|0|0|0|1|0
RZ1|18|2|OP10-011|0|12|0|7|0|0|0|0|0
RZ1|CHK|18|2|50|0|0|0|10|0|0|0|1|0
RZ1|19|2|ST31-005|0|49|0|8|0|0|0|0|0
RZ1|CHK|19|2|50|0|0|0|10|0|0|0|1|0
RZ1|20|2|OP13-118|0|40|0|9|0|0|0|0|0
RZ1|CHK|20|2|50|0|0|0|10|0|0|0|1|0
RZ1|21|2|OP13-027|0|39|0|10|0|0|0|0|0
RZ1|CHK|21|2|50|0|0|0|10|0|0|0|1|0
RZ1|22|2|EB04-007|0|16|0|11|0|0|0|0|0
RZ1|CHK|22|2|50|0|0|0|10|0|0|0|1|0
RZ1|23|2|ST31-005|0|48|0|12|0|0|0|0|0
RZ1|CHK|23|2|50|0|0|0|10|0|0|0|1|0
RZ1|24|2|EB04-007|0|19|0|13|0|0|0|0|0
RZ1|CHK|24|2|50|0|0|0|10|0|0|0|1|0
RZ1|25|2|OP16-004|0|21|0|15|0|0|0|0|0
RZ1|CHK|25|2|50|0|0|0|10|0|0|0|1|0
RZ1|26|2|OP13-037|0|30|0|16|0|0|0|0|0
RZ1|CHK|26|2|50|0|0|0|10|0|0|0|1|0
RZ1|27|2|OP14-031|0|37|0|17|0|0|0|0|0
RZ1|CHK|27|2|50|0|0|0|10|0|0|0|1|0
RZ1|28|2|OP14-022|0|35|0|18|0|0|0|0|0
RZ1|CHK|28|2|50|0|0|0|10|0|0|0|1|0
RZ1|29|2|OP05-038|0|47|0|19|0|0|0|0|0
RZ1|CHK|29|2|50|0|0|0|10|0|0|0|1|0
RZ1|30|2|OP13-040|0|46|0|20|0|0|0|0|0
RZ1|CHK|30|2|50|0|0|0|10|0|0|0|1|0
RZ1|31|2|OP13-040|0|47|0|21|0|0|0|0|0
RZ1|CHK|31|2|50|0|0|0|10|0|0|0|1|0
RZ1|32|2|OP15-035|0|33|0|22|0|0|0|0|0
RZ1|CHK|32|2|50|0|0|0|10|0|0|0|1|0
RZ1|33|2|EB04-007|0|27|0|23|0|0|0|0|0
RZ1|CHK|33|2|50|0|0|0|10|0|0|0|1|0
RZ1|34|2|EB04-007|0|28|0|24|0|0|0|0|0
RZ1|CHK|34|2|50|0|0|0|10|0|0|0|1|0
RZ1|35|2|EB02-017|0|30|0|25|0|0|0|0|0
RZ1|CHK|35|2|50|0|0|0|10|0|0|0|1|0
RZ1|36|2|OP14-022|0|38|0|26|0|0|0|0|0
RZ1|CHK|36|2|50|0|0|0|10|0|0|0|1|0
RZ1|37|2|OP16-004|0|31|0|27|0|0|0|0|0
RZ1|CHK|37|2|50|0|0|0|10|0|0|0|1|0
RZ1|38|2|OP14-022|0|38|0|28|0|0|0|0|0
RZ1|CHK|38|2|50|0|0|0|10|0|0|0|1|0
RZ1|39|2|OP15-035|0|36|0|29|0|0|0|0|0
RZ1|CHK|39|2|50|0|0|0|10|0|0|0|1|0
RZ1|40|2|OP13-027|0|41|0|30|0|0|0|0|0
RZ1|CHK|40|2|50|0|0|0|10|0|0|0|1|0
RZ1|41|2|OP13-118|0|45|0|31|0|0|0|0|0
RZ1|CHK|41|2|50|0|0|0|10|0|0|0|1|0
RZ1|42|2|EB02-017|0|37|0|32|0|0|0|0|0
RZ1|CHK|42|2|50|0|0|0|10|0|0|0|1|0
RZ1|43|2|OP14-031|0|42|0|33|0|0|0|0|0
RZ1|CHK|43|2|50|0|0|0|10|0|0|0|1|0
RZ1|44|2|ST21-003|0|37|0|34|0|0|0|0|0
RZ1|CHK|44|2|50|0|0|0|10|0|0|0|1|0
RZ1|45|2|OP15-032|0|46|0|35|0|0|0|0|0
RZ1|CHK|45|2|50|0|0|0|10|0|0|0|1|0
RZ1|46|2|OP13-040|0|47|0|36|0|0|0|0|0
RZ1|CHK|46|2|50|0|0|0|10|0|0|0|1|0
RZ1|47|2|EB02-017|0|41|0|37|0|0|0|0|0
RZ1|CHK|47|2|50|0|0|0|10|0|0|0|1|0
RZ1|48|2|OP01-016|0|40|0|38|0|0|0|0|0
RZ1|CHK|48|2|50|0|0|0|10|0|0|0|1|0
RZ1|49|2|OP01-016|0|40|0|39|0|0|0|0|0
RZ1|CHK|49|2|50|0|0|0|10|0|0|0|1|0
RZ1|50|2|OP15-035|0|42|0|40|0|0|0|0|0
RZ1|CHK|50|2|50|0|0|0|10|0|0|0|1|0
RZ1|51|2|EB02-017|0|42|0|41|0|0|0|0|0
RZ1|CHK|51|2|50|0|0|0|10|0|0|0|1|0
RZ1|52|2|OP14-022|0|44|0|42|0|0|0|0|0
RZ1|CHK|52|2|50|0|0|0|10|0|0|0|1|0
RZ1|53|2|OP05-038|0|48|0|43|0|0|0|0|0
RZ1|CHK|53|2|50|0|0|0|10|0|0|0|1|0
RZ1|54|2|OP13-027|0|46|0|44|0|0|0|0|0
RZ1|CHK|54|2|50|0|0|0|10|0|0|0|1|0
RZ1|55|2|OP13-118|0|48|0|45|0|0|0|0|0
RZ1|CHK|55|2|50|0|0|0|10|0|0|0|1|0
RZ1|56|2|ST31-005|0|49|0|48|0|0|0|0|0
RZ1|CHK|56|2|50|0|0|0|10|0|0|0|1|0
[] Drew card from deck: Kawamatsu ["OP12-023">OP12-023]
RZ1|57|1|OP12-023|0|49|1|0|1|1|0|0|0
RZ1|CHK|57|1|49|1|0|0|10|0|0|0|1|0
[] Drew card from deck: Kouzuki Oden ["ST32-002">ST32-002]
RZ1|58|1|ST32-002|0|48|1|1|1|1|0|0|0
RZ1|CHK|58|1|48|2|0|0|10|0|0|0|1|0
[] Drew card from deck: Perona ["OP12-034">OP12-034]
RZ1|59|1|OP12-034|0|47|1|2|1|1|0|0|0
RZ1|CHK|59|1|47|3|0|0|10|0|0|0|1|0
[] Drew card from deck: Kawamatsu ["OP12-023">OP12-023]
RZ1|60|1|OP12-023|0|46|1|3|1|1|0|0|0
RZ1|CHK|60|1|46|4|0|0|10|0|0|0|1|0
[] Drew card from deck: You Can Be My Samurai!!! ["OP01-055">OP01-055]
RZ1|61|1|OP01-055|0|45|1|4|1|1|0|0|0
RZ1|CHK|61|1|45|5|0|0|10|0|0|0|1|0
[] Drew card from deck: Sanji ["OP13-027">OP13-027]
RZ1|62|2|OP13-027|0|49|1|0|1|1|0|0|0
RZ1|CHK|62|2|49|1|0|0|10|0|0|0|1|0
[] Drew card from deck: Thousand Sunny ["ST31-005">ST31-005]
RZ1|63|2|ST31-005|0|48|1|1|1|1|0|0|0
RZ1|CHK|63|2|48|2|0|0|10|0|0|0|1|0
[] Drew card from deck: Roronoa Zoro ["OP13-037">OP13-037]
RZ1|64|2|OP13-037|0|47|1|2|1|1|0|0|0
RZ1|CHK|64|2|47|3|0|0|10|0|0|0|1|0
[] Drew card from deck: Nami ["OP01-016">OP01-016]
RZ1|65|2|OP01-016|0|46|1|3|1|1|0|0|0
RZ1|CHK|65|2|46|4|0|0|10|0|0|0|1|0
[] Drew card from deck: Monkey D. Luffy ["OP13-118">OP13-118]
RZ1|66|2|OP13-118|0|45|1|4|1|1|0|0|0
RZ1|CHK|66|2|45|5|0|0|10|0|0|0|1|0
RZ1|67|1|OP17-031|0|44|3|0|1|0|0|0|0
RZ1|CHK|67|1|44|5|0|1|10|0|0|0|1|0
RZ1|68|1|OP06-033|0|43|3|1|1|0|0|0|0
RZ1|CHK|68|1|43|5|0|2|10|0|0|0|1|0
RZ1|69|1|OP06-038|0|42|3|2|1|0|0|0|0
RZ1|CHK|69|1|42|5|0|3|10|0|0|0|1|0
RZ1|70|1|OP12-023|0|41|3|3|1|0|0|0|0
RZ1|CHK|70|1|41|5|0|4|10|0|0|0|1|0
RZ1|71|1|OP13-031|0|40|3|4|1|0|0|0|0
RZ1|CHK|71|1|40|5|0|5|10|0|0|0|1|0
RZ1|72|2|OP13-027|0|44|3|0|0|1|0|0|0
RZ1|CHK|72|2|44|5|0|1|10|0|0|0|1|0
RZ1|73|2|OP05-038|0|43|3|1|0|1|0|0|0
RZ1|CHK|73|2|43|5|0|2|10|0|0|0|1|0
RZ1|74|2|OP14-022|0|42|3|2|0|1|0|0|0
RZ1|CHK|74|2|42|5|0|3|10|0|0|0|1|0
RZ1|75|2|EB02-017|0|41|3|3|0|1|0|0|0
RZ1|CHK|75|2|41|5|0|4|10|0|0|0|1|0
[] Hand: [OP12-023,ST32-002,OP12-034,OP12-023,OP01-055]
[] Board: []
[] Trash: []
[] Life: 5
[] Hand: [OP13-027,ST31-005,OP13-037,OP01-016,OP13-118]
[] Trash: []
[] Board: []
[] Life: 4
RZ1|76|1|Don|4|9|5|0|1|1|0|0|0
RZ1|CHK|76|1|40|5|0|5|9|1|0|0|1|0
[You] Draw 1 Don
RZ1|77|1|Don|5|0|5|0|1|1|1|0|0
RZ1|CHK|77|1|40|5|0|5|9|1|0|0|1|0
[You] Deploy Perona ["OP12-034">OP12-034]
RZ1|78|1|OP12-034|1|2|2|0|1|1|0|0|0
RZ1|CHK|78|1|40|4|1|5|9|1|0|0|1|0
RZ1|79|1|ST32-002|0|36|1|4|1|1|0|0|0
RZ1|CHK|79|1|39|5|1|5|9|1|0|0|1|0
[You] Perona ["OP12-034">OP12-034]: <b>Reveal and Draw Kouzuki Oden ["ST32-002">ST32-002]</b>
[You] Placing Cards on Bottom of Deck
RZ1|80|1|OP08-036|0|38|0|0|0|0|0|0|0
RZ1|CHK|80|1|39|5|1|5|9|1|0|0|1|0
RZ1|81|1|OP14-039|0|38|0|0|0|0|0|0|0
RZ1|CHK|81|1|39|5|1|5|9|1|0|0|1|0
RZ1|82|1|ST32-003|0|38|0|0|0|0|0|0|0
RZ1|CHK|82|1|39|5|1|5|9|1|0|0|1|0
RZ1|83|1|ST32-002|0|38|0|0|0|0|0|0|0
RZ1|CHK|83|1|39|5|1|5|9|1|0|0|1|0
[] Hand: [OP12-023,ST32-002,OP12-023,OP01-055,ST32-002]
[] Board: [OP12-034]
[] Trash: []
[] Life: 5
[] Hand: [OP13-027,ST31-005,OP13-037,OP01-016,OP13-118]
[] Trash: []
[] Board: []
[] Life: 4
[You] End Turn
[] Hand: [OP13-027,ST31-005,OP13-037,OP01-016,OP13-118]
[] Board: []
[] Trash: []
[] Life: 4
[] Hand: [OP12-023,ST32-002,OP12-023,OP01-055,ST32-002]
[] Trash: []
[] Board: [OP12-034]
[] Life: 5
[Opponent] Draw 1 Card
[] Drew card from deck: Laboon ["OP15-035">OP15-035]
RZ1|84|2|OP15-035|0|40|1|5|1|1|0|0|0
RZ1|CHK|84|2|40|6|0|4|10|0|0|0|1|0
RZ1|85|2|Don|4|9|5|0|1|1|0|0|0
RZ1|CHK|85|2|40|6|0|4|9|1|0|0|1|0
RZ1|86|2|Don|4|8|5|1|1|1|0|0|0
RZ1|CHK|86|2|40|6|0|4|8|2|0|0|1|0
[Opponent] Draw 2 Don
RZ1|87|2|Don|5|0|5|0|1|1|1|0|0
RZ1|CHK|87|2|40|6|0|4|8|2|0|0|1|0
[Opponent] Deploy Thousand Sunny ["ST31-005">ST31-005]
RZ1|88|2|ST31-005|1|1|7|0|1|1|0|0|0
RZ1|CHK|88|2|40|5|0|4|8|2|0|1|1|0
RZ1|89|2|OP01-016|0|39|1|5|1|1|0|0|0
RZ1|CHK|89|2|39|6|0|4|8|2|0|1|1|0
[Opponent] Thousand Sunny ["ST31-005">ST31-005]: <b>Reveal and Draw Nami ["OP01-016">OP01-016]</b>
[Opponent] Placing Cards on Bottom of Deck
RZ1|90|2|OP01-016|0|38|0|0|0|0|0|0|0
RZ1|CHK|90|2|39|6|0|4|8|2|0|1|1|0
RZ1|91|2|EB02-017|0|38|0|0|0|0|0|0|0
RZ1|CHK|91|2|39|6|0|4|8|2|0|1|1|0
RZ1|92|2|OP13-040|0|38|0|0|0|0|0|0|0
RZ1|CHK|92|2|39|6|0|4|8|2|0|1|1|0
RZ1|93|2|OP15-032|0|38|0|0|0|0|0|0|0
RZ1|CHK|93|2|39|6|0|4|8|2|0|1|1|0
RZ1|94|2|Don|5|1|5|1|1|1|1|0|0
RZ1|CHK|94|2|39|6|0|4|8|2|0|1|1|0
[Opponent] Deploy Nami ["OP01-016">OP01-016]
RZ1|95|2|OP01-016|1|2|2|0|1|1|0|0|0
RZ1|CHK|95|2|39|5|1|4|8|2|0|1|1|0
[Opponent] Nami ["OP01-016">OP01-016]: <b>Reveal and Draw Sanji ["ST21-003">ST21-003]</b>
RZ1|96|2|ST21-003|0|38|1|5|1|1|0|0|0
RZ1|CHK|96|2|38|6|1|4|8|2|0|1|1|0
RZ1|97|2|OP14-031|0|37|0|0|0|0|0|0|0
RZ1|CHK|97|2|38|6|1|4|8|2|0|1|1|0
RZ1|98|2|EB02-017|0|37|0|0|0|0|0|0|0
RZ1|CHK|98|2|38|6|1|4|8|2|0|1|1|0
RZ1|99|2|OP13-118|0|37|0|0|0|0|0|0|0
RZ1|CHK|99|2|38|6|1|4|8|2|0|1|1|0
RZ1|100|2|OP13-027|0|37|0|0|0|0|0|0|0
RZ1|CHK|100|2|38|6|1|4|8|2|0|1|1|0
[] Hand: [OP13-027,OP13-037,OP13-118,OP15-035,OP01-016,ST21-003]
[] Board: [OP01-016]
[] Trash: []
[] Life: 4
[] Hand: [OP12-023,ST32-002,OP12-023,OP01-055,ST32-002]
[] Trash: []
[] Board: [OP12-034]
[] Life: 5
[Opponent] End Turn
[] Hand: [OP12-023,ST32-002,OP12-023,OP01-055,ST32-002]
[] Board: [OP12-034]
[] Trash: []
[] Life: 5
[] Hand: [OP13-027,OP13-037,OP13-118,OP15-035,OP01-016,ST21-003]
[] Trash: []
[] Board: [OP01-016]
[] Life: 4
[You] Draw 1 Card
[] Drew card from deck: You Can Be My Samurai!!! ["OP01-055">OP01-055]
RZ1|101|1|OP01-055|0|38|1|5|1|1|0|0|0
RZ1|CHK|101|1|38|6|1|5|9|1|0|0|1|0
RZ1|102|1|Don|4|8|5|1|1|1|0|0|0
RZ1|CHK|102|1|38|6|1|5|8|2|0|0|1|0
RZ1|103|1|Don|4|7|5|2|1|1|0|0|0
RZ1|CHK|103|1|38|6|1|5|7|3|0|0|1|0
[You] Draw 2 Don
[You] Dracule Mihawk ["OP14-020">OP14-020] attacking Monkey D. Luffy ["OP13-001">OP13-001]
[Opponent] Discard Laboon ["OP15-035">OP15-035] for Counter 2000
RZ1|104|2|OP15-035|1|3|6|0|1|1|0|0|0
RZ1|CHK|104|2|38|5|1|4|8|2|1|1|1|0
Dracule Mihawk ["OP14-020">OP14-020][5000] vs Monkey D. Luffy ["OP13-001">OP13-001][7000]
Attack Fails
RZ1|105|1|Don|5|0|9|0|1|1|0|0|0
RZ1|CHK|105|1|38|6|1|5|7|2|0|0|1|1
RZ1|106|1|Don|5|0|9|1|1|1|0|0|0
RZ1|CHK|106|1|38|6|1|5|7|1|0|0|1|2
RZ1|107|1|Don|5|0|9|2|1|1|0|0|0
RZ1|CHK|107|1|38|6|1|5|7|0|0|0|1|3
[You] Attach 3 Don to Perona ["OP12-034">OP12-034] (3 Total)
[You] Perona ["OP12-034">OP12-034] attacking Monkey D. Luffy ["OP13-001">OP13-001]
[Opponent] Discard Nami ["OP01-016">OP01-016] for Counter 1000
RZ1|108|2|OP01-016|1|3|6|1|1|1|0|0|0
RZ1|CHK|108|2|38|4|1|4|8|2|2|1|1|0
Perona ["OP12-034">OP12-034][5000] vs Monkey D. Luffy ["OP13-001">OP13-001][6000]
Attack Fails
[] Hand: [OP12-023,ST32-002,OP12-023,OP01-055,ST32-002,OP01-055]
[] Board: [OP12-034]
[] Trash: []
[] Life: 5
[] Hand: [OP13-027,OP13-037,OP13-118,ST21-003]
[] Trash: [OP15-035,OP01-016]
[] Board: [OP01-016]
[] Life: 4
[You] End Turn
[] Hand: [OP13-027,OP13-037,OP13-118,ST21-003]
[] Board: [OP01-016]
[] Trash: [OP15-035,OP01-016]
[] Life: 4
[] Hand: [OP12-023,ST32-002,OP12-023,OP01-055,ST32-002,OP01-055]
[] Trash: []
[] Board: [OP12-034]
[] Life: 5
[Opponent] Draw 1 Card
[] Drew card from deck: Laboon ["OP15-035">OP15-035]
RZ1|109|2|OP15-035|0|37|1|4|1|1|0|0|0
RZ1|CHK|109|2|37|5|1|4|8|2|2|1|1|0
RZ1|110|2|Don|4|7|5|2|1|1|0|0|0
RZ1|CHK|110|2|37|5|1|4|7|3|2|1|1|0
RZ1|111|2|Don|4|6|5|3|1|1|0|0|0
RZ1|CHK|111|2|37|5|1|4|6|4|2|1|1|0
[Opponent] Draw 2 Don
RZ1|112|2|Don|5|0|5|0|1|1|1|0|0
RZ1|CHK|112|2|37|5|1|4|6|4|2|1|1|0
RZ1|113|2|Don|5|1|5|1|1|1|1|0|0
RZ1|CHK|113|2|37|5|1|4|6|4|2|1|1|0
RZ1|114|2|Don|5|2|5|2|1|1|1|0|0
RZ1|CHK|114|2|37|5|1|4|6|4|2|1|1|0
RZ1|115|2|Don|5|3|5|3|1|1|1|0|0
RZ1|CHK|115|2|37|5|1|4|6|4|2|1|1|0
[Opponent] Deploy Roronoa Zoro ["OP13-037">OP13-037]
RZ1|116|2|OP13-037|1|1|2|1|1|1|0|0|0
RZ1|CHK|116|2|37|4|2|4|6|4|2|1|1|0
[Opponent] Roronoa Zoro ["OP13-037">OP13-037]: Activate 1 Don
RZ1|117|2|Don|5|3|5|3|1|1|0|0|0
RZ1|CHK|117|2|37|4|2|4|6|4|2|1|1|0
[Opponent] Roronoa Zoro ["OP13-037">OP13-037]: Activate 1 Don
RZ1|118|2|Don|5|2|5|2|1|1|0|0|0
RZ1|CHK|118|2|37|4|2|4|6|4|2|1|1|0
[Opponent] Thousand Sunny ["ST31-005">ST31-005]: Rest Thousand Sunny ["ST31-005">ST31-005]
[Opponent] Thousand Sunny ["ST31-005">ST31-005]: Attach 1 Rested Don to Monkey D. Luffy ["OP13-001">OP13-001]
RZ1|119|2|Don|5|0|9|9900|1|1|1|0|0
RZ1|CHK|119|2|37|4|2|4|6|3|2|1|1|1
[Opponent] Monkey D. Luffy ["OP13-001">OP13-001] attacking Dracule Mihawk ["OP14-020">OP14-020]
[You] Discard Kouzuki Oden ["ST32-002">ST32-002] for Counter 1000
RZ1|120|1|ST32-002|1|1|6|0|1|1|0|0|0
RZ1|CHK|120|1|38|5|1|5|7|0|1|0|1|3
[You] Discard Kouzuki Oden ["ST32-002">ST32-002] for Counter 1000
RZ1|121|1|ST32-002|1|3|6|1|1|1|0|0|0
RZ1|CHK|121|1|38|4|1|5|7|0|2|0|1|3
Monkey D. Luffy ["OP13-001">OP13-001][6000] vs Dracule Mihawk ["OP14-020">OP14-020][7000]
Attack Fails
RZ1|122|2|Don|5|1|5|1|1|1|1|0|0
RZ1|CHK|122|2|37|4|2|4|6|3|2|1|1|1
RZ1|123|2|Don|5|2|5|2|1|1|1|0|0
RZ1|CHK|123|2|37|4|2|4|6|3|2|1|1|1
[Opponent] Deploy Sanji ["ST21-003">ST21-003]
RZ1|124|2|ST21-003|1|2|2|2|1|1|0|0|0
RZ1|CHK|124|2|37|3|3|4|6|3|2|1|1|1
[Opponent] Nami ["OP01-016">OP01-016] attacking Perona ["OP12-034">OP12-034]
[You] Discard Kawamatsu ["OP12-023">OP12-023] for Counter 2000
RZ1|125|1|OP12-023|1|0|6|2|1|1|0|0|0
RZ1|CHK|125|1|38|3|1|5|7|0|3|0|1|3
Nami ["OP01-016">OP01-016][2000] vs Perona ["OP12-034">OP12-034][4000]
Attack Fails
[Opponent] Roronoa Zoro ["OP13-037">OP13-037]: Set Roronoa Zoro ["OP13-037">OP13-037] to Active
[] Hand: [OP13-027,OP13-118,OP15-035]
[] Board: [OP01-016,OP13-037,ST21-003]
[] Trash: [OP15-035,OP01-016]
[] Life: 4
[] Hand: [OP12-023,OP01-055,OP01-055]
[] Trash: [ST32-002,ST32-002,OP12-023]
[] Board: [OP12-034]
[] Life: 5
[Opponent] End Turn
[] Hand: [OP12-023,OP01-055,OP01-055]
[] Board: [OP12-034]
[] Trash: [ST32-002,ST32-002,OP12-023]
[] Life: 5
[] Hand: [OP13-027,OP13-118,OP15-035]
[] Trash: [OP15-035,OP01-016]
[] Board: [OP01-016,OP13-037,ST21-003]
[] Life: 4
RZ1|126|1|Don|9|0|5|0|1|1|1|0|0
RZ1|CHK|126|1|38|3|1|5|7|1|3|0|1|2
RZ1|127|1|Don|9|0|5|0|1|1|1|0|0
RZ1|CHK|127|1|38|3|1|5|7|2|3|0|1|1
RZ1|128|1|Don|9|0|5|0|1|1|1|0|0
RZ1|CHK|128|1|38|3|1|5|7|3|3|0|1|0
[You] Draw 1 Card
[] Drew card from deck: Kawamatsu ["OP12-023">OP12-023]
RZ1|129|1|OP12-023|0|37|1|3|1|1|0|0|0
RZ1|CHK|129|1|37|4|1|5|7|3|3|0|1|0
RZ1|130|1|Don|4|6|5|3|1|1|0|0|0
RZ1|CHK|130|1|37|4|1|5|6|4|3|0|1|0
RZ1|131|1|Don|4|5|5|4|1|1|0|0|0
RZ1|CHK|131|1|37|4|1|5|5|5|3|0|1|0
[You] Draw 2 Don
[You] Dracule Mihawk ["OP14-020">OP14-020] attacking Monkey D. Luffy ["OP13-001">OP13-001]
[Opponent] Discard Laboon ["OP15-035">OP15-035] for Counter 2000
RZ1|132|2|OP15-035|1|2|6|2|1|1|0|0|0
RZ1|CHK|132|2|37|2|3|4|6|3|3|1|1|1
Dracule Mihawk ["OP14-020">OP14-020][5000] vs Monkey D. Luffy ["OP13-001">OP13-001][7000]
Attack Fails
RZ1|133|1|Don|5|0|9|0|1|1|0|0|0
RZ1|CHK|133|1|37|4|1|5|5|4|3|0|1|1
RZ1|134|1|Don|5|0|9|1|1|1|0|0|0
RZ1|CHK|134|1|37|4|1|5|5|3|3|0|1|2
RZ1|135|1|Don|5|0|9|2|1|1|0|0|0
RZ1|CHK|135|1|37|4|1|5|5|2|3|0|1|3
[You] Attach 3 Don to Perona ["OP12-034">OP12-034] (3 Total)
[You] Perona ["OP12-034">OP12-034] attacking Monkey D. Luffy ["OP13-001">OP13-001]
Perona ["OP12-034">OP12-034][5000] vs Monkey D. Luffy ["OP13-001">OP13-001][5000]
Monkey D. Luffy ["OP13-001">OP13-001] hit for 1 damage
RZ1|136|2|EB02-017|3|3|1|2|1|1|0|0|0
RZ1|CHK|136|2|37|3|3|3|6|3|3|1|1|1
[] Hand: [OP12-023,OP01-055,OP01-055,OP12-023]
[] Board: [OP12-034]
[] Trash: [ST32-002,ST32-002,OP12-023]
[] Life: 5
[] Hand: [OP13-027,OP13-118,EB02-017]
[] Trash: [OP15-035,OP01-016,OP15-035]
[] Board: [OP01-016,OP13-037,ST21-003]
[] Life: 3
[You] End Turn
[] Hand: [OP13-027,OP13-118,EB02-017]
[] Board: [OP01-016,OP13-037,ST21-003]
[] Trash: [OP15-035,OP01-016,OP15-035]
[] Life: 3
[] Hand: [OP12-023,OP01-055,OP01-055,OP12-023]
[] Trash: [ST32-002,ST32-002,OP12-023]
[] Board: [OP12-034]
[] Life: 5
RZ1|137|2|Don|9|9900|5|0|1|1|1|0|0
RZ1|CHK|137|2|37|3|3|3|6|4|3|1|1|0
[Opponent] Draw 1 Card
[] Drew card from deck: Usopp ["OP14-022">OP14-022]
RZ1|138|2|OP14-022|0|36|1|3|1|1|0|0|0
RZ1|CHK|138|2|36|4|3|3|6|4|3|1|1|0
RZ1|139|2|Don|4|5|5|4|1|1|0|0|0
RZ1|CHK|139|2|36|4|3|3|5|5|3|1|1|0
RZ1|140|2|Don|4|4|5|5|1|1|0|0|0
RZ1|CHK|140|2|36|4|3|3|4|6|3|1|1|0
[Opponent] Draw 2 Don
RZ1|141|2|Don|5|0|5|0|1|1|1|0|0
RZ1|CHK|141|2|36|4|3|3|4|6|3|1|1|0
RZ1|142|2|Don|5|1|5|1|1|1|1|0|0
RZ1|CHK|142|2|36|4|3|3|4|6|3|1|1|0
RZ1|143|2|Don|5|2|5|2|1|1|1|0|0
RZ1|CHK|143|2|36|4|3|3|4|6|3|1|1|0
RZ1|144|2|Don|5|3|5|3|1|1|1|0|0
RZ1|CHK|144|2|36|4|3|3|4|6|3|1|1|0
RZ1|145|2|Don|5|4|5|4|1|1|1|0|0
RZ1|CHK|145|2|36|4|3|3|4|6|3|1|1|0
RZ1|146|2|Don|5|5|5|5|1|1|1|0|0
RZ1|CHK|146|2|36|4|3|3|4|6|3|1|1|0
[Opponent] Deploy Monkey D. Luffy ["OP13-118">OP13-118]
RZ1|147|2|OP13-118|1|1|2|3|1|1|0|0|0
RZ1|CHK|147|2|36|3|4|3|4|6|3|1|1|0
[Opponent] Monkey D. Luffy ["OP13-118">OP13-118]: Activate 1 Don
RZ1|148|2|Don|5|5|5|5|1|1|0|0|0
RZ1|CHK|148|2|36|3|4|3|4|6|3|1|1|0
[Opponent] Monkey D. Luffy ["OP13-118">OP13-118]: Activate 1 Don
RZ1|149|2|Don|5|4|5|4|1|1|0|0|0
RZ1|CHK|149|2|36|3|4|3|4|6|3|1|1|0
[Opponent] Monkey D. Luffy ["OP13-118">OP13-118]: Activate 1 Don
RZ1|150|2|Don|5|3|5|3|1|1|0|0|0
RZ1|CHK|150|2|36|3|4|3|4|6|3|1|1|0
[Opponent] Monkey D. Luffy ["OP13-118">OP13-118]: Activate 1 Don
RZ1|151|2|Don|5|2|5|2|1|1|0|0|0
RZ1|CHK|151|2|36|3|4|3|4|6|3|1|1|0
[Opponent] Monkey D. Luffy ["OP13-118">OP13-118]: Can't play Cost 5 Or More Characters for the Turn!
RZ1|152|2|Don|5|2|9|9900|1|1|0|0|0
RZ1|CHK|152|2|36|3|4|3|4|5|3|1|1|1
RZ1|153|2|Don|5|2|9|9901|1|1|0|0|0
RZ1|CHK|153|2|36|3|4|3|4|4|3|1|1|2
[Opponent] Attach 2 Don to Monkey D. Luffy ["OP13-001">OP13-001] (2 Total)
RZ1|154|2|Don|5|2|9|9902|1|1|0|0|0
RZ1|CHK|154|2|36|3|4|3|4|3|3|1|1|3
RZ1|155|2|Don|5|2|9|9903|1|1|0|0|0
RZ1|CHK|155|2|36|3|4|3|4|2|3|1|1|4
[Opponent] Attach 2 Don to Monkey D. Luffy ["OP13-001">OP13-001] (4 Total)
[Opponent] Monkey D. Luffy ["OP13-001">OP13-001] attacking Dracule Mihawk ["OP14-020">OP14-020]
Monkey D. Luffy ["OP13-001">OP13-001][9000] vs Dracule Mihawk ["OP14-020">OP14-020][5000]
Dracule Mihawk ["OP14-020">OP14-020] hit for 1 damage
RZ1|156|1|OP13-031|3|4|1|4|1|1|0|0|0
RZ1|CHK|156|1|37|5|1|4|5|2|3|0|1|3
[Opponent] Roronoa Zoro ["OP13-037">OP13-037] attacking Dracule Mihawk ["OP14-020">OP14-020]
[You] Discard Kawamatsu ["OP12-023">OP12-023] for Counter 2000
RZ1|157|1|OP12-023|1|0|6|3|1|1|0|0|0
RZ1|CHK|157|1|37|4|1|4|5|2|4|0|1|3
Roronoa Zoro ["OP13-037">OP13-037][5000] vs Dracule Mihawk ["OP14-020">OP14-020][7000]
Attack Fails
[Opponent] Nami ["OP01-016">OP01-016] attacking Perona ["OP12-034">OP12-034]
Nami ["OP01-016">OP01-016][2000] vs Perona ["OP12-034">OP12-034][2000]
[You] Perona ["OP12-034">OP12-034] Destroyed
RZ1|158|1|Don|9|0|5|0|1|1|1|0|0
RZ1|CHK|158|1|37|4|1|4|5|3|4|0|1|2
RZ1|159|1|Don|9|0|5|0|1|1|1|0|0
RZ1|CHK|159|1|37|4|1|4|5|4|4|0|1|1
RZ1|160|1|Don|9|0|5|0|1|1|1|0|0
RZ1|CHK|160|1|37|4|1|4|5|5|4|0|1|0
RZ1|161|1|OP12-034|2|0|6|4|1|1|0|0|0
RZ1|CHK|161|1|37|4|0|4|5|5|5|0|1|0
[Opponent] Thousand Sunny ["ST31-005">ST31-005]: Rest Thousand Sunny ["ST31-005">ST31-005]
[Opponent] Thousand Sunny ["ST31-005">ST31-005]: Attach 1 Rested Don to Monkey D. Luffy ["OP13-001">OP13-001]
RZ1|162|2|Don|5|0|9|9904|1|1|1|0|0
RZ1|CHK|162|2|36|3|4|3|4|1|3|1|1|5
[Opponent] Roronoa Zoro ["OP13-037">OP13-037]: Set Roronoa Zoro ["OP13-037">OP13-037] to Active
[] Hand: [OP13-027,EB02-017,OP14-022]
[] Board: [OP01-016,OP13-037,ST21-003,OP13-118]
[] Trash: [OP15-035,OP01-016,OP15-035]
[] Life: 3
[] Hand: [OP01-055,OP01-055,OP12-023,OP13-031]
[] Trash: [ST32-002,ST32-002,OP12-023,OP12-023,OP12-034]
[] Board: []
[] Life: 4
[Opponent] End Turn
[] Hand: [OP01-055,OP01-055,OP12-023,OP13-031]
[] Board: []
[] Trash: [ST32-002,ST32-002,OP12-023,OP12-023,OP12-034]
[] Life: 4
[] Hand: [OP13-027,EB02-017,OP14-022]
[] Trash: [OP15-035,OP01-016,OP15-035]
[] Board: [OP01-016,OP13-037,ST21-003,OP13-118]
[] Life: 3
[You] Draw 1 Card
[] Drew card from deck: Trafalgar Law ["OP13-031">OP13-031]
RZ1|163|1|OP13-031|0|36|1|4|1|1|0|0|0
RZ1|CHK|163|1|36|5|0|4|5|5|5|0|1|0
RZ1|164|1|Don|4|4|5|5|1|1|0|0|0
RZ1|CHK|164|1|36|5|0|4|4|6|5|0|1|0
RZ1|165|1|Don|4|3|5|6|1|1|0|0|0
RZ1|CHK|165|1|36|5|0|4|3|7|5|0|1|0
[You] Draw 2 Don
RZ1|166|1|Don|5|0|5|0|1|1|1|0|0
RZ1|CHK|166|1|36|5|0|4|3|7|5|0|1|0
RZ1|167|1|Don|5|1|5|1|1|1|1|0|0
RZ1|CHK|167|1|36|5|0|4|3|7|5|0|1|0
RZ1|168|1|Don|5|2|5|2|1|1|1|0|0
RZ1|CHK|168|1|36|5|0|4|3|7|5|0|1|0
RZ1|169|1|Don|5|3|5|3|1|1|1|0|0
RZ1|CHK|169|1|36|5|0|4|3|7|5|0|1|0
RZ1|170|1|Don|5|4|5|4|1|1|1|0|0
RZ1|CHK|170|1|36|5|0|4|3|7|5|0|1|0
RZ1|171|1|Don|5|5|5|5|1|1|1|0|0
RZ1|CHK|171|1|36|5|0|4|3|7|5|0|1|0
[You] Deploy Trafalgar Law ["OP13-031">OP13-031]
RZ1|172|1|OP13-031|1|3|2|0|1|1|0|0|0
RZ1|CHK|172|1|36|4|1|4|3|7|5|0|1|0
[You] Trafalgar Law ["OP13-031">OP13-031]: Return Trafalgar Law ["OP13-031">OP13-031] to Hand
RZ1|173|1|OP13-031|2|0|1|4|1|1|0|0|0
RZ1|CHK|173|1|36|5|0|4|3|7|5|0|1|0
RZ1|174|1|OP12-023|1|2|2|0|1|1|1|0|0
RZ1|CHK|174|1|36|4|1|4|3|7|5|0|1|0
[You] Trafalgar Law ["OP13-031">OP13-031]: Deploy Kawamatsu ["OP12-023">OP12-023]
[You] Dracule Mihawk ["OP14-020">OP14-020]: Rest Dracule Mihawk ["OP14-020">OP14-020]
[You] Dracule Mihawk ["OP14-020">OP14-020]: Activate 1 Don
RZ1|175|1|Don|5|5|5|5|1|1|0|0|0
RZ1|CHK|175|1|36|4|1|4|3|7|5|0|1|0
[You] Dracule Mihawk ["OP14-020">OP14-020]: Activate 1 Don
RZ1|176|1|Don|5|4|5|4|1|1|0|0|0
RZ1|CHK|176|1|36|4|1|4|3|7|5|0|1|0
[You] Dracule Mihawk ["OP14-020">OP14-020]: Activate 1 Don
RZ1|177|1|Don|5|3|5|3|1|1|0|0|0
RZ1|CHK|177|1|36|4|1|4|3|7|5|0|1|0
[You] Dracule Mihawk ["OP14-020">OP14-020]: Can't play Cost 1 Or More Characters for the Turn!
[] Hand: [OP01-055,OP01-055,OP13-031,OP13-031]
[] Board: [OP12-023]
[] Trash: [ST32-002,ST32-002,OP12-023,OP12-023,OP12-034]
[] Life: 4
[] Hand: [OP13-027,EB02-017,OP14-022]
[] Trash: [OP15-035,OP01-016,OP15-035]
[] Board: [OP01-016,OP13-037,ST21-003,OP13-118]
[] Life: 3
[You] End Turn
[] Hand: [OP13-027,EB02-017,OP14-022]
[] Board: [OP01-016,OP13-037,ST21-003,OP13-118]
[] Trash: [OP15-035,OP01-016,OP15-035]
[] Life: 3
[] Hand: [OP01-055,OP01-055,OP13-031,OP13-031]
[] Trash: [ST32-002,ST32-002,OP12-023,OP12-023,OP12-034]
[] Board: [OP12-023]
[] Life: 4
RZ1|178|2|Don|9|9900|5|0|1|1|1|0|0
RZ1|CHK|178|2|36|3|4|3|4|2|3|1|1|4
RZ1|179|2|Don|9|9900|5|0|1|1|1|0|0
RZ1|CHK|179|2|36|3|4|3|4|3|3|1|1|3
RZ1|180|2|Don|9|9900|5|0|1|1|1|0|0
RZ1|CHK|180|2|36|3|4|3|4|4|3|1|1|2
RZ1|181|2|Don|9|9900|5|0|1|1|1|0|0
RZ1|CHK|181|2|36|3|4|3|4|5|3|1|1|1
RZ1|182|2|Don|9|9900|5|0|1|1|1|0|0
RZ1|CHK|182|2|36|3|4|3|4|6|3|1|1|0
[Opponent] Draw 1 Card
[] Drew card from deck: Curiel ["OP16-004">OP16-004]
RZ1|183|2|OP16-004|0|35|1|3|1|1|0|0|0
RZ1|CHK|183|2|35|4|4|3|4|6|3|1|1|0
RZ1|184|2|Don|4|3|5|6|1|1|0|0|0
RZ1|CHK|184|2|35|4|4|3|3|7|3|1|1|0
RZ1|185|2|Don|4|2|5|7|1|1|0|0|0
RZ1|CHK|185|2|35|4|4|3|2|8|3|1|1|0
[Opponent] Draw 2 Don
[Opponent] Thousand Sunny ["ST31-005">ST31-005]: Rest Thousand Sunny ["ST31-005">ST31-005]
RZ1|186|2|Don|5|0|9|9900|1|1|0|0|0
RZ1|CHK|186|2|35|4|4|3|2|7|3|1|1|1
RZ1|187|2|Don|5|0|9|9901|1|1|0|0|0
RZ1|CHK|187|2|35|4|4|3|2|6|3|1|1|2
[Opponent] Attach 2 Don to Monkey D. Luffy ["OP13-001">OP13-001] (2 Total)
RZ1|188|2|Don|5|0|9|9902|1|1|0|0|0
RZ1|CHK|188|2|35|4|4|3|2|5|3|1|1|3
RZ1|189|2|Don|5|0|9|9903|1|1|0|0|0
RZ1|CHK|189|2|35|4|4|3|2|4|3|1|1|4
[Opponent] Attach 2 Don to Monkey D. Luffy ["OP13-001">OP13-001] (4 Total)
RZ1|190|2|Don|5|0|9|9904|1|1|0|0|0
RZ1|CHK|190|2|35|4|4|3|2|3|3|1|1|5
RZ1|191|2|Don|5|0|9|9905|1|1|0|0|0
RZ1|CHK|191|2|35|4|4|3|2|2|3|1|1|6
[Opponent] Attach 2 Don to Monkey D. Luffy ["OP13-001">OP13-001] (6 Total)
[Opponent] Roronoa Zoro ["OP13-037">OP13-037]: Set Roronoa Zoro ["OP13-037">OP13-037] to Active
[] Hand: [OP13-027,EB02-017,OP14-022,OP16-004]
[] Board: [OP01-016,OP13-037,ST21-003,OP13-118]
[] Trash: [OP15-035,OP01-016,OP15-035]
[] Life: 3
[] Hand: [OP01-055,OP01-055,OP13-031,OP13-031]
[] Trash: [ST32-002,ST32-002,OP12-023,OP12-023,OP12-034]
[] Board: [OP12-023]
[] Life: 4
[Opponent] End Turn
[] Hand: [OP01-055,OP01-055,OP13-031,OP13-031]
[] Board: [OP12-023]
[] Trash: [ST32-002,ST32-002,OP12-023,OP12-023,OP12-034]
[] Life: 4
[] Hand: [OP13-027,EB02-017,OP14-022,OP16-004]
[] Trash: [OP15-035,OP01-016,OP15-035]
[] Board: [OP01-016,OP13-037,ST21-003,OP13-118]
[] Life: 3
[You] Draw 1 Card
[] Drew card from deck: Kin'emon ["ST32-001">ST32-001]
RZ1|192|1|ST32-001|0|35|1|4|1|1|0|0|0
RZ1|CHK|192|1|35|5|1|4|3|7|5|0|1|0
RZ1|193|1|Don|4|2|5|7|1|1|0|0|0
RZ1|CHK|193|1|35|5|1|4|2|8|5|0|1|0
RZ1|194|1|Don|4|1|5|8|1|1|0|0|0
RZ1|CHK|194|1|35|5|1|4|1|9|5|0|1|0
[You] Draw 2 Don
[You] Dracule Mihawk ["OP14-020">OP14-020] attacking Monkey D. Luffy ["OP13-001">OP13-001]
[Opponent] Discard Nami ["EB02-017">EB02-017] for Counter 1000
RZ1|195|2|EB02-017|1|1|6|3|1|1|0|0|0
RZ1|CHK|195|2|35|3|4|3|2|2|4|1|1|6
Dracule Mihawk ["OP14-020">OP14-020][5000] vs Monkey D. Luffy ["OP13-001">OP13-001][6000]
Attack Fails
[You] Kawamatsu ["OP12-023">OP12-023] attacking Monkey D. Luffy ["OP13-001">OP13-001]
[Opponent] Discard Curiel ["OP16-004">OP16-004] for Counter 2000
RZ1|196|2|OP16-004|1|2|6|4|1|1|0|0|0
RZ1|CHK|196|2|35|2|4|3|2|2|5|1|1|6
Kawamatsu ["OP12-023">OP12-023][6000] vs Monkey D. Luffy ["OP13-001">OP13-001][7000]
Attack Fails
RZ1|197|1|Don|5|0|5|0|1|1|1|0|0
RZ1|CHK|197|1|35|5|1|4|1|9|5|0|1|0
RZ1|198|1|Don|5|1|5|1|1|1|1|0|0
RZ1|CHK|198|1|35|5|1|4|1|9|5|0|1|0
RZ1|199|1|Don|5|2|5|2|1|1|1|0|0
RZ1|CHK|199|1|35|5|1|4|1|9|5|0|1|0
RZ1|200|1|Don|5|3|5|3|1|1|1|0|0
RZ1|CHK|200|1|35|5|1|4|1|9|5|0|1|0
RZ1|201|1|Don|5|4|5|4|1|1|1|0|0
RZ1|CHK|201|1|35|5|1|4|1|9|5|0|1|0
RZ1|202|1|Don|5|5|5|5|1|1|1|0|0
RZ1|CHK|202|1|35|5|1|4|1|9|5|0|1|0
[You] Deploy Trafalgar Law ["OP13-031">OP13-031]
RZ1|203|1|OP13-031|1|2|2|1|1|1|0|0|0
RZ1|CHK|203|1|35|4|2|4|1|9|5|0|1|0
[You] Trafalgar Law ["OP13-031">OP13-031]: Return Kawamatsu ["OP12-023">OP12-023] to Hand
RZ1|204|1|OP12-023|2|0|1|4|1|1|1|0|0
RZ1|CHK|204|1|35|5|1|4|1|9|5|0|1|0
RZ1|205|1|OP12-023|1|4|2|1|1|1|1|0|0
RZ1|CHK|205|1|35|4|2|4|1|9|5|0|1|0
[You] Trafalgar Law ["OP13-031">OP13-031]: Deploy Kawamatsu ["OP12-023">OP12-023]
[You] Dracule Mihawk ["OP14-020">OP14-020]: Rest Trafalgar Law ["OP13-031">OP13-031]
[You] Dracule Mihawk ["OP14-020">OP14-020]: Activate 1 Don
RZ1|206|1|Don|5|5|5|5|1|1|0|0|0
RZ1|CHK|206|1|35|4|2|4|1|9|5|0|1|0
[You] Dracule Mihawk ["OP14-020">OP14-020]: Activate 1 Don
RZ1|207|1|Don|5|4|5|4|1|1|0|0|0
RZ1|CHK|207|1|35|4|2|4|1|9|5|0|1|0
[You] Dracule Mihawk ["OP14-020">OP14-020]: Activate 1 Don
RZ1|208|1|Don|5|3|5|3|1|1|0|0|0
RZ1|CHK|208|1|35|4|2|4|1|9|5|0|1|0
[You] Dracule Mihawk ["OP14-020">OP14-020]: Can't play Cost 1 Or More Characters for the Turn!
[] Hand: [OP01-055,OP01-055,OP13-031,ST32-001]
[] Board: [OP13-031,OP12-023]
[] Trash: [ST32-002,ST32-002,OP12-023,OP12-023,OP12-034]
[] Life: 4
[] Hand: [OP13-027,OP14-022]
[] Trash: [OP15-035,OP01-016,OP15-035,EB02-017,OP16-004]
[] Board: [OP01-016,OP13-037,ST21-003,OP13-118]
[] Life: 3
[You] End Turn
[] Hand: [OP13-027,OP14-022]
[] Board: [OP01-016,OP13-037,ST21-003,OP13-118]
[] Trash: [OP15-035,OP01-016,OP15-035,EB02-017,OP16-004]
[] Life: 3
[] Hand: [OP01-055,OP01-055,OP13-031,ST32-001]
[] Trash: [ST32-002,ST32-002,OP12-023,OP12-023,OP12-034]
[] Board: [OP13-031,OP12-023]
[] Life: 4
RZ1|209|2|Don|9|9900|5|0|1|1|1|0|0
RZ1|CHK|209|2|35|2|4|3|2|3|5|1|1|5
RZ1|210|2|Don|9|9900|5|0|1|1|1|0|0
RZ1|CHK|210|2|35|2|4|3|2|4|5|1|1|4
RZ1|211|2|Don|9|9900|5|0|1|1|1|0|0
RZ1|CHK|211|2|35|2|4|3|2|5|5|1|1|3
RZ1|212|2|Don|9|9900|5|0|1|1|1|0|0
RZ1|CHK|212|2|35|2|4|3|2|6|5|1|1|2
RZ1|213|2|Don|9|9900|5|0|1|1|1|0|0
RZ1|CHK|213|2|35|2|4|3|2|7|5|1|1|1
RZ1|214|2|Don|9|9900|5|0|1|1|1|0|0
RZ1|CHK|214|2|35|2|4|3|2|8|5|1|1|0
[Opponent] Draw 1 Card
[] Drew card from deck: Usopp ["OP14-022">OP14-022]
RZ1|215|2|OP14-022|0|34|1|2|1|1|0|0|0
RZ1|CHK|215|2|34|3|4|3|2|8|5|1|1|0
RZ1|216|2|Don|4|1|5|8|1|1|0|0|0
RZ1|CHK|216|2|34|3|4|3|1|9|5|1|1|0
RZ1|217|2|Don|4|0|5|9|1|1|0|0|0
RZ1|CHK|217|2|34|3|4|3|0|10|5|1|1|0
[Opponent] Draw 2 Don
RZ1|218|2|Don|5|0|9|300|1|1|0|0|0
RZ1|CHK|218|2|34|3|4|3|0|9|5|1|1|1
RZ1|219|2|Don|5|0|9|301|1|1|0|0|0
RZ1|CHK|219|2|34|3|4|3|0|8|5|1|1|2
[Opponent] Attach 2 Don to Monkey D. Luffy ["OP13-118">OP13-118] (2 Total)
RZ1|220|2|Don|5|0|9|302|1|1|0|0|0
RZ1|CHK|220|2|34|3|4|3|0|7|5|1|1|3
RZ1|221|2|Don|5|0|9|303|1|1|0|0|0
RZ1|CHK|221|2|34|3|4|3|0|6|5|1|1|4
[Opponent] Attach 2 Don to Monkey D. Luffy ["OP13-118">OP13-118] (4 Total)
RZ1|222|2|Don|5|0|9|304|1|1|0|0|0
RZ1|CHK|222|2|34|3|4|3|0|5|5|1|1|5
RZ1|223|2|Don|5|0|9|305|1|1|0|0|0
RZ1|CHK|223|2|34|3|4|3|0|4|5|1|1|6
[Opponent] Attach 2 Don to Monkey D. Luffy ["OP13-118">OP13-118] (6 Total)
RZ1|224|2|Don|5|0|9|9900|1|1|0|0|0
RZ1|CHK|224|2|34|3|4|3|0|3|5|1|1|7
RZ1|225|2|Don|5|0|9|9901|1|1|0|0|0
RZ1|CHK|225|2|34|3|4|3|0|2|5|1|1|8
[Opponent] Attach 2 Don to Monkey D. Luffy ["OP13-001">OP13-001] (2 Total)
[Opponent] Thousand Sunny ["ST31-005">ST31-005]: Rest Thousand Sunny ["ST31-005">ST31-005]
RZ1|226|2|Don|5|0|9|9902|1|1|0|0|0
RZ1|CHK|226|2|34|3|4|3|0|1|5|1|1|9
RZ1|227|2|Don|5|0|9|9903|1|1|0|0|0
RZ1|CHK|227|2|34|3|4|3|0|0|5|1|1|10
[Opponent] Attach 2 Don to Monkey D. Luffy ["OP13-001">OP13-001] (4 Total)
[Opponent] Monkey D. Luffy ["OP13-118">OP13-118] attacking Dracule Mihawk ["OP14-020">OP14-020]
Monkey D. Luffy ["OP13-118">OP13-118][13000] vs Dracule Mihawk ["OP14-020">OP14-020][5000]
Dracule Mihawk ["OP14-020">OP14-020] hit for 2 damage
RZ1|228|1|OP12-023|3|3|1|4|1|1|0|0|0
RZ1|CHK|228|1|35|5|2|3|1|9|5|0|1|0
RZ1|229|1|OP06-038|3|2|1|5|1|1|0|0|0
RZ1|CHK|229|1|35|6|2|2|1|9|5|0|1|0
[You] Billion-fold World Trichiliocosm ["OP06-038">OP06-038]: Activate Trigger
RZ1|230|1|OP06-038|1|5|6|5|1|1|0|0|0
RZ1|CHK|230|1|35|5|2|2|1|9|6|0|1|0
[Opponent] Monkey D. Luffy ["OP13-001">OP13-001] attacking Dracule Mihawk ["OP14-020">OP14-020]
Monkey D. Luffy ["OP13-001">OP13-001][9000] vs Dracule Mihawk ["OP14-020">OP14-020][5000]
Dracule Mihawk ["OP14-020">OP14-020] hit for 1 damage
RZ1|231|1|OP06-033|3|1|1|5|1|1|0|0|0
RZ1|CHK|231|1|35|6|2|1|1|9|6|0|1|0
[Opponent] Roronoa Zoro ["OP13-037">OP13-037] attacking Dracule Mihawk ["OP14-020">OP14-020]
[You] Discard Kin'emon ["ST32-001">ST32-001] for Counter 1000
RZ1|232|1|ST32-001|1|3|6|6|1|1|0|0|0
RZ1|CHK|232|1|35|5|2|1|1|9|7|0|1|0
Roronoa Zoro ["OP13-037">OP13-037][5000] vs Dracule Mihawk ["OP14-020">OP14-020][6000]
Attack Fails
[Opponent] Roronoa Zoro ["OP13-037">OP13-037]: Set Roronoa Zoro ["OP13-037">OP13-037] to Active
[] Hand: [OP13-027,OP14-022,OP14-022]
[] Board: [OP01-016,OP13-037,ST21-003,OP13-118]
[] Trash: [OP15-035,OP01-016,OP15-035,EB02-017,OP16-004]
[] Life: 3
[] Hand: [OP01-055,OP01-055,OP13-031,OP12-023,OP06-033]
[] Trash: [ST32-002,ST32-002,OP12-023,OP12-023,OP12-034,OP06-038,ST32-001]
[] Board: [OP13-031,OP12-023]
[] Life: 1
[Opponent] End Turn
[] Hand: [OP01-055,OP01-055,OP13-031,OP12-023,OP06-033]
[] Board: [OP13-031,OP12-023]
[] Trash: [ST32-002,ST32-002,OP12-023,OP12-023,OP12-034,OP06-038,ST32-001]
[] Life: 1
[] Hand: [OP13-027,OP14-022,OP14-022]
[] Trash: [OP15-035,OP01-016,OP15-035,EB02-017,OP16-004]
[] Board: [OP01-016,OP13-037,ST21-003,OP13-118]
[] Life: 3
[You] Draw 1 Card
[] Drew card from deck: I Know You're Strong... So I'll Go All Out ["OP13-040">OP13-040]
RZ1|233|1|OP13-040|0|34|1|5|1|1|0|0|0
RZ1|CHK|233|1|34|6|2|1|1|9|7|0|1|0
RZ1|234|1|Don|4|0|5|9|1|1|0|0|0
RZ1|CHK|234|1|34|6|2|1|0|10|7|0|1|0
[You] Draw 2 Don
RZ1|235|1|Don|5|0|5|0|1|1|1|0|0
RZ1|CHK|235|1|34|6|2|1|0|10|7|0|1|0
RZ1|236|1|Don|5|1|5|1|1|1|1|0|0
RZ1|CHK|236|1|34|6|2|1|0|10|7|0|1|0
RZ1|237|1|Don|5|2|5|2|1|1|1|0|0
RZ1|CHK|237|1|34|6|2|1|0|10|7|0|1|0
RZ1|238|1|Don|5|3|5|3|1|1|1|0|0
RZ1|CHK|238|1|34|6|2|1|0|10|7|0|1|0
RZ1|239|1|Don|5|4|5|4|1|1|1|0|0
RZ1|CHK|239|1|34|6|2|1|0|10|7|0|1|0
RZ1|240|1|Don|5|5|5|5|1|1|1|0|0
RZ1|CHK|240|1|34|6|2|1|0|10|7|0|1|0
[You] Deploy Trafalgar Law ["OP13-031">OP13-031]
RZ1|241|1|OP13-031|1|2|2|2|1|1|0|0|0
RZ1|CHK|241|1|34|5|3|1|0|10|7|0|1|0
[You] Trafalgar Law ["OP13-031">OP13-031]: Return Kawamatsu ["OP12-023">OP12-023] to Hand
RZ1|242|1|OP12-023|2|1|1|5|1|1|0|0|0
RZ1|CHK|242|1|34|6|2|1|0|10|7|0|1|0
RZ1|243|1|OP06-033|1|3|2|2|1|1|1|0|0
RZ1|CHK|243|1|34|5|3|1|0|10|7|0|1|0
[You] Trafalgar Law ["OP13-031">OP13-031]: Deploy Vander Decken IX ["OP06-033">OP06-033]
[You] Dracule Mihawk ["OP14-020">OP14-020]: Rest Trafalgar Law ["OP13-031">OP13-031]
[You] Dracule Mihawk ["OP14-020">OP14-020]: Activate 1 Don
RZ1|244|1|Don|5|5|5|5|1|1|0|0|0
RZ1|CHK|244|1|34|5|3|1|0|10|7|0|1|0
[You] Dracule Mihawk ["OP14-020">OP14-020]: Activate 1 Don
RZ1|245|1|Don|5|4|5|4|1|1|0|0|0
RZ1|CHK|245|1|34|5|3|1|0|10|7|0|1|0
[You] Dracule Mihawk ["OP14-020">OP14-020]: Activate 1 Don
RZ1|246|1|Don|5|3|5|3|1|1|0|0|0
RZ1|CHK|246|1|34|5|3|1|0|10|7|0|1|0
[You] Dracule Mihawk ["OP14-020">OP14-020]: Can't play Cost 1 Or More Characters for the Turn!
RZ1|247|1|Don|5|3|9|9900|1|1|0|0|0
RZ1|CHK|247|1|34|5|3|1|0|9|7|0|1|1
RZ1|248|1|Don|5|3|9|9901|1|1|0|0|0
RZ1|CHK|248|1|34|5|3|1|0|8|7|0|1|2
[You] Attach 2 Don to Dracule Mihawk ["OP14-020">OP14-020] (2 Total)
[You] Dracule Mihawk ["OP14-020">OP14-020] attacking Monkey D. Luffy ["OP13-118">OP13-118]
[Opponent] Discard Usopp ["OP14-022">OP14-022] for Counter 1000
RZ1|249|2|OP14-022|1|1|6|5|1|1|0|0|0
RZ1|CHK|249|2|34|2|4|3|0|0|6|1|1|10
Dracule Mihawk ["OP14-020">OP14-020][7000] vs Monkey D. Luffy ["OP13-118">OP13-118][8000]
Attack Fails
[] Hand: [OP01-055,OP01-055,OP12-023,OP13-040,OP12-023]
[] Board: [OP13-031,OP13-031,OP06-033]
[] Trash: [ST32-002,ST32-002,OP12-023,OP12-023,OP12-034,OP06-038,ST32-001]
[] Life: 1
[] Hand: [OP13-027,OP14-022]
[] Trash: [OP15-035,OP01-016,OP15-035,EB02-017,OP16-004,OP14-022]
[] Board: [OP01-016,OP13-037,ST21-003,OP13-118]
[] Life: 3
[You] End Turn
[] Hand: [OP13-027,OP14-022]
[] Board: [OP01-016,OP13-037,ST21-003,OP13-118]
[] Trash: [OP15-035,OP01-016,OP15-035,EB02-017,OP16-004,OP14-022]
[] Life: 3
[] Hand: [OP01-055,OP01-055,OP12-023,OP13-040,OP12-023]
[] Trash: [ST32-002,ST32-002,OP12-023,OP12-023,OP12-034,OP06-038,ST32-001]
[] Board: [OP13-031,OP13-031,OP06-033]
[] Life: 1
RZ1|250|2|Don|9|9900|5|0|1|1|1|0|0
RZ1|CHK|250|2|34|2|4|3|0|1|6|1|1|9
RZ1|251|2|Don|9|9900|5|0|1|1|1|0|0
RZ1|CHK|251|2|34|2|4|3|0|2|6|1|1|8
RZ1|252|2|Don|9|9900|5|0|1|1|1|0|0
RZ1|CHK|252|2|34|2|4|3|0|3|6|1|1|7
RZ1|253|2|Don|9|9900|5|0|1|1|1|0|0
RZ1|CHK|253|2|34|2|4|3|0|4|6|1|1|6
RZ1|254|2|Don|9|300|5|0|1|1|1|0|0
RZ1|CHK|254|2|34|2|4|3|0|5|6|1|1|5
RZ1|255|2|Don|9|300|5|0|1|1|1|0|0
RZ1|CHK|255|2|34|2|4|3|0|6|6|1|1|4
RZ1|256|2|Don|9|300|5|0|1|1|1|0|0
RZ1|CHK|256|2|34|2|4|3|0|7|6|1|1|3
RZ1|257|2|Don|9|300|5|0|1|1|1|0|0
RZ1|CHK|257|2|34|2|4|3|0|8|6|1|1|2
RZ1|258|2|Don|9|300|5|0|1|1|1|0|0
RZ1|CHK|258|2|34|2|4|3|0|9|6|1|1|1
RZ1|259|2|Don|9|300|5|0|1|1|1|0|0
RZ1|CHK|259|2|34|2|4|3|0|10|6|1|1|0
[Opponent] Draw 1 Card
[] Drew card from deck: Nami ["EB02-017">EB02-017]
RZ1|260|2|EB02-017|0|33|1|2|1|1|0|0|0
RZ1|CHK|260|2|33|3|4|3|0|10|6|1|1|0
RZ1|261|2|Don|5|0|9|300|1|1|0|0|0
RZ1|CHK|261|2|33|3|4|3|0|9|6|1|1|1
[Opponent] Attach 1 Don to Monkey D. Luffy ["OP13-118">OP13-118] (1 Total)
[Opponent] Monkey D. Luffy ["OP13-118">OP13-118] attacking Dracule Mihawk ["OP14-020">OP14-020]
Monkey D. Luffy ["OP13-118">OP13-118][8000] vs Dracule Mihawk ["OP14-020">OP14-020][5000]
Dracule Mihawk ["OP14-020">OP14-020] hit for 2 damage
RZ1|262|1|OP17-031|3|0|1|5|1|1|0|0|0
RZ1|CHK|262|1|34|6|3|0|0|8|7|0|1|2
RZ1|263|2|Don|5|0|9|9900|1|1|0|0|0
RZ1|CHK|263|2|33|3|4|3|0|8|6|1|1|2
RZ1|264|2|Don|5|0|9|9901|1|1|0|0|0
RZ1|CHK|264|2|33|3|4|3|0|7|6|1|1|3
[Opponent] Attach 2 Don to Monkey D. Luffy ["OP13-001">OP13-001] (2 Total)
RZ1|265|2|Don|5|0|9|9902|1|1|0|0|0
RZ1|CHK|265|2|33|3|4|3|0|6|6|1|1|4
RZ1|266|2|Don|5|0|9|9903|1|1|0|0|0
RZ1|CHK|266|2|33|3|4|3|0|5|6|1|1|5
[Opponent] Attach 2 Don to Monkey D. Luffy ["OP13-001">OP13-001] (4 Total)
RZ1|267|2|Don|5|0|9|9904|1|1|0|0|0
RZ1|CHK|267|2|33|3|4|3|0|4|6|1|1|6
RZ1|268|2|Don|5|0|9|9905|1|1|0|0|0
RZ1|CHK|268|2|33|3|4|3|0|3|6|1|1|7
[Opponent] Attach 2 Don to Monkey D. Luffy ["OP13-001">OP13-001] (6 Total)
[Opponent] Roronoa Zoro ["OP13-037">OP13-037]: Set Roronoa Zoro ["OP13-037">OP13-037] to Active
[] Hand: [OP13-027,OP14-022,EB02-017]
[] Board: [OP01-016,OP13-037,ST21-003,OP13-118]
[] Trash: [OP15-035,OP01-016,OP15-035,EB02-017,OP16-004,OP14-022]
[] Life: 3
[] Hand: [OP01-055,OP01-055,OP12-023,OP13-040,OP12-023,OP17-031]
[] Trash: [ST32-002,ST32-002,OP12-023,OP12-023,OP12-034,OP06-038,ST32-001]
[] Board: [OP13-031,OP13-031,OP06-033]
[] Life: 0
[Opponent] End Turn
[] Hand: [OP01-055,OP01-055,OP12-023,OP13-040,OP12-023,OP17-031]
[] Board: [OP13-031,OP13-031,OP06-033]
[] Trash: [ST32-002,ST32-002,OP12-023,OP12-023,OP12-034,OP06-038,ST32-001]
[] Life: 0
[] Hand: [OP13-027,OP14-022,EB02-017]
[] Trash: [OP15-035,OP01-016,OP15-035,EB02-017,OP16-004,OP14-022]
[] Board: [OP01-016,OP13-037,ST21-003,OP13-118]
[] Life: 3
RZ1|269|1|Don|9|9900|5|0|1|1|1|0|0
RZ1|CHK|269|1|34|6|3|0|0|9|7|0|1|1
RZ1|270|1|Don|9|9900|5|0|1|1|1|0|0
RZ1|CHK|270|1|34|6|3|0|0|10|7|0|1|0
[You] Draw 1 Card
[] Drew card from deck: Shanks ["OP17-022">OP17-022]
RZ1|271|1|OP17-022|0|33|1|6|1|1|0|0|0
RZ1|CHK|271|1|33|7|3|0|0|10|7|0|1|0
RZ1|272|1|Don|5|0|5|0|1|1|1|0|0
RZ1|CHK|272|1|33|7|3|0|0|10|7|0|1|0
RZ1|273|1|Don|5|1|5|1|1|1|1|0|0
RZ1|CHK|273|1|33|7|3|0|0|10|7|0|1|0
RZ1|274|1|Don|5|2|5|2|1|1|1|0|0
RZ1|CHK|274|1|33|7|3|0|0|10|7|0|1|0
RZ1|275|1|Don|5|3|5|3|1|1|1|0|0
RZ1|CHK|275|1|33|7|3|0|0|10|7|0|1|0
RZ1|276|1|Don|5|4|5|4|1|1|1|0|0
RZ1|CHK|276|1|33|7|3|0|0|10|7|0|1|0
RZ1|277|1|Don|5|5|5|5|1|1|1|0|0
RZ1|CHK|277|1|33|7|3|0|0|10|7|0|1|0
RZ1|278|1|Don|5|6|5|6|1|1|1|0|0
RZ1|CHK|278|1|33|7|3|0|0|10|7|0|1|0
RZ1|279|1|Don|5|7|5|7|1|1|1|0|0
RZ1|CHK|279|1|33|7|3|0|0|10|7|0|1|0
RZ1|280|1|Don|5|8|5|8|1|1|1|0|0
RZ1|CHK|280|1|33|7|3|0|0|10|7|0|1|0
RZ1|281|1|Don|5|9|5|9|1|1|1|0|0
RZ1|CHK|281|1|33|7|3|0|0|10|7|0|1|0
[You] Deploy Shanks ["OP17-022">OP17-022]
RZ1|282|1|OP17-022|1|6|2|3|1|1|0|0|0
RZ1|CHK|282|1|33|6|4|0|0|10|7|0|1|0
[You] Shanks ["OP17-022">OP17-022]: Activate 1 Don
RZ1|283|1|Don|5|9|5|9|1|1|0|0|0
RZ1|CHK|283|1|33|6|4|0|0|10|7|0|1|0
[You] Shanks ["OP17-022">OP17-022]: Activate 1 Don
RZ1|284|1|Don|5|8|5|8|1|1|0|0|0
RZ1|CHK|284|1|33|6|4|0|0|10|7|0|1|0
[You] Shanks ["OP17-022">OP17-022]: Rest Nami ["OP01-016">OP01-016]
[You] Shanks ["OP17-022">OP17-022]: Rest Roronoa Zoro ["OP13-037">OP13-037]
[You] Shanks ["OP17-022">OP17-022]: Rest Sanji ["ST21-003">ST21-003]
[You] Shanks ["OP17-022">OP17-022] attacking Monkey D. Luffy ["OP13-118">OP13-118]
Shanks ["OP17-022">OP17-022][12000] vs Monkey D. Luffy ["OP13-118">OP13-118][7000]
[Opponent] Monkey D. Luffy ["OP13-118">OP13-118] Destroyed
RZ1|285|2|Don|9|300|5|0|1|1|1|0|0
RZ1|CHK|285|2|33|3|4|3|0|4|6|1|1|6
RZ1|286|2|OP13-118|2|3|6|6|1|1|0|0|0
RZ1|CHK|286|2|33|3|3|3|0|4|7|1|1|6
[You] I Know You're Strong... So I'll Go All Out ["OP13-040">OP13-040]: Rest 1 Don
RZ1|287|1|Don|5|8|5|8|1|1|1|0|0
RZ1|CHK|287|1|33|6|4|0|0|10|7|0|1|0
RZ1|288|1|OP13-040|1|3|6|7|1|1|0|0|0
RZ1|CHK|288|1|33|5|4|0|0|10|8|0|1|0
[You] You Can Be My Samurai!!! ["OP01-055">OP01-055]: Rest Vander Decken IX ["OP06-033">OP06-033]
[You] You Can Be My Samurai!!! ["OP01-055">OP01-055]: Rest Trafalgar Law ["OP13-031">OP13-031]
[You] You Can Be My Samurai!!! ["OP01-055">OP01-055]: Draw 2 Card
[] Drew card from deck: Otama ["OP07-022">OP07-022]
RZ1|289|1|OP07-022|0|32|1|5|1|1|0|0|0
RZ1|CHK|289|1|32|6|4|0|0|10|8|0|1|0
[] Drew card from deck: Otama ["OP07-022">OP07-022]
RZ1|290|1|OP07-022|0|31|1|6|1|1|0|0|0
RZ1|CHK|290|1|31|7|4|0|0|10|8|0|1|0
RZ1|291|1|Don|5|9|5|9|1|1|1|0|0
RZ1|CHK|291|1|31|7|4|0|0|10|8|0|1|0
RZ1|292|1|OP01-055|1|0|6|8|1|1|0|0|0
RZ1|CHK|292|1|31|6|4|0|0|10|9|0|1|0
[You] Dracule Mihawk ["OP14-020">OP14-020] attacking Monkey D. Luffy ["OP13-001">OP13-001]
[Opponent] Discard Usopp ["OP14-022">OP14-022] for Counter 1000
RZ1|293|2|OP14-022|1|1|6|7|1|1|0|0|0
RZ1|CHK|293|2|33|2|3|3|0|4|8|1|1|6
Dracule Mihawk ["OP14-020">OP14-020][5000] vs Monkey D. Luffy ["OP13-001">OP13-001][6000]
Attack Fails
[You] Trafalgar Law ["OP13-031">OP13-031] attacking Monkey D. Luffy ["OP13-001">OP13-001]
Trafalgar Law ["OP13-031">OP13-031][6000] vs Monkey D. Luffy ["OP13-001">OP13-001][5000]
Monkey D. Luffy ["OP13-001">OP13-001] hit for 1 damage
RZ1|294|2|OP14-022|3|2|1|2|1|1|0|0|0
RZ1|CHK|294|2|33|3|3|2|0|4|8|1|1|6
[] Hand: [OP01-055,OP12-023,OP12-023,OP17-031,OP07-022,OP07-022]
[] Board: [OP13-031,OP13-031,OP06-033,OP17-022]
[] Trash: [ST32-002,ST32-002,OP12-023,OP12-023,OP12-034,OP06-038,ST32-001,OP13-040,OP01-055]
[] Life: 0
[] Hand: [OP13-027,EB02-017,OP14-022]
[] Trash: [OP15-035,OP01-016,OP15-035,EB02-017,OP16-004,OP14-022,OP13-118,OP14-022]
[] Board: [OP01-016,OP13-037,ST21-003]
[] Life: 2
[You] End Turn
[] Hand: [OP13-027,EB02-017,OP14-022]
[] Board: [OP01-016,OP13-037,ST21-003]
[] Trash: [OP15-035,OP01-016,OP15-035,EB02-017,OP16-004,OP14-022,OP13-118,OP14-022]
[] Life: 2
[] Hand: [OP01-055,OP12-023,OP12-023,OP17-031,OP07-022,OP07-022]
[] Trash: [ST32-002,ST32-002,OP12-023,OP12-023,OP12-034,OP06-038,ST32-001,OP13-040,OP01-055]
[] Board: [OP13-031,OP13-031,OP06-033,OP17-022]
[] Life: 0
RZ1|295|2|Don|9|9900|5|0|1|1|1|0|0
RZ1|CHK|295|2|33|3|3|2|0|5|8|1|1|5
RZ1|296|2|Don|9|9900|5|0|1|1|1|0|0
RZ1|CHK|296|2|33|3|3|2|0|6|8|1|1|4
RZ1|297|2|Don|9|9900|5|0|1|1|1|0|0
RZ1|CHK|297|2|33|3|3|2|0|7|8|1|1|3
RZ1|298|2|Don|9|9900|5|0|1|1|1|0|0
RZ1|CHK|298|2|33|3|3|2|0|8|8|1|1|2
RZ1|299|2|Don|9|9900|5|0|1|1|1|0|0
RZ1|CHK|299|2|33|3|3|2|0|9|8|1|1|1
RZ1|300|2|Don|9|9900|5|0|1|1|1|0|0
RZ1|CHK|300|2|33|3|3|2|0|10|8|1|1|0
[Opponent] Draw 1 Card
[] Drew card from deck: Roronoa Zoro ["EB04-007">EB04-007]
RZ1|301|2|EB04-007|0|32|1|3|1|1|0|0|0
RZ1|CHK|301|2|32|4|3|2|0|10|8|1|1|0
RZ1|302|2|Don|5|0|9|9900|1|1|0|0|0
RZ1|CHK|302|2|32|4|3|2|0|9|8|1|1|1
[Opponent] Attach 1 Don to Monkey D. Luffy ["OP13-001">OP13-001] (1 Total)
[Opponent] Monkey D. Luffy ["OP13-001">OP13-001] attacking Dracule Mihawk ["OP14-020">OP14-020]
[You] Discard Kawamatsu ["OP12-023">OP12-023] for Counter 2000
RZ1|303|1|OP12-023|1|1|6|9|1|1|0|0|0
RZ1|CHK|303|1|31|5|4|0|0|10|10|0|1|0
Monkey D. Luffy ["OP13-001">OP13-001][6000] vs Dracule Mihawk ["OP14-020">OP14-020][7000]
Attack Fails
RZ1|304|2|Don|5|0|9|100|1|1|0|0|0
RZ1|CHK|304|2|32|4|3|2|0|8|8|1|1|2
[Opponent] Attach 1 Don to Roronoa Zoro ["OP13-037">OP13-037] (1 Total)
[Opponent] Roronoa Zoro ["OP13-037">OP13-037] attacking Dracule Mihawk ["OP14-020">OP14-020]
[You] Discard Yasopp ["OP17-031">OP17-031] for Counter 1000
RZ1|305|1|OP17-031|1|2|6|10|1|1|0|0|0
RZ1|CHK|305|1|31|4|4|0|0|10|11|0|1|0
[You] Discard Kawamatsu ["OP12-023">OP12-023] for Counter 2000
RZ1|306|1|OP12-023|1|1|6|11|1|1|0|0|0
RZ1|CHK|306|1|31|3|4|0|0|10|12|0|1|0
Roronoa Zoro ["OP13-037">OP13-037][6000] vs Dracule Mihawk ["OP14-020">OP14-020][8000]
Attack Fails
RZ1|307|2|Don|5|0|9|0|1|1|0|0|0
RZ1|CHK|307|2|32|4|3|2|0|7|8|1|1|3
RZ1|308|2|Don|5|0|9|1|1|1|0|0|0
RZ1|CHK|308|2|32|4|3|2|0|6|8|1|1|4
RZ1|309|2|Don|5|0|9|2|1|1|0|0|0
RZ1|CHK|309|2|32|4|3|2|0|5|8|1|1|5
[Opponent] Attach 3 Don to Nami ["OP01-016">OP01-016] (3 Total)
[Opponent] Nami ["OP01-016">OP01-016] attacking Dracule Mihawk ["OP14-020">OP14-020]
[You] Discard Otama ["OP07-022">OP07-022] for Counter 2000
RZ1|310|1|OP07-022|1|1|6|12|1|1|0|0|0
RZ1|CHK|310|1|31|2|4|0|0|10|13|0|1|0
Nami ["OP01-016">OP01-016][5000] vs Dracule Mihawk ["OP14-020">OP14-020][7000]
Attack Fails
RZ1|311|2|Don|5|0|9|200|1|1|0|0|0
RZ1|CHK|311|2|32|4|3|2|0|4|8|1|1|6
RZ1|312|2|Don|5|0|9|201|1|1|0|0|0
RZ1|CHK|312|2|32|4|3|2|0|3|8|1|1|7
[Opponent] Attach 2 Don to Sanji ["ST21-003">ST21-003] (2 Total)
[Opponent] Sanji ["ST21-003">ST21-003] attacking Dracule Mihawk ["OP14-020">OP14-020]
[You] Discard Otama ["OP07-022">OP07-022] for Counter 2000
RZ1|313|1|OP07-022|1|1|6|13|1|1|0|0|0
RZ1|CHK|313|1|31|1|4|0|0|10|14|0|1|0
Sanji ["ST21-003">ST21-003][5000] vs Dracule Mihawk ["OP14-020">OP14-020][7000]
Attack Fails
RZ1|314|2|Don|5|0|5|0|1|1|1|0|0
RZ1|CHK|314|2|32|4|3|2|0|3|8|1|1|7
[Opponent] Deploy Nami ["EB02-017">EB02-017]
RZ1|315|2|EB02-017|1|1|2|3|1|1|0|0|0
RZ1|CHK|315|2|32|3|4|2|0|3|8|1|1|7
RZ1|316|2|OP13-040|0|29|1|3|1|1|0|0|0
RZ1|CHK|316|2|31|4|4|2|0|3|8|1|1|7
[Opponent] Nami ["EB02-017">EB02-017]: <b>Reveal and Draw I Know You're Strong... So I'll Go All Out ["OP13-040">OP13-040]</b>
[Opponent] Placing Cards on Bottom of Deck
RZ1|317|2|EB04-007|0|30|0|0|0|0|0|0|0
RZ1|CHK|317|2|31|4|4|2|0|3|8|1|1|7
RZ1|318|2|OP15-035|0|30|0|0|0|0|0|0|0
RZ1|CHK|318|2|31|4|4|2|0|3|8|1|1|7
RZ1|319|2|OP13-040|0|30|0|0|0|0|0|0|0
RZ1|CHK|319|2|31|4|4|2|0|3|8|1|1|7
RZ1|320|2|OP05-038|0|30|0|0|0|0|0|0|0
RZ1|CHK|320|2|31|4|4|2|0|3|8|1|1|7
[Opponent] I Know You're Strong... So I'll Go All Out ["OP13-040">OP13-040]: Rest 1 Don
RZ1|321|2|Don|5|1|5|1|1|1|1|0|0
RZ1|CHK|321|2|31|4|4|2|0|3|8|1|1|7
RZ1|322|2|OP13-040|1|3|6|8|1|1|0|0|0
RZ1|CHK|322|2|31|3|4|2|0|3|9|1|1|7
[Opponent] Thousand Sunny ["ST31-005">ST31-005]: Rest Thousand Sunny ["ST31-005">ST31-005]
[Opponent] Thousand Sunny ["ST31-005">ST31-005]: Attach 1 Rested Don to Monkey D. Luffy ["OP13-001">OP13-001]
RZ1|323|2|Don|5|0|9|9901|1|1|1|0|0
RZ1|CHK|323|2|31|3|4|2|0|2|9|1|1|8
[Opponent] Roronoa Zoro ["OP13-037">OP13-037]: Set Roronoa Zoro ["OP13-037">OP13-037] to Active
[] Hand: [OP13-027,OP14-022,EB04-007]
[] Board: [OP01-016,OP13-037,ST21-003,EB02-017]
[] Trash: [OP15-035,OP01-016,OP15-035,EB02-017,OP16-004,OP14-022,OP13-118,OP14-022,OP13-040]
[] Life: 2
[] Hand: [OP01-055]
[] Trash: [ST32-002,ST32-002,OP12-023,OP12-023,OP12-034,OP06-038,ST32-001,OP13-040,OP01-055,OP12-023,OP17-031,OP12-023,OP07-022,OP07-022]
[] Board: [OP13-031,OP13-031,OP06-033,OP17-022]
[] Life: 0
[Opponent] End Turn
[] Hand: [OP01-055]
[] Board: [OP13-031,OP13-031,OP06-033,OP17-022]
[] Trash: [ST32-002,ST32-002,OP12-023,OP12-023,OP12-034,OP06-038,ST32-001,OP13-040,OP01-055,OP12-023,OP17-031,OP12-023,OP07-022,OP07-022]
[] Life: 0
[] Hand: [OP13-027,OP14-022,EB04-007]
[] Trash: [OP15-035,OP01-016,OP15-035,EB02-017,OP16-004,OP14-022,OP13-118,OP14-022,OP13-040]
[] Board: [OP01-016,OP13-037,ST21-003,EB02-017]
[] Life: 2
[You] Draw 1 Card
[] Drew card from deck: You Can Be My Samurai!!! ["OP01-055">OP01-055]
RZ1|324|1|OP01-055|0|30|1|1|1|1|0|0|0
RZ1|CHK|324|1|30|2|4|0|0|10|14|0|1|0
[You] Dracule Mihawk ["OP14-020">OP14-020] attacking Monkey D. Luffy ["OP13-001">OP13-001]
[Opponent] Discard Usopp ["OP14-022">OP14-022] for Counter 1000
RZ1|325|2|OP14-022|1|1|6|9|1|1|0|0|0
RZ1|CHK|325|2|31|2|4|2|0|2|10|1|1|8
Dracule Mihawk ["OP14-020">OP14-020][5000] vs Monkey D. Luffy ["OP13-001">OP13-001][6000]
Attack Fails
[You] Trafalgar Law ["OP13-031">OP13-031] attacking Monkey D. Luffy ["OP13-001">OP13-001]
Trafalgar Law ["OP13-031">OP13-031][6000] vs Monkey D. Luffy ["OP13-001">OP13-001][5000]
Monkey D. Luffy ["OP13-001">OP13-001] hit for 1 damage
RZ1|326|2|OP05-038|3|1|1|2|1|1|0|0|0
RZ1|CHK|326|2|31|3|4|1|0|2|10|1|1|8
[Opponent] Charlestone ["OP05-038">OP05-038]: Activate Trigger
RZ1|327|2|OP05-038|1|2|6|10|1|1|0|0|0
RZ1|CHK|327|2|31|2|4|1|0|2|11|1|1|8
[Opponent] Charlestone ["OP05-038">OP05-038]: Rest Vander Decken IX ["OP06-033">OP06-033]
[You] Shanks ["OP17-022">OP17-022] attacking Monkey D. Luffy ["OP13-001">OP13-001]
Shanks ["OP17-022">OP17-022][12000] vs Monkey D. Luffy ["OP13-001">OP13-001][5000]
Monkey D. Luffy ["OP13-001">OP13-001] hit for 1 damage
RZ1|328|2|OP13-027|3|0|1|2|1|1|0|0|0
RZ1|CHK|328|2|31|3|4|0|0|2|11|1|1|8
[You] Trafalgar Law ["OP13-031">OP13-031] attacking Monkey D. Luffy ["OP13-001">OP13-001]
Trafalgar Law ["OP13-031">OP13-031][6000] vs Monkey D. Luffy ["OP13-001">OP13-001][5000]
Monkey D. Luffy ["OP13-001">OP13-001] hit for 1 damage
[Opponent] <b>Downloaded the Combat Log!</b>
GameOver