Version is 1.43a.3
[You] Leader is Edward Newgate ["OP02-001">OP02-001]
[Opponent] Leader is Portgas D. Ace ["OP16-001">OP16-001]
RZ1|2|2|OP17-017|0|41|0|0|0|0|0|0|0
RZ1|CHK|2|2|50|0|0|0|10|0|0|0|1|0
RZ1|3|2|OP16-021|0|47|0|1|0|0|0|0|0
RZ1|CHK|3|2|50|0|0|0|10|0|0|0|1|0
RZ1|4|2|OP16-004|0|29|0|2|0|0|0|0|0
RZ1|CHK|4|2|50|0|0|0|10|0|0|0|1|0
RZ1|5|2|OP16-118|0|17|0|3|0|0|0|0|0
RZ1|CHK|5|2|50|0|0|0|10|0|0|0|1|0
RZ1|6|2|OP17-006|0|32|0|4|0|0|0|0|0
RZ1|CHK|6|2|50|0|0|0|10|0|0|0|1|0
RZ1|7|2|ST23-001|0|29|0|5|0|0|0|0|0
RZ1|CHK|7|2|50|0|0|0|10|0|0|0|1|0
RZ1|8|2|OP10-015|0|11|0|6|0|0|0|0|0
RZ1|CHK|8|2|50|0|0|0|10|0|0|0|1|0
RZ1|9|2|OP16-004|0|30|0|7|0|0|0|0|0
RZ1|CHK|9|2|50|0|0|0|10|0|0|0|1|0
RZ1|10|2|OP17-005|0|39|0|8|0|0|0|0|0
RZ1|CHK|10|2|50|0|0|0|10|0|0|0|1|0
RZ1|11|2|OP16-003|0|39|0|9|0|0|0|0|0
RZ1|CHK|11|2|50|0|0|0|10|0|0|0|1|0
RZ1|12|2|OP16-118|0|23|0|10|0|0|0|0|0
RZ1|CHK|12|2|50|0|0|0|10|0|0|0|1|0
RZ1|13|2|OP16-004|0|34|0|11|0|0|0|0|0
RZ1|CHK|13|2|50|0|0|0|10|0|0|0|1|0
RZ1|14|2|OP13-016|0|14|0|12|0|0|0|0|0
RZ1|CHK|14|2|50|0|0|0|10|0|0|0|1|0
RZ1|15|2|OP16-011|0|26|0|13|0|0|0|0|0
RZ1|CHK|15|2|50|0|0|0|10|0|0|0|1|0
RZ1|16|2|ST23-001|0|32|0|14|0|0|0|0|0
RZ1|CHK|16|2|50|0|0|0|10|0|0|0|1|0
RZ1|17|2|OP16-003|0|38|0|15|0|0|0|0|0
RZ1|CHK|17|2|50|0|0|0|10|0|0|0|1|0
RZ1|18|2|OP16-015|0|22|0|16|0|0|0|0|0
RZ1|CHK|18|2|50|0|0|0|10|0|0|0|1|0
RZ1|19|2|OP17-017|0|43|0|17|0|0|0|0|0
RZ1|CHK|19|2|50|0|0|0|10|0|0|0|1|0
RZ1|20|2|OP16-015|0|24|0|18|0|0|0|0|0
RZ1|CHK|20|2|50|0|0|0|10|0|0|0|1|0
RZ1|21|2|OP16-118|0|28|0|19|0|0|0|0|0
RZ1|CHK|21|2|50|0|0|0|10|0|0|0|1|0
RZ1|22|2|OP16-014|0|31|0|20|0|0|0|0|0
RZ1|CHK|22|2|50|0|0|0|10|0|0|0|1|0
RZ1|23|2|OP10-015|0|25|0|21|0|0|0|0|0
RZ1|CHK|23|2|50|0|0|0|10|0|0|0|1|0
RZ1|24|2|ST23-001|0|35|0|22|0|0|0|0|0
RZ1|CHK|24|2|50|0|0|0|10|0|0|0|1|0
RZ1|25|2|OP10-015|0|27|0|23|0|0|0|0|0
RZ1|CHK|25|2|50|0|0|0|10|0|0|0|1|0
RZ1|26|2|OP17-006|0|38|0|24|0|0|0|0|0
RZ1|CHK|26|2|50|0|0|0|10|0|0|0|1|0
RZ1|27|2|OP13-016|0|26|0|25|0|0|0|0|0
RZ1|CHK|27|2|50|0|0|0|10|0|0|0|1|0
RZ1|28|2|OP17-006|0|39|0|26|0|0|0|0|0
RZ1|CHK|28|2|50|0|0|0|10|0|0|0|1|0
RZ1|29|2|OP16-014|0|36|0|27|0|0|0|0|0
RZ1|CHK|29|2|50|0|0|0|10|0|0|0|1|0
RZ1|30|2|OP17-005|0|42|0|28|0|0|0|0|0
RZ1|CHK|30|2|50|0|0|0|10|0|0|0|1|0
RZ1|31|2|OP16-021|0|48|0|29|0|0|0|0|0
RZ1|CHK|31|2|50|0|0|0|10|0|0|0|1|0
RZ1|32|2|OP17-005|0|43|0|30|0|0|0|0|0
RZ1|CHK|32|2|50|0|0|0|10|0|0|0|1|0
RZ1|33|2|OP16-021|0|48|0|31|0|0|0|0|0
RZ1|CHK|33|2|50|0|0|0|10|0|0|0|1|0
RZ1|34|2|OP16-118|0|37|0|32|0|0|0|0|0
RZ1|CHK|34|2|50|0|0|0|10|0|0|0|1|0
RZ1|35|2|OP13-016|0|34|0|33|0|0|0|0|0
RZ1|CHK|35|2|50|0|0|0|10|0|0|0|1|0
RZ1|36|2|OP16-003|0|44|0|34|0|0|0|0|0
RZ1|CHK|36|2|50|0|0|0|10|0|0|0|1|0
RZ1|37|2|OP16-011|0|39|0|35|0|0|0|0|0
RZ1|CHK|37|2|50|0|0|0|10|0|0|0|1|0
RZ1|38|2|ST30-016|0|47|0|37|0|0|0|0|0
RZ1|CHK|38|2|50|0|0|0|10|0|0|0|1|0
RZ1|39|2|OP17-006|0|45|0|38|0|0|0|0|0
RZ1|CHK|39|2|50|0|0|0|10|0|0|0|1|0
RZ1|40|2|OP16-004|0|45|0|39|0|0|0|0|0
RZ1|CHK|40|2|50|0|0|0|10|0|0|0|1|0
RZ1|41|2|OP17-005|0|46|0|40|0|0|0|0|0
RZ1|CHK|41|2|50|0|0|0|10|0|0|0|1|0
RZ1|42|2|OP16-021|0|49|0|41|0|0|0|0|0
RZ1|CHK|42|2|50|0|0|0|10|0|0|0|1|0
RZ1|43|2|OP16-014|0|46|0|42|0|0|0|0|0
RZ1|CHK|43|2|50|0|0|0|10|0|0|0|1|0
RZ1|44|2|ST23-001|0|47|0|44|0|0|0|0|0
RZ1|CHK|44|2|50|0|0|0|10|0|0|0|1|0
[] Drew card from deck: Moby Dick ["OP02-024">OP02-024]
RZ1|45|1|OP02-024|0|49|1|0|1|1|0|0|0
RZ1|CHK|45|1|49|1|0|0|10|0|0|0|1|0
[] Drew card from deck: Guard Point ["ST01-014">ST01-014]
RZ1|46|1|ST01-014|0|48|1|1|1|1|0|0|0
RZ1|CHK|46|1|48|2|0|0|10|0|0|0|1|0
[] Drew card from deck: Jozu ["OP02-008">OP02-008]
RZ1|47|1|OP02-008|0|47|1|2|1|1|0|0|0
RZ1|CHK|47|1|47|3|0|0|10|0|0|0|1|0
[] Drew card from deck: Radical Beam!! ["OP01-029">OP01-029]
RZ1|48|1|OP01-029|0|46|1|3|1|1|0|0|0
RZ1|CHK|48|1|46|4|0|0|10|0|0|0|1|0
[] Drew card from deck: Marco ["OP02-018">OP02-018]
RZ1|49|1|OP02-018|0|45|1|4|1|1|0|0|0
RZ1|CHK|49|1|45|5|0|0|10|0|0|0|1|0
[] Drew card from deck: Can You Still Fight, Luffy? Of Course!! ["ST30-016">ST30-016]
RZ1|50|2|ST30-016|0|49|1|0|1|1|0|0|0
RZ1|CHK|50|2|49|1|0|0|10|0|0|0|1|0
[] Drew card from deck: Gurararararara! ["OP17-017">OP17-017]
RZ1|51|2|OP17-017|0|48|1|1|1|1|0|0|0
RZ1|CHK|51|2|48|2|0|0|10|0|0|0|1|0
[] Drew card from deck: Marco ["OP16-014">OP16-014]
RZ1|52|2|OP16-014|0|47|1|2|1|1|0|0|0
RZ1|CHK|52|2|47|3|0|0|10|0|0|0|1|0
[] Drew card from deck: Monkey D. Luffy ["OP16-015">OP16-015]
RZ1|53|2|OP16-015|0|46|1|3|1|1|0|0|0
RZ1|CHK|53|2|46|4|0|0|10|0|0|0|1|0
[] Drew card from deck: Monkey D. Luffy ["OP16-015">OP16-015]
RZ1|54|2|OP16-015|0|45|1|4|1|1|0|0|0
RZ1|CHK|54|2|45|5|0|0|10|0|0|0|1|0
RZ1|55|1|OP02-007|0|44|3|0|1|0|0|0|0
RZ1|CHK|55|1|44|5|0|1|10|0|0|0|1|0
RZ1|56|1|OP02-024|0|43|3|1|1|0|0|0|0
RZ1|CHK|56|1|43|5|0|2|10|0|0|0|1|0
RZ1|57|1|ST01-014|0|42|3|2|1|0|0|0|0
RZ1|CHK|57|1|42|5|0|3|10|0|0|0|1|0
RZ1|58|1|OP03-013|0|41|3|3|1|0|0|0|0
RZ1|CHK|58|1|41|5|0|4|10|0|0|0|1|0
RZ1|59|1|OP01-029|0|40|3|4|1|0|0|0|0
RZ1|CHK|59|1|40|5|0|5|10|0|0|0|1|0
RZ1|60|1|OP03-003|0|39|3|5|1|0|0|0|0
RZ1|CHK|60|1|39|5|0|6|10|0|0|0|1|0
RZ1|61|2|ST23-001|0|44|3|0|0|1|0|0|0
RZ1|CHK|61|2|44|5|0|1|10|0|0|0|1|0
RZ1|62|2|OP10-015|0|43|3|1|0|1|0|0|0
RZ1|CHK|62|2|43|5|0|2|10|0|0|0|1|0
RZ1|63|2|OP16-014|0|42|3|2|0|1|0|0|0
RZ1|CHK|63|2|42|5|0|3|10|0|0|0|1|0
RZ1|64|2|OP16-021|0|41|3|3|0|1|0|0|0
RZ1|CHK|64|2|41|5|0|4|10|0|0|0|1|0
RZ1|65|2|OP17-005|0|40|3|4|0|1|0|0|0
RZ1|CHK|65|2|40|5|0|5|10|0|0|0|1|0
[] Hand: [OP02-024,ST01-014,OP02-008,OP01-029,OP02-018]
[] Board: []
[] Trash: []
[] Life: 6
[] Hand: [ST30-016,OP17-017,OP16-014,OP16-015,OP16-015]
[] Trash: []
[] Board: []
[] Life: 5
RZ1|66|1|Don|4|9|5|0|1|1|0|0|0
RZ1|CHK|66|1|39|5|0|6|9|1|0|0|1|0
[You] Draw 1 Don
[You] Loses 1 Life
RZ1|67|1|OP03-003|3|5|1|5|1|1|0|0|0
RZ1|CHK|67|1|39|6|0|5|9|1|0|0|1|0
[] Hand: [OP02-024,ST01-014,OP02-008,OP01-029,OP02-018,OP03-003]
[] Board: []
[] Trash: []
[] Life: 5
[] Hand: [ST30-016,OP17-017,OP16-014,OP16-015,OP16-015]
[] Trash: []
[] Board: []
[] Life: 5
[You] End Turn
[] Hand: [ST30-016,OP17-017,OP16-014,OP16-015,OP16-015]
[] Board: []
[] Trash: []
[] Life: 5
[] Hand: [OP02-024,ST01-014,OP02-008,OP01-029,OP02-018,OP03-003]
[] Trash: []
[] Board: []
[] Life: 5
[Opponent] Draw 1 Card
[] Drew card from deck: Curiel ["OP16-004">OP16-004]
RZ1|68|2|OP16-004|0|39|1|5|1|1|0|0|0
RZ1|CHK|68|2|39|6|0|5|10|0|0|0|1|0
RZ1|69|2|Don|4|9|5|0|1|1|0|0|0
RZ1|CHK|69|2|39|6|0|5|9|1|0|0|1|0
RZ1|70|2|Don|4|8|5|1|1|1|0|0|0
RZ1|CHK|70|2|39|6|0|5|8|2|0|0|1|0
[Opponent] Draw 2 Don
[] Hand: [ST30-016,OP17-017,OP16-014,OP16-015,OP16-015,OP16-004]
[] Board: []
[] Trash: []
[] Life: 5
[] Hand: [OP02-024,ST01-014,OP02-008,OP01-029,OP02-018,OP03-003]
[] Trash: []
[] Board: []
[] Life: 5
[Opponent] End Turn
[] Hand: [OP02-024,ST01-014,OP02-008,OP01-029,OP02-018,OP03-003]
[] Board: []
[] Trash: []
[] Life: 5
[] Hand: [ST30-016,OP17-017,OP16-014,OP16-015,OP16-015,OP16-004]
[] Trash: []
[] Board: []
[] Life: 5
[You] Draw 1 Card
[] Drew card from deck: Edward Newgate ["OP02-004">OP02-004]
RZ1|71|1|OP02-004|0|38|1|6|1|1|0|0|0
RZ1|CHK|71|1|38|7|0|5|9|1|0|0|1|0
RZ1|72|1|Don|4|8|5|1|1|1|0|0|0
RZ1|CHK|72|1|38|7|0|5|8|2|0|0|1|0
RZ1|73|1|Don|4|7|5|2|1|1|0|0|0
RZ1|CHK|73|1|38|7|0|5|7|3|0|0|1|0
[You] Draw 2 Don
[You] Edward Newgate ["OP02-001">OP02-001] attacking Portgas D. Ace ["OP16-001">OP16-001]
Edward Newgate ["OP02-001">OP02-001][6000] vs Portgas D. Ace ["OP16-001">OP16-001][5000]
Portgas D. Ace ["OP16-001">OP16-001] hit for 1 damage
RZ1|74|2|OP17-005|3|4|1|6|1|1|0|0|0
RZ1|CHK|74|2|39|7|0|4|8|2|0|0|1|0
RZ1|75|1|Don|5|0|5|0|1|1|1|0|0
RZ1|CHK|75|1|38|7|0|5|7|3|0|0|1|0
[You] Deploy Izou ["OP03-003">OP03-003]
RZ1|76|1|OP03-003|1|5|2|0|1|1|0|0|0
RZ1|CHK|76|1|38|6|1|5|7|3|0|0|1|0
[You] Izou ["OP03-003">OP03-003]: <b>Reveal and Draw Whitebeard Pirates ["OP02-022">OP02-022]</b>
RZ1|77|1|OP02-022|0|34|1|6|1|1|0|0|0
RZ1|CHK|77|1|37|7|1|5|7|3|0|0|1|0
RZ1|78|1|OP01-029|0|36|0|0|0|0|0|0|0
RZ1|CHK|78|1|37|7|1|5|7|3|0|0|1|0
RZ1|79|1|OP03-003|0|36|0|0|0|0|0|0|0
RZ1|CHK|79|1|37|7|1|5|7|3|0|0|1|0
RZ1|80|1|OP02-007|0|36|0|0|0|0|0|0|0
RZ1|CHK|80|1|37|7|1|5|7|3|0|0|1|0
RZ1|81|1|OP02-018|0|36|0|0|0|0|0|0|0
RZ1|CHK|81|1|37|7|1|5|7|3|0|0|1|0
RZ1|82|1|Don|5|1|5|1|1|1|1|0|0
RZ1|CHK|82|1|37|7|1|5|7|3|0|0|1|0
RZ1|83|1|Don|5|2|5|2|1|1|1|0|0
RZ1|CHK|83|1|37|7|1|5|7|3|0|0|1|0
[You] Deploy Moby Dick ["OP02-024">OP02-024]
RZ1|84|1|OP02-024|1|0|7|0|1|1|0|0|0
RZ1|CHK|84|1|37|6|1|5|7|3|0|1|1|0
[You] Loses 1 Life
RZ1|85|1|OP01-029|3|4|1|6|1|1|0|0|0
RZ1|CHK|85|1|37|7|1|4|7|3|0|1|1|0
[] Hand: [ST01-014,OP02-008,OP01-029,OP02-018,OP02-004,OP02-022,OP01-029]
[] Board: [OP03-003]
[] Trash: []
[] Life: 4
[] Hand: [ST30-016,OP17-017,OP16-014,OP16-015,OP16-015,OP16-004,OP17-005]
[] Trash: []
[] Board: []
[] Life: 4
[You] End Turn
[] Hand: [ST30-016,OP17-017,OP16-014,OP16-015,OP16-015,OP16-004,OP17-005]
[] Board: []
[] Trash: []
[] Life: 4
[] Hand: [ST01-014,OP02-008,OP01-029,OP02-018,OP02-004,OP02-022,OP01-029]
[] Trash: []
[] Board: [OP03-003]
[] Life: 4
[Opponent] Draw 1 Card
[] Drew card from deck: Kingdew ["OP17-006">OP17-006]
RZ1|86|2|OP17-006|0|38|1|7|1|1|0|0|0
RZ1|CHK|86|2|38|8|0|4|8|2|0|0|1|0
RZ1|87|2|Don|4|7|5|2|1|1|0|0|0
RZ1|CHK|87|2|38|8|0|4|7|3|0|0|1|0
RZ1|88|2|Don|4|6|5|3|1|1|0|0|0
RZ1|CHK|88|2|38|8|0|4|6|4|0|0|1|0
[Opponent] Draw 2 Don
RZ1|89|2|Don|5|0|5|0|1|1|1|0|0
RZ1|CHK|89|2|38|8|0|4|6|4|0|0|1|0
RZ1|90|2|Don|5|1|5|1|1|1|1|0|0
RZ1|CHK|90|2|38|8|0|4|6|4|0|0|1|0
RZ1|91|2|Don|5|2|5|2|1|1|1|0|0
RZ1|CHK|91|2|38|8|0|4|6|4|0|0|1|0
RZ1|92|2|Don|5|3|5|3|1|1|1|0|0
RZ1|CHK|92|2|38|8|0|4|6|4|0|0|1|0
[Opponent] Deploy Monkey D. Luffy ["OP16-015">OP16-015]
RZ1|93|2|OP16-015|1|3|2|0|1|1|0|0|0
RZ1|CHK|93|2|38|7|1|4|6|4|0|0|1|0
[] Hand: [ST30-016,OP17-017,OP16-014,OP16-015,OP16-004,OP17-005,OP17-006]
[] Board: [OP16-015]
[] Trash: []
[] Life: 4
[] Hand: [ST01-014,OP02-008,OP01-029,OP02-018,OP02-004,OP02-022,OP01-029]
[] Trash: []
[] Board: [OP03-003]
[] Life: 4
[Opponent] End Turn
[] Hand: [ST01-014,OP02-008,OP01-029,OP02-018,OP02-004,OP02-022,OP01-029]
[] Board: [OP03-003]
[] Trash: []
[] Life: 4
[] Hand: [ST30-016,OP17-017,OP16-014,OP16-015,OP16-004,OP17-005,OP17-006]
[] Trash: []
[] Board: [OP16-015]
[] Life: 4
[You] Draw 1 Card
[] Drew card from deck: Edward Newgate ["OP02-004">OP02-004]
RZ1|94|1|OP02-004|0|36|1|7|1|1|0|0|0
RZ1|CHK|94|1|36|8|1|4|7|3|0|1|1|0
RZ1|95|1|Don|4|6|5|3|1|1|0|0|0
RZ1|CHK|95|1|36|8|1|4|6|4|0|1|1|0
RZ1|96|1|Don|4|5|5|4|1|1|0|0|0
RZ1|CHK|96|1|36|8|1|4|5|5|0|1|1|0
[You] Draw 2 Don
[You] Edward Newgate ["OP02-001">OP02-001] attacking Portgas D. Ace ["OP16-001">OP16-001]
RZ1|97|2|OP16-014|1|2|6|0|1|1|0|0|0
RZ1|CHK|97|2|38|6|1|4|6|4|1|0|1|0
[Opponent] Monkey D. Luffy ["OP16-015">OP16-015]: Trash Marco ["OP16-014">OP16-014]
[Opponent] Monkey D. Luffy ["OP16-015">OP16-015]: Set Monkey D. Luffy ["OP16-015">OP16-015] Base Power to 1000
[Opponent] Monkey D. Luffy ["OP16-015">OP16-015]: Set Portgas D. Ace ["OP16-001">OP16-001] Base Power to 2000
Edward Newgate ["OP02-001">OP02-001][6000] vs Portgas D. Ace ["OP16-001">OP16-001][7000]
Attack Fails
RZ1|98|1|Don|5|0|9|0|1|1|0|0|0
RZ1|CHK|98|1|36|8|1|4|5|4|0|1|1|1
RZ1|99|1|Don|5|0|9|1|1|1|0|0|0
RZ1|CHK|99|1|36|8|1|4|5|3|0|1|1|2
RZ1|100|1|Don|5|0|9|2|1|1|0|0|0
RZ1|CHK|100|1|36|8|1|4|5|2|0|1|1|3
RZ1|101|1|Don|5|0|9|3|1|1|0|0|0
RZ1|CHK|101|1|36|8|1|4|5|1|0|1|1|4
RZ1|102|1|Don|5|0|9|4|1|1|0|0|0
RZ1|CHK|102|1|36|8|1|4|5|0|0|1|1|5
[You] Attach 5 Don to Izou ["OP03-003">OP03-003] (5 Total)
[You] Izou ["OP03-003">OP03-003] attacking Portgas D. Ace ["OP16-001">OP16-001]
RZ1|103|2|OP16-004|1|3|6|1|1|1|0|0|0
RZ1|CHK|103|2|38|5|1|4|6|4|2|0|1|0
[Opponent] Monkey D. Luffy ["OP16-015">OP16-015]: Trash Curiel ["OP16-004">OP16-004]
[Opponent] Monkey D. Luffy ["OP16-015">OP16-015]: Set Monkey D. Luffy ["OP16-015">OP16-015] Base Power to 1000
[Opponent] Monkey D. Luffy ["OP16-015">OP16-015]: Set Portgas D. Ace ["OP16-001">OP16-001] Base Power to 2000
[Opponent] Discard Kingdew ["OP17-006">OP17-006] for Counter 2000
RZ1|104|2|OP17-006|1|4|6|2|1|1|0|0|0
RZ1|CHK|104|2|38|4|1|4|6|4|3|0|1|0
Izou ["OP03-003">OP03-003][7000] vs Portgas D. Ace ["OP16-001">OP16-001][9000]
Attack Fails
[You] Loses 1 Life
RZ1|105|1|OP03-013|3|3|1|8|1|1|0|0|0
RZ1|CHK|105|1|36|9|1|3|5|0|0|1|1|5
[] Hand: [ST01-014,OP02-008,OP01-029,OP02-018,OP02-004,OP02-022,OP01-029,OP02-004,OP03-013]
[] Board: [OP03-003]
[] Trash: []
[] Life: 3
[] Hand: [ST30-016,OP17-017,OP16-015,OP17-005]
[] Trash: [OP16-014,OP16-004,OP17-006]
[] Board: [OP16-015]
[] Life: 4
[You] End Turn
[] Hand: [ST30-016,OP17-017,OP16-015,OP17-005]
[] Board: [OP16-015]
[] Trash: [OP16-014,OP16-004,OP17-006]
[] Life: 4
[] Hand: [ST01-014,OP02-008,OP01-029,OP02-018,OP02-004,OP02-022,OP01-029,OP02-004,OP03-013]
[] Trash: []
[] Board: [OP03-003]
[] Life: 3
[Opponent] Draw 1 Card
[] Drew card from deck: Can You Still Fight, Luffy? Of Course!! ["ST30-016">ST30-016]
RZ1|106|2|ST30-016|0|37|1|4|1|1|0|0|0
RZ1|CHK|106|2|37|5|1|4|6|4|3|0|1|0
RZ1|107|2|Don|4|5|5|4|1|1|0|0|0
RZ1|CHK|107|2|37|5|1|4|5|5|3|0|1|0
RZ1|108|2|Don|4|4|5|5|1|1|0|0|0
RZ1|CHK|108|2|37|5|1|4|4|6|3|0|1|0
[Opponent] Draw 2 Don
RZ1|109|2|Don|5|0|5|0|1|1|1|0|0
RZ1|CHK|109|2|37|5|1|4|4|6|3|0|1|0
RZ1|110|2|Don|5|1|5|1|1|1|1|0|0
RZ1|CHK|110|2|37|5|1|4|4|6|3|0|1|0
[Opponent] Deploy Monkey D. Luffy ["OP16-015">OP16-015]
RZ1|111|2|OP16-015|1|2|2|1|1|1|0|0|0
RZ1|CHK|111|2|37|4|2|4|4|6|3|0|1|0
RZ1|112|2|Don|5|2|9|9900|1|1|0|0|0
RZ1|CHK|112|2|37|4|2|4|4|5|3|0|1|1
RZ1|113|2|Don|5|2|9|9901|1|1|0|0|0
RZ1|CHK|113|2|37|4|2|4|4|4|3|0|1|2
[Opponent] Attach 2 Don to Portgas D. Ace ["OP16-001">OP16-001] (2 Total)
[Opponent] Portgas D. Ace ["OP16-001">OP16-001] attacking Edward Newgate ["OP02-001">OP02-001]
[You] Discard Jozu ["OP02-008">OP02-008] for Counter 2000
RZ1|114|1|OP02-008|1|1|6|0|1|1|0|0|0
RZ1|CHK|114|1|36|8|1|3|5|0|1|1|1|5
Portgas D. Ace ["OP16-001">OP16-001][7000] vs Edward Newgate ["OP02-001">OP02-001][8000]
Attack Fails
RZ1|115|2|Don|5|2|9|0|1|1|0|0|0
RZ1|CHK|115|2|37|4|2|4|4|3|3|0|1|3
[Opponent] Attach 1 Don to Monkey D. Luffy ["OP16-015">OP16-015] (1 Total)
[Opponent] Monkey D. Luffy ["OP16-015">OP16-015] attacking Edward Newgate ["OP02-001">OP02-001]
[You] Discard Marco ["OP02-018">OP02-018] for Counter 1000
RZ1|116|1|OP02-018|1|2|6|1|1|1|0|0|0
RZ1|CHK|116|1|36|7|1|3|5|0|2|1|1|5
[You] Discard Marco ["OP03-013">OP03-013] for Counter 1000
RZ1|117|1|OP03-013|1|6|6|2|1|1|0|0|0
RZ1|CHK|117|1|36|6|1|3|5|0|3|1|1|5
Monkey D. Luffy ["OP16-015">OP16-015][7000] vs Edward Newgate ["OP02-001">OP02-001][8000]
Attack Fails
[] Hand: [ST30-016,OP17-017,OP17-005,ST30-016]
[] Board: [OP16-015,OP16-015]
[] Trash: [OP16-014,OP16-004,OP17-006]
[] Life: 4
[] Hand: [ST01-014,OP01-029,OP02-004,OP02-022,OP01-029,OP02-004]
[] Trash: [OP02-008,OP02-018,OP03-013]
[] Board: [OP03-003]
[] Life: 3
[Opponent] End Turn
[] Hand: [ST01-014,OP01-029,OP02-004,OP02-022,OP01-029,OP02-004]
[] Board: [OP03-003]
[] Trash: [OP02-008,OP02-018,OP03-013]
[] Life: 3
[] Hand: [ST30-016,OP17-017,OP17-005,ST30-016]
[] Trash: [OP16-014,OP16-004,OP17-006]
[] Board: [OP16-015,OP16-015]
[] Life: 4
RZ1|118|1|Don|9|0|5|0|1|1|1|0|0
RZ1|CHK|118|1|36|6|1|3|5|1|3|1|1|4
RZ1|119|1|Don|9|0|5|0|1|1|1|0|0
RZ1|CHK|119|1|36|6|1|3|5|2|3|1|1|3
RZ1|120|1|Don|9|0|5|0|1|1|1|0|0
RZ1|CHK|120|1|36|6|1|3|5|3|3|1|1|2
RZ1|121|1|Don|9|0|5|0|1|1|1|0|0
RZ1|CHK|121|1|36|6|1|3|5|4|3|1|1|1
RZ1|122|1|Don|9|0|5|0|1|1|1|0|0
RZ1|CHK|122|1|36|6|1|3|5|5|3|1|1|0
[You] Draw 1 Card
[] Drew card from deck: Marco ["OP03-013">OP03-013]
RZ1|123|1|OP03-013|0|35|1|6|1|1|0|0|0
RZ1|CHK|123|1|35|7|1|3|5|5|3|1|1|0
RZ1|124|1|Don|4|4|5|5|1|1|0|0|0
RZ1|CHK|124|1|35|7|1|3|4|6|3|1|1|0
RZ1|125|1|Don|4|3|5|6|1|1|0|0|0
RZ1|CHK|125|1|35|7|1|3|3|7|3|1|1|0
[You] Draw 2 Don
RZ1|126|1|Don|5|0|5|0|1|1|1|0|0
RZ1|CHK|126|1|35|7|1|3|3|7|3|1|1|0
RZ1|127|1|Don|5|1|5|1|1|1|1|0|0
RZ1|CHK|127|1|35|7|1|3|3|7|3|1|1|0
RZ1|128|1|Don|5|2|5|2|1|1|1|0|0
RZ1|CHK|128|1|35|7|1|3|3|7|3|1|1|0
RZ1|129|1|Don|5|3|5|3|1|1|1|0|0
RZ1|CHK|129|1|35|7|1|3|3|7|3|1|1|0
RZ1|130|1|Don|5|4|5|4|1|1|1|0|0
RZ1|CHK|130|1|35|7|1|3|3|7|3|1|1|0
[You] Deploy Marco ["OP03-013">OP03-013]
RZ1|131|1|OP03-013|1|6|2|1|1|1|0|0|0
RZ1|CHK|131|1|35|6|2|3|3|7|3|1|1|0
[You] Edward Newgate ["OP02-001">OP02-001] attacking Portgas D. Ace ["OP16-001">OP16-001]
[Opponent] Can You Still Fight, Luffy? Of Course!! ["ST30-016">ST30-016]: Activate Counter
[Opponent] Can You Still Fight, Luffy? Of Course!! ["ST30-016">ST30-016]: Rest 1 Don
RZ1|132|2|Don|5|2|5|2|1|1|1|0|0
RZ1|CHK|132|2|37|4|2|4|4|3|3|0|1|3
RZ1|133|2|ST30-016|1|0|6|3|1|1|0|0|0
RZ1|CHK|133|2|37|3|2|4|4|3|4|0|1|3
[Opponent] Can You Still Fight, Luffy? Of Course!! ["ST30-016">ST30-016]: Buff Portgas D. Ace ["OP16-001">OP16-001] 3000 for the Combat
Edward Newgate ["OP02-001">OP02-001][6000] vs Portgas D. Ace ["OP16-001">OP16-001][8000]
Attack Fails
[You] Whitebeard Pirates ["OP02-022">OP02-022]: <b>Reveal and Draw Marco ["OP02-018">OP02-018]</b>
RZ1|134|1|OP02-018|0|32|1|6|1|1|0|0|0
RZ1|CHK|134|1|34|7|2|3|3|7|3|1|1|0
RZ1|135|1|OP02-003|0|33|0|0|0|0|0|0|0
RZ1|CHK|135|1|34|7|2|3|3|7|3|1|1|0
RZ1|136|1|OP02-004|0|33|0|0|0|0|0|0|0
RZ1|CHK|136|1|34|7|2|3|3|7|3|1|1|0
RZ1|137|1|OP02-022|0|33|0|0|0|0|0|0|0
RZ1|CHK|137|1|34|7|2|3|3|7|3|1|1|0
RZ1|138|1|OP02-004|0|33|0|0|0|0|0|0|0
RZ1|CHK|138|1|34|7|2|3|3|7|3|1|1|0
RZ1|139|1|Don|5|5|5|5|1|1|1|0|0
RZ1|CHK|139|1|34|7|2|3|3|7|3|1|1|0
RZ1|140|1|OP02-022|1|3|6|3|1|1|0|0|0
RZ1|CHK|140|1|34|6|2|3|3|7|4|1|1|0
[You] Loses 1 Life
RZ1|141|1|ST01-014|3|2|1|6|1|1|0|0|0
RZ1|CHK|141|1|34|7|2|2|3|7|4|1|1|0
[] Hand: [ST01-014,OP01-029,OP02-004,OP01-029,OP02-004,OP02-018,ST01-014]
[] Board: [OP03-003,OP03-013]
[] Trash: [OP02-008,OP02-018,OP03-013,OP02-022]
[] Life: 2
[] Hand: [OP17-017,OP17-005,ST30-016]
[] Trash: [OP16-014,OP16-004,OP17-006,ST30-016]
[] Board: [OP16-015,OP16-015]
[] Life: 4
[You] End Turn
[] Hand: [OP17-017,OP17-005,ST30-016]
[] Board: [OP16-015,OP16-015]
[] Trash: [OP16-014,OP16-004,OP17-006,ST30-016]
[] Life: 4
[] Hand: [ST01-014,OP01-029,OP02-004,OP01-029,OP02-004,OP02-018,ST01-014]
[] Trash: [OP02-008,OP02-018,OP03-013,OP02-022]
[] Board: [OP03-003,OP03-013]
[] Life: 2
RZ1|142|2|Don|9|9900|5|0|1|1|1|0|0
RZ1|CHK|142|2|37|3|2|4|4|4|4|0|1|2
RZ1|143|2|Don|9|9900|5|0|1|1|1|0|0
RZ1|CHK|143|2|37|3|2|4|4|5|4|0|1|1
RZ1|144|2|Don|9|0|5|0|1|1|1|0|0
RZ1|CHK|144|2|37|3|2|4|4|6|4|0|1|0
[Opponent] Draw 1 Card
[] Drew card from deck: Monkey D. Garp ["OP13-016">OP13-016]
RZ1|145|2|OP13-016|0|36|1|3|1|1|0|0|0
RZ1|CHK|145|2|36|4|2|4|4|6|4|0|1|0
RZ1|146|2|Don|4|3|5|6|1|1|0|0|0
RZ1|CHK|146|2|36|4|2|4|3|7|4|0|1|0
RZ1|147|2|Don|4|2|5|7|1|1|0|0|0
RZ1|CHK|147|2|36|4|2|4|2|8|4|0|1|0
[Opponent] Draw 2 Don
RZ1|148|2|Don|5|0|9|9900|1|1|0|0|0
RZ1|CHK|148|2|36|4|2|4|2|7|4|0|1|1
RZ1|149|2|Don|5|0|9|9901|1|1|0|0|0
RZ1|CHK|149|2|36|4|2|4|2|6|4|0|1|2
[Opponent] Attach 2 Don to Portgas D. Ace ["OP16-001">OP16-001] (2 Total)
[Opponent] Portgas D. Ace ["OP16-001">OP16-001] attacking Edward Newgate ["OP02-001">OP02-001]
[You] Guard Point ["ST01-014">ST01-014]: Activate Counter
[You] Guard Point ["ST01-014">ST01-014]: Rest 1 Don
RZ1|150|1|Don|5|6|5|6|1|1|1|0|0
RZ1|CHK|150|1|34|7|2|2|3|7|4|1|1|0
RZ1|151|1|ST01-014|1|0|6|4|1|1|0|0|0
RZ1|CHK|151|1|34|6|2|2|3|7|5|1|1|0
[You] Guard Point ["ST01-014">ST01-014]: Buff Edward Newgate ["OP02-001">OP02-001] 3000 for the Combat
Portgas D. Ace ["OP16-001">OP16-001][7000] vs Edward Newgate ["OP02-001">OP02-001][9000]
Attack Fails
RZ1|152|2|Don|5|0|9|0|1|1|0|0|0
RZ1|CHK|152|2|36|4|2|4|2|5|4|0|1|3
[Opponent] Attach 1 Don to Monkey D. Luffy ["OP16-015">OP16-015] (1 Total)
[Opponent] Monkey D. Luffy ["OP16-015">OP16-015] attacking Edward Newgate ["OP02-001">OP02-001]
Monkey D. Luffy ["OP16-015">OP16-015][7000] vs Edward Newgate ["OP02-001">OP02-001][6000]
Edward Newgate ["OP02-001">OP02-001] hit for 1 damage
RZ1|153|1|OP02-024|3|1|1|6|1|1|0|0|0
RZ1|CHK|153|1|34|7|2|1|3|7|5|1|1|0
RZ1|154|2|Don|5|0|9|100|1|1|0|0|0
RZ1|CHK|154|2|36|4|2|4|2|4|4|0|1|4
[Opponent] Attach 1 Don to Monkey D. Luffy ["OP16-015">OP16-015] (1 Total)
[Opponent] Monkey D. Luffy ["OP16-015">OP16-015] attacking Edward Newgate ["OP02-001">OP02-001]
Monkey D. Luffy ["OP16-015">OP16-015][7000] vs Edward Newgate ["OP02-001">OP02-001][6000]
Edward Newgate ["OP02-001">OP02-001] hit for 1 damage
RZ1|155|1|OP02-007|3|0|1|7|1|1|0|0|0
RZ1|CHK|155|1|34|8|2|0|3|7|5|1|1|0
RZ1|156|2|Don|5|0|5|0|1|1|1|0|0
RZ1|CHK|156|2|36|4|2|4|2|4|4|0|1|4
[Opponent] Deploy Monkey D. Garp ["OP13-016">OP13-016]
RZ1|157|2|OP13-016|1|3|2|2|1|1|0|0|0
RZ1|CHK|157|2|36|3|3|4|2|4|4|0|1|4
RZ1|158|2|OP16-118|0|32|1|3|1|1|0|0|0
RZ1|CHK|158|2|35|4|3|4|2|4|4|0|1|4
[Opponent] Monkey D. Garp ["OP13-016">OP13-016]: <b>Reveal and Draw Portgas D. Ace ["OP16-118">OP16-118]</b>
[Opponent] Placing Cards on Bottom of Deck
RZ1|159|2|OP16-011|0|34|0|0|0|0|0|0|0
RZ1|CHK|159|2|35|4|3|4|2|4|4|0|1|4
RZ1|160|2|OP16-003|0|34|0|0|0|0|0|0|0
RZ1|CHK|160|2|35|4|3|4|2|4|4|0|1|4
RZ1|161|2|OP13-016|0|34|0|0|0|0|0|0|0
RZ1|CHK|161|2|35|4|3|4|2|4|4|0|1|4
[] Hand: [OP17-017,OP17-005,ST30-016,OP16-118]
[] Board: [OP16-015,OP16-015,OP13-016]
[] Trash: [OP16-014,OP16-004,OP17-006,ST30-016]
[] Life: 4
[] Hand: [OP01-029,OP02-004,OP01-029,OP02-004,OP02-018,ST01-014,OP02-024,OP02-007]
[] Trash: [OP02-008,OP02-018,OP03-013,OP02-022,ST01-014]
[] Board: [OP03-003,OP03-013]
[] Life: 0
[Opponent] End Turn
[] Hand: [OP01-029,OP02-004,OP01-029,OP02-004,OP02-018,ST01-014,OP02-024,OP02-007]
[] Board: [OP03-003,OP03-013]
[] Trash: [OP02-008,OP02-018,OP03-013,OP02-022,ST01-014]
[] Life: 0
[] Hand: [OP17-017,OP17-005,ST30-016,OP16-118]
[] Trash: [OP16-014,OP16-004,OP17-006,ST30-016]
[] Board: [OP16-015,OP16-015,OP13-016]
[] Life: 4
[You] Draw 1 Card
[] Drew card from deck: Makino ["OP02-015">OP02-015]
RZ1|162|1|OP02-015|0|33|1|8|1|1|0|0|0
RZ1|CHK|162|1|33|9|2|0|3|7|5|1|1|0
RZ1|163|1|Don|4|2|5|7|1|1|0|0|0
RZ1|CHK|163|1|33|9|2|0|2|8|5|1|1|0
RZ1|164|1|Don|4|1|5|8|1|1|0|0|0
RZ1|CHK|164|1|33|9|2|0|1|9|5|1|1|0
[You] Draw 2 Don
RZ1|165|1|Don|5|0|9|9900|1|1|0|0|0
RZ1|CHK|165|1|33|9|2|0|1|8|5|1|1|1
RZ1|166|1|Don|5|0|9|9901|1|1|0|0|0
RZ1|CHK|166|1|33|9|2|0|1|7|5|1|1|2
[You] Attach 2 Don to Edward Newgate ["OP02-001">OP02-001] (2 Total)
RZ1|167|1|Don|5|0|5|0|1|1|1|0|0
RZ1|CHK|167|1|33|9|2|0|1|7|5|1|1|2
RZ1|168|1|Don|5|1|5|1|1|1|1|0|0
RZ1|CHK|168|1|33|9|2|0|1|7|5|1|1|2
RZ1|169|1|Don|5|2|5|2|1|1|1|0|0
RZ1|CHK|169|1|33|9|2|0|1|7|5|1|1|2
RZ1|170|1|Don|5|3|5|3|1|1|1|0|0
RZ1|CHK|170|1|33|9|2|0|1|7|5|1|1|2
RZ1|171|1|Don|5|4|5|4|1|1|1|0|0
RZ1|CHK|171|1|33|9|2|0|1|7|5|1|1|2
RZ1|172|1|Don|5|5|5|5|1|1|1|0|0
RZ1|CHK|172|1|33|9|2|0|1|7|5|1|1|2
[You] Deploy Thatch ["OP02-007">OP02-007]
RZ1|173|1|OP02-007|1|7|2|2|1|1|0|2000|0
RZ1|CHK|173|1|33|8|3|0|1|7|5|1|1|2
RZ1|174|1|Don|5|6|9|9902|1|1|0|0|0
RZ1|CHK|174|1|33|8|3|0|1|6|5|1|1|3
[You] Attach 1 Don to Edward Newgate ["OP02-001">OP02-001] (3 Total)
[You] Edward Newgate ["OP02-001">OP02-001] attacking Portgas D. Ace ["OP16-001">OP16-001]
Edward Newgate ["OP02-001">OP02-001][11000] vs Portgas D. Ace ["OP16-001">OP16-001][5000]
Portgas D. Ace ["OP16-001">OP16-001] hit for 1 damage
RZ1|175|2|OP16-021|3|3|1|4|1|1|0|0|0
RZ1|CHK|175|2|35|5|3|3|2|4|4|0|1|4
[You] Marco ["OP03-013">OP03-013] attacking Monkey D. Luffy ["OP16-015">OP16-015]
[Opponent] Can You Still Fight, Luffy? Of Course!! ["ST30-016">ST30-016]: Activate Counter
[Opponent] Can You Still Fight, Luffy? Of Course!! ["ST30-016">ST30-016]: Rest 1 Don
RZ1|176|2|Don|5|1|5|1|1|1|1|0|0
RZ1|CHK|176|2|35|5|3|3|2|4|4|0|1|4
RZ1|177|2|ST30-016|1|2|6|4|1|1|0|0|0
RZ1|CHK|177|2|35|4|3|3|2|4|5|0|1|4
[Opponent] Can You Still Fight, Luffy? Of Course!! ["ST30-016">ST30-016]: Buff Monkey D. Luffy ["OP16-015">OP16-015] 3000 for the Combat
Marco ["OP03-013">OP03-013][8000] vs Monkey D. Luffy ["OP16-015">OP16-015][9000]
Attack Fails
[] Hand: [OP01-029,OP02-004,OP01-029,OP02-004,OP02-018,ST01-014,OP02-024,OP02-015]
[] Board: [OP03-003,OP03-013,OP02-007]
[] Trash: [OP02-008,OP02-018,OP03-013,OP02-022,ST01-014]
[] Life: 0
[] Hand: [OP17-017,OP17-005,OP16-118,OP16-021]
[] Trash: [OP16-014,OP16-004,OP17-006,ST30-016,ST30-016]
[] Board: [OP16-015,OP16-015,OP13-016]
[] Life: 3
[You] End Turn
[] Hand: [OP17-017,OP17-005,OP16-118,OP16-021]
[] Board: [OP16-015,OP16-015,OP13-016]
[] Trash: [OP16-014,OP16-004,OP17-006,ST30-016,ST30-016]
[] Life: 3
[] Hand: [OP01-029,OP02-004,OP01-029,OP02-004,OP02-018,ST01-014,OP02-024,OP02-015]
[] Trash: [OP02-008,OP02-018,OP03-013,OP02-022,ST01-014]
[] Board: [OP03-003,OP03-013,OP02-007]
[] Life: 0
RZ1|178|2|Don|9|9900|5|0|1|1|1|0|0
RZ1|CHK|178|2|35|4|3|3|2|5|5|0|1|3
RZ1|179|2|Don|9|9900|5|0|1|1|1|0|0
RZ1|CHK|179|2|35|4|3|3|2|6|5|0|1|2
RZ1|180|2|Don|9|0|5|0|1|1|1|0|0
RZ1|CHK|180|2|35|4|3|3|2|7|5|0|1|1
RZ1|181|2|Don|9|100|5|0|1|1|1|0|0
RZ1|CHK|181|2|35|4|3|3|2|8|5|0|1|0
[Opponent] Draw 1 Card
[] Drew card from deck: Moby Dick ["OP16-021">OP16-021]
RZ1|182|2|OP16-021|0|34|1|4|1|1|0|0|0
RZ1|CHK|182|2|34|5|3|3|2|8|5|0|1|0
RZ1|183|2|Don|4|1|5|8|1|1|0|0|0
RZ1|CHK|183|2|34|5|3|3|1|9|5|0|1|0
RZ1|184|2|Don|4|0|5|9|1|1|0|0|0
RZ1|CHK|184|2|34|5|3|3|0|10|5|0|1|0
[Opponent] Draw 2 Don
RZ1|185|2|Don|5|0|9|9900|1|1|0|0|0
RZ1|CHK|185|2|34|5|3|3|0|9|5|0|1|1
RZ1|186|2|Don|5|0|9|9901|1|1|0|0|0
RZ1|CHK|186|2|34|5|3|3|0|8|5|0|1|2
[Opponent] Attach 2 Don to Portgas D. Ace ["OP16-001">OP16-001] (2 Total)
[Opponent] Portgas D. Ace ["OP16-001">OP16-001] attacking Edward Newgate ["OP02-001">OP02-001]
[You] Discard Makino ["OP02-015">OP02-015] for Counter 2000
RZ1|187|1|OP02-015|1|7|6|5|1|1|0|0|0
RZ1|CHK|187|1|33|7|3|0|1|6|6|1|1|3
Portgas D. Ace ["OP16-001">OP16-001][7000] vs Edward Newgate ["OP02-001">OP02-001][8000]
Attack Fails
RZ1|188|2|Don|5|0|9|0|1|1|0|0|0
RZ1|CHK|188|2|34|5|3|3|0|7|5|0|1|3
[Opponent] Attach 1 Don to Monkey D. Luffy ["OP16-015">OP16-015] (1 Total)
[Opponent] Monkey D. Luffy ["OP16-015">OP16-015] attacking Edward Newgate ["OP02-001">OP02-001]
Monkey D. Luffy ["OP16-015">OP16-015][7000] vs Edward Newgate ["OP02-001">OP02-001][6000]
Edward Newgate ["OP02-001">OP02-001] hit for 1 damage
[You] <b>Downloaded the Combat Log!</b>
GameOver