Version is 1.43a.1
[You] Leader is Edward Newgate ["OP02-001">OP02-001]
[Opponent] Leader is Marshall D. Teach ["OP09-081">OP09-081]
RZ1|2|2|OP16-114|0|18|0|0|0|0|0|0|0
RZ1|CHK|2|2|50|0|0|0|10|0|0|0|1|0
RZ1|3|2|OP16-107|0|21|0|1|0|0|0|0|0
RZ1|CHK|3|2|50|0|0|0|10|0|0|0|1|0
RZ1|4|2|EB04-058|0|29|0|2|0|0|0|0|0
RZ1|CHK|4|2|50|0|0|0|10|0|0|0|1|0
RZ1|5|2|OP06-115|0|45|0|3|0|0|0|0|0
RZ1|CHK|5|2|50|0|0|0|10|0|0|0|1|0
RZ1|6|2|OP09-093|0|12|0|4|0|0|0|0|0
RZ1|CHK|6|2|50|0|0|0|10|0|0|0|1|0
RZ1|7|2|OP09-099|0|48|0|5|0|0|0|0|0
RZ1|CHK|7|2|50|0|0|0|10|0|0|0|1|0
RZ1|8|2|OP16-106|0|29|0|6|0|0|0|0|0
RZ1|CHK|8|2|50|0|0|0|10|0|0|0|1|0
RZ1|9|2|OP16-110|0|23|0|7|0|0|0|0|0
RZ1|CHK|9|2|50|0|0|0|10|0|0|0|1|0
RZ1|10|2|OP09-095|0|11|0|8|0|0|0|0|0
RZ1|CHK|10|2|50|0|0|0|10|0|0|0|1|0
RZ1|11|2|OP16-104|0|29|0|9|0|0|0|0|0
RZ1|CHK|11|2|50|0|0|0|10|0|0|0|1|0
RZ1|12|2|OP16-108|0|35|0|10|0|0|0|0|0
RZ1|CHK|12|2|50|0|0|0|10|0|0|0|1|0
RZ1|13|2|OP09-093|0|17|0|11|0|0|0|0|0
RZ1|CHK|13|2|50|0|0|0|10|0|0|0|1|0
RZ1|14|2|OP06-115|0|46|0|12|0|0|0|0|0
RZ1|CHK|14|2|50|0|0|0|10|0|0|0|1|0
RZ1|15|2|OP16-116|0|47|0|13|0|0|0|0|0
RZ1|CHK|15|2|50|0|0|0|10|0|0|0|1|0
RZ1|16|2|OP16-119|0|41|0|14|0|0|0|0|0
RZ1|CHK|16|2|50|0|0|0|10|0|0|0|1|0
RZ1|17|2|OP16-119|0|41|0|15|0|0|0|0|0
RZ1|CHK|17|2|50|0|0|0|10|0|0|0|1|0
RZ1|18|2|OP09-091|0|19|0|16|0|0|0|0|0
RZ1|CHK|18|2|50|0|0|0|10|0|0|0|1|0
RZ1|19|2|OP09-095|0|18|0|17|0|0|0|0|0
RZ1|CHK|19|2|50|0|0|0|10|0|0|0|1|0
RZ1|20|2|OP16-110|0|28|0|18|0|0|0|0|0
RZ1|CHK|20|2|50|0|0|0|10|0|0|0|1|0
RZ1|21|2|OP16-108|0|40|0|20|0|0|0|0|0
RZ1|CHK|21|2|50|0|0|0|10|0|0|0|1|0
RZ1|22|2|OP10-098|0|47|0|21|0|0|0|0|0
RZ1|CHK|22|2|50|0|0|0|10|0|0|0|1|0
RZ1|23|2|OP16-119|0|43|0|22|0|0|0|0|0
RZ1|CHK|23|2|50|0|0|0|10|0|0|0|1|0
RZ1|24|2|OP16-104|0|35|0|23|0|0|0|0|0
RZ1|CHK|24|2|50|0|0|0|10|0|0|0|1|0
RZ1|25|2|OP16-108|0|43|0|24|0|0|0|0|0
RZ1|CHK|25|2|50|0|0|0|10|0|0|0|1|0
RZ1|26|2|OP09-096|0|47|0|25|0|0|0|0|0
RZ1|CHK|26|2|50|0|0|0|10|0|0|0|1|0
RZ1|27|2|OP16-104|0|39|0|26|0|0|0|0|0
RZ1|CHK|27|2|50|0|0|0|10|0|0|0|1|0
RZ1|28|2|OP16-107|0|38|0|27|0|0|0|0|0
RZ1|CHK|28|2|50|0|0|0|10|0|0|0|1|0
RZ1|29|2|OP16-116|0|48|0|28|0|0|0|0|0
RZ1|CHK|29|2|50|0|0|0|10|0|0|0|1|0
RZ1|30|2|EB04-058|0|44|0|29|0|0|0|0|0
RZ1|CHK|30|2|50|0|0|0|10|0|0|0|1|0
RZ1|31|2|OP16-108|0|45|0|30|0|0|0|0|0
RZ1|CHK|31|2|50|0|0|0|10|0|0|0|1|0
RZ1|32|2|OP09-093|0|34|0|31|0|0|0|0|0
RZ1|CHK|32|2|50|0|0|0|10|0|0|0|1|0
RZ1|33|2|OP16-104|0|42|0|32|0|0|0|0|0
RZ1|CHK|33|2|50|0|0|0|10|0|0|0|1|0
RZ1|34|2|OP16-114|0|42|0|33|0|0|0|0|0
RZ1|CHK|34|2|50|0|0|0|10|0|0|0|1|0
RZ1|35|2|OP09-093|0|36|0|34|0|0|0|0|0
RZ1|CHK|35|2|50|0|0|0|10|0|0|0|1|0
RZ1|36|2|OP09-091|0|36|0|35|0|0|0|0|0
RZ1|CHK|36|2|50|0|0|0|10|0|0|0|1|0
RZ1|37|2|OP09-099|0|49|0|36|0|0|0|0|0
RZ1|CHK|37|2|50|0|0|0|10|0|0|0|1|0
RZ1|38|2|EB04-058|0|46|0|37|0|0|0|0|0
RZ1|CHK|38|2|50|0|0|0|10|0|0|0|1|0
RZ1|39|2|OP16-109|0|42|0|38|0|0|0|0|0
RZ1|CHK|39|2|50|0|0|0|10|0|0|0|1|0
RZ1|40|2|OP16-110|0|44|0|39|0|0|0|0|0
RZ1|CHK|40|2|50|0|0|0|10|0|0|0|1|0
RZ1|41|2|OP16-109|0|41|0|40|0|0|0|0|0
RZ1|CHK|41|2|50|0|0|0|10|0|0|0|1|0
RZ1|42|2|OP09-096|0|48|0|41|0|0|0|0|0
RZ1|CHK|42|2|50|0|0|0|10|0|0|0|1|0
RZ1|43|2|OP16-110|0|45|0|43|0|0|0|0|0
RZ1|CHK|43|2|50|0|0|0|10|0|0|0|1|0
RZ1|44|2|EB04-058|0|47|0|44|0|0|0|0|0
RZ1|CHK|44|2|50|0|0|0|10|0|0|0|1|0
RZ1|45|2|OP09-096|0|49|0|45|0|0|0|0|0
RZ1|CHK|45|2|50|0|0|0|10|0|0|0|1|0
RZ1|46|2|OP16-119|0|49|0|46|0|0|0|0|0
RZ1|CHK|46|2|50|0|0|0|10|0|0|0|1|0
RZ1|47|2|OP16-106|0|49|0|48|0|0|0|0|0
RZ1|CHK|47|2|50|0|0|0|10|0|0|0|1|0
[] Drew card from deck: Otama ["OP01-006">OP01-006]
RZ1|48|1|OP01-006|0|49|1|0|1|1|0|0|0
RZ1|CHK|48|1|49|1|0|0|10|0|0|0|1|0
[] Drew card from deck: Edward Newgate ["OP02-004">OP02-004]
RZ1|49|1|OP02-004|0|48|1|1|1|1|0|0|0
RZ1|CHK|49|1|48|2|0|0|10|0|0|0|1|0
[] Drew card from deck: Radical Beam!! ["OP01-029">OP01-029]
RZ1|50|1|OP01-029|0|47|1|2|1|1|0|0|0
RZ1|CHK|50|1|47|3|0|0|10|0|0|0|1|0
[] Drew card from deck: Jozu ["OP02-008">OP02-008]
RZ1|51|1|OP02-008|0|46|1|3|1|1|0|0|0
RZ1|CHK|51|1|46|4|0|0|10|0|0|0|1|0
[] Drew card from deck: Guard Point ["ST01-014">ST01-014]
RZ1|52|1|ST01-014|0|45|1|4|1|1|0|0|0
RZ1|CHK|52|1|45|5|0|0|10|0|0|0|1|0
[] Drew card from deck: Doc Q ["OP16-109">OP16-109]
RZ1|53|2|OP16-109|0|49|1|0|1|1|0|0|0
RZ1|CHK|53|2|49|1|0|0|10|0|0|0|1|0
[] Drew card from deck: Sanjuan Wolf ["OP16-106">OP16-106]
RZ1|54|2|OP16-106|0|48|1|1|1|1|0|0|0
RZ1|CHK|54|2|48|2|0|0|10|0|0|0|1|0
[] Drew card from deck: Doc Q ["OP16-109">OP16-109]
RZ1|55|2|OP16-109|0|47|1|2|1|1|0|0|0
RZ1|CHK|55|2|47|3|0|0|10|0|0|0|1|0
[] Drew card from deck: Marshall D. Teach ["OP16-119">OP16-119]
RZ1|56|2|OP16-119|0|46|1|3|1|1|0|0|0
RZ1|CHK|56|2|46|4|0|0|10|0|0|0|1|0
[] Drew card from deck: This is MY AGE!!!! ["OP09-096">OP09-096]
RZ1|57|2|OP09-096|0|45|1|4|1|1|0|0|0
RZ1|CHK|57|2|45|5|0|0|10|0|0|0|1|0
RZ1|58|1|OP01-029|0|44|3|0|1|0|0|0|0
RZ1|CHK|58|1|44|5|0|1|10|0|0|0|1|0
RZ1|59|1|OP02-008|0|43|3|1|1|0|0|0|0
RZ1|CHK|59|1|43|5|0|2|10|0|0|0|1|0
RZ1|60|1|OP02-018|0|42|3|2|1|0|0|0|0
RZ1|CHK|60|1|42|5|0|3|10|0|0|0|1|0
RZ1|61|1|OP02-013|0|41|3|3|1|0|0|0|0
RZ1|CHK|61|1|41|5|0|4|10|0|0|0|1|0
RZ1|62|1|OP02-024|0|40|3|4|1|0|0|0|0
RZ1|CHK|62|1|40|5|0|5|10|0|0|0|1|0
RZ1|63|1|OP02-007|0|39|3|5|1|0|0|0|0
RZ1|CHK|63|1|39|5|0|6|10|0|0|0|1|0
RZ1|64|2|EB04-058|0|44|3|0|0|1|0|0|0
RZ1|CHK|64|2|44|5|0|1|10|0|0|0|1|0
RZ1|65|2|OP16-110|0|43|3|1|0|1|0|0|0
RZ1|CHK|65|2|43|5|0|2|10|0|0|0|1|0
RZ1|66|2|OP09-095|0|42|3|2|0|1|0|0|0
RZ1|CHK|66|2|42|5|0|3|10|0|0|0|1|0
RZ1|67|2|OP09-096|0|41|3|3|0|1|0|0|0
RZ1|CHK|67|2|41|5|0|4|10|0|0|0|1|0
RZ1|68|2|OP16-109|0|40|3|4|0|1|0|0|0
RZ1|CHK|68|2|40|5|0|5|10|0|0|0|1|0
[] Hand: [OP01-006,OP02-004,OP01-029,OP02-008,ST01-014]
[] Board: []
[] Trash: []
[] Life: 6
[] Hand: [OP16-109,OP16-106,OP16-109,OP16-119,OP09-096]
[] Trash: []
[] Board: []
[] Life: 5
RZ1|69|1|Don|4|9|5|0|1|1|0|0|0
RZ1|CHK|69|1|39|5|0|6|9|1|0|0|1|0
[You] Draw 1 Don
RZ1|70|1|Don|5|0|5|0|1|1|1|0|0
RZ1|CHK|70|1|39|5|0|6|9|1|0|0|1|0
[You] Deploy Otama ["OP01-006">OP01-006]
RZ1|71|1|OP01-006|1|0|2|0|1|1|0|0|0
RZ1|CHK|71|1|39|4|1|6|9|1|0|0|1|0
[You] Loses 1 Life
RZ1|72|1|OP02-007|3|5|1|4|1|1|0|0|0
RZ1|CHK|72|1|39|5|1|5|9|1|0|0|1|0
[] Hand: [OP02-004,OP01-029,OP02-008,ST01-014,OP02-007]
[] Board: [OP01-006]
[] Trash: []
[] Life: 5
[] Hand: [OP16-109,OP16-106,OP16-109,OP16-119,OP09-096]
[] Trash: []
[] Board: []
[] Life: 5
[You] End Turn
[] Hand: [OP16-109,OP16-106,OP16-109,OP16-119,OP09-096]
[] Board: []
[] Trash: []
[] Life: 5
[] Hand: [OP02-004,OP01-029,OP02-008,ST01-014,OP02-007]
[] Trash: []
[] Board: [OP01-006]
[] Life: 5
[Opponent] Draw 1 Card
[] Drew card from deck: Vasco Shot ["OP16-110">OP16-110]
RZ1|73|2|OP16-110|0|39|1|5|1|1|0|0|0
RZ1|CHK|73|2|39|6|0|5|10|0|0|0|1|0
RZ1|74|2|Don|4|9|5|0|1|1|0|0|0
RZ1|CHK|74|2|39|6|0|5|9|1|0|0|1|0
RZ1|75|2|Don|4|8|5|1|1|1|0|0|0
RZ1|CHK|75|2|39|6|0|5|8|2|0|0|1|0
[Opponent] Draw 2 Don
RZ1|76|2|Don|5|0|5|0|1|1|1|0|0
RZ1|CHK|76|2|39|6|0|5|8|2|0|0|1|0
[Opponent] Deploy Vasco Shot ["OP16-110">OP16-110]
RZ1|77|2|OP16-110|1|5|2|0|1|1|0|0|0
RZ1|CHK|77|2|39|5|1|5|8|2|0|0|1|0
RZ1|78|2|OP16-106|1|1|6|0|1|1|0|0|0
RZ1|CHK|78|2|39|4|1|5|8|2|1|0|1|0
[Opponent] Marshall D. Teach ["OP09-081">OP09-081]: Trash Sanjuan Wolf ["OP16-106">OP16-106]
[Opponent] Marshall D. Teach ["OP09-081">OP09-081]: Opponent can't activate On Play abilities next turn!
[Opponent] This is MY AGE!!!! ["OP09-096">OP09-096]: Rest 1 Don
RZ1|79|2|Don|5|1|5|1|1|1|1|0|0
RZ1|CHK|79|2|39|4|1|5|8|2|1|0|1|0
RZ1|80|2|OP09-096|1|3|6|1|1|1|0|0|0
RZ1|CHK|80|2|39|3|1|5|8|2|2|0|1|0
RZ1|81|2|OP16-109|0|38|1|3|1|1|0|0|0
RZ1|CHK|81|2|38|4|1|5|8|2|2|0|1|0
[Opponent] This is MY AGE!!!! ["OP09-096">OP09-096]: <b>Reveal and Draw Doc Q ["OP16-109">OP16-109]</b>
[Opponent] This is MY AGE!!!! ["OP09-096">OP09-096]: Trash 2 Remaining Cards
RZ1|82|2|EB04-058|0|37|6|2|1|1|0|0|0
RZ1|CHK|82|2|37|4|1|5|8|2|3|0|1|0
RZ1|83|2|OP09-099|0|36|6|3|1|1|0|0|0
RZ1|CHK|83|2|36|4|1|5|8|2|4|0|1|0
[] Hand: [OP16-109,OP16-109,OP16-119,OP16-109]
[] Board: [OP16-110]
[] Trash: [OP16-106,OP09-096,EB04-058,OP09-099]
[] Life: 5
[] Hand: [OP02-004,OP01-029,OP02-008,ST01-014,OP02-007]
[] Trash: []
[] Board: [OP01-006]
[] Life: 5
[Opponent] End Turn
[] Hand: [OP02-004,OP01-029,OP02-008,ST01-014,OP02-007]
[] Board: [OP01-006]
[] Trash: []
[] Life: 5
[] Hand: [OP16-109,OP16-109,OP16-119,OP16-109]
[] Trash: [OP16-106,OP09-096,EB04-058,OP09-099]
[] Board: [OP16-110]
[] Life: 5
[You] Draw 1 Card
[] Drew card from deck: Otama ["OP01-006">OP01-006]
RZ1|84|1|OP01-006|0|38|1|5|1|1|0|0|0
RZ1|CHK|84|1|38|6|1|5|9|1|0|0|1|0
RZ1|85|1|Don|4|8|5|1|1|1|0|0|0
RZ1|CHK|85|1|38|6|1|5|8|2|0|0|1|0
RZ1|86|1|Don|4|7|5|2|1|1|0|0|0
RZ1|CHK|86|1|38|6|1|5|7|3|0|0|1|0
[You] Draw 2 Don
RZ1|87|1|Don|5|0|9|9900|1|1|0|0|0
RZ1|CHK|87|1|38|6|1|5|7|2|0|0|1|1
[You] Attach 1 Don to Edward Newgate ["OP02-001">OP02-001] (1 Total)
[You] Edward Newgate ["OP02-001">OP02-001] attacking Marshall D. Teach ["OP09-081">OP09-081]
Edward Newgate ["OP02-001">OP02-001][7000] vs Marshall D. Teach ["OP09-081">OP09-081][5000]
Marshall D. Teach ["OP09-081">OP09-081] hit for 1 damage
RZ1|88|2|OP16-109|3|4|1|4|1|1|0|0|0
RZ1|CHK|88|2|36|5|1|4|8|2|4|0|1|0
[Opponent] Doc Q ["OP16-109">OP16-109]: Activate Trigger
RZ1|89|2|OP16-109|1|4|6|4|1|1|0|0|0
RZ1|CHK|89|2|36|4|1|4|8|2|5|0|1|0
[] Drew card from deck: Vasco Shot ["OP09-091">OP09-091]
RZ1|90|2|OP09-091|0|35|1|4|1|1|0|0|0
RZ1|CHK|90|2|35|5|1|4|8|2|5|0|1|0
[Opponent] Doc Q ["OP16-109">OP16-109]: Draw 1 Card
RZ1|91|1|Don|5|0|5|0|1|1|1|0|0
RZ1|CHK|91|1|38|6|1|5|7|2|0|0|1|1
[You] Deploy Otama ["OP01-006">OP01-006]
RZ1|92|1|OP01-006|1|5|2|1|1|1|0|0|0
RZ1|CHK|92|1|38|5|2|5|7|2|0|0|1|1
[You] Loses 1 Life
RZ1|93|1|OP02-024|3|4|1|5|1|1|0|0|0
RZ1|CHK|93|1|38|6|2|4|7|2|0|0|1|1
[] Hand: [OP02-004,OP01-029,OP02-008,ST01-014,OP02-007,OP02-024]
[] Board: [OP01-006,OP01-006]
[] Trash: []
[] Life: 4
[] Hand: [OP16-109,OP16-109,OP16-119,OP16-109,OP09-091]
[] Trash: [OP16-106,OP09-096,EB04-058,OP09-099,OP16-109]
[] Board: [OP16-110]
[] Life: 4
[You] End Turn
[] Hand: [OP16-109,OP16-109,OP16-119,OP16-109,OP09-091]
[] Board: [OP16-110]
[] Trash: [OP16-106,OP09-096,EB04-058,OP09-099,OP16-109]
[] Life: 4
[] Hand: [OP02-004,OP01-029,OP02-008,ST01-014,OP02-007,OP02-024]
[] Trash: []
[] Board: [OP01-006,OP01-006]
[] Life: 4
[Opponent] Draw 1 Card
[] Drew card from deck: Marshall D. Teach ["OP09-093">OP09-093]
RZ1|94|2|OP09-093|0|34|1|5|1|1|0|0|0
RZ1|CHK|94|2|34|6|1|4|8|2|5|0|1|0
RZ1|95|2|Don|4|7|5|2|1|1|0|0|0
RZ1|CHK|95|2|34|6|1|4|7|3|5|0|1|0
RZ1|96|2|Don|4|6|5|3|1|1|0|0|0
RZ1|CHK|96|2|34|6|1|4|6|4|5|0|1|0
[Opponent] Draw 2 Don
RZ1|97|2|Don|5|0|9|9900|1|1|0|0|0
RZ1|CHK|97|2|34|6|1|4|6|3|5|0|1|1
[Opponent] Attach 1 Don to Marshall D. Teach ["OP09-081">OP09-081] (1 Total)
[Opponent] Marshall D. Teach ["OP09-081">OP09-081] attacking Edward Newgate ["OP02-001">OP02-001]
Marshall D. Teach ["OP09-081">OP09-081][6000] vs Edward Newgate ["OP02-001">OP02-001][6000]
Edward Newgate ["OP02-001">OP02-001] hit for 1 damage
RZ1|98|1|OP02-013|3|3|1|6|1|1|0|0|0
RZ1|CHK|98|1|38|7|2|3|7|2|0|0|1|1
RZ1|99|2|Don|5|0|5|0|1|1|1|0|0
RZ1|CHK|99|2|34|6|1|4|6|3|5|0|1|1
RZ1|100|2|Don|5|1|5|1|1|1|1|0|0
RZ1|CHK|100|2|34|6|1|4|6|3|5|0|1|1
[Opponent] Deploy Vasco Shot ["OP09-091">OP09-091]
RZ1|101|2|OP09-091|1|4|2|1|1|1|0|0|0
RZ1|CHK|101|2|34|5|2|4|6|3|5|0|1|1
RZ1|102|2|OP16-109|1|0|6|5|1|1|0|0|0
RZ1|CHK|102|2|34|4|2|4|6|3|6|0|1|1
[Opponent] Marshall D. Teach ["OP09-081">OP09-081]: Trash Doc Q ["OP16-109">OP16-109]
[Opponent] Marshall D. Teach ["OP09-081">OP09-081]: Opponent can't activate On Play abilities next turn!
RZ1|103|2|Don|5|2|5|2|1|1|1|0|0
RZ1|CHK|103|2|34|4|2|4|6|3|6|0|1|1
[Opponent] Deploy Doc Q ["OP16-109">OP16-109]
RZ1|104|2|OP16-109|1|0|2|2|1|1|0|0|0
RZ1|CHK|104|2|34|3|3|4|6|3|6|0|1|1
[] Hand: [OP16-119,OP16-109,OP09-093]
[] Board: [OP16-110,OP09-091,OP16-109]
[] Trash: [OP16-106,OP09-096,EB04-058,OP09-099,OP16-109,OP16-109]
[] Life: 4
[] Hand: [OP02-004,OP01-029,OP02-008,ST01-014,OP02-007,OP02-024,OP02-013]
[] Trash: []
[] Board: [OP01-006,OP01-006]
[] Life: 3
[Opponent] End Turn
[] Hand: [OP02-004,OP01-029,OP02-008,ST01-014,OP02-007,OP02-024,OP02-013]
[] Board: [OP01-006,OP01-006]
[] Trash: []
[] Life: 3
[] Hand: [OP16-119,OP16-109,OP09-093]
[] Trash: [OP16-106,OP09-096,EB04-058,OP09-099,OP16-109,OP16-109]
[] Board: [OP16-110,OP09-091,OP16-109]
[] Life: 4
RZ1|105|1|Don|9|9900|5|0|1|1|1|0|0
RZ1|CHK|105|1|38|7|2|3|7|3|0|0|1|0
[You] Draw 1 Card
[] Drew card from deck: Whitebeard Pirates ["OP02-022">OP02-022]
RZ1|106|1|OP02-022|0|37|1|7|1|1|0|0|0
RZ1|CHK|106|1|37|8|2|3|7|3|0|0|1|0
RZ1|107|1|Don|4|6|5|3|1|1|0|0|0
RZ1|CHK|107|1|37|8|2|3|6|4|0|0|1|0
RZ1|108|1|Don|4|5|5|4|1|1|0|0|0
RZ1|CHK|108|1|37|8|2|3|5|5|0|0|1|0
[You] Draw 2 Don
[You] Edward Newgate ["OP02-001">OP02-001] attacking Marshall D. Teach ["OP09-081">OP09-081]
Edward Newgate ["OP02-001">OP02-001][6000] vs Marshall D. Teach ["OP09-081">OP09-081][5000]
Marshall D. Teach ["OP09-081">OP09-081] hit for 1 damage
RZ1|109|2|OP09-096|3|3|1|3|1|1|0|0|0
RZ1|CHK|109|2|34|4|3|3|6|3|6|0|1|1
[Opponent] This is MY AGE!!!! ["OP09-096">OP09-096]: Activate Trigger
RZ1|110|2|OP09-096|1|3|6|6|1|1|0|0|0
RZ1|CHK|110|2|34|3|3|3|6|3|7|0|1|1
RZ1|111|2|OP16-104|0|32|1|3|1|1|0|0|0
RZ1|CHK|111|2|33|4|3|3|6|3|7|0|1|1
[Opponent] This is MY AGE!!!! ["OP09-096">OP09-096]: <b>Reveal and Draw Catarina Devon ["OP16-104">OP16-104]</b>
[Opponent] This is MY AGE!!!! ["OP09-096">OP09-096]: Trash 2 Remaining Cards
RZ1|112|2|OP16-114|0|32|6|7|1|1|0|0|0
RZ1|CHK|112|2|32|4|3|3|6|3|8|0|1|1
RZ1|113|2|OP09-093|0|31|6|8|1|1|0|0|0
RZ1|CHK|113|2|31|4|3|3|6|3|9|0|1|1
RZ1|114|1|Don|5|0|5|0|1|1|1|0|0
RZ1|CHK|114|1|37|8|2|3|5|5|0|0|1|0
RZ1|115|1|Don|5|1|5|1|1|1|1|0|0
RZ1|CHK|115|1|37|8|2|3|5|5|0|0|1|0
[You] Deploy Moby Dick ["OP02-024">OP02-024]
RZ1|116|1|OP02-024|1|5|7|0|1|1|0|0|0
RZ1|CHK|116|1|37|7|2|3|5|5|0|1|1|0
[You] Whitebeard Pirates ["OP02-022">OP02-022]: <b>Reveal and Draw Portgas D. Ace ["OP02-013">OP02-013]</b>
RZ1|117|1|OP02-013|0|32|1|7|1|1|0|0|0
RZ1|CHK|117|1|36|8|2|3|5|5|0|1|1|0
RZ1|118|1|OP02-022|0|35|0|0|0|0|0|0|0
RZ1|CHK|118|1|36|8|2|3|5|5|0|1|1|0
RZ1|119|1|OP02-018|0|35|0|0|0|0|0|0|0
RZ1|CHK|119|1|36|8|2|3|5|5|0|1|1|0
RZ1|120|1|OP02-015|0|35|0|0|0|0|0|0|0
RZ1|CHK|120|1|36|8|2|3|5|5|0|1|1|0
RZ1|121|1|OP03-003|0|35|0|0|0|0|0|0|0
RZ1|CHK|121|1|36|8|2|3|5|5|0|1|1|0
RZ1|122|1|Don|5|2|5|2|1|1|1|0|0
RZ1|CHK|122|1|36|8|2|3|5|5|0|1|1|0
RZ1|123|1|OP02-022|1|6|6|0|1|1|0|0|0
RZ1|CHK|123|1|36|7|2|3|5|5|1|1|1|0
[You] Loses 1 Life
RZ1|124|1|OP02-018|3|2|1|7|1|1|0|0|0
RZ1|CHK|124|1|36|8|2|2|5|5|1|1|1|0
[] Hand: [OP02-004,OP01-029,OP02-008,ST01-014,OP02-007,OP02-013,OP02-013,OP02-018]
[] Board: [OP01-006,OP01-006]
[] Trash: [OP02-022]
[] Life: 2
[] Hand: [OP16-119,OP16-109,OP09-093,OP16-104]
[] Trash: [OP16-106,OP09-096,EB04-058,OP09-099,OP16-109,OP16-109,OP09-096,OP16-114,OP09-093]
[] Board: [OP16-110,OP09-091,OP16-109]
[] Life: 3
[You] End Turn
[] Hand: [OP16-119,OP16-109,OP09-093,OP16-104]
[] Board: [OP16-110,OP09-091,OP16-109]
[] Trash: [OP16-106,OP09-096,EB04-058,OP09-099,OP16-109,OP16-109,OP09-096,OP16-114,OP09-093]
[] Life: 3
[] Hand: [OP02-004,OP01-029,OP02-008,ST01-014,OP02-007,OP02-013,OP02-013,OP02-018]
[] Trash: [OP02-022]
[] Board: [OP01-006,OP01-006]
[] Life: 2
RZ1|125|2|Don|9|9900|5|0|1|1|1|0|0
RZ1|CHK|125|2|31|4|3|3|6|4|9|0|1|0
[Opponent] Draw 1 Card
[] Drew card from deck: Shiryu ["OP16-108">OP16-108]
RZ1|126|2|OP16-108|0|30|1|4|1|1|0|0|0
RZ1|CHK|126|2|30|5|3|3|6|4|9|0|1|0
RZ1|127|2|Don|4|5|5|4|1|1|0|0|0
RZ1|CHK|127|2|30|5|3|3|5|5|9|0|1|0
RZ1|128|2|Don|4|4|5|5|1|1|0|0|0
RZ1|CHK|128|2|30|5|3|3|4|6|9|0|1|0
[Opponent] Draw 2 Don
RZ1|129|2|Don|5|0|5|0|1|1|1|0|0
RZ1|CHK|129|2|30|5|3|3|4|6|9|0|1|0
RZ1|130|2|Don|5|1|5|1|1|1|1|0|0
RZ1|CHK|130|2|30|5|3|3|4|6|9|0|1|0
RZ1|131|2|Don|5|2|5|2|1|1|1|0|0
RZ1|CHK|131|2|30|5|3|3|4|6|9|0|1|0
RZ1|132|2|Don|5|3|5|3|1|1|1|0|0
RZ1|CHK|132|2|30|5|3|3|4|6|9|0|1|0
RZ1|133|2|Don|5|4|5|4|1|1|1|0|0
RZ1|CHK|133|2|30|5|3|3|4|6|9|0|1|0
RZ1|134|2|Don|5|5|5|5|1|1|1|0|0
RZ1|CHK|134|2|30|5|3|3|4|6|9|0|1|0
[Opponent] Deploy Shiryu ["OP16-108">OP16-108]
RZ1|135|2|OP16-108|1|4|2|3|1|1|0|0|0
RZ1|CHK|135|2|30|4|4|3|4|6|9|0|1|0
RZ1|136|2|OP16-104|1|3|6|9|1|1|0|0|0
RZ1|CHK|136|2|30|3|4|3|4|6|10|0|1|0
[Opponent] Marshall D. Teach ["OP09-081">OP09-081]: Trash Catarina Devon ["OP16-104">OP16-104]
[Opponent] Marshall D. Teach ["OP09-081">OP09-081]: Opponent can't activate On Play abilities next turn!
[] Hand: [OP16-119,OP16-109,OP09-093]
[] Board: [OP16-110,OP09-091,OP16-109,OP16-108]
[] Trash: [OP16-106,OP09-096,EB04-058,OP09-099,OP16-109,OP16-109,OP09-096,OP16-114,OP09-093,OP16-104]
[] Life: 3
[] Hand: [OP02-004,OP01-029,OP02-008,ST01-014,OP02-007,OP02-013,OP02-013,OP02-018]
[] Trash: [OP02-022]
[] Board: [OP01-006,OP01-006]
[] Life: 2
[Opponent] End Turn
[] Hand: [OP02-004,OP01-029,OP02-008,ST01-014,OP02-007,OP02-013,OP02-013,OP02-018]
[] Board: [OP01-006,OP01-006]
[] Trash: [OP02-022]
[] Life: 2
[] Hand: [OP16-119,OP16-109,OP09-093]
[] Trash: [OP16-106,OP09-096,EB04-058,OP09-099,OP16-109,OP16-109,OP09-096,OP16-114,OP09-093,OP16-104]
[] Board: [OP16-110,OP09-091,OP16-109,OP16-108]
[] Life: 3
[You] Draw 1 Card
[] Drew card from deck: Marco ["OP03-013">OP03-013]
RZ1|137|1|OP03-013|0|35|1|8|1|1|0|0|0
RZ1|CHK|137|1|35|9|2|2|5|5|1|1|1|0
RZ1|138|1|Don|4|4|5|5|1|1|0|0|0
RZ1|CHK|138|1|35|9|2|2|4|6|1|1|1|0
RZ1|139|1|Don|4|3|5|6|1|1|0|0|0
RZ1|CHK|139|1|35|9|2|2|3|7|1|1|1|0
[You] Draw 2 Don
RZ1|140|1|Don|5|0|5|0|1|1|1|0|0
RZ1|CHK|140|1|35|9|2|2|3|7|1|1|1|0
RZ1|141|1|Don|5|1|5|1|1|1|1|0|0
RZ1|CHK|141|1|35|9|2|2|3|7|1|1|1|0
RZ1|142|1|Don|5|2|5|2|1|1|1|0|0
RZ1|CHK|142|1|35|9|2|2|3|7|1|1|1|0
RZ1|143|1|Don|5|3|5|3|1|1|1|0|0
RZ1|CHK|143|1|35|9|2|2|3|7|1|1|1|0
RZ1|144|1|Don|5|4|5|4|1|1|1|0|0
RZ1|CHK|144|1|35|9|2|2|3|7|1|1|1|0
RZ1|145|1|Don|5|5|5|5|1|1|1|0|0
RZ1|CHK|145|1|35|9|2|2|3|7|1|1|1|0
RZ1|146|1|Don|5|6|5|6|1|1|1|0|0
RZ1|CHK|146|1|35|9|2|2|3|7|1|1|1|0
[You] Deploy Portgas D. Ace ["OP02-013">OP02-013]
RZ1|147|1|OP02-013|1|5|2|2|1|1|0|0|0
RZ1|CHK|147|1|35|8|3|2|3|7|1|1|1|0
[You] Edward Newgate ["OP02-001">OP02-001] attacking Marshall D. Teach ["OP09-081">OP09-081]
[Opponent] Vasco Shot ["OP09-091">OP09-091] Blocks
Edward Newgate ["OP02-001">OP02-001][6000] vs Vasco Shot ["OP09-091">OP09-091][2000]
[Opponent] Vasco Shot ["OP09-091">OP09-091] Destroyed
RZ1|148|2|OP09-091|2|1|6|10|1|1|0|0|0
RZ1|CHK|148|2|30|3|3|3|4|6|11|0|1|0
[You] Loses 1 Life
RZ1|149|1|OP02-008|3|1|1|8|1|1|0|0|0
RZ1|CHK|149|1|35|9|3|1|3|7|1|1|1|0
[] Hand: [OP02-004,OP01-029,OP02-008,ST01-014,OP02-007,OP02-013,OP02-018,OP03-013,OP02-008]
[] Board: [OP01-006,OP01-006,OP02-013]
[] Trash: [OP02-022]
[] Life: 1
[] Hand: [OP16-119,OP16-109,OP09-093]
[] Trash: [OP16-106,OP09-096,EB04-058,OP09-099,OP16-109,OP16-109,OP09-096,OP16-114,OP09-093,OP16-104,OP09-091]
[] Board: [OP16-110,OP16-109,OP16-108]
[] Life: 3
[You] End Turn
[] Hand: [OP16-119,OP16-109,OP09-093]
[] Board: [OP16-110,OP16-109,OP16-108]
[] Trash: [OP16-106,OP09-096,EB04-058,OP09-099,OP16-109,OP16-109,OP09-096,OP16-114,OP09-093,OP16-104,OP09-091]
[] Life: 3
[] Hand: [OP02-004,OP01-029,OP02-008,ST01-014,OP02-007,OP02-013,OP02-018,OP03-013,OP02-008]
[] Trash: [OP02-022]
[] Board: [OP01-006,OP01-006,OP02-013]
[] Life: 1
[Opponent] Draw 1 Card
[] Drew card from deck: Borsalino ["EB04-058">EB04-058]
RZ1|150|2|EB04-058|0|29|1|3|1|1|0|0|0
RZ1|CHK|150|2|29|4|3|3|4|6|11|0|1|0
RZ1|151|2|Don|4|3|5|6|1|1|0|0|0
RZ1|CHK|151|2|29|4|3|3|3|7|11|0|1|0
RZ1|152|2|Don|4|2|5|7|1|1|0|0|0
RZ1|CHK|152|2|29|4|3|3|2|8|11|0|1|0
[Opponent] Draw 2 Don
RZ1|153|2|Don|5|0|5|0|1|1|1|0|0
RZ1|CHK|153|2|29|4|3|3|2|8|11|0|1|0
RZ1|154|2|Don|5|1|5|1|1|1|1|0|0
RZ1|CHK|154|2|29|4|3|3|2|8|11|0|1|0
RZ1|155|2|Don|5|2|5|2|1|1|1|0|0
RZ1|CHK|155|2|29|4|3|3|2|8|11|0|1|0
RZ1|156|2|Don|5|3|5|3|1|1|1|0|0
RZ1|CHK|156|2|29|4|3|3|2|8|11|0|1|0
RZ1|157|2|Don|5|4|5|4|1|1|1|0|0
RZ1|CHK|157|2|29|4|3|3|2|8|11|0|1|0
RZ1|158|2|Don|5|5|5|5|1|1|1|0|0
RZ1|CHK|158|2|29|4|3|3|2|8|11|0|1|0
RZ1|159|2|Don|5|6|5|6|1|1|1|0|0
RZ1|CHK|159|2|29|4|3|3|2|8|11|0|1|0
RZ1|160|2|Don|5|7|5|7|1|1|1|0|0
RZ1|CHK|160|2|29|4|3|3|2|8|11|0|1|0
[Opponent] Deploy Marshall D. Teach ["OP16-119">OP16-119]
RZ1|161|2|OP16-119|1|0|2|3|1|1|0|0|0
RZ1|CHK|161|2|29|3|4|3|2|8|11|0|1|0
[Opponent] Shiryu ["OP16-108">OP16-108] attacking Edward Newgate ["OP02-001">OP02-001]
Shiryu ["OP16-108">OP16-108][8000] vs Edward Newgate ["OP02-001">OP02-001][6000]
Edward Newgate ["OP02-001">OP02-001] hit for 1 damage
RZ1|162|1|OP01-029|3|0|1|9|1|1|0|0|0
RZ1|CHK|162|1|35|10|3|0|3|7|1|1|1|0
RZ1|163|2|EB04-058|1|2|6|11|1|1|0|0|0
RZ1|CHK|163|2|29|2|4|3|2|8|12|0|1|0
[Opponent] Marshall D. Teach ["OP09-081">OP09-081]: Trash Borsalino ["EB04-058">EB04-058]
[Opponent] Marshall D. Teach ["OP09-081">OP09-081]: Opponent can't activate On Play abilities next turn!
[] Hand: [OP16-109,OP09-093]
[] Board: [OP16-110,OP16-109,OP16-108,OP16-119]
[] Trash: [OP16-106,OP09-096,EB04-058,OP09-099,OP16-109,OP16-109,OP09-096,OP16-114,OP09-093,OP16-104,OP09-091,EB04-058]
[] Life: 3
[] Hand: [OP02-004,OP01-029,OP02-008,ST01-014,OP02-007,OP02-013,OP02-018,OP03-013,OP02-008,OP01-029]
[] Trash: [OP02-022]
[] Board: [OP01-006,OP01-006,OP02-013]
[] Life: 0
[Opponent] End Turn
[] Hand: [OP02-004,OP01-029,OP02-008,ST01-014,OP02-007,OP02-013,OP02-018,OP03-013,OP02-008,OP01-029]
[] Board: [OP01-006,OP01-006,OP02-013]
[] Trash: [OP02-022]
[] Life: 0
[] Hand: [OP16-109,OP09-093]
[] Trash: [OP16-106,OP09-096,EB04-058,OP09-099,OP16-109,OP16-109,OP09-096,OP16-114,OP09-093,OP16-104,OP09-091,EB04-058]
[] Board: [OP16-110,OP16-109,OP16-108,OP16-119]
[] Life: 3
[You] Draw 1 Card
[] Drew card from deck: Guard Point ["ST01-014">ST01-014]
RZ1|164|1|ST01-014|0|34|1|10|1|1|0|0|0
RZ1|CHK|164|1|34|11|3|0|3|7|1|1|1|0
RZ1|165|1|Don|4|2|5|7|1|1|0|0|0
RZ1|CHK|165|1|34|11|3|0|2|8|1|1|1|0
RZ1|166|1|Don|4|1|5|8|1|1|0|0|0
RZ1|CHK|166|1|34|11|3|0|1|9|1|1|1|0
[You] Draw 2 Don
RZ1|167|1|Don|5|0|9|9900|1|1|0|0|0
RZ1|CHK|167|1|34|11|3|0|1|8|1|1|1|1
RZ1|168|1|Don|5|0|9|9901|1|1|0|0|0
RZ1|CHK|168|1|34|11|3|0|1|7|1|1|1|2
[You] Attach 2 Don to Edward Newgate ["OP02-001">OP02-001] (2 Total)
RZ1|169|1|Don|5|0|5|0|1|1|1|0|0
RZ1|CHK|169|1|34|11|3|0|1|7|1|1|1|2
RZ1|170|1|Don|5|1|5|1|1|1|1|0|0
RZ1|CHK|170|1|34|11|3|0|1|7|1|1|1|2
RZ1|171|1|Don|5|2|5|2|1|1|1|0|0
RZ1|CHK|171|1|34|11|3|0|1|7|1|1|1|2
RZ1|172|1|Don|5|3|5|3|1|1|1|0|0
RZ1|CHK|172|1|34|11|3|0|1|7|1|1|1|2
RZ1|173|1|Don|5|4|5|4|1|1|1|0|0
RZ1|CHK|173|1|34|11|3|0|1|7|1|1|1|2
[You] Deploy Marco ["OP03-013">OP03-013]
RZ1|174|1|OP03-013|1|7|2|3|1|1|0|2000|0
RZ1|CHK|174|1|34|10|4|0|1|7|1|1|1|2
RZ1|175|1|Don|5|5|9|9902|1|1|0|0|0
RZ1|CHK|175|1|34|10|4|0|1|6|1|1|1|3
[You] Attach 1 Don to Edward Newgate ["OP02-001">OP02-001] (3 Total)
[You] Edward Newgate ["OP02-001">OP02-001] attacking Marshall D. Teach ["OP09-081">OP09-081]
Edward Newgate ["OP02-001">OP02-001][11000] vs Marshall D. Teach ["OP09-081">OP09-081][5000]
Marshall D. Teach ["OP09-081">OP09-081] hit for 1 damage
RZ1|176|2|OP09-095|3|2|1|2|1|1|0|0|0
RZ1|CHK|176|2|29|3|4|2|2|8|12|0|1|0
[You] Portgas D. Ace ["OP02-013">OP02-013] attacking Marshall D. Teach ["OP09-081">OP09-081]
Portgas D. Ace ["OP02-013">OP02-013][9000] vs Marshall D. Teach ["OP09-081">OP09-081][5000]
Marshall D. Teach ["OP09-081">OP09-081] hit for 1 damage
RZ1|177|2|OP16-110|3|1|1|3|1|1|0|0|0
RZ1|CHK|177|2|29|4|4|1|2|8|12|0|1|0
[Opponent] Vasco Shot ["OP16-110">OP16-110]: Activate Trigger
RZ1|178|2|OP16-110|1|3|6|12|1|1|0|0|0
RZ1|CHK|178|2|29|3|4|1|2|8|13|0|1|0
[] Drew card from deck: ZEHAHAHAHA ["OP16-116">OP16-116]
RZ1|179|2|OP16-116|0|28|1|3|1|1|0|0|0
RZ1|CHK|179|2|28|4|4|1|2|8|13|0|1|0
[Opponent] Vasco Shot ["OP16-110">OP16-110]: Draw 1 Card
[Opponent] Vasco Shot ["OP16-110">OP16-110]: Rest Marco ["OP03-013">OP03-013]
[] Hand: [OP02-004,OP01-029,OP02-008,ST01-014,OP02-007,OP02-013,OP02-018,OP02-008,OP01-029,ST01-014]
[] Board: [OP01-006,OP01-006,OP02-013,OP03-013]
[] Trash: [OP02-022]
[] Life: 0
[] Hand: [OP16-109,OP09-093,OP09-095,OP16-116]
[] Trash: [OP16-106,OP09-096,EB04-058,OP09-099,OP16-109,OP16-109,OP09-096,OP16-114,OP09-093,OP16-104,OP09-091,EB04-058,OP16-110]
[] Board: [OP16-110,OP16-109,OP16-108,OP16-119]
[] Life: 1
[You] End Turn
[] Hand: [OP16-109,OP09-093,OP09-095,OP16-116]
[] Board: [OP16-110,OP16-109,OP16-108,OP16-119]
[] Trash: [OP16-106,OP09-096,EB04-058,OP09-099,OP16-109,OP16-109,OP09-096,OP16-114,OP09-093,OP16-104,OP09-091,EB04-058,OP16-110]
[] Life: 1
[] Hand: [OP02-004,OP01-029,OP02-008,ST01-014,OP02-007,OP02-013,OP02-018,OP02-008,OP01-029,ST01-014]
[] Trash: [OP02-022]
[] Board: [OP01-006,OP01-006,OP02-013,OP03-013]
[] Life: 0
[Opponent] Draw 1 Card
[] Drew card from deck: Jesus Burgess ["OP16-107">OP16-107]
RZ1|180|2|OP16-107|0|27|1|4|1|1|0|0|0
RZ1|CHK|180|2|27|5|4|1|2|8|13|0|1|0
RZ1|181|2|Don|4|1|5|8|1|1|0|0|0
RZ1|CHK|181|2|27|5|4|1|1|9|13|0|1|0
RZ1|182|2|Don|4|0|5|9|1|1|0|0|0
RZ1|CHK|182|2|27|5|4|1|0|10|13|0|1|0
[Opponent] Draw 2 Don
[Opponent] Shiryu ["OP16-108">OP16-108] attacking Edward Newgate ["OP02-001">OP02-001]
[You] Guard Point ["ST01-014">ST01-014]: Activate Counter
[You] Guard Point ["ST01-014">ST01-014]: Rest 1 Don
RZ1|183|1|Don|5|5|5|5|1|1|1|0|0
RZ1|CHK|183|1|34|10|4|0|1|6|1|1|1|3
RZ1|184|1|ST01-014|1|3|6|1|1|1|0|0|0
RZ1|CHK|184|1|34|9|4|0|1|6|2|1|1|3
[You] Guard Point ["ST01-014">ST01-014]: Buff Edward Newgate ["OP02-001">OP02-001] 3000 for the Combat
Shiryu ["OP16-108">OP16-108][8000] vs Edward Newgate ["OP02-001">OP02-001][9000]
Attack Fails
[Opponent] Marshall D. Teach ["OP16-119">OP16-119] attacking Edward Newgate ["OP02-001">OP02-001]
[You] Discard Thatch ["OP02-007">OP02-007] for Counter 1000
RZ1|185|1|OP02-007|1|3|6|2|1|1|0|0|0
RZ1|CHK|185|1|34|8|4|0|1|6|3|1|1|3
[You] Discard Marco ["OP02-018">OP02-018] for Counter 1000
RZ1|186|1|OP02-018|1|4|6|3|1|1|0|0|0
RZ1|CHK|186|1|34|7|4|0|1|6|4|1|1|3
[You] Discard Jozu ["OP02-008">OP02-008] for Counter 2000
RZ1|187|1|OP02-008|1|2|6|4|1|1|0|0|0
RZ1|CHK|187|1|34|6|4|0|1|6|5|1|1|3
[You] Discard Jozu ["OP02-008">OP02-008] for Counter 2000
RZ1|188|1|OP02-008|1|3|6|5|1|1|0|0|0
RZ1|CHK|188|1|34|5|4|0|1|6|6|1|1|3
Marshall D. Teach ["OP16-119">OP16-119][10000] vs Edward Newgate ["OP02-001">OP02-001][12000]
Attack Fails
RZ1|189|2|Don|5|0|9|9900|1|1|0|0|0
RZ1|CHK|189|2|27|5|4|1|0|9|13|0|1|1
[Opponent] Attach 1 Don to Marshall D. Teach ["OP09-081">OP09-081] (1 Total)
[Opponent] Marshall D. Teach ["OP09-081">OP09-081] attacking Edward Newgate ["OP02-001">OP02-001]
Marshall D. Teach ["OP09-081">OP09-081][6000] vs Edward Newgate ["OP02-001">OP02-001][6000]
Edward Newgate ["OP02-001">OP02-001] hit for 1 damage
[You] <b>Downloaded the Combat Log!</b>
GameOver