Version is 1.43a.3
[You] Leader is Edward Newgate ["OP02-001">OP02-001]
[Opponent] Leader is Portgas D. Ace ["OP16-001">OP16-001]
RZ1|7|2|ST23-001|0|25|0|0|0|0|0|0|0
RZ1|CHK|7|2|50|0|0|0|10|0|0|0|1|0
RZ1|8|2|OP17-005|0|40|0|1|0|0|0|0|0
RZ1|CHK|8|2|50|0|0|0|10|0|0|0|1|0
RZ1|9|2|OP16-118|0|14|0|2|0|0|0|0|0
RZ1|CHK|9|2|50|0|0|0|10|0|0|0|1|0
RZ1|10|2|OP16-003|0|35|0|3|0|0|0|0|0
RZ1|CHK|10|2|50|0|0|0|10|0|0|0|1|0
RZ1|11|2|OP17-006|0|35|0|4|0|0|0|0|0
RZ1|CHK|11|2|50|0|0|0|10|0|0|0|1|0
RZ1|12|2|OP16-021|0|49|0|5|0|0|0|0|0
RZ1|CHK|12|2|50|0|0|0|10|0|0|0|1|0
RZ1|13|2|OP17-005|0|39|0|6|0|0|0|0|0
RZ1|CHK|13|2|50|0|0|0|10|0|0|0|1|0
RZ1|14|2|OP17-006|0|37|0|7|0|0|0|0|0
RZ1|CHK|14|2|50|0|0|0|10|0|0|0|1|0
RZ1|15|2|OP16-015|0|16|0|8|0|0|0|0|0
RZ1|CHK|15|2|50|0|0|0|10|0|0|0|1|0
RZ1|16|2|OP16-011|0|24|0|9|0|0|0|0|0
RZ1|CHK|16|2|50|0|0|0|10|0|0|0|1|0
RZ1|17|2|OP16-015|0|18|0|10|0|0|0|0|0
RZ1|CHK|17|2|50|0|0|0|10|0|0|0|1|0
RZ1|18|2|OP17-017|0|44|0|11|0|0|0|0|0
RZ1|CHK|18|2|50|0|0|0|10|0|0|0|1|0
RZ1|19|2|OP16-118|0|24|0|12|0|0|0|0|0
RZ1|CHK|19|2|50|0|0|0|10|0|0|0|1|0
RZ1|20|2|OP10-015|0|19|0|13|0|0|0|0|0
RZ1|CHK|20|2|50|0|0|0|10|0|0|0|1|0
RZ1|21|2|OP16-004|0|35|0|14|0|0|0|0|0
RZ1|CHK|21|2|50|0|0|0|10|0|0|0|1|0
RZ1|22|2|OP16-118|0|25|0|15|0|0|0|0|0
RZ1|CHK|22|2|50|0|0|0|10|0|0|0|1|0
RZ1|23|2|OP17-017|0|43|0|16|0|0|0|0|0
RZ1|CHK|23|2|50|0|0|0|10|0|0|0|1|0
RZ1|24|2|OP16-021|0|47|0|17|0|0|0|0|0
RZ1|CHK|24|2|50|0|0|0|10|0|0|0|1|0
RZ1|25|2|OP16-014|0|29|0|18|0|0|0|0|0
RZ1|CHK|25|2|50|0|0|0|10|0|0|0|1|0
RZ1|26|2|OP13-016|0|20|0|19|0|0|0|0|0
RZ1|CHK|26|2|50|0|0|0|10|0|0|0|1|0
RZ1|27|2|OP16-014|0|31|0|20|0|0|0|0|0
RZ1|CHK|27|2|50|0|0|0|10|0|0|0|1|0
RZ1|28|2|ST23-001|0|34|0|21|0|0|0|0|0
RZ1|CHK|28|2|50|0|0|0|10|0|0|0|1|0
RZ1|29|2|OP16-118|0|30|0|22|0|0|0|0|0
RZ1|CHK|29|2|50|0|0|0|10|0|0|0|1|0
RZ1|30|2|OP16-004|0|38|0|23|0|0|0|0|0
RZ1|CHK|30|2|50|0|0|0|10|0|0|0|1|0
RZ1|31|2|OP16-004|0|38|0|24|0|0|0|0|0
RZ1|CHK|31|2|50|0|0|0|10|0|0|0|1|0
RZ1|32|2|OP16-004|0|38|0|25|0|0|0|0|0
RZ1|CHK|32|2|50|0|0|0|10|0|0|0|1|0
RZ1|33|2|ST23-001|0|37|0|26|0|0|0|0|0
RZ1|CHK|33|2|50|0|0|0|10|0|0|0|1|0
RZ1|34|2|ST23-001|0|38|0|27|0|0|0|0|0
RZ1|CHK|34|2|50|0|0|0|10|0|0|0|1|0
RZ1|35|2|OP16-021|0|49|0|28|0|0|0|0|0
RZ1|CHK|35|2|50|0|0|0|10|0|0|0|1|0
RZ1|36|2|OP16-011|0|37|0|29|0|0|0|0|0
RZ1|CHK|36|2|50|0|0|0|10|0|0|0|1|0
RZ1|37|2|OP10-015|0|34|0|30|0|0|0|0|0
RZ1|CHK|37|2|50|0|0|0|10|0|0|0|1|0
RZ1|38|2|OP17-017|0|46|0|31|0|0|0|0|0
RZ1|CHK|38|2|50|0|0|0|10|0|0|0|1|0
RZ1|39|2|OP17-005|0|46|0|32|0|0|0|0|0
RZ1|CHK|39|2|50|0|0|0|10|0|0|0|1|0
RZ1|40|2|OP16-003|0|45|0|33|0|0|0|0|0
RZ1|CHK|40|2|50|0|0|0|10|0|0|0|1|0
RZ1|41|2|OP16-021|0|49|0|34|0|0|0|0|0
RZ1|CHK|41|2|50|0|0|0|10|0|0|0|1|0
RZ1|42|2|OP16-014|0|42|0|35|0|0|0|0|0
RZ1|CHK|42|2|50|0|0|0|10|0|0|0|1|0
RZ1|43|2|OP16-015|0|41|0|36|0|0|0|0|0
RZ1|CHK|43|2|50|0|0|0|10|0|0|0|1|0
RZ1|44|2|OP16-014|0|43|0|37|0|0|0|0|0
RZ1|CHK|44|2|50|0|0|0|10|0|0|0|1|0
RZ1|45|2|OP17-006|0|44|0|38|0|0|0|0|0
RZ1|CHK|45|2|50|0|0|0|10|0|0|0|1|0
RZ1|46|2|ST30-016|0|49|0|39|0|0|0|0|0
RZ1|CHK|46|2|50|0|0|0|10|0|0|0|1|0
RZ1|47|2|OP16-003|0|47|0|40|0|0|0|0|0
RZ1|CHK|47|2|50|0|0|0|10|0|0|0|1|0
RZ1|48|2|OP17-005|0|48|0|41|0|0|0|0|0
RZ1|CHK|48|2|50|0|0|0|10|0|0|0|1|0
RZ1|49|2|OP16-015|0|47|0|42|0|0|0|0|0
RZ1|CHK|49|2|50|0|0|0|10|0|0|0|1|0
RZ1|50|2|ST30-016|0|49|0|43|0|0|0|0|0
RZ1|CHK|50|2|50|0|0|0|10|0|0|0|1|0
RZ1|51|2|OP10-015|0|47|0|46|0|0|0|0|0
RZ1|CHK|51|2|50|0|0|0|10|0|0|0|1|0
RZ1|52|2|OP17-006|0|49|0|47|0|0|0|0|0
RZ1|CHK|52|2|50|0|0|0|10|0|0|0|1|0
[] Drew card from deck: Izou ["OP03-003">OP03-003]
RZ1|53|1|OP03-003|0|49|1|0|1|1|0|0|0
RZ1|CHK|53|1|49|1|0|0|10|0|0|0|1|0
[] Drew card from deck: Marco ["OP03-013">OP03-013]
RZ1|54|1|OP03-013|0|48|1|1|1|1|0|0|0
RZ1|CHK|54|1|48|2|0|0|10|0|0|0|1|0
[] Drew card from deck: Makino ["OP02-015">OP02-015]
RZ1|55|1|OP02-015|0|47|1|2|1|1|0|0|0
RZ1|CHK|55|1|47|3|0|0|10|0|0|0|1|0
[] Drew card from deck: Atmos ["OP02-003">OP02-003]
RZ1|56|1|OP02-003|0|46|1|3|1|1|0|0|0
RZ1|CHK|56|1|46|4|0|0|10|0|0|0|1|0
[] Drew card from deck: Portgas D. Ace ["OP02-013">OP02-013]
RZ1|57|1|OP02-013|0|45|1|4|1|1|0|0|0
RZ1|CHK|57|1|45|5|0|0|10|0|0|0|1|0
[] Drew card from deck: Mocha ["OP10-015">OP10-015]
RZ1|58|2|OP10-015|0|49|1|0|1|1|0|0|0
RZ1|CHK|58|2|49|1|0|0|10|0|0|0|1|0
[] Drew card from deck: Monkey D. Garp ["OP13-016">OP13-016]
RZ1|59|2|OP13-016|0|48|1|1|1|1|0|0|0
RZ1|CHK|59|2|48|2|0|0|10|0|0|0|1|0
[] Drew card from deck: Kingdew ["OP17-006">OP17-006]
RZ1|60|2|OP17-006|0|47|1|2|1|1|0|0|0
RZ1|CHK|60|2|47|3|0|0|10|0|0|0|1|0
[] Drew card from deck: Mocha ["OP10-015">OP10-015]
RZ1|61|2|OP10-015|0|46|1|3|1|1|0|0|0
RZ1|CHK|61|2|46|4|0|0|10|0|0|0|1|0
[] Drew card from deck: Monkey D. Garp ["OP13-016">OP13-016]
RZ1|62|2|OP13-016|0|45|1|4|1|1|0|0|0
RZ1|CHK|62|2|45|5|0|0|10|0|0|0|1|0
RZ1|63|1|OP02-013|0|44|3|0|1|0|0|0|0
RZ1|CHK|63|1|44|5|0|1|10|0|0|0|1|0
RZ1|64|1|OP02-018|0|43|3|1|1|0|0|0|0
RZ1|CHK|64|1|43|5|0|2|10|0|0|0|1|0
RZ1|65|1|OP02-007|0|42|3|2|1|0|0|0|0
RZ1|CHK|65|1|42|5|0|3|10|0|0|0|1|0
RZ1|66|1|OP01-006|0|41|3|3|1|0|0|0|0
RZ1|CHK|66|1|41|5|0|4|10|0|0|0|1|0
RZ1|67|1|OP02-022|0|40|3|4|1|0|0|0|0
RZ1|CHK|67|1|40|5|0|5|10|0|0|0|1|0
RZ1|68|1|OP02-007|0|39|3|5|1|0|0|0|0
RZ1|CHK|68|1|39|5|0|6|10|0|0|0|1|0
RZ1|69|2|OP13-016|0|44|3|0|0|1|0|0|0
RZ1|CHK|69|2|44|5|0|1|10|0|0|0|1|0
RZ1|70|2|ST30-016|0|43|3|1|0|1|0|0|0
RZ1|CHK|70|2|43|5|0|2|10|0|0|0|1|0
RZ1|71|2|OP16-015|0|42|3|2|0|1|0|0|0
RZ1|CHK|71|2|42|5|0|3|10|0|0|0|1|0
RZ1|72|2|OP17-005|0|41|3|3|0|1|0|0|0
RZ1|CHK|72|2|41|5|0|4|10|0|0|0|1|0
RZ1|73|2|OP16-003|0|40|3|4|0|1|0|0|0
RZ1|CHK|73|2|40|5|0|5|10|0|0|0|1|0
[] Hand: [OP03-003,OP03-013,OP02-015,OP02-003,OP02-013]
[] Board: []
[] Trash: []
[] Life: 6
[] Hand: [OP10-015,OP13-016,OP17-006,OP10-015,OP13-016]
[] Trash: []
[] Board: []
[] Life: 5
RZ1|74|1|Don|4|9|5|0|1|1|0|0|0
RZ1|CHK|74|1|39|5|0|6|9|1|0|0|1|0
[You] Draw 1 Don
RZ1|75|1|Don|5|0|5|0|1|1|1|0|0
RZ1|CHK|75|1|39|5|0|6|9|1|0|0|1|0
[You] Deploy Izou ["OP03-003">OP03-003]
RZ1|76|1|OP03-003|1|0|2|0|1|1|0|0|0
RZ1|CHK|76|1|39|4|1|6|9|1|0|0|1|0
[You] Izou ["OP03-003">OP03-003]: <b>Reveal and Draw Whitebeard Pirates ["OP02-022">OP02-022]</b>
RZ1|77|1|OP02-022|0|34|1|4|1|1|0|0|0
RZ1|CHK|77|1|38|5|1|6|9|1|0|0|1|0
RZ1|78|1|OP02-024|0|37|0|0|0|0|0|0|0
RZ1|CHK|78|1|38|5|1|6|9|1|0|0|1|0
RZ1|79|1|OP03-003|0|37|0|0|0|0|0|0|0
RZ1|CHK|79|1|38|5|1|6|9|1|0|0|1|0
RZ1|80|1|ST01-014|0|37|0|0|0|0|0|0|0
RZ1|CHK|80|1|38|5|1|6|9|1|0|0|1|0
RZ1|81|1|OP02-004|0|37|0|0|0|0|0|0|0
RZ1|CHK|81|1|38|5|1|6|9|1|0|0|1|0
[You] Loses 1 Life
RZ1|82|1|OP02-007|3|5|1|5|1|1|0|0|0
RZ1|CHK|82|1|38|6|1|5|9|1|0|0|1|0
[] Hand: [OP03-013,OP02-015,OP02-003,OP02-013,OP02-022,OP02-007]
[] Board: [OP03-003]
[] Trash: []
[] Life: 5
[] Hand: [OP10-015,OP13-016,OP17-006,OP10-015,OP13-016]
[] Trash: []
[] Board: []
[] Life: 5
[You] End Turn
[] Hand: [OP10-015,OP13-016,OP17-006,OP10-015,OP13-016]
[] Board: []
[] Trash: []
[] Life: 5
[] Hand: [OP03-013,OP02-015,OP02-003,OP02-013,OP02-022,OP02-007]
[] Trash: []
[] Board: [OP03-003]
[] Life: 5
[Opponent] Draw 1 Card
[] Drew card from deck: Can You Still Fight, Luffy? Of Course!! ["ST30-016">ST30-016]
RZ1|83|2|ST30-016|0|39|1|5|1|1|0|0|0
RZ1|CHK|83|2|39|6|0|5|10|0|0|0|1|0
RZ1|84|2|Don|4|9|5|0|1|1|0|0|0
RZ1|CHK|84|2|39|6|0|5|9|1|0|0|1|0
RZ1|85|2|Don|4|8|5|1|1|1|0|0|0
RZ1|CHK|85|2|39|6|0|5|8|2|0|0|1|0
[Opponent] Draw 2 Don
RZ1|86|2|Don|5|0|5|0|1|1|1|0|0
RZ1|CHK|86|2|39|6|0|5|8|2|0|0|1|0
[Opponent] Deploy Monkey D. Garp ["OP13-016">OP13-016]
RZ1|87|2|OP13-016|1|1|2|0|1|1|0|0|0
RZ1|CHK|87|2|39|5|1|5|8|2|0|0|1|0
RZ1|88|2|OP17-006|0|38|1|5|1|1|0|0|0
RZ1|CHK|88|2|38|6|1|5|8|2|0|0|1|0
[Opponent] Monkey D. Garp ["OP13-016">OP13-016]: <b>Reveal and Draw Kingdew ["OP17-006">OP17-006]</b>
[Opponent] Placing Cards on Bottom of Deck
RZ1|89|2|OP16-014|0|37|0|0|0|0|0|0|0
RZ1|CHK|89|2|38|6|1|5|8|2|0|0|1|0
RZ1|90|2|OP16-015|0|37|0|0|0|0|0|0|0
RZ1|CHK|90|2|38|6|1|5|8|2|0|0|1|0
RZ1|91|2|OP16-014|0|37|0|0|0|0|0|0|0
RZ1|CHK|91|2|38|6|1|5|8|2|0|0|1|0
RZ1|92|2|Don|5|1|5|1|1|1|1|0|0
RZ1|CHK|92|2|38|6|1|5|8|2|0|0|1|0
[Opponent] Deploy Monkey D. Garp ["OP13-016">OP13-016]
RZ1|93|2|OP13-016|1|3|2|1|1|1|0|0|0
RZ1|CHK|93|2|38|5|2|5|8|2|0|0|1|0
RZ1|94|2|OP16-003|0|36|1|5|1|1|0|0|0
RZ1|CHK|94|2|37|6|2|5|8|2|0|0|1|0
[Opponent] Monkey D. Garp ["OP13-016">OP13-016]: <b>Reveal and Draw Edward Newgate ["OP16-003">OP16-003]</b>
[Opponent] Placing Cards on Bottom of Deck
RZ1|95|2|OP16-021|0|36|0|0|0|0|0|0|0
RZ1|CHK|95|2|37|6|2|5|8|2|0|0|1|0
RZ1|96|2|OP17-005|0|36|0|0|0|0|0|0|0
RZ1|CHK|96|2|37|6|2|5|8|2|0|0|1|0
RZ1|97|2|OP17-017|0|36|0|0|0|0|0|0|0
RZ1|CHK|97|2|37|6|2|5|8|2|0|0|1|0
[] Hand: [OP10-015,OP17-006,OP10-015,ST30-016,OP17-006,OP16-003]
[] Board: [OP13-016,OP13-016]
[] Trash: []
[] Life: 5
[] Hand: [OP03-013,OP02-015,OP02-003,OP02-013,OP02-022,OP02-007]
[] Trash: []
[] Board: [OP03-003]
[] Life: 5
[Opponent] End Turn
[] Hand: [OP03-013,OP02-015,OP02-003,OP02-013,OP02-022,OP02-007]
[] Board: [OP03-003]
[] Trash: []
[] Life: 5
[] Hand: [OP10-015,OP17-006,OP10-015,ST30-016,OP17-006,OP16-003]
[] Trash: []
[] Board: [OP13-016,OP13-016]
[] Life: 5
[You] Draw 1 Card
[] Drew card from deck: Jozu ["OP02-008">OP02-008]
RZ1|98|1|OP02-008|0|37|1|6|1|1|0|0|0
RZ1|CHK|98|1|37|7|1|5|9|1|0|0|1|0
RZ1|99|1|Don|4|8|5|1|1|1|0|0|0
RZ1|CHK|99|1|37|7|1|5|8|2|0|0|1|0
RZ1|100|1|Don|4|7|5|2|1|1|0|0|0
RZ1|CHK|100|1|37|7|1|5|7|3|0|0|1|0
[You] Draw 2 Don
[You] Edward Newgate ["OP02-001">OP02-001] attacking Portgas D. Ace ["OP16-001">OP16-001]
Edward Newgate ["OP02-001">OP02-001][6000] vs Portgas D. Ace ["OP16-001">OP16-001][5000]
Portgas D. Ace ["OP16-001">OP16-001] hit for 1 damage
RZ1|101|2|OP16-003|3|4|1|6|1|1|0|0|0
RZ1|CHK|101|2|37|7|2|4|8|2|0|0|1|0
[You] Whitebeard Pirates ["OP02-022">OP02-022]: <b>Reveal and Draw Marco ["OP02-018">OP02-018]</b>
RZ1|102|1|OP02-018|0|34|1|7|1|1|0|0|0
RZ1|CHK|102|1|36|8|1|5|7|3|0|0|1|0
RZ1|103|1|OP02-008|0|35|0|0|0|0|0|0|0
RZ1|CHK|103|1|36|8|1|5|7|3|0|0|1|0
RZ1|104|1|OP02-015|0|35|0|0|0|0|0|0|0
RZ1|CHK|104|1|36|8|1|5|7|3|0|0|1|0
RZ1|105|1|OP02-015|0|35|0|0|0|0|0|0|0
RZ1|CHK|105|1|36|8|1|5|7|3|0|0|1|0
RZ1|106|1|OP01-029|0|35|0|0|0|0|0|0|0
RZ1|CHK|106|1|36|8|1|5|7|3|0|0|1|0
RZ1|107|1|Don|5|0|5|0|1|1|1|0|0
RZ1|CHK|107|1|36|8|1|5|7|3|0|0|1|0
RZ1|108|1|OP02-022|1|4|6|0|1|1|0|0|0
RZ1|CHK|108|1|36|7|1|5|7|3|1|0|1|0
RZ1|109|1|Don|5|1|5|1|1|1|1|0|0
RZ1|CHK|109|1|36|7|1|5|7|3|1|0|1|0
[You] Deploy Makino ["OP02-015">OP02-015]
RZ1|110|1|OP02-015|1|1|2|1|1|1|0|0|0
RZ1|CHK|110|1|36|6|2|5|7|3|1|0|1|0
[You] Makino ["OP02-015">OP02-015]: Buff Izou ["OP03-003">OP03-003] 3000
[You] Izou ["OP03-003">OP03-003] attacking Portgas D. Ace ["OP16-001">OP16-001]
[Opponent] Discard Mocha ["OP10-015">OP10-015] for Counter 2000
RZ1|111|2|OP10-015|1|0|6|0|1|1|0|0|0
RZ1|CHK|111|2|37|6|2|4|8|2|1|0|1|0
Izou ["OP03-003">OP03-003][5000] vs Portgas D. Ace ["OP16-001">OP16-001][7000]
Attack Fails
[You] Loses 1 Life
RZ1|112|1|OP02-022|3|4|1|6|1|1|0|0|0
RZ1|CHK|112|1|36|7|2|4|7|3|1|0|1|0
[] Hand: [OP03-013,OP02-003,OP02-013,OP02-007,OP02-008,OP02-018,OP02-022]
[] Board: [OP03-003,OP02-015]
[] Trash: [OP02-022]
[] Life: 4
[] Hand: [OP17-006,OP10-015,ST30-016,OP17-006,OP16-003,OP16-003]
[] Trash: [OP10-015]
[] Board: [OP13-016,OP13-016]
[] Life: 4
[You] End Turn
[] Hand: [OP17-006,OP10-015,ST30-016,OP17-006,OP16-003,OP16-003]
[] Board: [OP13-016,OP13-016]
[] Trash: [OP10-015]
[] Life: 4
[] Hand: [OP03-013,OP02-003,OP02-013,OP02-007,OP02-008,OP02-018,OP02-022]
[] Trash: [OP02-022]
[] Board: [OP03-003,OP02-015]
[] Life: 4
[Opponent] Draw 1 Card
[] Drew card from deck: Mocha ["OP10-015">OP10-015]
RZ1|113|2|OP10-015|0|36|1|6|1|1|0|0|0
RZ1|CHK|113|2|36|7|2|4|8|2|1|0|1|0
RZ1|114|2|Don|4|7|5|2|1|1|0|0|0
RZ1|CHK|114|2|36|7|2|4|7|3|1|0|1|0
RZ1|115|2|Don|4|6|5|3|1|1|0|0|0
RZ1|CHK|115|2|36|7|2|4|6|4|1|0|1|0
[Opponent] Draw 2 Don
RZ1|116|2|Don|5|0|5|0|1|1|1|0|0
RZ1|CHK|116|2|36|7|2|4|6|4|1|0|1|0
RZ1|117|2|Don|5|1|5|1|1|1|1|0|0
RZ1|CHK|117|2|36|7|2|4|6|4|1|0|1|0
RZ1|118|2|Don|5|2|5|2|1|1|1|0|0
RZ1|CHK|118|2|36|7|2|4|6|4|1|0|1|0
[Opponent] Deploy Mocha ["OP10-015">OP10-015]
RZ1|119|2|OP10-015|1|1|2|2|1|1|0|0|0
RZ1|CHK|119|2|36|6|3|4|6|4|1|0|1|0
[Opponent] Mocha ["OP10-015">OP10-015]: Buff Izou ["OP03-003">OP03-003] -1000
RZ1|120|2|Don|5|3|9|9900|1|1|0|0|0
RZ1|CHK|120|2|36|6|3|4|6|3|1|0|1|1
[Opponent] Attach 1 Don to Portgas D. Ace ["OP16-001">OP16-001] (1 Total)
[Opponent] Portgas D. Ace ["OP16-001">OP16-001] attacking Edward Newgate ["OP02-001">OP02-001]
[You] Discard Marco ["OP03-013">OP03-013] for Counter 1000
RZ1|121|1|OP03-013|1|0|6|1|1|1|0|0|0
RZ1|CHK|121|1|36|6|2|4|7|3|2|0|1|0
Portgas D. Ace ["OP16-001">OP16-001][6000] vs Edward Newgate ["OP02-001">OP02-001][7000]
Attack Fails
[Opponent] Monkey D. Garp ["OP13-016">OP13-016] attacking Izou ["OP03-003">OP03-003]
[You] Discard Jozu ["OP02-008">OP02-008] for Counter 2000
RZ1|122|1|OP02-008|1|3|6|2|1|1|0|0|0
RZ1|CHK|122|1|36|5|2|4|7|3|3|0|1|0
Monkey D. Garp ["OP13-016">OP13-016][2000] vs Izou ["OP03-003">OP03-003][3000]
Attack Fails
[Opponent] Monkey D. Garp ["OP13-016">OP13-016] attacking Izou ["OP03-003">OP03-003]
[You] Discard Atmos ["OP02-003">OP02-003] for Counter 1000
RZ1|123|1|OP02-003|1|0|6|3|1|1|0|0|0
RZ1|CHK|123|1|36|4|2|4|7|3|4|0|1|0
[You] Discard Thatch ["OP02-007">OP02-007] for Counter 1000
RZ1|124|1|OP02-007|1|1|6|4|1|1|0|0|0
RZ1|CHK|124|1|36|3|2|4|7|3|5|0|1|0
Monkey D. Garp ["OP13-016">OP13-016][2000] vs Izou ["OP03-003">OP03-003][3000]
Attack Fails
[] Hand: [OP17-006,ST30-016,OP17-006,OP16-003,OP16-003,OP10-015]
[] Board: [OP13-016,OP13-016,OP10-015]
[] Trash: [OP10-015]
[] Life: 4
[] Hand: [OP02-013,OP02-018,OP02-022]
[] Trash: [OP02-022,OP03-013,OP02-008,OP02-003,OP02-007]
[] Board: [OP03-003,OP02-015]
[] Life: 4
[Opponent] End Turn
[] Hand: [OP02-013,OP02-018,OP02-022]
[] Board: [OP03-003,OP02-015]
[] Trash: [OP02-022,OP03-013,OP02-008,OP02-003,OP02-007]
[] Life: 4
[] Hand: [OP17-006,ST30-016,OP17-006,OP16-003,OP16-003,OP10-015]
[] Trash: [OP10-015]
[] Board: [OP13-016,OP13-016,OP10-015]
[] Life: 4
[You] Draw 1 Card
[] Drew card from deck: Radical Beam!! ["OP01-029">OP01-029]
RZ1|125|1|OP01-029|0|35|1|3|1|1|0|0|0
RZ1|CHK|125|1|35|4|2|4|7|3|5|0|1|0
RZ1|126|1|Don|4|6|5|3|1|1|0|0|0
RZ1|CHK|126|1|35|4|2|4|6|4|5|0|1|0
RZ1|127|1|Don|4|5|5|4|1|1|0|0|0
RZ1|CHK|127|1|35|4|2|4|5|5|5|0|1|0
[You] Draw 2 Don
[You] Edward Newgate ["OP02-001">OP02-001] attacking Portgas D. Ace ["OP16-001">OP16-001]
[Opponent] Discard Kingdew ["OP17-006">OP17-006] for Counter 2000
RZ1|128|2|OP17-006|1|0|6|1|1|1|0|0|0
RZ1|CHK|128|2|36|5|3|4|6|3|2|0|1|1
Edward Newgate ["OP02-001">OP02-001][6000] vs Portgas D. Ace ["OP16-001">OP16-001][7000]
Attack Fails
RZ1|129|1|Don|5|0|9|0|1|1|0|0|0
RZ1|CHK|129|1|35|4|2|4|5|4|5|0|1|1
RZ1|130|1|Don|5|0|9|1|1|1|0|0|0
RZ1|CHK|130|1|35|4|2|4|5|3|5|0|1|2
RZ1|131|1|Don|5|0|9|2|1|1|0|0|0
RZ1|CHK|131|1|35|4|2|4|5|2|5|0|1|3
[You] Attach 3 Don to Izou ["OP03-003">OP03-003] (3 Total)
[You] Izou ["OP03-003">OP03-003] attacking Portgas D. Ace ["OP16-001">OP16-001]
[Opponent] Discard Kingdew ["OP17-006">OP17-006] for Counter 2000
RZ1|132|2|OP17-006|1|1|6|2|1|1|0|0|0
RZ1|CHK|132|2|36|4|3|4|6|3|3|0|1|1
Izou ["OP03-003">OP03-003][5000] vs Portgas D. Ace ["OP16-001">OP16-001][7000]
Attack Fails
[You] Whitebeard Pirates ["OP02-022">OP02-022]: <b>Reveal and Draw Izou ["OP03-003">OP03-003]</b>
RZ1|133|1|OP03-003|0|32|1|4|1|1|0|0|0
RZ1|CHK|133|1|34|5|2|4|5|2|5|0|1|3
RZ1|134|1|OP02-004|0|33|0|0|0|0|0|0|0
RZ1|CHK|134|1|34|5|2|4|5|2|5|0|1|3
RZ1|135|1|OP03-013|0|33|0|0|0|0|0|0|0
RZ1|CHK|135|1|34|5|2|4|5|2|5|0|1|3
RZ1|136|1|OP02-004|0|33|0|0|0|0|0|0|0
RZ1|CHK|136|1|34|5|2|4|5|2|5|0|1|3
RZ1|137|1|OP01-029|0|33|0|0|0|0|0|0|0
RZ1|CHK|137|1|34|5|2|4|5|2|5|0|1|3
RZ1|138|1|Don|5|0|5|0|1|1|1|0|0
RZ1|CHK|138|1|34|5|2|4|5|2|5|0|1|3
RZ1|139|1|OP02-022|1|2|6|5|1|1|0|0|0
RZ1|CHK|139|1|34|4|2|4|5|2|6|0|1|3
RZ1|140|1|Don|5|1|5|1|1|1|1|0|0
RZ1|CHK|140|1|34|4|2|4|5|2|6|0|1|3
[You] Deploy Izou ["OP03-003">OP03-003]
RZ1|141|1|OP03-003|1|3|2|2|1|1|0|0|0
RZ1|CHK|141|1|34|3|3|4|5|2|6|0|1|3
[You] Izou ["OP03-003">OP03-003]: <b>Reveal and Draw Jozu ["OP02-008">OP02-008]</b>
RZ1|142|1|OP02-008|0|30|1|3|1|1|0|0|0
RZ1|CHK|142|1|33|4|3|4|5|2|6|0|1|3
RZ1|143|1|OP02-004|0|32|0|0|0|0|0|0|0
RZ1|CHK|143|1|33|4|3|4|5|2|6|0|1|3
RZ1|144|1|OP02-015|0|32|0|0|0|0|0|0|0
RZ1|CHK|144|1|33|4|3|4|5|2|6|0|1|3
RZ1|145|1|OP02-022|0|32|0|0|0|0|0|0|0
RZ1|CHK|145|1|33|4|3|4|5|2|6|0|1|3
RZ1|146|1|OP01-006|0|32|0|0|0|0|0|0|0
RZ1|CHK|146|1|33|4|3|4|5|2|6|0|1|3
[You] Makino ["OP02-015">OP02-015]: Buff Makino ["OP02-015">OP02-015] 3000
[You] Loses 1 Life
RZ1|147|1|OP01-006|3|3|1|4|1|1|0|0|0
RZ1|CHK|147|1|33|5|3|3|5|2|6|0|1|3
[] Hand: [OP02-013,OP02-018,OP01-029,OP02-008,OP01-006]
[] Board: [OP03-003,OP02-015,OP03-003]
[] Trash: [OP02-022,OP03-013,OP02-008,OP02-003,OP02-007,OP02-022]
[] Life: 3
[] Hand: [ST30-016,OP16-003,OP16-003,OP10-015]
[] Trash: [OP10-015,OP17-006,OP17-006]
[] Board: [OP13-016,OP13-016,OP10-015]
[] Life: 4
[You] End Turn
[] Hand: [ST30-016,OP16-003,OP16-003,OP10-015]
[] Board: [OP13-016,OP13-016,OP10-015]
[] Trash: [OP10-015,OP17-006,OP17-006]
[] Life: 4
[] Hand: [OP02-013,OP02-018,OP01-029,OP02-008,OP01-006]
[] Trash: [OP02-022,OP03-013,OP02-008,OP02-003,OP02-007,OP02-022]
[] Board: [OP03-003,OP02-015,OP03-003]
[] Life: 3
RZ1|148|2|Don|9|9900|5|0|1|1|1|0|0
RZ1|CHK|148|2|36|4|3|4|6|4|3|0|1|0
[Opponent] Draw 1 Card
[] Drew card from deck: Vista ["OP16-011">OP16-011]
RZ1|149|2|OP16-011|0|35|1|4|1|1|0|0|0
RZ1|CHK|149|2|35|5|3|4|6|4|3|0|1|0
RZ1|150|2|Don|4|5|5|4|1|1|0|0|0
RZ1|CHK|150|2|35|5|3|4|5|5|3|0|1|0
RZ1|151|2|Don|4|4|5|5|1|1|0|0|0
RZ1|CHK|151|2|35|5|3|4|4|6|3|0|1|0
[Opponent] Draw 2 Don
RZ1|152|2|Don|5|0|5|0|1|1|1|0|0
RZ1|CHK|152|2|35|5|3|4|4|6|3|0|1|0
RZ1|153|2|Don|5|1|5|1|1|1|1|0|0
RZ1|CHK|153|2|35|5|3|4|4|6|3|0|1|0
RZ1|154|2|Don|5|2|5|2|1|1|1|0|0
RZ1|CHK|154|2|35|5|3|4|4|6|3|0|1|0
RZ1|155|2|Don|5|3|5|3|1|1|1|0|0
RZ1|CHK|155|2|35|5|3|4|4|6|3|0|1|0
RZ1|156|2|Don|5|4|5|4|1|1|1|0|0
RZ1|CHK|156|2|35|5|3|4|4|6|3|0|1|0
RZ1|157|2|Don|5|5|5|5|1|1|1|0|0
RZ1|CHK|157|2|35|5|3|4|4|6|3|0|1|0
[Opponent] Deploy Vista ["OP16-011">OP16-011]
RZ1|158|2|OP16-011|1|4|2|3|1|1|0|0|0
RZ1|CHK|158|2|35|4|4|4|4|6|3|0|1|0
[Opponent] Portgas D. Ace ["OP16-001">OP16-001] attacking Makino ["OP02-015">OP02-015]
Portgas D. Ace ["OP16-001">OP16-001][5000] vs Makino ["OP02-015">OP02-015][0]
[You] Makino ["OP02-015">OP02-015] Destroyed
RZ1|159|1|OP02-015|2|1|6|6|1|1|0|0|0
RZ1|CHK|159|1|33|5|2|3|5|2|7|0|1|3
[Opponent] Monkey D. Garp ["OP13-016">OP13-016] attacking Izou ["OP03-003">OP03-003]
[You] Discard Jozu ["OP02-008">OP02-008] for Counter 2000
RZ1|160|1|OP02-008|1|3|6|7|1|1|0|0|0
RZ1|CHK|160|1|33|4|2|3|5|2|8|0|1|3
Monkey D. Garp ["OP13-016">OP13-016][2000] vs Izou ["OP03-003">OP03-003][4000]
Attack Fails
[Opponent] Monkey D. Garp ["OP13-016">OP13-016] attacking Izou ["OP03-003">OP03-003]
[You] Discard Marco ["OP02-018">OP02-018] for Counter 1000
RZ1|161|1|OP02-018|1|1|6|8|1|1|0|0|0
RZ1|CHK|161|1|33|3|2|3|5|2|9|0|1|3
Monkey D. Garp ["OP13-016">OP13-016][2000] vs Izou ["OP03-003">OP03-003][3000]
Attack Fails
[Opponent] Mocha ["OP10-015">OP10-015] attacking Izou ["OP03-003">OP03-003]
Mocha ["OP10-015">OP10-015][3000] vs Izou ["OP03-003">OP03-003][2000]
[You] Izou ["OP03-003">OP03-003] Destroyed
RZ1|162|1|Don|9|0|5|0|1|1|1|0|0
RZ1|CHK|162|1|33|3|2|3|5|3|9|0|1|2
RZ1|163|1|Don|9|0|5|0|1|1|1|0|0
RZ1|CHK|163|1|33|3|2|3|5|4|9|0|1|1
RZ1|164|1|Don|9|0|5|0|1|1|1|0|0
RZ1|CHK|164|1|33|3|2|3|5|5|9|0|1|0
RZ1|165|1|OP03-003|2|0|6|9|1|1|0|0|0
RZ1|CHK|165|1|33|3|1|3|5|5|10|0|1|0
[Opponent] Portgas D. Ace ["OP16-001">OP16-001]: Give Vista ["OP16-011">OP16-011] Rush
[Opponent] Vista ["OP16-011">OP16-011] attacking Edward Newgate ["OP02-001">OP02-001]
Vista ["OP16-011">OP16-011][8000] vs Edward Newgate ["OP02-001">OP02-001][6000]
Edward Newgate ["OP02-001">OP02-001] hit for 1 damage
RZ1|166|1|OP02-007|3|2|1|3|1|1|0|0|0
RZ1|CHK|166|1|33|4|1|2|5|5|10|0|1|0
[] Hand: [ST30-016,OP16-003,OP16-003,OP10-015]
[] Board: [OP13-016,OP13-016,OP10-015,OP16-011]
[] Trash: [OP10-015,OP17-006,OP17-006]
[] Life: 4
[] Hand: [OP02-013,OP01-029,OP01-006,OP02-007]
[] Trash: [OP02-022,OP03-013,OP02-008,OP02-003,OP02-007,OP02-022,OP02-015,OP02-008,OP02-018,OP03-003]
[] Board: [OP03-003]
[] Life: 2
[Opponent] End Turn
[] Hand: [OP02-013,OP01-029,OP01-006,OP02-007]
[] Board: [OP03-003]
[] Trash: [OP02-022,OP03-013,OP02-008,OP02-003,OP02-007,OP02-022,OP02-015,OP02-008,OP02-018,OP03-003]
[] Life: 2
[] Hand: [ST30-016,OP16-003,OP16-003,OP10-015]
[] Trash: [OP10-015,OP17-006,OP17-006]
[] Board: [OP13-016,OP13-016,OP10-015,OP16-011]
[] Life: 4
[You] Draw 1 Card
[] Drew card from deck: Moby Dick ["OP02-024">OP02-024]
RZ1|167|1|OP02-024|0|32|1|4|1|1|0|0|0
RZ1|CHK|167|1|32|5|1|2|5|5|10|0|1|0
RZ1|168|1|Don|4|4|5|5|1|1|0|0|0
RZ1|CHK|168|1|32|5|1|2|4|6|10|0|1|0
RZ1|169|1|Don|4|3|5|6|1|1|0|0|0
RZ1|CHK|169|1|32|5|1|2|3|7|10|0|1|0
[You] Draw 2 Don
RZ1|170|1|Don|5|0|5|0|1|1|1|0|0
RZ1|CHK|170|1|32|5|1|2|3|7|10|0|1|0
RZ1|171|1|Don|5|1|5|1|1|1|1|0|0
RZ1|CHK|171|1|32|5|1|2|3|7|10|0|1|0
RZ1|172|1|Don|5|2|5|2|1|1|1|0|0
RZ1|CHK|172|1|32|5|1|2|3|7|10|0|1|0
RZ1|173|1|Don|5|3|5|3|1|1|1|0|0
RZ1|CHK|173|1|32|5|1|2|3|7|10|0|1|0
RZ1|174|1|Don|5|4|5|4|1|1|1|0|0
RZ1|CHK|174|1|32|5|1|2|3|7|10|0|1|0
RZ1|175|1|Don|5|5|5|5|1|1|1|0|0
RZ1|CHK|175|1|32|5|1|2|3|7|10|0|1|0
RZ1|176|1|Don|5|6|5|6|1|1|1|0|0
RZ1|CHK|176|1|32|5|1|2|3|7|10|0|1|0
[You] Deploy Portgas D. Ace ["OP02-013">OP02-013]
RZ1|177|1|OP02-013|1|0|2|1|1|1|0|0|0
RZ1|CHK|177|1|32|4|2|2|3|7|10|0|1|0
[You] Portgas D. Ace ["OP02-013">OP02-013] Gains Rush
[You] Portgas D. Ace ["OP02-013">OP02-013]: Give Vista ["OP16-011">OP16-011] -3000
[You] Portgas D. Ace ["OP02-013">OP02-013]: Give Mocha ["OP10-015">OP10-015] -3000
[You] Portgas D. Ace ["OP02-013">OP02-013] attacking Portgas D. Ace ["OP16-001">OP16-001]
Portgas D. Ace ["OP02-013">OP02-013][7000] vs Portgas D. Ace ["OP16-001">OP16-001][5000]
Portgas D. Ace ["OP16-001">OP16-001] hit for 1 damage
RZ1|178|2|OP17-005|3|3|1|4|1|1|0|0|0
RZ1|CHK|178|2|35|5|4|3|4|6|3|0|1|0
[You] Edward Newgate ["OP02-001">OP02-001] attacking Vista ["OP16-011">OP16-011]
[Opponent] Discard Mocha ["OP10-015">OP10-015] for Counter 2000
RZ1|179|2|OP10-015|1|3|6|3|1|1|0|0|0
RZ1|CHK|179|2|35|4|4|3|4|6|4|0|1|0
Edward Newgate ["OP02-001">OP02-001][6000] vs Vista ["OP16-011">OP16-011][7000]
Attack Fails
[You] Izou ["OP03-003">OP03-003] attacking Mocha ["OP10-015">OP10-015]
Izou ["OP03-003">OP03-003][2000] vs Mocha ["OP10-015">OP10-015][0]
[Opponent] Mocha ["OP10-015">OP10-015] Destroyed
RZ1|180|2|OP10-015|2|2|6|4|1|1|0|0|0
RZ1|CHK|180|2|35|4|3|3|4|6|5|0|1|0
[You] Loses 1 Life
RZ1|181|1|OP02-018|3|1|1|4|1|1|0|0|0
RZ1|CHK|181|1|32|5|2|1|3|7|10|0|1|0
[] Hand: [OP01-029,OP01-006,OP02-007,OP02-024,OP02-018]
[] Board: [OP03-003,OP02-013]
[] Trash: [OP02-022,OP03-013,OP02-008,OP02-003,OP02-007,OP02-022,OP02-015,OP02-008,OP02-018,OP03-003]
[] Life: 1
[] Hand: [ST30-016,OP16-003,OP16-003,OP17-005]
[] Trash: [OP10-015,OP17-006,OP17-006,OP10-015,OP10-015]
[] Board: [OP13-016,OP13-016,OP16-011]
[] Life: 3
[You] End Turn
[] Hand: [ST30-016,OP16-003,OP16-003,OP17-005]
[] Board: [OP13-016,OP13-016,OP16-011]
[] Trash: [OP10-015,OP17-006,OP17-006,OP10-015,OP10-015]
[] Life: 3
[] Hand: [OP01-029,OP01-006,OP02-007,OP02-024,OP02-018]
[] Trash: [OP02-022,OP03-013,OP02-008,OP02-003,OP02-007,OP02-022,OP02-015,OP02-008,OP02-018,OP03-003]
[] Board: [OP03-003,OP02-013]
[] Life: 1
[Opponent] Draw 1 Card
[] Drew card from deck: Moby Dick ["OP16-021">OP16-021]
RZ1|182|2|OP16-021|0|34|1|4|1|1|0|0|0
RZ1|CHK|182|2|34|5|3|3|4|6|5|0|1|0
RZ1|183|2|Don|4|3|5|6|1|1|0|0|0
RZ1|CHK|183|2|34|5|3|3|3|7|5|0|1|0
RZ1|184|2|Don|4|2|5|7|1|1|0|0|0
RZ1|CHK|184|2|34|5|3|3|2|8|5|0|1|0
[Opponent] Draw 2 Don
RZ1|185|2|Don|5|0|5|0|1|1|1|0|0
RZ1|CHK|185|2|34|5|3|3|2|8|5|0|1|0
RZ1|186|2|Don|5|1|5|1|1|1|1|0|0
RZ1|CHK|186|2|34|5|3|3|2|8|5|0|1|0
RZ1|187|2|Don|5|2|5|2|1|1|1|0|0
RZ1|CHK|187|2|34|5|3|3|2|8|5|0|1|0
RZ1|188|2|Don|5|3|5|3|1|1|1|0|0
RZ1|CHK|188|2|34|5|3|3|2|8|5|0|1|0
RZ1|189|2|Don|5|4|5|4|1|1|1|0|0
RZ1|CHK|189|2|34|5|3|3|2|8|5|0|1|0
RZ1|190|2|Don|5|5|5|5|1|1|1|0|0
RZ1|CHK|190|2|34|5|3|3|2|8|5|0|1|0
RZ1|191|2|Don|5|6|5|6|1|1|1|0|0
RZ1|CHK|191|2|34|5|3|3|2|8|5|0|1|0
RZ1|192|2|Don|5|7|5|7|1|1|1|0|0
RZ1|CHK|192|2|34|5|3|3|2|8|5|0|1|0
[Opponent] Deploy Edward Newgate ["OP16-003">OP16-003]
RZ1|193|2|OP16-003|1|1|2|3|1|1|0|0|0
RZ1|CHK|193|2|34|4|4|3|2|8|5|0|1|0
[Opponent] Vista ["OP16-011">OP16-011] attacking Edward Newgate ["OP02-001">OP02-001]
Vista ["OP16-011">OP16-011][8000] vs Edward Newgate ["OP02-001">OP02-001][6000]
Edward Newgate ["OP02-001">OP02-001] hit for 1 damage
RZ1|194|1|OP02-013|3|0|1|5|1|1|0|0|0
RZ1|CHK|194|1|32|6|2|0|3|7|10|0|1|0
[Opponent] Portgas D. Ace ["OP16-001">OP16-001]: Give Edward Newgate ["OP16-003">OP16-003] Rush
[Opponent] Edward Newgate ["OP16-003">OP16-003] attacking Edward Newgate ["OP02-001">OP02-001]
Edward Newgate ["OP16-003">OP16-003][10000] vs Edward Newgate ["OP02-001">OP02-001][6000]
Edward Newgate ["OP02-001">OP02-001] hit for 1 damage
[You] <b>Downloaded the Combat Log!</b>
GameOver