Version is 1.42c.22
[You] Leader is Enel ["OP15-058">OP15-058]
RZ1|HDR|1.42c|2|RZ1
RZ1|PLY|1||OP15-058
RZ1|PLY|2||
[Opponent] Leader is Dracule Mihawk ["OP14-020">OP14-020]
RZ1|1|2|EB01-015|0|2|0|0|0|0|0|0|0
RZ1|CHK|1|2|50|0|0|0|10|0|0|0|1|0
RZ1|2|2|OP14-033|0|27|0|1|0|0|0|0|0
RZ1|CHK|2|2|50|0|0|0|10|0|0|0|1|0
RZ1|3|2|ST02-007|0|10|0|2|0|0|0|0|0
RZ1|CHK|3|2|50|0|0|0|10|0|0|0|1|0
RZ1|4|2|OP14-033|0|28|0|3|0|0|0|0|0
RZ1|CHK|4|2|50|0|0|0|10|0|0|0|1|0
RZ1|5|2|ST24-004|0|35|0|4|0|0|0|0|0
RZ1|CHK|5|2|50|0|0|0|10|0|0|0|1|0
RZ1|6|2|OP07-026|0|21|0|5|0|0|0|0|0
RZ1|CHK|6|2|50|0|0|0|10|0|0|0|1|0
RZ1|7|2|OP12-034|0|10|0|6|0|0|0|0|0
RZ1|CHK|7|2|50|0|0|0|10|0|0|0|1|0
RZ1|8|2|PRB02-006|0|20|0|7|0|0|0|0|0
RZ1|CHK|8|2|50|0|0|0|10|0|0|0|1|0
RZ1|9|2|OP14-039|0|49|0|8|0|0|0|0|0
RZ1|CHK|9|2|50|0|0|0|10|0|0|0|1|0
RZ1|10|2|ST02-007|0|15|0|9|0|0|0|0|0
RZ1|CHK|10|2|50|0|0|0|10|0|0|0|1|0
RZ1|11|2|OP13-031|0|32|0|10|0|0|0|0|0
RZ1|CHK|11|2|50|0|0|0|10|0|0|0|1|0
RZ1|12|2|ST24-004|0|37|0|11|0|0|0|0|0
RZ1|CHK|12|2|50|0|0|0|10|0|0|0|1|0
RZ1|13|2|OP08-036|0|47|0|12|0|0|0|0|0
RZ1|CHK|13|2|50|0|0|0|10|0|0|0|1|0
RZ1|14|2|OP14-039|0|49|0|13|0|0|0|0|0
RZ1|CHK|14|2|50|0|0|0|10|0|0|0|1|0
RZ1|15|2|OP14-032|0|24|0|14|0|0|0|0|0
RZ1|CHK|15|2|50|0|0|0|10|0|0|0|1|0
RZ1|16|2|OP14-032|0|25|0|15|0|0|0|0|0
RZ1|CHK|16|2|50|0|0|0|10|0|0|0|1|0
RZ1|17|2|OP12-037|0|43|0|16|0|0|0|0|0
RZ1|CHK|17|2|50|0|0|0|10|0|0|0|1|0
RZ1|18|2|OP08-036|0|49|0|17|0|0|0|0|0
RZ1|CHK|18|2|50|0|0|0|10|0|0|0|1|0
RZ1|19|2|OP12-031|0|32|0|18|0|0|0|0|0
RZ1|CHK|19|2|50|0|0|0|10|0|0|0|1|0
RZ1|20|2|ST24-002|0|26|0|19|0|0|0|0|0
RZ1|CHK|20|2|50|0|0|0|10|0|0|0|1|0
RZ1|21|2|OP12-034|0|24|0|20|0|0|0|0|0
RZ1|CHK|21|2|50|0|0|0|10|0|0|0|1|0
RZ1|22|2|OP14-119|0|40|0|21|0|0|0|0|0
RZ1|CHK|22|2|50|0|0|0|10|0|0|0|1|0
RZ1|23|2|ST24-002|0|28|0|22|0|0|0|0|0
RZ1|CHK|23|2|50|0|0|0|10|0|0|0|1|0
RZ1|24|2|OP12-118|0|36|0|23|0|0|0|0|0
RZ1|CHK|24|2|50|0|0|0|10|0|0|0|1|0
RZ1|25|2|OP12-034|0|27|0|25|0|0|0|0|0
RZ1|CHK|25|2|50|0|0|0|10|0|0|0|1|0
RZ1|26|2|ST24-004|0|42|0|26|0|0|0|0|0
RZ1|CHK|26|2|50|0|0|0|10|0|0|0|1|0
RZ1|27|2|OP07-026|0|33|0|27|0|0|0|0|0
RZ1|CHK|27|2|50|0|0|0|10|0|0|0|1|0
RZ1|28|2|OP13-031|0|39|0|28|0|0|0|0|0
RZ1|CHK|28|2|50|0|0|0|10|0|0|0|1|0
RZ1|29|2|OP13-031|0|41|0|29|0|0|0|0|0
RZ1|CHK|29|2|50|0|0|0|10|0|0|0|1|0
RZ1|30|2|OP13-040|0|47|0|30|0|0|0|0|0
RZ1|CHK|30|2|50|0|0|0|10|0|0|0|1|0
RZ1|31|2|ST24-002|0|34|0|31|0|0|0|0|0
RZ1|CHK|31|2|50|0|0|0|10|0|0|0|1|0
RZ1|32|2|OP07-026|0|36|0|32|0|0|0|0|0
RZ1|CHK|32|2|50|0|0|0|10|0|0|0|1|0
RZ1|33|2|OP14-119|0|43|0|33|0|0|0|0|0
RZ1|CHK|33|2|50|0|0|0|10|0|0|0|1|0
RZ1|34|2|OP12-118|0|40|0|34|0|0|0|0|0
RZ1|CHK|34|2|50|0|0|0|10|0|0|0|1|0
RZ1|35|2|OP06-038|0|45|0|35|0|0|0|0|0
RZ1|CHK|35|2|50|0|0|0|10|0|0|0|1|0
RZ1|36|2|OP13-040|0|49|0|36|0|0|0|0|0
RZ1|CHK|36|2|50|0|0|0|10|0|0|0|1|0
RZ1|37|2|OP13-031|0|45|0|37|0|0|0|0|0
RZ1|CHK|37|2|50|0|0|0|10|0|0|0|1|0
RZ1|38|2|OP12-031|0|42|0|38|0|0|0|0|0
RZ1|CHK|38|2|50|0|0|0|10|0|0|0|1|0
RZ1|39|2|OP12-118|0|44|0|39|0|0|0|0|0
RZ1|CHK|39|2|50|0|0|0|10|0|0|0|1|0
RZ1|40|2|OP12-118|0|45|0|41|0|0|0|0|0
RZ1|CHK|40|2|50|0|0|0|10|0|0|0|1|0
RZ1|41|2|ST24-002|0|44|0|43|0|0|0|0|0
RZ1|CHK|41|2|50|0|0|0|10|0|0|0|1|0
RZ1|42|2|OP13-040|0|48|0|44|0|0|0|0|0
RZ1|CHK|42|2|50|0|0|0|10|0|0|0|1|0
RZ1|43|2|OP06-038|0|47|0|45|0|0|0|0|0
RZ1|CHK|43|2|50|0|0|0|10|0|0|0|1|0
RZ1|44|2|OP13-040|0|49|0|48|0|0|0|0|0
RZ1|CHK|44|2|50|0|0|0|10|0|0|0|1|0
[] Drew card from deck: Vinsmoke Reiju ["OP12-063">OP12-063]
RZ1|45|1|OP12-063|0|49|1|0|1|1|0|0|0
RZ1|CHK|45|1|49|1|0|0|6|0|0|0|1|0
[] Drew card from deck: Lightning Beast Kiten ["OP15-076">OP15-076]
RZ1|46|1|OP15-076|0|48|1|1|1|1|0|0|0
RZ1|CHK|46|1|48|2|0|0|6|0|0|0|1|0
[] Drew card from deck: El Thor ["OP15-075">OP15-075]
RZ1|47|1|OP15-075|0|47|1|2|1|1|0|0|0
RZ1|CHK|47|1|47|3|0|0|6|0|0|0|1|0
[] Drew card from deck: Divine Departure ["OP13-076">OP13-076]
RZ1|48|1|OP13-076|0|46|1|3|1|1|0|0|0
RZ1|CHK|48|1|46|4|0|0|6|0|0|0|1|0
[] Drew card from deck: Lightning Beast Kiten ["OP15-076">OP15-076]
RZ1|49|1|OP15-076|0|45|1|4|1|1|0|0|0
RZ1|CHK|49|1|45|5|0|0|6|0|0|0|1|0
[] Drew card from deck: Demonic Aura Nine-Sword Style Asura Dead Man's Game ["OP12-037">OP12-037]
RZ1|50|2|OP12-037|0|49|1|0|1|1|0|0|0
RZ1|CHK|50|2|49|1|0|0|10|0|0|0|1|0
[] Drew card from deck: I Know You're Strong... So I'll Go All Out ["OP13-040">OP13-040]
RZ1|51|2|OP13-040|0|48|1|1|1|1|0|0|0
RZ1|CHK|51|2|48|2|0|0|10|0|0|0|1|0
[] Drew card from deck: Tashigi ["OP12-031">OP12-031]
RZ1|52|2|OP12-031|0|47|1|2|1|1|0|0|0
RZ1|CHK|52|2|47|3|0|0|10|0|0|0|1|0
[] Drew card from deck: Perona ["OP12-034">OP12-034]
RZ1|53|2|OP12-034|0|46|1|3|1|1|0|0|0
RZ1|CHK|53|2|46|4|0|0|10|0|0|0|1|0
[] Drew card from deck: Billion-fold World Trichiliocosm ["OP06-038">OP06-038]
RZ1|54|2|OP06-038|0|45|1|4|1|1|0|0|0
RZ1|CHK|54|2|45|5|0|0|10|0|0|0|1|0
RZ1|55|1|OP12-063|1|0|0|45|0|0|0|0|0
RZ1|CHK|55|1|46|4|0|0|6|0|0|0|1|0
RZ1|56|1|OP15-076|1|0|0|46|0|0|0|0|0
RZ1|CHK|56|1|47|3|0|0|6|0|0|0|1|0
RZ1|57|1|OP15-075|1|0|0|47|0|0|0|0|0
RZ1|CHK|57|1|48|2|0|0|6|0|0|0|1|0
RZ1|58|1|OP13-076|1|0|0|48|0|0|0|0|0
RZ1|CHK|58|1|49|1|0|0|6|0|0|0|1|0
RZ1|59|1|OP15-076|1|0|0|49|0|0|0|0|0
RZ1|CHK|59|1|50|0|0|0|6|0|0|0|1|0
RZ1|60|1|OP15-076|0|49|0|0|0|0|0|0|0
RZ1|CHK|60|1|50|0|0|0|6|0|0|0|1|0
RZ1|61|1|OP15-066|0|34|0|1|0|0|0|0|0
RZ1|CHK|61|1|50|0|0|0|6|0|0|0|1|0
RZ1|62|1|OP12-071|0|4|0|2|0|0|0|0|0
RZ1|CHK|62|1|50|0|0|0|6|0|0|0|1|0
RZ1|63|1|OP15-075|0|7|0|3|0|0|0|0|0
RZ1|CHK|63|1|50|0|0|0|6|0|0|0|1|0
RZ1|64|1|OP15-066|0|19|0|4|0|0|0|0|0
RZ1|CHK|64|1|50|0|0|0|6|0|0|0|1|0
RZ1|65|1|OP05-077|0|42|0|5|0|0|0|0|0
RZ1|CHK|65|1|50|0|0|0|6|0|0|0|1|0
RZ1|66|1|OP15-078|0|31|0|6|0|0|0|0|0
RZ1|CHK|66|1|50|0|0|0|6|0|0|0|1|0
RZ1|67|1|OP15-077|0|9|0|7|0|0|0|0|0
RZ1|CHK|67|1|50|0|0|0|6|0|0|0|1|0
RZ1|68|1|OP10-067|0|16|0|8|0|0|0|0|0
RZ1|CHK|68|1|50|0|0|0|6|0|0|0|1|0
RZ1|69|1|OP15-061|0|40|0|9|0|0|0|0|0
RZ1|CHK|69|1|50|0|0|0|6|0|0|0|1|0
RZ1|70|1|OP15-067|0|15|0|10|0|0|0|0|0
RZ1|CHK|70|1|50|0|0|0|6|0|0|0|1|0
RZ1|71|1|OP12-063|0|46|0|11|0|0|0|0|0
RZ1|CHK|71|1|50|0|0|0|6|0|0|0|1|0
RZ1|72|1|OP15-074|0|24|0|12|0|0|0|0|0
RZ1|CHK|72|1|50|0|0|0|6|0|0|0|1|0
RZ1|73|1|OP15-077|0|25|0|13|0|0|0|0|0
RZ1|CHK|73|1|50|0|0|0|6|0|0|0|1|0
RZ1|74|1|OP15-118|0|20|0|14|0|0|0|0|0
RZ1|CHK|74|1|50|0|0|0|6|0|0|0|1|0
RZ1|75|1|OP15-075|0|48|0|15|0|0|0|0|0
RZ1|CHK|75|1|50|0|0|0|6|0|0|0|1|0
RZ1|76|1|OP15-078|0|47|0|16|0|0|0|0|0
RZ1|CHK|76|1|50|0|0|0|6|0|0|0|1|0
RZ1|77|1|OP15-078|0|33|0|17|0|0|0|0|0
RZ1|CHK|77|1|50|0|0|0|6|0|0|0|1|0
RZ1|78|1|OP05-077|0|29|0|18|0|0|0|0|0
RZ1|CHK|78|1|50|0|0|0|6|0|0|0|1|0
RZ1|79|1|OP15-077|0|40|0|19|0|0|0|0|0
RZ1|CHK|79|1|50|0|0|0|6|0|0|0|1|0
RZ1|80|1|OP15-067|0|42|0|20|0|0|0|0|0
RZ1|CHK|80|1|50|0|0|0|6|0|0|0|1|0
RZ1|81|1|OP09-072|0|24|0|21|0|0|0|0|0
RZ1|CHK|81|1|50|0|0|0|6|0|0|0|1|0
RZ1|82|1|OP12-063|0|35|0|22|0|0|0|0|0
RZ1|CHK|82|1|50|0|0|0|6|0|0|0|1|0
RZ1|83|1|OP15-075|0|41|0|23|0|0|0|0|0
RZ1|CHK|83|1|50|0|0|0|6|0|0|0|1|0
RZ1|84|1|OP15-067|0|33|0|24|0|0|0|0|0
RZ1|CHK|84|1|50|0|0|0|6|0|0|0|1|0
RZ1|85|1|OP15-077|0|41|0|25|0|0|0|0|0
RZ1|CHK|85|1|50|0|0|0|6|0|0|0|1|0
RZ1|86|1|OP12-063|0|37|0|26|0|0|0|0|0
RZ1|CHK|86|1|50|0|0|0|6|0|0|0|1|0
RZ1|87|1|OP12-063|0|40|0|27|0|0|0|0|0
RZ1|CHK|87|1|50|0|0|0|6|0|0|0|1|0
RZ1|88|1|OP15-061|0|46|0|28|0|0|0|0|0
RZ1|CHK|88|1|50|0|0|0|6|0|0|0|1|0
RZ1|89|1|OP15-118|0|37|0|29|0|0|0|0|0
RZ1|CHK|89|1|50|0|0|0|6|0|0|0|1|0
RZ1|90|1|OP15-074|0|41|0|30|0|0|0|0|0
RZ1|CHK|90|1|50|0|0|0|6|0|0|0|1|0
RZ1|91|1|OP15-074|0|38|0|31|0|0|0|0|0
RZ1|CHK|91|1|50|0|0|0|6|0|0|0|1|0
RZ1|92|1|OP05-077|0|37|0|32|0|0|0|0|0
RZ1|CHK|92|1|50|0|0|0|6|0|0|0|1|0
RZ1|93|1|OP09-072|0|42|0|33|0|0|0|0|0
RZ1|CHK|93|1|50|0|0|0|6|0|0|0|1|0
RZ1|94|1|OP15-066|0|39|0|34|0|0|0|0|0
RZ1|CHK|94|1|50|0|0|0|6|0|0|0|1|0
RZ1|95|1|OP15-076|0|47|0|35|0|0|0|0|0
RZ1|CHK|95|1|50|0|0|0|6|0|0|0|1|0
RZ1|96|1|OP12-071|0|37|0|36|0|0|0|0|0
RZ1|CHK|96|1|50|0|0|0|6|0|0|0|1|0
RZ1|97|1|OP15-078|0|46|0|37|0|0|0|0|0
RZ1|CHK|97|1|50|0|0|0|6|0|0|0|1|0
RZ1|98|1|OP15-067|0|39|0|38|0|0|0|0|0
RZ1|CHK|98|1|50|0|0|0|6|0|0|0|1|0
RZ1|99|1|OP15-061|0|44|0|39|0|0|0|0|0
RZ1|CHK|99|1|50|0|0|0|6|0|0|0|1|0
RZ1|100|1|OP15-061|0|43|0|40|0|0|0|0|0
RZ1|CHK|100|1|50|0|0|0|6|0|0|0|1|0
RZ1|101|1|OP10-067|0|46|0|42|0|0|0|0|0
RZ1|CHK|101|1|50|0|0|0|6|0|0|0|1|0
RZ1|102|1|OP12-071|0|46|0|43|0|0|0|0|0
RZ1|CHK|102|1|50|0|0|0|6|0|0|0|1|0
RZ1|103|1|OP15-076|0|48|0|44|0|0|0|0|0
RZ1|CHK|103|1|50|0|0|0|6|0|0|0|1|0
RZ1|104|1|OP15-118|0|47|0|46|0|0|0|0|0
RZ1|CHK|104|1|50|0|0|0|6|0|0|0|1|0
RZ1|105|1|OP13-076|0|49|0|48|0|0|0|0|0
RZ1|CHK|105|1|50|0|0|0|6|0|0|0|1|0
[] Drew card from deck: Enel ["OP15-118">OP15-118]
RZ1|106|1|OP15-118|0|49|1|0|1|1|0|0|0
RZ1|CHK|106|1|49|1|0|0|6|0|0|0|1|0
[] Drew card from deck: Divine Departure ["OP13-076">OP13-076]
RZ1|107|1|OP13-076|0|48|1|1|1|1|0|0|0
RZ1|CHK|107|1|48|2|0|0|6|0|0|0|1|0
[] Drew card from deck: Lightning Beast Kiten ["OP15-076">OP15-076]
RZ1|108|1|OP15-076|0|47|1|2|1|1|0|0|0
RZ1|CHK|108|1|47|3|0|0|6|0|0|0|1|0
[] Drew card from deck: Enel ["OP15-118">OP15-118]
RZ1|109|1|OP15-118|0|46|1|3|1|1|0|0|0
RZ1|CHK|109|1|46|4|0|0|6|0|0|0|1|0
[] Drew card from deck: Varie ["OP15-074">OP15-074]
RZ1|110|1|OP15-074|0|45|1|4|1|1|0|0|0
RZ1|CHK|110|1|45|5|0|0|6|0|0|0|1|0
RZ1|111|1|OP15-076|0|44|3|0|1|0|0|0|0
RZ1|CHK|111|1|44|5|0|1|6|0|0|0|1|0
RZ1|112|1|OP12-071|0|43|3|1|1|0|0|0|0
RZ1|CHK|112|1|43|5|0|2|6|0|0|0|1|0
RZ1|113|1|OP10-067|0|42|3|2|1|0|0|0|0
RZ1|CHK|113|1|42|5|0|3|6|0|0|0|1|0
RZ1|114|1|OP15-075|0|41|3|3|1|0|0|0|0
RZ1|CHK|114|1|41|5|0|4|6|0|0|0|1|0
RZ1|115|1|OP15-061|0|40|3|4|1|0|0|0|0
RZ1|CHK|115|1|40|5|0|5|6|0|0|0|1|0
[] Hand after Mulligan: [OP15-118,OP13-076,OP15-076,OP15-118,OP15-074]
[You] Mulligan
RZ1|116|2|OP13-040|0|44|3|0|0|1|0|0|0
RZ1|CHK|116|2|44|5|0|1|10|0|0|0|1|0
RZ1|117|2|ST24-002|0|43|3|1|0|1|0|0|0
RZ1|CHK|117|2|43|5|0|2|10|0|0|0|1|0
RZ1|118|2|EB01-015|0|42|3|2|0|1|0|0|0
RZ1|CHK|118|2|42|5|0|3|10|0|0|0|1|0
RZ1|119|2|OP12-118|0|41|3|3|0|1|0|0|0
RZ1|CHK|119|2|41|5|0|4|10|0|0|0|1|0
RZ1|120|2|EB01-015|0|40|3|4|0|1|0|0|0
RZ1|CHK|120|2|40|5|0|5|10|0|0|0|1|0
[] Hand: [OP15-118,OP13-076,OP15-076,OP15-118,OP15-074]
[] Board: []
[] Trash: []
[] Life: 5
[] Hand: [OP12-037,OP13-040,OP12-031,OP12-034,OP06-038]
[] Trash: []
[] Board: []
[] Life: 5
RZ1|121|1|Don|4|5|5|0|1|1|0|0|0
RZ1|CHK|121|1|40|5|0|5|5|1|0|0|1|0
[You] Draw 1 Don
[] Hand: [OP15-118,OP13-076,OP15-076,OP15-118,OP15-074]
[] Board: []
[] Trash: []
[] Life: 5
[] Hand: [OP12-037,OP13-040,OP12-031,OP12-034,OP06-038]
[] Trash: []
[] Board: []
[] Life: 5
[You] End Turn
[] Hand: [OP12-037,OP13-040,OP12-031,OP12-034,OP06-038]
[] Board: []
[] Trash: []
[] Life: 5
[] Hand: [OP15-118,OP13-076,OP15-076,OP15-118,OP15-074]
[] Trash: []
[] Board: []
[] Life: 5
[Opponent] Draw 1 Card
[] Drew card from deck: Jewelry Bonney ["OP12-118">OP12-118]
RZ1|122|2|OP12-118|0|39|1|5|1|1|0|0|0
RZ1|CHK|122|2|39|6|0|5|10|0|0|0|1|0
RZ1|123|2|Don|4|9|5|0|1|1|0|0|0
RZ1|CHK|123|2|39|6|0|5|9|1|0|0|1|0
RZ1|124|2|Don|4|8|5|1|1|1|0|0|0
RZ1|CHK|124|2|39|6|0|5|8|2|0|0|1|0
[Opponent] Draw 2 Don
RZ1|125|2|Don|5|0|5|0|1|1|1|0|0
RZ1|CHK|125|2|39|6|0|5|8|2|0|0|1|0
[Opponent] Deploy Perona ["OP12-034">OP12-034]
RZ1|126|2|OP12-034|1|3|2|0|1|1|0|0|0
RZ1|CHK|126|2|39|5|1|5|8|2|0|0|1|0
RZ1|127|2|OP06-038|0|35|1|5|1|1|0|0|0
RZ1|CHK|127|2|38|6|1|5|8|2|0|0|1|0
[Opponent] Perona ["OP12-034">OP12-034]: <b>Reveal and Draw Billion-fold World Trichiliocosm ["OP06-038">OP06-038]</b>
[Opponent] Placing Cards on Bottom of Deck
RZ1|128|2|OP12-031|0|37|0|0|0|0|0|0|0
RZ1|CHK|128|2|38|6|1|5|8|2|0|0|1|0
RZ1|129|2|OP13-031|0|37|0|0|0|0|0|0|0
RZ1|CHK|129|2|38|6|1|5|8|2|0|0|1|0
RZ1|130|2|OP13-040|0|37|0|0|0|0|0|0|0
RZ1|CHK|130|2|38|6|1|5|8|2|0|0|1|0
RZ1|131|2|OP12-118|0|37|0|0|0|0|0|0|0
RZ1|CHK|131|2|38|6|1|5|8|2|0|0|1|0
[] Hand: [OP12-037,OP13-040,OP12-031,OP06-038,OP12-118,OP06-038]
[] Board: [OP12-034]
[] Trash: []
[] Life: 5
[] Hand: [OP15-118,OP13-076,OP15-076,OP15-118,OP15-074]
[] Trash: []
[] Board: []
[] Life: 5
[Opponent] End Turn
[] Hand: [OP15-118,OP13-076,OP15-076,OP15-118,OP15-074]
[] Board: []
[] Trash: []
[] Life: 5
[] Hand: [OP12-037,OP13-040,OP12-031,OP06-038,OP12-118,OP06-038]
[] Trash: []
[] Board: [OP12-034]
[] Life: 5
[You] Draw 1 Card
[] Drew card from deck: Ohm ["OP15-061">OP15-061]
RZ1|132|1|OP15-061|0|39|1|5|1|1|0|0|0
RZ1|CHK|132|1|39|6|0|5|5|1|0|0|1|0
RZ1|133|1|Don|4|4|5|1|1|1|0|0|0
RZ1|CHK|133|1|39|6|0|5|4|2|0|0|1|0
RZ1|134|1|Don|4|3|5|2|1|1|0|0|0
RZ1|CHK|134|1|39|6|0|5|3|3|0|0|1|0
[You] Draw 2 Don
RZ1|135|1|Don|5|0|9|9900|1|1|0|0|0
RZ1|CHK|135|1|39|6|0|5|3|2|0|0|1|1
[You] Attach 1 Don to Enel ["OP15-058">OP15-058] (1 Total)
[You] Enel ["OP15-058">OP15-058] attacking Dracule Mihawk ["OP14-020">OP14-020]
[Opponent] Demonic Aura Nine-Sword Style Asura Dead Man's Game ["OP12-037">OP12-037]: Activate Counter
[Opponent] Demonic Aura Nine-Sword Style Asura Dead Man's Game ["OP12-037">OP12-037]: Rest 1 Don
RZ1|136|2|Don|5|1|5|1|1|1|1|0|0
RZ1|CHK|136|2|38|6|1|5|8|2|0|0|1|0
RZ1|137|2|OP12-037|1|0|6|0|1|1|0|0|0
RZ1|CHK|137|2|38|5|1|5|8|2|1|0|1|0
[Opponent] Demonic Aura Nine-Sword Style Asura Dead Man's Game ["OP12-037">OP12-037]: Buff Dracule Mihawk ["OP14-020">OP14-020] 3000 for the Combat
Enel ["OP15-058">OP15-058][6000] vs Dracule Mihawk ["OP14-020">OP14-020][8000]
Attack Fails
RZ1|138|1|Don|5|0|5|0|1|1|1|0|0
RZ1|CHK|138|1|39|6|0|5|3|2|0|0|1|1
[You] Deploy Ohm ["OP15-061">OP15-061]
RZ1|139|1|OP15-061|1|5|2|0|1|1|0|0|0
RZ1|CHK|139|1|39|5|1|5|3|2|0|0|1|1
RZ1|140|1|Don|9|9900|4|3|1|1|0|0|0
RZ1|CHK|140|1|39|5|1|5|4|2|0|0|1|0
[You] Ohm ["OP15-061">OP15-061]: Minus 1 Don
[] Drew card from deck: Shura ["OP15-067">OP15-067]
RZ1|141|1|OP15-067|0|38|1|5|1|1|0|0|0
RZ1|CHK|141|1|38|6|1|5|4|2|0|0|1|0
[You] Ohm ["OP15-061">OP15-061]: Draw 1 Card
RZ1|142|1|Don|5|1|5|1|1|1|1|0|0
RZ1|CHK|142|1|38|6|1|5|4|2|0|0|1|0
[You] Deploy Shura ["OP15-067">OP15-067]
RZ1|143|1|OP15-067|1|5|2|1|1|1|0|0|0
RZ1|CHK|143|1|38|5|2|5|4|2|0|0|1|0
RZ1|144|1|Don|5|0|4|4|1|1|0|0|0
RZ1|CHK|144|1|38|5|2|5|5|1|0|0|1|0
[You] Shura ["OP15-067">OP15-067]: Minus 1 Don
[] Drew card from deck: Mamaragan ["OP15-078">OP15-078]
RZ1|145|1|OP15-078|0|37|1|5|1|1|0|0|0
RZ1|CHK|145|1|37|6|2|5|5|1|0|0|1|0
[You] Shura ["OP15-067">OP15-067]: Draw 1 Card
Enel ["OP15-058">OP15-058]: Draw 1 Don
RZ1|146|1|Don|4|4|5|1|1|1|0|0|0
RZ1|CHK|146|1|37|6|2|5|4|2|0|0|1|0
Enel ["OP15-058">OP15-058]: Draw 4 Rested Don
RZ1|147|1|Don|4|3|5|0|1|1|1|0|0
RZ1|CHK|147|1|37|6|2|5|3|3|0|0|1|0
RZ1|148|1|Don|4|2|5|0|1|1|1|0|0
RZ1|CHK|148|1|37|6|2|5|2|4|0|0|1|0
RZ1|149|1|Don|4|1|5|0|1|1|1|0|0
RZ1|CHK|149|1|37|6|2|5|1|5|0|0|1|0
RZ1|150|1|Don|4|0|5|0|1|1|1|0|0
RZ1|CHK|150|1|37|6|2|5|0|6|0|0|1|0
[You] Enel ["OP15-058">OP15-058]: Attach 1 Rested Don to Shura ["OP15-067">OP15-067]
RZ1|151|1|Don|5|0|9|100|1|1|1|0|0
RZ1|CHK|151|1|37|6|2|5|0|5|0|0|1|1
[You] Enel ["OP15-058">OP15-058]: Attach 1 Rested Don to Shura ["OP15-067">OP15-067]
RZ1|152|1|Don|5|0|9|101|1|1|1|0|0
RZ1|CHK|152|1|37|6|2|5|0|4|0|0|1|2
[You] Enel ["OP15-058">OP15-058]: Attach 1 Rested Don to Shura ["OP15-067">OP15-067]
RZ1|153|1|Don|5|0|9|102|1|1|1|0|0
RZ1|CHK|153|1|37|6|2|5|0|3|0|0|1|3
[You] Enel ["OP15-058">OP15-058]: Attach 1 Rested Don to Shura ["OP15-067">OP15-067]
RZ1|154|1|Don|5|0|9|103|1|1|1|0|0
RZ1|CHK|154|1|37|6|2|5|0|2|0|0|1|4
[You] Shura ["OP15-067">OP15-067] attacking Dracule Mihawk ["OP14-020">OP14-020]
Shura ["OP15-067">OP15-067][6000] vs Dracule Mihawk ["OP14-020">OP14-020][5000]
Dracule Mihawk ["OP14-020">OP14-020] hit for 1 damage
RZ1|155|2|EB01-015|3|4|1|5|1|1|0|0|0
RZ1|CHK|155|2|38|6|1|4|8|2|1|0|1|0
RZ1|156|1|OP15-076|1|2|6|0|1|1|0|0|0
RZ1|CHK|156|1|37|5|2|5|0|2|1|0|1|4
RZ1|157|1|OP15-078|1|4|6|1|1|1|0|0|0
RZ1|CHK|157|1|37|4|2|5|0|2|2|0|1|4
[] Hand: [OP15-118,OP13-076,OP15-118,OP15-074]
[] Board: [OP15-061,OP15-067]
[] Trash: [OP15-076,OP15-078]
[] Life: 5
[] Hand: [OP13-040,OP12-031,OP06-038,OP12-118,OP06-038,EB01-015]
[] Trash: [OP12-037]
[] Board: [OP12-034]
[] Life: 4
[You] End Turn
[] Hand: [OP13-040,OP12-031,OP06-038,OP12-118,OP06-038,EB01-015]
[] Board: [OP12-034]
[] Trash: [OP12-037]
[] Life: 4
[] Hand: [OP15-118,OP13-076,OP15-118,OP15-074]
[] Trash: [OP15-076,OP15-078]
[] Board: [OP15-061,OP15-067]
[] Life: 5
[Opponent] Draw 1 Card
[] Drew card from deck: Dracule Mihawk ["OP14-119">OP14-119]
RZ1|158|2|OP14-119|0|37|1|6|1|1|0|0|0
RZ1|CHK|158|2|37|7|1|4|8|2|1|0|1|0
RZ1|159|2|Don|4|7|5|2|1|1|0|0|0
RZ1|CHK|159|2|37|7|1|4|7|3|1|0|1|0
RZ1|160|2|Don|4|6|5|3|1|1|0|0|0
RZ1|CHK|160|2|37|7|1|4|6|4|1|0|1|0
[Opponent] Draw 2 Don
RZ1|161|2|Don|5|0|9|9900|1|1|0|0|0
RZ1|CHK|161|2|37|7|1|4|6|3|1|0|1|1
RZ1|162|2|Don|5|0|9|9901|1|1|0|0|0
RZ1|CHK|162|2|37|7|1|4|6|2|1|0|1|2
[Opponent] Attach 2 Don to Dracule Mihawk ["OP14-020">OP14-020] (2 Total)
[Opponent] Dracule Mihawk ["OP14-020">OP14-020] attacking Enel ["OP15-058">OP15-058]
[You] Divine Departure ["OP13-076">OP13-076]: Activate Counter
RZ1|163|1|OP13-076|1|1|6|2|1|1|0|0|0
RZ1|CHK|163|1|37|3|2|5|0|2|3|0|1|4
Dracule Mihawk ["OP14-020">OP14-020][7000] vs Enel ["OP15-058">OP15-058][5000]
Enel ["OP15-058">OP15-058] hit for 1 damage
RZ1|164|1|OP15-061|3|4|1|3|1|1|0|0|0
RZ1|CHK|164|1|37|4|2|4|0|2|3|0|1|4
[Opponent] Perona ["OP12-034">OP12-034] attacking Shura ["OP15-067">OP15-067]
[You] Discard Ohm ["OP15-061">OP15-061] for Counter 1000
RZ1|165|1|OP15-061|1|3|6|3|1|1|0|0|0
RZ1|CHK|165|1|37|3|2|4|0|2|4|0|1|4
Perona ["OP12-034">OP12-034][2000] vs Shura ["OP15-067">OP15-067][3000]
Attack Fails
RZ1|166|2|Don|5|0|5|0|1|1|1|0|0
RZ1|CHK|166|2|37|7|1|4|6|2|1|0|1|2
[Opponent] Deploy Scratchmen Apoo ["EB01-015">EB01-015]
RZ1|167|2|EB01-015|1|5|2|1|1|1|0|0|0
RZ1|CHK|167|2|37|6|2|4|6|2|1|0|1|2
[Opponent] Scratchmen Apoo ["EB01-015">EB01-015]: Rest Ohm ["OP15-061">OP15-061]
[] Hand: [OP13-040,OP12-031,OP06-038,OP12-118,OP06-038,OP14-119]
[] Board: [OP12-034,EB01-015]
[] Trash: [OP12-037]
[] Life: 4
[] Hand: [OP15-118,OP15-118,OP15-074]
[] Trash: [OP15-076,OP15-078,OP13-076,OP15-061]
[] Board: [OP15-061,OP15-067]
[] Life: 4
[Opponent] End Turn
[] Hand: [OP15-118,OP15-118,OP15-074]
[] Board: [OP15-061,OP15-067]
[] Trash: [OP15-076,OP15-078,OP13-076,OP15-061]
[] Life: 4
[] Hand: [OP13-040,OP12-031,OP06-038,OP12-118,OP06-038,OP14-119]
[] Trash: [OP12-037]
[] Board: [OP12-034,EB01-015]
[] Life: 4
RZ1|168|1|Don|9|100|5|0|1|1|1|0|0
RZ1|CHK|168|1|37|3|2|4|0|3|4|0|1|3
RZ1|169|1|Don|9|100|5|0|1|1|1|0|0
RZ1|CHK|169|1|37|3|2|4|0|4|4|0|1|2
RZ1|170|1|Don|9|100|5|0|1|1|1|0|0
RZ1|CHK|170|1|37|3|2|4|0|5|4|0|1|1
RZ1|171|1|Don|9|100|5|0|1|1|1|0|0
RZ1|CHK|171|1|37|3|2|4|0|6|4|0|1|0
[You] Draw 1 Card
[] Drew card from deck: Charlotte Pudding ["OP12-071">OP12-071]
RZ1|172|1|OP12-071|0|36|1|3|1|1|0|0|0
RZ1|CHK|172|1|36|4|2|4|0|6|4|0|1|0
RZ1|173|1|Don|5|0|5|0|1|1|1|0|0
RZ1|CHK|173|1|36|4|2|4|0|6|4|0|1|0
RZ1|174|1|Don|5|1|5|1|1|1|1|0|0
RZ1|CHK|174|1|36|4|2|4|0|6|4|0|1|0
RZ1|175|1|Don|5|2|5|2|1|1|1|0|0
RZ1|CHK|175|1|36|4|2|4|0|6|4|0|1|0
RZ1|176|1|Don|5|3|5|3|1|1|1|0|0
RZ1|CHK|176|1|36|4|2|4|0|6|4|0|1|0
RZ1|177|1|Don|5|4|5|4|1|1|1|0|0
RZ1|CHK|177|1|36|4|2|4|0|6|4|0|1|0
RZ1|178|1|Don|5|5|5|5|1|1|1|0|0
RZ1|CHK|178|1|36|4|2|4|0|6|4|0|1|0
[You] Deploy Enel ["OP15-118">OP15-118]
RZ1|179|1|OP15-118|1|0|2|2|1|1|0|2000|0
RZ1|CHK|179|1|36|3|3|4|0|6|4|0|1|0
RZ1|180|1|Don|5|0|4|0|1|1|0|0|0
RZ1|CHK|180|1|36|3|3|4|1|5|4|0|1|0
[You] Enel ["OP15-118">OP15-118]: Minus 1 Don
RZ1|181|1|OP09-072|0|33|1|3|1|1|0|0|0
RZ1|CHK|181|1|35|4|3|4|1|5|4|0|1|0
[You] Enel ["OP15-118">OP15-118]: Added 1 Cards to Hand
[You] Placing Cards on Bottom of Deck
RZ1|182|1|OP15-076|0|34|0|0|0|0|0|0|0
RZ1|CHK|182|1|35|4|3|4|1|5|4|0|1|0
RZ1|183|1|OP15-066|0|34|0|0|0|0|0|0|0
RZ1|CHK|183|1|35|4|3|4|1|5|4|0|1|0
RZ1|184|1|OP05-077|0|34|0|0|0|0|0|0|0
RZ1|CHK|184|1|35|4|3|4|1|5|4|0|1|0
RZ1|185|1|OP15-074|0|34|0|0|0|0|0|0|0
RZ1|CHK|185|1|35|4|3|4|1|5|4|0|1|0
RZ1|186|1|OP09-072|1|3|6|4|1|1|0|0|0
RZ1|CHK|186|1|35|3|3|4|1|5|5|0|1|0
[You] Enel ["OP15-118">OP15-118]: Trash Franky ["OP09-072">OP09-072]
[You] Enel ["OP15-058">OP15-058] attacking Dracule Mihawk ["OP14-020">OP14-020]
[Opponent] I Know You're Strong... So I'll Go All Out ["OP13-040">OP13-040]: Activate Counter
[Opponent] I Know You're Strong... So I'll Go All Out ["OP13-040">OP13-040]: Rest 1 Don
RZ1|187|2|Don|5|1|5|1|1|1|1|0|0
RZ1|CHK|187|2|37|6|2|4|6|2|1|0|1|2
RZ1|188|2|OP13-040|1|0|6|1|1|1|0|0|0
RZ1|CHK|188|2|37|5|2|4|6|2|2|0|1|2
[Opponent] I Know You're Strong... So I'll Go All Out ["OP13-040">OP13-040]: Buff Dracule Mihawk ["OP14-020">OP14-020] 3000 for the Combat
Enel ["OP15-058">OP15-058][5000] vs Dracule Mihawk ["OP14-020">OP14-020][8000]
Attack Fails
Enel ["OP15-058">OP15-058]: Draw 1 Don
RZ1|189|1|Don|4|0|5|5|1|1|0|0|0
RZ1|CHK|189|1|35|3|3|4|0|6|5|0|1|0
[You] Enel ["OP15-058">OP15-058]: Attach 1 Rested Don to Ohm ["OP15-061">OP15-061]
RZ1|190|1|Don|5|0|9|0|1|1|1|0|0
RZ1|CHK|190|1|35|3|3|4|0|5|5|0|1|1
[You] Enel ["OP15-058">OP15-058]: Attach 1 Rested Don to Ohm ["OP15-061">OP15-061]
RZ1|191|1|Don|5|0|9|1|1|1|1|0|0
RZ1|CHK|191|1|35|3|3|4|0|4|5|0|1|2
[You] Enel ["OP15-058">OP15-058]: Attach 1 Rested Don to Ohm ["OP15-061">OP15-061]
RZ1|192|1|Don|5|0|9|2|1|1|1|0|0
RZ1|CHK|192|1|35|3|3|4|0|3|5|0|1|3
[You] Enel ["OP15-058">OP15-058]: Attach 1 Rested Don to Ohm ["OP15-061">OP15-061]
RZ1|193|1|Don|5|0|9|3|1|1|1|0|0
RZ1|CHK|193|1|35|3|3|4|0|2|5|0|1|4
[You] Ohm ["OP15-061">OP15-061] attacking Dracule Mihawk ["OP14-020">OP14-020]
[You] Ohm ["OP15-061">OP15-061]: Buff Scratchmen Apoo ["EB01-015">EB01-015] -1000
Ohm ["OP15-061">OP15-061][6000] vs Dracule Mihawk ["OP14-020">OP14-020][5000]
Dracule Mihawk ["OP14-020">OP14-020] hit for 1 damage
RZ1|194|2|OP12-118|3|3|1|5|1|1|0|0|0
RZ1|CHK|194|2|37|6|2|3|6|2|2|0|1|2
[You] Shura ["OP15-067">OP15-067] attacking Perona ["OP12-034">OP12-034]
[Opponent] Discard Jewelry Bonney ["OP12-118">OP12-118] for Counter 1000
RZ1|195|2|OP12-118|1|2|6|2|1|1|0|0|0
RZ1|CHK|195|2|37|5|2|3|6|2|3|0|1|2
Shura ["OP15-067">OP15-067][2000] vs Perona ["OP12-034">OP12-034][3000]
Attack Fails
RZ1|196|1|Don|5|1|5|1|1|1|1|0|0
RZ1|CHK|196|1|35|3|3|4|0|2|5|0|1|4
[You] Deploy Charlotte Pudding ["OP12-071">OP12-071]
RZ1|197|1|OP12-071|1|2|2|3|1|1|0|0|0
RZ1|CHK|197|1|35|2|4|4|0|2|5|0|1|4
RZ1|198|1|OP15-074|0|34|1|2|1|1|0|0|0
RZ1|CHK|198|1|34|3|4|4|0|2|5|0|1|4
[You] Charlotte Pudding ["OP12-071">OP12-071]: <b>Reveal and Draw Varie ["OP15-074">OP15-074]</b>
[You] Placing Cards on Bottom of Deck
RZ1|199|1|OP15-118|0|33|0|0|0|0|0|0|0
RZ1|CHK|199|1|34|3|4|4|0|2|5|0|1|4
RZ1|200|1|OP15-061|0|33|0|0|0|0|0|0|0
RZ1|CHK|200|1|34|3|4|4|0|2|5|0|1|4
RZ1|201|1|OP12-063|0|33|0|0|0|0|0|0|0
RZ1|CHK|201|1|34|3|4|4|0|2|5|0|1|4
[] Hand: [OP15-118,OP15-074,OP15-074]
[] Board: [OP15-061,OP15-067,OP15-118,OP12-071]
[] Trash: [OP15-076,OP15-078,OP13-076,OP15-061,OP09-072]
[] Life: 4
[] Hand: [OP12-031,OP06-038,OP06-038,OP14-119,OP12-118]
[] Trash: [OP12-037,OP13-040,OP12-118]
[] Board: [OP12-034,EB01-015]
[] Life: 3
[You] End Turn
[] Hand: [OP12-031,OP06-038,OP06-038,OP14-119,OP12-118]
[] Board: [OP12-034,EB01-015]
[] Trash: [OP12-037,OP13-040,OP12-118]
[] Life: 3
[] Hand: [OP15-118,OP15-074,OP15-074]
[] Trash: [OP15-076,OP15-078,OP13-076,OP15-061,OP09-072]
[] Board: [OP15-061,OP15-067,OP15-118,OP12-071]
[] Life: 4
RZ1|202|2|Don|9|9900|5|0|1|1|1|0|0
RZ1|CHK|202|2|37|5|2|3|6|3|3|0|1|1
RZ1|203|2|Don|9|9900|5|0|1|1|1|0|0
RZ1|CHK|203|2|37|5|2|3|6|4|3|0|1|0
[Opponent] Draw 1 Card
[] Drew card from deck: Jewelry Bonney ["OP07-026">OP07-026]
RZ1|204|2|OP07-026|0|36|1|5|1|1|0|0|0
RZ1|CHK|204|2|36|6|2|3|6|4|3|0|1|0
RZ1|205|2|Don|4|5|5|4|1|1|0|0|0
RZ1|CHK|205|2|36|6|2|3|5|5|3|0|1|0
RZ1|206|2|Don|4|4|5|5|1|1|0|0|0
RZ1|CHK|206|2|36|6|2|3|4|6|3|0|1|0
[Opponent] Draw 2 Don
RZ1|207|2|Don|5|0|5|0|1|1|1|0|0
RZ1|CHK|207|2|36|6|2|3|4|6|3|0|1|0
RZ1|208|2|Don|5|1|5|1|1|1|1|0|0
RZ1|CHK|208|2|36|6|2|3|4|6|3|0|1|0
RZ1|209|2|Don|5|2|5|2|1|1|1|0|0
RZ1|CHK|209|2|36|6|2|3|4|6|3|0|1|0
RZ1|210|2|Don|5|3|5|3|1|1|1|0|0
RZ1|CHK|210|2|36|6|2|3|4|6|3|0|1|0
RZ1|211|2|Don|5|4|5|4|1|1|1|0|0
RZ1|CHK|211|2|36|6|2|3|4|6|3|0|1|0
[Opponent] Deploy Tashigi ["OP12-031">OP12-031]
RZ1|212|2|OP12-031|1|0|2|2|1|1|0|0|0
RZ1|CHK|212|2|36|5|3|3|4|6|3|0|1|0
[Opponent] Tashigi ["OP12-031">OP12-031]: Rest Enel ["OP15-118">OP15-118]
RZ1|213|2|Don|5|5|9|9900|1|1|0|0|0
RZ1|CHK|213|2|36|5|3|3|4|5|3|0|1|1
[Opponent] Attach 1 Don to Dracule Mihawk ["OP14-020">OP14-020] (1 Total)
[Opponent] Dracule Mihawk ["OP14-020">OP14-020] attacking Enel ["OP15-058">OP15-058]
Dracule Mihawk ["OP14-020">OP14-020][6000] vs Enel ["OP15-058">OP15-058][5000]
Enel ["OP15-058">OP15-058] hit for 1 damage
RZ1|214|1|OP15-075|3|3|1|3|1|1|0|0|0
RZ1|CHK|214|1|34|4|4|3|0|2|5|0|1|4
[Opponent] Perona ["OP12-034">OP12-034] attacking Shura ["OP15-067">OP15-067]
Perona ["OP12-034">OP12-034][2000] vs Shura ["OP15-067">OP15-067][2000]
[You] Shura ["OP15-067">OP15-067] Destroyed
RZ1|215|1|OP15-067|2|1|6|5|1|1|0|0|0
RZ1|CHK|215|1|34|4|3|3|0|2|6|0|1|4
[] Hand: [OP06-038,OP06-038,OP14-119,OP12-118,OP07-026]
[] Board: [OP12-034,EB01-015,OP12-031]
[] Trash: [OP12-037,OP13-040,OP12-118]
[] Life: 3
[] Hand: [OP15-118,OP15-074,OP15-074,OP15-075]
[] Trash: [OP15-076,OP15-078,OP13-076,OP15-061,OP09-072,OP15-067]
[] Board: [OP15-061,OP15-118,OP12-071]
[] Life: 3
[Opponent] End Turn
[] Hand: [OP15-118,OP15-074,OP15-074,OP15-075]
[] Board: [OP15-061,OP15-118,OP12-071]
[] Trash: [OP15-076,OP15-078,OP13-076,OP15-061,OP09-072,OP15-067]
[] Life: 3
[] Hand: [OP06-038,OP06-038,OP14-119,OP12-118,OP07-026]
[] Trash: [OP12-037,OP13-040,OP12-118]
[] Board: [OP12-034,EB01-015,OP12-031]
[] Life: 3
RZ1|216|1|Don|9|0|5|0|1|1|1|0|0
RZ1|CHK|216|1|34|4|3|3|0|3|6|0|1|3
RZ1|217|1|Don|9|0|5|0|1|1|1|0|0
RZ1|CHK|217|1|34|4|3|3|0|4|6|0|1|2
RZ1|218|1|Don|9|0|5|0|1|1|1|0|0
RZ1|CHK|218|1|34|4|3|3|0|5|6|0|1|1
RZ1|219|1|Don|9|0|5|0|1|1|1|0|0
RZ1|CHK|219|1|34|4|3|3|0|6|6|0|1|0
[You] Draw 1 Card
[] Drew card from deck: Vinsmoke Reiju ["OP12-063">OP12-063]
RZ1|220|1|OP12-063|0|33|1|4|1|1|0|0|0
RZ1|CHK|220|1|33|5|3|3|0|6|6|0|1|0
[You] Enel ["OP15-118">OP15-118] attacking Dracule Mihawk ["OP14-020">OP14-020]
Enel ["OP15-118">OP15-118][10000] vs Dracule Mihawk ["OP14-020">OP14-020][5000]
Dracule Mihawk ["OP14-020">OP14-020] hit for 1 damage
RZ1|221|2|EB01-015|3|2|1|5|1|1|0|0|0
RZ1|CHK|221|2|36|6|3|2|4|5|3|0|1|1
RZ1|222|1|Don|5|0|5|0|1|1|1|0|0
RZ1|CHK|222|1|33|5|3|3|0|6|6|0|1|0
RZ1|223|1|Don|5|1|5|1|1|1|1|0|0
RZ1|CHK|223|1|33|5|3|3|0|6|6|0|1|0
RZ1|224|1|Don|5|2|5|2|1|1|1|0|0
RZ1|CHK|224|1|33|5|3|3|0|6|6|0|1|0
RZ1|225|1|Don|5|3|5|3|1|1|1|0|0
RZ1|CHK|225|1|33|5|3|3|0|6|6|0|1|0
RZ1|226|1|Don|5|4|5|4|1|1|1|0|0
RZ1|CHK|226|1|33|5|3|3|0|6|6|0|1|0
RZ1|227|1|Don|5|5|5|5|1|1|1|0|0
RZ1|CHK|227|1|33|5|3|3|0|6|6|0|1|0
[You] Deploy Enel ["OP15-118">OP15-118]
RZ1|228|1|OP15-118|1|0|2|3|1|1|0|2000|0
RZ1|CHK|228|1|33|4|4|3|0|6|6|0|1|0
RZ1|229|1|Don|5|0|4|0|1|1|0|0|0
RZ1|CHK|229|1|33|4|4|3|1|5|6|0|1|0
[You] Enel ["OP15-118">OP15-118]: Minus 1 Don
RZ1|230|1|OP09-072|0|28|1|4|1|1|0|0|0
RZ1|CHK|230|1|32|5|4|3|1|5|6|0|1|0
[You] Enel ["OP15-118">OP15-118]: Added 1 Cards to Hand
[You] Placing Cards on Bottom of Deck
RZ1|231|1|OP15-077|0|31|0|0|0|0|0|0|0
RZ1|CHK|231|1|32|5|4|3|1|5|6|0|1|0
RZ1|232|1|OP15-067|0|31|0|0|0|0|0|0|0
RZ1|CHK|232|1|32|5|4|3|1|5|6|0|1|0
RZ1|233|1|OP15-075|0|31|0|0|0|0|0|0|0
RZ1|CHK|233|1|32|5|4|3|1|5|6|0|1|0
RZ1|234|1|OP12-063|0|31|0|0|0|0|0|0|0
RZ1|CHK|234|1|32|5|4|3|1|5|6|0|1|0
RZ1|235|1|OP12-063|1|3|6|6|1|1|0|0|0
RZ1|CHK|235|1|32|4|4|3|1|5|7|0|1|0
[You] Enel ["OP15-118">OP15-118]: Trash Vinsmoke Reiju ["OP12-063">OP12-063]
[You] Enel ["OP15-058">OP15-058] attacking Dracule Mihawk ["OP14-020">OP14-020]
Enel ["OP15-058">OP15-058][5000] vs Dracule Mihawk ["OP14-020">OP14-020][5000]
Dracule Mihawk ["OP14-020">OP14-020] hit for 1 damage
RZ1|236|2|ST24-002|3|1|1|6|1|1|0|0|0
RZ1|CHK|236|2|36|7|3|1|4|5|3|0|1|1
[You] Ohm ["OP15-061">OP15-061] attacking Dracule Mihawk ["OP14-020">OP14-020]
[You] Ohm ["OP15-061">OP15-061]: Buff Tashigi ["OP12-031">OP12-031] -1000
Ohm ["OP15-061">OP15-061][2000] vs Dracule Mihawk ["OP14-020">OP14-020][5000]
Attack Fails
Enel ["OP15-058">OP15-058]: Draw 1 Don
RZ1|237|1|Don|4|0|5|5|1|1|0|0|0
RZ1|CHK|237|1|32|4|4|3|0|6|7|0|1|0
[You] Enel ["OP15-058">OP15-058]: Attach 1 Rested Don to Charlotte Pudding ["OP12-071">OP12-071]
RZ1|238|1|Don|5|0|9|200|1|1|1|0|0
RZ1|CHK|238|1|32|4|4|3|0|5|7|0|1|1
[You] Enel ["OP15-058">OP15-058]: Attach 1 Rested Don to Charlotte Pudding ["OP12-071">OP12-071]
RZ1|239|1|Don|5|0|9|201|1|1|1|0|0
RZ1|CHK|239|1|32|4|4|3|0|4|7|0|1|2
[You] Enel ["OP15-058">OP15-058]: Attach 1 Rested Don to Charlotte Pudding ["OP12-071">OP12-071]
RZ1|240|1|Don|5|0|9|202|1|1|1|0|0
RZ1|CHK|240|1|32|4|4|3|0|3|7|0|1|3
[You] Enel ["OP15-058">OP15-058]: Attach 1 Rested Don to Charlotte Pudding ["OP12-071">OP12-071]
RZ1|241|1|Don|5|0|9|203|1|1|1|0|0
RZ1|CHK|241|1|32|4|4|3|0|2|7|0|1|4
[You] Charlotte Pudding ["OP12-071">OP12-071] attacking Dracule Mihawk ["OP14-020">OP14-020]
Charlotte Pudding ["OP12-071">OP12-071][6000] vs Dracule Mihawk ["OP14-020">OP14-020][5000]
Dracule Mihawk ["OP14-020">OP14-020] hit for 1 damage
RZ1|242|2|OP13-040|3|0|1|7|1|1|0|0|0
RZ1|CHK|242|2|36|8|3|0|4|5|3|0|1|1
RZ1|243|1|OP15-075|1|2|6|7|1|1|0|0|0
RZ1|CHK|243|1|32|3|4|3|0|2|8|0|1|4
[] Hand: [OP15-074,OP15-074,OP09-072]
[] Board: [OP15-061,OP15-118,OP12-071,OP15-118]
[] Trash: [OP15-076,OP15-078,OP13-076,OP15-061,OP09-072,OP15-067,OP12-063,OP15-075]
[] Life: 3
[] Hand: [OP06-038,OP06-038,OP14-119,OP12-118,OP07-026,EB01-015,ST24-002,OP13-040]
[] Trash: [OP12-037,OP13-040,OP12-118]
[] Board: [OP12-034,EB01-015,OP12-031]
[] Life: 0
[You] End Turn
[] Hand: [OP06-038,OP06-038,OP14-119,OP12-118,OP07-026,EB01-015,ST24-002,OP13-040]
[] Board: [OP12-034,EB01-015,OP12-031]
[] Trash: [OP12-037,OP13-040,OP12-118]
[] Life: 0
[] Hand: [OP15-074,OP15-074,OP09-072]
[] Trash: [OP15-076,OP15-078,OP13-076,OP15-061,OP09-072,OP15-067,OP12-063,OP15-075]
[] Board: [OP15-061,OP15-118,OP12-071,OP15-118]
[] Life: 3
RZ1|244|2|Don|9|9900|5|0|1|1|1|0|0
RZ1|CHK|244|2|36|8|3|0|4|6|3|0|1|0
[Opponent] Draw 1 Card
[] Drew card from deck: Kid & Killer ["ST24-002">ST24-002]
RZ1|245|2|ST24-002|0|35|1|8|1|1|0|0|0
RZ1|CHK|245|2|35|9|3|0|4|6|3|0|1|0
RZ1|246|2|Don|4|3|5|6|1|1|0|0|0
RZ1|CHK|246|2|35|9|3|0|3|7|3|0|1|0
RZ1|247|2|Don|4|2|5|7|1|1|0|0|0
RZ1|CHK|247|2|35|9|3|0|2|8|3|0|1|0
[Opponent] Draw 2 Don
RZ1|248|2|Don|5|0|9|9900|1|1|0|0|0
RZ1|CHK|248|2|35|9|3|0|2|7|3|0|1|1
RZ1|249|2|Don|5|0|9|9901|1|1|0|0|0
RZ1|CHK|249|2|35|9|3|0|2|6|3|0|1|2
[Opponent] Attach 2 Don to Dracule Mihawk ["OP14-020">OP14-020] (2 Total)
RZ1|250|2|Don|5|0|9|9902|1|1|0|0|0
RZ1|CHK|250|2|35|9|3|0|2|5|3|0|1|3
RZ1|251|2|Don|5|0|9|9903|1|1|0|0|0
RZ1|CHK|251|2|35|9|3|0|2|4|3|0|1|4
[Opponent] Attach 2 Don to Dracule Mihawk ["OP14-020">OP14-020] (4 Total)
RZ1|252|2|Don|5|0|9|9904|1|1|0|0|0
RZ1|CHK|252|2|35|9|3|0|2|3|3|0|1|5
RZ1|253|2|Don|5|0|9|9905|1|1|0|0|0
RZ1|CHK|253|2|35|9|3|0|2|2|3|0|1|6
[Opponent] Attach 2 Don to Dracule Mihawk ["OP14-020">OP14-020] (6 Total)
RZ1|254|2|Don|5|0|5|0|1|1|1|0|0
RZ1|CHK|254|2|35|9|3|0|2|2|3|0|1|6
[Opponent] Deploy Scratchmen Apoo ["EB01-015">EB01-015]
RZ1|255|2|EB01-015|1|5|2|3|1|1|0|0|0
RZ1|CHK|255|2|35|8|4|0|2|2|3|0|1|6
[Opponent] Dracule Mihawk ["OP14-020">OP14-020] attacking Enel ["OP15-058">OP15-058]
Dracule Mihawk ["OP14-020">OP14-020][11000] vs Enel ["OP15-058">OP15-058][5000]
Enel ["OP15-058">OP15-058] hit for 1 damage
RZ1|256|1|OP10-067|3|2|1|3|1|1|0|0|0
RZ1|CHK|256|1|32|4|4|2|0|2|8|0|1|4
[Opponent] Tashigi ["OP12-031">OP12-031] attacking Enel ["OP15-058">OP15-058]
Tashigi ["OP12-031">OP12-031][7000] vs Enel ["OP15-058">OP15-058][5000]
Enel ["OP15-058">OP15-058] hit for 1 damage
RZ1|257|1|OP12-071|3|1|1|4|1|1|0|0|0
RZ1|CHK|257|1|32|5|4|1|0|2|8|0|1|4
[Opponent] Perona ["OP12-034">OP12-034] attacking Ohm ["OP15-061">OP15-061]
[You] Discard Franky ["OP09-072">OP09-072] for Counter 1000
RZ1|258|1|OP09-072|1|2|6|8|1|1|0|0|0
RZ1|CHK|258|1|32|4|4|1|0|2|9|0|1|4
Perona ["OP12-034">OP12-034][2000] vs Ohm ["OP15-061">OP15-061][3000]
Attack Fails
RZ1|259|2|Don|5|1|9|100|1|1|0|0|0
RZ1|CHK|259|2|35|8|4|0|2|1|3|0|1|7
[Opponent] Attach 1 Don to Scratchmen Apoo ["EB01-015">EB01-015] (1 Total)
[Opponent] Scratchmen Apoo ["EB01-015">EB01-015] attacking Ohm ["OP15-061">OP15-061]
[You] Discard Charlotte Pudding ["OP12-071">OP12-071] for Counter 1000
RZ1|260|1|OP12-071|1|3|6|9|1|1|0|0|0
RZ1|CHK|260|1|32|3|4|1|0|2|10|0|1|4
Scratchmen Apoo ["EB01-015">EB01-015][2000] vs Ohm ["OP15-061">OP15-061][3000]
Attack Fails
[] Hand: [OP06-038,OP06-038,OP14-119,OP12-118,OP07-026,ST24-002,OP13-040,ST24-002]
[] Board: [OP12-034,EB01-015,OP12-031,EB01-015]
[] Trash: [OP12-037,OP13-040,OP12-118]
[] Life: 0
[] Hand: [OP15-074,OP15-074,OP10-067]
[] Trash: [OP15-076,OP15-078,OP13-076,OP15-061,OP09-072,OP15-067,OP12-063,OP15-075,OP09-072,OP12-071]
[] Board: [OP15-061,OP15-118,OP12-071,OP15-118]
[] Life: 1
[Opponent] End Turn
[] Hand: [OP15-074,OP15-074,OP10-067]
[] Board: [OP15-061,OP15-118,OP12-071,OP15-118]
[] Trash: [OP15-076,OP15-078,OP13-076,OP15-061,OP09-072,OP15-067,OP12-063,OP15-075,OP09-072,OP12-071]
[] Life: 1
[] Hand: [OP06-038,OP06-038,OP14-119,OP12-118,OP07-026,ST24-002,OP13-040,ST24-002]
[] Trash: [OP12-037,OP13-040,OP12-118]
[] Board: [OP12-034,EB01-015,OP12-031,EB01-015]
[] Life: 0
RZ1|261|1|Don|9|200|5|0|1|1|1|0|0
RZ1|CHK|261|1|32|3|4|1|0|3|10|0|1|3
RZ1|262|1|Don|9|200|5|0|1|1|1|0|0
RZ1|CHK|262|1|32|3|4|1|0|4|10|0|1|2
RZ1|263|1|Don|9|200|5|0|1|1|1|0|0
RZ1|CHK|263|1|32|3|4|1|0|5|10|0|1|1
RZ1|264|1|Don|9|200|5|0|1|1|1|0|0
RZ1|CHK|264|1|32|3|4|1|0|6|10|0|1|0
[You] Draw 1 Card
[] Drew card from deck: Shura ["OP15-067">OP15-067]
RZ1|265|1|OP15-067|0|31|1|3|1|1|0|0|0
RZ1|CHK|265|1|31|4|4|1|0|6|10|0|1|0
[You] Enel ["OP15-118">OP15-118] attacking Dracule Mihawk ["OP14-020">OP14-020]
Enel ["OP15-118">OP15-118][10000] vs Dracule Mihawk ["OP14-020">OP14-020][5000]
Dracule Mihawk ["OP14-020">OP14-020] hit for 1 damage
[Opponent] <b>Downloaded the Combat Log!</b>
GameOver