Version is 1.43a.1
[You] Leader is Enel ["OP15-058">OP15-058]
[Opponent] Leader is Imu ["OP13-079">OP13-079]
RZ1|9|2|OP13-092|0|7|0|0|0|0|0|0|0
RZ1|CHK|9|2|50|0|0|0|10|0|0|0|1|0
RZ1|10|2|OP13-084|0|29|0|1|0|0|0|0|0
RZ1|CHK|10|2|50|0|0|0|10|0|0|0|1|0
RZ1|11|2|OP13-098|0|43|0|2|0|0|0|0|0
RZ1|CHK|11|2|50|0|0|0|10|0|0|0|1|0
RZ1|12|2|OP13-092|0|7|0|3|0|0|0|0|0
RZ1|CHK|12|2|50|0|0|0|10|0|0|0|1|0
RZ1|13|2|OP13-092|0|9|0|4|0|0|0|0|0
RZ1|CHK|13|2|50|0|0|0|10|0|0|0|1|0
RZ1|14|2|OP13-084|0|30|0|5|0|0|0|0|0
RZ1|CHK|14|2|50|0|0|0|10|0|0|0|1|0
RZ1|15|2|OP13-089|0|22|0|6|0|0|0|0|0
RZ1|CHK|15|2|50|0|0|0|10|0|0|0|1|0
RZ1|16|2|OP13-098|0|41|0|7|0|0|0|0|0
RZ1|CHK|16|2|50|0|0|0|10|0|0|0|1|0
RZ1|17|2|OP16-093|0|15|0|8|0|0|0|0|0
RZ1|CHK|17|2|50|0|0|0|10|0|0|0|1|0
RZ1|18|2|OP13-083|0|20|0|10|0|0|0|0|0
RZ1|CHK|18|2|50|0|0|0|10|0|0|0|1|0
RZ1|19|2|OP13-091|0|31|0|11|0|0|0|0|0
RZ1|CHK|19|2|50|0|0|0|10|0|0|0|1|0
RZ1|20|2|OP13-083|0|20|0|12|0|0|0|0|0
RZ1|CHK|20|2|50|0|0|0|10|0|0|0|1|0
RZ1|21|2|OP13-096|0|40|0|13|0|0|0|0|0
RZ1|CHK|21|2|50|0|0|0|10|0|0|0|1|0
RZ1|22|2|OP13-084|0|33|0|14|0|0|0|0|0
RZ1|CHK|22|2|50|0|0|0|10|0|0|0|1|0
RZ1|23|2|OP13-089|0|25|0|15|0|0|0|0|0
RZ1|CHK|23|2|50|0|0|0|10|0|0|0|1|0
RZ1|24|2|OP13-098|0|43|0|16|0|0|0|0|0
RZ1|CHK|24|2|50|0|0|0|10|0|0|0|1|0
RZ1|25|2|OP14-096|0|45|0|17|0|0|0|0|0
RZ1|CHK|25|2|50|0|0|0|10|0|0|0|1|0
RZ1|26|2|OP13-080|0|31|0|18|0|0|0|0|0
RZ1|CHK|26|2|50|0|0|0|10|0|0|0|1|0
RZ1|27|2|OP13-096|0|41|0|19|0|0|0|0|0
RZ1|CHK|27|2|50|0|0|0|10|0|0|0|1|0
RZ1|28|2|OP13-086|0|21|0|20|0|0|0|0|0
RZ1|CHK|28|2|50|0|0|0|10|0|0|0|1|0
RZ1|29|2|OP13-080|0|31|0|21|0|0|0|0|0
RZ1|CHK|29|2|50|0|0|0|10|0|0|0|1|0
RZ1|30|2|OP13-089|0|30|0|22|0|0|0|0|0
RZ1|CHK|30|2|50|0|0|0|10|0|0|0|1|0
RZ1|31|2|OP13-082|0|41|0|23|0|0|0|0|0
RZ1|CHK|31|2|50|0|0|0|10|0|0|0|1|0
RZ1|32|2|OP16-093|0|27|0|24|0|0|0|0|0
RZ1|CHK|32|2|50|0|0|0|10|0|0|0|1|0
RZ1|33|2|OP16-093|0|29|0|25|0|0|0|0|0
RZ1|CHK|33|2|50|0|0|0|10|0|0|0|1|0
RZ1|34|2|OP14-096|0|47|0|26|0|0|0|0|0
RZ1|CHK|34|2|50|0|0|0|10|0|0|0|1|0
RZ1|35|2|OP13-082|0|40|0|27|0|0|0|0|0
RZ1|CHK|35|2|50|0|0|0|10|0|0|0|1|0
RZ1|36|2|OP13-091|0|37|0|28|0|0|0|0|0
RZ1|CHK|36|2|50|0|0|0|10|0|0|0|1|0
RZ1|37|2|OP13-089|0|35|0|29|0|0|0|0|0
RZ1|CHK|37|2|50|0|0|0|10|0|0|0|1|0
RZ1|38|2|OP13-083|0|34|0|30|0|0|0|0|0
RZ1|CHK|38|2|50|0|0|0|10|0|0|0|1|0
RZ1|39|2|OP13-082|0|42|0|31|0|0|0|0|0
RZ1|CHK|39|2|50|0|0|0|10|0|0|0|1|0
RZ1|40|2|OP14-096|0|46|0|32|0|0|0|0|0
RZ1|CHK|40|2|50|0|0|0|10|0|0|0|1|0
RZ1|41|2|OP13-080|0|39|0|34|0|0|0|0|0
RZ1|CHK|41|2|50|0|0|0|10|0|0|0|1|0
RZ1|42|2|OP16-093|0|37|0|35|0|0|0|0|0
RZ1|CHK|42|2|50|0|0|0|10|0|0|0|1|0
RZ1|43|2|OP13-091|0|40|0|36|0|0|0|0|0
RZ1|CHK|43|2|50|0|0|0|10|0|0|0|1|0
RZ1|44|2|OP13-082|0|43|0|37|0|0|0|0|0
RZ1|CHK|44|2|50|0|0|0|10|0|0|0|1|0
RZ1|45|2|OP13-091|0|42|0|38|0|0|0|0|0
RZ1|CHK|45|2|50|0|0|0|10|0|0|0|1|0
RZ1|46|2|OP13-080|0|42|0|39|0|0|0|0|0
RZ1|CHK|46|2|50|0|0|0|10|0|0|0|1|0
RZ1|47|2|OP13-096|0|44|0|41|0|0|0|0|0
RZ1|CHK|47|2|50|0|0|0|10|0|0|0|1|0
RZ1|48|2|OP13-098|0|46|0|43|0|0|0|0|0
RZ1|CHK|48|2|50|0|0|0|10|0|0|0|1|0
RZ1|49|2|OP13-099|0|49|0|44|0|0|0|0|0
RZ1|CHK|49|2|50|0|0|0|10|0|0|0|1|0
RZ1|50|2|OP14-096|0|48|0|45|0|0|0|0|0
RZ1|CHK|50|2|50|0|0|0|10|0|0|0|1|0
RZ1|51|2|OP13-084|0|47|0|46|0|0|0|0|0
RZ1|CHK|51|2|50|0|0|0|10|0|0|0|1|0
RZ1|52|2|OP05-097|0|49|0|48|0|0|0|0|0
RZ1|CHK|52|2|50|0|0|0|10|0|0|0|1|0
RZ1|53|2|OP05-097|0|48|7|0|1|1|0|0|0
RZ1|CHK|53|2|49|0|0|0|10|0|0|1|1|0
[Opponent] Imu ["OP13-079">OP13-079]: Deploy The Holy Land Mary Geoise ["OP05-097">OP05-097]
RZ1|54|2|OP13-083|0|30|0|0|0|0|0|0|0
RZ1|CHK|54|2|49|0|0|0|10|0|0|1|1|0
RZ1|55|2|OP13-084|0|2|0|1|0|0|0|0|0
RZ1|CHK|55|2|49|0|0|0|10|0|0|1|1|0
RZ1|56|2|OP14-096|0|27|0|2|0|0|0|0|0
RZ1|CHK|56|2|49|0|0|0|10|0|0|1|1|0
RZ1|57|2|OP14-096|0|19|0|3|0|0|0|0|0
RZ1|CHK|57|2|49|0|0|0|10|0|0|1|1|0
RZ1|58|2|OP13-098|0|10|0|4|0|0|0|0|0
RZ1|CHK|58|2|49|0|0|0|10|0|0|1|1|0
RZ1|59|2|OP14-096|0|32|0|5|0|0|0|0|0
RZ1|CHK|59|2|49|0|0|0|10|0|0|1|1|0
RZ1|60|2|OP13-089|0|31|0|6|0|0|0|0|0
RZ1|CHK|60|2|49|0|0|0|10|0|0|1|1|0
RZ1|61|2|OP13-080|0|22|0|7|0|0|0|0|0
RZ1|CHK|61|2|49|0|0|0|10|0|0|1|1|0
RZ1|62|2|OP13-091|0|31|0|8|0|0|0|0|0
RZ1|CHK|62|2|49|0|0|0|10|0|0|1|1|0
RZ1|63|2|OP13-080|0|34|0|9|0|0|0|0|0
RZ1|CHK|63|2|49|0|0|0|10|0|0|1|1|0
RZ1|64|2|OP13-089|0|23|0|10|0|0|0|0|0
RZ1|CHK|64|2|49|0|0|0|10|0|0|1|1|0
RZ1|65|2|OP13-084|0|23|0|11|0|0|0|0|0
RZ1|CHK|65|2|49|0|0|0|10|0|0|1|1|0
RZ1|66|2|OP13-084|0|16|0|12|0|0|0|0|0
RZ1|CHK|66|2|49|0|0|0|10|0|0|1|1|0
RZ1|67|2|OP13-096|0|48|0|13|0|0|0|0|0
RZ1|CHK|67|2|49|0|0|0|10|0|0|1|1|0
RZ1|68|2|OP13-091|0|22|0|14|0|0|0|0|0
RZ1|CHK|68|2|49|0|0|0|10|0|0|1|1|0
RZ1|69|2|OP13-091|0|37|0|15|0|0|0|0|0
RZ1|CHK|69|2|49|0|0|0|10|0|0|1|1|0
RZ1|70|2|OP13-084|0|47|0|16|0|0|0|0|0
RZ1|CHK|70|2|49|0|0|0|10|0|0|1|1|0
RZ1|71|2|OP13-082|0|32|0|17|0|0|0|0|0
RZ1|CHK|71|2|49|0|0|0|10|0|0|1|1|0
RZ1|72|2|OP13-098|0|45|0|18|0|0|0|0|0
RZ1|CHK|72|2|49|0|0|0|10|0|0|1|1|0
RZ1|73|2|OP13-083|0|48|0|19|0|0|0|0|0
RZ1|CHK|73|2|49|0|0|0|10|0|0|1|1|0
RZ1|74|2|OP13-086|0|39|0|20|0|0|0|0|0
RZ1|CHK|74|2|49|0|0|0|10|0|0|1|1|0
RZ1|75|2|OP16-093|0|26|0|21|0|0|0|0|0
RZ1|CHK|75|2|49|0|0|0|10|0|0|1|1|0
RZ1|76|2|OP16-093|0|40|0|22|0|0|0|0|0
RZ1|CHK|76|2|49|0|0|0|10|0|0|1|1|0
RZ1|77|2|OP13-083|0|29|0|23|0|0|0|0|0
RZ1|CHK|77|2|49|0|0|0|10|0|0|1|1|0
RZ1|78|2|OP13-083|0|30|0|25|0|0|0|0|0
RZ1|CHK|78|2|49|0|0|0|10|0|0|1|1|0
RZ1|79|2|OP13-082|0|40|0|26|0|0|0|0|0
RZ1|CHK|79|2|49|0|0|0|10|0|0|1|1|0
RZ1|80|2|OP13-086|0|44|0|27|0|0|0|0|0
RZ1|CHK|80|2|49|0|0|0|10|0|0|1|1|0
RZ1|81|2|OP13-086|0|32|0|28|0|0|0|0|0
RZ1|CHK|81|2|49|0|0|0|10|0|0|1|1|0
RZ1|82|2|OP13-099|0|47|0|29|0|0|0|0|0
RZ1|CHK|82|2|49|0|0|0|10|0|0|1|1|0
RZ1|83|2|OP13-096|0|46|0|31|0|0|0|0|0
RZ1|CHK|83|2|49|0|0|0|10|0|0|1|1|0
RZ1|84|2|OP13-092|0|47|0|32|0|0|0|0|0
RZ1|CHK|84|2|49|0|0|0|10|0|0|1|1|0
RZ1|85|2|OP16-093|0|43|0|33|0|0|0|0|0
RZ1|CHK|85|2|49|0|0|0|10|0|0|1|1|0
RZ1|86|2|OP13-096|0|37|0|34|0|0|0|0|0
RZ1|CHK|86|2|49|0|0|0|10|0|0|1|1|0
RZ1|87|2|OP13-080|0|41|0|35|0|0|0|0|0
RZ1|CHK|87|2|49|0|0|0|10|0|0|1|1|0
RZ1|88|2|OP16-093|0|43|0|36|0|0|0|0|0
RZ1|CHK|88|2|49|0|0|0|10|0|0|1|1|0
RZ1|89|2|OP13-082|0|45|0|37|0|0|0|0|0
RZ1|CHK|89|2|49|0|0|0|10|0|0|1|1|0
RZ1|90|2|OP13-080|0|47|0|38|0|0|0|0|0
RZ1|CHK|90|2|49|0|0|0|10|0|0|1|1|0
RZ1|91|2|OP13-091|0|47|0|39|0|0|0|0|0
RZ1|CHK|91|2|49|0|0|0|10|0|0|1|1|0
RZ1|92|2|OP13-086|0|45|0|40|0|0|0|0|0
RZ1|CHK|92|2|49|0|0|0|10|0|0|1|1|0
RZ1|93|2|OP13-082|0|47|0|41|0|0|0|0|0
RZ1|CHK|93|2|49|0|0|0|10|0|0|1|1|0
RZ1|94|2|OP13-089|0|44|0|42|0|0|0|0|0
RZ1|CHK|94|2|49|0|0|0|10|0|0|1|1|0
RZ1|95|2|OP14-096|0|48|0|43|0|0|0|0|0
RZ1|CHK|95|2|49|0|0|0|10|0|0|1|1|0
RZ1|96|2|OP13-092|0|45|0|44|0|0|0|0|0
RZ1|CHK|96|2|49|0|0|0|10|0|0|1|1|0
RZ1|97|2|OP13-096|0|47|0|45|0|0|0|0|0
RZ1|CHK|97|2|49|0|0|0|10|0|0|1|1|0
RZ1|98|2|OP13-089|0|48|0|47|0|0|0|0|0
RZ1|CHK|98|2|49|0|0|0|10|0|0|1|1|0
[] Drew card from deck: Enel ["OP15-118">OP15-118]
RZ1|99|1|OP15-118|0|49|1|0|1|1|0|0|0
RZ1|CHK|99|1|49|1|0|0|6|0|0|0|1|0
[] Drew card from deck: Ohm ["OP15-061">OP15-061]
RZ1|100|1|OP15-061|0|48|1|1|1|1|0|0|0
RZ1|CHK|100|1|48|2|0|0|6|0|0|0|1|0
[] Drew card from deck: Mamaragan ["OP15-078">OP15-078]
RZ1|101|1|OP15-078|0|47|1|2|1|1|0|0|0
RZ1|CHK|101|1|47|3|0|0|6|0|0|0|1|0
[] Drew card from deck: Charlotte Pudding ["OP12-071">OP12-071]
RZ1|102|1|OP12-071|0|46|1|3|1|1|0|0|0
RZ1|CHK|102|1|46|4|0|0|6|0|0|0|1|0
[] Drew card from deck: Varie ["OP15-074">OP15-074]
RZ1|103|1|OP15-074|0|45|1|4|1|1|0|0|0
RZ1|CHK|103|1|45|5|0|0|6|0|0|0|1|0
[] Drew card from deck: ...Never Existed... ["OP13-098">OP13-098]
RZ1|104|2|OP13-098|0|48|1|0|1|1|0|0|0
RZ1|CHK|104|2|48|1|0|0|10|0|0|1|1|0
[] Drew card from deck: St. Topman Warcury ["OP13-089">OP13-089]
RZ1|105|2|OP13-089|0|47|1|1|1|1|0|0|0
RZ1|CHK|105|2|47|2|0|0|10|0|0|1|1|0
[] Drew card from deck: St. Mjosgard ["OP13-092">OP13-092]
RZ1|106|2|OP13-092|0|46|1|2|1|1|0|0|0
RZ1|CHK|106|2|46|3|0|0|10|0|0|1|1|0
[] Drew card from deck: The Five Elders... Are At Your Service ["OP13-096">OP13-096]
RZ1|107|2|OP13-096|0|45|1|3|1|1|0|0|0
RZ1|CHK|107|2|45|4|0|0|10|0|0|1|1|0
[] Drew card from deck: St. Mjosgard ["OP13-092">OP13-092]
RZ1|108|2|OP13-092|0|44|1|4|1|1|0|0|0
RZ1|CHK|108|2|44|5|0|0|10|0|0|1|1|0
RZ1|109|1|OP15-075|0|44|3|0|1|0|0|0|0
RZ1|CHK|109|1|44|5|0|1|6|0|0|0|1|0
RZ1|110|1|OP13-076|0|43|3|1|1|0|0|0|0
RZ1|CHK|110|1|43|5|0|2|6|0|0|0|1|0
RZ1|111|1|OP09-077|0|42|3|2|1|0|0|0|0
RZ1|CHK|111|1|42|5|0|3|6|0|0|0|1|0
RZ1|112|1|OP15-077|0|41|3|3|1|0|0|0|0
RZ1|CHK|112|1|41|5|0|4|6|0|0|0|1|0
RZ1|113|1|OP15-067|0|40|3|4|1|0|0|0|0
RZ1|CHK|113|1|40|5|0|5|6|0|0|0|1|0
RZ1|114|2|OP14-096|0|43|3|0|0|1|0|0|0
RZ1|CHK|114|2|43|5|0|1|10|0|0|1|1|0
RZ1|115|2|OP13-089|0|42|3|1|0|1|0|0|0
RZ1|CHK|115|2|42|5|0|2|10|0|0|1|1|0
RZ1|116|2|OP13-082|0|41|3|2|0|1|0|0|0
RZ1|CHK|116|2|41|5|0|3|10|0|0|1|1|0
RZ1|117|2|OP13-086|0|40|3|3|0|1|0|0|0
RZ1|CHK|117|2|40|5|0|4|10|0|0|1|1|0
[] Hand: [OP15-118,OP15-061,OP15-078,OP12-071,OP15-074]
[] Board: []
[] Trash: []
[] Life: 5
[] Hand: [OP13-098,OP13-089,OP13-092,OP13-096,OP13-092]
[] Trash: []
[] Board: []
[] Life: 4
RZ1|118|1|Don|4|5|5|0|1|1|0|0|0
RZ1|CHK|118|1|40|5|0|5|5|1|0|0|1|0
[You] Draw 1 Don
RZ1|119|1|Don|5|0|5|0|1|1|1|0|0
RZ1|CHK|119|1|40|5|0|5|5|1|0|0|1|0
[You] Deploy Charlotte Pudding ["OP12-071">OP12-071]
RZ1|120|1|OP12-071|1|3|2|0|1|1|0|0|0
RZ1|CHK|120|1|40|4|1|5|5|1|0|0|1|0
RZ1|121|1|OP15-078|0|39|1|4|1|1|0|0|0
RZ1|CHK|121|1|39|5|1|5|5|1|0|0|1|0
[You] Charlotte Pudding ["OP12-071">OP12-071]: <b>Reveal and Draw Mamaragan ["OP15-078">OP15-078]</b>
[You] Placing Cards on Bottom of Deck
RZ1|122|1|OP15-067|0|38|0|0|0|0|0|0|0
RZ1|CHK|122|1|39|5|1|5|5|1|0|0|1|0
RZ1|123|1|OP10-067|0|38|0|0|0|0|0|0|0
RZ1|CHK|123|1|39|5|1|5|5|1|0|0|1|0
RZ1|124|1|OP15-074|0|38|0|0|0|0|0|0|0
RZ1|CHK|124|1|39|5|1|5|5|1|0|0|1|0
[] Hand: [OP15-118,OP15-061,OP15-078,OP15-074,OP15-078]
[] Board: [OP12-071]
[] Trash: []
[] Life: 5
[] Hand: [OP13-098,OP13-089,OP13-092,OP13-096,OP13-092]
[] Trash: []
[] Board: []
[] Life: 4
[You] End Turn
[] Hand: [OP13-098,OP13-089,OP13-092,OP13-096,OP13-092]
[] Board: []
[] Trash: []
[] Life: 4
[] Hand: [OP15-118,OP15-061,OP15-078,OP15-074,OP15-078]
[] Trash: []
[] Board: [OP12-071]
[] Life: 5
[Opponent] Draw 1 Card
[] Drew card from deck: St. Marcus Mars ["OP13-091">OP13-091]
RZ1|125|2|OP13-091|0|39|1|5|1|1|0|0|0
RZ1|CHK|125|2|39|6|0|4|10|0|0|1|1|0
RZ1|126|2|Don|4|9|5|0|1|1|0|0|0
RZ1|CHK|126|2|39|6|0|4|9|1|0|1|1|0
RZ1|127|2|Don|4|8|5|1|1|1|0|0|0
RZ1|CHK|127|2|39|6|0|4|8|2|0|1|1|0
[Opponent] Draw 2 Don
RZ1|128|2|OP13-091|1|5|6|0|1|1|0|0|0
RZ1|CHK|128|2|39|5|0|4|8|2|1|1|1|0
[Opponent] Imu ["OP13-079">OP13-079]: Trash St. Marcus Mars ["OP13-091">OP13-091]
[] Drew card from deck: St. Ethanbaron V. Nusjuro ["OP13-080">OP13-080]
RZ1|129|2|OP13-080|0|38|1|5|1|1|0|0|0
RZ1|CHK|129|2|38|6|0|4|8|2|1|1|1|0
[Opponent] Imu ["OP13-079">OP13-079]: Draw 1 Card
[Opponent] The Five Elders... Are At Your Service ["OP13-096">OP13-096]: Rest 1 Don
RZ1|130|2|Don|5|0|5|0|1|1|1|0|0
RZ1|CHK|130|2|38|6|0|4|8|2|1|1|1|0
RZ1|131|2|OP13-096|1|3|6|1|1|1|0|0|0
RZ1|CHK|131|2|38|5|0|4|8|2|2|1|1|0
RZ1|132|2|OP13-082|0|37|1|5|1|1|0|0|0
RZ1|CHK|132|2|37|6|0|4|8|2|2|1|1|0
[Opponent] The Five Elders... Are At Your Service ["OP13-096">OP13-096]: <b>Reveal and Draw Five Elders ["OP13-082">OP13-082]</b>
[Opponent] The Five Elders... Are At Your Service ["OP13-096">OP13-096]: Trash 2 Remaining Cards
RZ1|133|2|OP16-093|0|36|6|2|1|1|0|0|0
RZ1|CHK|133|2|36|6|0|4|8|2|3|1|1|0
RZ1|134|2|OP13-080|0|35|6|3|1|1|0|0|0
RZ1|CHK|134|2|35|6|0|4|8|2|4|1|1|0
[] Hand: [OP13-098,OP13-089,OP13-092,OP13-092,OP13-080,OP13-082]
[] Board: []
[] Trash: [OP13-091,OP13-096,OP16-093,OP13-080]
[] Life: 4
[] Hand: [OP15-118,OP15-061,OP15-078,OP15-074,OP15-078]
[] Trash: []
[] Board: [OP12-071]
[] Life: 5
[Opponent] End Turn
[] Hand: [OP15-118,OP15-061,OP15-078,OP15-074,OP15-078]
[] Board: [OP12-071]
[] Trash: []
[] Life: 5
[] Hand: [OP13-098,OP13-089,OP13-092,OP13-092,OP13-080,OP13-082]
[] Trash: [OP13-091,OP13-096,OP16-093,OP13-080]
[] Board: []
[] Life: 4
[You] Draw 1 Card
[] Drew card from deck: El Thor ["OP15-075">OP15-075]
RZ1|135|1|OP15-075|0|38|1|5|1|1|0|0|0
RZ1|CHK|135|1|38|6|1|5|5|1|0|0|1|0
RZ1|136|1|Don|4|4|5|1|1|1|0|0|0
RZ1|CHK|136|1|38|6|1|5|4|2|0|0|1|0
RZ1|137|1|Don|4|3|5|2|1|1|0|0|0
RZ1|CHK|137|1|38|6|1|5|3|3|0|0|1|0
[You] Draw 2 Don
RZ1|138|1|Don|5|0|9|9900|1|1|0|0|0
RZ1|CHK|138|1|38|6|1|5|3|2|0|0|1|1
[You] Attach 1 Don to Enel ["OP15-058">OP15-058] (1 Total)
[You] Enel ["OP15-058">OP15-058] attacking Imu ["OP13-079">OP13-079]
[Opponent] ...Never Existed... ["OP13-098">OP13-098]: Activate Counter
[Opponent] ...Never Existed... ["OP13-098">OP13-098]: Rest 1 Don
RZ1|139|2|Don|5|1|5|1|1|1|1|0|0
RZ1|CHK|139|2|35|6|0|4|8|2|4|1|1|0
RZ1|140|2|OP13-098|1|0|6|4|1|1|0|0|0
RZ1|CHK|140|2|35|5|0|4|8|2|5|1|1|0
[Opponent] ...Never Existed... ["OP13-098">OP13-098]: Buff Imu ["OP13-079">OP13-079] 4000 for the Combat
Enel ["OP15-058">OP15-058][6000] vs Imu ["OP13-079">OP13-079][9000]
Attack Fails
Enel ["OP15-058">OP15-058]: Draw 1 Don
RZ1|141|1|Don|4|2|5|2|1|1|0|0|0
RZ1|CHK|141|1|38|6|1|5|2|3|0|0|1|1
Enel ["OP15-058">OP15-058]: Draw 2 Rested Don
RZ1|142|1|Don|4|1|5|0|1|1|1|0|0
RZ1|CHK|142|1|38|6|1|5|1|4|0|0|1|1
RZ1|143|1|Don|4|0|5|0|1|1|1|0|0
RZ1|CHK|143|1|38|6|1|5|0|5|0|0|1|1
[You] Enel ["OP15-058">OP15-058]: Attach 1 Rested Don to Charlotte Pudding ["OP12-071">OP12-071]
RZ1|144|1|Don|5|0|9|0|1|1|1|0|0
RZ1|CHK|144|1|38|6|1|5|0|4|0|0|1|2
[You] Enel ["OP15-058">OP15-058]: Attach 1 Rested Don to Charlotte Pudding ["OP12-071">OP12-071]
RZ1|145|1|Don|5|0|9|1|1|1|1|0|0
RZ1|CHK|145|1|38|6|1|5|0|3|0|0|1|3
RZ1|146|1|Don|5|0|9|2|1|1|0|0|0
RZ1|CHK|146|1|38|6|1|5|0|2|0|0|1|4
[You] Attach 1 Don to Charlotte Pudding ["OP12-071">OP12-071] (3 Total)
[You] Charlotte Pudding ["OP12-071">OP12-071] attacking Imu ["OP13-079">OP13-079]
[Opponent] Discard St. Topman Warcury ["OP13-089">OP13-089] for Counter 1000
RZ1|147|2|OP13-089|1|0|6|5|1|1|0|0|0
RZ1|CHK|147|2|35|4|0|4|8|2|6|1|1|0
Charlotte Pudding ["OP12-071">OP12-071][5000] vs Imu ["OP13-079">OP13-079][6000]
Attack Fails
RZ1|148|1|Don|5|0|5|0|1|1|1|0|0
RZ1|CHK|148|1|38|6|1|5|0|2|0|0|1|4
[You] Deploy Ohm ["OP15-061">OP15-061]
RZ1|149|1|OP15-061|1|1|2|1|1|1|0|0|0
RZ1|CHK|149|1|38|5|2|5|0|2|0|0|1|4
RZ1|150|1|Don|9|0|4|0|1|1|0|0|0
RZ1|CHK|150|1|38|5|2|5|1|2|0|0|1|3
[You] Ohm ["OP15-061">OP15-061]: Minus 1 Don
[] Drew card from deck: Mamaragan ["OP15-078">OP15-078]
RZ1|151|1|OP15-078|0|37|1|5|1|1|0|0|0
RZ1|CHK|151|1|37|6|2|5|1|2|0|0|1|3
[You] Ohm ["OP15-061">OP15-061]: Draw 1 Card
[] Hand: [OP15-118,OP15-078,OP15-074,OP15-078,OP15-075,OP15-078]
[] Board: [OP12-071,OP15-061]
[] Trash: []
[] Life: 5
[] Hand: [OP13-092,OP13-092,OP13-080,OP13-082]
[] Trash: [OP13-091,OP13-096,OP16-093,OP13-080,OP13-098,OP13-089]
[] Board: []
[] Life: 4
[You] End Turn
[] Hand: [OP13-092,OP13-092,OP13-080,OP13-082]
[] Board: []
[] Trash: [OP13-091,OP13-096,OP16-093,OP13-080,OP13-098,OP13-089]
[] Life: 4
[] Hand: [OP15-118,OP15-078,OP15-074,OP15-078,OP15-075,OP15-078]
[] Trash: []
[] Board: [OP12-071,OP15-061]
[] Life: 5
[Opponent] Draw 1 Card
[] Drew card from deck: The Five Elders... Are At Your Service ["OP13-096">OP13-096]
RZ1|152|2|OP13-096|0|34|1|4|1|1|0|0|0
RZ1|CHK|152|2|34|5|0|4|8|2|6|1|1|0
RZ1|153|2|Don|4|7|5|2|1|1|0|0|0
RZ1|CHK|153|2|34|5|0|4|7|3|6|1|1|0
RZ1|154|2|Don|4|6|5|3|1|1|0|0|0
RZ1|CHK|154|2|34|5|0|4|6|4|6|1|1|0
[Opponent] Draw 2 Don
[Opponent] Imu ["OP13-079">OP13-079] attacking Enel ["OP15-058">OP15-058]
[You] Mamaragan ["OP15-078">OP15-078]: Activate Counter
RZ1|155|1|OP15-078|1|1|6|0|1|1|0|0|0
RZ1|CHK|155|1|37|5|2|5|1|2|1|0|1|3
[You] Mamaragan ["OP15-078">OP15-078]: Buff Enel ["OP15-058">OP15-058] 1000 for the Combat
[] Drew card from deck: Gamma Knife ["OP05-077">OP05-077]
RZ1|156|1|OP05-077|0|36|1|5|1|1|0|0|0
RZ1|CHK|156|1|36|6|2|5|1|2|1|0|1|3
[You] Mamaragan ["OP15-078">OP15-078]: Draw 1 Card
Imu ["OP13-079">OP13-079][5000] vs Enel ["OP15-058">OP15-058][6000]
Attack Fails
[Opponent] The Five Elders... Are At Your Service ["OP13-096">OP13-096]: Rest 1 Don
RZ1|157|2|Don|5|0|5|0|1|1|1|0|0
RZ1|CHK|157|2|34|5|0|4|6|4|6|1|1|0
RZ1|158|2|OP13-096|1|4|6|6|1|1|0|0|0
RZ1|CHK|158|2|34|4|0|4|6|4|7|1|1|0
RZ1|159|2|OP13-092|0|32|1|4|1|1|0|0|0
RZ1|CHK|159|2|33|5|0|4|6|4|7|1|1|0
[Opponent] The Five Elders... Are At Your Service ["OP13-096">OP13-096]: <b>Reveal and Draw St. Mjosgard ["OP13-092">OP13-092]</b>
[Opponent] The Five Elders... Are At Your Service ["OP13-096">OP13-096]: Trash 2 Remaining Cards
RZ1|160|2|OP16-093|0|32|6|7|1|1|0|0|0
RZ1|CHK|160|2|32|5|0|4|6|4|8|1|1|0
RZ1|161|2|OP13-096|0|31|6|8|1|1|0|0|0
RZ1|CHK|161|2|31|5|0|4|6|4|9|1|1|0
RZ1|162|2|OP13-080|1|2|6|9|1|1|0|0|0
RZ1|CHK|162|2|31|4|0|4|6|4|10|1|1|0
[Opponent] Imu ["OP13-079">OP13-079]: Trash St. Ethanbaron V. Nusjuro ["OP13-080">OP13-080]
[] Drew card from deck: ...Never Existed... ["OP13-098">OP13-098]
RZ1|163|2|OP13-098|0|30|1|4|1|1|0|0|0
RZ1|CHK|163|2|30|5|0|4|6|4|10|1|1|0
[Opponent] Imu ["OP13-079">OP13-079]: Draw 1 Card
[] Hand: [OP13-092,OP13-092,OP13-082,OP13-092,OP13-098]
[] Board: []
[] Trash: [OP13-091,OP13-096,OP16-093,OP13-080,OP13-098,OP13-089,OP13-096,OP16-093,OP13-096,OP13-080]
[] Life: 4
[] Hand: [OP15-118,OP15-074,OP15-078,OP15-075,OP15-078,OP05-077]
[] Trash: [OP15-078]
[] Board: [OP12-071,OP15-061]
[] Life: 5
[Opponent] End Turn
[] Hand: [OP15-118,OP15-074,OP15-078,OP15-075,OP15-078,OP05-077]
[] Board: [OP12-071,OP15-061]
[] Trash: [OP15-078]
[] Life: 5
[] Hand: [OP13-092,OP13-092,OP13-082,OP13-092,OP13-098]
[] Trash: [OP13-091,OP13-096,OP16-093,OP13-080,OP13-098,OP13-089,OP13-096,OP16-093,OP13-096,OP13-080]
[] Board: []
[] Life: 4
RZ1|164|1|Don|9|9900|5|0|1|1|1|0|0
RZ1|CHK|164|1|36|6|2|5|1|3|1|0|1|2
RZ1|165|1|Don|9|0|5|0|1|1|1|0|0
RZ1|CHK|165|1|36|6|2|5|1|4|1|0|1|1
RZ1|166|1|Don|9|0|5|0|1|1|1|0|0
RZ1|CHK|166|1|36|6|2|5|1|5|1|0|1|0
[You] Draw 1 Card
[] Drew card from deck: Trafalgar Law ["ST10-010">ST10-010]
RZ1|167|1|ST10-010|0|35|1|6|1|1|0|0|0
RZ1|CHK|167|1|35|7|2|5|1|5|1|0|1|0
RZ1|168|1|Don|4|0|5|5|1|1|0|0|0
RZ1|CHK|168|1|35|7|2|5|0|6|1|0|1|0
[You] Draw 2 Don
RZ1|169|1|Don|5|0|5|0|1|1|1|0|0
RZ1|CHK|169|1|35|7|2|5|0|6|1|0|1|0
RZ1|170|1|Don|5|1|5|1|1|1|1|0|0
RZ1|CHK|170|1|35|7|2|5|0|6|1|0|1|0
RZ1|171|1|Don|5|2|5|2|1|1|1|0|0
RZ1|CHK|171|1|35|7|2|5|0|6|1|0|1|0
RZ1|172|1|Don|5|3|5|3|1|1|1|0|0
RZ1|CHK|172|1|35|7|2|5|0|6|1|0|1|0
RZ1|173|1|Don|5|4|5|4|1|1|1|0|0
RZ1|CHK|173|1|35|7|2|5|0|6|1|0|1|0
RZ1|174|1|Don|5|5|5|5|1|1|1|0|0
RZ1|CHK|174|1|35|7|2|5|0|6|1|0|1|0
[You] Deploy Enel ["OP15-118">OP15-118]
RZ1|175|1|OP15-118|1|0|2|2|1|1|0|2000|0
RZ1|CHK|175|1|35|6|3|5|0|6|1|0|1|0
RZ1|176|1|Don|5|0|4|0|1|1|0|0|0
RZ1|CHK|176|1|35|6|3|5|1|5|1|0|1|0
[You] Enel ["OP15-118">OP15-118]: Minus 1 Don
RZ1|177|1|OP15-061|0|34|1|6|1|1|0|0|0
RZ1|CHK|177|1|34|7|3|5|1|5|1|0|1|0
[You] Enel ["OP15-118">OP15-118]: Added 1 Cards to Hand
[You] Placing Cards on Bottom of Deck
RZ1|178|1|OP15-076|0|33|0|0|0|0|0|0|0
RZ1|CHK|178|1|34|7|3|5|1|5|1|0|1|0
RZ1|179|1|OP15-077|0|33|0|0|0|0|0|0|0
RZ1|CHK|179|1|34|7|3|5|1|5|1|0|1|0
RZ1|180|1|OP15-076|0|33|0|0|0|0|0|0|0
RZ1|CHK|180|1|34|7|3|5|1|5|1|0|1|0
RZ1|181|1|OP15-074|0|33|0|0|0|0|0|0|0
RZ1|CHK|181|1|34|7|3|5|1|5|1|0|1|0
RZ1|182|1|ST10-010|1|5|6|1|1|1|0|0|0
RZ1|CHK|182|1|34|6|3|5|1|5|2|0|1|0
[You] Enel ["OP15-118">OP15-118]: Trash Trafalgar Law ["ST10-010">ST10-010]
[You] Enel ["OP15-058">OP15-058] attacking Imu ["OP13-079">OP13-079]
Enel ["OP15-058">OP15-058][5000] vs Imu ["OP13-079">OP13-079][5000]
Imu ["OP13-079">OP13-079] hit for 1 damage
RZ1|183|2|OP13-086|3|3|1|5|1|1|0|0|0
RZ1|CHK|183|2|30|6|0|3|6|4|10|1|1|0
Enel ["OP15-058">OP15-058]: Draw 1 Don
RZ1|184|1|Don|4|0|5|5|1|1|0|0|0
RZ1|CHK|184|1|34|6|3|5|0|6|2|0|1|0
[You] Enel ["OP15-058">OP15-058]: Attach 1 Rested Don to Charlotte Pudding ["OP12-071">OP12-071]
RZ1|185|1|Don|5|0|9|0|1|1|1|0|0
RZ1|CHK|185|1|34|6|3|5|0|5|2|0|1|1
[You] Enel ["OP15-058">OP15-058]: Attach 1 Rested Don to Charlotte Pudding ["OP12-071">OP12-071]
RZ1|186|1|Don|5|0|9|1|1|1|1|0|0
RZ1|CHK|186|1|34|6|3|5|0|4|2|0|1|2
[You] Enel ["OP15-058">OP15-058]: Attach 1 Rested Don to Charlotte Pudding ["OP12-071">OP12-071]
RZ1|187|1|Don|5|0|9|2|1|1|1|0|0
RZ1|CHK|187|1|34|6|3|5|0|3|2|0|1|3
[You] Enel ["OP15-058">OP15-058]: Attach 1 Rested Don to Charlotte Pudding ["OP12-071">OP12-071]
RZ1|188|1|Don|5|0|9|3|1|1|1|0|0
RZ1|CHK|188|1|34|6|3|5|0|2|2|0|1|4
RZ1|189|1|Don|5|1|5|1|1|1|1|0|0
RZ1|CHK|189|1|34|6|3|5|0|2|2|0|1|4
[You] Deploy Ohm ["OP15-061">OP15-061]
RZ1|190|1|OP15-061|1|5|2|3|1|1|0|0|0
RZ1|CHK|190|1|34|5|4|5|0|2|2|0|1|4
RZ1|191|1|Don|5|0|4|0|1|1|0|0|0
RZ1|CHK|191|1|34|5|4|5|1|1|2|0|1|4
[You] Ohm ["OP15-061">OP15-061]: Minus 1 Don
[] Drew card from deck: Ohm ["OP15-061">OP15-061]
RZ1|192|1|OP15-061|0|33|1|5|1|1|0|0|0
RZ1|CHK|192|1|33|6|4|5|1|1|2|0|1|4
[You] Ohm ["OP15-061">OP15-061]: Draw 1 Card
[You] Charlotte Pudding ["OP12-071">OP12-071] attacking Imu ["OP13-079">OP13-079]
Charlotte Pudding ["OP12-071">OP12-071][6000] vs Imu ["OP13-079">OP13-079][5000]
Imu ["OP13-079">OP13-079] hit for 1 damage
RZ1|193|2|OP13-082|3|2|1|6|1|1|0|0|0
RZ1|CHK|193|2|30|7|0|2|6|4|10|1|1|0
RZ1|194|1|OP15-075|1|2|6|2|1|1|0|0|0
RZ1|CHK|194|1|33|5|4|5|1|1|3|0|1|4
RZ1|195|1|Don|9|0|4|1|1|1|0|0|0
RZ1|CHK|195|1|33|5|4|5|2|1|3|0|1|3
[You] El Thor ["OP15-075">OP15-075]: Minus 1 Don
[You] El Thor ["OP15-075">OP15-075]: Buff Ohm ["OP15-061">OP15-061] 1000
RZ1|196|1|OP15-074|1|0|6|3|1|1|0|0|0
RZ1|CHK|196|1|33|4|4|5|2|1|4|0|1|3
RZ1|197|1|Don|9|0|4|2|1|1|0|0|0
RZ1|CHK|197|1|33|4|4|5|3|1|4|0|1|2
[You] Varie ["OP15-074">OP15-074]: Minus 1 Don
[] Drew card from deck: Lightning Dragon ["OP15-077">OP15-077]
RZ1|198|1|OP15-077|0|32|1|4|1|1|0|0|0
RZ1|CHK|198|1|32|5|4|5|3|1|4|0|1|2
[You] Varie ["OP15-074">OP15-074]: Draw 1 Card
[You] Varie ["OP15-074">OP15-074]: Charlotte Pudding ["OP12-071">OP12-071] Cost 2 until Opponent's Turn End
RZ1|199|1|OP15-077|1|4|6|4|1|1|0|0|0
RZ1|CHK|199|1|32|4|4|5|3|1|5|0|1|2
RZ1|200|1|Don|9|0|4|3|1|1|0|0|0
RZ1|CHK|200|1|32|4|4|5|4|1|5|0|1|1
[You] Lightning Dragon ["OP15-077">OP15-077]: Minus 1 Don
[] Drew card from deck: Lightning Beast Kiten ["OP15-076">OP15-076]
RZ1|201|1|OP15-076|0|31|1|4|1|1|0|0|0
RZ1|CHK|201|1|31|5|4|5|4|1|5|0|1|1
[You] Lightning Dragon ["OP15-077">OP15-077]: Draw 1 Card
RZ1|202|1|OP15-076|1|4|6|5|1|1|0|0|0
RZ1|CHK|202|1|31|4|4|5|4|1|6|0|1|1
RZ1|203|1|Don|9|0|4|4|1|1|0|0|0
RZ1|CHK|203|1|31|4|4|5|5|1|6|0|1|0
[You] Lightning Beast Kiten ["OP15-076">OP15-076]: Minus 1 Don
[] Drew card from deck: Charlotte Pudding ["OP12-071">OP12-071]
RZ1|204|1|OP12-071|0|30|1|4|1|1|0|0|0
RZ1|CHK|204|1|30|5|4|5|5|1|6|0|1|0
[You] Lightning Beast Kiten ["OP15-076">OP15-076]: Draw 1 Card
[] Hand: [OP15-078,OP15-078,OP05-077,OP15-061,OP12-071]
[] Board: [OP12-071,OP15-061,OP15-118,OP15-061]
[] Trash: [OP15-078,ST10-010,OP15-075,OP15-074,OP15-077,OP15-076]
[] Life: 5
[] Hand: [OP13-092,OP13-092,OP13-082,OP13-092,OP13-098,OP13-086,OP13-082]
[] Trash: [OP13-091,OP13-096,OP16-093,OP13-080,OP13-098,OP13-089,OP13-096,OP16-093,OP13-096,OP13-080]
[] Board: []
[] Life: 2
[You] End Turn
[] Hand: [OP13-092,OP13-092,OP13-082,OP13-092,OP13-098,OP13-086,OP13-082]
[] Board: []
[] Trash: [OP13-091,OP13-096,OP16-093,OP13-080,OP13-098,OP13-089,OP13-096,OP16-093,OP13-096,OP13-080]
[] Life: 2
[] Hand: [OP15-078,OP15-078,OP05-077,OP15-061,OP12-071]
[] Trash: [OP15-078,ST10-010,OP15-075,OP15-074,OP15-077,OP15-076]
[] Board: [OP12-071,OP15-061,OP15-118,OP15-061]
[] Life: 5
[Opponent] Draw 1 Card
[] Drew card from deck: The Empty Throne ["OP13-099">OP13-099]
RZ1|205|2|OP13-099|0|29|1|7|1|1|0|0|0
RZ1|CHK|205|2|29|8|0|2|6|4|10|1|1|0
RZ1|206|2|Don|4|5|5|4|1|1|0|0|0
RZ1|CHK|206|2|29|8|0|2|5|5|10|1|1|0
RZ1|207|2|Don|4|4|5|5|1|1|0|0|0
RZ1|CHK|207|2|29|8|0|2|4|6|10|1|1|0
[Opponent] Draw 2 Don
[Opponent] Imu ["OP13-079">OP13-079] attacking Enel ["OP15-058">OP15-058]
[You] Mamaragan ["OP15-078">OP15-078]: Activate Counter
RZ1|208|1|OP15-078|1|0|6|6|1|1|0|0|0
RZ1|CHK|208|1|30|4|4|5|5|1|7|0|1|0
[You] Mamaragan ["OP15-078">OP15-078]: Buff Enel ["OP15-058">OP15-058] 1000 for the Combat
[] Drew card from deck: Lightning Beast Kiten ["OP15-076">OP15-076]
RZ1|209|1|OP15-076|0|29|1|4|1|1|0|0|0
RZ1|CHK|209|1|29|5|4|5|5|1|7|0|1|0
[You] Mamaragan ["OP15-078">OP15-078]: Draw 1 Card
Imu ["OP13-079">OP13-079][5000] vs Enel ["OP15-058">OP15-058][6000]
Attack Fails
RZ1|210|2|OP13-099|1|7|6|10|1|1|0|0|0
RZ1|CHK|210|2|29|7|0|2|4|6|11|1|1|0
[Opponent] Imu ["OP13-079">OP13-079]: Trash The Empty Throne ["OP13-099">OP13-099]
[] Drew card from deck: St. Shalria ["OP13-086">OP13-086]
RZ1|211|2|OP13-086|0|28|1|7|1|1|0|0|0
RZ1|CHK|211|2|28|8|0|2|4|6|11|1|1|0
[Opponent] Imu ["OP13-079">OP13-079]: Draw 1 Card
RZ1|212|2|Don|5|0|5|0|1|1|1|0|0
RZ1|CHK|212|2|28|8|0|2|4|6|11|1|1|0
[Opponent] Deploy St. Mjosgard ["OP13-092">OP13-092]
RZ1|213|2|OP13-092|1|0|2|0|1|1|0|0|0
RZ1|CHK|213|2|28|7|1|2|4|6|11|1|1|0
RZ1|214|2|Don|5|1|5|1|1|1|1|0|0
RZ1|CHK|214|2|28|7|1|2|4|6|11|1|1|0
[Opponent] Deploy St. Shalria ["OP13-086">OP13-086]
RZ1|215|2|OP13-086|1|4|2|1|1|1|0|0|0
RZ1|CHK|215|2|28|6|2|2|4|6|11|1|1|0
RZ1|216|2|OP13-083|0|25|1|6|1|1|0|0|0
RZ1|CHK|216|2|27|7|2|2|4|6|11|1|1|0
[Opponent] St. Shalria ["OP13-086">OP13-086]: <b>Reveal and Draw St. Jaygarcia Saturn ["OP13-083">OP13-083]</b>
[Opponent] St. Shalria ["OP13-086">OP13-086]: Trash 2 Remaining Cards
RZ1|217|2|OP13-086|0|26|6|11|1|1|0|0|0
RZ1|CHK|217|2|26|7|2|2|4|6|12|1|1|0
RZ1|218|2|OP13-082|0|25|6|12|1|1|0|0|0
RZ1|CHK|218|2|25|7|2|2|4|6|13|1|1|0
RZ1|219|2|OP13-083|1|6|6|13|1|1|0|0|0
RZ1|CHK|219|2|25|6|2|2|4|6|14|1|1|0
[Opponent] St. Shalria ["OP13-086">OP13-086]: Trash St. Jaygarcia Saturn ["OP13-083">OP13-083]
RZ1|220|2|Don|5|2|5|2|1|1|1|0|0
RZ1|CHK|220|2|25|6|2|2|4|6|14|1|1|0
[Opponent] Deploy St. Shalria ["OP13-086">OP13-086]
RZ1|221|2|OP13-086|1|5|2|2|1|1|0|0|0
RZ1|CHK|221|2|25|5|3|2|4|6|14|1|1|0
RZ1|222|2|OP13-092|0|24|1|5|1|1|0|0|0
RZ1|CHK|222|2|24|6|3|2|4|6|14|1|1|0
[Opponent] St. Shalria ["OP13-086">OP13-086]: <b>Reveal and Draw St. Mjosgard ["OP13-092">OP13-092]</b>
[Opponent] St. Shalria ["OP13-086">OP13-086]: Trash 2 Remaining Cards
RZ1|223|2|OP13-083|0|23|6|14|1|1|0|0|0
RZ1|CHK|223|2|23|6|3|2|4|6|15|1|1|0
RZ1|224|2|OP16-093|0|22|6|15|1|1|0|0|0
RZ1|CHK|224|2|22|6|3|2|4|6|16|1|1|0
RZ1|225|2|OP13-092|1|0|6|16|1|1|0|0|0
RZ1|CHK|225|2|22|5|3|2|4|6|17|1|1|0
[Opponent] St. Shalria ["OP13-086">OP13-086]: Trash St. Mjosgard ["OP13-092">OP13-092]
Charlotte Pudding ["OP12-071">OP12-071] cost restored
[] Hand: [OP13-082,OP13-092,OP13-098,OP13-082,OP13-092]
[] Board: [OP13-092,OP13-086,OP13-086]
[] Trash: [OP13-091,OP13-096,OP16-093,OP13-080,OP13-098,OP13-089,OP13-096,OP16-093,OP13-096,OP13-080,OP13-099,OP13-086,OP13-082,OP13-083,OP13-083,OP16-093,OP13-092]
[] Life: 2
[] Hand: [OP15-078,OP05-077,OP15-061,OP12-071,OP15-076]
[] Trash: [OP15-078,ST10-010,OP15-075,OP15-074,OP15-077,OP15-076,OP15-078]
[] Board: [OP12-071,OP15-061,OP15-118,OP15-061]
[] Life: 5
[Opponent] End Turn
[] Hand: [OP15-078,OP05-077,OP15-061,OP12-071,OP15-076]
[] Board: [OP12-071,OP15-061,OP15-118,OP15-061]
[] Trash: [OP15-078,ST10-010,OP15-075,OP15-074,OP15-077,OP15-076,OP15-078]
[] Life: 5
[] Hand: [OP13-082,OP13-092,OP13-098,OP13-082,OP13-092]
[] Trash: [OP13-091,OP13-096,OP16-093,OP13-080,OP13-098,OP13-089,OP13-096,OP16-093,OP13-096,OP13-080,OP13-099,OP13-086,OP13-082,OP13-083,OP13-083,OP16-093,OP13-092]
[] Board: [OP13-092,OP13-086,OP13-086]
[] Life: 2
[You] Draw 1 Card
[] Drew card from deck: Shura ["OP15-067">OP15-067]
RZ1|226|1|OP15-067|0|28|1|5|1|1|0|0|0
RZ1|CHK|226|1|28|6|4|5|5|1|7|0|1|0
RZ1|227|1|Don|4|4|5|1|1|1|0|0|0
RZ1|CHK|227|1|28|6|4|5|4|2|7|0|1|0
RZ1|228|1|Don|4|3|5|2|1|1|0|0|0
RZ1|CHK|228|1|28|6|4|5|3|3|7|0|1|0
[You] Draw 2 Don
[You] Enel ["OP15-118">OP15-118] attacking Imu ["OP13-079">OP13-079]
[Opponent] ...Never Existed... ["OP13-098">OP13-098]: Activate Counter
[Opponent] ...Never Existed... ["OP13-098">OP13-098]: Rest 1 Don
RZ1|229|2|Don|5|3|5|3|1|1|1|0|0
RZ1|CHK|229|2|22|5|3|2|4|6|17|1|1|0
RZ1|230|2|OP13-098|1|2|6|17|1|1|0|0|0
RZ1|CHK|230|2|22|4|3|2|4|6|18|1|1|0
[Opponent] ...Never Existed... ["OP13-098">OP13-098]: Buff Imu ["OP13-079">OP13-079] 4000 for the Combat
Enel ["OP15-118">OP15-118][10000] vs Imu ["OP13-079">OP13-079][9000]
Imu ["OP13-079">OP13-079] hit for 1 damage
RZ1|231|2|OP13-089|3|1|1|4|1|1|0|0|0
RZ1|CHK|231|2|22|5|3|1|4|6|18|1|1|0
Enel ["OP15-058">OP15-058]: Draw 1 Don
RZ1|232|1|Don|4|2|5|3|1|1|0|0|0
RZ1|CHK|232|1|28|6|4|5|2|4|7|0|1|0
Enel ["OP15-058">OP15-058]: Draw 2 Rested Don
RZ1|233|1|Don|4|1|5|0|1|1|1|0|0
RZ1|CHK|233|1|28|6|4|5|1|5|7|0|1|0
RZ1|234|1|Don|4|0|5|0|1|1|1|0|0
RZ1|CHK|234|1|28|6|4|5|0|6|7|0|1|0
[You] Enel ["OP15-058">OP15-058]: Attach 1 Rested Don to Charlotte Pudding ["OP12-071">OP12-071]
RZ1|235|1|Don|5|0|9|0|1|1|1|0|0
RZ1|CHK|235|1|28|6|4|5|0|5|7|0|1|1
[You] Enel ["OP15-058">OP15-058]: Attach 1 Rested Don to Charlotte Pudding ["OP12-071">OP12-071]
RZ1|236|1|Don|5|0|9|1|1|1|1|0|0
RZ1|CHK|236|1|28|6|4|5|0|4|7|0|1|2
RZ1|237|1|Don|5|0|9|9900|1|1|0|0|0
RZ1|CHK|237|1|28|6|4|5|0|3|7|0|1|3
RZ1|238|1|Don|5|0|9|9901|1|1|0|0|0
RZ1|CHK|238|1|28|6|4|5|0|2|7|0|1|4
[You] Attach 2 Don to Enel ["OP15-058">OP15-058] (2 Total)
[You] Enel ["OP15-058">OP15-058] attacking Imu ["OP13-079">OP13-079]
Enel ["OP15-058">OP15-058][7000] vs Imu ["OP13-079">OP13-079][5000]
Imu ["OP13-079">OP13-079] hit for 1 damage
RZ1|239|2|OP14-096|3|0|1|5|1|1|0|0|0
RZ1|CHK|239|2|22|6|3|0|4|6|18|1|1|0
RZ1|240|1|Don|5|0|5|0|1|1|1|0|0
RZ1|CHK|240|1|28|6|4|5|0|2|7|0|1|4
[You] Deploy Shura ["OP15-067">OP15-067]
RZ1|241|1|OP15-067|1|5|2|4|1|1|0|0|0
RZ1|CHK|241|1|28|5|5|5|0|2|7|0|1|4
RZ1|242|1|Don|9|9900|4|0|1|1|0|0|0
RZ1|CHK|242|1|28|5|5|5|1|2|7|0|1|3
[You] Shura ["OP15-067">OP15-067]: Minus 1 Don
[] Drew card from deck: Trafalgar Law ["ST10-010">ST10-010]
RZ1|243|1|ST10-010|0|27|1|5|1|1|0|0|0
RZ1|CHK|243|1|27|6|5|5|1|2|7|0|1|3
[You] Shura ["OP15-067">OP15-067]: Draw 1 Card
RZ1|244|1|Don|5|1|9|2|1|1|0|0|0
RZ1|CHK|244|1|27|6|5|5|1|1|7|0|1|4
[You] Attach 1 Don to Charlotte Pudding ["OP12-071">OP12-071] (3 Total)
RZ1|245|1|OP15-076|1|4|6|7|1|1|0|0|0
RZ1|CHK|245|1|27|5|5|5|1|1|8|0|1|4
RZ1|246|1|Don|9|9900|4|1|1|1|0|0|0
RZ1|CHK|246|1|27|5|5|5|2|1|8|0|1|3
[You] Lightning Beast Kiten ["OP15-076">OP15-076]: Minus 1 Don
[] Drew card from deck: Satori ["OP15-066">OP15-066]
RZ1|247|1|OP15-066|0|26|1|5|1|1|0|0|0
RZ1|CHK|247|1|26|6|5|5|2|1|8|0|1|3
[You] Lightning Beast Kiten ["OP15-076">OP15-076]: Draw 1 Card
[You] Lightning Beast Kiten ["OP15-076">OP15-076]: Buff St. Mjosgard ["OP13-092">OP13-092] -1000
[You] Ohm ["OP15-061">OP15-061] attacking Imu ["OP13-079">OP13-079]
[You] Ohm ["OP15-061">OP15-061]: Buff St. Shalria ["OP13-086">OP13-086] -1000
Ohm ["OP15-061">OP15-061][2000] vs Imu ["OP13-079">OP13-079][5000]
Attack Fails
[You] Ohm ["OP15-061">OP15-061] attacking Imu ["OP13-079">OP13-079]
[You] Ohm ["OP15-061">OP15-061]: Buff St. Shalria ["OP13-086">OP13-086] -1000
Ohm ["OP15-061">OP15-061][2000] vs Imu ["OP13-079">OP13-079][5000]
Attack Fails
[You] Charlotte Pudding ["OP12-071">OP12-071] attacking Imu ["OP13-079">OP13-079]
[Opponent] Ground Death ["OP14-096">OP14-096]: Activate Counter
[Opponent] Ground Death ["OP14-096">OP14-096]: Rest 1 Don
RZ1|248|2|Don|5|4|5|4|1|1|1|0|0
RZ1|CHK|248|2|22|6|3|0|4|6|18|1|1|0
RZ1|249|2|OP14-096|1|5|6|18|1|1|0|0|0
RZ1|CHK|249|2|22|5|3|0|4|6|19|1|1|0
[Opponent] Ground Death ["OP14-096">OP14-096]: Buff Imu ["OP13-079">OP13-079] 4000 for the Combat
Charlotte Pudding ["OP12-071">OP12-071][5000] vs Imu ["OP13-079">OP13-079][9000]
Attack Fails
[] Hand: [OP15-078,OP05-077,OP15-061,OP12-071,ST10-010,OP15-066]
[] Board: [OP12-071,OP15-061,OP15-118,OP15-061,OP15-067]
[] Trash: [OP15-078,ST10-010,OP15-075,OP15-074,OP15-077,OP15-076,OP15-078,OP15-076]
[] Life: 5
[] Hand: [OP13-082,OP13-092,OP13-082,OP13-092,OP13-089]
[] Trash: [OP13-091,OP13-096,OP16-093,OP13-080,OP13-098,OP13-089,OP13-096,OP16-093,OP13-096,OP13-080,OP13-099,OP13-086,OP13-082,OP13-083,OP13-083,OP16-093,OP13-092,OP13-098,OP14-096]
[] Board: [OP13-092,OP13-086,OP13-086]
[] Life: 0
[You] End Turn
[] Hand: [OP13-082,OP13-092,OP13-082,OP13-092,OP13-089]
[] Board: [OP13-092,OP13-086,OP13-086]
[] Trash: [OP13-091,OP13-096,OP16-093,OP13-080,OP13-098,OP13-089,OP13-096,OP16-093,OP13-096,OP13-080,OP13-099,OP13-086,OP13-082,OP13-083,OP13-083,OP16-093,OP13-092,OP13-098,OP14-096]
[] Life: 0
[] Hand: [OP15-078,OP05-077,OP15-061,OP12-071,ST10-010,OP15-066]
[] Trash: [OP15-078,ST10-010,OP15-075,OP15-074,OP15-077,OP15-076,OP15-078,OP15-076]
[] Board: [OP12-071,OP15-061,OP15-118,OP15-061,OP15-067]
[] Life: 5
[Opponent] Draw 1 Card
[] Drew card from deck: Bartholomew Kuma ["OP16-093">OP16-093]
RZ1|250|2|OP16-093|0|21|1|5|1|1|0|0|0
RZ1|CHK|250|2|21|6|3|0|4|6|19|1|1|0
RZ1|251|2|Don|4|3|5|6|1|1|0|0|0
RZ1|CHK|251|2|21|6|3|0|3|7|19|1|1|0
RZ1|252|2|Don|4|2|5|7|1|1|0|0|0
RZ1|CHK|252|2|21|6|3|0|2|8|19|1|1|0
[Opponent] Draw 2 Don
RZ1|253|2|Don|5|0|5|0|1|1|1|0|0
RZ1|CHK|253|2|21|6|3|0|2|8|19|1|1|0
RZ1|254|2|Don|5|1|5|1|1|1|1|0|0
RZ1|CHK|254|2|21|6|3|0|2|8|19|1|1|0
RZ1|255|2|Don|5|2|5|2|1|1|1|0|0
RZ1|CHK|255|2|21|6|3|0|2|8|19|1|1|0
[Opponent] Deploy Bartholomew Kuma ["OP16-093">OP16-093]
RZ1|256|2|OP16-093|1|5|2|3|1|1|0|0|0
RZ1|CHK|256|2|21|5|4|0|2|8|19|1|1|0
[] Drew card from deck: St. Shalria ["OP13-086">OP13-086]
RZ1|257|2|OP13-086|0|20|1|5|1|1|0|0|0
RZ1|CHK|257|2|20|6|4|0|2|8|19|1|1|0
[] Drew card from deck: St. Jaygarcia Saturn ["OP13-083">OP13-083]
RZ1|258|2|OP13-083|0|19|1|6|1|1|0|0|0
RZ1|CHK|258|2|19|7|4|0|2|8|19|1|1|0
[Opponent] Bartholomew Kuma ["OP16-093">OP16-093]: Draw 2 Card
RZ1|259|2|OP13-083|1|6|6|19|1|1|0|0|0
RZ1|CHK|259|2|19|6|4|0|2|8|20|1|1|0
[Opponent] Bartholomew Kuma ["OP16-093">OP16-093]: Trash St. Jaygarcia Saturn ["OP13-083">OP13-083]
RZ1|260|2|OP13-089|1|4|6|20|1|1|0|0|0
RZ1|CHK|260|2|19|5|4|0|2|8|21|1|1|0
[Opponent] Bartholomew Kuma ["OP16-093">OP16-093]: Trash St. Topman Warcury ["OP13-089">OP13-089]
[Opponent] Bartholomew Kuma ["OP16-093">OP16-093]: Attach 1 Rested Don to Imu ["OP13-079">OP13-079]
RZ1|261|2|Don|5|0|9|9900|1|1|1|0|0
RZ1|CHK|261|2|19|5|4|0|2|7|21|1|1|1
[Opponent] Imu ["OP13-079">OP13-079] attacking Enel ["OP15-058">OP15-058]
Imu ["OP13-079">OP13-079][6000] vs Enel ["OP15-058">OP15-058][5000]
Enel ["OP15-058">OP15-058] hit for 1 damage
RZ1|262|1|OP15-067|3|4|1|6|1|1|0|0|0
RZ1|CHK|262|1|26|7|5|4|2|1|8|0|1|3
RZ1|263|2|OP13-092|2|0|6|21|1|1|0|0|0
RZ1|CHK|263|2|19|5|3|0|2|7|22|1|1|1
[Opponent] Imu ["OP13-079">OP13-079]: Trash St. Mjosgard ["OP13-092">OP13-092]
[] Drew card from deck: ...Never Existed... ["OP13-098">OP13-098]
RZ1|264|2|OP13-098|0|18|1|5|1|1|0|0|0
RZ1|CHK|264|2|18|6|3|0|2|7|22|1|1|1
[Opponent] Imu ["OP13-079">OP13-079]: Draw 1 Card
RZ1|265|2|Don|5|2|5|2|1|1|1|0|0
RZ1|CHK|265|2|18|6|3|0|2|7|22|1|1|1
[Opponent] Deploy St. Shalria ["OP13-086">OP13-086]
RZ1|266|2|OP13-086|1|4|2|3|1|1|0|0|0
RZ1|CHK|266|2|18|5|4|0|2|7|22|1|1|1
RZ1|267|2|OP13-084|0|16|1|5|1|1|0|0|0
RZ1|CHK|267|2|17|6|4|0|2|7|22|1|1|1
[Opponent] St. Shalria ["OP13-086">OP13-086]: <b>Reveal and Draw St. Shepherd Ju Peter ["OP13-084">OP13-084]</b>
[Opponent] St. Shalria ["OP13-086">OP13-086]: Trash 2 Remaining Cards
RZ1|268|2|OP13-082|0|16|6|22|1|1|0|0|0
RZ1|CHK|268|2|16|6|4|0|2|7|23|1|1|1
RZ1|269|2|OP13-091|0|15|6|23|1|1|0|0|0
RZ1|CHK|269|2|15|6|4|0|2|7|24|1|1|1
RZ1|270|2|OP13-084|1|5|6|24|1|1|0|0|0
RZ1|CHK|270|2|15|5|4|0|2|7|25|1|1|1
[Opponent] St. Shalria ["OP13-086">OP13-086]: Trash St. Shepherd Ju Peter ["OP13-084">OP13-084]
RZ1|271|2|Don|5|3|9|0|1|1|0|0|0
RZ1|CHK|271|2|15|5|4|0|2|6|25|1|1|2
RZ1|272|2|Don|5|3|9|1|1|1|0|0|0
RZ1|CHK|272|2|15|5|4|0|2|5|25|1|1|3
[Opponent] Attach 2 Don to St. Shalria ["OP13-086">OP13-086] (2 Total)
[Opponent] St. Shalria ["OP13-086">OP13-086] attacking Ohm ["OP15-061">OP15-061]
[You] Mamaragan ["OP15-078">OP15-078]: Activate Counter
RZ1|273|1|OP15-078|1|0|6|8|1|1|0|0|0
RZ1|CHK|273|1|26|6|5|4|2|1|9|0|1|3
[You] Mamaragan ["OP15-078">OP15-078]: Buff Ohm ["OP15-061">OP15-061] 1000 for the Combat
[] Drew card from deck: Gamma Knife ["OP05-077">OP05-077]
RZ1|274|1|OP05-077|0|25|1|6|1|1|0|0|0
RZ1|CHK|274|1|25|7|5|4|2|1|9|0|1|3
[You] Mamaragan ["OP15-078">OP15-078]: Draw 1 Card
St. Shalria ["OP13-086">OP13-086][2000] vs Ohm ["OP15-061">OP15-061][3000]
Attack Fails
RZ1|275|2|Don|5|3|5|3|1|1|1|0|0
RZ1|CHK|275|2|15|5|4|0|2|5|25|1|1|3
[Opponent] Deploy St. Mjosgard ["OP13-092">OP13-092]
RZ1|276|2|OP13-092|1|1|2|4|1|1|0|0|0
RZ1|CHK|276|2|15|4|5|0|2|5|25|1|1|3
[] Hand: [OP13-082,OP13-082,OP13-092,OP13-098]
[] Board: [OP13-086,OP13-086,OP16-093,OP13-086,OP13-092]
[] Trash: [OP13-091,OP13-096,OP16-093,OP13-080,OP13-098,OP13-089,OP13-096,OP16-093,OP13-096,OP13-080,OP13-099,OP13-086,OP13-082,OP13-083,OP13-083,OP16-093,OP13-092,OP13-098,OP14-096,OP13-083,OP13-089,OP13-092,OP13-082,OP13-091,OP13-084]
[] Life: 0
[] Hand: [OP05-077,OP15-061,OP12-071,ST10-010,OP15-066,OP15-067,OP05-077]
[] Trash: [OP15-078,ST10-010,OP15-075,OP15-074,OP15-077,OP15-076,OP15-078,OP15-076,OP15-078]
[] Board: [OP12-071,OP15-061,OP15-118,OP15-061,OP15-067]
[] Life: 4
[Opponent] End Turn
[] Hand: [OP05-077,OP15-061,OP12-071,ST10-010,OP15-066,OP15-067,OP05-077]
[] Board: [OP12-071,OP15-061,OP15-118,OP15-061,OP15-067]
[] Trash: [OP15-078,ST10-010,OP15-075,OP15-074,OP15-077,OP15-076,OP15-078,OP15-076,OP15-078]
[] Life: 4
[] Hand: [OP13-082,OP13-082,OP13-092,OP13-098]
[] Trash: [OP13-091,OP13-096,OP16-093,OP13-080,OP13-098,OP13-089,OP13-096,OP16-093,OP13-096,OP13-080,OP13-099,OP13-086,OP13-082,OP13-083,OP13-083,OP16-093,OP13-092,OP13-098,OP14-096,OP13-083,OP13-089,OP13-092,OP13-082,OP13-091,OP13-084]
[] Board: [OP13-086,OP13-086,OP16-093,OP13-086,OP13-092]
[] Life: 0
RZ1|277|1|Don|9|0|5|0|1|1|1|0|0
RZ1|CHK|277|1|25|7|5|4|2|2|9|0|1|2
RZ1|278|1|Don|9|0|5|0|1|1|1|0|0
RZ1|CHK|278|1|25|7|5|4|2|3|9|0|1|1
RZ1|279|1|Don|9|0|5|0|1|1|1|0|0
RZ1|CHK|279|1|25|7|5|4|2|4|9|0|1|0
[You] Draw 1 Card
[] Drew card from deck: Lightning Dragon ["OP15-077">OP15-077]
RZ1|280|1|OP15-077|0|24|1|7|1|1|0|0|0
RZ1|CHK|280|1|24|8|5|4|2|4|9|0|1|0
RZ1|281|1|Don|4|1|5|4|1|1|0|0|0
RZ1|CHK|281|1|24|8|5|4|1|5|9|0|1|0
RZ1|282|1|Don|4|0|5|5|1|1|0|0|0
RZ1|CHK|282|1|24|8|5|4|0|6|9|0|1|0
[You] Draw 2 Don
[You] Enel ["OP15-118">OP15-118] attacking Imu ["OP13-079">OP13-079]
[Opponent] ...Never Existed... ["OP13-098">OP13-098]: Activate Counter
[Opponent] ...Never Existed... ["OP13-098">OP13-098]: Rest 1 Don
RZ1|283|2|Don|5|4|5|4|1|1|1|0|0
RZ1|CHK|283|2|15|4|5|0|2|5|25|1|1|3
RZ1|284|2|OP13-098|1|3|6|25|1|1|0|0|0
RZ1|CHK|284|2|15|3|5|0|2|5|26|1|1|3
[Opponent] ...Never Existed... ["OP13-098">OP13-098]: Buff Imu ["OP13-079">OP13-079] 4000 for the Combat
[Opponent] Discard St. Mjosgard ["OP13-092">OP13-092] for Counter 2000
RZ1|285|2|OP13-092|1|2|6|26|1|1|0|0|0
RZ1|CHK|285|2|15|2|5|0|2|5|27|1|1|3
Enel ["OP15-118">OP15-118][10000] vs Imu ["OP13-079">OP13-079][11000]
Attack Fails
[You] Enel ["OP15-058">OP15-058] attacking Imu ["OP13-079">OP13-079]
Enel ["OP15-058">OP15-058][5000] vs Imu ["OP13-079">OP13-079][5000]
Imu ["OP13-079">OP13-079] hit for 1 damage
[Opponent] <b>Downloaded the Combat Log!</b>
GameOver