Version is 1.42c.22
[You] Leader is Enel ["OP15-058">OP15-058]
[Opponent] Leader is Monkey D. Luffy ["OP17-079">OP17-079]
RZ1|5|2|OP17-098|0|48|0|0|0|0|0|0|0
RZ1|CHK|5|2|50|0|0|0|10|0|0|0|1|0
RZ1|6|2|OP17-094|0|9|0|1|0|0|0|0|0
RZ1|CHK|6|2|50|0|0|0|10|0|0|0|1|0
RZ1|7|2|OP17-084|0|3|0|2|0|0|0|0|0
RZ1|CHK|7|2|50|0|0|0|10|0|0|0|1|0
RZ1|8|2|OP17-081|0|18|0|3|0|0|0|0|0
RZ1|CHK|8|2|50|0|0|0|10|0|0|0|1|0
RZ1|9|2|OP17-084|0|5|0|4|0|0|0|0|0
RZ1|CHK|9|2|50|0|0|0|10|0|0|0|1|0
RZ1|10|2|OP17-093|0|35|0|5|0|0|0|0|0
RZ1|CHK|10|2|50|0|0|0|10|0|0|0|1|0
RZ1|11|2|OP17-119|0|31|0|6|0|0|0|0|0
RZ1|CHK|11|2|50|0|0|0|10|0|0|0|1|0
RZ1|12|2|OP17-086|0|10|0|7|0|0|0|0|0
RZ1|CHK|12|2|50|0|0|0|10|0|0|0|1|0
RZ1|13|2|OP17-097|0|44|0|8|0|0|0|0|0
RZ1|CHK|13|2|50|0|0|0|10|0|0|0|1|0
RZ1|14|2|OP17-094|0|14|0|9|0|0|0|0|0
RZ1|CHK|14|2|50|0|0|0|10|0|0|0|1|0
RZ1|15|2|OP17-081|0|23|0|10|0|0|0|0|0
RZ1|CHK|15|2|50|0|0|0|10|0|0|0|1|0
RZ1|16|2|OP17-097|0|46|0|11|0|0|0|0|0
RZ1|CHK|16|2|50|0|0|0|10|0|0|0|1|0
RZ1|17|2|OP17-093|0|39|0|12|0|0|0|0|0
RZ1|CHK|17|2|50|0|0|0|10|0|0|0|1|0
RZ1|18|2|OP17-084|0|14|0|13|0|0|0|0|0
RZ1|CHK|18|2|50|0|0|0|10|0|0|0|1|0
RZ1|19|2|OP17-080|0|22|0|14|0|0|0|0|0
RZ1|CHK|19|2|50|0|0|0|10|0|0|0|1|0
RZ1|20|2|OP17-096|0|42|0|15|0|0|0|0|0
RZ1|CHK|20|2|50|0|0|0|10|0|0|0|1|0
RZ1|21|2|OP17-080|0|22|0|16|0|0|0|0|0
RZ1|CHK|21|2|50|0|0|0|10|0|0|0|1|0
RZ1|22|2|OP17-086|0|19|0|17|0|0|0|0|0
RZ1|CHK|22|2|50|0|0|0|10|0|0|0|1|0
RZ1|23|2|OP17-089|0|29|0|18|0|0|0|0|0
RZ1|CHK|23|2|50|0|0|0|10|0|0|0|1|0
RZ1|24|2|OP17-096|0|42|0|19|0|0|0|0|0
RZ1|CHK|24|2|50|0|0|0|10|0|0|0|1|0
RZ1|25|2|OP17-091|0|29|0|20|0|0|0|0|0
RZ1|CHK|25|2|50|0|0|0|10|0|0|0|1|0
RZ1|26|2|OP17-119|0|36|0|21|0|0|0|0|0
RZ1|CHK|26|2|50|0|0|0|10|0|0|0|1|0
RZ1|27|2|OP17-081|0|30|0|22|0|0|0|0|0
RZ1|CHK|27|2|50|0|0|0|10|0|0|0|1|0
RZ1|28|2|OP17-119|0|37|0|23|0|0|0|0|0
RZ1|CHK|28|2|50|0|0|0|10|0|0|0|1|0
RZ1|29|2|OP17-089|0|35|0|24|0|0|0|0|0
RZ1|CHK|29|2|50|0|0|0|10|0|0|0|1|0
RZ1|30|2|OP17-098|0|47|0|25|0|0|0|0|0
RZ1|CHK|30|2|50|0|0|0|10|0|0|0|1|0
RZ1|31|2|OP17-096|0|45|0|26|0|0|0|0|0
RZ1|CHK|31|2|50|0|0|0|10|0|0|0|1|0
RZ1|32|2|OP17-085|0|38|0|27|0|0|0|0|0
RZ1|CHK|32|2|50|0|0|0|10|0|0|0|1|0
RZ1|33|2|OP17-088|0|41|0|28|0|0|0|0|0
RZ1|CHK|33|2|50|0|0|0|10|0|0|0|1|0
RZ1|34|2|OP17-095|0|37|0|29|0|0|0|0|0
RZ1|CHK|34|2|50|0|0|0|10|0|0|0|1|0
RZ1|35|2|OP17-098|0|48|0|30|0|0|0|0|0
RZ1|CHK|35|2|50|0|0|0|10|0|0|0|1|0
RZ1|36|2|OP17-096|0|46|0|31|0|0|0|0|0
RZ1|CHK|36|2|50|0|0|0|10|0|0|0|1|0
RZ1|37|2|OP17-119|0|43|0|33|0|0|0|0|0
RZ1|CHK|37|2|50|0|0|0|10|0|0|0|1|0
RZ1|38|2|OP17-081|0|40|0|34|0|0|0|0|0
RZ1|CHK|38|2|50|0|0|0|10|0|0|0|1|0
RZ1|39|2|OP17-093|0|46|0|35|0|0|0|0|0
RZ1|CHK|39|2|50|0|0|0|10|0|0|0|1|0
RZ1|40|2|OP17-097|0|47|0|36|0|0|0|0|0
RZ1|CHK|40|2|50|0|0|0|10|0|0|0|1|0
RZ1|41|2|OP17-089|0|44|0|37|0|0|0|0|0
RZ1|CHK|41|2|50|0|0|0|10|0|0|0|1|0
RZ1|42|2|OP17-080|0|42|0|38|0|0|0|0|0
RZ1|CHK|42|2|50|0|0|0|10|0|0|0|1|0
RZ1|43|2|OP17-086|0|40|0|39|0|0|0|0|0
RZ1|CHK|43|2|50|0|0|0|10|0|0|0|1|0
RZ1|44|2|OP17-097|0|48|0|40|0|0|0|0|0
RZ1|CHK|44|2|50|0|0|0|10|0|0|0|1|0
RZ1|45|2|OP17-089|0|45|0|41|0|0|0|0|0
RZ1|CHK|45|2|50|0|0|0|10|0|0|0|1|0
RZ1|46|2|OP17-094|0|44|0|42|0|0|0|0|0
RZ1|CHK|46|2|50|0|0|0|10|0|0|0|1|0
RZ1|47|2|OP17-088|0|47|0|43|0|0|0|0|0
RZ1|CHK|47|2|50|0|0|0|10|0|0|0|1|0
RZ1|48|2|OP17-085|0|47|0|45|0|0|0|0|0
RZ1|CHK|48|2|50|0|0|0|10|0|0|0|1|0
RZ1|49|2|OP17-080|0|47|0|46|0|0|0|0|0
RZ1|CHK|49|2|50|0|0|0|10|0|0|0|1|0
RZ1|50|2|OP17-098|0|49|0|47|0|0|0|0|0
RZ1|CHK|50|2|50|0|0|0|10|0|0|0|1|0
RZ1|51|2|OP17-093|0|49|0|48|0|0|0|0|0
RZ1|CHK|51|2|50|0|0|0|10|0|0|0|1|0
[] Drew card from deck: Varie ["OP15-074">OP15-074]
RZ1|52|1|OP15-074|0|49|1|0|1|1|0|0|0
RZ1|CHK|52|1|49|1|0|0|6|0|0|0|1|0
[] Drew card from deck: Ohm ["OP15-061">OP15-061]
RZ1|53|1|OP15-061|0|48|1|1|1|1|0|0|0
RZ1|CHK|53|1|48|2|0|0|6|0|0|0|1|0
[] Drew card from deck: Ohm ["OP15-061">OP15-061]
RZ1|54|1|OP15-061|0|47|1|2|1|1|0|0|0
RZ1|CHK|54|1|47|3|0|0|6|0|0|0|1|0
[] Drew card from deck: Ohm ["OP15-061">OP15-061]
RZ1|55|1|OP15-061|0|46|1|3|1|1|0|0|0
RZ1|CHK|55|1|46|4|0|0|6|0|0|0|1|0
[] Drew card from deck: Shura ["OP15-067">OP15-067]
RZ1|56|1|OP15-067|0|45|1|4|1|1|0|0|0
RZ1|CHK|56|1|45|5|0|0|6|0|0|0|1|0
[] Drew card from deck: Rodo ["OP17-094">OP17-094]
RZ1|57|2|OP17-094|0|49|1|0|1|1|0|0|0
RZ1|CHK|57|2|49|1|0|0|10|0|0|0|1|0
[] Drew card from deck: Monkey D. Luffy ["OP17-093">OP17-093]
RZ1|58|2|OP17-093|0|48|1|1|1|1|0|0|0
RZ1|CHK|58|2|48|2|0|0|10|0|0|0|1|0
[] Drew card from deck: Gum-Gum Kong Pistol ["OP17-098">OP17-098]
RZ1|59|2|OP17-098|0|47|1|2|1|1|0|0|0
RZ1|CHK|59|2|47|3|0|0|10|0|0|0|1|0
[] Drew card from deck: Usopp ["OP17-080">OP17-080]
RZ1|60|2|OP17-080|0|46|1|3|1|1|0|0|0
RZ1|CHK|60|2|46|4|0|0|10|0|0|0|1|0
[] Drew card from deck: Dorry ["OP17-085">OP17-085]
RZ1|61|2|OP17-085|0|45|1|4|1|1|0|0|0
RZ1|CHK|61|2|45|5|0|0|10|0|0|0|1|0
RZ1|62|1|OP15-075|0|44|3|0|1|0|0|0|0
RZ1|CHK|62|1|44|5|0|1|6|0|0|0|1|0
RZ1|63|1|OP15-066|0|43|3|1|1|0|0|0|0
RZ1|CHK|63|1|43|5|0|2|6|0|0|0|1|0
RZ1|64|1|OP15-076|0|42|3|2|1|0|0|0|0
RZ1|CHK|64|1|42|5|0|3|6|0|0|0|1|0
RZ1|65|1|OP15-074|0|41|3|3|1|0|0|0|0
RZ1|CHK|65|1|41|5|0|4|6|0|0|0|1|0
RZ1|66|1|OP12-063|0|40|3|4|1|0|0|0|0
RZ1|CHK|66|1|40|5|0|5|6|0|0|0|1|0
RZ1|67|2|OP17-086|0|44|3|0|0|1|0|0|0
RZ1|CHK|67|2|44|5|0|1|10|0|0|0|1|0
RZ1|68|2|OP17-088|0|43|3|1|0|1|0|0|0
RZ1|CHK|68|2|43|5|0|2|10|0|0|0|1|0
RZ1|69|2|OP17-094|0|42|3|2|0|1|0|0|0
RZ1|CHK|69|2|42|5|0|3|10|0|0|0|1|0
RZ1|70|2|OP17-089|0|41|3|3|0|1|0|0|0
RZ1|CHK|70|2|41|5|0|4|10|0|0|0|1|0
RZ1|71|2|OP17-097|0|40|3|4|0|1|0|0|0
RZ1|CHK|71|2|40|5|0|5|10|0|0|0|1|0
[] Hand: [OP15-074,OP15-061,OP15-061,OP15-061,OP15-067]
[] Board: []
[] Trash: []
[] Life: 5
[] Hand: [OP17-094,OP17-093,OP17-098,OP17-080,OP17-085]
[] Trash: []
[] Board: []
[] Life: 5
RZ1|72|1|Don|4|5|5|0|1|1|0|0|0
RZ1|CHK|72|1|40|5|0|5|5|1|0|0|1|0
[You] Draw 1 Don
RZ1|73|1|Don|5|0|5|0|1|1|1|0|0
RZ1|CHK|73|1|40|5|0|5|5|1|0|0|1|0
[You] Deploy Shura ["OP15-067">OP15-067]
RZ1|74|1|OP15-067|1|4|2|0|1|1|0|0|0
RZ1|CHK|74|1|40|4|1|5|5|1|0|0|1|0
RZ1|75|1|Don|5|0|4|5|1|1|0|0|0
RZ1|CHK|75|1|40|4|1|5|6|0|0|0|1|0
[You] Shura ["OP15-067">OP15-067]: Minus 1 Don
[] Drew card from deck: Shura ["OP15-067">OP15-067]
RZ1|76|1|OP15-067|0|39|1|4|1|1|0|0|0
RZ1|CHK|76|1|39|5|1|5|6|0|0|0|1|0
[You] Shura ["OP15-067">OP15-067]: Draw 1 Card
[] Hand: [OP15-074,OP15-061,OP15-061,OP15-061,OP15-067]
[] Board: [OP15-067]
[] Trash: []
[] Life: 5
[] Hand: [OP17-094,OP17-093,OP17-098,OP17-080,OP17-085]
[] Trash: []
[] Board: []
[] Life: 5
[You] End Turn
[] Hand: [OP17-094,OP17-093,OP17-098,OP17-080,OP17-085]
[] Board: []
[] Trash: []
[] Life: 5
[] Hand: [OP15-074,OP15-061,OP15-061,OP15-061,OP15-067]
[] Trash: []
[] Board: [OP15-067]
[] Life: 5
[Opponent] Draw 1 Card
[] Drew card from deck: Nami ["OP17-086">OP17-086]
RZ1|77|2|OP17-086|0|39|1|5|1|1|0|0|0
RZ1|CHK|77|2|39|6|0|5|10|0|0|0|1|0
RZ1|78|2|Don|4|9|5|0|1|1|0|0|0
RZ1|CHK|78|2|39|6|0|5|9|1|0|0|1|0
RZ1|79|2|Don|4|8|5|1|1|1|0|0|0
RZ1|CHK|79|2|39|6|0|5|8|2|0|0|1|0
[Opponent] Draw 2 Don
RZ1|80|2|Don|5|0|5|0|1|1|1|0|0
RZ1|CHK|80|2|39|6|0|5|8|2|0|0|1|0
RZ1|81|2|Don|5|1|5|1|1|1|1|0|0
RZ1|CHK|81|2|39|6|0|5|8|2|0|0|1|0
[Opponent] Deploy Usopp ["OP17-080">OP17-080]
RZ1|82|2|OP17-080|1|3|2|0|1|1|0|0|0
RZ1|CHK|82|2|39|5|1|5|8|2|0|0|1|0
RZ1|83|2|OP17-080|0|38|1|5|1|1|0|0|0
RZ1|CHK|83|2|38|6|1|5|8|2|0|0|1|0
[Opponent] Usopp ["OP17-080">OP17-080]: <b>Reveal and Draw Usopp ["OP17-080">OP17-080]</b>
[Opponent] Usopp ["OP17-080">OP17-080]: Trash 2 Remaining Cards
RZ1|84|2|OP17-089|0|37|6|0|1|1|0|0|0
RZ1|CHK|84|2|37|6|1|5|8|2|1|0|1|0
RZ1|85|2|OP17-097|0|36|6|1|1|1|0|0|0
RZ1|CHK|85|2|36|6|1|5|8|2|2|0|1|0
[] Hand: [OP17-094,OP17-093,OP17-098,OP17-085,OP17-086,OP17-080]
[] Board: [OP17-080]
[] Trash: [OP17-089,OP17-097]
[] Life: 5
[] Hand: [OP15-074,OP15-061,OP15-061,OP15-061,OP15-067]
[] Trash: []
[] Board: [OP15-067]
[] Life: 5
[Opponent] End Turn
[] Hand: [OP15-074,OP15-061,OP15-061,OP15-061,OP15-067]
[] Board: [OP15-067]
[] Trash: []
[] Life: 5
[] Hand: [OP17-094,OP17-093,OP17-098,OP17-085,OP17-086,OP17-080]
[] Trash: [OP17-089,OP17-097]
[] Board: [OP17-080]
[] Life: 5
[You] Draw 1 Card
[] Drew card from deck: Charlotte Pudding ["OP12-071">OP12-071]
RZ1|86|1|OP12-071|0|38|1|5|1|1|0|0|0
RZ1|CHK|86|1|38|6|1|5|6|0|0|0|1|0
RZ1|87|1|Don|4|5|5|0|1|1|0|0|0
RZ1|CHK|87|1|38|6|1|5|5|1|0|0|1|0
RZ1|88|1|Don|4|4|5|1|1|1|0|0|0
RZ1|CHK|88|1|38|6|1|5|4|2|0|0|1|0
[You] Draw 2 Don
[You] Enel ["OP15-058">OP15-058] attacking Monkey D. Luffy ["OP17-079">OP17-079]
Enel ["OP15-058">OP15-058][5000] vs Monkey D. Luffy ["OP17-079">OP17-079][5000]
Monkey D. Luffy ["OP17-079">OP17-079] hit for 1 damage
RZ1|89|2|OP17-097|3|4|1|6|1|1|0|0|0
RZ1|CHK|89|2|36|7|1|4|8|2|2|0|1|0
RZ1|90|1|Don|5|0|5|0|1|1|1|0|0
RZ1|CHK|90|1|38|6|1|5|4|2|0|0|1|0
[You] Deploy Charlotte Pudding ["OP12-071">OP12-071]
RZ1|91|1|OP12-071|1|5|2|1|1|1|0|0|0
RZ1|CHK|91|1|38|5|2|5|4|2|0|0|1|0
RZ1|92|1|OP15-078|0|35|1|5|1|1|0|0|0
RZ1|CHK|92|1|37|6|2|5|4|2|0|0|1|0
[You] Charlotte Pudding ["OP12-071">OP12-071]: <b>Reveal and Draw Mamaragan ["OP15-078">OP15-078]</b>
[You] Placing Cards on Bottom of Deck
RZ1|93|1|OP15-075|0|36|0|0|0|0|0|0|0
RZ1|CHK|93|1|37|6|2|5|4|2|0|0|1|0
RZ1|94|1|OP15-067|0|36|0|0|0|0|0|0|0
RZ1|CHK|94|1|37|6|2|5|4|2|0|0|1|0
RZ1|95|1|OP15-076|0|36|0|0|0|0|0|0|0
RZ1|CHK|95|1|37|6|2|5|4|2|0|0|1|0
RZ1|96|1|Don|5|1|5|1|1|1|1|0|0
RZ1|CHK|96|1|37|6|2|5|4|2|0|0|1|0
[You] Deploy Ohm ["OP15-061">OP15-061]
RZ1|97|1|OP15-061|1|1|2|2|1|1|0|0|0
RZ1|CHK|97|1|37|5|3|5|4|2|0|0|1|0
RZ1|98|1|Don|5|0|4|4|1|1|0|0|0
RZ1|CHK|98|1|37|5|3|5|5|1|0|0|1|0
[You] Ohm ["OP15-061">OP15-061]: Minus 1 Don
[] Drew card from deck: Lightning Dragon ["OP15-077">OP15-077]
RZ1|99|1|OP15-077|0|36|1|5|1|1|0|0|0
RZ1|CHK|99|1|36|6|3|5|5|1|0|0|1|0
[You] Ohm ["OP15-061">OP15-061]: Draw 1 Card
RZ1|100|1|OP15-077|1|5|6|0|1|1|0|0|0
RZ1|CHK|100|1|36|5|3|5|5|1|1|0|1|0
RZ1|101|1|Don|5|0|4|5|1|1|0|0|0
RZ1|CHK|101|1|36|5|3|5|6|0|1|0|1|0
[You] Lightning Dragon ["OP15-077">OP15-077]: Minus 1 Don
[] Drew card from deck: Mamaragan ["OP15-078">OP15-078]
RZ1|102|1|OP15-078|0|35|1|5|1|1|0|0|0
RZ1|CHK|102|1|35|6|3|5|6|0|1|0|1|0
[You] Lightning Dragon ["OP15-077">OP15-077]: Draw 1 Card
[] Hand: [OP15-074,OP15-061,OP15-061,OP15-067,OP15-078,OP15-078]
[] Board: [OP15-067,OP12-071,OP15-061]
[] Trash: [OP15-077]
[] Life: 5
[] Hand: [OP17-094,OP17-093,OP17-098,OP17-085,OP17-086,OP17-080,OP17-097]
[] Trash: [OP17-089,OP17-097]
[] Board: [OP17-080]
[] Life: 4
[You] End Turn
[] Hand: [OP17-094,OP17-093,OP17-098,OP17-085,OP17-086,OP17-080,OP17-097]
[] Board: [OP17-080]
[] Trash: [OP17-089,OP17-097]
[] Life: 4
[] Hand: [OP15-074,OP15-061,OP15-061,OP15-067,OP15-078,OP15-078]
[] Trash: [OP15-077]
[] Board: [OP15-067,OP12-071,OP15-061]
[] Life: 5
[Opponent] Draw 1 Card
[] Drew card from deck: Monkey D. Luffy ["OP17-093">OP17-093]
RZ1|103|2|OP17-093|0|35|1|7|1|1|0|0|0
RZ1|CHK|103|2|35|8|1|4|8|2|2|0|1|0
RZ1|104|2|Don|4|7|5|2|1|1|0|0|0
RZ1|CHK|104|2|35|8|1|4|7|3|2|0|1|0
RZ1|105|2|Don|4|6|5|3|1|1|0|0|0
RZ1|CHK|105|2|35|8|1|4|6|4|2|0|1|0
[Opponent] Draw 2 Don
RZ1|106|2|Don|5|0|5|0|1|1|1|0|0
RZ1|CHK|106|2|35|8|1|4|6|4|2|0|1|0
[Opponent] Deploy Nami ["OP17-086">OP17-086]
RZ1|107|2|OP17-086|1|4|2|1|1|1|0|0|0
RZ1|CHK|107|2|35|7|2|4|6|4|2|0|1|0
RZ1|108|2|OP17-085|1|3|6|2|1|1|0|0|0
RZ1|CHK|108|2|35|6|2|4|6|4|3|0|1|0
[Opponent] Nami ["OP17-086">OP17-086]: Trash Dorry ["OP17-085">OP17-085]
[] Drew card from deck: Gerd ["OP17-081">OP17-081]
RZ1|109|2|OP17-081|0|34|1|6|1|1|0|0|0
RZ1|CHK|109|2|34|7|2|4|6|4|3|0|1|0
[] Drew card from deck: Loki ["OP17-119">OP17-119]
RZ1|110|2|OP17-119|0|33|1|7|1|1|0|0|0
RZ1|CHK|110|2|33|8|2|4|6|4|3|0|1|0
[Opponent] Nami ["OP17-086">OP17-086]: Draw 2 Card
[Opponent] Monkey D. Luffy ["OP17-079">OP17-079] attacking Enel ["OP15-058">OP15-058]
Monkey D. Luffy ["OP17-079">OP17-079][5000] vs Enel ["OP15-058">OP15-058][5000]
Enel ["OP15-058">OP15-058] hit for 1 damage
RZ1|111|1|OP12-063|3|4|1|6|1|1|0|0|0
RZ1|CHK|111|1|35|7|3|4|6|0|1|0|1|0
RZ1|112|2|Don|5|1|5|1|1|1|1|0|0
RZ1|CHK|112|2|33|8|2|4|6|4|3|0|1|0
RZ1|113|2|Don|5|2|5|2|1|1|1|0|0
RZ1|CHK|113|2|33|8|2|4|6|4|3|0|1|0
[Opponent] Deploy Gerd ["OP17-081">OP17-081]
RZ1|114|2|OP17-081|1|6|2|2|1|1|0|0|12
RZ1|CHK|114|2|33|7|3|4|6|4|3|0|1|0
RZ1|115|2|OP17-097|1|4|6|3|1|1|0|0|0
RZ1|CHK|115|2|33|6|3|4|6|4|4|0|1|0
[Opponent] Gerd ["OP17-081">OP17-081]: Trash Instead I'll Feed on this Rage! ["OP17-097">OP17-097]
[Opponent] <b>Draw Jaguar D. Saul ["OP17-089">OP17-089] from Trash</b>
RZ1|116|2|OP17-089|6|0|1|6|1|1|0|0|0
RZ1|CHK|116|2|33|7|3|4|6|4|3|0|1|0
[Opponent] Usopp ["OP17-080">OP17-080] attacking Enel ["OP15-058">OP15-058]
[You] Discard Ohm ["OP15-061">OP15-061] for Counter 1000
RZ1|117|1|OP15-061|1|1|6|1|1|1|0|0|0
RZ1|CHK|117|1|35|6|3|4|6|0|2|0|1|0
Usopp ["OP17-080">OP17-080][5000] vs Enel ["OP15-058">OP15-058][6000]
Attack Fails
[] Hand: [OP17-094,OP17-093,OP17-098,OP17-080,OP17-093,OP17-119,OP17-089]
[] Board: [OP17-080,OP17-086,OP17-081]
[] Trash: [OP17-097,OP17-085,OP17-097]
[] Life: 4
[] Hand: [OP15-074,OP15-061,OP15-067,OP15-078,OP15-078,OP12-063]
[] Trash: [OP15-077,OP15-061]
[] Board: [OP15-067,OP12-071,OP15-061]
[] Life: 4
[Opponent] End Turn
[] Hand: [OP15-074,OP15-061,OP15-067,OP15-078,OP15-078,OP12-063]
[] Board: [OP15-067,OP12-071,OP15-061]
[] Trash: [OP15-077,OP15-061]
[] Life: 4
[] Hand: [OP17-094,OP17-093,OP17-098,OP17-080,OP17-093,OP17-119,OP17-089]
[] Trash: [OP17-097,OP17-085,OP17-097]
[] Board: [OP17-080,OP17-086,OP17-081]
[] Life: 4
[You] Draw 1 Card
[] Drew card from deck: Vinsmoke Reiju ["OP12-063">OP12-063]
RZ1|118|1|OP12-063|0|34|1|6|1|1|0|0|0
RZ1|CHK|118|1|34|7|3|4|6|0|2|0|1|0
RZ1|119|1|Don|4|5|5|0|1|1|0|0|0
RZ1|CHK|119|1|34|7|3|4|5|1|2|0|1|0
RZ1|120|1|Don|4|4|5|1|1|1|0|0|0
RZ1|CHK|120|1|34|7|3|4|4|2|2|0|1|0
[You] Draw 2 Don
RZ1|121|1|Don|5|0|5|0|1|1|1|0|0
RZ1|CHK|121|1|34|7|3|4|4|2|2|0|1|0
[You] Deploy Shura ["OP15-067">OP15-067]
RZ1|122|1|OP15-067|1|2|2|3|1|1|0|0|0
RZ1|CHK|122|1|34|6|4|4|4|2|2|0|1|0
RZ1|123|1|Don|5|0|4|4|1|1|0|0|0
RZ1|CHK|123|1|34|6|4|4|5|1|2|0|1|0
[You] Shura ["OP15-067">OP15-067]: Minus 1 Don
[] Drew card from deck: Lightning Dragon ["OP15-077">OP15-077]
RZ1|124|1|OP15-077|0|33|1|6|1|1|0|0|0
RZ1|CHK|124|1|33|7|4|4|5|1|2|0|1|0
[You] Shura ["OP15-067">OP15-067]: Draw 1 Card
[You] Enel ["OP15-058">OP15-058] attacking Monkey D. Luffy ["OP17-079">OP17-079]
Enel ["OP15-058">OP15-058][5000] vs Monkey D. Luffy ["OP17-079">OP17-079][5000]
Monkey D. Luffy ["OP17-079">OP17-079] hit for 1 damage
RZ1|125|2|OP17-089|3|3|1|7|1|1|0|0|0
RZ1|CHK|125|2|33|8|3|3|6|4|3|0|1|0
RZ1|126|1|Don|5|0|9|200|1|1|0|0|0
RZ1|CHK|126|1|33|7|4|4|5|0|2|0|1|1
[You] Attach 1 Don to Ohm ["OP15-061">OP15-061] (1 Total)
[You] Ohm ["OP15-061">OP15-061] attacking Monkey D. Luffy ["OP17-079">OP17-079]
[You] Ohm ["OP15-061">OP15-061]: Buff Gerd ["OP17-081">OP17-081] -1000
Ohm ["OP15-061">OP15-061][3000] vs Monkey D. Luffy ["OP17-079">OP17-079][5000]
Attack Fails
[] Hand: [OP15-074,OP15-061,OP15-078,OP15-078,OP12-063,OP12-063,OP15-077]
[] Board: [OP15-067,OP12-071,OP15-061,OP15-067]
[] Trash: [OP15-077,OP15-061]
[] Life: 4
[] Hand: [OP17-094,OP17-093,OP17-098,OP17-080,OP17-093,OP17-119,OP17-089,OP17-089]
[] Trash: [OP17-097,OP17-085,OP17-097]
[] Board: [OP17-080,OP17-086,OP17-081]
[] Life: 3
[You] End Turn
[] Hand: [OP17-094,OP17-093,OP17-098,OP17-080,OP17-093,OP17-119,OP17-089,OP17-089]
[] Board: [OP17-080,OP17-086,OP17-081]
[] Trash: [OP17-097,OP17-085,OP17-097]
[] Life: 3
[] Hand: [OP15-074,OP15-061,OP15-078,OP15-078,OP12-063,OP12-063,OP15-077]
[] Trash: [OP15-077,OP15-061]
[] Board: [OP15-067,OP12-071,OP15-061,OP15-067]
[] Life: 4
[Opponent] Draw 1 Card
[] Drew card from deck: Tony Tony Chopper ["OP17-084">OP17-084]
RZ1|127|2|OP17-084|0|32|1|8|1|1|0|0|0
RZ1|CHK|127|2|32|9|3|3|6|4|3|0|1|0
RZ1|128|2|Don|4|5|5|4|1|1|0|0|0
RZ1|CHK|128|2|32|9|3|3|5|5|3|0|1|0
RZ1|129|2|Don|4|4|5|5|1|1|0|0|0
RZ1|CHK|129|2|32|9|3|3|4|6|3|0|1|0
[Opponent] Draw 2 Don
RZ1|130|2|Don|5|0|5|0|1|1|1|0|0
RZ1|CHK|130|2|32|9|3|3|4|6|3|0|1|0
RZ1|131|2|Don|5|1|5|1|1|1|1|0|0
RZ1|CHK|131|2|32|9|3|3|4|6|3|0|1|0
RZ1|132|2|Don|5|2|5|2|1|1|1|0|0
RZ1|CHK|132|2|32|9|3|3|4|6|3|0|1|0
RZ1|133|2|Don|5|3|5|3|1|1|1|0|0
RZ1|CHK|133|2|32|9|3|3|4|6|3|0|1|0
[Opponent] Deploy Jaguar D. Saul ["OP17-089">OP17-089]
RZ1|134|2|OP17-089|1|6|2|3|1|1|0|0|12
RZ1|CHK|134|2|32|8|4|3|4|6|3|0|1|0
RZ1|135|2|OP17-095|0|29|1|8|1|1|0|0|0
RZ1|CHK|135|2|31|9|4|3|4|6|3|0|1|0
[Opponent] Jaguar D. Saul ["OP17-089">OP17-089]: <b>Reveal and Draw Roronoa Zoro ["OP17-095">OP17-095]</b>
[Opponent] Jaguar D. Saul ["OP17-089">OP17-089]: Trash 2 Remaining Cards
RZ1|136|2|OP17-096|0|30|6|3|1|1|0|0|0
RZ1|CHK|136|2|30|9|4|3|4|6|4|0|1|0
RZ1|137|2|OP17-098|0|29|6|4|1|1|0|0|0
RZ1|CHK|137|2|29|9|4|3|4|6|5|0|1|0
[Opponent] Usopp ["OP17-080">OP17-080] attacking Enel ["OP15-058">OP15-058]
[You] Discard Ohm ["OP15-061">OP15-061] for Counter 1000
RZ1|138|1|OP15-061|1|1|6|2|1|1|0|0|0
RZ1|CHK|138|1|33|6|4|4|5|0|3|0|1|1
Usopp ["OP17-080">OP17-080][5000] vs Enel ["OP15-058">OP15-058][6000]
Attack Fails
[Opponent] Monkey D. Luffy ["OP17-079">OP17-079] attacking Enel ["OP15-058">OP15-058]
Monkey D. Luffy ["OP17-079">OP17-079][5000] vs Enel ["OP15-058">OP15-058][5000]
Enel ["OP15-058">OP15-058] hit for 1 damage
RZ1|139|1|OP15-074|3|3|1|6|1|1|0|0|0
RZ1|CHK|139|1|33|7|4|3|5|0|3|0|1|1
RZ1|140|2|Don|5|4|9|200|1|1|0|0|0
RZ1|CHK|140|2|29|9|4|3|4|5|5|0|1|1
RZ1|141|2|Don|5|4|9|201|1|1|0|0|0
RZ1|CHK|141|2|29|9|4|3|4|4|5|0|1|2
[Opponent] Attach 2 Don to Gerd ["OP17-081">OP17-081] (2 Total)
[Opponent] Gerd ["OP17-081">OP17-081] attacking Enel ["OP15-058">OP15-058]
[You] Mamaragan ["OP15-078">OP15-078]: Activate Counter
RZ1|142|1|OP15-078|1|1|6|3|1|1|0|0|0
RZ1|CHK|142|1|33|6|4|3|5|0|4|0|1|1
[You] Mamaragan ["OP15-078">OP15-078]: Buff Enel ["OP15-058">OP15-058] 1000 for the Combat
[] Drew card from deck: Lightning Dragon ["OP15-077">OP15-077]
RZ1|143|1|OP15-077|0|32|1|6|1|1|0|0|0
RZ1|CHK|143|1|32|7|4|3|5|0|4|0|1|1
[You] Mamaragan ["OP15-078">OP15-078]: Draw 1 Card
Gerd ["OP17-081">OP17-081][5000] vs Enel ["OP15-058">OP15-058][6000]
Attack Fails
[Opponent] Nami ["OP17-086">OP17-086] attacking Ohm ["OP15-061">OP15-061]
[You] Mamaragan ["OP15-078">OP15-078]: Activate Counter
RZ1|144|1|OP15-078|1|1|6|4|1|1|0|0|0
RZ1|CHK|144|1|32|6|4|3|5|0|5|0|1|1
[You] Mamaragan ["OP15-078">OP15-078]: Buff Ohm ["OP15-061">OP15-061] 1000 for the Combat
[] Drew card from deck: Enel ["OP15-118">OP15-118]
RZ1|145|1|OP15-118|0|31|1|6|1|1|0|0|0
RZ1|CHK|145|1|31|7|4|3|5|0|5|0|1|1
[You] Mamaragan ["OP15-078">OP15-078]: Draw 1 Card
Nami ["OP17-086">OP17-086][2000] vs Ohm ["OP15-061">OP15-061][3000]
Attack Fails
[] Hand: [OP17-094,OP17-093,OP17-098,OP17-080,OP17-093,OP17-119,OP17-089,OP17-084,OP17-095]
[] Board: [OP17-080,OP17-086,OP17-081,OP17-089]
[] Trash: [OP17-097,OP17-085,OP17-097,OP17-096,OP17-098]
[] Life: 3
[] Hand: [OP15-074,OP12-063,OP12-063,OP15-077,OP15-074,OP15-077,OP15-118]
[] Trash: [OP15-077,OP15-061,OP15-061,OP15-078,OP15-078]
[] Board: [OP15-067,OP12-071,OP15-061,OP15-067]
[] Life: 3
[Opponent] End Turn
[] Hand: [OP15-074,OP12-063,OP12-063,OP15-077,OP15-074,OP15-077,OP15-118]
[] Board: [OP15-067,OP12-071,OP15-061,OP15-067]
[] Trash: [OP15-077,OP15-061,OP15-061,OP15-078,OP15-078]
[] Life: 3
[] Hand: [OP17-094,OP17-093,OP17-098,OP17-080,OP17-093,OP17-119,OP17-089,OP17-084,OP17-095]
[] Trash: [OP17-097,OP17-085,OP17-097,OP17-096,OP17-098]
[] Board: [OP17-080,OP17-086,OP17-081,OP17-089]
[] Life: 3
RZ1|146|1|Don|9|200|5|0|1|1|1|0|0
RZ1|CHK|146|1|31|7|4|3|5|1|5|0|1|0
[You] Draw 1 Card
[] Drew card from deck: Varie ["OP15-074">OP15-074]
RZ1|147|1|OP15-074|0|30|1|7|1|1|0|0|0
RZ1|CHK|147|1|30|8|4|3|5|1|5|0|1|0
RZ1|148|1|Don|4|4|5|1|1|1|0|0|0
RZ1|CHK|148|1|30|8|4|3|4|2|5|0|1|0
RZ1|149|1|Don|4|3|5|2|1|1|0|0|0
RZ1|CHK|149|1|30|8|4|3|3|3|5|0|1|0
[You] Draw 2 Don
RZ1|150|1|Don|5|0|9|9900|1|1|0|0|0
RZ1|CHK|150|1|30|8|4|3|3|2|5|0|1|1
RZ1|151|1|Don|5|0|9|9901|1|1|0|0|0
RZ1|CHK|151|1|30|8|4|3|3|1|5|0|1|2
[You] Attach 2 Don to Enel ["OP15-058">OP15-058] (2 Total)
[You] Enel ["OP15-058">OP15-058] attacking Monkey D. Luffy ["OP17-079">OP17-079]
[Opponent] Discard Usopp ["OP17-080">OP17-080] for Counter 1000
RZ1|152|2|OP17-080|1|3|6|5|1|1|0|0|0
RZ1|CHK|152|2|29|8|4|3|4|4|6|0|1|2
[Opponent] Discard Rodo ["OP17-094">OP17-094] for Counter 2000
RZ1|153|2|OP17-094|1|0|6|6|1|1|0|0|0
RZ1|CHK|153|2|29|7|4|3|4|4|7|0|1|2
Enel ["OP15-058">OP15-058][7000] vs Monkey D. Luffy ["OP17-079">OP17-079][8000]
Attack Fails
RZ1|154|1|Don|5|0|9|200|1|1|0|0|0
RZ1|CHK|154|1|30|8|4|3|3|0|5|0|1|3
[You] Attach 1 Don to Ohm ["OP15-061">OP15-061] (1 Total)
[You] Ohm ["OP15-061">OP15-061] attacking Monkey D. Luffy ["OP17-079">OP17-079]
[You] Ohm ["OP15-061">OP15-061]: Buff Jaguar D. Saul ["OP17-089">OP17-089] -1000
Ohm ["OP15-061">OP15-061][3000] vs Monkey D. Luffy ["OP17-079">OP17-079][5000]
Attack Fails
[You] Shura ["OP15-067">OP15-067] attacking Nami ["OP17-086">OP17-086]
[Opponent] Discard Tony Tony Chopper ["OP17-084">OP17-084] for Counter 2000
RZ1|155|2|OP17-084|1|5|6|7|1|1|0|0|0
RZ1|CHK|155|2|29|6|4|3|4|4|8|0|1|2
Shura ["OP15-067">OP15-067][2000] vs Nami ["OP17-086">OP17-086][4000]
Attack Fails
[You] Shura ["OP15-067">OP15-067] attacking Nami ["OP17-086">OP17-086]
Shura ["OP15-067">OP15-067][2000] vs Nami ["OP17-086">OP17-086][2000]
[Opponent] Nami ["OP17-086">OP17-086] Destroyed
RZ1|156|2|OP17-086|2|1|6|8|1|1|0|0|0
RZ1|CHK|156|2|29|6|3|3|4|4|9|0|1|2
[] Hand: [OP15-074,OP12-063,OP12-063,OP15-077,OP15-074,OP15-077,OP15-118,OP15-074]
[] Board: [OP15-067,OP12-071,OP15-061,OP15-067]
[] Trash: [OP15-077,OP15-061,OP15-061,OP15-078,OP15-078]
[] Life: 3
[] Hand: [OP17-093,OP17-098,OP17-093,OP17-119,OP17-089,OP17-095]
[] Trash: [OP17-097,OP17-085,OP17-097,OP17-096,OP17-098,OP17-080,OP17-094,OP17-084,OP17-086]
[] Board: [OP17-080,OP17-081,OP17-089]
[] Life: 3
[You] End Turn
[] Hand: [OP17-093,OP17-098,OP17-093,OP17-119,OP17-089,OP17-095]
[] Board: [OP17-080,OP17-081,OP17-089]
[] Trash: [OP17-097,OP17-085,OP17-097,OP17-096,OP17-098,OP17-080,OP17-094,OP17-084,OP17-086]
[] Life: 3
[] Hand: [OP15-074,OP12-063,OP12-063,OP15-077,OP15-074,OP15-077,OP15-118,OP15-074]
[] Trash: [OP15-077,OP15-061,OP15-061,OP15-078,OP15-078]
[] Board: [OP15-067,OP12-071,OP15-061,OP15-067]
[] Life: 3
RZ1|157|2|Don|9|100|5|0|1|1|1|0|0
RZ1|CHK|157|2|29|6|3|3|4|5|9|0|1|1
RZ1|158|2|Don|9|100|5|0|1|1|1|0|0
RZ1|CHK|158|2|29|6|3|3|4|6|9|0|1|0
[Opponent] Draw 1 Card
[] Drew card from deck: Hajrudin ["OP17-088">OP17-088]
RZ1|159|2|OP17-088|0|28|1|6|1|1|0|0|0
RZ1|CHK|159|2|28|7|3|3|4|6|9|0|1|0
RZ1|160|2|Don|4|3|5|6|1|1|0|0|0
RZ1|CHK|160|2|28|7|3|3|3|7|9|0|1|0
RZ1|161|2|Don|4|2|5|7|1|1|0|0|0
RZ1|CHK|161|2|28|7|3|3|2|8|9|0|1|0
[Opponent] Draw 2 Don
RZ1|162|2|Don|5|0|5|0|1|1|1|0|0
RZ1|CHK|162|2|28|7|3|3|2|8|9|0|1|0
RZ1|163|2|Don|5|1|5|1|1|1|1|0|0
RZ1|CHK|163|2|28|7|3|3|2|8|9|0|1|0
RZ1|164|2|Don|5|2|5|2|1|1|1|0|0
RZ1|CHK|164|2|28|7|3|3|2|8|9|0|1|0
RZ1|165|2|Don|5|3|5|3|1|1|1|0|0
RZ1|CHK|165|2|28|7|3|3|2|8|9|0|1|0
RZ1|166|2|Don|5|4|5|4|1|1|1|0|0
RZ1|CHK|166|2|28|7|3|3|2|8|9|0|1|0
RZ1|167|2|Don|5|5|5|5|1|1|1|0|0
RZ1|CHK|167|2|28|7|3|3|2|8|9|0|1|0
RZ1|168|2|Don|5|6|5|6|1|1|1|0|0
RZ1|CHK|168|2|28|7|3|3|2|8|9|0|1|0
RZ1|169|2|Don|5|7|5|7|1|1|1|0|0
RZ1|CHK|169|2|28|7|3|3|2|8|9|0|1|0
[Opponent] Deploy Monkey D. Luffy ["OP17-093">OP17-093]
RZ1|170|2|OP17-093|1|0|2|3|1|1|0|0|0
RZ1|CHK|170|2|28|6|4|3|2|8|9|0|1|0
[] Drew card from deck: Dorry ["OP17-085">OP17-085]
RZ1|171|2|OP17-085|0|27|1|6|1|1|0|0|0
RZ1|CHK|171|2|27|7|4|3|2|8|9|0|1|0
[Opponent] Monkey D. Luffy ["OP17-093">OP17-093]: Draw 1 Card
[Opponent] Monkey D. Luffy ["OP17-093">OP17-093]: Deployed Usopp ["OP17-080">OP17-080] from Trash
RZ1|172|2|OP17-080|6|5|2|4|1|1|0|3000|0
RZ1|CHK|172|2|27|7|5|3|2|8|8|0|1|0
RZ1|173|2|OP17-089|0|24|1|7|1|1|0|0|0
RZ1|CHK|173|2|26|8|5|3|2|8|8|0|1|0
[Opponent] Usopp ["OP17-080">OP17-080]: <b>Reveal and Draw Jaguar D. Saul ["OP17-089">OP17-089]</b>
[Opponent] Usopp ["OP17-080">OP17-080]: Trash 2 Remaining Cards
RZ1|174|2|OP17-096|0|25|6|8|1|1|0|0|0
RZ1|CHK|174|2|25|8|5|3|2|8|9|0|1|0
RZ1|175|2|OP17-098|0|24|6|9|1|1|0|0|0
RZ1|CHK|175|2|24|8|5|3|2|8|10|0|1|0
[Opponent] Jaguar D. Saul ["OP17-089">OP17-089] attacking Enel ["OP15-058">OP15-058]
Jaguar D. Saul ["OP17-089">OP17-089][6000] vs Enel ["OP15-058">OP15-058][5000]
Enel ["OP15-058">OP15-058] hit for 1 damage
RZ1|176|1|OP15-076|3|2|1|8|1|1|0|0|0
RZ1|CHK|176|1|30|9|4|2|3|0|5|0|1|3
[Opponent] Usopp ["OP17-080">OP17-080] attacking Enel ["OP15-058">OP15-058]
Usopp ["OP17-080">OP17-080][5000] vs Enel ["OP15-058">OP15-058][5000]
Enel ["OP15-058">OP15-058] hit for 1 damage
RZ1|177|1|OP15-066|3|1|1|9|1|1|0|0|0
RZ1|CHK|177|1|30|10|4|1|3|0|5|0|1|3
[Opponent] Gerd ["OP17-081">OP17-081] attacking Shura ["OP15-067">OP15-067]
[You] Discard Vinsmoke Reiju ["OP12-063">OP12-063] for Counter 1000
RZ1|178|1|OP12-063|1|1|6|5|1|1|0|0|0
RZ1|CHK|178|1|30|9|4|1|3|0|6|0|1|3
[You] Discard Vinsmoke Reiju ["OP12-063">OP12-063] for Counter 1000
RZ1|179|1|OP12-063|1|1|6|6|1|1|0|0|0
RZ1|CHK|179|1|30|8|4|1|3|0|7|0|1|3
Gerd ["OP17-081">OP17-081][3000] vs Shura ["OP15-067">OP15-067][4000]
Attack Fails
[Opponent] Monkey D. Luffy ["OP17-079">OP17-079] attacking Shura ["OP15-067">OP15-067]
Monkey D. Luffy ["OP17-079">OP17-079][5000] vs Shura ["OP15-067">OP15-067][2000]
[You] Shura ["OP15-067">OP15-067] Destroyed
RZ1|180|1|OP15-067|2|0|6|7|1|1|0|0|0
RZ1|CHK|180|1|30|8|3|1|3|0|8|0|1|3
[] Hand: [OP17-098,OP17-093,OP17-119,OP17-089,OP17-095,OP17-088,OP17-085,OP17-089]
[] Board: [OP17-080,OP17-081,OP17-089,OP17-093,OP17-080]
[] Trash: [OP17-097,OP17-085,OP17-097,OP17-096,OP17-098,OP17-094,OP17-084,OP17-086,OP17-096,OP17-098]
[] Life: 3
[] Hand: [OP15-074,OP15-077,OP15-074,OP15-077,OP15-118,OP15-074,OP15-076,OP15-066]
[] Trash: [OP15-077,OP15-061,OP15-061,OP15-078,OP15-078,OP12-063,OP12-063,OP15-067]
[] Board: [OP12-071,OP15-061,OP15-067]
[] Life: 1
[Opponent] End Turn
[] Hand: [OP15-074,OP15-077,OP15-074,OP15-077,OP15-118,OP15-074,OP15-076,OP15-066]
[] Board: [OP12-071,OP15-061,OP15-067]
[] Trash: [OP15-077,OP15-061,OP15-061,OP15-078,OP15-078,OP12-063,OP12-063,OP15-067]
[] Life: 1
[] Hand: [OP17-098,OP17-093,OP17-119,OP17-089,OP17-095,OP17-088,OP17-085,OP17-089]
[] Trash: [OP17-097,OP17-085,OP17-097,OP17-096,OP17-098,OP17-094,OP17-084,OP17-086,OP17-096,OP17-098]
[] Board: [OP17-080,OP17-081,OP17-089,OP17-093,OP17-080]
[] Life: 3
RZ1|181|1|Don|9|9900|5|0|1|1|1|0|0
RZ1|CHK|181|1|30|8|3|1|3|1|8|0|1|2
RZ1|182|1|Don|9|9900|5|0|1|1|1|0|0
RZ1|CHK|182|1|30|8|3|1|3|2|8|0|1|1
RZ1|183|1|Don|9|100|5|0|1|1|1|0|0
RZ1|CHK|183|1|30|8|3|1|3|3|8|0|1|0
[You] Draw 1 Card
[] Drew card from deck: Satori ["OP15-066">OP15-066]
RZ1|184|1|OP15-066|0|29|1|8|1|1|0|0|0
RZ1|CHK|184|1|29|9|3|1|3|3|8|0|1|0
RZ1|185|1|Don|4|2|5|3|1|1|0|0|0
RZ1|CHK|185|1|29|9|3|1|2|4|8|0|1|0
RZ1|186|1|Don|4|1|5|4|1|1|0|0|0
RZ1|CHK|186|1|29|9|3|1|1|5|8|0|1|0
[You] Draw 2 Don
[You] Enel ["OP15-058">OP15-058] attacking Monkey D. Luffy ["OP17-079">OP17-079]
[Opponent] Discard Roronoa Zoro ["OP17-095">OP17-095] for Counter 2000
RZ1|187|2|OP17-095|1|4|6|10|1|1|0|0|0
RZ1|CHK|187|2|24|7|5|3|2|8|11|0|1|0
Enel ["OP15-058">OP15-058][5000] vs Monkey D. Luffy ["OP17-079">OP17-079][7000]
Attack Fails
RZ1|188|1|Don|5|0|9|0|1|1|0|0|0
RZ1|CHK|188|1|29|9|3|1|1|4|8|0|1|1
RZ1|189|1|Don|5|0|9|1|1|1|0|0|0
RZ1|CHK|189|1|29|9|3|1|1|3|8|0|1|2
RZ1|190|1|Don|5|0|9|2|1|1|0|0|0
RZ1|CHK|190|1|29|9|3|1|1|2|8|0|1|3
[You] Attach 3 Don to Charlotte Pudding ["OP12-071">OP12-071] (3 Total)
[You] Charlotte Pudding ["OP12-071">OP12-071] attacking Monkey D. Luffy ["OP17-079">OP17-079]
[Opponent] Discard Hajrudin ["OP17-088">OP17-088] for Counter 2000
RZ1|191|2|OP17-088|1|4|6|11|1|1|0|0|0
RZ1|CHK|191|2|24|6|5|3|2|8|12|0|1|0
Charlotte Pudding ["OP12-071">OP12-071][5000] vs Monkey D. Luffy ["OP17-079">OP17-079][7000]
Attack Fails
RZ1|192|1|Don|5|0|5|0|1|1|1|0|0
RZ1|CHK|192|1|29|9|3|1|1|2|8|0|1|3
[You] Deploy Satori ["OP15-066">OP15-066]
RZ1|193|1|OP15-066|1|7|2|3|1|1|0|0|0
RZ1|CHK|193|1|29|8|4|1|1|2|8|0|1|3
RZ1|194|1|Don|9|0|4|1|1|1|0|0|0
RZ1|CHK|194|1|29|8|4|1|2|2|8|0|1|2
[You] Satori ["OP15-066">OP15-066]: Minus 1 Don
[] Drew card from deck: Varie ["OP15-074">OP15-074]
RZ1|195|1|OP15-074|0|28|1|8|1|1|0|0|0
RZ1|CHK|195|1|28|9|4|1|2|2|8|0|1|2
[You] Satori ["OP15-066">OP15-066]: Draw 1 Card
RZ1|196|1|Don|5|1|9|100|1|1|0|0|0
RZ1|CHK|196|1|28|9|4|1|2|1|8|0|1|3
[You] Attach 1 Don to Ohm ["OP15-061">OP15-061] (1 Total)
[You] Ohm ["OP15-061">OP15-061] attacking Monkey D. Luffy ["OP17-079">OP17-079]
[You] Ohm ["OP15-061">OP15-061]: Buff Monkey D. Luffy ["OP17-093">OP17-093] -1000
Ohm ["OP15-061">OP15-061][3000] vs Monkey D. Luffy ["OP17-079">OP17-079][5000]
Attack Fails
RZ1|197|1|OP15-076|1|6|6|8|1|1|0|0|0
RZ1|CHK|197|1|28|8|4|1|2|1|9|0|1|3
[] Hand: [OP15-074,OP15-077,OP15-074,OP15-077,OP15-118,OP15-074,OP15-066,OP15-074]
[] Board: [OP12-071,OP15-061,OP15-067,OP15-066]
[] Trash: [OP15-077,OP15-061,OP15-061,OP15-078,OP15-078,OP12-063,OP12-063,OP15-067,OP15-076]
[] Life: 1
[] Hand: [OP17-098,OP17-093,OP17-119,OP17-089,OP17-085,OP17-089]
[] Trash: [OP17-097,OP17-085,OP17-097,OP17-096,OP17-098,OP17-094,OP17-084,OP17-086,OP17-096,OP17-098,OP17-095,OP17-088]
[] Board: [OP17-080,OP17-081,OP17-089,OP17-093,OP17-080]
[] Life: 3
[You] End Turn
[] Hand: [OP17-098,OP17-093,OP17-119,OP17-089,OP17-085,OP17-089]
[] Board: [OP17-080,OP17-081,OP17-089,OP17-093,OP17-080]
[] Trash: [OP17-097,OP17-085,OP17-097,OP17-096,OP17-098,OP17-094,OP17-084,OP17-086,OP17-096,OP17-098,OP17-095,OP17-088]
[] Life: 3
[] Hand: [OP15-074,OP15-077,OP15-074,OP15-077,OP15-118,OP15-074,OP15-066,OP15-074]
[] Trash: [OP15-077,OP15-061,OP15-061,OP15-078,OP15-078,OP12-063,OP12-063,OP15-067,OP15-076]
[] Board: [OP12-071,OP15-061,OP15-067,OP15-066]
[] Life: 1
[Opponent] Draw 1 Card
[] Drew card from deck: Loki ["OP17-119">OP17-119]
RZ1|198|2|OP17-119|0|23|1|6|1|1|0|0|0
RZ1|CHK|198|2|23|7|5|3|2|8|12|0|1|0
RZ1|199|2|Don|4|1|5|8|1|1|0|0|0
RZ1|CHK|199|2|23|7|5|3|1|9|12|0|1|0
RZ1|200|2|Don|4|0|5|9|1|1|0|0|0
RZ1|CHK|200|2|23|7|5|3|0|10|12|0|1|0
[Opponent] Draw 2 Don
RZ1|201|2|Don|5|0|5|0|1|1|1|0|0
RZ1|CHK|201|2|23|7|5|3|0|10|12|0|1|0
RZ1|202|2|Don|5|1|5|1|1|1|1|0|0
RZ1|CHK|202|2|23|7|5|3|0|10|12|0|1|0
RZ1|203|2|Don|5|2|5|2|1|1|1|0|0
RZ1|CHK|203|2|23|7|5|3|0|10|12|0|1|0
RZ1|204|2|Don|5|3|5|3|1|1|1|0|0
RZ1|CHK|204|2|23|7|5|3|0|10|12|0|1|0
RZ1|205|2|Don|5|4|5|4|1|1|1|0|0
RZ1|CHK|205|2|23|7|5|3|0|10|12|0|1|0
RZ1|206|2|Don|5|5|5|5|1|1|1|0|0
RZ1|CHK|206|2|23|7|5|3|0|10|12|0|1|0
RZ1|207|2|Don|5|6|5|6|1|1|1|0|0
RZ1|CHK|207|2|23|7|5|3|0|10|12|0|1|0
RZ1|208|2|Don|5|7|5|7|1|1|1|0|0
RZ1|CHK|208|2|23|7|5|3|0|10|12|0|1|0
[Opponent] Trash Gerd ["OP17-081">OP17-081]
[Opponent] Deploy Monkey D. Luffy ["OP17-093">OP17-093]
RZ1|209|2|OP17-081|2|1|6|12|1|1|0|0|0
RZ1|CHK|209|2|23|7|4|3|0|10|13|0|1|0
RZ1|210|2|OP17-093|1|1|2|4|1|1|0|0|0
RZ1|CHK|210|2|23|6|5|3|0|10|13|0|1|0
[] Drew card from deck: Gerd ["OP17-081">OP17-081]
RZ1|211|2|OP17-081|0|22|1|6|1|1|0|0|0
RZ1|CHK|211|2|22|7|5|3|0|10|13|0|1|0
[Opponent] Monkey D. Luffy ["OP17-093">OP17-093]: Draw 1 Card
RZ1|212|2|OP17-080|2|0|6|13|1|1|0|0|0
RZ1|CHK|212|2|22|7|4|3|0|10|14|0|1|0
[Opponent] Trash Usopp ["OP17-080">OP17-080]
[Opponent] Monkey D. Luffy ["OP17-093">OP17-093]: Deployed Roronoa Zoro ["OP17-095">OP17-095] from Trash
RZ1|213|2|OP17-095|6|10|2|4|1|1|0|3000|0
RZ1|CHK|213|2|22|7|5|3|0|10|13|0|1|0
[Opponent] Jaguar D. Saul ["OP17-089">OP17-089] attacking Enel ["OP15-058">OP15-058]
Jaguar D. Saul ["OP17-089">OP17-089][6000] vs Enel ["OP15-058">OP15-058][5000]
Enel ["OP15-058">OP15-058] hit for 1 damage
RZ1|214|1|OP15-075|3|0|1|8|1|1|0|0|0
RZ1|CHK|214|1|28|9|4|0|2|1|9|0|1|3
[Opponent] Monkey D. Luffy ["OP17-093">OP17-093] attacking Enel ["OP15-058">OP15-058]
Monkey D. Luffy ["OP17-093">OP17-093][8000] vs Enel ["OP15-058">OP15-058][5000]
Enel ["OP15-058">OP15-058] hit for 1 damage
[You] <b>Downloaded the Combat Log!</b>
RZ1|HDR|1.42c|2|RZ1
RZ1|PLY|1||OP15-058
RZ1|1|1|Don|9|0|5|0|1|1|1|0|0
RZ1|CHK|1|1|28|9|4|0|2|2|9|0|1|2
RZ1|2|1|Don|9|0|5|0|1|1|1|0|0
RZ1|CHK|2|1|28|9|4|0|2|3|9|0|1|1
RZ1|3|1|Don|9|100|5|0|1|1|1|0|0
RZ1|CHK|3|1|28|9|4|0|2|4|9|0|1|0