Version is 1.42c.22
[You] Leader is Enel ["OP15-058">OP15-058]
[Opponent] Leader is Monkey D. Luffy ["OP17-079">OP17-079]
RZ1|4|2|OP17-096|0|41|0|1|0|0|0|0|0
RZ1|CHK|4|2|50|0|0|0|10|0|0|0|1|0
RZ1|5|2|OP17-119|0|30|0|2|0|0|0|0|0
RZ1|CHK|5|2|50|0|0|0|10|0|0|0|1|0
RZ1|6|2|OP17-097|0|44|0|3|0|0|0|0|0
RZ1|CHK|6|2|50|0|0|0|10|0|0|0|1|0
RZ1|7|2|OP17-086|0|9|0|4|0|0|0|0|0
RZ1|CHK|7|2|50|0|0|0|10|0|0|0|1|0
RZ1|8|2|OP17-094|0|13|0|5|0|0|0|0|0
RZ1|CHK|8|2|50|0|0|0|10|0|0|0|1|0
RZ1|9|2|OP17-089|0|27|0|6|0|0|0|0|0
RZ1|CHK|9|2|50|0|0|0|10|0|0|0|1|0
RZ1|10|2|OP17-085|0|30|0|7|0|0|0|0|0
RZ1|CHK|10|2|50|0|0|0|10|0|0|0|1|0
RZ1|11|2|OP17-086|0|12|0|8|0|0|0|0|0
RZ1|CHK|11|2|50|0|0|0|10|0|0|0|1|0
RZ1|12|2|OP17-119|0|31|0|9|0|0|0|0|0
RZ1|CHK|12|2|50|0|0|0|10|0|0|0|1|0
RZ1|13|2|OP17-080|0|18|0|10|0|0|0|0|0
RZ1|CHK|13|2|50|0|0|0|10|0|0|0|1|0
RZ1|14|2|OP17-096|0|42|0|11|0|0|0|0|0
RZ1|CHK|14|2|50|0|0|0|10|0|0|0|1|0
RZ1|15|2|OP17-081|0|23|0|12|0|0|0|0|0
RZ1|CHK|15|2|50|0|0|0|10|0|0|0|1|0
RZ1|16|2|OP17-093|0|38|0|13|0|0|0|0|0
RZ1|CHK|16|2|50|0|0|0|10|0|0|0|1|0
RZ1|17|2|OP17-084|0|15|0|14|0|0|0|0|0
RZ1|CHK|17|2|50|0|0|0|10|0|0|0|1|0
RZ1|18|2|OP17-095|0|29|0|15|0|0|0|0|0
RZ1|CHK|18|2|50|0|0|0|10|0|0|0|1|0
RZ1|19|2|OP17-080|0|23|0|16|0|0|0|0|0
RZ1|CHK|19|2|50|0|0|0|10|0|0|0|1|0
RZ1|20|2|OP17-096|0|42|0|17|0|0|0|0|0
RZ1|CHK|20|2|50|0|0|0|10|0|0|0|1|0
RZ1|21|2|OP17-088|0|38|0|18|0|0|0|0|0
RZ1|CHK|21|2|50|0|0|0|10|0|0|0|1|0
RZ1|22|2|OP17-094|0|25|0|19|0|0|0|0|0
RZ1|CHK|22|2|50|0|0|0|10|0|0|0|1|0
RZ1|23|2|OP17-081|0|30|0|20|0|0|0|0|0
RZ1|CHK|23|2|50|0|0|0|10|0|0|0|1|0
RZ1|24|2|OP17-091|0|31|0|21|0|0|0|0|0
RZ1|CHK|24|2|50|0|0|0|10|0|0|0|1|0
RZ1|25|2|OP17-094|0|26|0|22|0|0|0|0|0
RZ1|CHK|25|2|50|0|0|0|10|0|0|0|1|0
RZ1|26|2|OP17-080|0|29|0|23|0|0|0|0|0
RZ1|CHK|26|2|50|0|0|0|10|0|0|0|1|0
RZ1|27|2|OP17-097|0|44|0|24|0|0|0|0|0
RZ1|CHK|27|2|50|0|0|0|10|0|0|0|1|0
RZ1|28|2|OP17-086|0|27|0|25|0|0|0|0|0
RZ1|CHK|28|2|50|0|0|0|10|0|0|0|1|0
RZ1|29|2|OP17-098|0|46|0|26|0|0|0|0|0
RZ1|CHK|29|2|50|0|0|0|10|0|0|0|1|0
RZ1|30|2|OP17-096|0|44|0|27|0|0|0|0|0
RZ1|CHK|30|2|50|0|0|0|10|0|0|0|1|0
RZ1|31|2|OP17-094|0|31|0|28|0|0|0|0|0
RZ1|CHK|31|2|50|0|0|0|10|0|0|0|1|0
RZ1|32|2|OP17-088|0|41|0|29|0|0|0|0|0
RZ1|CHK|32|2|50|0|0|0|10|0|0|0|1|0
RZ1|33|2|OP17-089|0|38|0|30|0|0|0|0|0
RZ1|CHK|33|2|50|0|0|0|10|0|0|0|1|0
RZ1|34|2|OP17-098|0|47|0|31|0|0|0|0|0
RZ1|CHK|34|2|50|0|0|0|10|0|0|0|1|0
RZ1|35|2|OP17-093|0|45|0|32|0|0|0|0|0
RZ1|CHK|35|2|50|0|0|0|10|0|0|0|1|0
RZ1|36|2|OP17-086|0|35|0|33|0|0|0|0|0
RZ1|CHK|36|2|50|0|0|0|10|0|0|0|1|0
RZ1|37|2|OP17-093|0|45|0|34|0|0|0|0|0
RZ1|CHK|37|2|50|0|0|0|10|0|0|0|1|0
RZ1|38|2|OP17-085|0|42|0|35|0|0|0|0|0
RZ1|CHK|38|2|50|0|0|0|10|0|0|0|1|0
RZ1|39|2|OP17-093|0|45|0|36|0|0|0|0|0
RZ1|CHK|39|2|50|0|0|0|10|0|0|0|1|0
RZ1|40|2|OP17-098|0|48|0|37|0|0|0|0|0
RZ1|CHK|40|2|50|0|0|0|10|0|0|0|1|0
RZ1|41|2|OP17-081|0|41|0|38|0|0|0|0|0
RZ1|CHK|41|2|50|0|0|0|10|0|0|0|1|0
RZ1|42|2|OP17-089|0|43|0|39|0|0|0|0|0
RZ1|CHK|42|2|50|0|0|0|10|0|0|0|1|0
RZ1|43|2|OP17-081|0|43|0|40|0|0|0|0|0
RZ1|CHK|43|2|50|0|0|0|10|0|0|0|1|0
RZ1|44|2|OP17-098|0|49|0|41|0|0|0|0|0
RZ1|CHK|44|2|50|0|0|0|10|0|0|0|1|0
RZ1|45|2|OP17-119|0|47|0|42|0|0|0|0|0
RZ1|CHK|45|2|50|0|0|0|10|0|0|0|1|0
RZ1|46|2|OP17-089|0|46|0|43|0|0|0|0|0
RZ1|CHK|46|2|50|0|0|0|10|0|0|0|1|0
RZ1|47|2|OP17-097|0|48|0|44|0|0|0|0|0
RZ1|CHK|47|2|50|0|0|0|10|0|0|0|1|0
RZ1|48|2|OP17-084|0|46|0|45|0|0|0|0|0
RZ1|CHK|48|2|50|0|0|0|10|0|0|0|1|0
RZ1|49|2|OP17-119|0|48|0|46|0|0|0|0|0
RZ1|CHK|49|2|50|0|0|0|10|0|0|0|1|0
RZ1|50|2|OP17-080|0|48|0|47|0|0|0|0|0
RZ1|CHK|50|2|50|0|0|0|10|0|0|0|1|0
RZ1|51|2|OP17-097|0|49|0|48|0|0|0|0|0
RZ1|CHK|51|2|50|0|0|0|10|0|0|0|1|0
[] Drew card from deck: Shura ["OP15-067">OP15-067]
RZ1|52|1|OP15-067|0|49|1|0|1|1|0|0|0
RZ1|CHK|52|1|49|1|0|0|6|0|0|0|1|0
[] Drew card from deck: Shura ["OP15-067">OP15-067]
RZ1|53|1|OP15-067|0|48|1|1|1|1|0|0|0
RZ1|CHK|53|1|48|2|0|0|6|0|0|0|1|0
[] Drew card from deck: El Thor ["OP15-075">OP15-075]
RZ1|54|1|OP15-075|0|47|1|2|1|1|0|0|0
RZ1|CHK|54|1|47|3|0|0|6|0|0|0|1|0
[] Drew card from deck: Enel ["OP15-118">OP15-118]
RZ1|55|1|OP15-118|0|46|1|3|1|1|0|0|0
RZ1|CHK|55|1|46|4|0|0|6|0|0|0|1|0
[] Drew card from deck: Lightning Dragon ["OP15-077">OP15-077]
RZ1|56|1|OP15-077|0|45|1|4|1|1|0|0|0
RZ1|CHK|56|1|45|5|0|0|6|0|0|0|1|0
[] Drew card from deck: Tony Tony Chopper ["OP17-084">OP17-084]
RZ1|57|2|OP17-084|0|49|1|0|1|1|0|0|0
RZ1|CHK|57|2|49|1|0|0|10|0|0|0|1|0
[] Drew card from deck: Instead I'll Feed on this Rage! ["OP17-097">OP17-097]
RZ1|58|2|OP17-097|0|48|1|1|1|1|0|0|0
RZ1|CHK|58|2|48|2|0|0|10|0|0|0|1|0
[] Drew card from deck: Usopp ["OP17-080">OP17-080]
RZ1|59|2|OP17-080|0|47|1|2|1|1|0|0|0
RZ1|CHK|59|2|47|3|0|0|10|0|0|0|1|0
[] Drew card from deck: Loki ["OP17-119">OP17-119]
RZ1|60|2|OP17-119|0|46|1|3|1|1|0|0|0
RZ1|CHK|60|2|46|4|0|0|10|0|0|0|1|0
[] Drew card from deck: Tony Tony Chopper ["OP17-084">OP17-084]
RZ1|61|2|OP17-084|0|45|1|4|1|1|0|0|0
RZ1|CHK|61|2|45|5|0|0|10|0|0|0|1|0
RZ1|62|1|OP15-075|0|44|3|0|1|0|0|0|0
RZ1|CHK|62|1|44|5|0|1|6|0|0|0|1|0
RZ1|63|1|OP15-118|0|43|3|1|1|0|0|0|0
RZ1|CHK|63|1|43|5|0|2|6|0|0|0|1|0
RZ1|64|1|OP15-118|0|42|3|2|1|0|0|0|0
RZ1|CHK|64|1|42|5|0|3|6|0|0|0|1|0
RZ1|65|1|OP15-067|0|41|3|3|1|0|0|0|0
RZ1|CHK|65|1|41|5|0|4|6|0|0|0|1|0
RZ1|66|1|OP15-078|0|40|3|4|1|0|0|0|0
RZ1|CHK|66|1|40|5|0|5|6|0|0|0|1|0
RZ1|67|2|OP17-097|0|44|3|0|0|1|0|0|0
RZ1|CHK|67|2|44|5|0|1|10|0|0|0|1|0
RZ1|68|2|OP17-089|0|43|3|1|0|1|0|0|0
RZ1|CHK|68|2|43|5|0|2|10|0|0|0|1|0
RZ1|69|2|OP17-119|0|42|3|2|0|1|0|0|0
RZ1|CHK|69|2|42|5|0|3|10|0|0|0|1|0
RZ1|70|2|OP17-098|0|41|3|3|0|1|0|0|0
RZ1|CHK|70|2|41|5|0|4|10|0|0|0|1|0
RZ1|71|2|OP17-081|0|40|3|4|0|1|0|0|0
RZ1|CHK|71|2|40|5|0|5|10|0|0|0|1|0
[] Hand: [OP15-067,OP15-067,OP15-075,OP15-118,OP15-077]
[] Board: []
[] Trash: []
[] Life: 5
[] Hand: [OP17-084,OP17-097,OP17-080,OP17-119,OP17-084]
[] Trash: []
[] Board: []
[] Life: 5
RZ1|72|1|Don|4|5|5|0|1|1|0|0|0
RZ1|CHK|72|1|40|5|0|5|5|1|0|0|1|0
[You] Draw 1 Don
RZ1|73|1|Don|5|0|5|0|1|1|1|0|0
RZ1|CHK|73|1|40|5|0|5|5|1|0|0|1|0
[You] Deploy Shura ["OP15-067">OP15-067]
RZ1|74|1|OP15-067|1|0|2|0|1|1|0|0|0
RZ1|CHK|74|1|40|4|1|5|5|1|0|0|1|0
RZ1|75|1|Don|5|0|4|5|1|1|0|0|0
RZ1|CHK|75|1|40|4|1|5|6|0|0|0|1|0
[You] Shura ["OP15-067">OP15-067]: Minus 1 Don
[] Drew card from deck: Satori ["OP15-066">OP15-066]
RZ1|76|1|OP15-066|0|39|1|4|1|1|0|0|0
RZ1|CHK|76|1|39|5|1|5|6|0|0|0|1|0
[You] Shura ["OP15-067">OP15-067]: Draw 1 Card
[] Hand: [OP15-067,OP15-075,OP15-118,OP15-077,OP15-066]
[] Board: [OP15-067]
[] Trash: []
[] Life: 5
[] Hand: [OP17-084,OP17-097,OP17-080,OP17-119,OP17-084]
[] Trash: []
[] Board: []
[] Life: 5
[You] End Turn
[] Hand: [OP17-084,OP17-097,OP17-080,OP17-119,OP17-084]
[] Board: []
[] Trash: []
[] Life: 5
[] Hand: [OP15-067,OP15-075,OP15-118,OP15-077,OP15-066]
[] Trash: []
[] Board: [OP15-067]
[] Life: 5
[Opponent] Draw 1 Card
[] Drew card from deck: Jaguar D. Saul ["OP17-089">OP17-089]
RZ1|77|2|OP17-089|0|39|1|5|1|1|0|0|0
RZ1|CHK|77|2|39|6|0|5|10|0|0|0|1|0
RZ1|78|2|Don|4|9|5|0|1|1|0|0|0
RZ1|CHK|78|2|39|6|0|5|9|1|0|0|1|0
RZ1|79|2|Don|4|8|5|1|1|1|0|0|0
RZ1|CHK|79|2|39|6|0|5|8|2|0|0|1|0
[Opponent] Draw 2 Don
RZ1|80|2|Don|5|0|5|0|1|1|1|0|0
RZ1|CHK|80|2|39|6|0|5|8|2|0|0|1|0
RZ1|81|2|Don|5|1|5|1|1|1|1|0|0
RZ1|CHK|81|2|39|6|0|5|8|2|0|0|1|0
[Opponent] Deploy Usopp ["OP17-080">OP17-080]
RZ1|82|2|OP17-080|1|2|2|0|1|1|0|0|0
RZ1|CHK|82|2|39|5|1|5|8|2|0|0|1|0
RZ1|83|2|OP17-081|0|38|1|5|1|1|0|0|0
RZ1|CHK|83|2|38|6|1|5|8|2|0|0|1|0
[Opponent] Usopp ["OP17-080">OP17-080]: <b>Reveal and Draw Gerd ["OP17-081">OP17-081]</b>
[Opponent] Usopp ["OP17-080">OP17-080]: Trash 2 Remaining Cards
RZ1|84|2|OP17-098|0|37|6|0|1|1|0|0|0
RZ1|CHK|84|2|37|6|1|5|8|2|1|0|1|0
RZ1|85|2|OP17-093|0|36|6|1|1|1|0|0|0
RZ1|CHK|85|2|36|6|1|5|8|2|2|0|1|0
[] Hand: [OP17-084,OP17-097,OP17-119,OP17-084,OP17-089,OP17-081]
[] Board: [OP17-080]
[] Trash: [OP17-098,OP17-093]
[] Life: 5
[] Hand: [OP15-067,OP15-075,OP15-118,OP15-077,OP15-066]
[] Trash: []
[] Board: [OP15-067]
[] Life: 5
[Opponent] End Turn
[] Hand: [OP15-067,OP15-075,OP15-118,OP15-077,OP15-066]
[] Board: [OP15-067]
[] Trash: []
[] Life: 5
[] Hand: [OP17-084,OP17-097,OP17-119,OP17-084,OP17-089,OP17-081]
[] Trash: [OP17-098,OP17-093]
[] Board: [OP17-080]
[] Life: 5
[You] Draw 1 Card
[] Drew card from deck: Charlotte Pudding ["OP12-071">OP12-071]
RZ1|86|1|OP12-071|0|38|1|5|1|1|0|0|0
RZ1|CHK|86|1|38|6|1|5|6|0|0|0|1|0
RZ1|87|1|Don|4|5|5|0|1|1|0|0|0
RZ1|CHK|87|1|38|6|1|5|5|1|0|0|1|0
RZ1|88|1|Don|4|4|5|1|1|1|0|0|0
RZ1|CHK|88|1|38|6|1|5|4|2|0|0|1|0
[You] Draw 2 Don
[You] Enel ["OP15-058">OP15-058] attacking Monkey D. Luffy ["OP17-079">OP17-079]
Enel ["OP15-058">OP15-058][5000] vs Monkey D. Luffy ["OP17-079">OP17-079][5000]
Monkey D. Luffy ["OP17-079">OP17-079] hit for 1 damage
RZ1|89|2|OP17-081|3|4|1|6|1|1|0|0|0
RZ1|CHK|89|2|36|7|1|4|8|2|2|0|1|0
RZ1|90|1|Don|5|0|5|0|1|1|1|0|0
RZ1|CHK|90|1|38|6|1|5|4|2|0|0|1|0
[You] Deploy Charlotte Pudding ["OP12-071">OP12-071]
RZ1|91|1|OP12-071|1|5|2|1|1|1|0|0|0
RZ1|CHK|91|1|38|5|2|5|4|2|0|0|1|0
RZ1|92|1|OP15-075|0|36|1|5|1|1|0|0|0
RZ1|CHK|92|1|37|6|2|5|4|2|0|0|1|0
[You] Charlotte Pudding ["OP12-071">OP12-071]: <b>Reveal and Draw El Thor ["OP15-075">OP15-075]</b>
[You] Placing Cards on Bottom of Deck
RZ1|93|1|OP12-063|0|36|0|0|0|0|0|0|0
RZ1|CHK|93|1|37|6|2|5|4|2|0|0|1|0
RZ1|94|1|OP15-061|0|36|0|0|0|0|0|0|0
RZ1|CHK|94|1|37|6|2|5|4|2|0|0|1|0
RZ1|95|1|OP15-067|0|36|0|0|0|0|0|0|0
RZ1|CHK|95|1|37|6|2|5|4|2|0|0|1|0
RZ1|96|1|Don|5|1|5|1|1|1|1|0|0
RZ1|CHK|96|1|37|6|2|5|4|2|0|0|1|0
[You] Deploy Satori ["OP15-066">OP15-066]
RZ1|97|1|OP15-066|1|4|2|2|1|1|0|0|0
RZ1|CHK|97|1|37|5|3|5|4|2|0|0|1|0
RZ1|98|1|Don|5|0|4|4|1|1|0|0|0
RZ1|CHK|98|1|37|5|3|5|5|1|0|0|1|0
[You] Satori ["OP15-066">OP15-066]: Minus 1 Don
[] Drew card from deck: Ohm ["OP15-061">OP15-061]
RZ1|99|1|OP15-061|0|36|1|5|1|1|0|0|0
RZ1|CHK|99|1|36|6|3|5|5|1|0|0|1|0
[You] Satori ["OP15-066">OP15-066]: Draw 1 Card
RZ1|100|1|OP15-075|1|1|6|0|1|1|0|0|0
RZ1|CHK|100|1|36|5|3|5|5|1|1|0|1|0
RZ1|101|1|Don|5|0|4|5|1|1|0|0|0
RZ1|CHK|101|1|36|5|3|5|6|0|1|0|1|0
[You] El Thor ["OP15-075">OP15-075]: Minus 1 Don
[You] El Thor ["OP15-075">OP15-075]: Buff Enel ["OP15-058">OP15-058] 1000
[You] El Thor ["OP15-075">OP15-075]: Destroy Usopp ["OP17-080">OP17-080]
RZ1|102|2|OP17-080|2|0|6|2|1|1|0|0|0
RZ1|CHK|102|2|36|7|0|4|8|2|3|0|1|0
[] Hand: [OP15-067,OP15-118,OP15-077,OP15-075,OP15-061]
[] Board: [OP15-067,OP12-071,OP15-066]
[] Trash: [OP15-075]
[] Life: 5
[] Hand: [OP17-084,OP17-097,OP17-119,OP17-084,OP17-089,OP17-081,OP17-081]
[] Trash: [OP17-098,OP17-093,OP17-080]
[] Board: []
[] Life: 4
[You] End Turn
[] Hand: [OP17-084,OP17-097,OP17-119,OP17-084,OP17-089,OP17-081,OP17-081]
[] Board: []
[] Trash: [OP17-098,OP17-093,OP17-080]
[] Life: 4
[] Hand: [OP15-067,OP15-118,OP15-077,OP15-075,OP15-061]
[] Trash: [OP15-075]
[] Board: [OP15-067,OP12-071,OP15-066]
[] Life: 5
[Opponent] Draw 1 Card
[] Drew card from deck: Dorry ["OP17-085">OP17-085]
RZ1|103|2|OP17-085|0|35|1|7|1|1|0|0|0
RZ1|CHK|103|2|35|8|0|4|8|2|3|0|1|0
RZ1|104|2|Don|4|7|5|2|1|1|0|0|0
RZ1|CHK|104|2|35|8|0|4|7|3|3|0|1|0
RZ1|105|2|Don|4|6|5|3|1|1|0|0|0
RZ1|CHK|105|2|35|8|0|4|6|4|3|0|1|0
[Opponent] Draw 2 Don
RZ1|106|2|Don|5|0|5|0|1|1|1|0|0
RZ1|CHK|106|2|35|8|0|4|6|4|3|0|1|0
RZ1|107|2|Don|5|1|5|1|1|1|1|0|0
RZ1|CHK|107|2|35|8|0|4|6|4|3|0|1|0
RZ1|108|2|Don|5|2|5|2|1|1|1|0|0
RZ1|CHK|108|2|35|8|0|4|6|4|3|0|1|0
RZ1|109|2|Don|5|3|5|3|1|1|1|0|0
RZ1|CHK|109|2|35|8|0|4|6|4|3|0|1|0
[Opponent] Deploy Jaguar D. Saul ["OP17-089">OP17-089]
RZ1|110|2|OP17-089|1|4|2|0|1|1|0|0|12
RZ1|CHK|110|2|35|7|1|4|6|4|3|0|1|0
RZ1|111|2|OP17-086|0|33|1|7|1|1|0|0|0
RZ1|CHK|111|2|34|8|1|4|6|4|3|0|1|0
[Opponent] Jaguar D. Saul ["OP17-089">OP17-089]: <b>Reveal and Draw Nami ["OP17-086">OP17-086]</b>
[Opponent] Jaguar D. Saul ["OP17-089">OP17-089]: Trash 2 Remaining Cards
RZ1|112|2|OP17-093|0|33|6|3|1|1|0|0|0
RZ1|CHK|112|2|33|8|1|4|6|4|4|0|1|0
RZ1|113|2|OP17-093|0|32|6|4|1|1|0|0|0
RZ1|CHK|113|2|32|8|1|4|6|4|5|0|1|0
[Opponent] Monkey D. Luffy ["OP17-079">OP17-079] attacking Enel ["OP15-058">OP15-058]
Monkey D. Luffy ["OP17-079">OP17-079][5000] vs Enel ["OP15-058">OP15-058][5000]
Enel ["OP15-058">OP15-058] hit for 1 damage
RZ1|114|1|OP15-078|3|4|1|5|1|1|0|0|0
RZ1|CHK|114|1|36|6|3|4|6|0|1|0|1|0
[] Hand: [OP17-084,OP17-097,OP17-119,OP17-084,OP17-081,OP17-081,OP17-085,OP17-086]
[] Board: [OP17-089]
[] Trash: [OP17-098,OP17-093,OP17-080,OP17-093,OP17-093]
[] Life: 4
[] Hand: [OP15-067,OP15-118,OP15-077,OP15-075,OP15-061,OP15-078]
[] Trash: [OP15-075]
[] Board: [OP15-067,OP12-071,OP15-066]
[] Life: 4
[Opponent] End Turn
[] Hand: [OP15-067,OP15-118,OP15-077,OP15-075,OP15-061,OP15-078]
[] Board: [OP15-067,OP12-071,OP15-066]
[] Trash: [OP15-075]
[] Life: 4
[] Hand: [OP17-084,OP17-097,OP17-119,OP17-084,OP17-081,OP17-081,OP17-085,OP17-086]
[] Trash: [OP17-098,OP17-093,OP17-080,OP17-093,OP17-093]
[] Board: [OP17-089]
[] Life: 4
[You] Draw 1 Card
[] Drew card from deck: Varie ["OP15-074">OP15-074]
RZ1|115|1|OP15-074|0|35|1|6|1|1|0|0|0
RZ1|CHK|115|1|35|7|3|4|6|0|1|0|1|0
RZ1|116|1|Don|4|5|5|0|1|1|0|0|0
RZ1|CHK|116|1|35|7|3|4|5|1|1|0|1|0
RZ1|117|1|Don|4|4|5|1|1|1|0|0|0
RZ1|CHK|117|1|35|7|3|4|4|2|1|0|1|0
[You] Draw 2 Don
[You] Enel ["OP15-058">OP15-058] attacking Monkey D. Luffy ["OP17-079">OP17-079]
[Opponent] Discard Tony Tony Chopper ["OP17-084">OP17-084] for Counter 2000
RZ1|118|2|OP17-084|1|0|6|5|1|1|0|0|0
RZ1|CHK|118|2|32|7|1|4|6|4|6|0|1|0
Enel ["OP15-058">OP15-058][5000] vs Monkey D. Luffy ["OP17-079">OP17-079][7000]
Attack Fails
RZ1|119|1|Don|5|0|5|0|1|1|1|0|0
RZ1|CHK|119|1|35|7|3|4|4|2|1|0|1|0
[You] Deploy Ohm ["OP15-061">OP15-061]
RZ1|120|1|OP15-061|1|4|2|3|1|1|0|0|0
RZ1|CHK|120|1|35|6|4|4|4|2|1|0|1|0
RZ1|121|1|Don|5|0|4|4|1|1|0|0|0
RZ1|CHK|121|1|35|6|4|4|5|1|1|0|1|0
[You] Ohm ["OP15-061">OP15-061]: Minus 1 Don
[] Drew card from deck: El Thor ["OP15-075">OP15-075]
RZ1|122|1|OP15-075|0|34|1|6|1|1|0|0|0
RZ1|CHK|122|1|34|7|4|4|5|1|1|0|1|0
[You] Ohm ["OP15-061">OP15-061]: Draw 1 Card
RZ1|123|1|Don|5|0|9|200|1|1|0|0|0
RZ1|CHK|123|1|34|7|4|4|5|0|1|0|1|1
[You] Attach 1 Don to Satori ["OP15-066">OP15-066] (1 Total)
[You] Satori ["OP15-066">OP15-066] attacking Monkey D. Luffy ["OP17-079">OP17-079]
[You] Placing Cards on Bottom of Deck
RZ1|124|1|OP15-074|0|33|0|0|0|0|0|0|0
RZ1|CHK|124|1|34|7|4|4|5|0|1|0|1|1
RZ1|125|1|OP12-071|0|33|0|0|0|0|0|0|0
RZ1|CHK|125|1|34|7|4|4|5|0|1|0|1|1
Satori ["OP15-066">OP15-066][3000] vs Monkey D. Luffy ["OP17-079">OP17-079][5000]
Attack Fails
[] Hand: [OP15-067,OP15-118,OP15-077,OP15-075,OP15-078,OP15-074,OP15-075]
[] Board: [OP15-067,OP12-071,OP15-066,OP15-061]
[] Trash: [OP15-075]
[] Life: 4
[] Hand: [OP17-097,OP17-119,OP17-084,OP17-081,OP17-081,OP17-085,OP17-086]
[] Trash: [OP17-098,OP17-093,OP17-080,OP17-093,OP17-093,OP17-084]
[] Board: [OP17-089]
[] Life: 4
[You] End Turn
[] Hand: [OP17-097,OP17-119,OP17-084,OP17-081,OP17-081,OP17-085,OP17-086]
[] Board: [OP17-089]
[] Trash: [OP17-098,OP17-093,OP17-080,OP17-093,OP17-093,OP17-084]
[] Life: 4
[] Hand: [OP15-067,OP15-118,OP15-077,OP15-075,OP15-078,OP15-074,OP15-075]
[] Trash: [OP15-075]
[] Board: [OP15-067,OP12-071,OP15-066,OP15-061]
[] Life: 4
[Opponent] Draw 1 Card
[] Drew card from deck: Gum-Gum Kong Pistol ["OP17-098">OP17-098]
RZ1|126|2|OP17-098|0|31|1|7|1|1|0|0|0
RZ1|CHK|126|2|31|8|1|4|6|4|6|0|1|0
RZ1|127|2|Don|4|5|5|4|1|1|0|0|0
RZ1|CHK|127|2|31|8|1|4|5|5|6|0|1|0
RZ1|128|2|Don|4|4|5|5|1|1|0|0|0
RZ1|CHK|128|2|31|8|1|4|4|6|6|0|1|0
[Opponent] Draw 2 Don
RZ1|129|2|Don|5|0|5|0|1|1|1|0|0
RZ1|CHK|129|2|31|8|1|4|4|6|6|0|1|0
RZ1|130|2|Don|5|1|5|1|1|1|1|0|0
RZ1|CHK|130|2|31|8|1|4|4|6|6|0|1|0
[Opponent] Deploy Gerd ["OP17-081">OP17-081]
RZ1|131|2|OP17-081|1|3|2|1|1|1|0|0|12
RZ1|CHK|131|2|31|7|2|4|4|6|6|0|1|0
RZ1|132|2|OP17-085|1|4|6|6|1|1|0|0|0
RZ1|CHK|132|2|31|6|2|4|4|6|7|0|1|0
[Opponent] Gerd ["OP17-081">OP17-081]: Trash Dorry ["OP17-085">OP17-085]
[Opponent] <b>Draw Usopp ["OP17-080">OP17-080] from Trash</b>
RZ1|133|2|OP17-080|6|2|1|6|1|1|0|0|0
RZ1|CHK|133|2|31|7|2|4|4|6|6|0|1|0
RZ1|134|2|Don|5|2|9|9900|1|1|0|0|0
RZ1|CHK|134|2|31|7|2|4|4|5|6|0|1|1
RZ1|135|2|Don|5|2|9|9901|1|1|0|0|0
RZ1|CHK|135|2|31|7|2|4|4|4|6|0|1|2
[Opponent] Attach 2 Don to Monkey D. Luffy ["OP17-079">OP17-079] (2 Total)
RZ1|136|2|Don|5|2|9|9902|1|1|0|0|0
RZ1|CHK|136|2|31|7|2|4|4|3|6|0|1|3
RZ1|137|2|Don|5|2|9|9903|1|1|0|0|0
RZ1|CHK|137|2|31|7|2|4|4|2|6|0|1|4
[Opponent] Attach 2 Don to Monkey D. Luffy ["OP17-079">OP17-079] (4 Total)
[Opponent] Monkey D. Luffy ["OP17-079">OP17-079] attacking Enel ["OP15-058">OP15-058]
Monkey D. Luffy ["OP17-079">OP17-079][9000] vs Enel ["OP15-058">OP15-058][5000]
Enel ["OP15-058">OP15-058] hit for 1 damage
RZ1|138|1|OP15-067|3|3|1|7|1|1|0|0|0
RZ1|CHK|138|1|34|8|4|3|5|0|1|0|1|1
[Opponent] Jaguar D. Saul ["OP17-089">OP17-089] attacking Satori ["OP15-066">OP15-066]
Jaguar D. Saul ["OP17-089">OP17-089][6000] vs Satori ["OP15-066">OP15-066][2000]
[You] Satori ["OP15-066">OP15-066] Destroyed
RZ1|139|1|Don|9|200|5|0|1|1|1|0|0
RZ1|CHK|139|1|34|8|4|3|5|1|1|0|1|0
RZ1|140|1|OP15-066|2|2|6|1|1|1|0|0|0
RZ1|CHK|140|1|34|8|3|3|5|1|2|0|1|0
[] Hand: [OP17-097,OP17-119,OP17-084,OP17-081,OP17-086,OP17-098,OP17-080]
[] Board: [OP17-089,OP17-081]
[] Trash: [OP17-098,OP17-093,OP17-093,OP17-093,OP17-084,OP17-085]
[] Life: 4
[] Hand: [OP15-067,OP15-118,OP15-077,OP15-075,OP15-078,OP15-074,OP15-075,OP15-067]
[] Trash: [OP15-075,OP15-066]
[] Board: [OP15-067,OP12-071,OP15-061]
[] Life: 3
[Opponent] End Turn
[] Hand: [OP15-067,OP15-118,OP15-077,OP15-075,OP15-078,OP15-074,OP15-075,OP15-067]
[] Board: [OP15-067,OP12-071,OP15-061]
[] Trash: [OP15-075,OP15-066]
[] Life: 3
[] Hand: [OP17-097,OP17-119,OP17-084,OP17-081,OP17-086,OP17-098,OP17-080]
[] Trash: [OP17-098,OP17-093,OP17-093,OP17-093,OP17-084,OP17-085]
[] Board: [OP17-089,OP17-081]
[] Life: 4
[You] Draw 1 Card
[] Drew card from deck: Ohm ["OP15-061">OP15-061]
RZ1|141|1|OP15-061|0|33|1|8|1|1|0|0|0
RZ1|CHK|141|1|33|9|3|3|5|1|2|0|1|0
RZ1|142|1|Don|4|4|5|1|1|1|0|0|0
RZ1|CHK|142|1|33|9|3|3|4|2|2|0|1|0
RZ1|143|1|Don|4|3|5|2|1|1|0|0|0
RZ1|CHK|143|1|33|9|3|3|3|3|2|0|1|0
[You] Draw 2 Don
[You] Enel ["OP15-058">OP15-058] attacking Monkey D. Luffy ["OP17-079">OP17-079]
Enel ["OP15-058">OP15-058][5000] vs Monkey D. Luffy ["OP17-079">OP17-079][5000]
Monkey D. Luffy ["OP17-079">OP17-079] hit for 1 damage
RZ1|144|2|OP17-098|3|3|1|7|1|1|0|0|0
RZ1|CHK|144|2|31|8|2|3|4|2|6|0|1|4
RZ1|145|1|OP15-075|1|3|6|2|1|1|0|0|0
RZ1|CHK|145|1|33|8|3|3|3|3|3|0|1|0
RZ1|146|1|Don|5|0|4|3|1|1|0|0|0
RZ1|CHK|146|1|33|8|3|3|4|2|3|0|1|0
[You] El Thor ["OP15-075">OP15-075]: Minus 1 Don
[You] El Thor ["OP15-075">OP15-075]: Buff Shura ["OP15-067">OP15-067] 1000
[You] El Thor ["OP15-075">OP15-075]: Destroy Gerd ["OP17-081">OP17-081]
RZ1|147|2|OP17-081|2|1|6|6|1|1|0|0|0
RZ1|CHK|147|2|31|8|1|3|4|2|7|0|1|4
RZ1|148|1|Don|5|0|9|0|1|1|0|0|0
RZ1|CHK|148|1|33|8|3|3|4|1|3|0|1|1
RZ1|149|1|Don|5|0|9|1|1|1|0|0|0
RZ1|CHK|149|1|33|8|3|3|4|0|3|0|1|2
[You] Attach 2 Don to Shura ["OP15-067">OP15-067] (2 Total)
[You] Shura ["OP15-067">OP15-067] attacking Monkey D. Luffy ["OP17-079">OP17-079]
[Opponent] Discard Nami ["OP17-086">OP17-086] for Counter 1000
RZ1|150|2|OP17-086|1|4|6|7|1|1|0|0|0
RZ1|CHK|150|2|31|7|1|3|4|2|8|0|1|4
Shura ["OP15-067">OP15-067][5000] vs Monkey D. Luffy ["OP17-079">OP17-079][6000]
Attack Fails
[You] Ohm ["OP15-061">OP15-061] attacking Monkey D. Luffy ["OP17-079">OP17-079]
[You] Ohm ["OP15-061">OP15-061]: Buff Jaguar D. Saul ["OP17-089">OP17-089] -1000
Ohm ["OP15-061">OP15-061][2000] vs Monkey D. Luffy ["OP17-079">OP17-079][5000]
Attack Fails
[] Hand: [OP15-067,OP15-118,OP15-077,OP15-078,OP15-074,OP15-075,OP15-067,OP15-061]
[] Board: [OP15-067,OP12-071,OP15-061]
[] Trash: [OP15-075,OP15-066,OP15-075]
[] Life: 3
[] Hand: [OP17-097,OP17-119,OP17-084,OP17-081,OP17-098,OP17-080,OP17-098]
[] Trash: [OP17-098,OP17-093,OP17-093,OP17-093,OP17-084,OP17-085,OP17-081,OP17-086]
[] Board: [OP17-089]
[] Life: 3
[You] End Turn
[] Hand: [OP17-097,OP17-119,OP17-084,OP17-081,OP17-098,OP17-080,OP17-098]
[] Board: [OP17-089]
[] Trash: [OP17-098,OP17-093,OP17-093,OP17-093,OP17-084,OP17-085,OP17-081,OP17-086]
[] Life: 3
[] Hand: [OP15-067,OP15-118,OP15-077,OP15-078,OP15-074,OP15-075,OP15-067,OP15-061]
[] Trash: [OP15-075,OP15-066,OP15-075]
[] Board: [OP15-067,OP12-071,OP15-061]
[] Life: 3
RZ1|151|2|Don|9|9900|5|0|1|1|1|0|0
RZ1|CHK|151|2|31|7|1|3|4|3|8|0|1|3
RZ1|152|2|Don|9|9900|5|0|1|1|1|0|0
RZ1|CHK|152|2|31|7|1|3|4|4|8|0|1|2
RZ1|153|2|Don|9|9900|5|0|1|1|1|0|0
RZ1|CHK|153|2|31|7|1|3|4|5|8|0|1|1
RZ1|154|2|Don|9|9900|5|0|1|1|1|0|0
RZ1|CHK|154|2|31|7|1|3|4|6|8|0|1|0
[Opponent] Draw 1 Card
[] Drew card from deck: Jaguar D. Saul ["OP17-089">OP17-089]
RZ1|155|2|OP17-089|0|30|1|7|1|1|0|0|0
RZ1|CHK|155|2|30|8|1|3|4|6|8|0|1|0
RZ1|156|2|Don|4|3|5|6|1|1|0|0|0
RZ1|CHK|156|2|30|8|1|3|3|7|8|0|1|0
RZ1|157|2|Don|4|2|5|7|1|1|0|0|0
RZ1|CHK|157|2|30|8|1|3|2|8|8|0|1|0
[Opponent] Draw 2 Don
RZ1|158|2|Don|5|0|5|0|1|1|1|0|0
RZ1|CHK|158|2|30|8|1|3|2|8|8|0|1|0
RZ1|159|2|Don|5|1|5|1|1|1|1|0|0
RZ1|CHK|159|2|30|8|1|3|2|8|8|0|1|0
RZ1|160|2|Don|5|2|5|2|1|1|1|0|0
RZ1|CHK|160|2|30|8|1|3|2|8|8|0|1|0
RZ1|161|2|Don|5|3|5|3|1|1|1|0|0
RZ1|CHK|161|2|30|8|1|3|2|8|8|0|1|0
[Opponent] Deploy Jaguar D. Saul ["OP17-089">OP17-089]
RZ1|162|2|OP17-089|1|7|2|1|1|1|0|0|12
RZ1|CHK|162|2|30|7|2|3|2|8|8|0|1|0
RZ1|163|2|OP17-094|0|28|1|7|1|1|0|0|0
RZ1|CHK|163|2|29|8|2|3|2|8|8|0|1|0
[Opponent] Jaguar D. Saul ["OP17-089">OP17-089]: <b>Reveal and Draw Rodo ["OP17-094">OP17-094]</b>
[Opponent] Jaguar D. Saul ["OP17-089">OP17-089]: Trash 2 Remaining Cards
RZ1|164|2|OP17-088|0|28|6|8|1|1|0|0|0
RZ1|CHK|164|2|28|8|2|3|2|8|9|0|1|0
RZ1|165|2|OP17-096|0|27|6|9|1|1|0|0|0
RZ1|CHK|165|2|27|8|2|3|2|8|10|0|1|0
RZ1|166|2|Don|5|4|9|9900|1|1|0|0|0
RZ1|CHK|166|2|27|8|2|3|2|7|10|0|1|1
RZ1|167|2|Don|5|4|9|9901|1|1|0|0|0
RZ1|CHK|167|2|27|8|2|3|2|6|10|0|1|2
[Opponent] Attach 2 Don to Monkey D. Luffy ["OP17-079">OP17-079] (2 Total)
[Opponent] Jaguar D. Saul ["OP17-089">OP17-089] attacking Enel ["OP15-058">OP15-058]
Jaguar D. Saul ["OP17-089">OP17-089][6000] vs Enel ["OP15-058">OP15-058][5000]
Enel ["OP15-058">OP15-058] hit for 1 damage
RZ1|168|1|OP15-118|3|2|1|8|1|1|0|0|0
RZ1|CHK|168|1|33|9|3|2|4|0|3|0|1|2
[Opponent] Monkey D. Luffy ["OP17-079">OP17-079] attacking Enel ["OP15-058">OP15-058]
Monkey D. Luffy ["OP17-079">OP17-079][7000] vs Enel ["OP15-058">OP15-058][5000]
Enel ["OP15-058">OP15-058] hit for 1 damage
RZ1|169|1|OP15-118|3|1|1|9|1|1|0|0|0
RZ1|CHK|169|1|33|10|3|1|4|0|3|0|1|2
RZ1|170|2|Don|5|4|5|4|1|1|1|0|0
RZ1|CHK|170|2|27|8|2|3|2|6|10|0|1|2
RZ1|171|2|Don|5|5|5|5|1|1|1|0|0
RZ1|CHK|171|2|27|8|2|3|2|6|10|0|1|2
[Opponent] Deploy Gerd ["OP17-081">OP17-081]
RZ1|172|2|OP17-081|1|3|2|2|1|1|0|0|12
RZ1|CHK|172|2|27|7|3|3|2|6|10|0|1|2
RZ1|173|2|OP17-097|1|0|6|10|1|1|0|0|0
RZ1|CHK|173|2|27|6|3|3|2|6|11|0|1|2
[Opponent] Gerd ["OP17-081">OP17-081]: Trash Instead I'll Feed on this Rage! ["OP17-097">OP17-097]
[Opponent] <b>Draw Hajrudin ["OP17-088">OP17-088] from Trash</b>
RZ1|174|2|OP17-088|6|8|1|6|1|1|0|0|0
RZ1|CHK|174|2|27|7|3|3|2|6|10|0|1|2
[] Hand: [OP17-119,OP17-084,OP17-098,OP17-080,OP17-098,OP17-094,OP17-088]
[] Board: [OP17-089,OP17-089,OP17-081]
[] Trash: [OP17-098,OP17-093,OP17-093,OP17-093,OP17-084,OP17-085,OP17-081,OP17-086,OP17-096,OP17-097]
[] Life: 3
[] Hand: [OP15-067,OP15-118,OP15-077,OP15-078,OP15-074,OP15-075,OP15-067,OP15-061,OP15-118,OP15-118]
[] Trash: [OP15-075,OP15-066,OP15-075]
[] Board: [OP15-067,OP12-071,OP15-061]
[] Life: 1
[Opponent] End Turn
[] Hand: [OP15-067,OP15-118,OP15-077,OP15-078,OP15-074,OP15-075,OP15-067,OP15-061,OP15-118,OP15-118]
[] Board: [OP15-067,OP12-071,OP15-061]
[] Trash: [OP15-075,OP15-066,OP15-075]
[] Life: 1
[] Hand: [OP17-119,OP17-084,OP17-098,OP17-080,OP17-098,OP17-094,OP17-088]
[] Trash: [OP17-098,OP17-093,OP17-093,OP17-093,OP17-084,OP17-085,OP17-081,OP17-086,OP17-096,OP17-097]
[] Board: [OP17-089,OP17-089,OP17-081]
[] Life: 3
RZ1|175|1|Don|9|0|5|0|1|1|1|0|0
RZ1|CHK|175|1|33|10|3|1|4|1|3|0|1|1
RZ1|176|1|Don|9|0|5|0|1|1|1|0|0
RZ1|CHK|176|1|33|10|3|1|4|2|3|0|1|0
[You] Draw 1 Card
[] Drew card from deck: Vinsmoke Reiju ["OP12-063">OP12-063]
RZ1|177|1|OP12-063|0|32|1|10|1|1|0|0|0
RZ1|CHK|177|1|32|11|3|1|4|2|3|0|1|0
RZ1|178|1|Don|4|3|5|2|1|1|0|0|0
RZ1|CHK|178|1|32|11|3|1|3|3|3|0|1|0
RZ1|179|1|Don|4|2|5|3|1|1|0|0|0
RZ1|CHK|179|1|32|11|3|1|2|4|3|0|1|0
[You] Draw 2 Don
RZ1|180|1|Don|5|0|5|0|1|1|1|0|0
RZ1|CHK|180|1|32|11|3|1|2|4|3|0|1|0
RZ1|181|1|Don|5|1|5|1|1|1|1|0|0
RZ1|CHK|181|1|32|11|3|1|2|4|3|0|1|0
RZ1|182|1|Don|5|2|5|2|1|1|1|0|0
RZ1|CHK|182|1|32|11|3|1|2|4|3|0|1|0
RZ1|183|1|Don|5|3|5|3|1|1|1|0|0
RZ1|CHK|183|1|32|11|3|1|2|4|3|0|1|0
[You] Deploy Vinsmoke Reiju ["OP12-063">OP12-063]
RZ1|184|1|OP12-063|1|10|2|3|1|1|0|0|0
RZ1|CHK|184|1|32|10|4|1|2|4|3|0|1|0
[You] Enel ["OP15-058">OP15-058] attacking Monkey D. Luffy ["OP17-079">OP17-079]
[Opponent] Discard Tony Tony Chopper ["OP17-084">OP17-084] for Counter 2000
RZ1|185|2|OP17-084|1|1|6|10|1|1|0|0|0
RZ1|CHK|185|2|27|6|3|3|2|6|11|0|1|2
Enel ["OP15-058">OP15-058][5000] vs Monkey D. Luffy ["OP17-079">OP17-079][7000]
Attack Fails
RZ1|186|1|OP15-075|1|5|6|3|1|1|0|0|0
RZ1|CHK|186|1|32|9|4|1|2|4|4|0|1|0
RZ1|187|1|OP15-078|1|3|6|4|1|1|0|0|0
RZ1|CHK|187|1|32|8|4|1|2|4|5|0|1|0
[You] Enel ["OP15-058">OP15-058]: Attach 1 Rested Don to Shura ["OP15-067">OP15-067]
RZ1|188|1|Don|5|0|9|0|1|1|1|0|0
RZ1|CHK|188|1|32|8|4|1|2|3|5|0|1|1
[You] Enel ["OP15-058">OP15-058]: Attach 1 Rested Don to Shura ["OP15-067">OP15-067]
RZ1|189|1|Don|5|0|9|1|1|1|1|0|0
RZ1|CHK|189|1|32|8|4|1|2|2|5|0|1|2
[You] Enel ["OP15-058">OP15-058]: Attach 1 Rested Don to Shura ["OP15-067">OP15-067]
RZ1|190|1|Don|5|0|9|2|1|1|1|0|0
RZ1|CHK|190|1|32|8|4|1|2|1|5|0|1|3
[You] Enel ["OP15-058">OP15-058]: Attach 1 Rested Don to Shura ["OP15-067">OP15-067]
RZ1|191|1|Don|5|0|9|3|1|1|1|0|0
RZ1|CHK|191|1|32|8|4|1|2|0|5|0|1|4
[You] Shura ["OP15-067">OP15-067] attacking Monkey D. Luffy ["OP17-079">OP17-079]
[Opponent] Discard Rodo ["OP17-094">OP17-094] for Counter 2000
RZ1|192|2|OP17-094|1|4|6|11|1|1|0|0|0
RZ1|CHK|192|2|27|5|3|3|2|6|12|0|1|2
Shura ["OP15-067">OP15-067][6000] vs Monkey D. Luffy ["OP17-079">OP17-079][7000]
Attack Fails
[You] Ohm ["OP15-061">OP15-061] attacking Monkey D. Luffy ["OP17-079">OP17-079]
[You] Ohm ["OP15-061">OP15-061]: Buff Jaguar D. Saul ["OP17-089">OP17-089] -1000
Ohm ["OP15-061">OP15-061][2000] vs Monkey D. Luffy ["OP17-079">OP17-079][5000]
Attack Fails
[] Hand: [OP15-067,OP15-118,OP15-077,OP15-074,OP15-067,OP15-061,OP15-118,OP15-118]
[] Board: [OP15-067,OP12-071,OP15-061,OP12-063]
[] Trash: [OP15-075,OP15-066,OP15-075,OP15-075,OP15-078]
[] Life: 1
[] Hand: [OP17-119,OP17-098,OP17-080,OP17-098,OP17-088]
[] Trash: [OP17-098,OP17-093,OP17-093,OP17-093,OP17-084,OP17-085,OP17-081,OP17-086,OP17-096,OP17-097,OP17-084,OP17-094]
[] Board: [OP17-089,OP17-089,OP17-081]
[] Life: 3
[You] End Turn
[] Hand: [OP17-119,OP17-098,OP17-080,OP17-098,OP17-088]
[] Board: [OP17-089,OP17-089,OP17-081]
[] Trash: [OP17-098,OP17-093,OP17-093,OP17-093,OP17-084,OP17-085,OP17-081,OP17-086,OP17-096,OP17-097,OP17-084,OP17-094]
[] Life: 3
[] Hand: [OP15-067,OP15-118,OP15-077,OP15-074,OP15-067,OP15-061,OP15-118,OP15-118]
[] Trash: [OP15-075,OP15-066,OP15-075,OP15-075,OP15-078]
[] Board: [OP15-067,OP12-071,OP15-061,OP12-063]
[] Life: 1
RZ1|193|2|Don|9|9900|5|0|1|1|1|0|0
RZ1|CHK|193|2|27|5|3|3|2|7|12|0|1|1
RZ1|194|2|Don|9|9900|5|0|1|1|1|0|0
RZ1|CHK|194|2|27|5|3|3|2|8|12|0|1|0
[Opponent] Draw 1 Card
[] Drew card from deck: Gum-Gum Kong Pistol ["OP17-098">OP17-098]
RZ1|195|2|OP17-098|0|26|1|5|1|1|0|0|0
RZ1|CHK|195|2|26|6|3|3|2|8|12|0|1|0
RZ1|196|2|Don|4|1|5|8|1|1|0|0|0
RZ1|CHK|196|2|26|6|3|3|1|9|12|0|1|0
RZ1|197|2|Don|4|0|5|9|1|1|0|0|0
RZ1|CHK|197|2|26|6|3|3|0|10|12|0|1|0
[Opponent] Draw 2 Don
[Opponent] Jaguar D. Saul ["OP17-089">OP17-089] attacking Enel ["OP15-058">OP15-058]
Jaguar D. Saul ["OP17-089">OP17-089][6000] vs Enel ["OP15-058">OP15-058][5000]
Enel ["OP15-058">OP15-058] hit for 1 damage
RZ1|198|1|OP15-075|3|0|1|8|1|1|0|0|0
RZ1|CHK|198|1|32|9|4|0|2|0|5|0|1|4
[Opponent] Jaguar D. Saul ["OP17-089">OP17-089] attacking Enel ["OP15-058">OP15-058]
[You] Vinsmoke Reiju ["OP12-063">OP12-063] Blocks
Jaguar D. Saul ["OP17-089">OP17-089][6000] vs Vinsmoke Reiju ["OP12-063">OP12-063][7000]
Attack Fails
[Opponent] Monkey D. Luffy ["OP17-079">OP17-079] attacking Enel ["OP15-058">OP15-058]
[You] Discard Shura ["OP15-067">OP15-067] for Counter 1000
RZ1|199|1|OP15-067|1|0|6|5|1|1|0|0|0
RZ1|CHK|199|1|32|8|4|0|2|0|6|0|1|4
Monkey D. Luffy ["OP17-079">OP17-079][5000] vs Enel ["OP15-058">OP15-058][6000]
Attack Fails
RZ1|200|2|Don|5|0|9|200|1|1|0|0|0
RZ1|CHK|200|2|26|6|3|3|0|9|12|0|1|1
RZ1|201|2|Don|5|0|9|201|1|1|0|0|0
RZ1|CHK|201|2|26|6|3|3|0|8|12|0|1|2
[Opponent] Attach 2 Don to Gerd ["OP17-081">OP17-081] (2 Total)
[Opponent] Gerd ["OP17-081">OP17-081] attacking Enel ["OP15-058">OP15-058]
[You] Discard Shura ["OP15-067">OP15-067] for Counter 1000
RZ1|202|1|OP15-067|1|3|6|6|1|1|0|0|0
RZ1|CHK|202|1|32|7|4|0|2|0|7|0|1|4
Gerd ["OP17-081">OP17-081][5000] vs Enel ["OP15-058">OP15-058][6000]
Attack Fails
RZ1|203|2|Don|5|0|5|0|1|1|1|0|0
RZ1|CHK|203|2|26|6|3|3|0|8|12|0|1|2
RZ1|204|2|Don|5|1|5|1|1|1|1|0|0
RZ1|CHK|204|2|26|6|3|3|0|8|12|0|1|2
RZ1|205|2|Don|5|2|5|2|1|1|1|0|0
RZ1|CHK|205|2|26|6|3|3|0|8|12|0|1|2
RZ1|206|2|Don|5|3|5|3|1|1|1|0|0
RZ1|CHK|206|2|26|6|3|3|0|8|12|0|1|2
RZ1|207|2|Don|5|4|5|4|1|1|1|0|0
RZ1|CHK|207|2|26|6|3|3|0|8|12|0|1|2
RZ1|208|2|Don|5|5|5|5|1|1|1|0|0
RZ1|CHK|208|2|26|6|3|3|0|8|12|0|1|2
[Opponent] Deploy Loki ["OP17-119">OP17-119]
RZ1|209|2|OP17-119|1|0|2|3|1|1|0|0|12
RZ1|CHK|209|2|26|5|4|3|0|8|12|0|1|2
[Opponent] Loki ["OP17-119">OP17-119]: Destroy Shura ["OP15-067">OP15-067]
[Opponent] Loki ["OP17-119">OP17-119]: Destroy Ohm ["OP15-061">OP15-061]
[Opponent] Loki ["OP17-119">OP17-119]: Destroy Charlotte Pudding ["OP12-071">OP12-071]
RZ1|210|1|OP12-071|2|1|6|7|1|1|0|0|0
RZ1|CHK|210|1|32|7|3|0|2|0|8|0|1|4
RZ1|211|1|OP15-061|2|1|6|8|1|1|0|0|0
RZ1|CHK|211|1|32|7|2|0|2|0|9|0|1|4
RZ1|212|1|Don|9|0|5|0|1|1|1|0|0
RZ1|CHK|212|1|32|7|2|0|2|1|9|0|1|3
RZ1|213|1|Don|9|0|5|0|1|1|1|0|0
RZ1|CHK|213|1|32|7|2|0|2|2|9|0|1|2
RZ1|214|1|Don|9|0|5|0|1|1|1|0|0
RZ1|CHK|214|1|32|7|2|0|2|3|9|0|1|1
RZ1|215|1|Don|9|0|5|0|1|1|1|0|0
RZ1|CHK|215|1|32|7|2|0|2|4|9|0|1|0
RZ1|216|1|OP15-067|2|0|6|9|1|1|0|0|0
RZ1|CHK|216|1|32|7|1|0|2|4|10|0|1|0
RZ1|217|2|Don|5|6|5|6|1|1|1|0|0
RZ1|CHK|217|2|26|5|4|3|0|8|12|0|1|2
RZ1|218|2|Don|5|7|5|7|1|1|1|0|0
RZ1|CHK|218|2|26|5|4|3|0|8|12|0|1|2
[Opponent] Deploy Usopp ["OP17-080">OP17-080]
RZ1|219|2|OP17-080|1|1|2|4|1|1|0|3000|0
RZ1|CHK|219|2|26|4|5|3|0|8|12|0|1|2
RZ1|220|2|OP17-080|0|23|1|4|1|1|0|0|0
RZ1|CHK|220|2|25|5|5|3|0|8|12|0|1|2
[Opponent] Usopp ["OP17-080">OP17-080]: <b>Reveal and Draw Usopp ["OP17-080">OP17-080]</b>
[Opponent] Usopp ["OP17-080">OP17-080]: Trash 2 Remaining Cards
RZ1|221|2|OP17-086|0|24|6|12|1|1|0|0|0
RZ1|CHK|221|2|24|5|5|3|0|8|13|0|1|2
RZ1|222|2|OP17-097|0|23|6|13|1|1|0|0|0
RZ1|CHK|222|2|23|5|5|3|0|8|14|0|1|2
[] Hand: [OP17-098,OP17-098,OP17-088,OP17-098,OP17-080]
[] Board: [OP17-089,OP17-089,OP17-081,OP17-119,OP17-080]
[] Trash: [OP17-098,OP17-093,OP17-093,OP17-093,OP17-084,OP17-085,OP17-081,OP17-086,OP17-096,OP17-097,OP17-084,OP17-094,OP17-086,OP17-097]
[] Life: 3
[] Hand: [OP15-118,OP15-077,OP15-074,OP15-061,OP15-118,OP15-118,OP15-075]
[] Trash: [OP15-075,OP15-066,OP15-075,OP15-075,OP15-078,OP15-067,OP15-067,OP12-071,OP15-061,OP15-067]
[] Board: [OP12-063]
[] Life: 0
[Opponent] End Turn
[] Hand: [OP15-118,OP15-077,OP15-074,OP15-061,OP15-118,OP15-118,OP15-075]
[] Board: [OP12-063]
[] Trash: [OP15-075,OP15-066,OP15-075,OP15-075,OP15-078,OP15-067,OP15-067,OP12-071,OP15-061,OP15-067]
[] Life: 0
[] Hand: [OP17-098,OP17-098,OP17-088,OP17-098,OP17-080]
[] Trash: [OP17-098,OP17-093,OP17-093,OP17-093,OP17-084,OP17-085,OP17-081,OP17-086,OP17-096,OP17-097,OP17-084,OP17-094,OP17-086,OP17-097]
[] Board: [OP17-089,OP17-089,OP17-081,OP17-119,OP17-080]
[] Life: 3
[You] Draw 1 Card
[] Drew card from deck: Lightning Beast Kiten ["OP15-076">OP15-076]
RZ1|223|1|OP15-076|0|31|1|7|1|1|0|0|0
RZ1|CHK|223|1|31|8|1|0|2|4|10|0|1|0
RZ1|224|1|Don|4|1|5|4|1|1|0|0|0
RZ1|CHK|224|1|31|8|1|0|1|5|10|0|1|0
RZ1|225|1|Don|4|0|5|5|1|1|0|0|0
RZ1|CHK|225|1|31|8|1|0|0|6|10|0|1|0
[You] Draw 2 Don
RZ1|226|1|Don|5|0|5|0|1|1|1|0|0
RZ1|CHK|226|1|31|8|1|0|0|6|10|0|1|0
RZ1|227|1|Don|5|1|5|1|1|1|1|0|0
RZ1|CHK|227|1|31|8|1|0|0|6|10|0|1|0
RZ1|228|1|Don|5|2|5|2|1|1|1|0|0
RZ1|CHK|228|1|31|8|1|0|0|6|10|0|1|0
RZ1|229|1|Don|5|3|5|3|1|1|1|0|0
RZ1|CHK|229|1|31|8|1|0|0|6|10|0|1|0
RZ1|230|1|Don|5|4|5|4|1|1|1|0|0
RZ1|CHK|230|1|31|8|1|0|0|6|10|0|1|0
RZ1|231|1|Don|5|5|5|5|1|1|1|0|0
RZ1|CHK|231|1|31|8|1|0|0|6|10|0|1|0
[You] Deploy Enel ["OP15-118">OP15-118]
RZ1|232|1|OP15-118|1|0|2|1|1|1|0|2000|0
RZ1|CHK|232|1|31|7|2|0|0|6|10|0|1|0
RZ1|233|1|Don|5|0|4|0|1|1|0|0|0
RZ1|CHK|233|1|31|7|2|0|1|5|10|0|1|0
[You] Enel ["OP15-118">OP15-118]: Minus 1 Don
RZ1|234|1|OP12-063|0|30|1|7|1|1|0|0|0
RZ1|CHK|234|1|30|8|2|0|1|5|10|0|1|0
[You] Enel ["OP15-118">OP15-118]: Added 1 Cards to Hand
[You] Placing Cards on Bottom of Deck
RZ1|235|1|OP13-076|0|29|0|0|0|0|0|0|0
RZ1|CHK|235|1|30|8|2|0|1|5|10|0|1|0
RZ1|236|1|OP15-061|0|29|0|0|0|0|0|0|0
RZ1|CHK|236|1|30|8|2|0|1|5|10|0|1|0
RZ1|237|1|OP10-067|0|29|0|0|0|0|0|0|0
RZ1|CHK|237|1|30|8|2|0|1|5|10|0|1|0
RZ1|238|1|OP15-074|0|29|0|0|0|0|0|0|0
RZ1|CHK|238|1|30|8|2|0|1|5|10|0|1|0
RZ1|239|1|OP15-061|1|2|6|10|1|1|0|0|0
RZ1|CHK|239|1|30|7|2|0|1|5|11|0|1|0
[You] Enel ["OP15-118">OP15-118]: Trash Ohm ["OP15-061">OP15-061]
[You] Vinsmoke Reiju ["OP12-063">OP12-063] attacking Monkey D. Luffy ["OP17-079">OP17-079]
[Opponent] Discard Usopp ["OP17-080">OP17-080] for Counter 1000
RZ1|240|2|OP17-080|1|4|6|14|1|1|0|0|0
RZ1|CHK|240|2|23|4|5|3|0|8|15|0|1|2
[Opponent] Discard Hajrudin ["OP17-088">OP17-088] for Counter 2000
RZ1|241|2|OP17-088|1|2|6|15|1|1|0|0|0
RZ1|CHK|241|2|23|3|5|3|0|8|16|0|1|2
Vinsmoke Reiju ["OP12-063">OP12-063][7000] vs Monkey D. Luffy ["OP17-079">OP17-079][8000]
Attack Fails
[You] Enel ["OP15-058">OP15-058] attacking Monkey D. Luffy ["OP17-079">OP17-079]
Enel ["OP15-058">OP15-058][5000] vs Monkey D. Luffy ["OP17-079">OP17-079][5000]
Monkey D. Luffy ["OP17-079">OP17-079] hit for 1 damage
RZ1|242|2|OP17-119|3|2|1|3|1|1|0|0|0
RZ1|CHK|242|2|23|4|5|2|0|8|16|0|1|2
RZ1|243|1|OP15-075|1|4|6|11|1|1|0|0|0
RZ1|CHK|243|1|30|6|2|0|1|5|12|0|1|0
RZ1|244|1|OP15-076|1|4|6|12|1|1|0|0|0
RZ1|CHK|244|1|30|5|2|0|1|5|13|0|1|0
[] Hand: [OP15-077,OP15-074,OP15-118,OP15-118,OP12-063]
[] Board: [OP12-063,OP15-118]
[] Trash: [OP15-075,OP15-066,OP15-075,OP15-075,OP15-078,OP15-067,OP15-067,OP12-071,OP15-061,OP15-067,OP15-061,OP15-075,OP15-076]
[] Life: 0
[] Hand: [OP17-098,OP17-098,OP17-098,OP17-119]
[] Trash: [OP17-098,OP17-093,OP17-093,OP17-093,OP17-084,OP17-085,OP17-081,OP17-086,OP17-096,OP17-097,OP17-084,OP17-094,OP17-086,OP17-097,OP17-080,OP17-088]
[] Board: [OP17-089,OP17-089,OP17-081,OP17-119,OP17-080]
[] Life: 2
[You] End Turn
[] Hand: [OP17-098,OP17-098,OP17-098,OP17-119]
[] Board: [OP17-089,OP17-089,OP17-081,OP17-119,OP17-080]
[] Trash: [OP17-098,OP17-093,OP17-093,OP17-093,OP17-084,OP17-085,OP17-081,OP17-086,OP17-096,OP17-097,OP17-084,OP17-094,OP17-086,OP17-097,OP17-080,OP17-088]
[] Life: 2
[] Hand: [OP15-077,OP15-074,OP15-118,OP15-118,OP12-063]
[] Trash: [OP15-075,OP15-066,OP15-075,OP15-075,OP15-078,OP15-067,OP15-067,OP12-071,OP15-061,OP15-067,OP15-061,OP15-075,OP15-076]
[] Board: [OP12-063,OP15-118]
[] Life: 0
RZ1|245|2|Don|9|200|5|0|1|1|1|0|0
RZ1|CHK|245|2|23|4|5|2|0|9|16|0|1|1
RZ1|246|2|Don|9|200|5|0|1|1|1|0|0
RZ1|CHK|246|2|23|4|5|2|0|10|16|0|1|0
[Opponent] Draw 1 Card
[] Drew card from deck: Rodo ["OP17-094">OP17-094]
RZ1|247|2|OP17-094|0|22|1|4|1|1|0|0|0
RZ1|CHK|247|2|22|5|5|2|0|10|16|0|1|0
[Opponent] Jaguar D. Saul ["OP17-089">OP17-089] attacking Enel ["OP15-058">OP15-058]
Jaguar D. Saul ["OP17-089">OP17-089][6000] vs Enel ["OP15-058">OP15-058][5000]
Enel ["OP15-058">OP15-058] hit for 1 damage
[You] <b>Downloaded the Combat Log!</b>