Version is 1.42c.22
[You] Leader is Enel ["OP15-058">OP15-058]
[Opponent] Leader is Rocks D. Xebec ["OP17-039">OP17-039]
RZ1|8|2|OP17-040|0|26|0|0|0|0|0|0|0
RZ1|CHK|8|2|50|0|0|0|10|0|0|0|1|0
RZ1|9|2|OP17-046|0|18|0|1|0|0|0|0|0
RZ1|CHK|9|2|50|0|0|0|10|0|0|0|1|0
RZ1|10|2|OP17-040|0|28|0|2|0|0|0|0|0
RZ1|CHK|10|2|50|0|0|0|10|0|0|0|1|0
RZ1|11|2|OP17-044|0|16|0|3|0|0|0|0|0
RZ1|CHK|11|2|50|0|0|0|10|0|0|0|1|0
RZ1|12|2|OP17-048|0|33|0|4|0|0|0|0|0
RZ1|CHK|12|2|50|0|0|0|10|0|0|0|1|0
RZ1|13|2|OP17-057|0|48|0|5|0|0|0|0|0
RZ1|CHK|13|2|50|0|0|0|10|0|0|0|1|0
RZ1|14|2|OP17-056|0|45|0|6|0|0|0|0|0
RZ1|CHK|14|2|50|0|0|0|10|0|0|0|1|0
RZ1|15|2|OP17-056|0|46|0|7|0|0|0|0|0
RZ1|CHK|15|2|50|0|0|0|10|0|0|0|1|0
RZ1|16|2|OP17-049|0|27|0|8|0|0|0|0|0
RZ1|CHK|16|2|50|0|0|0|10|0|0|0|1|0
RZ1|17|2|OP17-045|0|14|0|9|0|0|0|0|0
RZ1|CHK|17|2|50|0|0|0|10|0|0|0|1|0
RZ1|18|2|OP17-045|0|13|0|10|0|0|0|0|0
RZ1|CHK|18|2|50|0|0|0|10|0|0|0|1|0
RZ1|19|2|OP17-054|0|18|0|11|0|0|0|0|0
RZ1|CHK|19|2|50|0|0|0|10|0|0|0|1|0
RZ1|20|2|OP17-054|0|16|0|12|0|0|0|0|0
RZ1|CHK|20|2|50|0|0|0|10|0|0|0|1|0
RZ1|21|2|OP17-046|0|25|0|13|0|0|0|0|0
RZ1|CHK|21|2|50|0|0|0|10|0|0|0|1|0
RZ1|22|2|OP17-057|0|48|0|14|0|0|0|0|0
RZ1|CHK|22|2|50|0|0|0|10|0|0|0|1|0
RZ1|23|2|OP17-044|0|25|0|15|0|0|0|0|0
RZ1|CHK|23|2|50|0|0|0|10|0|0|0|1|0
RZ1|24|2|OP17-118|0|39|0|16|0|0|0|0|0
RZ1|CHK|24|2|50|0|0|0|10|0|0|0|1|0
RZ1|25|2|OP17-042|0|25|0|17|0|0|0|0|0
RZ1|CHK|25|2|50|0|0|0|10|0|0|0|1|0
RZ1|26|2|OP17-049|0|29|0|18|0|0|0|0|0
RZ1|CHK|26|2|50|0|0|0|10|0|0|0|1|0
RZ1|27|2|OP17-048|0|36|0|19|0|0|0|0|0
RZ1|CHK|27|2|50|0|0|0|10|0|0|0|1|0
RZ1|28|2|OP17-040|0|35|0|20|0|0|0|0|0
RZ1|CHK|28|2|50|0|0|0|10|0|0|0|1|0
RZ1|29|2|OP17-048|0|37|0|21|0|0|0|0|0
RZ1|CHK|29|2|50|0|0|0|10|0|0|0|1|0
RZ1|30|2|OP17-054|0|26|0|22|0|0|0|0|0
RZ1|CHK|30|2|50|0|0|0|10|0|0|0|1|0
RZ1|31|2|OP17-056|0|47|0|23|0|0|0|0|0
RZ1|CHK|31|2|50|0|0|0|10|0|0|0|1|0
RZ1|32|2|OP17-049|0|35|0|24|0|0|0|0|0
RZ1|CHK|32|2|50|0|0|0|10|0|0|0|1|0
RZ1|33|2|OP17-054|0|29|0|25|0|0|0|0|0
RZ1|CHK|33|2|50|0|0|0|10|0|0|0|1|0
RZ1|34|2|OP17-049|0|35|0|26|0|0|0|0|0
RZ1|CHK|34|2|50|0|0|0|10|0|0|0|1|0
RZ1|35|2|OP17-118|0|40|0|27|0|0|0|0|0
RZ1|CHK|35|2|50|0|0|0|10|0|0|0|1|0
RZ1|36|2|OP17-046|0|35|0|28|0|0|0|0|0
RZ1|CHK|36|2|50|0|0|0|10|0|0|0|1|0
RZ1|37|2|OP17-046|0|36|0|29|0|0|0|0|0
RZ1|CHK|37|2|50|0|0|0|10|0|0|0|1|0
RZ1|38|2|OP17-055|0|43|0|30|0|0|0|0|0
RZ1|CHK|38|2|50|0|0|0|10|0|0|0|1|0
RZ1|39|2|OP17-118|0|43|0|31|0|0|0|0|0
RZ1|CHK|39|2|50|0|0|0|10|0|0|0|1|0
RZ1|40|2|OP17-042|0|37|0|32|0|0|0|0|0
RZ1|CHK|40|2|50|0|0|0|10|0|0|0|1|0
RZ1|41|2|OP17-055|0|46|0|33|0|0|0|0|0
RZ1|CHK|41|2|50|0|0|0|10|0|0|0|1|0
RZ1|42|2|OP17-053|0|41|0|34|0|0|0|0|0
RZ1|CHK|42|2|50|0|0|0|10|0|0|0|1|0
RZ1|43|2|OP17-055|0|46|0|35|0|0|0|0|0
RZ1|CHK|43|2|50|0|0|0|10|0|0|0|1|0
RZ1|44|2|OP17-050|0|38|0|36|0|0|0|0|0
RZ1|CHK|44|2|50|0|0|0|10|0|0|0|1|0
RZ1|45|2|OP17-056|0|47|0|37|0|0|0|0|0
RZ1|CHK|45|2|50|0|0|0|10|0|0|0|1|0
RZ1|46|2|OP17-055|0|47|0|38|0|0|0|0|0
RZ1|CHK|46|2|50|0|0|0|10|0|0|0|1|0
RZ1|47|2|OP17-057|0|49|0|39|0|0|0|0|0
RZ1|CHK|47|2|50|0|0|0|10|0|0|0|1|0
RZ1|48|2|OP17-042|0|43|0|40|0|0|0|0|0
RZ1|CHK|48|2|50|0|0|0|10|0|0|0|1|0
RZ1|49|2|OP17-048|0|47|0|41|0|0|0|0|0
RZ1|CHK|49|2|50|0|0|0|10|0|0|0|1|0
RZ1|50|2|OP17-057|0|49|0|42|0|0|0|0|0
RZ1|CHK|50|2|50|0|0|0|10|0|0|0|1|0
RZ1|51|2|OP17-118|0|49|0|43|0|0|0|0|0
RZ1|CHK|51|2|50|0|0|0|10|0|0|0|1|0
RZ1|52|2|OP17-053|0|48|0|44|0|0|0|0|0
RZ1|CHK|52|2|50|0|0|0|10|0|0|0|1|0
RZ1|53|2|OP17-050|0|46|0|45|0|0|0|0|0
RZ1|CHK|53|2|50|0|0|0|10|0|0|0|1|0
RZ1|54|2|OP17-040|0|49|0|46|0|0|0|0|0
RZ1|CHK|54|2|50|0|0|0|10|0|0|0|1|0
RZ1|55|2|OP17-045|0|48|0|47|0|0|0|0|0
RZ1|CHK|55|2|50|0|0|0|10|0|0|0|1|0
[] Drew card from deck: Vinsmoke Reiju ["OP12-063">OP12-063]
RZ1|56|1|OP12-063|0|49|1|0|1|1|0|0|0
RZ1|CHK|56|1|49|1|0|0|6|0|0|0|1|0
[] Drew card from deck: Ohm ["OP15-061">OP15-061]
RZ1|57|1|OP15-061|0|48|1|1|1|1|0|0|0
RZ1|CHK|57|1|48|2|0|0|6|0|0|0|1|0
[] Drew card from deck: El Thor ["OP15-075">OP15-075]
RZ1|58|1|OP15-075|0|47|1|2|1|1|0|0|0
RZ1|CHK|58|1|47|3|0|0|6|0|0|0|1|0
[] Drew card from deck: Ohm ["OP15-061">OP15-061]
RZ1|59|1|OP15-061|0|46|1|3|1|1|0|0|0
RZ1|CHK|59|1|46|4|0|0|6|0|0|0|1|0
[] Drew card from deck: Divine Departure ["OP13-076">OP13-076]
RZ1|60|1|OP13-076|0|45|1|4|1|1|0|0|0
RZ1|CHK|60|1|45|5|0|0|6|0|0|0|1|0
[] Drew card from deck: Captain John ["OP17-044">OP17-044]
RZ1|61|2|OP17-044|0|49|1|0|1|1|0|0|0
RZ1|CHK|61|2|49|1|0|0|10|0|0|0|1|0
[] Drew card from deck: Streusen ["OP17-050">OP17-050]
RZ1|62|2|OP17-050|0|48|1|1|1|1|0|0|0
RZ1|CHK|62|2|48|2|0|0|10|0|0|0|1|0
[] Drew card from deck: Kyo ["OP17-045">OP17-045]
RZ1|63|2|OP17-045|0|47|1|2|1|1|0|0|0
RZ1|CHK|63|2|47|3|0|0|10|0|0|0|1|0
[] Drew card from deck: Edward Newgate ["OP17-040">OP17-040]
RZ1|64|2|OP17-040|0|46|1|3|1|1|0|0|0
RZ1|CHK|64|2|46|4|0|0|10|0|0|0|1|0
[] Drew card from deck: Streusen ["OP17-050">OP17-050]
RZ1|65|2|OP17-050|0|45|1|4|1|1|0|0|0
RZ1|CHK|65|2|45|5|0|0|10|0|0|0|1|0
RZ1|66|1|OP15-077|0|44|3|0|1|0|0|0|0
RZ1|CHK|66|1|44|5|0|1|6|0|0|0|1|0
RZ1|67|1|OP05-077|0|43|3|1|1|0|0|0|0
RZ1|CHK|67|1|43|5|0|2|6|0|0|0|1|0
RZ1|68|1|OP15-067|0|42|3|2|1|0|0|0|0
RZ1|CHK|68|1|42|5|0|3|6|0|0|0|1|0
RZ1|69|1|OP15-067|0|41|3|3|1|0|0|0|0
RZ1|CHK|69|1|41|5|0|4|6|0|0|0|1|0
RZ1|70|1|OP12-063|0|40|3|4|1|0|0|0|0
RZ1|CHK|70|1|40|5|0|5|6|0|0|0|1|0
RZ1|71|2|OP17-053|0|44|3|0|0|1|0|0|0
RZ1|CHK|71|2|44|5|0|1|10|0|0|0|1|0
RZ1|72|2|OP17-118|0|43|3|1|0|1|0|0|0
RZ1|CHK|72|2|43|5|0|2|10|0|0|0|1|0
RZ1|73|2|OP17-057|0|42|3|2|0|1|0|0|0
RZ1|CHK|73|2|42|5|0|3|10|0|0|0|1|0
RZ1|74|2|OP17-048|0|41|3|3|0|1|0|0|0
RZ1|CHK|74|2|41|5|0|4|10|0|0|0|1|0
RZ1|75|2|OP17-042|0|40|3|4|0|1|0|0|0
RZ1|CHK|75|2|40|5|0|5|10|0|0|0|1|0
[] Hand: [OP12-063,OP15-061,OP15-075,OP15-061,OP13-076]
[] Board: []
[] Trash: []
[] Life: 5
[] Hand: [OP17-044,OP17-050,OP17-045,OP17-040,OP17-050]
[] Trash: []
[] Board: []
[] Life: 5
RZ1|76|1|Don|4|5|5|0|1|1|0|0|0
RZ1|CHK|76|1|40|5|0|5|5|1|0|0|1|0
[You] Draw 1 Don
RZ1|77|1|Don|5|0|5|0|1|1|1|0|0
RZ1|CHK|77|1|40|5|0|5|5|1|0|0|1|0
[You] Deploy Ohm ["OP15-061">OP15-061]
RZ1|78|1|OP15-061|1|1|2|0|1|1|0|0|0
RZ1|CHK|78|1|40|4|1|5|5|1|0|0|1|0
RZ1|79|1|Don|5|0|4|5|1|1|0|0|0
RZ1|CHK|79|1|40|4|1|5|6|0|0|0|1|0
[You] Ohm ["OP15-061">OP15-061]: Minus 1 Don
[] Drew card from deck: Enel ["OP15-118">OP15-118]
RZ1|80|1|OP15-118|0|39|1|4|1|1|0|0|0
RZ1|CHK|80|1|39|5|1|5|6|0|0|0|1|0
[You] Ohm ["OP15-061">OP15-061]: Draw 1 Card
[] Hand: [OP12-063,OP15-075,OP15-061,OP13-076,OP15-118]
[] Board: [OP15-061]
[] Trash: []
[] Life: 5
[] Hand: [OP17-044,OP17-050,OP17-045,OP17-040,OP17-050]
[] Trash: []
[] Board: []
[] Life: 5
[You] End Turn
[] Hand: [OP17-044,OP17-050,OP17-045,OP17-040,OP17-050]
[] Board: []
[] Trash: []
[] Life: 5
[] Hand: [OP12-063,OP15-075,OP15-061,OP13-076,OP15-118]
[] Trash: []
[] Board: [OP15-061]
[] Life: 5
[Opponent] Draw 1 Card
[] Drew card from deck: Fullalead ["OP17-057">OP17-057]
RZ1|81|2|OP17-057|0|39|1|5|1|1|0|0|0
RZ1|CHK|81|2|39|6|0|5|10|0|0|0|1|0
RZ1|82|2|Don|4|9|5|0|1|1|0|0|0
RZ1|CHK|82|2|39|6|0|5|9|1|0|0|1|0
RZ1|83|2|Don|4|8|5|1|1|1|0|0|0
RZ1|CHK|83|2|39|6|0|5|8|2|0|0|1|0
[Opponent] Draw 2 Don
RZ1|84|2|Don|5|0|5|0|1|1|1|0|0
RZ1|CHK|84|2|39|6|0|5|8|2|0|0|1|0
RZ1|85|2|Don|5|1|5|1|1|1|1|0|0
RZ1|CHK|85|2|39|6|0|5|8|2|0|0|1|0
[Opponent] Deploy Kyo ["OP17-045">OP17-045]
RZ1|86|2|OP17-045|1|2|2|0|1|1|0|0|0
RZ1|CHK|86|2|39|5|1|5|8|2|0|0|1|0
[] Drew card from deck: There's No Authority in the World ["OP17-055">OP17-055]
RZ1|87|2|OP17-055|0|38|1|5|1|1|0|0|0
RZ1|CHK|87|2|38|6|1|5|8|2|0|0|1|0
[Opponent] Kyo ["OP17-045">OP17-045]: Draw 1 Card
[] Hand: [OP17-044,OP17-050,OP17-040,OP17-050,OP17-057,OP17-055]
[] Board: [OP17-045]
[] Trash: []
[] Life: 5
[] Hand: [OP12-063,OP15-075,OP15-061,OP13-076,OP15-118]
[] Trash: []
[] Board: [OP15-061]
[] Life: 5
[Opponent] End Turn
[] Hand: [OP12-063,OP15-075,OP15-061,OP13-076,OP15-118]
[] Board: [OP15-061]
[] Trash: []
[] Life: 5
[] Hand: [OP17-044,OP17-050,OP17-040,OP17-050,OP17-057,OP17-055]
[] Trash: []
[] Board: [OP17-045]
[] Life: 5
[You] Draw 1 Card
[] Drew card from deck: Mamaragan ["OP15-078">OP15-078]
RZ1|88|1|OP15-078|0|38|1|5|1|1|0|0|0
RZ1|CHK|88|1|38|6|1|5|6|0|0|0|1|0
RZ1|89|1|Don|4|5|5|0|1|1|0|0|0
RZ1|CHK|89|1|38|6|1|5|5|1|0|0|1|0
RZ1|90|1|Don|4|4|5|1|1|1|0|0|0
RZ1|CHK|90|1|38|6|1|5|4|2|0|0|1|0
[You] Draw 2 Don
[You] Enel ["OP15-058">OP15-058] attacking Rocks D. Xebec ["OP17-039">OP17-039]
[Opponent] There's No Authority in the World ["OP17-055">OP17-055]: Activate Counter
RZ1|91|2|OP17-055|1|5|6|0|1|1|0|0|0
RZ1|CHK|91|2|38|5|1|5|8|2|1|0|1|0
[Opponent] There's No Authority in the World ["OP17-055">OP17-055]: Buff Rocks D. Xebec ["OP17-039">OP17-039] 2000 for the Combat
Enel ["OP15-058">OP15-058][5000] vs Rocks D. Xebec ["OP17-039">OP17-039][7000]
Attack Fails
RZ1|92|1|Don|5|0|5|0|1|1|1|0|0
RZ1|CHK|92|1|38|6|1|5|4|2|0|0|1|0
[You] Deploy Ohm ["OP15-061">OP15-061]
RZ1|93|1|OP15-061|1|2|2|1|1|1|0|0|0
RZ1|CHK|93|1|38|5|2|5|4|2|0|0|1|0
RZ1|94|1|Don|5|0|4|4|1|1|0|0|0
RZ1|CHK|94|1|38|5|2|5|5|1|0|0|1|0
[You] Ohm ["OP15-061">OP15-061]: Minus 1 Don
[] Drew card from deck: Lightning Dragon ["OP15-077">OP15-077]
RZ1|95|1|OP15-077|0|37|1|5|1|1|0|0|0
RZ1|CHK|95|1|37|6|2|5|5|1|0|0|1|0
[You] Ohm ["OP15-061">OP15-061]: Draw 1 Card
RZ1|96|1|Don|5|0|9|0|1|1|0|0|0
RZ1|CHK|96|1|37|6|2|5|5|0|0|0|1|1
[You] Attach 1 Don to Ohm ["OP15-061">OP15-061] (1 Total)
[You] Ohm ["OP15-061">OP15-061] attacking Rocks D. Xebec ["OP17-039">OP17-039]
[You] Ohm ["OP15-061">OP15-061]: Buff Kyo ["OP17-045">OP17-045] -1000
Ohm ["OP15-061">OP15-061][3000] vs Rocks D. Xebec ["OP17-039">OP17-039][5000]
Attack Fails
Enel ["OP15-058">OP15-058]: Draw 1 Don
RZ1|97|1|Don|4|4|5|0|1|1|0|0|0
RZ1|CHK|97|1|37|6|2|5|4|1|0|0|1|1
Enel ["OP15-058">OP15-058]: Draw 4 Rested Don
RZ1|98|1|Don|4|3|5|0|1|1|1|0|0
RZ1|CHK|98|1|37|6|2|5|3|2|0|0|1|1
RZ1|99|1|Don|4|2|5|0|1|1|1|0|0
RZ1|CHK|99|1|37|6|2|5|2|3|0|0|1|1
RZ1|100|1|Don|4|1|5|0|1|1|1|0|0
RZ1|CHK|100|1|37|6|2|5|1|4|0|0|1|1
RZ1|101|1|Don|4|0|5|0|1|1|1|0|0
RZ1|CHK|101|1|37|6|2|5|0|5|0|0|1|1
[You] Enel ["OP15-058">OP15-058]: Attach 1 Rested Don to Ohm ["OP15-061">OP15-061]
RZ1|102|1|Don|5|0|9|1|1|1|1|0|0
RZ1|CHK|102|1|37|6|2|5|0|4|0|0|1|2
[You] Enel ["OP15-058">OP15-058]: Attach 1 Rested Don to Ohm ["OP15-061">OP15-061]
RZ1|103|1|Don|5|0|9|2|1|1|1|0|0
RZ1|CHK|103|1|37|6|2|5|0|3|0|0|1|3
[You] Enel ["OP15-058">OP15-058]: Attach 1 Rested Don to Ohm ["OP15-061">OP15-061]
RZ1|104|1|Don|5|0|9|3|1|1|1|0|0
RZ1|CHK|104|1|37|6|2|5|0|2|0|0|1|4
[You] Enel ["OP15-058">OP15-058]: Attach 1 Rested Don to Ohm ["OP15-061">OP15-061]
RZ1|105|1|Don|5|0|9|4|1|1|1|0|0
RZ1|CHK|105|1|37|6|2|5|0|1|0|0|1|5
RZ1|106|1|OP15-075|1|1|6|0|1|1|0|0|0
RZ1|CHK|106|1|37|5|2|5|0|1|1|0|1|5
RZ1|107|1|Don|9|0|4|0|1|1|0|0|0
RZ1|CHK|107|1|37|5|2|5|1|1|1|0|1|4
[You] El Thor ["OP15-075">OP15-075]: Minus 1 Don
[You] El Thor ["OP15-075">OP15-075]: Buff Enel ["OP15-058">OP15-058] 1000
[You] El Thor ["OP15-075">OP15-075]: Destroy Kyo ["OP17-045">OP17-045]
RZ1|108|2|OP17-057|1|4|6|1|1|1|0|0|0
RZ1|CHK|108|2|38|4|1|5|8|2|2|0|1|0
[Opponent] Kyo ["OP17-045">OP17-045]: Trash Fullalead ["OP17-057">OP17-057]
RZ1|109|2|OP17-044|1|0|6|2|1|1|0|0|0
RZ1|CHK|109|2|38|3|1|5|8|2|3|0|1|0
[Opponent] Kyo ["OP17-045">OP17-045]: Trash Captain John ["OP17-044">OP17-044]
[Opponent] Kyo ["OP17-045">OP17-045]: Prevent Effect To Kyo ["OP17-045">OP17-045]
[] Hand: [OP12-063,OP13-076,OP15-118,OP15-078,OP15-077]
[] Board: [OP15-061,OP15-061]
[] Trash: [OP15-075]
[] Life: 5
[] Hand: [OP17-050,OP17-040,OP17-050]
[] Trash: [OP17-055,OP17-057,OP17-044]
[] Board: [OP17-045]
[] Life: 5
[You] End Turn
[] Hand: [OP17-050,OP17-040,OP17-050]
[] Board: [OP17-045]
[] Trash: [OP17-055,OP17-057,OP17-044]
[] Life: 5
[] Hand: [OP12-063,OP13-076,OP15-118,OP15-078,OP15-077]
[] Trash: [OP15-075]
[] Board: [OP15-061,OP15-061]
[] Life: 5
[Opponent] Draw 1 Card
[] Drew card from deck: Rocks Pirates ["OP17-056">OP17-056]
RZ1|110|2|OP17-056|0|37|1|3|1|1|0|0|0
RZ1|CHK|110|2|37|4|1|5|8|2|3|0|1|0
RZ1|111|2|Don|4|7|5|2|1|1|0|0|0
RZ1|CHK|111|2|37|4|1|5|7|3|3|0|1|0
RZ1|112|2|Don|4|6|5|3|1|1|0|0|0
RZ1|CHK|112|2|37|4|1|5|6|4|3|0|1|0
[Opponent] Draw 2 Don
RZ1|113|2|Don|5|0|5|0|1|1|1|0|0
RZ1|CHK|113|2|37|4|1|5|6|4|3|0|1|0
[Opponent] Deploy Streusen ["OP17-050">OP17-050]
RZ1|114|2|OP17-050|1|0|2|1|1|1|0|0|0
RZ1|CHK|114|2|37|3|2|5|6|4|3|0|1|0
[Opponent] Placing Cards on Top of Deck
RZ1|115|2|OP17-055|0|35|0|36|0|0|0|0|0
RZ1|CHK|115|2|37|3|2|5|6|4|3|0|1|0
RZ1|116|2|OP17-050|0|35|0|36|0|0|0|0|0
RZ1|CHK|116|2|37|3|2|5|6|4|3|0|1|0
[] Drew card from deck: Streusen ["OP17-050">OP17-050]
RZ1|117|2|OP17-050|0|36|1|3|1|1|0|0|0
RZ1|CHK|117|2|36|4|2|5|6|4|3|0|1|0
[Opponent] Streusen ["OP17-050">OP17-050]: Draw 1 Card
RZ1|118|2|Don|5|1|5|1|1|1|1|0|0
RZ1|CHK|118|2|36|4|2|5|6|4|3|0|1|0
[Opponent] Deploy Streusen ["OP17-050">OP17-050]
RZ1|119|2|OP17-050|1|1|2|2|1|1|0|0|0
RZ1|CHK|119|2|36|3|3|5|6|4|3|0|1|0
[Opponent] Placing Cards on Top of Deck
RZ1|120|2|OP17-053|0|34|0|35|0|0|0|0|0
RZ1|CHK|120|2|36|3|3|5|6|4|3|0|1|0
RZ1|121|2|OP17-055|0|34|0|35|0|0|0|0|0
RZ1|CHK|121|2|36|3|3|5|6|4|3|0|1|0
[] Drew card from deck: There's No Authority in the World ["OP17-055">OP17-055]
RZ1|122|2|OP17-055|0|35|1|3|1|1|0|0|0
RZ1|CHK|122|2|35|4|3|5|6|4|3|0|1|0
[Opponent] Streusen ["OP17-050">OP17-050]: Draw 1 Card
RZ1|123|2|Don|5|2|5|2|1|1|1|0|0
RZ1|CHK|123|2|35|4|3|5|6|4|3|0|1|0
[Opponent] Deploy Streusen ["OP17-050">OP17-050]
RZ1|124|2|OP17-050|1|2|2|3|1|1|0|0|0
RZ1|CHK|124|2|35|3|4|5|6|4|3|0|1|0
[Opponent] Placing Cards on Top of Deck
RZ1|125|2|OP17-055|0|33|0|34|0|0|0|0|0
RZ1|CHK|125|2|35|3|4|5|6|4|3|0|1|0
RZ1|126|2|OP17-053|0|33|0|34|0|0|0|0|0
RZ1|CHK|126|2|35|3|4|5|6|4|3|0|1|0
[] Drew card from deck: Barbell ["OP17-053">OP17-053]
RZ1|127|2|OP17-053|0|34|1|3|1|1|0|0|0
RZ1|CHK|127|2|34|4|4|5|6|4|3|0|1|0
[Opponent] Streusen ["OP17-050">OP17-050]: Draw 1 Card
RZ1|128|2|Don|5|3|9|0|1|1|0|0|0
RZ1|CHK|128|2|34|4|4|5|6|3|3|0|1|1
[Opponent] Attach 1 Don to Kyo ["OP17-045">OP17-045] (1 Total)
[Opponent] Kyo ["OP17-045">OP17-045] attacking Enel ["OP15-058">OP15-058]
[You] Divine Departure ["OP13-076">OP13-076]: Activate Counter
RZ1|129|1|OP13-076|1|1|6|1|1|1|0|0|0
RZ1|CHK|129|1|37|4|2|5|1|1|2|0|1|4
[You] Discard Vinsmoke Reiju ["OP12-063">OP12-063] for Counter 1000
RZ1|130|1|OP12-063|1|0|6|2|1|1|0|0|0
RZ1|CHK|130|1|37|3|2|5|1|1|3|0|1|4
Kyo ["OP17-045">OP17-045][5000] vs Enel ["OP15-058">OP15-058][6000]
Attack Fails
[Opponent] Rocks D. Xebec ["OP17-039">OP17-039] attacking Ohm ["OP15-061">OP15-061]
RZ1|131|2|OP17-055|1|2|6|3|1|1|0|0|0
RZ1|CHK|131|2|34|3|4|5|6|3|4|0|1|1
[Opponent] Rocks D. Xebec ["OP17-039">OP17-039]: Trash There's No Authority in the World ["OP17-055">OP17-055]
RZ1|132|2|OP17-055|0|33|0|33|0|0|0|0|0
RZ1|CHK|132|2|34|3|4|5|6|3|4|0|1|1
[Opponent] Rocks D. Xebec ["OP17-039">OP17-039] revealed: There's No Authority in the World ["OP17-055">OP17-055]
[] Drew card from deck: There's No Authority in the World ["OP17-055">OP17-055]
RZ1|133|2|OP17-055|0|33|1|3|1|1|0|0|0
RZ1|CHK|133|2|33|4|4|5|6|3|4|0|1|1
[] Drew card from deck: Kaido ["OP17-042">OP17-042]
RZ1|134|2|OP17-042|0|32|1|4|1|1|0|0|0
RZ1|CHK|134|2|32|5|4|5|6|3|4|0|1|1
[Opponent] Rocks D. Xebec ["OP17-039">OP17-039]: Draw 2 Card
Rocks D. Xebec ["OP17-039">OP17-039][5000] vs Ohm ["OP15-061">OP15-061][2000]
[You] Ohm ["OP15-061">OP15-061] Destroyed
RZ1|135|1|Don|9|0|5|0|1|1|1|0|0
RZ1|CHK|135|1|37|3|2|5|1|2|3|0|1|3
RZ1|136|1|Don|9|0|5|0|1|1|1|0|0
RZ1|CHK|136|1|37|3|2|5|1|3|3|0|1|2
RZ1|137|1|Don|9|0|5|0|1|1|1|0|0
RZ1|CHK|137|1|37|3|2|5|1|4|3|0|1|1
RZ1|138|1|Don|9|0|5|0|1|1|1|0|0
RZ1|CHK|138|1|37|3|2|5|1|5|3|0|1|0
RZ1|139|1|OP15-061|2|0|6|3|1|1|0|0|0
RZ1|CHK|139|1|37|3|1|5|1|5|4|0|1|0
[] Hand: [OP17-040,OP17-056,OP17-053,OP17-055,OP17-042]
[] Board: [OP17-045,OP17-050,OP17-050,OP17-050]
[] Trash: [OP17-055,OP17-057,OP17-044,OP17-055]
[] Life: 5
[] Hand: [OP15-118,OP15-078,OP15-077]
[] Trash: [OP15-075,OP13-076,OP12-063,OP15-061]
[] Board: [OP15-061]
[] Life: 5
[Opponent] End Turn
[] Hand: [OP15-118,OP15-078,OP15-077]
[] Board: [OP15-061]
[] Trash: [OP15-075,OP13-076,OP12-063,OP15-061]
[] Life: 5
[] Hand: [OP17-040,OP17-056,OP17-053,OP17-055,OP17-042]
[] Trash: [OP17-055,OP17-057,OP17-044,OP17-055]
[] Board: [OP17-045,OP17-050,OP17-050,OP17-050]
[] Life: 5
[You] Draw 1 Card
[] Drew card from deck: Gamma Knife ["OP05-077">OP05-077]
RZ1|140|1|OP05-077|0|36|1|3|1|1|0|0|0
RZ1|CHK|140|1|36|4|1|5|1|5|4|0|1|0
RZ1|141|1|Don|4|0|5|5|1|1|0|0|0
RZ1|CHK|141|1|36|4|1|5|0|6|4|0|1|0
[You] Draw 2 Don
RZ1|142|1|Don|5|0|5|0|1|1|1|0|0
RZ1|CHK|142|1|36|4|1|5|0|6|4|0|1|0
RZ1|143|1|Don|5|1|5|1|1|1|1|0|0
RZ1|CHK|143|1|36|4|1|5|0|6|4|0|1|0
RZ1|144|1|Don|5|2|5|2|1|1|1|0|0
RZ1|CHK|144|1|36|4|1|5|0|6|4|0|1|0
RZ1|145|1|Don|5|3|5|3|1|1|1|0|0
RZ1|CHK|145|1|36|4|1|5|0|6|4|0|1|0
RZ1|146|1|Don|5|4|5|4|1|1|1|0|0
RZ1|CHK|146|1|36|4|1|5|0|6|4|0|1|0
RZ1|147|1|Don|5|5|5|5|1|1|1|0|0
RZ1|CHK|147|1|36|4|1|5|0|6|4|0|1|0
[You] Deploy Enel ["OP15-118">OP15-118]
RZ1|148|1|OP15-118|1|0|2|1|1|1|0|2000|0
RZ1|CHK|148|1|36|3|2|5|0|6|4|0|1|0
RZ1|149|1|Don|5|0|4|0|1|1|0|0|0
RZ1|CHK|149|1|36|3|2|5|1|5|4|0|1|0
[You] Enel ["OP15-118">OP15-118]: Minus 1 Don
RZ1|150|1|OP12-071|0|33|1|3|1|1|0|0|0
RZ1|CHK|150|1|35|4|2|5|1|5|4|0|1|0
[You] Enel ["OP15-118">OP15-118]: Added 1 Cards to Hand
[You] Placing Cards on Bottom of Deck
RZ1|151|1|OP15-118|0|34|0|0|0|0|0|0|0
RZ1|CHK|151|1|35|4|2|5|1|5|4|0|1|0
RZ1|152|1|OP10-067|0|34|0|0|0|0|0|0|0
RZ1|CHK|152|1|35|4|2|5|1|5|4|0|1|0
RZ1|153|1|OP15-118|0|34|0|0|0|0|0|0|0
RZ1|CHK|153|1|35|4|2|5|1|5|4|0|1|0
RZ1|154|1|OP15-066|0|34|0|0|0|0|0|0|0
RZ1|CHK|154|1|35|4|2|5|1|5|4|0|1|0
RZ1|155|1|OP12-071|1|3|6|4|1|1|0|0|0
RZ1|CHK|155|1|35|3|2|5|1|5|5|0|1|0
[You] Enel ["OP15-118">OP15-118]: Trash Charlotte Pudding ["OP12-071">OP12-071]
[You] Enel ["OP15-058">OP15-058] attacking Rocks D. Xebec ["OP17-039">OP17-039]
[Opponent] Rocks Pirates ["OP17-056">OP17-056]: Activate Counter
RZ1|156|2|OP17-056|1|1|6|4|1|1|0|0|0
RZ1|CHK|156|2|32|4|4|5|6|3|5|0|1|1
[Opponent] Rocks Pirates ["OP17-056">OP17-056]: Buff Rocks D. Xebec ["OP17-039">OP17-039] 2000 for the Combat
Enel ["OP15-058">OP15-058][5000] vs Rocks D. Xebec ["OP17-039">OP17-039][7000]
Attack Fails
[You] Ohm ["OP15-061">OP15-061] attacking Rocks D. Xebec ["OP17-039">OP17-039]
[You] Ohm ["OP15-061">OP15-061]: Buff Streusen ["OP17-050">OP17-050] -1000
Ohm ["OP15-061">OP15-061][2000] vs Rocks D. Xebec ["OP17-039">OP17-039][5000]
Attack Fails
Enel ["OP15-058">OP15-058]: Draw 1 Don
RZ1|157|1|Don|4|0|5|5|1|1|0|0|0
RZ1|CHK|157|1|35|3|2|5|0|6|5|0|1|0
[You] Enel ["OP15-058">OP15-058]: Attach 1 Rested Don to Enel ["OP15-118">OP15-118]
RZ1|158|1|Don|5|0|9|100|1|1|1|0|0
RZ1|CHK|158|1|35|3|2|5|0|5|5|0|1|1
[You] Enel ["OP15-058">OP15-058]: Attach 1 Rested Don to Enel ["OP15-118">OP15-118]
RZ1|159|1|Don|5|0|9|101|1|1|1|0|0
RZ1|CHK|159|1|35|3|2|5|0|4|5|0|1|2
[You] Enel ["OP15-058">OP15-058]: Attach 1 Rested Don to Enel ["OP15-118">OP15-118]
RZ1|160|1|Don|5|0|9|102|1|1|1|0|0
RZ1|CHK|160|1|35|3|2|5|0|3|5|0|1|3
[You] Enel ["OP15-058">OP15-058]: Attach 1 Rested Don to Enel ["OP15-118">OP15-118]
RZ1|161|1|Don|5|0|9|103|1|1|1|0|0
RZ1|CHK|161|1|35|3|2|5|0|2|5|0|1|4
RZ1|162|1|OP15-077|1|1|6|5|1|1|0|0|0
RZ1|CHK|162|1|35|2|2|5|0|2|6|0|1|4
[] Hand: [OP15-078,OP05-077]
[] Board: [OP15-061,OP15-118]
[] Trash: [OP15-075,OP13-076,OP12-063,OP15-061,OP12-071,OP15-077]
[] Life: 5
[] Hand: [OP17-040,OP17-053,OP17-055,OP17-042]
[] Trash: [OP17-055,OP17-057,OP17-044,OP17-055,OP17-056]
[] Board: [OP17-045,OP17-050,OP17-050,OP17-050]
[] Life: 5
[You] End Turn
[] Hand: [OP17-040,OP17-053,OP17-055,OP17-042]
[] Board: [OP17-045,OP17-050,OP17-050,OP17-050]
[] Trash: [OP17-055,OP17-057,OP17-044,OP17-055,OP17-056]
[] Life: 5
[] Hand: [OP15-078,OP05-077]
[] Trash: [OP15-075,OP13-076,OP12-063,OP15-061,OP12-071,OP15-077]
[] Board: [OP15-061,OP15-118]
[] Life: 5
RZ1|163|2|Don|9|0|5|0|1|1|1|0|0
RZ1|CHK|163|2|32|4|4|5|6|4|5|0|1|0
[Opponent] Draw 1 Card
[] Drew card from deck: Rocks D. Xebec ["OP17-118">OP17-118]
RZ1|164|2|OP17-118|0|31|1|4|1|1|0|0|0
RZ1|CHK|164|2|31|5|4|5|6|4|5|0|1|0
RZ1|165|2|Don|4|5|5|4|1|1|0|0|0
RZ1|CHK|165|2|31|5|4|5|5|5|5|0|1|0
RZ1|166|2|Don|4|4|5|5|1|1|0|0|0
RZ1|CHK|166|2|31|5|4|5|4|6|5|0|1|0
[Opponent] Draw 2 Don
RZ1|167|2|Don|5|0|5|0|1|1|1|0|0
RZ1|CHK|167|2|31|5|4|5|4|6|5|0|1|0
RZ1|168|2|Don|5|1|5|1|1|1|1|0|0
RZ1|CHK|168|2|31|5|4|5|4|6|5|0|1|0
RZ1|169|2|Don|5|2|5|2|1|1|1|0|0
RZ1|CHK|169|2|31|5|4|5|4|6|5|0|1|0
RZ1|170|2|Don|5|3|5|3|1|1|1|0|0
RZ1|CHK|170|2|31|5|4|5|4|6|5|0|1|0
[Opponent] Deploy Kaido ["OP17-042">OP17-042]
RZ1|171|2|OP17-042|1|3|2|4|1|1|0|0|0
RZ1|CHK|171|2|31|4|5|5|4|6|5|0|1|0
[Opponent] Kaido ["OP17-042">OP17-042] revealed: Barbell ["OP17-053">OP17-053]
[Opponent] Kaido ["OP17-042">OP17-042] revealed: There's No Authority in the World ["OP17-055">OP17-055]
[Opponent] Kaido ["OP17-042">OP17-042] revealed: Edward Newgate ["OP17-040">OP17-040]
[Opponent] Forcing opponent to resolve Card Action!
[You] Forcing opponent to resolve Card Action!
[Opponent] Kaido ["OP17-042">OP17-042]: Buff Ohm ["OP15-061">OP15-061] -3000
RZ1|172|2|Don|5|4|9|0|1|1|0|0|0
RZ1|CHK|172|2|31|4|5|5|4|5|5|0|1|1
[Opponent] Attach 1 Don to Kyo ["OP17-045">OP17-045] (1 Total)
[Opponent] Kyo ["OP17-045">OP17-045] attacking Enel ["OP15-058">OP15-058]
Kyo ["OP17-045">OP17-045][5000] vs Enel ["OP15-058">OP15-058][5000]
Enel ["OP15-058">OP15-058] hit for 1 damage
RZ1|173|1|OP12-063|3|4|1|2|1|1|0|0|0
RZ1|CHK|173|1|35|3|2|4|0|2|6|0|1|4
[Opponent] Rocks D. Xebec ["OP17-039">OP17-039] attacking Enel ["OP15-058">OP15-058]
RZ1|174|2|OP17-053|1|1|6|5|1|1|0|0|0
RZ1|CHK|174|2|31|3|5|5|4|5|6|0|1|1
[Opponent] Rocks D. Xebec ["OP17-039">OP17-039]: Trash Barbell ["OP17-053">OP17-053]
RZ1|175|2|OP17-055|0|30|0|30|0|0|0|0|0
RZ1|CHK|175|2|31|3|5|5|4|5|6|0|1|1
[Opponent] Rocks D. Xebec ["OP17-039">OP17-039] revealed: There's No Authority in the World ["OP17-055">OP17-055]
[] Drew card from deck: There's No Authority in the World ["OP17-055">OP17-055]
RZ1|176|2|OP17-055|0|30|1|3|1|1|0|0|0
RZ1|CHK|176|2|30|4|5|5|4|5|6|0|1|1
[] Drew card from deck: Gloriosa ["OP17-046">OP17-046]
RZ1|177|2|OP17-046|0|29|1|4|1|1|0|0|0
RZ1|CHK|177|2|29|5|5|5|4|5|6|0|1|1
[Opponent] Rocks D. Xebec ["OP17-039">OP17-039]: Draw 2 Card
[You] Discard Vinsmoke Reiju ["OP12-063">OP12-063] for Counter 1000
RZ1|178|1|OP12-063|1|2|6|6|1|1|0|0|0
RZ1|CHK|178|1|35|2|2|4|0|2|7|0|1|4
Rocks D. Xebec ["OP17-039">OP17-039][5000] vs Enel ["OP15-058">OP15-058][6000]
Attack Fails
[Opponent] Streusen ["OP17-050">OP17-050] attacking Ohm ["OP15-061">OP15-061]
Streusen ["OP17-050">OP17-050][2000] vs Ohm ["OP15-061">OP15-061][-1000]
[You] Ohm ["OP15-061">OP15-061] Destroyed
RZ1|179|1|OP15-061|2|0|6|7|1|1|0|0|0
RZ1|CHK|179|1|35|2|1|4|0|2|8|0|1|4
RZ1|180|2|OP17-055|1|1|6|6|1|1|0|0|0
RZ1|CHK|180|2|29|4|5|5|4|5|7|0|1|1
[Opponent] There's No Authority in the World ["OP17-055">OP17-055]: Rest 1 Don
RZ1|181|2|Don|5|4|5|4|1|1|1|0|0
RZ1|CHK|181|2|29|4|5|5|4|5|7|0|1|1
[Opponent] There's No Authority in the World ["OP17-055">OP17-055]: Grant Unblockable to Rocks D. Xebec ["OP17-039">OP17-039]
[] Hand: [OP17-040,OP17-118,OP17-055,OP17-046]
[] Board: [OP17-045,OP17-050,OP17-050,OP17-050,OP17-042]
[] Trash: [OP17-055,OP17-057,OP17-044,OP17-055,OP17-056,OP17-053,OP17-055]
[] Life: 5
[] Hand: [OP15-078,OP05-077]
[] Trash: [OP15-075,OP13-076,OP12-063,OP15-061,OP12-071,OP15-077,OP12-063,OP15-061]
[] Board: [OP15-118]
[] Life: 4
[Opponent] End Turn
[] Hand: [OP15-078,OP05-077]
[] Board: [OP15-118]
[] Trash: [OP15-075,OP13-076,OP12-063,OP15-061,OP12-071,OP15-077,OP12-063,OP15-061]
[] Life: 4
[] Hand: [OP17-040,OP17-118,OP17-055,OP17-046]
[] Trash: [OP17-055,OP17-057,OP17-044,OP17-055,OP17-056,OP17-053,OP17-055]
[] Board: [OP17-045,OP17-050,OP17-050,OP17-050,OP17-042]
[] Life: 5
RZ1|182|1|Don|9|0|5|0|1|1|1|0|0
RZ1|CHK|182|1|35|2|1|4|0|3|8|0|1|3
RZ1|183|1|Don|9|0|5|0|1|1|1|0|0
RZ1|CHK|183|1|35|2|1|4|0|4|8|0|1|2
RZ1|184|1|Don|9|0|5|0|1|1|1|0|0
RZ1|CHK|184|1|35|2|1|4|0|5|8|0|1|1
RZ1|185|1|Don|9|0|5|0|1|1|1|0|0
RZ1|CHK|185|1|35|2|1|4|0|6|8|0|1|0
[You] Draw 1 Card
[] Drew card from deck: Lightning Dragon ["OP15-077">OP15-077]
RZ1|186|1|OP15-077|0|34|1|2|1|1|0|0|0
RZ1|CHK|186|1|34|3|1|4|0|6|8|0|1|0
[You] Enel ["OP15-118">OP15-118] attacking Rocks D. Xebec ["OP17-039">OP17-039]
Enel ["OP15-118">OP15-118][10000] vs Rocks D. Xebec ["OP17-039">OP17-039][5000]
Rocks D. Xebec ["OP17-039">OP17-039] hit for 1 damage
RZ1|187|2|OP17-042|3|4|1|4|1|1|0|0|0
RZ1|CHK|187|2|29|5|5|4|4|5|7|0|1|1
[You] Enel ["OP15-058">OP15-058] attacking Rocks D. Xebec ["OP17-039">OP17-039]
[Opponent] Kaido ["OP17-042">OP17-042] Blocks
Enel ["OP15-058">OP15-058][5000] vs Kaido ["OP17-042">OP17-042][6000]
Attack Fails
RZ1|188|1|OP15-077|1|2|6|8|1|1|0|0|0
RZ1|CHK|188|1|34|2|1|4|0|6|9|0|1|0
RZ1|189|1|OP15-078|1|0|6|9|1|1|0|0|0
RZ1|CHK|189|1|34|1|1|4|0|6|10|0|1|0
[You] Gamma Knife ["OP05-077">OP05-077]: Rest 2 Don
RZ1|190|1|Don|5|0|5|0|1|1|1|0|0
RZ1|CHK|190|1|34|1|1|4|0|6|10|0|1|0
RZ1|191|1|Don|5|1|5|1|1|1|1|0|0
RZ1|CHK|191|1|34|1|1|4|0|6|10|0|1|0
RZ1|192|1|OP05-077|1|0|6|10|1|1|0|0|0
RZ1|CHK|192|1|34|0|1|4|0|6|11|0|1|0
[] Hand: []
[] Board: [OP15-118]
[] Trash: [OP15-075,OP13-076,OP12-063,OP15-061,OP12-071,OP15-077,OP12-063,OP15-061,OP15-077,OP15-078,OP05-077]
[] Life: 4
[] Hand: [OP17-040,OP17-118,OP17-055,OP17-046,OP17-042]
[] Trash: [OP17-055,OP17-057,OP17-044,OP17-055,OP17-056,OP17-053,OP17-055]
[] Board: [OP17-045,OP17-050,OP17-050,OP17-050,OP17-042]
[] Life: 4
[You] End Turn
[] Hand: [OP17-040,OP17-118,OP17-055,OP17-046,OP17-042]
[] Board: [OP17-045,OP17-050,OP17-050,OP17-050,OP17-042]
[] Trash: [OP17-055,OP17-057,OP17-044,OP17-055,OP17-056,OP17-053,OP17-055]
[] Life: 4
[] Hand: []
[] Trash: [OP15-075,OP13-076,OP12-063,OP15-061,OP12-071,OP15-077,OP12-063,OP15-061,OP15-077,OP15-078,OP05-077]
[] Board: [OP15-118]
[] Life: 4
RZ1|193|2|Don|9|0|5|0|1|1|1|0|0
RZ1|CHK|193|2|29|5|5|4|4|6|7|0|1|0
[Opponent] Draw 1 Card
[] Drew card from deck: Gloriosa ["OP17-046">OP17-046]
RZ1|194|2|OP17-046|0|28|1|5|1|1|0|0|0
RZ1|CHK|194|2|28|6|5|4|4|6|7|0|1|0
RZ1|195|2|Don|4|3|5|6|1|1|0|0|0
RZ1|CHK|195|2|28|6|5|4|3|7|7|0|1|0
RZ1|196|2|Don|4|2|5|7|1|1|0|0|0
RZ1|CHK|196|2|28|6|5|4|2|8|7|0|1|0
[Opponent] Draw 2 Don
[Opponent] Rocks D. Xebec ["OP17-039">OP17-039] attacking Enel ["OP15-058">OP15-058]
RZ1|197|2|OP17-055|1|2|6|7|1|1|0|0|0
RZ1|CHK|197|2|28|5|5|4|2|8|8|0|1|0
[Opponent] Rocks D. Xebec ["OP17-039">OP17-039]: Trash There's No Authority in the World ["OP17-055">OP17-055]
RZ1|198|2|OP17-118|0|27|0|27|0|0|0|0|0
RZ1|CHK|198|2|28|5|5|4|2|8|8|0|1|0
[Opponent] Rocks D. Xebec ["OP17-039">OP17-039] revealed: Rocks D. Xebec ["OP17-118">OP17-118]
[] Drew card from deck: Rocks D. Xebec ["OP17-118">OP17-118]
RZ1|199|2|OP17-118|0|27|1|5|1|1|0|0|0
RZ1|CHK|199|2|27|6|5|4|2|8|8|0|1|0
[] Drew card from deck: Charlotte Linlin ["OP17-049">OP17-049]
RZ1|200|2|OP17-049|0|26|1|6|1|1|0|0|0
RZ1|CHK|200|2|26|7|5|4|2|8|8|0|1|0
[Opponent] Rocks D. Xebec ["OP17-039">OP17-039]: Draw 2 Card
Rocks D. Xebec ["OP17-039">OP17-039][5000] vs Enel ["OP15-058">OP15-058][5000]
Enel ["OP15-058">OP15-058] hit for 1 damage
RZ1|201|1|OP15-067|3|3|1|0|1|1|0|0|0
RZ1|CHK|201|1|34|1|1|3|0|6|11|0|1|0
RZ1|202|2|Don|5|0|9|0|1|1|0|0|0
RZ1|CHK|202|2|26|7|5|4|2|7|8|0|1|1
[Opponent] Attach 1 Don to Kyo ["OP17-045">OP17-045] (1 Total)
[Opponent] Kyo ["OP17-045">OP17-045] attacking Enel ["OP15-058">OP15-058]
[You] Discard Shura ["OP15-067">OP15-067] for Counter 1000
RZ1|203|1|OP15-067|1|0|6|11|1|1|0|0|0
RZ1|CHK|203|1|34|0|1|3|0|6|12|0|1|0
Kyo ["OP17-045">OP17-045][5000] vs Enel ["OP15-058">OP15-058][6000]
Attack Fails
RZ1|204|2|Don|5|0|5|0|1|1|1|0|0
RZ1|CHK|204|2|26|7|5|4|2|7|8|0|1|1
RZ1|205|2|Don|5|1|5|1|1|1|1|0|0
RZ1|CHK|205|2|26|7|5|4|2|7|8|0|1|1
RZ1|206|2|Don|5|2|5|2|1|1|1|0|0
RZ1|CHK|206|2|26|7|5|4|2|7|8|0|1|1
RZ1|207|2|Don|5|3|5|3|1|1|1|0|0
RZ1|CHK|207|2|26|7|5|4|2|7|8|0|1|1
[Opponent] Trash Streusen ["OP17-050">OP17-050]
[Opponent] Deploy Kaido ["OP17-042">OP17-042]
RZ1|208|2|OP17-050|2|1|6|8|1|1|0|0|0
RZ1|CHK|208|2|26|7|4|4|2|7|9|0|1|1
RZ1|209|2|OP17-042|1|3|2|4|1|1|0|0|0
RZ1|CHK|209|2|26|6|5|4|2|7|9|0|1|1
[Opponent] Kaido ["OP17-042">OP17-042] revealed: Gloriosa ["OP17-046">OP17-046]
[Opponent] Kaido ["OP17-042">OP17-042] revealed: Gloriosa ["OP17-046">OP17-046]
[Opponent] Kaido ["OP17-042">OP17-042] revealed: Edward Newgate ["OP17-040">OP17-040]
[Opponent] Forcing opponent to resolve Card Action!
[You] Forcing opponent to resolve Card Action!
[Opponent] Kaido ["OP17-042">OP17-042]: Buff Enel ["OP15-118">OP15-118] -3000
RZ1|210|2|Don|5|4|9|300|1|1|0|0|0
RZ1|CHK|210|2|26|6|5|4|2|6|9|0|1|2
RZ1|211|2|Don|5|4|9|301|1|1|0|0|0
RZ1|CHK|211|2|26|6|5|4|2|5|9|0|1|3
[Opponent] Attach 2 Don to Kaido ["OP17-042">OP17-042] (2 Total)
[Opponent] Kaido ["OP17-042">OP17-042] attacking Enel ["OP15-058">OP15-058]
Kaido ["OP17-042">OP17-042][8000] vs Enel ["OP15-058">OP15-058][5000]
Enel ["OP15-058">OP15-058] hit for 1 damage
RZ1|212|1|OP15-067|3|2|1|0|1|1|0|0|0
RZ1|CHK|212|1|34|1|1|2|0|6|12|0|1|0
[] Hand: [OP17-040,OP17-118,OP17-046,OP17-046,OP17-118,OP17-049]
[] Board: [OP17-045,OP17-050,OP17-050,OP17-042,OP17-042]
[] Trash: [OP17-055,OP17-057,OP17-044,OP17-055,OP17-056,OP17-053,OP17-055,OP17-055,OP17-050]
[] Life: 4
[] Hand: [OP15-067]
[] Trash: [OP15-075,OP13-076,OP12-063,OP15-061,OP12-071,OP15-077,OP12-063,OP15-061,OP15-077,OP15-078,OP05-077,OP15-067]
[] Board: [OP15-118]
[] Life: 2
[Opponent] End Turn
[] Hand: [OP15-067]
[] Board: [OP15-118]
[] Trash: [OP15-075,OP13-076,OP12-063,OP15-061,OP12-071,OP15-077,OP12-063,OP15-061,OP15-077,OP15-078,OP05-077,OP15-067]
[] Life: 2
[] Hand: [OP17-040,OP17-118,OP17-046,OP17-046,OP17-118,OP17-049]
[] Trash: [OP17-055,OP17-057,OP17-044,OP17-055,OP17-056,OP17-053,OP17-055,OP17-055,OP17-050]
[] Board: [OP17-045,OP17-050,OP17-050,OP17-042,OP17-042]
[] Life: 4
[You] Draw 1 Card
[] Drew card from deck: Vinsmoke Reiju ["OP12-063">OP12-063]
RZ1|213|1|OP12-063|0|33|1|1|1|1|0|0|0
RZ1|CHK|213|1|33|2|1|2|0|6|12|0|1|0
[You] Enel ["OP15-118">OP15-118] attacking Kaido ["OP17-042">OP17-042]
[Opponent] Kaido ["OP17-042">OP17-042] Blocks
Enel ["OP15-118">OP15-118][10000] vs Kaido ["OP17-042">OP17-042][6000]
[Opponent] Kaido ["OP17-042">OP17-042] Destroyed
RZ1|214|2|OP17-042|2|4|6|9|1|1|0|0|0
RZ1|CHK|214|2|26|6|4|4|2|5|10|0|1|3
[You] Enel ["OP15-058">OP15-058] attacking Rocks D. Xebec ["OP17-039">OP17-039]
Enel ["OP15-058">OP15-058][5000] vs Rocks D. Xebec ["OP17-039">OP17-039][5000]
Rocks D. Xebec ["OP17-039">OP17-039] hit for 1 damage
RZ1|215|2|OP17-048|3|3|1|6|1|1|0|0|0
RZ1|CHK|215|2|26|7|4|3|2|5|10|0|1|3
RZ1|216|1|Don|5|0|5|0|1|1|1|0|0
RZ1|CHK|216|1|33|2|1|2|0|6|12|0|1|0
[You] Deploy Shura ["OP15-067">OP15-067]
RZ1|217|1|OP15-067|1|0|2|1|1|1|0|0|0
RZ1|CHK|217|1|33|1|2|2|0|6|12|0|1|0
RZ1|218|1|Don|5|0|4|0|1|1|0|0|0
RZ1|CHK|218|1|33|1|2|2|1|5|12|0|1|0
[You] Shura ["OP15-067">OP15-067]: Minus 1 Don
[] Drew card from deck: Shura ["OP15-067">OP15-067]
RZ1|219|1|OP15-067|0|32|1|1|1|1|0|0|0
RZ1|CHK|219|1|32|2|2|2|1|5|12|0|1|0
[You] Shura ["OP15-067">OP15-067]: Draw 1 Card
RZ1|220|1|Don|5|0|9|100|1|1|0|0|0
RZ1|CHK|220|1|32|2|2|2|1|4|12|0|1|1
RZ1|221|1|Don|5|0|9|101|1|1|0|0|0
RZ1|CHK|221|1|32|2|2|2|1|3|12|0|1|2
RZ1|222|1|Don|5|0|9|102|1|1|0|0|0
RZ1|CHK|222|1|32|2|2|2|1|2|12|0|1|3
[You] Attach 3 Don to Shura ["OP15-067">OP15-067] (3 Total)
[You] Shura ["OP15-067">OP15-067] attacking Rocks D. Xebec ["OP17-039">OP17-039]
Shura ["OP15-067">OP15-067][5000] vs Rocks D. Xebec ["OP17-039">OP17-039][5000]
Rocks D. Xebec ["OP17-039">OP17-039] hit for 1 damage
RZ1|223|2|OP17-057|3|2|1|7|1|1|0|0|0
RZ1|CHK|223|2|26|8|4|2|2|5|10|0|1|3
Enel ["OP15-058">OP15-058]: Draw 1 Don
RZ1|224|1|Don|4|0|5|2|1|1|0|0|0
RZ1|CHK|224|1|32|2|2|2|0|3|12|0|1|3
RZ1|225|1|Don|5|0|5|0|1|1|1|0|0
RZ1|CHK|225|1|32|2|2|2|0|3|12|0|1|3
[You] Deploy Shura ["OP15-067">OP15-067]
RZ1|226|1|OP15-067|1|1|2|2|1|1|0|0|0
RZ1|CHK|226|1|32|1|3|2|0|3|12|0|1|3
RZ1|227|1|Don|9|100|4|0|1|1|0|0|0
RZ1|CHK|227|1|32|1|3|2|1|3|12|0|1|2
[You] Shura ["OP15-067">OP15-067]: Minus 1 Don
[] Drew card from deck: Gamma Knife ["OP05-077">OP05-077]
RZ1|228|1|OP05-077|0|31|1|1|1|1|0|0|0
RZ1|CHK|228|1|31|2|3|2|1|3|12|0|1|2
[You] Shura ["OP15-067">OP15-067]: Draw 1 Card
[You] Gamma Knife ["OP05-077">OP05-077]: Rest 2 Don
RZ1|229|1|Don|5|1|5|1|1|1|1|0|0
RZ1|CHK|229|1|31|2|3|2|1|3|12|0|1|2
RZ1|230|1|Don|5|2|5|2|1|1|1|0|0
RZ1|CHK|230|1|31|2|3|2|1|3|12|0|1|2
RZ1|231|1|OP05-077|1|1|6|12|1|1|0|0|0
RZ1|CHK|231|1|31|1|3|2|1|3|13|0|1|2
[] Hand: [OP12-063]
[] Board: [OP15-118,OP15-067,OP15-067]
[] Trash: [OP15-075,OP13-076,OP12-063,OP15-061,OP12-071,OP15-077,OP12-063,OP15-061,OP15-077,OP15-078,OP05-077,OP15-067,OP05-077]
[] Life: 2
[] Hand: [OP17-040,OP17-118,OP17-046,OP17-046,OP17-118,OP17-049,OP17-048,OP17-057]
[] Trash: [OP17-055,OP17-057,OP17-044,OP17-055,OP17-056,OP17-053,OP17-055,OP17-055,OP17-050,OP17-042]
[] Board: [OP17-045,OP17-050,OP17-050,OP17-042]
[] Life: 2
[You] End Turn
[] Hand: [OP17-040,OP17-118,OP17-046,OP17-046,OP17-118,OP17-049,OP17-048,OP17-057]
[] Board: [OP17-045,OP17-050,OP17-050,OP17-042]
[] Trash: [OP17-055,OP17-057,OP17-044,OP17-055,OP17-056,OP17-053,OP17-055,OP17-055,OP17-050,OP17-042]
[] Life: 2
[] Hand: [OP12-063]
[] Trash: [OP15-075,OP13-076,OP12-063,OP15-061,OP12-071,OP15-077,OP12-063,OP15-061,OP15-077,OP15-078,OP05-077,OP15-067,OP05-077]
[] Board: [OP15-118,OP15-067,OP15-067]
[] Life: 2
RZ1|232|2|Don|9|0|5|0|1|1|1|0|0
RZ1|CHK|232|2|26|8|4|2|2|6|10|0|1|2
RZ1|233|2|Don|9|300|5|0|1|1|1|0|0
RZ1|CHK|233|2|26|8|4|2|2|7|10|0|1|1
RZ1|234|2|Don|9|300|5|0|1|1|1|0|0
RZ1|CHK|234|2|26|8|4|2|2|8|10|0|1|0
[Opponent] Draw 1 Card
[] Drew card from deck: Stussy ["OP17-054">OP17-054]
RZ1|235|2|OP17-054|0|25|1|8|1|1|0|0|0
RZ1|CHK|235|2|25|9|4|2|2|8|10|0|1|0
RZ1|236|2|Don|4|1|5|8|1|1|0|0|0
RZ1|CHK|236|2|25|9|4|2|1|9|10|0|1|0
RZ1|237|2|Don|4|0|5|9|1|1|0|0|0
RZ1|CHK|237|2|25|9|4|2|0|10|10|0|1|0
[Opponent] Draw 2 Don
RZ1|238|2|Don|5|0|5|0|1|1|1|0|0
RZ1|CHK|238|2|25|9|4|2|0|10|10|0|1|0
RZ1|239|2|Don|5|1|5|1|1|1|1|0|0
RZ1|CHK|239|2|25|9|4|2|0|10|10|0|1|0
RZ1|240|2|Don|5|2|5|2|1|1|1|0|0
RZ1|CHK|240|2|25|9|4|2|0|10|10|0|1|0
RZ1|241|2|Don|5|3|5|3|1|1|1|0|0
RZ1|CHK|241|2|25|9|4|2|0|10|10|0|1|0
RZ1|242|2|Don|5|4|5|4|1|1|1|0|0
RZ1|CHK|242|2|25|9|4|2|0|10|10|0|1|0
RZ1|243|2|Don|5|5|5|5|1|1|1|0|0
RZ1|CHK|243|2|25|9|4|2|0|10|10|0|1|0
RZ1|244|2|Don|5|6|5|6|1|1|1|0|0
RZ1|CHK|244|2|25|9|4|2|0|10|10|0|1|0
RZ1|245|2|Don|5|7|5|7|1|1|1|0|0
RZ1|CHK|245|2|25|9|4|2|0|10|10|0|1|0
RZ1|246|2|Don|5|8|5|8|1|1|1|0|0
RZ1|CHK|246|2|25|9|4|2|0|10|10|0|1|0
RZ1|247|2|Don|5|9|5|9|1|1|1|0|0
RZ1|CHK|247|2|25|9|4|2|0|10|10|0|1|0
[Opponent] Deploy Rocks D. Xebec ["OP17-118">OP17-118]
RZ1|248|2|OP17-118|1|1|2|4|1|1|0|0|0
RZ1|CHK|248|2|25|8|5|2|0|10|10|0|1|0
[] Drew card from deck: Charlotte Linlin ["OP17-049">OP17-049]
RZ1|249|2|OP17-049|0|24|1|8|1|1|0|0|0
RZ1|CHK|249|2|24|9|5|2|0|10|10|0|1|0
[Opponent] Rocks D. Xebec ["OP17-118">OP17-118]: Draw 1 Card
RZ1|250|2|OP17-050|2|1|6|10|1|1|0|0|0
RZ1|CHK|250|2|24|9|4|2|0|10|11|0|1|0
[Opponent] Trash Streusen ["OP17-050">OP17-050]
RZ1|251|2|OP17-046|1|1|2|4|1|1|0|0|0
RZ1|CHK|251|2|24|8|5|2|0|10|11|0|1|0
[Opponent] Rocks D. Xebec ["OP17-118">OP17-118]: Deploy Gloriosa ["OP17-046">OP17-046]
RZ1|252|2|OP17-050|2|1|6|11|1|1|0|0|0
RZ1|CHK|252|2|24|8|4|2|0|10|12|0|1|0
[Opponent] Trash Streusen ["OP17-050">OP17-050]
RZ1|253|2|OP17-054|1|6|2|4|1|1|0|0|0
RZ1|CHK|253|2|24|7|5|2|0|10|12|0|1|0
[Opponent] Rocks D. Xebec ["OP17-118">OP17-118]: Deploy Stussy ["OP17-054">OP17-054]
[Opponent] Gloriosa ["OP17-046">OP17-046]: Return Kyo ["OP17-045">OP17-045] to Deck Bottom
RZ1|254|2|OP17-045|2|0|0|0|0|0|0|0|0
RZ1|CHK|254|2|25|7|4|2|0|10|12|0|1|0
[Opponent] Stussy ["OP17-054">OP17-054]: Enel ["OP15-118">OP15-118] can't attack next turn
[Opponent] Kaido ["OP17-042">OP17-042] attacking Enel ["OP15-058">OP15-058]
Kaido ["OP17-042">OP17-042][6000] vs Enel ["OP15-058">OP15-058][5000]
Enel ["OP15-058">OP15-058] hit for 1 damage
RZ1|255|1|OP05-077|3|1|1|1|1|1|0|0|0
RZ1|CHK|255|1|31|2|3|1|1|3|13|0|1|2
[Opponent] Rocks D. Xebec ["OP17-039">OP17-039] attacking Enel ["OP15-058">OP15-058]
RZ1|256|2|OP17-057|1|5|6|12|1|1|0|0|0
RZ1|CHK|256|2|25|6|4|2|0|10|13|0|1|0
[Opponent] Rocks D. Xebec ["OP17-039">OP17-039]: Trash Fullalead ["OP17-057">OP17-057]
RZ1|257|2|OP17-056|0|24|0|24|0|0|0|0|0
RZ1|CHK|257|2|25|6|4|2|0|10|13|0|1|0
[Opponent] Rocks D. Xebec ["OP17-039">OP17-039] revealed: Rocks Pirates ["OP17-056">OP17-056]
[] Drew card from deck: Rocks Pirates ["OP17-056">OP17-056]
RZ1|258|2|OP17-056|0|24|1|6|1|1|0|0|0
RZ1|CHK|258|2|24|7|4|2|0|10|13|0|1|0
[] Drew card from deck: Stussy ["OP17-054">OP17-054]
RZ1|259|2|OP17-054|0|23|1|7|1|1|0|0|0
RZ1|CHK|259|2|23|8|4|2|0|10|13|0|1|0
[Opponent] Rocks D. Xebec ["OP17-039">OP17-039]: Draw 2 Card
Rocks D. Xebec ["OP17-039">OP17-039][5000] vs Enel ["OP15-058">OP15-058][5000]
Enel ["OP15-058">OP15-058] hit for 1 damage
RZ1|260|1|OP15-077|3|0|1|2|1|1|0|0|0
RZ1|CHK|260|1|31|3|3|0|1|3|13|0|1|2
[] Hand: [OP17-040,OP17-046,OP17-118,OP17-049,OP17-048,OP17-049,OP17-056,OP17-054]
[] Board: [OP17-042,OP17-118,OP17-046,OP17-054]
[] Trash: [OP17-055,OP17-057,OP17-044,OP17-055,OP17-056,OP17-053,OP17-055,OP17-055,OP17-050,OP17-042,OP17-050,OP17-050,OP17-057]
[] Life: 2
[] Hand: [OP12-063,OP05-077,OP15-077]
[] Trash: [OP15-075,OP13-076,OP12-063,OP15-061,OP12-071,OP15-077,OP12-063,OP15-061,OP15-077,OP15-078,OP05-077,OP15-067,OP05-077]
[] Board: [OP15-118,OP15-067,OP15-067]
[] Life: 0
[Opponent] End Turn
[] Hand: [OP12-063,OP05-077,OP15-077]
[] Board: [OP15-118,OP15-067,OP15-067]
[] Trash: [OP15-075,OP13-076,OP12-063,OP15-061,OP12-071,OP15-077,OP12-063,OP15-061,OP15-077,OP15-078,OP05-077,OP15-067,OP05-077]
[] Life: 0
[] Hand: [OP17-040,OP17-046,OP17-118,OP17-049,OP17-048,OP17-049,OP17-056,OP17-054]
[] Trash: [OP17-055,OP17-057,OP17-044,OP17-055,OP17-056,OP17-053,OP17-055,OP17-055,OP17-050,OP17-042,OP17-050,OP17-050,OP17-057]
[] Board: [OP17-042,OP17-118,OP17-046,OP17-054]
[] Life: 2
RZ1|261|1|Don|9|100|5|0|1|1|1|0|0
RZ1|CHK|261|1|31|3|3|0|1|4|13|0|1|1
RZ1|262|1|Don|9|100|5|0|1|1|1|0|0
RZ1|CHK|262|1|31|3|3|0|1|5|13|0|1|0
[You] Draw 1 Card
[] Drew card from deck: Franky ["OP09-072">OP09-072]
RZ1|263|1|OP09-072|0|30|1|3|1|1|0|0|0
RZ1|CHK|263|1|30|4|3|0|1|5|13|0|1|0
RZ1|264|1|Don|4|0|5|5|1|1|0|0|0
RZ1|CHK|264|1|30|4|3|0|0|6|13|0|1|0
[You] Draw 2 Don
RZ1|265|1|Don|5|0|9|9900|1|1|0|0|0
RZ1|CHK|265|1|30|4|3|0|0|5|13|0|1|1
RZ1|266|1|Don|5|0|9|9901|1|1|0|0|0
RZ1|CHK|266|1|30|4|3|0|0|4|13|0|1|2
[You] Attach 2 Don to Enel ["OP15-058">OP15-058] (2 Total)
RZ1|267|1|Don|5|0|9|100|1|1|0|0|0
RZ1|CHK|267|1|30|4|3|0|0|3|13|0|1|3
RZ1|268|1|Don|5|0|9|101|1|1|0|0|0
RZ1|CHK|268|1|30|4|3|0|0|2|13|0|1|4
RZ1|269|1|Don|5|0|9|102|1|1|0|0|0
RZ1|CHK|269|1|30|4|3|0|0|1|13|0|1|5
[You] Attach 3 Don to Shura ["OP15-067">OP15-067] (3 Total)
[You] Shura ["OP15-067">OP15-067] attacking Rocks D. Xebec ["OP17-039">OP17-039]
[Opponent] Gloriosa ["OP17-046">OP17-046] Blocks
Shura ["OP15-067">OP15-067][5000] vs Gloriosa ["OP17-046">OP17-046][1000]
[Opponent] Gloriosa ["OP17-046">OP17-046] Destroyed
RZ1|270|2|OP17-046|2|2|6|13|1|1|0|0|0
RZ1|CHK|270|2|23|8|3|2|0|10|14|0|1|0
[You] Enel ["OP15-058">OP15-058] attacking Rocks D. Xebec ["OP17-039">OP17-039]
Enel ["OP15-058">OP15-058][7000] vs Rocks D. Xebec ["OP17-039">OP17-039][5000]
Rocks D. Xebec ["OP17-039">OP17-039] hit for 1 damage
RZ1|271|2|OP17-118|3|1|1|8|1|1|0|0|0
RZ1|CHK|271|2|23|9|3|1|0|10|14|0|1|0
[You] Enel ["OP15-118">OP15-118] is no longer blocked from attacking
[] Hand: [OP12-063,OP05-077,OP15-077,OP09-072]
[] Board: [OP15-118,OP15-067,OP15-067]
[] Trash: [OP15-075,OP13-076,OP12-063,OP15-061,OP12-071,OP15-077,OP12-063,OP15-061,OP15-077,OP15-078,OP05-077,OP15-067,OP05-077]
[] Life: 0
[] Hand: [OP17-040,OP17-046,OP17-118,OP17-049,OP17-048,OP17-049,OP17-056,OP17-054,OP17-118]
[] Trash: [OP17-055,OP17-057,OP17-044,OP17-055,OP17-056,OP17-053,OP17-055,OP17-055,OP17-050,OP17-042,OP17-050,OP17-050,OP17-057,OP17-046]
[] Board: [OP17-042,OP17-118,OP17-054]
[] Life: 1
[You] End Turn
[] Hand: [OP17-040,OP17-046,OP17-118,OP17-049,OP17-048,OP17-049,OP17-056,OP17-054,OP17-118]
[] Board: [OP17-042,OP17-118,OP17-054]
[] Trash: [OP17-055,OP17-057,OP17-044,OP17-055,OP17-056,OP17-053,OP17-055,OP17-055,OP17-050,OP17-042,OP17-050,OP17-050,OP17-057,OP17-046]
[] Life: 1
[] Hand: [OP12-063,OP05-077,OP15-077,OP09-072]
[] Trash: [OP15-075,OP13-076,OP12-063,OP15-061,OP12-071,OP15-077,OP12-063,OP15-061,OP15-077,OP15-078,OP05-077,OP15-067,OP05-077]
[] Board: [OP15-118,OP15-067,OP15-067]
[] Life: 0
[Opponent] Draw 1 Card
[] Drew card from deck: Shiki ["OP17-048">OP17-048]
RZ1|272|2|OP17-048|0|22|1|9|1|1|0|0|0
RZ1|CHK|272|2|22|10|3|1|0|10|14|0|1|0
[Opponent] Rocks D. Xebec ["OP17-118">OP17-118] attacking Enel ["OP15-058">OP15-058]
Rocks D. Xebec ["OP17-118">OP17-118][12000] vs Enel ["OP15-058">OP15-058][5000]
Enel ["OP15-058">OP15-058] hit for 1 damage
[You] <b>Downloaded the Combat Log!</b>
GameOver