Version is 1.43a.1
[You] Leader is Enel ["OP15-058">OP15-058]
[Opponent] Leader is Portgas D. Ace ["OP16-001">OP16-001]
RZ1|5|2|OP16-015|0|14|0|0|0|0|0|0|0
RZ1|CHK|5|2|50|0|0|0|10|0|0|0|1|0
RZ1|6|2|OP10-005|0|9|0|1|0|0|0|0|0
RZ1|CHK|6|2|50|0|0|0|10|0|0|0|1|0
RZ1|7|2|OP16-010|0|7|0|2|0|0|0|0|0
RZ1|CHK|7|2|50|0|0|0|10|0|0|0|1|0
RZ1|8|2|OP16-021|0|48|0|3|0|0|0|0|0
RZ1|CHK|8|2|50|0|0|0|10|0|0|0|1|0
RZ1|9|2|OP16-015|0|15|0|4|0|0|0|0|0
RZ1|CHK|9|2|50|0|0|0|10|0|0|0|1|0
RZ1|10|2|OP16-118|0|23|0|5|0|0|0|0|0
RZ1|CHK|10|2|50|0|0|0|10|0|0|0|1|0
RZ1|11|2|OP16-118|0|23|0|6|0|0|0|0|0
RZ1|CHK|11|2|50|0|0|0|10|0|0|0|1|0
RZ1|12|2|OP13-016|0|8|0|7|0|0|0|0|0
RZ1|CHK|12|2|50|0|0|0|10|0|0|0|1|0
RZ1|13|2|OP16-010|0|11|0|8|0|0|0|0|0
RZ1|CHK|13|2|50|0|0|0|10|0|0|0|1|0
RZ1|14|2|OP16-004|0|36|0|9|0|0|0|0|0
RZ1|CHK|14|2|50|0|0|0|10|0|0|0|1|0
RZ1|15|2|OP16-014|0|32|0|10|0|0|0|0|0
RZ1|CHK|15|2|50|0|0|0|10|0|0|0|1|0
RZ1|16|2|OP16-010|0|14|0|11|0|0|0|0|0
RZ1|CHK|16|2|50|0|0|0|10|0|0|0|1|0
RZ1|17|2|OP14-018|0|46|0|12|0|0|0|0|0
RZ1|CHK|17|2|50|0|0|0|10|0|0|0|1|0
RZ1|18|2|OP14-018|0|46|0|13|0|0|0|0|0
RZ1|CHK|18|2|50|0|0|0|10|0|0|0|1|0
RZ1|19|2|OP16-003|0|40|0|14|0|0|0|0|0
RZ1|CHK|19|2|50|0|0|0|10|0|0|0|1|0
RZ1|20|2|OP16-015|0|21|0|15|0|0|0|0|0
RZ1|CHK|20|2|50|0|0|0|10|0|0|0|1|0
RZ1|21|2|OP16-011|0|33|0|16|0|0|0|0|0
RZ1|CHK|21|2|50|0|0|0|10|0|0|0|1|0
RZ1|22|2|OP16-017|0|25|0|17|0|0|0|0|0
RZ1|CHK|22|2|50|0|0|0|10|0|0|0|1|0
RZ1|23|2|OP16-014|0|35|0|18|0|0|0|0|0
RZ1|CHK|23|2|50|0|0|0|10|0|0|0|1|0
RZ1|24|2|EB01-002|0|29|0|19|0|0|0|0|0
RZ1|CHK|24|2|50|0|0|0|10|0|0|0|1|0
RZ1|25|2|OP16-021|0|48|0|20|0|0|0|0|0
RZ1|CHK|25|2|50|0|0|0|10|0|0|0|1|0
RZ1|26|2|OP16-015|0|27|0|21|0|0|0|0|0
RZ1|CHK|26|2|50|0|0|0|10|0|0|0|1|0
RZ1|27|2|OP16-017|0|29|0|22|0|0|0|0|0
RZ1|CHK|27|2|50|0|0|0|10|0|0|0|1|0
RZ1|28|2|OP16-014|0|36|0|24|0|0|0|0|0
RZ1|CHK|28|2|50|0|0|0|10|0|0|0|1|0
RZ1|29|2|OP16-011|0|36|0|25|0|0|0|0|0
RZ1|CHK|29|2|50|0|0|0|10|0|0|0|1|0
RZ1|30|2|OP16-003|0|41|0|26|0|0|0|0|0
RZ1|CHK|30|2|50|0|0|0|10|0|0|0|1|0
RZ1|31|2|OP16-005|0|46|0|27|0|0|0|0|0
RZ1|CHK|31|2|50|0|0|0|10|0|0|0|1|0
RZ1|32|2|OP16-003|0|43|0|28|0|0|0|0|0
RZ1|CHK|32|2|50|0|0|0|10|0|0|0|1|0
RZ1|33|2|OP16-005|0|45|0|29|0|0|0|0|0
RZ1|CHK|33|2|50|0|0|0|10|0|0|0|1|0
RZ1|34|2|EB01-002|0|37|0|30|0|0|0|0|0
RZ1|CHK|34|2|50|0|0|0|10|0|0|0|1|0
RZ1|35|2|OP10-005|0|34|0|31|0|0|0|0|0
RZ1|CHK|35|2|50|0|0|0|10|0|0|0|1|0
RZ1|36|2|OP13-016|0|33|0|32|0|0|0|0|0
RZ1|CHK|36|2|50|0|0|0|10|0|0|0|1|0
RZ1|37|2|OP16-005|0|46|0|33|0|0|0|0|0
RZ1|CHK|37|2|50|0|0|0|10|0|0|0|1|0
RZ1|38|2|OP16-017|0|37|0|34|0|0|0|0|0
RZ1|CHK|38|2|50|0|0|0|10|0|0|0|1|0
RZ1|39|2|OP16-011|0|41|0|35|0|0|0|0|0
RZ1|CHK|39|2|50|0|0|0|10|0|0|0|1|0
RZ1|40|2|OP16-014|0|42|0|36|0|0|0|0|0
RZ1|CHK|40|2|50|0|0|0|10|0|0|0|1|0
RZ1|41|2|OP16-010|0|38|0|37|0|0|0|0|0
RZ1|CHK|41|2|50|0|0|0|10|0|0|0|1|0
RZ1|42|2|OP16-004|0|45|0|38|0|0|0|0|0
RZ1|CHK|42|2|50|0|0|0|10|0|0|0|1|0
RZ1|43|2|OP10-005|0|40|0|39|0|0|0|0|0
RZ1|CHK|43|2|50|0|0|0|10|0|0|0|1|0
RZ1|44|2|OP16-021|0|48|0|40|0|0|0|0|0
RZ1|CHK|44|2|50|0|0|0|10|0|0|0|1|0
RZ1|45|2|OP16-005|0|48|0|41|0|0|0|0|0
RZ1|CHK|45|2|50|0|0|0|10|0|0|0|1|0
RZ1|46|2|OP16-017|0|43|0|42|0|0|0|0|0
RZ1|CHK|46|2|50|0|0|0|10|0|0|0|1|0
RZ1|47|2|OP16-021|0|49|0|43|0|0|0|0|0
RZ1|CHK|47|2|50|0|0|0|10|0|0|0|1|0
RZ1|48|2|OP16-004|0|47|0|44|0|0|0|0|0
RZ1|CHK|48|2|50|0|0|0|10|0|0|0|1|0
RZ1|49|2|OP16-118|0|46|0|45|0|0|0|0|0
RZ1|CHK|49|2|50|0|0|0|10|0|0|0|1|0
[] Drew card from deck: Gum Gum Lightning ["OP09-077">OP09-077]
RZ1|50|1|OP09-077|0|49|1|0|1|1|0|0|0
RZ1|CHK|50|1|49|1|0|0|6|0|0|0|1|0
[] Drew card from deck: Satori ["OP15-066">OP15-066]
RZ1|51|1|OP15-066|0|48|1|1|1|1|0|0|0
RZ1|CHK|51|1|48|2|0|0|6|0|0|0|1|0
[] Drew card from deck: Enel ["OP15-118">OP15-118]
RZ1|52|1|OP15-118|0|47|1|2|1|1|0|0|0
RZ1|CHK|52|1|47|3|0|0|6|0|0|0|1|0
[] Drew card from deck: Lightning Dragon ["OP15-077">OP15-077]
RZ1|53|1|OP15-077|0|46|1|3|1|1|0|0|0
RZ1|CHK|53|1|46|4|0|0|6|0|0|0|1|0
[] Drew card from deck: Ohm ["OP15-061">OP15-061]
RZ1|54|1|OP15-061|0|45|1|4|1|1|0|0|0
RZ1|CHK|54|1|45|5|0|0|6|0|0|0|1|0
[] Drew card from deck: Edward Newgate ["OP16-003">OP16-003]
RZ1|55|2|OP16-003|0|49|1|0|1|1|0|0|0
RZ1|CHK|55|2|49|1|0|0|10|0|0|0|1|0
[] Drew card from deck: Curiel ["OP16-004">OP16-004]
RZ1|56|2|OP16-004|0|48|1|1|1|1|0|0|0
RZ1|CHK|56|2|48|2|0|0|10|0|0|0|1|0
[] Drew card from deck: Vista ["OP16-011">OP16-011]
RZ1|57|2|OP16-011|0|47|1|2|1|1|0|0|0
RZ1|CHK|57|2|47|3|0|0|10|0|0|0|1|0
[] Drew card from deck: Monkey D. Garp ["OP13-016">OP13-016]
RZ1|58|2|OP13-016|0|46|1|3|1|1|0|0|0
RZ1|CHK|58|2|46|4|0|0|10|0|0|0|1|0
[] Drew card from deck: Portgas D. Ace ["OP16-118">OP16-118]
RZ1|59|2|OP16-118|0|45|1|4|1|1|0|0|0
RZ1|CHK|59|2|45|5|0|0|10|0|0|0|1|0
RZ1|60|1|OP15-078|0|44|3|0|1|0|0|0|0
RZ1|CHK|60|1|44|5|0|1|6|0|0|0|1|0
RZ1|61|1|OP15-077|0|43|3|1|1|0|0|0|0
RZ1|CHK|61|1|43|5|0|2|6|0|0|0|1|0
RZ1|62|1|ST10-010|0|42|3|2|1|0|0|0|0
RZ1|CHK|62|1|42|5|0|3|6|0|0|0|1|0
RZ1|63|1|OP15-076|0|41|3|3|1|0|0|0|0
RZ1|CHK|63|1|41|5|0|4|6|0|0|0|1|0
RZ1|64|1|OP10-067|0|40|3|4|1|0|0|0|0
RZ1|CHK|64|1|40|5|0|5|6|0|0|0|1|0
RZ1|65|2|OP16-004|0|44|3|0|0|1|0|0|0
RZ1|CHK|65|2|44|5|0|1|10|0|0|0|1|0
RZ1|66|2|OP16-021|0|43|3|1|0|1|0|0|0
RZ1|CHK|66|2|43|5|0|2|10|0|0|0|1|0
RZ1|67|2|OP16-017|0|42|3|2|0|1|0|0|0
RZ1|CHK|67|2|42|5|0|3|10|0|0|0|1|0
RZ1|68|2|OP16-005|0|41|3|3|0|1|0|0|0
RZ1|CHK|68|2|41|5|0|4|10|0|0|0|1|0
RZ1|69|2|OP16-021|0|40|3|4|0|1|0|0|0
RZ1|CHK|69|2|40|5|0|5|10|0|0|0|1|0
[] Hand: [OP09-077,OP15-066,OP15-118,OP15-077,OP15-061]
[] Board: []
[] Trash: []
[] Life: 5
[] Hand: [OP16-003,OP16-004,OP16-011,OP13-016,OP16-118]
[] Trash: []
[] Board: []
[] Life: 5
RZ1|70|1|Don|4|5|5|0|1|1|0|0|0
RZ1|CHK|70|1|40|5|0|5|5|1|0|0|1|0
[You] Draw 1 Don
RZ1|71|1|Don|5|0|5|0|1|1|1|0|0
RZ1|CHK|71|1|40|5|0|5|5|1|0|0|1|0
[You] Deploy Satori ["OP15-066">OP15-066]
RZ1|72|1|OP15-066|1|1|2|0|1|1|0|0|0
RZ1|CHK|72|1|40|4|1|5|5|1|0|0|1|0
RZ1|73|1|Don|5|0|4|5|1|1|0|0|0
RZ1|CHK|73|1|40|4|1|5|6|0|0|0|1|0
[You] Satori ["OP15-066">OP15-066]: Minus 1 Don
[] Drew card from deck: Ohm ["OP15-061">OP15-061]
RZ1|74|1|OP15-061|0|39|1|4|1|1|0|0|0
RZ1|CHK|74|1|39|5|1|5|6|0|0|0|1|0
[You] Satori ["OP15-066">OP15-066]: Draw 1 Card
[] Hand: [OP09-077,OP15-118,OP15-077,OP15-061,OP15-061]
[] Board: [OP15-066]
[] Trash: []
[] Life: 5
[] Hand: [OP16-003,OP16-004,OP16-011,OP13-016,OP16-118]
[] Trash: []
[] Board: []
[] Life: 5
[You] End Turn
[] Hand: [OP16-003,OP16-004,OP16-011,OP13-016,OP16-118]
[] Board: []
[] Trash: []
[] Life: 5
[] Hand: [OP09-077,OP15-118,OP15-077,OP15-061,OP15-061]
[] Trash: []
[] Board: [OP15-066]
[] Life: 5
[Opponent] Draw 1 Card
[] Drew card from deck: Sanji ["OP10-005">OP10-005]
RZ1|75|2|OP10-005|0|39|1|5|1|1|0|0|0
RZ1|CHK|75|2|39|6|0|5|10|0|0|0|1|0
RZ1|76|2|Don|4|9|5|0|1|1|0|0|0
RZ1|CHK|76|2|39|6|0|5|9|1|0|0|1|0
RZ1|77|2|Don|4|8|5|1|1|1|0|0|0
RZ1|CHK|77|2|39|6|0|5|8|2|0|0|1|0
[Opponent] Draw 2 Don
RZ1|78|2|Don|5|0|5|0|1|1|1|0|0
RZ1|CHK|78|2|39|6|0|5|8|2|0|0|1|0
[Opponent] Deploy Monkey D. Garp ["OP13-016">OP13-016]
RZ1|79|2|OP13-016|1|3|2|0|1|1|0|0|0
RZ1|CHK|79|2|39|5|1|5|8|2|0|0|1|0
RZ1|80|2|OP16-004|0|38|1|5|1|1|0|0|0
RZ1|CHK|80|2|38|6|1|5|8|2|0|0|1|0
[Opponent] Monkey D. Garp ["OP13-016">OP13-016]: <b>Reveal and Draw Curiel ["OP16-004">OP16-004]</b>
[Opponent] Placing Cards on Bottom of Deck
RZ1|81|2|OP16-010|0|37|0|0|0|0|0|0|0
RZ1|CHK|81|2|38|6|1|5|8|2|0|0|1|0
RZ1|82|2|OP16-014|0|37|0|0|0|0|0|0|0
RZ1|CHK|82|2|38|6|1|5|8|2|0|0|1|0
RZ1|83|2|OP16-011|0|37|0|0|0|0|0|0|0
RZ1|CHK|83|2|38|6|1|5|8|2|0|0|1|0
[] Hand: [OP16-003,OP16-004,OP16-011,OP16-118,OP10-005,OP16-004]
[] Board: [OP13-016]
[] Trash: []
[] Life: 5
[] Hand: [OP09-077,OP15-118,OP15-077,OP15-061,OP15-061]
[] Trash: []
[] Board: [OP15-066]
[] Life: 5
[Opponent] End Turn
[] Hand: [OP09-077,OP15-118,OP15-077,OP15-061,OP15-061]
[] Board: [OP15-066]
[] Trash: []
[] Life: 5
[] Hand: [OP16-003,OP16-004,OP16-011,OP16-118,OP10-005,OP16-004]
[] Trash: []
[] Board: [OP13-016]
[] Life: 5
[You] Draw 1 Card
[] Drew card from deck: Divine Departure ["OP13-076">OP13-076]
RZ1|84|1|OP13-076|0|38|1|5|1|1|0|0|0
RZ1|CHK|84|1|38|6|1|5|6|0|0|0|1|0
RZ1|85|1|Don|4|5|5|0|1|1|0|0|0
RZ1|CHK|85|1|38|6|1|5|5|1|0|0|1|0
RZ1|86|1|Don|4|4|5|1|1|1|0|0|0
RZ1|CHK|86|1|38|6|1|5|4|2|0|0|1|0
[You] Draw 2 Don
[You] Enel ["OP15-058">OP15-058] attacking Portgas D. Ace ["OP16-001">OP16-001]
Enel ["OP15-058">OP15-058][5000] vs Portgas D. Ace ["OP16-001">OP16-001][5000]
Portgas D. Ace ["OP16-001">OP16-001] hit for 1 damage
RZ1|87|2|OP16-021|3|4|1|6|1|1|0|0|0
RZ1|CHK|87|2|38|7|1|4|8|2|0|0|1|0
RZ1|88|1|Don|5|0|5|0|1|1|1|0|0
RZ1|CHK|88|1|38|6|1|5|4|2|0|0|1|0
[You] Deploy Ohm ["OP15-061">OP15-061]
RZ1|89|1|OP15-061|1|3|2|1|1|1|0|0|0
RZ1|CHK|89|1|38|5|2|5|4|2|0|0|1|0
RZ1|90|1|Don|5|0|4|4|1|1|0|0|0
RZ1|CHK|90|1|38|5|2|5|5|1|0|0|1|0
[You] Ohm ["OP15-061">OP15-061]: Minus 1 Don
[] Drew card from deck: Enel ["OP15-118">OP15-118]
RZ1|91|1|OP15-118|0|37|1|5|1|1|0|0|0
RZ1|CHK|91|1|37|6|2|5|5|1|0|0|1|0
[You] Ohm ["OP15-061">OP15-061]: Draw 1 Card
RZ1|92|1|Don|5|0|5|0|1|1|1|0|0
RZ1|CHK|92|1|37|6|2|5|5|1|0|0|1|0
[You] Deploy Ohm ["OP15-061">OP15-061]
RZ1|93|1|OP15-061|1|3|2|2|1|1|0|0|0
RZ1|CHK|93|1|37|5|3|5|5|1|0|0|1|0
RZ1|94|1|Don|5|0|4|5|1|1|0|0|0
RZ1|CHK|94|1|37|5|3|5|6|0|0|0|1|0
[You] Ohm ["OP15-061">OP15-061]: Minus 1 Don
[] Drew card from deck: Ohm ["OP15-061">OP15-061]
RZ1|95|1|OP15-061|0|36|1|5|1|1|0|0|0
RZ1|CHK|95|1|36|6|3|5|6|0|0|0|1|0
[You] Ohm ["OP15-061">OP15-061]: Draw 1 Card
[You] Satori ["OP15-066">OP15-066] attacking Portgas D. Ace ["OP16-001">OP16-001]
[You] Placing Cards on Bottom of Deck
RZ1|96|1|OP15-077|0|35|0|0|0|0|0|0|0
RZ1|CHK|96|1|36|6|3|5|6|0|0|0|1|0
RZ1|97|1|OP15-077|0|35|0|0|0|0|0|0|0
RZ1|CHK|97|1|36|6|3|5|6|0|0|0|1|0
Satori ["OP15-066">OP15-066][2000] vs Portgas D. Ace ["OP16-001">OP16-001][5000]
Attack Fails
Enel ["OP15-058">OP15-058]: Draw 1 Don
RZ1|98|1|Don|4|5|5|0|1|1|0|0|0
RZ1|CHK|98|1|36|6|3|5|5|1|0|0|1|0
Enel ["OP15-058">OP15-058]: Draw 4 Rested Don
RZ1|99|1|Don|4|4|5|0|1|1|1|0|0
RZ1|CHK|99|1|36|6|3|5|4|2|0|0|1|0
RZ1|100|1|Don|4|3|5|0|1|1|1|0|0
RZ1|CHK|100|1|36|6|3|5|3|3|0|0|1|0
RZ1|101|1|Don|4|2|5|0|1|1|1|0|0
RZ1|CHK|101|1|36|6|3|5|2|4|0|0|1|0
RZ1|102|1|Don|4|1|5|0|1|1|1|0|0
RZ1|CHK|102|1|36|6|3|5|1|5|0|0|1|0
[You] Enel ["OP15-058">OP15-058]: Attach 1 Rested Don to Ohm ["OP15-061">OP15-061]
RZ1|103|1|Don|5|0|9|100|1|1|1|0|0
RZ1|CHK|103|1|36|6|3|5|1|4|0|0|1|1
[You] Enel ["OP15-058">OP15-058]: Attach 1 Rested Don to Ohm ["OP15-061">OP15-061]
RZ1|104|1|Don|5|0|9|101|1|1|1|0|0
RZ1|CHK|104|1|36|6|3|5|1|3|0|0|1|2
[You] Enel ["OP15-058">OP15-058]: Attach 1 Rested Don to Ohm ["OP15-061">OP15-061]
RZ1|105|1|Don|5|0|9|102|1|1|1|0|0
RZ1|CHK|105|1|36|6|3|5|1|2|0|0|1|3
[You] Enel ["OP15-058">OP15-058]: Attach 1 Rested Don to Ohm ["OP15-061">OP15-061]
RZ1|106|1|Don|5|0|9|103|1|1|1|0|0
RZ1|CHK|106|1|36|6|3|5|1|1|0|0|1|4
[] Hand: [OP09-077,OP15-118,OP15-077,OP13-076,OP15-118,OP15-061]
[] Board: [OP15-066,OP15-061,OP15-061]
[] Trash: []
[] Life: 5
[] Hand: [OP16-003,OP16-004,OP16-011,OP16-118,OP10-005,OP16-004,OP16-021]
[] Trash: []
[] Board: [OP13-016]
[] Life: 4
[You] End Turn
[] Hand: [OP16-003,OP16-004,OP16-011,OP16-118,OP10-005,OP16-004,OP16-021]
[] Board: [OP13-016]
[] Trash: []
[] Life: 4
[] Hand: [OP09-077,OP15-118,OP15-077,OP13-076,OP15-118,OP15-061]
[] Trash: []
[] Board: [OP15-066,OP15-061,OP15-061]
[] Life: 5
[Opponent] Draw 1 Card
[] Drew card from deck: LittleOars Jr. ["OP16-017">OP16-017]
RZ1|107|2|OP16-017|0|37|1|7|1|1|0|0|0
RZ1|CHK|107|2|37|8|1|4|8|2|0|0|1|0
RZ1|108|2|Don|4|7|5|2|1|1|0|0|0
RZ1|CHK|108|2|37|8|1|4|7|3|0|0|1|0
RZ1|109|2|Don|4|6|5|3|1|1|0|0|0
RZ1|CHK|109|2|37|8|1|4|6|4|0|0|1|0
[Opponent] Draw 2 Don
[Opponent] Portgas D. Ace ["OP16-001">OP16-001] attacking Enel ["OP15-058">OP15-058]
[You] Divine Departure ["OP13-076">OP13-076]: Activate Counter
RZ1|110|1|OP13-076|1|3|6|0|1|1|0|0|0
RZ1|CHK|110|1|36|5|3|5|1|1|1|0|1|4
[You] Discard Ohm ["OP15-061">OP15-061] for Counter 1000
RZ1|111|1|OP15-061|1|4|6|1|1|1|0|0|0
RZ1|CHK|111|1|36|4|3|5|1|1|2|0|1|4
Portgas D. Ace ["OP16-001">OP16-001][5000] vs Enel ["OP15-058">OP15-058][6000]
Attack Fails
RZ1|112|2|Don|5|0|5|0|1|1|1|0|0
RZ1|CHK|112|2|37|8|1|4|6|4|0|0|1|0
[Opponent] Deploy Moby Dick ["OP16-021">OP16-021]
RZ1|113|2|OP16-021|1|6|7|0|1|1|0|0|0
RZ1|CHK|113|2|37|7|1|4|6|4|0|1|1|0
RZ1|114|2|OP13-016|0|35|1|7|1|1|0|0|0
RZ1|CHK|114|2|36|8|1|4|6|4|0|1|1|0
[Opponent] Moby Dick ["OP16-021">OP16-021]: Added 1 Cards to Hand
[Opponent] Placing Cards on Bottom of Deck
RZ1|115|2|OP16-005|0|35|0|0|0|0|0|0|0
RZ1|CHK|115|2|36|8|1|4|6|4|0|1|1|0
RZ1|116|2|OP10-005|0|35|0|0|0|0|0|0|0
RZ1|CHK|116|2|36|8|1|4|6|4|0|1|1|0
RZ1|117|2|Don|5|1|5|1|1|1|1|0|0
RZ1|CHK|117|2|36|8|1|4|6|4|0|1|1|0
[Opponent] Deploy Monkey D. Garp ["OP13-016">OP13-016]
RZ1|118|2|OP13-016|1|7|2|1|1|1|0|0|0
RZ1|CHK|118|2|36|7|2|4|6|4|0|1|1|0
RZ1|119|2|EB01-002|0|35|1|7|1|1|0|0|0
RZ1|CHK|119|2|35|8|2|4|6|4|0|1|1|0
[Opponent] Monkey D. Garp ["OP13-016">OP13-016]: <b>Reveal and Draw Izou ["EB01-002">EB01-002]</b>
[Opponent] Placing Cards on Bottom of Deck
RZ1|120|2|OP16-005|0|34|0|0|0|0|0|0|0
RZ1|CHK|120|2|35|8|2|4|6|4|0|1|1|0
RZ1|121|2|OP16-003|0|34|0|0|0|0|0|0|0
RZ1|CHK|121|2|35|8|2|4|6|4|0|1|1|0
RZ1|122|2|OP16-005|0|34|0|0|0|0|0|0|0
RZ1|CHK|122|2|35|8|2|4|6|4|0|1|1|0
[Opponent] Monkey D. Garp ["OP13-016">OP13-016] attacking Satori ["OP15-066">OP15-066]
Monkey D. Garp ["OP13-016">OP13-016][2000] vs Satori ["OP15-066">OP15-066][2000]
[You] Satori ["OP15-066">OP15-066] Destroyed
RZ1|123|1|OP15-066|2|0|6|2|1|1|0|0|0
RZ1|CHK|123|1|36|4|2|5|1|1|3|0|1|4
[] Hand: [OP16-003,OP16-004,OP16-011,OP16-118,OP10-005,OP16-004,OP16-017,EB01-002]
[] Board: [OP13-016,OP13-016]
[] Trash: []
[] Life: 4
[] Hand: [OP09-077,OP15-118,OP15-077,OP15-118]
[] Trash: [OP13-076,OP15-061,OP15-066]
[] Board: [OP15-061,OP15-061]
[] Life: 5
[Opponent] End Turn
[] Hand: [OP09-077,OP15-118,OP15-077,OP15-118]
[] Board: [OP15-061,OP15-061]
[] Trash: [OP13-076,OP15-061,OP15-066]
[] Life: 5
[] Hand: [OP16-003,OP16-004,OP16-011,OP16-118,OP10-005,OP16-004,OP16-017,EB01-002]
[] Trash: []
[] Board: [OP13-016,OP13-016]
[] Life: 4
RZ1|124|1|Don|9|0|5|0|1|1|1|0|0
RZ1|CHK|124|1|36|4|2|5|1|2|3|0|1|3
RZ1|125|1|Don|9|0|5|0|1|1|1|0|0
RZ1|CHK|125|1|36|4|2|5|1|3|3|0|1|2
RZ1|126|1|Don|9|0|5|0|1|1|1|0|0
RZ1|CHK|126|1|36|4|2|5|1|4|3|0|1|1
RZ1|127|1|Don|9|0|5|0|1|1|1|0|0
RZ1|CHK|127|1|36|4|2|5|1|5|3|0|1|0
[You] Draw 1 Card
[] Drew card from deck: Shura ["OP15-067">OP15-067]
RZ1|128|1|OP15-067|0|35|1|4|1|1|0|0|0
RZ1|CHK|128|1|35|5|2|5|1|5|3|0|1|0
RZ1|129|1|Don|4|0|5|5|1|1|0|0|0
RZ1|CHK|129|1|35|5|2|5|0|6|3|0|1|0
[You] Draw 2 Don
RZ1|130|1|Don|5|0|5|0|1|1|1|0|0
RZ1|CHK|130|1|35|5|2|5|0|6|3|0|1|0
RZ1|131|1|Don|5|1|5|1|1|1|1|0|0
RZ1|CHK|131|1|35|5|2|5|0|6|3|0|1|0
RZ1|132|1|Don|5|2|5|2|1|1|1|0|0
RZ1|CHK|132|1|35|5|2|5|0|6|3|0|1|0
RZ1|133|1|Don|5|3|5|3|1|1|1|0|0
RZ1|CHK|133|1|35|5|2|5|0|6|3|0|1|0
RZ1|134|1|Don|5|4|5|4|1|1|1|0|0
RZ1|CHK|134|1|35|5|2|5|0|6|3|0|1|0
RZ1|135|1|Don|5|5|5|5|1|1|1|0|0
RZ1|CHK|135|1|35|5|2|5|0|6|3|0|1|0
[You] Deploy Enel ["OP15-118">OP15-118]
RZ1|136|1|OP15-118|1|1|2|2|1|1|0|2000|0
RZ1|CHK|136|1|35|4|3|5|0|6|3|0|1|0
RZ1|137|1|Don|5|0|4|0|1|1|0|0|0
RZ1|CHK|137|1|35|4|3|5|1|5|3|0|1|0
[You] Enel ["OP15-118">OP15-118]: Minus 1 Don
RZ1|138|1|OP15-067|0|33|1|4|1|1|0|0|0
RZ1|CHK|138|1|34|5|3|5|1|5|3|0|1|0
[You] Enel ["OP15-118">OP15-118]: Added 1 Cards to Hand
[You] Placing Cards on Bottom of Deck
RZ1|139|1|OP15-074|0|33|0|0|0|0|0|0|0
RZ1|CHK|139|1|34|5|3|5|1|5|3|0|1|0
RZ1|140|1|OP15-075|0|33|0|0|0|0|0|0|0
RZ1|CHK|140|1|34|5|3|5|1|5|3|0|1|0
RZ1|141|1|OP05-077|0|33|0|0|0|0|0|0|0
RZ1|CHK|141|1|34|5|3|5|1|5|3|0|1|0
RZ1|142|1|OP15-066|0|33|0|0|0|0|0|0|0
RZ1|CHK|142|1|34|5|3|5|1|5|3|0|1|0
RZ1|143|1|OP09-077|1|0|6|3|1|1|0|0|0
RZ1|CHK|143|1|34|4|3|5|1|5|4|0|1|0
[You] Enel ["OP15-118">OP15-118]: Trash Gum Gum Lightning ["OP09-077">OP09-077]
[You] Enel ["OP15-058">OP15-058] attacking Portgas D. Ace ["OP16-001">OP16-001]
[Opponent] Discard Curiel ["OP16-004">OP16-004] for Counter 2000
RZ1|144|2|OP16-004|1|1|6|0|1|1|0|0|0
RZ1|CHK|144|2|35|7|2|4|6|4|1|1|1|0
Enel ["OP15-058">OP15-058][5000] vs Portgas D. Ace ["OP16-001">OP16-001][7000]
Attack Fails
[You] Ohm ["OP15-061">OP15-061] attacking Portgas D. Ace ["OP16-001">OP16-001]
[You] Ohm ["OP15-061">OP15-061]: Buff Monkey D. Garp ["OP13-016">OP13-016] -1000
Ohm ["OP15-061">OP15-061][2000] vs Portgas D. Ace ["OP16-001">OP16-001][5000]
Attack Fails
[You] Ohm ["OP15-061">OP15-061] attacking Portgas D. Ace ["OP16-001">OP16-001]
[You] Ohm ["OP15-061">OP15-061]: Buff Monkey D. Garp ["OP13-016">OP13-016] -1000
Ohm ["OP15-061">OP15-061][2000] vs Portgas D. Ace ["OP16-001">OP16-001][5000]
Attack Fails
Enel ["OP15-058">OP15-058]: Draw 1 Don
RZ1|145|1|Don|4|0|5|5|1|1|0|0|0
RZ1|CHK|145|1|34|4|3|5|0|6|4|0|1|0
[You] Enel ["OP15-058">OP15-058]: Attach 1 Rested Don to Ohm ["OP15-061">OP15-061]
RZ1|146|1|Don|5|0|9|0|1|1|1|0|0
RZ1|CHK|146|1|34|4|3|5|0|5|4|0|1|1
[You] Enel ["OP15-058">OP15-058]: Attach 1 Rested Don to Ohm ["OP15-061">OP15-061]
RZ1|147|1|Don|5|0|9|1|1|1|1|0|0
RZ1|CHK|147|1|34|4|3|5|0|4|4|0|1|2
[You] Enel ["OP15-058">OP15-058]: Attach 1 Rested Don to Ohm ["OP15-061">OP15-061]
RZ1|148|1|Don|5|0|9|2|1|1|1|0|0
RZ1|CHK|148|1|34|4|3|5|0|3|4|0|1|3
[You] Enel ["OP15-058">OP15-058]: Attach 1 Rested Don to Ohm ["OP15-061">OP15-061]
RZ1|149|1|Don|5|0|9|3|1|1|1|0|0
RZ1|CHK|149|1|34|4|3|5|0|2|4|0|1|4
RZ1|150|1|Don|5|1|5|1|1|1|1|0|0
RZ1|CHK|150|1|34|4|3|5|0|2|4|0|1|4
[You] Deploy Shura ["OP15-067">OP15-067]
RZ1|151|1|OP15-067|1|2|2|3|1|1|0|0|0
RZ1|CHK|151|1|34|3|4|5|0|2|4|0|1|4
RZ1|152|1|Don|9|0|4|0|1|1|0|0|0
RZ1|CHK|152|1|34|3|4|5|1|2|4|0|1|3
[You] Shura ["OP15-067">OP15-067]: Minus 1 Don
[] Drew card from deck: Franky ["OP09-072">OP09-072]
RZ1|153|1|OP09-072|0|33|1|3|1|1|0|0|0
RZ1|CHK|153|1|33|4|4|5|1|2|4|0|1|3
[You] Shura ["OP15-067">OP15-067]: Draw 1 Card
[You] Shura ["OP15-067">OP15-067] attacking Monkey D. Garp ["OP13-016">OP13-016]
[Opponent] Discard Curiel ["OP16-004">OP16-004] for Counter 2000
RZ1|154|2|OP16-004|1|4|6|1|1|1|0|0|0
RZ1|CHK|154|2|35|6|2|4|6|4|2|1|1|0
Shura ["OP15-067">OP15-067][2000] vs Monkey D. Garp ["OP13-016">OP13-016][4000]
Attack Fails
[] Hand: [OP15-077,OP15-118,OP15-067,OP09-072]
[] Board: [OP15-061,OP15-061,OP15-118,OP15-067]
[] Trash: [OP13-076,OP15-061,OP15-066,OP09-077]
[] Life: 5
[] Hand: [OP16-003,OP16-011,OP16-118,OP10-005,OP16-017,EB01-002]
[] Trash: [OP16-004,OP16-004]
[] Board: [OP13-016,OP13-016]
[] Life: 4
[You] End Turn
[] Hand: [OP16-003,OP16-011,OP16-118,OP10-005,OP16-017,EB01-002]
[] Board: [OP13-016,OP13-016]
[] Trash: [OP16-004,OP16-004]
[] Life: 4
[] Hand: [OP15-077,OP15-118,OP15-067,OP09-072]
[] Trash: [OP13-076,OP15-061,OP15-066,OP09-077]
[] Board: [OP15-061,OP15-061,OP15-118,OP15-067]
[] Life: 5
[Opponent] Draw 1 Card
[] Drew card from deck: Edward Newgate ["OP16-003">OP16-003]
RZ1|155|2|OP16-003|0|34|1|6|1|1|0|0|0
RZ1|CHK|155|2|34|7|2|4|6|4|2|1|1|0
RZ1|156|2|Don|4|5|5|4|1|1|0|0|0
RZ1|CHK|156|2|34|7|2|4|5|5|2|1|1|0
RZ1|157|2|Don|4|4|5|5|1|1|0|0|0
RZ1|CHK|157|2|34|7|2|4|4|6|2|1|1|0
[Opponent] Draw 2 Don
RZ1|158|2|Don|5|0|5|0|1|1|1|0|0
RZ1|CHK|158|2|34|7|2|4|4|6|2|1|1|0
RZ1|159|2|Don|5|1|5|1|1|1|1|0|0
RZ1|CHK|159|2|34|7|2|4|4|6|2|1|1|0
RZ1|160|2|Don|5|2|5|2|1|1|1|0|0
RZ1|CHK|160|2|34|7|2|4|4|6|2|1|1|0
RZ1|161|2|Don|5|3|5|3|1|1|1|0|0
RZ1|CHK|161|2|34|7|2|4|4|6|2|1|1|0
RZ1|162|2|Don|5|4|5|4|1|1|1|0|0
RZ1|CHK|162|2|34|7|2|4|4|6|2|1|1|0
RZ1|163|2|Don|5|5|5|5|1|1|1|0|0
RZ1|CHK|163|2|34|7|2|4|4|6|2|1|1|0
[Opponent] Deploy Vista ["OP16-011">OP16-011]
RZ1|164|2|OP16-011|1|1|2|2|1|1|0|0|0
RZ1|CHK|164|2|34|6|3|4|4|6|2|1|1|0
[Opponent] Vista ["OP16-011">OP16-011] revealed: LittleOars Jr. ["OP16-017">OP16-017]
[Opponent] Forcing opponent to resolve Card Action!
[You] Forcing opponent to resolve Card Action!
[] Drew card from deck: Vista ["OP16-011">OP16-011]
RZ1|165|2|OP16-011|0|33|1|6|1|1|0|0|0
RZ1|CHK|165|2|33|7|3|4|4|6|2|1|1|0
[Opponent] Vista ["OP16-011">OP16-011]: Draw 1 Card
[Opponent] Portgas D. Ace ["OP16-001">OP16-001] attacking Enel ["OP15-058">OP15-058]
[You] Discard Shura ["OP15-067">OP15-067] for Counter 1000
RZ1|166|1|OP15-067|1|2|6|4|1|1|0|0|0
RZ1|CHK|166|1|33|3|4|5|1|2|5|0|1|3
Portgas D. Ace ["OP16-001">OP16-001][5000] vs Enel ["OP15-058">OP15-058][6000]
Attack Fails
[Opponent] Monkey D. Garp ["OP13-016">OP13-016] attacking Shura ["OP15-067">OP15-067]
Monkey D. Garp ["OP13-016">OP13-016][2000] vs Shura ["OP15-067">OP15-067][2000]
[You] Shura ["OP15-067">OP15-067] Destroyed
RZ1|167|1|OP15-067|2|3|6|5|1|1|0|0|0
RZ1|CHK|167|1|33|3|3|5|1|2|6|0|1|3
[Opponent] Monkey D. Garp ["OP13-016">OP13-016] attacking Ohm ["OP15-061">OP15-061]
Monkey D. Garp ["OP13-016">OP13-016][2000] vs Ohm ["OP15-061">OP15-061][2000]
[You] Ohm ["OP15-061">OP15-061] Destroyed
RZ1|168|1|Don|9|0|5|0|1|1|1|0|0
RZ1|CHK|168|1|33|3|3|5|1|3|6|0|1|2
RZ1|169|1|Don|9|0|5|0|1|1|1|0|0
RZ1|CHK|169|1|33|3|3|5|1|4|6|0|1|1
RZ1|170|1|Don|9|0|5|0|1|1|1|0|0
RZ1|CHK|170|1|33|3|3|5|1|5|6|0|1|0
RZ1|171|1|OP15-061|2|0|6|6|1|1|0|0|0
RZ1|CHK|171|1|33|3|2|5|1|5|7|0|1|0
[Opponent] Portgas D. Ace ["OP16-001">OP16-001]: Give Vista ["OP16-011">OP16-011] Rush
[Opponent] Vista ["OP16-011">OP16-011] attacking Enel ["OP15-058">OP15-058]
Vista ["OP16-011">OP16-011][8000] vs Enel ["OP15-058">OP15-058][5000]
Enel ["OP15-058">OP15-058] hit for 1 damage
RZ1|172|1|OP10-067|3|4|1|3|1|1|0|0|0
RZ1|CHK|172|1|33|4|2|4|1|5|7|0|1|0
[] Hand: [OP16-003,OP16-118,OP10-005,OP16-017,EB01-002,OP16-003,OP16-011]
[] Board: [OP13-016,OP13-016,OP16-011]
[] Trash: [OP16-004,OP16-004]
[] Life: 4
[] Hand: [OP15-077,OP15-118,OP09-072,OP10-067]
[] Trash: [OP13-076,OP15-061,OP15-066,OP09-077,OP15-067,OP15-067,OP15-061]
[] Board: [OP15-061,OP15-118]
[] Life: 4
[Opponent] End Turn
[] Hand: [OP15-077,OP15-118,OP09-072,OP10-067]
[] Board: [OP15-061,OP15-118]
[] Trash: [OP13-076,OP15-061,OP15-066,OP09-077,OP15-067,OP15-067,OP15-061]
[] Life: 4
[] Hand: [OP16-003,OP16-118,OP10-005,OP16-017,EB01-002,OP16-003,OP16-011]
[] Trash: [OP16-004,OP16-004]
[] Board: [OP13-016,OP13-016,OP16-011]
[] Life: 4
[You] Draw 1 Card
[] Drew card from deck: Shura ["OP15-067">OP15-067]
RZ1|173|1|OP15-067|0|32|1|4|1|1|0|0|0
RZ1|CHK|173|1|32|5|2|4|1|5|7|0|1|0
RZ1|174|1|Don|4|0|5|5|1|1|0|0|0
RZ1|CHK|174|1|32|5|2|4|0|6|7|0|1|0
[You] Draw 2 Don
RZ1|175|1|Don|5|0|5|0|1|1|1|0|0
RZ1|CHK|175|1|32|5|2|4|0|6|7|0|1|0
RZ1|176|1|Don|5|1|5|1|1|1|1|0|0
RZ1|CHK|176|1|32|5|2|4|0|6|7|0|1|0
RZ1|177|1|Don|5|2|5|2|1|1|1|0|0
RZ1|CHK|177|1|32|5|2|4|0|6|7|0|1|0
RZ1|178|1|Don|5|3|5|3|1|1|1|0|0
RZ1|CHK|178|1|32|5|2|4|0|6|7|0|1|0
RZ1|179|1|Don|5|4|5|4|1|1|1|0|0
RZ1|CHK|179|1|32|5|2|4|0|6|7|0|1|0
RZ1|180|1|Don|5|5|5|5|1|1|1|0|0
RZ1|CHK|180|1|32|5|2|4|0|6|7|0|1|0
[You] Deploy Enel ["OP15-118">OP15-118]
RZ1|181|1|OP15-118|1|1|2|2|1|1|0|2000|0
RZ1|CHK|181|1|32|4|3|4|0|6|7|0|1|0
RZ1|182|1|Don|5|0|4|0|1|1|0|0|0
RZ1|CHK|182|1|32|4|3|4|1|5|7|0|1|0
[You] Enel ["OP15-118">OP15-118]: Minus 1 Don
RZ1|183|1|OP15-078|0|28|1|4|1|1|0|0|0
RZ1|CHK|183|1|31|5|3|4|1|5|7|0|1|0
[You] Enel ["OP15-118">OP15-118]: Added 1 Cards to Hand
[You] Placing Cards on Bottom of Deck
RZ1|184|1|OP10-067|0|30|0|0|0|0|0|0|0
RZ1|CHK|184|1|31|5|3|4|1|5|7|0|1|0
RZ1|185|1|OP15-118|0|30|0|0|0|0|0|0|0
RZ1|CHK|185|1|31|5|3|4|1|5|7|0|1|0
RZ1|186|1|OP12-071|0|30|0|0|0|0|0|0|0
RZ1|CHK|186|1|31|5|3|4|1|5|7|0|1|0
RZ1|187|1|OP15-076|0|30|0|0|0|0|0|0|0
RZ1|CHK|187|1|31|5|3|4|1|5|7|0|1|0
RZ1|188|1|OP09-072|1|1|6|7|1|1|0|0|0
RZ1|CHK|188|1|31|4|3|4|1|5|8|0|1|0
[You] Enel ["OP15-118">OP15-118]: Trash Franky ["OP09-072">OP09-072]
[You] Enel ["OP15-118">OP15-118] attacking Portgas D. Ace ["OP16-001">OP16-001]
Enel ["OP15-118">OP15-118][10000] vs Portgas D. Ace ["OP16-001">OP16-001][5000]
Portgas D. Ace ["OP16-001">OP16-001] hit for 1 damage
RZ1|189|2|OP16-005|3|3|1|7|1|1|0|0|0
RZ1|CHK|189|2|33|8|3|3|4|6|2|1|1|0
[You] Enel ["OP15-058">OP15-058] attacking Portgas D. Ace ["OP16-001">OP16-001]
[Opponent] Discard Portgas D. Ace ["OP16-118">OP16-118] for Counter 1000
RZ1|190|2|OP16-118|1|1|6|2|1|1|0|0|0
RZ1|CHK|190|2|33|7|3|3|4|6|3|1|1|0
Enel ["OP15-058">OP15-058][5000] vs Portgas D. Ace ["OP16-001">OP16-001][6000]
Attack Fails
Enel ["OP15-058">OP15-058]: Draw 1 Don
RZ1|191|1|Don|4|0|5|5|1|1|0|0|0
RZ1|CHK|191|1|31|4|3|4|0|6|8|0|1|0
[You] Enel ["OP15-058">OP15-058]: Attach 1 Rested Don to Ohm ["OP15-061">OP15-061]
RZ1|192|1|Don|5|0|9|0|1|1|1|0|0
RZ1|CHK|192|1|31|4|3|4|0|5|8|0|1|1
[You] Enel ["OP15-058">OP15-058]: Attach 1 Rested Don to Ohm ["OP15-061">OP15-061]
RZ1|193|1|Don|5|0|9|1|1|1|1|0|0
RZ1|CHK|193|1|31|4|3|4|0|4|8|0|1|2
[You] Enel ["OP15-058">OP15-058]: Attach 1 Rested Don to Ohm ["OP15-061">OP15-061]
RZ1|194|1|Don|5|0|9|2|1|1|1|0|0
RZ1|CHK|194|1|31|4|3|4|0|3|8|0|1|3
[You] Enel ["OP15-058">OP15-058]: Attach 1 Rested Don to Ohm ["OP15-061">OP15-061]
RZ1|195|1|Don|5|0|9|3|1|1|1|0|0
RZ1|CHK|195|1|31|4|3|4|0|2|8|0|1|4
[You] Ohm ["OP15-061">OP15-061] attacking Portgas D. Ace ["OP16-001">OP16-001]
[You] Ohm ["OP15-061">OP15-061]: Buff Vista ["OP16-011">OP16-011] -1000
[Opponent] Discard Sanji ["OP10-005">OP10-005] for Counter 1000
RZ1|196|2|OP10-005|1|1|6|3|1|1|0|0|0
RZ1|CHK|196|2|33|6|3|3|4|6|4|1|1|0
[Opponent] Discard LittleOars Jr. ["OP16-017">OP16-017] for Counter 1000
RZ1|197|2|OP16-017|1|1|6|4|1|1|0|0|0
RZ1|CHK|197|2|33|5|3|3|4|6|5|1|1|0
Ohm ["OP15-061">OP15-061][6000] vs Portgas D. Ace ["OP16-001">OP16-001][7000]
Attack Fails
RZ1|198|1|Don|5|1|5|1|1|1|1|0|0
RZ1|CHK|198|1|31|4|3|4|0|2|8|0|1|4
[You] Deploy Shura ["OP15-067">OP15-067]
RZ1|199|1|OP15-067|1|2|2|3|1|1|0|0|0
RZ1|CHK|199|1|31|3|4|4|0|2|8|0|1|4
RZ1|200|1|Don|9|0|4|0|1|1|0|0|0
RZ1|CHK|200|1|31|3|4|4|1|2|8|0|1|3
[You] Shura ["OP15-067">OP15-067]: Minus 1 Don
[] Drew card from deck: Enel ["OP15-118">OP15-118]
RZ1|201|1|OP15-118|0|30|1|3|1|1|0|0|0
RZ1|CHK|201|1|30|4|4|4|1|2|8|0|1|3
[You] Shura ["OP15-067">OP15-067]: Draw 1 Card
[You] Shura ["OP15-067">OP15-067] attacking Monkey D. Garp ["OP13-016">OP13-016]
Shura ["OP15-067">OP15-067][2000] vs Monkey D. Garp ["OP13-016">OP13-016][2000]
[Opponent] Monkey D. Garp ["OP13-016">OP13-016] Destroyed
RZ1|202|2|OP13-016|2|0|6|5|1|1|0|0|0
RZ1|CHK|202|2|33|5|2|3|4|6|6|1|1|0
[] Hand: [OP15-077,OP10-067,OP15-078,OP15-118]
[] Board: [OP15-061,OP15-118,OP15-118,OP15-067]
[] Trash: [OP13-076,OP15-061,OP15-066,OP09-077,OP15-067,OP15-067,OP15-061,OP09-072]
[] Life: 4
[] Hand: [OP16-003,EB01-002,OP16-003,OP16-011,OP16-005]
[] Trash: [OP16-004,OP16-004,OP16-118,OP10-005,OP16-017,OP13-016]
[] Board: [OP13-016,OP16-011]
[] Life: 3
[You] End Turn
[] Hand: [OP16-003,EB01-002,OP16-003,OP16-011,OP16-005]
[] Board: [OP13-016,OP16-011]
[] Trash: [OP16-004,OP16-004,OP16-118,OP10-005,OP16-017,OP13-016]
[] Life: 3
[] Hand: [OP15-077,OP10-067,OP15-078,OP15-118]
[] Trash: [OP13-076,OP15-061,OP15-066,OP09-077,OP15-067,OP15-067,OP15-061,OP09-072]
[] Board: [OP15-061,OP15-118,OP15-118,OP15-067]
[] Life: 4
[Opponent] Draw 1 Card
[] Drew card from deck: Marco ["OP16-014">OP16-014]
RZ1|203|2|OP16-014|0|32|1|5|1|1|0|0|0
RZ1|CHK|203|2|32|6|2|3|4|6|6|1|1|0
RZ1|204|2|Don|4|3|5|6|1|1|0|0|0
RZ1|CHK|204|2|32|6|2|3|3|7|6|1|1|0
RZ1|205|2|Don|4|2|5|7|1|1|0|0|0
RZ1|CHK|205|2|32|6|2|3|2|8|6|1|1|0
[Opponent] Draw 2 Don
RZ1|206|2|Don|5|0|5|0|1|1|1|0|0
RZ1|CHK|206|2|32|6|2|3|2|8|6|1|1|0
RZ1|207|2|Don|5|1|5|1|1|1|1|0|0
RZ1|CHK|207|2|32|6|2|3|2|8|6|1|1|0
RZ1|208|2|Don|5|2|5|2|1|1|1|0|0
RZ1|CHK|208|2|32|6|2|3|2|8|6|1|1|0
RZ1|209|2|Don|5|3|5|3|1|1|1|0|0
RZ1|CHK|209|2|32|6|2|3|2|8|6|1|1|0
RZ1|210|2|Don|5|4|5|4|1|1|1|0|0
RZ1|CHK|210|2|32|6|2|3|2|8|6|1|1|0
RZ1|211|2|Don|5|5|5|5|1|1|1|0|0
RZ1|CHK|211|2|32|6|2|3|2|8|6|1|1|0
RZ1|212|2|Don|5|6|5|6|1|1|1|0|0
RZ1|CHK|212|2|32|6|2|3|2|8|6|1|1|0
RZ1|213|2|Don|5|7|5|7|1|1|1|0|0
RZ1|CHK|213|2|32|6|2|3|2|8|6|1|1|0
[Opponent] Deploy Edward Newgate ["OP16-003">OP16-003]
RZ1|214|2|OP16-003|1|0|2|2|1|1|0|0|0
RZ1|CHK|214|2|32|5|3|3|2|8|6|1|1|0
[Opponent] Edward Newgate ["OP16-003">OP16-003] revealed: Marco ["OP16-014">OP16-014]
[Opponent] Edward Newgate ["OP16-003">OP16-003] revealed: Vista ["OP16-011">OP16-011]
[Opponent] Forcing opponent to resolve Card Action!
[You] Forcing opponent to resolve Card Action!
[Opponent] Edward Newgate ["OP16-003">OP16-003]: Buff Enel ["OP15-118">OP15-118] -6000
[Opponent] Vista ["OP16-011">OP16-011] attacking Enel ["OP15-058">OP15-058]
Vista ["OP16-011">OP16-011][8000] vs Enel ["OP15-058">OP15-058][5000]
Enel ["OP15-058">OP15-058] hit for 1 damage
RZ1|215|1|OP15-076|3|3|1|4|1|1|0|0|0
RZ1|CHK|215|1|30|5|4|3|1|2|8|0|1|3
[Opponent] Portgas D. Ace ["OP16-001">OP16-001] attacking Enel ["OP15-058">OP15-058]
Portgas D. Ace ["OP16-001">OP16-001][7000] vs Enel ["OP15-058">OP15-058][5000]
Enel ["OP15-058">OP15-058] hit for 2 damage
RZ1|216|1|ST10-010|3|2|1|5|1|1|0|0|0
RZ1|CHK|216|1|30|6|4|2|1|2|8|0|1|3
RZ1|217|1|OP15-077|3|1|1|6|1|1|0|0|0
RZ1|CHK|217|1|30|7|4|1|1|2|8|0|1|3
[Opponent] Portgas D. Ace ["OP16-001">OP16-001]: Give Edward Newgate ["OP16-003">OP16-003] Rush
[Opponent] Edward Newgate ["OP16-003">OP16-003] attacking Enel ["OP15-058">OP15-058]
Edward Newgate ["OP16-003">OP16-003][10000] vs Enel ["OP15-058">OP15-058][5000]
Enel ["OP15-058">OP15-058] hit for 1 damage
RZ1|218|1|OP15-078|3|0|1|7|1|1|0|0|0
RZ1|CHK|218|1|30|8|4|0|1|2|8|0|1|3
[Opponent] Monkey D. Garp ["OP13-016">OP13-016] attacking Shura ["OP15-067">OP15-067]
[You] Discard Trafalgar Law ["ST10-010">ST10-010] for Counter 1000
RZ1|219|1|ST10-010|1|5|6|8|1|1|0|0|0
RZ1|CHK|219|1|30|7|4|0|1|2|9|0|1|3
Monkey D. Garp ["OP13-016">OP13-016][2000] vs Shura ["OP15-067">OP15-067][3000]
Attack Fails
[] Hand: [EB01-002,OP16-003,OP16-011,OP16-005,OP16-014]
[] Board: [OP13-016,OP16-011,OP16-003]
[] Trash: [OP16-004,OP16-004,OP16-118,OP10-005,OP16-017,OP13-016]
[] Life: 3
[] Hand: [OP15-077,OP10-067,OP15-078,OP15-118,OP15-076,OP15-077,OP15-078]
[] Trash: [OP13-076,OP15-061,OP15-066,OP09-077,OP15-067,OP15-067,OP15-061,OP09-072,ST10-010]
[] Board: [OP15-061,OP15-118,OP15-118,OP15-067]
[] Life: 0
[Opponent] End Turn
[] Hand: [OP15-077,OP10-067,OP15-078,OP15-118,OP15-076,OP15-077,OP15-078]
[] Board: [OP15-061,OP15-118,OP15-118,OP15-067]
[] Trash: [OP13-076,OP15-061,OP15-066,OP09-077,OP15-067,OP15-067,OP15-061,OP09-072,ST10-010]
[] Life: 0
[] Hand: [EB01-002,OP16-003,OP16-011,OP16-005,OP16-014]
[] Trash: [OP16-004,OP16-004,OP16-118,OP10-005,OP16-017,OP13-016]
[] Board: [OP13-016,OP16-011,OP16-003]
[] Life: 3
RZ1|220|1|Don|9|0|5|0|1|1|1|0|0
RZ1|CHK|220|1|30|7|4|0|1|3|9|0|1|2
RZ1|221|1|Don|9|0|5|0|1|1|1|0|0
RZ1|CHK|221|1|30|7|4|0|1|4|9|0|1|1
RZ1|222|1|Don|9|0|5|0|1|1|1|0|0
RZ1|CHK|222|1|30|7|4|0|1|5|9|0|1|0
[You] Draw 1 Card
[] Drew card from deck: Ohm ["OP15-061">OP15-061]
RZ1|223|1|OP15-061|0|29|1|7|1|1|0|0|0
RZ1|CHK|223|1|29|8|4|0|1|5|9|0|1|0
RZ1|224|1|Don|4|0|5|5|1|1|0|0|0
RZ1|CHK|224|1|29|8|4|0|0|6|9|0|1|0
[You] Draw 2 Don
RZ1|225|1|Don|5|0|5|0|1|1|1|0|0
RZ1|CHK|225|1|29|8|4|0|0|6|9|0|1|0
RZ1|226|1|Don|5|1|5|1|1|1|1|0|0
RZ1|CHK|226|1|29|8|4|0|0|6|9|0|1|0
RZ1|227|1|Don|5|2|5|2|1|1|1|0|0
RZ1|CHK|227|1|29|8|4|0|0|6|9|0|1|0
RZ1|228|1|Don|5|3|5|3|1|1|1|0|0
RZ1|CHK|228|1|29|8|4|0|0|6|9|0|1|0
RZ1|229|1|Don|5|4|5|4|1|1|1|0|0
RZ1|CHK|229|1|29|8|4|0|0|6|9|0|1|0
RZ1|230|1|Don|5|5|5|5|1|1|1|0|0
RZ1|CHK|230|1|29|8|4|0|0|6|9|0|1|0
[You] Deploy Enel ["OP15-118">OP15-118]
RZ1|231|1|OP15-118|1|3|2|4|1|1|0|2000|0
RZ1|CHK|231|1|29|7|5|0|0|6|9|0|1|0
RZ1|232|1|Don|5|0|4|0|1|1|0|0|0
RZ1|CHK|232|1|29|7|5|0|1|5|9|0|1|0
[You] Enel ["OP15-118">OP15-118]: Minus 1 Don
RZ1|233|1|ST10-010|0|26|1|7|1|1|0|0|0
RZ1|CHK|233|1|28|8|5|0|1|5|9|0|1|0
[You] Enel ["OP15-118">OP15-118]: Added 1 Cards to Hand
[You] Placing Cards on Bottom of Deck
RZ1|234|1|OP15-067|0|27|0|0|0|0|0|0|0
RZ1|CHK|234|1|28|8|5|0|1|5|9|0|1|0
RZ1|235|1|OP05-077|0|27|0|0|0|0|0|0|0
RZ1|CHK|235|1|28|8|5|0|1|5|9|0|1|0
RZ1|236|1|OP15-075|0|27|0|0|0|0|0|0|0
RZ1|CHK|236|1|28|8|5|0|1|5|9|0|1|0
RZ1|237|1|OP15-076|0|27|0|0|0|0|0|0|0
RZ1|CHK|237|1|28|8|5|0|1|5|9|0|1|0
RZ1|238|1|OP10-067|1|1|6|9|1|1|0|0|0
RZ1|CHK|238|1|28|7|5|0|1|5|10|0|1|0
[You] Enel ["OP15-118">OP15-118]: Trash Senor Pink ["OP10-067">OP10-067]
[You] Enel ["OP15-118">OP15-118] attacking Portgas D. Ace ["OP16-001">OP16-001]
Enel ["OP15-118">OP15-118][10000] vs Portgas D. Ace ["OP16-001">OP16-001][5000]
Portgas D. Ace ["OP16-001">OP16-001] hit for 1 damage
RZ1|239|2|OP16-017|3|2|1|5|1|1|0|0|0
RZ1|CHK|239|2|32|6|3|2|2|8|6|1|1|0
[You] Enel ["OP15-118">OP15-118] attacking Portgas D. Ace ["OP16-001">OP16-001]
Enel ["OP15-118">OP15-118][10000] vs Portgas D. Ace ["OP16-001">OP16-001][5000]
Portgas D. Ace ["OP16-001">OP16-001] hit for 1 damage
RZ1|240|2|OP16-021|3|1|1|6|1|1|0|0|0
RZ1|CHK|240|2|32|7|3|1|2|8|6|1|1|0
[You] Enel ["OP15-058">OP15-058] attacking Portgas D. Ace ["OP16-001">OP16-001]
[Opponent] Discard Thatch ["OP16-005">OP16-005] for Counter 1000
RZ1|241|2|OP16-005|1|3|6|6|1|1|0|0|0
RZ1|CHK|241|2|32|6|3|1|2|8|7|1|1|0
Enel ["OP15-058">OP15-058][5000] vs Portgas D. Ace ["OP16-001">OP16-001][6000]
Attack Fails
[You] Ohm ["OP15-061">OP15-061] attacking Portgas D. Ace ["OP16-001">OP16-001]
[You] Ohm ["OP15-061">OP15-061]: Buff Vista ["OP16-011">OP16-011] -1000
Ohm ["OP15-061">OP15-061][2000] vs Portgas D. Ace ["OP16-001">OP16-001][5000]
Attack Fails
Enel ["OP15-058">OP15-058]: Draw 1 Don
RZ1|242|1|Don|4|0|5|5|1|1|0|0|0
RZ1|CHK|242|1|28|7|5|0|0|6|10|0|1|0
[You] Enel ["OP15-058">OP15-058]: Attach 1 Rested Don to Ohm ["OP15-061">OP15-061]
RZ1|243|1|Don|5|0|9|0|1|1|1|0|0
RZ1|CHK|243|1|28|7|5|0|0|5|10|0|1|1
[You] Enel ["OP15-058">OP15-058]: Attach 1 Rested Don to Ohm ["OP15-061">OP15-061]
RZ1|244|1|Don|5|0|9|1|1|1|1|0|0
RZ1|CHK|244|1|28|7|5|0|0|4|10|0|1|2
[You] Enel ["OP15-058">OP15-058]: Attach 1 Rested Don to Ohm ["OP15-061">OP15-061]
RZ1|245|1|Don|5|0|9|2|1|1|1|0|0
RZ1|CHK|245|1|28|7|5|0|0|3|10|0|1|3
[You] Enel ["OP15-058">OP15-058]: Attach 1 Rested Don to Ohm ["OP15-061">OP15-061]
RZ1|246|1|Don|5|0|9|3|1|1|1|0|0
RZ1|CHK|246|1|28|7|5|0|0|2|10|0|1|4
[You] Shura ["OP15-067">OP15-067] attacking Monkey D. Garp ["OP13-016">OP13-016]
Shura ["OP15-067">OP15-067][2000] vs Monkey D. Garp ["OP13-016">OP13-016][2000]
[Opponent] Monkey D. Garp ["OP13-016">OP13-016] Destroyed
RZ1|247|2|OP13-016|2|0|6|7|1|1|0|0|0
RZ1|CHK|247|2|32|6|2|1|2|8|8|1|1|0
[] Hand: [OP15-077,OP15-078,OP15-076,OP15-077,OP15-078,OP15-061,ST10-010]
[] Board: [OP15-061,OP15-118,OP15-118,OP15-067,OP15-118]
[] Trash: [OP13-076,OP15-061,OP15-066,OP09-077,OP15-067,OP15-067,OP15-061,OP09-072,ST10-010,OP10-067]
[] Life: 0
[] Hand: [EB01-002,OP16-003,OP16-011,OP16-014,OP16-017,OP16-021]
[] Trash: [OP16-004,OP16-004,OP16-118,OP10-005,OP16-017,OP13-016,OP16-005,OP13-016]
[] Board: [OP16-011,OP16-003]
[] Life: 1
[You] End Turn
[] Hand: [EB01-002,OP16-003,OP16-011,OP16-014,OP16-017,OP16-021]
[] Board: [OP16-011,OP16-003]
[] Trash: [OP16-004,OP16-004,OP16-118,OP10-005,OP16-017,OP13-016,OP16-005,OP13-016]
[] Life: 1
[] Hand: [OP15-077,OP15-078,OP15-076,OP15-077,OP15-078,OP15-061,ST10-010]
[] Trash: [OP13-076,OP15-061,OP15-066,OP09-077,OP15-067,OP15-067,OP15-061,OP09-072,ST10-010,OP10-067]
[] Board: [OP15-061,OP15-118,OP15-118,OP15-067,OP15-118]
[] Life: 0
[Opponent] Draw 1 Card
[] Drew card from deck: Monkey D. Garp ["OP13-016">OP13-016]
RZ1|248|2|OP13-016|0|31|1|6|1|1|0|0|0
RZ1|CHK|248|2|31|7|2|1|2|8|8|1|1|0
RZ1|249|2|Don|4|1|5|8|1|1|0|0|0
RZ1|CHK|249|2|31|7|2|1|1|9|8|1|1|0
RZ1|250|2|Don|4|0|5|9|1|1|0|0|0
RZ1|CHK|250|2|31|7|2|1|0|10|8|1|1|0
[Opponent] Draw 2 Don
[Opponent] Portgas D. Ace ["OP16-001">OP16-001] attacking Enel ["OP15-058">OP15-058]
[You] Mamaragan ["OP15-078">OP15-078]: Activate Counter
RZ1|251|1|OP15-078|1|1|6|10|1|1|0|0|0
RZ1|CHK|251|1|28|6|5|0|0|2|11|0|1|4
[You] Mamaragan ["OP15-078">OP15-078]: Buff Enel ["OP15-058">OP15-058] 1000 for the Combat
[] Drew card from deck: Varie ["OP15-074">OP15-074]
RZ1|252|1|OP15-074|0|27|1|6|1|1|0|0|0
RZ1|CHK|252|1|27|7|5|0|0|2|11|0|1|4
[You] Mamaragan ["OP15-078">OP15-078]: Draw 1 Card
[You] Mamaragan ["OP15-078">OP15-078]: Activate Counter
RZ1|253|1|OP15-078|1|3|6|11|1|1|0|0|0
RZ1|CHK|253|1|27|6|5|0|0|2|12|0|1|4
[You] Mamaragan ["OP15-078">OP15-078]: Buff Enel ["OP15-058">OP15-058] 1000 for the Combat
[] Drew card from deck: El Thor ["OP15-075">OP15-075]
RZ1|254|1|OP15-075|0|26|1|6|1|1|0|0|0
RZ1|CHK|254|1|26|7|5|0|0|2|12|0|1|4
[You] Mamaragan ["OP15-078">OP15-078]: Draw 1 Card
[You] Discard Ohm ["OP15-061">OP15-061] for Counter 1000
RZ1|255|1|OP15-061|1|3|6|12|1|1|0|0|0
RZ1|CHK|255|1|26|6|5|0|0|2|13|0|1|4
Portgas D. Ace ["OP16-001">OP16-001][7000] vs Enel ["OP15-058">OP15-058][8000]
Attack Fails
RZ1|256|2|Don|5|0|9|0|1|1|0|0|0
RZ1|CHK|256|2|31|7|2|1|0|9|8|1|1|1
[Opponent] Attach 1 Don to Vista ["OP16-011">OP16-011] (1 Total)
[Opponent] Vista ["OP16-011">OP16-011] attacking Enel ["OP15-058">OP15-058]
[Opponent] Vista ["OP16-011">OP16-011]: Destroy Shura ["OP15-067">OP15-067]
[Opponent] Vista ["OP16-011">OP16-011]: Destroy Ohm ["OP15-061">OP15-061]
RZ1|257|1|Don|9|0|5|0|1|1|1|0|0
RZ1|CHK|257|1|26|6|5|0|0|3|13|0|1|3
RZ1|258|1|Don|9|0|5|0|1|1|1|0|0
RZ1|CHK|258|1|26|6|5|0|0|4|13|0|1|2
RZ1|259|1|Don|9|0|5|0|1|1|1|0|0
RZ1|CHK|259|1|26|6|5|0|0|5|13|0|1|1
RZ1|260|1|Don|9|0|5|0|1|1|1|0|0
RZ1|CHK|260|1|26|6|5|0|0|6|13|0|1|0
RZ1|261|1|OP15-061|2|0|6|13|1|1|0|0|0
RZ1|CHK|261|1|26|6|4|0|0|6|14|0|1|0
RZ1|262|1|OP15-067|2|2|6|14|1|1|0|0|0
RZ1|CHK|262|1|26|6|3|0|0|6|15|0|1|0
Vista ["OP16-011">OP16-011][9000] vs Enel ["OP15-058">OP15-058][5000]
Enel ["OP15-058">OP15-058] hit for 1 damage
[You] <b>Downloaded the Combat Log!</b>
GameOver