Version is 1.43a.1
[You] Leader is Enel ["OP15-058">OP15-058]
[Opponent] Leader is Rocks D. Xebec ["OP17-039">OP17-039]
RZ1|5|2|OP17-055|0|42|0|0|0|0|0|0|0
RZ1|CHK|5|2|50|0|0|0|10|0|0|0|1|0
RZ1|6|2|OP17-046|0|23|0|1|0|0|0|0|0
RZ1|CHK|6|2|50|0|0|0|10|0|0|0|1|0
RZ1|7|2|OP17-049|0|25|0|2|0|0|0|0|0
RZ1|CHK|7|2|50|0|0|0|10|0|0|0|1|0
RZ1|8|2|OP17-050|0|8|0|3|0|0|0|0|0
RZ1|CHK|8|2|50|0|0|0|10|0|0|0|1|0
RZ1|9|2|OP17-049|0|28|0|4|0|0|0|0|0
RZ1|CHK|9|2|50|0|0|0|10|0|0|0|1|0
RZ1|10|2|OP17-055|0|42|0|5|0|0|0|0|0
RZ1|CHK|10|2|50|0|0|0|10|0|0|0|1|0
RZ1|11|2|OP17-052|0|15|0|6|0|0|0|0|0
RZ1|CHK|11|2|50|0|0|0|10|0|0|0|1|0
RZ1|12|2|OP17-056|0|48|0|7|0|0|0|0|0
RZ1|CHK|12|2|50|0|0|0|10|0|0|0|1|0
RZ1|13|2|OP17-040|0|34|0|8|0|0|0|0|0
RZ1|CHK|13|2|50|0|0|0|10|0|0|0|1|0
RZ1|14|2|OP17-045|0|15|0|9|0|0|0|0|0
RZ1|CHK|14|2|50|0|0|0|10|0|0|0|1|0
RZ1|15|2|OP17-040|0|34|0|10|0|0|0|0|0
RZ1|CHK|15|2|50|0|0|0|10|0|0|0|1|0
RZ1|16|2|OP17-055|0|44|0|11|0|0|0|0|0
RZ1|CHK|16|2|50|0|0|0|10|0|0|0|1|0
RZ1|17|2|OP17-040|0|36|0|12|0|0|0|0|0
RZ1|CHK|17|2|50|0|0|0|10|0|0|0|1|0
RZ1|18|2|OP17-054|0|22|0|13|0|0|0|0|0
RZ1|CHK|18|2|50|0|0|0|10|0|0|0|1|0
RZ1|19|2|OP17-050|0|17|0|14|0|0|0|0|0
RZ1|CHK|19|2|50|0|0|0|10|0|0|0|1|0
RZ1|20|2|OP17-044|0|28|0|15|0|0|0|0|0
RZ1|CHK|20|2|50|0|0|0|10|0|0|0|1|0
RZ1|21|2|OP17-044|0|28|0|16|0|0|0|0|0
RZ1|CHK|21|2|50|0|0|0|10|0|0|0|1|0
RZ1|22|2|OP17-054|0|26|0|17|0|0|0|0|0
RZ1|CHK|22|2|50|0|0|0|10|0|0|0|1|0
RZ1|23|2|OP17-048|0|37|0|18|0|0|0|0|0
RZ1|CHK|23|2|50|0|0|0|10|0|0|0|1|0
RZ1|24|2|OP17-056|0|47|0|19|0|0|0|0|0
RZ1|CHK|24|2|50|0|0|0|10|0|0|0|1|0
RZ1|25|2|OP17-118|0|42|0|20|0|0|0|0|0
RZ1|CHK|25|2|50|0|0|0|10|0|0|0|1|0
RZ1|26|2|OP17-056|0|47|0|21|0|0|0|0|0
RZ1|CHK|26|2|50|0|0|0|10|0|0|0|1|0
RZ1|27|2|OP17-118|0|44|0|22|0|0|0|0|0
RZ1|CHK|27|2|50|0|0|0|10|0|0|0|1|0
RZ1|28|2|OP17-048|0|44|0|23|0|0|0|0|0
RZ1|CHK|28|2|50|0|0|0|10|0|0|0|1|0
RZ1|29|2|OP17-046|0|35|0|24|0|0|0|0|0
RZ1|CHK|29|2|50|0|0|0|10|0|0|0|1|0
RZ1|30|2|OP17-048|0|44|0|25|0|0|0|0|0
RZ1|CHK|30|2|50|0|0|0|10|0|0|0|1|0
RZ1|31|2|OP17-053|0|42|0|26|0|0|0|0|0
RZ1|CHK|31|2|50|0|0|0|10|0|0|0|1|0
RZ1|32|2|OP17-055|0|47|0|27|0|0|0|0|0
RZ1|CHK|32|2|50|0|0|0|10|0|0|0|1|0
RZ1|33|2|OP17-043|0|41|0|28|0|0|0|0|0
RZ1|CHK|33|2|50|0|0|0|10|0|0|0|1|0
RZ1|34|2|OP17-042|0|39|0|29|0|0|0|0|0
RZ1|CHK|34|2|50|0|0|0|10|0|0|0|1|0
RZ1|35|2|OP17-045|0|35|0|30|0|0|0|0|0
RZ1|CHK|35|2|50|0|0|0|10|0|0|0|1|0
RZ1|36|2|OP17-050|0|34|0|31|0|0|0|0|0
RZ1|CHK|36|2|50|0|0|0|10|0|0|0|1|0
RZ1|37|2|OP17-045|0|36|0|32|0|0|0|0|0
RZ1|CHK|37|2|50|0|0|0|10|0|0|0|1|0
RZ1|38|2|OP17-050|0|36|0|33|0|0|0|0|0
RZ1|CHK|38|2|50|0|0|0|10|0|0|0|1|0
RZ1|39|2|OP17-056|0|48|0|34|0|0|0|0|0
RZ1|CHK|39|2|50|0|0|0|10|0|0|0|1|0
RZ1|40|2|OP17-118|0|47|0|35|0|0|0|0|0
RZ1|CHK|40|2|50|0|0|0|10|0|0|0|1|0
RZ1|41|2|OP17-040|0|46|0|36|0|0|0|0|0
RZ1|CHK|41|2|50|0|0|0|10|0|0|0|1|0
RZ1|42|2|OP17-054|0|41|0|37|0|0|0|0|0
RZ1|CHK|42|2|50|0|0|0|10|0|0|0|1|0
RZ1|43|2|OP17-049|0|45|0|38|0|0|0|0|0
RZ1|CHK|43|2|50|0|0|0|10|0|0|0|1|0
RZ1|44|2|OP17-049|0|46|0|40|0|0|0|0|0
RZ1|CHK|44|2|50|0|0|0|10|0|0|0|1|0
RZ1|45|2|OP17-046|0|46|0|41|0|0|0|0|0
RZ1|CHK|45|2|50|0|0|0|10|0|0|0|1|0
RZ1|46|2|OP17-048|0|47|0|45|0|0|0|0|0
RZ1|CHK|46|2|50|0|0|0|10|0|0|0|1|0
RZ1|47|2|OP17-118|0|48|0|46|0|0|0|0|0
RZ1|CHK|47|2|50|0|0|0|10|0|0|0|1|0
RZ1|48|2|OP17-057|0|49|0|47|0|0|0|0|0
RZ1|CHK|48|2|50|0|0|0|10|0|0|0|1|0
[] Drew card from deck: Trafalgar Law ["ST10-010">ST10-010]
RZ1|49|1|ST10-010|0|49|1|0|1|1|0|0|0
RZ1|CHK|49|1|49|1|0|0|6|0|0|0|1|0
[] Drew card from deck: Gamma Knife ["OP05-077">OP05-077]
RZ1|50|1|OP05-077|0|48|1|1|1|1|0|0|0
RZ1|CHK|50|1|48|2|0|0|6|0|0|0|1|0
[] Drew card from deck: Senor Pink ["OP10-067">OP10-067]
RZ1|51|1|OP10-067|0|47|1|2|1|1|0|0|0
RZ1|CHK|51|1|47|3|0|0|6|0|0|0|1|0
[] Drew card from deck: Shura ["OP15-067">OP15-067]
RZ1|52|1|OP15-067|0|46|1|3|1|1|0|0|0
RZ1|CHK|52|1|46|4|0|0|6|0|0|0|1|0
[] Drew card from deck: Gum Gum Lightning ["OP09-077">OP09-077]
RZ1|53|1|OP09-077|0|45|1|4|1|1|0|0|0
RZ1|CHK|53|1|45|5|0|0|6|0|0|0|1|0
[] Drew card from deck: Gloriosa ["OP17-046">OP17-046]
RZ1|54|2|OP17-046|0|49|1|0|1|1|0|0|0
RZ1|CHK|54|2|49|1|0|0|10|0|0|0|1|0
[] Drew card from deck: Wang Zhi ["OP17-041">OP17-041]
RZ1|55|2|OP17-041|0|48|1|1|1|1|0|0|0
RZ1|CHK|55|2|48|2|0|0|10|0|0|0|1|0
[] Drew card from deck: Fullalead ["OP17-057">OP17-057]
RZ1|56|2|OP17-057|0|47|1|2|1|1|0|0|0
RZ1|CHK|56|2|47|3|0|0|10|0|0|0|1|0
[] Drew card from deck: Rocks D. Xebec ["OP17-118">OP17-118]
RZ1|57|2|OP17-118|0|46|1|3|1|1|0|0|0
RZ1|CHK|57|2|46|4|0|0|10|0|0|0|1|0
[] Drew card from deck: Shiki ["OP17-048">OP17-048]
RZ1|58|2|OP17-048|0|45|1|4|1|1|0|0|0
RZ1|CHK|58|2|45|5|0|0|10|0|0|0|1|0
RZ1|59|1|OP15-074|0|44|3|0|1|0|0|0|0
RZ1|CHK|59|1|44|5|0|1|6|0|0|0|1|0
RZ1|60|1|OP15-075|0|43|3|1|1|0|0|0|0
RZ1|CHK|60|1|43|5|0|2|6|0|0|0|1|0
RZ1|61|1|OP15-077|0|42|3|2|1|0|0|0|0
RZ1|CHK|61|1|42|5|0|3|6|0|0|0|1|0
RZ1|62|1|OP15-078|0|41|3|3|1|0|0|0|0
RZ1|CHK|62|1|41|5|0|4|6|0|0|0|1|0
RZ1|63|1|OP15-074|0|40|3|4|1|0|0|0|0
RZ1|CHK|63|1|40|5|0|5|6|0|0|0|1|0
RZ1|64|2|OP17-054|0|44|3|0|0|1|0|0|0
RZ1|CHK|64|2|44|5|0|1|10|0|0|0|1|0
RZ1|65|2|OP08-051|0|43|3|1|0|1|0|0|0
RZ1|CHK|65|2|43|5|0|2|10|0|0|0|1|0
RZ1|66|2|OP08-051|0|42|3|2|0|1|0|0|0
RZ1|CHK|66|2|42|5|0|3|10|0|0|0|1|0
RZ1|67|2|OP17-046|0|41|3|3|0|1|0|0|0
RZ1|CHK|67|2|41|5|0|4|10|0|0|0|1|0
RZ1|68|2|OP17-049|0|40|3|4|0|1|0|0|0
RZ1|CHK|68|2|40|5|0|5|10|0|0|0|1|0
[] Hand: [ST10-010,OP05-077,OP10-067,OP15-067,OP09-077]
[] Board: []
[] Trash: []
[] Life: 5
[] Hand: [OP17-046,OP17-041,OP17-057,OP17-118,OP17-048]
[] Trash: []
[] Board: []
[] Life: 5
RZ1|69|1|Don|4|5|5|0|1|1|0|0|0
RZ1|CHK|69|1|40|5|0|5|5|1|0|0|1|0
[You] Draw 1 Don
RZ1|70|1|Don|5|0|5|0|1|1|1|0|0
RZ1|CHK|70|1|40|5|0|5|5|1|0|0|1|0
[You] Deploy Shura ["OP15-067">OP15-067]
RZ1|71|1|OP15-067|1|3|2|0|1|1|0|0|0
RZ1|CHK|71|1|40|4|1|5|5|1|0|0|1|0
RZ1|72|1|Don|5|0|4|5|1|1|0|0|0
RZ1|CHK|72|1|40|4|1|5|6|0|0|0|1|0
[You] Shura ["OP15-067">OP15-067]: Minus 1 Don
[] Drew card from deck: Charlotte Pudding ["OP12-071">OP12-071]
RZ1|73|1|OP12-071|0|39|1|4|1|1|0|0|0
RZ1|CHK|73|1|39|5|1|5|6|0|0|0|1|0
[You] Shura ["OP15-067">OP15-067]: Draw 1 Card
[] Hand: [ST10-010,OP05-077,OP10-067,OP09-077,OP12-071]
[] Board: [OP15-067]
[] Trash: []
[] Life: 5
[] Hand: [OP17-046,OP17-041,OP17-057,OP17-118,OP17-048]
[] Trash: []
[] Board: []
[] Life: 5
[You] End Turn
[] Hand: [OP17-046,OP17-041,OP17-057,OP17-118,OP17-048]
[] Board: []
[] Trash: []
[] Life: 5
[] Hand: [ST10-010,OP05-077,OP10-067,OP09-077,OP12-071]
[] Trash: []
[] Board: [OP15-067]
[] Life: 5
[Opponent] Draw 1 Card
[] Drew card from deck: Buckin ["OP08-051">OP08-051]
RZ1|74|2|OP08-051|0|39|1|5|1|1|0|0|0
RZ1|CHK|74|2|39|6|0|5|10|0|0|0|1|0
RZ1|75|2|Don|4|9|5|0|1|1|0|0|0
RZ1|CHK|75|2|39|6|0|5|9|1|0|0|1|0
RZ1|76|2|Don|4|8|5|1|1|1|0|0|0
RZ1|CHK|76|2|39|6|0|5|8|2|0|0|1|0
[Opponent] Draw 2 Don
RZ1|77|2|Don|5|0|5|0|1|1|1|0|0
RZ1|CHK|77|2|39|6|0|5|8|2|0|0|1|0
[Opponent] Deploy Fullalead ["OP17-057">OP17-057]
RZ1|78|2|OP17-057|1|2|7|0|1|1|0|0|0
RZ1|CHK|78|2|39|5|0|5|8|2|0|1|1|0
[] Hand: [OP17-046,OP17-041,OP17-118,OP17-048,OP08-051]
[] Board: []
[] Trash: []
[] Life: 5
[] Hand: [ST10-010,OP05-077,OP10-067,OP09-077,OP12-071]
[] Trash: []
[] Board: [OP15-067]
[] Life: 5
[Opponent] End Turn
[] Hand: [ST10-010,OP05-077,OP10-067,OP09-077,OP12-071]
[] Board: [OP15-067]
[] Trash: []
[] Life: 5
[] Hand: [OP17-046,OP17-041,OP17-118,OP17-048,OP08-051]
[] Trash: []
[] Board: []
[] Life: 5
[You] Draw 1 Card
[] Drew card from deck: El Thor ["OP15-075">OP15-075]
RZ1|79|1|OP15-075|0|38|1|5|1|1|0|0|0
RZ1|CHK|79|1|38|6|1|5|6|0|0|0|1|0
RZ1|80|1|Don|4|5|5|0|1|1|0|0|0
RZ1|CHK|80|1|38|6|1|5|5|1|0|0|1|0
RZ1|81|1|Don|4|4|5|1|1|1|0|0|0
RZ1|CHK|81|1|38|6|1|5|4|2|0|0|1|0
[You] Draw 2 Don
RZ1|82|1|Don|5|0|5|0|1|1|1|0|0
RZ1|CHK|82|1|38|6|1|5|4|2|0|0|1|0
[You] Deploy Charlotte Pudding ["OP12-071">OP12-071]
RZ1|83|1|OP12-071|1|4|2|1|1|1|0|0|0
RZ1|CHK|83|1|38|5|2|5|4|2|0|0|1|0
[You] <b>Picked no cards to Draw</b>
[You] Placing Cards on Bottom of Deck
RZ1|84|1|OP15-067|0|37|0|0|0|0|0|0|0
RZ1|CHK|84|1|38|5|2|5|4|2|0|0|1|0
RZ1|85|1|ST10-010|0|37|0|0|0|0|0|0|0
RZ1|CHK|85|1|38|5|2|5|4|2|0|0|1|0
RZ1|86|1|OP15-118|0|37|0|0|0|0|0|0|0
RZ1|CHK|86|1|38|5|2|5|4|2|0|0|1|0
RZ1|87|1|OP09-072|0|37|0|0|0|0|0|0|0
RZ1|CHK|87|1|38|5|2|5|4|2|0|0|1|0
[You] Enel ["OP15-058">OP15-058] attacking Rocks D. Xebec ["OP17-039">OP17-039]
[Opponent] Fullalead ["OP17-057">OP17-057]: Rest Fullalead ["OP17-057">OP17-057]
RZ1|88|2|OP17-041|1|1|6|0|1|1|0|0|0
RZ1|CHK|88|2|39|4|0|5|8|2|1|1|1|0
[Opponent] Fullalead ["OP17-057">OP17-057]: Trash Wang Zhi ["OP17-041">OP17-041]
[Opponent] Fullalead ["OP17-057">OP17-057]: Buff Rocks D. Xebec ["OP17-039">OP17-039] 1000 for the Combat
Enel ["OP15-058">OP15-058][5000] vs Rocks D. Xebec ["OP17-039">OP17-039][6000]
Attack Fails
Enel ["OP15-058">OP15-058]: Draw 1 Don
RZ1|89|1|Don|4|3|5|2|1|1|0|0|0
RZ1|CHK|89|1|38|5|2|5|3|3|0|0|1|0
Enel ["OP15-058">OP15-058]: Draw 3 Rested Don
RZ1|90|1|Don|4|2|5|0|1|1|1|0|0
RZ1|CHK|90|1|38|5|2|5|2|4|0|0|1|0
RZ1|91|1|Don|4|1|5|0|1|1|1|0|0
RZ1|CHK|91|1|38|5|2|5|1|5|0|0|1|0
RZ1|92|1|Don|4|0|5|0|1|1|1|0|0
RZ1|CHK|92|1|38|5|2|5|0|6|0|0|1|0
[You] Enel ["OP15-058">OP15-058]: Attach 1 Rested Don to Charlotte Pudding ["OP12-071">OP12-071]
RZ1|93|1|Don|5|0|9|100|1|1|1|0|0
RZ1|CHK|93|1|38|5|2|5|0|5|0|0|1|1
[You] Enel ["OP15-058">OP15-058]: Attach 1 Rested Don to Charlotte Pudding ["OP12-071">OP12-071]
RZ1|94|1|Don|5|0|9|101|1|1|1|0|0
RZ1|CHK|94|1|38|5|2|5|0|4|0|0|1|2
[You] Enel ["OP15-058">OP15-058]: Attach 1 Rested Don to Charlotte Pudding ["OP12-071">OP12-071]
RZ1|95|1|Don|5|0|9|102|1|1|1|0|0
RZ1|CHK|95|1|38|5|2|5|0|3|0|0|1|3
[You] Enel ["OP15-058">OP15-058]: Attach 1 Rested Don to Charlotte Pudding ["OP12-071">OP12-071]
RZ1|96|1|Don|5|0|9|103|1|1|1|0|0
RZ1|CHK|96|1|38|5|2|5|0|2|0|0|1|4
[] Hand: [ST10-010,OP05-077,OP10-067,OP09-077,OP15-075]
[] Board: [OP15-067,OP12-071]
[] Trash: []
[] Life: 5
[] Hand: [OP17-046,OP17-118,OP17-048,OP08-051]
[] Trash: [OP17-041]
[] Board: []
[] Life: 5
[You] End Turn
[] Hand: [OP17-046,OP17-118,OP17-048,OP08-051]
[] Board: []
[] Trash: [OP17-041]
[] Life: 5
[] Hand: [ST10-010,OP05-077,OP10-067,OP09-077,OP15-075]
[] Trash: []
[] Board: [OP15-067,OP12-071]
[] Life: 5
[Opponent] Draw 1 Card
[] Drew card from deck: Charlotte Linlin ["OP17-049">OP17-049]
RZ1|97|2|OP17-049|0|38|1|4|1|1|0|0|0
RZ1|CHK|97|2|38|5|0|5|8|2|1|1|1|0
RZ1|98|2|Don|4|7|5|2|1|1|0|0|0
RZ1|CHK|98|2|38|5|0|5|7|3|1|1|1|0
RZ1|99|2|Don|4|6|5|3|1|1|0|0|0
RZ1|CHK|99|2|38|5|0|5|6|4|1|1|1|0
[Opponent] Draw 2 Don
RZ1|100|2|Don|5|0|5|0|1|1|1|0|0
RZ1|CHK|100|2|38|5|0|5|6|4|1|1|1|0
RZ1|101|2|Don|5|1|5|1|1|1|1|0|0
RZ1|CHK|101|2|38|5|0|5|6|4|1|1|1|0
RZ1|102|2|Don|5|2|5|2|1|1|1|0|0
RZ1|CHK|102|2|38|5|0|5|6|4|1|1|1|0
RZ1|103|2|Don|5|3|5|3|1|1|1|0|0
RZ1|CHK|103|2|38|5|0|5|6|4|1|1|1|0
[Opponent] Deploy Gloriosa ["OP17-046">OP17-046]
RZ1|104|2|OP17-046|1|0|2|0|1|1|0|0|0
RZ1|CHK|104|2|38|4|1|5|6|4|1|1|1|0
[Opponent] Gloriosa ["OP17-046">OP17-046]: Send Charlotte Pudding ["OP12-071">OP12-071] to Deck Bottom
RZ1|105|1|Don|9|100|5|0|1|1|1|0|0
RZ1|CHK|105|1|38|5|2|5|0|3|0|0|1|3
RZ1|106|1|Don|9|100|5|0|1|1|1|0|0
RZ1|CHK|106|1|38|5|2|5|0|4|0|0|1|2
RZ1|107|1|Don|9|100|5|0|1|1|1|0|0
RZ1|CHK|107|1|38|5|2|5|0|5|0|0|1|1
RZ1|108|1|Don|9|100|5|0|1|1|1|0|0
RZ1|CHK|108|1|38|5|2|5|0|6|0|0|1|0
RZ1|109|1|OP12-071|2|1|0|0|0|0|0|0|0
RZ1|CHK|109|1|39|5|1|5|0|6|0|0|1|0
[Opponent] Rocks D. Xebec ["OP17-039">OP17-039] attacking Enel ["OP15-058">OP15-058]
RZ1|110|2|OP17-049|1|3|6|1|1|1|0|0|0
RZ1|CHK|110|2|38|3|1|5|6|4|2|1|1|0
[Opponent] Rocks D. Xebec ["OP17-039">OP17-039]: Trash Charlotte Linlin ["OP17-049">OP17-049]
RZ1|111|2|OP17-054|0|37|0|37|0|0|0|0|0
RZ1|CHK|111|2|38|3|1|5|6|4|2|1|1|0
[Opponent] Rocks D. Xebec ["OP17-039">OP17-039] revealed: Stussy ["OP17-054">OP17-054]
[] Drew card from deck: Stussy ["OP17-054">OP17-054]
RZ1|112|2|OP17-054|0|37|1|3|1|1|0|0|0
RZ1|CHK|112|2|37|4|1|5|6|4|2|1|1|0
[] Drew card from deck: Edward Newgate ["OP17-040">OP17-040]
RZ1|113|2|OP17-040|0|36|1|4|1|1|0|0|0
RZ1|CHK|113|2|36|5|1|5|6|4|2|1|1|0
[Opponent] Rocks D. Xebec ["OP17-039">OP17-039]: Draw 2 Card
[You] Discard Trafalgar Law ["ST10-010">ST10-010] for Counter 1000
RZ1|114|1|ST10-010|1|0|6|0|1|1|0|0|0
RZ1|CHK|114|1|39|4|1|5|0|6|1|0|1|0
Rocks D. Xebec ["OP17-039">OP17-039][5000] vs Enel ["OP15-058">OP15-058][6000]
Attack Fails
[] Hand: [OP17-118,OP17-048,OP08-051,OP17-054,OP17-040]
[] Board: [OP17-046]
[] Trash: [OP17-041,OP17-049]
[] Life: 5
[] Hand: [OP05-077,OP10-067,OP09-077,OP15-075]
[] Trash: [ST10-010]
[] Board: [OP15-067]
[] Life: 5
[Opponent] End Turn
[] Hand: [OP05-077,OP10-067,OP09-077,OP15-075]
[] Board: [OP15-067]
[] Trash: [ST10-010]
[] Life: 5
[] Hand: [OP17-118,OP17-048,OP08-051,OP17-054,OP17-040]
[] Trash: [OP17-041,OP17-049]
[] Board: [OP17-046]
[] Life: 5
[You] Draw 1 Card
[] Drew card from deck: Senor Pink ["OP10-067">OP10-067]
RZ1|115|1|OP10-067|0|38|1|4|1|1|0|0|0
RZ1|CHK|115|1|38|5|1|5|0|6|1|0|1|0
RZ1|116|1|Don|5|0|5|0|1|1|1|0|0
RZ1|CHK|116|1|38|5|1|5|0|6|1|0|1|0
RZ1|117|1|Don|5|1|5|1|1|1|1|0|0
RZ1|CHK|117|1|38|5|1|5|0|6|1|0|1|0
RZ1|118|1|Don|5|2|5|2|1|1|1|0|0
RZ1|CHK|118|1|38|5|1|5|0|6|1|0|1|0
RZ1|119|1|Don|5|3|5|3|1|1|1|0|0
RZ1|CHK|119|1|38|5|1|5|0|6|1|0|1|0
RZ1|120|1|Don|5|4|5|4|1|1|1|0|0
RZ1|CHK|120|1|38|5|1|5|0|6|1|0|1|0
[You] Deploy Senor Pink ["OP10-067">OP10-067]
RZ1|121|1|OP10-067|1|1|2|1|1|1|0|0|0
RZ1|CHK|121|1|38|4|2|5|0|6|1|0|1|0
RZ1|122|1|Don|5|0|4|0|1|1|0|0|0
RZ1|CHK|122|1|38|4|2|5|1|5|1|0|1|0
[You] Senor Pink ["OP10-067">OP10-067]: Minus 1 Don
[You] <b>Picked no cards to Draw</b>
[You] Senor Pink ["OP10-067">OP10-067]: Activate 1 Don
RZ1|123|1|Don|5|3|5|3|1|1|0|0|0
RZ1|CHK|123|1|38|4|2|5|1|5|1|0|1|0
Enel ["OP15-058">OP15-058]: Draw 1 Don
RZ1|124|1|Don|4|0|5|5|1|1|0|0|0
RZ1|CHK|124|1|38|4|2|5|0|6|1|0|1|0
[You] Enel ["OP15-058">OP15-058]: Attach 1 Rested Don to Shura ["OP15-067">OP15-067]
RZ1|125|1|Don|5|0|9|0|1|1|1|0|0
RZ1|CHK|125|1|38|4|2|5|0|5|1|0|1|1
[You] Enel ["OP15-058">OP15-058]: Attach 1 Rested Don to Shura ["OP15-067">OP15-067]
RZ1|126|1|Don|5|0|9|1|1|1|1|0|0
RZ1|CHK|126|1|38|4|2|5|0|4|1|0|1|2
[You] Enel ["OP15-058">OP15-058]: Attach 1 Rested Don to Shura ["OP15-067">OP15-067]
RZ1|127|1|Don|5|0|9|2|1|1|1|0|0
RZ1|CHK|127|1|38|4|2|5|0|3|1|0|1|3
RZ1|128|1|Don|5|0|9|9900|1|1|0|0|0
RZ1|CHK|128|1|38|4|2|5|0|2|1|0|1|4
RZ1|129|1|Don|5|0|9|9901|1|1|0|0|0
RZ1|CHK|129|1|38|4|2|5|0|1|1|0|1|5
[You] Attach 2 Don to Enel ["OP15-058">OP15-058] (2 Total)
RZ1|130|1|OP15-075|1|2|6|1|1|1|0|0|0
RZ1|CHK|130|1|38|3|2|5|0|1|2|0|1|5
RZ1|131|1|Don|5|0|9|9902|1|1|0|0|0
RZ1|CHK|131|1|38|3|2|5|0|0|2|0|1|6
[You] Attach 1 Don to Enel ["OP15-058">OP15-058] (3 Total)
[You] Enel ["OP15-058">OP15-058] attacking Rocks D. Xebec ["OP17-039">OP17-039]
Enel ["OP15-058">OP15-058][8000] vs Rocks D. Xebec ["OP17-039">OP17-039][5000]
Rocks D. Xebec ["OP17-039">OP17-039] hit for 1 damage
RZ1|132|2|OP17-049|3|4|1|5|1|1|0|0|0
RZ1|CHK|132|2|36|6|1|4|6|4|2|1|1|0
[You] Shura ["OP15-067">OP15-067] attacking Rocks D. Xebec ["OP17-039">OP17-039]
[Opponent] Discard Buckin ["OP08-051">OP08-051] for Counter 1000
RZ1|133|2|OP08-051|1|2|6|2|1|1|0|0|0
RZ1|CHK|133|2|36|5|1|4|6|4|3|1|1|0
Shura ["OP15-067">OP15-067][5000] vs Rocks D. Xebec ["OP17-039">OP17-039][6000]
Attack Fails
[] Hand: [OP05-077,OP09-077,OP10-067]
[] Board: [OP15-067,OP10-067]
[] Trash: [ST10-010,OP15-075]
[] Life: 5
[] Hand: [OP17-118,OP17-048,OP17-054,OP17-040,OP17-049]
[] Trash: [OP17-041,OP17-049,OP08-051]
[] Board: [OP17-046]
[] Life: 4
[You] End Turn
[] Hand: [OP17-118,OP17-048,OP17-054,OP17-040,OP17-049]
[] Board: [OP17-046]
[] Trash: [OP17-041,OP17-049,OP08-051]
[] Life: 4
[] Hand: [OP05-077,OP09-077,OP10-067]
[] Trash: [ST10-010,OP15-075]
[] Board: [OP15-067,OP10-067]
[] Life: 5
[Opponent] Draw 1 Card
[] Drew card from deck: Rocks D. Xebec ["OP17-118">OP17-118]
RZ1|134|2|OP17-118|0|35|1|5|1|1|0|0|0
RZ1|CHK|134|2|35|6|1|4|6|4|3|1|1|0
RZ1|135|2|Don|4|5|5|4|1|1|0|0|0
RZ1|CHK|135|2|35|6|1|4|5|5|3|1|1|0
RZ1|136|2|Don|4|4|5|5|1|1|0|0|0
RZ1|CHK|136|2|35|6|1|4|4|6|3|1|1|0
[Opponent] Draw 2 Don
RZ1|137|2|Don|5|0|5|0|1|1|1|0|0
RZ1|CHK|137|2|35|6|1|4|4|6|3|1|1|0
RZ1|138|2|Don|5|1|5|1|1|1|1|0|0
RZ1|CHK|138|2|35|6|1|4|4|6|3|1|1|0
RZ1|139|2|Don|5|2|5|2|1|1|1|0|0
RZ1|CHK|139|2|35|6|1|4|4|6|3|1|1|0
RZ1|140|2|Don|5|3|5|3|1|1|1|0|0
RZ1|CHK|140|2|35|6|1|4|4|6|3|1|1|0
RZ1|141|2|Don|5|4|5|4|1|1|1|0|0
RZ1|CHK|141|2|35|6|1|4|4|6|3|1|1|0
RZ1|142|2|Don|5|5|5|5|1|1|1|0|0
RZ1|CHK|142|2|35|6|1|4|4|6|3|1|1|0
[Opponent] Deploy Edward Newgate ["OP17-040">OP17-040]
RZ1|143|2|OP17-040|1|3|2|1|1|1|0|0|0
RZ1|CHK|143|2|35|5|2|4|4|6|3|1|1|0
[] Drew card from deck: Rocks Pirates ["OP17-056">OP17-056]
RZ1|144|2|OP17-056|0|34|1|5|1|1|0|0|0
RZ1|CHK|144|2|34|6|2|4|4|6|3|1|1|0
[Opponent] Edward Newgate ["OP17-040">OP17-040]: Draw 1 Card
[Opponent] Rocks D. Xebec ["OP17-039">OP17-039] attacking Shura ["OP15-067">OP15-067]
RZ1|145|2|OP17-049|1|3|6|3|1|1|0|0|0
RZ1|CHK|145|2|34|5|2|4|4|6|4|1|1|0
[Opponent] Rocks D. Xebec ["OP17-039">OP17-039]: Trash Charlotte Linlin ["OP17-049">OP17-049]
RZ1|146|2|OP17-050|0|33|0|33|0|0|0|0|0
RZ1|CHK|146|2|34|5|2|4|4|6|4|1|1|0
[Opponent] Rocks D. Xebec ["OP17-039">OP17-039] revealed: Streusen ["OP17-050">OP17-050]
[] Drew card from deck: Streusen ["OP17-050">OP17-050]
RZ1|147|2|OP17-050|0|33|1|5|1|1|0|0|0
RZ1|CHK|147|2|33|6|2|4|4|6|4|1|1|0
[] Drew card from deck: Kyo ["OP17-045">OP17-045]
RZ1|148|2|OP17-045|0|32|1|6|1|1|0|0|0
RZ1|CHK|148|2|32|7|2|4|4|6|4|1|1|0
[Opponent] Rocks D. Xebec ["OP17-039">OP17-039]: Draw 2 Card
Rocks D. Xebec ["OP17-039">OP17-039][5000] vs Shura ["OP15-067">OP15-067][2000]
[You] Shura ["OP15-067">OP15-067] Destroyed
RZ1|149|1|Don|9|0|5|0|1|1|1|0|0
RZ1|CHK|149|1|38|3|2|5|0|1|2|0|1|5
RZ1|150|1|Don|9|0|5|0|1|1|1|0|0
RZ1|CHK|150|1|38|3|2|5|0|2|2|0|1|4
RZ1|151|1|Don|9|0|5|0|1|1|1|0|0
RZ1|CHK|151|1|38|3|2|5|0|3|2|0|1|3
RZ1|152|1|OP15-067|2|0|6|2|1|1|0|0|0
RZ1|CHK|152|1|38|3|1|5|0|3|3|0|1|3
[] Hand: [OP17-118,OP17-048,OP17-054,OP17-118,OP17-056,OP17-050,OP17-045]
[] Board: [OP17-046,OP17-040]
[] Trash: [OP17-041,OP17-049,OP08-051,OP17-049]
[] Life: 4
[] Hand: [OP05-077,OP09-077,OP10-067]
[] Trash: [ST10-010,OP15-075,OP15-067]
[] Board: [OP10-067]
[] Life: 5
[Opponent] End Turn
[] Hand: [OP05-077,OP09-077,OP10-067]
[] Board: [OP10-067]
[] Trash: [ST10-010,OP15-075,OP15-067]
[] Life: 5
[] Hand: [OP17-118,OP17-048,OP17-054,OP17-118,OP17-056,OP17-050,OP17-045]
[] Trash: [OP17-041,OP17-049,OP08-051,OP17-049]
[] Board: [OP17-046,OP17-040]
[] Life: 4
RZ1|153|1|Don|9|9900|5|0|1|1|1|0|0
RZ1|CHK|153|1|38|3|1|5|0|4|3|0|1|2
RZ1|154|1|Don|9|9900|5|0|1|1|1|0|0
RZ1|CHK|154|1|38|3|1|5|0|5|3|0|1|1
RZ1|155|1|Don|9|9900|5|0|1|1|1|0|0
RZ1|CHK|155|1|38|3|1|5|0|6|3|0|1|0
[You] Draw 1 Card
[] Drew card from deck: Satori ["OP15-066">OP15-066]
RZ1|156|1|OP15-066|0|37|1|3|1|1|0|0|0
RZ1|CHK|156|1|37|4|1|5|0|6|3|0|1|0
RZ1|157|1|Don|5|0|5|0|1|1|1|0|0
RZ1|CHK|157|1|37|4|1|5|0|6|3|0|1|0
RZ1|158|1|Don|5|1|5|1|1|1|1|0|0
RZ1|CHK|158|1|37|4|1|5|0|6|3|0|1|0
RZ1|159|1|Don|5|2|5|2|1|1|1|0|0
RZ1|CHK|159|1|37|4|1|5|0|6|3|0|1|0
RZ1|160|1|Don|5|3|5|3|1|1|1|0|0
RZ1|CHK|160|1|37|4|1|5|0|6|3|0|1|0
RZ1|161|1|Don|5|4|5|4|1|1|1|0|0
RZ1|CHK|161|1|37|4|1|5|0|6|3|0|1|0
[You] Deploy Senor Pink ["OP10-067">OP10-067]
RZ1|162|1|OP10-067|1|2|2|1|1|1|0|0|0
RZ1|CHK|162|1|37|3|2|5|0|6|3|0|1|0
RZ1|163|1|Don|5|0|4|0|1|1|0|0|0
RZ1|CHK|163|1|37|3|2|5|1|5|3|0|1|0
[You] Senor Pink ["OP10-067">OP10-067]: Minus 1 Don
[You] <b>Picked no cards to Draw</b>
[You] Senor Pink ["OP10-067">OP10-067]: Activate 1 Don
RZ1|164|1|Don|5|3|5|3|1|1|0|0|0
RZ1|CHK|164|1|37|3|2|5|1|5|3|0|1|0
[You] Senor Pink ["OP10-067">OP10-067] attacking Rocks D. Xebec ["OP17-039">OP17-039]
RZ1|165|2|OP17-056|1|4|6|4|1|1|0|0|0
RZ1|CHK|165|2|32|6|2|4|4|6|5|1|1|0
[Opponent] Edward Newgate ["OP17-040">OP17-040]: Trash Rocks Pirates ["OP17-056">OP17-056]
[Opponent] Edward Newgate ["OP17-040">OP17-040]: Buff Rocks D. Xebec ["OP17-039">OP17-039] 3000 for the Combat
Senor Pink ["OP10-067">OP10-067][6000] vs Rocks D. Xebec ["OP17-039">OP17-039][8000]
Attack Fails
[You] Enel ["OP15-058">OP15-058] attacking Rocks D. Xebec ["OP17-039">OP17-039]
[Opponent] Fullalead ["OP17-057">OP17-057]: Rest Fullalead ["OP17-057">OP17-057]
RZ1|166|2|OP17-045|1|5|6|5|1|1|0|0|0
RZ1|CHK|166|2|32|5|2|4|4|6|6|1|1|0
[Opponent] Fullalead ["OP17-057">OP17-057]: Trash Kyo ["OP17-045">OP17-045]
[Opponent] Fullalead ["OP17-057">OP17-057]: Buff Rocks D. Xebec ["OP17-039">OP17-039] 1000 for the Combat
Enel ["OP15-058">OP15-058][5000] vs Rocks D. Xebec ["OP17-039">OP17-039][6000]
Attack Fails
RZ1|167|1|Don|5|3|5|3|1|1|1|0|0
RZ1|CHK|167|1|37|3|2|5|1|5|3|0|1|0
[You] Deploy Satori ["OP15-066">OP15-066]
RZ1|168|1|OP15-066|1|2|2|2|1|1|0|0|0
RZ1|CHK|168|1|37|2|3|5|1|5|3|0|1|0
Enel ["OP15-058">OP15-058]: Draw 1 Don
RZ1|169|1|Don|4|0|5|5|1|1|0|0|0
RZ1|CHK|169|1|37|2|3|5|0|6|3|0|1|0
[You] Enel ["OP15-058">OP15-058]: Attach 1 Rested Don to Satori ["OP15-066">OP15-066]
RZ1|170|1|Don|5|0|9|200|1|1|1|0|0
RZ1|CHK|170|1|37|2|3|5|0|5|3|0|1|1
[You] Enel ["OP15-058">OP15-058]: Attach 1 Rested Don to Satori ["OP15-066">OP15-066]
RZ1|171|1|Don|5|0|9|201|1|1|1|0|0
RZ1|CHK|171|1|37|2|3|5|0|4|3|0|1|2
[You] Enel ["OP15-058">OP15-058]: Attach 1 Rested Don to Satori ["OP15-066">OP15-066]
RZ1|172|1|Don|5|0|9|202|1|1|1|0|0
RZ1|CHK|172|1|37|2|3|5|0|3|3|0|1|3
[You] Enel ["OP15-058">OP15-058]: Attach 1 Rested Don to Satori ["OP15-066">OP15-066]
RZ1|173|1|Don|5|0|9|203|1|1|1|0|0
RZ1|CHK|173|1|37|2|3|5|0|2|3|0|1|4
[] Hand: [OP05-077,OP09-077]
[] Board: [OP10-067,OP10-067,OP15-066]
[] Trash: [ST10-010,OP15-075,OP15-067]
[] Life: 5
[] Hand: [OP17-118,OP17-048,OP17-054,OP17-118,OP17-050]
[] Trash: [OP17-041,OP17-049,OP08-051,OP17-049,OP17-056,OP17-045]
[] Board: [OP17-046,OP17-040]
[] Life: 4
[You] End Turn
[] Hand: [OP17-118,OP17-048,OP17-054,OP17-118,OP17-050]
[] Board: [OP17-046,OP17-040]
[] Trash: [OP17-041,OP17-049,OP08-051,OP17-049,OP17-056,OP17-045]
[] Life: 4
[] Hand: [OP05-077,OP09-077]
[] Trash: [ST10-010,OP15-075,OP15-067]
[] Board: [OP10-067,OP10-067,OP15-066]
[] Life: 5
[Opponent] Draw 1 Card
[] Drew card from deck: Streusen ["OP17-050">OP17-050]
RZ1|174|2|OP17-050|0|31|1|5|1|1|0|0|0
RZ1|CHK|174|2|31|6|2|4|4|6|6|1|1|0
RZ1|175|2|Don|4|3|5|6|1|1|0|0|0
RZ1|CHK|175|2|31|6|2|4|3|7|6|1|1|0
RZ1|176|2|Don|4|2|5|7|1|1|0|0|0
RZ1|CHK|176|2|31|6|2|4|2|8|6|1|1|0
[Opponent] Draw 2 Don
RZ1|177|2|Don|5|0|5|0|1|1|1|0|0
RZ1|CHK|177|2|31|6|2|4|2|8|6|1|1|0
RZ1|178|2|Don|5|1|5|1|1|1|1|0|0
RZ1|CHK|178|2|31|6|2|4|2|8|6|1|1|0
RZ1|179|2|Don|5|2|5|2|1|1|1|0|0
RZ1|CHK|179|2|31|6|2|4|2|8|6|1|1|0
RZ1|180|2|Don|5|3|5|3|1|1|1|0|0
RZ1|CHK|180|2|31|6|2|4|2|8|6|1|1|0
RZ1|181|2|Don|5|4|5|4|1|1|1|0|0
RZ1|CHK|181|2|31|6|2|4|2|8|6|1|1|0
RZ1|182|2|Don|5|5|5|5|1|1|1|0|0
RZ1|CHK|182|2|31|6|2|4|2|8|6|1|1|0
RZ1|183|2|Don|5|6|5|6|1|1|1|0|0
RZ1|CHK|183|2|31|6|2|4|2|8|6|1|1|0
[Opponent] Deploy Shiki ["OP17-048">OP17-048]
RZ1|184|2|OP17-048|1|1|2|2|1|1|0|0|0
RZ1|CHK|184|2|31|5|3|4|2|8|6|1|1|0
[Opponent] Shiki ["OP17-048">OP17-048] attacking Senor Pink ["OP10-067">OP10-067]
Shiki ["OP17-048">OP17-048][9000] vs Senor Pink ["OP10-067">OP10-067][6000]
[You] Senor Pink ["OP10-067">OP10-067] Destroyed
RZ1|185|1|OP10-067|2|0|6|3|1|1|0|0|0
RZ1|CHK|185|1|37|2|2|5|0|2|4|0|1|4
[Opponent] Edward Newgate ["OP17-040">OP17-040] attacking Enel ["OP15-058">OP15-058]
Edward Newgate ["OP17-040">OP17-040][8000] vs Enel ["OP15-058">OP15-058][5000]
Enel ["OP15-058">OP15-058] hit for 1 damage
RZ1|186|1|OP15-074|3|4|1|2|1|1|0|0|0
RZ1|CHK|186|1|37|3|2|4|0|2|4|0|1|4
[Opponent] Rocks D. Xebec ["OP17-039">OP17-039] attacking Enel ["OP15-058">OP15-058]
RZ1|187|2|OP17-050|1|4|6|6|1|1|0|0|0
RZ1|CHK|187|2|31|4|3|4|2|8|7|1|1|0
[Opponent] Rocks D. Xebec ["OP17-039">OP17-039]: Trash Streusen ["OP17-050">OP17-050]
RZ1|188|2|OP17-045|0|30|0|30|0|0|0|0|0
RZ1|CHK|188|2|31|4|3|4|2|8|7|1|1|0
[Opponent] Rocks D. Xebec ["OP17-039">OP17-039] revealed: Kyo ["OP17-045">OP17-045]
[] Drew card from deck: Kyo ["OP17-045">OP17-045]
RZ1|189|2|OP17-045|0|30|1|4|1|1|0|0|0
RZ1|CHK|189|2|30|5|3|4|2|8|7|1|1|0
[] Drew card from deck: Kaido ["OP17-042">OP17-042]
RZ1|190|2|OP17-042|0|29|1|5|1|1|0|0|0
RZ1|CHK|190|2|29|6|3|4|2|8|7|1|1|0
[Opponent] Rocks D. Xebec ["OP17-039">OP17-039]: Draw 2 Card
RZ1|191|2|OP17-045|1|4|6|7|1|1|0|0|0
RZ1|CHK|191|2|29|5|3|4|2|8|8|1|1|0
[Opponent] Edward Newgate ["OP17-040">OP17-040]: Trash Kyo ["OP17-045">OP17-045]
[Opponent] Edward Newgate ["OP17-040">OP17-040]: Buff Rocks D. Xebec ["OP17-039">OP17-039] 3000 for the Combat
Rocks D. Xebec ["OP17-039">OP17-039][8000] vs Enel ["OP15-058">OP15-058][5000]
Enel ["OP15-058">OP15-058] hit for 1 damage
RZ1|192|1|OP15-078|3|3|1|3|1|1|0|0|0
RZ1|CHK|192|1|37|4|2|3|0|2|4|0|1|4
[] Hand: [OP17-118,OP17-054,OP17-118,OP17-050,OP17-042]
[] Board: [OP17-046,OP17-040,OP17-048]
[] Trash: [OP17-041,OP17-049,OP08-051,OP17-049,OP17-056,OP17-045,OP17-050,OP17-045]
[] Life: 4
[] Hand: [OP05-077,OP09-077,OP15-074,OP15-078]
[] Trash: [ST10-010,OP15-075,OP15-067,OP10-067]
[] Board: [OP10-067,OP15-066]
[] Life: 3
[Opponent] End Turn
[] Hand: [OP05-077,OP09-077,OP15-074,OP15-078]
[] Board: [OP10-067,OP15-066]
[] Trash: [ST10-010,OP15-075,OP15-067,OP10-067]
[] Life: 3
[] Hand: [OP17-118,OP17-054,OP17-118,OP17-050,OP17-042]
[] Trash: [OP17-041,OP17-049,OP08-051,OP17-049,OP17-056,OP17-045,OP17-050,OP17-045]
[] Board: [OP17-046,OP17-040,OP17-048]
[] Life: 4
RZ1|193|1|Don|9|100|5|0|1|1|1|0|0
RZ1|CHK|193|1|37|4|2|3|0|3|4|0|1|3
RZ1|194|1|Don|9|100|5|0|1|1|1|0|0
RZ1|CHK|194|1|37|4|2|3|0|4|4|0|1|2
RZ1|195|1|Don|9|100|5|0|1|1|1|0|0
RZ1|CHK|195|1|37|4|2|3|0|5|4|0|1|1
RZ1|196|1|Don|9|100|5|0|1|1|1|0|0
RZ1|CHK|196|1|37|4|2|3|0|6|4|0|1|0
[You] Draw 1 Card
[] Drew card from deck: Ohm ["OP15-061">OP15-061]
RZ1|197|1|OP15-061|0|36|1|4|1|1|0|0|0
RZ1|CHK|197|1|36|5|2|3|0|6|4|0|1|0
[You] Senor Pink ["OP10-067">OP10-067] attacking Rocks D. Xebec ["OP17-039">OP17-039]
RZ1|198|2|OP17-050|1|3|6|8|1|1|0|0|0
RZ1|CHK|198|2|29|4|3|4|2|8|9|1|1|0
[Opponent] Shiki ["OP17-048">OP17-048]: Trash Streusen ["OP17-050">OP17-050]
[Opponent] Shiki ["OP17-048">OP17-048]: Buff Senor Pink ["OP10-067">OP10-067] -3000
Senor Pink ["OP10-067">OP10-067][3000] vs Rocks D. Xebec ["OP17-039">OP17-039][5000]
Attack Fails
[You] Enel ["OP15-058">OP15-058] attacking Rocks D. Xebec ["OP17-039">OP17-039]
Enel ["OP15-058">OP15-058][5000] vs Rocks D. Xebec ["OP17-039">OP17-039][5000]
Rocks D. Xebec ["OP17-039">OP17-039] hit for 1 damage
RZ1|199|2|OP17-046|3|3|1|4|1|1|0|0|0
RZ1|CHK|199|2|29|5|3|3|2|8|9|1|1|0
RZ1|200|1|Don|5|0|9|100|1|1|0|0|0
RZ1|CHK|200|1|36|5|2|3|0|5|4|0|1|1
RZ1|201|1|Don|5|0|9|101|1|1|0|0|0
RZ1|CHK|201|1|36|5|2|3|0|4|4|0|1|2
RZ1|202|1|Don|5|0|9|102|1|1|0|0|0
RZ1|CHK|202|1|36|5|2|3|0|3|4|0|1|3
[You] Attach 3 Don to Satori ["OP15-066">OP15-066] (3 Total)
[You] Satori ["OP15-066">OP15-066] attacking Rocks D. Xebec ["OP17-039">OP17-039]
[You] Placing Cards on Bottom of Deck
RZ1|203|1|OP15-061|0|35|0|0|0|0|0|0|0
RZ1|CHK|203|1|36|5|2|3|0|3|4|0|1|3
RZ1|204|1|OP15-077|0|35|0|0|0|0|0|0|0
RZ1|CHK|204|1|36|5|2|3|0|3|4|0|1|3
Satori ["OP15-066">OP15-066][5000] vs Rocks D. Xebec ["OP17-039">OP17-039][5000]
Rocks D. Xebec ["OP17-039">OP17-039] hit for 1 damage
RZ1|205|2|OP08-051|3|2|1|5|1|1|0|0|0
RZ1|CHK|205|2|29|6|3|2|2|8|9|1|1|0
RZ1|206|1|Don|5|0|5|0|1|1|1|0|0
RZ1|CHK|206|1|36|5|2|3|0|3|4|0|1|3
[You] Deploy Ohm ["OP15-061">OP15-061]
RZ1|207|1|OP15-061|1|4|2|2|1|1|0|0|0
RZ1|CHK|207|1|36|4|3|3|0|3|4|0|1|3
[You] Gamma Knife ["OP05-077">OP05-077]: Rest 2 Don
RZ1|208|1|Don|5|1|5|1|1|1|1|0|0
RZ1|CHK|208|1|36|4|3|3|0|3|4|0|1|3
RZ1|209|1|Don|5|2|5|2|1|1|1|0|0
RZ1|CHK|209|1|36|4|3|3|0|3|4|0|1|3
RZ1|210|1|OP05-077|1|0|6|4|1|1|0|0|0
RZ1|CHK|210|1|36|3|3|3|0|3|5|0|1|3
[] Hand: [OP09-077,OP15-074,OP15-078]
[] Board: [OP10-067,OP15-066,OP15-061]
[] Trash: [ST10-010,OP15-075,OP15-067,OP10-067,OP05-077]
[] Life: 3
[] Hand: [OP17-118,OP17-054,OP17-118,OP17-042,OP17-046,OP08-051]
[] Trash: [OP17-041,OP17-049,OP08-051,OP17-049,OP17-056,OP17-045,OP17-050,OP17-045,OP17-050]
[] Board: [OP17-046,OP17-040,OP17-048]
[] Life: 2
[You] End Turn
[] Hand: [OP17-118,OP17-054,OP17-118,OP17-042,OP17-046,OP08-051]
[] Board: [OP17-046,OP17-040,OP17-048]
[] Trash: [OP17-041,OP17-049,OP08-051,OP17-049,OP17-056,OP17-045,OP17-050,OP17-045,OP17-050]
[] Life: 2
[] Hand: [OP09-077,OP15-074,OP15-078]
[] Trash: [ST10-010,OP15-075,OP15-067,OP10-067,OP05-077]
[] Board: [OP10-067,OP15-066,OP15-061]
[] Life: 3
[Opponent] Draw 1 Card
[] Drew card from deck: Ganzui ["OP17-043">OP17-043]
RZ1|211|2|OP17-043|0|28|1|6|1|1|0|0|0
RZ1|CHK|211|2|28|7|3|2|2|8|9|1|1|0
RZ1|212|2|Don|4|1|5|8|1|1|0|0|0
RZ1|CHK|212|2|28|7|3|2|1|9|9|1|1|0
RZ1|213|2|Don|4|0|5|9|1|1|0|0|0
RZ1|CHK|213|2|28|7|3|2|0|10|9|1|1|0
[Opponent] Draw 2 Don
[Opponent] Edward Newgate ["OP17-040">OP17-040] attacking Enel ["OP15-058">OP15-058]
Edward Newgate ["OP17-040">OP17-040][8000] vs Enel ["OP15-058">OP15-058][5000]
Enel ["OP15-058">OP15-058] hit for 1 damage
RZ1|214|1|OP15-077|3|2|1|3|1|1|0|0|0
RZ1|CHK|214|1|36|4|3|2|0|3|5|0|1|3
[Opponent] Shiki ["OP17-048">OP17-048] attacking Enel ["OP15-058">OP15-058]
Shiki ["OP17-048">OP17-048][9000] vs Enel ["OP15-058">OP15-058][5000]
Enel ["OP15-058">OP15-058] hit for 1 damage
RZ1|215|1|OP15-075|3|1|1|4|1|1|0|0|0
RZ1|CHK|215|1|36|5|3|1|0|3|5|0|1|3
RZ1|216|2|Don|5|0|5|0|1|1|1|0|0
RZ1|CHK|216|2|28|7|3|2|0|10|9|1|1|0
RZ1|217|2|Don|5|1|5|1|1|1|1|0|0
RZ1|CHK|217|2|28|7|3|2|0|10|9|1|1|0
RZ1|218|2|Don|5|2|5|2|1|1|1|0|0
RZ1|CHK|218|2|28|7|3|2|0|10|9|1|1|0
RZ1|219|2|Don|5|3|5|3|1|1|1|0|0
RZ1|CHK|219|2|28|7|3|2|0|10|9|1|1|0
RZ1|220|2|Don|5|4|5|4|1|1|1|0|0
RZ1|CHK|220|2|28|7|3|2|0|10|9|1|1|0
RZ1|221|2|Don|5|5|5|5|1|1|1|0|0
RZ1|CHK|221|2|28|7|3|2|0|10|9|1|1|0
RZ1|222|2|Don|5|6|5|6|1|1|1|0|0
RZ1|CHK|222|2|28|7|3|2|0|10|9|1|1|0
RZ1|223|2|Don|5|7|5|7|1|1|1|0|0
RZ1|CHK|223|2|28|7|3|2|0|10|9|1|1|0
RZ1|224|2|Don|5|8|5|8|1|1|1|0|0
RZ1|CHK|224|2|28|7|3|2|0|10|9|1|1|0
RZ1|225|2|Don|5|9|5|9|1|1|1|0|0
RZ1|CHK|225|2|28|7|3|2|0|10|9|1|1|0
[Opponent] Deploy Rocks D. Xebec ["OP17-118">OP17-118]
RZ1|226|2|OP17-118|1|2|2|3|1|1|0|0|0
RZ1|CHK|226|2|28|6|4|2|0|10|9|1|1|0
[] Drew card from deck: There's No Authority in the World ["OP17-055">OP17-055]
RZ1|227|2|OP17-055|0|27|1|6|1|1|0|0|0
RZ1|CHK|227|2|27|7|4|2|0|10|9|1|1|0
[Opponent] Rocks D. Xebec ["OP17-118">OP17-118]: Draw 1 Card
RZ1|228|2|OP17-043|1|5|2|4|1|1|0|0|0
RZ1|CHK|228|2|27|6|5|2|0|10|9|1|1|0
[Opponent] Rocks D. Xebec ["OP17-118">OP17-118]: Deploy Ganzui ["OP17-043">OP17-043]
RZ1|229|2|OP17-046|2|0|6|9|1|1|0|0|0
RZ1|CHK|229|2|27|6|4|2|0|10|10|1|1|0
[Opponent] Trash Gloriosa ["OP17-046">OP17-046]
RZ1|230|2|OP17-054|1|1|2|4|1|1|0|0|0
RZ1|CHK|230|2|27|5|5|2|0|10|10|1|1|0
[Opponent] Rocks D. Xebec ["OP17-118">OP17-118]: Deploy Stussy ["OP17-054">OP17-054]
[Opponent] Stussy ["OP17-054">OP17-054]: Senor Pink ["OP10-067">OP10-067] can't attack next turn
[Opponent] Ganzui ["OP17-043">OP17-043]: Grant Rocks D. Xebec ["OP17-039">OP17-039] 1000 until opponent's next turn end
[Opponent] Rocks D. Xebec ["OP17-039">OP17-039] attacking Enel ["OP15-058">OP15-058]
RZ1|231|2|OP17-046|1|2|6|10|1|1|0|0|0
RZ1|CHK|231|2|27|4|5|2|0|10|11|1|1|0
[Opponent] Edward Newgate ["OP17-040">OP17-040]: Trash Gloriosa ["OP17-046">OP17-046]
[Opponent] Edward Newgate ["OP17-040">OP17-040]: Buff Rocks D. Xebec ["OP17-039">OP17-039] 3000 for the Combat
RZ1|232|2|OP17-042|1|1|6|11|1|1|0|0|0
RZ1|CHK|232|2|27|3|5|2|0|10|12|1|1|0
[Opponent] Rocks D. Xebec ["OP17-039">OP17-039]: Trash Kaido ["OP17-042">OP17-042]
RZ1|233|2|OP17-053|0|26|0|26|0|0|0|0|0
RZ1|CHK|233|2|27|3|5|2|0|10|12|1|1|0
[Opponent] Rocks D. Xebec ["OP17-039">OP17-039] revealed: Barbell ["OP17-053">OP17-053]
[] Drew card from deck: Barbell ["OP17-053">OP17-053]
RZ1|234|2|OP17-053|0|26|1|3|1|1|0|0|0
RZ1|CHK|234|2|26|4|5|2|0|10|12|1|1|0
[] Drew card from deck: Shiki ["OP17-048">OP17-048]
RZ1|235|2|OP17-048|0|25|1|4|1|1|0|0|0
RZ1|CHK|235|2|25|5|5|2|0|10|12|1|1|0
[Opponent] Rocks D. Xebec ["OP17-039">OP17-039]: Draw 2 Card
Rocks D. Xebec ["OP17-039">OP17-039][9000] vs Enel ["OP15-058">OP15-058][5000]
Enel ["OP15-058">OP15-058] hit for 1 damage
RZ1|236|1|OP15-074|3|0|1|5|1|1|0|0|0
RZ1|CHK|236|1|36|6|3|0|0|3|5|0|1|3
[] Hand: [OP17-118,OP08-051,OP17-055,OP17-053,OP17-048]
[] Board: [OP17-040,OP17-048,OP17-118,OP17-043,OP17-054]
[] Trash: [OP17-041,OP17-049,OP08-051,OP17-049,OP17-056,OP17-045,OP17-050,OP17-045,OP17-050,OP17-046,OP17-046,OP17-042]
[] Life: 2
[] Hand: [OP09-077,OP15-074,OP15-078,OP15-077,OP15-075,OP15-074]
[] Trash: [ST10-010,OP15-075,OP15-067,OP10-067,OP05-077]
[] Board: [OP10-067,OP15-066,OP15-061]
[] Life: 0
[Opponent] End Turn
[] Hand: [OP09-077,OP15-074,OP15-078,OP15-077,OP15-075,OP15-074]
[] Board: [OP10-067,OP15-066,OP15-061]
[] Trash: [ST10-010,OP15-075,OP15-067,OP10-067,OP05-077]
[] Life: 0
[] Hand: [OP17-118,OP08-051,OP17-055,OP17-053,OP17-048]
[] Trash: [OP17-041,OP17-049,OP08-051,OP17-049,OP17-056,OP17-045,OP17-050,OP17-045,OP17-050,OP17-046,OP17-046,OP17-042]
[] Board: [OP17-040,OP17-048,OP17-118,OP17-043,OP17-054]
[] Life: 2
RZ1|237|1|Don|9|100|5|0|1|1|1|0|0
RZ1|CHK|237|1|36|6|3|0|0|4|5|0|1|2
RZ1|238|1|Don|9|100|5|0|1|1|1|0|0
RZ1|CHK|238|1|36|6|3|0|0|5|5|0|1|1
RZ1|239|1|Don|9|100|5|0|1|1|1|0|0
RZ1|CHK|239|1|36|6|3|0|0|6|5|0|1|0
[You] Draw 1 Card
[] Drew card from deck: Lightning Dragon ["OP15-077">OP15-077]
RZ1|240|1|OP15-077|0|35|1|6|1|1|0|0|0
RZ1|CHK|240|1|35|7|3|0|0|6|5|0|1|0
RZ1|241|1|Don|5|0|9|9900|1|1|0|0|0
RZ1|CHK|241|1|35|7|3|0|0|5|5|0|1|1
[You] Attach 1 Don to Enel ["OP15-058">OP15-058] (1 Total)
[You] Enel ["OP15-058">OP15-058] attacking Rocks D. Xebec ["OP17-039">OP17-039]
[Opponent] Fullalead ["OP17-057">OP17-057]: Rest Fullalead ["OP17-057">OP17-057]
RZ1|242|2|OP17-048|1|4|6|12|1|1|0|0|0
RZ1|CHK|242|2|25|4|5|2|0|10|13|1|1|0
[Opponent] Fullalead ["OP17-057">OP17-057]: Trash Shiki ["OP17-048">OP17-048]
[Opponent] Fullalead ["OP17-057">OP17-057]: Buff Rocks D. Xebec ["OP17-039">OP17-039] 1000 for the Combat
Enel ["OP15-058">OP15-058][6000] vs Rocks D. Xebec ["OP17-039">OP17-039][7000]
Attack Fails
RZ1|243|1|Don|5|0|9|100|1|1|0|0|0
RZ1|CHK|243|1|35|7|3|0|0|4|5|0|1|2
RZ1|244|1|Don|5|0|9|101|1|1|0|0|0
RZ1|CHK|244|1|35|7|3|0|0|3|5|0|1|3
RZ1|245|1|Don|5|0|9|102|1|1|0|0|0
RZ1|CHK|245|1|35|7|3|0|0|2|5|0|1|4
RZ1|246|1|Don|5|0|9|103|1|1|0|0|0
RZ1|CHK|246|1|35|7|3|0|0|1|5|0|1|5
[You] Attach 4 Don to Satori ["OP15-066">OP15-066] (4 Total)
[You] Satori ["OP15-066">OP15-066] attacking Rocks D. Xebec ["OP17-039">OP17-039]
[You] Placing Cards on Bottom of Deck
RZ1|247|1|OP15-076|0|34|0|0|0|0|0|0|0
RZ1|CHK|247|1|35|7|3|0|0|1|5|0|1|5
RZ1|248|1|OP15-078|0|34|0|0|0|0|0|0|0
RZ1|CHK|248|1|35|7|3|0|0|1|5|0|1|5
[Opponent] Discard Buckin ["OP08-051">OP08-051] for Counter 1000
RZ1|249|2|OP08-051|1|1|6|13|1|1|0|0|0
RZ1|CHK|249|2|25|3|5|2|0|10|14|1|1|0
Satori ["OP15-066">OP15-066][6000] vs Rocks D. Xebec ["OP17-039">OP17-039][7000]
Attack Fails
RZ1|250|1|Don|5|0|9|200|1|1|0|0|0
RZ1|CHK|250|1|35|7|3|0|0|0|5|0|1|6
[You] Attach 1 Don to Ohm ["OP15-061">OP15-061] (1 Total)
[You] Ohm ["OP15-061">OP15-061] attacking Rocks D. Xebec ["OP17-039">OP17-039]
[You] Ohm ["OP15-061">OP15-061]: Buff Rocks D. Xebec ["OP17-118">OP17-118] -1000
Ohm ["OP15-061">OP15-061][3000] vs Rocks D. Xebec ["OP17-039">OP17-039][6000]
Attack Fails
[You] Senor Pink ["OP10-067">OP10-067] is no longer blocked from attacking
[] Hand: [OP09-077,OP15-074,OP15-078,OP15-077,OP15-075,OP15-074,OP15-077]
[] Board: [OP10-067,OP15-066,OP15-061]
[] Trash: [ST10-010,OP15-075,OP15-067,OP10-067,OP05-077]
[] Life: 0
[] Hand: [OP17-118,OP17-055,OP17-053]
[] Trash: [OP17-041,OP17-049,OP08-051,OP17-049,OP17-056,OP17-045,OP17-050,OP17-045,OP17-050,OP17-046,OP17-046,OP17-042,OP17-048,OP08-051]
[] Board: [OP17-040,OP17-048,OP17-118,OP17-043,OP17-054]
[] Life: 2
[You] End Turn
[] Hand: [OP17-118,OP17-055,OP17-053]
[] Board: [OP17-040,OP17-048,OP17-118,OP17-043,OP17-054]
[] Trash: [OP17-041,OP17-049,OP08-051,OP17-049,OP17-056,OP17-045,OP17-050,OP17-045,OP17-050,OP17-046,OP17-046,OP17-042,OP17-048,OP08-051]
[] Life: 2
[] Hand: [OP09-077,OP15-074,OP15-078,OP15-077,OP15-075,OP15-074,OP15-077]
[] Trash: [ST10-010,OP15-075,OP15-067,OP10-067,OP05-077]
[] Board: [OP10-067,OP15-066,OP15-061]
[] Life: 0
[Opponent] Draw 1 Card
[] Drew card from deck: Gloriosa ["OP17-046">OP17-046]
RZ1|251|2|OP17-046|0|24|1|3|1|1|0|0|0
RZ1|CHK|251|2|24|4|5|2|0|10|14|1|1|0
[Opponent] Edward Newgate ["OP17-040">OP17-040] attacking Enel ["OP15-058">OP15-058]
Edward Newgate ["OP17-040">OP17-040][8000] vs Enel ["OP15-058">OP15-058][5000]
Enel ["OP15-058">OP15-058] hit for 1 damage
[You] <b>Downloaded the Combat Log!</b>
GameOver