Version is 1.43a.1
[You] Leader is Eustass "Captain" Kid ["ST02-001">ST02-001]
[Opponent] Leader is Crocodile ["ST03-001">ST03-001]
RZ1|9|2|ST03-009|0|21|0|0|0|0|0|0|0
RZ1|CHK|9|2|50|0|0|0|10|0|0|0|1|0
RZ1|10|2|ST03-017|0|49|0|1|0|0|0|0|0
RZ1|CHK|10|2|50|0|0|0|10|0|0|0|1|0
RZ1|11|2|ST03-004|0|9|0|2|0|0|0|0|0
RZ1|CHK|11|2|50|0|0|0|10|0|0|0|1|0
RZ1|12|2|ST03-012|0|32|0|3|0|0|0|0|0
RZ1|CHK|12|2|50|0|0|0|10|0|0|0|1|0
RZ1|13|2|ST03-006|0|15|0|4|0|0|0|0|0
RZ1|CHK|13|2|50|0|0|0|10|0|0|0|1|0
RZ1|14|2|ST03-010|0|25|0|5|0|0|0|0|0
RZ1|CHK|14|2|50|0|0|0|10|0|0|0|1|0
RZ1|15|2|ST03-011|0|31|0|6|0|0|0|0|0
RZ1|CHK|15|2|50|0|0|0|10|0|0|0|1|0
RZ1|16|2|ST03-008|0|23|0|7|0|0|0|0|0
RZ1|CHK|16|2|50|0|0|0|10|0|0|0|1|0
RZ1|17|2|ST03-010|0|26|0|8|0|0|0|0|0
RZ1|CHK|17|2|50|0|0|0|10|0|0|0|1|0
RZ1|18|2|ST03-016|0|47|0|9|0|0|0|0|0
RZ1|CHK|18|2|50|0|0|0|10|0|0|0|1|0
RZ1|19|2|ST03-014|0|40|0|10|0|0|0|0|0
RZ1|CHK|19|2|50|0|0|0|10|0|0|0|1|0
RZ1|20|2|ST03-007|0|24|0|11|0|0|0|0|0
RZ1|CHK|20|2|50|0|0|0|10|0|0|0|1|0
RZ1|21|2|ST03-015|0|44|0|12|0|0|0|0|0
RZ1|CHK|21|2|50|0|0|0|10|0|0|0|1|0
RZ1|22|2|ST03-008|0|28|0|13|0|0|0|0|0
RZ1|CHK|22|2|50|0|0|0|10|0|0|0|1|0
RZ1|23|2|ST03-005|0|22|0|14|0|0|0|0|0
RZ1|CHK|23|2|50|0|0|0|10|0|0|0|1|0
RZ1|24|2|ST03-002|0|17|0|15|0|0|0|0|0
RZ1|CHK|24|2|50|0|0|0|10|0|0|0|1|0
RZ1|25|2|ST03-013|0|41|0|16|0|0|0|0|0
RZ1|CHK|25|2|50|0|0|0|10|0|0|0|1|0
RZ1|26|2|ST03-016|0|47|0|17|0|0|0|0|0
RZ1|CHK|26|2|50|0|0|0|10|0|0|0|1|0
RZ1|27|2|ST03-009|0|31|0|18|0|0|0|0|0
RZ1|CHK|27|2|50|0|0|0|10|0|0|0|1|0
RZ1|28|2|ST03-010|0|32|0|19|0|0|0|0|0
RZ1|CHK|28|2|50|0|0|0|10|0|0|0|1|0
RZ1|29|2|ST03-005|0|26|0|20|0|0|0|0|0
RZ1|CHK|29|2|50|0|0|0|10|0|0|0|1|0
RZ1|30|2|ST03-008|0|32|0|21|0|0|0|0|0
RZ1|CHK|30|2|50|0|0|0|10|0|0|0|1|0
RZ1|31|2|ST03-015|0|46|0|22|0|0|0|0|0
RZ1|CHK|31|2|50|0|0|0|10|0|0|0|1|0
RZ1|32|2|ST03-006|0|31|0|23|0|0|0|0|0
RZ1|CHK|32|2|50|0|0|0|10|0|0|0|1|0
RZ1|33|2|ST03-011|0|36|0|24|0|0|0|0|0
RZ1|CHK|33|2|50|0|0|0|10|0|0|0|1|0
RZ1|34|2|ST03-003|0|28|0|25|0|0|0|0|0
RZ1|CHK|34|2|50|0|0|0|10|0|0|0|1|0
RZ1|35|2|ST03-012|0|40|0|26|0|0|0|0|0
RZ1|CHK|35|2|50|0|0|0|10|0|0|0|1|0
RZ1|36|2|ST03-008|0|35|0|27|0|0|0|0|0
RZ1|CHK|36|2|50|0|0|0|10|0|0|0|1|0
RZ1|37|2|ST03-011|0|38|0|28|0|0|0|0|0
RZ1|CHK|37|2|50|0|0|0|10|0|0|0|1|0
RZ1|38|2|ST03-017|0|49|0|29|0|0|0|0|0
RZ1|CHK|38|2|50|0|0|0|10|0|0|0|1|0
RZ1|39|2|ST03-002|0|31|0|30|0|0|0|0|0
RZ1|CHK|39|2|50|0|0|0|10|0|0|0|1|0
RZ1|40|2|ST03-003|0|33|0|31|0|0|0|0|0
RZ1|CHK|40|2|50|0|0|0|10|0|0|0|1|0
RZ1|41|2|ST03-015|0|47|0|33|0|0|0|0|0
RZ1|CHK|41|2|50|0|0|0|10|0|0|0|1|0
RZ1|42|2|ST03-012|0|42|0|34|0|0|0|0|0
RZ1|CHK|42|2|50|0|0|0|10|0|0|0|1|0
RZ1|43|2|ST03-006|0|38|0|35|0|0|0|0|0
RZ1|CHK|43|2|50|0|0|0|10|0|0|0|1|0
RZ1|44|2|ST03-016|0|48|0|36|0|0|0|0|0
RZ1|CHK|44|2|50|0|0|0|10|0|0|0|1|0
RZ1|45|2|ST03-015|0|48|0|37|0|0|0|0|0
RZ1|CHK|45|2|50|0|0|0|10|0|0|0|1|0
RZ1|46|2|ST03-006|0|40|0|38|0|0|0|0|0
RZ1|CHK|46|2|50|0|0|0|10|0|0|0|1|0
RZ1|47|2|ST03-011|0|43|0|39|0|0|0|0|0
RZ1|CHK|47|2|50|0|0|0|10|0|0|0|1|0
RZ1|48|2|ST03-010|0|43|0|40|0|0|0|0|0
RZ1|CHK|48|2|50|0|0|0|10|0|0|0|1|0
RZ1|49|2|ST03-013|0|46|0|41|0|0|0|0|0
RZ1|CHK|49|2|50|0|0|0|10|0|0|0|1|0
RZ1|50|2|ST03-013|0|47|0|42|0|0|0|0|0
RZ1|CHK|50|2|50|0|0|0|10|0|0|0|1|0
RZ1|51|2|ST03-016|0|49|0|43|0|0|0|0|0
RZ1|CHK|51|2|50|0|0|0|10|0|0|0|1|0
RZ1|52|2|ST03-004|0|45|0|44|0|0|0|0|0
RZ1|CHK|52|2|50|0|0|0|10|0|0|0|1|0
RZ1|53|2|ST03-007|0|46|0|45|0|0|0|0|0
RZ1|CHK|53|2|50|0|0|0|10|0|0|0|1|0
RZ1|54|2|ST03-012|0|47|0|46|0|0|0|0|0
RZ1|CHK|54|2|50|0|0|0|10|0|0|0|1|0
RZ1|55|2|ST03-013|0|48|0|47|0|0|0|0|0
RZ1|CHK|55|2|50|0|0|0|10|0|0|0|1|0
[] Drew card from deck: Heat ["ST02-011">ST02-011]
RZ1|56|1|ST02-011|0|49|1|0|1|1|0|0|0
RZ1|CHK|56|1|49|1|0|0|10|0|0|0|1|0
[] Drew card from deck: Bepo ["ST02-012">ST02-012]
RZ1|57|1|ST02-012|0|48|1|1|1|1|0|0|0
RZ1|CHK|57|1|48|2|0|0|10|0|0|0|1|0
[] Drew card from deck: Capone "Gang" Bege ["ST02-004">ST02-004]
RZ1|58|1|ST02-004|0|47|1|2|1|1|0|0|0
RZ1|CHK|58|1|47|3|0|0|10|0|0|0|1|0
[] Drew card from deck: X.Drake ["ST02-014">ST02-014]
RZ1|59|1|ST02-014|0|46|1|3|1|1|0|0|0
RZ1|CHK|59|1|46|4|0|0|10|0|0|0|1|0
[] Drew card from deck: Eustass "Captain" Kid ["ST02-013">ST02-013]
RZ1|60|1|ST02-013|0|45|1|4|1|1|0|0|0
RZ1|CHK|60|1|45|5|0|0|10|0|0|0|1|0
[] Drew card from deck: Marshall D. Teach ["ST03-014">ST03-014]
RZ1|61|2|ST03-014|0|49|1|0|1|1|0|0|0
RZ1|CHK|61|2|49|1|0|0|10|0|0|0|1|0
[] Drew card from deck: Edward Weevil ["ST03-002">ST03-002]
RZ1|62|2|ST03-002|0|48|1|1|1|1|0|0|0
RZ1|CHK|62|2|48|2|0|0|10|0|0|0|1|0
[] Drew card from deck: Boa Hancock ["ST03-013">ST03-013]
RZ1|63|2|ST03-013|0|47|1|2|1|1|0|0|0
RZ1|CHK|63|2|47|3|0|0|10|0|0|0|1|0
[] Drew card from deck: Pacifista ["ST03-012">ST03-012]
RZ1|64|2|ST03-012|0|46|1|3|1|1|0|0|0
RZ1|CHK|64|2|46|4|0|0|10|0|0|0|1|0
[] Drew card from deck: Sentomaru ["ST03-007">ST03-007]
RZ1|65|2|ST03-007|0|45|1|4|1|1|0|0|0
RZ1|CHK|65|2|45|5|0|0|10|0|0|0|1|0
RZ1|66|1|ST02-008|0|44|3|0|1|0|0|0|0
RZ1|CHK|66|1|44|5|0|1|10|0|0|0|1|0
RZ1|67|1|ST02-016|0|43|3|1|1|0|0|0|0
RZ1|CHK|67|1|43|5|0|2|10|0|0|0|1|0
RZ1|68|1|ST02-011|0|42|3|2|1|0|0|0|0
RZ1|CHK|68|1|42|5|0|3|10|0|0|0|1|0
RZ1|69|1|ST02-015|0|41|3|3|1|0|0|0|0
RZ1|CHK|69|1|41|5|0|4|10|0|0|0|1|0
RZ1|70|1|ST02-012|0|40|3|4|1|0|0|0|0
RZ1|CHK|70|1|40|5|0|5|10|0|0|0|1|0
RZ1|71|2|ST03-004|0|44|3|0|0|1|0|0|0
RZ1|CHK|71|2|44|5|0|1|10|0|0|0|1|0
RZ1|72|2|ST03-016|0|43|3|1|0|1|0|0|0
RZ1|CHK|72|2|43|5|0|2|10|0|0|0|1|0
RZ1|73|2|ST03-013|0|42|3|2|0|1|0|0|0
RZ1|CHK|73|2|42|5|0|3|10|0|0|0|1|0
RZ1|74|2|ST03-013|0|41|3|3|0|1|0|0|0
RZ1|CHK|74|2|41|5|0|4|10|0|0|0|1|0
RZ1|75|2|ST03-010|0|40|3|4|0|1|0|0|0
RZ1|CHK|75|2|40|5|0|5|10|0|0|0|1|0
[] Hand: [ST02-011,ST02-012,ST02-004,ST02-014,ST02-013]
[] Board: []
[] Trash: []
[] Life: 5
[] Hand: [ST03-014,ST03-002,ST03-013,ST03-012,ST03-007]
[] Trash: []
[] Board: []
[] Life: 5
RZ1|76|1|Don|4|9|5|0|1|1|0|0|0
RZ1|CHK|76|1|40|5|0|5|9|1|0|0|1|0
[You] Draw 1 Don
RZ1|77|1|Don|5|0|5|0|1|1|1|0|0
RZ1|CHK|77|1|40|5|0|5|9|1|0|0|1|0
[You] Deploy Capone "Gang" Bege ["ST02-004">ST02-004]
RZ1|78|1|ST02-004|1|2|2|0|1|1|0|0|0
RZ1|CHK|78|1|40|4|1|5|9|1|0|0|1|0
[] Hand: [ST02-011,ST02-012,ST02-014,ST02-013]
[] Board: [ST02-004]
[] Trash: []
[] Life: 5
[] Hand: [ST03-014,ST03-002,ST03-013,ST03-012,ST03-007]
[] Trash: []
[] Board: []
[] Life: 5
[You] End Turn
[] Hand: [ST03-014,ST03-002,ST03-013,ST03-012,ST03-007]
[] Board: []
[] Trash: []
[] Life: 5
[] Hand: [ST02-011,ST02-012,ST02-014,ST02-013]
[] Trash: []
[] Board: [ST02-004]
[] Life: 5
[Opponent] Draw 1 Card
[] Drew card from deck: Buggy ["ST03-011">ST03-011]
RZ1|79|2|ST03-011|0|39|1|5|1|1|0|0|0
RZ1|CHK|79|2|39|6|0|5|10|0|0|0|1|0
RZ1|80|2|Don|4|9|5|0|1|1|0|0|0
RZ1|CHK|80|2|39|6|0|5|9|1|0|0|1|0
RZ1|81|2|Don|4|8|5|1|1|1|0|0|0
RZ1|CHK|81|2|39|6|0|5|8|2|0|0|1|0
[Opponent] Draw 2 Don
[] Hand: [ST03-014,ST03-002,ST03-013,ST03-012,ST03-007,ST03-011]
[] Board: []
[] Trash: []
[] Life: 5
[] Hand: [ST02-011,ST02-012,ST02-014,ST02-013]
[] Trash: []
[] Board: [ST02-004]
[] Life: 5
[Opponent] End Turn
[] Hand: [ST02-011,ST02-012,ST02-014,ST02-013]
[] Board: [ST02-004]
[] Trash: []
[] Life: 5
[] Hand: [ST03-014,ST03-002,ST03-013,ST03-012,ST03-007,ST03-011]
[] Trash: []
[] Board: []
[] Life: 5
[You] Draw 1 Card
[] Drew card from deck: Bepo ["ST02-012">ST02-012]
RZ1|82|1|ST02-012|0|39|1|4|1|1|0|0|0
RZ1|CHK|82|1|39|5|1|5|9|1|0|0|1|0
RZ1|83|1|Don|4|8|5|1|1|1|0|0|0
RZ1|CHK|83|1|39|5|1|5|8|2|0|0|1|0
RZ1|84|1|Don|4|7|5|2|1|1|0|0|0
RZ1|CHK|84|1|39|5|1|5|7|3|0|0|1|0
[You] Draw 2 Don
RZ1|85|1|Don|5|0|5|0|1|1|1|0|0
RZ1|CHK|85|1|39|5|1|5|7|3|0|0|1|0
RZ1|86|1|Don|5|1|5|1|1|1|1|0|0
RZ1|CHK|86|1|39|5|1|5|7|3|0|0|1|0
[You] Deploy Heat ["ST02-011">ST02-011]
RZ1|87|1|ST02-011|1|0|2|1|1|1|0|0|0
RZ1|CHK|87|1|39|4|2|5|7|3|0|0|1|0
[You] Eustass "Captain" Kid ["ST02-001">ST02-001] attacking Crocodile ["ST03-001">ST03-001]
Eustass "Captain" Kid ["ST02-001">ST02-001][5000] vs Crocodile ["ST03-001">ST03-001][5000]
Crocodile ["ST03-001">ST03-001] hit for 1 damage
RZ1|88|2|ST03-010|3|4|1|6|1|1|0|0|0
RZ1|CHK|88|2|39|7|0|4|8|2|0|0|1|0
[Opponent] Bartholomew Kuma ["ST03-010">ST03-010]: Activate Trigger
RZ1|89|2|ST03-010|1|6|6|0|1|1|0|0|0
RZ1|CHK|89|2|39|6|0|4|8|2|1|0|1|0
RZ1|90|2|ST03-010|6|0|2|0|1|1|0|0|0
RZ1|CHK|90|2|39|6|1|4|8|2|0|0|1|0
[Opponent] Bartholomew Kuma ["ST03-010">ST03-010]: Deploy Bartholomew Kuma ["ST03-010">ST03-010]
[Opponent] Placing Cards on Bottom of Deck
RZ1|91|2|ST03-006|0|38|0|0|0|0|0|0|0
RZ1|CHK|91|2|39|6|1|4|8|2|0|0|1|0
RZ1|92|2|ST03-015|0|38|0|0|0|0|0|0|0
RZ1|CHK|92|2|39|6|1|4|8|2|0|0|1|0
RZ1|93|2|ST03-016|0|38|0|0|0|0|0|0|0
RZ1|CHK|93|2|39|6|1|4|8|2|0|0|1|0
[] Hand: [ST02-012,ST02-014,ST02-013,ST02-012]
[] Board: [ST02-004,ST02-011]
[] Trash: []
[] Life: 5
[] Hand: [ST03-014,ST03-002,ST03-013,ST03-012,ST03-007,ST03-011]
[] Trash: []
[] Board: [ST03-010]
[] Life: 4
[You] End Turn
[] Hand: [ST03-014,ST03-002,ST03-013,ST03-012,ST03-007,ST03-011]
[] Board: [ST03-010]
[] Trash: []
[] Life: 4
[] Hand: [ST02-012,ST02-014,ST02-013,ST02-012]
[] Trash: []
[] Board: [ST02-004,ST02-011]
[] Life: 5
[Opponent] Draw 1 Card
[] Drew card from deck: Jinbe ["ST03-006">ST03-006]
RZ1|94|2|ST03-006|0|38|1|6|1|1|0|0|0
RZ1|CHK|94|2|38|7|1|4|8|2|0|0|1|0
RZ1|95|2|Don|4|7|5|2|1|1|0|0|0
RZ1|CHK|95|2|38|7|1|4|7|3|0|0|1|0
RZ1|96|2|Don|4|6|5|3|1|1|0|0|0
RZ1|CHK|96|2|38|7|1|4|6|4|0|0|1|0
[Opponent] Draw 2 Don
RZ1|97|2|Don|5|0|5|0|1|1|1|0|0
RZ1|CHK|97|2|38|7|1|4|6|4|0|0|1|0
RZ1|98|2|Don|5|1|5|1|1|1|1|0|0
RZ1|CHK|98|2|38|7|1|4|6|4|0|0|1|0
RZ1|99|2|Don|5|2|5|2|1|1|1|0|0
RZ1|CHK|99|2|38|7|1|4|6|4|0|0|1|0
RZ1|100|2|Don|5|3|5|3|1|1|1|0|0
RZ1|CHK|100|2|38|7|1|4|6|4|0|0|1|0
[Opponent] Deploy Marshall D. Teach ["ST03-014">ST03-014]
RZ1|101|2|ST03-014|1|0|2|1|1|1|0|0|0
RZ1|CHK|101|2|38|6|2|4|6|4|0|0|1|0
[Opponent] Marshall D. Teach ["ST03-014">ST03-014]: Send Capone "Gang" Bege ["ST02-004">ST02-004] to Hand
RZ1|102|1|ST02-004|2|0|1|4|1|1|0|0|0
RZ1|CHK|102|1|39|5|1|5|7|3|0|0|1|0
[Opponent] Crocodile ["ST03-001">ST03-001] attacking Eustass "Captain" Kid ["ST02-001">ST02-001]
Crocodile ["ST03-001">ST03-001][5000] vs Eustass "Captain" Kid ["ST02-001">ST02-001][5000]
Eustass "Captain" Kid ["ST02-001">ST02-001] hit for 1 damage
RZ1|103|1|ST02-012|3|4|1|5|1|1|0|0|0
RZ1|CHK|103|1|39|6|1|4|7|3|0|0|1|0
[] Hand: [ST03-002,ST03-013,ST03-012,ST03-007,ST03-011,ST03-006]
[] Board: [ST03-010,ST03-014]
[] Trash: []
[] Life: 4
[] Hand: [ST02-012,ST02-014,ST02-013,ST02-012,ST02-004,ST02-012]
[] Trash: []
[] Board: [ST02-011]
[] Life: 4
[Opponent] End Turn
[] Hand: [ST02-012,ST02-014,ST02-013,ST02-012,ST02-004,ST02-012]
[] Board: [ST02-011]
[] Trash: []
[] Life: 4
[] Hand: [ST03-002,ST03-013,ST03-012,ST03-007,ST03-011,ST03-006]
[] Trash: []
[] Board: [ST03-010,ST03-014]
[] Life: 4
[You] Draw 1 Card
[] Drew card from deck: Scratchmen Apoo ["ST02-008">ST02-008]
RZ1|104|1|ST02-008|0|38|1|6|1|1|0|0|0
RZ1|CHK|104|1|38|7|1|4|7|3|0|0|1|0
RZ1|105|1|Don|4|6|5|3|1|1|0|0|0
RZ1|CHK|105|1|38|7|1|4|6|4|0|0|1|0
RZ1|106|1|Don|4|5|5|4|1|1|0|0|0
RZ1|CHK|106|1|38|7|1|4|5|5|0|0|1|0
[You] Draw 2 Don
[You] Eustass "Captain" Kid ["ST02-001">ST02-001] attacking Crocodile ["ST03-001">ST03-001]
[Opponent] Discard Edward Weevil ["ST03-002">ST03-002] for Counter 1000
RZ1|107|2|ST03-002|1|0|6|0|1|1|0|0|0
RZ1|CHK|107|2|38|5|2|4|6|4|1|0|1|0
Eustass "Captain" Kid ["ST02-001">ST02-001][5000] vs Crocodile ["ST03-001">ST03-001][6000]
Attack Fails
RZ1|108|1|Don|5|0|9|0|1|1|0|0|0
RZ1|CHK|108|1|38|7|1|4|5|4|0|0|1|1
[You] Attach 1 Don to Heat ["ST02-011">ST02-011] (1 Total)
[You] Heat ["ST02-011">ST02-011] attacking Crocodile ["ST03-001">ST03-001]
Heat ["ST02-011">ST02-011][5000] vs Crocodile ["ST03-001">ST03-001][5000]
Crocodile ["ST03-001">ST03-001] hit for 1 damage
RZ1|109|2|ST03-013|3|3|1|5|1|1|0|0|0
RZ1|CHK|109|2|38|6|2|3|6|4|1|0|1|0
[Opponent] Boa Hancock ["ST03-013">ST03-013]: Activate Trigger
RZ1|110|2|ST03-013|1|5|6|1|1|1|0|0|0
RZ1|CHK|110|2|38|5|2|3|6|4|2|0|1|0
RZ1|111|2|ST03-013|6|1|2|2|1|1|0|0|0
RZ1|CHK|111|2|38|5|3|3|6|4|1|0|1|0
[Opponent] Boa Hancock ["ST03-013">ST03-013]: Deploy Boa Hancock ["ST03-013">ST03-013]
RZ1|112|1|Don|5|0|5|0|1|1|1|0|0
RZ1|CHK|112|1|38|7|1|4|5|4|0|0|1|1
RZ1|113|1|Don|5|1|5|1|1|1|1|0|0
RZ1|CHK|113|1|38|7|1|4|5|4|0|0|1|1
[You] Deploy Scratchmen Apoo ["ST02-008">ST02-008]
RZ1|114|1|ST02-008|1|6|2|1|1|1|0|0|0
RZ1|CHK|114|1|38|6|2|4|5|4|0|0|1|1
RZ1|115|1|Don|5|2|5|2|1|1|1|0|0
RZ1|CHK|115|1|38|6|2|4|5|4|0|0|1|1
[You] Deploy Capone "Gang" Bege ["ST02-004">ST02-004]
RZ1|116|1|ST02-004|1|4|2|2|1|1|0|0|0
RZ1|CHK|116|1|38|5|3|4|5|4|0|0|1|1
[] Hand: [ST02-012,ST02-014,ST02-013,ST02-012,ST02-012]
[] Board: [ST02-011,ST02-008,ST02-004]
[] Trash: []
[] Life: 4
[] Hand: [ST03-013,ST03-012,ST03-007,ST03-011,ST03-006]
[] Trash: [ST03-002]
[] Board: [ST03-010,ST03-014,ST03-013]
[] Life: 3
[You] End Turn
[] Hand: [ST03-013,ST03-012,ST03-007,ST03-011,ST03-006]
[] Board: [ST03-010,ST03-014,ST03-013]
[] Trash: [ST03-002]
[] Life: 3
[] Hand: [ST02-012,ST02-014,ST02-013,ST02-012,ST02-012]
[] Trash: []
[] Board: [ST02-011,ST02-008,ST02-004]
[] Life: 4
[Opponent] Draw 1 Card
[] Drew card from deck: Pacifista ["ST03-012">ST03-012]
RZ1|117|2|ST03-012|0|37|1|5|1|1|0|0|0
RZ1|CHK|117|2|37|6|3|3|6|4|1|0|1|0
RZ1|118|2|Don|4|5|5|4|1|1|0|0|0
RZ1|CHK|118|2|37|6|3|3|5|5|1|0|1|0
RZ1|119|2|Don|4|4|5|5|1|1|0|0|0
RZ1|CHK|119|2|37|6|3|3|4|6|1|0|1|0
[Opponent] Draw 2 Don
RZ1|120|2|Don|5|0|4|4|1|1|0|0|0
RZ1|CHK|120|2|37|6|3|3|5|5|1|0|1|0
RZ1|121|2|Don|5|0|4|5|1|1|0|0|0
RZ1|CHK|121|2|37|6|3|3|6|4|1|0|1|0
RZ1|122|2|Don|5|0|4|6|1|1|0|0|0
RZ1|CHK|122|2|37|6|3|3|7|3|1|0|1|0
RZ1|123|2|Don|5|0|4|7|1|1|0|0|0
RZ1|CHK|123|2|37|6|3|3|8|2|1|0|1|0
[Opponent] Crocodile ["ST03-001">ST03-001]: Minus 4 Don
[Opponent] Crocodile ["ST03-001">ST03-001]: Send Scratchmen Apoo ["ST02-008">ST02-008] to Hand
RZ1|124|1|ST02-008|2|1|1|5|1|1|0|0|0
RZ1|CHK|124|1|38|6|2|4|5|4|0|0|1|1
[Opponent] Crocodile ["ST03-001">ST03-001] attacking Eustass "Captain" Kid ["ST02-001">ST02-001]
Crocodile ["ST03-001">ST03-001][5000] vs Eustass "Captain" Kid ["ST02-001">ST02-001][5000]
Eustass "Captain" Kid ["ST02-001">ST02-001] hit for 1 damage
RZ1|125|1|ST02-015|3|3|1|6|1|1|0|0|0
RZ1|CHK|125|1|38|7|2|3|5|4|0|0|1|1
RZ1|126|2|Don|5|0|5|0|1|1|1|0|0
RZ1|CHK|126|2|37|6|3|3|8|2|1|0|1|0
RZ1|127|2|Don|5|1|5|1|1|1|1|0|0
RZ1|CHK|127|2|37|6|3|3|8|2|1|0|1|0
[Opponent] Deploy Jinbe ["ST03-006">ST03-006]
RZ1|128|2|ST03-006|1|4|2|3|1|1|0|0|0
RZ1|CHK|128|2|37|5|4|3|8|2|1|0|1|0
[Opponent] Marshall D. Teach ["ST03-014">ST03-014] attacking Heat ["ST02-011">ST02-011]
[You] Scalpel ["ST02-015">ST02-015]: Activate Counter
[You] Scalpel ["ST02-015">ST02-015]: Rest 1 Don
RZ1|129|1|Don|5|3|5|3|1|1|1|0|0
RZ1|CHK|129|1|38|7|2|3|5|4|0|0|1|1
RZ1|130|1|ST02-015|1|6|6|0|1|1|0|0|0
RZ1|CHK|130|1|38|6|2|3|5|4|1|0|1|1
[You] Scalpel ["ST02-015">ST02-015]: Activate 1 Don
RZ1|131|1|Don|5|3|5|3|1|1|0|0|0
RZ1|CHK|131|1|38|6|2|3|5|4|1|0|1|1
[You] Discard Bepo ["ST02-012">ST02-012] for Counter 1000
RZ1|132|1|ST02-012|1|0|6|1|1|1|0|0|0
RZ1|CHK|132|1|38|5|2|3|5|4|2|0|1|1
Marshall D. Teach ["ST03-014">ST03-014][4000] vs Heat ["ST02-011">ST02-011][5000]
Attack Fails
[] Hand: [ST03-013,ST03-012,ST03-007,ST03-011,ST03-012]
[] Board: [ST03-010,ST03-014,ST03-013,ST03-006]
[] Trash: [ST03-002]
[] Life: 3
[] Hand: [ST02-014,ST02-013,ST02-012,ST02-012,ST02-008]
[] Trash: [ST02-015,ST02-012]
[] Board: [ST02-011,ST02-004]
[] Life: 3
[Opponent] End Turn
[] Hand: [ST02-014,ST02-013,ST02-012,ST02-012,ST02-008]
[] Board: [ST02-011,ST02-004]
[] Trash: [ST02-015,ST02-012]
[] Life: 3
[] Hand: [ST03-013,ST03-012,ST03-007,ST03-011,ST03-012]
[] Trash: [ST03-002]
[] Board: [ST03-010,ST03-014,ST03-013,ST03-006]
[] Life: 3
RZ1|133|1|Don|9|0|5|0|1|1|1|0|0
RZ1|CHK|133|1|38|5|2|3|5|5|2|0|1|0
[You] Draw 1 Card
[] Drew card from deck: Killer ["ST02-005">ST02-005]
RZ1|134|1|ST02-005|0|37|1|5|1|1|0|0|0
RZ1|CHK|134|1|37|6|2|3|5|5|2|0|1|0
RZ1|135|1|Don|4|4|5|5|1|1|0|0|0
RZ1|CHK|135|1|37|6|2|3|4|6|2|0|1|0
RZ1|136|1|Don|4|3|5|6|1|1|0|0|0
RZ1|CHK|136|1|37|6|2|3|3|7|2|0|1|0
[You] Draw 2 Don
RZ1|137|1|Don|5|0|5|0|1|1|1|0|0
RZ1|CHK|137|1|37|6|2|3|3|7|2|0|1|0
RZ1|138|1|Don|5|1|5|1|1|1|1|0|0
RZ1|CHK|138|1|37|6|2|3|3|7|2|0|1|0
RZ1|139|1|Don|5|2|5|2|1|1|1|0|0
RZ1|CHK|139|1|37|6|2|3|3|7|2|0|1|0
[You] Deploy Killer ["ST02-005">ST02-005]
RZ1|140|1|ST02-005|1|5|2|2|1|1|0|0|0
RZ1|CHK|140|1|37|5|3|3|3|7|2|0|1|0
RZ1|141|1|Don|5|3|5|3|1|1|1|0|0
RZ1|CHK|141|1|37|5|3|3|3|7|2|0|1|0
RZ1|142|1|Don|5|4|5|4|1|1|1|0|0
RZ1|CHK|142|1|37|5|3|3|3|7|2|0|1|0
[You] Deploy Scratchmen Apoo ["ST02-008">ST02-008]
RZ1|143|1|ST02-008|1|4|2|3|1|1|0|0|0
RZ1|CHK|143|1|37|4|4|3|3|7|2|0|1|0
[You] Eustass "Captain" Kid ["ST02-001">ST02-001] attacking Crocodile ["ST03-001">ST03-001]
[Opponent] Boa Hancock ["ST03-013">ST03-013] Blocks
[Opponent] Discard Boa Hancock ["ST03-013">ST03-013] for Counter 1000
RZ1|144|2|ST03-013|1|0|6|1|1|1|0|0|0
RZ1|CHK|144|2|37|4|4|3|8|2|2|0|1|0
[Opponent] Discard Pacifista ["ST03-012">ST03-012] for Counter 1000
RZ1|145|2|ST03-012|1|0|6|2|1|1|0|0|0
RZ1|CHK|145|2|37|3|4|3|8|2|3|0|1|0
[Opponent] Discard Sentomaru ["ST03-007">ST03-007] for Counter 1000
RZ1|146|2|ST03-007|1|0|6|3|1|1|0|0|0
RZ1|CHK|146|2|37|2|4|3|8|2|4|0|1|0
[Opponent] Discard Buggy ["ST03-011">ST03-011] for Counter 1000
RZ1|147|2|ST03-011|1|0|6|4|1|1|0|0|0
RZ1|CHK|147|2|37|1|4|3|8|2|5|0|1|0
[Opponent] Discard Pacifista ["ST03-012">ST03-012] for Counter 1000
RZ1|148|2|ST03-012|1|0|6|5|1|1|0|0|0
RZ1|CHK|148|2|37|0|4|3|8|2|6|0|1|0
Eustass "Captain" Kid ["ST02-001">ST02-001][5000] vs Boa Hancock ["ST03-013">ST03-013][6000]
Attack Fails
[You] Heat ["ST02-011">ST02-011] attacking Boa Hancock ["ST03-013">ST03-013]
Heat ["ST02-011">ST02-011][4000] vs Boa Hancock ["ST03-013">ST03-013][1000]
[Opponent] Boa Hancock ["ST03-013">ST03-013] Destroyed
RZ1|149|2|ST03-013|2|2|6|6|1|1|0|0|0
RZ1|CHK|149|2|37|0|3|3|8|2|7|0|1|0
[] Hand: [ST02-014,ST02-013,ST02-012,ST02-012]
[] Board: [ST02-011,ST02-004,ST02-005,ST02-008]
[] Trash: [ST02-015,ST02-012]
[] Life: 3
[] Hand: []
[] Trash: [ST03-002,ST03-013,ST03-012,ST03-007,ST03-011,ST03-012,ST03-013]
[] Board: [ST03-010,ST03-014,ST03-006]
[] Life: 3
[You] End Turn
[] Hand: []
[] Board: [ST03-010,ST03-014,ST03-006]
[] Trash: [ST03-002,ST03-013,ST03-012,ST03-007,ST03-011,ST03-012,ST03-013]
[] Life: 3
[] Hand: [ST02-014,ST02-013,ST02-012,ST02-012]
[] Trash: [ST02-015,ST02-012]
[] Board: [ST02-011,ST02-004,ST02-005,ST02-008]
[] Life: 3
[Opponent] Draw 1 Card
[] Drew card from deck: Sables ["ST03-015">ST03-015]
RZ1|150|2|ST03-015|0|36|1|0|1|1|0|0|0
RZ1|CHK|150|2|36|1|3|3|8|2|7|0|1|0
RZ1|151|2|Don|4|7|5|2|1|1|0|0|0
RZ1|CHK|151|2|36|1|3|3|7|3|7|0|1|0
RZ1|152|2|Don|4|6|5|3|1|1|0|0|0
RZ1|CHK|152|2|36|1|3|3|6|4|7|0|1|0
[Opponent] Draw 2 Don
[Opponent] Sables ["ST03-015">ST03-015]: Rest 4 Don
RZ1|153|2|Don|5|0|5|0|1|1|1|0|0
RZ1|CHK|153|2|36|1|3|3|6|4|7|0|1|0
RZ1|154|2|Don|5|1|5|1|1|1|1|0|0
RZ1|CHK|154|2|36|1|3|3|6|4|7|0|1|0
RZ1|155|2|Don|5|2|5|2|1|1|1|0|0
RZ1|CHK|155|2|36|1|3|3|6|4|7|0|1|0
RZ1|156|2|Don|5|3|5|3|1|1|1|0|0
RZ1|CHK|156|2|36|1|3|3|6|4|7|0|1|0
RZ1|157|2|ST03-015|1|0|6|7|1|1|0|0|0
RZ1|CHK|157|2|36|0|3|3|6|4|8|0|1|0
[Opponent] Sables ["ST03-015">ST03-015]: Send Killer ["ST02-005">ST02-005] to Hand
RZ1|158|1|ST02-005|2|2|1|4|1|1|0|0|0
RZ1|CHK|158|1|37|5|3|3|3|7|2|0|1|0
RZ1|159|2|Don|5|0|4|6|1|1|0|0|0
RZ1|CHK|159|2|36|0|3|3|7|3|8|0|1|0
RZ1|160|2|Don|5|0|4|7|1|1|0|0|0
RZ1|CHK|160|2|36|0|3|3|8|2|8|0|1|0
RZ1|161|2|Don|5|0|4|8|1|1|0|0|0
RZ1|CHK|161|2|36|0|3|3|9|1|8|0|1|0
RZ1|162|2|Don|5|0|4|9|1|1|0|0|0
RZ1|CHK|162|2|36|0|3|3|10|0|8|0|1|0
[Opponent] Crocodile ["ST03-001">ST03-001]: Minus 4 Don
[Opponent] Crocodile ["ST03-001">ST03-001]: Send Scratchmen Apoo ["ST02-008">ST02-008] to Hand
RZ1|163|1|ST02-008|2|2|1|5|1|1|0|0|0
RZ1|CHK|163|1|37|6|2|3|3|7|2|0|1|0
[Opponent] Marshall D. Teach ["ST03-014">ST03-014] attacking Heat ["ST02-011">ST02-011]
[You] Capone "Gang" Bege ["ST02-004">ST02-004] Blocks
[You] Discard X.Drake ["ST02-014">ST02-014] for Counter 1000
RZ1|164|1|ST02-014|1|0|6|2|1|1|0|0|0
RZ1|CHK|164|1|37|5|2|3|3|7|3|0|1|0
[You] Discard Bepo ["ST02-012">ST02-012] for Counter 1000
RZ1|165|1|ST02-012|1|1|6|3|1|1|0|0|0
RZ1|CHK|165|1|37|4|2|3|3|7|4|0|1|0
[You] Discard Bepo ["ST02-012">ST02-012] for Counter 1000
RZ1|166|1|ST02-012|1|1|6|4|1|1|0|0|0
RZ1|CHK|166|1|37|3|2|3|3|7|5|0|1|0
[You] Discard Killer ["ST02-005">ST02-005] for Counter 1000
RZ1|167|1|ST02-005|1|1|6|5|1|1|0|0|0
RZ1|CHK|167|1|37|2|2|3|3|7|6|0|1|0
Marshall D. Teach ["ST03-014">ST03-014][4000] vs Capone "Gang" Bege ["ST02-004">ST02-004][5000]
Attack Fails
[Opponent] Bartholomew Kuma ["ST03-010">ST03-010] attacking Capone "Gang" Bege ["ST02-004">ST02-004]
Bartholomew Kuma ["ST03-010">ST03-010][3000] vs Capone "Gang" Bege ["ST02-004">ST02-004][1000]
[You] Capone "Gang" Bege ["ST02-004">ST02-004] Destroyed
RZ1|168|1|ST02-004|2|1|6|6|1|1|0|0|0
RZ1|CHK|168|1|37|2|1|3|3|7|7|0|1|0
[Opponent] Jinbe ["ST03-006">ST03-006] attacking Heat ["ST02-011">ST02-011]
Jinbe ["ST03-006">ST03-006][4000] vs Heat ["ST02-011">ST02-011][4000]
[You] Heat ["ST02-011">ST02-011] Destroyed
RZ1|169|1|ST02-011|2|0|6|7|1|1|0|0|0
RZ1|CHK|169|1|37|2|0|3|3|7|8|0|1|0
[Opponent] Crocodile ["ST03-001">ST03-001] attacking Eustass "Captain" Kid ["ST02-001">ST02-001]
[You] Discard Scratchmen Apoo ["ST02-008">ST02-008] for Counter 2000
RZ1|170|1|ST02-008|1|1|6|8|1|1|0|0|0
RZ1|CHK|170|1|37|1|0|3|3|7|9|0|1|0
Crocodile ["ST03-001">ST03-001][5000] vs Eustass "Captain" Kid ["ST02-001">ST02-001][7000]
Attack Fails
[] Hand: []
[] Board: [ST03-010,ST03-014,ST03-006]
[] Trash: [ST03-002,ST03-013,ST03-012,ST03-007,ST03-011,ST03-012,ST03-013,ST03-015]
[] Life: 3
[] Hand: [ST02-013]
[] Trash: [ST02-015,ST02-012,ST02-014,ST02-012,ST02-012,ST02-005,ST02-004,ST02-011,ST02-008]
[] Board: []
[] Life: 3
[Opponent] End Turn
[] Hand: [ST02-013]
[] Board: []
[] Trash: [ST02-015,ST02-012,ST02-014,ST02-012,ST02-012,ST02-005,ST02-004,ST02-011,ST02-008]
[] Life: 3
[] Hand: []
[] Trash: [ST03-002,ST03-013,ST03-012,ST03-007,ST03-011,ST03-012,ST03-013,ST03-015]
[] Board: [ST03-010,ST03-014,ST03-006]
[] Life: 3
[You] Draw 1 Card
[] Drew card from deck: Repel ["ST02-016">ST02-016]
RZ1|171|1|ST02-016|0|36|1|1|1|1|0|0|0
RZ1|CHK|171|1|36|2|0|3|3|7|9|0|1|0
RZ1|172|1|Don|4|2|5|7|1|1|0|0|0
RZ1|CHK|172|1|36|2|0|3|2|8|9|0|1|0
RZ1|173|1|Don|4|1|5|8|1|1|0|0|0
RZ1|CHK|173|1|36|2|0|3|1|9|9|0|1|0
[You] Draw 2 Don
RZ1|174|1|Don|5|0|5|0|1|1|1|0|0
RZ1|CHK|174|1|36|2|0|3|1|9|9|0|1|0
RZ1|175|1|Don|5|1|5|1|1|1|1|0|0
RZ1|CHK|175|1|36|2|0|3|1|9|9|0|1|0
RZ1|176|1|Don|5|2|5|2|1|1|1|0|0
RZ1|CHK|176|1|36|2|0|3|1|9|9|0|1|0
RZ1|177|1|Don|5|3|5|3|1|1|1|0|0
RZ1|CHK|177|1|36|2|0|3|1|9|9|0|1|0
RZ1|178|1|Don|5|4|5|4|1|1|1|0|0
RZ1|CHK|178|1|36|2|0|3|1|9|9|0|1|0
RZ1|179|1|Don|5|5|5|5|1|1|1|0|0
RZ1|CHK|179|1|36|2|0|3|1|9|9|0|1|0
RZ1|180|1|Don|5|6|5|6|1|1|1|0|0
RZ1|CHK|180|1|36|2|0|3|1|9|9|0|1|0
[You] Deploy Eustass "Captain" Kid ["ST02-013">ST02-013]
RZ1|181|1|ST02-013|1|0|2|0|1|1|0|0|0
RZ1|CHK|181|1|36|1|1|3|1|9|9|0|1|0
[You] Eustass "Captain" Kid ["ST02-001">ST02-001] attacking Crocodile ["ST03-001">ST03-001]
Eustass "Captain" Kid ["ST02-001">ST02-001][5000] vs Crocodile ["ST03-001">ST03-001][5000]
Crocodile ["ST03-001">ST03-001] hit for 1 damage
RZ1|182|2|ST03-013|3|2|1|0|1|1|0|0|0
RZ1|CHK|182|2|36|1|3|2|10|0|8|0|1|0
[Opponent] Boa Hancock ["ST03-013">ST03-013]: Activate Trigger
RZ1|183|2|ST03-013|1|0|6|8|1|1|0|0|0
RZ1|CHK|183|2|36|0|3|2|10|0|9|0|1|0
RZ1|184|2|ST03-013|6|8|2|3|1|1|0|0|0
RZ1|CHK|184|2|36|0|4|2|10|0|8|0|1|0
[Opponent] Boa Hancock ["ST03-013">ST03-013]: Deploy Boa Hancock ["ST03-013">ST03-013]
RZ1|185|1|Don|5|7|9|0|1|1|0|0|0
RZ1|CHK|185|1|36|1|1|3|1|8|9|0|1|1
[You] Attach 1 Don to Eustass "Captain" Kid ["ST02-013">ST02-013] (1 Total)
[You] Eustass "Captain" Kid ["ST02-013">ST02-013]: Set Eustass "Captain" Kid ["ST02-013">ST02-013] to Active
[] Hand: [ST02-016]
[] Board: [ST02-013]
[] Trash: [ST02-015,ST02-012,ST02-014,ST02-012,ST02-012,ST02-005,ST02-004,ST02-011,ST02-008]
[] Life: 3
[] Hand: []
[] Trash: [ST03-002,ST03-013,ST03-012,ST03-007,ST03-011,ST03-012,ST03-013,ST03-015]
[] Board: [ST03-010,ST03-014,ST03-006,ST03-013]
[] Life: 2
[You] End Turn
[] Hand: []
[] Board: [ST03-010,ST03-014,ST03-006,ST03-013]
[] Trash: [ST03-002,ST03-013,ST03-012,ST03-007,ST03-011,ST03-012,ST03-013,ST03-015]
[] Life: 2
[] Hand: [ST02-016]
[] Trash: [ST02-015,ST02-012,ST02-014,ST02-012,ST02-012,ST02-005,ST02-004,ST02-011,ST02-008]
[] Board: [ST02-013]
[] Life: 3
[Opponent] Draw 1 Card
[] Drew card from deck: Edward Weevil ["ST03-002">ST03-002]
RZ1|186|2|ST03-002|0|35|1|0|1|1|0|0|0
RZ1|CHK|186|2|35|1|4|2|10|0|8|0|1|0
RZ1|187|2|Don|4|9|5|0|1|1|0|0|0
RZ1|CHK|187|2|35|1|4|2|9|1|8|0|1|0
RZ1|188|2|Don|4|8|5|1|1|1|0|0|0
RZ1|CHK|188|2|35|1|4|2|8|2|8|0|1|0
[Opponent] Draw 2 Don
[Opponent] Crocodile ["ST03-001">ST03-001] attacking Eustass "Captain" Kid ["ST02-001">ST02-001]
[You] Eustass "Captain" Kid ["ST02-013">ST02-013] Blocks
Crocodile ["ST03-001">ST03-001][5000] vs Eustass "Captain" Kid ["ST02-013">ST02-013][7000]
Attack Fails
RZ1|189|2|Don|5|0|9|0|1|1|0|0|0
RZ1|CHK|189|2|35|1|4|2|8|1|8|0|1|1
RZ1|190|2|Don|5|0|9|1|1|1|0|0|0
RZ1|CHK|190|2|35|1|4|2|8|0|8|0|1|2
[Opponent] Attach 2 Don to Bartholomew Kuma ["ST03-010">ST03-010] (2 Total)
[Opponent] Bartholomew Kuma ["ST03-010">ST03-010] attacking Eustass "Captain" Kid ["ST02-001">ST02-001]
Bartholomew Kuma ["ST03-010">ST03-010][5000] vs Eustass "Captain" Kid ["ST02-001">ST02-001][5000]
Eustass "Captain" Kid ["ST02-001">ST02-001] hit for 1 damage
RZ1|191|1|ST02-011|3|2|1|1|1|1|0|0|0
RZ1|CHK|191|1|36|2|1|2|1|8|9|0|1|1
[] Hand: [ST03-002]
[] Board: [ST03-010,ST03-014,ST03-006,ST03-013]
[] Trash: [ST03-002,ST03-013,ST03-012,ST03-007,ST03-011,ST03-012,ST03-013,ST03-015]
[] Life: 2
[] Hand: [ST02-016,ST02-011]
[] Trash: [ST02-015,ST02-012,ST02-014,ST02-012,ST02-012,ST02-005,ST02-004,ST02-011,ST02-008]
[] Board: [ST02-013]
[] Life: 2
[Opponent] End Turn
[] Hand: [ST02-016,ST02-011]
[] Board: [ST02-013]
[] Trash: [ST02-015,ST02-012,ST02-014,ST02-012,ST02-012,ST02-005,ST02-004,ST02-011,ST02-008]
[] Life: 2
[] Hand: [ST03-002]
[] Trash: [ST03-002,ST03-013,ST03-012,ST03-007,ST03-011,ST03-012,ST03-013,ST03-015]
[] Board: [ST03-010,ST03-014,ST03-006,ST03-013]
[] Life: 2
RZ1|192|1|Don|9|0|5|0|1|1|1|0|0
RZ1|CHK|192|1|36|2|1|2|1|9|9|0|1|0
[You] Draw 1 Card
[] Drew card from deck: Eustass "Captain" Kid ["ST02-013">ST02-013]
RZ1|193|1|ST02-013|0|35|1|2|1|1|0|0|0
RZ1|CHK|193|1|35|3|1|2|1|9|9|0|1|0
RZ1|194|1|Don|4|0|5|9|1|1|0|0|0
RZ1|CHK|194|1|35|3|1|2|0|10|9|0|1|0
[You] Draw 2 Don
RZ1|195|1|Don|5|0|5|0|1|1|1|0|0
RZ1|CHK|195|1|35|3|1|2|0|10|9|0|1|0
RZ1|196|1|Don|5|1|5|1|1|1|1|0|0
RZ1|CHK|196|1|35|3|1|2|0|10|9|0|1|0
RZ1|197|1|Don|5|2|5|2|1|1|1|0|0
RZ1|CHK|197|1|35|3|1|2|0|10|9|0|1|0
RZ1|198|1|Don|5|3|5|3|1|1|1|0|0
RZ1|CHK|198|1|35|3|1|2|0|10|9|0|1|0
RZ1|199|1|Don|5|4|5|4|1|1|1|0|0
RZ1|CHK|199|1|35|3|1|2|0|10|9|0|1|0
RZ1|200|1|Don|5|5|5|5|1|1|1|0|0
RZ1|CHK|200|1|35|3|1|2|0|10|9|0|1|0
RZ1|201|1|Don|5|6|5|6|1|1|1|0|0
RZ1|CHK|201|1|35|3|1|2|0|10|9|0|1|0
[You] Deploy Eustass "Captain" Kid ["ST02-013">ST02-013]
RZ1|202|1|ST02-013|1|2|2|1|1|1|0|0|0
RZ1|CHK|202|1|35|2|2|2|0|10|9|0|1|0
RZ1|203|1|ST02-011|1|1|6|9|1|1|0|0|0
RZ1|CHK|203|1|35|1|2|2|0|10|10|0|1|0
[You] Eustass "Captain" Kid ["ST02-001">ST02-001]: Trash Heat ["ST02-011">ST02-011]
[You] Eustass "Captain" Kid ["ST02-001">ST02-001]: Rest 3 Don
RZ1|204|1|Don|5|7|5|7|1|1|1|0|0
RZ1|CHK|204|1|35|1|2|2|0|10|10|0|1|0
RZ1|205|1|Don|5|8|5|8|1|1|1|0|0
RZ1|CHK|205|1|35|1|2|2|0|10|10|0|1|0
RZ1|206|1|Don|5|9|5|9|1|1|1|0|0
RZ1|CHK|206|1|35|1|2|2|0|10|10|0|1|0
[You] Eustass "Captain" Kid ["ST02-001">ST02-001]: Set Eustass "Captain" Kid ["ST02-001">ST02-001] to Active
[You] Eustass "Captain" Kid ["ST02-013">ST02-013] attacking Crocodile ["ST03-001">ST03-001]
[Opponent] Boa Hancock ["ST03-013">ST03-013] Blocks
Eustass "Captain" Kid ["ST02-013">ST02-013][7000] vs Boa Hancock ["ST03-013">ST03-013][1000]
[Opponent] Boa Hancock ["ST03-013">ST03-013] Destroyed
RZ1|207|2|ST03-013|2|3|6|8|1|1|0|0|0
RZ1|CHK|207|2|35|1|3|2|8|0|9|0|1|2
[You] Eustass "Captain" Kid ["ST02-001">ST02-001] attacking Crocodile ["ST03-001">ST03-001]
[Opponent] Discard Edward Weevil ["ST03-002">ST03-002] for Counter 1000
RZ1|208|2|ST03-002|1|0|6|9|1|1|0|0|0
RZ1|CHK|208|2|35|0|3|2|8|0|10|0|1|2
Eustass "Captain" Kid ["ST02-001">ST02-001][5000] vs Crocodile ["ST03-001">ST03-001][6000]
Attack Fails
[] Hand: [ST02-016]
[] Board: [ST02-013,ST02-013]
[] Trash: [ST02-015,ST02-012,ST02-014,ST02-012,ST02-012,ST02-005,ST02-004,ST02-011,ST02-008,ST02-011]
[] Life: 2
[] Hand: []
[] Trash: [ST03-002,ST03-013,ST03-012,ST03-007,ST03-011,ST03-012,ST03-013,ST03-015,ST03-013,ST03-002]
[] Board: [ST03-010,ST03-014,ST03-006]
[] Life: 2
[You] End Turn
[] Hand: []
[] Board: [ST03-010,ST03-014,ST03-006]
[] Trash: [ST03-002,ST03-013,ST03-012,ST03-007,ST03-011,ST03-012,ST03-013,ST03-015,ST03-013,ST03-002]
[] Life: 2
[] Hand: [ST02-016]
[] Trash: [ST02-015,ST02-012,ST02-014,ST02-012,ST02-012,ST02-005,ST02-004,ST02-011,ST02-008,ST02-011]
[] Board: [ST02-013,ST02-013]
[] Life: 2
RZ1|209|2|Don|9|0|5|0|1|1|1|0|0
RZ1|CHK|209|2|35|0|3|2|8|1|10|0|1|1
RZ1|210|2|Don|9|0|5|0|1|1|1|0|0
RZ1|CHK|210|2|35|0|3|2|8|2|10|0|1|0
[Opponent] Draw 1 Card
[] Drew card from deck: Crocodile ["ST03-003">ST03-003]
RZ1|211|2|ST03-003|0|34|1|0|1|1|0|0|0
RZ1|CHK|211|2|34|1|3|2|8|2|10|0|1|0
RZ1|212|2|Don|4|7|5|2|1|1|0|0|0
RZ1|CHK|212|2|34|1|3|2|7|3|10|0|1|0
RZ1|213|2|Don|4|6|5|3|1|1|0|0|0
RZ1|CHK|213|2|34|1|3|2|6|4|10|0|1|0
[Opponent] Draw 2 Don
RZ1|214|2|Don|5|0|9|9900|1|1|0|0|0
RZ1|CHK|214|2|34|1|3|2|6|3|10|0|1|1
RZ1|215|2|Don|5|0|9|9901|1|1|0|0|0
RZ1|CHK|215|2|34|1|3|2|6|2|10|0|1|2
[Opponent] Attach 2 Don to Crocodile ["ST03-001">ST03-001] (2 Total)
[Opponent] Crocodile ["ST03-001">ST03-001] attacking Eustass "Captain" Kid ["ST02-013">ST02-013]
Crocodile ["ST03-001">ST03-001][7000] vs Eustass "Captain" Kid ["ST02-013">ST02-013][7000]
[You] Eustass "Captain" Kid ["ST02-013">ST02-013] Destroyed
RZ1|216|1|ST02-013|2|0|6|10|1|1|0|0|0
RZ1|CHK|216|1|35|1|1|2|0|10|11|0|1|0
RZ1|217|2|Don|5|0|9|0|1|1|0|0|0
RZ1|CHK|217|2|34|1|3|2|6|1|10|0|1|3
RZ1|218|2|Don|5|0|9|1|1|1|0|0|0
RZ1|CHK|218|2|34|1|3|2|6|0|10|0|1|4
[Opponent] Attach 2 Don to Bartholomew Kuma ["ST03-010">ST03-010] (2 Total)
[Opponent] Bartholomew Kuma ["ST03-010">ST03-010] attacking Eustass "Captain" Kid ["ST02-001">ST02-001]
[You] Eustass "Captain" Kid ["ST02-013">ST02-013] Blocks
Bartholomew Kuma ["ST03-010">ST03-010][5000] vs Eustass "Captain" Kid ["ST02-013">ST02-013][7000]
Attack Fails
[] Hand: [ST03-003]
[] Board: [ST03-010,ST03-014,ST03-006]
[] Trash: [ST03-002,ST03-013,ST03-012,ST03-007,ST03-011,ST03-012,ST03-013,ST03-015,ST03-013,ST03-002]
[] Life: 2
[] Hand: [ST02-016]
[] Trash: [ST02-015,ST02-012,ST02-014,ST02-012,ST02-012,ST02-005,ST02-004,ST02-011,ST02-008,ST02-011,ST02-013]
[] Board: [ST02-013]
[] Life: 2
[Opponent] End Turn
[] Hand: [ST02-016]
[] Board: [ST02-013]
[] Trash: [ST02-015,ST02-012,ST02-014,ST02-012,ST02-012,ST02-005,ST02-004,ST02-011,ST02-008,ST02-011,ST02-013]
[] Life: 2
[] Hand: [ST03-003]
[] Trash: [ST03-002,ST03-013,ST03-012,ST03-007,ST03-011,ST03-012,ST03-013,ST03-015,ST03-013,ST03-002]
[] Board: [ST03-010,ST03-014,ST03-006]
[] Life: 2
[You] Draw 1 Card
[] Drew card from deck: Vito ["ST02-002">ST02-002]
RZ1|219|1|ST02-002|0|34|1|1|1|1|0|0|0
RZ1|CHK|219|1|34|2|1|2|0|10|11|0|1|0
[You] Eustass "Captain" Kid ["ST02-013">ST02-013] attacking Crocodile ["ST03-001">ST03-001]
Eustass "Captain" Kid ["ST02-013">ST02-013][7000] vs Crocodile ["ST03-001">ST03-001][5000]
Crocodile ["ST03-001">ST03-001] hit for 1 damage
RZ1|220|2|ST03-016|3|1|1|1|1|1|0|0|0
RZ1|CHK|220|2|34|2|3|1|6|0|10|0|1|4
[You] Eustass "Captain" Kid ["ST02-001">ST02-001] attacking Crocodile ["ST03-001">ST03-001]
Eustass "Captain" Kid ["ST02-001">ST02-001][5000] vs Crocodile ["ST03-001">ST03-001][5000]
Crocodile ["ST03-001">ST03-001] hit for 1 damage
RZ1|221|2|ST03-004|3|0|1|2|1|1|0|0|0
RZ1|CHK|221|2|34|3|3|0|6|0|10|0|1|4
RZ1|222|1|Don|5|0|9|0|1|1|0|0|0
RZ1|CHK|222|1|34|2|1|2|0|9|11|0|1|1
[You] Attach 1 Don to Eustass "Captain" Kid ["ST02-013">ST02-013] (1 Total)
[You] Eustass "Captain" Kid ["ST02-013">ST02-013]: Set Eustass "Captain" Kid ["ST02-013">ST02-013] to Active
[] Hand: [ST02-016,ST02-002]
[] Board: [ST02-013]
[] Trash: [ST02-015,ST02-012,ST02-014,ST02-012,ST02-012,ST02-005,ST02-004,ST02-011,ST02-008,ST02-011,ST02-013]
[] Life: 2
[] Hand: [ST03-003,ST03-016,ST03-004]
[] Trash: [ST03-002,ST03-013,ST03-012,ST03-007,ST03-011,ST03-012,ST03-013,ST03-015,ST03-013,ST03-002]
[] Board: [ST03-010,ST03-014,ST03-006]
[] Life: 0
[You] End Turn
[] Hand: [ST03-003,ST03-016,ST03-004]
[] Board: [ST03-010,ST03-014,ST03-006]
[] Trash: [ST03-002,ST03-013,ST03-012,ST03-007,ST03-011,ST03-012,ST03-013,ST03-015,ST03-013,ST03-002]
[] Life: 0
[] Hand: [ST02-016,ST02-002]
[] Trash: [ST02-015,ST02-012,ST02-014,ST02-012,ST02-012,ST02-005,ST02-004,ST02-011,ST02-008,ST02-011,ST02-013]
[] Board: [ST02-013]
[] Life: 2
RZ1|223|2|Don|9|9900|5|0|1|1|1|0|0
RZ1|CHK|223|2|34|3|3|0|6|1|10|0|1|3
RZ1|224|2|Don|9|9900|5|0|1|1|1|0|0
RZ1|CHK|224|2|34|3|3|0|6|2|10|0|1|2
RZ1|225|2|Don|9|0|5|0|1|1|1|0|0
RZ1|CHK|225|2|34|3|3|0|6|3|10|0|1|1
RZ1|226|2|Don|9|0|5|0|1|1|1|0|0
RZ1|CHK|226|2|34|3|3|0|6|4|10|0|1|0
[Opponent] Draw 1 Card
[] Drew card from deck: Edward Weevil ["ST03-002">ST03-002]
RZ1|227|2|ST03-002|0|33|1|3|1|1|0|0|0
RZ1|CHK|227|2|33|4|3|0|6|4|10|0|1|0
RZ1|228|2|Don|4|5|5|4|1|1|0|0|0
RZ1|CHK|228|2|33|4|3|0|5|5|10|0|1|0
RZ1|229|2|Don|4|4|5|5|1|1|0|0|0
RZ1|CHK|229|2|33|4|3|0|4|6|10|0|1|0
[Opponent] Draw 2 Don
RZ1|230|2|Don|5|0|5|0|1|1|1|0|0
RZ1|CHK|230|2|33|4|3|0|4|6|10|0|1|0
RZ1|231|2|Don|5|1|5|1|1|1|1|0|0
RZ1|CHK|231|2|33|4|3|0|4|6|10|0|1|0
RZ1|232|2|Don|5|2|5|2|1|1|1|0|0
RZ1|CHK|232|2|33|4|3|0|4|6|10|0|1|0
RZ1|233|2|Don|5|3|5|3|1|1|1|0|0
RZ1|CHK|233|2|33|4|3|0|4|6|10|0|1|0
RZ1|234|2|Don|5|4|5|4|1|1|1|0|0
RZ1|CHK|234|2|33|4|3|0|4|6|10|0|1|0
[Opponent] Deploy Crocodile ["ST03-003">ST03-003]
RZ1|235|2|ST03-003|1|0|2|3|1|1|0|0|0
RZ1|CHK|235|2|33|3|4|0|4|6|10|0|1|0
[Opponent] Crocodile ["ST03-001">ST03-001] attacking Eustass "Captain" Kid ["ST02-001">ST02-001]
[You] Repel ["ST02-016">ST02-016]: Activate Counter
[You] Repel ["ST02-016">ST02-016]: Rest 2 Don
RZ1|236|1|Don|5|0|5|0|1|1|1|0|0
RZ1|CHK|236|1|34|2|1|2|0|9|11|0|1|1
RZ1|237|1|Don|5|1|5|1|1|1|1|0|0
RZ1|CHK|237|1|34|2|1|2|0|9|11|0|1|1
RZ1|238|1|ST02-016|1|0|6|11|1|1|0|0|0
RZ1|CHK|238|1|34|1|1|2|0|9|12|0|1|1
[You] Repel ["ST02-016">ST02-016]: Activate 1 Don
RZ1|239|1|Don|5|1|5|1|1|1|0|0|0
RZ1|CHK|239|1|34|1|1|2|0|9|12|0|1|1
[You] Discard Vito ["ST02-002">ST02-002] for Counter 1000
RZ1|240|1|ST02-002|1|0|6|12|1|1|0|0|0
RZ1|CHK|240|1|34|0|1|2|0|9|13|0|1|1
Crocodile ["ST03-001">ST03-001][5000] vs Eustass "Captain" Kid ["ST02-001">ST02-001][6000]
Attack Fails
RZ1|241|2|Don|5|5|9|100|1|1|0|0|0
RZ1|CHK|241|2|33|3|4|0|4|5|10|0|1|1
[Opponent] Attach 1 Don to Marshall D. Teach ["ST03-014">ST03-014] (1 Total)
[Opponent] Marshall D. Teach ["ST03-014">ST03-014] attacking Eustass "Captain" Kid ["ST02-001">ST02-001]
[You] Eustass "Captain" Kid ["ST02-013">ST02-013] Blocks
Marshall D. Teach ["ST03-014">ST03-014][5000] vs Eustass "Captain" Kid ["ST02-013">ST02-013][7000]
Attack Fails
[] Hand: [ST03-016,ST03-004,ST03-002]
[] Board: [ST03-010,ST03-014,ST03-006,ST03-003]
[] Trash: [ST03-002,ST03-013,ST03-012,ST03-007,ST03-011,ST03-012,ST03-013,ST03-015,ST03-013,ST03-002]
[] Life: 0
[] Hand: []
[] Trash: [ST02-015,ST02-012,ST02-014,ST02-012,ST02-012,ST02-005,ST02-004,ST02-011,ST02-008,ST02-011,ST02-013,ST02-016,ST02-002]
[] Board: [ST02-013]
[] Life: 2
[Opponent] End Turn
[] Hand: []
[] Board: [ST02-013]
[] Trash: [ST02-015,ST02-012,ST02-014,ST02-012,ST02-012,ST02-005,ST02-004,ST02-011,ST02-008,ST02-011,ST02-013,ST02-016,ST02-002]
[] Life: 2
[] Hand: [ST03-016,ST03-004,ST03-002]
[] Trash: [ST03-002,ST03-013,ST03-012,ST03-007,ST03-011,ST03-012,ST03-013,ST03-015,ST03-013,ST03-002]
[] Board: [ST03-010,ST03-014,ST03-006,ST03-003]
[] Life: 0
RZ1|242|1|Don|9|0|5|0|1|1|1|0|0
RZ1|CHK|242|1|34|0|1|2|0|10|13|0|1|0
[You] Draw 1 Card
[] Drew card from deck: Capone "Gang" Bege ["ST02-004">ST02-004]
RZ1|243|1|ST02-004|0|33|1|0|1|1|0|0|0
RZ1|CHK|243|1|33|1|1|2|0|10|13|0|1|0
[You] Eustass "Captain" Kid ["ST02-013">ST02-013] attacking Crocodile ["ST03-001">ST03-001]
[Opponent] Crocodile ["ST03-003">ST03-003] Blocks
[Opponent] Discard Gecko Moria ["ST03-004">ST03-004] for Counter 1000
RZ1|244|2|ST03-004|1|1|6|10|1|1|0|0|0
RZ1|CHK|244|2|33|2|4|0|4|5|11|0|1|1
[Opponent] Discard Edward Weevil ["ST03-002">ST03-002] for Counter 1000
RZ1|245|2|ST03-002|1|1|6|11|1|1|0|0|0
RZ1|CHK|245|2|33|1|4|0|4|5|12|0|1|1
Eustass "Captain" Kid ["ST02-013">ST02-013][7000] vs Crocodile ["ST03-003">ST03-003][8000]
Attack Fails
[You] Eustass "Captain" Kid ["ST02-001">ST02-001] attacking Crocodile ["ST03-001">ST03-001]
Eustass "Captain" Kid ["ST02-001">ST02-001][5000] vs Crocodile ["ST03-001">ST03-001][5000]
Crocodile ["ST03-001">ST03-001] hit for 1 damage
[Opponent] <b>Downloaded the Combat Log!</b>
GameOver