Version is 1.43a.1
[You] Leader is Jewelry Bonney ["OP07-019">OP07-019]
RZ1|HDR|1.43a|2|RZ1
RZ1|PLY|1||OP07-019
RZ1|PLY|2||
[Opponent] Leader is Monkey D. Luffy ["OP13-001">OP13-001]
RZ1|1|2|EB02-017|0|14|0|0|0|0|0|0|0
RZ1|CHK|1|2|50|0|0|0|10|0|0|0|1|0
RZ1|2|2|ST21-003|0|5|0|1|0|0|0|0|0
RZ1|CHK|2|2|50|0|0|0|10|0|0|0|1|0
RZ1|3|2|OP05-038|0|44|0|2|0|0|0|0|0
RZ1|CHK|3|2|50|0|0|0|10|0|0|0|1|0
RZ1|4|2|EB04-007|0|11|0|3|0|0|0|0|0
RZ1|CHK|4|2|50|0|0|0|10|0|0|0|1|0
RZ1|5|2|EB02-017|0|17|0|4|0|0|0|0|0
RZ1|CHK|5|2|50|0|0|0|10|0|0|0|1|0
RZ1|6|2|OP14-031|0|29|0|5|0|0|0|0|0
RZ1|CHK|6|2|50|0|0|0|10|0|0|0|1|0
RZ1|7|2|OP14-022|0|27|0|6|0|0|0|0|0
RZ1|CHK|7|2|50|0|0|0|10|0|0|0|1|0
RZ1|8|2|OP13-027|0|32|0|7|0|0|0|0|0
RZ1|CHK|8|2|50|0|0|0|10|0|0|0|1|0
RZ1|9|2|OP05-038|0|45|0|8|0|0|0|0|0
RZ1|CHK|9|2|50|0|0|0|10|0|0|0|1|0
RZ1|10|2|OP16-004|0|18|0|9|0|0|0|0|0
RZ1|CHK|10|2|50|0|0|0|10|0|0|0|1|0
RZ1|11|2|OP01-016|0|11|0|10|0|0|0|0|0
RZ1|CHK|11|2|50|0|0|0|10|0|0|0|1|0
RZ1|12|2|ST31-005|0|48|0|11|0|0|0|0|0
RZ1|CHK|12|2|50|0|0|0|10|0|0|0|1|0
RZ1|13|2|OP13-037|0|28|0|12|0|0|0|0|0
RZ1|CHK|13|2|50|0|0|0|10|0|0|0|1|0
RZ1|14|2|OP16-004|0|21|0|13|0|0|0|0|0
RZ1|CHK|14|2|50|0|0|0|10|0|0|0|1|0
RZ1|15|2|OP05-038|0|45|0|14|0|0|0|0|0
RZ1|CHK|15|2|50|0|0|0|10|0|0|0|1|0
RZ1|16|2|EB04-007|0|20|0|15|0|0|0|0|0
RZ1|CHK|16|2|50|0|0|0|10|0|0|0|1|0
RZ1|17|2|OP13-027|0|37|0|16|0|0|0|0|0
RZ1|CHK|17|2|50|0|0|0|10|0|0|0|1|0
RZ1|18|2|ST31-005|0|47|0|17|0|0|0|0|0
RZ1|CHK|18|2|50|0|0|0|10|0|0|0|1|0
RZ1|19|2|OP15-035|0|29|0|18|0|0|0|0|0
RZ1|CHK|19|2|50|0|0|0|10|0|0|0|1|0
RZ1|20|2|OP13-027|0|37|0|19|0|0|0|0|0
RZ1|CHK|20|2|50|0|0|0|10|0|0|0|1|0
RZ1|21|2|OP16-004|0|26|0|20|0|0|0|0|0
RZ1|CHK|21|2|50|0|0|0|10|0|0|0|1|0
RZ1|22|2|OP13-037|0|32|0|21|0|0|0|0|0
RZ1|CHK|22|2|50|0|0|0|10|0|0|0|1|0
RZ1|23|2|OP14-031|0|36|0|22|0|0|0|0|0
RZ1|CHK|23|2|50|0|0|0|10|0|0|0|1|0
RZ1|24|2|OP13-118|0|40|0|23|0|0|0|0|0
RZ1|CHK|24|2|50|0|0|0|10|0|0|0|1|0
RZ1|25|2|OP14-022|0|36|0|24|0|0|0|0|0
RZ1|CHK|25|2|50|0|0|0|10|0|0|0|1|0
RZ1|26|2|EB04-007|0|30|0|25|0|0|0|0|0
RZ1|CHK|26|2|50|0|0|0|10|0|0|0|1|0
RZ1|27|2|OP13-118|0|40|0|26|0|0|0|0|0
RZ1|CHK|27|2|50|0|0|0|10|0|0|0|1|0
RZ1|28|2|OP15-035|0|34|0|27|0|0|0|0|0
RZ1|CHK|28|2|50|0|0|0|10|0|0|0|1|0
RZ1|29|2|OP13-027|0|40|0|28|0|0|0|0|0
RZ1|CHK|29|2|50|0|0|0|10|0|0|0|1|0
RZ1|30|2|ST31-005|0|48|0|29|0|0|0|0|0
RZ1|CHK|30|2|50|0|0|0|10|0|0|0|1|0
RZ1|31|2|OP13-040|0|47|0|30|0|0|0|0|0
RZ1|CHK|31|2|50|0|0|0|10|0|0|0|1|0
RZ1|32|2|OP14-022|0|40|0|31|0|0|0|0|0
RZ1|CHK|32|2|50|0|0|0|10|0|0|0|1|0
RZ1|33|2|OP13-040|0|46|0|32|0|0|0|0|0
RZ1|CHK|33|2|50|0|0|0|10|0|0|0|1|0
RZ1|34|2|OP14-022|0|42|0|33|0|0|0|0|0
RZ1|CHK|34|2|50|0|0|0|10|0|0|0|1|0
RZ1|35|2|OP13-040|0|47|0|34|0|0|0|0|0
RZ1|CHK|35|2|50|0|0|0|10|0|0|0|1|0
RZ1|36|2|ST31-005|0|49|0|35|0|0|0|0|0
RZ1|CHK|36|2|50|0|0|0|10|0|0|0|1|0
RZ1|37|2|OP10-011|0|39|0|36|0|0|0|0|0
RZ1|CHK|37|2|50|0|0|0|10|0|0|0|1|0
RZ1|38|2|OP13-118|0|46|0|37|0|0|0|0|0
RZ1|CHK|38|2|50|0|0|0|10|0|0|0|1|0
RZ1|39|2|OP13-037|0|45|0|38|0|0|0|0|0
RZ1|CHK|39|2|50|0|0|0|10|0|0|0|1|0
RZ1|40|2|EB04-007|0|42|0|39|0|0|0|0|0
RZ1|CHK|40|2|50|0|0|0|10|0|0|0|1|0
RZ1|41|2|OP01-016|0|42|0|40|0|0|0|0|0
RZ1|CHK|41|2|50|0|0|0|10|0|0|0|1|0
RZ1|42|2|EB02-017|0|44|0|41|0|0|0|0|0
RZ1|CHK|42|2|50|0|0|0|10|0|0|0|1|0
RZ1|43|2|OP15-035|0|45|0|42|0|0|0|0|0
RZ1|CHK|43|2|50|0|0|0|10|0|0|0|1|0
RZ1|44|2|OP14-031|0|46|0|43|0|0|0|0|0
RZ1|CHK|44|2|50|0|0|0|10|0|0|0|1|0
RZ1|45|2|OP01-016|0|45|0|44|0|0|0|0|0
RZ1|CHK|45|2|50|0|0|0|10|0|0|0|1|0
RZ1|46|2|OP13-040|0|48|0|45|0|0|0|0|0
RZ1|CHK|46|2|50|0|0|0|10|0|0|0|1|0
RZ1|47|2|OP05-038|0|49|0|46|0|0|0|0|0
RZ1|CHK|47|2|50|0|0|0|10|0|0|0|1|0
RZ1|48|2|EB02-017|0|48|0|47|0|0|0|0|0
RZ1|CHK|48|2|50|0|0|0|10|0|0|0|1|0
RZ1|49|2|OP15-032|0|49|0|48|0|0|0|0|0
RZ1|CHK|49|2|50|0|0|0|10|0|0|0|1|0
[] Drew card from deck: Dellinger ["OP04-029">OP04-029]
RZ1|50|1|OP04-029|0|49|1|0|1|1|0|0|0
RZ1|CHK|50|1|49|1|0|0|10|0|0|0|1|0
[] Drew card from deck: Hody Jones ["OP06-035">OP06-035]
RZ1|51|1|OP06-035|0|48|1|1|1|1|0|0|0
RZ1|CHK|51|1|48|2|0|0|10|0|0|0|1|0
[] Drew card from deck: Punk Gibson ["OP01-058">OP01-058]
RZ1|52|1|OP01-058|0|47|1|2|1|1|0|0|0
RZ1|CHK|52|1|47|3|0|0|10|0|0|0|1|0
[] Drew card from deck: Scratchmen Apoo ["EB01-015">EB01-015]
RZ1|53|1|EB01-015|0|46|1|3|1|1|0|0|0
RZ1|CHK|53|1|46|4|0|0|10|0|0|0|1|0
[] Drew card from deck: Uroge ["OP07-021">OP07-021]
RZ1|54|1|OP07-021|0|45|1|4|1|1|0|0|0
RZ1|CHK|54|1|45|5|0|0|10|0|0|0|1|0
[] Drew card from deck: Nami ["OP01-016">OP01-016]
RZ1|55|2|OP01-016|0|49|1|0|1|1|0|0|0
RZ1|CHK|55|2|49|1|0|0|10|0|0|0|1|0
[] Drew card from deck: Brook ["OP15-032">OP15-032]
RZ1|56|2|OP15-032|0|48|1|1|1|1|0|0|0
RZ1|CHK|56|2|48|2|0|0|10|0|0|0|1|0
[] Drew card from deck: Nami ["EB02-017">EB02-017]
RZ1|57|2|EB02-017|0|47|1|2|1|1|0|0|0
RZ1|CHK|57|2|47|3|0|0|10|0|0|0|1|0
[] Drew card from deck: Charlestone ["OP05-038">OP05-038]
RZ1|58|2|OP05-038|0|46|1|3|1|1|0|0|0
RZ1|CHK|58|2|46|4|0|0|10|0|0|0|1|0
[] Drew card from deck: I Know You're Strong... So I'll Go All Out ["OP13-040">OP13-040]
RZ1|59|2|OP13-040|0|45|1|4|1|1|0|0|0
RZ1|CHK|59|2|45|5|0|0|10|0|0|0|1|0
RZ1|60|1|OP05-030|0|44|3|0|1|0|0|0|0
RZ1|CHK|60|1|44|5|0|1|10|0|0|0|1|0
RZ1|61|1|OP08-023|0|43|3|1|1|0|0|0|0
RZ1|CHK|61|1|43|5|0|2|10|0|0|0|1|0
RZ1|62|1|OP08-023|0|42|3|2|1|0|0|0|0
RZ1|CHK|62|1|42|5|0|3|10|0|0|0|1|0
RZ1|63|1|OP08-023|0|41|3|3|1|0|0|0|0
RZ1|CHK|63|1|41|5|0|4|10|0|0|0|1|0
RZ1|64|1|OP06-035|0|40|3|4|1|0|0|0|0
RZ1|CHK|64|1|40|5|0|5|10|0|0|0|1|0
RZ1|65|2|OP01-016|0|44|3|0|0|1|0|0|0
RZ1|CHK|65|2|44|5|0|1|10|0|0|0|1|0
RZ1|66|2|OP14-031|0|43|3|1|0|1|0|0|0
RZ1|CHK|66|2|43|5|0|2|10|0|0|0|1|0
RZ1|67|2|OP15-035|0|42|3|2|0|1|0|0|0
RZ1|CHK|67|2|42|5|0|3|10|0|0|0|1|0
RZ1|68|2|EB02-017|0|41|3|3|0|1|0|0|0
RZ1|CHK|68|2|41|5|0|4|10|0|0|0|1|0
[] Hand: [OP04-029,OP06-035,OP01-058,EB01-015,OP07-021]
[] Board: []
[] Trash: []
[] Life: 5
[] Hand: [OP01-016,OP15-032,EB02-017,OP05-038,OP13-040]
[] Trash: []
[] Board: []
[] Life: 4
RZ1|69|1|Don|4|9|5|0|1|1|0|0|0
RZ1|CHK|69|1|40|5|0|5|9|1|0|0|1|0
[You] Draw 1 Don
RZ1|70|1|Don|5|0|5|0|1|1|1|0|0
RZ1|CHK|70|1|40|5|0|5|9|1|0|0|1|0
[You] Deploy Scratchmen Apoo ["EB01-015">EB01-015]
RZ1|71|1|EB01-015|1|3|2|0|1|1|0|0|0
RZ1|CHK|71|1|40|4|1|5|9|1|0|0|1|0
[] Hand: [OP04-029,OP06-035,OP01-058,OP07-021]
[] Board: [EB01-015]
[] Trash: []
[] Life: 5
[] Hand: [OP01-016,OP15-032,EB02-017,OP05-038,OP13-040]
[] Trash: []
[] Board: []
[] Life: 4
[You] End Turn
[] Hand: [OP01-016,OP15-032,EB02-017,OP05-038,OP13-040]
[] Board: []
[] Trash: []
[] Life: 4
[] Hand: [OP04-029,OP06-035,OP01-058,OP07-021]
[] Trash: []
[] Board: [EB01-015]
[] Life: 5
[Opponent] Draw 1 Card
[] Drew card from deck: Nami ["OP01-016">OP01-016]
RZ1|72|2|OP01-016|0|40|1|5|1|1|0|0|0
RZ1|CHK|72|2|40|6|0|4|10|0|0|0|1|0
RZ1|73|2|Don|4|9|5|0|1|1|0|0|0
RZ1|CHK|73|2|40|6|0|4|9|1|0|0|1|0
RZ1|74|2|Don|4|8|5|1|1|1|0|0|0
RZ1|CHK|74|2|40|6|0|4|8|2|0|0|1|0
[Opponent] Draw 2 Don
RZ1|75|2|Don|5|0|5|0|1|1|1|0|0
RZ1|CHK|75|2|40|6|0|4|8|2|0|0|1|0
[Opponent] Deploy Nami ["EB02-017">EB02-017]
RZ1|76|2|EB02-017|1|2|2|0|1|1|0|0|0
RZ1|CHK|76|2|40|5|1|4|8|2|0|0|1|0
RZ1|77|2|OP13-037|0|38|1|5|1|1|0|0|0
RZ1|CHK|77|2|39|6|1|4|8|2|0|0|1|0
[Opponent] Nami ["EB02-017">EB02-017]: <b>Reveal and Draw Roronoa Zoro ["OP13-037">OP13-037]</b>
[Opponent] Placing Cards on Bottom of Deck
RZ1|78|2|EB04-007|0|38|0|0|0|0|0|0|0
RZ1|CHK|78|2|39|6|1|4|8|2|0|0|1|0
RZ1|79|2|OP13-118|0|38|0|0|0|0|0|0|0
RZ1|CHK|79|2|39|6|1|4|8|2|0|0|1|0
RZ1|80|2|OP10-011|0|38|0|0|0|0|0|0|0
RZ1|CHK|80|2|39|6|1|4|8|2|0|0|1|0
RZ1|81|2|ST31-005|0|38|0|0|0|0|0|0|0
RZ1|CHK|81|2|39|6|1|4|8|2|0|0|1|0
RZ1|82|2|Don|5|1|9|9900|1|1|0|0|0
RZ1|CHK|82|2|39|6|1|4|8|1|0|0|1|1
[Opponent] Attach 1 Don to Monkey D. Luffy ["OP13-001">OP13-001] (1 Total)
[] Hand: [OP01-016,OP15-032,OP05-038,OP13-040,OP01-016,OP13-037]
[] Board: [EB02-017]
[] Trash: []
[] Life: 4
[] Hand: [OP04-029,OP06-035,OP01-058,OP07-021]
[] Trash: []
[] Board: [EB01-015]
[] Life: 5
[Opponent] End Turn
[] Hand: [OP04-029,OP06-035,OP01-058,OP07-021]
[] Board: [EB01-015]
[] Trash: []
[] Life: 5
[] Hand: [OP01-016,OP15-032,OP05-038,OP13-040,OP01-016,OP13-037]
[] Trash: []
[] Board: [EB02-017]
[] Life: 4
[You] Draw 1 Card
[] Drew card from deck: Jewelry Bonney ["ST02-007">ST02-007]
RZ1|83|1|ST02-007|0|39|1|4|1|1|0|0|0
RZ1|CHK|83|1|39|5|1|5|9|1|0|0|1|0
RZ1|84|1|Don|4|8|5|1|1|1|0|0|0
RZ1|CHK|84|1|39|5|1|5|8|2|0|0|1|0
RZ1|85|1|Don|4|7|5|2|1|1|0|0|0
RZ1|CHK|85|1|39|5|1|5|7|3|0|0|1|0
[You] Draw 2 Don
RZ1|86|1|Don|5|0|9|9900|1|1|0|0|0
RZ1|CHK|86|1|39|5|1|5|7|2|0|0|1|1
[You] Attach 1 Don to Jewelry Bonney ["OP07-019">OP07-019] (1 Total)
[You] Jewelry Bonney ["OP07-019">OP07-019] attacking Monkey D. Luffy ["OP13-001">OP13-001]
[Opponent] Discard Brook ["OP15-032">OP15-032] for Counter 1000
RZ1|87|2|OP15-032|1|1|6|0|1|1|0|0|0
RZ1|CHK|87|2|39|5|1|4|8|1|1|0|1|1
[Opponent] Discard Roronoa Zoro ["OP13-037">OP13-037] for Counter 1000
RZ1|88|2|OP13-037|1|4|6|1|1|1|0|0|0
RZ1|CHK|88|2|39|4|1|4|8|1|2|0|1|1
Jewelry Bonney ["OP07-019">OP07-019][6000] vs Monkey D. Luffy ["OP13-001">OP13-001][7000]
Attack Fails
RZ1|89|1|Don|5|0|5|0|1|1|1|0|0
RZ1|CHK|89|1|39|5|1|5|7|2|0|0|1|1
[You] Deploy Jewelry Bonney ["ST02-007">ST02-007]
RZ1|90|1|ST02-007|1|4|2|1|1|1|0|0|0
RZ1|CHK|90|1|39|4|2|5|7|2|0|0|1|1
[You] Jewelry Bonney ["ST02-007">ST02-007]: Rest 1 Don
RZ1|91|1|Don|5|1|5|1|1|1|1|0|0
RZ1|CHK|91|1|39|4|2|5|7|2|0|0|1|1
[You] Jewelry Bonney ["ST02-007">ST02-007]: Rest Jewelry Bonney ["ST02-007">ST02-007]
RZ1|92|1|OP07-021|0|34|1|4|1|1|0|0|0
RZ1|CHK|92|1|38|5|2|5|7|2|0|0|1|1
[You] Jewelry Bonney ["ST02-007">ST02-007]: <b>Reveal and Draw Uroge ["OP07-021">OP07-021]</b>
[You] Placing Cards on Bottom of Deck
RZ1|93|1|OP05-034|0|37|0|0|0|0|0|0|0
RZ1|CHK|93|1|38|5|2|5|7|2|0|0|1|1
RZ1|94|1|OP07-029|0|37|0|0|0|0|0|0|0
RZ1|CHK|94|1|38|5|2|5|7|2|0|0|1|1
RZ1|95|1|OP01-051|0|37|0|0|0|0|0|0|0
RZ1|CHK|95|1|38|5|2|5|7|2|0|0|1|1
RZ1|96|1|OP05-034|0|37|0|0|0|0|0|0|0
RZ1|CHK|96|1|38|5|2|5|7|2|0|0|1|1
[] Hand: [OP04-029,OP06-035,OP01-058,OP07-021,OP07-021]
[] Board: [EB01-015,ST02-007]
[] Trash: []
[] Life: 5
[] Hand: [OP01-016,OP05-038,OP13-040,OP01-016]
[] Trash: [OP15-032,OP13-037]
[] Board: [EB02-017]
[] Life: 4
[You] End Turn
[] Hand: [OP01-016,OP05-038,OP13-040,OP01-016]
[] Board: [EB02-017]
[] Trash: [OP15-032,OP13-037]
[] Life: 4
[] Hand: [OP04-029,OP06-035,OP01-058,OP07-021,OP07-021]
[] Trash: []
[] Board: [EB01-015,ST02-007]
[] Life: 5
RZ1|97|2|Don|9|9900|5|0|1|1|1|0|0
RZ1|CHK|97|2|39|4|1|4|8|2|2|0|1|0
[Opponent] Draw 1 Card
[] Drew card from deck: I Know You're Strong... So I'll Go All Out ["OP13-040">OP13-040]
RZ1|98|2|OP13-040|0|38|1|4|1|1|0|0|0
RZ1|CHK|98|2|38|5|1|4|8|2|2|0|1|0
RZ1|99|2|Don|4|7|5|2|1|1|0|0|0
RZ1|CHK|99|2|38|5|1|4|7|3|2|0|1|0
RZ1|100|2|Don|4|6|5|3|1|1|0|0|0
RZ1|CHK|100|2|38|5|1|4|6|4|2|0|1|0
[Opponent] Draw 2 Don
[Opponent] Monkey D. Luffy ["OP13-001">OP13-001] attacking Jewelry Bonney ["OP07-019">OP07-019]
Monkey D. Luffy ["OP13-001">OP13-001][5000] vs Jewelry Bonney ["OP07-019">OP07-019][5000]
Jewelry Bonney ["OP07-019">OP07-019] hit for 1 damage
RZ1|101|1|OP06-035|3|4|1|5|1|1|0|0|0
RZ1|CHK|101|1|38|6|2|4|7|2|0|0|1|1
RZ1|102|2|Don|5|0|9|0|1|1|0|0|0
RZ1|CHK|102|2|38|5|1|4|6|3|2|0|1|1
RZ1|103|2|Don|5|0|9|1|1|1|0|0|0
RZ1|CHK|103|2|38|5|1|4|6|2|2|0|1|2
RZ1|104|2|Don|5|0|9|2|1|1|0|0|0
RZ1|CHK|104|2|38|5|1|4|6|1|2|0|1|3
[Opponent] Attach 3 Don to Nami ["EB02-017">EB02-017] (3 Total)
[Opponent] Nami ["EB02-017">EB02-017] attacking Jewelry Bonney ["OP07-019">OP07-019]
Nami ["EB02-017">EB02-017][5000] vs Jewelry Bonney ["OP07-019">OP07-019][5000]
Jewelry Bonney ["OP07-019">OP07-019] hit for 1 damage
RZ1|105|1|OP08-023|3|3|1|6|1|1|0|0|0
RZ1|CHK|105|1|38|7|2|3|7|2|0|0|1|1
RZ1|106|2|Don|5|0|5|0|1|1|1|0|0
RZ1|CHK|106|2|38|5|1|4|6|1|2|0|1|3
[Opponent] Deploy Nami ["OP01-016">OP01-016]
RZ1|107|2|OP01-016|1|0|2|1|1|1|0|0|0
RZ1|CHK|107|2|38|4|2|4|6|1|2|0|1|3
[Opponent] Nami ["OP01-016">OP01-016]: <b>Reveal and Draw Usopp ["OP14-022">OP14-022]</b>
RZ1|108|2|OP14-022|0|37|1|4|1|1|0|0|0
RZ1|CHK|108|2|37|5|2|4|6|1|2|0|1|3
RZ1|109|2|OP13-040|0|36|0|0|0|0|0|0|0
RZ1|CHK|109|2|37|5|2|4|6|1|2|0|1|3
RZ1|110|2|OP14-022|0|36|0|0|0|0|0|0|0
RZ1|CHK|110|2|37|5|2|4|6|1|2|0|1|3
RZ1|111|2|OP13-040|0|36|0|0|0|0|0|0|0
RZ1|CHK|111|2|37|5|2|4|6|1|2|0|1|3
RZ1|112|2|ST31-005|0|36|0|0|0|0|0|0|0
RZ1|CHK|112|2|37|5|2|4|6|1|2|0|1|3
[] Hand: [OP05-038,OP13-040,OP01-016,OP13-040,OP14-022]
[] Board: [EB02-017,OP01-016]
[] Trash: [OP15-032,OP13-037]
[] Life: 4
[] Hand: [OP04-029,OP06-035,OP01-058,OP07-021,OP07-021,OP06-035,OP08-023]
[] Trash: []
[] Board: [EB01-015,ST02-007]
[] Life: 3
[Opponent] End Turn
[] Hand: [OP04-029,OP06-035,OP01-058,OP07-021,OP07-021,OP06-035,OP08-023]
[] Board: [EB01-015,ST02-007]
[] Trash: []
[] Life: 3
[] Hand: [OP05-038,OP13-040,OP01-016,OP13-040,OP14-022]
[] Trash: [OP15-032,OP13-037]
[] Board: [EB02-017,OP01-016]
[] Life: 4
RZ1|113|1|Don|9|9900|5|0|1|1|1|0|0
RZ1|CHK|113|1|38|7|2|3|7|3|0|0|1|0
[You] Draw 1 Card
[] Drew card from deck: Donquixote Rosinante ["OP05-030">OP05-030]
RZ1|114|1|OP05-030|0|37|1|7|1|1|0|0|0
RZ1|CHK|114|1|37|8|2|3|7|3|0|0|1|0
RZ1|115|1|Don|4|6|5|3|1|1|0|0|0
RZ1|CHK|115|1|37|8|2|3|6|4|0|0|1|0
RZ1|116|1|Don|4|5|5|4|1|1|0|0|0
RZ1|CHK|116|1|37|8|2|3|5|5|0|0|1|0
[You] Draw 2 Don
RZ1|117|1|Don|5|0|5|0|1|1|1|0|0
RZ1|CHK|117|1|37|8|2|3|5|5|0|0|1|0
RZ1|118|1|Don|5|1|5|1|1|1|1|0|0
RZ1|CHK|118|1|37|8|2|3|5|5|0|0|1|0
RZ1|119|1|Don|5|2|5|2|1|1|1|0|0
RZ1|CHK|119|1|37|8|2|3|5|5|0|0|1|0
RZ1|120|1|Don|5|3|5|3|1|1|1|0|0
RZ1|CHK|120|1|37|8|2|3|5|5|0|0|1|0
RZ1|121|1|Don|5|4|5|4|1|1|1|0|0
RZ1|CHK|121|1|37|8|2|3|5|5|0|0|1|0
[You] Deploy Carrot ["OP08-023">OP08-023]
RZ1|122|1|OP08-023|1|6|2|2|1|1|0|0|0
RZ1|CHK|122|1|37|7|3|3|5|5|0|0|1|0
[You] Carrot ["OP08-023">OP08-023]: Nami ["EB02-017">EB02-017] will not Activate during next Refresh
[You] Jewelry Bonney ["OP07-019">OP07-019] attacking Nami ["EB02-017">EB02-017]
Jewelry Bonney ["OP07-019">OP07-019][5000] vs Nami ["EB02-017">EB02-017][2000]
[Opponent] Nami ["EB02-017">EB02-017] Destroyed
RZ1|123|2|Don|9|0|5|0|1|1|1|0|0
RZ1|CHK|123|2|37|5|2|4|6|2|2|0|1|2
RZ1|124|2|Don|9|0|5|0|1|1|1|0|0
RZ1|CHK|124|2|37|5|2|4|6|3|2|0|1|1
RZ1|125|2|Don|9|0|5|0|1|1|1|0|0
RZ1|CHK|125|2|37|5|2|4|6|4|2|0|1|0
RZ1|126|2|EB02-017|2|0|6|2|1|1|0|0|0
RZ1|CHK|126|2|37|5|1|4|6|4|3|0|1|0
[] Hand: [OP04-029,OP06-035,OP01-058,OP07-021,OP07-021,OP06-035,OP05-030]
[] Board: [EB01-015,ST02-007,OP08-023]
[] Trash: []
[] Life: 3
[] Hand: [OP05-038,OP13-040,OP01-016,OP13-040,OP14-022]
[] Trash: [OP15-032,OP13-037,EB02-017]
[] Board: [OP01-016]
[] Life: 4
[You] End Turn
[] Hand: [OP05-038,OP13-040,OP01-016,OP13-040,OP14-022]
[] Board: [OP01-016]
[] Trash: [OP15-032,OP13-037,EB02-017]
[] Life: 4
[] Hand: [OP04-029,OP06-035,OP01-058,OP07-021,OP07-021,OP06-035,OP05-030]
[] Trash: []
[] Board: [EB01-015,ST02-007,OP08-023]
[] Life: 3
[Opponent] Draw 1 Card
[] Drew card from deck: Sanji ["OP13-027">OP13-027]
RZ1|127|2|OP13-027|0|36|1|5|1|1|0|0|0
RZ1|CHK|127|2|36|6|1|4|6|4|3|0|1|0
RZ1|128|2|Don|4|5|5|4|1|1|0|0|0
RZ1|CHK|128|2|36|6|1|4|5|5|3|0|1|0
RZ1|129|2|Don|4|4|5|5|1|1|0|0|0
RZ1|CHK|129|2|36|6|1|4|4|6|3|0|1|0
[Opponent] Draw 2 Don
RZ1|130|2|Don|5|0|5|0|1|1|1|0|0
RZ1|CHK|130|2|36|6|1|4|4|6|3|0|1|0
RZ1|131|2|Don|5|1|5|1|1|1|1|0|0
RZ1|CHK|131|2|36|6|1|4|4|6|3|0|1|0
RZ1|132|2|Don|5|2|5|2|1|1|1|0|0
RZ1|CHK|132|2|36|6|1|4|4|6|3|0|1|0
RZ1|133|2|Don|5|3|5|3|1|1|1|0|0
RZ1|CHK|133|2|36|6|1|4|4|6|3|0|1|0
RZ1|134|2|Don|5|4|5|4|1|1|1|0|0
RZ1|CHK|134|2|36|6|1|4|4|6|3|0|1|0
[Opponent] Deploy Sanji ["OP13-027">OP13-027]
RZ1|135|2|OP13-027|1|5|2|1|1|1|0|0|0
RZ1|CHK|135|2|36|5|2|4|4|6|3|0|1|0
[Opponent] Sanji ["OP13-027">OP13-027]: Activate 1 Don
RZ1|136|2|Don|5|4|5|4|1|1|0|0|0
RZ1|CHK|136|2|36|5|2|4|4|6|3|0|1|0
[Opponent] Sanji ["OP13-027">OP13-027]: Activate 1 Don
RZ1|137|2|Don|5|3|5|3|1|1|0|0|0
RZ1|CHK|137|2|36|5|2|4|4|6|3|0|1|0
[Opponent] Monkey D. Luffy ["OP13-001">OP13-001] attacking Jewelry Bonney ["OP07-019">OP07-019]
[You] Discard Dellinger ["OP04-029">OP04-029] for Counter 1000
RZ1|138|1|OP04-029|1|0|6|0|1|1|0|0|0
RZ1|CHK|138|1|37|6|3|3|5|5|1|0|1|0
Monkey D. Luffy ["OP13-001">OP13-001][5000] vs Jewelry Bonney ["OP07-019">OP07-019][6000]
Attack Fails
RZ1|139|2|Don|5|3|9|0|1|1|0|0|0
RZ1|CHK|139|2|36|5|2|4|4|5|3|0|1|1
RZ1|140|2|Don|5|3|9|1|1|1|0|0|0
RZ1|CHK|140|2|36|5|2|4|4|4|3|0|1|2
RZ1|141|2|Don|5|3|9|2|1|1|0|0|0
RZ1|CHK|141|2|36|5|2|4|4|3|3|0|1|3
[Opponent] Attach 3 Don to Nami ["OP01-016">OP01-016] (3 Total)
[Opponent] Nami ["OP01-016">OP01-016] attacking Jewelry Bonney ["OP07-019">OP07-019]
[You] Discard Uroge ["OP07-021">OP07-021] for Counter 1000
RZ1|142|1|OP07-021|1|2|6|1|1|1|0|0|0
RZ1|CHK|142|1|37|5|3|3|5|5|2|0|1|0
Nami ["OP01-016">OP01-016][5000] vs Jewelry Bonney ["OP07-019">OP07-019][6000]
Attack Fails
[Opponent] Sanji ["OP13-027">OP13-027]: Activate 1 Don
RZ1|143|2|Don|5|2|5|2|1|1|0|0|0
RZ1|CHK|143|2|36|5|2|4|4|3|3|0|1|3
[] Hand: [OP05-038,OP13-040,OP01-016,OP13-040,OP14-022]
[] Board: [OP01-016,OP13-027]
[] Trash: [OP15-032,OP13-037,EB02-017]
[] Life: 4
[] Hand: [OP06-035,OP01-058,OP07-021,OP06-035,OP05-030]
[] Trash: [OP04-029,OP07-021]
[] Board: [EB01-015,ST02-007,OP08-023]
[] Life: 3
[Opponent] End Turn
[] Hand: [OP06-035,OP01-058,OP07-021,OP06-035,OP05-030]
[] Board: [EB01-015,ST02-007,OP08-023]
[] Trash: [OP04-029,OP07-021]
[] Life: 3
[] Hand: [OP05-038,OP13-040,OP01-016,OP13-040,OP14-022]
[] Trash: [OP15-032,OP13-037,EB02-017]
[] Board: [OP01-016,OP13-027]
[] Life: 4
[You] Draw 1 Card
[] Drew card from deck: Uroge ["OP07-021">OP07-021]
RZ1|144|1|OP07-021|0|36|1|5|1|1|0|0|0
RZ1|CHK|144|1|36|6|3|3|5|5|2|0|1|0
RZ1|145|1|Don|4|4|5|5|1|1|0|0|0
RZ1|CHK|145|1|36|6|3|3|4|6|2|0|1|0
RZ1|146|1|Don|4|3|5|6|1|1|0|0|0
RZ1|CHK|146|1|36|6|3|3|3|7|2|0|1|0
[You] Draw 2 Don
RZ1|147|1|Don|5|0|5|0|1|1|1|0|0
RZ1|CHK|147|1|36|6|3|3|3|7|2|0|1|0
RZ1|148|1|Don|5|1|5|1|1|1|1|0|0
RZ1|CHK|148|1|36|6|3|3|3|7|2|0|1|0
RZ1|149|1|Don|5|2|5|2|1|1|1|0|0
RZ1|CHK|149|1|36|6|3|3|3|7|2|0|1|0
RZ1|150|1|Don|5|3|5|3|1|1|1|0|0
RZ1|CHK|150|1|36|6|3|3|3|7|2|0|1|0
RZ1|151|1|Don|5|4|5|4|1|1|1|0|0
RZ1|CHK|151|1|36|6|3|3|3|7|2|0|1|0
RZ1|152|1|Don|5|5|5|5|1|1|1|0|0
RZ1|CHK|152|1|36|6|3|3|3|7|2|0|1|0
RZ1|153|1|Don|5|6|5|6|1|1|1|0|0
RZ1|CHK|153|1|36|6|3|3|3|7|2|0|1|0
[You] Deploy Hody Jones ["OP06-035">OP06-035]
RZ1|154|1|OP06-035|1|0|2|3|1|1|0|0|0
RZ1|CHK|154|1|36|5|4|3|3|7|2|0|1|0
[You] Hody Jones ["OP06-035">OP06-035]: Rest Sanji ["OP13-027">OP13-027]
[You] Hody Jones ["OP06-035">OP06-035]: Takes Top Life
RZ1|155|1|OP08-023|3|2|1|5|1|1|0|0|0
RZ1|CHK|155|1|36|6|4|2|3|7|2|0|1|0
[You] Carrot ["OP08-023">OP08-023] attacking Monkey D. Luffy ["OP13-001">OP13-001]
[You] Carrot ["OP08-023">OP08-023]: Sanji ["OP13-027">OP13-027] will not Activate during next Refresh
[Opponent] I Know You're Strong... So I'll Go All Out ["OP13-040">OP13-040]: Activate Counter
[Opponent] I Know You're Strong... So I'll Go All Out ["OP13-040">OP13-040]: Rest 1 Don
RZ1|156|2|Don|5|2|5|2|1|1|1|0|0
RZ1|CHK|156|2|36|5|2|4|4|3|3|0|1|3
RZ1|157|2|OP13-040|1|1|6|3|1|1|0|0|0
RZ1|CHK|157|2|36|4|2|4|4|3|4|0|1|3
[Opponent] I Know You're Strong... So I'll Go All Out ["OP13-040">OP13-040]: Buff Monkey D. Luffy ["OP13-001">OP13-001] 3000 for the Combat
Carrot ["OP08-023">OP08-023][6000] vs Monkey D. Luffy ["OP13-001">OP13-001][8000]
Attack Fails
[You] Hody Jones ["OP06-035">OP06-035] attacking Monkey D. Luffy ["OP13-001">OP13-001]
Hody Jones ["OP06-035">OP06-035][8000] vs Monkey D. Luffy ["OP13-001">OP13-001][5000]
Monkey D. Luffy ["OP13-001">OP13-001] hit for 1 damage
RZ1|158|2|EB02-017|3|3|1|4|1|1|0|0|0
RZ1|CHK|158|2|36|5|2|3|4|3|4|0|1|3
[You] Jewelry Bonney ["OP07-019">OP07-019] attacking Monkey D. Luffy ["OP13-001">OP13-001]
[Opponent] Discard Usopp ["OP14-022">OP14-022] for Counter 1000
RZ1|159|2|OP14-022|1|3|6|4|1|1|0|0|0
RZ1|CHK|159|2|36|4|2|3|4|3|5|0|1|3
Jewelry Bonney ["OP07-019">OP07-019][5000] vs Monkey D. Luffy ["OP13-001">OP13-001][6000]
Attack Fails
[] Hand: [OP01-058,OP07-021,OP06-035,OP05-030,OP07-021,OP08-023]
[] Board: [EB01-015,ST02-007,OP08-023,OP06-035]
[] Trash: [OP04-029,OP07-021]
[] Life: 2
[] Hand: [OP05-038,OP01-016,OP13-040,EB02-017]
[] Trash: [OP15-032,OP13-037,EB02-017,OP13-040,OP14-022]
[] Board: [OP01-016,OP13-027]
[] Life: 3
[You] End Turn
[] Hand: [OP05-038,OP01-016,OP13-040,EB02-017]
[] Board: [OP01-016,OP13-027]
[] Trash: [OP15-032,OP13-037,EB02-017,OP13-040,OP14-022]
[] Life: 3
[] Hand: [OP01-058,OP07-021,OP06-035,OP05-030,OP07-021,OP08-023]
[] Trash: [OP04-029,OP07-021]
[] Board: [EB01-015,ST02-007,OP08-023,OP06-035]
[] Life: 2
RZ1|160|2|Don|9|0|5|0|1|1|1|0|0
RZ1|CHK|160|2|36|4|2|3|4|4|5|0|1|2
RZ1|161|2|Don|9|0|5|0|1|1|1|0|0
RZ1|CHK|161|2|36|4|2|3|4|5|5|0|1|1
RZ1|162|2|Don|9|0|5|0|1|1|1|0|0
RZ1|CHK|162|2|36|4|2|3|4|6|5|0|1|0
[Opponent] Draw 1 Card
[] Drew card from deck: Laboon ["OP15-035">OP15-035]
RZ1|163|2|OP15-035|0|35|1|4|1|1|0|0|0
RZ1|CHK|163|2|35|5|2|3|4|6|5|0|1|0
RZ1|164|2|Don|4|3|5|6|1|1|0|0|0
RZ1|CHK|164|2|35|5|2|3|3|7|5|0|1|0
RZ1|165|2|Don|4|2|5|7|1|1|0|0|0
RZ1|CHK|165|2|35|5|2|3|2|8|5|0|1|0
[Opponent] Draw 2 Don
RZ1|166|2|Don|5|0|5|0|1|1|1|0|0
RZ1|CHK|166|2|35|5|2|3|2|8|5|0|1|0
[Opponent] Deploy Nami ["EB02-017">EB02-017]
RZ1|167|2|EB02-017|1|3|2|2|1|1|0|0|0
RZ1|CHK|167|2|35|4|3|3|2|8|5|0|1|0
RZ1|168|2|OP13-118|0|34|1|4|1|1|0|0|0
RZ1|CHK|168|2|34|5|3|3|2|8|5|0|1|0
[Opponent] Nami ["EB02-017">EB02-017]: <b>Reveal and Draw Monkey D. Luffy ["OP13-118">OP13-118]</b>
[Opponent] Placing Cards on Bottom of Deck
RZ1|169|2|EB04-007|0|33|0|0|0|0|0|0|0
RZ1|CHK|169|2|34|5|3|3|2|8|5|0|1|0
RZ1|170|2|OP14-022|0|33|0|0|0|0|0|0|0
RZ1|CHK|170|2|34|5|3|3|2|8|5|0|1|0
RZ1|171|2|OP13-118|0|33|0|0|0|0|0|0|0
RZ1|CHK|171|2|34|5|3|3|2|8|5|0|1|0
RZ1|172|2|OP14-031|0|33|0|0|0|0|0|0|0
RZ1|CHK|172|2|34|5|3|3|2|8|5|0|1|0
RZ1|173|2|Don|5|1|5|1|1|1|1|0|0
RZ1|CHK|173|2|34|5|3|3|2|8|5|0|1|0
RZ1|174|2|Don|5|2|5|2|1|1|1|0|0
RZ1|CHK|174|2|34|5|3|3|2|8|5|0|1|0
RZ1|175|2|Don|5|3|5|3|1|1|1|0|0
RZ1|CHK|175|2|34|5|3|3|2|8|5|0|1|0
RZ1|176|2|Don|5|4|5|4|1|1|1|0|0
RZ1|CHK|176|2|34|5|3|3|2|8|5|0|1|0
RZ1|177|2|Don|5|5|5|5|1|1|1|0|0
RZ1|CHK|177|2|34|5|3|3|2|8|5|0|1|0
RZ1|178|2|Don|5|6|5|6|1|1|1|0|0
RZ1|CHK|178|2|34|5|3|3|2|8|5|0|1|0
[Opponent] Deploy Monkey D. Luffy ["OP13-118">OP13-118]
RZ1|179|2|OP13-118|1|4|2|3|1|1|0|0|0
RZ1|CHK|179|2|34|4|4|3|2|8|5|0|1|0
[Opponent] Monkey D. Luffy ["OP13-118">OP13-118]: Activate 1 Don
RZ1|180|2|Don|5|6|5|6|1|1|0|0|0
RZ1|CHK|180|2|34|4|4|3|2|8|5|0|1|0
[Opponent] Monkey D. Luffy ["OP13-118">OP13-118]: Activate 1 Don
RZ1|181|2|Don|5|5|5|5|1|1|0|0|0
RZ1|CHK|181|2|34|4|4|3|2|8|5|0|1|0
[Opponent] Monkey D. Luffy ["OP13-118">OP13-118]: Activate 1 Don
RZ1|182|2|Don|5|4|5|4|1|1|0|0|0
RZ1|CHK|182|2|34|4|4|3|2|8|5|0|1|0
[Opponent] Monkey D. Luffy ["OP13-118">OP13-118]: Activate 1 Don
RZ1|183|2|Don|5|3|5|3|1|1|0|0|0
RZ1|CHK|183|2|34|4|4|3|2|8|5|0|1|0
[Opponent] Monkey D. Luffy ["OP13-118">OP13-118]: Can't play Cost 5 Or More Characters for the Turn!
[Opponent] I Know You're Strong... So I'll Go All Out ["OP13-040">OP13-040]: Rest 1 Don
RZ1|184|2|Don|5|3|5|3|1|1|1|0|0
RZ1|CHK|184|2|34|4|4|3|2|8|5|0|1|0
RZ1|185|2|OP13-040|1|2|6|5|1|1|0|0|0
RZ1|CHK|185|2|34|3|4|3|2|8|6|0|1|0
[Opponent] Monkey D. Luffy ["OP13-001">OP13-001] attacking Jewelry Bonney ["OP07-019">OP07-019]
[You] Discard Uroge ["OP07-021">OP07-021] for Counter 1000
RZ1|186|1|OP07-021|1|1|6|2|1|1|0|0|0
RZ1|CHK|186|1|36|5|4|2|3|7|3|0|1|0
Monkey D. Luffy ["OP13-001">OP13-001][5000] vs Jewelry Bonney ["OP07-019">OP07-019][6000]
Attack Fails
RZ1|187|2|Don|5|4|9|0|1|1|0|0|0
RZ1|CHK|187|2|34|3|4|3|2|7|6|0|1|1
RZ1|188|2|Don|5|4|9|1|1|1|0|0|0
RZ1|CHK|188|2|34|3|4|3|2|6|6|0|1|2
RZ1|189|2|Don|5|4|9|2|1|1|0|0|0
RZ1|CHK|189|2|34|3|4|3|2|5|6|0|1|3
[Opponent] Attach 3 Don to Nami ["OP01-016">OP01-016] (3 Total)
[Opponent] Nami ["OP01-016">OP01-016] attacking Jewelry Bonney ["OP07-019">OP07-019]
[You] Discard Donquixote Rosinante ["OP05-030">OP05-030] for Counter 1000
RZ1|190|1|OP05-030|1|2|6|3|1|1|0|0|0
RZ1|CHK|190|1|36|4|4|2|3|7|4|0|1|0
Nami ["OP01-016">OP01-016][5000] vs Jewelry Bonney ["OP07-019">OP07-019][6000]
Attack Fails
RZ1|191|2|Don|5|4|9|9900|1|1|0|0|0
RZ1|CHK|191|2|34|3|4|3|2|4|6|0|1|4
[Opponent] Attach 1 Don to Monkey D. Luffy ["OP13-001">OP13-001] (1 Total)
[Opponent] Sanji ["OP13-027">OP13-027]: Activate 1 Don
RZ1|192|2|Don|5|3|5|3|1|1|0|0|0
RZ1|CHK|192|2|34|3|4|3|2|4|6|0|1|4
[] Hand: [OP05-038,OP01-016,OP15-035]
[] Board: [OP01-016,OP13-027,EB02-017,OP13-118]
[] Trash: [OP15-032,OP13-037,EB02-017,OP13-040,OP14-022,OP13-040]
[] Life: 3
[] Hand: [OP01-058,OP06-035,OP07-021,OP08-023]
[] Trash: [OP04-029,OP07-021,OP07-021,OP05-030]
[] Board: [EB01-015,ST02-007,OP08-023,OP06-035]
[] Life: 2
[Opponent] End Turn
[] Hand: [OP01-058,OP06-035,OP07-021,OP08-023]
[] Board: [EB01-015,ST02-007,OP08-023,OP06-035]
[] Trash: [OP04-029,OP07-021,OP07-021,OP05-030]
[] Life: 2
[] Hand: [OP05-038,OP01-016,OP15-035]
[] Trash: [OP15-032,OP13-037,EB02-017,OP13-040,OP14-022,OP13-040]
[] Board: [OP01-016,OP13-027,EB02-017,OP13-118]
[] Life: 3
[You] Draw 1 Card
[] Drew card from deck: Izou ["OP01-033">OP01-033]
RZ1|193|1|OP01-033|0|35|1|4|1|1|0|0|0
RZ1|CHK|193|1|35|5|4|2|3|7|4|0|1|0
RZ1|194|1|Don|4|2|5|7|1|1|0|0|0
RZ1|CHK|194|1|35|5|4|2|2|8|4|0|1|0
RZ1|195|1|Don|4|1|5|8|1|1|0|0|0
RZ1|CHK|195|1|35|5|4|2|1|9|4|0|1|0
[You] Draw 2 Don
RZ1|196|1|Don|5|0|5|0|1|1|1|0|0
RZ1|CHK|196|1|35|5|4|2|1|9|4|0|1|0
RZ1|197|1|Don|5|1|5|1|1|1|1|0|0
RZ1|CHK|197|1|35|5|4|2|1|9|4|0|1|0
RZ1|198|1|Don|5|2|5|2|1|1|1|0|0
RZ1|CHK|198|1|35|5|4|2|1|9|4|0|1|0
RZ1|199|1|Don|5|3|5|3|1|1|1|0|0
RZ1|CHK|199|1|35|5|4|2|1|9|4|0|1|0
RZ1|200|1|Don|5|4|5|4|1|1|1|0|0
RZ1|CHK|200|1|35|5|4|2|1|9|4|0|1|0
RZ1|201|1|Don|5|5|5|5|1|1|1|0|0
RZ1|CHK|201|1|35|5|4|2|1|9|4|0|1|0
RZ1|202|1|Don|5|6|5|6|1|1|1|0|0
RZ1|CHK|202|1|35|5|4|2|1|9|4|0|1|0
[You] Deploy Hody Jones ["OP06-035">OP06-035]
RZ1|203|1|OP06-035|1|1|2|4|1|1|0|0|0
RZ1|CHK|203|1|35|4|5|2|1|9|4|0|1|0
[You] Hody Jones ["OP06-035">OP06-035]: Rest Monkey D. Luffy ["OP13-118">OP13-118]
[You] Hody Jones ["OP06-035">OP06-035]: Takes Top Life
RZ1|204|1|OP08-023|3|1|1|4|1|1|0|0|0
RZ1|CHK|204|1|35|5|5|1|1|9|4|0|1|0
RZ1|205|1|Don|5|7|9|200|1|1|0|0|0
RZ1|CHK|205|1|35|5|5|1|1|8|4|0|1|1
RZ1|206|1|Don|5|7|9|201|1|1|0|0|0
RZ1|CHK|206|1|35|5|5|1|1|7|4|0|1|2
[You] Attach 2 Don to Carrot ["OP08-023">OP08-023] (2 Total)
[You] Hody Jones ["OP06-035">OP06-035] attacking Monkey D. Luffy ["OP13-118">OP13-118]
[Opponent] Discard Nami ["OP01-016">OP01-016] for Counter 1000
RZ1|207|2|OP01-016|1|1|6|6|1|1|0|0|0
RZ1|CHK|207|2|34|2|4|3|2|4|7|0|1|4
Hody Jones ["OP06-035">OP06-035][8000] vs Monkey D. Luffy ["OP13-118">OP13-118][8000]
[Opponent] Monkey D. Luffy ["OP13-118">OP13-118] Destroyed
RZ1|208|2|OP13-118|2|3|6|7|1|1|0|0|0
RZ1|CHK|208|2|34|2|3|3|2|4|8|0|1|4
[You] Carrot ["OP08-023">OP08-023] attacking Monkey D. Luffy ["OP13-001">OP13-001]
[You] Carrot ["OP08-023">OP08-023]: Sanji ["OP13-027">OP13-027] will not Activate during next Refresh
Carrot ["OP08-023">OP08-023][8000] vs Monkey D. Luffy ["OP13-001">OP13-001][5000]
Monkey D. Luffy ["OP13-001">OP13-001] hit for 1 damage
RZ1|209|2|OP15-035|3|2|1|2|1|1|0|0|0
RZ1|CHK|209|2|34|3|3|2|2|4|8|0|1|4
[You] Hody Jones ["OP06-035">OP06-035] attacking Monkey D. Luffy ["OP13-001">OP13-001]
[Opponent] Discard Laboon ["OP15-035">OP15-035] for Counter 2000
RZ1|210|2|OP15-035|1|1|6|8|1|1|0|0|0
RZ1|CHK|210|2|34|2|3|2|2|4|9|0|1|4
[Opponent] Discard Laboon ["OP15-035">OP15-035] for Counter 2000
RZ1|211|2|OP15-035|1|1|6|9|1|1|0|0|0
RZ1|CHK|211|2|34|1|3|2|2|4|10|0|1|4
Hody Jones ["OP06-035">OP06-035][8000] vs Monkey D. Luffy ["OP13-001">OP13-001][9000]
Attack Fails
[You] Jewelry Bonney ["OP07-019">OP07-019] attacking Monkey D. Luffy ["OP13-001">OP13-001]
Jewelry Bonney ["OP07-019">OP07-019][5000] vs Monkey D. Luffy ["OP13-001">OP13-001][5000]
Monkey D. Luffy ["OP13-001">OP13-001] hit for 1 damage
RZ1|212|2|OP14-031|3|1|1|1|1|1|0|0|0
RZ1|CHK|212|2|34|2|3|1|2|4|10|0|1|4
[] Hand: [OP01-058,OP07-021,OP08-023,OP01-033,OP08-023]
[] Board: [EB01-015,ST02-007,OP08-023,OP06-035,OP06-035]
[] Trash: [OP04-029,OP07-021,OP07-021,OP05-030]
[] Life: 1
[] Hand: [OP05-038,OP14-031]
[] Trash: [OP15-032,OP13-037,EB02-017,OP13-040,OP14-022,OP13-040,OP01-016,OP13-118,OP15-035,OP15-035]
[] Board: [OP01-016,OP13-027,EB02-017]
[] Life: 1
[You] End Turn
[] Hand: [OP05-038,OP14-031]
[] Board: [OP01-016,OP13-027,EB02-017]
[] Trash: [OP15-032,OP13-037,EB02-017,OP13-040,OP14-022,OP13-040,OP01-016,OP13-118,OP15-035,OP15-035]
[] Life: 1
[] Hand: [OP01-058,OP07-021,OP08-023,OP01-033,OP08-023]
[] Trash: [OP04-029,OP07-021,OP07-021,OP05-030]
[] Board: [EB01-015,ST02-007,OP08-023,OP06-035,OP06-035]
[] Life: 1
RZ1|213|2|Don|9|9900|5|0|1|1|1|0|0
RZ1|CHK|213|2|34|2|3|1|2|5|10|0|1|3
RZ1|214|2|Don|9|0|5|0|1|1|1|0|0
RZ1|CHK|214|2|34|2|3|1|2|6|10|0|1|2
RZ1|215|2|Don|9|0|5|0|1|1|1|0|0
RZ1|CHK|215|2|34|2|3|1|2|7|10|0|1|1
RZ1|216|2|Don|9|0|5|0|1|1|1|0|0
RZ1|CHK|216|2|34|2|3|1|2|8|10|0|1|0
[Opponent] Draw 1 Card
[] Drew card from deck: Roronoa Zoro ["OP13-037">OP13-037]
RZ1|217|2|OP13-037|0|33|1|2|1|1|0|0|0
RZ1|CHK|217|2|33|3|3|1|2|8|10|0|1|0
RZ1|218|2|Don|4|1|5|8|1|1|0|0|0
RZ1|CHK|218|2|33|3|3|1|1|9|10|0|1|0
RZ1|219|2|Don|4|0|5|9|1|1|0|0|0
RZ1|CHK|219|2|33|3|3|1|0|10|10|0|1|0
[Opponent] Draw 2 Don
RZ1|220|2|Don|5|0|9|9900|1|1|0|0|0
RZ1|CHK|220|2|33|3|3|1|0|9|10|0|1|1
[Opponent] Attach 1 Don to Monkey D. Luffy ["OP13-001">OP13-001] (1 Total)
RZ1|221|2|Don|5|0|9|9901|1|1|0|0|0
RZ1|CHK|221|2|33|3|3|1|0|8|10|0|1|2
RZ1|222|2|Don|5|0|9|9902|1|1|0|0|0
RZ1|CHK|222|2|33|3|3|1|0|7|10|0|1|3
[Opponent] Attach 2 Don to Monkey D. Luffy ["OP13-001">OP13-001] (3 Total)
[Opponent] Monkey D. Luffy ["OP13-001">OP13-001] attacking Hody Jones ["OP06-035">OP06-035]
[You] Discard Izou ["OP01-033">OP01-033] for Counter 2000
RZ1|223|1|OP01-033|1|3|6|4|1|1|0|0|0
RZ1|CHK|223|1|35|4|5|1|1|7|5|0|1|2
Monkey D. Luffy ["OP13-001">OP13-001][8000] vs Hody Jones ["OP06-035">OP06-035][10000]
Attack Fails
RZ1|224|2|Don|5|0|9|200|1|1|0|0|0
RZ1|CHK|224|2|33|3|3|1|0|6|10|0|1|4
RZ1|225|2|Don|5|0|9|201|1|1|0|0|0
RZ1|CHK|225|2|33|3|3|1|0|5|10|0|1|5
RZ1|226|2|Don|5|0|9|202|1|1|0|0|0
RZ1|CHK|226|2|33|3|3|1|0|4|10|0|1|6
[Opponent] Attach 3 Don to Nami ["EB02-017">EB02-017] (3 Total)
[Opponent] Nami ["EB02-017">EB02-017] attacking Jewelry Bonney ["OP07-019">OP07-019]
[You] Discard Uroge ["OP07-021">OP07-021] for Counter 1000
RZ1|227|1|OP07-021|1|1|6|5|1|1|0|0|0
RZ1|CHK|227|1|35|3|5|1|1|7|6|0|1|2
Nami ["EB02-017">EB02-017][5000] vs Jewelry Bonney ["OP07-019">OP07-019][6000]
Attack Fails
RZ1|228|2|Don|5|0|5|0|1|1|1|0|0
RZ1|CHK|228|2|33|3|3|1|0|4|10|0|1|6
RZ1|229|2|Don|5|1|5|1|1|1|1|0|0
RZ1|CHK|229|2|33|3|3|1|0|4|10|0|1|6
RZ1|230|2|Don|5|2|5|2|1|1|1|0|0
RZ1|CHK|230|2|33|3|3|1|0|4|10|0|1|6
RZ1|231|2|Don|5|3|5|3|1|1|1|0|0
RZ1|CHK|231|2|33|3|3|1|0|4|10|0|1|6
[Opponent] Deploy Nami ["OP14-031">OP14-031]
RZ1|232|2|OP14-031|1|1|2|3|1|1|0|0|0
RZ1|CHK|232|2|33|2|4|1|0|4|10|0|1|6
[Opponent] Sanji ["OP13-027">OP13-027]: Activate 1 Don
RZ1|233|2|Don|5|3|5|3|1|1|0|0|0
RZ1|CHK|233|2|33|2|4|1|0|4|10|0|1|6
[] Hand: [OP05-038,OP13-037]
[] Board: [OP01-016,OP13-027,EB02-017,OP14-031]
[] Trash: [OP15-032,OP13-037,EB02-017,OP13-040,OP14-022,OP13-040,OP01-016,OP13-118,OP15-035,OP15-035]
[] Life: 1
[] Hand: [OP01-058,OP08-023,OP08-023]
[] Trash: [OP04-029,OP07-021,OP07-021,OP05-030,OP01-033,OP07-021]
[] Board: [EB01-015,ST02-007,OP08-023,OP06-035,OP06-035]
[] Life: 1
[Opponent] End Turn
[] Hand: [OP01-058,OP08-023,OP08-023]
[] Board: [EB01-015,ST02-007,OP08-023,OP06-035,OP06-035]
[] Trash: [OP04-029,OP07-021,OP07-021,OP05-030,OP01-033,OP07-021]
[] Life: 1
[] Hand: [OP05-038,OP13-037]
[] Trash: [OP15-032,OP13-037,EB02-017,OP13-040,OP14-022,OP13-040,OP01-016,OP13-118,OP15-035,OP15-035]
[] Board: [OP01-016,OP13-027,EB02-017,OP14-031]
[] Life: 1
RZ1|234|1|Don|9|200|5|0|1|1|1|0|0
RZ1|CHK|234|1|35|3|5|1|1|8|6|0|1|1
RZ1|235|1|Don|9|200|5|0|1|1|1|0|0
RZ1|CHK|235|1|35|3|5|1|1|9|6|0|1|0
[You] Draw 1 Card
[] Drew card from deck: Shanks ["ST16-004">ST16-004]
RZ1|236|1|ST16-004|0|34|1|3|1|1|0|0|0
RZ1|CHK|236|1|34|4|5|1|1|9|6|0|1|0
RZ1|237|1|Don|4|0|5|9|1|1|0|0|0
RZ1|CHK|237|1|34|4|5|1|0|10|6|0|1|0
[You] Draw 2 Don
RZ1|238|1|Don|5|0|5|0|1|1|1|0|0
RZ1|CHK|238|1|34|4|5|1|0|10|6|0|1|0
RZ1|239|1|Don|5|1|5|1|1|1|1|0|0
RZ1|CHK|239|1|34|4|5|1|0|10|6|0|1|0
RZ1|240|1|Don|5|2|5|2|1|1|1|0|0
RZ1|CHK|240|1|34|4|5|1|0|10|6|0|1|0
RZ1|241|1|Don|5|3|5|3|1|1|1|0|0
RZ1|CHK|241|1|34|4|5|1|0|10|6|0|1|0
RZ1|242|1|Don|5|4|5|4|1|1|1|0|0
RZ1|CHK|242|1|34|4|5|1|0|10|6|0|1|0
RZ1|243|1|Don|5|5|5|5|1|1|1|0|0
RZ1|CHK|243|1|34|4|5|1|0|10|6|0|1|0
RZ1|244|1|Don|5|6|5|6|1|1|1|0|0
RZ1|CHK|244|1|34|4|5|1|0|10|6|0|1|0
RZ1|245|1|Don|5|7|5|7|1|1|1|0|0
RZ1|CHK|245|1|34|4|5|1|0|10|6|0|1|0
RZ1|246|1|Don|5|8|5|8|1|1|1|0|0
RZ1|CHK|246|1|34|4|5|1|0|10|6|0|1|0
[You] Trash Scratchmen Apoo ["EB01-015">EB01-015]
[You] Deploy Shanks ["ST16-004">ST16-004]
RZ1|247|1|EB01-015|2|0|6|6|1|1|0|0|0
RZ1|CHK|247|1|34|4|4|1|0|10|7|0|1|0
RZ1|248|1|ST16-004|1|3|2|4|1|1|0|0|0
RZ1|CHK|248|1|34|3|5|1|0|10|7|0|1|0
[You] Shanks ["ST16-004">ST16-004]: Destroy Sanji ["OP13-027">OP13-027]
RZ1|249|2|OP13-027|2|1|6|10|1|1|0|0|0
RZ1|CHK|249|2|33|2|3|1|0|4|11|0|1|6
RZ1|250|1|Don|5|9|9|9900|1|1|0|0|0
RZ1|CHK|250|1|34|3|5|1|0|9|7|0|1|1
[You] Attach 1 Don to Jewelry Bonney ["OP07-019">OP07-019] (1 Total)
[You] Jewelry Bonney ["OP07-019">OP07-019] attacking Monkey D. Luffy ["OP13-001">OP13-001]
Jewelry Bonney ["OP07-019">OP07-019][6000] vs Monkey D. Luffy ["OP13-001">OP13-001][5000]
Monkey D. Luffy ["OP13-001">OP13-001] hit for 1 damage
RZ1|251|2|OP01-016|3|0|1|2|1|1|0|0|0
RZ1|CHK|251|2|33|3|3|0|0|4|11|0|1|6
[You] Hody Jones ["OP06-035">OP06-035] attacking Monkey D. Luffy ["OP13-001">OP13-001]
[Opponent] Nami ["OP14-031">OP14-031] Blocks
Hody Jones ["OP06-035">OP06-035][8000] vs Nami ["OP14-031">OP14-031][2000]
[Opponent] Nami ["OP14-031">OP14-031] Destroyed
RZ1|252|2|OP14-031|2|2|6|11|1|1|0|0|0
RZ1|CHK|252|2|33|3|2|0|0|4|12|0|1|6
[You] Hody Jones ["OP06-035">OP06-035] attacking Monkey D. Luffy ["OP13-001">OP13-001]
Hody Jones ["OP06-035">OP06-035][8000] vs Monkey D. Luffy ["OP13-001">OP13-001][5000]
Monkey D. Luffy ["OP13-001">OP13-001] hit for 1 damage
[Opponent] <b>Downloaded the Combat Log!</b>
GameOver
