Version is 1.43a.1
[You] Leader is Jewelry Bonney ["OP07-019">OP07-019]
RZ1|HDR|1.43a|2|RZ1
RZ1|PLY|1||OP07-019
RZ1|PLY|2||
[Opponent] Leader is Monkey D. Luffy ["OP13-001">OP13-001]
RZ1|1|2|EB02-017|0|15|0|0|0|0|0|0|0
RZ1|CHK|1|2|50|0|0|0|10|0|0|0|1|0
RZ1|2|2|OP15-035|0|17|0|1|0|0|0|0|0
RZ1|CHK|2|2|50|0|0|0|10|0|0|0|1|0
RZ1|3|2|OP15-035|0|19|0|2|0|0|0|0|0
RZ1|CHK|3|2|50|0|0|0|10|0|0|0|1|0
RZ1|4|2|OP16-004|0|14|0|3|0|0|0|0|0
RZ1|CHK|4|2|50|0|0|0|10|0|0|0|1|0
RZ1|5|2|OP13-040|0|38|0|4|0|0|0|0|0
RZ1|CHK|5|2|50|0|0|0|10|0|0|0|1|0
RZ1|6|2|OP13-118|0|36|0|5|0|0|0|0|0
RZ1|CHK|6|2|50|0|0|0|10|0|0|0|1|0
RZ1|7|2|OP14-031|0|29|0|6|0|0|0|0|0
RZ1|CHK|7|2|50|0|0|0|10|0|0|0|1|0
RZ1|8|2|OP13-037|0|23|0|7|0|0|0|0|0
RZ1|CHK|8|2|50|0|0|0|10|0|0|0|1|0
RZ1|9|2|OP13-037|0|25|0|8|0|0|0|0|0
RZ1|CHK|9|2|50|0|0|0|10|0|0|0|1|0
RZ1|10|2|OP13-118|0|36|0|9|0|0|0|0|0
RZ1|CHK|10|2|50|0|0|0|10|0|0|0|1|0
RZ1|11|2|OP15-032|0|38|0|11|0|0|0|0|0
RZ1|CHK|11|2|50|0|0|0|10|0|0|0|1|0
RZ1|12|2|ST31-005|0|48|0|12|0|0|0|0|0
RZ1|CHK|12|2|50|0|0|0|10|0|0|0|1|0
RZ1|13|2|OP13-027|0|38|0|13|0|0|0|0|0
RZ1|CHK|13|2|50|0|0|0|10|0|0|0|1|0
RZ1|14|2|OP13-118|0|39|0|14|0|0|0|0|0
RZ1|CHK|14|2|50|0|0|0|10|0|0|0|1|0
RZ1|15|2|OP16-004|0|25|0|15|0|0|0|0|0
RZ1|CHK|15|2|50|0|0|0|10|0|0|0|1|0
RZ1|16|2|EB02-017|0|27|0|16|0|0|0|0|0
RZ1|CHK|16|2|50|0|0|0|10|0|0|0|1|0
RZ1|17|2|OP14-022|0|32|0|17|0|0|0|0|0
RZ1|CHK|17|2|50|0|0|0|10|0|0|0|1|0
RZ1|18|2|OP13-040|0|40|0|18|0|0|0|0|0
RZ1|CHK|18|2|50|0|0|0|10|0|0|0|1|0
RZ1|19|2|ST31-005|0|49|0|19|0|0|0|0|0
RZ1|CHK|19|2|50|0|0|0|10|0|0|0|1|0
RZ1|20|2|OP13-040|0|42|0|20|0|0|0|0|0
RZ1|CHK|20|2|50|0|0|0|10|0|0|0|1|0
RZ1|21|2|OP13-040|0|43|0|21|0|0|0|0|0
RZ1|CHK|21|2|50|0|0|0|10|0|0|0|1|0
RZ1|22|2|ST31-005|0|48|0|22|0|0|0|0|0
RZ1|CHK|22|2|50|0|0|0|10|0|0|0|1|0
RZ1|23|2|EB02-017|0|33|0|23|0|0|0|0|0
RZ1|CHK|23|2|50|0|0|0|10|0|0|0|1|0
RZ1|24|2|EB04-007|0|29|0|24|0|0|0|0|0
RZ1|CHK|24|2|50|0|0|0|10|0|0|0|1|0
RZ1|25|2|OP14-022|0|38|0|25|0|0|0|0|0
RZ1|CHK|25|2|50|0|0|0|10|0|0|0|1|0
RZ1|26|2|OP13-027|0|44|0|26|0|0|0|0|0
RZ1|CHK|26|2|50|0|0|0|10|0|0|0|1|0
RZ1|27|2|OP13-027|0|43|0|27|0|0|0|0|0
RZ1|CHK|27|2|50|0|0|0|10|0|0|0|1|0
RZ1|28|2|OP01-016|0|29|0|28|0|0|0|0|0
RZ1|CHK|28|2|50|0|0|0|10|0|0|0|1|0
RZ1|29|2|OP01-016|0|30|0|29|0|0|0|0|0
RZ1|CHK|29|2|50|0|0|0|10|0|0|0|1|0
RZ1|30|2|OP13-037|0|39|0|30|0|0|0|0|0
RZ1|CHK|30|2|50|0|0|0|10|0|0|0|1|0
RZ1|31|2|OP14-031|0|42|0|32|0|0|0|0|0
RZ1|CHK|31|2|50|0|0|0|10|0|0|0|1|0
RZ1|32|2|EB02-017|0|39|0|33|0|0|0|0|0
RZ1|CHK|32|2|50|0|0|0|10|0|0|0|1|0
RZ1|33|2|OP10-011|0|35|0|34|0|0|0|0|0
RZ1|CHK|33|2|50|0|0|0|10|0|0|0|1|0
RZ1|34|2|OP05-038|0|48|0|35|0|0|0|0|0
RZ1|CHK|34|2|50|0|0|0|10|0|0|0|1|0
RZ1|35|2|OP16-004|0|40|0|36|0|0|0|0|0
RZ1|CHK|35|2|50|0|0|0|10|0|0|0|1|0
RZ1|36|2|EB04-007|0|39|0|37|0|0|0|0|0
RZ1|CHK|36|2|50|0|0|0|10|0|0|0|1|0
RZ1|37|2|OP14-022|0|42|0|38|0|0|0|0|0
RZ1|CHK|37|2|50|0|0|0|10|0|0|0|1|0
RZ1|38|2|OP13-027|0|45|0|39|0|0|0|0|0
RZ1|CHK|38|2|50|0|0|0|10|0|0|0|1|0
RZ1|39|2|EB04-007|0|41|0|40|0|0|0|0|0
RZ1|CHK|39|2|50|0|0|0|10|0|0|0|1|0
RZ1|40|2|OP05-038|0|48|0|41|0|0|0|0|0
RZ1|CHK|40|2|50|0|0|0|10|0|0|0|1|0
RZ1|41|2|ST31-005|0|49|0|42|0|0|0|0|0
RZ1|CHK|41|2|50|0|0|0|10|0|0|0|1|0
RZ1|42|2|OP05-038|0|49|0|43|0|0|0|0|0
RZ1|CHK|42|2|50|0|0|0|10|0|0|0|1|0
RZ1|43|2|OP05-038|0|49|0|44|0|0|0|0|0
RZ1|CHK|43|2|50|0|0|0|10|0|0|0|1|0
RZ1|44|2|OP14-031|0|49|0|45|0|0|0|0|0
RZ1|CHK|44|2|50|0|0|0|10|0|0|0|1|0
RZ1|45|2|OP14-022|0|49|0|46|0|0|0|0|0
RZ1|CHK|45|2|50|0|0|0|10|0|0|0|1|0
RZ1|46|2|EB04-007|0|48|0|47|0|0|0|0|0
RZ1|CHK|46|2|50|0|0|0|10|0|0|0|1|0
RZ1|47|2|OP15-035|0|49|0|48|0|0|0|0|0
RZ1|CHK|47|2|50|0|0|0|10|0|0|0|1|0
[] Drew card from deck: Whoever Wins This War Becomes Justice!! ["OP05-037">OP05-037]
RZ1|48|1|OP05-037|0|49|1|0|1|1|0|0|0
RZ1|CHK|48|1|49|1|0|0|10|0|0|0|1|0
[] Drew card from deck: Basil Hawkins ["OP07-029">OP07-029]
RZ1|49|1|OP07-029|0|48|1|1|1|1|0|0|0
RZ1|CHK|49|1|48|2|0|0|10|0|0|0|1|0
[] Drew card from deck: Scratchmen Apoo ["EB01-015">EB01-015]
RZ1|50|1|EB01-015|0|47|1|2|1|1|0|0|0
RZ1|CHK|50|1|47|3|0|0|10|0|0|0|1|0
[] Drew card from deck: Scratchmen Apoo ["EB01-015">EB01-015]
RZ1|51|1|EB01-015|0|46|1|3|1|1|0|0|0
RZ1|CHK|51|1|46|4|0|0|10|0|0|0|1|0
[] Drew card from deck: Eustass "Captain" Kid ["ST02-013">ST02-013]
RZ1|52|1|ST02-013|0|45|1|4|1|1|0|0|0
RZ1|CHK|52|1|45|5|0|0|10|0|0|0|1|0
[] Drew card from deck: Sanji ["ST21-003">ST21-003]
RZ1|53|2|ST21-003|0|49|1|0|1|1|0|0|0
RZ1|CHK|53|2|49|1|0|0|10|0|0|0|1|0
[] Drew card from deck: Laboon ["OP15-035">OP15-035]
RZ1|54|2|OP15-035|0|48|1|1|1|1|0|0|0
RZ1|CHK|54|2|48|2|0|0|10|0|0|0|1|0
[] Drew card from deck: Roronoa Zoro ["EB04-007">EB04-007]
RZ1|55|2|EB04-007|0|47|1|2|1|1|0|0|0
RZ1|CHK|55|2|47|3|0|0|10|0|0|0|1|0
[] Drew card from deck: Usopp ["OP14-022">OP14-022]
RZ1|56|2|OP14-022|0|46|1|3|1|1|0|0|0
RZ1|CHK|56|2|46|4|0|0|10|0|0|0|1|0
[] Drew card from deck: Nami ["OP14-031">OP14-031]
RZ1|57|2|OP14-031|0|45|1|4|1|1|0|0|0
RZ1|CHK|57|2|45|5|0|0|10|0|0|0|1|0
RZ1|58|1|OP01-058|0|44|3|0|1|0|0|0|0
RZ1|CHK|58|1|44|5|0|1|10|0|0|0|1|0
RZ1|59|1|OP05-030|0|43|3|1|1|0|0|0|0
RZ1|CHK|59|1|43|5|0|2|10|0|0|0|1|0
RZ1|60|1|OP07-021|0|42|3|2|1|0|0|0|0
RZ1|CHK|60|1|42|5|0|3|10|0|0|0|1|0
RZ1|61|1|OP06-035|0|41|3|3|1|0|0|0|0
RZ1|CHK|61|1|41|5|0|4|10|0|0|0|1|0
RZ1|62|1|OP05-034|0|40|3|4|1|0|0|0|0
RZ1|CHK|62|1|40|5|0|5|10|0|0|0|1|0
RZ1|63|2|OP05-038|0|44|3|0|0|1|0|0|0
RZ1|CHK|63|2|44|5|0|1|10|0|0|0|1|0
RZ1|64|2|OP05-038|0|43|3|1|0|1|0|0|0
RZ1|CHK|64|2|43|5|0|2|10|0|0|0|1|0
RZ1|65|2|ST31-005|0|42|3|2|0|1|0|0|0
RZ1|CHK|65|2|42|5|0|3|10|0|0|0|1|0
RZ1|66|2|OP05-038|0|41|3|3|0|1|0|0|0
RZ1|CHK|66|2|41|5|0|4|10|0|0|0|1|0
[] Hand: [OP05-037,OP07-029,EB01-015,EB01-015,ST02-013]
[] Board: []
[] Trash: []
[] Life: 5
[] Hand: [ST21-003,OP15-035,EB04-007,OP14-022,OP14-031]
[] Trash: []
[] Board: []
[] Life: 4
RZ1|67|1|Don|4|9|5|0|1|1|0|0|0
RZ1|CHK|67|1|40|5|0|5|9|1|0|0|1|0
[You] Draw 1 Don
RZ1|68|1|Don|5|0|5|0|1|1|1|0|0
RZ1|CHK|68|1|40|5|0|5|9|1|0|0|1|0
[You] Deploy Scratchmen Apoo ["EB01-015">EB01-015]
RZ1|69|1|EB01-015|1|2|2|0|1|1|0|0|0
RZ1|CHK|69|1|40|4|1|5|9|1|0|0|1|0
[] Hand: [OP05-037,OP07-029,EB01-015,ST02-013]
[] Board: [EB01-015]
[] Trash: []
[] Life: 5
[] Hand: [ST21-003,OP15-035,EB04-007,OP14-022,OP14-031]
[] Trash: []
[] Board: []
[] Life: 4
[You] End Turn
[] Hand: [ST21-003,OP15-035,EB04-007,OP14-022,OP14-031]
[] Board: []
[] Trash: []
[] Life: 4
[] Hand: [OP05-037,OP07-029,EB01-015,ST02-013]
[] Trash: []
[] Board: [EB01-015]
[] Life: 5
[Opponent] Draw 1 Card
[] Drew card from deck: Roronoa Zoro ["EB04-007">EB04-007]
RZ1|70|2|EB04-007|0|40|1|5|1|1|0|0|0
RZ1|CHK|70|2|40|6|0|4|10|0|0|0|1|0
RZ1|71|2|Don|4|9|5|0|1|1|0|0|0
RZ1|CHK|71|2|40|6|0|4|9|1|0|0|1|0
RZ1|72|2|Don|4|8|5|1|1|1|0|0|0
RZ1|CHK|72|2|40|6|0|4|8|2|0|0|1|0
[Opponent] Draw 2 Don
RZ1|73|2|Don|5|0|5|0|1|1|1|0|0
RZ1|CHK|73|2|40|6|0|4|8|2|0|0|1|0
RZ1|74|2|Don|5|1|5|1|1|1|1|0|0
RZ1|CHK|74|2|40|6|0|4|8|2|0|0|1|0
[Opponent] Deploy Sanji ["ST21-003">ST21-003]
RZ1|75|2|ST21-003|1|0|2|0|1|1|0|0|0
RZ1|CHK|75|2|40|5|1|4|8|2|0|0|1|0
[] Hand: [OP15-035,EB04-007,OP14-022,OP14-031,EB04-007]
[] Board: [ST21-003]
[] Trash: []
[] Life: 4
[] Hand: [OP05-037,OP07-029,EB01-015,ST02-013]
[] Trash: []
[] Board: [EB01-015]
[] Life: 5
[Opponent] End Turn
[] Hand: [OP05-037,OP07-029,EB01-015,ST02-013]
[] Board: [EB01-015]
[] Trash: []
[] Life: 5
[] Hand: [OP15-035,EB04-007,OP14-022,OP14-031,EB04-007]
[] Trash: []
[] Board: [ST21-003]
[] Life: 4
[You] Draw 1 Card
[] Drew card from deck: Dellinger ["OP04-029">OP04-029]
RZ1|76|1|OP04-029|0|39|1|4|1|1|0|0|0
RZ1|CHK|76|1|39|5|1|5|9|1|0|0|1|0
RZ1|77|1|Don|4|8|5|1|1|1|0|0|0
RZ1|CHK|77|1|39|5|1|5|8|2|0|0|1|0
RZ1|78|1|Don|4|7|5|2|1|1|0|0|0
RZ1|CHK|78|1|39|5|1|5|7|3|0|0|1|0
[You] Draw 2 Don
RZ1|79|1|Don|5|0|9|9900|1|1|0|0|0
RZ1|CHK|79|1|39|5|1|5|7|2|0|0|1|1
[You] Attach 1 Don to Jewelry Bonney ["OP07-019">OP07-019] (1 Total)
[You] Jewelry Bonney ["OP07-019">OP07-019] attacking Monkey D. Luffy ["OP13-001">OP13-001]
Jewelry Bonney ["OP07-019">OP07-019][6000] vs Monkey D. Luffy ["OP13-001">OP13-001][5000]
Monkey D. Luffy ["OP13-001">OP13-001] hit for 1 damage
RZ1|80|2|OP05-038|3|3|1|5|1|1|0|0|0
RZ1|CHK|80|2|40|6|1|3|8|2|0|0|1|0
[Opponent] Charlestone ["OP05-038">OP05-038]: Activate Trigger
RZ1|81|2|OP05-038|1|5|6|0|1|1|0|0|0
RZ1|CHK|81|2|40|5|1|3|8|2|1|0|1|0
[Opponent] Charlestone ["OP05-038">OP05-038]: Rest Scratchmen Apoo ["EB01-015">EB01-015]
RZ1|82|1|Don|5|0|5|0|1|1|1|0|0
RZ1|CHK|82|1|39|5|1|5|7|2|0|0|1|1
[You] Deploy Scratchmen Apoo ["EB01-015">EB01-015]
RZ1|83|1|EB01-015|1|2|2|1|1|1|0|0|0
RZ1|CHK|83|1|39|4|2|5|7|2|0|0|1|1
[You] Scratchmen Apoo ["EB01-015">EB01-015]: Rest Sanji ["ST21-003">ST21-003]
[] Hand: [OP05-037,OP07-029,ST02-013,OP04-029]
[] Board: [EB01-015,EB01-015]
[] Trash: []
[] Life: 5
[] Hand: [OP15-035,EB04-007,OP14-022,OP14-031,EB04-007]
[] Trash: [OP05-038]
[] Board: [ST21-003]
[] Life: 3
[You] End Turn
[] Hand: [OP15-035,EB04-007,OP14-022,OP14-031,EB04-007]
[] Board: [ST21-003]
[] Trash: [OP05-038]
[] Life: 3
[] Hand: [OP05-037,OP07-029,ST02-013,OP04-029]
[] Trash: []
[] Board: [EB01-015,EB01-015]
[] Life: 5
[Opponent] Draw 1 Card
[] Drew card from deck: Sanji ["OP13-027">OP13-027]
RZ1|84|2|OP13-027|0|39|1|5|1|1|0|0|0
RZ1|CHK|84|2|39|6|1|3|8|2|1|0|1|0
RZ1|85|2|Don|4|7|5|2|1|1|0|0|0
RZ1|CHK|85|2|39|6|1|3|7|3|1|0|1|0
RZ1|86|2|Don|4|6|5|3|1|1|0|0|0
RZ1|CHK|86|2|39|6|1|3|6|4|1|0|1|0
[Opponent] Draw 2 Don
RZ1|87|2|Don|5|0|5|0|1|1|1|0|0
RZ1|CHK|87|2|39|6|1|3|6|4|1|0|1|0
RZ1|88|2|Don|5|1|5|1|1|1|1|0|0
RZ1|CHK|88|2|39|6|1|3|6|4|1|0|1|0
RZ1|89|2|Don|5|2|5|2|1|1|1|0|0
RZ1|CHK|89|2|39|6|1|3|6|4|1|0|1|0
RZ1|90|2|Don|5|3|5|3|1|1|1|0|0
RZ1|CHK|90|2|39|6|1|3|6|4|1|0|1|0
[Opponent] Deploy Usopp ["OP14-022">OP14-022]
RZ1|91|2|OP14-022|1|2|2|1|1|1|0|0|0
RZ1|CHK|91|2|39|5|2|3|6|4|1|0|1|0
[Opponent] Monkey D. Luffy ["OP13-001">OP13-001] attacking Scratchmen Apoo ["EB01-015">EB01-015]
[You] Jewelry Bonney ["OP07-019">OP07-019]: Rest 1 Don
RZ1|92|1|Don|5|1|5|1|1|1|1|0|0
RZ1|CHK|92|1|39|4|2|5|7|2|0|0|1|1
[You] Jewelry Bonney ["OP07-019">OP07-019]: Rest Usopp ["OP14-022">OP14-022]
Monkey D. Luffy ["OP13-001">OP13-001][5000] vs Scratchmen Apoo ["EB01-015">EB01-015][1000]
[You] Scratchmen Apoo ["EB01-015">EB01-015] Destroyed
RZ1|93|1|EB01-015|2|0|6|0|1|1|0|0|0
RZ1|CHK|93|1|39|4|1|5|7|2|1|0|1|1
[Opponent] Usopp ["OP14-022">OP14-022]: Activate 1 Don
RZ1|94|2|Don|5|3|5|3|1|1|0|0|0
RZ1|CHK|94|2|39|5|2|3|6|4|1|0|1|0
[Opponent] Usopp ["OP14-022">OP14-022]: Activate 1 Don
RZ1|95|2|Don|5|2|5|2|1|1|0|0|0
RZ1|CHK|95|2|39|5|2|3|6|4|1|0|1|0
[] Hand: [OP15-035,EB04-007,OP14-031,EB04-007,OP13-027]
[] Board: [ST21-003,OP14-022]
[] Trash: [OP05-038]
[] Life: 3
[] Hand: [OP05-037,OP07-029,ST02-013,OP04-029]
[] Trash: [EB01-015]
[] Board: [EB01-015]
[] Life: 5
[Opponent] End Turn
[] Hand: [OP05-037,OP07-029,ST02-013,OP04-029]
[] Board: [EB01-015]
[] Trash: [EB01-015]
[] Life: 5
[] Hand: [OP15-035,EB04-007,OP14-031,EB04-007,OP13-027]
[] Trash: [OP05-038]
[] Board: [ST21-003,OP14-022]
[] Life: 3
RZ1|96|1|Don|9|9900|5|0|1|1|1|0|0
RZ1|CHK|96|1|39|4|1|5|7|3|1|0|1|0
[You] Draw 1 Card
[] Drew card from deck: Baby 5 ["OP04-032">OP04-032]
RZ1|97|1|OP04-032|0|38|1|4|1|1|0|0|0
RZ1|CHK|97|1|38|5|1|5|7|3|1|0|1|0
RZ1|98|1|Don|4|6|5|3|1|1|0|0|0
RZ1|CHK|98|1|38|5|1|5|6|4|1|0|1|0
RZ1|99|1|Don|4|5|5|4|1|1|0|0|0
RZ1|CHK|99|1|38|5|1|5|5|5|1|0|1|0
[You] Draw 2 Don
RZ1|100|1|Don|5|0|5|0|1|1|1|0|0
RZ1|CHK|100|1|38|5|1|5|5|5|1|0|1|0
RZ1|101|1|Don|5|1|5|1|1|1|1|0|0
RZ1|CHK|101|1|38|5|1|5|5|5|1|0|1|0
RZ1|102|1|Don|5|2|5|2|1|1|1|0|0
RZ1|CHK|102|1|38|5|1|5|5|5|1|0|1|0
[You] Deploy Dellinger ["OP04-029">OP04-029]
RZ1|103|1|OP04-029|1|3|2|1|1|1|0|0|0
RZ1|CHK|103|1|38|4|2|5|5|5|1|0|1|0
[You] Jewelry Bonney ["OP07-019">OP07-019] attacking Monkey D. Luffy ["OP13-001">OP13-001]
[Opponent] Discard Laboon ["OP15-035">OP15-035] for Counter 2000
RZ1|104|2|OP15-035|1|0|6|1|1|1|0|0|0
RZ1|CHK|104|2|39|4|2|3|6|4|2|0|1|0
Jewelry Bonney ["OP07-019">OP07-019][5000] vs Monkey D. Luffy ["OP13-001">OP13-001][7000]
Attack Fails
RZ1|105|1|Don|5|3|5|3|1|1|1|0|0
RZ1|CHK|105|1|38|4|2|5|5|5|1|0|1|0
[You] Deploy Baby 5 ["OP04-032">OP04-032]
RZ1|106|1|OP04-032|1|3|2|2|1|1|0|0|0
RZ1|CHK|106|1|38|3|3|5|5|5|1|0|1|0
[You] Dellinger ["OP04-029">OP04-029]: Activate 1 Don
RZ1|107|1|Don|5|3|5|3|1|1|0|0|0
RZ1|CHK|107|1|38|3|3|5|5|5|1|0|1|0
[] Hand: [OP05-037,OP07-029,ST02-013]
[] Board: [EB01-015,OP04-029,OP04-032]
[] Trash: [EB01-015]
[] Life: 5
[] Hand: [EB04-007,OP14-031,EB04-007,OP13-027]
[] Trash: [OP05-038,OP15-035]
[] Board: [ST21-003,OP14-022]
[] Life: 3
[You] End Turn
[] Hand: [EB04-007,OP14-031,EB04-007,OP13-027]
[] Board: [ST21-003,OP14-022]
[] Trash: [OP05-038,OP15-035]
[] Life: 3
[] Hand: [OP05-037,OP07-029,ST02-013]
[] Trash: [EB01-015]
[] Board: [EB01-015,OP04-029,OP04-032]
[] Life: 5
[Opponent] Draw 1 Card
[] Drew card from deck: Usopp ["OP14-022">OP14-022]
RZ1|108|2|OP14-022|0|38|1|4|1|1|0|0|0
RZ1|CHK|108|2|38|5|2|3|6|4|2|0|1|0
RZ1|109|2|Don|4|5|5|4|1|1|0|0|0
RZ1|CHK|109|2|38|5|2|3|5|5|2|0|1|0
RZ1|110|2|Don|4|4|5|5|1|1|0|0|0
RZ1|CHK|110|2|38|5|2|3|4|6|2|0|1|0
[Opponent] Draw 2 Don
RZ1|111|2|Don|5|0|9|9900|1|1|0|0|0
RZ1|CHK|111|2|38|5|2|3|4|5|2|0|1|1
[Opponent] Attach 1 Don to Monkey D. Luffy ["OP13-001">OP13-001] (1 Total)
[Opponent] Monkey D. Luffy ["OP13-001">OP13-001] attacking Jewelry Bonney ["OP07-019">OP07-019]
[You] Jewelry Bonney ["OP07-019">OP07-019]: Rest 1 Don
RZ1|112|1|Don|5|3|5|3|1|1|1|0|0
RZ1|CHK|112|1|38|3|3|5|5|5|1|0|1|0
[You] Jewelry Bonney ["OP07-019">OP07-019]: Rest Usopp ["OP14-022">OP14-022]
Monkey D. Luffy ["OP13-001">OP13-001][6000] vs Jewelry Bonney ["OP07-019">OP07-019][5000]
Jewelry Bonney ["OP07-019">OP07-019] hit for 1 damage
RZ1|113|1|OP05-034|3|4|1|3|1|1|0|0|0
RZ1|CHK|113|1|38|4|3|4|5|5|1|0|1|0
RZ1|114|2|Don|5|0|5|0|1|1|1|0|0
RZ1|CHK|114|2|38|5|2|3|4|5|2|0|1|1
RZ1|115|2|Don|5|1|5|1|1|1|1|0|0
RZ1|CHK|115|2|38|5|2|3|4|5|2|0|1|1
RZ1|116|2|Don|5|2|5|2|1|1|1|0|0
RZ1|CHK|116|2|38|5|2|3|4|5|2|0|1|1
RZ1|117|2|Don|5|3|5|3|1|1|1|0|0
RZ1|CHK|117|2|38|5|2|3|4|5|2|0|1|1
RZ1|118|2|Don|5|4|5|4|1|1|1|0|0
RZ1|CHK|118|2|38|5|2|3|4|5|2|0|1|1
[Opponent] Deploy Sanji ["OP13-027">OP13-027]
RZ1|119|2|OP13-027|1|3|2|2|1|1|0|0|0
RZ1|CHK|119|2|38|4|3|3|4|5|2|0|1|1
[Opponent] Sanji ["OP13-027">OP13-027]: Activate 1 Don
RZ1|120|2|Don|5|4|5|4|1|1|0|0|0
RZ1|CHK|120|2|38|4|3|3|4|5|2|0|1|1
[Opponent] Sanji ["OP13-027">OP13-027]: Activate 1 Don
RZ1|121|2|Don|5|3|5|3|1|1|0|0|0
RZ1|CHK|121|2|38|4|3|3|4|5|2|0|1|1
RZ1|122|2|Don|5|3|9|0|1|1|0|0|0
RZ1|CHK|122|2|38|4|3|3|4|4|2|0|1|2
RZ1|123|2|Don|5|3|9|1|1|1|0|0|0
RZ1|CHK|123|2|38|4|3|3|4|3|2|0|1|3
[Opponent] Attach 2 Don to Sanji ["ST21-003">ST21-003] (2 Total)
[Opponent] Sanji ["ST21-003">ST21-003] attacking Jewelry Bonney ["OP07-019">OP07-019]
RZ1|124|1|OP07-029|1|1|6|1|1|1|0|0|0
RZ1|CHK|124|1|38|3|3|4|5|5|2|0|1|0
[You] Trash Basil Hawkins ["OP07-029">OP07-029]
RZ1|125|1|OP05-037|1|0|6|2|1|1|0|0|0
RZ1|CHK|125|1|38|2|3|4|5|5|3|0|1|0
[You] Whoever Wins This War Becomes Justice!! ["OP05-037">OP05-037]: Counter 3000
[You] Discard Baby 5 ["OP05-034">OP05-034] for Counter 1000
RZ1|126|1|OP05-034|1|1|6|3|1|1|0|0|0
RZ1|CHK|126|1|38|1|3|4|5|5|4|0|1|0
Sanji ["ST21-003">ST21-003][5000] vs Jewelry Bonney ["OP07-019">OP07-019][9000]
Attack Fails
[Opponent] Sanji ["OP13-027">OP13-027]: Activate 1 Don
RZ1|127|2|Don|5|2|5|2|1|1|0|0|0
RZ1|CHK|127|2|38|4|3|3|4|3|2|0|1|3
[Opponent] Usopp ["OP14-022">OP14-022]: Activate 1 Don
RZ1|128|2|Don|5|1|5|1|1|1|0|0|0
RZ1|CHK|128|2|38|4|3|3|4|3|2|0|1|3
[Opponent] Usopp ["OP14-022">OP14-022]: Activate 1 Don
RZ1|129|2|Don|5|0|5|0|1|1|0|0|0
RZ1|CHK|129|2|38|4|3|3|4|3|2|0|1|3
[] Hand: [EB04-007,OP14-031,EB04-007,OP14-022]
[] Board: [ST21-003,OP14-022,OP13-027]
[] Trash: [OP05-038,OP15-035]
[] Life: 3
[] Hand: [ST02-013]
[] Trash: [EB01-015,OP07-029,OP05-037,OP05-034]
[] Board: [EB01-015,OP04-029,OP04-032]
[] Life: 4
[Opponent] End Turn
[] Hand: [ST02-013]
[] Board: [EB01-015,OP04-029,OP04-032]
[] Trash: [EB01-015,OP07-029,OP05-037,OP05-034]
[] Life: 4
[] Hand: [EB04-007,OP14-031,EB04-007,OP14-022]
[] Trash: [OP05-038,OP15-035]
[] Board: [ST21-003,OP14-022,OP13-027]
[] Life: 3
[You] Draw 1 Card
[] Drew card from deck: Hody Jones ["OP06-035">OP06-035]
RZ1|130|1|OP06-035|0|37|1|1|1|1|0|0|0
RZ1|CHK|130|1|37|2|3|4|5|5|4|0|1|0
RZ1|131|1|Don|4|4|5|5|1|1|0|0|0
RZ1|CHK|131|1|37|2|3|4|4|6|4|0|1|0
RZ1|132|1|Don|4|3|5|6|1|1|0|0|0
RZ1|CHK|132|1|37|2|3|4|3|7|4|0|1|0
[You] Draw 2 Don
RZ1|133|1|Don|5|0|5|0|1|1|1|0|0
RZ1|CHK|133|1|37|2|3|4|3|7|4|0|1|0
RZ1|134|1|Don|5|1|5|1|1|1|1|0|0
RZ1|CHK|134|1|37|2|3|4|3|7|4|0|1|0
RZ1|135|1|Don|5|2|5|2|1|1|1|0|0
RZ1|CHK|135|1|37|2|3|4|3|7|4|0|1|0
RZ1|136|1|Don|5|3|5|3|1|1|1|0|0
RZ1|CHK|136|1|37|2|3|4|3|7|4|0|1|0
RZ1|137|1|Don|5|4|5|4|1|1|1|0|0
RZ1|CHK|137|1|37|2|3|4|3|7|4|0|1|0
RZ1|138|1|Don|5|5|5|5|1|1|1|0|0
RZ1|CHK|138|1|37|2|3|4|3|7|4|0|1|0
RZ1|139|1|Don|5|6|5|6|1|1|1|0|0
RZ1|CHK|139|1|37|2|3|4|3|7|4|0|1|0
[You] Deploy Hody Jones ["OP06-035">OP06-035]
RZ1|140|1|OP06-035|1|1|2|3|1|1|0|0|0
RZ1|CHK|140|1|37|1|4|4|3|7|4|0|1|0
[You] Hody Jones ["OP06-035">OP06-035]: Rest Sanji ["OP13-027">OP13-027]
[You] Hody Jones ["OP06-035">OP06-035]: Takes Top Life
RZ1|141|1|OP06-035|3|3|1|1|1|1|0|0|0
RZ1|CHK|141|1|37|2|4|3|3|7|4|0|1|0
[You] Hody Jones ["OP06-035">OP06-035] attacking Monkey D. Luffy ["OP13-001">OP13-001]
Hody Jones ["OP06-035">OP06-035][8000] vs Monkey D. Luffy ["OP13-001">OP13-001][5000]
Monkey D. Luffy ["OP13-001">OP13-001] hit for 1 damage
RZ1|142|2|ST31-005|3|2|1|4|1|1|0|0|0
RZ1|CHK|142|2|38|5|3|2|4|3|2|0|1|3
[You] Jewelry Bonney ["OP07-019">OP07-019] attacking Monkey D. Luffy ["OP13-001">OP13-001]
[Opponent] Discard Usopp ["OP14-022">OP14-022] for Counter 1000
RZ1|143|2|OP14-022|1|3|6|2|1|1|0|0|0
RZ1|CHK|143|2|38|4|3|2|4|3|3|0|1|3
Jewelry Bonney ["OP07-019">OP07-019][5000] vs Monkey D. Luffy ["OP13-001">OP13-001][6000]
Attack Fails
[You] Dellinger ["OP04-029">OP04-029] attacking Sanji ["ST21-003">ST21-003]
Dellinger ["OP04-029">OP04-029][4000] vs Sanji ["ST21-003">ST21-003][3000]
[Opponent] Sanji ["ST21-003">ST21-003] Destroyed
RZ1|144|2|Don|9|0|5|0|1|1|1|0|0
RZ1|CHK|144|2|38|4|3|2|4|4|3|0|1|2
RZ1|145|2|Don|9|0|5|0|1|1|1|0|0
RZ1|CHK|145|2|38|4|3|2|4|5|3|0|1|1
RZ1|146|2|ST21-003|2|0|6|3|1|1|0|0|0
RZ1|CHK|146|2|38|4|2|2|4|5|4|0|1|1
[You] Dellinger ["OP04-029">OP04-029]: Activate 1 Don
RZ1|147|1|Don|5|6|5|6|1|1|0|0|0
RZ1|CHK|147|1|37|2|4|3|3|7|4|0|1|0
[] Hand: [ST02-013,OP06-035]
[] Board: [EB01-015,OP04-029,OP04-032,OP06-035]
[] Trash: [EB01-015,OP07-029,OP05-037,OP05-034]
[] Life: 3
[] Hand: [EB04-007,OP14-031,EB04-007,ST31-005]
[] Trash: [OP05-038,OP15-035,OP14-022,ST21-003]
[] Board: [OP14-022,OP13-027]
[] Life: 2
[You] End Turn
[] Hand: [EB04-007,OP14-031,EB04-007,ST31-005]
[] Board: [OP14-022,OP13-027]
[] Trash: [OP05-038,OP15-035,OP14-022,ST21-003]
[] Life: 2
[] Hand: [ST02-013,OP06-035]
[] Trash: [EB01-015,OP07-029,OP05-037,OP05-034]
[] Board: [EB01-015,OP04-029,OP04-032,OP06-035]
[] Life: 3
RZ1|148|2|Don|9|9900|5|0|1|1|1|0|0
RZ1|CHK|148|2|38|4|2|2|4|6|4|0|1|0
[Opponent] Draw 1 Card
[] Drew card from deck: Roronoa Zoro ["EB04-007">EB04-007]
RZ1|149|2|EB04-007|0|37|1|4|1|1|0|0|0
RZ1|CHK|149|2|37|5|2|2|4|6|4|0|1|0
RZ1|150|2|Don|4|3|5|6|1|1|0|0|0
RZ1|CHK|150|2|37|5|2|2|3|7|4|0|1|0
RZ1|151|2|Don|4|2|5|7|1|1|0|0|0
RZ1|CHK|151|2|37|5|2|2|2|8|4|0|1|0
[Opponent] Draw 2 Don
RZ1|152|2|Don|5|0|9|9900|1|1|0|0|0
RZ1|CHK|152|2|37|5|2|2|2|7|4|0|1|1
[Opponent] Attach 1 Don to Monkey D. Luffy ["OP13-001">OP13-001] (1 Total)
RZ1|153|2|Don|5|0|5|0|1|1|1|0|0
RZ1|CHK|153|2|37|5|2|2|2|7|4|0|1|1
RZ1|154|2|Don|5|1|5|1|1|1|1|0|0
RZ1|CHK|154|2|37|5|2|2|2|7|4|0|1|1
RZ1|155|2|Don|5|2|5|2|1|1|1|0|0
RZ1|CHK|155|2|37|5|2|2|2|7|4|0|1|1
RZ1|156|2|Don|5|3|5|3|1|1|1|0|0
RZ1|CHK|156|2|37|5|2|2|2|7|4|0|1|1
RZ1|157|2|Don|5|4|5|4|1|1|1|0|0
RZ1|CHK|157|2|37|5|2|2|2|7|4|0|1|1
RZ1|158|2|Don|5|5|5|5|1|1|1|0|0
RZ1|CHK|158|2|37|5|2|2|2|7|4|0|1|1
RZ1|159|2|Don|5|6|5|6|1|1|1|0|0
RZ1|CHK|159|2|37|5|2|2|2|7|4|0|1|1
[Opponent] Deploy Roronoa Zoro ["EB04-007">EB04-007]
RZ1|160|2|EB04-007|1|0|2|2|1|1|0|0|0
RZ1|CHK|160|2|37|4|3|2|2|7|4|0|1|1
[Opponent] Roronoa Zoro ["EB04-007">EB04-007]: Grant Monkey D. Luffy ["OP13-001">OP13-001] 2000 until opponent's next turn end
[Opponent] Monkey D. Luffy ["OP13-001">OP13-001] attacking Jewelry Bonney ["OP07-019">OP07-019]
[You] Jewelry Bonney ["OP07-019">OP07-019]: Rest 1 Don
RZ1|161|1|Don|5|6|5|6|1|1|1|0|0
RZ1|CHK|161|1|37|2|4|3|3|7|4|0|1|0
[You] Jewelry Bonney ["OP07-019">OP07-019]: Rest Roronoa Zoro ["EB04-007">EB04-007]
Monkey D. Luffy ["OP13-001">OP13-001][8000] vs Jewelry Bonney ["OP07-019">OP07-019][5000]
Jewelry Bonney ["OP07-019">OP07-019] hit for 1 damage
RZ1|162|1|OP07-021|3|2|1|2|1|1|0|0|0
RZ1|CHK|162|1|37|3|4|2|3|7|4|0|1|0
[Opponent] Sanji ["OP13-027">OP13-027] attacking Jewelry Bonney ["OP07-019">OP07-019]
Sanji ["OP13-027">OP13-027][7000] vs Jewelry Bonney ["OP07-019">OP07-019][5000]
Jewelry Bonney ["OP07-019">OP07-019] hit for 1 damage
RZ1|163|1|OP05-030|3|1|1|3|1|1|0|0|0
RZ1|CHK|163|1|37|4|4|1|3|7|4|0|1|0
[Opponent] Usopp ["OP14-022">OP14-022] attacking Jewelry Bonney ["OP07-019">OP07-019]
Usopp ["OP14-022">OP14-022][5000] vs Jewelry Bonney ["OP07-019">OP07-019][5000]
Jewelry Bonney ["OP07-019">OP07-019] hit for 1 damage
RZ1|164|1|OP01-058|3|0|1|4|1|1|0|0|0
RZ1|CHK|164|1|37|5|4|0|3|7|4|0|1|0
[] Hand: [OP14-031,EB04-007,ST31-005,EB04-007]
[] Board: [OP14-022,OP13-027,EB04-007]
[] Trash: [OP05-038,OP15-035,OP14-022,ST21-003]
[] Life: 2
[] Hand: [ST02-013,OP06-035,OP07-021,OP05-030,OP01-058]
[] Trash: [EB01-015,OP07-029,OP05-037,OP05-034]
[] Board: [EB01-015,OP04-029,OP04-032,OP06-035]
[] Life: 0
[Opponent] End Turn
[] Hand: [ST02-013,OP06-035,OP07-021,OP05-030,OP01-058]
[] Board: [EB01-015,OP04-029,OP04-032,OP06-035]
[] Trash: [EB01-015,OP07-029,OP05-037,OP05-034]
[] Life: 0
[] Hand: [OP14-031,EB04-007,ST31-005,EB04-007]
[] Trash: [OP05-038,OP15-035,OP14-022,ST21-003]
[] Board: [OP14-022,OP13-027,EB04-007]
[] Life: 2
[You] Draw 1 Card
[] Drew card from deck: Dellinger ["OP04-029">OP04-029]
RZ1|165|1|OP04-029|0|36|1|5|1|1|0|0|0
RZ1|CHK|165|1|36|6|4|0|3|7|4|0|1|0
RZ1|166|1|Don|4|2|5|7|1|1|0|0|0
RZ1|CHK|166|1|36|6|4|0|2|8|4|0|1|0
RZ1|167|1|Don|4|1|5|8|1|1|0|0|0
RZ1|CHK|167|1|36|6|4|0|1|9|4|0|1|0
[You] Draw 2 Don
RZ1|168|1|Don|5|0|5|0|1|1|1|0|0
RZ1|CHK|168|1|36|6|4|0|1|9|4|0|1|0
RZ1|169|1|Don|5|1|5|1|1|1|1|0|0
RZ1|CHK|169|1|36|6|4|0|1|9|4|0|1|0
RZ1|170|1|Don|5|2|5|2|1|1|1|0|0
RZ1|CHK|170|1|36|6|4|0|1|9|4|0|1|0
RZ1|171|1|Don|5|3|5|3|1|1|1|0|0
RZ1|CHK|171|1|36|6|4|0|1|9|4|0|1|0
RZ1|172|1|Don|5|4|5|4|1|1|1|0|0
RZ1|CHK|172|1|36|6|4|0|1|9|4|0|1|0
RZ1|173|1|Don|5|5|5|5|1|1|1|0|0
RZ1|CHK|173|1|36|6|4|0|1|9|4|0|1|0
RZ1|174|1|Don|5|6|5|6|1|1|1|0|0
RZ1|CHK|174|1|36|6|4|0|1|9|4|0|1|0
[You] Deploy Hody Jones ["OP06-035">OP06-035]
RZ1|175|1|OP06-035|1|1|2|4|1|1|0|0|0
RZ1|CHK|175|1|36|5|5|0|1|9|4|0|1|0
RZ1|176|1|Don|5|7|9|9900|1|1|0|0|0
RZ1|CHK|176|1|36|5|5|0|1|8|4|0|1|1
RZ1|177|1|Don|5|7|9|9901|1|1|0|0|0
RZ1|CHK|177|1|36|5|5|0|1|7|4|0|1|2
[You] Attach 2 Don to Jewelry Bonney ["OP07-019">OP07-019] (2 Total)
[You] Jewelry Bonney ["OP07-019">OP07-019] attacking Monkey D. Luffy ["OP13-001">OP13-001]
Jewelry Bonney ["OP07-019">OP07-019][7000] vs Monkey D. Luffy ["OP13-001">OP13-001][7000]
Monkey D. Luffy ["OP13-001">OP13-001] hit for 1 damage
RZ1|178|2|OP05-038|3|1|1|4|1|1|0|0|0
RZ1|CHK|178|2|37|5|3|1|2|7|4|0|1|1
[Opponent] Charlestone ["OP05-038">OP05-038]: Activate Trigger
RZ1|179|2|OP05-038|1|4|6|4|1|1|0|0|0
RZ1|CHK|179|2|37|4|3|1|2|7|5|0|1|1
[Opponent] Charlestone ["OP05-038">OP05-038]: Rest Dellinger ["OP04-029">OP04-029]
[You] Hody Jones ["OP06-035">OP06-035] attacking Monkey D. Luffy ["OP13-001">OP13-001]
Hody Jones ["OP06-035">OP06-035][8000] vs Monkey D. Luffy ["OP13-001">OP13-001][7000]
Monkey D. Luffy ["OP13-001">OP13-001] hit for 1 damage
RZ1|180|2|OP05-038|3|0|1|4|1|1|0|0|0
RZ1|CHK|180|2|37|5|3|0|2|7|5|0|1|1
[Opponent] Charlestone ["OP05-038">OP05-038]: Activate Trigger
RZ1|181|2|OP05-038|1|4|6|5|1|1|0|0|0
RZ1|CHK|181|2|37|4|3|0|2|7|6|0|1|1
[Opponent] Charlestone ["OP05-038">OP05-038]: Rest Scratchmen Apoo ["EB01-015">EB01-015]
[You] Hody Jones ["OP06-035">OP06-035] attacking Sanji ["OP13-027">OP13-027]
Hody Jones ["OP06-035">OP06-035][8000] vs Sanji ["OP13-027">OP13-027][7000]
[Opponent] Sanji ["OP13-027">OP13-027] Destroyed
RZ1|182|2|OP13-027|2|1|6|6|1|1|0|0|0
RZ1|CHK|182|2|37|4|2|0|2|7|7|0|1|1
[You] Dellinger ["OP04-029">OP04-029]: Activate 1 Don
RZ1|183|1|Don|5|6|5|6|1|1|0|0|0
RZ1|CHK|183|1|36|5|5|0|1|7|4|0|1|2
[] Hand: [ST02-013,OP07-021,OP05-030,OP01-058,OP04-029]
[] Board: [EB01-015,OP04-029,OP04-032,OP06-035,OP06-035]
[] Trash: [EB01-015,OP07-029,OP05-037,OP05-034]
[] Life: 0
[] Hand: [OP14-031,EB04-007,ST31-005,EB04-007]
[] Trash: [OP05-038,OP15-035,OP14-022,ST21-003,OP05-038,OP05-038,OP13-027]
[] Board: [OP14-022,EB04-007]
[] Life: 0
[You] End Turn
[] Hand: [OP14-031,EB04-007,ST31-005,EB04-007]
[] Board: [OP14-022,EB04-007]
[] Trash: [OP05-038,OP15-035,OP14-022,ST21-003,OP05-038,OP05-038,OP13-027]
[] Life: 0
[] Hand: [ST02-013,OP07-021,OP05-030,OP01-058,OP04-029]
[] Trash: [EB01-015,OP07-029,OP05-037,OP05-034]
[] Board: [EB01-015,OP04-029,OP04-032,OP06-035,OP06-035]
[] Life: 0
RZ1|184|2|Don|9|9900|5|0|1|1|1|0|0
RZ1|CHK|184|2|37|4|2|0|2|8|7|0|1|0
[Opponent] Draw 1 Card
[] Drew card from deck: Curiel ["OP16-004">OP16-004]
RZ1|185|2|OP16-004|0|36|1|4|1|1|0|0|0
RZ1|CHK|185|2|36|5|2|0|2|8|7|0|1|0
RZ1|186|2|Don|4|1|5|8|1|1|0|0|0
RZ1|CHK|186|2|36|5|2|0|1|9|7|0|1|0
RZ1|187|2|Don|4|0|5|9|1|1|0|0|0
RZ1|CHK|187|2|36|5|2|0|0|10|7|0|1|0
[Opponent] Draw 2 Don
[Opponent] Monkey D. Luffy ["OP13-001">OP13-001] attacking Jewelry Bonney ["OP07-019">OP07-019]
[You] Jewelry Bonney ["OP07-019">OP07-019]: Rest 1 Don
RZ1|188|1|Don|5|6|5|6|1|1|1|0|0
RZ1|CHK|188|1|36|5|5|0|1|7|4|0|1|2
[You] Jewelry Bonney ["OP07-019">OP07-019]: Rest Roronoa Zoro ["EB04-007">EB04-007]
[You] Discard Uroge ["OP07-021">OP07-021] for Counter 1000
RZ1|189|1|OP07-021|1|1|6|4|1|1|0|0|0
RZ1|CHK|189|1|36|4|5|0|1|7|5|0|1|2
Monkey D. Luffy ["OP13-001">OP13-001][5000] vs Jewelry Bonney ["OP07-019">OP07-019][6000]
Attack Fails
[Opponent] Usopp ["OP14-022">OP14-022] attacking Jewelry Bonney ["OP07-019">OP07-019]
[You] Discard Donquixote Rosinante ["OP05-030">OP05-030] for Counter 1000
RZ1|190|1|OP05-030|1|1|6|5|1|1|0|0|0
RZ1|CHK|190|1|36|3|5|0|1|7|6|0|1|2
Usopp ["OP14-022">OP14-022][5000] vs Jewelry Bonney ["OP07-019">OP07-019][6000]
Attack Fails
RZ1|191|2|Don|5|0|9|9900|1|1|0|0|0
RZ1|CHK|191|2|36|5|2|0|0|9|7|0|1|1
[Opponent] Attach 1 Don to Monkey D. Luffy ["OP13-001">OP13-001] (1 Total)
RZ1|192|2|Don|5|0|5|0|1|1|1|0|0
RZ1|CHK|192|2|36|5|2|0|0|9|7|0|1|1
RZ1|193|2|Don|5|1|5|1|1|1|1|0|0
RZ1|CHK|193|2|36|5|2|0|0|9|7|0|1|1
RZ1|194|2|Don|5|2|5|2|1|1|1|0|0
RZ1|CHK|194|2|36|5|2|0|0|9|7|0|1|1
RZ1|195|2|Don|5|3|5|3|1|1|1|0|0
RZ1|CHK|195|2|36|5|2|0|0|9|7|0|1|1
RZ1|196|2|Don|5|4|5|4|1|1|1|0|0
RZ1|CHK|196|2|36|5|2|0|0|9|7|0|1|1
RZ1|197|2|Don|5|5|5|5|1|1|1|0|0
RZ1|CHK|197|2|36|5|2|0|0|9|7|0|1|1
RZ1|198|2|Don|5|6|5|6|1|1|1|0|0
RZ1|CHK|198|2|36|5|2|0|0|9|7|0|1|1
[Opponent] Deploy Roronoa Zoro ["EB04-007">EB04-007]
RZ1|199|2|EB04-007|1|1|2|2|1|1|0|0|0
RZ1|CHK|199|2|36|4|3|0|0|9|7|0|1|1
[Opponent] Roronoa Zoro ["EB04-007">EB04-007]: Grant Monkey D. Luffy ["OP13-001">OP13-001] 2000 until opponent's next turn end
RZ1|200|2|Don|5|7|5|7|1|1|1|0|0
RZ1|CHK|200|2|36|4|3|0|0|9|7|0|1|1
[Opponent] Deploy Thousand Sunny ["ST31-005">ST31-005]
RZ1|201|2|ST31-005|1|1|7|0|1|1|0|0|0
RZ1|CHK|201|2|36|3|3|0|0|9|7|1|1|1
RZ1|202|2|OP10-011|0|34|1|3|1|1|0|0|0
RZ1|CHK|202|2|35|4|3|0|0|9|7|1|1|1
[Opponent] Thousand Sunny ["ST31-005">ST31-005]: <b>Reveal and Draw Tony Tony Chopper ["OP10-011">OP10-011]</b>
[Opponent] Placing Cards on Bottom of Deck
RZ1|203|2|OP05-038|0|34|0|0|0|0|0|0|0
RZ1|CHK|203|2|35|4|3|0|0|9|7|1|1|1
RZ1|204|2|EB02-017|0|34|0|0|0|0|0|0|0
RZ1|CHK|204|2|35|4|3|0|0|9|7|1|1|1
RZ1|205|2|OP14-031|0|34|0|0|0|0|0|0|0
RZ1|CHK|205|2|35|4|3|0|0|9|7|1|1|1
RZ1|206|2|OP01-016|0|34|0|0|0|0|0|0|0
RZ1|CHK|206|2|35|4|3|0|0|9|7|1|1|1
[] Hand: [OP14-031,EB04-007,OP16-004,OP10-011]
[] Board: [OP14-022,EB04-007,EB04-007]
[] Trash: [OP05-038,OP15-035,OP14-022,ST21-003,OP05-038,OP05-038,OP13-027]
[] Life: 0
[] Hand: [ST02-013,OP01-058,OP04-029]
[] Trash: [EB01-015,OP07-029,OP05-037,OP05-034,OP07-021,OP05-030]
[] Board: [EB01-015,OP04-029,OP04-032,OP06-035,OP06-035]
[] Life: 0
[Opponent] End Turn
[] Hand: [ST02-013,OP01-058,OP04-029]
[] Board: [EB01-015,OP04-029,OP04-032,OP06-035,OP06-035]
[] Trash: [EB01-015,OP07-029,OP05-037,OP05-034,OP07-021,OP05-030]
[] Life: 0
[] Hand: [OP14-031,EB04-007,OP16-004,OP10-011]
[] Trash: [OP05-038,OP15-035,OP14-022,ST21-003,OP05-038,OP05-038,OP13-027]
[] Board: [OP14-022,EB04-007,EB04-007]
[] Life: 0
RZ1|207|1|Don|9|9900|5|0|1|1|1|0|0
RZ1|CHK|207|1|36|3|5|0|1|8|6|0|1|1
RZ1|208|1|Don|9|9900|5|0|1|1|1|0|0
RZ1|CHK|208|1|36|3|5|0|1|9|6|0|1|0
[You] Draw 1 Card
[] Drew card from deck: Punk Gibson ["OP01-058">OP01-058]
RZ1|209|1|OP01-058|0|35|1|3|1|1|0|0|0
RZ1|CHK|209|1|35|4|5|0|1|9|6|0|1|0
RZ1|210|1|Don|4|0|5|9|1|1|0|0|0
RZ1|CHK|210|1|35|4|5|0|0|10|6|0|1|0
[You] Draw 2 Don
RZ1|211|1|Don|5|0|9|9900|1|1|0|0|0
RZ1|CHK|211|1|35|4|5|0|0|9|6|0|1|1
RZ1|212|1|Don|5|0|9|9901|1|1|0|0|0
RZ1|CHK|212|1|35|4|5|0|0|8|6|0|1|2
[You] Attach 2 Don to Jewelry Bonney ["OP07-019">OP07-019] (2 Total)
[You] Jewelry Bonney ["OP07-019">OP07-019] attacking Monkey D. Luffy ["OP13-001">OP13-001]
[Opponent] Discard Curiel ["OP16-004">OP16-004] for Counter 2000
RZ1|213|2|OP16-004|1|2|6|7|1|1|0|0|0
RZ1|CHK|213|2|35|3|3|0|0|9|8|1|1|1
Jewelry Bonney ["OP07-019">OP07-019][7000] vs Monkey D. Luffy ["OP13-001">OP13-001][9000]
Attack Fails
[You] Hody Jones ["OP06-035">OP06-035] attacking Monkey D. Luffy ["OP13-001">OP13-001]
[Opponent] Discard Tony Tony Chopper ["OP10-011">OP10-011] for Counter 2000
RZ1|214|2|OP10-011|1|2|6|8|1|1|0|0|0
RZ1|CHK|214|2|35|2|3|0|0|9|9|1|1|1
Hody Jones ["OP06-035">OP06-035][8000] vs Monkey D. Luffy ["OP13-001">OP13-001][9000]
Attack Fails
[You] Hody Jones ["OP06-035">OP06-035] attacking Monkey D. Luffy ["OP13-001">OP13-001]
Hody Jones ["OP06-035">OP06-035][8000] vs Monkey D. Luffy ["OP13-001">OP13-001][7000]
Monkey D. Luffy ["OP13-001">OP13-001] hit for 1 damage
[Opponent] <b>Downloaded the Combat Log!</b>
GameOver
