Version is 1.41b.51
[You] Leader is Jinbe ["OP11-021">OP11-021]
[Opponent] Leader is Charlotte Katakuri ["OP11-062">OP11-062]
RZ1|2|2|ST34-001|0|21|0|0|0|0|0|0|0
RZ1|CHK|2|2|50|0|0|0|10|0|0|0|1|0
RZ1|3|2|OP13-076|0|41|0|1|0|0|0|0|0
RZ1|CHK|3|2|50|0|0|0|10|0|0|0|1|0
RZ1|4|2|OP15-069|0|7|0|2|0|0|0|0|0
RZ1|CHK|4|2|50|0|0|0|10|0|0|0|1|0
RZ1|5|2|ST34-003|0|10|0|3|0|0|0|0|0
RZ1|CHK|5|2|50|0|0|0|10|0|0|0|1|0
RZ1|6|2|ST34-004|0|39|0|4|0|0|0|0|0
RZ1|CHK|6|2|50|0|0|0|10|0|0|0|1|0
RZ1|7|2|OP07-077|0|48|0|5|0|0|0|0|0
RZ1|CHK|7|2|50|0|0|0|10|0|0|0|1|0
RZ1|8|2|OP11-067|0|35|0|6|0|0|0|0|0
RZ1|CHK|8|2|50|0|0|0|10|0|0|0|1|0
RZ1|9|2|ST34-005|0|21|0|7|0|0|0|0|0
RZ1|CHK|9|2|50|0|0|0|10|0|0|0|1|0
RZ1|10|2|OP15-078|0|43|0|8|0|0|0|0|0
RZ1|CHK|10|2|50|0|0|0|10|0|0|0|1|0
RZ1|11|2|OP11-067|0|35|0|9|0|0|0|0|0
RZ1|CHK|11|2|50|0|0|0|10|0|0|0|1|0
RZ1|12|2|OP08-069|0|38|0|10|0|0|0|0|0
RZ1|CHK|12|2|50|0|0|0|10|0|0|0|1|0
RZ1|13|2|OP15-069|0|15|0|11|0|0|0|0|0
RZ1|CHK|13|2|50|0|0|0|10|0|0|0|1|0
RZ1|14|2|ST34-001|0|30|0|12|0|0|0|0|0
RZ1|CHK|14|2|50|0|0|0|10|0|0|0|1|0
RZ1|15|2|PRB02-010|0|33|0|13|0|0|0|0|0
RZ1|CHK|15|2|50|0|0|0|10|0|0|0|1|0
RZ1|16|2|OP15-078|0|46|0|14|0|0|0|0|0
RZ1|CHK|16|2|50|0|0|0|10|0|0|0|1|0
RZ1|17|2|PRB02-010|0|34|0|15|0|0|0|0|0
RZ1|CHK|17|2|50|0|0|0|10|0|0|0|1|0
RZ1|18|2|ST18-001|0|24|0|16|0|0|0|0|0
RZ1|CHK|18|2|50|0|0|0|10|0|0|0|1|0
RZ1|19|2|OP07-077|0|48|0|17|0|0|0|0|0
RZ1|CHK|19|2|50|0|0|0|10|0|0|0|1|0
RZ1|20|2|OP11-070|0|21|0|18|0|0|0|0|0
RZ1|CHK|20|2|50|0|0|0|10|0|0|0|1|0
RZ1|21|2|OP08-069|0|41|0|19|0|0|0|0|0
RZ1|CHK|21|2|50|0|0|0|10|0|0|0|1|0
RZ1|22|2|OP07-077|0|49|0|20|0|0|0|0|0
RZ1|CHK|22|2|50|0|0|0|10|0|0|0|1|0
RZ1|23|2|PRB02-010|0|39|0|21|0|0|0|0|0
RZ1|CHK|23|2|50|0|0|0|10|0|0|0|1|0
RZ1|24|2|ST34-001|0|38|0|22|0|0|0|0|0
RZ1|CHK|24|2|50|0|0|0|10|0|0|0|1|0
RZ1|25|2|ST34-005|0|33|0|23|0|0|0|0|0
RZ1|CHK|25|2|50|0|0|0|10|0|0|0|1|0
RZ1|26|2|ST34-002|0|37|0|24|0|0|0|0|0
RZ1|CHK|26|2|50|0|0|0|10|0|0|0|1|0
RZ1|27|2|OP15-078|0|48|0|25|0|0|0|0|0
RZ1|CHK|27|2|50|0|0|0|10|0|0|0|1|0
RZ1|28|2|ST18-001|0|33|0|26|0|0|0|0|0
RZ1|CHK|28|2|50|0|0|0|10|0|0|0|1|0
RZ1|29|2|ST34-004|0|46|0|27|0|0|0|0|0
RZ1|CHK|29|2|50|0|0|0|10|0|0|0|1|0
RZ1|30|2|ST34-002|0|37|0|28|0|0|0|0|0
RZ1|CHK|30|2|50|0|0|0|10|0|0|0|1|0
RZ1|31|2|OP11-073|0|45|0|29|0|0|0|0|0
RZ1|CHK|31|2|50|0|0|0|10|0|0|0|1|0
RZ1|32|2|OP15-078|0|48|0|30|0|0|0|0|0
RZ1|CHK|32|2|50|0|0|0|10|0|0|0|1|0
RZ1|33|2|ST34-003|0|37|0|31|0|0|0|0|0
RZ1|CHK|33|2|50|0|0|0|10|0|0|0|1|0
RZ1|34|2|ST34-003|0|36|0|32|0|0|0|0|0
RZ1|CHK|34|2|50|0|0|0|10|0|0|0|1|0
RZ1|35|2|OP11-067|0|44|0|33|0|0|0|0|0
RZ1|CHK|35|2|50|0|0|0|10|0|0|0|1|0
RZ1|36|2|OP11-067|0|45|0|35|0|0|0|0|0
RZ1|CHK|36|2|50|0|0|0|10|0|0|0|1|0
RZ1|37|2|ST34-005|0|40|0|37|0|0|0|0|0
RZ1|CHK|37|2|50|0|0|0|10|0|0|0|1|0
RZ1|38|2|ST34-003|0|40|0|38|0|0|0|0|0
RZ1|CHK|38|2|50|0|0|0|10|0|0|0|1|0
RZ1|39|2|ST34-004|0|48|0|39|0|0|0|0|0
RZ1|CHK|39|2|50|0|0|0|10|0|0|0|1|0
RZ1|40|2|OP15-069|0|41|0|40|0|0|0|0|0
RZ1|CHK|40|2|50|0|0|0|10|0|0|0|1|0
RZ1|41|2|ST34-002|0|44|0|41|0|0|0|0|0
RZ1|CHK|41|2|50|0|0|0|10|0|0|0|1|0
RZ1|42|2|ST34-002|0|44|0|42|0|0|0|0|0
RZ1|CHK|42|2|50|0|0|0|10|0|0|0|1|0
RZ1|43|2|ST34-001|0|45|0|43|0|0|0|0|0
RZ1|CHK|43|2|50|0|0|0|10|0|0|0|1|0
RZ1|44|2|PRB02-010|0|46|0|44|0|0|0|0|0
RZ1|CHK|44|2|50|0|0|0|10|0|0|0|1|0
RZ1|45|2|OP07-077|0|49|0|45|0|0|0|0|0
RZ1|CHK|45|2|50|0|0|0|10|0|0|0|1|0
RZ1|46|2|ST34-005|0|47|0|46|0|0|0|0|0
RZ1|CHK|46|2|50|0|0|0|10|0|0|0|1|0
RZ1|47|2|ST34-004|0|49|0|47|0|0|0|0|0
RZ1|CHK|47|2|50|0|0|0|10|0|0|0|1|0
[] Drew card from deck: Jinbe ["OP11-031">OP11-031]
RZ1|48|1|OP11-031|0|49|1|0|1|1|0|0|0
RZ1|CHK|48|1|49|1|0|0|10|0|0|0|1|0
[] Drew card from deck: Hammond ["OP06-032">OP06-032]
RZ1|49|1|OP06-032|0|48|1|1|1|1|0|0|0
RZ1|CHK|49|1|48|2|0|0|10|0|0|0|1|0
[] Drew card from deck: Jinbe ["P-063">P-063]
RZ1|50|1|P-063|0|47|1|2|1|1|0|0|0
RZ1|CHK|50|1|47|3|0|0|10|0|0|0|1|0
[] Drew card from deck: Jinbe ["EB04-015">EB04-015]
RZ1|51|1|EB04-015|0|46|1|3|1|1|0|0|0
RZ1|CHK|51|1|46|4|0|0|10|0|0|0|1|0
[] Drew card from deck: Jinbe ["OP11-031">OP11-031]
RZ1|52|1|OP11-031|0|45|1|4|1|1|0|0|0
RZ1|CHK|52|1|45|5|0|0|10|0|0|0|1|0
[] Drew card from deck: Charlotte Linlin ["OP08-069">OP08-069]
RZ1|53|2|OP08-069|0|49|1|0|1|1|0|0|0
RZ1|CHK|53|2|49|1|0|0|10|0|0|0|1|0
[] Drew card from deck: Charlotte Pudding ["OP11-070">OP11-070]
RZ1|54|2|OP11-070|0|48|1|1|1|1|0|0|0
RZ1|CHK|54|2|48|2|0|0|10|0|0|0|1|0
[] Drew card from deck: Charlotte Linlin ["ST34-004">ST34-004]
RZ1|55|2|ST34-004|0|47|1|2|1|1|0|0|0
RZ1|CHK|55|2|47|3|0|0|10|0|0|0|1|0
[] Drew card from deck: Baron Tamago & Pekoms ["ST34-005">ST34-005]
RZ1|56|2|ST34-005|0|46|1|3|1|1|0|0|0
RZ1|CHK|56|2|46|4|0|0|10|0|0|0|1|0
[] Drew card from deck: We're Going to Claim the One Piece!!! ["OP07-077">OP07-077]
RZ1|57|2|OP07-077|0|45|1|4|1|1|0|0|0
RZ1|CHK|57|2|45|5|0|0|10|0|0|0|1|0
RZ1|58|1|OP11-031|1|0|0|45|0|0|0|0|0
RZ1|CHK|58|1|46|4|0|0|10|0|0|0|1|0
RZ1|59|1|OP06-032|1|0|0|46|0|0|0|0|0
RZ1|CHK|59|1|47|3|0|0|10|0|0|0|1|0
RZ1|60|1|P-063|1|0|0|47|0|0|0|0|0
RZ1|CHK|60|1|48|2|0|0|10|0|0|0|1|0
RZ1|61|1|EB04-015|1|0|0|48|0|0|0|0|0
RZ1|CHK|61|1|49|1|0|0|10|0|0|0|1|0
RZ1|62|1|OP11-031|1|0|0|49|0|0|0|0|0
RZ1|CHK|62|1|50|0|0|0|10|0|0|0|1|0
RZ1|63|1|OP06-025|0|19|0|0|0|0|0|0|0
RZ1|CHK|63|1|50|0|0|0|10|0|0|0|1|0
RZ1|64|1|EB04-015|0|35|0|1|0|0|0|0|0
RZ1|CHK|64|1|50|0|0|0|10|0|0|0|1|0
RZ1|65|1|OP11-030|0|18|0|2|0|0|0|0|0
RZ1|CHK|65|1|50|0|0|0|10|0|0|0|1|0
RZ1|66|1|OP11-028|0|10|0|3|0|0|0|0|0
RZ1|CHK|66|1|50|0|0|0|10|0|0|0|1|0
RZ1|67|1|OP06-033|0|39|0|4|0|0|0|0|0
RZ1|CHK|67|1|50|0|0|0|10|0|0|0|1|0
RZ1|68|1|OP11-031|0|13|0|5|0|0|0|0|0
RZ1|CHK|68|1|50|0|0|0|10|0|0|0|1|0
RZ1|69|1|P-063|0|47|0|6|0|0|0|0|0
RZ1|CHK|69|1|50|0|0|0|10|0|0|0|1|0
RZ1|70|1|OP08-036|0|16|0|7|0|0|0|0|0
RZ1|CHK|70|1|50|0|0|0|10|0|0|0|1|0
RZ1|71|1|OP11-028|0|32|0|8|0|0|0|0|0
RZ1|CHK|71|1|50|0|0|0|10|0|0|0|1|0
RZ1|72|1|OP15-032|0|31|0|9|0|0|0|0|0
RZ1|CHK|72|1|50|0|0|0|10|0|0|0|1|0
RZ1|73|1|OP15-032|0|45|0|10|0|0|0|0|0
RZ1|CHK|73|1|50|0|0|0|10|0|0|0|1|0
RZ1|74|1|EB04-020|0|28|0|11|0|0|0|0|0
RZ1|CHK|74|1|50|0|0|0|10|0|0|0|1|0
RZ1|75|1|OP06-041|0|17|0|12|0|0|0|0|0
RZ1|CHK|75|1|50|0|0|0|10|0|0|0|1|0
RZ1|76|1|OP11-030|0|35|0|13|0|0|0|0|0
RZ1|CHK|76|1|50|0|0|0|10|0|0|0|1|0
RZ1|77|1|P-063|0|21|0|14|0|0|0|0|0
RZ1|CHK|77|1|50|0|0|0|10|0|0|0|1|0
RZ1|78|1|OP08-036|0|32|0|15|0|0|0|0|0
RZ1|CHK|78|1|50|0|0|0|10|0|0|0|1|0
RZ1|79|1|OP15-035|0|39|0|16|0|0|0|0|0
RZ1|CHK|79|1|50|0|0|0|10|0|0|0|1|0
RZ1|80|1|OP15-023|0|23|0|17|0|0|0|0|0
RZ1|CHK|80|1|50|0|0|0|10|0|0|0|1|0
RZ1|81|1|OP11-028|0|37|0|18|0|0|0|0|0
RZ1|CHK|81|1|50|0|0|0|10|0|0|0|1|0
RZ1|82|1|OP15-023|0|21|0|19|0|0|0|0|0
RZ1|CHK|82|1|50|0|0|0|10|0|0|0|1|0
RZ1|83|1|EB04-020|0|30|0|20|0|0|0|0|0
RZ1|CHK|83|1|50|0|0|0|10|0|0|0|1|0
RZ1|84|1|EB04-015|0|48|0|21|0|0|0|0|0
RZ1|CHK|84|1|50|0|0|0|10|0|0|0|1|0
RZ1|85|1|P-063|0|33|0|22|0|0|0|0|0
RZ1|CHK|85|1|50|0|0|0|10|0|0|0|1|0
RZ1|86|1|OP06-033|0|45|0|23|0|0|0|0|0
RZ1|CHK|86|1|50|0|0|0|10|0|0|0|1|0
RZ1|87|1|OP15-023|0|25|0|24|0|0|0|0|0
RZ1|CHK|87|1|50|0|0|0|10|0|0|0|1|0
RZ1|88|1|EB04-018|0|45|0|25|0|0|0|0|0
RZ1|CHK|88|1|50|0|0|0|10|0|0|0|1|0
RZ1|89|1|OP06-032|0|33|0|26|0|0|0|0|0
RZ1|CHK|89|1|50|0|0|0|10|0|0|0|1|0
RZ1|90|1|OP11-031|0|28|0|27|0|0|0|0|0
RZ1|CHK|90|1|50|0|0|0|10|0|0|0|1|0
RZ1|91|1|EB04-018|0|46|0|28|0|0|0|0|0
RZ1|CHK|91|1|50|0|0|0|10|0|0|0|1|0
RZ1|92|1|OP06-041|0|45|0|29|0|0|0|0|0
RZ1|CHK|92|1|50|0|0|0|10|0|0|0|1|0
RZ1|93|1|OP06-025|0|42|0|30|0|0|0|0|0
RZ1|CHK|93|1|50|0|0|0|10|0|0|0|1|0
RZ1|94|1|EB04-018|0|40|0|31|0|0|0|0|0
RZ1|CHK|94|1|50|0|0|0|10|0|0|0|1|0
RZ1|95|1|OP13-040|0|35|0|32|0|0|0|0|0
RZ1|CHK|95|1|50|0|0|0|10|0|0|0|1|0
RZ1|96|1|OP11-031|0|49|0|33|0|0|0|0|0
RZ1|CHK|96|1|50|0|0|0|10|0|0|0|1|0
RZ1|97|1|OP11-029|0|38|0|34|0|0|0|0|0
RZ1|CHK|97|1|50|0|0|0|10|0|0|0|1|0
RZ1|98|1|OP11-031|0|48|0|35|0|0|0|0|0
RZ1|CHK|98|1|50|0|0|0|10|0|0|0|1|0
RZ1|99|1|EB04-020|0|46|0|36|0|0|0|0|0
RZ1|CHK|99|1|50|0|0|0|10|0|0|0|1|0
RZ1|100|1|OP15-035|0|41|0|37|0|0|0|0|0
RZ1|CHK|100|1|50|0|0|0|10|0|0|0|1|0
RZ1|101|1|OP15-035|0|45|0|38|0|0|0|0|0
RZ1|CHK|101|1|50|0|0|0|10|0|0|0|1|0
RZ1|102|1|OP13-040|0|46|0|40|0|0|0|0|0
RZ1|CHK|102|1|50|0|0|0|10|0|0|0|1|0
RZ1|103|1|EB04-020|0|44|0|41|0|0|0|0|0
RZ1|CHK|103|1|50|0|0|0|10|0|0|0|1|0
RZ1|104|1|OP06-035|0|44|0|42|0|0|0|0|0
RZ1|CHK|104|1|50|0|0|0|10|0|0|0|1|0
RZ1|105|1|OP11-029|0|44|0|43|0|0|0|0|0
RZ1|CHK|105|1|50|0|0|0|10|0|0|0|1|0
RZ1|106|1|ST24-004|0|47|0|44|0|0|0|0|0
RZ1|CHK|106|1|50|0|0|0|10|0|0|0|1|0
RZ1|107|1|EB04-018|0|46|0|45|0|0|0|0|0
RZ1|CHK|107|1|50|0|0|0|10|0|0|0|1|0
RZ1|108|1|OP06-025|0|47|0|46|0|0|0|0|0
RZ1|CHK|108|1|50|0|0|0|10|0|0|0|1|0
RZ1|109|1|ST24-004|0|48|0|47|0|0|0|0|0
RZ1|CHK|109|1|50|0|0|0|10|0|0|0|1|0
[] Drew card from deck: Hammond ["OP06-032">OP06-032]
RZ1|110|1|OP06-032|0|49|1|0|1|1|0|0|0
RZ1|CHK|110|1|49|1|0|0|10|0|0|0|1|0
[] Drew card from deck: Hody Jones ["OP06-035">OP06-035]
RZ1|111|1|OP06-035|0|48|1|1|1|1|0|0|0
RZ1|CHK|111|1|48|2|0|0|10|0|0|0|1|0
[] Drew card from deck: Law & Bepo ["ST24-004">ST24-004]
RZ1|112|1|ST24-004|0|47|1|2|1|1|0|0|0
RZ1|CHK|112|1|47|3|0|0|10|0|0|0|1|0
[] Drew card from deck: Camie ["OP06-025">OP06-025]
RZ1|113|1|OP06-025|0|46|1|3|1|1|0|0|0
RZ1|CHK|113|1|46|4|0|0|10|0|0|0|1|0
[] Drew card from deck: Megalo ["EB04-018">EB04-018]
RZ1|114|1|EB04-018|0|45|1|4|1|1|0|0|0
RZ1|CHK|114|1|45|5|0|0|10|0|0|0|1|0
RZ1|115|1|ST24-004|0|44|3|0|1|0|0|0|0
RZ1|CHK|115|1|44|5|0|1|10|0|0|0|1|0
RZ1|116|1|OP11-029|0|43|3|1|1|0|0|0|0
RZ1|CHK|116|1|43|5|0|2|10|0|0|0|1|0
RZ1|117|1|OP06-035|0|42|3|2|1|0|0|0|0
RZ1|CHK|117|1|42|5|0|3|10|0|0|0|1|0
RZ1|118|1|EB04-020|0|41|3|3|1|0|0|0|0
RZ1|CHK|118|1|41|5|0|4|10|0|0|0|1|0
RZ1|119|1|OP13-040|0|40|3|4|1|0|0|0|0
RZ1|CHK|119|1|40|5|0|5|10|0|0|0|1|0
[] Hand after Mulligan: [OP06-032,OP06-035,ST24-004,OP06-025,EB04-018]
[You] Mulligan
RZ1|120|2|PRB02-010|0|44|3|0|0|1|0|0|0
RZ1|CHK|120|2|44|5|0|1|10|0|0|0|1|0
RZ1|121|2|ST34-001|0|43|3|1|0|1|0|0|0
RZ1|CHK|121|2|43|5|0|2|10|0|0|0|1|0
RZ1|122|2|ST34-002|0|42|3|2|0|1|0|0|0
RZ1|CHK|122|2|42|5|0|3|10|0|0|0|1|0
RZ1|123|2|ST34-002|0|41|3|3|0|1|0|0|0
RZ1|CHK|123|2|41|5|0|4|10|0|0|0|1|0
RZ1|124|2|OP15-069|0|40|3|4|0|1|0|0|0
RZ1|CHK|124|2|40|5|0|5|10|0|0|0|1|0
[] Hand: [OP06-032,OP06-035,ST24-004,OP06-025,EB04-018]
[] Board: []
[] Trash: []
[] Life: 5
[] Hand: [OP08-069,OP11-070,ST34-004,ST34-005,OP07-077]
[] Trash: []
[] Board: []
[] Life: 5
RZ1|125|1|Don|4|9|5|0|1|1|0|0|0
RZ1|CHK|125|1|40|5|0|5|9|1|0|0|1|0
[You] Draw 1 Don
RZ1|126|1|Don|5|0|5|0|1|1|1|0|0
RZ1|CHK|126|1|40|5|0|5|9|1|0|0|1|0
[You] Deploy Camie ["OP06-025">OP06-025]
RZ1|127|1|OP06-025|1|3|2|0|1|1|0|0|0
RZ1|CHK|127|1|40|4|1|5|9|1|0|0|1|0
RZ1|128|1|OP06-033|0|39|1|4|1|1|0|0|0
RZ1|CHK|128|1|39|5|1|5|9|1|0|0|1|0
[You] Camie ["OP06-025">OP06-025]: <b>Reveal and Draw Vander Decken IX ["OP06-033">OP06-033]</b>
[You] Placing Cards on Bottom of Deck
RZ1|129|1|OP15-035|0|38|0|0|0|0|0|0|0
RZ1|CHK|129|1|39|5|1|5|9|1|0|0|1|0
RZ1|130|1|OP15-035|0|38|0|0|0|0|0|0|0
RZ1|CHK|130|1|39|5|1|5|9|1|0|0|1|0
RZ1|131|1|EB04-020|0|38|0|0|0|0|0|0|0
RZ1|CHK|131|1|39|5|1|5|9|1|0|0|1|0
[You] Jinbe ["OP11-021">OP11-021]: Activate 1 Don
RZ1|132|1|Don|5|0|5|0|1|1|0|0|0
RZ1|CHK|132|1|39|5|1|5|9|1|0|0|1|0
[] Hand: [OP06-032,OP06-035,ST24-004,EB04-018,OP06-033]
[] Board: [OP06-025]
[] Trash: []
[] Life: 5
[] Hand: [OP08-069,OP11-070,ST34-004,ST34-005,OP07-077]
[] Trash: []
[] Board: []
[] Life: 5
[You] End Turn
[] Hand: [OP08-069,OP11-070,ST34-004,ST34-005,OP07-077]
[] Board: []
[] Trash: []
[] Life: 5
[] Hand: [OP06-032,OP06-035,ST24-004,EB04-018,OP06-033]
[] Trash: []
[] Board: [OP06-025]
[] Life: 5
[Opponent] Draw 1 Card
[] Drew card from deck: Charlotte Linlin ["ST34-004">ST34-004]
RZ1|133|2|ST34-004|0|39|1|5|1|1|0|0|0
RZ1|CHK|133|2|39|6|0|5|10|0|0|0|1|0
RZ1|134|2|Don|4|9|5|0|1|1|0|0|0
RZ1|CHK|134|2|39|6|0|5|9|1|0|0|1|0
RZ1|135|2|Don|4|8|5|1|1|1|0|0|0
RZ1|CHK|135|2|39|6|0|5|8|2|0|0|1|0
[Opponent] Draw 2 Don
RZ1|136|2|Don|5|0|5|0|1|1|1|0|0
RZ1|CHK|136|2|39|6|0|5|8|2|0|0|1|0
[Opponent] Deploy Charlotte Pudding ["OP11-070">OP11-070]
RZ1|137|2|OP11-070|1|1|2|0|1|1|0|0|0
RZ1|CHK|137|2|39|5|1|5|8|2|0|0|1|0
RZ1|138|2|ST34-005|0|37|1|5|1|1|0|0|0
RZ1|CHK|138|2|38|6|1|5|8|2|0|0|1|0
[Opponent] Charlotte Pudding ["OP11-070">OP11-070]: <b>Reveal and Draw Baron Tamago & Pekoms ["ST34-005">ST34-005]</b>
[Opponent] Placing Cards on Bottom of Deck
RZ1|139|2|ST34-003|0|37|0|0|0|0|0|0|0
RZ1|CHK|139|2|38|6|1|5|8|2|0|0|1|0
RZ1|140|2|OP11-070|0|37|0|0|0|0|0|0|0
RZ1|CHK|140|2|38|6|1|5|8|2|0|0|1|0
RZ1|141|2|OP11-067|0|37|0|0|0|0|0|0|0
RZ1|CHK|141|2|38|6|1|5|8|2|0|0|1|0
RZ1|142|2|OP11-070|0|37|0|0|0|0|0|0|0
RZ1|CHK|142|2|38|6|1|5|8|2|0|0|1|0
[Opponent] We're Going to Claim the One Piece!!! ["OP07-077">OP07-077]: Rest 1 Don
RZ1|143|2|Don|5|1|5|1|1|1|1|0|0
RZ1|CHK|143|2|38|6|1|5|8|2|0|0|1|0
RZ1|144|2|OP07-077|1|3|6|0|1|1|0|0|0
RZ1|CHK|144|2|38|5|1|5|8|2|1|0|1|0
RZ1|145|2|ST34-003|0|36|1|5|1|1|0|0|0
RZ1|CHK|145|2|37|6|1|5|8|2|1|0|1|0
[Opponent] We're Going to Claim the One Piece!!! ["OP07-077">OP07-077]: <b>Reveal and Draw Charlotte Brulee ["ST34-003">ST34-003]</b>
[Opponent] Placing Cards on Bottom of Deck
RZ1|146|2|OP11-067|0|36|0|0|0|0|0|0|0
RZ1|CHK|146|2|37|6|1|5|8|2|1|0|1|0
RZ1|147|2|ST34-003|0|36|0|0|0|0|0|0|0
RZ1|CHK|147|2|37|6|1|5|8|2|1|0|1|0
RZ1|148|2|OP15-078|0|36|0|0|0|0|0|0|0
RZ1|CHK|148|2|37|6|1|5|8|2|1|0|1|0
RZ1|149|2|OP11-073|0|36|0|0|0|0|0|0|0
RZ1|CHK|149|2|37|6|1|5|8|2|1|0|1|0
[] Hand: [OP08-069,ST34-004,ST34-005,ST34-004,ST34-005,ST34-003]
[] Board: [OP11-070]
[] Trash: [OP07-077]
[] Life: 5
[] Hand: [OP06-032,OP06-035,ST24-004,EB04-018,OP06-033]
[] Trash: []
[] Board: [OP06-025]
[] Life: 5
[Opponent] End Turn
[] Hand: [OP06-032,OP06-035,ST24-004,EB04-018,OP06-033]
[] Board: [OP06-025]
[] Trash: []
[] Life: 5
[] Hand: [OP08-069,ST34-004,ST34-005,ST34-004,ST34-005,ST34-003]
[] Trash: [OP07-077]
[] Board: [OP11-070]
[] Life: 5
[You] Draw 1 Card
[] Drew card from deck: Jinbe ["OP11-031">OP11-031]
RZ1|150|1|OP11-031|0|38|1|5|1|1|0|0|0
RZ1|CHK|150|1|38|6|1|5|9|1|0|0|1|0
RZ1|151|1|Don|4|8|5|1|1|1|0|0|0
RZ1|CHK|151|1|38|6|1|5|8|2|0|0|1|0
RZ1|152|1|Don|4|7|5|2|1|1|0|0|0
RZ1|CHK|152|1|38|6|1|5|7|3|0|0|1|0
[You] Draw 2 Don
[You] Attach 1 Don to Jinbe ["OP11-021">OP11-021] (1 Total)
RZ1|153|1|Don|5|2|9|9900|1|1|0|0|0
RZ1|CHK|153|1|38|6|1|5|7|2|0|0|1|1
[You] Jinbe ["OP11-021">OP11-021] attacking Charlotte Katakuri ["OP11-062">OP11-062]
Jinbe ["OP11-021">OP11-021][6000] vs Charlotte Katakuri ["OP11-062">OP11-062][5000]
Charlotte Katakuri ["OP11-062">OP11-062] hit for 1 damage
RZ1|154|2|OP15-069|3|4|1|6|1|1|0|0|0
RZ1|CHK|154|2|37|7|1|4|8|2|1|0|1|0
RZ1|155|1|Don|5|0|5|0|1|1|1|0|0
RZ1|CHK|155|1|38|6|1|5|7|2|0|0|1|1
RZ1|156|1|Don|5|1|5|1|1|1|1|0|0
RZ1|CHK|156|1|38|6|1|5|7|2|0|0|1|1
[You] Deploy Hammond ["OP06-032">OP06-032]
RZ1|157|1|OP06-032|1|0|2|1|1|1|0|0|0
RZ1|CHK|157|1|38|5|2|5|7|2|0|0|1|1
[You] Jinbe ["OP11-021">OP11-021]: Activate 1 Don
RZ1|158|1|Don|5|1|5|1|1|1|0|0|0
RZ1|CHK|158|1|38|5|2|5|7|2|0|0|1|1
[] Hand: [OP06-035,ST24-004,EB04-018,OP06-033,OP11-031]
[] Board: [OP06-025,OP06-032]
[] Trash: []
[] Life: 5
[] Hand: [OP08-069,ST34-004,ST34-005,ST34-004,ST34-005,ST34-003,OP15-069]
[] Trash: [OP07-077]
[] Board: [OP11-070]
[] Life: 4
[You] End Turn
[] Hand: [OP08-069,ST34-004,ST34-005,ST34-004,ST34-005,ST34-003,OP15-069]
[] Board: [OP11-070]
[] Trash: [OP07-077]
[] Life: 4
[] Hand: [OP06-035,ST24-004,EB04-018,OP06-033,OP11-031]
[] Trash: []
[] Board: [OP06-025,OP06-032]
[] Life: 5
[Opponent] Draw 1 Card
[] Drew card from deck: Charlotte Cracker ["ST34-002">ST34-002]
RZ1|159|2|ST34-002|0|36|1|7|1|1|0|0|0
RZ1|CHK|159|2|36|8|1|4|8|2|1|0|1|0
RZ1|160|2|Don|4|7|5|2|1|1|0|0|0
RZ1|CHK|160|2|36|8|1|4|7|3|1|0|1|0
RZ1|161|2|Don|4|6|5|3|1|1|0|0|0
RZ1|CHK|161|2|36|8|1|4|6|4|1|0|1|0
[Opponent] Draw 2 Don
RZ1|162|2|Don|5|0|5|0|1|1|1|0|0
RZ1|CHK|162|2|36|8|1|4|6|4|1|0|1|0
RZ1|163|2|Don|5|1|5|1|1|1|1|0|0
RZ1|CHK|163|2|36|8|1|4|6|4|1|0|1|0
RZ1|164|2|Don|5|2|5|2|1|1|1|0|0
RZ1|CHK|164|2|36|8|1|4|6|4|1|0|1|0
RZ1|165|2|Don|5|3|5|3|1|1|1|0|0
RZ1|CHK|165|2|36|8|1|4|6|4|1|0|1|0
[Opponent] Deploy Charlotte Cracker ["ST34-002">ST34-002]
RZ1|166|2|ST34-002|1|7|2|1|1|1|0|0|0
RZ1|CHK|166|2|36|7|2|4|6|4|1|0|1|0
Charlotte Cracker ["ST34-002">ST34-002]: Draw 1 Rested Don
RZ1|167|2|Don|4|5|5|0|1|1|1|0|0
RZ1|CHK|167|2|36|7|2|4|5|5|1|0|1|0
[Opponent] Charlotte Cracker ["ST34-002">ST34-002]: Destroy Hammond ["OP06-032">OP06-032]
RZ1|168|1|OP06-032|2|1|6|0|1|1|0|0|0
RZ1|CHK|168|1|38|5|1|5|7|2|1|0|1|1
[Opponent] Charlotte Katakuri ["OP11-062">OP11-062] attacking Jinbe ["OP11-021">OP11-021]
Charlotte Katakuri ["OP11-062">OP11-062][5000] vs Jinbe ["OP11-021">OP11-021][5000]
Jinbe ["OP11-021">OP11-021] hit for 1 damage
RZ1|169|1|OP13-040|3|4|1|5|1|1|0|0|0
RZ1|CHK|169|1|38|6|1|4|7|2|1|0|1|1
[] Hand: [OP08-069,ST34-004,ST34-005,ST34-004,ST34-005,ST34-003,OP15-069]
[] Board: [OP11-070,ST34-002]
[] Trash: [OP07-077]
[] Life: 4
[] Hand: [OP06-035,ST24-004,EB04-018,OP06-033,OP11-031,OP13-040]
[] Trash: [OP06-032]
[] Board: [OP06-025]
[] Life: 4
[Opponent] End Turn
[] Hand: [OP06-035,ST24-004,EB04-018,OP06-033,OP11-031,OP13-040]
[] Board: [OP06-025]
[] Trash: [OP06-032]
[] Life: 4
[] Hand: [OP08-069,ST34-004,ST34-005,ST34-004,ST34-005,ST34-003,OP15-069]
[] Trash: [OP07-077]
[] Board: [OP11-070,ST34-002]
[] Life: 4
RZ1|170|1|Don|9|9900|5|0|1|1|1|0|0
RZ1|CHK|170|1|38|6|1|4|7|3|1|0|1|0
[You] Draw 1 Card
[] Drew card from deck: Charlotte Praline ["OP11-029">OP11-029]
RZ1|171|1|OP11-029|0|37|1|6|1|1|0|0|0
RZ1|CHK|171|1|37|7|1|4|7|3|1|0|1|0
RZ1|172|1|Don|4|6|5|3|1|1|0|0|0
RZ1|CHK|172|1|37|7|1|4|6|4|1|0|1|0
RZ1|173|1|Don|4|5|5|4|1|1|0|0|0
RZ1|CHK|173|1|37|7|1|4|5|5|1|0|1|0
[You] Draw 2 Don
RZ1|174|1|Don|5|0|5|0|1|1|1|0|0
RZ1|CHK|174|1|37|7|1|4|5|5|1|0|1|0
RZ1|175|1|Don|5|1|5|1|1|1|1|0|0
RZ1|CHK|175|1|37|7|1|4|5|5|1|0|1|0
RZ1|176|1|Don|5|2|5|2|1|1|1|0|0
RZ1|CHK|176|1|37|7|1|4|5|5|1|0|1|0
[You] Deploy Charlotte Praline ["OP11-029">OP11-029]
RZ1|177|1|OP11-029|1|6|2|1|1|1|0|0|0
RZ1|CHK|177|1|37|6|2|4|5|5|1|0|1|0
[You] Charlotte Praline ["OP11-029">OP11-029]: Rest Charlotte Pudding ["OP11-070">OP11-070]
[You] Camie ["OP06-025">OP06-025] attacking Charlotte Pudding ["OP11-070">OP11-070]
Camie ["OP06-025">OP06-025][2000] vs Charlotte Pudding ["OP11-070">OP11-070][0]
[Opponent] Charlotte Pudding ["OP11-070">OP11-070] Destroyed
RZ1|178|2|OP11-070|2|0|6|1|1|1|0|0|0
RZ1|CHK|178|2|36|7|1|4|5|5|2|0|1|0
[You] Attach 1 Don to Jinbe ["OP11-021">OP11-021] (1 Total)
RZ1|179|1|Don|5|4|9|9900|1|1|0|0|0
RZ1|CHK|179|1|37|6|2|4|5|4|1|0|1|1
[You] Attach 1 Don to Jinbe ["OP11-021">OP11-021] (2 Total)
RZ1|180|1|Don|5|3|9|9901|1|1|0|0|0
RZ1|CHK|180|1|37|6|2|4|5|3|1|0|1|2
[You] Jinbe ["OP11-021">OP11-021] attacking Charlotte Katakuri ["OP11-062">OP11-062]
Jinbe ["OP11-021">OP11-021][7000] vs Charlotte Katakuri ["OP11-062">OP11-062][5000]
Charlotte Katakuri ["OP11-062">OP11-062] hit for 1 damage
RZ1|181|2|ST34-002|3|3|1|7|1|1|0|0|0
RZ1|CHK|181|2|36|8|1|3|5|5|2|0|1|0
[You] Jinbe ["OP11-021">OP11-021]: Activate 1 Don
RZ1|182|1|Don|5|2|5|2|1|1|0|0|0
RZ1|CHK|182|1|37|6|2|4|5|3|1|0|1|2
[] Hand: [OP06-035,ST24-004,EB04-018,OP06-033,OP11-031,OP13-040]
[] Board: [OP06-025,OP11-029]
[] Trash: [OP06-032]
[] Life: 4
[] Hand: [OP08-069,ST34-004,ST34-005,ST34-004,ST34-005,ST34-003,OP15-069,ST34-002]
[] Trash: [OP07-077,OP11-070]
[] Board: [ST34-002]
[] Life: 3
[You] End Turn
[] Hand: [OP08-069,ST34-004,ST34-005,ST34-004,ST34-005,ST34-003,OP15-069,ST34-002]
[] Board: [ST34-002]
[] Trash: [OP07-077,OP11-070]
[] Life: 3
[] Hand: [OP06-035,ST24-004,EB04-018,OP06-033,OP11-031,OP13-040]
[] Trash: [OP06-032]
[] Board: [OP06-025,OP11-029]
[] Life: 4
[Opponent] Draw 1 Card
[] Drew card from deck: Charlotte Linlin ["ST34-004">ST34-004]
RZ1|183|2|ST34-004|0|35|1|8|1|1|0|0|0
RZ1|CHK|183|2|35|9|1|3|5|5|2|0|1|0
RZ1|184|2|Don|4|4|5|5|1|1|0|0|0
RZ1|CHK|184|2|35|9|1|3|4|6|2|0|1|0
RZ1|185|2|Don|4|3|5|6|1|1|0|0|0
RZ1|CHK|185|2|35|9|1|3|3|7|2|0|1|0
[Opponent] Draw 2 Don
RZ1|186|2|Don|5|0|5|0|1|1|1|0|0
RZ1|CHK|186|2|35|9|1|3|3|7|2|0|1|0
RZ1|187|2|Don|5|1|5|1|1|1|1|0|0
RZ1|CHK|187|2|35|9|1|3|3|7|2|0|1|0
RZ1|188|2|Don|5|2|5|2|1|1|1|0|0
RZ1|CHK|188|2|35|9|1|3|3|7|2|0|1|0
RZ1|189|2|Don|5|3|5|3|1|1|1|0|0
RZ1|CHK|189|2|35|9|1|3|3|7|2|0|1|0
[Opponent] Deploy Charlotte Cracker ["ST34-002">ST34-002]
RZ1|190|2|ST34-002|1|7|2|1|1|1|0|0|0
RZ1|CHK|190|2|35|8|2|3|3|7|2|0|1|0
Charlotte Cracker ["ST34-002">ST34-002]: Draw 1 Rested Don
RZ1|191|2|Don|4|2|5|0|1|1|1|0|0
RZ1|CHK|191|2|35|8|2|3|2|8|2|0|1|0
[Opponent] Charlotte Cracker ["ST34-002">ST34-002]: Destroy Camie ["OP06-025">OP06-025]
RZ1|192|1|OP06-025|2|0|6|1|1|1|0|0|0
RZ1|CHK|192|1|37|6|1|4|5|3|2|0|1|2
RZ1|193|2|Don|5|5|5|5|1|1|1|0|0
RZ1|CHK|193|2|35|8|2|3|2|8|2|0|1|0
[Opponent] Deploy Charlotte Brulee ["ST34-003">ST34-003]
RZ1|194|2|ST34-003|1|5|2|2|1|1|0|0|0
RZ1|CHK|194|2|35|7|3|3|2|8|2|0|1|0
RZ1|195|2|ST34-002|0|32|1|7|1|1|0|0|0
RZ1|CHK|195|2|34|8|3|3|2|8|2|0|1|0
[Opponent] Charlotte Brulee ["ST34-003">ST34-003]: <b>Reveal and Draw Charlotte Cracker ["ST34-002">ST34-002]</b>
[Opponent] Placing Cards on Bottom of Deck
RZ1|196|2|ST18-001|0|33|0|0|0|0|0|0|0
RZ1|CHK|196|2|34|8|3|3|2|8|2|0|1|0
RZ1|197|2|OP15-078|0|33|0|0|0|0|0|0|0
RZ1|CHK|197|2|34|8|3|3|2|8|2|0|1|0
RZ1|198|2|Don|5|6|5|6|1|1|1|0|0
RZ1|CHK|198|2|34|8|3|3|2|8|2|0|1|0
[Opponent] Deploy Nola ["OP15-069">OP15-069]
RZ1|199|2|OP15-069|1|5|2|3|1|1|0|0|0
RZ1|CHK|199|2|34|7|4|3|2|8|2|0|1|0
[Opponent] Charlotte Katakuri ["OP11-062">OP11-062] attacking Jinbe ["OP11-021">OP11-021]
Charlotte Katakuri ["OP11-062">OP11-062][5000] vs Jinbe ["OP11-021">OP11-021][5000]
Jinbe ["OP11-021">OP11-021] hit for 1 damage
RZ1|200|1|EB04-020|3|3|1|6|1|1|0|0|0
RZ1|CHK|200|1|37|7|1|3|5|3|2|0|1|2
[You] Shark Brick Fist ["EB04-020">EB04-020]: Activate Trigger
RZ1|201|1|EB04-020|1|6|6|2|1|1|0|0|0
RZ1|CHK|201|1|37|6|1|3|5|3|3|0|1|2
[You] Shark Brick Fist ["EB04-020">EB04-020]: Rest Charlotte Cracker ["ST34-002">ST34-002]
[] Hand: [OP08-069,ST34-004,ST34-005,ST34-004,ST34-005,ST34-004,ST34-002]
[] Board: [ST34-002,ST34-002,ST34-003,OP15-069]
[] Trash: [OP07-077,OP11-070]
[] Life: 3
[] Hand: [OP06-035,ST24-004,EB04-018,OP06-033,OP11-031,OP13-040]
[] Trash: [OP06-032,OP06-025,EB04-020]
[] Board: [OP11-029]
[] Life: 3
[Opponent] End Turn
[] Hand: [OP06-035,ST24-004,EB04-018,OP06-033,OP11-031,OP13-040]
[] Board: [OP11-029]
[] Trash: [OP06-032,OP06-025,EB04-020]
[] Life: 3
[] Hand: [OP08-069,ST34-004,ST34-005,ST34-004,ST34-005,ST34-004,ST34-002]
[] Trash: [OP07-077,OP11-070]
[] Board: [ST34-002,ST34-002,ST34-003,OP15-069]
[] Life: 3
RZ1|202|1|Don|9|9900|5|0|1|1|1|0|0
RZ1|CHK|202|1|37|6|1|3|5|4|3|0|1|1
RZ1|203|1|Don|9|9900|5|0|1|1|1|0|0
RZ1|CHK|203|1|37|6|1|3|5|5|3|0|1|0
[You] Draw 1 Card
[] Drew card from deck: Jinbe ["OP11-031">OP11-031]
RZ1|204|1|OP11-031|0|36|1|6|1|1|0|0|0
RZ1|CHK|204|1|36|7|1|3|5|5|3|0|1|0
RZ1|205|1|Don|4|4|5|5|1|1|0|0|0
RZ1|CHK|205|1|36|7|1|3|4|6|3|0|1|0
RZ1|206|1|Don|4|3|5|6|1|1|0|0|0
RZ1|CHK|206|1|36|7|1|3|3|7|3|0|1|0
[You] Draw 2 Don
RZ1|207|1|Don|5|0|5|0|1|1|1|0|0
RZ1|CHK|207|1|36|7|1|3|3|7|3|0|1|0
RZ1|208|1|Don|5|1|5|1|1|1|1|0|0
RZ1|CHK|208|1|36|7|1|3|3|7|3|0|1|0
RZ1|209|1|Don|5|2|5|2|1|1|1|0|0
RZ1|CHK|209|1|36|7|1|3|3|7|3|0|1|0
RZ1|210|1|Don|5|3|5|3|1|1|1|0|0
RZ1|CHK|210|1|36|7|1|3|3|7|3|0|1|0
RZ1|211|1|Don|5|4|5|4|1|1|1|0|0
RZ1|CHK|211|1|36|7|1|3|3|7|3|0|1|0
RZ1|212|1|Don|5|5|5|5|1|1|1|0|0
RZ1|CHK|212|1|36|7|1|3|3|7|3|0|1|0
[You] Deploy Jinbe ["OP11-031">OP11-031]
RZ1|213|1|OP11-031|1|6|2|1|1|1|0|0|0
RZ1|CHK|213|1|36|6|2|3|3|7|3|0|1|0
[You] Jinbe ["OP11-031">OP11-031]: Rest Charlotte Cracker ["ST34-002">ST34-002]
[You] Attach 1 Don to Jinbe ["OP11-021">OP11-021] (1 Total)
RZ1|214|1|Don|5|6|9|9900|1|1|0|0|0
RZ1|CHK|214|1|36|6|2|3|3|6|3|0|1|1
[You] Jinbe ["OP11-021">OP11-021] attacking Charlotte Cracker ["ST34-002">ST34-002]
Jinbe ["OP11-021">OP11-021][6000] vs Charlotte Cracker ["ST34-002">ST34-002][5000]
[Opponent] Charlotte Cracker ["ST34-002">ST34-002] Destroyed
RZ1|215|2|ST34-002|2|0|6|2|1|1|0|0|0
RZ1|CHK|215|2|34|7|3|3|2|8|3|0|1|0
[You] Jinbe ["OP11-021">OP11-021]: Activate 1 Don
RZ1|216|1|Don|5|5|5|5|1|1|0|0|0
RZ1|CHK|216|1|36|6|2|3|3|6|3|0|1|1
[] Hand: [OP06-035,ST24-004,EB04-018,OP06-033,OP11-031,OP13-040]
[] Board: [OP11-029,OP11-031]
[] Trash: [OP06-032,OP06-025,EB04-020]
[] Life: 3
[] Hand: [OP08-069,ST34-004,ST34-005,ST34-004,ST34-005,ST34-004,ST34-002]
[] Trash: [OP07-077,OP11-070,ST34-002]
[] Board: [ST34-002,ST34-003,OP15-069]
[] Life: 3
[You] End Turn
[] Hand: [OP08-069,ST34-004,ST34-005,ST34-004,ST34-005,ST34-004,ST34-002]
[] Board: [ST34-002,ST34-003,OP15-069]
[] Trash: [OP07-077,OP11-070,ST34-002]
[] Life: 3
[] Hand: [OP06-035,ST24-004,EB04-018,OP06-033,OP11-031,OP13-040]
[] Trash: [OP06-032,OP06-025,EB04-020]
[] Board: [OP11-029,OP11-031]
[] Life: 3
[Opponent] Draw 1 Card
[] Drew card from deck: Baron Tamago & Pekoms ["ST34-005">ST34-005]
RZ1|217|2|ST34-005|0|33|1|7|1|1|0|0|0
RZ1|CHK|217|2|33|8|3|3|2|8|3|0|1|0
RZ1|218|2|Don|4|1|5|8|1|1|0|0|0
RZ1|CHK|218|2|33|8|3|3|1|9|3|0|1|0
RZ1|219|2|Don|4|0|5|9|1|1|0|0|0
RZ1|CHK|219|2|33|8|3|3|0|10|3|0|1|0
[Opponent] Draw 2 Don
RZ1|220|2|Don|5|0|5|0|1|1|1|0|0
RZ1|CHK|220|2|33|8|3|3|0|10|3|0|1|0
RZ1|221|2|Don|5|1|5|1|1|1|1|0|0
RZ1|CHK|221|2|33|8|3|3|0|10|3|0|1|0
RZ1|222|2|Don|5|2|5|2|1|1|1|0|0
RZ1|CHK|222|2|33|8|3|3|0|10|3|0|1|0
RZ1|223|2|Don|5|3|5|3|1|1|1|0|0
RZ1|CHK|223|2|33|8|3|3|0|10|3|0|1|0
RZ1|224|2|Don|5|4|5|4|1|1|1|0|0
RZ1|CHK|224|2|33|8|3|3|0|10|3|0|1|0
RZ1|225|2|Don|5|5|5|5|1|1|1|0|0
RZ1|CHK|225|2|33|8|3|3|0|10|3|0|1|0
RZ1|226|2|Don|5|6|5|6|1|1|1|0|0
RZ1|CHK|226|2|33|8|3|3|0|10|3|0|1|0
RZ1|227|2|Don|5|7|5|7|1|1|1|0|0
RZ1|CHK|227|2|33|8|3|3|0|10|3|0|1|0
RZ1|228|2|Don|5|8|5|8|1|1|1|0|0
RZ1|CHK|228|2|33|8|3|3|0|10|3|0|1|0
RZ1|229|2|Don|5|9|5|9|1|1|1|0|0
RZ1|CHK|229|2|33|8|3|3|0|10|3|0|1|0
[Opponent] Deploy Charlotte Linlin ["ST34-004">ST34-004]
RZ1|230|2|ST34-004|1|1|2|3|1|1|0|0|0
RZ1|CHK|230|2|33|7|4|3|0|10|3|0|1|0
RZ1|231|2|Don|5|0|4|0|1|1|0|0|0
RZ1|CHK|231|2|33|7|4|3|1|9|3|0|1|0
RZ1|232|2|Don|5|0|4|1|1|1|0|0|0
RZ1|CHK|232|2|33|7|4|3|2|8|3|0|1|0
RZ1|233|2|Don|5|0|4|2|1|1|0|0|0
RZ1|CHK|233|2|33|7|4|3|3|7|3|0|1|0
RZ1|234|2|Don|5|0|4|3|1|1|0|0|0
RZ1|CHK|234|2|33|7|4|3|4|6|3|0|1|0
[Opponent] Charlotte Linlin ["ST34-004">ST34-004]: Minus 4 Don
[Opponent] Charlotte Katakuri ["OP11-062">OP11-062] attacking Jinbe ["OP11-021">OP11-021]
[You] Charlotte Praline ["OP11-029">OP11-029] Blocks
[You] Discard Megalo ["EB04-018">EB04-018] for Counter 2000
RZ1|235|1|EB04-018|1|2|6|3|1|1|0|0|0
RZ1|CHK|235|1|36|5|2|3|3|6|4|0|1|1
Charlotte Katakuri ["OP11-062">OP11-062][5000] vs Charlotte Praline ["OP11-029">OP11-029][6000]
Attack Fails
[Opponent] Charlotte Cracker ["ST34-002">ST34-002] attacking Charlotte Praline ["OP11-029">OP11-029]
Charlotte Cracker ["ST34-002">ST34-002][5000] vs Charlotte Praline ["OP11-029">OP11-029][4000]
[You] Charlotte Praline ["OP11-029">OP11-029] Destroyed
RZ1|236|1|OP11-029|2|0|6|4|1|1|0|0|0
RZ1|CHK|236|1|36|5|1|3|3|6|5|0|1|1
[] Hand: [OP08-069,ST34-005,ST34-004,ST34-005,ST34-004,ST34-002,ST34-005]
[] Board: [ST34-002,ST34-003,OP15-069,ST34-004]
[] Trash: [OP07-077,OP11-070,ST34-002]
[] Life: 3
[] Hand: [OP06-035,ST24-004,OP06-033,OP11-031,OP13-040]
[] Trash: [OP06-032,OP06-025,EB04-020,EB04-018,OP11-029]
[] Board: [OP11-031]
[] Life: 3
[Opponent] End Turn
[] Hand: [OP06-035,ST24-004,OP06-033,OP11-031,OP13-040]
[] Board: [OP11-031]
[] Trash: [OP06-032,OP06-025,EB04-020,EB04-018,OP11-029]
[] Life: 3
[] Hand: [OP08-069,ST34-005,ST34-004,ST34-005,ST34-004,ST34-002,ST34-005]
[] Trash: [OP07-077,OP11-070,ST34-002]
[] Board: [ST34-002,ST34-003,OP15-069,ST34-004]
[] Life: 3
RZ1|237|1|Don|9|9900|5|0|1|1|1|0|0
RZ1|CHK|237|1|36|5|1|3|3|7|5|0|1|0
[You] Draw 1 Card
[] Drew card from deck: I Know You're Strong... So I'll Go All Out ["OP13-040">OP13-040]
RZ1|238|1|OP13-040|0|35|1|5|1|1|0|0|0
RZ1|CHK|238|1|35|6|1|3|3|7|5|0|1|0
RZ1|239|1|Don|4|2|5|7|1|1|0|0|0
RZ1|CHK|239|1|35|6|1|3|2|8|5|0|1|0
RZ1|240|1|Don|4|1|5|8|1|1|0|0|0
RZ1|CHK|240|1|35|6|1|3|1|9|5|0|1|0
[You] Draw 2 Don
RZ1|241|1|Don|5|0|5|0|1|1|1|0|0
RZ1|CHK|241|1|35|6|1|3|1|9|5|0|1|0
RZ1|242|1|Don|5|1|5|1|1|1|1|0|0
RZ1|CHK|242|1|35|6|1|3|1|9|5|0|1|0
RZ1|243|1|Don|5|2|5|2|1|1|1|0|0
RZ1|CHK|243|1|35|6|1|3|1|9|5|0|1|0
RZ1|244|1|Don|5|3|5|3|1|1|1|0|0
RZ1|CHK|244|1|35|6|1|3|1|9|5|0|1|0
RZ1|245|1|Don|5|4|5|4|1|1|1|0|0
RZ1|CHK|245|1|35|6|1|3|1|9|5|0|1|0
RZ1|246|1|Don|5|5|5|5|1|1|1|0|0
RZ1|CHK|246|1|35|6|1|3|1|9|5|0|1|0
RZ1|247|1|Don|5|6|5|6|1|1|1|0|0
RZ1|CHK|247|1|35|6|1|3|1|9|5|0|1|0
[You] Deploy Hody Jones ["OP06-035">OP06-035]
RZ1|248|1|OP06-035|1|0|2|1|1|1|0|0|0
RZ1|CHK|248|1|35|5|2|3|1|9|5|0|1|0
[You] Hody Jones ["OP06-035">OP06-035]: Rest Charlotte Linlin ["ST34-004">ST34-004]
[You] Hody Jones ["OP06-035">OP06-035]: Rest Nola ["OP15-069">OP15-069]
[You] Hody Jones ["OP06-035">OP06-035]: Takes Top Life
RZ1|249|1|OP06-035|3|2|1|5|1|1|0|0|0
RZ1|CHK|249|1|35|6|2|2|1|9|5|0|1|0
[You] Hody Jones ["OP06-035">OP06-035] attacking Charlotte Katakuri ["OP11-062">OP11-062]
Hody Jones ["OP06-035">OP06-035][8000] vs Charlotte Katakuri ["OP11-062">OP11-062][5000]
Charlotte Katakuri ["OP11-062">OP11-062] hit for 1 damage
RZ1|250|2|ST34-002|3|2|1|7|1|1|0|0|0
RZ1|CHK|250|2|33|8|4|2|4|6|3|0|1|0
[You] Attach 1 Don to Jinbe ["OP11-021">OP11-021] (1 Total)
RZ1|251|1|Don|5|8|9|9900|1|1|0|0|0
RZ1|CHK|251|1|35|6|2|2|1|8|5|0|1|1
[You] Attach 1 Don to Jinbe ["OP11-021">OP11-021] (2 Total)
RZ1|252|1|Don|5|7|9|9901|1|1|0|0|0
RZ1|CHK|252|1|35|6|2|2|1|7|5|0|1|2
[You] Jinbe ["OP11-021">OP11-021] attacking Charlotte Cracker ["ST34-002">ST34-002]
Jinbe ["OP11-021">OP11-021][7000] vs Charlotte Cracker ["ST34-002">ST34-002][5000]
[Opponent] Charlotte Cracker ["ST34-002">ST34-002] Destroyed
RZ1|253|2|ST34-002|2|0|6|3|1|1|0|0|0
RZ1|CHK|253|2|33|8|3|2|4|6|4|0|1|0
[You] Jinbe ["OP11-031">OP11-031] attacking Charlotte Katakuri ["OP11-062">OP11-062]
Jinbe ["OP11-031">OP11-031][8000] vs Charlotte Katakuri ["OP11-062">OP11-062][5000]
Charlotte Katakuri ["OP11-062">OP11-062] hit for 1 damage
RZ1|254|2|ST34-001|3|1|1|8|1|1|0|0|0
RZ1|CHK|254|2|33|9|3|1|4|6|4|0|1|0
[You] Jinbe ["OP11-021">OP11-021]: Set Hody Jones ["OP06-035">OP06-035] to Active
[You] Jinbe ["OP11-021">OP11-021]: Activate 1 Don
RZ1|255|1|Don|5|6|5|6|1|1|0|0|0
RZ1|CHK|255|1|35|6|2|2|1|7|5|0|1|2
[] Hand: [ST24-004,OP06-033,OP11-031,OP13-040,OP13-040,OP06-035]
[] Board: [OP11-031,OP06-035]
[] Trash: [OP06-032,OP06-025,EB04-020,EB04-018,OP11-029]
[] Life: 2
[] Hand: [OP08-069,ST34-005,ST34-004,ST34-005,ST34-004,ST34-002,ST34-005,ST34-002,ST34-001]
[] Trash: [OP07-077,OP11-070,ST34-002,ST34-002]
[] Board: [ST34-003,OP15-069,ST34-004]
[] Life: 1
[You] End Turn
[] Hand: [OP08-069,ST34-005,ST34-004,ST34-005,ST34-004,ST34-002,ST34-005,ST34-002,ST34-001]
[] Board: [ST34-003,OP15-069,ST34-004]
[] Trash: [OP07-077,OP11-070,ST34-002,ST34-002]
[] Life: 1
[] Hand: [ST24-004,OP06-033,OP11-031,OP13-040,OP13-040,OP06-035]
[] Trash: [OP06-032,OP06-025,EB04-020,EB04-018,OP11-029]
[] Board: [OP11-031,OP06-035]
[] Life: 2
[Opponent] Draw 1 Card
[] Drew card from deck: Charlotte Katakuri ["ST34-001">ST34-001]
RZ1|256|2|ST34-001|0|32|1|9|1|1|0|0|0
RZ1|CHK|256|2|32|10|3|1|4|6|4|0|1|0
RZ1|257|2|Don|4|3|5|6|1|1|0|0|0
RZ1|CHK|257|2|32|10|3|1|3|7|4|0|1|0
RZ1|258|2|Don|4|2|5|7|1|1|0|0|0
RZ1|CHK|258|2|32|10|3|1|2|8|4|0|1|0
[Opponent] Draw 2 Don
[Opponent] Charlotte Linlin ["ST34-004">ST34-004] attacking Jinbe ["OP11-021">OP11-021]
Charlotte Linlin ["ST34-004">ST34-004][12000] vs Jinbe ["OP11-021">OP11-021][5000]
Jinbe ["OP11-021">OP11-021] hit for 1 damage
RZ1|259|1|OP11-029|3|1|1|6|1|1|0|0|0
RZ1|CHK|259|1|35|7|2|1|1|7|5|0|1|2
[Opponent] Charlotte Katakuri ["OP11-062">OP11-062] attacking Jinbe ["OP11-021">OP11-021]
[You] Discard Charlotte Praline ["OP11-029">OP11-029] for Counter 1000
RZ1|260|1|OP11-029|1|6|6|5|1|1|0|0|0
RZ1|CHK|260|1|35|6|2|1|1|7|6|0|1|2
Charlotte Katakuri ["OP11-062">OP11-062][5000] vs Jinbe ["OP11-021">OP11-021][6000]
Attack Fails
RZ1|261|2|Don|5|0|9|0|1|1|0|0|0
RZ1|CHK|261|2|32|10|3|1|2|7|4|0|1|1
RZ1|262|2|Don|5|0|9|1|1|1|0|0|0
RZ1|CHK|262|2|32|10|3|1|2|6|4|0|1|2
RZ1|263|2|Don|5|0|9|2|1|1|0|0|0
RZ1|CHK|263|2|32|10|3|1|2|5|4|0|1|3
[Opponent] Attach 3 Don to Charlotte Brulee ["ST34-003">ST34-003] (3 Total)
[Opponent] Charlotte Brulee ["ST34-003">ST34-003] attacking Jinbe ["OP11-021">OP11-021]
[You] Discard Vander Decken IX ["OP06-033">OP06-033] for Counter 1000
RZ1|264|1|OP06-033|1|1|6|6|1|1|0|0|0
RZ1|CHK|264|1|35|5|2|1|1|7|7|0|1|2
Charlotte Brulee ["ST34-003">ST34-003][5000] vs Jinbe ["OP11-021">OP11-021][6000]
Attack Fails
RZ1|265|2|Don|5|0|5|0|1|1|1|0|0
RZ1|CHK|265|2|32|10|3|1|2|5|4|0|1|3
RZ1|266|2|Don|5|1|5|1|1|1|1|0|0
RZ1|CHK|266|2|32|10|3|1|2|5|4|0|1|3
RZ1|267|2|Don|5|2|5|2|1|1|1|0|0
RZ1|CHK|267|2|32|10|3|1|2|5|4|0|1|3
RZ1|268|2|Don|5|3|5|3|1|1|1|0|0
RZ1|CHK|268|2|32|10|3|1|2|5|4|0|1|3
[Opponent] Deploy Charlotte Cracker ["ST34-002">ST34-002]
RZ1|269|2|ST34-002|1|5|2|3|1|1|0|0|0
RZ1|CHK|269|2|32|9|4|1|2|5|4|0|1|3
Charlotte Cracker ["ST34-002">ST34-002]: Draw 1 Rested Don
RZ1|270|2|Don|4|1|5|0|1|1|1|0|0
RZ1|CHK|270|2|32|9|4|1|1|6|4|0|1|3
[] Hand: [OP08-069,ST34-005,ST34-004,ST34-005,ST34-004,ST34-005,ST34-002,ST34-001,ST34-001]
[] Board: [ST34-003,OP15-069,ST34-004,ST34-002]
[] Trash: [OP07-077,OP11-070,ST34-002,ST34-002]
[] Life: 1
[] Hand: [ST24-004,OP11-031,OP13-040,OP13-040,OP06-035]
[] Trash: [OP06-032,OP06-025,EB04-020,EB04-018,OP11-029,OP11-029,OP06-033]
[] Board: [OP11-031,OP06-035]
[] Life: 1
[Opponent] End Turn
[] Hand: [ST24-004,OP11-031,OP13-040,OP13-040,OP06-035]
[] Board: [OP11-031,OP06-035]
[] Trash: [OP06-032,OP06-025,EB04-020,EB04-018,OP11-029,OP11-029,OP06-033]
[] Life: 1
[] Hand: [OP08-069,ST34-005,ST34-004,ST34-005,ST34-004,ST34-005,ST34-002,ST34-001,ST34-001]
[] Trash: [OP07-077,OP11-070,ST34-002,ST34-002]
[] Board: [ST34-003,OP15-069,ST34-004,ST34-002]
[] Life: 1
RZ1|271|1|Don|9|9900|5|0|1|1|1|0|0
RZ1|CHK|271|1|35|5|2|1|1|8|7|0|1|1
RZ1|272|1|Don|9|9900|5|0|1|1|1|0|0
RZ1|CHK|272|1|35|5|2|1|1|9|7|0|1|0
[You] Draw 1 Card
[] Drew card from deck: Megalo ["EB04-018">EB04-018]
RZ1|273|1|EB04-018|0|34|1|5|1|1|0|0|0
RZ1|CHK|273|1|34|6|2|1|1|9|7|0|1|0
RZ1|274|1|Don|4|0|5|9|1|1|0|0|0
RZ1|CHK|274|1|34|6|2|1|0|10|7|0|1|0
[You] Draw 2 Don
[You] Attach 4 Don to Jinbe ["OP11-021">OP11-021] (4 Total)
RZ1|275|1|Don|5|9|9|9900|1|1|0|0|0
RZ1|CHK|275|1|34|6|2|1|0|9|7|0|1|1
RZ1|276|1|Don|5|8|9|9901|1|1|0|0|0
RZ1|CHK|276|1|34|6|2|1|0|8|7|0|1|2
RZ1|277|1|Don|5|7|9|9902|1|1|0|0|0
RZ1|CHK|277|1|34|6|2|1|0|7|7|0|1|3
RZ1|278|1|Don|5|6|9|9903|1|1|0|0|0
RZ1|CHK|278|1|34|6|2|1|0|6|7|0|1|4
[You] Jinbe ["OP11-021">OP11-021] attacking Charlotte Katakuri ["OP11-062">OP11-062]
[Opponent] Discard Baron Tamago & Pekoms ["ST34-005">ST34-005] for Counter 2000
RZ1|279|2|ST34-005|1|1|6|4|1|1|0|0|0
RZ1|CHK|279|2|32|8|4|1|1|6|5|0|1|3
[Opponent] Discard Baron Tamago & Pekoms ["ST34-005">ST34-005] for Counter 2000
RZ1|280|2|ST34-005|1|2|6|5|1|1|0|0|0
RZ1|CHK|280|2|32|7|4|1|1|6|6|0|1|3
[Opponent] Discard Baron Tamago & Pekoms ["ST34-005">ST34-005] for Counter 2000
RZ1|281|2|ST34-005|1|3|6|6|1|1|0|0|0
RZ1|CHK|281|2|32|6|4|1|1|6|7|0|1|3
Jinbe ["OP11-021">OP11-021][9000] vs Charlotte Katakuri ["OP11-062">OP11-062][11000]
Attack Fails
[You] Attach 1 Don to Hody Jones ["OP06-035">OP06-035] (1 Total)
RZ1|282|1|Don|5|5|9|100|1|1|0|0|0
RZ1|CHK|282|1|34|6|2|1|0|5|7|0|1|5
[You] Attach 1 Don to Hody Jones ["OP06-035">OP06-035] (2 Total)
RZ1|283|1|Don|5|4|9|101|1|1|0|0|0
RZ1|CHK|283|1|34|6|2|1|0|4|7|0|1|6
[You] Hody Jones ["OP06-035">OP06-035] attacking Charlotte Katakuri ["OP11-062">OP11-062]
Hody Jones ["OP06-035">OP06-035][10000] vs Charlotte Katakuri ["OP11-062">OP11-062][5000]
Charlotte Katakuri ["OP11-062">OP11-062] hit for 1 damage
RZ1|284|2|PRB02-010|3|0|1|6|1|1|0|0|0
RZ1|CHK|284|2|32|7|4|0|1|6|7|0|1|3
[You] Attach 4 Don to Jinbe ["OP11-031">OP11-031] (4 Total)
RZ1|285|1|Don|5|0|9|0|1|1|0|0|0
RZ1|CHK|285|1|34|6|2|1|0|3|7|0|1|7
RZ1|286|1|Don|5|0|9|1|1|1|0|0|0
RZ1|CHK|286|1|34|6|2|1|0|2|7|0|1|8
RZ1|287|1|Don|5|0|9|2|1|1|0|0|0
RZ1|CHK|287|1|34|6|2|1|0|1|7|0|1|9
RZ1|288|1|Don|5|0|9|3|1|1|0|0|0
RZ1|CHK|288|1|34|6|2|1|0|0|7|0|1|10
[You] Jinbe ["OP11-031">OP11-031] attacking Charlotte Katakuri ["OP11-062">OP11-062]
Jinbe ["OP11-031">OP11-031][12000] vs Charlotte Katakuri ["OP11-062">OP11-062][5000]
Charlotte Katakuri ["OP11-062">OP11-062] hit for 1 damage
[Opponent] <b>Downloaded the Combat Log!</b>
GameOver