Version is 1.41b.51
[You] Leader is Kaido ["ST04-001">ST04-001]
[Opponent] Leader is Marshall D. Teach ["OP16-080">OP16-080]
RZ1|14|2|OP09-093|0|8|0|0|0|0|0|0|0
RZ1|CHK|14|2|50|0|0|0|10|0|0|0|1|0
RZ1|15|2|OP16-116|0|45|0|1|0|0|0|0|0
RZ1|CHK|15|2|50|0|0|0|10|0|0|0|1|0
RZ1|16|2|OP16-108|0|34|0|2|0|0|0|0|0
RZ1|CHK|16|2|50|0|0|0|10|0|0|0|1|0
RZ1|17|2|OP16-104|0|24|0|3|0|0|0|0|0
RZ1|CHK|17|2|50|0|0|0|10|0|0|0|1|0
RZ1|18|2|OP16-115|0|45|0|4|0|0|0|0|0
RZ1|CHK|18|2|50|0|0|0|10|0|0|0|1|0
RZ1|19|2|OP16-108|0|34|0|5|0|0|0|0|0
RZ1|CHK|19|2|50|0|0|0|10|0|0|0|1|0
RZ1|20|2|OP12-112|0|26|0|7|0|0|0|0|0
RZ1|CHK|20|2|50|0|0|0|10|0|0|0|1|0
RZ1|21|2|OP16-110|0|25|0|9|0|0|0|0|0
RZ1|CHK|21|2|50|0|0|0|10|0|0|0|1|0
RZ1|22|2|OP16-109|0|19|0|10|0|0|0|0|0
RZ1|CHK|22|2|50|0|0|0|10|0|0|0|1|0
RZ1|23|2|OP09-099|0|47|0|11|0|0|0|0|0
RZ1|CHK|23|2|50|0|0|0|10|0|0|0|1|0
RZ1|24|2|OP16-115|0|46|0|12|0|0|0|0|0
RZ1|CHK|24|2|50|0|0|0|10|0|0|0|1|0
RZ1|25|2|OP16-119|0|40|0|13|0|0|0|0|0
RZ1|CHK|25|2|50|0|0|0|10|0|0|0|1|0
RZ1|26|2|EB04-058|0|33|0|14|0|0|0|0|0
RZ1|CHK|26|2|50|0|0|0|10|0|0|0|1|0
RZ1|27|2|OP09-086|0|17|0|15|0|0|0|0|0
RZ1|CHK|27|2|50|0|0|0|10|0|0|0|1|0
RZ1|28|2|EB04-058|0|36|0|16|0|0|0|0|0
RZ1|CHK|28|2|50|0|0|0|10|0|0|0|1|0
RZ1|29|2|OP16-110|0|30|0|17|0|0|0|0|0
RZ1|CHK|29|2|50|0|0|0|10|0|0|0|1|0
RZ1|30|2|OP09-086|0|22|0|18|0|0|0|0|0
RZ1|CHK|30|2|50|0|0|0|10|0|0|0|1|0
RZ1|31|2|EB04-058|0|36|0|19|0|0|0|0|0
RZ1|CHK|31|2|50|0|0|0|10|0|0|0|1|0
RZ1|32|2|OP16-109|0|28|0|20|0|0|0|0|0
RZ1|CHK|32|2|50|0|0|0|10|0|0|0|1|0
RZ1|33|2|OP16-119|0|40|0|21|0|0|0|0|0
RZ1|CHK|33|2|50|0|0|0|10|0|0|0|1|0
RZ1|34|2|EB04-058|0|37|0|22|0|0|0|0|0
RZ1|CHK|34|2|50|0|0|0|10|0|0|0|1|0
RZ1|35|2|OP09-096|0|45|0|23|0|0|0|0|0
RZ1|CHK|35|2|50|0|0|0|10|0|0|0|1|0
RZ1|36|2|OP16-119|0|42|0|24|0|0|0|0|0
RZ1|CHK|36|2|50|0|0|0|10|0|0|0|1|0
RZ1|37|2|OP16-109|0|32|0|25|0|0|0|0|0
RZ1|CHK|37|2|50|0|0|0|10|0|0|0|1|0
RZ1|38|2|OP06-115|0|46|0|26|0|0|0|0|0
RZ1|CHK|38|2|50|0|0|0|10|0|0|0|1|0
RZ1|39|2|OP16-108|0|42|0|27|0|0|0|0|0
RZ1|CHK|39|2|50|0|0|0|10|0|0|0|1|0
RZ1|40|2|OP09-099|0|49|0|28|0|0|0|0|0
RZ1|CHK|40|2|50|0|0|0|10|0|0|0|1|0
RZ1|41|2|OP12-112|0|39|0|29|0|0|0|0|0
RZ1|CHK|41|2|50|0|0|0|10|0|0|0|1|0
RZ1|42|2|OP09-096|0|47|0|30|0|0|0|0|0
RZ1|CHK|42|2|50|0|0|0|10|0|0|0|1|0
RZ1|43|2|OP16-104|0|43|0|31|0|0|0|0|0
RZ1|CHK|43|2|50|0|0|0|10|0|0|0|1|0
RZ1|44|2|OP09-099|0|49|0|32|0|0|0|0|0
RZ1|CHK|44|2|50|0|0|0|10|0|0|0|1|0
RZ1|45|2|OP16-108|0|45|0|33|0|0|0|0|0
RZ1|CHK|45|2|50|0|0|0|10|0|0|0|1|0
RZ1|46|2|OP16-109|0|41|0|34|0|0|0|0|0
RZ1|CHK|46|2|50|0|0|0|10|0|0|0|1|0
RZ1|47|2|OP09-093|0|39|0|35|0|0|0|0|0
RZ1|CHK|47|2|50|0|0|0|10|0|0|0|1|0
RZ1|48|2|OP16-119|0|46|0|36|0|0|0|0|0
RZ1|CHK|48|2|50|0|0|0|10|0|0|0|1|0
RZ1|49|2|OP09-086|0|39|0|37|0|0|0|0|0
RZ1|CHK|49|2|50|0|0|0|10|0|0|0|1|0
RZ1|50|2|OP16-110|0|43|0|38|0|0|0|0|0
RZ1|CHK|50|2|50|0|0|0|10|0|0|0|1|0
RZ1|51|2|OP09-096|0|47|0|39|0|0|0|0|0
RZ1|CHK|51|2|50|0|0|0|10|0|0|0|1|0
RZ1|52|2|OP16-104|0|46|0|40|0|0|0|0|0
RZ1|CHK|52|2|50|0|0|0|10|0|0|0|1|0
RZ1|53|2|OP09-096|0|48|0|41|0|0|0|0|0
RZ1|CHK|53|2|50|0|0|0|10|0|0|0|1|0
RZ1|54|2|OP09-086|0|44|0|42|0|0|0|0|0
RZ1|CHK|54|2|50|0|0|0|10|0|0|0|1|0
RZ1|55|2|OP16-116|0|49|0|44|0|0|0|0|0
RZ1|CHK|55|2|50|0|0|0|10|0|0|0|1|0
RZ1|56|2|OP16-104|0|49|0|46|0|0|0|0|0
RZ1|CHK|56|2|50|0|0|0|10|0|0|0|1|0
RZ1|57|2|OP16-110|0|49|0|48|0|0|0|0|0
RZ1|CHK|57|2|50|0|0|0|10|0|0|0|1|0
[] Drew card from deck: Charlotte Pudding ["OP11-070">OP11-070]
RZ1|58|1|OP11-070|0|49|1|0|1|1|0|0|0
RZ1|CHK|58|1|49|1|0|0|10|0|0|0|1|0
[] Drew card from deck: Sanji & Pudding ["EB02-035">EB02-035]
RZ1|59|1|EB02-035|0|48|1|1|1|1|0|0|0
RZ1|CHK|59|1|48|2|0|0|10|0|0|0|1|0
[] Drew card from deck: Kaido ["ST04-003">ST04-003]
RZ1|60|1|ST04-003|0|47|1|2|1|1|0|0|0
RZ1|CHK|60|1|47|3|0|0|10|0|0|0|1|0
[] Drew card from deck: Kaido ["ST04-003">ST04-003]
RZ1|61|1|ST04-003|0|46|1|3|1|1|0|0|0
RZ1|CHK|61|1|46|4|0|0|10|0|0|0|1|0
[] Drew card from deck: Black Maria ["OP08-074">OP08-074]
RZ1|62|1|OP08-074|0|45|1|4|1|1|0|0|0
RZ1|CHK|62|1|45|5|0|0|10|0|0|0|1|0
[] Drew card from deck: Marshall D. Teach ["OP09-093">OP09-093]
RZ1|63|2|OP09-093|0|49|1|0|1|1|0|0|0
RZ1|CHK|63|2|49|1|0|0|10|0|0|0|1|0
[] Drew card from deck: Vasco Shot ["OP16-110">OP16-110]
RZ1|64|2|OP16-110|0|48|1|1|1|1|0|0|0
RZ1|CHK|64|2|48|2|0|0|10|0|0|0|1|0
[] Drew card from deck: Marshall D. Teach ["OP09-093">OP09-093]
RZ1|65|2|OP09-093|0|47|1|2|1|1|0|0|0
RZ1|CHK|65|2|47|3|0|0|10|0|0|0|1|0
[] Drew card from deck: Catarina Devon ["OP16-104">OP16-104]
RZ1|66|2|OP16-104|0|46|1|3|1|1|0|0|0
RZ1|CHK|66|2|46|4|0|0|10|0|0|0|1|0
[] Drew card from deck: Laffitte ["OP09-095">OP09-095]
RZ1|67|2|OP09-095|0|45|1|4|1|1|0|0|0
RZ1|CHK|67|2|45|5|0|0|10|0|0|0|1|0
RZ1|68|1|ST04-014|0|44|3|0|1|0|0|0|0
RZ1|CHK|68|1|44|5|0|1|10|0|0|0|1|0
RZ1|69|1|OP08-074|0|43|3|1|1|0|0|0|0
RZ1|CHK|69|1|43|5|0|2|10|0|0|0|1|0
RZ1|70|1|OP11-072|0|42|3|2|1|0|0|0|0
RZ1|CHK|70|1|42|5|0|3|10|0|0|0|1|0
RZ1|71|1|ST04-005|0|41|3|3|1|0|0|0|0
RZ1|CHK|71|1|41|5|0|4|10|0|0|0|1|0
RZ1|72|1|ST04-003|0|40|3|4|1|0|0|0|0
RZ1|CHK|72|1|40|5|0|5|10|0|0|0|1|0
RZ1|73|2|OP16-116|0|44|3|0|0|1|0|0|0
RZ1|CHK|73|2|44|5|0|1|10|0|0|0|1|0
RZ1|74|2|OP09-095|0|43|3|1|0|1|0|0|0
RZ1|CHK|74|2|43|5|0|2|10|0|0|0|1|0
RZ1|75|2|OP09-086|0|42|3|2|0|1|0|0|0
RZ1|CHK|75|2|42|5|0|3|10|0|0|0|1|0
RZ1|76|2|OP09-096|0|41|3|3|0|1|0|0|0
RZ1|CHK|76|2|41|5|0|4|10|0|0|0|1|0
[] Hand: [OP11-070,EB02-035,ST04-003,ST04-003,OP08-074]
[] Board: []
[] Trash: []
[] Life: 5
[] Hand: [OP09-093,OP16-110,OP09-093,OP16-104,OP09-095]
[] Trash: []
[] Board: []
[] Life: 4
RZ1|77|1|Don|4|9|5|0|1|1|0|0|0
RZ1|CHK|77|1|40|5|0|5|9|1|0|0|1|0
[You] Draw 1 Don
RZ1|78|1|Don|5|0|5|0|1|1|1|0|0
RZ1|CHK|78|1|40|5|0|5|9|1|0|0|1|0
[You] Deploy Charlotte Pudding ["OP11-070">OP11-070]
RZ1|79|1|OP11-070|1|0|2|0|1|1|0|0|0
RZ1|CHK|79|1|40|4|1|5|9|1|0|0|1|0
[You] <b>Picked no cards to Draw</b>
[You] Placing Cards on Bottom of Deck
RZ1|80|1|OP02-085|0|39|0|0|0|0|0|0|0
RZ1|CHK|80|1|40|4|1|5|9|1|0|0|1|0
RZ1|81|1|EB01-039|0|39|0|0|0|0|0|0|0
RZ1|CHK|81|1|40|4|1|5|9|1|0|0|1|0
RZ1|82|1|ST04-016|0|39|0|0|0|0|0|0|0
RZ1|CHK|82|1|40|4|1|5|9|1|0|0|1|0
RZ1|83|1|OP01-119|0|39|0|0|0|0|0|0|0
RZ1|CHK|83|1|40|4|1|5|9|1|0|0|1|0
RZ1|84|1|OP02-085|0|39|0|0|0|0|0|0|0
RZ1|CHK|84|1|40|4|1|5|9|1|0|0|1|0
[] Hand: [EB02-035,ST04-003,ST04-003,OP08-074]
[] Board: [OP11-070]
[] Trash: []
[] Life: 5
[] Hand: [OP09-093,OP16-110,OP09-093,OP16-104,OP09-095]
[] Trash: []
[] Board: []
[] Life: 4
[You] End Turn
[] Hand: [OP09-093,OP16-110,OP09-093,OP16-104,OP09-095]
[] Board: []
[] Trash: []
[] Life: 4
[] Hand: [EB02-035,ST04-003,ST04-003,OP08-074]
[] Trash: []
[] Board: [OP11-070]
[] Life: 5
[Opponent] Draw 1 Card
[] Drew card from deck: Catarina Devon ["OP16-104">OP16-104]
RZ1|85|2|OP16-104|0|40|1|5|1|1|0|0|0
RZ1|CHK|85|2|40|6|0|4|10|0|0|0|1|0
RZ1|86|2|Don|4|9|5|0|1|1|0|0|0
RZ1|CHK|86|2|40|6|0|4|9|1|0|0|1|0
RZ1|87|2|Don|4|8|5|1|1|1|0|0|0
RZ1|CHK|87|2|40|6|0|4|8|2|0|0|1|0
[Opponent] Draw 2 Don
RZ1|88|2|Don|5|0|5|0|1|1|1|0|0
RZ1|CHK|88|2|40|6|0|4|8|2|0|0|1|0
[Opponent] Deploy Vasco Shot ["OP16-110">OP16-110]
RZ1|89|2|OP16-110|1|1|2|0|1|1|0|0|0
RZ1|CHK|89|2|40|5|1|4|8|2|0|0|1|0
RZ1|90|2|Don|5|1|5|1|1|1|1|0|0
RZ1|CHK|90|2|40|5|1|4|8|2|0|0|1|0
[Opponent] Deploy Laffitte ["OP09-095">OP09-095]
RZ1|91|2|OP09-095|1|3|2|1|1|1|0|0|0
RZ1|CHK|91|2|40|4|2|4|8|2|0|0|1|0
[] Hand: [OP09-093,OP09-093,OP16-104,OP16-104]
[] Board: [OP16-110,OP09-095]
[] Trash: []
[] Life: 4
[] Hand: [EB02-035,ST04-003,ST04-003,OP08-074]
[] Trash: []
[] Board: [OP11-070]
[] Life: 5
[Opponent] End Turn
[] Hand: [EB02-035,ST04-003,ST04-003,OP08-074]
[] Board: [OP11-070]
[] Trash: []
[] Life: 5
[] Hand: [OP09-093,OP09-093,OP16-104,OP16-104]
[] Trash: []
[] Board: [OP16-110,OP09-095]
[] Life: 4
[You] Draw 1 Card
[] Drew card from deck: Onigashima Island ["ST04-017">ST04-017]
RZ1|92|1|ST04-017|0|39|1|4|1|1|0|0|0
RZ1|CHK|92|1|39|5|1|5|9|1|0|0|1|0
RZ1|93|1|Don|4|8|5|1|1|1|0|0|0
RZ1|CHK|93|1|39|5|1|5|8|2|0|0|1|0
RZ1|94|1|Don|4|7|5|2|1|1|0|0|0
RZ1|CHK|94|1|39|5|1|5|7|3|0|0|1|0
[You] Draw 2 Don
RZ1|95|1|Don|5|0|5|0|1|1|1|0|0
RZ1|CHK|95|1|39|5|1|5|7|3|0|0|1|0
RZ1|96|1|Don|5|1|5|1|1|1|1|0|0
RZ1|CHK|96|1|39|5|1|5|7|3|0|0|1|0
RZ1|97|1|Don|5|2|5|2|1|1|1|0|0
RZ1|CHK|97|1|39|5|1|5|7|3|0|0|1|0
[You] Deploy Onigashima Island ["ST04-017">ST04-017]
RZ1|98|1|ST04-017|1|4|7|0|1|1|0|0|0
RZ1|CHK|98|1|39|4|1|5|7|3|0|1|1|0
[You] Onigashima Island ["ST04-017">ST04-017]: Rest Onigashima Island ["ST04-017">ST04-017]
Onigashima Island ["ST04-017">ST04-017]: Draw 1 Rested Don
RZ1|99|1|Don|4|6|5|0|1|1|1|0|0
RZ1|CHK|99|1|39|4|1|5|6|4|0|1|1|0
[You] Kaido ["ST04-001">ST04-001] attacking Marshall D. Teach ["OP16-080">OP16-080]
Kaido ["ST04-001">ST04-001][5000] vs Marshall D. Teach ["OP16-080">OP16-080][5000]
Marshall D. Teach ["OP16-080">OP16-080] hit for 1 damage
RZ1|100|2|OP09-096|3|3|1|4|1|1|0|0|0
RZ1|CHK|100|2|40|5|2|3|8|2|0|0|1|0
[Opponent] This is MY AGE!!!! ["OP09-096">OP09-096]: Activate Trigger
RZ1|101|2|OP09-096|1|4|6|0|1|1|0|0|0
RZ1|CHK|101|2|40|4|2|3|8|2|1|0|1|0
RZ1|102|2|OP16-110|0|38|1|4|1|1|0|0|0
RZ1|CHK|102|2|39|5|2|3|8|2|1|0|1|0
[Opponent] This is MY AGE!!!! ["OP09-096">OP09-096]: <b>Reveal and Draw Vasco Shot ["OP16-110">OP16-110]</b>
[Opponent] This is MY AGE!!!! ["OP09-096">OP09-096]: Trash 2 Remaining Cards
RZ1|103|2|OP09-096|0|38|6|1|1|1|0|0|0
RZ1|CHK|103|2|38|5|2|3|8|2|2|0|1|0
RZ1|104|2|OP09-086|0|37|6|2|1|1|0|0|0
RZ1|CHK|104|2|37|5|2|3|8|2|3|0|1|0
[] Hand: [EB02-035,ST04-003,ST04-003,OP08-074]
[] Board: [OP11-070]
[] Trash: []
[] Life: 5
[] Hand: [OP09-093,OP09-093,OP16-104,OP16-104,OP16-110]
[] Trash: [OP09-096,OP09-096,OP09-086]
[] Board: [OP16-110,OP09-095]
[] Life: 3
[You] End Turn
[] Hand: [OP09-093,OP09-093,OP16-104,OP16-104,OP16-110]
[] Board: [OP16-110,OP09-095]
[] Trash: [OP09-096,OP09-096,OP09-086]
[] Life: 3
[] Hand: [EB02-035,ST04-003,ST04-003,OP08-074]
[] Trash: []
[] Board: [OP11-070]
[] Life: 5
[Opponent] Draw 1 Card
[] Drew card from deck: Marshall D. Teach ["OP16-119">OP16-119]
RZ1|105|2|OP16-119|0|36|1|5|1|1|0|0|0
RZ1|CHK|105|2|36|6|2|3|8|2|3|0|1|0
RZ1|106|2|Don|4|7|5|2|1|1|0|0|0
RZ1|CHK|106|2|36|6|2|3|7|3|3|0|1|0
RZ1|107|2|Don|4|6|5|3|1|1|0|0|0
RZ1|CHK|107|2|36|6|2|3|6|4|3|0|1|0
[Opponent] Draw 2 Don
[Opponent] Laffitte ["OP09-095">OP09-095]: Rest 1 Don
RZ1|108|2|Don|5|0|5|0|1|1|1|0|0
RZ1|CHK|108|2|36|6|2|3|6|4|3|0|1|0
[Opponent] Laffitte ["OP09-095">OP09-095]: Rest Laffitte ["OP09-095">OP09-095]
RZ1|109|2|OP16-109|0|34|1|6|1|1|0|0|0
RZ1|CHK|109|2|35|7|2|3|6|4|3|0|1|0
[Opponent] Laffitte ["OP09-095">OP09-095]: <b>Reveal and Draw Doc Q ["OP16-109">OP16-109]</b>
[Opponent] Placing Cards on Bottom of Deck
RZ1|110|2|OP09-093|0|34|0|0|0|0|0|0|0
RZ1|CHK|110|2|35|7|2|3|6|4|3|0|1|0
RZ1|111|2|OP16-108|0|34|0|0|0|0|0|0|0
RZ1|CHK|111|2|35|7|2|3|6|4|3|0|1|0
RZ1|112|2|OP09-099|0|34|0|0|0|0|0|0|0
RZ1|CHK|112|2|35|7|2|3|6|4|3|0|1|0
RZ1|113|2|OP16-104|0|34|0|0|0|0|0|0|0
RZ1|CHK|113|2|35|7|2|3|6|4|3|0|1|0
RZ1|114|2|Don|5|1|5|1|1|1|1|0|0
RZ1|CHK|114|2|35|7|2|3|6|4|3|0|1|0
[Opponent] Deploy Doc Q ["OP16-109">OP16-109]
RZ1|115|2|OP16-109|1|6|2|2|1|1|0|0|0
RZ1|CHK|115|2|35|6|3|3|6|4|3|0|1|0
RZ1|116|2|Don|5|2|5|2|1|1|1|0|0
RZ1|CHK|116|2|35|6|3|3|6|4|3|0|1|0
[Opponent] Deploy Vasco Shot ["OP16-110">OP16-110]
RZ1|117|2|OP16-110|1|4|2|3|1|1|0|0|0
RZ1|CHK|117|2|35|5|4|3|6|4|3|0|1|0
[Opponent] Marshall D. Teach ["OP16-080">OP16-080] attacking Kaido ["ST04-001">ST04-001]
Marshall D. Teach ["OP16-080">OP16-080][5000] vs Kaido ["ST04-001">ST04-001][5000]
Kaido ["ST04-001">ST04-001] hit for 1 damage
RZ1|118|1|ST04-003|3|4|1|4|1|1|0|0|0
RZ1|CHK|118|1|39|5|1|4|6|4|0|1|1|0
[] Hand: [OP09-093,OP09-093,OP16-104,OP16-104,OP16-119]
[] Board: [OP16-110,OP09-095,OP16-109,OP16-110]
[] Trash: [OP09-096,OP09-096,OP09-086]
[] Life: 3
[] Hand: [EB02-035,ST04-003,ST04-003,OP08-074,ST04-003]
[] Trash: []
[] Board: [OP11-070]
[] Life: 4
[Opponent] End Turn
[] Hand: [EB02-035,ST04-003,ST04-003,OP08-074,ST04-003]
[] Board: [OP11-070]
[] Trash: []
[] Life: 4
[] Hand: [OP09-093,OP09-093,OP16-104,OP16-104,OP16-119]
[] Trash: [OP09-096,OP09-096,OP09-086]
[] Board: [OP16-110,OP09-095,OP16-109,OP16-110]
[] Life: 3
[You] Draw 1 Card
[] Drew card from deck: Tony Tony Chopper ["OP07-066">OP07-066]
RZ1|119|1|OP07-066|0|38|1|5|1|1|0|0|0
RZ1|CHK|119|1|38|6|1|4|6|4|0|1|1|0
RZ1|120|1|Don|4|5|5|4|1|1|0|0|0
RZ1|CHK|120|1|38|6|1|4|5|5|0|1|1|0
RZ1|121|1|Don|4|4|5|5|1|1|0|0|0
RZ1|CHK|121|1|38|6|1|4|4|6|0|1|1|0
[You] Draw 2 Don
RZ1|122|1|Don|5|0|5|0|1|1|1|0|0
RZ1|CHK|122|1|38|6|1|4|4|6|0|1|1|0
RZ1|123|1|Don|5|1|5|1|1|1|1|0|0
RZ1|CHK|123|1|38|6|1|4|4|6|0|1|1|0
RZ1|124|1|Don|5|2|5|2|1|1|1|0|0
RZ1|CHK|124|1|38|6|1|4|4|6|0|1|1|0
RZ1|125|1|Don|5|3|5|3|1|1|1|0|0
RZ1|CHK|125|1|38|6|1|4|4|6|0|1|1|0
RZ1|126|1|Don|5|4|5|4|1|1|1|0|0
RZ1|CHK|126|1|38|6|1|4|4|6|0|1|1|0
[You] Deploy Sanji & Pudding ["EB02-035">EB02-035]
RZ1|127|1|EB02-035|1|0|2|1|1|1|0|0|0
RZ1|CHK|127|1|38|5|2|4|4|6|0|1|1|0
[You] Onigashima Island ["ST04-017">ST04-017]: Rest Onigashima Island ["ST04-017">ST04-017]
Onigashima Island ["ST04-017">ST04-017]: Draw 1 Rested Don
RZ1|128|1|Don|4|3|5|0|1|1|1|0|0
RZ1|CHK|128|1|38|5|2|4|3|7|0|1|1|0
[You] Attach 1 Don to Kaido ["ST04-001">ST04-001] (1 Total)
RZ1|129|1|Don|5|6|9|9900|1|1|0|0|0
RZ1|CHK|129|1|38|5|2|4|3|6|0|1|1|1
[You] Kaido ["ST04-001">ST04-001] attacking Laffitte ["OP09-095">OP09-095]
Kaido ["ST04-001">ST04-001][6000] vs Laffitte ["OP09-095">OP09-095][1000]
[Opponent] Laffitte ["OP09-095">OP09-095] Destroyed
RZ1|130|2|OP09-095|2|1|6|3|1|1|0|0|0
RZ1|CHK|130|2|35|5|3|3|6|4|4|0|1|0
[] Hand: [ST04-003,ST04-003,OP08-074,ST04-003,OP07-066]
[] Board: [OP11-070,EB02-035]
[] Trash: []
[] Life: 4
[] Hand: [OP09-093,OP09-093,OP16-104,OP16-104,OP16-119]
[] Trash: [OP09-096,OP09-096,OP09-086,OP09-095]
[] Board: [OP16-110,OP16-109,OP16-110]
[] Life: 3
[You] End Turn
[] Hand: [OP09-093,OP09-093,OP16-104,OP16-104,OP16-119]
[] Board: [OP16-110,OP16-109,OP16-110]
[] Trash: [OP09-096,OP09-096,OP09-086,OP09-095]
[] Life: 3
[] Hand: [ST04-003,ST04-003,OP08-074,ST04-003,OP07-066]
[] Trash: []
[] Board: [OP11-070,EB02-035]
[] Life: 4
[Opponent] Draw 1 Card
[] Drew card from deck: This is MY AGE!!!! ["OP09-096">OP09-096]
RZ1|131|2|OP09-096|0|34|1|5|1|1|0|0|0
RZ1|CHK|131|2|34|6|3|3|6|4|4|0|1|0
RZ1|132|2|Don|4|5|5|4|1|1|0|0|0
RZ1|CHK|132|2|34|6|3|3|5|5|4|0|1|0
RZ1|133|2|Don|4|4|5|5|1|1|0|0|0
RZ1|CHK|133|2|34|6|3|3|4|6|4|0|1|0
[Opponent] Draw 2 Don
RZ1|134|2|Don|5|0|5|0|1|1|1|0|0
RZ1|CHK|134|2|34|6|3|3|4|6|4|0|1|0
RZ1|135|2|Don|5|1|5|1|1|1|1|0|0
RZ1|CHK|135|2|34|6|3|3|4|6|4|0|1|0
RZ1|136|2|Don|5|2|5|2|1|1|1|0|0
RZ1|CHK|136|2|34|6|3|3|4|6|4|0|1|0
RZ1|137|2|Don|5|3|5|3|1|1|1|0|0
RZ1|CHK|137|2|34|6|3|3|4|6|4|0|1|0
[Opponent] Deploy Catarina Devon ["OP16-104">OP16-104]
RZ1|138|2|OP16-104|1|2|2|3|1|1|0|0|0
RZ1|CHK|138|2|34|5|4|3|4|6|4|0|1|0
[Opponent] This is MY AGE!!!! ["OP09-096">OP09-096]: Rest 1 Don
RZ1|139|2|Don|5|4|5|4|1|1|1|0|0
RZ1|CHK|139|2|34|5|4|3|4|6|4|0|1|0
RZ1|140|2|OP09-096|1|4|6|4|1|1|0|0|0
RZ1|CHK|140|2|34|4|4|3|4|6|5|0|1|0
RZ1|141|2|OP09-099|0|32|1|4|1|1|0|0|0
RZ1|CHK|141|2|33|5|4|3|4|6|5|0|1|0
[Opponent] This is MY AGE!!!! ["OP09-096">OP09-096]: <b>Reveal and Draw Fullalead ["OP09-099">OP09-099]</b>
[Opponent] This is MY AGE!!!! ["OP09-096">OP09-096]: Trash 2 Remaining Cards
RZ1|142|2|OP12-112|0|32|6|5|1|1|0|0|0
RZ1|CHK|142|2|32|5|4|3|4|6|6|0|1|0
RZ1|143|2|OP16-108|0|31|6|6|1|1|0|0|0
RZ1|CHK|143|2|31|5|4|3|4|6|7|0|1|0
RZ1|144|2|Don|5|5|5|5|1|1|1|0|0
RZ1|CHK|144|2|31|5|4|3|4|6|7|0|1|0
[Opponent] Deploy Fullalead ["OP09-099">OP09-099]
RZ1|145|2|OP09-099|1|4|7|0|1|1|0|0|0
RZ1|CHK|145|2|31|4|4|3|4|6|7|1|1|0
[Opponent] Marshall D. Teach ["OP16-080">OP16-080] attacking Kaido ["ST04-001">ST04-001]
[You] Discard Tony Tony Chopper ["OP07-066">OP07-066] for Counter 1000
RZ1|146|1|OP07-066|1|4|6|0|1|1|0|0|0
RZ1|CHK|146|1|38|4|2|4|3|6|1|1|1|1
Marshall D. Teach ["OP16-080">OP16-080][5000] vs Kaido ["ST04-001">ST04-001][6000]
Attack Fails
[] Hand: [OP09-093,OP09-093,OP16-104,OP16-119]
[] Board: [OP16-110,OP16-109,OP16-110,OP16-104]
[] Trash: [OP09-096,OP09-096,OP09-086,OP09-095,OP09-096,OP12-112,OP16-108]
[] Life: 3
[] Hand: [ST04-003,ST04-003,OP08-074,ST04-003]
[] Trash: [OP07-066]
[] Board: [OP11-070,EB02-035]
[] Life: 4
[Opponent] End Turn
[] Hand: [ST04-003,ST04-003,OP08-074,ST04-003]
[] Board: [OP11-070,EB02-035]
[] Trash: [OP07-066]
[] Life: 4
[] Hand: [OP09-093,OP09-093,OP16-104,OP16-119]
[] Trash: [OP09-096,OP09-096,OP09-086,OP09-095,OP09-096,OP12-112,OP16-108]
[] Board: [OP16-110,OP16-109,OP16-110,OP16-104]
[] Life: 3
RZ1|147|1|Don|9|9900|5|0|1|1|1|0|0
RZ1|CHK|147|1|38|4|2|4|3|7|1|1|1|0
[You] Draw 1 Card
[] Drew card from deck: Charlotte Pudding ["OP11-070">OP11-070]
RZ1|148|1|OP11-070|0|37|1|4|1|1|0|0|0
RZ1|CHK|148|1|37|5|2|4|3|7|1|1|1|0
RZ1|149|1|Don|4|2|5|7|1|1|0|0|0
RZ1|CHK|149|1|37|5|2|4|2|8|1|1|1|0
RZ1|150|1|Don|4|1|5|8|1|1|0|0|0
RZ1|CHK|150|1|37|5|2|4|1|9|1|1|1|0
[You] Draw 2 Don
RZ1|151|1|Don|5|0|5|0|1|1|1|0|0
RZ1|CHK|151|1|37|5|2|4|1|9|1|1|1|0
RZ1|152|1|Don|5|1|5|1|1|1|1|0|0
RZ1|CHK|152|1|37|5|2|4|1|9|1|1|1|0
RZ1|153|1|Don|5|2|5|2|1|1|1|0|0
RZ1|CHK|153|1|37|5|2|4|1|9|1|1|1|0
RZ1|154|1|Don|5|3|5|3|1|1|1|0|0
RZ1|CHK|154|1|37|5|2|4|1|9|1|1|1|0
RZ1|155|1|Don|5|4|5|4|1|1|1|0|0
RZ1|CHK|155|1|37|5|2|4|1|9|1|1|1|0
RZ1|156|1|Don|5|5|5|5|1|1|1|0|0
RZ1|CHK|156|1|37|5|2|4|1|9|1|1|1|0
RZ1|157|1|Don|5|6|5|6|1|1|1|0|0
RZ1|CHK|157|1|37|5|2|4|1|9|1|1|1|0
RZ1|158|1|Don|5|7|5|7|1|1|1|0|0
RZ1|CHK|158|1|37|5|2|4|1|9|1|1|1|0
RZ1|159|1|Don|5|8|5|8|1|1|1|0|0
RZ1|CHK|159|1|37|5|2|4|1|9|1|1|1|0
[You] Deploy Kaido ["ST04-003">ST04-003]
RZ1|160|1|ST04-003|1|3|2|2|1|1|0|0|0
RZ1|CHK|160|1|37|4|3|4|1|9|1|1|1|0
RZ1|161|1|Don|5|8|4|1|1|1|0|0|0
RZ1|CHK|161|1|37|4|3|4|2|8|1|1|1|0
RZ1|162|1|Don|5|7|4|2|1|1|0|0|0
RZ1|CHK|162|1|37|4|3|4|3|7|1|1|1|0
RZ1|163|1|Don|5|6|4|3|1|1|0|0|0
RZ1|CHK|163|1|37|4|3|4|4|6|1|1|1|0
RZ1|164|1|Don|5|5|4|4|1|1|0|0|0
RZ1|CHK|164|1|37|4|3|4|5|5|1|1|1|0
RZ1|165|1|Don|5|4|4|5|1|1|0|0|0
RZ1|CHK|165|1|37|4|3|4|6|4|1|1|1|0
[You] Kaido ["ST04-003">ST04-003]: Minus 5 Don
[You] Kaido ["ST04-003">ST04-003]: Destroy Catarina Devon ["OP16-104">OP16-104]
[You] Kaido ["ST04-003">ST04-003]: Give Kaido ["ST04-003">ST04-003] Rush
RZ1|166|2|OP16-104|2|3|6|7|1|1|0|0|0
RZ1|CHK|166|2|31|4|3|3|4|6|8|1|1|0
Sanji & Pudding ["EB02-035">EB02-035]: Draw 1 Don
RZ1|167|1|Don|4|5|5|4|1|1|0|0|0
RZ1|CHK|167|1|37|4|3|4|5|5|1|1|1|0
[You] Onigashima Island ["ST04-017">ST04-017]: Rest Onigashima Island ["ST04-017">ST04-017]
Onigashima Island ["ST04-017">ST04-017]: Draw 1 Rested Don
RZ1|168|1|Don|4|4|5|0|1|1|1|0|0
RZ1|CHK|168|1|37|4|3|4|4|6|1|1|1|0
[You] Kaido ["ST04-001">ST04-001] attacking Marshall D. Teach ["OP16-080">OP16-080]
[Opponent] Discard Catarina Devon ["OP16-104">OP16-104] for Counter 2000
RZ1|169|2|OP16-104|1|2|6|8|1|1|0|0|0
RZ1|CHK|169|2|31|3|3|3|4|6|9|1|1|0
Kaido ["ST04-001">ST04-001][5000] vs Marshall D. Teach ["OP16-080">OP16-080][7000]
Attack Fails
[You] Kaido ["ST04-003">ST04-003] attacking Marshall D. Teach ["OP16-080">OP16-080]
Kaido ["ST04-003">ST04-003][10000] vs Marshall D. Teach ["OP16-080">OP16-080][5000]
Marshall D. Teach ["OP16-080">OP16-080] hit for 1 damage
RZ1|170|2|OP09-086|3|2|1|3|1|1|0|0|0
RZ1|CHK|170|2|31|4|3|2|4|6|9|1|1|0
[] Hand: [ST04-003,ST04-003,OP08-074,OP11-070]
[] Board: [OP11-070,EB02-035,ST04-003]
[] Trash: [OP07-066]
[] Life: 4
[] Hand: [OP09-093,OP09-093,OP16-119,OP09-086]
[] Trash: [OP09-096,OP09-096,OP09-086,OP09-095,OP09-096,OP12-112,OP16-108,OP16-104,OP16-104]
[] Board: [OP16-110,OP16-109,OP16-110]
[] Life: 2
[You] End Turn
[] Hand: [OP09-093,OP09-093,OP16-119,OP09-086]
[] Board: [OP16-110,OP16-109,OP16-110]
[] Trash: [OP09-096,OP09-096,OP09-086,OP09-095,OP09-096,OP12-112,OP16-108,OP16-104,OP16-104]
[] Life: 2
[] Hand: [ST04-003,ST04-003,OP08-074,OP11-070]
[] Trash: [OP07-066]
[] Board: [OP11-070,EB02-035,ST04-003]
[] Life: 4
[Opponent] Draw 1 Card
[] Drew card from deck: You're the one who should disappear! ["OP06-115">OP06-115]
RZ1|171|2|OP06-115|0|30|1|4|1|1|0|0|0
RZ1|CHK|171|2|30|5|3|2|4|6|9|1|1|0
RZ1|172|2|Don|4|3|5|6|1|1|0|0|0
RZ1|CHK|172|2|30|5|3|2|3|7|9|1|1|0
RZ1|173|2|Don|4|2|5|7|1|1|0|0|0
RZ1|CHK|173|2|30|5|3|2|2|8|9|1|1|0
[Opponent] Draw 2 Don
[] Hand: [OP09-093,OP09-093,OP16-119,OP09-086,OP06-115]
[] Board: [OP16-110,OP16-109,OP16-110]
[] Trash: [OP09-096,OP09-096,OP09-086,OP09-095,OP09-096,OP12-112,OP16-108,OP16-104,OP16-104]
[] Life: 2
[] Hand: [ST04-003,ST04-003,OP08-074,OP11-070]
[] Trash: [OP07-066]
[] Board: [OP11-070,EB02-035,ST04-003]
[] Life: 4
[Opponent] End Turn
[] Hand: [ST04-003,ST04-003,OP08-074,OP11-070]
[] Board: [OP11-070,EB02-035,ST04-003]
[] Trash: [OP07-066]
[] Life: 4
[] Hand: [OP09-093,OP09-093,OP16-119,OP09-086,OP06-115]
[] Trash: [OP09-096,OP09-096,OP09-086,OP09-095,OP09-096,OP12-112,OP16-108,OP16-104,OP16-104]
[] Board: [OP16-110,OP16-109,OP16-110]
[] Life: 2
[You] Draw 1 Card
[] Drew card from deck: X.Drake ["OP01-114">OP01-114]
RZ1|174|1|OP01-114|0|36|1|4|1|1|0|0|0
RZ1|CHK|174|1|36|5|3|4|4|6|1|1|1|0
RZ1|175|1|Don|4|3|5|6|1|1|0|0|0
RZ1|CHK|175|1|36|5|3|4|3|7|1|1|1|0
RZ1|176|1|Don|4|2|5|7|1|1|0|0|0
RZ1|CHK|176|1|36|5|3|4|2|8|1|1|1|0
[You] Draw 2 Don
[] Hand: [ST04-003,ST04-003,OP08-074,OP11-070,OP01-114]
[] Board: [OP11-070,EB02-035,ST04-003]
[] Trash: [OP07-066]
[] Life: 4
[] Hand: [OP09-093,OP09-093,OP16-119,OP09-086,OP06-115]
[] Trash: [OP09-096,OP09-096,OP09-086,OP09-095,OP09-096,OP12-112,OP16-108,OP16-104,OP16-104]
[] Board: [OP16-110,OP16-109,OP16-110]
[] Life: 2
[You] End Turn
[] Hand: [OP09-093,OP09-093,OP16-119,OP09-086,OP06-115]
[] Board: [OP16-110,OP16-109,OP16-110]
[] Trash: [OP09-096,OP09-096,OP09-086,OP09-095,OP09-096,OP12-112,OP16-108,OP16-104,OP16-104]
[] Life: 2
[] Hand: [ST04-003,ST04-003,OP08-074,OP11-070,OP01-114]
[] Trash: [OP07-066]
[] Board: [OP11-070,EB02-035,ST04-003]
[] Life: 4
[Opponent] Draw 1 Card
[] Drew card from deck: Doc Q ["OP16-109">OP16-109]
RZ1|177|2|OP16-109|0|29|1|5|1|1|0|0|0
RZ1|CHK|177|2|29|6|3|2|2|8|9|1|1|0
RZ1|178|2|Don|4|1|5|8|1|1|0|0|0
RZ1|CHK|178|2|29|6|3|2|1|9|9|1|1|0
RZ1|179|2|Don|4|0|5|9|1|1|0|0|0
RZ1|CHK|179|2|29|6|3|2|0|10|9|1|1|0
[Opponent] Draw 2 Don
RZ1|180|2|Don|5|0|5|0|1|1|1|0|0
RZ1|CHK|180|2|29|6|3|2|0|10|9|1|1|0
RZ1|181|2|Don|5|1|5|1|1|1|1|0|0
RZ1|CHK|181|2|29|6|3|2|0|10|9|1|1|0
RZ1|182|2|Don|5|2|5|2|1|1|1|0|0
RZ1|CHK|182|2|29|6|3|2|0|10|9|1|1|0
RZ1|183|2|Don|5|3|5|3|1|1|1|0|0
RZ1|CHK|183|2|29|6|3|2|0|10|9|1|1|0
RZ1|184|2|Don|5|4|5|4|1|1|1|0|0
RZ1|CHK|184|2|29|6|3|2|0|10|9|1|1|0
RZ1|185|2|Don|5|5|5|5|1|1|1|0|0
RZ1|CHK|185|2|29|6|3|2|0|10|9|1|1|0
RZ1|186|2|Don|5|6|5|6|1|1|1|0|0
RZ1|CHK|186|2|29|6|3|2|0|10|9|1|1|0
RZ1|187|2|Don|5|7|5|7|1|1|1|0|0
RZ1|CHK|187|2|29|6|3|2|0|10|9|1|1|0
RZ1|188|2|Don|5|8|5|8|1|1|1|0|0
RZ1|CHK|188|2|29|6|3|2|0|10|9|1|1|0
RZ1|189|2|Don|5|9|5|9|1|1|1|0|0
RZ1|CHK|189|2|29|6|3|2|0|10|9|1|1|0
[Opponent] Deploy Marshall D. Teach ["OP09-093">OP09-093]
RZ1|190|2|OP09-093|1|0|2|3|1|1|0|0|0
RZ1|CHK|190|2|29|5|4|2|0|10|9|1|1|0
[Opponent] Fullalead ["OP09-099">OP09-099]: Rest Fullalead ["OP09-099">OP09-099]
RZ1|191|2|OP09-086|1|2|6|9|1|1|0|0|0
RZ1|CHK|191|2|29|4|4|2|0|10|10|1|1|0
[Opponent] Fullalead ["OP09-099">OP09-099]: Trash Jesus Burgess ["OP09-086">OP09-086]
RZ1|192|2|OP16-119|0|28|1|4|1|1|0|0|0
RZ1|CHK|192|2|28|5|4|2|0|10|10|1|1|0
[Opponent] Fullalead ["OP09-099">OP09-099]: <b>Reveal and Draw Marshall D. Teach ["OP16-119">OP16-119]</b>
[Opponent] Placing Cards on Bottom of Deck
RZ1|193|2|OP09-096|0|27|0|0|0|0|0|0|0
RZ1|CHK|193|2|28|5|4|2|0|10|10|1|1|0
RZ1|194|2|EB04-058|0|27|0|0|0|0|0|0|0
RZ1|CHK|194|2|28|5|4|2|0|10|10|1|1|0
[Opponent] Marshall D. Teach ["OP09-093">OP09-093]: Nullify effects of Kaido ["ST04-001">ST04-001]
[Opponent] Marshall D. Teach ["OP09-093">OP09-093]: Kaido ["ST04-003">ST04-003] can't attack next turn
[Opponent] Marshall D. Teach ["OP09-093">OP09-093]: Nullify effects of Kaido ["ST04-003">ST04-003] until next turn end!
[Opponent] Marshall D. Teach ["OP16-080">OP16-080] attacking Kaido ["ST04-001">ST04-001]
[You] Discard Charlotte Pudding ["OP11-070">OP11-070] for Counter 1000
RZ1|195|1|OP11-070|1|3|6|1|1|1|0|0|0
RZ1|CHK|195|1|36|4|3|4|2|8|2|1|1|0
Marshall D. Teach ["OP16-080">OP16-080][5000] vs Kaido ["ST04-001">ST04-001][6000]
Attack Fails
[Opponent] Kaido ["ST04-001">ST04-001] no longer nullified
[] Hand: [OP09-093,OP16-119,OP06-115,OP16-109,OP16-119]
[] Board: [OP16-110,OP16-109,OP16-110,OP09-093]
[] Trash: [OP09-096,OP09-096,OP09-086,OP09-095,OP09-096,OP12-112,OP16-108,OP16-104,OP16-104,OP09-086]
[] Life: 2
[] Hand: [ST04-003,ST04-003,OP08-074,OP01-114]
[] Trash: [OP07-066,OP11-070]
[] Board: [OP11-070,EB02-035,ST04-003]
[] Life: 4
[Opponent] End Turn
[] Hand: [ST04-003,ST04-003,OP08-074,OP01-114]
[] Board: [OP11-070,EB02-035,ST04-003]
[] Trash: [OP07-066,OP11-070]
[] Life: 4
[] Hand: [OP09-093,OP16-119,OP06-115,OP16-109,OP16-119]
[] Trash: [OP09-096,OP09-096,OP09-086,OP09-095,OP09-096,OP12-112,OP16-108,OP16-104,OP16-104,OP09-086]
[] Board: [OP16-110,OP16-109,OP16-110,OP09-093]
[] Life: 2
[You] Draw 1 Card
[] Drew card from deck: X.Drake ["OP01-114">OP01-114]
RZ1|196|1|OP01-114|0|35|1|4|1|1|0|0|0
RZ1|CHK|196|1|35|5|3|4|2|8|2|1|1|0
RZ1|197|1|Don|4|1|5|8|1|1|0|0|0
RZ1|CHK|197|1|35|5|3|4|1|9|2|1|1|0
RZ1|198|1|Don|4|0|5|9|1|1|0|0|0
RZ1|CHK|198|1|35|5|3|4|0|10|2|1|1|0
[You] Draw 2 Don
RZ1|199|1|Don|5|0|5|0|1|1|1|0|0
RZ1|CHK|199|1|35|5|3|4|0|10|2|1|1|0
RZ1|200|1|Don|5|1|5|1|1|1|1|0|0
RZ1|CHK|200|1|35|5|3|4|0|10|2|1|1|0
RZ1|201|1|Don|5|2|5|2|1|1|1|0|0
RZ1|CHK|201|1|35|5|3|4|0|10|2|1|1|0
[You] Deploy Black Maria ["OP08-074">OP08-074]
RZ1|202|1|OP08-074|1|2|2|3|1|1|0|0|0
RZ1|CHK|202|1|35|4|4|4|0|10|2|1|1|0
[You] Attach 1 Don to Sanji & Pudding ["EB02-035">EB02-035] (1 Total)
RZ1|203|1|Don|5|9|9|100|1|1|0|0|0
RZ1|CHK|203|1|35|4|4|4|0|9|2|1|1|1
[You] Sanji & Pudding ["EB02-035">EB02-035] attacking Marshall D. Teach ["OP16-080">OP16-080]
[Opponent] Marshall D. Teach ["OP09-093">OP09-093] Blocks
Sanji & Pudding ["EB02-035">EB02-035][8000] vs Marshall D. Teach ["OP09-093">OP09-093][12000]
Attack Fails
[You] Attach 1 Don to Kaido ["ST04-001">ST04-001] (1 Total)
RZ1|204|1|Don|5|8|9|9900|1|1|0|0|0
RZ1|CHK|204|1|35|4|4|4|0|8|2|1|1|2
[You] Attach 1 Don to Kaido ["ST04-001">ST04-001] (2 Total)
RZ1|205|1|Don|5|6|9|9901|1|1|0|0|0
RZ1|CHK|205|1|35|4|4|4|0|7|2|1|1|3
[You] Attach 1 Don to Kaido ["ST04-001">ST04-001] (3 Total)
RZ1|206|1|Don|5|6|9|9902|1|1|0|0|0
RZ1|CHK|206|1|35|4|4|4|0|6|2|1|1|4
[You] Attach 1 Don to Kaido ["ST04-001">ST04-001] (4 Total)
RZ1|207|1|Don|5|5|9|9903|1|1|0|0|0
RZ1|CHK|207|1|35|4|4|4|0|5|2|1|1|5
[You] Attach 1 Don to Kaido ["ST04-001">ST04-001] (5 Total)
RZ1|208|1|Don|5|4|9|9904|1|1|0|0|0
RZ1|CHK|208|1|35|4|4|4|0|4|2|1|1|6
[You] Attach 1 Don to Kaido ["ST04-001">ST04-001] (6 Total)
RZ1|209|1|Don|5|3|9|9905|1|1|0|0|0
RZ1|CHK|209|1|35|4|4|4|0|3|2|1|1|7
[You] Kaido ["ST04-001">ST04-001] attacking Marshall D. Teach ["OP16-080">OP16-080]
Kaido ["ST04-001">ST04-001][11000] vs Marshall D. Teach ["OP16-080">OP16-080][5000]
Marshall D. Teach ["OP16-080">OP16-080] hit for 1 damage
RZ1|210|2|OP09-095|3|1|1|5|1|1|0|0|0
RZ1|CHK|210|2|28|6|4|1|0|10|10|1|1|0
RZ1|211|1|Don|9|9905|4|0|1|1|0|0|0
RZ1|CHK|211|1|35|4|4|4|1|3|2|1|1|6
RZ1|212|1|Don|9|9904|4|1|1|1|0|0|0
RZ1|CHK|212|1|35|4|4|4|2|3|2|1|1|5
RZ1|213|1|Don|9|9903|4|2|1|1|0|0|0
RZ1|CHK|213|1|35|4|4|4|3|3|2|1|1|4
RZ1|214|1|Don|9|9902|4|3|1|1|0|0|0
RZ1|CHK|214|1|35|4|4|4|4|3|2|1|1|3
RZ1|215|1|Don|9|9901|4|4|1|1|0|0|0
RZ1|CHK|215|1|35|4|4|4|5|3|2|1|1|2
RZ1|216|1|Don|9|9900|4|5|1|1|0|0|0
RZ1|CHK|216|1|35|4|4|4|6|3|2|1|1|1
RZ1|217|1|Don|5|2|4|6|1|1|0|0|0
RZ1|CHK|217|1|35|4|4|4|7|2|2|1|1|1
[You] Kaido ["ST04-001">ST04-001]: Minus 7 Don
[You] Kaido ["ST04-001">ST04-001]: Trash 1 Life
Trash ZEHAHAHAHA ["OP16-116">OP16-116] from Life
RZ1|218|2|OP16-116|3|0|6|10|1|1|0|0|0
RZ1|CHK|218|2|28|6|4|0|0|10|11|1|1|0
Sanji & Pudding ["EB02-035">EB02-035]: Draw 1 Don
RZ1|219|1|Don|4|6|5|2|1|1|0|0|0
RZ1|CHK|219|1|35|4|4|4|6|3|2|1|1|1
[You] Onigashima Island ["ST04-017">ST04-017]: Rest Onigashima Island ["ST04-017">ST04-017]
Onigashima Island ["ST04-017">ST04-017]: Draw 1 Rested Don
RZ1|220|1|Don|4|5|5|0|1|1|1|0|0
RZ1|CHK|220|1|35|4|4|4|5|4|2|1|1|1
Black Maria ["OP08-074">OP08-074]: Draw 5 Rested Don
RZ1|221|1|Don|4|4|5|0|1|1|1|0|0
RZ1|CHK|221|1|35|4|4|4|4|5|2|1|1|1
RZ1|222|1|Don|4|3|5|0|1|1|1|0|0
RZ1|CHK|222|1|35|4|4|4|3|6|2|1|1|1
RZ1|223|1|Don|4|2|5|0|1|1|1|0|0
RZ1|CHK|223|1|35|4|4|4|2|7|2|1|1|1
RZ1|224|1|Don|4|1|5|0|1|1|1|0|0
RZ1|CHK|224|1|35|4|4|4|1|8|2|1|1|1
RZ1|225|1|Don|4|0|5|0|1|1|1|0|0
RZ1|CHK|225|1|35|4|4|4|0|9|2|1|1|1
[You] Kaido ["ST04-003">ST04-003] is no longer blocked from attacking
[You] Kaido ["ST04-003">ST04-003] no longer nullified
[] Hand: [ST04-003,ST04-003,OP01-114,OP01-114]
[] Board: [OP11-070,EB02-035,ST04-003,OP08-074]
[] Trash: [OP07-066,OP11-070]
[] Life: 4
[] Hand: [OP09-093,OP16-119,OP06-115,OP16-109,OP16-119,OP09-095]
[] Trash: [OP09-096,OP09-096,OP09-086,OP09-095,OP09-096,OP12-112,OP16-108,OP16-104,OP16-104,OP09-086,OP16-116]
[] Board: [OP16-110,OP16-109,OP16-110,OP09-093]
[] Life: 0
[You] End Turn
[] Hand: [OP09-093,OP16-119,OP06-115,OP16-109,OP16-119,OP09-095]
[] Board: [OP16-110,OP16-109,OP16-110,OP09-093]
[] Trash: [OP09-096,OP09-096,OP09-086,OP09-095,OP09-096,OP12-112,OP16-108,OP16-104,OP16-104,OP09-086,OP16-116]
[] Life: 0
[] Hand: [ST04-003,ST04-003,OP01-114,OP01-114]
[] Trash: [OP07-066,OP11-070]
[] Board: [OP11-070,EB02-035,ST04-003,OP08-074]
[] Life: 4
[Opponent] Draw 1 Card
[] Drew card from deck: Marshall D. Teach ["OP16-119">OP16-119]
RZ1|226|2|OP16-119|0|27|1|6|1|1|0|0|0
RZ1|CHK|226|2|27|7|4|0|0|10|11|1|1|0
RZ1|227|2|Don|5|0|5|0|1|1|1|0|0
RZ1|CHK|227|2|27|7|4|0|0|10|11|1|1|0
RZ1|228|2|Don|5|1|5|1|1|1|1|0|0
RZ1|CHK|228|2|27|7|4|0|0|10|11|1|1|0
RZ1|229|2|Don|5|2|5|2|1|1|1|0|0
RZ1|CHK|229|2|27|7|4|0|0|10|11|1|1|0
RZ1|230|2|Don|5|3|5|3|1|1|1|0|0
RZ1|CHK|230|2|27|7|4|0|0|10|11|1|1|0
RZ1|231|2|Don|5|4|5|4|1|1|1|0|0
RZ1|CHK|231|2|27|7|4|0|0|10|11|1|1|0
RZ1|232|2|Don|5|5|5|5|1|1|1|0|0
RZ1|CHK|232|2|27|7|4|0|0|10|11|1|1|0
RZ1|233|2|Don|5|6|5|6|1|1|1|0|0
RZ1|CHK|233|2|27|7|4|0|0|10|11|1|1|0
RZ1|234|2|Don|5|7|5|7|1|1|1|0|0
RZ1|CHK|234|2|27|7|4|0|0|10|11|1|1|0
RZ1|235|2|Don|5|8|5|8|1|1|1|0|0
RZ1|CHK|235|2|27|7|4|0|0|10|11|1|1|0
RZ1|236|2|Don|5|9|5|9|1|1|1|0|0
RZ1|CHK|236|2|27|7|4|0|0|10|11|1|1|0
[Opponent] Deploy Marshall D. Teach ["OP09-093">OP09-093]
RZ1|237|2|OP09-093|1|0|2|4|1|1|0|0|0
RZ1|CHK|237|2|27|6|5|0|0|10|11|1|1|0
[Opponent] Fullalead ["OP09-099">OP09-099]: Rest Fullalead ["OP09-099">OP09-099]
RZ1|238|2|OP09-095|1|4|6|11|1|1|0|0|0
RZ1|CHK|238|2|27|5|5|0|0|10|12|1|1|0
[Opponent] Fullalead ["OP09-099">OP09-099]: Trash Laffitte ["OP09-095">OP09-095]
RZ1|239|2|OP16-109|0|26|1|5|1|1|0|0|0
RZ1|CHK|239|2|26|6|5|0|0|10|12|1|1|0
[Opponent] Fullalead ["OP09-099">OP09-099]: <b>Reveal and Draw Doc Q ["OP16-109">OP16-109]</b>
[Opponent] Placing Cards on Bottom of Deck
RZ1|240|2|EB04-058|0|25|0|0|0|0|0|0|0
RZ1|CHK|240|2|26|6|5|0|0|10|12|1|1|0
RZ1|241|2|OP09-086|0|25|0|0|0|0|0|0|0
RZ1|CHK|241|2|26|6|5|0|0|10|12|1|1|0
[] Hand: [OP16-119,OP06-115,OP16-109,OP16-119,OP16-119,OP16-109]
[] Board: [OP16-110,OP16-109,OP16-110,OP09-093,OP09-093]
[] Trash: [OP09-096,OP09-096,OP09-086,OP09-095,OP09-096,OP12-112,OP16-108,OP16-104,OP16-104,OP09-086,OP16-116,OP09-095]
[] Life: 0
[] Hand: [ST04-003,ST04-003,OP01-114,OP01-114]
[] Trash: [OP07-066,OP11-070]
[] Board: [OP11-070,EB02-035,ST04-003,OP08-074]
[] Life: 4
[Opponent] End Turn
[] Hand: [ST04-003,ST04-003,OP01-114,OP01-114]
[] Board: [OP11-070,EB02-035,ST04-003,OP08-074]
[] Trash: [OP07-066,OP11-070]
[] Life: 4
[] Hand: [OP16-119,OP06-115,OP16-109,OP16-119,OP16-119,OP16-109]
[] Trash: [OP09-096,OP09-096,OP09-086,OP09-095,OP09-096,OP12-112,OP16-108,OP16-104,OP16-104,OP09-086,OP16-116,OP09-095]
[] Board: [OP16-110,OP16-109,OP16-110,OP09-093,OP09-093]
[] Life: 0
RZ1|242|1|Don|9|100|5|0|1|1|1|0|0
RZ1|CHK|242|1|35|4|4|4|0|10|2|1|1|0
[You] Draw 1 Card
[] Drew card from deck: Black Maria ["OP08-074">OP08-074]
RZ1|243|1|OP08-074|0|34|1|4|1|1|0|0|0
RZ1|CHK|243|1|34|5|4|4|0|10|2|1|1|0
[You] Attach 1 Don to Black Maria ["OP08-074">OP08-074] (1 Total)
RZ1|244|1|Don|5|9|9|300|1|1|0|0|0
RZ1|CHK|244|1|34|5|4|4|0|9|2|1|1|1
[You] Attach 1 Don to Black Maria ["OP08-074">OP08-074] (2 Total)
RZ1|245|1|Don|5|8|9|301|1|1|0|0|0
RZ1|CHK|245|1|34|5|4|4|0|8|2|1|1|2
[You] Attach 1 Don to Black Maria ["OP08-074">OP08-074] (3 Total)
RZ1|246|1|Don|5|7|9|302|1|1|0|0|0
RZ1|CHK|246|1|34|5|4|4|0|7|2|1|1|3
[You] Black Maria ["OP08-074">OP08-074] attacking Marshall D. Teach ["OP16-080">OP16-080]
[Opponent] Marshall D. Teach ["OP09-093">OP09-093] Blocks
Black Maria ["OP08-074">OP08-074][5000] vs Marshall D. Teach ["OP09-093">OP09-093][12000]
Attack Fails
[You] Attach 1 Don to Kaido ["ST04-003">ST04-003] (1 Total)
RZ1|247|1|Don|5|6|9|200|1|1|0|0|0
RZ1|CHK|247|1|34|5|4|4|0|6|2|1|1|4
[You] Kaido ["ST04-003">ST04-003] attacking Marshall D. Teach ["OP16-080">OP16-080]
[Opponent] Marshall D. Teach ["OP09-093">OP09-093] Blocks
Kaido ["ST04-003">ST04-003][11000] vs Marshall D. Teach ["OP09-093">OP09-093][12000]
Attack Fails
[You] Attach 1 Don to Sanji & Pudding ["EB02-035">EB02-035] (1 Total)
RZ1|248|1|Don|5|5|9|100|1|1|0|0|0
RZ1|CHK|248|1|34|5|4|4|0|5|2|1|1|5
[You] Attach 1 Don to Sanji & Pudding ["EB02-035">EB02-035] (2 Total)
RZ1|249|1|Don|5|4|9|101|1|1|0|0|0
RZ1|CHK|249|1|34|5|4|4|0|4|2|1|1|6
[You] Sanji & Pudding ["EB02-035">EB02-035] attacking Marshall D. Teach ["OP16-080">OP16-080]
RZ1|250|2|OP16-109|1|2|6|12|1|1|0|0|0
RZ1|CHK|250|2|26|5|5|0|0|10|13|1|1|0
[Opponent] Marshall D. Teach ["OP16-080">OP16-080]: Trash Doc Q ["OP16-109">OP16-109]
[Opponent] Marshall D. Teach ["OP16-080">OP16-080]: Target of Attack changed to Doc Q ["OP16-109">OP16-109]
Sanji & Pudding ["EB02-035">EB02-035][9000] vs Doc Q ["OP16-109">OP16-109][0]
[Opponent] Doc Q ["OP16-109">OP16-109] Destroyed
RZ1|251|2|OP16-109|2|1|6|13|1|1|0|0|0
RZ1|CHK|251|2|26|5|4|0|0|10|14|1|1|0
[] Drew card from deck: Vasco Shot ["OP16-110">OP16-110]
RZ1|252|2|OP16-110|0|25|1|5|1|1|0|0|0
RZ1|CHK|252|2|25|6|4|0|0|10|14|1|1|0
[Opponent] Doc Q ["OP16-109">OP16-109]: Draw 1 Card
[You] Attach 4 Don to Kaido ["ST04-001">ST04-001] (4 Total)
RZ1|253|1|Don|5|0|9|9900|1|1|0|0|0
RZ1|CHK|253|1|34|5|4|4|0|3|2|1|1|7
RZ1|254|1|Don|5|0|9|9901|1|1|0|0|0
RZ1|CHK|254|1|34|5|4|4|0|2|2|1|1|8
RZ1|255|1|Don|5|0|9|9902|1|1|0|0|0
RZ1|CHK|255|1|34|5|4|4|0|1|2|1|1|9
RZ1|256|1|Don|5|0|9|9903|1|1|0|0|0
RZ1|CHK|256|1|34|5|4|4|0|0|2|1|1|10
[You] Kaido ["ST04-001">ST04-001] attacking Marshall D. Teach ["OP16-080">OP16-080]
[Opponent] Discard Doc Q ["OP16-109">OP16-109] for Counter 2000
RZ1|257|2|OP16-109|1|4|6|14|1|1|0|0|0
RZ1|CHK|257|2|25|5|4|0|0|10|15|1|1|0
[Opponent] You're the one who should disappear! ["OP06-115">OP06-115]: Activate Counter
RZ1|258|2|OP06-115|1|1|6|15|1|1|0|0|0
RZ1|CHK|258|2|25|4|4|0|0|10|16|1|1|0
Kaido ["ST04-001">ST04-001][9000] vs Marshall D. Teach ["OP16-080">OP16-080][7000]
Marshall D. Teach ["OP16-080">OP16-080] hit for 1 damage
[Opponent] <b>Downloaded the Combat Log!</b>
GameOver