Version is 1.42c.22
[You] Leader is Kaido ["OP17-058">OP17-058]
RZ1|HDR|1.42c|2|RZ1
RZ1|PLY|1||OP17-058
RZ1|PLY|2||
[Opponent] Leader is Monkey D. Luffy ["OP13-001">OP13-001]
RZ1|1|2|OP05-038|0|45|0|0|0|0|0|0|0
RZ1|CHK|1|2|50|0|0|0|10|0|0|0|1|0
RZ1|2|2|EB04-007|0|7|0|1|0|0|0|0|0
RZ1|CHK|2|2|50|0|0|0|10|0|0|0|1|0
RZ1|3|2|OP13-040|0|39|0|2|0|0|0|0|0
RZ1|CHK|3|2|50|0|0|0|10|0|0|0|1|0
RZ1|4|2|OP13-118|0|37|0|3|0|0|0|0|0
RZ1|CHK|4|2|50|0|0|0|10|0|0|0|1|0
RZ1|5|2|OP13-027|0|36|0|4|0|0|0|0|0
RZ1|CHK|5|2|50|0|0|0|10|0|0|0|1|0
RZ1|6|2|OP14-031|0|32|0|5|0|0|0|0|0
RZ1|CHK|6|2|50|0|0|0|10|0|0|0|1|0
RZ1|7|2|EB02-017|0|18|0|6|0|0|0|0|0
RZ1|CHK|7|2|50|0|0|0|10|0|0|0|1|0
RZ1|8|2|OP13-040|0|42|0|7|0|0|0|0|0
RZ1|CHK|8|2|50|0|0|0|10|0|0|0|1|0
RZ1|9|2|OP05-038|0|43|0|8|0|0|0|0|0
RZ1|CHK|9|2|50|0|0|0|10|0|0|0|1|0
RZ1|10|2|OP15-035|0|26|0|9|0|0|0|0|0
RZ1|CHK|10|2|50|0|0|0|10|0|0|0|1|0
RZ1|11|2|OP14-031|0|34|0|10|0|0|0|0|0
RZ1|CHK|11|2|50|0|0|0|10|0|0|0|1|0
RZ1|12|2|OP14-022|0|34|0|11|0|0|0|0|0
RZ1|CHK|12|2|50|0|0|0|10|0|0|0|1|0
RZ1|13|2|EB02-017|0|24|0|12|0|0|0|0|0
RZ1|CHK|13|2|50|0|0|0|10|0|0|0|1|0
RZ1|14|2|OP13-037|0|30|0|13|0|0|0|0|0
RZ1|CHK|14|2|50|0|0|0|10|0|0|0|1|0
RZ1|15|2|OP13-118|0|40|0|14|0|0|0|0|0
RZ1|CHK|15|2|50|0|0|0|10|0|0|0|1|0
RZ1|16|2|EB02-017|0|28|0|15|0|0|0|0|0
RZ1|CHK|16|2|50|0|0|0|10|0|0|0|1|0
RZ1|17|2|OP13-027|0|39|0|16|0|0|0|0|0
RZ1|CHK|17|2|50|0|0|0|10|0|0|0|1|0
RZ1|18|2|OP15-035|0|30|0|17|0|0|0|0|0
RZ1|CHK|18|2|50|0|0|0|10|0|0|0|1|0
RZ1|19|2|OP13-027|0|39|0|18|0|0|0|0|0
RZ1|CHK|19|2|50|0|0|0|10|0|0|0|1|0
RZ1|20|2|EB04-007|0|25|0|19|0|0|0|0|0
RZ1|CHK|20|2|50|0|0|0|10|0|0|0|1|0
RZ1|21|2|OP13-040|0|43|0|20|0|0|0|0|0
RZ1|CHK|21|2|50|0|0|0|10|0|0|0|1|0
RZ1|22|2|OP01-016|0|22|0|21|0|0|0|0|0
RZ1|CHK|22|2|50|0|0|0|10|0|0|0|1|0
RZ1|23|2|OP14-022|0|38|0|22|0|0|0|0|0
RZ1|CHK|23|2|50|0|0|0|10|0|0|0|1|0
RZ1|24|2|OP14-031|0|39|0|23|0|0|0|0|0
RZ1|CHK|24|2|50|0|0|0|10|0|0|0|1|0
RZ1|25|2|OP16-004|0|33|0|24|0|0|0|0|0
RZ1|CHK|25|2|50|0|0|0|10|0|0|0|1|0
RZ1|26|2|ST31-005|0|49|0|25|0|0|0|0|0
RZ1|CHK|26|2|50|0|0|0|10|0|0|0|1|0
RZ1|27|2|OP05-038|0|46|0|26|0|0|0|0|0
RZ1|CHK|27|2|50|0|0|0|10|0|0|0|1|0
RZ1|28|2|OP16-004|0|35|0|27|0|0|0|0|0
RZ1|CHK|28|2|50|0|0|0|10|0|0|0|1|0
RZ1|29|2|OP13-040|0|45|0|28|0|0|0|0|0
RZ1|CHK|29|2|50|0|0|0|10|0|0|0|1|0
RZ1|30|2|EB02-017|0|37|0|29|0|0|0|0|0
RZ1|CHK|30|2|50|0|0|0|10|0|0|0|1|0
RZ1|31|2|EB04-007|0|36|0|30|0|0|0|0|0
RZ1|CHK|31|2|50|0|0|0|10|0|0|0|1|0
RZ1|32|2|EB04-007|0|36|0|32|0|0|0|0|0
RZ1|CHK|32|2|50|0|0|0|10|0|0|0|1|0
RZ1|33|2|OP16-004|0|37|0|33|0|0|0|0|0
RZ1|CHK|33|2|50|0|0|0|10|0|0|0|1|0
RZ1|34|2|OP05-038|0|46|0|34|0|0|0|0|0
RZ1|CHK|34|2|50|0|0|0|10|0|0|0|1|0
RZ1|35|2|OP15-032|0|46|0|35|0|0|0|0|0
RZ1|CHK|35|2|50|0|0|0|10|0|0|0|1|0
RZ1|36|2|OP13-037|0|41|0|36|0|0|0|0|0
RZ1|CHK|36|2|50|0|0|0|10|0|0|0|1|0
RZ1|37|2|OP15-035|0|41|0|37|0|0|0|0|0
RZ1|CHK|37|2|50|0|0|0|10|0|0|0|1|0
RZ1|38|2|OP13-037|0|42|0|38|0|0|0|0|0
RZ1|CHK|38|2|50|0|0|0|10|0|0|0|1|0
RZ1|39|2|ST31-005|0|49|0|39|0|0|0|0|0
RZ1|CHK|39|2|50|0|0|0|10|0|0|0|1|0
RZ1|40|2|ST31-005|0|48|0|40|0|0|0|0|0
RZ1|CHK|40|2|50|0|0|0|10|0|0|0|1|0
RZ1|41|2|OP14-022|0|46|0|41|0|0|0|0|0
RZ1|CHK|41|2|50|0|0|0|10|0|0|0|1|0
RZ1|42|2|OP13-118|0|48|0|42|0|0|0|0|0
RZ1|CHK|42|2|50|0|0|0|10|0|0|0|1|0
RZ1|43|2|OP13-027|0|48|0|43|0|0|0|0|0
RZ1|CHK|43|2|50|0|0|0|10|0|0|0|1|0
RZ1|44|2|OP01-016|0|45|0|44|0|0|0|0|0
RZ1|CHK|44|2|50|0|0|0|10|0|0|0|1|0
RZ1|45|2|OP14-022|0|48|0|46|0|0|0|0|0
RZ1|CHK|45|2|50|0|0|0|10|0|0|0|1|0
RZ1|46|2|OP10-011|0|48|0|47|0|0|0|0|0
RZ1|CHK|46|2|50|0|0|0|10|0|0|0|1|0
[] Drew card from deck: NoroNoro Beam Sword ["OP07-076">OP07-076]
RZ1|47|1|OP07-076|0|49|1|0|1|1|0|0|0
RZ1|CHK|47|1|49|1|0|0|10|0|0|0|1|0
[] Drew card from deck: We're Going to Claim the One Piece!!! ["OP07-077">OP07-077]
RZ1|48|1|OP07-077|0|48|1|1|1|1|0|0|0
RZ1|CHK|48|1|48|2|0|0|10|0|0|0|1|0
[] Drew card from deck: Charlotte Linlin ["ST34-004">ST34-004]
RZ1|49|1|ST34-004|0|47|1|2|1|1|0|0|0
RZ1|CHK|49|1|47|3|0|0|10|0|0|0|1|0
[] Drew card from deck: Onami ["ST18-002">ST18-002]
RZ1|50|1|ST18-002|0|46|1|3|1|1|0|0|0
RZ1|CHK|50|1|46|4|0|0|10|0|0|0|1|0
[] Drew card from deck: We're Going to Claim the One Piece!!! ["OP07-077">OP07-077]
RZ1|51|1|OP07-077|0|45|1|4|1|1|0|0|0
RZ1|CHK|51|1|45|5|0|0|10|0|0|0|1|0
[] Drew card from deck: Thousand Sunny ["ST31-005">ST31-005]
RZ1|52|2|ST31-005|0|49|1|0|1|1|0|0|0
RZ1|CHK|52|2|49|1|0|0|10|0|0|0|1|0
[] Drew card from deck: Sanji ["ST21-003">ST21-003]
RZ1|53|2|ST21-003|0|48|1|1|1|1|0|0|0
RZ1|CHK|53|2|48|2|0|0|10|0|0|0|1|0
[] Drew card from deck: Tony Tony Chopper ["OP10-011">OP10-011]
RZ1|54|2|OP10-011|0|47|1|2|1|1|0|0|0
RZ1|CHK|54|2|47|3|0|0|10|0|0|0|1|0
[] Drew card from deck: Usopp ["OP14-022">OP14-022]
RZ1|55|2|OP14-022|0|46|1|3|1|1|0|0|0
RZ1|CHK|55|2|46|4|0|0|10|0|0|0|1|0
[] Drew card from deck: Nami ["OP01-016">OP01-016]
RZ1|56|2|OP01-016|0|45|1|4|1|1|0|0|0
RZ1|CHK|56|2|45|5|0|0|10|0|0|0|1|0
RZ1|57|1|OP07-077|0|44|3|0|1|0|0|0|0
RZ1|CHK|57|1|44|5|0|1|10|0|0|0|1|0
RZ1|58|1|OP17-062|0|43|3|1|1|0|0|0|0
RZ1|CHK|58|1|43|5|0|2|10|0|0|0|1|0
RZ1|59|1|ST18-002|0|42|3|2|1|0|0|0|0
RZ1|CHK|59|1|42|5|0|3|10|0|0|0|1|0
RZ1|60|1|OP07-076|0|41|3|3|1|0|0|0|0
RZ1|CHK|60|1|41|5|0|4|10|0|0|0|1|0
RZ1|61|1|EB04-031|0|40|3|4|1|0|0|0|0
RZ1|CHK|61|1|40|5|0|5|10|0|0|0|1|0
RZ1|62|2|OP01-016|0|44|3|0|0|1|0|0|0
RZ1|CHK|62|2|44|5|0|1|10|0|0|0|1|0
RZ1|63|2|OP13-027|0|43|3|1|0|1|0|0|0
RZ1|CHK|63|2|43|5|0|2|10|0|0|0|1|0
RZ1|64|2|OP13-118|0|42|3|2|0|1|0|0|0
RZ1|CHK|64|2|42|5|0|3|10|0|0|0|1|0
RZ1|65|2|OP14-022|0|41|3|3|0|1|0|0|0
RZ1|CHK|65|2|41|5|0|4|10|0|0|0|1|0
[] Hand: [OP07-076,OP07-077,ST34-004,ST18-002,OP07-077]
[] Board: []
[] Trash: []
[] Life: 5
[] Hand: [ST31-005,ST21-003,OP10-011,OP14-022,OP01-016]
[] Trash: []
[] Board: []
[] Life: 4
RZ1|66|1|Don|4|9|5|0|1|1|0|0|0
RZ1|CHK|66|1|40|5|0|5|9|1|0|0|1|0
[You] Draw 1 Don
[You] We're Going to Claim the One Piece!!! ["OP07-077">OP07-077]: Rest 1 Don
RZ1|67|1|Don|5|0|5|0|1|1|1|0|0
RZ1|CHK|67|1|40|5|0|5|9|1|0|0|1|0
RZ1|68|1|OP07-077|1|1|6|0|1|1|0|0|0
RZ1|CHK|68|1|40|4|0|5|9|1|1|0|1|0
RZ1|69|1|OP17-073|0|36|1|4|1|1|0|0|0
RZ1|CHK|69|1|39|5|0|5|9|1|1|0|1|0
[You] We're Going to Claim the One Piece!!! ["OP07-077">OP07-077]: <b>Reveal and Draw Basil Hawkins ["OP17-073">OP17-073]</b>
[You] Placing Cards on Bottom of Deck
RZ1|70|1|OP07-077|0|38|0|0|0|0|0|0|0
RZ1|CHK|70|1|39|5|0|5|9|1|1|0|1|0
RZ1|71|1|EB04-040|0|38|0|0|0|0|0|0|0
RZ1|CHK|71|1|39|5|0|5|9|1|1|0|1|0
RZ1|72|1|OP17-062|0|38|0|0|0|0|0|0|0
RZ1|CHK|72|1|39|5|0|5|9|1|1|0|1|0
RZ1|73|1|ST18-002|0|38|0|0|0|0|0|0|0
RZ1|CHK|73|1|39|5|0|5|9|1|1|0|1|0
[] Hand: [OP07-076,ST34-004,ST18-002,OP07-077,OP17-073]
[] Board: []
[] Trash: [OP07-077]
[] Life: 5
[] Hand: [ST31-005,ST21-003,OP10-011,OP14-022,OP01-016]
[] Trash: []
[] Board: []
[] Life: 4
[You] End Turn
[] Hand: [ST31-005,ST21-003,OP10-011,OP14-022,OP01-016]
[] Board: []
[] Trash: []
[] Life: 4
[] Hand: [OP07-076,ST34-004,ST18-002,OP07-077,OP17-073]
[] Trash: [OP07-077]
[] Board: []
[] Life: 5
[Opponent] Draw 1 Card
[] Drew card from deck: Thousand Sunny ["ST31-005">ST31-005]
RZ1|74|2|ST31-005|0|40|1|5|1|1|0|0|0
RZ1|CHK|74|2|40|6|0|4|10|0|0|0|1|0
RZ1|75|2|Don|4|9|5|0|1|1|0|0|0
RZ1|CHK|75|2|40|6|0|4|9|1|0|0|1|0
RZ1|76|2|Don|4|8|5|1|1|1|0|0|0
RZ1|CHK|76|2|40|6|0|4|8|2|0|0|1|0
[Opponent] Draw 2 Don
RZ1|77|2|Don|5|0|5|0|1|1|1|0|0
RZ1|CHK|77|2|40|6|0|4|8|2|0|0|1|0
[Opponent] Deploy Thousand Sunny ["ST31-005">ST31-005]
RZ1|78|2|ST31-005|1|5|7|0|1|1|0|0|0
RZ1|CHK|78|2|40|5|0|4|8|2|0|1|1|0
RZ1|79|2|OP13-037|0|36|1|5|1|1|0|0|0
RZ1|CHK|79|2|39|6|0|4|8|2|0|1|1|0
[Opponent] Thousand Sunny ["ST31-005">ST31-005]: <b>Reveal and Draw Roronoa Zoro ["OP13-037">OP13-037]</b>
[Opponent] Placing Cards on Bottom of Deck
RZ1|80|2|ST31-005|0|38|0|0|0|0|0|0|0
RZ1|CHK|80|2|39|6|0|4|8|2|0|1|1|0
RZ1|81|2|OP13-037|0|38|0|0|0|0|0|0|0
RZ1|CHK|81|2|39|6|0|4|8|2|0|1|1|0
RZ1|82|2|OP15-035|0|38|0|0|0|0|0|0|0
RZ1|CHK|82|2|39|6|0|4|8|2|0|1|1|0
RZ1|83|2|OP15-032|0|38|0|0|0|0|0|0|0
RZ1|CHK|83|2|39|6|0|4|8|2|0|1|1|0
RZ1|84|2|Don|5|1|5|1|1|1|1|0|0
RZ1|CHK|84|2|39|6|0|4|8|2|0|1|1|0
[Opponent] Deploy Nami ["OP01-016">OP01-016]
RZ1|85|2|OP01-016|1|4|2|0|1|1|0|0|0
RZ1|CHK|85|2|39|5|1|4|8|2|0|1|1|0
[Opponent] Nami ["OP01-016">OP01-016]: <b>Reveal and Draw Roronoa Zoro ["EB04-007">EB04-007]</b>
RZ1|86|2|EB04-007|0|36|1|5|1|1|0|0|0
RZ1|CHK|86|2|38|6|1|4|8|2|0|1|1|0
RZ1|87|2|OP05-038|0|37|0|0|0|0|0|0|0
RZ1|CHK|87|2|38|6|1|4|8|2|0|1|1|0
RZ1|88|2|OP16-004|0|37|0|0|0|0|0|0|0
RZ1|CHK|88|2|38|6|1|4|8|2|0|1|1|0
RZ1|89|2|OP01-016|0|37|0|0|0|0|0|0|0
RZ1|CHK|89|2|38|6|1|4|8|2|0|1|1|0
RZ1|90|2|EB04-007|0|37|0|0|0|0|0|0|0
RZ1|CHK|90|2|38|6|1|4|8|2|0|1|1|0
[] Hand: [ST31-005,ST21-003,OP10-011,OP14-022,OP13-037,EB04-007]
[] Board: [OP01-016]
[] Trash: []
[] Life: 4
[] Hand: [OP07-076,ST34-004,ST18-002,OP07-077,OP17-073]
[] Trash: [OP07-077]
[] Board: []
[] Life: 5
[Opponent] End Turn
[] Hand: [OP07-076,ST34-004,ST18-002,OP07-077,OP17-073]
[] Board: []
[] Trash: [OP07-077]
[] Life: 5
[] Hand: [ST31-005,ST21-003,OP10-011,OP14-022,OP13-037,EB04-007]
[] Trash: []
[] Board: [OP01-016]
[] Life: 4
[You] Draw 1 Card
[] Drew card from deck: Queen ["EB04-032">EB04-032]
RZ1|91|1|EB04-032|0|38|1|5|1|1|0|0|0
RZ1|CHK|91|1|38|6|0|5|9|1|1|0|1|0
RZ1|92|1|Don|4|8|5|1|1|1|0|0|0
RZ1|CHK|92|1|38|6|0|5|8|2|1|0|1|0
RZ1|93|1|Don|4|7|5|2|1|1|0|0|0
RZ1|CHK|93|1|38|6|0|5|7|3|1|0|1|0
[You] Draw 2 Don
RZ1|94|1|Don|5|0|9|9900|1|1|0|0|0
RZ1|CHK|94|1|38|6|0|5|7|2|1|0|1|1
RZ1|95|1|Don|5|0|9|9901|1|1|0|0|0
RZ1|CHK|95|1|38|6|0|5|7|1|1|0|1|2
[You] Attach 2 Don to Kaido ["OP17-058">OP17-058] (2 Total)
RZ1|96|1|Don|5|0|9|9902|1|1|0|0|0
RZ1|CHK|96|1|38|6|0|5|7|0|1|0|1|3
[You] Attach 1 Don to Kaido ["OP17-058">OP17-058] (3 Total)
[You] Kaido ["OP17-058">OP17-058] attacking Monkey D. Luffy ["OP13-001">OP13-001]
RZ1|97|1|Don|9|9900|4|7|1|1|0|0|0
RZ1|CHK|97|1|38|6|0|5|8|0|1|0|1|2
[You] Kaido ["OP17-058">OP17-058]: Minus 1 Don
[You] Kaido ["OP17-058">OP17-058]: Buff Nami ["OP01-016">OP01-016] -2000
Kaido ["OP17-058">OP17-058][7000] vs Monkey D. Luffy ["OP13-001">OP13-001][5000]
Monkey D. Luffy ["OP13-001">OP13-001] hit for 1 damage
RZ1|98|2|OP14-022|3|3|1|6|1|1|0|0|0
RZ1|CHK|98|2|38|7|1|3|8|2|0|1|1|0
[] Hand: [OP07-076,ST34-004,ST18-002,OP07-077,OP17-073,EB04-032]
[] Board: []
[] Trash: [OP07-077]
[] Life: 5
[] Hand: [ST31-005,ST21-003,OP10-011,OP14-022,OP13-037,EB04-007,OP14-022]
[] Trash: []
[] Board: [OP01-016]
[] Life: 3
[You] End Turn
[] Hand: [ST31-005,ST21-003,OP10-011,OP14-022,OP13-037,EB04-007,OP14-022]
[] Board: [OP01-016]
[] Trash: []
[] Life: 3
[] Hand: [OP07-076,ST34-004,ST18-002,OP07-077,OP17-073,EB04-032]
[] Trash: [OP07-077]
[] Board: []
[] Life: 5
[Opponent] Draw 1 Card
[] Drew card from deck: Nami ["EB02-017">EB02-017]
RZ1|99|2|EB02-017|0|37|1|7|1|1|0|0|0
RZ1|CHK|99|2|37|8|1|3|8|2|0|1|1|0
RZ1|100|2|Don|4|7|5|2|1|1|0|0|0
RZ1|CHK|100|2|37|8|1|3|7|3|0|1|1|0
RZ1|101|2|Don|4|6|5|3|1|1|0|0|0
RZ1|CHK|101|2|37|8|1|3|6|4|0|1|1|0
[Opponent] Draw 2 Don
RZ1|102|2|Don|5|0|5|0|1|1|1|0|0
RZ1|CHK|102|2|37|8|1|3|6|4|0|1|1|0
RZ1|103|2|Don|5|1|5|1|1|1|1|0|0
RZ1|CHK|103|2|37|8|1|3|6|4|0|1|1|0
RZ1|104|2|Don|5|2|5|2|1|1|1|0|0
RZ1|CHK|104|2|37|8|1|3|6|4|0|1|1|0
RZ1|105|2|Don|5|3|5|3|1|1|1|0|0
RZ1|CHK|105|2|37|8|1|3|6|4|0|1|1|0
[Opponent] Deploy Usopp ["OP14-022">OP14-022]
RZ1|106|2|OP14-022|1|3|2|1|1|1|0|0|0
RZ1|CHK|106|2|37|7|2|3|6|4|0|1|1|0
[Opponent] Thousand Sunny ["ST31-005">ST31-005]: Rest Thousand Sunny ["ST31-005">ST31-005]
[Opponent] Thousand Sunny ["ST31-005">ST31-005]: Attach 1 Rested Don to Monkey D. Luffy ["OP13-001">OP13-001]
RZ1|107|2|Don|5|0|9|9900|1|1|1|0|0
RZ1|CHK|107|2|37|7|2|3|6|3|0|1|1|1
[Opponent] Monkey D. Luffy ["OP13-001">OP13-001] attacking Kaido ["OP17-058">OP17-058]
RZ1|108|1|Don|9|9900|4|8|1|1|0|0|0
RZ1|CHK|108|1|38|6|0|5|9|0|1|0|1|1
[You] Kaido ["OP17-058">OP17-058]: Minus 1 Don
[You] Kaido ["OP17-058">OP17-058]: Buff Usopp ["OP14-022">OP14-022] -2000
[You] Discard Basil Hawkins ["OP17-073">OP17-073] for Counter 2000
RZ1|109|1|OP17-073|1|4|6|1|1|1|0|0|0
RZ1|CHK|109|1|38|5|0|5|9|0|2|0|1|1
Monkey D. Luffy ["OP13-001">OP13-001][6000] vs Kaido ["OP17-058">OP17-058][7000]
Attack Fails
[Opponent] Usopp ["OP14-022">OP14-022]: Activate 1 Don
RZ1|110|2|Don|5|2|5|2|1|1|0|0|0
RZ1|CHK|110|2|37|7|2|3|6|3|0|1|1|1
[Opponent] Usopp ["OP14-022">OP14-022]: Activate 1 Don
RZ1|111|2|Don|5|1|5|1|1|1|0|0|0
RZ1|CHK|111|2|37|7|2|3|6|3|0|1|1|1
[] Hand: [ST31-005,ST21-003,OP10-011,OP13-037,EB04-007,OP14-022,EB02-017]
[] Board: [OP01-016,OP14-022]
[] Trash: []
[] Life: 3
[] Hand: [OP07-076,ST34-004,ST18-002,OP07-077,EB04-032]
[] Trash: [OP07-077,OP17-073]
[] Board: []
[] Life: 5
[Opponent] End Turn
[] Hand: [OP07-076,ST34-004,ST18-002,OP07-077,EB04-032]
[] Board: []
[] Trash: [OP07-077,OP17-073]
[] Life: 5
[] Hand: [ST31-005,ST21-003,OP10-011,OP13-037,EB04-007,OP14-022,EB02-017]
[] Trash: []
[] Board: [OP01-016,OP14-022]
[] Life: 3
RZ1|112|1|Don|9|9900|5|0|1|1|1|0|0
RZ1|CHK|112|1|38|5|0|5|9|1|2|0|1|0
[You] Draw 1 Card
[] Drew card from deck: King ["EB04-031">EB04-031]
RZ1|113|1|EB04-031|0|37|1|5|1|1|0|0|0
RZ1|CHK|113|1|37|6|0|5|9|1|2|0|1|0
RZ1|114|1|Don|4|8|5|1|1|1|0|0|0
RZ1|CHK|114|1|37|6|0|5|8|2|2|0|1|0
RZ1|115|1|Don|4|7|5|2|1|1|0|0|0
RZ1|CHK|115|1|37|6|0|5|7|3|2|0|1|0
[You] Draw 2 Don
[You] Kaido ["OP17-058">OP17-058] attacking Monkey D. Luffy ["OP13-001">OP13-001]
RZ1|116|1|Don|5|0|4|7|1|1|0|0|0
RZ1|CHK|116|1|37|6|0|5|8|2|2|0|1|0
[You] Kaido ["OP17-058">OP17-058]: Minus 1 Don
[You] Kaido ["OP17-058">OP17-058]: Buff Usopp ["OP14-022">OP14-022] -2000
[Opponent] Monkey D. Luffy ["OP13-001">OP13-001]: Rest Don ["Don">Don]
RZ1|117|2|Don|5|1|5|1|1|1|1|0|0
RZ1|CHK|117|2|37|7|2|3|6|3|0|1|1|1
[Opponent] Monkey D. Luffy ["OP13-001">OP13-001]: Buff Monkey D. Luffy ["OP13-001">OP13-001] 2000 for the Combat
Kaido ["OP17-058">OP17-058][5000] vs Monkey D. Luffy ["OP13-001">OP13-001][7000]
Attack Fails
RZ1|118|1|Don|5|0|5|0|1|1|1|0|0
RZ1|CHK|118|1|37|6|0|5|8|2|2|0|1|0
[You] Deploy Queen ["EB04-032">EB04-032]
RZ1|119|1|EB04-032|1|4|2|0|1|1|0|0|0
RZ1|CHK|119|1|37|5|1|5|8|2|2|0|1|0
RZ1|120|1|EB04-031|1|4|6|2|1|1|0|0|0
RZ1|CHK|120|1|37|4|1|5|8|2|3|0|1|0
[You] Queen ["EB04-032">EB04-032]: Trash King ["EB04-031">EB04-031]
[] Drew card from deck: Charlotte Linlin ["OP08-069">OP08-069]
RZ1|121|1|OP08-069|0|36|1|4|1|1|0|0|0
RZ1|CHK|121|1|36|5|1|5|8|2|3|0|1|0
[] Drew card from deck: Yamato ["OP17-074">OP17-074]
RZ1|122|1|OP17-074|0|35|1|5|1|1|0|0|0
RZ1|CHK|122|1|35|6|1|5|8|2|3|0|1|0
[You] Queen ["EB04-032">EB04-032]: Draw 2 Card
[You] We're Going to Claim the One Piece!!! ["OP07-077">OP07-077]: Rest 1 Don
RZ1|123|1|Don|5|1|5|1|1|1|1|0|0
RZ1|CHK|123|1|35|6|1|5|8|2|3|0|1|0
RZ1|124|1|OP07-077|1|3|6|3|1|1|0|0|0
RZ1|CHK|124|1|35|5|1|5|8|2|4|0|1|0
RZ1|125|1|EB04-032|0|31|1|5|1|1|0|0|0
RZ1|CHK|125|1|34|6|1|5|8|2|4|0|1|0
[You] We're Going to Claim the One Piece!!! ["OP07-077">OP07-077]: <b>Reveal and Draw Queen ["EB04-032">EB04-032]</b>
[You] Placing Cards on Bottom of Deck
RZ1|126|1|OP17-062|0|33|0|0|0|0|0|0|0
RZ1|CHK|126|1|34|6|1|5|8|2|4|0|1|0
RZ1|127|1|OP17-060|0|33|0|0|0|0|0|0|0
RZ1|CHK|127|1|34|6|1|5|8|2|4|0|1|0
RZ1|128|1|OP17-074|0|33|0|0|0|0|0|0|0
RZ1|CHK|128|1|34|6|1|5|8|2|4|0|1|0
RZ1|129|1|EB04-031|0|33|0|0|0|0|0|0|0
RZ1|CHK|129|1|34|6|1|5|8|2|4|0|1|0
[] Hand: [OP07-076,ST34-004,ST18-002,OP08-069,OP17-074,EB04-032]
[] Board: [EB04-032]
[] Trash: [OP07-077,OP17-073,EB04-031,OP07-077]
[] Life: 5
[] Hand: [ST31-005,ST21-003,OP10-011,OP13-037,EB04-007,OP14-022,EB02-017]
[] Trash: []
[] Board: [OP01-016,OP14-022]
[] Life: 3
[You] End Turn
[] Hand: [ST31-005,ST21-003,OP10-011,OP13-037,EB04-007,OP14-022,EB02-017]
[] Board: [OP01-016,OP14-022]
[] Trash: []
[] Life: 3
[] Hand: [OP07-076,ST34-004,ST18-002,OP08-069,OP17-074,EB04-032]
[] Trash: [OP07-077,OP17-073,EB04-031,OP07-077]
[] Board: [EB04-032]
[] Life: 5
RZ1|130|2|Don|9|9900|5|0|1|1|1|0|0
RZ1|CHK|130|2|37|7|2|3|6|4|0|1|1|0
[Opponent] Draw 1 Card
[] Drew card from deck: I Know You're Strong... So I'll Go All Out ["OP13-040">OP13-040]
RZ1|131|2|OP13-040|0|36|1|7|1|1|0|0|0
RZ1|CHK|131|2|36|8|2|3|6|4|0|1|1|0
RZ1|132|2|Don|4|5|5|4|1|1|0|0|0
RZ1|CHK|132|2|36|8|2|3|5|5|0|1|1|0
RZ1|133|2|Don|4|4|5|5|1|1|0|0|0
RZ1|CHK|133|2|36|8|2|3|4|6|0|1|1|0
[Opponent] Draw 2 Don
RZ1|134|2|Don|5|0|5|0|1|1|1|0|0
RZ1|CHK|134|2|36|8|2|3|4|6|0|1|1|0
RZ1|135|2|Don|5|1|5|1|1|1|1|0|0
RZ1|CHK|135|2|36|8|2|3|4|6|0|1|1|0
RZ1|136|2|Don|5|2|5|2|1|1|1|0|0
RZ1|CHK|136|2|36|8|2|3|4|6|0|1|1|0
RZ1|137|2|Don|5|3|5|3|1|1|1|0|0
RZ1|CHK|137|2|36|8|2|3|4|6|0|1|1|0
[Opponent] Deploy Roronoa Zoro ["OP13-037">OP13-037]
RZ1|138|2|OP13-037|1|3|2|2|1|1|0|0|0
RZ1|CHK|138|2|36|7|3|3|4|6|0|1|1|0
[Opponent] Roronoa Zoro ["OP13-037">OP13-037]: Activate 1 Don
RZ1|139|2|Don|5|3|5|3|1|1|0|0|0
RZ1|CHK|139|2|36|7|3|3|4|6|0|1|1|0
[Opponent] Roronoa Zoro ["OP13-037">OP13-037]: Activate 1 Don
RZ1|140|2|Don|5|2|5|2|1|1|0|0|0
RZ1|CHK|140|2|36|7|3|3|4|6|0|1|1|0
[Opponent] Attach 1 Don to Nami ["OP01-016">OP01-016] (1 Total)
RZ1|141|2|Don|5|2|9|0|1|1|0|0|0
RZ1|CHK|141|2|36|7|3|3|4|5|0|1|1|1
[Opponent] Attach 1 Don to Nami ["OP01-016">OP01-016] (2 Total)
RZ1|142|2|Don|5|2|9|1|1|1|0|0|0
RZ1|CHK|142|2|36|7|3|3|4|4|0|1|1|2
[Opponent] Attach 1 Don to Nami ["OP01-016">OP01-016] (3 Total)
RZ1|143|2|Don|5|2|9|2|1|1|0|0|0
RZ1|CHK|143|2|36|7|3|3|4|3|0|1|1|3
[Opponent] Nami ["OP01-016">OP01-016] attacking Kaido ["OP17-058">OP17-058]
RZ1|144|1|Don|5|0|4|8|1|1|0|0|0
RZ1|CHK|144|1|34|6|1|5|9|1|4|0|1|0
[You] Kaido ["OP17-058">OP17-058]: Minus 1 Don
[You] Kaido ["OP17-058">OP17-058]: Buff Usopp ["OP14-022">OP14-022] -2000
[You] Discard Queen ["EB04-032">EB04-032] for Counter 1000
RZ1|145|1|EB04-032|1|5|6|4|1|1|0|0|0
RZ1|CHK|145|1|34|5|1|5|9|1|5|0|1|0
Nami ["OP01-016">OP01-016][5000] vs Kaido ["OP17-058">OP17-058][6000]
Attack Fails
[Opponent] Thousand Sunny ["ST31-005">ST31-005]: Rest Thousand Sunny ["ST31-005">ST31-005]
[Opponent] Thousand Sunny ["ST31-005">ST31-005]: Attach 1 Rested Don to Monkey D. Luffy ["OP13-001">OP13-001]
RZ1|146|2|Don|5|0|9|9900|1|1|1|0|0
RZ1|CHK|146|2|36|7|3|3|4|2|0|1|1|4
[Opponent] Attach 1 Don to Monkey D. Luffy ["OP13-001">OP13-001] (2 Total)
RZ1|147|2|Don|5|1|9|9901|1|1|0|0|0
RZ1|CHK|147|2|36|7|3|3|4|1|0|1|1|5
[Opponent] Monkey D. Luffy ["OP13-001">OP13-001] attacking Kaido ["OP17-058">OP17-058]
Monkey D. Luffy ["OP13-001">OP13-001][7000] vs Kaido ["OP17-058">OP17-058][5000]
Kaido ["OP17-058">OP17-058] hit for 1 damage
RZ1|148|1|EB04-031|3|4|1|5|1|1|0|0|0
RZ1|CHK|148|1|34|6|1|4|9|1|5|0|1|0
[Opponent] Usopp ["OP14-022">OP14-022]: Activate 1 Don
RZ1|149|2|Don|5|0|5|0|1|1|0|0|0
RZ1|CHK|149|2|36|7|3|3|4|1|0|1|1|5
[Opponent] Roronoa Zoro ["OP13-037">OP13-037]: Set Roronoa Zoro ["OP13-037">OP13-037] to Active
[] Hand: [ST31-005,ST21-003,OP10-011,EB04-007,OP14-022,EB02-017,OP13-040]
[] Board: [OP01-016,OP14-022,OP13-037]
[] Trash: []
[] Life: 3
[] Hand: [OP07-076,ST34-004,ST18-002,OP08-069,OP17-074,EB04-031]
[] Trash: [OP07-077,OP17-073,EB04-031,OP07-077,EB04-032]
[] Board: [EB04-032]
[] Life: 4
[Opponent] End Turn
[] Hand: [OP07-076,ST34-004,ST18-002,OP08-069,OP17-074,EB04-031]
[] Board: [EB04-032]
[] Trash: [OP07-077,OP17-073,EB04-031,OP07-077,EB04-032]
[] Life: 4
[] Hand: [ST31-005,ST21-003,OP10-011,EB04-007,OP14-022,EB02-017,OP13-040]
[] Trash: []
[] Board: [OP01-016,OP14-022,OP13-037]
[] Life: 3
[You] Draw 1 Card
[] Drew card from deck: Kaido ["EB04-030">EB04-030]
RZ1|150|1|EB04-030|0|33|1|6|1|1|0|0|0
RZ1|CHK|150|1|33|7|1|4|9|1|5|0|1|0
RZ1|151|1|Don|4|8|5|1|1|1|0|0|0
RZ1|CHK|151|1|33|7|1|4|8|2|5|0|1|0
RZ1|152|1|Don|4|7|5|2|1|1|0|0|0
RZ1|CHK|152|1|33|7|1|4|7|3|5|0|1|0
[You] Draw 2 Don
[You] Kaido ["OP17-058">OP17-058] attacking Monkey D. Luffy ["OP13-001">OP13-001]
RZ1|153|1|Don|5|0|4|7|1|1|0|0|0
RZ1|CHK|153|1|33|7|1|4|8|2|5|0|1|0
[You] Kaido ["OP17-058">OP17-058]: Minus 1 Don
[You] Kaido ["OP17-058">OP17-058]: Buff Usopp ["OP14-022">OP14-022] -2000
[Opponent] Monkey D. Luffy ["OP13-001">OP13-001]: Rest Don ["Don">Don]
RZ1|154|2|Don|5|0|5|0|1|1|1|0|0
RZ1|CHK|154|2|36|7|3|3|4|1|0|1|1|5
[Opponent] Monkey D. Luffy ["OP13-001">OP13-001]: Buff Monkey D. Luffy ["OP13-001">OP13-001] 2000 for the Combat
Kaido ["OP17-058">OP17-058][5000] vs Monkey D. Luffy ["OP13-001">OP13-001][7000]
Attack Fails
[] Hand: [OP07-076,ST34-004,ST18-002,OP08-069,OP17-074,EB04-031,EB04-030]
[] Board: [EB04-032]
[] Trash: [OP07-077,OP17-073,EB04-031,OP07-077,EB04-032]
[] Life: 4
[] Hand: [ST31-005,ST21-003,OP10-011,EB04-007,OP14-022,EB02-017,OP13-040]
[] Trash: []
[] Board: [OP01-016,OP14-022,OP13-037]
[] Life: 3
[You] End Turn
[] Hand: [ST31-005,ST21-003,OP10-011,EB04-007,OP14-022,EB02-017,OP13-040]
[] Board: [OP01-016,OP14-022,OP13-037]
[] Trash: []
[] Life: 3
[] Hand: [OP07-076,ST34-004,ST18-002,OP08-069,OP17-074,EB04-031,EB04-030]
[] Trash: [OP07-077,OP17-073,EB04-031,OP07-077,EB04-032]
[] Board: [EB04-032]
[] Life: 4
RZ1|155|2|Don|9|9900|5|0|1|1|1|0|0
RZ1|CHK|155|2|36|7|3|3|4|2|0|1|1|4
RZ1|156|2|Don|9|9900|5|0|1|1|1|0|0
RZ1|CHK|156|2|36|7|3|3|4|3|0|1|1|3
RZ1|157|2|Don|9|0|5|0|1|1|1|0|0
RZ1|CHK|157|2|36|7|3|3|4|4|0|1|1|2
RZ1|158|2|Don|9|0|5|0|1|1|1|0|0
RZ1|CHK|158|2|36|7|3|3|4|5|0|1|1|1
RZ1|159|2|Don|9|0|5|0|1|1|1|0|0
RZ1|CHK|159|2|36|7|3|3|4|6|0|1|1|0
[Opponent] Draw 1 Card
[] Drew card from deck: Curiel ["OP16-004">OP16-004]
RZ1|160|2|OP16-004|0|35|1|7|1|1|0|0|0
RZ1|CHK|160|2|35|8|3|3|4|6|0|1|1|0
RZ1|161|2|Don|4|3|5|6|1|1|0|0|0
RZ1|CHK|161|2|35|8|3|3|3|7|0|1|1|0
RZ1|162|2|Don|4|2|5|7|1|1|0|0|0
RZ1|CHK|162|2|35|8|3|3|2|8|0|1|1|0
[Opponent] Draw 2 Don
RZ1|163|2|Don|5|0|5|0|1|1|1|0|0
RZ1|CHK|163|2|35|8|3|3|2|8|0|1|1|0
RZ1|164|2|Don|5|1|5|1|1|1|1|0|0
RZ1|CHK|164|2|35|8|3|3|2|8|0|1|1|0
RZ1|165|2|Don|5|2|5|2|1|1|1|0|0
RZ1|CHK|165|2|35|8|3|3|2|8|0|1|1|0
RZ1|166|2|Don|5|3|5|3|1|1|1|0|0
RZ1|CHK|166|2|35|8|3|3|2|8|0|1|1|0
RZ1|167|2|Don|5|4|5|4|1|1|1|0|0
RZ1|CHK|167|2|35|8|3|3|2|8|0|1|1|0
RZ1|168|2|Don|5|5|5|5|1|1|1|0|0
RZ1|CHK|168|2|35|8|3|3|2|8|0|1|1|0
RZ1|169|2|Don|5|6|5|6|1|1|1|0|0
RZ1|CHK|169|2|35|8|3|3|2|8|0|1|1|0
[Opponent] Deploy Roronoa Zoro ["EB04-007">EB04-007]
RZ1|170|2|EB04-007|1|3|2|3|1|1|0|0|0
RZ1|CHK|170|2|35|7|4|3|2|8|0|1|1|0
[Opponent] Roronoa Zoro ["EB04-007">EB04-007]: Grant Monkey D. Luffy ["OP13-001">OP13-001] 2000 until opponent's next turn end
[Opponent] Thousand Sunny ["ST31-005">ST31-005]: Rest Thousand Sunny ["ST31-005">ST31-005]
[Opponent] Thousand Sunny ["ST31-005">ST31-005]: Attach 1 Rested Don to Monkey D. Luffy ["OP13-001">OP13-001]
RZ1|171|2|Don|5|0|9|9900|1|1|1|0|0
RZ1|CHK|171|2|35|7|4|3|2|7|0|1|1|1
[Opponent] Monkey D. Luffy ["OP13-001">OP13-001] attacking Kaido ["OP17-058">OP17-058]
RZ1|172|1|Don|5|0|4|8|1|1|0|0|0
RZ1|CHK|172|1|33|7|1|4|9|1|5|0|1|0
[You] Kaido ["OP17-058">OP17-058]: Minus 1 Don
[You] Kaido ["OP17-058">OP17-058]: Buff Roronoa Zoro ["EB04-007">EB04-007] -2000
Monkey D. Luffy ["OP13-001">OP13-001][8000] vs Kaido ["OP17-058">OP17-058][5000]
Kaido ["OP17-058">OP17-058] hit for 1 damage
RZ1|173|1|OP07-076|3|3|1|7|1|1|0|0|0
RZ1|CHK|173|1|33|8|1|3|9|1|5|0|1|0
[Opponent] Attach 1 Don to Usopp ["OP14-022">OP14-022] (1 Total)
RZ1|174|2|Don|5|6|9|100|1|1|0|0|0
RZ1|CHK|174|2|35|7|4|3|2|6|0|1|1|2
[Opponent] Usopp ["OP14-022">OP14-022] attacking Kaido ["OP17-058">OP17-058]
Usopp ["OP14-022">OP14-022][6000] vs Kaido ["OP17-058">OP17-058][5000]
Kaido ["OP17-058">OP17-058] hit for 1 damage
RZ1|175|1|ST18-002|3|2|1|8|1|1|0|0|0
RZ1|CHK|175|1|33|9|1|2|9|1|5|0|1|0
[Opponent] Roronoa Zoro ["OP13-037">OP13-037] attacking Kaido ["OP17-058">OP17-058]
[You] Discard Onami ["ST18-002">ST18-002] for Counter 1000
RZ1|176|1|ST18-002|1|2|6|5|1|1|0|0|0
RZ1|CHK|176|1|33|8|1|2|9|1|6|0|1|0
Roronoa Zoro ["OP13-037">OP13-037][5000] vs Kaido ["OP17-058">OP17-058][6000]
Attack Fails
[Opponent] Roronoa Zoro ["OP13-037">OP13-037]: Set Roronoa Zoro ["OP13-037">OP13-037] to Active
[Opponent] Usopp ["OP14-022">OP14-022]: Activate 1 Don
RZ1|177|2|Don|5|5|5|5|1|1|0|0|0
RZ1|CHK|177|2|35|7|4|3|2|6|0|1|1|2
[Opponent] Usopp ["OP14-022">OP14-022]: Activate 1 Don
RZ1|178|2|Don|5|4|5|4|1|1|0|0|0
RZ1|CHK|178|2|35|7|4|3|2|6|0|1|1|2
[] Hand: [ST31-005,ST21-003,OP10-011,OP14-022,EB02-017,OP13-040,OP16-004]
[] Board: [OP01-016,OP14-022,OP13-037,EB04-007]
[] Trash: []
[] Life: 3
[] Hand: [OP07-076,ST34-004,OP08-069,OP17-074,EB04-031,EB04-030,OP07-076,ST18-002]
[] Trash: [OP07-077,OP17-073,EB04-031,OP07-077,EB04-032,ST18-002]
[] Board: [EB04-032]
[] Life: 2
[Opponent] End Turn
[] Hand: [OP07-076,ST34-004,OP08-069,OP17-074,EB04-031,EB04-030,OP07-076,ST18-002]
[] Board: [EB04-032]
[] Trash: [OP07-077,OP17-073,EB04-031,OP07-077,EB04-032,ST18-002]
[] Life: 2
[] Hand: [ST31-005,ST21-003,OP10-011,OP14-022,EB02-017,OP13-040,OP16-004]
[] Trash: []
[] Board: [OP01-016,OP14-022,OP13-037,EB04-007]
[] Life: 3
[You] Draw 1 Card
[] Drew card from deck: Ulti & Page One ["OP17-060">OP17-060]
RZ1|179|1|OP17-060|0|32|1|8|1|1|0|0|0
RZ1|CHK|179|1|32|9|1|2|9|1|6|0|1|0
RZ1|180|1|Don|4|8|5|1|1|1|0|0|0
RZ1|CHK|180|1|32|9|1|2|8|2|6|0|1|0
RZ1|181|1|Don|4|7|5|2|1|1|0|0|0
RZ1|CHK|181|1|32|9|1|2|7|3|6|0|1|0
[You] Draw 2 Don
RZ1|182|1|Don|5|0|5|0|1|1|1|0|0
RZ1|CHK|182|1|32|9|1|2|7|3|6|0|1|0
RZ1|183|1|Don|5|1|5|1|1|1|1|0|0
RZ1|CHK|183|1|32|9|1|2|7|3|6|0|1|0
RZ1|184|1|Don|5|2|5|2|1|1|1|0|0
RZ1|CHK|184|1|32|9|1|2|7|3|6|0|1|0
[You] Deploy Yamato ["OP17-074">OP17-074]
RZ1|185|1|OP17-074|1|3|2|1|1|1|0|0|0
RZ1|CHK|185|1|32|8|2|2|7|3|6|0|1|0
[You] Kaido ["OP17-058">OP17-058] attacking Usopp ["OP14-022">OP14-022]
RZ1|186|1|Don|5|0|4|7|1|1|0|0|0
RZ1|CHK|186|1|32|8|2|2|8|2|6|0|1|0
[You] Kaido ["OP17-058">OP17-058]: Minus 1 Don
[You] Kaido ["OP17-058">OP17-058]: Buff Roronoa Zoro ["EB04-007">EB04-007] -2000
[Opponent] Monkey D. Luffy ["OP13-001">OP13-001]: Rest Don ["Don">Don]
RZ1|187|2|Don|5|4|5|4|1|1|1|0|0
RZ1|CHK|187|2|35|7|4|3|2|6|0|1|1|2
[Opponent] Monkey D. Luffy ["OP13-001">OP13-001]: Buff Usopp ["OP14-022">OP14-022] 2000 for the Combat
Kaido ["OP17-058">OP17-058][5000] vs Usopp ["OP14-022">OP14-022][7000]
Attack Fails
[] Hand: [OP07-076,ST34-004,OP08-069,EB04-031,EB04-030,OP07-076,ST18-002,OP17-060]
[] Board: [EB04-032,OP17-074]
[] Trash: [OP07-077,OP17-073,EB04-031,OP07-077,EB04-032,ST18-002]
[] Life: 2
[] Hand: [ST31-005,ST21-003,OP10-011,OP14-022,EB02-017,OP13-040,OP16-004]
[] Trash: []
[] Board: [OP01-016,OP14-022,OP13-037,EB04-007]
[] Life: 3
[You] End Turn
[] Hand: [ST31-005,ST21-003,OP10-011,OP14-022,EB02-017,OP13-040,OP16-004]
[] Board: [OP01-016,OP14-022,OP13-037,EB04-007]
[] Trash: []
[] Life: 3
[] Hand: [OP07-076,ST34-004,OP08-069,EB04-031,EB04-030,OP07-076,ST18-002,OP17-060]
[] Trash: [OP07-077,OP17-073,EB04-031,OP07-077,EB04-032,ST18-002]
[] Board: [EB04-032,OP17-074]
[] Life: 2
RZ1|188|2|Don|9|9900|5|0|1|1|1|0|0
RZ1|CHK|188|2|35|7|4|3|2|7|0|1|1|1
RZ1|189|2|Don|9|100|5|0|1|1|1|0|0
RZ1|CHK|189|2|35|7|4|3|2|8|0|1|1|0
[Opponent] Draw 1 Card
[] Drew card from deck: Charlestone ["OP05-038">OP05-038]
RZ1|190|2|OP05-038|0|34|1|7|1|1|0|0|0
RZ1|CHK|190|2|34|8|4|3|2|8|0|1|1|0
RZ1|191|2|Don|4|1|5|8|1|1|0|0|0
RZ1|CHK|191|2|34|8|4|3|1|9|0|1|1|0
RZ1|192|2|Don|4|0|5|9|1|1|0|0|0
RZ1|CHK|192|2|34|8|4|3|0|10|0|1|1|0
[Opponent] Draw 2 Don
RZ1|193|2|Don|5|0|5|0|1|1|1|0|0
RZ1|CHK|193|2|34|8|4|3|0|10|0|1|1|0
[Opponent] Deploy Nami ["EB02-017">EB02-017]
RZ1|194|2|EB02-017|1|4|2|4|1|1|0|0|0
RZ1|CHK|194|2|34|7|5|3|0|10|0|1|1|0
RZ1|195|2|OP14-022|0|30|1|7|1|1|0|0|0
RZ1|CHK|195|2|33|8|5|3|0|10|0|1|1|0
[Opponent] Nami ["EB02-017">EB02-017]: <b>Reveal and Draw Usopp ["OP14-022">OP14-022]</b>
[Opponent] Placing Cards on Bottom of Deck
RZ1|196|2|ST31-005|0|32|0|0|0|0|0|0|0
RZ1|CHK|196|2|33|8|5|3|0|10|0|1|1|0
RZ1|197|2|OP16-004|0|32|0|0|0|0|0|0|0
RZ1|CHK|197|2|33|8|5|3|0|10|0|1|1|0
RZ1|198|2|OP14-031|0|32|0|0|0|0|0|0|0
RZ1|CHK|198|2|33|8|5|3|0|10|0|1|1|0
RZ1|199|2|OP01-016|0|32|0|0|0|0|0|0|0
RZ1|CHK|199|2|33|8|5|3|0|10|0|1|1|0
RZ1|200|2|Don|5|1|5|1|1|1|1|0|0
RZ1|CHK|200|2|33|8|5|3|0|10|0|1|1|0
RZ1|201|2|Don|5|2|5|2|1|1|1|0|0
RZ1|CHK|201|2|33|8|5|3|0|10|0|1|1|0
RZ1|202|2|Don|5|3|5|3|1|1|1|0|0
RZ1|CHK|202|2|33|8|5|3|0|10|0|1|1|0
RZ1|203|2|Don|5|4|5|4|1|1|1|0|0
RZ1|CHK|203|2|33|8|5|3|0|10|0|1|1|0
[Opponent] Trash Nami ["EB02-017">EB02-017]
[Opponent] Deploy Usopp ["OP14-022">OP14-022]
RZ1|204|2|EB02-017|2|4|6|0|1|1|0|0|0
RZ1|CHK|204|2|33|8|4|3|0|10|1|1|1|0
RZ1|205|2|OP14-022|1|7|2|4|1|1|0|0|0
RZ1|CHK|205|2|33|7|5|3|0|10|1|1|1|0
[Opponent] Thousand Sunny ["ST31-005">ST31-005]: Rest Thousand Sunny ["ST31-005">ST31-005]
[Opponent] Thousand Sunny ["ST31-005">ST31-005]: Attach 1 Rested Don to Monkey D. Luffy ["OP13-001">OP13-001]
RZ1|206|2|Don|5|0|9|9900|1|1|1|0|0
RZ1|CHK|206|2|33|7|5|3|0|9|1|1|1|1
[Opponent] Roronoa Zoro ["EB04-007">EB04-007] attacking Kaido ["OP17-058">OP17-058]
[You] Yamato ["OP17-074">OP17-074] Blocks
RZ1|207|1|Don|5|0|4|8|1|1|0|0|0
RZ1|CHK|207|1|32|8|2|2|9|1|6|0|1|0
[You] Kaido ["OP17-058">OP17-058]: Minus 1 Don
[You] Kaido ["OP17-058">OP17-058]: Buff Roronoa Zoro ["EB04-007">EB04-007] -2000
Roronoa Zoro ["EB04-007">EB04-007][7000] vs Yamato ["OP17-074">OP17-074][1000]
[You] Yamato ["OP17-074">OP17-074] Destroyed
RZ1|208|1|OP17-074|2|1|6|6|1|1|0|0|0
RZ1|CHK|208|1|32|8|1|2|9|1|7|0|1|0
[Opponent] Attach 1 Don to Roronoa Zoro ["OP13-037">OP13-037] (1 Total)
RZ1|209|2|Don|5|8|9|200|1|1|0|0|0
RZ1|CHK|209|2|33|7|5|3|0|8|1|1|1|2
[Opponent] Attach 1 Don to Roronoa Zoro ["OP13-037">OP13-037] (2 Total)
RZ1|210|2|Don|5|7|9|201|1|1|0|0|0
RZ1|CHK|210|2|33|7|5|3|0|7|1|1|1|3
[Opponent] Roronoa Zoro ["OP13-037">OP13-037] attacking Kaido ["OP17-058">OP17-058]
Roronoa Zoro ["OP13-037">OP13-037][7000] vs Kaido ["OP17-058">OP17-058][5000]
Kaido ["OP17-058">OP17-058] hit for 1 damage
RZ1|211|1|OP17-062|3|1|1|8|1|1|0|0|0
RZ1|CHK|211|1|32|9|1|1|9|1|7|0|1|0
[Opponent] Attach 1 Don to Usopp ["OP14-022">OP14-022] (1 Total)
RZ1|212|2|Don|5|6|9|100|1|1|0|0|0
RZ1|CHK|212|2|33|7|5|3|0|6|1|1|1|4
[Opponent] Attach 1 Don to Usopp ["OP14-022">OP14-022] (2 Total)
RZ1|213|2|Don|5|5|9|101|1|1|0|0|0
RZ1|CHK|213|2|33|7|5|3|0|5|1|1|1|5
[Opponent] Usopp ["OP14-022">OP14-022] attacking Kaido ["OP17-058">OP17-058]
Usopp ["OP14-022">OP14-022][7000] vs Kaido ["OP17-058">OP17-058][5000]
Kaido ["OP17-058">OP17-058] hit for 1 damage
RZ1|214|1|OP07-077|3|0|1|9|1|1|0|0|0
RZ1|CHK|214|1|32|10|1|0|9|1|7|0|1|0
[You] We're Going to Claim the One Piece!!! ["OP07-077">OP07-077]: Activate Trigger
RZ1|215|1|OP07-077|1|9|6|7|1|1|0|0|0
RZ1|CHK|215|1|32|9|1|0|9|1|8|0|1|0
RZ1|216|1|OP17-060|0|31|1|9|1|1|0|0|0
RZ1|CHK|216|1|31|10|1|0|9|1|8|0|1|0
[You] We're Going to Claim the One Piece!!! ["OP07-077">OP07-077]: <b>Reveal and Draw Ulti & Page One ["OP17-060">OP17-060]</b>
[You] Placing Cards on Bottom of Deck
RZ1|217|1|EB04-031|0|30|0|0|0|0|0|0|0
RZ1|CHK|217|1|31|10|1|0|9|1|8|0|1|0
RZ1|218|1|OP07-076|0|30|0|0|0|0|0|0|0
RZ1|CHK|218|1|31|10|1|0|9|1|8|0|1|0
RZ1|219|1|EB04-030|0|30|0|0|0|0|0|0|0
RZ1|CHK|219|1|31|10|1|0|9|1|8|0|1|0
RZ1|220|1|EB04-030|0|30|0|0|0|0|0|0|0
RZ1|CHK|220|1|31|10|1|0|9|1|8|0|1|0
RZ1|221|2|Don|5|4|5|4|1|1|1|0|0
RZ1|CHK|221|2|33|7|5|3|0|5|1|1|1|5
RZ1|222|2|ST31-005|7|0|6|1|1|1|0|0|0
RZ1|CHK|222|2|33|7|5|3|0|5|2|0|1|5
[Opponent] Deploy Thousand Sunny ["ST31-005">ST31-005]
RZ1|223|2|ST31-005|1|0|7|0|1|1|0|0|0
RZ1|CHK|223|2|33|6|5|3|0|5|2|1|1|5
RZ1|224|2|OP13-027|0|30|1|6|1|1|0|0|0
RZ1|CHK|224|2|32|7|5|3|0|5|2|1|1|5
[Opponent] Thousand Sunny ["ST31-005">ST31-005]: <b>Reveal and Draw Sanji ["OP13-027">OP13-027]</b>
[Opponent] Placing Cards on Bottom of Deck
RZ1|225|2|OP13-040|0|31|0|0|0|0|0|0|0
RZ1|CHK|225|2|32|7|5|3|0|5|2|1|1|5
RZ1|226|2|EB04-007|0|31|0|0|0|0|0|0|0
RZ1|CHK|226|2|32|7|5|3|0|5|2|1|1|5
RZ1|227|2|OP15-035|0|31|0|0|0|0|0|0|0
RZ1|CHK|227|2|32|7|5|3|0|5|2|1|1|5
RZ1|228|2|OP13-027|0|31|0|0|0|0|0|0|0
RZ1|CHK|228|2|32|7|5|3|0|5|2|1|1|5
[Opponent] Thousand Sunny ["ST31-005">ST31-005]: Rest Thousand Sunny ["ST31-005">ST31-005]
[Opponent] Thousand Sunny ["ST31-005">ST31-005]: Attach 1 Rested Don to Monkey D. Luffy ["OP13-001">OP13-001]
RZ1|229|2|Don|5|0|9|9901|1|1|1|0|0
RZ1|CHK|229|2|32|7|5|3|0|4|2|1|1|6
[Opponent] Monkey D. Luffy ["OP13-001">OP13-001] attacking Kaido ["OP17-058">OP17-058]
[You] Discard Ulti & Page One ["OP17-060">OP17-060] for Counter 1000
RZ1|230|1|OP17-060|1|7|6|8|1|1|0|0|0
RZ1|CHK|230|1|31|9|1|0|9|1|9|0|1|0
[You] Discard Ulti & Page One ["OP17-060">OP17-060] for Counter 1000
RZ1|231|1|OP17-060|1|8|6|9|1|1|0|0|0
RZ1|CHK|231|1|31|8|1|0|9|1|10|0|1|0
[You] Discard Onami ["ST18-002">ST18-002] for Counter 1000
RZ1|232|1|ST18-002|1|6|6|10|1|1|0|0|0
RZ1|CHK|232|1|31|7|1|0|9|1|11|0|1|0
Monkey D. Luffy ["OP13-001">OP13-001][7000] vs Kaido ["OP17-058">OP17-058][8000]
Attack Fails
[Opponent] Usopp ["OP14-022">OP14-022]: Activate 1 Don
RZ1|233|2|Don|5|3|5|3|1|1|0|0|0
RZ1|CHK|233|2|32|7|5|3|0|4|2|1|1|6
[Opponent] Usopp ["OP14-022">OP14-022]: Activate 1 Don
RZ1|234|2|Don|5|2|5|2|1|1|0|0|0
RZ1|CHK|234|2|32|7|5|3|0|4|2|1|1|6
[Opponent] Roronoa Zoro ["OP13-037">OP13-037]: Set Roronoa Zoro ["OP13-037">OP13-037] to Active
[Opponent] Usopp ["OP14-022">OP14-022]: Activate 1 Don
RZ1|235|2|Don|5|1|5|1|1|1|0|0|0
RZ1|CHK|235|2|32|7|5|3|0|4|2|1|1|6
[Opponent] Usopp ["OP14-022">OP14-022]: Activate 1 Don
RZ1|236|2|Don|5|0|5|0|1|1|0|0|0
RZ1|CHK|236|2|32|7|5|3|0|4|2|1|1|6
[] Hand: [ST21-003,OP10-011,OP14-022,OP13-040,OP16-004,OP05-038,OP13-027]
[] Board: [OP01-016,OP14-022,OP13-037,EB04-007,OP14-022]
[] Trash: [EB02-017,ST31-005]
[] Life: 3
[] Hand: [OP07-076,ST34-004,OP08-069,EB04-031,EB04-030,OP07-076,OP17-062]
[] Trash: [OP07-077,OP17-073,EB04-031,OP07-077,EB04-032,ST18-002,OP17-074,OP07-077,OP17-060,OP17-060,ST18-002]
[] Board: [EB04-032]
[] Life: 0
[Opponent] End Turn
[] Hand: [OP07-076,ST34-004,OP08-069,EB04-031,EB04-030,OP07-076,OP17-062]
[] Board: [EB04-032]
[] Trash: [OP07-077,OP17-073,EB04-031,OP07-077,EB04-032,ST18-002,OP17-074,OP07-077,OP17-060,OP17-060,ST18-002]
[] Life: 0
[] Hand: [ST21-003,OP10-011,OP14-022,OP13-040,OP16-004,OP05-038,OP13-027]
[] Trash: [EB02-017,ST31-005]
[] Board: [OP01-016,OP14-022,OP13-037,EB04-007,OP14-022]
[] Life: 3
[You] Draw 1 Card
[] Drew card from deck: WoRoRoRoRo! I Think I've Sobered Up! ["OP17-076">OP17-076]
RZ1|237|1|OP17-076|0|30|1|7|1|1|0|0|0
RZ1|CHK|237|1|30|8|1|0|9|1|11|0|1|0
RZ1|238|1|Don|4|8|5|1|1|1|0|0|0
RZ1|CHK|238|1|30|8|1|0|8|2|11|0|1|0
RZ1|239|1|Don|4|7|5|2|1|1|0|0|0
RZ1|CHK|239|1|30|8|1|0|7|3|11|0|1|0
[You] Draw 2 Don
RZ1|240|1|Don|5|0|9|9900|1|1|0|0|0
RZ1|CHK|240|1|30|8|1|0|7|2|11|0|1|1
[You] Attach 1 Don to Kaido ["OP17-058">OP17-058] (1 Total)
RZ1|241|1|Don|5|0|9|9901|1|1|0|0|0
RZ1|CHK|241|1|30|8|1|0|7|1|11|0|1|2
RZ1|242|1|Don|5|0|9|9902|1|1|0|0|0
RZ1|CHK|242|1|30|8|1|0|7|0|11|0|1|3
[You] Attach 2 Don to Kaido ["OP17-058">OP17-058] (3 Total)
[You] Kaido ["OP17-058">OP17-058] attacking Monkey D. Luffy ["OP13-001">OP13-001]
RZ1|243|1|Don|9|9900|4|7|1|1|0|0|0
RZ1|CHK|243|1|30|8|1|0|8|0|11|0|1|2
[You] Kaido ["OP17-058">OP17-058]: Minus 1 Don
[You] Kaido ["OP17-058">OP17-058]: Buff Roronoa Zoro ["EB04-007">EB04-007] -2000
[Opponent] Monkey D. Luffy ["OP13-001">OP13-001]: Rest Don ["Don">Don]
RZ1|244|2|Don|5|0|5|0|1|1|1|0|0
RZ1|CHK|244|2|32|7|5|3|0|4|2|1|1|6
[Opponent] Monkey D. Luffy ["OP13-001">OP13-001]: Rest Don ["Don">Don]
RZ1|245|2|Don|5|1|5|1|1|1|1|0|0
RZ1|CHK|245|2|32|7|5|3|0|4|2|1|1|6
[Opponent] Monkey D. Luffy ["OP13-001">OP13-001]: Buff Monkey D. Luffy ["OP13-001">OP13-001] 4000 for the Combat
Kaido ["OP17-058">OP17-058][7000] vs Monkey D. Luffy ["OP13-001">OP13-001][9000]
Attack Fails
[] Hand: [OP07-076,ST34-004,OP08-069,EB04-031,EB04-030,OP07-076,OP17-062,OP17-076]
[] Board: [EB04-032]
[] Trash: [OP07-077,OP17-073,EB04-031,OP07-077,EB04-032,ST18-002,OP17-074,OP07-077,OP17-060,OP17-060,ST18-002]
[] Life: 0
[] Hand: [ST21-003,OP10-011,OP14-022,OP13-040,OP16-004,OP05-038,OP13-027]
[] Trash: [EB02-017,ST31-005]
[] Board: [OP01-016,OP14-022,OP13-037,EB04-007,OP14-022]
[] Life: 3
[You] End Turn
[] Hand: [ST21-003,OP10-011,OP14-022,OP13-040,OP16-004,OP05-038,OP13-027]
[] Board: [OP01-016,OP14-022,OP13-037,EB04-007,OP14-022]
[] Trash: [EB02-017,ST31-005]
[] Life: 3
[] Hand: [OP07-076,ST34-004,OP08-069,EB04-031,EB04-030,OP07-076,OP17-062,OP17-076]
[] Trash: [OP07-077,OP17-073,EB04-031,OP07-077,EB04-032,ST18-002,OP17-074,OP07-077,OP17-060,OP17-060,ST18-002]
[] Board: [EB04-032]
[] Life: 0
RZ1|246|2|Don|9|9900|5|0|1|1|1|0|0
RZ1|CHK|246|2|32|7|5|3|0|5|2|1|1|5
RZ1|247|2|Don|9|9900|5|0|1|1|1|0|0
RZ1|CHK|247|2|32|7|5|3|0|6|2|1|1|4
RZ1|248|2|Don|9|100|5|0|1|1|1|0|0
RZ1|CHK|248|2|32|7|5|3|0|7|2|1|1|3
RZ1|249|2|Don|9|100|5|0|1|1|1|0|0
RZ1|CHK|249|2|32|7|5|3|0|8|2|1|1|2
RZ1|250|2|Don|9|200|5|0|1|1|1|0|0
RZ1|CHK|250|2|32|7|5|3|0|9|2|1|1|1
RZ1|251|2|Don|9|200|5|0|1|1|1|0|0
RZ1|CHK|251|2|32|7|5|3|0|10|2|1|1|0
[Opponent] Draw 1 Card
[] Drew card from deck: Nami ["EB02-017">EB02-017]
RZ1|252|2|EB02-017|0|31|1|7|1|1|0|0|0
RZ1|CHK|252|2|31|8|5|3|0|10|2|1|1|0
[Opponent] Attach 10 Don to Roronoa Zoro ["EB04-007">EB04-007] (10 Total)
RZ1|253|2|Don|5|0|9|300|1|1|0|0|0
RZ1|CHK|253|2|31|8|5|3|0|9|2|1|1|1
RZ1|254|2|Don|5|0|9|301|1|1|0|0|0
RZ1|CHK|254|2|31|8|5|3|0|8|2|1|1|2
RZ1|255|2|Don|5|0|9|302|1|1|0|0|0
RZ1|CHK|255|2|31|8|5|3|0|7|2|1|1|3
RZ1|256|2|Don|5|0|9|303|1|1|0|0|0
RZ1|CHK|256|2|31|8|5|3|0|6|2|1|1|4
RZ1|257|2|Don|5|0|9|304|1|1|0|0|0
RZ1|CHK|257|2|31|8|5|3|0|5|2|1|1|5
RZ1|258|2|Don|5|0|9|305|1|1|0|0|0
RZ1|CHK|258|2|31|8|5|3|0|4|2|1|1|6
RZ1|259|2|Don|5|0|9|306|1|1|0|0|0
RZ1|CHK|259|2|31|8|5|3|0|3|2|1|1|7
RZ1|260|2|Don|5|0|9|307|1|1|0|0|0
RZ1|CHK|260|2|31|8|5|3|0|2|2|1|1|8
RZ1|261|2|Don|5|0|9|308|1|1|0|0|0
RZ1|CHK|261|2|31|8|5|3|0|1|2|1|1|9
RZ1|262|2|Don|5|0|9|309|1|1|0|0|0
RZ1|CHK|262|2|31|8|5|3|0|0|2|1|1|10
[Opponent] Roronoa Zoro ["EB04-007">EB04-007] attacking Kaido ["OP17-058">OP17-058]
RZ1|263|1|Don|9|9900|4|8|1|1|0|0|0
RZ1|CHK|263|1|30|8|1|0|9|0|11|0|1|1
[You] Kaido ["OP17-058">OP17-058]: Minus 1 Don
[You] Kaido ["OP17-058">OP17-058]: Buff Roronoa Zoro ["EB04-007">EB04-007] -2000
Roronoa Zoro ["EB04-007">EB04-007][17000] vs Kaido ["OP17-058">OP17-058][5000]
Kaido ["OP17-058">OP17-058] hit for 1 damage
[You] <b>Downloaded the Combat Log!</b>
[You] Quits!
RZ1|HDR|1.42c|2|RZ1
RZ1|PLY|1||OP17-058
RZ1|PLY|2||OP13-001
RZ1|1|2|Don|9|300|5|0|1|1|1|0|0
RZ1|CHK|1|2|31|8|5|3|0|1|2|1|1|9
RZ1|2|2|Don|9|300|5|0|1|1|1|0|0
RZ1|CHK|2|2|31|8|5|3|0|2|2|1|1|8
RZ1|3|2|Don|9|300|5|0|1|1|1|0|0
RZ1|CHK|3|2|31|8|5|3|0|3|2|1|1|7
RZ1|4|2|Don|9|300|5|0|1|1|1|0|0
RZ1|CHK|4|2|31|8|5|3|0|4|2|1|1|6
RZ1|5|2|Don|9|300|5|0|1|1|1|0|0
RZ1|CHK|5|2|31|8|5|3|0|5|2|1|1|5
RZ1|6|2|Don|9|300|5|0|1|1|1|0|0
RZ1|CHK|6|2|31|8|5|3|0|6|2|1|1|4
RZ1|7|2|Don|9|300|5|0|1|1|1|0|0
RZ1|CHK|7|2|31|8|5|3|0|7|2|1|1|3
RZ1|8|2|Don|9|300|5|0|1|1|1|0|0
RZ1|CHK|8|2|31|8|5|3|0|8|2|1|1|2
RZ1|9|2|Don|9|300|5|0|1|1|1|0|0
RZ1|CHK|9|2|31|8|5|3|0|9|2|1|1|1
RZ1|10|2|Don|9|300|5|0|1|1|1|0|0
RZ1|CHK|10|2|31|8|5|3|0|10|2|1|1|0
RZ1|11|1|Don|9|9900|5|0|1|1|1|0|0
RZ1|CHK|11|1|30|8|1|0|9|1|11|0|1|0