Version is 1.42c.22
[You] Leader is Kaido ["OP17-058">OP17-058]
[Opponent] Leader is Edward Newgate ["OP02-001">OP02-001]
RZ1|12|2|OP01-029|0|37|0|0|0|0|0|0|0
RZ1|CHK|12|2|50|0|0|0|10|0|0|0|1|0
RZ1|13|2|OP01-006|0|2|0|1|0|0|0|0|0
RZ1|CHK|13|2|50|0|0|0|10|0|0|0|1|0
RZ1|14|2|OP02-018|0|21|0|2|0|0|0|0|0
RZ1|CHK|14|2|50|0|0|0|10|0|0|0|1|0
RZ1|15|2|OP02-015|0|9|0|3|0|0|0|0|0
RZ1|CHK|15|2|50|0|0|0|10|0|0|0|1|0
RZ1|16|2|OP03-003|0|12|0|4|0|0|0|0|0
RZ1|CHK|16|2|50|0|0|0|10|0|0|0|1|0
RZ1|17|2|ST01-014|0|42|0|5|0|0|0|0|0
RZ1|CHK|17|2|50|0|0|0|10|0|0|0|1|0
RZ1|18|2|OP01-029|0|38|0|6|0|0|0|0|0
RZ1|CHK|18|2|50|0|0|0|10|0|0|0|1|0
RZ1|19|2|OP02-007|0|29|0|7|0|0|0|0|0
RZ1|CHK|19|2|50|0|0|0|10|0|0|0|1|0
RZ1|20|2|OP02-008|0|22|0|8|0|0|0|0|0
RZ1|CHK|20|2|50|0|0|0|10|0|0|0|1|0
RZ1|21|2|OP02-022|0|40|0|9|0|0|0|0|0
RZ1|CHK|21|2|50|0|0|0|10|0|0|0|1|0
RZ1|22|2|OP02-003|0|20|0|10|0|0|0|0|0
RZ1|CHK|22|2|50|0|0|0|10|0|0|0|1|0
RZ1|23|2|OP02-024|0|46|0|11|0|0|0|0|0
RZ1|CHK|23|2|50|0|0|0|10|0|0|0|1|0
RZ1|24|2|OP02-024|0|49|0|12|0|0|0|0|0
RZ1|CHK|24|2|50|0|0|0|10|0|0|0|1|0
RZ1|25|2|OP03-013|0|30|0|13|0|0|0|0|0
RZ1|CHK|25|2|50|0|0|0|10|0|0|0|1|0
RZ1|26|2|OP02-022|0|44|0|14|0|0|0|0|0
RZ1|CHK|26|2|50|0|0|0|10|0|0|0|1|0
RZ1|27|2|OP03-013|0|33|0|15|0|0|0|0|0
RZ1|CHK|27|2|50|0|0|0|10|0|0|0|1|0
RZ1|28|2|ST01-014|0|47|0|16|0|0|0|0|0
RZ1|CHK|28|2|50|0|0|0|10|0|0|0|1|0
RZ1|29|2|OP02-007|0|35|0|17|0|0|0|0|0
RZ1|CHK|29|2|50|0|0|0|10|0|0|0|1|0
RZ1|30|2|OP03-003|0|25|0|18|0|0|0|0|0
RZ1|CHK|30|2|50|0|0|0|10|0|0|0|1|0
RZ1|31|2|OP02-015|0|24|0|19|0|0|0|0|0
RZ1|CHK|31|2|50|0|0|0|10|0|0|0|1|0
RZ1|32|2|OP02-004|0|41|0|21|0|0|0|0|0
RZ1|CHK|32|2|50|0|0|0|10|0|0|0|1|0
RZ1|33|2|OP02-004|0|40|0|22|0|0|0|0|0
RZ1|CHK|33|2|50|0|0|0|10|0|0|0|1|0
RZ1|34|2|OP01-029|0|42|0|23|0|0|0|0|0
RZ1|CHK|34|2|50|0|0|0|10|0|0|0|1|0
RZ1|35|2|OP02-015|0|27|0|24|0|0|0|0|0
RZ1|CHK|35|2|50|0|0|0|10|0|0|0|1|0
RZ1|36|2|OP01-029|0|43|0|25|0|0|0|0|0
RZ1|CHK|36|2|50|0|0|0|10|0|0|0|1|0
RZ1|37|2|OP02-003|0|31|0|26|0|0|0|0|0
RZ1|CHK|37|2|50|0|0|0|10|0|0|0|1|0
RZ1|38|2|OP02-022|0|44|0|27|0|0|0|0|0
RZ1|CHK|38|2|50|0|0|0|10|0|0|0|1|0
RZ1|39|2|OP02-018|0|37|0|28|0|0|0|0|0
RZ1|CHK|39|2|50|0|0|0|10|0|0|0|1|0
RZ1|40|2|OP01-006|0|30|0|29|0|0|0|0|0
RZ1|CHK|40|2|50|0|0|0|10|0|0|0|1|0
RZ1|41|2|OP02-004|0|44|0|31|0|0|0|0|0
RZ1|CHK|41|2|50|0|0|0|10|0|0|0|1|0
RZ1|42|2|OP03-013|0|40|0|32|0|0|0|0|0
RZ1|CHK|42|2|50|0|0|0|10|0|0|0|1|0
RZ1|43|2|OP02-018|0|40|0|33|0|0|0|0|0
RZ1|CHK|43|2|50|0|0|0|10|0|0|0|1|0
RZ1|44|2|ST01-014|0|46|0|34|0|0|0|0|0
RZ1|CHK|44|2|50|0|0|0|10|0|0|0|1|0
RZ1|45|2|OP02-024|0|48|0|35|0|0|0|0|0
RZ1|CHK|45|2|50|0|0|0|10|0|0|0|1|0
RZ1|46|2|OP02-022|0|47|0|36|0|0|0|0|0
RZ1|CHK|46|2|50|0|0|0|10|0|0|0|1|0
RZ1|47|2|OP02-008|0|42|0|37|0|0|0|0|0
RZ1|CHK|47|2|50|0|0|0|10|0|0|0|1|0
RZ1|48|2|OP02-013|0|46|0|38|0|0|0|0|0
RZ1|CHK|48|2|50|0|0|0|10|0|0|0|1|0
RZ1|49|2|OP02-024|0|49|0|39|0|0|0|0|0
RZ1|CHK|49|2|50|0|0|0|10|0|0|0|1|0
RZ1|50|2|OP03-003|0|41|0|40|0|0|0|0|0
RZ1|CHK|50|2|50|0|0|0|10|0|0|0|1|0
RZ1|51|2|OP02-013|0|47|0|42|0|0|0|0|0
RZ1|CHK|51|2|50|0|0|0|10|0|0|0|1|0
RZ1|52|2|OP03-013|0|47|0|44|0|0|0|0|0
RZ1|CHK|52|2|50|0|0|0|10|0|0|0|1|0
RZ1|53|2|OP02-018|0|47|0|45|0|0|0|0|0
RZ1|CHK|53|2|50|0|0|0|10|0|0|0|1|0
RZ1|54|2|OP02-008|0|47|0|46|0|0|0|0|0
RZ1|CHK|54|2|50|0|0|0|10|0|0|0|1|0
[] Drew card from deck: Charlotte Linlin ["OP08-069">OP08-069]
RZ1|55|1|OP08-069|0|49|1|0|1|1|0|0|0
RZ1|CHK|55|1|49|1|0|0|10|0|0|0|1|0
[] Drew card from deck: Charlotte Linlin ["OP08-069">OP08-069]
RZ1|56|1|OP08-069|0|48|1|1|1|1|0|0|0
RZ1|CHK|56|1|48|2|0|0|10|0|0|0|1|0
[] Drew card from deck: We're Going to Claim the One Piece!!! ["OP07-077">OP07-077]
RZ1|57|1|OP07-077|0|47|1|2|1|1|0|0|0
RZ1|CHK|57|1|47|3|0|0|10|0|0|0|1|0
[] Drew card from deck: Kaido ["OP17-062">OP17-062]
RZ1|58|1|OP17-062|0|46|1|3|1|1|0|0|0
RZ1|CHK|58|1|46|4|0|0|10|0|0|0|1|0
[] Drew card from deck: Kaido ["OP17-062">OP17-062]
RZ1|59|1|OP17-062|0|45|1|4|1|1|0|0|0
RZ1|CHK|59|1|45|5|0|0|10|0|0|0|1|0
[] Drew card from deck: Guard Point ["ST01-014">ST01-014]
RZ1|60|2|ST01-014|0|49|1|0|1|1|0|0|0
RZ1|CHK|60|2|49|1|0|0|10|0|0|0|1|0
[] Drew card from deck: Edward Newgate ["OP02-004">OP02-004]
RZ1|61|2|OP02-004|0|48|1|1|1|1|0|0|0
RZ1|CHK|61|2|48|2|0|0|10|0|0|0|1|0
[] Drew card from deck: Jozu ["OP02-008">OP02-008]
RZ1|62|2|OP02-008|0|47|1|2|1|1|0|0|0
RZ1|CHK|62|2|47|3|0|0|10|0|0|0|1|0
[] Drew card from deck: Jozu ["OP02-008">OP02-008]
RZ1|63|2|OP02-008|0|46|1|3|1|1|0|0|0
RZ1|CHK|63|2|46|4|0|0|10|0|0|0|1|0
[] Drew card from deck: Marco ["OP02-018">OP02-018]
RZ1|64|2|OP02-018|0|45|1|4|1|1|0|0|0
RZ1|CHK|64|2|45|5|0|0|10|0|0|0|1|0
RZ1|65|1|OP08-069|1|0|0|45|0|0|0|0|0
RZ1|CHK|65|1|46|4|0|0|10|0|0|0|1|0
RZ1|66|1|OP08-069|1|0|0|46|0|0|0|0|0
RZ1|CHK|66|1|47|3|0|0|10|0|0|0|1|0
RZ1|67|1|OP07-077|1|0|0|47|0|0|0|0|0
RZ1|CHK|67|1|48|2|0|0|10|0|0|0|1|0
RZ1|68|1|OP17-062|1|0|0|48|0|0|0|0|0
RZ1|CHK|68|1|49|1|0|0|10|0|0|0|1|0
RZ1|69|1|OP17-062|1|0|0|49|0|0|0|0|0
RZ1|CHK|69|1|50|0|0|0|10|0|0|0|1|0
RZ1|70|1|OP07-077|0|47|0|0|0|0|0|0|0
RZ1|CHK|70|1|50|0|0|0|10|0|0|0|1|0
RZ1|71|1|OP17-073|0|5|0|1|0|0|0|0|0
RZ1|CHK|71|1|50|0|0|0|10|0|0|0|1|0
RZ1|72|1|EB04-032|0|45|0|2|0|0|0|0|0
RZ1|CHK|72|1|50|0|0|0|10|0|0|0|1|0
RZ1|73|1|OP07-077|0|6|0|3|0|0|0|0|0
RZ1|CHK|73|1|50|0|0|0|10|0|0|0|1|0
RZ1|74|1|OP17-062|0|48|0|4|0|0|0|0|0
RZ1|CHK|74|1|50|0|0|0|10|0|0|0|1|0
RZ1|75|1|OP13-076|0|16|0|5|0|0|0|0|0
RZ1|CHK|75|1|50|0|0|0|10|0|0|0|1|0
RZ1|76|1|ST18-002|0|26|0|6|0|0|0|0|0
RZ1|CHK|76|1|50|0|0|0|10|0|0|0|1|0
RZ1|77|1|ST18-002|0|34|0|7|0|0|0|0|0
RZ1|CHK|77|1|50|0|0|0|10|0|0|0|1|0
RZ1|78|1|EB04-030|0|10|0|8|0|0|0|0|0
RZ1|CHK|78|1|50|0|0|0|10|0|0|0|1|0
RZ1|79|1|EB04-030|0|44|0|9|0|0|0|0|0
RZ1|CHK|79|1|50|0|0|0|10|0|0|0|1|0
RZ1|80|1|OP17-074|0|20|0|10|0|0|0|0|0
RZ1|CHK|80|1|50|0|0|0|10|0|0|0|1|0
RZ1|81|1|OP17-073|0|12|0|11|0|0|0|0|0
RZ1|CHK|81|1|50|0|0|0|10|0|0|0|1|0
RZ1|82|1|EB04-031|0|20|0|12|0|0|0|0|0
RZ1|CHK|82|1|50|0|0|0|10|0|0|0|1|0
RZ1|83|1|OP17-076|0|29|0|13|0|0|0|0|0
RZ1|CHK|83|1|50|0|0|0|10|0|0|0|1|0
RZ1|84|1|OP08-069|0|48|0|14|0|0|0|0|0
RZ1|CHK|84|1|50|0|0|0|10|0|0|0|1|0
RZ1|85|1|OP17-074|0|40|0|15|0|0|0|0|0
RZ1|CHK|85|1|50|0|0|0|10|0|0|0|1|0
RZ1|86|1|OP07-076|0|41|0|16|0|0|0|0|0
RZ1|CHK|86|1|50|0|0|0|10|0|0|0|1|0
RZ1|87|1|ST18-002|0|42|0|17|0|0|0|0|0
RZ1|CHK|87|1|50|0|0|0|10|0|0|0|1|0
RZ1|88|1|ST34-004|0|47|0|18|0|0|0|0|0
RZ1|CHK|88|1|50|0|0|0|10|0|0|0|1|0
RZ1|89|1|OP17-062|0|49|0|19|0|0|0|0|0
RZ1|CHK|89|1|50|0|0|0|10|0|0|0|1|0
RZ1|90|1|ST18-002|0|41|0|20|0|0|0|0|0
RZ1|CHK|90|1|50|0|0|0|10|0|0|0|1|0
RZ1|91|1|OP17-060|0|34|0|21|0|0|0|0|0
RZ1|CHK|91|1|50|0|0|0|10|0|0|0|1|0
RZ1|92|1|EB04-031|0|40|0|22|0|0|0|0|0
RZ1|CHK|92|1|50|0|0|0|10|0|0|0|1|0
RZ1|93|1|OP17-060|0|30|0|23|0|0|0|0|0
RZ1|CHK|93|1|50|0|0|0|10|0|0|0|1|0
RZ1|94|1|OP17-062|0|26|0|24|0|0|0|0|0
RZ1|CHK|94|1|50|0|0|0|10|0|0|0|1|0
RZ1|95|1|OP08-069|0|49|0|25|0|0|0|0|0
RZ1|CHK|95|1|50|0|0|0|10|0|0|0|1|0
RZ1|96|1|OP07-077|0|46|0|26|0|0|0|0|0
RZ1|CHK|96|1|50|0|0|0|10|0|0|0|1|0
RZ1|97|1|OP17-062|0|49|0|27|0|0|0|0|0
RZ1|CHK|97|1|50|0|0|0|10|0|0|0|1|0
RZ1|98|1|OP17-074|0|36|0|28|0|0|0|0|0
RZ1|CHK|98|1|50|0|0|0|10|0|0|0|1|0
RZ1|99|1|EB04-031|0|34|0|29|0|0|0|0|0
RZ1|CHK|99|1|50|0|0|0|10|0|0|0|1|0
RZ1|100|1|EB04-040|0|39|0|30|0|0|0|0|0
RZ1|CHK|100|1|50|0|0|0|10|0|0|0|1|0
RZ1|101|1|ST34-004|0|47|0|31|0|0|0|0|0
RZ1|CHK|101|1|50|0|0|0|10|0|0|0|1|0
RZ1|102|1|OP13-076|0|49|0|32|0|0|0|0|0
RZ1|CHK|102|1|50|0|0|0|10|0|0|0|1|0
RZ1|103|1|ST34-004|0|44|0|33|0|0|0|0|0
RZ1|CHK|103|1|50|0|0|0|10|0|0|0|1|0
RZ1|104|1|EB04-032|0|35|0|34|0|0|0|0|0
RZ1|CHK|104|1|50|0|0|0|10|0|0|0|1|0
RZ1|105|1|EB04-032|0|47|0|35|0|0|0|0|0
RZ1|CHK|105|1|50|0|0|0|10|0|0|0|1|0
RZ1|106|1|OP17-074|0|39|0|36|0|0|0|0|0
RZ1|CHK|106|1|50|0|0|0|10|0|0|0|1|0
RZ1|107|1|OP17-073|0|44|0|37|0|0|0|0|0
RZ1|CHK|107|1|50|0|0|0|10|0|0|0|1|0
RZ1|108|1|OP17-076|0|41|0|38|0|0|0|0|0
RZ1|CHK|108|1|50|0|0|0|10|0|0|0|1|0
RZ1|109|1|EB04-032|0|46|0|39|0|0|0|0|0
RZ1|CHK|109|1|50|0|0|0|10|0|0|0|1|0
RZ1|110|1|OP17-060|0|48|0|40|0|0|0|0|0
RZ1|CHK|110|1|50|0|0|0|10|0|0|0|1|0
RZ1|111|1|OP07-077|0|44|0|41|0|0|0|0|0
RZ1|CHK|111|1|50|0|0|0|10|0|0|0|1|0
RZ1|112|1|EB04-030|0|49|0|42|0|0|0|0|0
RZ1|CHK|112|1|50|0|0|0|10|0|0|0|1|0
RZ1|113|1|EB04-040|0|48|0|43|0|0|0|0|0
RZ1|CHK|113|1|50|0|0|0|10|0|0|0|1|0
RZ1|114|1|EB04-031|0|46|0|44|0|0|0|0|0
RZ1|CHK|114|1|50|0|0|0|10|0|0|0|1|0
RZ1|115|1|OP17-060|0|47|0|45|0|0|0|0|0
RZ1|CHK|115|1|50|0|0|0|10|0|0|0|1|0
RZ1|116|1|OP17-073|0|48|0|46|0|0|0|0|0
RZ1|CHK|116|1|50|0|0|0|10|0|0|0|1|0
RZ1|117|1|OP07-076|0|48|0|47|0|0|0|0|0
RZ1|CHK|117|1|50|0|0|0|10|0|0|0|1|0
RZ1|118|1|OP07-076|0|49|0|48|0|0|0|0|0
RZ1|CHK|118|1|50|0|0|0|10|0|0|0|1|0
[] Drew card from deck: NoroNoro Beam Sword ["OP07-076">OP07-076]
RZ1|119|1|OP07-076|0|49|1|0|1|1|0|0|0
RZ1|CHK|119|1|49|1|0|0|10|0|0|0|1|0
[] Drew card from deck: NoroNoro Beam Sword ["OP07-076">OP07-076]
RZ1|120|1|OP07-076|0|48|1|1|1|1|0|0|0
RZ1|CHK|120|1|48|2|0|0|10|0|0|0|1|0
[] Drew card from deck: NoroNoro Beam Sword ["OP07-076">OP07-076]
RZ1|121|1|OP07-076|0|47|1|2|1|1|0|0|0
RZ1|CHK|121|1|47|3|0|0|10|0|0|0|1|0
[] Drew card from deck: Basil Hawkins ["OP17-073">OP17-073]
RZ1|122|1|OP17-073|0|46|1|3|1|1|0|0|0
RZ1|CHK|122|1|46|4|0|0|10|0|0|0|1|0
[] Drew card from deck: Ulti & Page One ["OP17-060">OP17-060]
RZ1|123|1|OP17-060|0|45|1|4|1|1|0|0|0
RZ1|CHK|123|1|45|5|0|0|10|0|0|0|1|0
RZ1|124|1|EB04-031|0|44|3|0|1|0|0|0|0
RZ1|CHK|124|1|44|5|0|1|10|0|0|0|1|0
RZ1|125|1|EB04-040|0|43|3|1|1|0|0|0|0
RZ1|CHK|125|1|43|5|0|2|10|0|0|0|1|0
RZ1|126|1|EB04-030|0|42|3|2|1|0|0|0|0
RZ1|CHK|126|1|42|5|0|3|10|0|0|0|1|0
RZ1|127|1|OP07-077|0|41|3|3|1|0|0|0|0
RZ1|CHK|127|1|41|5|0|4|10|0|0|0|1|0
RZ1|128|1|OP17-060|0|40|3|4|1|0|0|0|0
RZ1|CHK|128|1|40|5|0|5|10|0|0|0|1|0
[] Hand after Mulligan: [OP07-076,OP07-076,OP07-076,OP17-073,OP17-060]
[You] Mulligan
RZ1|129|2|OP03-013|0|44|3|0|0|1|0|0|0
RZ1|CHK|129|2|44|5|0|1|10|0|0|0|1|0
RZ1|130|2|OP03-003|0|43|3|1|0|1|0|0|0
RZ1|CHK|130|2|43|5|0|2|10|0|0|0|1|0
RZ1|131|2|OP02-013|0|42|3|2|0|1|0|0|0
RZ1|CHK|131|2|42|5|0|3|10|0|0|0|1|0
RZ1|132|2|OP02-015|0|41|3|3|0|1|0|0|0
RZ1|CHK|132|2|41|5|0|4|10|0|0|0|1|0
RZ1|133|2|OP03-003|0|40|3|4|0|1|0|0|0
RZ1|CHK|133|2|40|5|0|5|10|0|0|0|1|0
RZ1|134|2|OP02-024|0|39|3|5|0|1|0|0|0
RZ1|CHK|134|2|39|5|0|6|10|0|0|0|1|0
[] Hand: [OP07-076,OP07-076,OP07-076,OP17-073,OP17-060]
[] Board: []
[] Trash: []
[] Life: 5
[] Hand: [ST01-014,OP02-004,OP02-008,OP02-008,OP02-018]
[] Trash: []
[] Board: []
[] Life: 6
RZ1|135|1|Don|4|9|5|0|1|1|0|0|0
RZ1|CHK|135|1|40|5|0|5|9|1|0|0|1|0
[You] Draw 1 Don
[] Hand: [OP07-076,OP07-076,OP07-076,OP17-073,OP17-060]
[] Board: []
[] Trash: []
[] Life: 5
[] Hand: [ST01-014,OP02-004,OP02-008,OP02-008,OP02-018]
[] Trash: []
[] Board: []
[] Life: 6
[You] End Turn
[] Hand: [ST01-014,OP02-004,OP02-008,OP02-008,OP02-018]
[] Board: []
[] Trash: []
[] Life: 6
[] Hand: [OP07-076,OP07-076,OP07-076,OP17-073,OP17-060]
[] Trash: []
[] Board: []
[] Life: 5
[Opponent] Draw 1 Card
[] Drew card from deck: Portgas D. Ace ["OP02-013">OP02-013]
RZ1|136|2|OP02-013|0|38|1|5|1|1|0|0|0
RZ1|CHK|136|2|38|6|0|6|10|0|0|0|1|0
RZ1|137|2|Don|4|9|5|0|1|1|0|0|0
RZ1|CHK|137|2|38|6|0|6|9|1|0|0|1|0
RZ1|138|2|Don|4|8|5|1|1|1|0|0|0
RZ1|CHK|138|2|38|6|0|6|8|2|0|0|1|0
[Opponent] Draw 2 Don
[Opponent] Loses 1 Life
RZ1|139|2|OP02-024|3|5|1|6|1|1|0|0|0
RZ1|CHK|139|2|38|7|0|5|8|2|0|0|1|0
[] Hand: [ST01-014,OP02-004,OP02-008,OP02-008,OP02-018,OP02-013,OP02-024]
[] Board: []
[] Trash: []
[] Life: 5
[] Hand: [OP07-076,OP07-076,OP07-076,OP17-073,OP17-060]
[] Trash: []
[] Board: []
[] Life: 5
[Opponent] End Turn
[] Hand: [OP07-076,OP07-076,OP07-076,OP17-073,OP17-060]
[] Board: []
[] Trash: []
[] Life: 5
[] Hand: [ST01-014,OP02-004,OP02-008,OP02-008,OP02-018,OP02-013,OP02-024]
[] Trash: []
[] Board: []
[] Life: 5
[You] Draw 1 Card
[] Drew card from deck: Queen ["EB04-032">EB04-032]
RZ1|140|1|EB04-032|0|39|1|5|1|1|0|0|0
RZ1|CHK|140|1|39|6|0|5|9|1|0|0|1|0
RZ1|141|1|Don|4|8|5|1|1|1|0|0|0
RZ1|CHK|141|1|39|6|0|5|8|2|0|0|1|0
RZ1|142|1|Don|4|7|5|2|1|1|0|0|0
RZ1|CHK|142|1|39|6|0|5|7|3|0|0|1|0
[You] Draw 2 Don
RZ1|143|1|Don|5|0|5|0|1|1|1|0|0
RZ1|CHK|143|1|39|6|0|5|7|3|0|0|1|0
[You] Deploy Queen ["EB04-032">EB04-032]
RZ1|144|1|EB04-032|1|5|2|0|1|1|0|0|0
RZ1|CHK|144|1|39|5|1|5|7|3|0|0|1|0
RZ1|145|1|OP17-060|1|4|6|0|1|1|0|0|0
RZ1|CHK|145|1|39|4|1|5|7|3|1|0|1|0
[You] Queen ["EB04-032">EB04-032]: Trash Ulti & Page One ["OP17-060">OP17-060]
[] Drew card from deck: WoRoRoRoRo! I Think I've Sobered Up! ["OP17-076">OP17-076]
RZ1|146|1|OP17-076|0|38|1|4|1|1|0|0|0
RZ1|CHK|146|1|38|5|1|5|7|3|1|0|1|0
[] Drew card from deck: Basil Hawkins ["OP17-073">OP17-073]
RZ1|147|1|OP17-073|0|37|1|5|1|1|0|0|0
RZ1|CHK|147|1|37|6|1|5|7|3|1|0|1|0
[You] Queen ["EB04-032">EB04-032]: Draw 2 Card
[You] Queen ["EB04-032">EB04-032]: Rest 2 Don
RZ1|148|1|Don|5|1|5|1|1|1|1|0|0
RZ1|CHK|148|1|37|6|1|5|7|3|1|0|1|0
RZ1|149|1|Don|5|2|5|2|1|1|1|0|0
RZ1|CHK|149|1|37|6|1|5|7|3|1|0|1|0
Queen ["EB04-032">EB04-032]: Draw 1 Rested Don
RZ1|150|1|Don|4|6|5|0|1|1|1|0|0
RZ1|CHK|150|1|37|6|1|5|6|4|1|0|1|0
[You] Kaido ["OP17-058">OP17-058] attacking Edward Newgate ["OP02-001">OP02-001]
Kaido ["OP17-058">OP17-058][5000] vs Edward Newgate ["OP02-001">OP02-001][6000]
Attack Fails
[] Hand: [OP07-076,OP07-076,OP07-076,OP17-073,OP17-076,OP17-073]
[] Board: [EB04-032]
[] Trash: [OP17-060]
[] Life: 5
[] Hand: [ST01-014,OP02-004,OP02-008,OP02-008,OP02-018,OP02-013,OP02-024]
[] Trash: []
[] Board: []
[] Life: 5
[You] End Turn
[] Hand: [ST01-014,OP02-004,OP02-008,OP02-008,OP02-018,OP02-013,OP02-024]
[] Board: []
[] Trash: []
[] Life: 5
[] Hand: [OP07-076,OP07-076,OP07-076,OP17-073,OP17-076,OP17-073]
[] Trash: [OP17-060]
[] Board: [EB04-032]
[] Life: 5
[Opponent] Draw 1 Card
[] Drew card from deck: Jozu ["OP02-008">OP02-008]
RZ1|151|2|OP02-008|0|37|1|7|1|1|0|0|0
RZ1|CHK|151|2|37|8|0|5|8|2|0|0|1|0
RZ1|152|2|Don|4|7|5|2|1|1|0|0|0
RZ1|CHK|152|2|37|8|0|5|7|3|0|0|1|0
RZ1|153|2|Don|4|6|5|3|1|1|0|0|0
RZ1|CHK|153|2|37|8|0|5|6|4|0|0|1|0
[Opponent] Draw 2 Don
RZ1|154|2|Don|5|0|9|9900|1|1|0|0|0
RZ1|CHK|154|2|37|8|0|5|6|3|0|0|1|1
RZ1|155|2|Don|5|0|9|9901|1|1|0|0|0
RZ1|CHK|155|2|37|8|0|5|6|2|0|0|1|2
[Opponent] Attach 2 Don to Edward Newgate ["OP02-001">OP02-001] (2 Total)
[Opponent] Edward Newgate ["OP02-001">OP02-001] attacking Kaido ["OP17-058">OP17-058]
Edward Newgate ["OP02-001">OP02-001][8000] vs Kaido ["OP17-058">OP17-058][5000]
Kaido ["OP17-058">OP17-058] hit for 1 damage
RZ1|156|1|OP17-060|3|4|1|6|1|1|0|0|0
RZ1|CHK|156|1|37|7|1|4|6|4|1|0|1|0
RZ1|157|2|Don|5|0|5|0|1|1|1|0|0
RZ1|CHK|157|2|37|8|0|5|6|2|0|0|1|2
RZ1|158|2|Don|5|1|5|1|1|1|1|0|0
RZ1|CHK|158|2|37|8|0|5|6|2|0|0|1|2
[Opponent] Deploy Moby Dick ["OP02-024">OP02-024]
RZ1|159|2|OP02-024|1|6|7|0|1|1|0|0|0
RZ1|CHK|159|2|37|7|0|5|6|2|0|1|1|2
[Opponent] Loses 1 Life
RZ1|160|2|OP03-003|3|4|1|7|1|1|0|0|0
RZ1|CHK|160|2|37|8|0|4|6|2|0|1|1|2
[] Hand: [ST01-014,OP02-004,OP02-008,OP02-008,OP02-018,OP02-013,OP02-008,OP03-003]
[] Board: []
[] Trash: []
[] Life: 4
[] Hand: [OP07-076,OP07-076,OP07-076,OP17-073,OP17-076,OP17-073,OP17-060]
[] Trash: [OP17-060]
[] Board: [EB04-032]
[] Life: 4
[Opponent] End Turn
[] Hand: [OP07-076,OP07-076,OP07-076,OP17-073,OP17-076,OP17-073,OP17-060]
[] Board: [EB04-032]
[] Trash: [OP17-060]
[] Life: 4
[] Hand: [ST01-014,OP02-004,OP02-008,OP02-008,OP02-018,OP02-013,OP02-008,OP03-003]
[] Trash: []
[] Board: []
[] Life: 4
[You] Draw 1 Card
[] Drew card from deck: Yamato ["OP17-074">OP17-074]
RZ1|161|1|OP17-074|0|36|1|7|1|1|0|0|0
RZ1|CHK|161|1|36|8|1|4|6|4|1|0|1|0
RZ1|162|1|Don|4|5|5|4|1|1|0|0|0
RZ1|CHK|162|1|36|8|1|4|5|5|1|0|1|0
RZ1|163|1|Don|4|4|5|5|1|1|0|0|0
RZ1|CHK|163|1|36|8|1|4|4|6|1|0|1|0
[You] Draw 2 Don
[You] Queen ["EB04-032">EB04-032]: Rest 2 Don
RZ1|164|1|Don|5|0|5|0|1|1|1|0|0
RZ1|CHK|164|1|36|8|1|4|4|6|1|0|1|0
RZ1|165|1|Don|5|1|5|1|1|1|1|0|0
RZ1|CHK|165|1|36|8|1|4|4|6|1|0|1|0
Queen ["EB04-032">EB04-032]: Draw 1 Rested Don
RZ1|166|1|Don|4|3|5|0|1|1|1|0|0
RZ1|CHK|166|1|36|8|1|4|3|7|1|0|1|0
RZ1|167|1|Don|5|3|5|3|1|1|1|0|0
RZ1|CHK|167|1|36|8|1|4|3|7|1|0|1|0
RZ1|168|1|Don|5|4|5|4|1|1|1|0|0
RZ1|CHK|168|1|36|8|1|4|3|7|1|0|1|0
RZ1|169|1|Don|5|5|5|5|1|1|1|0|0
RZ1|CHK|169|1|36|8|1|4|3|7|1|0|1|0
[You] Deploy Yamato ["OP17-074">OP17-074]
RZ1|170|1|OP17-074|1|7|2|1|1|1|0|0|0
RZ1|CHK|170|1|36|7|2|4|3|7|1|0|1|0
Yamato ["OP17-074">OP17-074]: Draw 1 Rested Don
RZ1|171|1|Don|4|2|5|0|1|1|1|0|0
RZ1|CHK|171|1|36|7|2|4|2|8|1|0|1|0
[You] Attach 1 Don to Kaido ["OP17-058">OP17-058] (1 Total)
RZ1|172|1|Don|5|7|9|9900|1|1|0|0|0
RZ1|CHK|172|1|36|7|2|4|2|7|1|0|1|1
[You] Kaido ["OP17-058">OP17-058] attacking Edward Newgate ["OP02-001">OP02-001]
[Opponent] Discard Jozu ["OP02-008">OP02-008] for Counter 2000
RZ1|173|2|OP02-008|1|2|6|0|1|1|0|0|0
RZ1|CHK|173|2|37|7|0|4|6|2|1|1|1|2
Kaido ["OP17-058">OP17-058][6000] vs Edward Newgate ["OP02-001">OP02-001][8000]
Attack Fails
[] Hand: [OP07-076,OP07-076,OP07-076,OP17-073,OP17-076,OP17-073,OP17-060]
[] Board: [EB04-032,OP17-074]
[] Trash: [OP17-060]
[] Life: 4
[] Hand: [ST01-014,OP02-004,OP02-008,OP02-018,OP02-013,OP02-008,OP03-003]
[] Trash: [OP02-008]
[] Board: []
[] Life: 4
[You] End Turn
[] Hand: [ST01-014,OP02-004,OP02-008,OP02-018,OP02-013,OP02-008,OP03-003]
[] Board: []
[] Trash: [OP02-008]
[] Life: 4
[] Hand: [OP07-076,OP07-076,OP07-076,OP17-073,OP17-076,OP17-073,OP17-060]
[] Trash: [OP17-060]
[] Board: [EB04-032,OP17-074]
[] Life: 4
RZ1|174|2|Don|9|9900|5|0|1|1|1|0|0
RZ1|CHK|174|2|37|7|0|4|6|3|1|1|1|1
RZ1|175|2|Don|9|9900|5|0|1|1|1|0|0
RZ1|CHK|175|2|37|7|0|4|6|4|1|1|1|0
[Opponent] Draw 1 Card
[] Drew card from deck: Whitebeard Pirates ["OP02-022">OP02-022]
RZ1|176|2|OP02-022|0|36|1|7|1|1|0|0|0
RZ1|CHK|176|2|36|8|0|4|6|4|1|1|1|0
RZ1|177|2|Don|4|5|5|4|1|1|0|0|0
RZ1|CHK|177|2|36|8|0|4|5|5|1|1|1|0
RZ1|178|2|Don|4|4|5|5|1|1|0|0|0
RZ1|CHK|178|2|36|8|0|4|4|6|1|1|1|0
[Opponent] Draw 2 Don
RZ1|179|2|Don|5|0|9|9900|1|1|0|0|0
RZ1|CHK|179|2|36|8|0|4|4|5|1|1|1|1
RZ1|180|2|Don|5|0|9|9901|1|1|0|0|0
RZ1|CHK|180|2|36|8|0|4|4|4|1|1|1|2
[Opponent] Attach 2 Don to Edward Newgate ["OP02-001">OP02-001] (2 Total)
[Opponent] Edward Newgate ["OP02-001">OP02-001] attacking Kaido ["OP17-058">OP17-058]
RZ1|181|1|Don|5|6|4|2|1|1|0|0|0
RZ1|CHK|181|1|36|7|2|4|3|6|1|0|1|1
[You] Kaido ["OP17-058">OP17-058]: Minus 1 Don
Edward Newgate ["OP02-001">OP02-001][8000] vs Kaido ["OP17-058">OP17-058][5000]
Kaido ["OP17-058">OP17-058] hit for 1 damage
RZ1|182|1|OP07-077|3|3|1|7|1|1|0|0|0
RZ1|CHK|182|1|36|8|2|3|3|6|1|0|1|1
[You] We're Going to Claim the One Piece!!! ["OP07-077">OP07-077]: Activate Trigger
RZ1|183|1|OP07-077|1|7|6|1|1|1|0|0|0
RZ1|CHK|183|1|36|7|2|3|3|6|2|0|1|1
RZ1|184|1|ST34-004|0|33|1|7|1|1|0|0|0
RZ1|CHK|184|1|35|8|2|3|3|6|2|0|1|1
[You] We're Going to Claim the One Piece!!! ["OP07-077">OP07-077]: <b>Reveal and Draw Charlotte Linlin ["ST34-004">ST34-004]</b>
[You] Placing Cards on Bottom of Deck
RZ1|185|1|EB04-032|0|34|0|0|0|0|0|0|0
RZ1|CHK|185|1|35|8|2|3|3|6|2|0|1|1
RZ1|186|1|EB04-032|0|34|0|0|0|0|0|0|0
RZ1|CHK|186|1|35|8|2|3|3|6|2|0|1|1
RZ1|187|1|OP13-076|0|34|0|0|0|0|0|0|0
RZ1|CHK|187|1|35|8|2|3|3|6|2|0|1|1
RZ1|188|1|ST34-004|0|34|0|0|0|0|0|0|0
RZ1|CHK|188|1|35|8|2|3|3|6|2|0|1|1
RZ1|189|2|Don|5|0|5|0|1|1|1|0|0
RZ1|CHK|189|2|36|8|0|4|4|4|1|1|1|2
[Opponent] Deploy Izou ["OP03-003">OP03-003]
RZ1|190|2|OP03-003|1|6|2|0|1|1|0|0|0
RZ1|CHK|190|2|36|7|1|4|4|4|1|1|1|2
[Opponent] Izou ["OP03-003">OP03-003]: <b>Reveal and Draw Marco ["OP03-013">OP03-013]</b>
RZ1|191|2|OP03-013|0|32|1|7|1|1|0|0|0
RZ1|CHK|191|2|35|8|1|4|4|4|1|1|1|2
RZ1|192|2|OP02-024|0|34|0|0|0|0|0|0|0
RZ1|CHK|192|2|35|8|1|4|4|4|1|1|1|2
RZ1|193|2|ST01-014|0|34|0|0|0|0|0|0|0
RZ1|CHK|193|2|35|8|1|4|4|4|1|1|1|2
RZ1|194|2|OP02-018|0|34|0|0|0|0|0|0|0
RZ1|CHK|194|2|35|8|1|4|4|4|1|1|1|2
RZ1|195|2|OP02-004|0|34|0|0|0|0|0|0|0
RZ1|CHK|195|2|35|8|1|4|4|4|1|1|1|2
[Opponent] Whitebeard Pirates ["OP02-022">OP02-022]: <b>Reveal and Draw Marco ["OP02-018">OP02-018]</b>
RZ1|196|2|OP02-018|0|32|1|8|1|1|0|0|0
RZ1|CHK|196|2|34|9|1|4|4|4|1|1|1|2
RZ1|197|2|OP01-006|0|33|0|0|0|0|0|0|0
RZ1|CHK|197|2|34|9|1|4|4|4|1|1|1|2
RZ1|198|2|OP01-006|0|33|0|0|0|0|0|0|0
RZ1|CHK|198|2|34|9|1|4|4|4|1|1|1|2
RZ1|199|2|OP02-022|0|33|0|0|0|0|0|0|0
RZ1|CHK|199|2|34|9|1|4|4|4|1|1|1|2
RZ1|200|2|OP02-003|0|33|0|0|0|0|0|0|0
RZ1|CHK|200|2|34|9|1|4|4|4|1|1|1|2
RZ1|201|2|Don|5|1|5|1|1|1|1|0|0
RZ1|CHK|201|2|34|9|1|4|4|4|1|1|1|2
RZ1|202|2|OP02-022|1|6|6|1|1|1|0|0|0
RZ1|CHK|202|2|34|8|1|4|4|4|2|1|1|2
[Opponent] Loses 1 Life
RZ1|203|2|OP02-015|3|3|1|8|1|1|0|0|0
RZ1|CHK|203|2|34|9|1|3|4|4|2|1|1|2
[] Hand: [ST01-014,OP02-004,OP02-008,OP02-018,OP02-013,OP02-008,OP03-013,OP02-018,OP02-015]
[] Board: [OP03-003]
[] Trash: [OP02-008,OP02-022]
[] Life: 3
[] Hand: [OP07-076,OP07-076,OP07-076,OP17-073,OP17-076,OP17-073,OP17-060,ST34-004]
[] Trash: [OP17-060,OP07-077]
[] Board: [EB04-032,OP17-074]
[] Life: 3
[Opponent] End Turn
[] Hand: [OP07-076,OP07-076,OP07-076,OP17-073,OP17-076,OP17-073,OP17-060,ST34-004]
[] Board: [EB04-032,OP17-074]
[] Trash: [OP17-060,OP07-077]
[] Life: 3
[] Hand: [ST01-014,OP02-004,OP02-008,OP02-018,OP02-013,OP02-008,OP03-013,OP02-018,OP02-015]
[] Trash: [OP02-008,OP02-022]
[] Board: [OP03-003]
[] Life: 3
RZ1|204|1|Don|9|9900|5|0|1|1|1|0|0
RZ1|CHK|204|1|35|8|2|3|3|7|2|0|1|0
[You] Draw 1 Card
[] Drew card from deck: Flame Dragon Torch ["EB04-040">EB04-040]
RZ1|205|1|EB04-040|0|34|1|8|1|1|0|0|0
RZ1|CHK|205|1|34|9|2|3|3|7|2|0|1|0
RZ1|206|1|Don|4|2|5|7|1|1|0|0|0
RZ1|CHK|206|1|34|9|2|3|2|8|2|0|1|0
RZ1|207|1|Don|4|1|5|8|1|1|0|0|0
RZ1|CHK|207|1|34|9|2|3|1|9|2|0|1|0
[You] Draw 2 Don
RZ1|208|1|Don|5|0|5|0|1|1|1|0|0
RZ1|CHK|208|1|34|9|2|3|1|9|2|0|1|0
RZ1|209|1|Don|5|1|5|1|1|1|1|0|0
RZ1|CHK|209|1|34|9|2|3|1|9|2|0|1|0
RZ1|210|1|Don|5|2|5|2|1|1|1|0|0
RZ1|CHK|210|1|34|9|2|3|1|9|2|0|1|0
RZ1|211|1|Don|5|3|5|3|1|1|1|0|0
RZ1|CHK|211|1|34|9|2|3|1|9|2|0|1|0
RZ1|212|1|Don|5|4|5|4|1|1|1|0|0
RZ1|CHK|212|1|34|9|2|3|1|9|2|0|1|0
RZ1|213|1|Don|5|5|5|5|1|1|1|0|0
RZ1|CHK|213|1|34|9|2|3|1|9|2|0|1|0
[You] Deploy Ulti & Page One ["OP17-060">OP17-060]
RZ1|214|1|OP17-060|1|6|2|2|1|1|0|0|0
RZ1|CHK|214|1|34|8|3|3|1|9|2|0|1|0
Ulti & Page One ["OP17-060">OP17-060]: Draw 1 Don
RZ1|215|1|Don|4|0|5|9|1|1|0|0|0
RZ1|CHK|215|1|34|8|3|3|0|10|2|0|1|0
[You] Ulti & Page One ["OP17-060">OP17-060]: Destroy Izou ["OP03-003">OP03-003]
RZ1|216|2|OP03-003|2|0|6|2|1|1|0|0|0
RZ1|CHK|216|2|34|9|0|3|4|4|3|1|1|2
[You] Attach 1 Don to Kaido ["OP17-058">OP17-058] (1 Total)
RZ1|217|1|Don|5|9|9|9900|1|1|0|0|0
RZ1|CHK|217|1|34|8|3|3|0|9|2|0|1|1
[You] Attach 1 Don to Kaido ["OP17-058">OP17-058] (2 Total)
RZ1|218|1|Don|5|8|9|9901|1|1|0|0|0
RZ1|CHK|218|1|34|8|3|3|0|8|2|0|1|2
[You] Attach 1 Don to Kaido ["OP17-058">OP17-058] (3 Total)
RZ1|219|1|Don|5|7|9|9902|1|1|0|0|0
RZ1|CHK|219|1|34|8|3|3|0|7|2|0|1|3
[You] Attach 1 Don to Kaido ["OP17-058">OP17-058] (4 Total)
RZ1|220|1|Don|5|6|9|9903|1|1|0|0|0
RZ1|CHK|220|1|34|8|3|3|0|6|2|0|1|4
[You] Kaido ["OP17-058">OP17-058] attacking Edward Newgate ["OP02-001">OP02-001]
[Opponent] Discard Jozu ["OP02-008">OP02-008] for Counter 2000
RZ1|221|2|OP02-008|1|2|6|3|1|1|0|0|0
RZ1|CHK|221|2|34|8|0|3|4|4|4|1|1|2
[Opponent] Discard Jozu ["OP02-008">OP02-008] for Counter 2000
RZ1|222|2|OP02-008|1|4|6|4|1|1|0|0|0
RZ1|CHK|222|2|34|7|0|3|4|4|5|1|1|2
Kaido ["OP17-058">OP17-058][9000] vs Edward Newgate ["OP02-001">OP02-001][10000]
Attack Fails
[] Hand: [OP07-076,OP07-076,OP07-076,OP17-073,OP17-076,OP17-073,ST34-004,EB04-040]
[] Board: [EB04-032,OP17-074,OP17-060]
[] Trash: [OP17-060,OP07-077]
[] Life: 3
[] Hand: [ST01-014,OP02-004,OP02-018,OP02-013,OP03-013,OP02-018,OP02-015]
[] Trash: [OP02-008,OP02-022,OP03-003,OP02-008,OP02-008]
[] Board: []
[] Life: 3
[You] End Turn
[] Hand: [ST01-014,OP02-004,OP02-018,OP02-013,OP03-013,OP02-018,OP02-015]
[] Board: []
[] Trash: [OP02-008,OP02-022,OP03-003,OP02-008,OP02-008]
[] Life: 3
[] Hand: [OP07-076,OP07-076,OP07-076,OP17-073,OP17-076,OP17-073,ST34-004,EB04-040]
[] Trash: [OP17-060,OP07-077]
[] Board: [EB04-032,OP17-074,OP17-060]
[] Life: 3
RZ1|223|2|Don|9|9900|5|0|1|1|1|0|0
RZ1|CHK|223|2|34|7|0|3|4|5|5|1|1|1
RZ1|224|2|Don|9|9900|5|0|1|1|1|0|0
RZ1|CHK|224|2|34|7|0|3|4|6|5|1|1|0
[Opponent] Draw 1 Card
[] Drew card from deck: Radical Beam!! ["OP01-029">OP01-029]
RZ1|225|2|OP01-029|0|33|1|7|1|1|0|0|0
RZ1|CHK|225|2|33|8|0|3|4|6|5|1|1|0
RZ1|226|2|Don|4|3|5|6|1|1|0|0|0
RZ1|CHK|226|2|33|8|0|3|3|7|5|1|1|0
RZ1|227|2|Don|4|2|5|7|1|1|0|0|0
RZ1|CHK|227|2|33|8|0|3|2|8|5|1|1|0
[Opponent] Draw 2 Don
RZ1|228|2|Don|5|0|5|0|1|1|1|0|0
RZ1|CHK|228|2|33|8|0|3|2|8|5|1|1|0
RZ1|229|2|Don|5|1|5|1|1|1|1|0|0
RZ1|CHK|229|2|33|8|0|3|2|8|5|1|1|0
RZ1|230|2|Don|5|2|5|2|1|1|1|0|0
RZ1|CHK|230|2|33|8|0|3|2|8|5|1|1|0
RZ1|231|2|Don|5|3|5|3|1|1|1|0|0
RZ1|CHK|231|2|33|8|0|3|2|8|5|1|1|0
RZ1|232|2|Don|5|4|5|4|1|1|1|0|0
RZ1|CHK|232|2|33|8|0|3|2|8|5|1|1|0
[Opponent] Deploy Marco ["OP03-013">OP03-013]
RZ1|233|2|OP03-013|1|4|2|0|1|1|0|0|0
RZ1|CHK|233|2|33|7|1|3|2|8|5|1|1|0
[Opponent] Marco ["OP03-013">OP03-013]: Destroy Queen ["EB04-032">EB04-032]
RZ1|234|1|EB04-032|2|0|6|2|1|1|0|0|0
RZ1|CHK|234|1|34|8|2|3|0|6|3|0|1|4
RZ1|235|2|Don|5|5|5|5|1|1|1|0|0
RZ1|CHK|235|2|33|7|1|3|2|8|5|1|1|0
[Opponent] Deploy Makino ["OP02-015">OP02-015]
RZ1|236|2|OP02-015|1|5|2|1|1|1|0|0|0
RZ1|CHK|236|2|33|6|2|3|2|8|5|1|1|0
[Opponent] Makino ["OP02-015">OP02-015]: Buff Makino ["OP02-015">OP02-015] 3000
RZ1|237|2|Don|5|6|9|9900|1|1|0|0|0
RZ1|CHK|237|2|33|6|2|3|2|7|5|1|1|1
[Opponent] Attach 1 Don to Edward Newgate ["OP02-001">OP02-001] (1 Total)
[Opponent] Edward Newgate ["OP02-001">OP02-001] attacking Kaido ["OP17-058">OP17-058]
[You] Yamato ["OP17-074">OP17-074] Blocks
Edward Newgate ["OP02-001">OP02-001][7000] vs Yamato ["OP17-074">OP17-074][1000]
[You] Yamato ["OP17-074">OP17-074] Destroyed
RZ1|238|1|OP17-074|2|0|6|3|1|1|0|0|0
RZ1|CHK|238|1|34|8|1|3|0|6|4|0|1|4
[Opponent] Loses 1 Life
RZ1|239|2|OP02-013|3|2|1|6|1|1|0|0|0
RZ1|CHK|239|2|33|7|2|2|2|7|5|1|1|1
[] Hand: [ST01-014,OP02-004,OP02-018,OP02-013,OP02-018,OP01-029,OP02-013]
[] Board: [OP03-013,OP02-015]
[] Trash: [OP02-008,OP02-022,OP03-003,OP02-008,OP02-008]
[] Life: 2
[] Hand: [OP07-076,OP07-076,OP07-076,OP17-073,OP17-076,OP17-073,ST34-004,EB04-040]
[] Trash: [OP17-060,OP07-077,EB04-032,OP17-074]
[] Board: [OP17-060]
[] Life: 3
[Opponent] End Turn
[] Hand: [OP07-076,OP07-076,OP07-076,OP17-073,OP17-076,OP17-073,ST34-004,EB04-040]
[] Board: [OP17-060]
[] Trash: [OP17-060,OP07-077,EB04-032,OP17-074]
[] Life: 3
[] Hand: [ST01-014,OP02-004,OP02-018,OP02-013,OP02-018,OP01-029,OP02-013]
[] Trash: [OP02-008,OP02-022,OP03-003,OP02-008,OP02-008]
[] Board: [OP03-013,OP02-015]
[] Life: 2
RZ1|240|1|Don|9|9900|5|0|1|1|1|0|0
RZ1|CHK|240|1|34|8|1|3|0|7|4|0|1|3
RZ1|241|1|Don|9|9900|5|0|1|1|1|0|0
RZ1|CHK|241|1|34|8|1|3|0|8|4|0|1|2
RZ1|242|1|Don|9|9900|5|0|1|1|1|0|0
RZ1|CHK|242|1|34|8|1|3|0|9|4|0|1|1
RZ1|243|1|Don|9|9900|5|0|1|1|1|0|0
RZ1|CHK|243|1|34|8|1|3|0|10|4|0|1|0
[You] Draw 1 Card
[] Drew card from deck: King ["EB04-031">EB04-031]
RZ1|244|1|EB04-031|0|33|1|8|1|1|0|0|0
RZ1|CHK|244|1|33|9|1|3|0|10|4|0|1|0
[You] Ulti & Page One ["OP17-060">OP17-060] attacking Edward Newgate ["OP02-001">OP02-001]
RZ1|245|2|Don|5|6|5|6|1|1|1|0|0
RZ1|CHK|245|2|33|7|2|2|2|7|5|1|1|1
RZ1|246|2|OP01-029|1|5|6|5|1|1|0|0|0
RZ1|CHK|246|2|33|6|2|2|2|7|6|1|1|1
[Opponent] Radical Beam!! ["OP01-029">OP01-029]: Counter 2000
[Opponent] Radical Beam!! ["OP01-029">OP01-029]: Counter 2000
[Opponent] Discard Marco ["OP02-018">OP02-018] for Counter 1000
RZ1|247|2|OP02-018|1|2|6|6|1|1|0|0|0
RZ1|CHK|247|2|33|5|2|2|2|7|7|1|1|1
Ulti & Page One ["OP17-060">OP17-060][6000] vs Edward Newgate ["OP02-001">OP02-001][11000]
Attack Fails
RZ1|248|1|Don|5|0|5|0|1|1|1|0|0
RZ1|CHK|248|1|33|9|1|3|0|10|4|0|1|0
RZ1|249|1|Don|5|1|5|1|1|1|1|0|0
RZ1|CHK|249|1|33|9|1|3|0|10|4|0|1|0
RZ1|250|1|Don|5|2|5|2|1|1|1|0|0
RZ1|CHK|250|1|33|9|1|3|0|10|4|0|1|0
RZ1|251|1|Don|5|3|5|3|1|1|1|0|0
RZ1|CHK|251|1|33|9|1|3|0|10|4|0|1|0
RZ1|252|1|Don|5|4|5|4|1|1|1|0|0
RZ1|CHK|252|1|33|9|1|3|0|10|4|0|1|0
RZ1|253|1|Don|5|5|5|5|1|1|1|0|0
RZ1|CHK|253|1|33|9|1|3|0|10|4|0|1|0
RZ1|254|1|Don|5|6|5|6|1|1|1|0|0
RZ1|CHK|254|1|33|9|1|3|0|10|4|0|1|0
RZ1|255|1|Don|5|7|5|7|1|1|1|0|0
RZ1|CHK|255|1|33|9|1|3|0|10|4|0|1|0
RZ1|256|1|Don|5|8|5|8|1|1|1|0|0
RZ1|CHK|256|1|33|9|1|3|0|10|4|0|1|0
RZ1|257|1|Don|5|9|5|9|1|1|1|0|0
RZ1|CHK|257|1|33|9|1|3|0|10|4|0|1|0
[You] Deploy Charlotte Linlin ["ST34-004">ST34-004]
RZ1|258|1|ST34-004|1|6|2|1|1|1|0|0|0
RZ1|CHK|258|1|33|8|2|3|0|10|4|0|1|0
RZ1|259|1|Don|5|9|4|0|1|1|0|0|0
RZ1|CHK|259|1|33|8|2|3|1|9|4|0|1|0
RZ1|260|1|Don|5|8|4|1|1|1|0|0|0
RZ1|CHK|260|1|33|8|2|3|2|8|4|0|1|0
RZ1|261|1|Don|5|7|4|2|1|1|0|0|0
RZ1|CHK|261|1|33|8|2|3|3|7|4|0|1|0
RZ1|262|1|Don|5|6|4|3|1|1|0|0|0
RZ1|CHK|262|1|33|8|2|3|4|6|4|0|1|0
[You] Charlotte Linlin ["ST34-004">ST34-004]: Minus 4 Don
RZ1|263|1|OP07-076|1|2|6|4|1|1|0|0|0
RZ1|CHK|263|1|33|7|2|3|4|6|5|0|1|0
[You] Charlotte Linlin ["ST34-004">ST34-004]: Trash NoroNoro Beam Sword ["OP07-076">OP07-076]
[You] Charlotte Linlin ["ST34-004">ST34-004]: Add card to top of Life from Deck
RZ1|264|1|OP17-074|0|32|3|3|1|0|0|0|0
RZ1|CHK|264|1|32|7|2|4|4|6|5|0|1|0
[You] Charlotte Linlin ["ST34-004">ST34-004]: Set Marco ["OP03-013">OP03-013] Base Power to -6000
[] Hand: [OP07-076,OP07-076,OP17-073,OP17-076,OP17-073,EB04-040,EB04-031]
[] Board: [OP17-060,ST34-004]
[] Trash: [OP17-060,OP07-077,EB04-032,OP17-074,OP07-076]
[] Life: 4
[] Hand: [ST01-014,OP02-004,OP02-013,OP02-018,OP02-013]
[] Trash: [OP02-008,OP02-022,OP03-003,OP02-008,OP02-008,OP01-029,OP02-018]
[] Board: [OP03-013,OP02-015]
[] Life: 2
[You] End Turn
[] Hand: [ST01-014,OP02-004,OP02-013,OP02-018,OP02-013]
[] Board: [OP03-013,OP02-015]
[] Trash: [OP02-008,OP02-022,OP03-003,OP02-008,OP02-008,OP01-029,OP02-018]
[] Life: 2
[] Hand: [OP07-076,OP07-076,OP17-073,OP17-076,OP17-073,EB04-040,EB04-031]
[] Trash: [OP17-060,OP07-077,EB04-032,OP17-074,OP07-076]
[] Board: [OP17-060,ST34-004]
[] Life: 4
RZ1|265|2|Don|9|9900|5|0|1|1|1|0|0
RZ1|CHK|265|2|33|5|2|2|2|8|7|1|1|0
[Opponent] Draw 1 Card
[] Drew card from deck: Makino ["OP02-015">OP02-015]
RZ1|266|2|OP02-015|0|32|1|5|1|1|0|0|0
RZ1|CHK|266|2|32|6|2|2|2|8|7|1|1|0
RZ1|267|2|Don|4|1|5|8|1|1|0|0|0
RZ1|CHK|267|2|32|6|2|2|1|9|7|1|1|0
RZ1|268|2|Don|4|0|5|9|1|1|0|0|0
RZ1|CHK|268|2|32|6|2|2|0|10|7|1|1|0
[Opponent] Draw 2 Don
[Opponent] Marco ["OP03-013">OP03-013] attacking Kaido ["OP17-058">OP17-058]
RZ1|269|1|Don|5|5|4|4|1|1|0|0|0
RZ1|CHK|269|1|32|7|2|4|5|5|5|0|1|0
[You] Kaido ["OP17-058">OP17-058]: Minus 1 Don
[You] Kaido ["OP17-058">OP17-058]: Buff Marco ["OP03-013">OP03-013] -2000
Marco ["OP03-013">OP03-013][4000] vs Kaido ["OP17-058">OP17-058][5000]
Attack Fails
[Opponent] Edward Newgate ["OP02-001">OP02-001] attacking Kaido ["OP17-058">OP17-058]
[You] Discard Basil Hawkins ["OP17-073">OP17-073] for Counter 2000
RZ1|270|1|OP17-073|1|4|6|5|1|1|0|0|0
RZ1|CHK|270|1|32|6|2|4|5|5|6|0|1|0
Edward Newgate ["OP02-001">OP02-001][6000] vs Kaido ["OP17-058">OP17-058][7000]
Attack Fails
RZ1|271|2|Don|5|0|5|0|1|1|1|0|0
RZ1|CHK|271|2|32|6|2|2|0|10|7|1|1|0
RZ1|272|2|Don|5|1|5|1|1|1|1|0|0
RZ1|CHK|272|2|32|6|2|2|0|10|7|1|1|0
RZ1|273|2|Don|5|2|5|2|1|1|1|0|0
RZ1|CHK|273|2|32|6|2|2|0|10|7|1|1|0
RZ1|274|2|Don|5|3|5|3|1|1|1|0|0
RZ1|CHK|274|2|32|6|2|2|0|10|7|1|1|0
RZ1|275|2|Don|5|4|5|4|1|1|1|0|0
RZ1|CHK|275|2|32|6|2|2|0|10|7|1|1|0
RZ1|276|2|Don|5|5|5|5|1|1|1|0|0
RZ1|CHK|276|2|32|6|2|2|0|10|7|1|1|0
RZ1|277|2|Don|5|6|5|6|1|1|1|0|0
RZ1|CHK|277|2|32|6|2|2|0|10|7|1|1|0
[Opponent] Deploy Portgas D. Ace ["OP02-013">OP02-013]
RZ1|278|2|OP02-013|1|2|2|2|1|1|0|0|0
RZ1|CHK|278|2|32|5|3|2|0|10|7|1|1|0
[Opponent] Portgas D. Ace ["OP02-013">OP02-013] Gains Rush
[Opponent] Portgas D. Ace ["OP02-013">OP02-013]: Give Ulti & Page One ["OP17-060">OP17-060] -3000
[Opponent] Portgas D. Ace ["OP02-013">OP02-013]: Give Charlotte Linlin ["ST34-004">ST34-004] -3000
[Opponent] Portgas D. Ace ["OP02-013">OP02-013] attacking Kaido ["OP17-058">OP17-058]
Portgas D. Ace ["OP02-013">OP02-013][7000] vs Kaido ["OP17-058">OP17-058][5000]
Kaido ["OP17-058">OP17-058] hit for 1 damage
RZ1|279|1|OP17-074|3|3|1|6|1|1|0|0|0
RZ1|CHK|279|1|32|7|2|3|5|5|6|0|1|0
[Opponent] Makino ["OP02-015">OP02-015]: Buff Makino ["OP02-015">OP02-015] 3000
[Opponent] Loses 1 Life
RZ1|280|2|OP03-003|3|1|1|5|1|1|0|0|0
RZ1|CHK|280|2|32|6|3|1|0|10|7|1|1|0
[] Hand: [ST01-014,OP02-004,OP02-018,OP02-013,OP02-015,OP03-003]
[] Board: [OP03-013,OP02-015,OP02-013]
[] Trash: [OP02-008,OP02-022,OP03-003,OP02-008,OP02-008,OP01-029,OP02-018]
[] Life: 1
[] Hand: [OP07-076,OP07-076,OP17-073,OP17-076,EB04-040,EB04-031,OP17-074]
[] Trash: [OP17-060,OP07-077,EB04-032,OP17-074,OP07-076,OP17-073]
[] Board: [OP17-060,ST34-004]
[] Life: 3
[Opponent] End Turn
[] Hand: [OP07-076,OP07-076,OP17-073,OP17-076,EB04-040,EB04-031,OP17-074]
[] Board: [OP17-060,ST34-004]
[] Trash: [OP17-060,OP07-077,EB04-032,OP17-074,OP07-076,OP17-073]
[] Life: 3
[] Hand: [ST01-014,OP02-004,OP02-018,OP02-013,OP02-015,OP03-003]
[] Trash: [OP02-008,OP02-022,OP03-003,OP02-008,OP02-008,OP01-029,OP02-018]
[] Board: [OP03-013,OP02-015,OP02-013]
[] Life: 1
[You] Draw 1 Card
[] Drew card from deck: Kaido ["OP17-062">OP17-062]
RZ1|281|1|OP17-062|0|31|1|7|1|1|0|0|0
RZ1|CHK|281|1|31|8|2|3|5|5|6|0|1|0
RZ1|282|1|Don|4|4|5|5|1|1|0|0|0
RZ1|CHK|282|1|31|8|2|3|4|6|6|0|1|0
RZ1|283|1|Don|4|3|5|6|1|1|0|0|0
RZ1|CHK|283|1|31|8|2|3|3|7|6|0|1|0
[You] Draw 2 Don
RZ1|284|1|Don|5|0|5|0|1|1|1|0|0
RZ1|CHK|284|1|31|8|2|3|3|7|6|0|1|0
RZ1|285|1|Don|5|1|5|1|1|1|1|0|0
RZ1|CHK|285|1|31|8|2|3|3|7|6|0|1|0
RZ1|286|1|Don|5|2|5|2|1|1|1|0|0
RZ1|CHK|286|1|31|8|2|3|3|7|6|0|1|0
RZ1|287|1|Don|5|3|5|3|1|1|1|0|0
RZ1|CHK|287|1|31|8|2|3|3|7|6|0|1|0
RZ1|288|1|Don|5|4|5|4|1|1|1|0|0
RZ1|CHK|288|1|31|8|2|3|3|7|6|0|1|0
RZ1|289|1|Don|5|5|5|5|1|1|1|0|0
RZ1|CHK|289|1|31|8|2|3|3|7|6|0|1|0
[You] Deploy King ["EB04-031">EB04-031]
RZ1|290|1|EB04-031|1|5|2|2|1|1|0|0|0
RZ1|CHK|290|1|31|7|3|3|3|7|6|0|1|0
King ["EB04-031">EB04-031]: Draw 1 Don
RZ1|291|1|Don|4|2|5|7|1|1|0|0|0
RZ1|CHK|291|1|31|7|3|3|2|8|6|0|1|0
King ["EB04-031">EB04-031]: Draw 1 Rested Don
RZ1|292|1|Don|4|1|5|0|1|1|1|0|0
RZ1|CHK|292|1|31|7|3|3|1|9|6|0|1|0
[You] Ulti & Page One ["OP17-060">OP17-060] attacking Edward Newgate ["OP02-001">OP02-001]
[Opponent] Guard Point ["ST01-014">ST01-014]: Activate Counter
[Opponent] Guard Point ["ST01-014">ST01-014]: Rest 1 Don
RZ1|293|2|Don|5|7|5|7|1|1|1|0|0
RZ1|CHK|293|2|32|6|3|1|0|10|7|1|1|0
RZ1|294|2|ST01-014|1|0|6|7|1|1|0|0|0
RZ1|CHK|294|2|32|5|3|1|0|10|8|1|1|0
[Opponent] Guard Point ["ST01-014">ST01-014]: Buff Edward Newgate ["OP02-001">OP02-001] 3000 for the Combat
Ulti & Page One ["OP17-060">OP17-060][6000] vs Edward Newgate ["OP02-001">OP02-001][9000]
Attack Fails
[You] Attach 1 Don to Kaido ["OP17-058">OP17-058] (1 Total)
RZ1|295|1|Don|5|8|9|9900|1|1|0|0|0
RZ1|CHK|295|1|31|7|3|3|1|8|6|0|1|1
[You] Attach 1 Don to Kaido ["OP17-058">OP17-058] (2 Total)
RZ1|296|1|Don|5|7|9|9901|1|1|0|0|0
RZ1|CHK|296|1|31|7|3|3|1|7|6|0|1|2
[You] Kaido ["OP17-058">OP17-058] attacking Edward Newgate ["OP02-001">OP02-001]
[Opponent] Discard Makino ["OP02-015">OP02-015] for Counter 2000
RZ1|297|2|OP02-015|1|3|6|8|1|1|0|0|0
RZ1|CHK|297|2|32|4|3|1|0|10|9|1|1|0
Kaido ["OP17-058">OP17-058][7000] vs Edward Newgate ["OP02-001">OP02-001][8000]
Attack Fails
[You] Charlotte Linlin ["ST34-004">ST34-004] attacking Edward Newgate ["OP02-001">OP02-001]
Charlotte Linlin ["ST34-004">ST34-004][12000] vs Edward Newgate ["OP02-001">OP02-001][6000]
Edward Newgate ["OP02-001">OP02-001] hit for 1 damage
RZ1|298|2|OP03-013|3|0|1|4|1|1|0|0|0
RZ1|CHK|298|2|32|5|3|0|0|10|9|1|1|0
[] Hand: [OP07-076,OP07-076,OP17-073,OP17-076,EB04-040,OP17-074,OP17-062]
[] Board: [OP17-060,ST34-004,EB04-031]
[] Trash: [OP17-060,OP07-077,EB04-032,OP17-074,OP07-076,OP17-073]
[] Life: 3
[] Hand: [OP02-004,OP02-018,OP02-013,OP03-003,OP03-013]
[] Trash: [OP02-008,OP02-022,OP03-003,OP02-008,OP02-008,OP01-029,OP02-018,ST01-014,OP02-015]
[] Board: [OP03-013,OP02-015,OP02-013]
[] Life: 0
[You] End Turn
[] Hand: [OP02-004,OP02-018,OP02-013,OP03-003,OP03-013]
[] Board: [OP03-013,OP02-015,OP02-013]
[] Trash: [OP02-008,OP02-022,OP03-003,OP02-008,OP02-008,OP01-029,OP02-018,ST01-014,OP02-015]
[] Life: 0
[] Hand: [OP07-076,OP07-076,OP17-073,OP17-076,EB04-040,OP17-074,OP17-062]
[] Trash: [OP17-060,OP07-077,EB04-032,OP17-074,OP07-076,OP17-073]
[] Board: [OP17-060,ST34-004,EB04-031]
[] Life: 3
[Opponent] Draw 1 Card
[] Drew card from deck: Radical Beam!! ["OP01-029">OP01-029]
RZ1|299|2|OP01-029|0|31|1|5|1|1|0|0|0
RZ1|CHK|299|2|31|6|3|0|0|10|9|1|1|0
[Opponent] Makino ["OP02-015">OP02-015]: Buff Makino ["OP02-015">OP02-015] 3000
RZ1|300|2|Don|5|0|5|0|1|1|1|0|0
RZ1|CHK|300|2|31|6|3|0|0|10|9|1|1|0
RZ1|301|2|Don|5|1|5|1|1|1|1|0|0
RZ1|CHK|301|2|31|6|3|0|0|10|9|1|1|0
RZ1|302|2|Don|5|2|5|2|1|1|1|0|0
RZ1|CHK|302|2|31|6|3|0|0|10|9|1|1|0
RZ1|303|2|Don|5|3|5|3|1|1|1|0|0
RZ1|CHK|303|2|31|6|3|0|0|10|9|1|1|0
RZ1|304|2|Don|5|4|5|4|1|1|1|0|0
RZ1|CHK|304|2|31|6|3|0|0|10|9|1|1|0
[Opponent] Deploy Marco ["OP03-013">OP03-013]
RZ1|305|2|OP03-013|1|4|2|3|1|1|0|2000|0
RZ1|CHK|305|2|31|5|4|0|0|10|9|1|1|0
RZ1|306|2|Don|5|5|5|5|1|1|1|0|0
RZ1|CHK|306|2|31|5|4|0|0|10|9|1|1|0
RZ1|307|2|Don|5|6|5|6|1|1|1|0|0
RZ1|CHK|307|2|31|5|4|0|0|10|9|1|1|0
RZ1|308|2|Don|5|7|5|7|1|1|1|0|0
RZ1|CHK|308|2|31|5|4|0|0|10|9|1|1|0
RZ1|309|2|Don|5|8|5|8|1|1|1|0|0
RZ1|CHK|309|2|31|5|4|0|0|10|9|1|1|0
[Opponent] Deploy Marco ["OP02-018">OP02-018]
RZ1|310|2|OP02-018|1|1|2|4|1|1|0|2000|0
RZ1|CHK|310|2|31|4|5|0|0|10|9|1|1|0
RZ1|311|2|Don|5|9|9|9900|1|1|0|0|0
RZ1|CHK|311|2|31|4|5|0|0|9|9|1|1|1
[Opponent] Attach 1 Don to Edward Newgate ["OP02-001">OP02-001] (1 Total)
[Opponent] Marco ["OP03-013">OP03-013] attacking Kaido ["OP17-058">OP17-058]
RZ1|312|1|Don|5|6|4|1|1|1|0|0|0
RZ1|CHK|312|1|31|7|3|3|2|6|6|0|1|2
[You] Kaido ["OP17-058">OP17-058]: Minus 1 Don
[You] Kaido ["OP17-058">OP17-058]: Buff Marco ["OP03-013">OP03-013] -2000
[You] Discard Basil Hawkins ["OP17-073">OP17-073] for Counter 2000
RZ1|313|1|OP17-073|1|2|6|6|1|1|0|0|0
RZ1|CHK|313|1|31|6|3|3|2|6|7|0|1|2
Marco ["OP03-013">OP03-013][6000] vs Kaido ["OP17-058">OP17-058][7000]
Attack Fails
[Opponent] Portgas D. Ace ["OP02-013">OP02-013] attacking Kaido ["OP17-058">OP17-058]
Portgas D. Ace ["OP02-013">OP02-013][9000] vs Kaido ["OP17-058">OP17-058][5000]
Kaido ["OP17-058">OP17-058] hit for 1 damage
RZ1|314|1|EB04-030|3|2|1|6|1|1|0|0|0
RZ1|CHK|314|1|31|7|3|2|2|6|7|0|1|2
[Opponent] Edward Newgate ["OP02-001">OP02-001] attacking Kaido ["OP17-058">OP17-058]
Edward Newgate ["OP02-001">OP02-001][9000] vs Kaido ["OP17-058">OP17-058][5000]
Kaido ["OP17-058">OP17-058] hit for 1 damage
RZ1|315|1|EB04-040|3|1|1|7|1|1|0|0|0
RZ1|CHK|315|1|31|8|3|1|2|6|7|0|1|2
[] Hand: [OP02-004,OP02-013,OP03-003,OP01-029]
[] Board: [OP03-013,OP02-015,OP02-013,OP03-013,OP02-018]
[] Trash: [OP02-008,OP02-022,OP03-003,OP02-008,OP02-008,OP01-029,OP02-018,ST01-014,OP02-015]
[] Life: 0
[] Hand: [OP07-076,OP07-076,OP17-076,EB04-040,OP17-074,OP17-062,EB04-030,EB04-040]
[] Trash: [OP17-060,OP07-077,EB04-032,OP17-074,OP07-076,OP17-073,OP17-073]
[] Board: [OP17-060,ST34-004,EB04-031]
[] Life: 1
[Opponent] End Turn
[] Hand: [OP07-076,OP07-076,OP17-076,EB04-040,OP17-074,OP17-062,EB04-030,EB04-040]
[] Board: [OP17-060,ST34-004,EB04-031]
[] Trash: [OP17-060,OP07-077,EB04-032,OP17-074,OP07-076,OP17-073,OP17-073]
[] Life: 1
[] Hand: [OP02-004,OP02-013,OP03-003,OP01-029]
[] Trash: [OP02-008,OP02-022,OP03-003,OP02-008,OP02-008,OP01-029,OP02-018,ST01-014,OP02-015]
[] Board: [OP03-013,OP02-015,OP02-013,OP03-013,OP02-018]
[] Life: 0
RZ1|316|1|Don|9|9900|5|0|1|1|1|0|0
RZ1|CHK|316|1|31|8|3|1|2|7|7|0|1|1
RZ1|317|1|Don|9|9900|5|0|1|1|1|0|0
RZ1|CHK|317|1|31|8|3|1|2|8|7|0|1|0
[You] Draw 1 Card
[] Drew card from deck: We're Going to Claim the One Piece!!! ["OP07-077">OP07-077]
RZ1|318|1|OP07-077|0|30|1|8|1|1|0|0|0
RZ1|CHK|318|1|30|9|3|1|2|8|7|0|1|0
RZ1|319|1|Don|4|1|5|8|1|1|0|0|0
RZ1|CHK|319|1|30|9|3|1|1|9|7|0|1|0
RZ1|320|1|Don|4|0|5|9|1|1|0|0|0
RZ1|CHK|320|1|30|9|3|1|0|10|7|0|1|0
[You] Draw 2 Don
RZ1|321|1|Don|5|0|5|0|1|1|1|0|0
RZ1|CHK|321|1|30|9|3|1|0|10|7|0|1|0
RZ1|322|1|Don|5|1|5|1|1|1|1|0|0
RZ1|CHK|322|1|30|9|3|1|0|10|7|0|1|0
RZ1|323|1|Don|5|2|5|2|1|1|1|0|0
RZ1|CHK|323|1|30|9|3|1|0|10|7|0|1|0
RZ1|324|1|Don|5|3|5|3|1|1|1|0|0
RZ1|CHK|324|1|30|9|3|1|0|10|7|0|1|0
RZ1|325|1|Don|5|4|5|4|1|1|1|0|0
RZ1|CHK|325|1|30|9|3|1|0|10|7|0|1|0
RZ1|326|1|Don|5|5|5|5|1|1|1|0|0
RZ1|CHK|326|1|30|9|3|1|0|10|7|0|1|0
RZ1|327|1|Don|5|6|5|6|1|1|1|0|0
RZ1|CHK|327|1|30|9|3|1|0|10|7|0|1|0
RZ1|328|1|Don|5|7|5|7|1|1|1|0|0
RZ1|CHK|328|1|30|9|3|1|0|10|7|0|1|0
RZ1|329|1|Don|5|8|5|8|1|1|1|0|0
RZ1|CHK|329|1|30|9|3|1|0|10|7|0|1|0
RZ1|330|1|Don|5|9|5|9|1|1|1|0|0
RZ1|CHK|330|1|30|9|3|1|0|10|7|0|1|0
[You] Deploy Kaido ["OP17-062">OP17-062]
RZ1|331|1|OP17-062|1|5|2|3|1|1|0|0|0
RZ1|CHK|331|1|30|8|4|1|0|10|7|0|1|0
[You] Ulti & Page One ["OP17-060">OP17-060] attacking Edward Newgate ["OP02-001">OP02-001]
[Opponent] Marco ["OP02-018">OP02-018] Blocks
Ulti & Page One ["OP17-060">OP17-060][6000] vs Marco ["OP02-018">OP02-018][5000]
[Opponent] Marco ["OP02-018">OP02-018] Destroyed
RZ1|332|2|OP02-018|2|4|6|9|1|1|0|0|0
RZ1|CHK|332|2|31|4|4|0|0|9|10|1|1|1
[You] King ["EB04-031">EB04-031] attacking Edward Newgate ["OP02-001">OP02-001]
King ["EB04-031">EB04-031][7000] vs Edward Newgate ["OP02-001">OP02-001][6000]
Edward Newgate ["OP02-001">OP02-001] hit for 1 damage
[Opponent] <b>Downloaded the Combat Log!</b>
GameOver