Version is 1.43a.1
[You] Leader is Kaido ["ST04-001">ST04-001]
[Opponent] Leader is Smoker ["OP02-093">OP02-093]
RZ1|2|2|EB02-050|0|41|0|0|0|0|0|0|0
RZ1|CHK|2|2|50|0|0|0|10|0|0|0|1|0
RZ1|3|2|OP02-098|0|9|0|1|0|0|0|0|0
RZ1|CHK|3|2|50|0|0|0|10|0|0|0|1|0
RZ1|4|2|ST19-003|0|37|0|2|0|0|0|0|0
RZ1|CHK|4|2|50|0|0|0|10|0|0|0|1|0
RZ1|5|2|ST19-003|0|38|0|3|0|0|0|0|0
RZ1|CHK|5|2|50|0|0|0|10|0|0|0|1|0
RZ1|6|2|ST19-002|0|35|0|4|0|0|0|0|0
RZ1|CHK|6|2|50|0|0|0|10|0|0|0|1|0
RZ1|7|2|EB01-049|0|6|0|5|0|0|0|0|0
RZ1|CHK|7|2|50|0|0|0|10|0|0|0|1|0
RZ1|8|2|ST06-006|0|32|0|6|0|0|0|0|0
RZ1|CHK|8|2|50|0|0|0|10|0|0|0|1|0
RZ1|9|2|ST19-002|0|37|0|7|0|0|0|0|0
RZ1|CHK|9|2|50|0|0|0|10|0|0|0|1|0
RZ1|10|2|OP02-110|0|20|0|8|0|0|0|0|0
RZ1|CHK|10|2|50|0|0|0|10|0|0|0|1|0
RZ1|11|2|OP05-091|0|30|0|9|0|0|0|0|0
RZ1|CHK|11|2|50|0|0|0|10|0|0|0|1|0
RZ1|12|2|OP02-121|0|25|0|10|0|0|0|0|0
RZ1|CHK|12|2|50|0|0|0|10|0|0|0|1|0
RZ1|13|2|OP02-096|0|16|0|11|0|0|0|0|0
RZ1|CHK|13|2|50|0|0|0|10|0|0|0|1|0
RZ1|14|2|ST06-017|0|48|0|12|0|0|0|0|0
RZ1|CHK|14|2|50|0|0|0|10|0|0|0|1|0
RZ1|15|2|OP02-096|0|16|0|13|0|0|0|0|0
RZ1|CHK|15|2|50|0|0|0|10|0|0|0|1|0
RZ1|16|2|OP03-089|0|28|0|14|0|0|0|0|0
RZ1|CHK|16|2|50|0|0|0|10|0|0|0|1|0
RZ1|17|2|ST06-006|0|33|0|15|0|0|0|0|0
RZ1|CHK|17|2|50|0|0|0|10|0|0|0|1|0
RZ1|18|2|OP02-098|0|21|0|16|0|0|0|0|0
RZ1|CHK|18|2|50|0|0|0|10|0|0|0|1|0
RZ1|19|2|OP02-096|0|20|0|18|0|0|0|0|0
RZ1|CHK|19|2|50|0|0|0|10|0|0|0|1|0
RZ1|20|2|ST19-004|0|41|0|19|0|0|0|0|0
RZ1|CHK|20|2|50|0|0|0|10|0|0|0|1|0
RZ1|21|2|OP02-114|0|28|0|20|0|0|0|0|0
RZ1|CHK|21|2|50|0|0|0|10|0|0|0|1|0
RZ1|22|2|OP02-114|0|28|0|21|0|0|0|0|0
RZ1|CHK|22|2|50|0|0|0|10|0|0|0|1|0
RZ1|23|2|OP02-098|0|24|0|22|0|0|0|0|0
RZ1|CHK|23|2|50|0|0|0|10|0|0|0|1|0
RZ1|24|2|OP02-106|0|26|0|23|0|0|0|0|0
RZ1|CHK|24|2|50|0|0|0|10|0|0|0|1|0
RZ1|25|2|EB02-050|0|42|0|24|0|0|0|0|0
RZ1|CHK|25|2|50|0|0|0|10|0|0|0|1|0
RZ1|26|2|OP02-119|0|43|0|25|0|0|0|0|0
RZ1|CHK|26|2|50|0|0|0|10|0|0|0|1|0
RZ1|27|2|ST06-008|0|39|0|26|0|0|0|0|0
RZ1|CHK|27|2|50|0|0|0|10|0|0|0|1|0
RZ1|28|2|ST06-006|0|38|0|27|0|0|0|0|0
RZ1|CHK|28|2|50|0|0|0|10|0|0|0|1|0
RZ1|29|2|ST19-003|0|42|0|28|0|0|0|0|0
RZ1|CHK|29|2|50|0|0|0|10|0|0|0|1|0
RZ1|30|2|OP02-110|0|33|0|29|0|0|0|0|0
RZ1|CHK|30|2|50|0|0|0|10|0|0|0|1|0
RZ1|31|2|OP03-097|0|45|0|30|0|0|0|0|0
RZ1|CHK|31|2|50|0|0|0|10|0|0|0|1|0
RZ1|32|2|OP03-089|0|37|0|31|0|0|0|0|0
RZ1|CHK|32|2|50|0|0|0|10|0|0|0|1|0
RZ1|33|2|ST06-006|0|41|0|33|0|0|0|0|0
RZ1|CHK|33|2|50|0|0|0|10|0|0|0|1|0
RZ1|34|2|ST06-016|0|47|0|35|0|0|0|0|0
RZ1|CHK|34|2|50|0|0|0|10|0|0|0|1|0
RZ1|35|2|OP02-119|0|46|0|36|0|0|0|0|0
RZ1|CHK|35|2|50|0|0|0|10|0|0|0|1|0
RZ1|36|2|OP10-098|0|47|0|38|0|0|0|0|0
RZ1|CHK|36|2|50|0|0|0|10|0|0|0|1|0
RZ1|37|2|ST19-002|0|45|0|39|0|0|0|0|0
RZ1|CHK|37|2|50|0|0|0|10|0|0|0|1|0
RZ1|38|2|OP07-085|0|45|0|40|0|0|0|0|0
RZ1|CHK|38|2|50|0|0|0|10|0|0|0|1|0
RZ1|39|2|OP05-091|0|45|0|41|0|0|0|0|0
RZ1|CHK|39|2|50|0|0|0|10|0|0|0|1|0
RZ1|40|2|ST19-002|0|46|0|42|0|0|0|0|0
RZ1|CHK|40|2|50|0|0|0|10|0|0|0|1|0
RZ1|41|2|ST06-016|0|48|0|43|0|0|0|0|0
RZ1|CHK|41|2|50|0|0|0|10|0|0|0|1|0
RZ1|42|2|OP03-089|0|47|0|44|0|0|0|0|0
RZ1|CHK|42|2|50|0|0|0|10|0|0|0|1|0
RZ1|43|2|ST19-003|0|48|0|45|0|0|0|0|0
RZ1|CHK|43|2|50|0|0|0|10|0|0|0|1|0
RZ1|44|2|ST06-017|0|49|0|46|0|0|0|0|0
RZ1|CHK|44|2|50|0|0|0|10|0|0|0|1|0
RZ1|45|2|OP03-078|0|49|0|48|0|0|0|0|0
RZ1|CHK|45|2|50|0|0|0|10|0|0|0|1|0
[] Drew card from deck: Charlotte Pudding ["OP11-070">OP11-070]
RZ1|46|1|OP11-070|0|49|1|0|1|1|0|0|0
RZ1|CHK|46|1|49|1|0|0|10|0|0|0|1|0
[] Drew card from deck: Sanji & Pudding ["EB02-035">EB02-035]
RZ1|47|1|EB02-035|0|48|1|1|1|1|0|0|0
RZ1|CHK|47|1|48|2|0|0|10|0|0|0|1|0
[] Drew card from deck: Thunder Bagua ["OP01-119">OP01-119]
RZ1|48|1|OP01-119|0|47|1|2|1|1|0|0|0
RZ1|CHK|48|1|47|3|0|0|10|0|0|0|1|0
[] Drew card from deck: Sanji & Pudding ["EB02-035">EB02-035]
RZ1|49|1|EB02-035|0|46|1|3|1|1|0|0|0
RZ1|CHK|49|1|46|4|0|0|10|0|0|0|1|0
[] Drew card from deck: Black Maria ["OP08-074">OP08-074]
RZ1|50|1|OP08-074|0|45|1|4|1|1|0|0|0
RZ1|CHK|50|1|45|5|0|0|10|0|0|0|1|0
[] Drew card from deck: Kuzan ["OP02-121">OP02-121]
RZ1|51|2|OP02-121|0|49|1|0|1|1|0|0|0
RZ1|CHK|51|2|49|1|0|0|10|0|0|0|1|0
[] Drew card from deck: Issho ["OP03-078">OP03-078]
RZ1|52|2|OP03-078|0|48|1|1|1|1|0|0|0
RZ1|CHK|52|2|48|2|0|0|10|0|0|0|1|0
[] Drew card from deck: Tsuru ["OP02-106">OP02-106]
RZ1|53|2|OP02-106|0|47|1|2|1|1|0|0|0
RZ1|CHK|53|2|47|3|0|0|10|0|0|0|1|0
[] Drew card from deck: Marineford ["ST06-017">ST06-017]
RZ1|54|2|ST06-017|0|46|1|3|1|1|0|0|0
RZ1|CHK|54|2|46|4|0|0|10|0|0|0|1|0
[] Drew card from deck: Tashigi ["ST19-003">ST19-003]
RZ1|55|2|ST19-003|0|45|1|4|1|1|0|0|0
RZ1|CHK|55|2|45|5|0|0|10|0|0|0|1|0
RZ1|56|1|ST04-005|0|44|3|0|1|0|0|0|0
RZ1|CHK|56|1|44|5|0|1|10|0|0|0|1|0
RZ1|57|1|ST04-005|0|43|3|1|1|0|0|0|0
RZ1|CHK|57|1|43|5|0|2|10|0|0|0|1|0
RZ1|58|1|EB02-035|0|42|3|2|1|0|0|0|0
RZ1|CHK|58|1|42|5|0|3|10|0|0|0|1|0
RZ1|59|1|OP07-066|0|41|3|3|1|0|0|0|0
RZ1|CHK|59|1|41|5|0|4|10|0|0|0|1|0
RZ1|60|1|OP11-072|0|40|3|4|1|0|0|0|0
RZ1|CHK|60|1|40|5|0|5|10|0|0|0|1|0
RZ1|61|2|OP03-089|0|44|3|0|0|1|0|0|0
RZ1|CHK|61|2|44|5|0|1|10|0|0|0|1|0
RZ1|62|2|ST06-016|0|43|3|1|0|1|0|0|0
RZ1|CHK|62|2|43|5|0|2|10|0|0|0|1|0
RZ1|63|2|ST19-002|0|42|3|2|0|1|0|0|0
RZ1|CHK|63|2|42|5|0|3|10|0|0|0|1|0
RZ1|64|2|OP05-091|0|41|3|3|0|1|0|0|0
RZ1|CHK|64|2|41|5|0|4|10|0|0|0|1|0
RZ1|65|2|OP07-085|0|40|3|4|0|1|0|0|0
RZ1|CHK|65|2|40|5|0|5|10|0|0|0|1|0
[] Hand: [OP11-070,EB02-035,OP01-119,EB02-035,OP08-074]
[] Board: []
[] Trash: []
[] Life: 5
[] Hand: [OP02-121,OP03-078,OP02-106,ST06-017,ST19-003]
[] Trash: []
[] Board: []
[] Life: 5
RZ1|66|1|Don|4|9|5|0|1|1|0|0|0
RZ1|CHK|66|1|40|5|0|5|9|1|0|0|1|0
[You] Draw 1 Don
RZ1|67|1|Don|5|0|5|0|1|1|1|0|0
RZ1|CHK|67|1|40|5|0|5|9|1|0|0|1|0
[You] Deploy Charlotte Pudding ["OP11-070">OP11-070]
RZ1|68|1|OP11-070|1|0|2|0|1|1|0|0|0
RZ1|CHK|68|1|40|4|1|5|9|1|0|0|1|0
RZ1|69|1|OP08-076|0|38|1|4|1|1|0|0|0
RZ1|CHK|69|1|39|5|1|5|9|1|0|0|1|0
[You] Charlotte Pudding ["OP11-070">OP11-070]: <b>Reveal and Draw It's To Die For...! ["OP08-076">OP08-076]</b>
[You] Placing Cards on Bottom of Deck
RZ1|70|1|ST04-003|0|38|0|0|0|0|0|0|0
RZ1|CHK|70|1|39|5|1|5|9|1|0|0|1|0
RZ1|71|1|OP08-074|0|38|0|0|0|0|0|0|0
RZ1|CHK|71|1|39|5|1|5|9|1|0|0|1|0
RZ1|72|1|ST04-014|0|38|0|0|0|0|0|0|0
RZ1|CHK|72|1|39|5|1|5|9|1|0|0|1|0
RZ1|73|1|ST04-016|0|38|0|0|0|0|0|0|0
RZ1|CHK|73|1|39|5|1|5|9|1|0|0|1|0
[] Hand: [EB02-035,OP01-119,EB02-035,OP08-074,OP08-076]
[] Board: [OP11-070]
[] Trash: []
[] Life: 5
[] Hand: [OP02-121,OP03-078,OP02-106,ST06-017,ST19-003]
[] Trash: []
[] Board: []
[] Life: 5
[You] End Turn
[] Hand: [OP02-121,OP03-078,OP02-106,ST06-017,ST19-003]
[] Board: []
[] Trash: []
[] Life: 5
[] Hand: [EB02-035,OP01-119,EB02-035,OP08-074,OP08-076]
[] Trash: []
[] Board: [OP11-070]
[] Life: 5
[Opponent] Draw 1 Card
[] Drew card from deck: Sengoku ["ST19-002">ST19-002]
RZ1|74|2|ST19-002|0|39|1|5|1|1|0|0|0
RZ1|CHK|74|2|39|6|0|5|10|0|0|0|1|0
RZ1|75|2|Don|4|9|5|0|1|1|0|0|0
RZ1|CHK|75|2|39|6|0|5|9|1|0|0|1|0
RZ1|76|2|Don|4|8|5|1|1|1|0|0|0
RZ1|CHK|76|2|39|6|0|5|8|2|0|0|1|0
[Opponent] Draw 2 Don
RZ1|77|2|Don|5|0|9|9900|1|1|0|0|0
RZ1|CHK|77|2|39|6|0|5|8|1|0|0|1|1
[Opponent] Attach 1 Don to Smoker ["OP02-093">OP02-093] (1 Total)
[Opponent] Smoker ["OP02-093">OP02-093]: Charlotte Pudding ["OP11-070">OP11-070] Cost -1
[Opponent] Smoker ["OP02-093">OP02-093]: Buff Self 1000
RZ1|78|2|Don|5|0|5|0|1|1|1|0|0
RZ1|CHK|78|2|39|6|0|5|8|1|0|0|1|1
[Opponent] Deploy Marineford ["ST06-017">ST06-017]
RZ1|79|2|ST06-017|1|3|7|0|1|1|0|0|0
RZ1|CHK|79|2|39|5|0|5|8|1|0|1|1|1
[Opponent] Marineford ["ST06-017">ST06-017]: Charlotte Pudding ["OP11-070">OP11-070] Cost -1
Charlotte Pudding ["OP11-070">OP11-070] cost restored
[] Hand: [OP02-121,OP03-078,OP02-106,ST19-003,ST19-002]
[] Board: []
[] Trash: []
[] Life: 5
[] Hand: [EB02-035,OP01-119,EB02-035,OP08-074,OP08-076]
[] Trash: []
[] Board: [OP11-070]
[] Life: 5
[Opponent] End Turn
[] Hand: [EB02-035,OP01-119,EB02-035,OP08-074,OP08-076]
[] Board: [OP11-070]
[] Trash: []
[] Life: 5
[] Hand: [OP02-121,OP03-078,OP02-106,ST19-003,ST19-002]
[] Trash: []
[] Board: []
[] Life: 5
[You] Draw 1 Card
[] Drew card from deck: Tony Tony Chopper ["OP07-066">OP07-066]
RZ1|80|1|OP07-066|0|38|1|5|1|1|0|0|0
RZ1|CHK|80|1|38|6|1|5|9|1|0|0|1|0
RZ1|81|1|Don|4|8|5|1|1|1|0|0|0
RZ1|CHK|81|1|38|6|1|5|8|2|0|0|1|0
RZ1|82|1|Don|4|7|5|2|1|1|0|0|0
RZ1|CHK|82|1|38|6|1|5|7|3|0|0|1|0
[You] Draw 2 Don
[You] It's To Die For...! ["OP08-076">OP08-076]: Rest 3 Don
RZ1|83|1|Don|5|0|5|0|1|1|1|0|0
RZ1|CHK|83|1|38|6|1|5|7|3|0|0|1|0
RZ1|84|1|Don|5|1|5|1|1|1|1|0|0
RZ1|CHK|84|1|38|6|1|5|7|3|0|0|1|0
RZ1|85|1|Don|5|2|5|2|1|1|1|0|0
RZ1|CHK|85|1|38|6|1|5|7|3|0|0|1|0
RZ1|86|1|OP08-076|1|4|6|0|1|1|0|0|0
RZ1|CHK|86|1|38|5|1|5|7|3|1|0|1|0
It's To Die For...! ["OP08-076">OP08-076]: Draw 1 Don
RZ1|87|1|Don|4|6|5|3|1|1|0|0|0
RZ1|CHK|87|1|38|5|1|5|6|4|1|0|1|0
[You] Kaido ["ST04-001">ST04-001] attacking Smoker ["OP02-093">OP02-093]
Kaido ["ST04-001">ST04-001][5000] vs Smoker ["OP02-093">OP02-093][5000]
Smoker ["OP02-093">OP02-093] hit for 1 damage
RZ1|88|2|OP07-085|3|4|1|5|1|1|0|0|0
RZ1|CHK|88|2|39|6|0|4|8|1|0|1|1|1
RZ1|89|1|Don|5|3|9|0|1|1|0|0|0
RZ1|CHK|89|1|38|5|1|5|6|3|1|0|1|1
[You] Attach 1 Don to Charlotte Pudding ["OP11-070">OP11-070] (1 Total)
[] Hand: [EB02-035,OP01-119,EB02-035,OP08-074,OP07-066]
[] Board: [OP11-070]
[] Trash: [OP08-076]
[] Life: 5
[] Hand: [OP02-121,OP03-078,OP02-106,ST19-003,ST19-002,OP07-085]
[] Trash: []
[] Board: []
[] Life: 4
[You] End Turn
[] Hand: [OP02-121,OP03-078,OP02-106,ST19-003,ST19-002,OP07-085]
[] Board: []
[] Trash: []
[] Life: 4
[] Hand: [EB02-035,OP01-119,EB02-035,OP08-074,OP07-066]
[] Trash: [OP08-076]
[] Board: [OP11-070]
[] Life: 5
RZ1|90|2|Don|9|9900|5|0|1|1|1|0|0
RZ1|CHK|90|2|39|6|0|4|8|2|0|1|1|0
[Opponent] Draw 1 Card
[] Drew card from deck: Liberation ["OP10-098">OP10-098]
RZ1|91|2|OP10-098|0|38|1|6|1|1|0|0|0
RZ1|CHK|91|2|38|7|0|4|8|2|0|1|1|0
RZ1|92|2|Don|4|7|5|2|1|1|0|0|0
RZ1|CHK|92|2|38|7|0|4|7|3|0|1|1|0
RZ1|93|2|Don|4|6|5|3|1|1|0|0|0
RZ1|CHK|93|2|38|7|0|4|6|4|0|1|1|0
[Opponent] Draw 2 Don
[Opponent] Marineford ["ST06-017">ST06-017]: Rest Marineford ["ST06-017">ST06-017]
[Opponent] Marineford ["ST06-017">ST06-017]: Charlotte Pudding ["OP11-070">OP11-070] Cost -1
[Opponent] Smoker ["OP02-093">OP02-093] attacking Kaido ["ST04-001">ST04-001]
Smoker ["OP02-093">OP02-093][5000] vs Kaido ["ST04-001">ST04-001][5000]
Kaido ["ST04-001">ST04-001] hit for 1 damage
RZ1|94|1|OP11-072|3|4|1|5|1|1|0|0|0
RZ1|CHK|94|1|38|6|1|4|6|3|1|0|1|1
RZ1|95|2|Don|5|0|9|9900|1|1|0|0|0
RZ1|CHK|95|2|38|7|0|4|6|3|0|1|1|1
[Opponent] Attach 1 Don to Smoker ["OP02-093">OP02-093] (1 Total)
[Opponent] Smoker ["OP02-093">OP02-093]: Charlotte Pudding ["OP11-070">OP11-070] Cost -1
[Opponent] Smoker ["OP02-093">OP02-093]: Buff Self 1000
RZ1|96|2|Don|5|0|5|0|1|1|1|0|0
RZ1|CHK|96|2|38|7|0|4|6|3|0|1|1|1
[Opponent] Deploy Sengoku ["ST19-002">ST19-002]
RZ1|97|2|ST19-002|1|4|2|0|1|1|0|0|0
RZ1|CHK|97|2|38|6|1|4|6|3|0|1|1|1
RZ1|98|2|ST19-003|1|3|6|0|1|1|0|0|0
RZ1|CHK|98|2|38|5|1|4|6|3|1|1|1|1
[Opponent] Sengoku ["ST19-002">ST19-002]: Trash Tashigi ["ST19-003">ST19-003]
RZ1|99|2|OP02-106|1|2|6|1|1|1|0|0|0
RZ1|CHK|99|2|38|4|1|4|6|3|2|1|1|1
[Opponent] Sengoku ["ST19-002">ST19-002]: Trash Tsuru ["OP02-106">OP02-106]
[] Drew card from deck: Koby ["OP02-098">OP02-098]
RZ1|100|2|OP02-098|0|37|1|4|1|1|0|0|0
RZ1|CHK|100|2|37|5|1|4|6|3|2|1|1|1
[] Drew card from deck: Meteor Volcano ["OP02-119">OP02-119]
RZ1|101|2|OP02-119|0|36|1|5|1|1|0|0|0
RZ1|CHK|101|2|36|6|1|4|6|3|2|1|1|1
[] Drew card from deck: White Out ["ST06-016">ST06-016]
RZ1|102|2|ST06-016|0|35|1|6|1|1|0|0|0
RZ1|CHK|102|2|35|7|1|4|6|3|2|1|1|1
[Opponent] Sengoku ["ST19-002">ST19-002]: Draw 3 Card
RZ1|103|2|Don|5|1|5|1|1|1|1|0|0
RZ1|CHK|103|2|35|7|1|4|6|3|2|1|1|1
RZ1|104|2|Don|5|2|5|2|1|1|1|0|0
RZ1|CHK|104|2|35|7|1|4|6|3|2|1|1|1
RZ1|105|2|OP02-119|1|5|6|2|1|1|0|0|0
RZ1|CHK|105|2|35|6|1|4|6|3|3|1|1|1
[Opponent] Meteor Volcano ["OP02-119">OP02-119]: Destroy Charlotte Pudding ["OP11-070">OP11-070]
RZ1|106|1|Don|9|0|5|0|1|1|1|0|0
RZ1|CHK|106|1|38|6|1|4|6|4|1|0|1|0
RZ1|107|1|OP11-070|2|0|6|1|1|1|0|0|0
RZ1|CHK|107|1|38|6|0|4|6|4|2|0|1|0
[] Hand: [OP02-121,OP03-078,OP07-085,OP10-098,OP02-098,ST06-016]
[] Board: [ST19-002]
[] Trash: [ST19-003,OP02-106,OP02-119]
[] Life: 4
[] Hand: [EB02-035,OP01-119,EB02-035,OP08-074,OP07-066,OP11-072]
[] Trash: [OP08-076,OP11-070]
[] Board: []
[] Life: 4
[Opponent] End Turn
[] Hand: [EB02-035,OP01-119,EB02-035,OP08-074,OP07-066,OP11-072]
[] Board: []
[] Trash: [OP08-076,OP11-070]
[] Life: 4
[] Hand: [OP02-121,OP03-078,OP07-085,OP10-098,OP02-098,ST06-016]
[] Trash: [ST19-003,OP02-106,OP02-119]
[] Board: [ST19-002]
[] Life: 4
[You] Draw 1 Card
[] Drew card from deck: Charlotte Montdor ["OP11-072">OP11-072]
RZ1|108|1|OP11-072|0|37|1|6|1|1|0|0|0
RZ1|CHK|108|1|37|7|0|4|6|4|2|0|1|0
RZ1|109|1|Don|4|5|5|4|1|1|0|0|0
RZ1|CHK|109|1|37|7|0|4|5|5|2|0|1|0
RZ1|110|1|Don|4|4|5|5|1|1|0|0|0
RZ1|CHK|110|1|37|7|0|4|4|6|2|0|1|0
[You] Draw 2 Don
RZ1|111|1|Don|5|0|5|0|1|1|1|0|0
RZ1|CHK|111|1|37|7|0|4|4|6|2|0|1|0
RZ1|112|1|Don|5|1|5|1|1|1|1|0|0
RZ1|CHK|112|1|37|7|0|4|4|6|2|0|1|0
RZ1|113|1|Don|5|2|5|2|1|1|1|0|0
RZ1|CHK|113|1|37|7|0|4|4|6|2|0|1|0
RZ1|114|1|Don|5|3|5|3|1|1|1|0|0
RZ1|CHK|114|1|37|7|0|4|4|6|2|0|1|0
RZ1|115|1|Don|5|4|5|4|1|1|1|0|0
RZ1|CHK|115|1|37|7|0|4|4|6|2|0|1|0
[You] Deploy Sanji & Pudding ["EB02-035">EB02-035]
RZ1|116|1|EB02-035|1|0|2|0|1|1|0|0|0
RZ1|CHK|116|1|37|6|1|4|4|6|2|0|1|0
[You] Kaido ["ST04-001">ST04-001] attacking Smoker ["OP02-093">OP02-093]
Kaido ["ST04-001">ST04-001][5000] vs Smoker ["OP02-093">OP02-093][5000]
Smoker ["OP02-093">OP02-093] hit for 1 damage
RZ1|117|2|OP05-091|3|3|1|6|1|1|0|0|0
RZ1|CHK|117|2|35|7|1|3|6|3|3|1|1|1
[] Hand: [OP01-119,EB02-035,OP08-074,OP07-066,OP11-072,OP11-072]
[] Board: [EB02-035]
[] Trash: [OP08-076,OP11-070]
[] Life: 4
[] Hand: [OP02-121,OP03-078,OP07-085,OP10-098,OP02-098,ST06-016,OP05-091]
[] Trash: [ST19-003,OP02-106,OP02-119]
[] Board: [ST19-002]
[] Life: 3
[You] End Turn
[] Hand: [OP02-121,OP03-078,OP07-085,OP10-098,OP02-098,ST06-016,OP05-091]
[] Board: [ST19-002]
[] Trash: [ST19-003,OP02-106,OP02-119]
[] Life: 3
[] Hand: [OP01-119,EB02-035,OP08-074,OP07-066,OP11-072,OP11-072]
[] Trash: [OP08-076,OP11-070]
[] Board: [EB02-035]
[] Life: 4
RZ1|118|2|Don|9|9900|5|0|1|1|1|0|0
RZ1|CHK|118|2|35|7|1|3|6|4|3|1|1|0
[Opponent] Draw 1 Card
[] Drew card from deck: Sengoku ["EB02-044">EB02-044]
RZ1|119|2|EB02-044|0|34|1|7|1|1|0|0|0
RZ1|CHK|119|2|34|8|1|3|6|4|3|1|1|0
RZ1|120|2|Don|4|5|5|4|1|1|0|0|0
RZ1|CHK|120|2|34|8|1|3|5|5|3|1|1|0
RZ1|121|2|Don|4|4|5|5|1|1|0|0|0
RZ1|CHK|121|2|34|8|1|3|4|6|3|1|1|0
[Opponent] Draw 2 Don
[Opponent] Marineford ["ST06-017">ST06-017]: Rest Marineford ["ST06-017">ST06-017]
[Opponent] Marineford ["ST06-017">ST06-017]: Sanji & Pudding ["EB02-035">EB02-035] Cost -1
RZ1|122|2|Don|5|0|9|9900|1|1|0|0|0
RZ1|CHK|122|2|34|8|1|3|4|5|3|1|1|1
RZ1|123|2|Don|5|0|9|9901|1|1|0|0|0
RZ1|CHK|123|2|34|8|1|3|4|4|3|1|1|2
[Opponent] Attach 2 Don to Smoker ["OP02-093">OP02-093] (2 Total)
[Opponent] Smoker ["OP02-093">OP02-093]: Sanji & Pudding ["EB02-035">EB02-035] Cost -1
[Opponent] Smoker ["OP02-093">OP02-093] attacking Kaido ["ST04-001">ST04-001]
Smoker ["OP02-093">OP02-093][7000] vs Kaido ["ST04-001">ST04-001][5000]
Kaido ["ST04-001">ST04-001] hit for 1 damage
RZ1|124|1|OP07-066|3|3|1|6|1|1|0|0|0
RZ1|CHK|124|1|37|7|1|3|4|6|2|0|1|0
RZ1|125|2|Don|5|0|5|0|1|1|1|0|0
RZ1|CHK|125|2|34|8|1|3|4|4|3|1|1|2
RZ1|126|2|Don|5|1|5|1|1|1|1|0|0
RZ1|CHK|126|2|34|8|1|3|4|4|3|1|1|2
RZ1|127|2|Don|5|2|5|2|1|1|1|0|0
RZ1|CHK|127|2|34|8|1|3|4|4|3|1|1|2
[Opponent] Deploy Koby ["OP02-098">OP02-098]
RZ1|128|2|OP02-098|1|4|2|1|1|1|0|0|0
RZ1|CHK|128|2|34|7|2|3|4|4|3|1|1|2
Sanji & Pudding ["EB02-035">EB02-035] cost restored
[] Hand: [OP02-121,OP03-078,OP07-085,OP10-098,ST06-016,OP05-091,EB02-044]
[] Board: [ST19-002,OP02-098]
[] Trash: [ST19-003,OP02-106,OP02-119]
[] Life: 3
[] Hand: [OP01-119,EB02-035,OP08-074,OP07-066,OP11-072,OP11-072,OP07-066]
[] Trash: [OP08-076,OP11-070]
[] Board: [EB02-035]
[] Life: 3
[Opponent] End Turn
[] Hand: [OP01-119,EB02-035,OP08-074,OP07-066,OP11-072,OP11-072,OP07-066]
[] Board: [EB02-035]
[] Trash: [OP08-076,OP11-070]
[] Life: 3
[] Hand: [OP02-121,OP03-078,OP07-085,OP10-098,ST06-016,OP05-091,EB02-044]
[] Trash: [ST19-003,OP02-106,OP02-119]
[] Board: [ST19-002,OP02-098]
[] Life: 3
[You] Draw 1 Card
[] Drew card from deck: Blast Breath ["ST04-016">ST04-016]
RZ1|129|1|ST04-016|0|36|1|7|1|1|0|0|0
RZ1|CHK|129|1|36|8|1|3|4|6|2|0|1|0
RZ1|130|1|Don|4|3|5|6|1|1|0|0|0
RZ1|CHK|130|1|36|8|1|3|3|7|2|0|1|0
RZ1|131|1|Don|4|2|5|7|1|1|0|0|0
RZ1|CHK|131|1|36|8|1|3|2|8|2|0|1|0
[You] Draw 2 Don
RZ1|132|1|Don|5|0|5|0|1|1|1|0|0
RZ1|CHK|132|1|36|8|1|3|2|8|2|0|1|0
RZ1|133|1|Don|5|1|5|1|1|1|1|0|0
RZ1|CHK|133|1|36|8|1|3|2|8|2|0|1|0
RZ1|134|1|Don|5|2|5|2|1|1|1|0|0
RZ1|CHK|134|1|36|8|1|3|2|8|2|0|1|0
RZ1|135|1|Don|5|3|5|3|1|1|1|0|0
RZ1|CHK|135|1|36|8|1|3|2|8|2|0|1|0
RZ1|136|1|Don|5|4|5|4|1|1|1|0|0
RZ1|CHK|136|1|36|8|1|3|2|8|2|0|1|0
[You] Deploy Sanji & Pudding ["EB02-035">EB02-035]
RZ1|137|1|EB02-035|1|1|2|1|1|1|0|0|0
RZ1|CHK|137|1|36|7|2|3|2|8|2|0|1|0
[You] Kaido ["ST04-001">ST04-001] attacking Smoker ["OP02-093">OP02-093]
[Opponent] White Out ["ST06-016">ST06-016]: Activate Counter
[Opponent] White Out ["ST06-016">ST06-016]: Rest 1 Don
RZ1|138|2|Don|5|3|5|3|1|1|1|0|0
RZ1|CHK|138|2|34|7|2|3|4|4|3|1|1|2
RZ1|139|2|ST06-016|1|4|6|3|1|1|0|0|0
RZ1|CHK|139|2|34|6|2|3|4|4|4|1|1|2
[Opponent] White Out ["ST06-016">ST06-016]: Buff Smoker ["OP02-093">OP02-093] 2000 for the Combat
Kaido ["ST04-001">ST04-001][5000] vs Smoker ["OP02-093">OP02-093][7000]
Attack Fails
[You] Sanji & Pudding ["EB02-035">EB02-035] attacking Smoker ["OP02-093">OP02-093]
Sanji & Pudding ["EB02-035">EB02-035][7000] vs Smoker ["OP02-093">OP02-093][5000]
Smoker ["OP02-093">OP02-093] hit for 1 damage
RZ1|140|2|ST19-002|3|2|1|6|1|1|0|0|0
RZ1|CHK|140|2|34|7|2|2|4|4|4|1|1|2
RZ1|141|1|Don|5|5|5|5|1|1|1|0|0
RZ1|CHK|141|1|36|7|2|3|2|8|2|0|1|0
RZ1|142|1|Don|5|6|5|6|1|1|1|0|0
RZ1|CHK|142|1|36|7|2|3|2|8|2|0|1|0
RZ1|143|1|Don|5|7|5|7|1|1|1|0|0
RZ1|CHK|143|1|36|7|2|3|2|8|2|0|1|0
[You] Deploy Charlotte Montdor ["OP11-072">OP11-072]
RZ1|144|1|OP11-072|1|3|2|2|1|1|0|0|0
RZ1|CHK|144|1|36|6|3|3|2|8|2|0|1|0
[] Hand: [OP01-119,OP08-074,OP07-066,OP11-072,OP07-066,ST04-016]
[] Board: [EB02-035,EB02-035,OP11-072]
[] Trash: [OP08-076,OP11-070]
[] Life: 3
[] Hand: [OP02-121,OP03-078,OP07-085,OP10-098,OP05-091,EB02-044,ST19-002]
[] Trash: [ST19-003,OP02-106,OP02-119,ST06-016]
[] Board: [ST19-002,OP02-098]
[] Life: 2
[You] End Turn
[] Hand: [OP02-121,OP03-078,OP07-085,OP10-098,OP05-091,EB02-044,ST19-002]
[] Board: [ST19-002,OP02-098]
[] Trash: [ST19-003,OP02-106,OP02-119,ST06-016]
[] Life: 2
[] Hand: [OP01-119,OP08-074,OP07-066,OP11-072,OP07-066,ST04-016]
[] Trash: [OP08-076,OP11-070]
[] Board: [EB02-035,EB02-035,OP11-072]
[] Life: 3
RZ1|145|2|Don|9|9900|5|0|1|1|1|0|0
RZ1|CHK|145|2|34|7|2|2|4|5|4|1|1|1
RZ1|146|2|Don|9|9900|5|0|1|1|1|0|0
RZ1|CHK|146|2|34|7|2|2|4|6|4|1|1|0
[Opponent] Draw 1 Card
[] Drew card from deck: Tashigi ["ST06-006">ST06-006]
RZ1|147|2|ST06-006|0|33|1|7|1|1|0|0|0
RZ1|CHK|147|2|33|8|2|2|4|6|4|1|1|0
RZ1|148|2|Don|4|3|5|6|1|1|0|0|0
RZ1|CHK|148|2|33|8|2|2|3|7|4|1|1|0
RZ1|149|2|Don|4|2|5|7|1|1|0|0|0
RZ1|CHK|149|2|33|8|2|2|2|8|4|1|1|0
[Opponent] Draw 2 Don
RZ1|150|2|Don|5|0|9|9900|1|1|0|0|0
RZ1|CHK|150|2|33|8|2|2|2|7|4|1|1|1
RZ1|151|2|Don|5|0|9|9901|1|1|0|0|0
RZ1|CHK|151|2|33|8|2|2|2|6|4|1|1|2
[Opponent] Attach 2 Don to Smoker ["OP02-093">OP02-093] (2 Total)
[Opponent] Smoker ["OP02-093">OP02-093]: Sanji & Pudding ["EB02-035">EB02-035] Cost -1
[Opponent] Marineford ["ST06-017">ST06-017]: Rest Marineford ["ST06-017">ST06-017]
[Opponent] Marineford ["ST06-017">ST06-017]: Sanji & Pudding ["EB02-035">EB02-035] Cost -1
RZ1|152|2|Don|5|0|9|9902|1|1|0|0|0
RZ1|CHK|152|2|33|8|2|2|2|5|4|1|1|3
RZ1|153|2|Don|5|0|9|9903|1|1|0|0|0
RZ1|CHK|153|2|33|8|2|2|2|4|4|1|1|4
[Opponent] Attach 2 Don to Smoker ["OP02-093">OP02-093] (4 Total)
[Opponent] Smoker ["OP02-093">OP02-093] attacking Kaido ["ST04-001">ST04-001]
[You] Discard Tony Tony Chopper ["OP07-066">OP07-066] for Counter 1000
RZ1|154|1|OP07-066|1|2|6|2|1|1|0|0|0
RZ1|CHK|154|1|36|5|3|3|2|8|3|0|1|0
[You] Discard Tony Tony Chopper ["OP07-066">OP07-066] for Counter 1000
RZ1|155|1|OP07-066|1|3|6|3|1|1|0|0|0
RZ1|CHK|155|1|36|4|3|3|2|8|4|0|1|0
[You] Discard Black Maria ["OP08-074">OP08-074] for Counter 2000
RZ1|156|1|OP08-074|1|1|6|4|1|1|0|0|0
RZ1|CHK|156|1|36|3|3|3|2|8|5|0|1|0
[You] Discard Charlotte Montdor ["OP11-072">OP11-072] for Counter 2000
RZ1|157|1|OP11-072|1|1|6|5|1|1|0|0|0
RZ1|CHK|157|1|36|2|3|3|2|8|6|0|1|0
Smoker ["OP02-093">OP02-093][9000] vs Kaido ["ST04-001">ST04-001][11000]
Attack Fails
RZ1|158|2|Don|5|0|5|0|1|1|1|0|0
RZ1|CHK|158|2|33|8|2|2|2|4|4|1|1|4
[Opponent] Deploy Sengoku ["ST19-002">ST19-002]
RZ1|159|2|ST19-002|1|6|2|2|1|1|0|0|0
RZ1|CHK|159|2|33|7|3|2|2|4|4|1|1|4
RZ1|160|2|OP03-078|1|1|6|4|1|1|0|0|0
RZ1|CHK|160|2|33|6|3|2|2|4|5|1|1|4
[Opponent] Sengoku ["ST19-002">ST19-002]: Trash Issho ["OP03-078">OP03-078]
RZ1|161|2|ST06-006|1|5|6|5|1|1|0|0|0
RZ1|CHK|161|2|33|5|3|2|2|4|6|1|1|4
[Opponent] Sengoku ["ST19-002">ST19-002]: Trash Tashigi ["ST06-006">ST06-006]
[] Drew card from deck: Sengoku ["EB02-044">EB02-044]
RZ1|162|2|EB02-044|0|32|1|5|1|1|0|0|0
RZ1|CHK|162|2|32|6|3|2|2|4|6|1|1|4
[] Drew card from deck: Brannew ["OP03-089">OP03-089]
RZ1|163|2|OP03-089|0|31|1|6|1|1|0|0|0
RZ1|CHK|163|2|31|7|3|2|2|4|6|1|1|4
[] Drew card from deck: Six King Pistol ["OP03-097">OP03-097]
RZ1|164|2|OP03-097|0|30|1|7|1|1|0|0|0
RZ1|CHK|164|2|30|8|3|2|2|4|6|1|1|4
[Opponent] Sengoku ["ST19-002">ST19-002]: Draw 3 Card
RZ1|165|2|Don|5|1|9|100|1|1|0|0|0
RZ1|CHK|165|2|30|8|3|2|2|3|6|1|1|5
[Opponent] Attach 1 Don to Koby ["OP02-098">OP02-098] (1 Total)
[Opponent] Koby ["OP02-098">OP02-098] attacking Kaido ["ST04-001">ST04-001]
Koby ["OP02-098">OP02-098][5000] vs Kaido ["ST04-001">ST04-001][5000]
Kaido ["ST04-001">ST04-001] hit for 1 damage
RZ1|166|1|EB02-035|3|2|1|2|1|1|0|0|0
RZ1|CHK|166|1|36|3|3|2|2|8|6|0|1|0
RZ1|167|2|Don|5|1|5|1|1|1|1|0|0
RZ1|CHK|167|2|30|8|3|2|2|3|6|1|1|5
RZ1|168|2|Don|5|2|5|2|1|1|1|0|0
RZ1|CHK|168|2|30|8|3|2|2|3|6|1|1|5
[Opponent] Deploy Brannew ["OP03-089">OP03-089]
RZ1|169|2|OP03-089|1|6|2|3|1|1|0|0|0
RZ1|CHK|169|2|30|7|4|2|2|3|6|1|1|5
RZ1|170|2|OP02-110|0|29|1|7|1|1|0|0|0
RZ1|CHK|170|2|29|8|4|2|2|3|6|1|1|5
[Opponent] Brannew ["OP03-089">OP03-089]: <b>Reveal and Draw Hina ["OP02-110">OP02-110]</b>
[Opponent] Brannew ["OP03-089">OP03-089]: Trash 2 Remaining Cards
RZ1|171|2|ST19-003|0|28|6|6|1|1|0|0|0
RZ1|CHK|171|2|28|8|4|2|2|3|7|1|1|5
RZ1|172|2|ST06-006|0|27|6|7|1|1|0|0|0
RZ1|CHK|172|2|27|8|4|2|2|3|8|1|1|5
Sanji & Pudding ["EB02-035">EB02-035] cost restored
[] Hand: [OP02-121,OP07-085,OP10-098,OP05-091,EB02-044,EB02-044,OP03-097,OP02-110]
[] Board: [ST19-002,OP02-098,ST19-002,OP03-089]
[] Trash: [ST19-003,OP02-106,OP02-119,ST06-016,OP03-078,ST06-006,ST19-003,ST06-006]
[] Life: 2
[] Hand: [OP01-119,ST04-016,EB02-035]
[] Trash: [OP08-076,OP11-070,OP07-066,OP07-066,OP08-074,OP11-072]
[] Board: [EB02-035,EB02-035,OP11-072]
[] Life: 2
[Opponent] End Turn
[] Hand: [OP01-119,ST04-016,EB02-035]
[] Board: [EB02-035,EB02-035,OP11-072]
[] Trash: [OP08-076,OP11-070,OP07-066,OP07-066,OP08-074,OP11-072]
[] Life: 2
[] Hand: [OP02-121,OP07-085,OP10-098,OP05-091,EB02-044,EB02-044,OP03-097,OP02-110]
[] Trash: [ST19-003,OP02-106,OP02-119,ST06-016,OP03-078,ST06-006,ST19-003,ST06-006]
[] Board: [ST19-002,OP02-098,ST19-002,OP03-089]
[] Life: 2
[You] Draw 1 Card
[] Drew card from deck: Charlotte Linlin ["OP08-069">OP08-069]
RZ1|173|1|OP08-069|0|35|1|3|1|1|0|0|0
RZ1|CHK|173|1|35|4|3|2|2|8|6|0|1|0
RZ1|174|1|Don|4|1|5|8|1|1|0|0|0
RZ1|CHK|174|1|35|4|3|2|1|9|6|0|1|0
RZ1|175|1|Don|4|0|5|9|1|1|0|0|0
RZ1|CHK|175|1|35|4|3|2|0|10|6|0|1|0
[You] Draw 2 Don
RZ1|176|1|Don|5|0|5|0|1|1|1|0|0
RZ1|CHK|176|1|35|4|3|2|0|10|6|0|1|0
RZ1|177|1|Don|5|1|5|1|1|1|1|0|0
RZ1|CHK|177|1|35|4|3|2|0|10|6|0|1|0
RZ1|178|1|Don|5|2|5|2|1|1|1|0|0
RZ1|CHK|178|1|35|4|3|2|0|10|6|0|1|0
RZ1|179|1|Don|5|3|5|3|1|1|1|0|0
RZ1|CHK|179|1|35|4|3|2|0|10|6|0|1|0
RZ1|180|1|Don|5|4|5|4|1|1|1|0|0
RZ1|CHK|180|1|35|4|3|2|0|10|6|0|1|0
RZ1|181|1|Don|5|5|5|5|1|1|1|0|0
RZ1|CHK|181|1|35|4|3|2|0|10|6|0|1|0
RZ1|182|1|Don|5|6|5|6|1|1|1|0|0
RZ1|CHK|182|1|35|4|3|2|0|10|6|0|1|0
RZ1|183|1|Don|5|7|5|7|1|1|1|0|0
RZ1|CHK|183|1|35|4|3|2|0|10|6|0|1|0
RZ1|184|1|Don|5|8|5|8|1|1|1|0|0
RZ1|CHK|184|1|35|4|3|2|0|10|6|0|1|0
[You] Deploy Charlotte Linlin ["OP08-069">OP08-069]
RZ1|185|1|OP08-069|1|3|2|3|1|1|0|0|0
RZ1|CHK|185|1|35|3|4|2|0|10|6|0|1|0
RZ1|186|1|Don|5|9|9|9900|1|1|0|0|0
RZ1|CHK|186|1|35|3|4|2|0|9|6|0|1|1
[You] Attach 1 Don to Kaido ["ST04-001">ST04-001] (1 Total)
[You] Sanji & Pudding ["EB02-035">EB02-035] attacking Smoker ["OP02-093">OP02-093]
RZ1|187|2|OP10-098|1|2|6|8|1|1|0|0|0
RZ1|CHK|187|2|27|7|4|2|2|3|9|1|1|5
[Opponent] Trash Liberation ["OP10-098">OP10-098]
RZ1|188|2|OP03-097|1|5|6|9|1|1|0|0|0
RZ1|CHK|188|2|27|6|4|2|2|3|10|1|1|5
[Opponent] Six King Pistol ["OP03-097">OP03-097]: Counter 3000
[Opponent] Discard Rebecca ["OP05-091">OP05-091] for Counter 1000
RZ1|189|2|OP05-091|1|2|6|10|1|1|0|0|0
RZ1|CHK|189|2|27|5|4|2|2|3|11|1|1|5
[Opponent] Discard Sengoku ["EB02-044">EB02-044] for Counter 1000
RZ1|190|2|EB02-044|1|2|6|11|1|1|0|0|0
RZ1|CHK|190|2|27|4|4|2|2|3|12|1|1|5
[Opponent] Discard Sengoku ["EB02-044">EB02-044] for Counter 1000
RZ1|191|2|EB02-044|1|2|6|12|1|1|0|0|0
RZ1|CHK|191|2|27|3|4|2|2|3|13|1|1|5
Sanji & Pudding ["EB02-035">EB02-035][7000] vs Smoker ["OP02-093">OP02-093][11000]
Attack Fails
[You] Sanji & Pudding ["EB02-035">EB02-035] attacking Smoker ["OP02-093">OP02-093]
Sanji & Pudding ["EB02-035">EB02-035][7000] vs Smoker ["OP02-093">OP02-093][5000]
Smoker ["OP02-093">OP02-093] hit for 1 damage
RZ1|192|2|ST06-016|3|1|1|3|1|1|0|0|0
RZ1|CHK|192|2|27|4|4|1|2|3|13|1|1|5
[You] Kaido ["ST04-001">ST04-001] attacking Smoker ["OP02-093">OP02-093]
Kaido ["ST04-001">ST04-001][6000] vs Smoker ["OP02-093">OP02-093][5000]
Smoker ["OP02-093">OP02-093] hit for 1 damage
RZ1|193|2|OP03-089|3|0|1|4|1|1|0|0|0
RZ1|CHK|193|2|27|5|4|0|2|3|13|1|1|5
[You] Charlotte Montdor ["OP11-072">OP11-072] attacking Koby ["OP02-098">OP02-098]
[Opponent] Discard Hina ["OP02-110">OP02-110] for Counter 1000
RZ1|194|2|OP02-110|1|2|6|13|1|1|0|0|0
RZ1|CHK|194|2|27|4|4|0|2|3|14|1|1|5
Charlotte Montdor ["OP11-072">OP11-072][4000] vs Koby ["OP02-098">OP02-098][5000]
Attack Fails
[] Hand: [OP01-119,ST04-016,EB02-035]
[] Board: [EB02-035,EB02-035,OP11-072,OP08-069]
[] Trash: [OP08-076,OP11-070,OP07-066,OP07-066,OP08-074,OP11-072]
[] Life: 2
[] Hand: [OP02-121,OP07-085,ST06-016,OP03-089]
[] Trash: [ST19-003,OP02-106,OP02-119,ST06-016,OP03-078,ST06-006,ST19-003,ST06-006,OP10-098,OP03-097,OP05-091,EB02-044,EB02-044,OP02-110]
[] Board: [ST19-002,OP02-098,ST19-002,OP03-089]
[] Life: 0
[You] End Turn
[] Hand: [OP02-121,OP07-085,ST06-016,OP03-089]
[] Board: [ST19-002,OP02-098,ST19-002,OP03-089]
[] Trash: [ST19-003,OP02-106,OP02-119,ST06-016,OP03-078,ST06-006,ST19-003,ST06-006,OP10-098,OP03-097,OP05-091,EB02-044,EB02-044,OP02-110]
[] Life: 0
[] Hand: [OP01-119,ST04-016,EB02-035]
[] Trash: [OP08-076,OP11-070,OP07-066,OP07-066,OP08-074,OP11-072]
[] Board: [EB02-035,EB02-035,OP11-072,OP08-069]
[] Life: 2
RZ1|195|2|Don|9|9900|5|0|1|1|1|0|0
RZ1|CHK|195|2|27|4|4|0|2|4|14|1|1|4
RZ1|196|2|Don|9|9900|5|0|1|1|1|0|0
RZ1|CHK|196|2|27|4|4|0|2|5|14|1|1|3
RZ1|197|2|Don|9|9900|5|0|1|1|1|0|0
RZ1|CHK|197|2|27|4|4|0|2|6|14|1|1|2
RZ1|198|2|Don|9|9900|5|0|1|1|1|0|0
RZ1|CHK|198|2|27|4|4|0|2|7|14|1|1|1
RZ1|199|2|Don|9|100|5|0|1|1|1|0|0
RZ1|CHK|199|2|27|4|4|0|2|8|14|1|1|0
[Opponent] Draw 1 Card
[] Drew card from deck: Hina ["ST06-008">ST06-008]
RZ1|200|2|ST06-008|0|26|1|4|1|1|0|0|0
RZ1|CHK|200|2|26|5|4|0|2|8|14|1|1|0
RZ1|201|2|Don|4|1|5|8|1|1|0|0|0
RZ1|CHK|201|2|26|5|4|0|1|9|14|1|1|0
RZ1|202|2|Don|4|0|5|9|1|1|0|0|0
RZ1|CHK|202|2|26|5|4|0|0|10|14|1|1|0
[Opponent] Draw 2 Don
RZ1|203|2|Don|5|0|5|0|1|1|1|0|0
RZ1|CHK|203|2|26|5|4|0|0|10|14|1|1|0
RZ1|204|2|Don|5|1|5|1|1|1|1|0|0
RZ1|CHK|204|2|26|5|4|0|0|10|14|1|1|0
RZ1|205|2|Don|5|2|5|2|1|1|1|0|0
RZ1|CHK|205|2|26|5|4|0|0|10|14|1|1|0
RZ1|206|2|Don|5|3|5|3|1|1|1|0|0
RZ1|CHK|206|2|26|5|4|0|0|10|14|1|1|0
RZ1|207|2|Don|5|4|5|4|1|1|1|0|0
RZ1|CHK|207|2|26|5|4|0|0|10|14|1|1|0
RZ1|208|2|Don|5|5|5|5|1|1|1|0|0
RZ1|CHK|208|2|26|5|4|0|0|10|14|1|1|0
RZ1|209|2|Don|5|6|5|6|1|1|1|0|0
RZ1|CHK|209|2|26|5|4|0|0|10|14|1|1|0
RZ1|210|2|Don|5|7|5|7|1|1|1|0|0
RZ1|CHK|210|2|26|5|4|0|0|10|14|1|1|0
RZ1|211|2|Don|5|8|5|8|1|1|1|0|0
RZ1|CHK|211|2|26|5|4|0|0|10|14|1|1|0
[Opponent] Deploy Stussy ["OP07-085">OP07-085]
RZ1|212|2|OP07-085|1|1|2|4|1|1|0|0|0
RZ1|CHK|212|2|26|4|5|0|0|10|14|1|1|0
[Opponent] Marineford ["ST06-017">ST06-017]: Rest Marineford ["ST06-017">ST06-017]
[Opponent] Marineford ["ST06-017">ST06-017]: Charlotte Linlin ["OP08-069">OP08-069] Cost -1
[Opponent] Smoker ["OP02-093">OP02-093] attacking Kaido ["ST04-001">ST04-001]
Smoker ["OP02-093">OP02-093][5000] vs Kaido ["ST04-001">ST04-001][5000]
Kaido ["ST04-001">ST04-001] hit for 1 damage
RZ1|213|1|ST04-005|3|1|1|3|1|1|0|0|0
RZ1|CHK|213|1|35|4|4|1|0|9|6|0|1|1
RZ1|214|2|Don|5|9|9|100|1|1|0|0|0
RZ1|CHK|214|2|26|4|5|0|0|9|14|1|1|1
[Opponent] Attach 1 Don to Koby ["OP02-098">OP02-098] (1 Total)
[Opponent] Koby ["OP02-098">OP02-098] attacking Kaido ["ST04-001">ST04-001]
[You] Discard Queen ["ST04-005">ST04-005] for Counter 1000
RZ1|215|1|ST04-005|1|3|6|6|1|1|0|0|0
RZ1|CHK|215|1|35|3|4|1|0|9|7|0|1|1
Koby ["OP02-098">OP02-098][5000] vs Kaido ["ST04-001">ST04-001][6000]
Attack Fails
Charlotte Linlin ["OP08-069">OP08-069] cost restored
[] Hand: [OP02-121,ST06-016,OP03-089,ST06-008]
[] Board: [ST19-002,OP02-098,ST19-002,OP03-089,OP07-085]
[] Trash: [ST19-003,OP02-106,OP02-119,ST06-016,OP03-078,ST06-006,ST19-003,ST06-006,OP10-098,OP03-097,OP05-091,EB02-044,EB02-044,OP02-110]
[] Life: 0
[] Hand: [OP01-119,ST04-016,EB02-035]
[] Trash: [OP08-076,OP11-070,OP07-066,OP07-066,OP08-074,OP11-072,ST04-005]
[] Board: [EB02-035,EB02-035,OP11-072,OP08-069]
[] Life: 1
[Opponent] End Turn
[] Hand: [OP01-119,ST04-016,EB02-035]
[] Board: [EB02-035,EB02-035,OP11-072,OP08-069]
[] Trash: [OP08-076,OP11-070,OP07-066,OP07-066,OP08-074,OP11-072,ST04-005]
[] Life: 1
[] Hand: [OP02-121,ST06-016,OP03-089,ST06-008]
[] Trash: [ST19-003,OP02-106,OP02-119,ST06-016,OP03-078,ST06-006,ST19-003,ST06-006,OP10-098,OP03-097,OP05-091,EB02-044,EB02-044,OP02-110]
[] Board: [ST19-002,OP02-098,ST19-002,OP03-089,OP07-085]
[] Life: 0
RZ1|216|1|Don|9|9900|5|0|1|1|1|0|0
RZ1|CHK|216|1|35|3|4|1|0|10|7|0|1|0
[You] Draw 1 Card
[] Drew card from deck: Tony Tony Chopper ["OP07-066">OP07-066]
RZ1|217|1|OP07-066|0|34|1|3|1|1|0|0|0
RZ1|CHK|217|1|34|4|4|1|0|10|7|0|1|0
[You] Kaido ["ST04-001">ST04-001] attacking Smoker ["OP02-093">OP02-093]
[Opponent] Discard Brannew ["OP03-089">OP03-089] for Counter 1000
RZ1|218|2|OP03-089|1|2|6|14|1|1|0|0|0
RZ1|CHK|218|2|26|3|5|0|0|9|15|1|1|1
Kaido ["ST04-001">ST04-001][5000] vs Smoker ["OP02-093">OP02-093][6000]
Attack Fails
[You] Sanji & Pudding ["EB02-035">EB02-035] attacking Smoker ["OP02-093">OP02-093]
Sanji & Pudding ["EB02-035">EB02-035][7000] vs Smoker ["OP02-093">OP02-093][5000]
Smoker ["OP02-093">OP02-093] hit for 1 damage
[Opponent] <b>Downloaded the Combat Log!</b>
GameOver