Version is 1.41b.51
[You] Leader is Krieg ["OP15-001">OP15-001]
RZ1|HDR|1.41b|2|RZ1
RZ1|PLY|1||OP15-001
RZ1|PLY|2||
[Opponent] Leader is Jinbe ["OP14-040">OP14-040]
RZ1|1|2|OP14-042|0|7|0|0|0|0|0|0|0
RZ1|CHK|1|2|50|0|0|0|10|0|0|0|1|0
RZ1|2|2|OP07-040|0|25|0|1|0|0|0|0|0
RZ1|CHK|2|2|50|0|0|0|10|0|0|0|1|0
RZ1|3|2|OP14-049|0|45|0|2|0|0|0|0|0
RZ1|CHK|3|2|50|0|0|0|10|0|0|0|1|0
RZ1|4|2|ST17-002|0|36|0|3|0|0|0|0|0
RZ1|CHK|4|2|50|0|0|0|10|0|0|0|1|0
RZ1|5|2|EB03-026|0|37|0|4|0|0|0|0|0
RZ1|CHK|5|2|50|0|0|0|10|0|0|0|1|0
RZ1|6|2|OP08-047|0|43|0|5|0|0|0|0|0
RZ1|CHK|6|2|50|0|0|0|10|0|0|0|1|0
RZ1|7|2|OP07-047|0|35|0|6|0|0|0|0|0
RZ1|CHK|7|2|50|0|0|0|10|0|0|0|1|0
RZ1|8|2|EB01-023|0|28|0|7|0|0|0|0|0
RZ1|CHK|8|2|50|0|0|0|10|0|0|0|1|0
RZ1|9|2|ST17-002|0|36|0|8|0|0|0|0|0
RZ1|CHK|9|2|50|0|0|0|10|0|0|0|1|0
RZ1|10|2|OP07-040|0|30|0|9|0|0|0|0|0
RZ1|CHK|10|2|50|0|0|0|10|0|0|0|1|0
RZ1|11|2|OP14-049|0|44|0|10|0|0|0|0|0
RZ1|CHK|11|2|50|0|0|0|10|0|0|0|1|0
RZ1|12|2|OP14-042|0|16|0|11|0|0|0|0|0
RZ1|CHK|12|2|50|0|0|0|10|0|0|0|1|0
RZ1|13|2|ST17-002|0|39|0|12|0|0|0|0|0
RZ1|CHK|13|2|50|0|0|0|10|0|0|0|1|0
RZ1|14|2|OP15-047|0|29|0|14|0|0|0|0|0
RZ1|CHK|14|2|50|0|0|0|10|0|0|0|1|0
RZ1|15|2|OP15-052|0|24|0|15|0|0|0|0|0
RZ1|CHK|15|2|50|0|0|0|10|0|0|0|1|0
RZ1|16|2|OP15-052|0|26|0|16|0|0|0|0|0
RZ1|CHK|16|2|50|0|0|0|10|0|0|0|1|0
RZ1|17|2|OP07-040|0|33|0|17|0|0|0|0|0
RZ1|CHK|17|2|50|0|0|0|10|0|0|0|1|0
RZ1|18|2|OP08-047|0|42|0|18|0|0|0|0|0
RZ1|CHK|18|2|50|0|0|0|10|0|0|0|1|0
RZ1|19|2|OP07-040|0|35|0|19|0|0|0|0|0
RZ1|CHK|19|2|50|0|0|0|10|0|0|0|1|0
RZ1|20|2|OP14-050|0|28|0|20|0|0|0|0|0
RZ1|CHK|20|2|50|0|0|0|10|0|0|0|1|0
RZ1|21|2|OP14-042|0|24|0|21|0|0|0|0|0
RZ1|CHK|21|2|50|0|0|0|10|0|0|0|1|0
RZ1|22|2|OP14-050|0|28|0|22|0|0|0|0|0
RZ1|CHK|22|2|50|0|0|0|10|0|0|0|1|0
RZ1|23|2|OP07-046|0|25|0|23|0|0|0|0|0
RZ1|CHK|23|2|50|0|0|0|10|0|0|0|1|0
RZ1|24|2|OP14-042|0|26|0|24|0|0|0|0|0
RZ1|CHK|24|2|50|0|0|0|10|0|0|0|1|0
RZ1|25|2|EB01-023|0|33|0|25|0|0|0|0|0
RZ1|CHK|25|2|50|0|0|0|10|0|0|0|1|0
RZ1|26|2|OP08-047|0|44|0|26|0|0|0|0|0
RZ1|CHK|26|2|50|0|0|0|10|0|0|0|1|0
RZ1|27|2|OP07-046|0|28|0|27|0|0|0|0|0
RZ1|CHK|27|2|50|0|0|0|10|0|0|0|1|0
RZ1|28|2|OP07-051|0|42|0|28|0|0|0|0|0
RZ1|CHK|28|2|50|0|0|0|10|0|0|0|1|0
RZ1|29|2|OP07-045|0|39|0|29|0|0|0|0|0
RZ1|CHK|29|2|50|0|0|0|10|0|0|0|1|0
RZ1|30|2|OP14-049|0|45|0|30|0|0|0|0|0
RZ1|CHK|30|2|50|0|0|0|10|0|0|0|1|0
RZ1|31|2|ST17-003|0|36|0|31|0|0|0|0|0
RZ1|CHK|31|2|50|0|0|0|10|0|0|0|1|0
RZ1|32|2|OP07-045|0|41|0|32|0|0|0|0|0
RZ1|CHK|32|2|50|0|0|0|10|0|0|0|1|0
RZ1|33|2|EB01-023|0|40|0|33|0|0|0|0|0
RZ1|CHK|33|2|50|0|0|0|10|0|0|0|1|0
RZ1|34|2|OP15-047|0|39|0|34|0|0|0|0|0
RZ1|CHK|34|2|50|0|0|0|10|0|0|0|1|0
RZ1|35|2|EB01-023|0|40|0|35|0|0|0|0|0
RZ1|CHK|35|2|50|0|0|0|10|0|0|0|1|0
RZ1|36|2|OP07-057|0|48|0|37|0|0|0|0|0
RZ1|CHK|36|2|50|0|0|0|10|0|0|0|1|0
RZ1|37|2|OP06-058|0|49|0|38|0|0|0|0|0
RZ1|CHK|37|2|50|0|0|0|10|0|0|0|1|0
RZ1|38|2|OP07-057|0|49|0|39|0|0|0|0|0
RZ1|CHK|38|2|50|0|0|0|10|0|0|0|1|0
RZ1|39|2|ST17-002|0|46|0|40|0|0|0|0|0
RZ1|CHK|39|2|50|0|0|0|10|0|0|0|1|0
RZ1|40|2|OP14-050|0|42|0|41|0|0|0|0|0
RZ1|CHK|40|2|50|0|0|0|10|0|0|0|1|0
RZ1|41|2|OP07-051|0|47|0|42|0|0|0|0|0
RZ1|CHK|41|2|50|0|0|0|10|0|0|0|1|0
RZ1|42|2|OP15-052|0|45|0|43|0|0|0|0|0
RZ1|CHK|42|2|50|0|0|0|10|0|0|0|1|0
RZ1|43|2|OP07-045|0|46|0|44|0|0|0|0|0
RZ1|CHK|43|2|50|0|0|0|10|0|0|0|1|0
RZ1|44|2|OP15-052|0|46|0|45|0|0|0|0|0
RZ1|CHK|44|2|50|0|0|0|10|0|0|0|1|0
RZ1|45|2|OP14-049|0|49|0|46|0|0|0|0|0
RZ1|CHK|45|2|50|0|0|0|10|0|0|0|1|0
RZ1|46|2|OP08-047|0|49|0|47|0|0|0|0|0
RZ1|CHK|46|2|50|0|0|0|10|0|0|0|1|0
RZ1|47|2|OP07-045|0|49|0|48|0|0|0|0|0
RZ1|CHK|47|2|50|0|0|0|10|0|0|0|1|0
[] Drew card from deck: Koushirou ["OP12-027">OP12-027]
RZ1|48|1|OP12-027|0|49|1|0|1|1|0|0|0
RZ1|CHK|48|1|49|1|0|0|10|0|0|0|1|0
[] Drew card from deck: Koby ["OP15-009">OP15-009]
RZ1|49|1|OP15-009|0|48|1|1|1|1|0|0|0
RZ1|CHK|49|1|48|2|0|0|10|0|0|0|1|0
[] Drew card from deck: Strive to Surpass Me, Roronoa Zoro! ["OP14-036">OP14-036]
RZ1|50|1|OP14-036|0|47|1|2|1|1|0|0|0
RZ1|CHK|50|1|47|3|0|0|10|0|0|0|1|0
[] Drew card from deck: I Know You're Strong... So I'll Go All Out ["OP13-040">OP13-040]
RZ1|51|1|OP13-040|0|46|1|3|1|1|0|0|0
RZ1|CHK|51|1|46|4|0|0|10|0|0|0|1|0
[] Drew card from deck: The Outcome Will Tell Us Who's Strong and Who's Weak ["OP15-037">OP15-037]
RZ1|52|1|OP15-037|0|45|1|4|1|1|0|0|0
RZ1|CHK|52|1|45|5|0|0|10|0|0|0|1|0
[] Drew card from deck: Chew ["OP14-050">OP14-050]
RZ1|53|2|OP14-050|0|49|1|0|1|1|0|0|0
RZ1|CHK|53|2|49|1|0|0|10|0|0|0|1|0
[] Drew card from deck: Jinbe ["OP07-045">OP07-045]
RZ1|54|2|OP07-045|0|48|1|1|1|1|0|0|0
RZ1|CHK|54|2|48|2|0|0|10|0|0|0|1|0
[] Drew card from deck: Jozu ["OP08-047">OP08-047]
RZ1|55|2|OP08-047|0|47|1|2|1|1|0|0|0
RZ1|CHK|55|2|47|3|0|0|10|0|0|0|1|0
[] Drew card from deck: Jinbe ["OP14-049">OP14-049]
RZ1|56|2|OP14-049|0|46|1|3|1|1|0|0|0
RZ1|CHK|56|2|46|4|0|0|10|0|0|0|1|0
[] Drew card from deck: Leo ["OP15-052">OP15-052]
RZ1|57|2|OP15-052|0|45|1|4|1|1|0|0|0
RZ1|CHK|57|2|45|5|0|0|10|0|0|0|1|0
RZ1|58|1|OP15-007|0|44|3|0|1|0|0|0|0
RZ1|CHK|58|1|44|5|0|1|10|0|0|0|1|0
RZ1|59|1|OP15-026|0|43|3|1|1|0|0|0|0
RZ1|CHK|59|1|43|5|0|2|10|0|0|0|1|0
RZ1|60|1|OP15-023|0|42|3|2|1|0|0|0|0
RZ1|CHK|60|1|42|5|0|3|10|0|0|0|1|0
RZ1|61|1|OP13-040|0|41|3|3|1|0|0|0|0
RZ1|CHK|61|1|41|5|0|4|10|0|0|0|1|0
RZ1|62|2|OP07-045|0|44|3|0|0|1|0|0|0
RZ1|CHK|62|2|44|5|0|1|10|0|0|0|1|0
RZ1|63|2|OP15-052|0|43|3|1|0|1|0|0|0
RZ1|CHK|63|2|43|5|0|2|10|0|0|0|1|0
RZ1|64|2|OP07-051|0|42|3|2|0|1|0|0|0
RZ1|CHK|64|2|42|5|0|3|10|0|0|0|1|0
RZ1|65|2|OP14-050|0|41|3|3|0|1|0|0|0
RZ1|CHK|65|2|41|5|0|4|10|0|0|0|1|0
RZ1|66|2|ST17-002|0|40|3|4|0|1|0|0|0
RZ1|CHK|66|2|40|5|0|5|10|0|0|0|1|0
[] Hand: [OP12-027,OP15-009,OP14-036,OP13-040,OP15-037]
[] Board: []
[] Trash: []
[] Life: 4
[] Hand: [OP14-050,OP07-045,OP08-047,OP14-049,OP15-052]
[] Trash: []
[] Board: []
[] Life: 5
RZ1|67|1|Don|4|9|5|0|1|1|0|0|0
RZ1|CHK|67|1|41|5|0|4|9|1|0|0|1|0
[You] Draw 1 Don
[] Hand: [OP12-027,OP15-009,OP14-036,OP13-040,OP15-037]
[] Board: []
[] Trash: []
[] Life: 4
[] Hand: [OP14-050,OP07-045,OP08-047,OP14-049,OP15-052]
[] Trash: []
[] Board: []
[] Life: 5
[You] End Turn
[] Hand: [OP14-050,OP07-045,OP08-047,OP14-049,OP15-052]
[] Board: []
[] Trash: []
[] Life: 5
[] Hand: [OP12-027,OP15-009,OP14-036,OP13-040,OP15-037]
[] Trash: []
[] Board: []
[] Life: 4
[Opponent] Quits!