Version is 1.43a.1
[You] Leader is Krieg ["OP15-001">OP15-001]
[Opponent] Leader is Monkey D. Luffy ["OP13-001">OP13-001]
RZ1|2|2|OP05-038|0|45|0|0|0|0|0|0|0
RZ1|CHK|2|2|50|0|0|0|10|0|0|0|1|0
RZ1|3|2|OP05-038|0|45|0|1|0|0|0|0|0
RZ1|CHK|3|2|50|0|0|0|10|0|0|0|1|0
RZ1|4|2|OP01-016|0|4|0|2|0|0|0|0|0
RZ1|CHK|4|2|50|0|0|0|10|0|0|0|1|0
RZ1|5|2|ST31-005|0|49|0|3|0|0|0|0|0
RZ1|CHK|5|2|50|0|0|0|10|0|0|0|1|0
RZ1|6|2|OP13-040|0|44|0|4|0|0|0|0|0
RZ1|CHK|6|2|50|0|0|0|10|0|0|0|1|0
RZ1|7|2|OP05-038|0|45|0|5|0|0|0|0|0
RZ1|CHK|7|2|50|0|0|0|10|0|0|0|1|0
RZ1|8|2|ST31-005|0|47|0|6|0|0|0|0|0
RZ1|CHK|8|2|50|0|0|0|10|0|0|0|1|0
RZ1|9|2|EB04-007|0|15|0|7|0|0|0|0|0
RZ1|CHK|9|2|50|0|0|0|10|0|0|0|1|0
RZ1|10|2|OP14-031|0|33|0|8|0|0|0|0|0
RZ1|CHK|10|2|50|0|0|0|10|0|0|0|1|0
RZ1|11|2|OP13-027|0|39|0|9|0|0|0|0|0
RZ1|CHK|11|2|50|0|0|0|10|0|0|0|1|0
RZ1|12|2|EB02-017|0|24|0|10|0|0|0|0|0
RZ1|CHK|12|2|50|0|0|0|10|0|0|0|1|0
RZ1|13|2|OP13-118|0|41|0|11|0|0|0|0|0
RZ1|CHK|13|2|50|0|0|0|10|0|0|0|1|0
RZ1|14|2|OP13-027|0|39|0|12|0|0|0|0|0
RZ1|CHK|14|2|50|0|0|0|10|0|0|0|1|0
RZ1|15|2|OP01-016|0|15|0|13|0|0|0|0|0
RZ1|CHK|15|2|50|0|0|0|10|0|0|0|1|0
RZ1|16|2|EB04-007|0|18|0|14|0|0|0|0|0
RZ1|CHK|16|2|50|0|0|0|10|0|0|0|1|0
RZ1|17|2|OP14-022|0|34|0|15|0|0|0|0|0
RZ1|CHK|17|2|50|0|0|0|10|0|0|0|1|0
RZ1|18|2|OP13-027|0|39|0|16|0|0|0|0|0
RZ1|CHK|18|2|50|0|0|0|10|0|0|0|1|0
RZ1|19|2|ST31-005|0|48|0|17|0|0|0|0|0
RZ1|CHK|19|2|50|0|0|0|10|0|0|0|1|0
RZ1|20|2|OP01-016|0|19|0|18|0|0|0|0|0
RZ1|CHK|20|2|50|0|0|0|10|0|0|0|1|0
RZ1|21|2|EB02-017|0|27|0|19|0|0|0|0|0
RZ1|CHK|21|2|50|0|0|0|10|0|0|0|1|0
RZ1|22|2|OP14-022|0|36|0|21|0|0|0|0|0
RZ1|CHK|22|2|50|0|0|0|10|0|0|0|1|0
RZ1|23|2|OP10-011|0|23|0|22|0|0|0|0|0
RZ1|CHK|23|2|50|0|0|0|10|0|0|0|1|0
RZ1|24|2|OP13-118|0|43|0|23|0|0|0|0|0
RZ1|CHK|24|2|50|0|0|0|10|0|0|0|1|0
RZ1|25|2|OP13-040|0|45|0|24|0|0|0|0|0
RZ1|CHK|25|2|50|0|0|0|10|0|0|0|1|0
RZ1|26|2|OP14-031|0|42|0|25|0|0|0|0|0
RZ1|CHK|26|2|50|0|0|0|10|0|0|0|1|0
RZ1|27|2|OP16-004|0|30|0|26|0|0|0|0|0
RZ1|CHK|27|2|50|0|0|0|10|0|0|0|1|0
RZ1|28|2|EB02-017|0|32|0|27|0|0|0|0|0
RZ1|CHK|28|2|50|0|0|0|10|0|0|0|1|0
RZ1|29|2|OP13-027|0|43|0|28|0|0|0|0|0
RZ1|CHK|29|2|50|0|0|0|10|0|0|0|1|0
RZ1|30|2|OP16-004|0|33|0|29|0|0|0|0|0
RZ1|CHK|30|2|50|0|0|0|10|0|0|0|1|0
RZ1|31|2|OP14-031|0|43|0|30|0|0|0|0|0
RZ1|CHK|31|2|50|0|0|0|10|0|0|0|1|0
RZ1|32|2|OP15-032|0|45|0|31|0|0|0|0|0
RZ1|CHK|32|2|50|0|0|0|10|0|0|0|1|0
RZ1|33|2|OP13-040|0|47|0|32|0|0|0|0|0
RZ1|CHK|33|2|50|0|0|0|10|0|0|0|1|0
RZ1|34|2|OP16-004|0|36|0|33|0|0|0|0|0
RZ1|CHK|34|2|50|0|0|0|10|0|0|0|1|0
RZ1|35|2|OP15-035|0|38|0|34|0|0|0|0|0
RZ1|CHK|35|2|50|0|0|0|10|0|0|0|1|0
RZ1|36|2|OP13-040|0|47|0|35|0|0|0|0|0
RZ1|CHK|36|2|50|0|0|0|10|0|0|0|1|0
RZ1|37|2|OP13-118|0|47|0|36|0|0|0|0|0
RZ1|CHK|37|2|50|0|0|0|10|0|0|0|1|0
RZ1|38|2|EB02-017|0|40|0|37|0|0|0|0|0
RZ1|CHK|38|2|50|0|0|0|10|0|0|0|1|0
RZ1|39|2|OP14-022|0|47|0|38|0|0|0|0|0
RZ1|CHK|39|2|50|0|0|0|10|0|0|0|1|0
RZ1|40|2|OP15-035|0|42|0|39|0|0|0|0|0
RZ1|CHK|40|2|50|0|0|0|10|0|0|0|1|0
RZ1|41|2|ST31-005|0|49|0|40|0|0|0|0|0
RZ1|CHK|41|2|50|0|0|0|10|0|0|0|1|0
RZ1|42|2|OP13-037|0|45|0|41|0|0|0|0|0
RZ1|CHK|42|2|50|0|0|0|10|0|0|0|1|0
RZ1|43|2|OP15-035|0|45|0|42|0|0|0|0|0
RZ1|CHK|43|2|50|0|0|0|10|0|0|0|1|0
RZ1|44|2|OP14-022|0|48|0|44|0|0|0|0|0
RZ1|CHK|44|2|50|0|0|0|10|0|0|0|1|0
RZ1|45|2|OP05-038|0|49|0|48|0|0|0|0|0
RZ1|CHK|45|2|50|0|0|0|10|0|0|0|1|0
[] Drew card from deck: Koby ["OP15-009">OP15-009]
RZ1|46|1|OP15-009|0|49|1|0|1|1|0|0|0
RZ1|CHK|46|1|49|1|0|0|10|0|0|0|1|0
[] Drew card from deck: Dracule Mihawk ["OP15-027">OP15-027]
RZ1|47|1|OP15-027|0|48|1|1|1|1|0|0|0
RZ1|CHK|47|1|48|2|0|0|10|0|0|0|1|0
[] Drew card from deck: Jango ["OP15-026">OP15-026]
RZ1|48|1|OP15-026|0|47|1|2|1|1|0|0|0
RZ1|CHK|48|1|47|3|0|0|10|0|0|0|1|0
[] Drew card from deck: Koushirou ["OP12-027">OP12-027]
RZ1|49|1|OP12-027|0|46|1|3|1|1|0|0|0
RZ1|CHK|49|1|46|4|0|0|10|0|0|0|1|0
[] Drew card from deck: Krieg ["OP15-008">OP15-008]
RZ1|50|1|OP15-008|0|45|1|4|1|1|0|0|0
RZ1|CHK|50|1|45|5|0|0|10|0|0|0|1|0
[] Drew card from deck: Roronoa Zoro ["OP13-037">OP13-037]
RZ1|51|2|OP13-037|0|49|1|0|1|1|0|0|0
RZ1|CHK|51|2|49|1|0|0|10|0|0|0|1|0
[] Drew card from deck: Charlestone ["OP05-038">OP05-038]
RZ1|52|2|OP05-038|0|48|1|1|1|1|0|0|0
RZ1|CHK|52|2|48|2|0|0|10|0|0|0|1|0
[] Drew card from deck: Roronoa Zoro ["OP13-037">OP13-037]
RZ1|53|2|OP13-037|0|47|1|2|1|1|0|0|0
RZ1|CHK|53|2|47|3|0|0|10|0|0|0|1|0
[] Drew card from deck: Roronoa Zoro ["EB04-007">EB04-007]
RZ1|54|2|EB04-007|0|46|1|3|1|1|0|0|0
RZ1|CHK|54|2|46|4|0|0|10|0|0|0|1|0
[] Drew card from deck: Roronoa Zoro ["EB04-007">EB04-007]
RZ1|55|2|EB04-007|0|45|1|4|1|1|0|0|0
RZ1|CHK|55|2|45|5|0|0|10|0|0|0|1|0
RZ1|56|1|OP15-023|0|44|3|0|1|0|0|0|0
RZ1|CHK|56|1|44|5|0|1|10|0|0|0|1|0
RZ1|57|1|OP15-027|0|43|3|1|1|0|0|0|0
RZ1|CHK|57|1|43|5|0|2|10|0|0|0|1|0
RZ1|58|1|OP15-037|0|42|3|2|1|0|0|0|0
RZ1|CHK|58|1|42|5|0|3|10|0|0|0|1|0
RZ1|59|1|OP15-017|0|41|3|3|1|0|0|0|0
RZ1|CHK|59|1|41|5|0|4|10|0|0|0|1|0
RZ1|60|2|OP14-022|0|44|3|0|0|1|0|0|0
RZ1|CHK|60|2|44|5|0|1|10|0|0|0|1|0
RZ1|61|2|ST21-003|0|43|3|1|0|1|0|0|0
RZ1|CHK|61|2|43|5|0|2|10|0|0|0|1|0
RZ1|62|2|OP15-035|0|42|3|2|0|1|0|0|0
RZ1|CHK|62|2|42|5|0|3|10|0|0|0|1|0
RZ1|63|2|OP13-037|0|41|3|3|0|1|0|0|0
RZ1|CHK|63|2|41|5|0|4|10|0|0|0|1|0
[] Hand: [OP15-009,OP15-027,OP15-026,OP12-027,OP15-008]
[] Board: []
[] Trash: []
[] Life: 4
[] Hand: [OP13-037,OP05-038,OP13-037,EB04-007,EB04-007]
[] Trash: []
[] Board: []
[] Life: 4
RZ1|64|1|Don|4|9|5|0|1|1|0|0|0
RZ1|CHK|64|1|41|5|0|4|9|1|0|0|1|0
[You] Draw 1 Don
RZ1|65|1|Don|5|0|5|0|1|1|1|0|0
RZ1|CHK|65|1|41|5|0|4|9|1|0|0|1|0
[You] Deploy Jango ["OP15-026">OP15-026]
RZ1|66|1|OP15-026|1|2|2|0|1|1|0|0|0
RZ1|CHK|66|1|41|4|1|4|9|1|0|0|1|0
RZ1|67|1|OP15-026|0|39|1|4|1|1|0|0|0
RZ1|CHK|67|1|40|5|1|4|9|1|0|0|1|0
[You] Jango ["OP15-026">OP15-026]: <b>Reveal and Draw Jango ["OP15-026">OP15-026]</b>
[You] Placing Cards on Bottom of Deck
RZ1|68|1|OP15-007|0|39|0|0|0|0|0|0|0
RZ1|CHK|68|1|40|5|1|4|9|1|0|0|1|0
RZ1|69|1|OP15-017|0|39|0|0|0|0|0|0|0
RZ1|CHK|69|1|40|5|1|4|9|1|0|0|1|0
[] Hand: [OP15-009,OP15-027,OP12-027,OP15-008,OP15-026]
[] Board: [OP15-026]
[] Trash: []
[] Life: 4
[] Hand: [OP13-037,OP05-038,OP13-037,EB04-007,EB04-007]
[] Trash: []
[] Board: []
[] Life: 4
[You] End Turn
[] Hand: [OP13-037,OP05-038,OP13-037,EB04-007,EB04-007]
[] Board: []
[] Trash: []
[] Life: 4
[] Hand: [OP15-009,OP15-027,OP12-027,OP15-008,OP15-026]
[] Trash: []
[] Board: [OP15-026]
[] Life: 4
[Opponent] Draw 1 Card
[] Drew card from deck: Thousand Sunny ["ST31-005">ST31-005]
RZ1|70|2|ST31-005|0|40|1|5|1|1|0|0|0
RZ1|CHK|70|2|40|6|0|4|10|0|0|0|1|0
RZ1|71|2|Don|4|9|5|0|1|1|0|0|0
RZ1|CHK|71|2|40|6|0|4|9|1|0|0|1|0
RZ1|72|2|Don|4|8|5|1|1|1|0|0|0
RZ1|CHK|72|2|40|6|0|4|8|2|0|0|1|0
[Opponent] Draw 2 Don
RZ1|73|2|Don|5|0|9|9900|1|1|0|0|0
RZ1|CHK|73|2|40|6|0|4|8|1|0|0|1|1
[Opponent] Attach 1 Don to Monkey D. Luffy ["OP13-001">OP13-001] (1 Total)
[] Hand: [OP13-037,OP05-038,OP13-037,EB04-007,EB04-007,ST31-005]
[] Board: []
[] Trash: []
[] Life: 4
[] Hand: [OP15-009,OP15-027,OP12-027,OP15-008,OP15-026]
[] Trash: []
[] Board: [OP15-026]
[] Life: 4
[Opponent] End Turn
[] Hand: [OP15-009,OP15-027,OP12-027,OP15-008,OP15-026]
[] Board: [OP15-026]
[] Trash: []
[] Life: 4
[] Hand: [OP13-037,OP05-038,OP13-037,EB04-007,EB04-007,ST31-005]
[] Trash: []
[] Board: []
[] Life: 4
[You] Draw 1 Card
[] Drew card from deck: Arlong ["OP15-023">OP15-023]
RZ1|74|1|OP15-023|0|39|1|5|1|1|0|0|0
RZ1|CHK|74|1|39|6|1|4|9|1|0|0|1|0
RZ1|75|1|Don|4|8|5|1|1|1|0|0|0
RZ1|CHK|75|1|39|6|1|4|8|2|0|0|1|0
RZ1|76|1|Don|4|7|5|2|1|1|0|0|0
RZ1|CHK|76|1|39|6|1|4|7|3|0|0|1|0
[You] Draw 2 Don
RZ1|77|1|OP15-026|2|0|6|0|1|1|0|0|0
RZ1|CHK|77|1|39|6|0|4|7|3|1|0|1|0
[You] Jango ["OP15-026">OP15-026]: Trash Jango ["OP15-026">OP15-026]
RZ1|78|1|Don|5|0|5|0|1|1|1|0|0
RZ1|CHK|78|1|39|6|0|4|7|3|1|0|1|0
[You] Deploy Jango ["OP15-026">OP15-026]
RZ1|79|1|OP15-026|1|4|2|0|1|1|0|0|0
RZ1|CHK|79|1|39|5|1|4|7|3|1|0|1|0
RZ1|80|1|OP15-017|0|36|1|5|1|1|0|0|0
RZ1|CHK|80|1|38|6|1|4|7|3|1|0|1|0
[You] Jango ["OP15-026">OP15-026]: <b>Reveal and Draw Morgan ["OP15-017">OP15-017]</b>
[You] Placing Cards on Bottom of Deck
RZ1|81|1|OP15-023|0|37|0|0|0|0|0|0|0
RZ1|CHK|81|1|38|6|1|4|7|3|1|0|1|0
RZ1|82|1|OP15-025|0|37|0|0|0|0|0|0|0
RZ1|CHK|82|1|38|6|1|4|7|3|1|0|1|0
RZ1|83|1|Don|5|1|9|9900|1|1|0|0|0
RZ1|CHK|83|1|38|6|1|4|7|2|1|0|1|1
[You] Attach 1 Don to Krieg ["OP15-001">OP15-001] (1 Total)
[You] Krieg ["OP15-001">OP15-001] attacking Monkey D. Luffy ["OP13-001">OP13-001]
Krieg ["OP15-001">OP15-001][6000] vs Monkey D. Luffy ["OP13-001">OP13-001][5000]
Monkey D. Luffy ["OP13-001">OP13-001] hit for 1 damage
RZ1|84|2|OP13-037|3|3|1|6|1|1|0|0|0
RZ1|CHK|84|2|40|7|0|3|8|1|0|0|1|1
RZ1|85|1|Don|5|1|5|1|1|1|1|0|0
RZ1|CHK|85|1|38|6|1|4|7|2|1|0|1|1
[You] Deploy Koby ["OP15-009">OP15-009]
RZ1|86|1|OP15-009|1|0|2|1|1|1|0|0|0
RZ1|CHK|86|1|38|5|2|4|7|2|1|0|1|1
[] Hand: [OP15-027,OP12-027,OP15-008,OP15-023,OP15-017]
[] Board: [OP15-026,OP15-009]
[] Trash: [OP15-026]
[] Life: 4
[] Hand: [OP13-037,OP05-038,OP13-037,EB04-007,EB04-007,ST31-005,OP13-037]
[] Trash: []
[] Board: []
[] Life: 3
[You] End Turn
[] Hand: [OP13-037,OP05-038,OP13-037,EB04-007,EB04-007,ST31-005,OP13-037]
[] Board: []
[] Trash: []
[] Life: 3
[] Hand: [OP15-027,OP12-027,OP15-008,OP15-023,OP15-017]
[] Trash: [OP15-026]
[] Board: [OP15-026,OP15-009]
[] Life: 4
RZ1|87|2|Don|9|9900|5|0|1|1|1|0|0
RZ1|CHK|87|2|40|7|0|3|8|2|0|0|1|0
[Opponent] Draw 1 Card
[] Drew card from deck: Laboon ["OP15-035">OP15-035]
RZ1|88|2|OP15-035|0|39|1|7|1|1|0|0|0
RZ1|CHK|88|2|39|8|0|3|8|2|0|0|1|0
RZ1|89|2|Don|4|7|5|2|1|1|0|0|0
RZ1|CHK|89|2|39|8|0|3|7|3|0|0|1|0
RZ1|90|2|Don|4|6|5|3|1|1|0|0|0
RZ1|CHK|90|2|39|8|0|3|6|4|0|0|1|0
[Opponent] Draw 2 Don
RZ1|91|2|Don|5|0|9|9900|1|1|0|0|0
RZ1|CHK|91|2|39|8|0|3|6|3|0|0|1|1
[Opponent] Attach 1 Don to Monkey D. Luffy ["OP13-001">OP13-001] (1 Total)
[Opponent] Monkey D. Luffy ["OP13-001">OP13-001] attacking Krieg ["OP15-001">OP15-001]
Monkey D. Luffy ["OP13-001">OP13-001][6000] vs Krieg ["OP15-001">OP15-001][5000]
Krieg ["OP15-001">OP15-001] hit for 1 damage
RZ1|92|1|OP15-017|3|3|1|5|1|1|0|0|0
RZ1|CHK|92|1|38|6|2|3|7|2|1|0|1|1
RZ1|93|2|Don|5|0|5|0|1|1|1|0|0
RZ1|CHK|93|2|39|8|0|3|6|3|0|0|1|1
[Opponent] Deploy Thousand Sunny ["ST31-005">ST31-005]
RZ1|94|2|ST31-005|1|5|7|0|1|1|0|0|0
RZ1|CHK|94|2|39|7|0|3|6|3|0|1|1|1
RZ1|95|2|EB02-017|0|37|1|7|1|1|0|0|0
RZ1|CHK|95|2|38|8|0|3|6|3|0|1|1|1
[Opponent] Thousand Sunny ["ST31-005">ST31-005]: <b>Reveal and Draw Nami ["EB02-017">EB02-017]</b>
[Opponent] Placing Cards on Bottom of Deck
RZ1|96|2|OP14-022|0|37|0|0|0|0|0|0|0
RZ1|CHK|96|2|38|8|0|3|6|3|0|1|1|1
RZ1|97|2|OP13-118|0|37|0|0|0|0|0|0|0
RZ1|CHK|97|2|38|8|0|3|6|3|0|1|1|1
RZ1|98|2|OP13-040|0|37|0|0|0|0|0|0|0
RZ1|CHK|98|2|38|8|0|3|6|3|0|1|1|1
RZ1|99|2|OP15-035|0|37|0|0|0|0|0|0|0
RZ1|CHK|99|2|38|8|0|3|6|3|0|1|1|1
RZ1|100|2|Don|5|1|5|1|1|1|1|0|0
RZ1|CHK|100|2|38|8|0|3|6|3|0|1|1|1
[Opponent] Deploy Laboon ["OP15-035">OP15-035]
RZ1|101|2|OP15-035|1|6|2|0|1|1|0|-2000|0
RZ1|CHK|101|2|38|7|1|3|6|3|0|1|1|1
RZ1|102|2|Don|5|2|5|2|1|1|1|0|0
RZ1|CHK|102|2|38|7|1|3|6|3|0|1|1|1
[Opponent] Deploy Nami ["EB02-017">EB02-017]
RZ1|103|2|EB02-017|1|6|2|1|1|1|0|-2000|0
RZ1|CHK|103|2|38|6|2|3|6|3|0|1|1|1
RZ1|104|2|OP15-032|0|35|1|6|1|1|0|0|0
RZ1|CHK|104|2|37|7|2|3|6|3|0|1|1|1
[Opponent] Nami ["EB02-017">EB02-017]: <b>Reveal and Draw Brook ["OP15-032">OP15-032]</b>
[Opponent] Placing Cards on Bottom of Deck
RZ1|105|2|OP16-004|0|36|0|0|0|0|0|0|0
RZ1|CHK|105|2|37|7|2|3|6|3|0|1|1|1
RZ1|106|2|OP13-040|0|36|0|0|0|0|0|0|0
RZ1|CHK|106|2|37|7|2|3|6|3|0|1|1|1
RZ1|107|2|OP14-031|0|36|0|0|0|0|0|0|0
RZ1|CHK|107|2|37|7|2|3|6|3|0|1|1|1
RZ1|108|2|OP16-004|0|36|0|0|0|0|0|0|0
RZ1|CHK|108|2|37|7|2|3|6|3|0|1|1|1
[] Hand: [OP13-037,OP05-038,OP13-037,EB04-007,EB04-007,OP13-037,OP15-032]
[] Board: [OP15-035,EB02-017]
[] Trash: []
[] Life: 3
[] Hand: [OP15-027,OP12-027,OP15-008,OP15-023,OP15-017,OP15-017]
[] Trash: [OP15-026]
[] Board: [OP15-026,OP15-009]
[] Life: 3
[Opponent] End Turn
[] Hand: [OP15-027,OP12-027,OP15-008,OP15-023,OP15-017,OP15-017]
[] Board: [OP15-026,OP15-009]
[] Trash: [OP15-026]
[] Life: 3
[] Hand: [OP13-037,OP05-038,OP13-037,EB04-007,EB04-007,OP13-037,OP15-032]
[] Trash: []
[] Board: [OP15-035,EB02-017]
[] Life: 3
RZ1|109|1|Don|9|9900|5|0|1|1|1|0|0
RZ1|CHK|109|1|38|6|2|3|7|3|1|0|1|0
[You] Draw 1 Card
[] Drew card from deck: Gin ["OP15-007">OP15-007]
RZ1|110|1|OP15-007|0|37|1|6|1|1|0|0|0
RZ1|CHK|110|1|37|7|2|3|7|3|1|0|1|0
RZ1|111|1|Don|4|6|5|3|1|1|0|0|0
RZ1|CHK|111|1|37|7|2|3|6|4|1|0|1|0
RZ1|112|1|Don|4|5|5|4|1|1|0|0|0
RZ1|CHK|112|1|37|7|2|3|5|5|1|0|1|0
[You] Draw 2 Don
RZ1|113|1|Don|5|0|5|0|1|1|1|0|0
RZ1|CHK|113|1|37|7|2|3|5|5|1|0|1|0
RZ1|114|1|Don|5|1|5|1|1|1|1|0|0
RZ1|CHK|114|1|37|7|2|3|5|5|1|0|1|0
RZ1|115|1|Don|5|2|5|2|1|1|1|0|0
RZ1|CHK|115|1|37|7|2|3|5|5|1|0|1|0
RZ1|116|1|Don|5|3|5|3|1|1|1|0|0
RZ1|CHK|116|1|37|7|2|3|5|5|1|0|1|0
[You] Deploy Dracule Mihawk ["OP15-027">OP15-027]
RZ1|117|1|OP15-027|1|0|2|2|1|1|0|0|0
RZ1|CHK|117|1|37|6|3|3|5|5|1|0|1|0
RZ1|118|1|OP15-026|2|0|6|1|1|1|0|0|0
RZ1|CHK|118|1|37|6|2|3|5|5|2|0|1|0
[You] Jango ["OP15-026">OP15-026]: Trash Jango ["OP15-026">OP15-026]
[You] Jango ["OP15-026">OP15-026]: Attach 1 Rested Don to Nami ["EB02-017">EB02-017]
RZ1|119|2|Don|5|0|9|100|1|1|1|0|0
RZ1|CHK|119|2|37|7|2|3|6|2|0|1|1|2
RZ1|120|1|Don|5|4|9|9900|1|1|0|0|0
RZ1|CHK|120|1|37|6|2|3|5|4|2|0|1|1
[You] Attach 1 Don to Krieg ["OP15-001">OP15-001] (1 Total)
[You] Krieg ["OP15-001">OP15-001] attacking Monkey D. Luffy ["OP13-001">OP13-001]
Krieg ["OP15-001">OP15-001][6000] vs Monkey D. Luffy ["OP13-001">OP13-001][5000]
Monkey D. Luffy ["OP13-001">OP13-001] hit for 1 damage
RZ1|121|2|OP15-035|3|2|1|7|1|1|0|0|0
RZ1|CHK|121|2|37|8|2|2|6|2|0|1|1|2
[] Hand: [OP12-027,OP15-008,OP15-023,OP15-017,OP15-017,OP15-007]
[] Board: [OP15-009,OP15-027]
[] Trash: [OP15-026,OP15-026]
[] Life: 3
[] Hand: [OP13-037,OP05-038,OP13-037,EB04-007,EB04-007,OP13-037,OP15-032,OP15-035]
[] Trash: []
[] Board: [OP15-035,EB02-017]
[] Life: 2
[You] End Turn
[] Hand: [OP13-037,OP05-038,OP13-037,EB04-007,EB04-007,OP13-037,OP15-032,OP15-035]
[] Board: [OP15-035,EB02-017]
[] Trash: []
[] Life: 2
[] Hand: [OP12-027,OP15-008,OP15-023,OP15-017,OP15-017,OP15-007]
[] Trash: [OP15-026,OP15-026]
[] Board: [OP15-009,OP15-027]
[] Life: 3
RZ1|122|2|Don|9|9900|5|0|1|1|1|0|0
RZ1|CHK|122|2|37|8|2|2|6|3|0|1|1|1
RZ1|123|2|Don|9|100|5|0|1|1|1|0|0
RZ1|CHK|123|2|37|8|2|2|6|4|0|1|1|0
[Opponent] Draw 1 Card
[] Drew card from deck: Sanji ["OP13-027">OP13-027]
RZ1|124|2|OP13-027|0|36|1|8|1|1|0|0|0
RZ1|CHK|124|2|36|9|2|2|6|4|0|1|1|0
RZ1|125|2|Don|4|5|5|4|1|1|0|0|0
RZ1|CHK|125|2|36|9|2|2|5|5|0|1|1|0
RZ1|126|2|Don|4|4|5|5|1|1|0|0|0
RZ1|CHK|126|2|36|9|2|2|4|6|0|1|1|0
[Opponent] Draw 2 Don
RZ1|127|2|Don|5|0|5|0|1|1|1|0|0
RZ1|CHK|127|2|36|9|2|2|4|6|0|1|1|0
RZ1|128|2|Don|5|1|5|1|1|1|1|0|0
RZ1|CHK|128|2|36|9|2|2|4|6|0|1|1|0
RZ1|129|2|Don|5|2|5|2|1|1|1|0|0
RZ1|CHK|129|2|36|9|2|2|4|6|0|1|1|0
RZ1|130|2|Don|5|3|5|3|1|1|1|0|0
RZ1|CHK|130|2|36|9|2|2|4|6|0|1|1|0
RZ1|131|2|Don|5|4|5|4|1|1|1|0|0
RZ1|CHK|131|2|36|9|2|2|4|6|0|1|1|0
RZ1|132|2|Don|5|5|5|5|1|1|1|0|0
RZ1|CHK|132|2|36|9|2|2|4|6|0|1|1|0
[Opponent] Deploy Brook ["OP15-032">OP15-032]
RZ1|133|2|OP15-032|1|6|2|2|1|1|0|-2000|0
RZ1|CHK|133|2|36|8|3|2|4|6|0|1|1|0
[Opponent] Brook ["OP15-032">OP15-032]: Rest Dracule Mihawk ["OP15-027">OP15-027]
[Opponent] Monkey D. Luffy ["OP13-001">OP13-001] attacking Krieg ["OP15-001">OP15-001]
[You] Discard Koushirou ["OP12-027">OP12-027] for Counter 1000
RZ1|134|1|OP12-027|1|0|6|2|1|1|0|0|0
RZ1|CHK|134|1|37|5|2|3|5|4|3|0|1|1
Monkey D. Luffy ["OP13-001">OP13-001][5000] vs Krieg ["OP15-001">OP15-001][6000]
Attack Fails
[Opponent] Thousand Sunny ["ST31-005">ST31-005]: Rest Thousand Sunny ["ST31-005">ST31-005]
[Opponent] Thousand Sunny ["ST31-005">ST31-005]: Attach 1 Rested Don to Monkey D. Luffy ["OP13-001">OP13-001]
RZ1|135|2|Don|5|0|9|9900|1|1|1|0|0
RZ1|CHK|135|2|36|8|3|2|4|5|0|1|1|1
[] Hand: [OP13-037,OP05-038,OP13-037,EB04-007,EB04-007,OP13-037,OP15-035,OP13-027]
[] Board: [OP15-035,EB02-017,OP15-032]
[] Trash: []
[] Life: 2
[] Hand: [OP15-008,OP15-023,OP15-017,OP15-017,OP15-007]
[] Trash: [OP15-026,OP15-026,OP12-027]
[] Board: [OP15-009,OP15-027]
[] Life: 3
[Opponent] End Turn
[] Hand: [OP15-008,OP15-023,OP15-017,OP15-017,OP15-007]
[] Board: [OP15-009,OP15-027]
[] Trash: [OP15-026,OP15-026,OP12-027]
[] Life: 3
[] Hand: [OP13-037,OP05-038,OP13-037,EB04-007,EB04-007,OP13-037,OP15-035,OP13-027]
[] Trash: []
[] Board: [OP15-035,EB02-017,OP15-032]
[] Life: 2
RZ1|136|1|Don|9|9900|5|0|1|1|1|0|0
RZ1|CHK|136|1|37|5|2|3|5|5|3|0|1|0
[You] Draw 1 Card
[] Drew card from deck: Gin ["OP15-007">OP15-007]
RZ1|137|1|OP15-007|0|36|1|5|1|1|0|0|0
RZ1|CHK|137|1|36|6|2|3|5|5|3|0|1|0
RZ1|138|1|Don|4|4|5|5|1|1|0|0|0
RZ1|CHK|138|1|36|6|2|3|4|6|3|0|1|0
RZ1|139|1|Don|4|3|5|6|1|1|0|0|0
RZ1|CHK|139|1|36|6|2|3|3|7|3|0|1|0
[You] Draw 2 Don
RZ1|140|1|Don|5|0|5|0|1|1|1|0|0
RZ1|CHK|140|1|36|6|2|3|3|7|3|0|1|0
RZ1|141|1|Don|5|1|5|1|1|1|1|0|0
RZ1|CHK|141|1|36|6|2|3|3|7|3|0|1|0
RZ1|142|1|Don|5|2|5|2|1|1|1|0|0
RZ1|CHK|142|1|36|6|2|3|3|7|3|0|1|0
RZ1|143|1|Don|5|3|5|3|1|1|1|0|0
RZ1|CHK|143|1|36|6|2|3|3|7|3|0|1|0
RZ1|144|1|Don|5|4|5|4|1|1|1|0|0
RZ1|CHK|144|1|36|6|2|3|3|7|3|0|1|0
RZ1|145|1|Don|5|5|5|5|1|1|1|0|0
RZ1|CHK|145|1|36|6|2|3|3|7|3|0|1|0
[You] Deploy Gin ["OP15-007">OP15-007]
RZ1|146|1|OP15-007|1|4|2|2|1|1|0|0|0
RZ1|CHK|146|1|36|5|3|3|3|7|3|0|1|0
RZ1|147|1|OP15-017|1|2|2|3|1|1|0|0|0
RZ1|CHK|147|1|36|4|4|3|3|7|3|0|1|0
[You] Gin ["OP15-007">OP15-007]: Deploy Morgan ["OP15-017">OP15-017]
[You] Morgan ["OP15-017">OP15-017]: Attach 1 Rested Don to Brook ["OP15-032">OP15-032]
RZ1|148|2|Don|5|0|9|200|1|1|1|0|0
RZ1|CHK|148|2|36|8|3|2|4|4|0|1|1|2
[You] Morgan ["OP15-017">OP15-017]: Attach 1 Rested Don to Koby ["OP15-009">OP15-009]
RZ1|149|1|Don|5|0|9|0|1|1|1|0|0
RZ1|CHK|149|1|36|4|4|3|3|6|3|0|1|1
RZ1|150|1|Don|5|5|9|9900|1|1|0|0|0
RZ1|CHK|150|1|36|4|4|3|3|5|3|0|1|2
[You] Attach 1 Don to Krieg ["OP15-001">OP15-001] (1 Total)
[You] Krieg ["OP15-001">OP15-001] attacking Monkey D. Luffy ["OP13-001">OP13-001]
[Opponent] Discard Laboon ["OP15-035">OP15-035] for Counter 2000
RZ1|151|2|OP15-035|1|6|6|0|1|1|0|0|0
RZ1|CHK|151|2|36|7|3|2|4|4|1|1|1|2
Krieg ["OP15-001">OP15-001][6000] vs Monkey D. Luffy ["OP13-001">OP13-001][7000]
Attack Fails
[You] Dracule Mihawk ["OP15-027">OP15-027] attacking Monkey D. Luffy ["OP13-001">OP13-001]
[Opponent] Discard Roronoa Zoro ["OP13-037">OP13-037] for Counter 1000
RZ1|152|2|OP13-037|1|0|6|1|1|1|0|0|0
RZ1|CHK|152|2|36|6|3|2|4|4|2|1|1|2
Dracule Mihawk ["OP15-027">OP15-027][5000] vs Monkey D. Luffy ["OP13-001">OP13-001][6000]
Attack Fails
[] Hand: [OP15-008,OP15-023,OP15-017,OP15-007]
[] Board: [OP15-009,OP15-027,OP15-007,OP15-017]
[] Trash: [OP15-026,OP15-026,OP12-027]
[] Life: 3
[] Hand: [OP05-038,OP13-037,EB04-007,EB04-007,OP13-037,OP13-027]
[] Trash: [OP15-035,OP13-037]
[] Board: [OP15-035,EB02-017,OP15-032]
[] Life: 2
[You] End Turn
[] Hand: [OP05-038,OP13-037,EB04-007,EB04-007,OP13-037,OP13-027]
[] Board: [OP15-035,EB02-017,OP15-032]
[] Trash: [OP15-035,OP13-037]
[] Life: 2
[] Hand: [OP15-008,OP15-023,OP15-017,OP15-007]
[] Trash: [OP15-026,OP15-026,OP12-027]
[] Board: [OP15-009,OP15-027,OP15-007,OP15-017]
[] Life: 3
RZ1|153|2|Don|9|9900|5|0|1|1|1|0|0
RZ1|CHK|153|2|36|6|3|2|4|5|2|1|1|1
RZ1|154|2|Don|9|200|5|0|1|1|1|0|0
RZ1|CHK|154|2|36|6|3|2|4|6|2|1|1|0
[Opponent] Draw 1 Card
[] Drew card from deck: Nami ["EB02-017">EB02-017]
RZ1|155|2|EB02-017|0|35|1|6|1|1|0|0|0
RZ1|CHK|155|2|35|7|3|2|4|6|2|1|1|0
RZ1|156|2|Don|4|3|5|6|1|1|0|0|0
RZ1|CHK|156|2|35|7|3|2|3|7|2|1|1|0
RZ1|157|2|Don|4|2|5|7|1|1|0|0|0
RZ1|CHK|157|2|35|7|3|2|2|8|2|1|1|0
[Opponent] Draw 2 Don
RZ1|158|2|Don|5|0|5|0|1|1|1|0|0
RZ1|CHK|158|2|35|7|3|2|2|8|2|1|1|0
RZ1|159|2|Don|5|1|5|1|1|1|1|0|0
RZ1|CHK|159|2|35|7|3|2|2|8|2|1|1|0
RZ1|160|2|Don|5|2|5|2|1|1|1|0|0
RZ1|CHK|160|2|35|7|3|2|2|8|2|1|1|0
RZ1|161|2|Don|5|3|5|3|1|1|1|0|0
RZ1|CHK|161|2|35|7|3|2|2|8|2|1|1|0
RZ1|162|2|Don|5|4|5|4|1|1|1|0|0
RZ1|CHK|162|2|35|7|3|2|2|8|2|1|1|0
RZ1|163|2|Don|5|5|5|5|1|1|1|0|0
RZ1|CHK|163|2|35|7|3|2|2|8|2|1|1|0
RZ1|164|2|Don|5|6|5|6|1|1|1|0|0
RZ1|CHK|164|2|35|7|3|2|2|8|2|1|1|0
[Opponent] Deploy Roronoa Zoro ["EB04-007">EB04-007]
RZ1|165|2|EB04-007|1|2|2|3|1|1|0|-2000|0
RZ1|CHK|165|2|35|6|4|2|2|8|2|1|1|0
[Opponent] Roronoa Zoro ["EB04-007">EB04-007]: Grant Monkey D. Luffy ["OP13-001">OP13-001] 2000 until opponent's next turn end
RZ1|166|2|Don|5|7|9|9900|1|1|0|0|0
RZ1|CHK|166|2|35|6|4|2|2|7|2|1|1|1
[Opponent] Attach 1 Don to Monkey D. Luffy ["OP13-001">OP13-001] (1 Total)
[Opponent] Monkey D. Luffy ["OP13-001">OP13-001] attacking Krieg ["OP15-001">OP15-001]
[You] Morgan ["OP15-017">OP15-017] Blocks
[You] Discard Arlong ["OP15-023">OP15-023] for Counter 1000
RZ1|167|1|OP15-023|1|1|6|3|1|1|0|0|0
RZ1|CHK|167|1|36|3|4|3|3|5|4|0|1|2
[You] Discard Morgan ["OP15-017">OP15-017] for Counter 1000
RZ1|168|1|OP15-017|1|1|6|4|1|1|0|0|0
RZ1|CHK|168|1|36|2|4|3|3|5|5|0|1|2
[You] Discard Gin ["OP15-007">OP15-007] for Counter 1000
RZ1|169|1|OP15-007|1|1|6|5|1|1|0|0|0
RZ1|CHK|169|1|36|1|4|3|3|5|6|0|1|2
Monkey D. Luffy ["OP13-001">OP13-001][8000] vs Morgan ["OP15-017">OP15-017][9000]
Attack Fails
RZ1|170|2|OP15-032|2|2|6|2|1|1|0|0|0
RZ1|CHK|170|2|35|6|3|2|2|7|3|1|1|1
[Opponent] Brook ["OP15-032">OP15-032]: Trash Brook ["OP15-032">OP15-032]
[Opponent] Thousand Sunny ["ST31-005">ST31-005]: Rest Thousand Sunny ["ST31-005">ST31-005]
[Opponent] Thousand Sunny ["ST31-005">ST31-005]: Attach 1 Rested Don to Monkey D. Luffy ["OP13-001">OP13-001]
RZ1|171|2|Don|5|0|9|9901|1|1|1|0|0
RZ1|CHK|171|2|35|6|3|2|2|6|3|1|1|2
[] Hand: [OP05-038,OP13-037,EB04-007,OP13-037,OP13-027,EB02-017]
[] Board: [OP15-035,EB02-017,EB04-007]
[] Trash: [OP15-035,OP13-037,OP15-032]
[] Life: 2
[] Hand: [OP15-008]
[] Trash: [OP15-026,OP15-026,OP12-027,OP15-023,OP15-017,OP15-007]
[] Board: [OP15-009,OP15-027,OP15-007,OP15-017]
[] Life: 3
[Opponent] End Turn
[] Hand: [OP15-008]
[] Board: [OP15-009,OP15-027,OP15-007,OP15-017]
[] Trash: [OP15-026,OP15-026,OP12-027,OP15-023,OP15-017,OP15-007]
[] Life: 3
[] Hand: [OP05-038,OP13-037,EB04-007,OP13-037,OP13-027,EB02-017]
[] Trash: [OP15-035,OP13-037,OP15-032]
[] Board: [OP15-035,EB02-017,EB04-007]
[] Life: 2
RZ1|172|1|Don|9|9900|5|0|1|1|1|0|0
RZ1|CHK|172|1|36|1|4|3|3|6|6|0|1|1
RZ1|173|1|Don|9|0|5|0|1|1|1|0|0
RZ1|CHK|173|1|36|1|4|3|3|7|6|0|1|0
[You] Draw 1 Card
[] Drew card from deck: Koby ["OP15-009">OP15-009]
RZ1|174|1|OP15-009|0|35|1|1|1|1|0|0|0
RZ1|CHK|174|1|35|2|4|3|3|7|6|0|1|0
RZ1|175|1|Don|4|2|5|7|1|1|0|0|0
RZ1|CHK|175|1|35|2|4|3|2|8|6|0|1|0
RZ1|176|1|Don|4|1|5|8|1|1|0|0|0
RZ1|CHK|176|1|35|2|4|3|1|9|6|0|1|0
[You] Draw 2 Don
RZ1|177|1|Don|5|0|5|0|1|1|1|0|0
RZ1|CHK|177|1|35|2|4|3|1|9|6|0|1|0
RZ1|178|1|Don|5|1|5|1|1|1|1|0|0
RZ1|CHK|178|1|35|2|4|3|1|9|6|0|1|0
RZ1|179|1|Don|5|2|5|2|1|1|1|0|0
RZ1|CHK|179|1|35|2|4|3|1|9|6|0|1|0
RZ1|180|1|Don|5|3|5|3|1|1|1|0|0
RZ1|CHK|180|1|35|2|4|3|1|9|6|0|1|0
RZ1|181|1|Don|5|4|5|4|1|1|1|0|0
RZ1|CHK|181|1|35|2|4|3|1|9|6|0|1|0
RZ1|182|1|Don|5|5|5|5|1|1|1|0|0
RZ1|CHK|182|1|35|2|4|3|1|9|6|0|1|0
RZ1|183|1|Don|5|6|5|6|1|1|1|0|0
RZ1|CHK|183|1|35|2|4|3|1|9|6|0|1|0
RZ1|184|1|Don|5|7|5|7|1|1|1|0|0
RZ1|CHK|184|1|35|2|4|3|1|9|6|0|1|0
[You] Deploy Krieg ["OP15-008">OP15-008]
RZ1|185|1|OP15-008|1|0|2|4|1|1|0|0|0
RZ1|CHK|185|1|35|1|5|3|1|9|6|0|1|0
[You] Krieg ["OP15-008">OP15-008]: Attach 1 Rested Don to Laboon ["OP15-035">OP15-035]
RZ1|186|2|Don|5|0|9|0|1|1|1|0|0
RZ1|CHK|186|2|35|6|3|2|2|5|3|1|1|3
[You] Krieg ["OP15-008">OP15-008]: Attach 1 Rested Don to Laboon ["OP15-035">OP15-035]
RZ1|187|2|Don|5|0|9|1|1|1|1|0|0
RZ1|CHK|187|2|35|6|3|2|2|4|3|1|1|4
[You] Krieg ["OP15-008">OP15-008]: Attach 1 Rested Don to Laboon ["OP15-035">OP15-035]
RZ1|188|2|Don|5|0|9|2|1|1|1|0|0
RZ1|CHK|188|2|35|6|3|2|2|3|3|1|1|5
[You] Krieg ["OP15-008">OP15-008]: Give Krieg ["OP15-008">OP15-008] Rush
RZ1|189|1|Don|5|8|9|9900|1|1|0|0|0
RZ1|CHK|189|1|35|1|5|3|1|8|6|0|1|1
[You] Attach 1 Don to Krieg ["OP15-001">OP15-001] (1 Total)
[You] Gin ["OP15-007">OP15-007] attacking Monkey D. Luffy ["OP13-001">OP13-001]
[Opponent] Discard Roronoa Zoro ["OP13-037">OP13-037] for Counter 1000
RZ1|190|2|OP13-037|1|1|6|3|1|1|0|0|0
RZ1|CHK|190|2|35|5|3|2|2|3|4|1|1|5
Gin ["OP15-007">OP15-007][7000] vs Monkey D. Luffy ["OP13-001">OP13-001][8000]
Attack Fails
[You] Krieg ["OP15-008">OP15-008] attacking Monkey D. Luffy ["OP13-001">OP13-001]
Krieg ["OP15-008">OP15-008][9000] vs Monkey D. Luffy ["OP13-001">OP13-001][7000]
Monkey D. Luffy ["OP13-001">OP13-001] hit for 1 damage
RZ1|191|2|ST21-003|3|1|1|5|1|1|0|0|0
RZ1|CHK|191|2|35|6|3|1|2|3|4|1|1|5
[You] Krieg ["OP15-001">OP15-001]: Rest Laboon ["OP15-035">OP15-035]
[You] Krieg ["OP15-001">OP15-001] attacking Laboon ["OP15-035">OP15-035]
Krieg ["OP15-001">OP15-001][6000] vs Laboon ["OP15-035">OP15-035][2000]
[Opponent] Laboon ["OP15-035">OP15-035] Destroyed
RZ1|192|2|Don|9|0|5|0|1|1|1|0|0
RZ1|CHK|192|2|35|6|3|1|2|4|4|1|1|4
RZ1|193|2|Don|9|0|5|0|1|1|1|0|0
RZ1|CHK|193|2|35|6|3|1|2|5|4|1|1|3
RZ1|194|2|Don|9|0|5|0|1|1|1|0|0
RZ1|CHK|194|2|35|6|3|1|2|6|4|1|1|2
RZ1|195|2|OP15-035|2|0|6|4|1|1|0|0|0
RZ1|CHK|195|2|35|6|2|1|2|6|5|1|1|2
[You] Morgan ["OP15-017">OP15-017]: Attach 1 Rested Don to Roronoa Zoro ["EB04-007">EB04-007]
RZ1|196|2|Don|5|0|9|100|1|1|1|0|0
RZ1|CHK|196|2|35|6|2|1|2|5|5|1|1|3
[You] Morgan ["OP15-017">OP15-017]: Attach 1 Rested Don to Koby ["OP15-009">OP15-009]
RZ1|197|1|Don|5|0|9|0|1|1|1|0|0
RZ1|CHK|197|1|35|1|5|3|1|7|6|0|1|2
[] Hand: [OP15-009]
[] Board: [OP15-009,OP15-027,OP15-007,OP15-017,OP15-008]
[] Trash: [OP15-026,OP15-026,OP12-027,OP15-023,OP15-017,OP15-007]
[] Life: 3
[] Hand: [OP05-038,EB04-007,OP13-037,OP13-027,EB02-017,ST21-003]
[] Trash: [OP15-035,OP13-037,OP15-032,OP13-037,OP15-035]
[] Board: [EB02-017,EB04-007]
[] Life: 1
[You] End Turn
[] Hand: [OP05-038,EB04-007,OP13-037,OP13-027,EB02-017,ST21-003]
[] Board: [EB02-017,EB04-007]
[] Trash: [OP15-035,OP13-037,OP15-032,OP13-037,OP15-035]
[] Life: 1
[] Hand: [OP15-009]
[] Trash: [OP15-026,OP15-026,OP12-027,OP15-023,OP15-017,OP15-007]
[] Board: [OP15-009,OP15-027,OP15-007,OP15-017,OP15-008]
[] Life: 3
RZ1|198|2|Don|9|9900|5|0|1|1|1|0|0
RZ1|CHK|198|2|35|6|2|1|2|6|5|1|1|2
RZ1|199|2|Don|9|9900|5|0|1|1|1|0|0
RZ1|CHK|199|2|35|6|2|1|2|7|5|1|1|1
RZ1|200|2|Don|9|100|5|0|1|1|1|0|0
RZ1|CHK|200|2|35|6|2|1|2|8|5|1|1|0
[Opponent] Draw 1 Card
[] Drew card from deck: Curiel ["OP16-004">OP16-004]
RZ1|201|2|OP16-004|0|34|1|6|1|1|0|0|0
RZ1|CHK|201|2|34|7|2|1|2|8|5|1|1|0
RZ1|202|2|Don|4|1|5|8|1|1|0|0|0
RZ1|CHK|202|2|34|7|2|1|1|9|5|1|1|0
RZ1|203|2|Don|4|0|5|9|1|1|0|0|0
RZ1|CHK|203|2|34|7|2|1|0|10|5|1|1|0
[Opponent] Draw 2 Don
RZ1|204|2|Don|5|0|5|0|1|1|1|0|0
RZ1|CHK|204|2|34|7|2|1|0|10|5|1|1|0
RZ1|205|2|Don|5|1|5|1|1|1|1|0|0
RZ1|CHK|205|2|34|7|2|1|0|10|5|1|1|0
RZ1|206|2|Don|5|2|5|2|1|1|1|0|0
RZ1|CHK|206|2|34|7|2|1|0|10|5|1|1|0
RZ1|207|2|Don|5|3|5|3|1|1|1|0|0
RZ1|CHK|207|2|34|7|2|1|0|10|5|1|1|0
RZ1|208|2|Don|5|4|5|4|1|1|1|0|0
RZ1|CHK|208|2|34|7|2|1|0|10|5|1|1|0
RZ1|209|2|Don|5|5|5|5|1|1|1|0|0
RZ1|CHK|209|2|34|7|2|1|0|10|5|1|1|0
RZ1|210|2|Don|5|6|5|6|1|1|1|0|0
RZ1|CHK|210|2|34|7|2|1|0|10|5|1|1|0
[Opponent] Deploy Roronoa Zoro ["EB04-007">EB04-007]
RZ1|211|2|EB04-007|1|1|2|2|1|1|0|-2000|0
RZ1|CHK|211|2|34|6|3|1|0|10|5|1|1|0
[Opponent] Roronoa Zoro ["EB04-007">EB04-007]: Grant Monkey D. Luffy ["OP13-001">OP13-001] 2000 until opponent's next turn end
[Opponent] Monkey D. Luffy ["OP13-001">OP13-001] attacking Krieg ["OP15-001">OP15-001]
[You] Morgan ["OP15-017">OP15-017] Blocks
[You] Discard Koby ["OP15-009">OP15-009] for Counter 2000
RZ1|212|1|OP15-009|1|0|6|6|1|1|0|0|0
RZ1|CHK|212|1|35|0|5|3|1|7|7|0|1|2
Monkey D. Luffy ["OP13-001">OP13-001][7000] vs Morgan ["OP15-017">OP15-017][8000]
Attack Fails
[Opponent] Roronoa Zoro ["EB04-007">EB04-007] attacking Morgan ["OP15-017">OP15-017]
Roronoa Zoro ["EB04-007">EB04-007][7000] vs Morgan ["OP15-017">OP15-017][6000]
[You] Morgan ["OP15-017">OP15-017] Destroyed
RZ1|213|1|OP15-017|2|3|6|7|1|1|0|0|0
RZ1|CHK|213|1|35|0|4|3|1|7|8|0|1|2
RZ1|214|2|Don|5|7|5|7|1|1|1|0|0
RZ1|CHK|214|2|34|6|3|1|0|10|5|1|1|0
[Opponent] Deploy Nami ["EB02-017">EB02-017]
RZ1|215|2|EB02-017|1|3|2|3|1|1|0|-2000|0
RZ1|CHK|215|2|34|5|4|1|0|10|5|1|1|0
RZ1|216|2|OP10-011|0|30|1|5|1|1|0|0|0
RZ1|CHK|216|2|33|6|4|1|0|10|5|1|1|0
[Opponent] Nami ["EB02-017">EB02-017]: <b>Reveal and Draw Tony Tony Chopper ["OP10-011">OP10-011]</b>
[Opponent] Placing Cards on Bottom of Deck
RZ1|217|2|OP14-031|0|32|0|0|0|0|0|0|0
RZ1|CHK|217|2|33|6|4|1|0|10|5|1|1|0
RZ1|218|2|OP13-040|0|32|0|0|0|0|0|0|0
RZ1|CHK|218|2|33|6|4|1|0|10|5|1|1|0
RZ1|219|2|OP13-118|0|32|0|0|0|0|0|0|0
RZ1|CHK|219|2|33|6|4|1|0|10|5|1|1|0
RZ1|220|2|OP14-022|0|32|0|0|0|0|0|0|0
RZ1|CHK|220|2|33|6|4|1|0|10|5|1|1|0
[Opponent] Thousand Sunny ["ST31-005">ST31-005]: Rest Thousand Sunny ["ST31-005">ST31-005]
[Opponent] Thousand Sunny ["ST31-005">ST31-005]: Attach 1 Rested Don to Monkey D. Luffy ["OP13-001">OP13-001]
RZ1|221|2|Don|5|0|9|9900|1|1|1|0|0
RZ1|CHK|221|2|33|6|4|1|0|9|5|1|1|1
[] Hand: [OP05-038,OP13-037,OP13-027,ST21-003,OP16-004,OP10-011]
[] Board: [EB02-017,EB04-007,EB04-007,EB02-017]
[] Trash: [OP15-035,OP13-037,OP15-032,OP13-037,OP15-035]
[] Life: 1
[] Hand: []
[] Trash: [OP15-026,OP15-026,OP12-027,OP15-023,OP15-017,OP15-007,OP15-009,OP15-017]
[] Board: [OP15-009,OP15-027,OP15-007,OP15-008]
[] Life: 3
[Opponent] End Turn
[] Hand: []
[] Board: [OP15-009,OP15-027,OP15-007,OP15-008]
[] Trash: [OP15-026,OP15-026,OP12-027,OP15-023,OP15-017,OP15-007,OP15-009,OP15-017]
[] Life: 3
[] Hand: [OP05-038,OP13-037,OP13-027,ST21-003,OP16-004,OP10-011]
[] Trash: [OP15-035,OP13-037,OP15-032,OP13-037,OP15-035]
[] Board: [EB02-017,EB04-007,EB04-007,EB02-017]
[] Life: 1
RZ1|222|1|Don|9|9900|5|0|1|1|1|0|0
RZ1|CHK|222|1|35|0|4|3|1|8|8|0|1|1
RZ1|223|1|Don|9|0|5|0|1|1|1|0|0
RZ1|CHK|223|1|35|0|4|3|1|9|8|0|1|0
[You] Draw 1 Card
[] Drew card from deck: I Know You're Strong... So I'll Go All Out ["OP13-040">OP13-040]
RZ1|224|1|OP13-040|0|34|1|0|1|1|0|0|0
RZ1|CHK|224|1|34|1|4|3|1|9|8|0|1|0
RZ1|225|1|Don|4|0|5|9|1|1|0|0|0
RZ1|CHK|225|1|34|1|4|3|0|10|8|0|1|0
[You] Draw 2 Don
[You] Gin ["OP15-007">OP15-007] attacking Monkey D. Luffy ["OP13-001">OP13-001]
[Opponent] Charlestone ["OP05-038">OP05-038]: Activate Counter
[Opponent] Charlestone ["OP05-038">OP05-038]: Rest 2 Don
RZ1|226|2|Don|5|7|5|7|1|1|1|0|0
RZ1|CHK|226|2|33|6|4|1|0|9|5|1|1|1
RZ1|227|2|Don|5|8|5|8|1|1|1|0|0
RZ1|CHK|227|2|33|6|4|1|0|9|5|1|1|1
RZ1|228|2|OP05-038|1|0|6|5|1|1|0|0|0
RZ1|CHK|228|2|33|5|4|1|0|9|6|1|1|1
[Opponent] Discard Sanji ["ST21-003">ST21-003] for Counter 2000
RZ1|229|2|ST21-003|1|2|6|6|1|1|0|0|0
RZ1|CHK|229|2|33|4|4|1|0|9|7|1|1|1
Gin ["OP15-007">OP15-007][7000] vs Monkey D. Luffy ["OP13-001">OP13-001][9000]
Attack Fails
RZ1|230|1|Don|5|0|9|9900|1|1|0|0|0
RZ1|CHK|230|1|34|1|4|3|0|9|8|0|1|1
RZ1|231|1|Don|5|0|9|9901|1|1|0|0|0
RZ1|CHK|231|1|34|1|4|3|0|8|8|0|1|2
[You] Attach 2 Don to Krieg ["OP15-001">OP15-001] (2 Total)
[You] Krieg ["OP15-001">OP15-001] attacking Monkey D. Luffy ["OP13-001">OP13-001]
[Opponent] Discard Curiel ["OP16-004">OP16-004] for Counter 2000
RZ1|232|2|OP16-004|1|2|6|7|1|1|0|0|0
RZ1|CHK|232|2|33|3|4|1|0|9|8|1|1|1
Krieg ["OP15-001">OP15-001][7000] vs Monkey D. Luffy ["OP13-001">OP13-001][9000]
Attack Fails
[You] Krieg ["OP15-008">OP15-008] attacking Roronoa Zoro ["EB04-007">EB04-007]
[Opponent] Discard Roronoa Zoro ["OP13-037">OP13-037] for Counter 1000
RZ1|233|2|OP13-037|1|0|6|8|1|1|0|0|0
RZ1|CHK|233|2|33|2|4|1|0|9|9|1|1|1
Krieg ["OP15-008">OP15-008][9000] vs Roronoa Zoro ["EB04-007">EB04-007][10000]
Attack Fails
RZ1|234|1|Don|5|0|9|0|1|1|0|0|0
RZ1|CHK|234|1|34|1|4|3|0|7|8|0|1|3
RZ1|235|1|Don|5|0|9|1|1|1|0|0|0
RZ1|CHK|235|1|34|1|4|3|0|6|8|0|1|4
RZ1|236|1|Don|5|0|9|2|1|1|0|0|0
RZ1|CHK|236|1|34|1|4|3|0|5|8|0|1|5
RZ1|237|1|Don|5|0|9|3|1|1|0|0|0
RZ1|CHK|237|1|34|1|4|3|0|4|8|0|1|6
RZ1|238|1|Don|5|0|9|4|1|1|0|0|0
RZ1|CHK|238|1|34|1|4|3|0|3|8|0|1|7
[You] Attach 5 Don to Koby ["OP15-009">OP15-009] (5 Total)
[You] Koby ["OP15-009">OP15-009] attacking Monkey D. Luffy ["OP13-001">OP13-001]
[Opponent] Discard Tony Tony Chopper ["OP10-011">OP10-011] for Counter 2000
RZ1|239|2|OP10-011|1|1|6|9|1|1|0|0|0
RZ1|CHK|239|2|33|1|4|1|0|9|10|1|1|1
Koby ["OP15-009">OP15-009][7000] vs Monkey D. Luffy ["OP13-001">OP13-001][9000]
Attack Fails
RZ1|240|1|Don|5|0|9|100|1|1|0|0|0
RZ1|CHK|240|1|34|1|4|3|0|2|8|0|1|8
RZ1|241|1|Don|5|0|9|101|1|1|0|0|0
RZ1|CHK|241|1|34|1|4|3|0|1|8|0|1|9
[You] Attach 2 Don to Dracule Mihawk ["OP15-027">OP15-027] (2 Total)
[You] Dracule Mihawk ["OP15-027">OP15-027] attacking Monkey D. Luffy ["OP13-001">OP13-001]
Dracule Mihawk ["OP15-027">OP15-027][7000] vs Monkey D. Luffy ["OP13-001">OP13-001][7000]
Monkey D. Luffy ["OP13-001">OP13-001] hit for 1 damage
RZ1|242|2|OP14-022|3|0|1|1|1|1|0|0|0
RZ1|CHK|242|2|33|2|4|0|0|9|10|1|1|1
[] Hand: [OP13-040]
[] Board: [OP15-009,OP15-027,OP15-007,OP15-008]
[] Trash: [OP15-026,OP15-026,OP12-027,OP15-023,OP15-017,OP15-007,OP15-009,OP15-017]
[] Life: 3
[] Hand: [OP13-027,OP14-022]
[] Trash: [OP15-035,OP13-037,OP15-032,OP13-037,OP15-035,OP05-038,ST21-003,OP16-004,OP13-037,OP10-011]
[] Board: [EB02-017,EB04-007,EB04-007,EB02-017]
[] Life: 0
[You] End Turn
[] Hand: [OP13-027,OP14-022]
[] Board: [EB02-017,EB04-007,EB04-007,EB02-017]
[] Trash: [OP15-035,OP13-037,OP15-032,OP13-037,OP15-035,OP05-038,ST21-003,OP16-004,OP13-037,OP10-011]
[] Life: 0
[] Hand: [OP13-040]
[] Trash: [OP15-026,OP15-026,OP12-027,OP15-023,OP15-017,OP15-007,OP15-009,OP15-017]
[] Board: [OP15-009,OP15-027,OP15-007,OP15-008]
[] Life: 3
RZ1|243|2|Don|9|9900|5|0|1|1|1|0|0
RZ1|CHK|243|2|33|2|4|0|0|10|10|1|1|0
[Opponent] Draw 1 Card
[] Drew card from deck: Nami ["OP01-016">OP01-016]
RZ1|244|2|OP01-016|0|32|1|2|1|1|0|0|0
RZ1|CHK|244|2|32|3|4|0|0|10|10|1|1|0
RZ1|245|2|Don|5|0|5|0|1|1|1|0|0
RZ1|CHK|245|2|32|3|4|0|0|10|10|1|1|0
RZ1|246|2|Don|5|1|5|1|1|1|1|0|0
RZ1|CHK|246|2|32|3|4|0|0|10|10|1|1|0
RZ1|247|2|Don|5|2|5|2|1|1|1|0|0
RZ1|CHK|247|2|32|3|4|0|0|10|10|1|1|0
RZ1|248|2|Don|5|3|5|3|1|1|1|0|0
RZ1|CHK|248|2|32|3|4|0|0|10|10|1|1|0
RZ1|249|2|Don|5|4|5|4|1|1|1|0|0
RZ1|CHK|249|2|32|3|4|0|0|10|10|1|1|0
[Opponent] Deploy Sanji ["OP13-027">OP13-027]
RZ1|250|2|OP13-027|1|0|2|4|1|1|0|-2000|0
RZ1|CHK|250|2|32|2|5|0|0|10|10|1|1|0
[Opponent] Sanji ["OP13-027">OP13-027]: Activate 1 Don
RZ1|251|2|Don|5|4|5|4|1|1|0|0|0
RZ1|CHK|251|2|32|2|5|0|0|10|10|1|1|0
[Opponent] Sanji ["OP13-027">OP13-027]: Activate 1 Don
RZ1|252|2|Don|5|3|5|3|1|1|0|0|0
RZ1|CHK|252|2|32|2|5|0|0|10|10|1|1|0
[Opponent] Thousand Sunny ["ST31-005">ST31-005]: Rest Thousand Sunny ["ST31-005">ST31-005]
[Opponent] Thousand Sunny ["ST31-005">ST31-005]: Attach 1 Rested Don to Monkey D. Luffy ["OP13-001">OP13-001]
RZ1|253|2|Don|5|0|9|9900|1|1|1|0|0
RZ1|CHK|253|2|32|2|5|0|0|9|10|1|1|1
[Opponent] Monkey D. Luffy ["OP13-001">OP13-001] attacking Krieg ["OP15-001">OP15-001]
Monkey D. Luffy ["OP13-001">OP13-001][6000] vs Krieg ["OP15-001">OP15-001][5000]
Krieg ["OP15-001">OP15-001] hit for 1 damage
RZ1|254|1|OP15-037|3|2|1|1|1|1|0|0|0
RZ1|CHK|254|1|34|2|4|2|0|1|8|0|1|9
[Opponent] Roronoa Zoro ["EB04-007">EB04-007] attacking Krieg ["OP15-001">OP15-001]
[You] I Know You're Strong... So I'll Go All Out ["OP13-040">OP13-040]: Activate Counter
[You] I Know You're Strong... So I'll Go All Out ["OP13-040">OP13-040]: Rest 1 Don
RZ1|255|1|Don|5|0|5|0|1|1|1|0|0
RZ1|CHK|255|1|34|2|4|2|0|1|8|0|1|9
RZ1|256|1|OP13-040|1|0|6|8|1|1|0|0|0
RZ1|CHK|256|1|34|1|4|2|0|1|9|0|1|9
[You] I Know You're Strong... So I'll Go All Out ["OP13-040">OP13-040]: Buff Krieg ["OP15-001">OP15-001] 3000 for the Combat
Roronoa Zoro ["EB04-007">EB04-007][7000] vs Krieg ["OP15-001">OP15-001][8000]
Attack Fails
[Opponent] Roronoa Zoro ["EB04-007">EB04-007] attacking Krieg ["OP15-001">OP15-001]
Roronoa Zoro ["EB04-007">EB04-007][7000] vs Krieg ["OP15-001">OP15-001][5000]
Krieg ["OP15-001">OP15-001] hit for 1 damage
RZ1|257|1|OP15-027|3|1|1|1|1|1|0|0|0
RZ1|CHK|257|1|34|2|4|1|0|1|9|0|1|9
RZ1|258|2|Don|5|2|9|0|1|1|0|0|0
RZ1|CHK|258|2|32|2|5|0|0|8|10|1|1|2
RZ1|259|2|Don|5|2|9|1|1|1|0|0|0
RZ1|CHK|259|2|32|2|5|0|0|7|10|1|1|3
RZ1|260|2|Don|5|2|9|2|1|1|0|0|0
RZ1|CHK|260|2|32|2|5|0|0|6|10|1|1|4
RZ1|261|2|Don|5|2|9|3|1|1|0|0|0
RZ1|CHK|261|2|32|2|5|0|0|5|10|1|1|5
RZ1|262|2|Don|5|2|9|4|1|1|0|0|0
RZ1|CHK|262|2|32|2|5|0|0|4|10|1|1|6
[Opponent] Attach 5 Don to Nami ["EB02-017">EB02-017] (5 Total)
[Opponent] Nami ["EB02-017">EB02-017] attacking Krieg ["OP15-001">OP15-001]
[You] Discard Dracule Mihawk ["OP15-027">OP15-027] for Counter 2000
RZ1|263|1|OP15-027|1|1|6|9|1|1|0|0|0
RZ1|CHK|263|1|34|1|4|1|0|1|10|0|1|9
Nami ["EB02-017">EB02-017][5000] vs Krieg ["OP15-001">OP15-001][7000]
Attack Fails
RZ1|264|2|Don|5|2|9|300|1|1|0|0|0
RZ1|CHK|264|2|32|2|5|0|0|3|10|1|1|7
RZ1|265|2|Don|5|2|9|301|1|1|0|0|0
RZ1|CHK|265|2|32|2|5|0|0|2|10|1|1|8
[Opponent] Attach 2 Don to Nami ["EB02-017">EB02-017] (2 Total)
[Opponent] Nami ["EB02-017">EB02-017] attacking Koby ["OP15-009">OP15-009]
Nami ["EB02-017">EB02-017][2000] vs Koby ["OP15-009">OP15-009][2000]
[You] Koby ["OP15-009">OP15-009] Destroyed
RZ1|266|1|Don|9|0|5|0|1|1|1|0|0
RZ1|CHK|266|1|34|1|4|1|0|2|10|0|1|8
RZ1|267|1|Don|9|0|5|0|1|1|1|0|0
RZ1|CHK|267|1|34|1|4|1|0|3|10|0|1|7
RZ1|268|1|Don|9|0|5|0|1|1|1|0|0
RZ1|CHK|268|1|34|1|4|1|0|4|10|0|1|6
RZ1|269|1|Don|9|0|5|0|1|1|1|0|0
RZ1|CHK|269|1|34|1|4|1|0|5|10|0|1|5
RZ1|270|1|Don|9|0|5|0|1|1|1|0|0
RZ1|CHK|270|1|34|1|4|1|0|6|10|0|1|4
RZ1|271|1|OP15-009|2|0|6|10|1|1|0|0|0
RZ1|CHK|271|1|34|1|3|1|0|6|11|0|1|4
[Opponent] Sanji ["OP13-027">OP13-027]: Activate 1 Don
RZ1|272|2|Don|5|1|5|1|1|1|0|0|0
RZ1|CHK|272|2|32|2|5|0|0|2|10|1|1|8
[] Hand: [OP14-022,OP01-016]
[] Board: [EB02-017,EB04-007,EB04-007,EB02-017,OP13-027]
[] Trash: [OP15-035,OP13-037,OP15-032,OP13-037,OP15-035,OP05-038,ST21-003,OP16-004,OP13-037,OP10-011]
[] Life: 0
[] Hand: [OP15-037]
[] Trash: [OP15-026,OP15-026,OP12-027,OP15-023,OP15-017,OP15-007,OP15-009,OP15-017,OP13-040,OP15-027,OP15-009]
[] Board: [OP15-027,OP15-007,OP15-008]
[] Life: 1
[Opponent] End Turn
[] Hand: [OP15-037]
[] Board: [OP15-027,OP15-007,OP15-008]
[] Trash: [OP15-026,OP15-026,OP12-027,OP15-023,OP15-017,OP15-007,OP15-009,OP15-017,OP13-040,OP15-027,OP15-009]
[] Life: 1
[] Hand: [OP14-022,OP01-016]
[] Trash: [OP15-035,OP13-037,OP15-032,OP13-037,OP15-035,OP05-038,ST21-003,OP16-004,OP13-037,OP10-011]
[] Board: [EB02-017,EB04-007,EB04-007,EB02-017,OP13-027]
[] Life: 0
RZ1|273|1|Don|9|9900|5|0|1|1|1|0|0
RZ1|CHK|273|1|34|1|3|1|0|7|11|0|1|3
RZ1|274|1|Don|9|9900|5|0|1|1|1|0|0
RZ1|CHK|274|1|34|1|3|1|0|8|11|0|1|2
RZ1|275|1|Don|9|0|5|0|1|1|1|0|0
RZ1|CHK|275|1|34|1|3|1|0|9|11|0|1|1
RZ1|276|1|Don|9|0|5|0|1|1|1|0|0
RZ1|CHK|276|1|34|1|3|1|0|10|11|0|1|0
[You] Draw 1 Card
[] Drew card from deck: Gin ["OP15-007">OP15-007]
RZ1|277|1|OP15-007|0|33|1|1|1|1|0|0|0
RZ1|CHK|277|1|33|2|3|1|0|10|11|0|1|0
[You] Gin ["OP15-007">OP15-007] attacking Monkey D. Luffy ["OP13-001">OP13-001]
[Opponent] Discard Usopp ["OP14-022">OP14-022] for Counter 1000
RZ1|278|2|OP14-022|1|0|6|10|1|1|0|0|0
RZ1|CHK|278|2|32|1|5|0|0|2|11|1|1|8
[Opponent] Discard Nami ["OP01-016">OP01-016] for Counter 1000
RZ1|279|2|OP01-016|1|0|6|11|1|1|0|0|0
RZ1|CHK|279|2|32|0|5|0|0|2|12|1|1|8
Gin ["OP15-007">OP15-007][7000] vs Monkey D. Luffy ["OP13-001">OP13-001][7000]
Monkey D. Luffy ["OP13-001">OP13-001] hit for 1 damage
[Opponent] <b>Downloaded the Combat Log!</b>
GameOver