Version is 1.42c.22
[You] Leader is Krieg ["OP15-001">OP15-001]
[Opponent] Leader is Jewelry Bonney ["OP07-019">OP07-019]
RZ1|12|2|OP07-026|0|27|0|0|0|0|0|0|0
RZ1|CHK|12|2|50|0|0|0|10|0|0|0|1|0
RZ1|13|2|OP04-032|0|13|0|1|0|0|0|0|0
RZ1|CHK|13|2|50|0|0|0|10|0|0|0|1|0
RZ1|14|2|OP08-023|0|33|0|2|0|0|0|0|0
RZ1|CHK|14|2|50|0|0|0|10|0|0|0|1|0
RZ1|15|2|OP07-029|0|30|0|3|0|0|0|0|0
RZ1|CHK|15|2|50|0|0|0|10|0|0|0|1|0
RZ1|16|2|OP01-051|0|10|0|4|0|0|0|0|0
RZ1|CHK|16|2|50|0|0|0|10|0|0|0|1|0
RZ1|17|2|ST02-013|0|40|0|5|0|0|0|0|0
RZ1|CHK|17|2|50|0|0|0|10|0|0|0|1|0
RZ1|18|2|OP04-029|0|12|0|6|0|0|0|0|0
RZ1|CHK|18|2|50|0|0|0|10|0|0|0|1|0
RZ1|19|2|OP07-021|0|28|0|7|0|0|0|0|0
RZ1|CHK|19|2|50|0|0|0|10|0|0|0|1|0
RZ1|20|2|EB01-015|0|9|0|8|0|0|0|0|0
RZ1|CHK|20|2|50|0|0|0|10|0|0|0|1|0
RZ1|21|2|OP08-036|0|48|0|9|0|0|0|0|0
RZ1|CHK|21|2|50|0|0|0|10|0|0|0|1|0
RZ1|22|2|OP01-058|0|45|0|10|0|0|0|0|0
RZ1|CHK|22|2|50|0|0|0|10|0|0|0|1|0
RZ1|23|2|EB01-015|0|14|0|11|0|0|0|0|0
RZ1|CHK|23|2|50|0|0|0|10|0|0|0|1|0
RZ1|24|2|ST16-004|0|44|0|12|0|0|0|0|0
RZ1|CHK|24|2|50|0|0|0|10|0|0|0|1|0
RZ1|25|2|OP05-034|0|26|0|13|0|0|0|0|0
RZ1|CHK|25|2|50|0|0|0|10|0|0|0|1|0
RZ1|26|2|OP08-023|0|38|0|14|0|0|0|0|0
RZ1|CHK|26|2|50|0|0|0|10|0|0|0|1|0
RZ1|27|2|OP05-030|0|26|0|15|0|0|0|0|0
RZ1|CHK|27|2|50|0|0|0|10|0|0|0|1|0
RZ1|28|2|EB01-015|0|17|0|16|0|0|0|0|0
RZ1|CHK|28|2|50|0|0|0|10|0|0|0|1|0
RZ1|29|2|ST02-007|0|39|0|17|0|0|0|0|0
RZ1|CHK|29|2|50|0|0|0|10|0|0|0|1|0
RZ1|30|2|ST02-007|0|42|0|18|0|0|0|0|0
RZ1|CHK|30|2|50|0|0|0|10|0|0|0|1|0
RZ1|31|2|OP08-036|0|49|0|19|0|0|0|0|0
RZ1|CHK|31|2|50|0|0|0|10|0|0|0|1|0
RZ1|32|2|OP07-021|0|35|0|20|0|0|0|0|0
RZ1|CHK|32|2|50|0|0|0|10|0|0|0|1|0
RZ1|33|2|OP04-031|0|26|0|21|0|0|0|0|0
RZ1|CHK|33|2|50|0|0|0|10|0|0|0|1|0
RZ1|34|2|OP01-033|0|24|0|22|0|0|0|0|0
RZ1|CHK|34|2|50|0|0|0|10|0|0|0|1|0
RZ1|35|2|OP07-029|0|40|0|23|0|0|0|0|0
RZ1|CHK|35|2|50|0|0|0|10|0|0|0|1|0
RZ1|36|2|OP07-021|0|37|0|24|0|0|0|0|0
RZ1|CHK|36|2|50|0|0|0|10|0|0|0|1|0
RZ1|37|2|OP05-030|0|32|0|25|0|0|0|0|0
RZ1|CHK|37|2|50|0|0|0|10|0|0|0|1|0
RZ1|38|2|OP05-030|0|32|0|26|0|0|0|0|0
RZ1|CHK|38|2|50|0|0|0|10|0|0|0|1|0
RZ1|39|2|OP07-029|0|40|0|27|0|0|0|0|0
RZ1|CHK|39|2|50|0|0|0|10|0|0|0|1|0
RZ1|40|2|OP06-035|0|35|0|28|0|0|0|0|0
RZ1|CHK|40|2|50|0|0|0|10|0|0|0|1|0
RZ1|41|2|ST02-007|0|43|0|29|0|0|0|0|0
RZ1|CHK|41|2|50|0|0|0|10|0|0|0|1|0
RZ1|42|2|OP06-035|0|37|0|30|0|0|0|0|0
RZ1|CHK|42|2|50|0|0|0|10|0|0|0|1|0
RZ1|43|2|OP05-037|0|47|0|31|0|0|0|0|0
RZ1|CHK|43|2|50|0|0|0|10|0|0|0|1|0
RZ1|44|2|OP06-035|0|39|0|32|0|0|0|0|0
RZ1|CHK|44|2|50|0|0|0|10|0|0|0|1|0
RZ1|45|2|ST02-013|0|45|0|34|0|0|0|0|0
RZ1|CHK|45|2|50|0|0|0|10|0|0|0|1|0
RZ1|46|2|OP08-023|0|44|0|35|0|0|0|0|0
RZ1|CHK|46|2|50|0|0|0|10|0|0|0|1|0
RZ1|47|2|OP04-119|0|40|0|36|0|0|0|0|0
RZ1|CHK|47|2|50|0|0|0|10|0|0|0|1|0
RZ1|48|2|OP05-037|0|49|0|37|0|0|0|0|0
RZ1|CHK|48|2|50|0|0|0|10|0|0|0|1|0
RZ1|49|2|OP07-026|0|45|0|38|0|0|0|0|0
RZ1|CHK|49|2|50|0|0|0|10|0|0|0|1|0
RZ1|50|2|OP04-029|0|41|0|39|0|0|0|0|0
RZ1|CHK|50|2|50|0|0|0|10|0|0|0|1|0
RZ1|51|2|OP04-029|0|41|0|40|0|0|0|0|0
RZ1|CHK|51|2|50|0|0|0|10|0|0|0|1|0
RZ1|52|2|OP05-034|0|43|0|41|0|0|0|0|0
RZ1|CHK|52|2|50|0|0|0|10|0|0|0|1|0
RZ1|53|2|ST02-007|0|46|0|42|0|0|0|0|0
RZ1|CHK|53|2|50|0|0|0|10|0|0|0|1|0
RZ1|54|2|OP07-026|0|46|0|43|0|0|0|0|0
RZ1|CHK|54|2|50|0|0|0|10|0|0|0|1|0
RZ1|55|2|ST16-004|0|47|0|46|0|0|0|0|0
RZ1|CHK|55|2|50|0|0|0|10|0|0|0|1|0
RZ1|56|2|OP05-037|0|49|0|48|0|0|0|0|0
RZ1|CHK|56|2|50|0|0|0|10|0|0|0|1|0
[] Drew card from deck: Morgan ["OP15-017">OP15-017]
RZ1|57|1|OP15-017|0|49|1|0|1|1|0|0|0
RZ1|CHK|57|1|49|1|0|0|10|0|0|0|1|0
[] Drew card from deck: Arlong ["OP15-023">OP15-023]
RZ1|58|1|OP15-023|0|48|1|1|1|1|0|0|0
RZ1|CHK|58|1|48|2|0|0|10|0|0|0|1|0
[] Drew card from deck: Kuro ["OP15-025">OP15-025]
RZ1|59|1|OP15-025|0|47|1|2|1|1|0|0|0
RZ1|CHK|59|1|47|3|0|0|10|0|0|0|1|0
[] Drew card from deck: Kuro ["OP15-025">OP15-025]
RZ1|60|1|OP15-025|0|46|1|3|1|1|0|0|0
RZ1|CHK|60|1|46|4|0|0|10|0|0|0|1|0
[] Drew card from deck: Kuro ["OP15-025">OP15-025]
RZ1|61|1|OP15-025|0|45|1|4|1|1|0|0|0
RZ1|CHK|61|1|45|5|0|0|10|0|0|0|1|0
[] Drew card from deck: Punk Gibson ["OP01-058">OP01-058]
RZ1|62|2|OP01-058|0|49|1|0|1|1|0|0|0
RZ1|CHK|62|2|49|1|0|0|10|0|0|0|1|0
[] Drew card from deck: Whoever Wins This War Becomes Justice!! ["OP05-037">OP05-037]
RZ1|63|2|OP05-037|0|48|1|1|1|1|0|0|0
RZ1|CHK|63|2|48|2|0|0|10|0|0|0|1|0
[] Drew card from deck: Uroge ["OP07-021">OP07-021]
RZ1|64|2|OP07-021|0|47|1|2|1|1|0|0|0
RZ1|CHK|64|2|47|3|0|0|10|0|0|0|1|0
[] Drew card from deck: Shanks ["ST16-004">ST16-004]
RZ1|65|2|ST16-004|0|46|1|3|1|1|0|0|0
RZ1|CHK|65|2|46|4|0|0|10|0|0|0|1|0
[] Drew card from deck: Baby 5 ["OP04-032">OP04-032]
RZ1|66|2|OP04-032|0|45|1|4|1|1|0|0|0
RZ1|CHK|66|2|45|5|0|0|10|0|0|0|1|0
RZ1|67|1|OP15-028|0|44|3|0|1|0|0|0|0
RZ1|CHK|67|1|44|5|0|1|10|0|0|0|1|0
RZ1|68|1|OP15-026|0|43|3|1|1|0|0|0|0
RZ1|CHK|68|1|43|5|0|2|10|0|0|0|1|0
RZ1|69|1|OP15-007|0|42|3|2|1|0|0|0|0
RZ1|CHK|69|1|42|5|0|3|10|0|0|0|1|0
RZ1|70|1|OP15-008|0|41|3|3|1|0|0|0|0
RZ1|CHK|70|1|41|5|0|4|10|0|0|0|1|0
RZ1|71|2|OP01-058|1|0|0|45|0|0|0|0|0
RZ1|CHK|71|2|46|4|0|0|10|0|0|0|1|0
RZ1|72|2|OP05-037|1|0|0|46|0|0|0|0|0
RZ1|CHK|72|2|47|3|0|0|10|0|0|0|1|0
RZ1|73|2|OP07-021|1|0|0|47|0|0|0|0|0
RZ1|CHK|73|2|48|2|0|0|10|0|0|0|1|0
RZ1|74|2|ST16-004|1|0|0|48|0|0|0|0|0
RZ1|CHK|74|2|49|1|0|0|10|0|0|0|1|0
RZ1|75|2|OP04-032|1|0|0|49|0|0|0|0|0
RZ1|CHK|75|2|50|0|0|0|10|0|0|0|1|0
RZ1|76|2|OP07-026|0|38|0|0|0|0|0|0|0
RZ1|CHK|76|2|50|0|0|0|10|0|0|0|1|0
RZ1|77|2|OP05-030|0|26|0|1|0|0|0|0|0
RZ1|CHK|77|2|50|0|0|0|10|0|0|0|1|0
RZ1|78|2|EB01-015|0|10|0|2|0|0|0|0|0
RZ1|CHK|78|2|50|0|0|0|10|0|0|0|1|0
RZ1|79|2|OP08-036|0|21|0|3|0|0|0|0|0
RZ1|CHK|79|2|50|0|0|0|10|0|0|0|1|0
RZ1|80|2|OP08-023|0|6|0|4|0|0|0|0|0
RZ1|CHK|80|2|50|0|0|0|10|0|0|0|1|0
RZ1|81|2|OP07-021|0|47|0|5|0|0|0|0|0
RZ1|CHK|81|2|50|0|0|0|10|0|0|0|1|0
RZ1|82|2|OP05-037|0|33|0|6|0|0|0|0|0
RZ1|CHK|82|2|50|0|0|0|10|0|0|0|1|0
RZ1|83|2|OP07-029|0|9|0|7|0|0|0|0|0
RZ1|CHK|83|2|50|0|0|0|10|0|0|0|1|0
RZ1|84|2|OP04-032|0|49|0|8|0|0|0|0|0
RZ1|CHK|84|2|50|0|0|0|10|0|0|0|1|0
RZ1|85|2|ST02-013|0|12|0|9|0|0|0|0|0
RZ1|CHK|85|2|50|0|0|0|10|0|0|0|1|0
RZ1|86|2|OP07-029|0|31|0|10|0|0|0|0|0
RZ1|CHK|86|2|50|0|0|0|10|0|0|0|1|0
RZ1|87|2|OP05-030|0|31|0|11|0|0|0|0|0
RZ1|CHK|87|2|50|0|0|0|10|0|0|0|1|0
RZ1|88|2|EB01-015|0|24|0|12|0|0|0|0|0
RZ1|CHK|88|2|50|0|0|0|10|0|0|0|1|0
RZ1|89|2|OP04-029|0|16|0|13|0|0|0|0|0
RZ1|CHK|89|2|50|0|0|0|10|0|0|0|1|0
RZ1|90|2|OP05-037|0|48|0|14|0|0|0|0|0
RZ1|CHK|90|2|50|0|0|0|10|0|0|0|1|0
RZ1|91|2|OP06-035|0|33|0|15|0|0|0|0|0
RZ1|CHK|91|2|50|0|0|0|10|0|0|0|1|0
RZ1|92|2|OP04-029|0|43|0|16|0|0|0|0|0
RZ1|CHK|92|2|50|0|0|0|10|0|0|0|1|0
RZ1|93|2|OP07-021|0|30|0|17|0|0|0|0|0
RZ1|CHK|93|2|50|0|0|0|10|0|0|0|1|0
RZ1|94|2|OP01-058|0|23|0|18|0|0|0|0|0
RZ1|CHK|94|2|50|0|0|0|10|0|0|0|1|0
RZ1|95|2|EB01-012|0|38|0|19|0|0|0|0|0
RZ1|CHK|95|2|50|0|0|0|10|0|0|0|1|0
RZ1|96|2|OP04-119|0|41|0|20|0|0|0|0|0
RZ1|CHK|96|2|50|0|0|0|10|0|0|0|1|0
RZ1|97|2|OP05-034|0|28|0|21|0|0|0|0|0
RZ1|CHK|97|2|50|0|0|0|10|0|0|0|1|0
RZ1|98|2|ST02-013|0|40|0|22|0|0|0|0|0
RZ1|CHK|98|2|50|0|0|0|10|0|0|0|1|0
RZ1|99|2|OP06-035|0|39|0|23|0|0|0|0|0
RZ1|CHK|99|2|50|0|0|0|10|0|0|0|1|0
RZ1|100|2|ST02-007|0|39|0|24|0|0|0|0|0
RZ1|CHK|100|2|50|0|0|0|10|0|0|0|1|0
RZ1|101|2|OP04-031|0|36|0|25|0|0|0|0|0
RZ1|CHK|101|2|50|0|0|0|10|0|0|0|1|0
RZ1|102|2|ST02-007|0|36|0|26|0|0|0|0|0
RZ1|CHK|102|2|50|0|0|0|10|0|0|0|1|0
RZ1|103|2|EB01-015|0|47|0|29|0|0|0|0|0
RZ1|CHK|103|2|50|0|0|0|10|0|0|0|1|0
RZ1|104|2|OP05-030|0|36|0|30|0|0|0|0|0
RZ1|CHK|104|2|50|0|0|0|10|0|0|0|1|0
RZ1|105|2|OP05-037|0|43|0|31|0|0|0|0|0
RZ1|CHK|105|2|50|0|0|0|10|0|0|0|1|0
RZ1|106|2|ST02-007|0|46|0|32|0|0|0|0|0
RZ1|CHK|106|2|50|0|0|0|10|0|0|0|1|0
RZ1|107|2|OP06-035|0|43|0|33|0|0|0|0|0
RZ1|CHK|107|2|50|0|0|0|10|0|0|0|1|0
RZ1|108|2|ST16-004|0|38|0|34|0|0|0|0|0
RZ1|CHK|108|2|50|0|0|0|10|0|0|0|1|0
RZ1|109|2|OP08-036|0|37|0|35|0|0|0|0|0
RZ1|CHK|109|2|50|0|0|0|10|0|0|0|1|0
RZ1|110|2|ST16-004|0|49|0|36|0|0|0|0|0
RZ1|CHK|110|2|50|0|0|0|10|0|0|0|1|0
RZ1|111|2|OP01-058|0|49|0|37|0|0|0|0|0
RZ1|CHK|111|2|50|0|0|0|10|0|0|0|1|0
RZ1|112|2|ST02-007|0|42|0|38|0|0|0|0|0
RZ1|CHK|112|2|50|0|0|0|10|0|0|0|1|0
RZ1|113|2|OP08-023|0|42|0|39|0|0|0|0|0
RZ1|CHK|113|2|50|0|0|0|10|0|0|0|1|0
RZ1|114|2|EB01-015|0|42|0|40|0|0|0|0|0
RZ1|CHK|114|2|50|0|0|0|10|0|0|0|1|0
RZ1|115|2|OP07-026|0|49|0|41|0|0|0|0|0
RZ1|CHK|115|2|50|0|0|0|10|0|0|0|1|0
RZ1|116|2|OP07-021|0|46|0|42|0|0|0|0|0
RZ1|CHK|116|2|50|0|0|0|10|0|0|0|1|0
RZ1|117|2|OP04-029|0|48|0|43|0|0|0|0|0
RZ1|CHK|117|2|50|0|0|0|10|0|0|0|1|0
RZ1|118|2|OP01-033|0|46|0|44|0|0|0|0|0
RZ1|CHK|118|2|50|0|0|0|10|0|0|0|1|0
RZ1|119|2|OP05-034|0|49|0|45|0|0|0|0|0
RZ1|CHK|119|2|50|0|0|0|10|0|0|0|1|0
RZ1|120|2|OP08-023|0|49|0|46|0|0|0|0|0
RZ1|CHK|120|2|50|0|0|0|10|0|0|0|1|0
RZ1|121|2|OP07-029|0|49|0|48|0|0|0|0|0
RZ1|CHK|121|2|50|0|0|0|10|0|0|0|1|0
[] Drew card from deck: Uroge ["OP07-021">OP07-021]
RZ1|122|2|OP07-021|0|49|1|0|1|1|0|0|0
RZ1|CHK|122|2|49|1|0|0|10|0|0|0|1|0
[] Drew card from deck: Basil Hawkins ["OP07-029">OP07-029]
RZ1|123|2|OP07-029|0|48|1|1|1|1|0|0|0
RZ1|CHK|123|2|48|2|0|0|10|0|0|0|1|0
[] Drew card from deck: Eustass "Captain" Kid ["OP01-051">OP01-051]
RZ1|124|2|OP01-051|0|47|1|2|1|1|0|0|0
RZ1|CHK|124|2|47|3|0|0|10|0|0|0|1|0
[] Drew card from deck: Carrot ["OP08-023">OP08-023]
RZ1|125|2|OP08-023|0|46|1|3|1|1|0|0|0
RZ1|CHK|125|2|46|4|0|0|10|0|0|0|1|0
[] Drew card from deck: Baby 5 ["OP05-034">OP05-034]
RZ1|126|2|OP05-034|0|45|1|4|1|1|0|0|0
RZ1|CHK|126|2|45|5|0|0|10|0|0|0|1|0
RZ1|127|2|OP01-033|0|44|3|0|0|1|0|0|0
RZ1|CHK|127|2|44|5|0|1|10|0|0|0|1|0
RZ1|128|2|OP04-029|0|43|3|1|0|1|0|0|0
RZ1|CHK|128|2|43|5|0|2|10|0|0|0|1|0
RZ1|129|2|OP07-021|0|42|3|2|0|1|0|0|0
RZ1|CHK|129|2|42|5|0|3|10|0|0|0|1|0
RZ1|130|2|OP07-026|0|41|3|3|0|1|0|0|0
RZ1|CHK|130|2|41|5|0|4|10|0|0|0|1|0
RZ1|131|2|EB01-015|0|40|3|4|0|1|0|0|0
RZ1|CHK|131|2|40|5|0|5|10|0|0|0|1|0
[] Hand after Mulligan: [OP07-021,OP07-029,OP01-051,OP08-023,OP05-034]
[Opponent] Mulligan
[] Hand: [OP15-017,OP15-023,OP15-025,OP15-025,OP15-025]
[] Board: []
[] Trash: []
[] Life: 4
[] Hand: [OP07-021,OP07-029,OP01-051,OP08-023,OP05-034]
[] Trash: []
[] Board: []
[] Life: 5
RZ1|132|1|Don|4|9|5|0|1|1|0|0|0
RZ1|CHK|132|1|41|5|0|4|9|1|0|0|1|0
[You] Draw 1 Don
RZ1|133|1|Don|5|0|9|9900|1|1|0|0|0
RZ1|CHK|133|1|41|5|0|4|9|0|0|0|1|1
[You] Attach 1 Don to Krieg ["OP15-001">OP15-001] (1 Total)
[] Hand: [OP15-017,OP15-023,OP15-025,OP15-025,OP15-025]
[] Board: []
[] Trash: []
[] Life: 4
[] Hand: [OP07-021,OP07-029,OP01-051,OP08-023,OP05-034]
[] Trash: []
[] Board: []
[] Life: 5
[You] End Turn
[] Hand: [OP07-021,OP07-029,OP01-051,OP08-023,OP05-034]
[] Board: []
[] Trash: []
[] Life: 5
[] Hand: [OP15-017,OP15-023,OP15-025,OP15-025,OP15-025]
[] Trash: []
[] Board: []
[] Life: 4
[Opponent] Draw 1 Card
[] Drew card from deck: Carrot ["OP08-023">OP08-023]
RZ1|134|2|OP08-023|0|39|1|5|1|1|0|0|0
RZ1|CHK|134|2|39|6|0|5|10|0|0|0|1|0
RZ1|135|2|Don|4|9|5|0|1|1|0|0|0
RZ1|CHK|135|2|39|6|0|5|9|1|0|0|1|0
RZ1|136|2|Don|4|8|5|1|1|1|0|0|0
RZ1|CHK|136|2|39|6|0|5|8|2|0|0|1|0
[Opponent] Draw 2 Don
RZ1|137|2|Don|5|0|5|0|1|1|1|0|0
RZ1|CHK|137|2|39|6|0|5|8|2|0|0|1|0
[Opponent] Deploy Baby 5 ["OP05-034">OP05-034]
RZ1|138|2|OP05-034|1|4|2|0|1|1|0|0|0
RZ1|CHK|138|2|39|5|1|5|8|2|0|0|1|0
[Opponent] <b>Picked no cards to Draw</b>
RZ1|139|2|ST02-007|0|38|0|0|0|0|0|0|0
RZ1|CHK|139|2|39|5|1|5|8|2|0|0|1|0
RZ1|140|2|OP01-058|0|38|0|0|0|0|0|0|0
RZ1|CHK|140|2|39|5|1|5|8|2|0|0|1|0
RZ1|141|2|ST16-004|0|38|0|0|0|0|0|0|0
RZ1|CHK|141|2|39|5|1|5|8|2|0|0|1|0
RZ1|142|2|OP08-036|0|38|0|0|0|0|0|0|0
RZ1|CHK|142|2|39|5|1|5|8|2|0|0|1|0
RZ1|143|2|ST16-004|0|38|0|0|0|0|0|0|0
RZ1|CHK|143|2|39|5|1|5|8|2|0|0|1|0
RZ1|144|2|Don|5|1|5|1|1|1|1|0|0
RZ1|CHK|144|2|39|5|1|5|8|2|0|0|1|0
[] Hand: [OP07-021,OP07-029,OP01-051,OP08-023,OP08-023]
[] Board: [OP05-034]
[] Trash: []
[] Life: 5
[] Hand: [OP15-017,OP15-023,OP15-025,OP15-025,OP15-025]
[] Trash: []
[] Board: []
[] Life: 4
[Opponent] End Turn
[] Hand: [OP15-017,OP15-023,OP15-025,OP15-025,OP15-025]
[] Board: []
[] Trash: []
[] Life: 4
[] Hand: [OP07-021,OP07-029,OP01-051,OP08-023,OP08-023]
[] Trash: []
[] Board: [OP05-034]
[] Life: 5
RZ1|145|1|Don|9|9900|5|0|1|1|1|0|0
RZ1|CHK|145|1|41|5|0|4|9|1|0|0|1|0
[You] Draw 1 Card
[] Drew card from deck: I Know You're Strong... So I'll Go All Out ["OP13-040">OP13-040]
RZ1|146|1|OP13-040|0|40|1|5|1|1|0|0|0
RZ1|CHK|146|1|40|6|0|4|9|1|0|0|1|0
RZ1|147|1|Don|4|8|5|1|1|1|0|0|0
RZ1|CHK|147|1|40|6|0|4|8|2|0|0|1|0
RZ1|148|1|Don|4|7|5|2|1|1|0|0|0
RZ1|CHK|148|1|40|6|0|4|7|3|0|0|1|0
[You] Draw 2 Don
RZ1|149|1|Don|5|0|9|9900|1|1|0|0|0
RZ1|CHK|149|1|40|6|0|4|7|2|0|0|1|1
RZ1|150|1|Don|5|0|9|9901|1|1|0|0|0
RZ1|CHK|150|1|40|6|0|4|7|1|0|0|1|2
[You] Attach 2 Don to Krieg ["OP15-001">OP15-001] (2 Total)
[You] Krieg ["OP15-001">OP15-001] attacking Jewelry Bonney ["OP07-019">OP07-019]
Krieg ["OP15-001">OP15-001][7000] vs Jewelry Bonney ["OP07-019">OP07-019][5000]
Jewelry Bonney ["OP07-019">OP07-019] hit for 1 damage
RZ1|151|2|EB01-015|3|4|1|5|1|1|0|0|0
RZ1|CHK|151|2|39|6|1|4|8|2|0|0|1|0
[] Hand: [OP15-017,OP15-023,OP15-025,OP15-025,OP15-025,OP13-040]
[] Board: []
[] Trash: []
[] Life: 4
[] Hand: [OP07-021,OP07-029,OP01-051,OP08-023,OP08-023,EB01-015]
[] Trash: []
[] Board: [OP05-034]
[] Life: 4
[You] End Turn
[] Hand: [OP07-021,OP07-029,OP01-051,OP08-023,OP08-023,EB01-015]
[] Board: [OP05-034]
[] Trash: []
[] Life: 4
[] Hand: [OP15-017,OP15-023,OP15-025,OP15-025,OP15-025,OP13-040]
[] Trash: []
[] Board: []
[] Life: 4
[Opponent] Draw 1 Card
[] Drew card from deck: Hody Jones ["OP06-035">OP06-035]
RZ1|152|2|OP06-035|0|38|1|6|1|1|0|0|0
RZ1|CHK|152|2|38|7|1|4|8|2|0|0|1|0
RZ1|153|2|Don|4|7|5|2|1|1|0|0|0
RZ1|CHK|153|2|38|7|1|4|7|3|0|0|1|0
RZ1|154|2|Don|4|6|5|3|1|1|0|0|0
RZ1|CHK|154|2|38|7|1|4|6|4|0|0|1|0
[Opponent] Draw 2 Don
RZ1|155|2|Don|5|0|5|0|1|1|1|0|0
RZ1|CHK|155|2|38|7|1|4|6|4|0|0|1|0
RZ1|156|2|Don|5|1|5|1|1|1|1|0|0
RZ1|CHK|156|2|38|7|1|4|6|4|0|0|1|0
RZ1|157|2|Don|5|2|5|2|1|1|1|0|0
RZ1|CHK|157|2|38|7|1|4|6|4|0|0|1|0
RZ1|158|2|Don|5|3|5|3|1|1|1|0|0
RZ1|CHK|158|2|38|7|1|4|6|4|0|0|1|0
[Opponent] Deploy Uroge ["OP07-021">OP07-021]
RZ1|159|2|OP07-021|1|0|2|1|1|1|0|0|0
RZ1|CHK|159|2|38|6|2|4|6|4|0|0|1|0
[Opponent] Jewelry Bonney ["OP07-019">OP07-019] attacking Krieg ["OP15-001">OP15-001]
[You] Discard Morgan ["OP15-017">OP15-017] for Counter 1000
RZ1|160|1|OP15-017|1|0|6|0|1|1|0|0|0
RZ1|CHK|160|1|40|5|0|4|7|1|1|0|1|2
Jewelry Bonney ["OP07-019">OP07-019][5000] vs Krieg ["OP15-001">OP15-001][6000]
Attack Fails
[Opponent] Uroge ["OP07-021">OP07-021]: Activate 1 Don
RZ1|161|2|Don|5|3|5|3|1|1|0|0|0
RZ1|CHK|161|2|38|6|2|4|6|4|0|0|1|0
[] Hand: [OP07-029,OP01-051,OP08-023,OP08-023,EB01-015,OP06-035]
[] Board: [OP05-034,OP07-021]
[] Trash: []
[] Life: 4
[] Hand: [OP15-023,OP15-025,OP15-025,OP15-025,OP13-040]
[] Trash: [OP15-017]
[] Board: []
[] Life: 4
[Opponent] End Turn
[] Hand: [OP15-023,OP15-025,OP15-025,OP15-025,OP13-040]
[] Board: []
[] Trash: [OP15-017]
[] Life: 4
[] Hand: [OP07-029,OP01-051,OP08-023,OP08-023,EB01-015,OP06-035]
[] Trash: []
[] Board: [OP05-034,OP07-021]
[] Life: 4
RZ1|162|1|Don|9|9900|5|0|1|1|1|0|0
RZ1|CHK|162|1|40|5|0|4|7|2|1|0|1|1
RZ1|163|1|Don|9|9900|5|0|1|1|1|0|0
RZ1|CHK|163|1|40|5|0|4|7|3|1|0|1|0
[You] Draw 1 Card
[] Drew card from deck: The Outcome Will Tell Us Who's Strong and Who's Weak ["OP15-037">OP15-037]
RZ1|164|1|OP15-037|0|39|1|5|1|1|0|0|0
RZ1|CHK|164|1|39|6|0|4|7|3|1|0|1|0
RZ1|165|1|Don|4|6|5|3|1|1|0|0|0
RZ1|CHK|165|1|39|6|0|4|6|4|1|0|1|0
RZ1|166|1|Don|4|5|5|4|1|1|0|0|0
RZ1|CHK|166|1|39|6|0|4|5|5|1|0|1|0
[You] Draw 2 Don
RZ1|167|1|Don|5|0|9|9900|1|1|0|0|0
RZ1|CHK|167|1|39|6|0|4|5|4|1|0|1|1
[You] Attach 1 Don to Krieg ["OP15-001">OP15-001] (1 Total)
RZ1|168|1|Don|5|0|5|0|1|1|1|0|0
RZ1|CHK|168|1|39|6|0|4|5|4|1|0|1|1
RZ1|169|1|Don|5|1|5|1|1|1|1|0|0
RZ1|CHK|169|1|39|6|0|4|5|4|1|0|1|1
RZ1|170|1|Don|5|2|5|2|1|1|1|0|0
RZ1|CHK|170|1|39|6|0|4|5|4|1|0|1|1
RZ1|171|1|Don|5|3|5|3|1|1|1|0|0
RZ1|CHK|171|1|39|6|0|4|5|4|1|0|1|1
[You] Deploy Arlong ["OP15-023">OP15-023]
RZ1|172|1|OP15-023|1|0|2|0|1|1|0|0|0
RZ1|CHK|172|1|39|5|1|4|5|4|1|0|1|1
[You] Arlong ["OP15-023">OP15-023]: Attach 1 Rested Don to Uroge ["OP07-021">OP07-021]
RZ1|173|2|Don|5|0|9|100|1|1|1|0|0
RZ1|CHK|173|2|38|6|2|4|6|3|0|0|1|1
[You] Krieg ["OP15-001">OP15-001] attacking Jewelry Bonney ["OP07-019">OP07-019]
[Opponent] Jewelry Bonney ["OP07-019">OP07-019]: Rest 1 Don
RZ1|174|2|Don|5|2|5|2|1|1|1|0|0
RZ1|CHK|174|2|38|6|2|4|6|3|0|0|1|1
[Opponent] Jewelry Bonney ["OP07-019">OP07-019]: Rest Arlong ["OP15-023">OP15-023]
[Opponent] Discard Scratchmen Apoo ["EB01-015">EB01-015] for Counter 2000
RZ1|175|2|EB01-015|1|4|6|0|1|1|0|0|0
RZ1|CHK|175|2|38|5|2|4|6|3|1|0|1|1
Krieg ["OP15-001">OP15-001][6000] vs Jewelry Bonney ["OP07-019">OP07-019][7000]
Attack Fails
[] Hand: [OP15-025,OP15-025,OP15-025,OP13-040,OP15-037]
[] Board: [OP15-023]
[] Trash: [OP15-017]
[] Life: 4
[] Hand: [OP07-029,OP01-051,OP08-023,OP08-023,OP06-035]
[] Trash: [EB01-015]
[] Board: [OP05-034,OP07-021]
[] Life: 4
[You] End Turn
[] Hand: [OP07-029,OP01-051,OP08-023,OP08-023,OP06-035]
[] Board: [OP05-034,OP07-021]
[] Trash: [EB01-015]
[] Life: 4
[] Hand: [OP15-025,OP15-025,OP15-025,OP13-040,OP15-037]
[] Trash: [OP15-017]
[] Board: [OP15-023]
[] Life: 4
RZ1|176|2|Don|9|100|5|0|1|1|1|0|0
RZ1|CHK|176|2|38|5|2|4|6|4|1|0|1|0
[Opponent] Draw 1 Card
[] Drew card from deck: Jewelry Bonney ["ST02-007">ST02-007]
RZ1|177|2|ST02-007|0|37|1|5|1|1|0|0|0
RZ1|CHK|177|2|37|6|2|4|6|4|1|0|1|0
RZ1|178|2|Don|4|5|5|4|1|1|0|0|0
RZ1|CHK|178|2|37|6|2|4|5|5|1|0|1|0
RZ1|179|2|Don|4|4|5|5|1|1|0|0|0
RZ1|CHK|179|2|37|6|2|4|4|6|1|0|1|0
[Opponent] Draw 2 Don
RZ1|180|2|Don|5|0|5|0|1|1|1|0|0
RZ1|CHK|180|2|37|6|2|4|4|6|1|0|1|0
RZ1|181|2|Don|5|1|5|1|1|1|1|0|0
RZ1|CHK|181|2|37|6|2|4|4|6|1|0|1|0
RZ1|182|2|Don|5|2|5|2|1|1|1|0|0
RZ1|CHK|182|2|37|6|2|4|4|6|1|0|1|0
RZ1|183|2|Don|5|3|5|3|1|1|1|0|0
RZ1|CHK|183|2|37|6|2|4|4|6|1|0|1|0
RZ1|184|2|Don|5|4|5|4|1|1|1|0|0
RZ1|CHK|184|2|37|6|2|4|4|6|1|0|1|0
[Opponent] Deploy Carrot ["OP08-023">OP08-023]
RZ1|185|2|OP08-023|1|3|2|2|1|1|0|-2000|0
RZ1|CHK|185|2|37|5|3|4|4|6|1|0|1|0
[Opponent] Carrot ["OP08-023">OP08-023]: Arlong ["OP15-023">OP15-023] will not Activate during next Refresh
[Opponent] Baby 5 ["OP05-034">OP05-034]: <b>Reveal and Draw Donquixote Rosinante ["OP05-030">OP05-030]</b>
RZ1|186|2|OP05-030|0|35|1|5|1|1|0|0|0
RZ1|CHK|186|2|36|6|3|4|4|6|1|0|1|0
RZ1|187|2|OP05-037|0|35|0|0|0|0|0|0|0
RZ1|CHK|187|2|36|6|3|4|4|6|1|0|1|0
RZ1|188|2|EB01-015|0|35|0|0|0|0|0|0|0
RZ1|CHK|188|2|36|6|3|4|4|6|1|0|1|0
RZ1|189|2|OP04-032|0|35|0|0|0|0|0|0|0
RZ1|CHK|189|2|36|6|3|4|4|6|1|0|1|0
RZ1|190|2|OP07-026|0|35|0|0|0|0|0|0|0
RZ1|CHK|190|2|36|6|3|4|4|6|1|0|1|0
RZ1|191|2|Don|5|5|5|5|1|1|1|0|0
RZ1|CHK|191|2|36|6|3|4|4|6|1|0|1|0
[Opponent] Jewelry Bonney ["OP07-019">OP07-019] attacking Krieg ["OP15-001">OP15-001]
Jewelry Bonney ["OP07-019">OP07-019][5000] vs Krieg ["OP15-001">OP15-001][5000]
Krieg ["OP15-001">OP15-001] hit for 1 damage
RZ1|192|1|OP15-008|3|3|1|5|1|1|0|0|0
RZ1|CHK|192|1|39|6|1|3|5|4|1|0|1|1
[Opponent] Uroge ["OP07-021">OP07-021]: Activate 1 Don
RZ1|193|2|Don|5|5|5|5|1|1|0|0|0
RZ1|CHK|193|2|36|6|3|4|4|6|1|0|1|0
[] Hand: [OP07-029,OP01-051,OP08-023,OP06-035,ST02-007,OP05-030]
[] Board: [OP05-034,OP07-021,OP08-023]
[] Trash: [EB01-015]
[] Life: 4
[] Hand: [OP15-025,OP15-025,OP15-025,OP13-040,OP15-037,OP15-008]
[] Trash: [OP15-017]
[] Board: [OP15-023]
[] Life: 3
[Opponent] End Turn
[] Hand: [OP15-025,OP15-025,OP15-025,OP13-040,OP15-037,OP15-008]
[] Board: [OP15-023]
[] Trash: [OP15-017]
[] Life: 3
[] Hand: [OP07-029,OP01-051,OP08-023,OP06-035,ST02-007,OP05-030]
[] Trash: [EB01-015]
[] Board: [OP05-034,OP07-021,OP08-023]
[] Life: 4
RZ1|194|1|Don|9|9900|5|0|1|1|1|0|0
RZ1|CHK|194|1|39|6|1|3|5|5|1|0|1|0
[You] Draw 1 Card
[] Drew card from deck: Koby ["OP15-009">OP15-009]
RZ1|195|1|OP15-009|0|38|1|6|1|1|0|0|0
RZ1|CHK|195|1|38|7|1|3|5|5|1|0|1|0
RZ1|196|1|Don|4|4|5|5|1|1|0|0|0
RZ1|CHK|196|1|38|7|1|3|4|6|1|0|1|0
RZ1|197|1|Don|4|3|5|6|1|1|0|0|0
RZ1|CHK|197|1|38|7|1|3|3|7|1|0|1|0
[You] Draw 2 Don
RZ1|198|1|Don|5|0|9|9900|1|1|0|0|0
RZ1|CHK|198|1|38|7|1|3|3|6|1|0|1|1
[You] Attach 1 Don to Krieg ["OP15-001">OP15-001] (1 Total)
[You] Krieg ["OP15-001">OP15-001] attacking Jewelry Bonney ["OP07-019">OP07-019]
Krieg ["OP15-001">OP15-001][6000] vs Jewelry Bonney ["OP07-019">OP07-019][5000]
Jewelry Bonney ["OP07-019">OP07-019] hit for 1 damage
RZ1|199|2|OP07-026|3|3|1|6|1|1|0|0|0
RZ1|CHK|199|2|36|7|3|3|4|6|1|0|1|0
[You] I Know You're Strong... So I'll Go All Out ["OP13-040">OP13-040]: Rest 1 Don
RZ1|200|1|Don|5|0|5|0|1|1|1|0|0
RZ1|CHK|200|1|38|7|1|3|3|6|1|0|1|1
RZ1|201|1|OP13-040|1|3|6|1|1|1|0|0|0
RZ1|CHK|201|1|38|6|1|3|3|6|2|0|1|1
RZ1|202|1|Don|5|1|5|1|1|1|1|0|0
RZ1|CHK|202|1|38|6|1|3|3|6|2|0|1|1
[You] Deploy Koby ["OP15-009">OP15-009]
RZ1|203|1|OP15-009|1|5|2|1|1|1|0|0|0
RZ1|CHK|203|1|38|5|2|3|3|6|2|0|1|1
[You] The Outcome Will Tell Us Who's Strong and Who's Weak ["OP15-037">OP15-037]: Rest 1 Don
RZ1|204|1|Don|5|2|5|2|1|1|1|0|0
RZ1|CHK|204|1|38|5|2|3|3|6|2|0|1|1
RZ1|205|1|OP15-037|1|3|6|2|1|1|0|0|0
RZ1|CHK|205|1|38|4|2|3|3|6|3|0|1|1
RZ1|206|1|OP15-012|0|33|1|4|1|1|0|0|0
RZ1|CHK|206|1|37|5|2|3|3|6|3|0|1|1
[You] The Outcome Will Tell Us Who's Strong and Who's Weak ["OP15-037">OP15-037]: <b>Reveal and Draw Buggy ["OP15-012">OP15-012]</b>
[You] Placing Cards on Bottom of Deck
RZ1|207|1|OP15-008|0|36|0|0|0|0|0|0|0
RZ1|CHK|207|1|37|5|2|3|3|6|3|0|1|1
RZ1|208|1|OP15-037|0|36|0|0|0|0|0|0|0
RZ1|CHK|208|1|37|5|2|3|3|6|3|0|1|1
RZ1|209|1|OP15-017|0|36|0|0|0|0|0|0|0
RZ1|CHK|209|1|37|5|2|3|3|6|3|0|1|1
RZ1|210|1|OP12-027|0|36|0|0|0|0|0|0|0
RZ1|CHK|210|1|37|5|2|3|3|6|3|0|1|1
RZ1|211|1|Don|5|3|5|3|1|1|1|0|0
RZ1|CHK|211|1|37|5|2|3|3|6|3|0|1|1
RZ1|212|1|Don|5|4|5|4|1|1|1|0|0
RZ1|CHK|212|1|37|5|2|3|3|6|3|0|1|1
RZ1|213|1|Don|5|5|5|5|1|1|1|0|0
RZ1|CHK|213|1|37|5|2|3|3|6|3|0|1|1
[You] Deploy Buggy ["OP15-012">OP15-012]
RZ1|214|1|OP15-012|1|4|2|2|1|1|0|0|0
RZ1|CHK|214|1|37|4|3|3|3|6|3|0|1|1
[] Hand: [OP15-025,OP15-025,OP15-025,OP15-008]
[] Board: [OP15-023,OP15-009,OP15-012]
[] Trash: [OP15-017,OP13-040,OP15-037]
[] Life: 3
[] Hand: [OP07-029,OP01-051,OP08-023,OP06-035,ST02-007,OP05-030,OP07-026]
[] Trash: [EB01-015]
[] Board: [OP05-034,OP07-021,OP08-023]
[] Life: 3
[You] End Turn
[] Hand: [OP07-029,OP01-051,OP08-023,OP06-035,ST02-007,OP05-030,OP07-026]
[] Board: [OP05-034,OP07-021,OP08-023]
[] Trash: [EB01-015]
[] Life: 3
[] Hand: [OP15-025,OP15-025,OP15-025,OP15-008]
[] Trash: [OP15-017,OP13-040,OP15-037]
[] Board: [OP15-023,OP15-009,OP15-012]
[] Life: 3
[Opponent] Draw 1 Card
[] Drew card from deck: Jewelry Bonney ["ST02-007">ST02-007]
RZ1|215|2|ST02-007|0|35|1|7|1|1|0|0|0
RZ1|CHK|215|2|35|8|3|3|4|6|1|0|1|0
RZ1|216|2|Don|4|3|5|6|1|1|0|0|0
RZ1|CHK|216|2|35|8|3|3|3|7|1|0|1|0
RZ1|217|2|Don|4|2|5|7|1|1|0|0|0
RZ1|CHK|217|2|35|8|3|3|2|8|1|0|1|0
[Opponent] Draw 2 Don
RZ1|218|2|Don|5|0|5|0|1|1|1|0|0
RZ1|CHK|218|2|35|8|3|3|2|8|1|0|1|0
RZ1|219|2|Don|5|1|5|1|1|1|1|0|0
RZ1|CHK|219|2|35|8|3|3|2|8|1|0|1|0
RZ1|220|2|Don|5|2|5|2|1|1|1|0|0
RZ1|CHK|220|2|35|8|3|3|2|8|1|0|1|0
RZ1|221|2|Don|5|3|5|3|1|1|1|0|0
RZ1|CHK|221|2|35|8|3|3|2|8|1|0|1|0
RZ1|222|2|Don|5|4|5|4|1|1|1|0|0
RZ1|CHK|222|2|35|8|3|3|2|8|1|0|1|0
RZ1|223|2|Don|5|5|5|5|1|1|1|0|0
RZ1|CHK|223|2|35|8|3|3|2|8|1|0|1|0
RZ1|224|2|Don|5|6|5|6|1|1|1|0|0
RZ1|CHK|224|2|35|8|3|3|2|8|1|0|1|0
RZ1|225|2|Don|5|7|5|7|1|1|1|0|0
RZ1|CHK|225|2|35|8|3|3|2|8|1|0|1|0
[Opponent] Deploy Eustass "Captain" Kid ["OP01-051">OP01-051]
RZ1|226|2|OP01-051|1|1|2|3|1|1|0|-2000|0
RZ1|CHK|226|2|35|7|4|3|2|8|1|0|1|0
[Opponent] Eustass "Captain" Kid ["OP01-051">OP01-051]: Deploy Donquixote Rosinante ["OP05-030">OP05-030]
RZ1|227|2|OP05-030|1|4|2|4|1|1|0|-2000|0
RZ1|CHK|227|2|35|6|5|3|2|8|1|0|1|0
[Opponent] Carrot ["OP08-023">OP08-023] attacking Krieg ["OP15-001">OP15-001]
[Opponent] Carrot ["OP08-023">OP08-023]: Arlong ["OP15-023">OP15-023] will not Activate during next Refresh
Carrot ["OP08-023">OP08-023][4000] vs Krieg ["OP15-001">OP15-001][5000]
Attack Fails
[Opponent] Jewelry Bonney ["OP07-019">OP07-019] attacking Krieg ["OP15-001">OP15-001]
Jewelry Bonney ["OP07-019">OP07-019][5000] vs Krieg ["OP15-001">OP15-001][5000]
Krieg ["OP15-001">OP15-001] hit for 1 damage
RZ1|228|1|OP15-007|3|2|1|4|1|1|0|0|0
RZ1|CHK|228|1|37|5|3|2|3|6|3|0|1|1
[Opponent] Uroge ["OP07-021">OP07-021]: Activate 1 Don
RZ1|229|2|Don|5|7|5|7|1|1|0|0|0
RZ1|CHK|229|2|35|6|5|3|2|8|1|0|1|0
[] Hand: [OP07-029,OP08-023,OP06-035,ST02-007,OP07-026,ST02-007]
[] Board: [OP05-034,OP07-021,OP08-023,OP01-051,OP05-030]
[] Trash: [EB01-015]
[] Life: 3
[] Hand: [OP15-025,OP15-025,OP15-025,OP15-008,OP15-007]
[] Trash: [OP15-017,OP13-040,OP15-037]
[] Board: [OP15-023,OP15-009,OP15-012]
[] Life: 2
[Opponent] End Turn
[] Hand: [OP15-025,OP15-025,OP15-025,OP15-008,OP15-007]
[] Board: [OP15-023,OP15-009,OP15-012]
[] Trash: [OP15-017,OP13-040,OP15-037]
[] Life: 2
[] Hand: [OP07-029,OP08-023,OP06-035,ST02-007,OP07-026,ST02-007]
[] Trash: [EB01-015]
[] Board: [OP05-034,OP07-021,OP08-023,OP01-051,OP05-030]
[] Life: 3
RZ1|230|1|Don|9|9900|5|0|1|1|1|0|0
RZ1|CHK|230|1|37|5|3|2|3|7|3|0|1|0
[You] Draw 1 Card
[] Drew card from deck: Kuro ["OP15-025">OP15-025]
RZ1|231|1|OP15-025|0|36|1|5|1|1|0|0|0
RZ1|CHK|231|1|36|6|3|2|3|7|3|0|1|0
RZ1|232|1|Don|4|2|5|7|1|1|0|0|0
RZ1|CHK|232|1|36|6|3|2|2|8|3|0|1|0
RZ1|233|1|Don|4|1|5|8|1|1|0|0|0
RZ1|CHK|233|1|36|6|3|2|1|9|3|0|1|0
[You] Draw 2 Don
RZ1|234|1|Don|5|0|5|0|1|1|1|0|0
RZ1|CHK|234|1|36|6|3|2|1|9|3|0|1|0
RZ1|235|1|Don|5|1|5|1|1|1|1|0|0
RZ1|CHK|235|1|36|6|3|2|1|9|3|0|1|0
RZ1|236|1|Don|5|2|5|2|1|1|1|0|0
RZ1|CHK|236|1|36|6|3|2|1|9|3|0|1|0
RZ1|237|1|Don|5|3|5|3|1|1|1|0|0
RZ1|CHK|237|1|36|6|3|2|1|9|3|0|1|0
RZ1|238|1|Don|5|4|5|4|1|1|1|0|0
RZ1|CHK|238|1|36|6|3|2|1|9|3|0|1|0
RZ1|239|1|Don|5|5|5|5|1|1|1|0|0
RZ1|CHK|239|1|36|6|3|2|1|9|3|0|1|0
RZ1|240|1|Don|5|6|5|6|1|1|1|0|0
RZ1|CHK|240|1|36|6|3|2|1|9|3|0|1|0
[You] Deploy Kuro ["OP15-025">OP15-025]
RZ1|241|1|OP15-025|1|0|2|3|1|1|0|0|0
RZ1|CHK|241|1|36|5|4|2|1|9|3|0|1|0
[You] Kuro ["OP15-025">OP15-025]: Attach 1 Rested Don to Uroge ["OP07-021">OP07-021]
RZ1|242|2|Don|5|0|9|100|1|1|1|0|0
RZ1|CHK|242|2|35|6|5|3|2|7|1|0|1|1
[You] Attach 1 Don to Uroge ["OP07-021">OP07-021] (2 Total)
RZ1|243|2|Don|5|6|9|101|1|1|0|0|0
RZ1|CHK|243|2|35|6|5|3|2|6|1|0|1|2
[You] Kuro ["OP15-025">OP15-025]: Attach 1 Rested Don to Uroge ["OP07-021">OP07-021]
RZ1|244|2|Don|5|0|9|102|1|1|1|0|0
RZ1|CHK|244|2|35|6|5|3|2|5|1|0|1|3
[You] Krieg ["OP15-001">OP15-001]: Rest Uroge ["OP07-021">OP07-021]
RZ1|245|1|Don|5|7|9|9900|1|1|0|0|0
RZ1|CHK|245|1|36|5|4|2|1|8|3|0|1|1
[You] Attach 1 Don to Krieg ["OP15-001">OP15-001] (1 Total)
[You] Krieg ["OP15-001">OP15-001] attacking Uroge ["OP07-021">OP07-021]
[Opponent] Discard Jewelry Bonney ["ST02-007">ST02-007] for Counter 1000
RZ1|246|2|ST02-007|1|5|6|1|1|1|0|0|0
RZ1|CHK|246|2|35|5|5|3|2|5|2|0|1|3
[Opponent] Discard Jewelry Bonney ["ST02-007">ST02-007] for Counter 1000
RZ1|247|2|ST02-007|1|3|6|2|1|1|0|0|0
RZ1|CHK|247|2|35|4|5|3|2|5|3|0|1|3
Krieg ["OP15-001">OP15-001][6000] vs Uroge ["OP07-021">OP07-021][7000]
Attack Fails
RZ1|248|1|Don|5|7|9|200|1|1|0|0|0
RZ1|CHK|248|1|36|5|4|2|1|7|3|0|1|2
[You] Attach 1 Don to Buggy ["OP15-012">OP15-012] (1 Total)
[You] Buggy ["OP15-012">OP15-012] attacking Uroge ["OP07-021">OP07-021]
[You] Buggy ["OP15-012">OP15-012]: Attach 1 Rested Don to Donquixote Rosinante ["OP05-030">OP05-030]
RZ1|249|2|Don|5|0|9|400|1|1|1|0|0
RZ1|CHK|249|2|35|4|5|3|2|4|3|0|1|4
[Opponent] Donquixote Rosinante ["OP05-030">OP05-030] Blocks
Buggy ["OP15-012">OP15-012][5000] vs Donquixote Rosinante ["OP05-030">OP05-030][1000]
RZ1|250|2|Don|9|400|5|0|1|1|1|0|0
RZ1|CHK|250|2|35|4|5|3|2|5|3|0|1|3
RZ1|251|2|OP05-030|2|4|6|3|1|1|0|0|0
RZ1|CHK|251|2|35|4|4|3|2|5|4|0|1|3
[You] Kuro ["OP15-025">OP15-025]: Uroge ["OP07-021">OP07-021] will not Activate during next Refresh
[] Hand: [OP15-025,OP15-025,OP15-008,OP15-007,OP15-025]
[] Board: [OP15-023,OP15-009,OP15-012,OP15-025]
[] Trash: [OP15-017,OP13-040,OP15-037]
[] Life: 2
[] Hand: [OP07-029,OP08-023,OP06-035,OP07-026]
[] Trash: [EB01-015,ST02-007,ST02-007,OP05-030]
[] Board: [OP05-034,OP07-021,OP08-023,OP01-051]
[] Life: 3
[You] End Turn
[] Hand: [OP07-029,OP08-023,OP06-035,OP07-026]
[] Board: [OP05-034,OP07-021,OP08-023,OP01-051]
[] Trash: [EB01-015,ST02-007,ST02-007,OP05-030]
[] Life: 3
[] Hand: [OP15-025,OP15-025,OP15-008,OP15-007,OP15-025]
[] Trash: [OP15-017,OP13-040,OP15-037]
[] Board: [OP15-023,OP15-009,OP15-012,OP15-025]
[] Life: 2
RZ1|252|2|Don|9|100|5|0|1|1|1|0|0
RZ1|CHK|252|2|35|4|4|3|2|6|4|0|1|2
RZ1|253|2|Don|9|100|5|0|1|1|1|0|0
RZ1|CHK|253|2|35|4|4|3|2|7|4|0|1|1
RZ1|254|2|Don|9|100|5|0|1|1|1|0|0
RZ1|CHK|254|2|35|4|4|3|2|8|4|0|1|0
[Opponent] Draw 1 Card
[] Drew card from deck: Donquixote Doflamingo ["OP04-031">OP04-031]
RZ1|255|2|OP04-031|0|34|1|4|1|1|0|0|0
RZ1|CHK|255|2|34|5|4|3|2|8|4|0|1|0
RZ1|256|2|Don|4|1|5|8|1|1|0|0|0
RZ1|CHK|256|2|34|5|4|3|1|9|4|0|1|0
RZ1|257|2|Don|4|0|5|9|1|1|0|0|0
RZ1|CHK|257|2|34|5|4|3|0|10|4|0|1|0
[Opponent] Draw 2 Don
RZ1|258|2|Don|5|0|5|0|1|1|1|0|0
RZ1|CHK|258|2|34|5|4|3|0|10|4|0|1|0
RZ1|259|2|Don|5|1|5|1|1|1|1|0|0
RZ1|CHK|259|2|34|5|4|3|0|10|4|0|1|0
RZ1|260|2|Don|5|2|5|2|1|1|1|0|0
RZ1|CHK|260|2|34|5|4|3|0|10|4|0|1|0
RZ1|261|2|Don|5|3|5|3|1|1|1|0|0
RZ1|CHK|261|2|34|5|4|3|0|10|4|0|1|0
RZ1|262|2|Don|5|4|5|4|1|1|1|0|0
RZ1|CHK|262|2|34|5|4|3|0|10|4|0|1|0
RZ1|263|2|Don|5|5|5|5|1|1|1|0|0
RZ1|CHK|263|2|34|5|4|3|0|10|4|0|1|0
RZ1|264|2|Don|5|6|5|6|1|1|1|0|0
RZ1|CHK|264|2|34|5|4|3|0|10|4|0|1|0
RZ1|265|2|Don|5|7|5|7|1|1|1|0|0
RZ1|CHK|265|2|34|5|4|3|0|10|4|0|1|0
RZ1|266|2|Don|5|8|5|8|1|1|1|0|0
RZ1|CHK|266|2|34|5|4|3|0|10|4|0|1|0
RZ1|267|2|Don|5|9|5|9|1|1|1|0|0
RZ1|CHK|267|2|34|5|4|3|0|10|4|0|1|0
[Opponent] Deploy Donquixote Doflamingo ["OP04-031">OP04-031]
RZ1|268|2|OP04-031|1|4|2|4|1|1|0|-2000|0
RZ1|CHK|268|2|34|4|5|3|0|10|4|0|1|0
[Opponent] Donquixote Doflamingo ["OP04-031">OP04-031]: Arlong ["OP15-023">OP15-023] will not Activate during next Refresh
[Opponent] Donquixote Doflamingo ["OP04-031">OP04-031]: Krieg ["OP15-001">OP15-001] will not Activate during next Refresh
[Opponent] Donquixote Doflamingo ["OP04-031">OP04-031]: Buggy ["OP15-012">OP15-012] will not Activate during next Refresh
[Opponent] Eustass "Captain" Kid ["OP01-051">OP01-051] attacking Krieg ["OP15-001">OP15-001]
[You] Kuro ["OP15-025">OP15-025] Blocks
Eustass "Captain" Kid ["OP01-051">OP01-051][6000] vs Kuro ["OP15-025">OP15-025][7000]
Attack Fails
[Opponent] Carrot ["OP08-023">OP08-023] attacking Buggy ["OP15-012">OP15-012]
[Opponent] Carrot ["OP08-023">OP08-023]: Kuro ["OP15-025">OP15-025] will not Activate during next Refresh
[You] Discard Gin ["OP15-007">OP15-007] for Counter 1000
RZ1|269|1|OP15-007|1|3|6|3|1|1|0|0|0
RZ1|CHK|269|1|36|4|4|2|1|7|4|0|1|2
Carrot ["OP08-023">OP08-023][4000] vs Buggy ["OP15-012">OP15-012][5000]
Attack Fails
[Opponent] Jewelry Bonney ["OP07-019">OP07-019] attacking Krieg ["OP15-001">OP15-001]
Jewelry Bonney ["OP07-019">OP07-019][5000] vs Krieg ["OP15-001">OP15-001][5000]
Krieg ["OP15-001">OP15-001] hit for 1 damage
RZ1|270|1|OP15-026|3|1|1|4|1|1|0|0|0
RZ1|CHK|270|1|36|5|4|1|1|7|4|0|1|2
[Opponent] Uroge ["OP07-021">OP07-021]: Activate 1 Don
RZ1|271|2|Don|5|9|5|9|1|1|0|0|0
RZ1|CHK|271|2|34|4|5|3|0|10|4|0|1|0
[] Hand: [OP07-029,OP08-023,OP06-035,OP07-026]
[] Board: [OP05-034,OP07-021,OP08-023,OP01-051,OP04-031]
[] Trash: [EB01-015,ST02-007,ST02-007,OP05-030]
[] Life: 3
[] Hand: [OP15-025,OP15-025,OP15-008,OP15-025,OP15-026]
[] Trash: [OP15-017,OP13-040,OP15-037,OP15-007]
[] Board: [OP15-023,OP15-009,OP15-012,OP15-025]
[] Life: 1
[Opponent] End Turn
[] Hand: [OP15-025,OP15-025,OP15-008,OP15-025,OP15-026]
[] Board: [OP15-023,OP15-009,OP15-012,OP15-025]
[] Trash: [OP15-017,OP13-040,OP15-037,OP15-007]
[] Life: 1
[] Hand: [OP07-029,OP08-023,OP06-035,OP07-026]
[] Trash: [EB01-015,ST02-007,ST02-007,OP05-030]
[] Board: [OP05-034,OP07-021,OP08-023,OP01-051,OP04-031]
[] Life: 3
RZ1|272|1|Don|9|9900|5|0|1|1|1|0|0
RZ1|CHK|272|1|36|5|4|1|1|8|4|0|1|1
RZ1|273|1|Don|9|200|5|0|1|1|1|0|0
RZ1|CHK|273|1|36|5|4|1|1|9|4|0|1|0
[You] Draw 1 Card
[] Drew card from deck: Buggy ["OP15-012">OP15-012]
RZ1|274|1|OP15-012|0|35|1|5|1|1|0|0|0
RZ1|CHK|274|1|35|6|4|1|1|9|4|0|1|0
RZ1|275|1|Don|4|0|5|9|1|1|0|0|0
RZ1|CHK|275|1|35|6|4|1|0|10|4|0|1|0
[You] Draw 2 Don
RZ1|276|1|Don|5|0|5|0|1|1|1|0|0
RZ1|CHK|276|1|35|6|4|1|0|10|4|0|1|0
RZ1|277|1|Don|5|1|5|1|1|1|1|0|0
RZ1|CHK|277|1|35|6|4|1|0|10|4|0|1|0
RZ1|278|1|Don|5|2|5|2|1|1|1|0|0
RZ1|CHK|278|1|35|6|4|1|0|10|4|0|1|0
RZ1|279|1|Don|5|3|5|3|1|1|1|0|0
RZ1|CHK|279|1|35|6|4|1|0|10|4|0|1|0
RZ1|280|1|Don|5|4|5|4|1|1|1|0|0
RZ1|CHK|280|1|35|6|4|1|0|10|4|0|1|0
RZ1|281|1|Don|5|5|5|5|1|1|1|0|0
RZ1|CHK|281|1|35|6|4|1|0|10|4|0|1|0
RZ1|282|1|Don|5|6|5|6|1|1|1|0|0
RZ1|CHK|282|1|35|6|4|1|0|10|4|0|1|0
[You] Deploy Kuro ["OP15-025">OP15-025]
RZ1|283|1|OP15-025|1|0|2|4|1|1|0|0|0
RZ1|CHK|283|1|35|5|5|1|0|10|4|0|1|0
[You] Kuro ["OP15-025">OP15-025]: Attach 1 Rested Don to Donquixote Doflamingo ["OP04-031">OP04-031]
RZ1|284|2|Don|5|0|9|400|1|1|1|0|0
RZ1|CHK|284|2|34|4|5|3|0|9|4|0|1|1
[You] Attach 1 Don to Donquixote Doflamingo ["OP04-031">OP04-031] (2 Total)
RZ1|285|2|Don|5|8|9|401|1|1|0|0|0
RZ1|CHK|285|2|34|4|5|3|0|8|4|0|1|2
[You] Kuro ["OP15-025">OP15-025]: Attach 1 Rested Don to Donquixote Doflamingo ["OP04-031">OP04-031]
RZ1|286|2|Don|5|0|9|402|1|1|1|0|0
RZ1|CHK|286|2|34|4|5|3|0|7|4|0|1|3
RZ1|287|1|Don|5|7|5|7|1|1|1|0|0
RZ1|CHK|287|1|35|5|5|1|0|10|4|0|1|0
RZ1|288|1|Don|5|8|5|8|1|1|1|0|0
RZ1|CHK|288|1|35|5|5|1|0|10|4|0|1|0
RZ1|289|1|Don|5|9|5|9|1|1|1|0|0
RZ1|CHK|289|1|35|5|5|1|0|10|4|0|1|0
[You] Trash Koby ["OP15-009">OP15-009]
[You] Deploy Buggy ["OP15-012">OP15-012]
RZ1|290|1|OP15-009|2|1|6|4|1|1|0|0|0
RZ1|CHK|290|1|35|5|4|1|0|10|5|0|1|0
RZ1|291|1|OP15-012|1|4|2|4|1|1|0|0|0
RZ1|CHK|291|1|35|4|5|1|0|10|5|0|1|0
[You] Krieg ["OP15-001">OP15-001]: Rest Donquixote Doflamingo ["OP04-031">OP04-031]
[You] Kuro ["OP15-025">OP15-025]: Donquixote Doflamingo ["OP04-031">OP04-031] will not Activate during next Refresh
[] Hand: [OP15-025,OP15-008,OP15-025,OP15-026]
[] Board: [OP15-023,OP15-012,OP15-025,OP15-025,OP15-012]
[] Trash: [OP15-017,OP13-040,OP15-037,OP15-007,OP15-009]
[] Life: 1
[] Hand: [OP07-029,OP08-023,OP06-035,OP07-026]
[] Trash: [EB01-015,ST02-007,ST02-007,OP05-030]
[] Board: [OP05-034,OP07-021,OP08-023,OP01-051,OP04-031]
[] Life: 3
[You] End Turn
[] Hand: [OP07-029,OP08-023,OP06-035,OP07-026]
[] Board: [OP05-034,OP07-021,OP08-023,OP01-051,OP04-031]
[] Trash: [EB01-015,ST02-007,ST02-007,OP05-030]
[] Life: 3
[] Hand: [OP15-025,OP15-008,OP15-025,OP15-026]
[] Trash: [OP15-017,OP13-040,OP15-037,OP15-007,OP15-009]
[] Board: [OP15-023,OP15-012,OP15-025,OP15-025,OP15-012]
[] Life: 1
RZ1|292|2|Don|9|400|5|0|1|1|1|0|0
RZ1|CHK|292|2|34|4|5|3|0|8|4|0|1|2
RZ1|293|2|Don|9|400|5|0|1|1|1|0|0
RZ1|CHK|293|2|34|4|5|3|0|9|4|0|1|1
RZ1|294|2|Don|9|400|5|0|1|1|1|0|0
RZ1|CHK|294|2|34|4|5|3|0|10|4|0|1|0
[Opponent] Draw 1 Card
[] Drew card from deck: Jewelry Bonney ["ST02-007">ST02-007]
RZ1|295|2|ST02-007|0|33|1|4|1|1|0|0|0
RZ1|CHK|295|2|33|5|5|3|0|10|4|0|1|0
RZ1|296|2|Don|5|0|5|0|1|1|1|0|0
RZ1|CHK|296|2|33|5|5|3|0|10|4|0|1|0
RZ1|297|2|Don|5|1|5|1|1|1|1|0|0
RZ1|CHK|297|2|33|5|5|3|0|10|4|0|1|0
RZ1|298|2|Don|5|2|5|2|1|1|1|0|0
RZ1|CHK|298|2|33|5|5|3|0|10|4|0|1|0
RZ1|299|2|Don|5|3|5|3|1|1|1|0|0
RZ1|CHK|299|2|33|5|5|3|0|10|4|0|1|0
RZ1|300|2|Don|5|4|5|4|1|1|1|0|0
RZ1|CHK|300|2|33|5|5|3|0|10|4|0|1|0
RZ1|301|2|Don|5|5|5|5|1|1|1|0|0
RZ1|CHK|301|2|33|5|5|3|0|10|4|0|1|0
RZ1|302|2|Don|5|6|5|6|1|1|1|0|0
RZ1|CHK|302|2|33|5|5|3|0|10|4|0|1|0
[Opponent] Trash Baby 5 ["OP05-034">OP05-034]
[Opponent] Deploy Hody Jones ["OP06-035">OP06-035]
RZ1|303|2|OP05-034|2|0|6|4|1|1|0|0|0
RZ1|CHK|303|2|33|5|4|3|0|10|5|0|1|0
RZ1|304|2|OP06-035|1|2|2|4|1|1|0|0|0
RZ1|CHK|304|2|33|4|5|3|0|10|5|0|1|0
[Opponent] Hody Jones ["OP06-035">OP06-035]: Rest Kuro ["OP15-025">OP15-025]
[Opponent] Hody Jones ["OP06-035">OP06-035]: Rest Buggy ["OP15-012">OP15-012]
[Opponent] Hody Jones ["OP06-035">OP06-035]: Takes Top Life
RZ1|305|2|OP07-021|3|2|1|4|1|1|0|0|0
RZ1|CHK|305|2|33|5|5|2|0|10|5|0|1|0
[Opponent] Attach 1 Don to Jewelry Bonney ["OP07-019">OP07-019] (1 Total)
RZ1|306|2|Don|5|9|9|9900|1|1|0|0|0
RZ1|CHK|306|2|33|5|5|2|0|9|5|0|1|1
[Opponent] Jewelry Bonney ["OP07-019">OP07-019] attacking Krieg ["OP15-001">OP15-001]
Jewelry Bonney ["OP07-019">OP07-019][6000] vs Krieg ["OP15-001">OP15-001][5000]
Krieg ["OP15-001">OP15-001] hit for 1 damage
RZ1|307|1|OP15-028|3|0|1|4|1|1|0|0|0
RZ1|CHK|307|1|35|5|5|0|0|10|5|0|1|0
[Opponent] Attach 1 Don to Carrot ["OP08-023">OP08-023] (1 Total)
RZ1|308|2|Don|5|8|9|100|1|1|0|0|0
RZ1|CHK|308|2|33|5|5|2|0|8|5|0|1|2
[Opponent] Carrot ["OP08-023">OP08-023] attacking Krieg ["OP15-001">OP15-001]
[Opponent] Carrot ["OP08-023">OP08-023]: Arlong ["OP15-023">OP15-023] will not Activate during next Refresh
[You] Discard Meowban Brothers ["OP15-028">OP15-028] for Counter 2000
RZ1|309|1|OP15-028|1|4|6|5|1|1|0|0|0
RZ1|CHK|309|1|35|4|5|0|0|10|6|0|1|0
[You] Discard Jango ["OP15-026">OP15-026] for Counter 1000
RZ1|310|1|OP15-026|1|3|6|6|1|1|0|0|0
RZ1|CHK|310|1|35|3|5|0|0|10|7|0|1|0
Carrot ["OP08-023">OP08-023][7000] vs Krieg ["OP15-001">OP15-001][8000]
Attack Fails
[Opponent] Attach 1 Don to Eustass "Captain" Kid ["OP01-051">OP01-051] (1 Total)
RZ1|311|2|Don|5|7|9|200|1|1|0|0|0
RZ1|CHK|311|2|33|5|5|2|0|7|5|0|1|3
[Opponent] Eustass "Captain" Kid ["OP01-051">OP01-051] attacking Krieg ["OP15-001">OP15-001]
Eustass "Captain" Kid ["OP01-051">OP01-051][9000] vs Krieg ["OP15-001">OP15-001][5000]
Krieg ["OP15-001">OP15-001] hit for 1 damage
[You] <b>Downloaded the Combat Log!</b>
GameOver