Version is 1.42b
[You] Leader is Marshall D. Teach ["OP16-080">OP16-080]
RZ1|HDR|1.42b|2|RZ1
RZ1|PLY|1||OP16-080
RZ1|PLY|2||
[Opponent] Leader is Rocks D. Xebec ["OP17-039">OP17-039]
RZ1|1|2|OP17-044|0|16|0|0|0|0|0|0|0
RZ1|CHK|1|2|50|0|0|0|10|0|0|0|1|0
RZ1|2|2|OP17-056|0|45|0|1|0|0|0|0|0
RZ1|CHK|2|2|50|0|0|0|10|0|0|0|1|0
RZ1|3|2|OP17-055|0|42|0|3|0|0|0|0|0
RZ1|CHK|3|2|50|0|0|0|10|0|0|0|1|0
RZ1|4|2|OP17-040|0|30|0|4|0|0|0|0|0
RZ1|CHK|4|2|50|0|0|0|10|0|0|0|1|0
RZ1|5|2|OP17-046|0|21|0|5|0|0|0|0|0
RZ1|CHK|5|2|50|0|0|0|10|0|0|0|1|0
RZ1|6|2|OP17-057|0|49|0|6|0|0|0|0|0
RZ1|CHK|6|2|50|0|0|0|10|0|0|0|1|0
RZ1|7|2|OP17-052|0|12|0|7|0|0|0|0|0
RZ1|CHK|7|2|50|0|0|0|10|0|0|0|1|0
RZ1|8|2|OP17-055|0|44|0|8|0|0|0|0|0
RZ1|CHK|8|2|50|0|0|0|10|0|0|0|1|0
RZ1|9|2|OP17-049|0|28|0|9|0|0|0|0|0
RZ1|CHK|9|2|50|0|0|0|10|0|0|0|1|0
RZ1|10|2|OP17-056|0|46|0|10|0|0|0|0|0
RZ1|CHK|10|2|50|0|0|0|10|0|0|0|1|0
RZ1|11|2|OP17-042|0|23|0|11|0|0|0|0|0
RZ1|CHK|11|2|50|0|0|0|10|0|0|0|1|0
RZ1|12|2|OP17-043|0|28|0|12|0|0|0|0|0
RZ1|CHK|12|2|50|0|0|0|10|0|0|0|1|0
RZ1|13|2|OP17-048|0|39|0|13|0|0|0|0|0
RZ1|CHK|13|2|50|0|0|0|10|0|0|0|1|0
RZ1|14|2|OP17-042|0|25|0|14|0|0|0|0|0
RZ1|CHK|14|2|50|0|0|0|10|0|0|0|1|0
RZ1|15|2|OP17-049|0|32|0|15|0|0|0|0|0
RZ1|CHK|15|2|50|0|0|0|10|0|0|0|1|0
RZ1|16|2|OP17-054|0|24|0|16|0|0|0|0|0
RZ1|CHK|16|2|50|0|0|0|10|0|0|0|1|0
RZ1|17|2|OP17-054|0|24|0|17|0|0|0|0|0
RZ1|CHK|17|2|50|0|0|0|10|0|0|0|1|0
RZ1|18|2|OP17-057|0|48|0|18|0|0|0|0|0
RZ1|CHK|18|2|50|0|0|0|10|0|0|0|1|0
RZ1|19|2|OP17-052|0|25|0|19|0|0|0|0|0
RZ1|CHK|19|2|50|0|0|0|10|0|0|0|1|0
RZ1|20|2|OP17-057|0|49|0|20|0|0|0|0|0
RZ1|CHK|20|2|50|0|0|0|10|0|0|0|1|0
RZ1|21|2|OP17-043|0|33|0|21|0|0|0|0|0
RZ1|CHK|21|2|50|0|0|0|10|0|0|0|1|0
RZ1|22|2|OP17-049|0|34|0|22|0|0|0|0|0
RZ1|CHK|22|2|50|0|0|0|10|0|0|0|1|0
RZ1|23|2|OP17-040|0|36|0|23|0|0|0|0|0
RZ1|CHK|23|2|50|0|0|0|10|0|0|0|1|0
RZ1|24|2|OP17-045|0|26|0|24|0|0|0|0|0
RZ1|CHK|24|2|50|0|0|0|10|0|0|0|1|0
RZ1|25|2|OP17-054|0|30|0|25|0|0|0|0|0
RZ1|CHK|25|2|50|0|0|0|10|0|0|0|1|0
RZ1|26|2|OP17-048|0|41|0|26|0|0|0|0|0
RZ1|CHK|26|2|50|0|0|0|10|0|0|0|1|0
RZ1|27|2|OP17-056|0|48|0|27|0|0|0|0|0
RZ1|CHK|27|2|50|0|0|0|10|0|0|0|1|0
RZ1|28|2|OP17-055|0|47|0|28|0|0|0|0|0
RZ1|CHK|28|2|50|0|0|0|10|0|0|0|1|0
RZ1|29|2|OP17-040|0|40|0|29|0|0|0|0|0
RZ1|CHK|29|2|50|0|0|0|10|0|0|0|1|0
RZ1|30|2|OP17-048|0|43|0|30|0|0|0|0|0
RZ1|CHK|30|2|50|0|0|0|10|0|0|0|1|0
RZ1|31|2|OP17-048|0|43|0|31|0|0|0|0|0
RZ1|CHK|31|2|50|0|0|0|10|0|0|0|1|0
RZ1|32|2|OP17-049|0|42|0|32|0|0|0|0|0
RZ1|CHK|32|2|50|0|0|0|10|0|0|0|1|0
RZ1|33|2|OP17-046|0|41|0|33|0|0|0|0|0
RZ1|CHK|33|2|50|0|0|0|10|0|0|0|1|0
RZ1|34|2|OP17-118|0|45|0|34|0|0|0|0|0
RZ1|CHK|34|2|50|0|0|0|10|0|0|0|1|0
RZ1|35|2|OP17-045|0|37|0|35|0|0|0|0|0
RZ1|CHK|35|2|50|0|0|0|10|0|0|0|1|0
RZ1|36|2|OP17-046|0|42|0|36|0|0|0|0|0
RZ1|CHK|36|2|50|0|0|0|10|0|0|0|1|0
RZ1|37|2|OP17-056|0|49|0|37|0|0|0|0|0
RZ1|CHK|37|2|50|0|0|0|10|0|0|0|1|0
RZ1|38|2|OP17-118|0|46|0|38|0|0|0|0|0
RZ1|CHK|38|2|50|0|0|0|10|0|0|0|1|0
RZ1|39|2|OP17-055|0|49|0|39|0|0|0|0|0
RZ1|CHK|39|2|50|0|0|0|10|0|0|0|1|0
RZ1|40|2|OP17-040|0|47|0|40|0|0|0|0|0
RZ1|CHK|40|2|50|0|0|0|10|0|0|0|1|0
RZ1|41|2|OP17-054|0|45|0|42|0|0|0|0|0
RZ1|CHK|41|2|50|0|0|0|10|0|0|0|1|0
RZ1|42|2|OP17-046|0|47|0|43|0|0|0|0|0
RZ1|CHK|42|2|50|0|0|0|10|0|0|0|1|0
RZ1|43|2|OP17-118|0|49|0|45|0|0|0|0|0
RZ1|CHK|43|2|50|0|0|0|10|0|0|0|1|0
RZ1|44|2|OP17-118|0|49|0|46|0|0|0|0|0
RZ1|CHK|44|2|50|0|0|0|10|0|0|0|1|0
RZ1|45|2|OP17-052|0|48|0|47|0|0|0|0|0
RZ1|CHK|45|2|50|0|0|0|10|0|0|0|1|0
RZ1|46|2|OP17-044|0|49|0|48|0|0|0|0|0
RZ1|CHK|46|2|50|0|0|0|10|0|0|0|1|0
[] Drew card from deck: Laffitte ["OP09-095">OP09-095]
RZ1|47|1|OP09-095|0|49|1|0|1|1|0|0|0
RZ1|CHK|47|1|49|1|0|0|10|0|0|0|1|0
[] Drew card from deck: ZEHAHAHAHA ["OP16-116">OP16-116]
RZ1|48|1|OP16-116|0|48|1|1|1|1|0|0|0
RZ1|CHK|48|1|48|2|0|0|10|0|0|0|1|0
[] Drew card from deck: Jesus Burgess ["OP09-086">OP09-086]
RZ1|49|1|OP09-086|0|47|1|2|1|1|0|0|0
RZ1|CHK|49|1|47|3|0|0|10|0|0|0|1|0
[] Drew card from deck: Shiryu ["OP16-108">OP16-108]
RZ1|50|1|OP16-108|0|46|1|3|1|1|0|0|0
RZ1|CHK|50|1|46|4|0|0|10|0|0|0|1|0
[] Drew card from deck: Marshall D. Teach ["OP16-119">OP16-119]
RZ1|51|1|OP16-119|0|45|1|4|1|1|0|0|0
RZ1|CHK|51|1|45|5|0|0|10|0|0|0|1|0
[] Drew card from deck: Kyo ["OP17-045">OP17-045]
RZ1|52|2|OP17-045|0|49|1|0|1|1|0|0|0
RZ1|CHK|52|2|49|1|0|0|10|0|0|0|1|0
[] Drew card from deck: Captain John ["OP17-044">OP17-044]
RZ1|53|2|OP17-044|0|48|1|1|1|1|0|0|0
RZ1|CHK|53|2|48|2|0|0|10|0|0|0|1|0
[] Drew card from deck: Don Marlon ["OP17-052">OP17-052]
RZ1|54|2|OP17-052|0|47|1|2|1|1|0|0|0
RZ1|CHK|54|2|47|3|0|0|10|0|0|0|1|0
[] Drew card from deck: Rocks D. Xebec ["OP17-118">OP17-118]
RZ1|55|2|OP17-118|0|46|1|3|1|1|0|0|0
RZ1|CHK|55|2|46|4|0|0|10|0|0|0|1|0
[] Drew card from deck: Rocks D. Xebec ["OP17-118">OP17-118]
RZ1|56|2|OP17-118|0|45|1|4|1|1|0|0|0
RZ1|CHK|56|2|45|5|0|0|10|0|0|0|1|0
RZ1|57|1|OP09-095|0|44|3|0|1|0|0|0|0
RZ1|CHK|57|1|44|5|0|1|10|0|0|0|1|0
RZ1|58|1|OP12-112|0|43|3|1|1|0|0|0|0
RZ1|CHK|58|1|43|5|0|2|10|0|0|0|1|0
RZ1|59|1|OP09-093|0|42|3|2|1|0|0|0|0
RZ1|CHK|59|1|42|5|0|3|10|0|0|0|1|0
RZ1|60|1|OP09-086|0|41|3|3|1|0|0|0|0
RZ1|CHK|60|1|41|5|0|4|10|0|0|0|1|0
RZ1|61|2|OP17-050|0|44|3|0|0|1|0|0|0
RZ1|CHK|61|2|44|5|0|1|10|0|0|0|1|0
RZ1|62|2|OP17-046|0|43|3|1|0|1|0|0|0
RZ1|CHK|62|2|43|5|0|2|10|0|0|0|1|0
RZ1|63|2|OP17-054|0|42|3|2|0|1|0|0|0
RZ1|CHK|63|2|42|5|0|3|10|0|0|0|1|0
RZ1|64|2|OP17-050|0|41|3|3|0|1|0|0|0
RZ1|CHK|64|2|41|5|0|4|10|0|0|0|1|0
RZ1|65|2|OP17-040|0|40|3|4|0|1|0|0|0
RZ1|CHK|65|2|40|5|0|5|10|0|0|0|1|0
[] Hand: [OP09-095,OP16-116,OP09-086,OP16-108,OP16-119]
[] Board: []
[] Trash: []
[] Life: 4
[] Hand: [OP17-045,OP17-044,OP17-052,OP17-118,OP17-118]
[] Trash: []
[] Board: []
[] Life: 5
RZ1|66|1|Don|4|9|5|0|1|1|0|0|0
RZ1|CHK|66|1|41|5|0|4|9|1|0|0|1|0
[You] Draw 1 Don
RZ1|67|1|Don|5|0|5|0|1|1|1|0|0
RZ1|CHK|67|1|41|5|0|4|9|1|0|0|1|0
[You] Deploy Laffitte ["OP09-095">OP09-095]
RZ1|68|1|OP09-095|1|0|2|0|1|1|0|0|0
RZ1|CHK|68|1|41|4|1|4|9|1|0|0|1|0
[] Hand: [OP16-116,OP09-086,OP16-108,OP16-119]
[] Board: [OP09-095]
[] Trash: []
[] Life: 4
[] Hand: [OP17-045,OP17-044,OP17-052,OP17-118,OP17-118]
[] Trash: []
[] Board: []
[] Life: 5
[You] End Turn
[] Hand: [OP17-045,OP17-044,OP17-052,OP17-118,OP17-118]
[] Board: []
[] Trash: []
[] Life: 5
[] Hand: [OP16-116,OP09-086,OP16-108,OP16-119]
[] Trash: []
[] Board: [OP09-095]
[] Life: 4
[Opponent] Draw 1 Card
[] Drew card from deck: There's No Authority in the World ["OP17-055">OP17-055]
RZ1|69|2|OP17-055|0|39|1|5|1|1|0|0|0
RZ1|CHK|69|2|39|6|0|5|10|0|0|0|1|0
RZ1|70|2|Don|4|9|5|0|1|1|0|0|0
RZ1|CHK|70|2|39|6|0|5|9|1|0|0|1|0
RZ1|71|2|Don|4|8|5|1|1|1|0|0|0
RZ1|CHK|71|2|39|6|0|5|8|2|0|0|1|0
[Opponent] Draw 2 Don
RZ1|72|2|Don|5|0|5|0|1|1|1|0|0
RZ1|CHK|72|2|39|6|0|5|8|2|0|0|1|0
RZ1|73|2|Don|5|1|5|1|1|1|1|0|0
RZ1|CHK|73|2|39|6|0|5|8|2|0|0|1|0
[Opponent] Deploy Kyo ["OP17-045">OP17-045]
RZ1|74|2|OP17-045|1|0|2|0|1|1|0|0|0
RZ1|CHK|74|2|39|5|1|5|8|2|0|0|1|0
[] Drew card from deck: Rocks D. Xebec ["OP17-118">OP17-118]
RZ1|75|2|OP17-118|0|38|1|5|1|1|0|0|0
RZ1|CHK|75|2|38|6|1|5|8|2|0|0|1|0
[Opponent] Kyo ["OP17-045">OP17-045]: Draw 1 Card
[] Hand: [OP17-044,OP17-052,OP17-118,OP17-118,OP17-055,OP17-118]
[] Board: [OP17-045]
[] Trash: []
[] Life: 5
[] Hand: [OP16-116,OP09-086,OP16-108,OP16-119]
[] Trash: []
[] Board: [OP09-095]
[] Life: 4
[Opponent] End Turn
[] Hand: [OP16-116,OP09-086,OP16-108,OP16-119]
[] Board: [OP09-095]
[] Trash: []
[] Life: 4
[] Hand: [OP17-044,OP17-052,OP17-118,OP17-118,OP17-055,OP17-118]
[] Trash: []
[] Board: [OP17-045]
[] Life: 5
[You] Draw 1 Card
[] Drew card from deck: This is MY AGE!!!! ["OP09-096">OP09-096]
RZ1|76|1|OP09-096|0|40|1|4|1|1|0|0|0
RZ1|CHK|76|1|40|5|1|4|9|1|0|0|1|0
RZ1|77|1|Don|4|8|5|1|1|1|0|0|0
RZ1|CHK|77|1|40|5|1|4|8|2|0|0|1|0
RZ1|78|1|Don|4|7|5|2|1|1|0|0|0
RZ1|CHK|78|1|40|5|1|4|7|3|0|0|1|0
[You] Draw 2 Don
[You] Marshall D. Teach ["OP16-080">OP16-080] attacking Rocks D. Xebec ["OP17-039">OP17-039]
Marshall D. Teach ["OP16-080">OP16-080][5000] vs Rocks D. Xebec ["OP17-039">OP17-039][5000]
Rocks D. Xebec ["OP17-039">OP17-039] hit for 1 damage
RZ1|79|2|OP17-040|3|4|1|6|1|1|0|0|0
RZ1|CHK|79|2|38|7|1|4|8|2|0|0|1|0
[You] Laffitte ["OP09-095">OP09-095]: Rest 1 Don
RZ1|80|1|Don|5|0|5|0|1|1|1|0|0
RZ1|CHK|80|1|40|5|1|4|7|3|0|0|1|0
[You] Laffitte ["OP09-095">OP09-095]: Rest Laffitte ["OP09-095">OP09-095]
RZ1|81|1|OP16-109|0|39|1|5|1|1|0|0|0
RZ1|CHK|81|1|39|6|1|4|7|3|0|0|1|0
[You] Laffitte ["OP09-095">OP09-095]: <b>Reveal and Draw Doc Q ["OP16-109">OP16-109]</b>
[You] Placing Cards on Bottom of Deck
RZ1|82|1|OP09-096|0|38|0|0|0|0|0|0|0
RZ1|CHK|82|1|39|6|1|4|7|3|0|0|1|0
RZ1|83|1|OP16-119|0|38|0|0|0|0|0|0|0
RZ1|CHK|83|1|39|6|1|4|7|3|0|0|1|0
RZ1|84|1|OP09-099|0|38|0|0|0|0|0|0|0
RZ1|CHK|84|1|39|6|1|4|7|3|0|0|1|0
RZ1|85|1|OP16-110|0|38|0|0|0|0|0|0|0
RZ1|CHK|85|1|39|6|1|4|7|3|0|0|1|0
RZ1|86|1|Don|5|1|5|1|1|1|1|0|0
RZ1|CHK|86|1|39|6|1|4|7|3|0|0|1|0
[You] Deploy Doc Q ["OP16-109">OP16-109]
RZ1|87|1|OP16-109|1|5|2|1|1|1|0|0|0
RZ1|CHK|87|1|39|5|2|4|7|3|0|0|1|0
[You] This is MY AGE!!!! ["OP09-096">OP09-096]: Rest 1 Don
RZ1|88|1|Don|5|2|5|2|1|1|1|0|0
RZ1|CHK|88|1|39|5|2|4|7|3|0|0|1|0
RZ1|89|1|OP09-096|1|4|6|0|1|1|0|0|0
RZ1|CHK|89|1|39|4|2|4|7|3|1|0|1|0
RZ1|90|1|OP16-110|0|36|1|4|1|1|0|0|0
RZ1|CHK|90|1|38|5|2|4|7|3|1|0|1|0
[You] This is MY AGE!!!! ["OP09-096">OP09-096]: <b>Reveal and Draw Vasco Shot ["OP16-110">OP16-110]</b>
[You] This is MY AGE!!!! ["OP09-096">OP09-096]: Trash 2 Remaining Cards
RZ1|91|1|OP16-115|0|37|6|1|1|1|0|0|0
RZ1|CHK|91|1|37|5|2|4|7|3|2|0|1|0
RZ1|92|1|OP16-115|0|36|6|2|1|1|0|0|0
RZ1|CHK|92|1|36|5|2|4|7|3|3|0|1|0
[] Hand: [OP16-116,OP09-086,OP16-108,OP16-119,OP16-110]
[] Board: [OP09-095,OP16-109]
[] Trash: [OP09-096,OP16-115,OP16-115]
[] Life: 4
[] Hand: [OP17-044,OP17-052,OP17-118,OP17-118,OP17-055,OP17-118,OP17-040]
[] Trash: []
[] Board: [OP17-045]
[] Life: 4
[You] End Turn
[] Hand: [OP17-044,OP17-052,OP17-118,OP17-118,OP17-055,OP17-118,OP17-040]
[] Board: [OP17-045]
[] Trash: []
[] Life: 4
[] Hand: [OP16-116,OP09-086,OP16-108,OP16-119,OP16-110]
[] Trash: [OP09-096,OP16-115,OP16-115]
[] Board: [OP09-095,OP16-109]
[] Life: 4
[Opponent] Draw 1 Card
[] Drew card from deck: Rocks Pirates ["OP17-056">OP17-056]
RZ1|93|2|OP17-056|0|37|1|7|1|1|0|0|0
RZ1|CHK|93|2|37|8|1|4|8|2|0|0|1|0
RZ1|94|2|Don|4|7|5|2|1|1|0|0|0
RZ1|CHK|94|2|37|8|1|4|7|3|0|0|1|0
RZ1|95|2|Don|4|6|5|3|1|1|0|0|0
RZ1|CHK|95|2|37|8|1|4|6|4|0|0|1|0
[Opponent] Draw 2 Don
RZ1|96|2|Don|5|0|5|0|1|1|1|0|0
RZ1|CHK|96|2|37|8|1|4|6|4|0|0|1|0
RZ1|97|2|Don|5|1|5|1|1|1|1|0|0
RZ1|CHK|97|2|37|8|1|4|6|4|0|0|1|0
RZ1|98|2|Don|5|2|5|2|1|1|1|0|0
RZ1|CHK|98|2|37|8|1|4|6|4|0|0|1|0
RZ1|99|2|Don|5|3|5|3|1|1|1|0|0
RZ1|CHK|99|2|37|8|1|4|6|4|0|0|1|0
[Opponent] Deploy Captain John ["OP17-044">OP17-044]
RZ1|100|2|OP17-044|1|0|2|1|1|1|0|0|0
RZ1|CHK|100|2|37|7|2|4|6|4|0|0|1|0
[] Drew card from deck: Gloriosa ["OP17-046">OP17-046]
RZ1|101|2|OP17-046|0|36|1|7|1|1|0|0|0
RZ1|CHK|101|2|36|8|2|4|6|4|0|0|1|0
[Opponent] Captain John ["OP17-044">OP17-044]: Draw 1 Card
[Opponent] Captain John ["OP17-044">OP17-044]: Rest Captain John ["OP17-044">OP17-044]
RZ1|102|2|OP17-040|1|5|6|0|1|1|0|0|0
RZ1|CHK|102|2|36|7|2|4|6|4|1|0|1|0
[Opponent] Captain John ["OP17-044">OP17-044]: Trash Edward Newgate ["OP17-040">OP17-040]
[Opponent] Rocks D. Xebec ["OP17-039">OP17-039] attacking Marshall D. Teach ["OP16-080">OP16-080]
RZ1|103|2|OP17-046|1|6|6|1|1|1|0|0|0
RZ1|CHK|103|2|36|6|2|4|6|4|2|0|1|0
[Opponent] Rocks D. Xebec ["OP17-039">OP17-039]: Trash Gloriosa ["OP17-046">OP17-046]
RZ1|104|2|OP17-045|0|35|0|35|0|0|0|0|0
RZ1|CHK|104|2|36|6|2|4|6|4|2|0|1|0
[Opponent] Rocks D. Xebec ["OP17-039">OP17-039] revealed: Kyo ["OP17-045">OP17-045]
[] Drew card from deck: Kyo ["OP17-045">OP17-045]
RZ1|105|2|OP17-045|0|35|1|6|1|1|0|0|0
RZ1|CHK|105|2|35|7|2|4|6|4|2|0|1|0
[] Drew card from deck: Rocks D. Xebec ["OP17-118">OP17-118]
RZ1|106|2|OP17-118|0|34|1|7|1|1|0|0|0
RZ1|CHK|106|2|34|8|2|4|6|4|2|0|1|0
[Opponent] Rocks D. Xebec ["OP17-039">OP17-039]: Draw 2 Card
Rocks D. Xebec ["OP17-039">OP17-039][5000] vs Marshall D. Teach ["OP16-080">OP16-080][5000]
Marshall D. Teach ["OP16-080">OP16-080] hit for 1 damage
RZ1|107|1|OP09-086|3|3|1|5|1|1|0|0|0
RZ1|CHK|107|1|36|6|2|3|7|3|3|0|1|0
[Opponent] Kyo ["OP17-045">OP17-045] attacking Laffitte ["OP09-095">OP09-095]
Kyo ["OP17-045">OP17-045][4000] vs Laffitte ["OP09-095">OP09-095][1000]
[You] Laffitte ["OP09-095">OP09-095] Destroyed
RZ1|108|1|OP09-095|2|0|6|3|1|1|0|0|0
RZ1|CHK|108|1|36|6|1|3|7|3|4|0|1|0
[] Hand: [OP17-052,OP17-118,OP17-118,OP17-055,OP17-118,OP17-056,OP17-045,OP17-118]
[] Board: [OP17-045,OP17-044]
[] Trash: [OP17-040,OP17-046]
[] Life: 4
[] Hand: [OP16-116,OP09-086,OP16-108,OP16-119,OP16-110,OP09-086]
[] Trash: [OP09-096,OP16-115,OP16-115,OP09-095]
[] Board: [OP16-109]
[] Life: 3
[Opponent] End Turn
[] Hand: [OP16-116,OP09-086,OP16-108,OP16-119,OP16-110,OP09-086]
[] Board: [OP16-109]
[] Trash: [OP09-096,OP16-115,OP16-115,OP09-095]
[] Life: 3
[] Hand: [OP17-052,OP17-118,OP17-118,OP17-055,OP17-118,OP17-056,OP17-045,OP17-118]
[] Trash: [OP17-040,OP17-046]
[] Board: [OP17-045,OP17-044]
[] Life: 4
[You] Draw 1 Card
[] Drew card from deck: Marshall D. Teach ["OP16-119">OP16-119]
RZ1|109|1|OP16-119|0|35|1|6|1|1|0|0|0
RZ1|CHK|109|1|35|7|1|3|7|3|4|0|1|0
RZ1|110|1|Don|4|6|5|3|1|1|0|0|0
RZ1|CHK|110|1|35|7|1|3|6|4|4|0|1|0
RZ1|111|1|Don|4|5|5|4|1|1|0|0|0
RZ1|CHK|111|1|35|7|1|3|5|5|4|0|1|0
[You] Draw 2 Don
RZ1|112|1|Don|5|0|9|9900|1|1|0|0|0
RZ1|CHK|112|1|35|7|1|3|5|4|4|0|1|1
[You] Attach 1 Don to Marshall D. Teach ["OP16-080">OP16-080] (1 Total)
[You] Marshall D. Teach ["OP16-080">OP16-080] attacking Captain John ["OP17-044">OP17-044]
[Opponent] Rocks Pirates ["OP17-056">OP17-056]: Activate Counter
RZ1|113|2|OP17-056|1|5|6|2|1|1|0|0|0
RZ1|CHK|113|2|34|7|2|4|6|4|3|0|1|0
[Opponent] Rocks Pirates ["OP17-056">OP17-056]: Buff Captain John ["OP17-044">OP17-044] 2000 for the Combat
Marshall D. Teach ["OP16-080">OP16-080][6000] vs Captain John ["OP17-044">OP17-044][8000]
Attack Fails
RZ1|114|1|Don|5|0|5|0|1|1|1|0|0
RZ1|CHK|114|1|35|7|1|3|5|4|4|0|1|1
RZ1|115|1|Don|5|1|5|1|1|1|1|0|0
RZ1|CHK|115|1|35|7|1|3|5|4|4|0|1|1
RZ1|116|1|Don|5|2|5|2|1|1|1|0|0
RZ1|CHK|116|1|35|7|1|3|5|4|4|0|1|1
RZ1|117|1|Don|5|3|5|3|1|1|1|0|0
RZ1|CHK|117|1|35|7|1|3|5|4|4|0|1|1
[You] Deploy Jesus Burgess ["OP09-086">OP09-086]
RZ1|118|1|OP09-086|1|1|2|1|1|1|0|1000|0
RZ1|CHK|118|1|35|6|2|3|5|4|4|0|1|1
[] Hand: [OP16-116,OP16-108,OP16-119,OP16-110,OP09-086,OP16-119]
[] Board: [OP16-109,OP09-086]
[] Trash: [OP09-096,OP16-115,OP16-115,OP09-095]
[] Life: 3
[] Hand: [OP17-052,OP17-118,OP17-118,OP17-055,OP17-118,OP17-045,OP17-118]
[] Trash: [OP17-040,OP17-046,OP17-056]
[] Board: [OP17-045,OP17-044]
[] Life: 4
[You] End Turn
[] Hand: [OP17-052,OP17-118,OP17-118,OP17-055,OP17-118,OP17-045,OP17-118]
[] Board: [OP17-045,OP17-044]
[] Trash: [OP17-040,OP17-046,OP17-056]
[] Life: 4
[] Hand: [OP16-116,OP16-108,OP16-119,OP16-110,OP09-086,OP16-119]
[] Trash: [OP09-096,OP16-115,OP16-115,OP09-095]
[] Board: [OP16-109,OP09-086]
[] Life: 3
[Opponent] Draw 1 Card
[] Drew card from deck: Gloriosa ["OP17-046">OP17-046]
RZ1|119|2|OP17-046|0|33|1|7|1|1|0|0|0
RZ1|CHK|119|2|33|8|2|4|6|4|3|0|1|0
RZ1|120|2|Don|4|5|5|4|1|1|0|0|0
RZ1|CHK|120|2|33|8|2|4|5|5|3|0|1|0
RZ1|121|2|Don|4|4|5|5|1|1|0|0|0
RZ1|CHK|121|2|33|8|2|4|4|6|3|0|1|0
[Opponent] Draw 2 Don
[Opponent] Rocks D. Xebec ["OP17-039">OP17-039] attacking Marshall D. Teach ["OP16-080">OP16-080]
RZ1|122|2|OP17-045|1|5|6|3|1|1|0|0|0
RZ1|CHK|122|2|33|7|2|4|4|6|4|0|1|0
[Opponent] Rocks D. Xebec ["OP17-039">OP17-039]: Trash Kyo ["OP17-045">OP17-045]
RZ1|123|2|OP17-049|0|32|0|32|0|0|0|0|0
RZ1|CHK|123|2|33|7|2|4|4|6|4|0|1|0
[Opponent] Rocks D. Xebec ["OP17-039">OP17-039] revealed: Charlotte Linlin ["OP17-049">OP17-049]
[] Drew card from deck: Charlotte Linlin ["OP17-049">OP17-049]
RZ1|124|2|OP17-049|0|32|1|7|1|1|0|0|0
RZ1|CHK|124|2|32|8|2|4|4|6|4|0|1|0
[] Drew card from deck: Shiki ["OP17-048">OP17-048]
RZ1|125|2|OP17-048|0|31|1|8|1|1|0|0|0
RZ1|CHK|125|2|31|9|2|4|4|6|4|0|1|0
[Opponent] Rocks D. Xebec ["OP17-039">OP17-039]: Draw 2 Card
Rocks D. Xebec ["OP17-039">OP17-039][5000] vs Marshall D. Teach ["OP16-080">OP16-080][5000]
Marshall D. Teach ["OP16-080">OP16-080] hit for 1 damage
RZ1|126|1|OP09-093|3|2|1|6|1|1|0|0|0
RZ1|CHK|126|1|35|7|2|2|5|4|4|0|1|1
[Opponent] Attach 1 Don to Captain John ["OP17-044">OP17-044] (1 Total)
RZ1|127|2|Don|5|5|9|100|1|1|0|0|0
RZ1|CHK|127|2|31|9|2|4|4|5|4|0|1|1
[Opponent] Captain John ["OP17-044">OP17-044] attacking Marshall D. Teach ["OP16-080">OP16-080]
Captain John ["OP17-044">OP17-044][7000] vs Marshall D. Teach ["OP16-080">OP16-080][5000]
Marshall D. Teach ["OP16-080">OP16-080] hit for 1 damage
RZ1|128|1|OP12-112|3|1|1|7|1|1|0|0|0
RZ1|CHK|128|1|35|8|2|1|5|4|4|0|1|1
RZ1|129|2|Don|5|0|5|0|1|1|1|0|0
RZ1|CHK|129|2|31|9|2|4|4|5|4|0|1|1
RZ1|130|2|Don|5|1|5|1|1|1|1|0|0
RZ1|CHK|130|2|31|9|2|4|4|5|4|0|1|1
RZ1|131|2|Don|5|2|5|2|1|1|1|0|0
RZ1|CHK|131|2|31|9|2|4|4|5|4|0|1|1
RZ1|132|2|Don|5|3|5|3|1|1|1|0|0
RZ1|CHK|132|2|31|9|2|4|4|5|4|0|1|1
RZ1|133|2|Don|5|4|5|4|1|1|1|0|0
RZ1|CHK|133|2|31|9|2|4|4|5|4|0|1|1
[Opponent] Deploy Charlotte Linlin ["OP17-049">OP17-049]
RZ1|134|2|OP17-049|1|7|2|2|1|1|0|0|0
RZ1|CHK|134|2|31|8|3|4|4|5|4|0|1|1
[Opponent] Forcing opponent to resolve Card Action!
RZ1|135|1|OP09-086|1|4|6|4|1|1|0|0|0
RZ1|CHK|135|1|35|7|2|1|5|4|5|0|1|1
[You] Charlotte Linlin ["OP17-049">OP17-049]: Trash Jesus Burgess ["OP09-086">OP09-086]
RZ1|136|1|OP16-110|1|3|6|5|1|1|0|0|0
RZ1|CHK|136|1|35|6|2|1|5|4|6|0|1|1
[You] Charlotte Linlin ["OP17-049">OP17-049]: Trash Vasco Shot ["OP16-110">OP16-110]
[] Hand: [OP17-052,OP17-118,OP17-118,OP17-055,OP17-118,OP17-118,OP17-046,OP17-048]
[] Board: [OP17-045,OP17-044,OP17-049]
[] Trash: [OP17-040,OP17-046,OP17-056,OP17-045]
[] Life: 4
[] Hand: [OP16-116,OP16-108,OP16-119,OP16-119,OP09-093,OP12-112]
[] Trash: [OP09-096,OP16-115,OP16-115,OP09-095,OP09-086,OP16-110]
[] Board: [OP16-109,OP09-086]
[] Life: 1
[Opponent] End Turn
[] Hand: [OP16-116,OP16-108,OP16-119,OP16-119,OP09-093,OP12-112]
[] Board: [OP16-109,OP09-086]
[] Trash: [OP09-096,OP16-115,OP16-115,OP09-095,OP09-086,OP16-110]
[] Life: 1
[] Hand: [OP17-052,OP17-118,OP17-118,OP17-055,OP17-118,OP17-118,OP17-046,OP17-048]
[] Trash: [OP17-040,OP17-046,OP17-056,OP17-045]
[] Board: [OP17-045,OP17-044,OP17-049]
[] Life: 4
RZ1|137|1|Don|9|9900|5|0|1|1|1|0|0
RZ1|CHK|137|1|35|6|2|1|5|5|6|0|1|0
[You] Draw 1 Card
[] Drew card from deck: Doc Q ["OP16-109">OP16-109]
RZ1|138|1|OP16-109|0|34|1|6|1|1|0|0|0
RZ1|CHK|138|1|34|7|2|1|5|5|6|0|1|0
RZ1|139|1|Don|4|4|5|5|1|1|0|0|0
RZ1|CHK|139|1|34|7|2|1|4|6|6|0|1|0
RZ1|140|1|Don|4|3|5|6|1|1|0|0|0
RZ1|CHK|140|1|34|7|2|1|3|7|6|0|1|0
[You] Draw 2 Don
[You] Jesus Burgess ["OP09-086">OP09-086] attacking Captain John ["OP17-044">OP17-044]
RZ1|141|2|OP17-052|1|0|6|4|1|1|0|0|0
RZ1|CHK|141|2|31|7|3|4|4|5|5|0|1|1
[Opponent] Charlotte Linlin ["OP17-049">OP17-049]: Trash Don Marlon ["OP17-052">OP17-052]
[Opponent] Charlotte Linlin ["OP17-049">OP17-049]: Buff Captain John ["OP17-044">OP17-044] 1000 for the Combat
Jesus Burgess ["OP09-086">OP09-086][6000] vs Captain John ["OP17-044">OP17-044][7000]
Attack Fails
RZ1|142|1|Don|5|0|9|9900|1|1|0|0|0
RZ1|CHK|142|1|34|7|2|1|3|6|6|0|1|1
[You] Attach 1 Don to Marshall D. Teach ["OP16-080">OP16-080] (1 Total)
[You] Marshall D. Teach ["OP16-080">OP16-080] attacking Captain John ["OP17-044">OP17-044]
[Opponent] Discard Rocks D. Xebec ["OP17-118">OP17-118] for Counter 2000
RZ1|143|2|OP17-118|1|3|6|5|1|1|0|0|0
RZ1|CHK|143|2|31|6|3|4|4|5|6|0|1|1
Marshall D. Teach ["OP16-080">OP16-080][6000] vs Captain John ["OP17-044">OP17-044][8000]
Attack Fails
RZ1|144|1|Don|5|0|5|0|1|1|1|0|0
RZ1|CHK|144|1|34|7|2|1|3|6|6|0|1|1
RZ1|145|1|Don|5|1|5|1|1|1|1|0|0
RZ1|CHK|145|1|34|7|2|1|3|6|6|0|1|1
RZ1|146|1|Don|5|2|5|2|1|1|1|0|0
RZ1|CHK|146|1|34|7|2|1|3|6|6|0|1|1
RZ1|147|1|Don|5|3|5|3|1|1|1|0|0
RZ1|CHK|147|1|34|7|2|1|3|6|6|0|1|1
RZ1|148|1|Don|5|4|5|4|1|1|1|0|0
RZ1|CHK|148|1|34|7|2|1|3|6|6|0|1|1
RZ1|149|1|Don|5|5|5|5|1|1|1|0|0
RZ1|CHK|149|1|34|7|2|1|3|6|6|0|1|1
[You] Deploy Shiryu ["OP16-108">OP16-108]
RZ1|150|1|OP16-108|1|1|2|2|1|1|0|0|0
RZ1|CHK|150|1|34|6|3|1|3|6|6|0|1|1
RZ1|151|1|OP16-116|1|0|6|6|1|1|0|0|0
RZ1|CHK|151|1|34|5|3|1|3|6|7|0|1|1
[You] Shiryu ["OP16-108">OP16-108]: Trash ZEHAHAHAHA ["OP16-116">OP16-116]
[] Hand: [OP16-119,OP16-119,OP09-093,OP12-112,OP16-109]
[] Board: [OP16-109,OP09-086,OP16-108]
[] Trash: [OP09-096,OP16-115,OP16-115,OP09-095,OP09-086,OP16-110,OP16-116]
[] Life: 1
[] Hand: [OP17-118,OP17-118,OP17-055,OP17-118,OP17-046,OP17-048]
[] Trash: [OP17-040,OP17-046,OP17-056,OP17-045,OP17-052,OP17-118]
[] Board: [OP17-045,OP17-044,OP17-049]
[] Life: 4
[You] End Turn
[] Hand: [OP17-118,OP17-118,OP17-055,OP17-118,OP17-046,OP17-048]
[] Board: [OP17-045,OP17-044,OP17-049]
[] Trash: [OP17-040,OP17-046,OP17-056,OP17-045,OP17-052,OP17-118]
[] Life: 4
[] Hand: [OP16-119,OP16-119,OP09-093,OP12-112,OP16-109]
[] Trash: [OP09-096,OP16-115,OP16-115,OP09-095,OP09-086,OP16-110,OP16-116]
[] Board: [OP16-109,OP09-086,OP16-108]
[] Life: 1
RZ1|152|2|Don|9|100|5|0|1|1|1|0|0
RZ1|CHK|152|2|31|6|3|4|4|6|6|0|1|0
[Opponent] Draw 1 Card
[] Drew card from deck: Shiki ["OP17-048">OP17-048]
RZ1|153|2|OP17-048|0|30|1|6|1|1|0|0|0
RZ1|CHK|153|2|30|7|3|4|4|6|6|0|1|0
RZ1|154|2|Don|4|3|5|6|1|1|0|0|0
RZ1|CHK|154|2|30|7|3|4|3|7|6|0|1|0
RZ1|155|2|Don|4|2|5|7|1|1|0|0|0
RZ1|CHK|155|2|30|7|3|4|2|8|6|0|1|0
[Opponent] Draw 2 Don
[Opponent] Attach 1 Don to Kyo ["OP17-045">OP17-045] (1 Total)
RZ1|156|2|Don|5|7|9|0|1|1|0|0|0
RZ1|CHK|156|2|30|7|3|4|2|7|6|0|1|1
[Opponent] Attach 1 Don to Kyo ["OP17-045">OP17-045] (2 Total)
RZ1|157|2|Don|5|6|9|1|1|1|0|0|0
RZ1|CHK|157|2|30|7|3|4|2|6|6|0|1|2
[Opponent] Attach 1 Don to Kyo ["OP17-045">OP17-045] (3 Total)
RZ1|158|2|Don|5|5|9|2|1|1|0|0|0
RZ1|CHK|158|2|30|7|3|4|2|5|6|0|1|3
[Opponent] Attach 1 Don to Kyo ["OP17-045">OP17-045] (4 Total)
RZ1|159|2|Don|5|4|9|3|1|1|0|0|0
RZ1|CHK|159|2|30|7|3|4|2|4|6|0|1|4
[Opponent] Kyo ["OP17-045">OP17-045] attacking Marshall D. Teach ["OP16-080">OP16-080]
[You] Discard Baby 5 ["OP12-112">OP12-112] for Counter 2000
RZ1|160|1|OP12-112|1|3|6|7|1|1|0|0|0
RZ1|CHK|160|1|34|4|3|1|3|6|8|0|1|1
[You] Discard Doc Q ["OP16-109">OP16-109] for Counter 2000
RZ1|161|1|OP16-109|1|3|6|8|1|1|0|0|0
RZ1|CHK|161|1|34|3|3|1|3|6|9|0|1|1
Kyo ["OP17-045">OP17-045][8000] vs Marshall D. Teach ["OP16-080">OP16-080][9000]
Attack Fails
[Opponent] Attach 1 Don to Captain John ["OP17-044">OP17-044] (1 Total)
RZ1|162|2|Don|5|3|9|100|1|1|0|0|0
RZ1|CHK|162|2|30|7|3|4|2|3|6|0|1|5
[Opponent] Captain John ["OP17-044">OP17-044] attacking Marshall D. Teach ["OP16-080">OP16-080]
Captain John ["OP17-044">OP17-044][7000] vs Marshall D. Teach ["OP16-080">OP16-080][5000]
Marshall D. Teach ["OP16-080">OP16-080] hit for 1 damage
RZ1|163|1|OP09-095|3|0|1|3|1|1|0|0|0
RZ1|CHK|163|1|34|4|3|0|3|6|9|0|1|1
[Opponent] Charlotte Linlin ["OP17-049">OP17-049] attacking Marshall D. Teach ["OP16-080">OP16-080]
RZ1|164|1|OP16-119|1|0|6|9|1|1|0|0|0
RZ1|CHK|164|1|34|3|3|0|3|6|10|0|1|1
[You] Marshall D. Teach ["OP16-080">OP16-080]: Trash Marshall D. Teach ["OP16-119">OP16-119]
[You] Marshall D. Teach ["OP16-080">OP16-080]: Target of Attack changed to Shiryu ["OP16-108">OP16-108]
Charlotte Linlin ["OP17-049">OP17-049][7000] vs Shiryu ["OP16-108">OP16-108][8000]
Attack Fails
[Opponent] Attach 3 Don to Rocks D. Xebec ["OP17-039">OP17-039] (3 Total)
RZ1|165|2|Don|5|0|9|9900|1|1|0|0|0
RZ1|CHK|165|2|30|7|3|4|2|2|6|0|1|6
RZ1|166|2|Don|5|0|9|9901|1|1|0|0|0
RZ1|CHK|166|2|30|7|3|4|2|1|6|0|1|7
RZ1|167|2|Don|5|0|9|9902|1|1|0|0|0
RZ1|CHK|167|2|30|7|3|4|2|0|6|0|1|8
[Opponent] Rocks D. Xebec ["OP17-039">OP17-039] attacking Marshall D. Teach ["OP16-080">OP16-080]
RZ1|168|2|OP17-048|1|6|6|6|1|1|0|0|0
RZ1|CHK|168|2|30|6|3|4|2|0|7|0|1|8
[Opponent] Rocks D. Xebec ["OP17-039">OP17-039]: Trash Shiki ["OP17-048">OP17-048]
RZ1|169|2|OP17-040|0|29|0|29|0|0|0|0|0
RZ1|CHK|169|2|30|6|3|4|2|0|7|0|1|8
[Opponent] Rocks D. Xebec ["OP17-039">OP17-039] revealed: Edward Newgate ["OP17-040">OP17-040]
[] Drew card from deck: Edward Newgate ["OP17-040">OP17-040]
RZ1|170|2|OP17-040|0|29|1|6|1|1|0|0|0
RZ1|CHK|170|2|29|7|3|4|2|0|7|0|1|8
[] Drew card from deck: There's No Authority in the World ["OP17-055">OP17-055]
RZ1|171|2|OP17-055|0|28|1|7|1|1|0|0|0
RZ1|CHK|171|2|28|8|3|4|2|0|7|0|1|8
[Opponent] Rocks D. Xebec ["OP17-039">OP17-039]: Draw 2 Card
Rocks D. Xebec ["OP17-039">OP17-039][8000] vs Marshall D. Teach ["OP16-080">OP16-080][5000]
Marshall D. Teach ["OP16-080">OP16-080] hit for 1 damage
[You] <b>Downloaded the Combat Log!</b>
GameOver
