Version is 1.42b
[You] Leader is Marshall D. Teach ["OP16-080">OP16-080]
RZ1|HDR|1.42b|2|RZ1
RZ1|PLY|1||OP16-080
RZ1|PLY|2||
[Opponent] Leader is Rocks D. Xebec ["OP17-039">OP17-039]
RZ1|1|2|OP17-118|0|35|0|0|0|0|0|0|0
RZ1|CHK|1|2|50|0|0|0|10|0|0|0|1|0
RZ1|2|2|OP17-040|0|31|0|1|0|0|0|0|0
RZ1|CHK|2|2|50|0|0|0|10|0|0|0|1|0
RZ1|3|2|OP17-050|0|3|0|2|0|0|0|0|0
RZ1|CHK|3|2|50|0|0|0|10|0|0|0|1|0
RZ1|4|2|OP17-049|0|28|0|3|0|0|0|0|0
RZ1|CHK|4|2|50|0|0|0|10|0|0|0|1|0
RZ1|5|2|OP17-045|0|8|0|4|0|0|0|0|0
RZ1|CHK|5|2|50|0|0|0|10|0|0|0|1|0
RZ1|6|2|OP17-046|0|23|0|5|0|0|0|0|0
RZ1|CHK|6|2|50|0|0|0|10|0|0|0|1|0
RZ1|7|2|OP17-046|0|23|0|6|0|0|0|0|0
RZ1|CHK|7|2|50|0|0|0|10|0|0|0|1|0
RZ1|8|2|OP17-118|0|38|0|7|0|0|0|0|0
RZ1|CHK|8|2|50|0|0|0|10|0|0|0|1|0
RZ1|9|2|OP17-050|0|9|0|8|0|0|0|0|0
RZ1|CHK|9|2|50|0|0|0|10|0|0|0|1|0
RZ1|10|2|OP17-052|0|13|0|9|0|0|0|0|0
RZ1|CHK|10|2|50|0|0|0|10|0|0|0|1|0
RZ1|11|2|OP17-042|0|20|0|11|0|0|0|0|0
RZ1|CHK|11|2|50|0|0|0|10|0|0|0|1|0
RZ1|12|2|OP17-049|0|28|0|12|0|0|0|0|0
RZ1|CHK|12|2|50|0|0|0|10|0|0|0|1|0
RZ1|13|2|OP17-055|0|41|0|13|0|0|0|0|0
RZ1|CHK|13|2|50|0|0|0|10|0|0|0|1|0
RZ1|14|2|OP17-040|0|31|0|14|0|0|0|0|0
RZ1|CHK|14|2|50|0|0|0|10|0|0|0|1|0
RZ1|15|2|OP17-055|0|40|0|15|0|0|0|0|0
RZ1|CHK|15|2|50|0|0|0|10|0|0|0|1|0
RZ1|16|2|OP17-054|0|23|0|16|0|0|0|0|0
RZ1|CHK|16|2|50|0|0|0|10|0|0|0|1|0
RZ1|17|2|OP17-043|0|30|0|18|0|0|0|0|0
RZ1|CHK|17|2|50|0|0|0|10|0|0|0|1|0
RZ1|18|2|OP17-054|0|22|0|19|0|0|0|0|0
RZ1|CHK|18|2|50|0|0|0|10|0|0|0|1|0
RZ1|19|2|OP17-054|0|24|0|20|0|0|0|0|0
RZ1|CHK|19|2|50|0|0|0|10|0|0|0|1|0
RZ1|20|2|OP17-057|0|48|0|21|0|0|0|0|0
RZ1|CHK|20|2|50|0|0|0|10|0|0|0|1|0
RZ1|21|2|OP17-042|0|26|0|22|0|0|0|0|0
RZ1|CHK|21|2|50|0|0|0|10|0|0|0|1|0
RZ1|22|2|OP17-040|0|34|0|23|0|0|0|0|0
RZ1|CHK|22|2|50|0|0|0|10|0|0|0|1|0
RZ1|23|2|OP17-044|0|29|0|26|0|0|0|0|0
RZ1|CHK|23|2|50|0|0|0|10|0|0|0|1|0
RZ1|24|2|OP17-057|0|48|0|27|0|0|0|0|0
RZ1|CHK|24|2|50|0|0|0|10|0|0|0|1|0
RZ1|25|2|OP17-049|0|35|0|28|0|0|0|0|0
RZ1|CHK|25|2|50|0|0|0|10|0|0|0|1|0
RZ1|26|2|OP17-043|0|34|0|29|0|0|0|0|0
RZ1|CHK|26|2|50|0|0|0|10|0|0|0|1|0
RZ1|27|2|OP17-118|0|41|0|30|0|0|0|0|0
RZ1|CHK|27|2|50|0|0|0|10|0|0|0|1|0
RZ1|28|2|OP17-055|0|43|0|31|0|0|0|0|0
RZ1|CHK|28|2|50|0|0|0|10|0|0|0|1|0
RZ1|29|2|OP17-056|0|46|0|32|0|0|0|0|0
RZ1|CHK|29|2|50|0|0|0|10|0|0|0|1|0
RZ1|30|2|OP17-044|0|35|0|33|0|0|0|0|0
RZ1|CHK|30|2|50|0|0|0|10|0|0|0|1|0
RZ1|31|2|OP17-056|0|46|0|34|0|0|0|0|0
RZ1|CHK|31|2|50|0|0|0|10|0|0|0|1|0
RZ1|32|2|OP17-046|0|37|0|35|0|0|0|0|0
RZ1|CHK|32|2|50|0|0|0|10|0|0|0|1|0
RZ1|33|2|OP17-055|0|46|0|36|0|0|0|0|0
RZ1|CHK|33|2|50|0|0|0|10|0|0|0|1|0
RZ1|34|2|OP17-054|0|38|0|37|0|0|0|0|0
RZ1|CHK|34|2|50|0|0|0|10|0|0|0|1|0
RZ1|35|2|OP17-118|0|46|0|39|0|0|0|0|0
RZ1|CHK|35|2|50|0|0|0|10|0|0|0|1|0
RZ1|36|2|OP17-049|0|41|0|40|0|0|0|0|0
RZ1|CHK|36|2|50|0|0|0|10|0|0|0|1|0
RZ1|37|2|OP17-048|0|46|0|41|0|0|0|0|0
RZ1|CHK|37|2|50|0|0|0|10|0|0|0|1|0
RZ1|38|2|OP17-048|0|45|0|42|0|0|0|0|0
RZ1|CHK|38|2|50|0|0|0|10|0|0|0|1|0
RZ1|39|2|OP17-040|0|44|0|43|0|0|0|0|0
RZ1|CHK|39|2|50|0|0|0|10|0|0|0|1|0
RZ1|40|2|OP17-048|0|45|0|44|0|0|0|0|0
RZ1|CHK|40|2|50|0|0|0|10|0|0|0|1|0
RZ1|41|2|OP17-057|0|49|0|45|0|0|0|0|0
RZ1|CHK|41|2|50|0|0|0|10|0|0|0|1|0
RZ1|42|2|OP17-056|0|49|0|46|0|0|0|0|0
RZ1|CHK|42|2|50|0|0|0|10|0|0|0|1|0
RZ1|43|2|OP17-056|0|49|0|47|0|0|0|0|0
RZ1|CHK|43|2|50|0|0|0|10|0|0|0|1|0
[] Drew card from deck: Baby 5 ["OP12-112">OP12-112]
RZ1|44|1|OP12-112|0|49|1|0|1|1|0|0|0
RZ1|CHK|44|1|49|1|0|0|10|0|0|0|1|0
[] Drew card from deck: Marshall D. Teach ["OP16-119">OP16-119]
RZ1|45|1|OP16-119|0|48|1|1|1|1|0|0|0
RZ1|CHK|45|1|48|2|0|0|10|0|0|0|1|0
[] Drew card from deck: Catarina Devon ["OP16-104">OP16-104]
RZ1|46|1|OP16-104|0|47|1|2|1|1|0|0|0
RZ1|CHK|46|1|47|3|0|0|10|0|0|0|1|0
[] Drew card from deck: Shiryu ["OP16-108">OP16-108]
RZ1|47|1|OP16-108|0|46|1|3|1|1|0|0|0
RZ1|CHK|47|1|46|4|0|0|10|0|0|0|1|0
[] Drew card from deck: ZEHAHAHAHA ["OP16-116">OP16-116]
RZ1|48|1|OP16-116|0|45|1|4|1|1|0|0|0
RZ1|CHK|48|1|45|5|0|0|10|0|0|0|1|0
[] Drew card from deck: Shiki ["OP17-048">OP17-048]
RZ1|49|2|OP17-048|0|49|1|0|1|1|0|0|0
RZ1|CHK|49|2|49|1|0|0|10|0|0|0|1|0
[] Drew card from deck: Gloriosa ["OP17-046">OP17-046]
RZ1|50|2|OP17-046|0|48|1|1|1|1|0|0|0
RZ1|CHK|50|2|48|2|0|0|10|0|0|0|1|0
[] Drew card from deck: Rocks Pirates ["OP17-056">OP17-056]
RZ1|51|2|OP17-056|0|47|1|2|1|1|0|0|0
RZ1|CHK|51|2|47|3|0|0|10|0|0|0|1|0
[] Drew card from deck: Rocks Pirates ["OP17-056">OP17-056]
RZ1|52|2|OP17-056|0|46|1|3|1|1|0|0|0
RZ1|CHK|52|2|46|4|0|0|10|0|0|0|1|0
[] Drew card from deck: Fullalead ["OP17-057">OP17-057]
RZ1|53|2|OP17-057|0|45|1|4|1|1|0|0|0
RZ1|CHK|53|2|45|5|0|0|10|0|0|0|1|0
RZ1|54|1|OP12-112|1|0|0|45|0|0|0|0|0
RZ1|CHK|54|1|46|4|0|0|10|0|0|0|1|0
RZ1|55|1|OP16-119|1|0|0|46|0|0|0|0|0
RZ1|CHK|55|1|47|3|0|0|10|0|0|0|1|0
RZ1|56|1|OP16-104|1|0|0|47|0|0|0|0|0
RZ1|CHK|56|1|48|2|0|0|10|0|0|0|1|0
RZ1|57|1|OP16-108|1|0|0|48|0|0|0|0|0
RZ1|CHK|57|1|49|1|0|0|10|0|0|0|1|0
RZ1|58|1|OP16-116|1|0|0|49|0|0|0|0|0
RZ1|CHK|58|1|50|0|0|0|10|0|0|0|1|0
RZ1|59|1|OP09-099|0|12|0|0|0|0|0|0|0
RZ1|CHK|59|1|50|0|0|0|10|0|0|0|1|0
RZ1|60|1|OP16-110|0|12|0|1|0|0|0|0|0
RZ1|CHK|60|1|50|0|0|0|10|0|0|0|1|0
RZ1|61|1|OP16-108|0|27|0|2|0|0|0|0|0
RZ1|CHK|61|1|50|0|0|0|10|0|0|0|1|0
RZ1|62|1|OP16-104|0|40|0|3|0|0|0|0|0
RZ1|CHK|62|1|50|0|0|0|10|0|0|0|1|0
RZ1|63|1|OP16-110|0|31|0|4|0|0|0|0|0
RZ1|CHK|63|1|50|0|0|0|10|0|0|0|1|0
RZ1|64|1|OP16-108|0|48|0|5|0|0|0|0|0
RZ1|CHK|64|1|50|0|0|0|10|0|0|0|1|0
RZ1|65|1|OP16-110|0|7|0|6|0|0|0|0|0
RZ1|CHK|65|1|50|0|0|0|10|0|0|0|1|0
RZ1|66|1|OP16-115|0|18|0|7|0|0|0|0|0
RZ1|CHK|66|1|50|0|0|0|10|0|0|0|1|0
RZ1|67|1|OP09-099|0|30|0|8|0|0|0|0|0
RZ1|CHK|67|1|50|0|0|0|10|0|0|0|1|0
RZ1|68|1|OP09-086|0|16|0|9|0|0|0|0|0
RZ1|CHK|68|1|50|0|0|0|10|0|0|0|1|0
RZ1|69|1|OP09-093|0|31|0|10|0|0|0|0|0
RZ1|CHK|69|1|50|0|0|0|10|0|0|0|1|0
RZ1|70|1|OP09-095|0|27|0|11|0|0|0|0|0
RZ1|CHK|70|1|50|0|0|0|10|0|0|0|1|0
RZ1|71|1|OP09-093|0|25|0|12|0|0|0|0|0
RZ1|CHK|71|1|50|0|0|0|10|0|0|0|1|0
RZ1|72|1|OP09-096|0|18|0|13|0|0|0|0|0
RZ1|CHK|72|1|50|0|0|0|10|0|0|0|1|0
RZ1|73|1|EB04-058|0|36|0|14|0|0|0|0|0
RZ1|CHK|73|1|50|0|0|0|10|0|0|0|1|0
RZ1|74|1|OP09-086|0|17|0|15|0|0|0|0|0
RZ1|CHK|74|1|50|0|0|0|10|0|0|0|1|0
RZ1|75|1|OP16-109|0|32|0|16|0|0|0|0|0
RZ1|CHK|75|1|50|0|0|0|10|0|0|0|1|0
RZ1|76|1|OP09-096|0|32|0|17|0|0|0|0|0
RZ1|CHK|76|1|50|0|0|0|10|0|0|0|1|0
RZ1|77|1|EB04-058|0|40|0|18|0|0|0|0|0
RZ1|CHK|77|1|50|0|0|0|10|0|0|0|1|0
RZ1|78|1|OP09-086|0|38|0|19|0|0|0|0|0
RZ1|CHK|78|1|50|0|0|0|10|0|0|0|1|0
RZ1|79|1|EB04-058|0|24|0|20|0|0|0|0|0
RZ1|CHK|79|1|50|0|0|0|10|0|0|0|1|0
RZ1|80|1|OP16-110|0|42|0|21|0|0|0|0|0
RZ1|CHK|80|1|50|0|0|0|10|0|0|0|1|0
RZ1|81|1|OP16-104|0|25|0|23|0|0|0|0|0
RZ1|CHK|81|1|50|0|0|0|10|0|0|0|1|0
RZ1|82|1|OP16-116|0|49|0|24|0|0|0|0|0
RZ1|CHK|82|1|50|0|0|0|10|0|0|0|1|0
RZ1|83|1|OP09-096|0|46|0|25|0|0|0|0|0
RZ1|CHK|83|1|50|0|0|0|10|0|0|0|1|0
RZ1|84|1|EB04-058|0|40|0|26|0|0|0|0|0
RZ1|CHK|84|1|50|0|0|0|10|0|0|0|1|0
RZ1|85|1|OP16-119|0|48|0|27|0|0|0|0|0
RZ1|CHK|85|1|50|0|0|0|10|0|0|0|1|0
RZ1|86|1|OP16-119|0|41|0|28|0|0|0|0|0
RZ1|CHK|86|1|50|0|0|0|10|0|0|0|1|0
RZ1|87|1|OP09-099|0|32|0|29|0|0|0|0|0
RZ1|CHK|87|1|50|0|0|0|10|0|0|0|1|0
RZ1|88|1|OP16-115|0|35|0|30|0|0|0|0|0
RZ1|CHK|88|1|50|0|0|0|10|0|0|0|1|0
RZ1|89|1|OP09-096|0|38|0|31|0|0|0|0|0
RZ1|CHK|89|1|50|0|0|0|10|0|0|0|1|0
RZ1|90|1|OP16-108|0|33|0|32|0|0|0|0|0
RZ1|CHK|90|1|50|0|0|0|10|0|0|0|1|0
RZ1|91|1|OP16-119|0|40|0|33|0|0|0|0|0
RZ1|CHK|91|1|50|0|0|0|10|0|0|0|1|0
RZ1|92|1|OP16-116|0|46|0|34|0|0|0|0|0
RZ1|CHK|92|1|50|0|0|0|10|0|0|0|1|0
RZ1|93|1|OP16-108|0|37|0|35|0|0|0|0|0
RZ1|CHK|93|1|50|0|0|0|10|0|0|0|1|0
RZ1|94|1|OP12-112|0|38|0|36|0|0|0|0|0
RZ1|CHK|94|1|50|0|0|0|10|0|0|0|1|0
RZ1|95|1|OP16-109|0|38|0|37|0|0|0|0|0
RZ1|CHK|95|1|50|0|0|0|10|0|0|0|1|0
RZ1|96|1|OP09-095|0|40|0|38|0|0|0|0|0
RZ1|CHK|96|1|50|0|0|0|10|0|0|0|1|0
RZ1|97|1|OP16-109|0|45|0|39|0|0|0|0|0
RZ1|CHK|97|1|50|0|0|0|10|0|0|0|1|0
RZ1|98|1|OP16-119|0|44|0|40|0|0|0|0|0
RZ1|CHK|98|1|50|0|0|0|10|0|0|0|1|0
RZ1|99|1|OP16-104|0|46|0|41|0|0|0|0|0
RZ1|CHK|99|1|50|0|0|0|10|0|0|0|1|0
RZ1|100|1|OP09-093|0|46|0|42|0|0|0|0|0
RZ1|CHK|100|1|50|0|0|0|10|0|0|0|1|0
RZ1|101|1|OP09-086|0|46|0|43|0|0|0|0|0
RZ1|CHK|101|1|50|0|0|0|10|0|0|0|1|0
RZ1|102|1|OP16-109|0|45|0|44|0|0|0|0|0
RZ1|CHK|102|1|50|0|0|0|10|0|0|0|1|0
RZ1|103|1|OP09-093|0|46|0|45|0|0|0|0|0
RZ1|CHK|103|1|50|0|0|0|10|0|0|0|1|0
RZ1|104|1|OP16-104|0|49|0|46|0|0|0|0|0
RZ1|CHK|104|1|50|0|0|0|10|0|0|0|1|0
RZ1|105|1|OP09-095|0|48|0|47|0|0|0|0|0
RZ1|CHK|105|1|50|0|0|0|10|0|0|0|1|0
RZ1|106|1|OP12-112|0|49|0|48|0|0|0|0|0
RZ1|CHK|106|1|50|0|0|0|10|0|0|0|1|0
[] Drew card from deck: You're the one who should disappear! ["OP06-115">OP06-115]
RZ1|107|1|OP06-115|0|49|1|0|1|1|0|0|0
RZ1|CHK|107|1|49|1|0|0|10|0|0|0|1|0
[] Drew card from deck: Baby 5 ["OP12-112">OP12-112]
RZ1|108|1|OP12-112|0|48|1|1|1|1|0|0|0
RZ1|CHK|108|1|48|2|0|0|10|0|0|0|1|0
[] Drew card from deck: Laffitte ["OP09-095">OP09-095]
RZ1|109|1|OP09-095|0|47|1|2|1|1|0|0|0
RZ1|CHK|109|1|47|3|0|0|10|0|0|0|1|0
[] Drew card from deck: Catarina Devon ["OP16-104">OP16-104]
RZ1|110|1|OP16-104|0|46|1|3|1|1|0|0|0
RZ1|CHK|110|1|46|4|0|0|10|0|0|0|1|0
[] Drew card from deck: Marshall D. Teach ["OP09-093">OP09-093]
RZ1|111|1|OP09-093|0|45|1|4|1|1|0|0|0
RZ1|CHK|111|1|45|5|0|0|10|0|0|0|1|0
RZ1|112|1|OP16-109|0|44|3|0|1|0|0|0|0
RZ1|CHK|112|1|44|5|0|1|10|0|0|0|1|0
RZ1|113|1|OP09-086|0|43|3|1|1|0|0|0|0
RZ1|CHK|113|1|43|5|0|2|10|0|0|0|1|0
RZ1|114|1|OP09-093|0|42|3|2|1|0|0|0|0
RZ1|CHK|114|1|42|5|0|3|10|0|0|0|1|0
RZ1|115|1|OP16-104|0|41|3|3|1|0|0|0|0
RZ1|CHK|115|1|41|5|0|4|10|0|0|0|1|0
[] Hand after Mulligan: [OP06-115,OP12-112,OP09-095,OP16-104,OP09-093]
[You] Mulligan
RZ1|116|2|OP17-048|0|44|3|0|0|1|0|0|0
RZ1|CHK|116|2|44|5|0|1|10|0|0|0|1|0
RZ1|117|2|OP17-040|0|43|3|1|0|1|0|0|0
RZ1|CHK|117|2|43|5|0|2|10|0|0|0|1|0
RZ1|118|2|OP17-048|0|42|3|2|0|1|0|0|0
RZ1|CHK|118|2|42|5|0|3|10|0|0|0|1|0
RZ1|119|2|OP17-048|0|41|3|3|0|1|0|0|0
RZ1|CHK|119|2|41|5|0|4|10|0|0|0|1|0
RZ1|120|2|OP17-049|0|40|3|4|0|1|0|0|0
RZ1|CHK|120|2|40|5|0|5|10|0|0|0|1|0
[] Hand: [OP06-115,OP12-112,OP09-095,OP16-104,OP09-093]
[] Board: []
[] Trash: []
[] Life: 4
[] Hand: [OP17-048,OP17-046,OP17-056,OP17-056,OP17-057]
[] Trash: []
[] Board: []
[] Life: 5
RZ1|121|1|Don|4|9|5|0|1|1|0|0|0
RZ1|CHK|121|1|41|5|0|4|9|1|0|0|1|0
[You] Draw 1 Don
RZ1|122|1|Don|5|0|5|0|1|1|1|0|0
RZ1|CHK|122|1|41|5|0|4|9|1|0|0|1|0
[You] Deploy Laffitte ["OP09-095">OP09-095]
RZ1|123|1|OP09-095|1|2|2|0|1|1|0|0|0
RZ1|CHK|123|1|41|4|1|4|9|1|0|0|1|0
[] Hand: [OP06-115,OP12-112,OP16-104,OP09-093]
[] Board: [OP09-095]
[] Trash: []
[] Life: 4
[] Hand: [OP17-048,OP17-046,OP17-056,OP17-056,OP17-057]
[] Trash: []
[] Board: []
[] Life: 5
[You] End Turn
[] Hand: [OP17-048,OP17-046,OP17-056,OP17-056,OP17-057]
[] Board: []
[] Trash: []
[] Life: 5
[] Hand: [OP06-115,OP12-112,OP16-104,OP09-093]
[] Trash: []
[] Board: [OP09-095]
[] Life: 4
[Opponent] Draw 1 Card
[] Drew card from deck: Rocks D. Xebec ["OP17-118">OP17-118]
RZ1|124|2|OP17-118|0|39|1|5|1|1|0|0|0
RZ1|CHK|124|2|39|6|0|5|10|0|0|0|1|0
RZ1|125|2|Don|4|9|5|0|1|1|0|0|0
RZ1|CHK|125|2|39|6|0|5|9|1|0|0|1|0
RZ1|126|2|Don|4|8|5|1|1|1|0|0|0
RZ1|CHK|126|2|39|6|0|5|8|2|0|0|1|0
[Opponent] Draw 2 Don
RZ1|127|2|Don|5|0|5|0|1|1|1|0|0
RZ1|CHK|127|2|39|6|0|5|8|2|0|0|1|0
[Opponent] Deploy Fullalead ["OP17-057">OP17-057]
RZ1|128|2|OP17-057|1|4|7|0|1|1|0|0|0
RZ1|CHK|128|2|39|5|0|5|8|2|0|1|1|0
[] Hand: [OP17-048,OP17-046,OP17-056,OP17-056,OP17-118]
[] Board: []
[] Trash: []
[] Life: 5
[] Hand: [OP06-115,OP12-112,OP16-104,OP09-093]
[] Trash: []
[] Board: [OP09-095]
[] Life: 4
[Opponent] End Turn
[] Hand: [OP06-115,OP12-112,OP16-104,OP09-093]
[] Board: [OP09-095]
[] Trash: []
[] Life: 4
[] Hand: [OP17-048,OP17-046,OP17-056,OP17-056,OP17-118]
[] Trash: []
[] Board: []
[] Life: 5
[You] Draw 1 Card
[] Drew card from deck: Marshall D. Teach ["OP16-119">OP16-119]
RZ1|129|1|OP16-119|0|40|1|4|1|1|0|0|0
RZ1|CHK|129|1|40|5|1|4|9|1|0|0|1|0
RZ1|130|1|Don|4|8|5|1|1|1|0|0|0
RZ1|CHK|130|1|40|5|1|4|8|2|0|0|1|0
RZ1|131|1|Don|4|7|5|2|1|1|0|0|0
RZ1|CHK|131|1|40|5|1|4|7|3|0|0|1|0
[You] Draw 2 Don
[You] Laffitte ["OP09-095">OP09-095]: Rest 1 Don
RZ1|132|1|Don|5|0|5|0|1|1|1|0|0
RZ1|CHK|132|1|40|5|1|4|7|3|0|0|1|0
[You] Laffitte ["OP09-095">OP09-095]: Rest Laffitte ["OP09-095">OP09-095]
RZ1|133|1|OP16-108|0|35|1|5|1|1|0|0|0
RZ1|CHK|133|1|39|6|1|4|7|3|0|0|1|0
[You] Laffitte ["OP09-095">OP09-095]: <b>Reveal and Draw Shiryu ["OP16-108">OP16-108]</b>
[You] Placing Cards on Bottom of Deck
RZ1|134|1|OP16-109|0|38|0|0|0|0|0|0|0
RZ1|CHK|134|1|39|6|1|4|7|3|0|0|1|0
RZ1|135|1|OP09-095|0|38|0|0|0|0|0|0|0
RZ1|CHK|135|1|39|6|1|4|7|3|0|0|1|0
RZ1|136|1|OP16-109|0|38|0|0|0|0|0|0|0
RZ1|CHK|136|1|39|6|1|4|7|3|0|0|1|0
RZ1|137|1|OP12-112|0|38|0|0|0|0|0|0|0
RZ1|CHK|137|1|39|6|1|4|7|3|0|0|1|0
[You] Attach 1 Don to Marshall D. Teach ["OP16-080">OP16-080] (1 Total)
RZ1|138|1|Don|5|2|9|9900|1|1|0|0|0
RZ1|CHK|138|1|39|6|1|4|7|2|0|0|1|1
[You] Attach 1 Don to Marshall D. Teach ["OP16-080">OP16-080] (2 Total)
RZ1|139|1|Don|5|1|9|9901|1|1|0|0|0
RZ1|CHK|139|1|39|6|1|4|7|1|0|0|1|2
[You] Marshall D. Teach ["OP16-080">OP16-080] attacking Rocks D. Xebec ["OP17-039">OP17-039]
Marshall D. Teach ["OP16-080">OP16-080][7000] vs Rocks D. Xebec ["OP17-039">OP17-039][5000]
Rocks D. Xebec ["OP17-039">OP17-039] hit for 1 damage
RZ1|140|2|OP17-049|3|4|1|5|1|1|0|0|0
RZ1|CHK|140|2|39|6|0|4|8|2|0|1|1|0
[] Hand: [OP06-115,OP12-112,OP16-104,OP09-093,OP16-119,OP16-108]
[] Board: [OP09-095]
[] Trash: []
[] Life: 4
[] Hand: [OP17-048,OP17-046,OP17-056,OP17-056,OP17-118,OP17-049]
[] Trash: []
[] Board: []
[] Life: 4
[You] End Turn
[] Hand: [OP17-048,OP17-046,OP17-056,OP17-056,OP17-118,OP17-049]
[] Board: []
[] Trash: []
[] Life: 4
[] Hand: [OP06-115,OP12-112,OP16-104,OP09-093,OP16-119,OP16-108]
[] Trash: []
[] Board: [OP09-095]
[] Life: 4
[Opponent] Draw 1 Card
[] Drew card from deck: Don Marlon ["OP17-052">OP17-052]
RZ1|141|2|OP17-052|0|38|1|6|1|1|0|0|0
RZ1|CHK|141|2|38|7|0|4|8|2|0|1|1|0
RZ1|142|2|Don|4|7|5|2|1|1|0|0|0
RZ1|CHK|142|2|38|7|0|4|7|3|0|1|1|0
RZ1|143|2|Don|4|6|5|3|1|1|0|0|0
RZ1|CHK|143|2|38|7|0|4|6|4|0|1|1|0
[Opponent] Draw 2 Don
[Opponent] Rocks D. Xebec ["OP17-039">OP17-039] attacking Marshall D. Teach ["OP16-080">OP16-080]
Rocks D. Xebec ["OP17-039">OP17-039][5000] vs Marshall D. Teach ["OP16-080">OP16-080][5000]
Marshall D. Teach ["OP16-080">OP16-080] hit for 1 damage
RZ1|144|1|OP16-104|3|3|1|6|1|1|0|0|0
RZ1|CHK|144|1|39|7|1|3|7|1|0|0|1|2
RZ1|145|2|Don|5|0|5|0|1|1|1|0|0
RZ1|CHK|145|2|38|7|0|4|6|4|0|1|1|0
RZ1|146|2|Don|5|1|5|1|1|1|1|0|0
RZ1|CHK|146|2|38|7|0|4|6|4|0|1|1|0
RZ1|147|2|Don|5|2|5|2|1|1|1|0|0
RZ1|CHK|147|2|38|7|0|4|6|4|0|1|1|0
[Opponent] Deploy Don Marlon ["OP17-052">OP17-052]
RZ1|148|2|OP17-052|1|6|2|0|1|1|0|0|0
RZ1|CHK|148|2|38|6|1|4|6|4|0|1|1|0
[] Hand: [OP17-048,OP17-046,OP17-056,OP17-056,OP17-118,OP17-049]
[] Board: [OP17-052]
[] Trash: []
[] Life: 4
[] Hand: [OP06-115,OP12-112,OP16-104,OP09-093,OP16-119,OP16-108,OP16-104]
[] Trash: []
[] Board: [OP09-095]
[] Life: 3
[Opponent] End Turn
[] Hand: [OP06-115,OP12-112,OP16-104,OP09-093,OP16-119,OP16-108,OP16-104]
[] Board: [OP09-095]
[] Trash: []
[] Life: 3
[] Hand: [OP17-048,OP17-046,OP17-056,OP17-056,OP17-118,OP17-049]
[] Trash: []
[] Board: [OP17-052]
[] Life: 4
RZ1|149|1|Don|9|9900|5|0|1|1|1|0|0
RZ1|CHK|149|1|39|7|1|3|7|2|0|0|1|1
RZ1|150|1|Don|9|9900|5|0|1|1|1|0|0
RZ1|CHK|150|1|39|7|1|3|7|3|0|0|1|0
[You] Draw 1 Card
[] Drew card from deck: ZEHAHAHAHA ["OP16-116">OP16-116]
RZ1|151|1|OP16-116|0|38|1|7|1|1|0|0|0
RZ1|CHK|151|1|38|8|1|3|7|3|0|0|1|0
RZ1|152|1|Don|4|6|5|3|1|1|0|0|0
RZ1|CHK|152|1|38|8|1|3|6|4|0|0|1|0
RZ1|153|1|Don|4|5|5|4|1|1|0|0|0
RZ1|CHK|153|1|38|8|1|3|5|5|0|0|1|0
[You] Draw 2 Don
[You] Laffitte ["OP09-095">OP09-095]: Rest 1 Don
RZ1|154|1|Don|5|0|5|0|1|1|1|0|0
RZ1|CHK|154|1|38|8|1|3|5|5|0|0|1|0
[You] Laffitte ["OP09-095">OP09-095]: Rest Laffitte ["OP09-095">OP09-095]
RZ1|155|1|OP09-099|0|33|1|8|1|1|0|0|0
RZ1|CHK|155|1|37|9|1|3|5|5|0|0|1|0
[You] Laffitte ["OP09-095">OP09-095]: <b>Reveal and Draw Fullalead ["OP09-099">OP09-099]</b>
[You] Placing Cards on Bottom of Deck
RZ1|156|1|OP16-119|0|36|0|0|0|0|0|0|0
RZ1|CHK|156|1|37|9|1|3|5|5|0|0|1|0
RZ1|157|1|OP16-108|0|36|0|0|0|0|0|0|0
RZ1|CHK|157|1|37|9|1|3|5|5|0|0|1|0
RZ1|158|1|OP09-096|0|36|0|0|0|0|0|0|0
RZ1|CHK|158|1|37|9|1|3|5|5|0|0|1|0
RZ1|159|1|OP16-115|0|36|0|0|0|0|0|0|0
RZ1|CHK|159|1|37|9|1|3|5|5|0|0|1|0
[You] Marshall D. Teach ["OP16-080">OP16-080] attacking Rocks D. Xebec ["OP17-039">OP17-039]
[Opponent] Rocks Pirates ["OP17-056">OP17-056]: Activate Counter
RZ1|160|2|OP17-056|1|2|6|0|1|1|0|0|0
RZ1|CHK|160|2|38|5|1|4|6|4|1|1|1|0
[Opponent] Rocks Pirates ["OP17-056">OP17-056]: Buff Don Marlon ["OP17-052">OP17-052] 2000 for the Combat
[Opponent] Rocks Pirates ["OP17-056">OP17-056]: Activate Counter
RZ1|161|2|OP17-056|1|2|6|1|1|1|0|0|0
RZ1|CHK|161|2|38|4|1|4|6|4|2|1|1|0
[Opponent] Rocks Pirates ["OP17-056">OP17-056]: Buff Don Marlon ["OP17-052">OP17-052] 2000 for the Combat
Marshall D. Teach ["OP16-080">OP16-080][5000] vs Rocks D. Xebec ["OP17-039">OP17-039][5000]
Rocks D. Xebec ["OP17-039">OP17-039] hit for 1 damage
RZ1|162|2|OP17-048|3|3|1|4|1|1|0|0|0
RZ1|CHK|162|2|38|5|1|3|6|4|2|1|1|0
RZ1|163|1|Don|5|1|5|1|1|1|1|0|0
RZ1|CHK|163|1|37|9|1|3|5|5|0|0|1|0
RZ1|164|1|Don|5|2|5|2|1|1|1|0|0
RZ1|CHK|164|1|37|9|1|3|5|5|0|0|1|0
RZ1|165|1|Don|5|3|5|3|1|1|1|0|0
RZ1|CHK|165|1|37|9|1|3|5|5|0|0|1|0
RZ1|166|1|Don|5|4|5|4|1|1|1|0|0
RZ1|CHK|166|1|37|9|1|3|5|5|0|0|1|0
[You] Deploy Catarina Devon ["OP16-104">OP16-104]
RZ1|167|1|OP16-104|1|6|2|1|1|1|0|0|0
RZ1|CHK|167|1|37|8|2|3|5|5|0|0|1|0
[] Hand: [OP06-115,OP12-112,OP16-104,OP09-093,OP16-119,OP16-108,OP16-116,OP09-099]
[] Board: [OP09-095,OP16-104]
[] Trash: []
[] Life: 3
[] Hand: [OP17-048,OP17-046,OP17-118,OP17-049,OP17-048]
[] Trash: [OP17-056,OP17-056]
[] Board: [OP17-052]
[] Life: 3
[You] End Turn
[] Hand: [OP17-048,OP17-046,OP17-118,OP17-049,OP17-048]
[] Board: [OP17-052]
[] Trash: [OP17-056,OP17-056]
[] Life: 3
[] Hand: [OP06-115,OP12-112,OP16-104,OP09-093,OP16-119,OP16-108,OP16-116,OP09-099]
[] Trash: []
[] Board: [OP09-095,OP16-104]
[] Life: 3
[Opponent] Draw 1 Card
[] Drew card from deck: Stussy ["OP17-054">OP17-054]
RZ1|168|2|OP17-054|0|37|1|5|1|1|0|0|0
RZ1|CHK|168|2|37|6|1|3|6|4|2|1|1|0
RZ1|169|2|Don|4|5|5|4|1|1|0|0|0
RZ1|CHK|169|2|37|6|1|3|5|5|2|1|1|0
RZ1|170|2|Don|4|4|5|5|1|1|0|0|0
RZ1|CHK|170|2|37|6|1|3|4|6|2|1|1|0
[Opponent] Draw 2 Don
RZ1|171|2|Don|5|0|9|0|1|1|0|0|0
RZ1|CHK|171|2|37|6|1|3|4|5|2|1|1|1
[Opponent] Attach 1 Don to Don Marlon ["OP17-052">OP17-052] (1 Total)
[Opponent] Don Marlon ["OP17-052">OP17-052] attacking Marshall D. Teach ["OP16-080">OP16-080]
[You] Discard Baby 5 ["OP12-112">OP12-112] for Counter 2000
RZ1|172|1|OP12-112|1|1|6|0|1|1|0|0|0
RZ1|CHK|172|1|37|7|2|3|5|5|1|0|1|0
Don Marlon ["OP17-052">OP17-052][6000] vs Marshall D. Teach ["OP16-080">OP16-080][7000]
Attack Fails
[Opponent] Rocks D. Xebec ["OP17-039">OP17-039] attacking Marshall D. Teach ["OP16-080">OP16-080]
Rocks D. Xebec ["OP17-039">OP17-039][5000] vs Marshall D. Teach ["OP16-080">OP16-080][5000]
Marshall D. Teach ["OP16-080">OP16-080] hit for 1 damage
RZ1|173|1|OP09-093|3|2|1|7|1|1|0|0|0
RZ1|CHK|173|1|37|8|2|2|5|5|1|0|1|0
RZ1|174|2|Don|5|0|5|0|1|1|1|0|0
RZ1|CHK|174|2|37|6|1|3|4|5|2|1|1|1
RZ1|175|2|Don|5|1|5|1|1|1|1|0|0
RZ1|CHK|175|2|37|6|1|3|4|5|2|1|1|1
RZ1|176|2|Don|5|2|5|2|1|1|1|0|0
RZ1|CHK|176|2|37|6|1|3|4|5|2|1|1|1
RZ1|177|2|Don|5|3|5|3|1|1|1|0|0
RZ1|CHK|177|2|37|6|1|3|4|5|2|1|1|1
[Opponent] Deploy Gloriosa ["OP17-046">OP17-046]
RZ1|178|2|OP17-046|1|1|2|1|1|1|0|0|0
RZ1|CHK|178|2|37|5|2|3|4|5|2|1|1|1
[] Hand: [OP17-048,OP17-118,OP17-049,OP17-048,OP17-054]
[] Board: [OP17-052,OP17-046]
[] Trash: [OP17-056,OP17-056]
[] Life: 3
[] Hand: [OP06-115,OP16-104,OP09-093,OP16-119,OP16-108,OP16-116,OP09-099,OP09-093]
[] Trash: [OP12-112]
[] Board: [OP09-095,OP16-104]
[] Life: 2
[Opponent] End Turn
[] Hand: [OP06-115,OP16-104,OP09-093,OP16-119,OP16-108,OP16-116,OP09-099,OP09-093]
[] Board: [OP09-095,OP16-104]
[] Trash: [OP12-112]
[] Life: 2
[] Hand: [OP17-048,OP17-118,OP17-049,OP17-048,OP17-054]
[] Trash: [OP17-056,OP17-056]
[] Board: [OP17-052,OP17-046]
[] Life: 3
[You] Draw 1 Card
[] Drew card from deck: Marshall D. Teach ["OP16-119">OP16-119]
RZ1|179|1|OP16-119|0|36|1|8|1|1|0|0|0
RZ1|CHK|179|1|36|9|2|2|5|5|1|0|1|0
RZ1|180|1|Don|4|4|5|5|1|1|0|0|0
RZ1|CHK|180|1|36|9|2|2|4|6|1|0|1|0
RZ1|181|1|Don|4|3|5|6|1|1|0|0|0
RZ1|CHK|181|1|36|9|2|2|3|7|1|0|1|0
[You] Draw 2 Don
RZ1|182|1|Don|5|0|5|0|1|1|1|0|0
RZ1|CHK|182|1|36|9|2|2|3|7|1|0|1|0
[You] Deploy Fullalead ["OP09-099">OP09-099]
RZ1|183|1|OP09-099|1|6|7|0|1|1|0|0|0
RZ1|CHK|183|1|36|8|2|2|3|7|1|1|1|0
[You] Catarina Devon ["OP16-104">OP16-104] attacking Rocks D. Xebec ["OP17-039">OP17-039]
[You] Catarina Devon ["OP16-104">OP16-104]: Buff Self 2000
[Opponent] Gloriosa ["OP17-046">OP17-046] Blocks
Catarina Devon ["OP16-104">OP16-104][5000] vs Gloriosa ["OP17-046">OP17-046][1000]
[Opponent] Gloriosa ["OP17-046">OP17-046] Destroyed
RZ1|184|2|OP17-046|2|1|6|2|1|1|0|0|0
RZ1|CHK|184|2|37|5|1|3|4|5|3|1|1|1
[You] Laffitte ["OP09-095">OP09-095]: Rest 1 Don
RZ1|185|1|Don|5|1|5|1|1|1|1|0|0
RZ1|CHK|185|1|36|8|2|2|3|7|1|1|1|0
[You] Laffitte ["OP09-095">OP09-095]: Rest Laffitte ["OP09-095">OP09-095]
RZ1|186|1|OP16-116|0|32|1|8|1|1|0|0|0
RZ1|CHK|186|1|35|9|2|2|3|7|1|1|1|0
[You] Laffitte ["OP09-095">OP09-095]: <b>Reveal and Draw ZEHAHAHAHA ["OP16-116">OP16-116]</b>
[You] Placing Cards on Bottom of Deck
RZ1|187|1|OP16-119|0|34|0|0|0|0|0|0|0
RZ1|CHK|187|1|35|9|2|2|3|7|1|1|1|0
RZ1|188|1|EB04-058|0|34|0|0|0|0|0|0|0
RZ1|CHK|188|1|35|9|2|2|3|7|1|1|1|0
RZ1|189|1|OP09-096|0|34|0|0|0|0|0|0|0
RZ1|CHK|189|1|35|9|2|2|3|7|1|1|1|0
RZ1|190|1|OP16-104|0|34|0|0|0|0|0|0|0
RZ1|CHK|190|1|35|9|2|2|3|7|1|1|1|0
RZ1|191|1|Don|5|2|5|2|1|1|1|0|0
RZ1|CHK|191|1|35|9|2|2|3|7|1|1|1|0
RZ1|192|1|Don|5|3|5|3|1|1|1|0|0
RZ1|CHK|192|1|35|9|2|2|3|7|1|1|1|0
RZ1|193|1|Don|5|4|5|4|1|1|1|0|0
RZ1|CHK|193|1|35|9|2|2|3|7|1|1|1|0
RZ1|194|1|Don|5|5|5|5|1|1|1|0|0
RZ1|CHK|194|1|35|9|2|2|3|7|1|1|1|0
[You] Deploy Catarina Devon ["OP16-104">OP16-104]
RZ1|195|1|OP16-104|1|1|2|2|1|1|0|0|0
RZ1|CHK|195|1|35|8|3|2|3|7|1|1|1|0
[You] Attach 1 Don to Marshall D. Teach ["OP16-080">OP16-080] (1 Total)
RZ1|196|1|Don|5|6|9|9900|1|1|0|0|0
RZ1|CHK|196|1|35|8|3|2|3|6|1|1|1|1
[You] Marshall D. Teach ["OP16-080">OP16-080] attacking Rocks D. Xebec ["OP17-039">OP17-039]
Marshall D. Teach ["OP16-080">OP16-080][6000] vs Rocks D. Xebec ["OP17-039">OP17-039][5000]
Rocks D. Xebec ["OP17-039">OP17-039] hit for 1 damage
RZ1|197|2|OP17-048|3|2|1|5|1|1|0|0|0
RZ1|CHK|197|2|37|6|1|2|4|5|3|1|1|1
[] Hand: [OP06-115,OP09-093,OP16-119,OP16-108,OP16-116,OP09-093,OP16-119,OP16-116]
[] Board: [OP09-095,OP16-104,OP16-104]
[] Trash: [OP12-112]
[] Life: 2
[] Hand: [OP17-048,OP17-118,OP17-049,OP17-048,OP17-054,OP17-048]
[] Trash: [OP17-056,OP17-056,OP17-046]
[] Board: [OP17-052]
[] Life: 2
[You] End Turn
[] Hand: [OP17-048,OP17-118,OP17-049,OP17-048,OP17-054,OP17-048]
[] Board: [OP17-052]
[] Trash: [OP17-056,OP17-056,OP17-046]
[] Life: 2
[] Hand: [OP06-115,OP09-093,OP16-119,OP16-108,OP16-116,OP09-093,OP16-119,OP16-116]
[] Trash: [OP12-112]
[] Board: [OP09-095,OP16-104,OP16-104]
[] Life: 2
RZ1|198|2|Don|9|0|5|0|1|1|1|0|0
RZ1|CHK|198|2|37|6|1|2|4|6|3|1|1|0
[Opponent] Draw 1 Card
[] Drew card from deck: There's No Authority in the World ["OP17-055">OP17-055]
RZ1|199|2|OP17-055|0|36|1|6|1|1|0|0|0
RZ1|CHK|199|2|36|7|1|2|4|6|3|1|1|0
RZ1|200|2|Don|4|3|5|6|1|1|0|0|0
RZ1|CHK|200|2|36|7|1|2|3|7|3|1|1|0
RZ1|201|2|Don|4|2|5|7|1|1|0|0|0
RZ1|CHK|201|2|36|7|1|2|2|8|3|1|1|0
[Opponent] Draw 2 Don
[Opponent] Don Marlon ["OP17-052">OP17-052] attacking Marshall D. Teach ["OP16-080">OP16-080]
Don Marlon ["OP17-052">OP17-052][5000] vs Marshall D. Teach ["OP16-080">OP16-080][5000]
Marshall D. Teach ["OP16-080">OP16-080] hit for 1 damage
RZ1|202|1|OP09-086|3|1|1|8|1|1|0|0|0
RZ1|CHK|202|1|35|9|3|1|3|6|1|1|1|1
RZ1|203|2|Don|5|0|5|0|1|1|1|0|0
RZ1|CHK|203|2|36|7|1|2|2|8|3|1|1|0
RZ1|204|2|Don|5|1|5|1|1|1|1|0|0
RZ1|CHK|204|2|36|7|1|2|2|8|3|1|1|0
RZ1|205|2|Don|5|2|5|2|1|1|1|0|0
RZ1|CHK|205|2|36|7|1|2|2|8|3|1|1|0
[Opponent] Deploy Stussy ["OP17-054">OP17-054]
RZ1|206|2|OP17-054|1|4|2|1|1|1|0|0|0
RZ1|CHK|206|2|36|6|2|2|2|8|3|1|1|0
[Opponent] Stussy ["OP17-054">OP17-054]: Catarina Devon ["OP16-104">OP16-104] can't attack next turn
[Opponent] Rocks D. Xebec ["OP17-039">OP17-039] attacking Marshall D. Teach ["OP16-080">OP16-080]
[You] Discard Jesus Burgess ["OP09-086">OP09-086] for Counter 1000
RZ1|207|1|OP09-086|1|8|6|1|1|1|0|0|0
RZ1|CHK|207|1|35|8|3|1|3|6|2|1|1|1
Rocks D. Xebec ["OP17-039">OP17-039][5000] vs Marshall D. Teach ["OP16-080">OP16-080][6000]
Attack Fails
RZ1|208|2|Don|5|3|5|3|1|1|1|0|0
RZ1|CHK|208|2|36|6|2|2|2|8|3|1|1|0
RZ1|209|2|Don|5|4|5|4|1|1|1|0|0
RZ1|CHK|209|2|36|6|2|2|2|8|3|1|1|0
RZ1|210|2|Don|5|5|5|5|1|1|1|0|0
RZ1|CHK|210|2|36|6|2|2|2|8|3|1|1|0
RZ1|211|2|Don|5|6|5|6|1|1|1|0|0
RZ1|CHK|211|2|36|6|2|2|2|8|3|1|1|0
RZ1|212|2|Don|5|7|5|7|1|1|1|0|0
RZ1|CHK|212|2|36|6|2|2|2|8|3|1|1|0
[Opponent] Deploy Charlotte Linlin ["OP17-049">OP17-049]
RZ1|213|2|OP17-049|1|2|2|2|1|1|0|0|0
RZ1|CHK|213|2|36|5|3|2|2|8|3|1|1|0
[Opponent] Forcing opponent to resolve Card Action!
[You] Forcing opponent to resolve Card Action!
[] Drew card from deck: Gloriosa ["OP17-046">OP17-046]
RZ1|214|2|OP17-046|0|35|1|5|1|1|0|0|0
RZ1|CHK|214|2|35|6|3|2|2|8|3|1|1|0
[] Drew card from deck: Rocks Pirates ["OP17-056">OP17-056]
RZ1|215|2|OP17-056|0|34|1|6|1|1|0|0|0
RZ1|CHK|215|2|34|7|3|2|2|8|3|1|1|0
[Opponent] Charlotte Linlin ["OP17-049">OP17-049]: Draw 2 Card
[] Hand: [OP17-048,OP17-118,OP17-048,OP17-048,OP17-055,OP17-046,OP17-056]
[] Board: [OP17-052,OP17-054,OP17-049]
[] Trash: [OP17-056,OP17-056,OP17-046]
[] Life: 2
[] Hand: [OP06-115,OP09-093,OP16-119,OP16-108,OP16-116,OP09-093,OP16-119,OP16-116]
[] Trash: [OP12-112,OP09-086]
[] Board: [OP09-095,OP16-104,OP16-104]
[] Life: 1
[Opponent] End Turn
[] Hand: [OP06-115,OP09-093,OP16-119,OP16-108,OP16-116,OP09-093,OP16-119,OP16-116]
[] Board: [OP09-095,OP16-104,OP16-104]
[] Trash: [OP12-112,OP09-086]
[] Life: 1
[] Hand: [OP17-048,OP17-118,OP17-048,OP17-048,OP17-055,OP17-046,OP17-056]
[] Trash: [OP17-056,OP17-056,OP17-046]
[] Board: [OP17-052,OP17-054,OP17-049]
[] Life: 2
RZ1|216|1|Don|9|9900|5|0|1|1|1|0|0
RZ1|CHK|216|1|35|8|3|1|3|7|2|1|1|0
[You] Draw 1 Card
[] Drew card from deck: Laffitte ["OP09-095">OP09-095]
RZ1|217|1|OP09-095|0|34|1|8|1|1|0|0|0
RZ1|CHK|217|1|34|9|3|1|3|7|2|1|1|0
RZ1|218|1|Don|4|2|5|7|1|1|0|0|0
RZ1|CHK|218|1|34|9|3|1|2|8|2|1|1|0
RZ1|219|1|Don|4|1|5|8|1|1|0|0|0
RZ1|CHK|219|1|34|9|3|1|1|9|2|1|1|0
[You] Draw 2 Don
RZ1|220|1|Don|5|0|5|0|1|1|1|0|0
RZ1|CHK|220|1|34|9|3|1|1|9|2|1|1|0
RZ1|221|1|Don|5|1|5|1|1|1|1|0|0
RZ1|CHK|221|1|34|9|3|1|1|9|2|1|1|0
RZ1|222|1|Don|5|2|5|2|1|1|1|0|0
RZ1|CHK|222|1|34|9|3|1|1|9|2|1|1|0
RZ1|223|1|Don|5|3|5|3|1|1|1|0|0
RZ1|CHK|223|1|34|9|3|1|1|9|2|1|1|0
RZ1|224|1|Don|5|4|5|4|1|1|1|0|0
RZ1|CHK|224|1|34|9|3|1|1|9|2|1|1|0
RZ1|225|1|Don|5|5|5|5|1|1|1|0|0
RZ1|CHK|225|1|34|9|3|1|1|9|2|1|1|0
RZ1|226|1|Don|5|6|5|6|1|1|1|0|0
RZ1|CHK|226|1|34|9|3|1|1|9|2|1|1|0
RZ1|227|1|Don|5|7|5|7|1|1|1|0|0
RZ1|CHK|227|1|34|9|3|1|1|9|2|1|1|0
[You] Deploy Marshall D. Teach ["OP16-119">OP16-119]
RZ1|228|1|OP16-119|1|6|2|3|1|1|0|0|0
RZ1|CHK|228|1|34|8|4|1|1|9|2|1|1|0
[You] Marshall D. Teach ["OP16-119">OP16-119]: Added card to top of Life from Hand
RZ1|229|1|OP16-110|0|33|3|1|1|0|0|0|0
RZ1|CHK|229|1|33|8|4|2|1|9|2|1|1|0
[You] Placing Cards on Bottom of Deck
RZ1|230|1|EB04-058|0|32|0|0|0|0|0|0|0
RZ1|CHK|230|1|33|8|4|2|1|9|2|1|1|0
RZ1|231|1|OP09-086|0|32|0|0|0|0|0|0|0
RZ1|CHK|231|1|33|8|4|2|1|9|2|1|1|0
[You] Catarina Devon ["OP16-104">OP16-104] attacking Rocks D. Xebec ["OP17-039">OP17-039]
[You] Catarina Devon ["OP16-104">OP16-104]: Buff Self 2000
Catarina Devon ["OP16-104">OP16-104][5000] vs Rocks D. Xebec ["OP17-039">OP17-039][5000]
Rocks D. Xebec ["OP17-039">OP17-039] hit for 1 damage
RZ1|232|2|OP17-040|3|1|1|7|1|1|0|0|0
RZ1|CHK|232|2|34|8|3|1|2|8|3|1|1|0
RZ1|233|2|OP17-040|1|7|6|3|1|1|0|0|0
RZ1|CHK|233|2|34|7|3|1|2|8|4|1|1|0
[Opponent] Charlotte Linlin ["OP17-049">OP17-049]: Trash Edward Newgate ["OP17-040">OP17-040]
[Opponent] Charlotte Linlin ["OP17-049">OP17-049]: Buff Don Marlon ["OP17-052">OP17-052] 1000 for the Combat
[Opponent] There's No Authority in the World ["OP17-055">OP17-055]: Activate Counter
RZ1|234|2|OP17-055|1|4|6|4|1|1|0|0|0
RZ1|CHK|234|2|34|6|3|1|2|8|5|1|1|0
[Opponent] There's No Authority in the World ["OP17-055">OP17-055]: Buff Don Marlon ["OP17-052">OP17-052] 2000 for the Combat
[You] Marshall D. Teach ["OP16-080">OP16-080] attacking Don Marlon ["OP17-052">OP17-052]
Marshall D. Teach ["OP16-080">OP16-080][5000] vs Don Marlon ["OP17-052">OP17-052][5000]
[Opponent] Don Marlon ["OP17-052">OP17-052] Destroyed
RZ1|235|2|OP17-052|2|0|6|5|1|1|0|0|0
RZ1|CHK|235|2|34|6|2|1|2|8|6|1|1|0
[You] Laffitte ["OP09-095">OP09-095]: Rest 1 Don
RZ1|236|1|Don|5|8|5|8|1|1|1|0|0
RZ1|CHK|236|1|33|8|4|2|1|9|2|1|1|0
[You] Laffitte ["OP09-095">OP09-095]: Rest Laffitte ["OP09-095">OP09-095]
RZ1|237|1|OP16-109|0|30|1|8|1|1|0|0|0
RZ1|CHK|237|1|32|9|4|2|1|9|2|1|1|0
[You] Laffitte ["OP09-095">OP09-095]: <b>Reveal and Draw Doc Q ["OP16-109">OP16-109]</b>
[You] Placing Cards on Bottom of Deck
RZ1|238|1|EB04-058|0|31|0|0|0|0|0|0|0
RZ1|CHK|238|1|32|9|4|2|1|9|2|1|1|0
RZ1|239|1|OP09-096|0|31|0|0|0|0|0|0|0
RZ1|CHK|239|1|32|9|4|2|1|9|2|1|1|0
RZ1|240|1|OP09-086|0|31|0|0|0|0|0|0|0
RZ1|CHK|240|1|32|9|4|2|1|9|2|1|1|0
RZ1|241|1|EB04-058|0|31|0|0|0|0|0|0|0
RZ1|CHK|241|1|32|9|4|2|1|9|2|1|1|0
[You] Catarina Devon ["OP16-104">OP16-104] is no longer blocked from attacking
[] Hand: [OP06-115,OP09-093,OP16-119,OP16-108,OP16-116,OP09-093,OP16-116,OP09-095,OP16-109]
[] Board: [OP09-095,OP16-104,OP16-104,OP16-119]
[] Trash: [OP12-112,OP09-086]
[] Life: 2
[] Hand: [OP17-048,OP17-118,OP17-048,OP17-048,OP17-046,OP17-056]
[] Trash: [OP17-056,OP17-056,OP17-046,OP17-040,OP17-055,OP17-052]
[] Board: [OP17-054,OP17-049]
[] Life: 1
[You] End Turn
[] Hand: [OP17-048,OP17-118,OP17-048,OP17-048,OP17-046,OP17-056]
[] Board: [OP17-054,OP17-049]
[] Trash: [OP17-056,OP17-056,OP17-046,OP17-040,OP17-055,OP17-052]
[] Life: 1
[] Hand: [OP06-115,OP09-093,OP16-119,OP16-108,OP16-116,OP09-093,OP16-116,OP09-095,OP16-109]
[] Trash: [OP12-112,OP09-086]
[] Board: [OP09-095,OP16-104,OP16-104,OP16-119]
[] Life: 2
[Opponent] Draw 1 Card
[] Drew card from deck: Captain John ["OP17-044">OP17-044]
RZ1|242|2|OP17-044|0|33|1|6|1|1|0|0|0
RZ1|CHK|242|2|33|7|2|1|2|8|6|1|1|0
RZ1|243|2|Don|4|1|5|8|1|1|0|0|0
RZ1|CHK|243|2|33|7|2|1|1|9|6|1|1|0
RZ1|244|2|Don|4|0|5|9|1|1|0|0|0
RZ1|CHK|244|2|33|7|2|1|0|10|6|1|1|0
[Opponent] Draw 2 Don
RZ1|245|2|Don|5|0|9|100|1|1|0|0|0
RZ1|CHK|245|2|33|7|2|1|0|9|6|1|1|1
[Opponent] Attach 1 Don to Charlotte Linlin ["OP17-049">OP17-049] (1 Total)
[Opponent] Charlotte Linlin ["OP17-049">OP17-049] attacking Marshall D. Teach ["OP16-080">OP16-080]
RZ1|246|1|OP16-108|1|3|6|2|1|1|0|0|0
RZ1|CHK|246|1|32|8|4|2|1|9|3|1|1|0
[You] Marshall D. Teach ["OP16-080">OP16-080]: Trash Shiryu ["OP16-108">OP16-108]
[You] Marshall D. Teach ["OP16-080">OP16-080]: Target of Attack changed to Laffitte ["OP09-095">OP09-095]
Charlotte Linlin ["OP17-049">OP17-049][8000] vs Laffitte ["OP09-095">OP09-095][1000]
[You] Laffitte ["OP09-095">OP09-095] Destroyed
RZ1|247|1|OP09-095|2|0|6|3|1|1|0|0|0
RZ1|CHK|247|1|32|8|3|2|1|9|4|1|1|0
RZ1|248|2|Don|5|0|5|0|1|1|1|0|0
RZ1|CHK|248|2|33|7|2|1|0|9|6|1|1|1
RZ1|249|2|Don|5|1|5|1|1|1|1|0|0
RZ1|CHK|249|2|33|7|2|1|0|9|6|1|1|1
RZ1|250|2|Don|5|2|5|2|1|1|1|0|0
RZ1|CHK|250|2|33|7|2|1|0|9|6|1|1|1
RZ1|251|2|Don|5|3|5|3|1|1|1|0|0
RZ1|CHK|251|2|33|7|2|1|0|9|6|1|1|1
[Opponent] Deploy Gloriosa ["OP17-046">OP17-046]
RZ1|252|2|OP17-046|1|4|2|2|1|1|0|0|0
RZ1|CHK|252|2|33|6|3|1|0|9|6|1|1|1
[Opponent] Gloriosa ["OP17-046">OP17-046]: Return Stussy ["OP17-054">OP17-054] to Deck Bottom
RZ1|253|2|OP17-054|2|0|0|0|0|0|0|0|0
RZ1|CHK|253|2|34|6|2|1|0|9|6|1|1|1
[Opponent] Rocks D. Xebec ["OP17-039">OP17-039] attacking Marshall D. Teach ["OP16-080">OP16-080]
[You] Discard Laffitte ["OP09-095">OP09-095] for Counter 1000
RZ1|254|1|OP09-095|1|6|6|4|1|1|0|0|0
RZ1|CHK|254|1|32|7|3|2|1|9|5|1|1|0
Rocks D. Xebec ["OP17-039">OP17-039][5000] vs Marshall D. Teach ["OP16-080">OP16-080][6000]
Attack Fails
RZ1|255|2|Don|5|4|5|4|1|1|1|0|0
RZ1|CHK|255|2|34|6|2|1|0|9|6|1|1|1
RZ1|256|2|Don|5|5|5|5|1|1|1|0|0
RZ1|CHK|256|2|34|6|2|1|0|9|6|1|1|1
RZ1|257|2|Don|5|6|5|6|1|1|1|0|0
RZ1|CHK|257|2|34|6|2|1|0|9|6|1|1|1
RZ1|258|2|Don|5|7|5|7|1|1|1|0|0
RZ1|CHK|258|2|34|6|2|1|0|9|6|1|1|1
[Opponent] Deploy Captain John ["OP17-044">OP17-044]
RZ1|259|2|OP17-044|1|5|2|2|1|1|0|0|0
RZ1|CHK|259|2|34|5|3|1|0|9|6|1|1|1
[] Drew card from deck: Rocks Pirates ["OP17-056">OP17-056]
RZ1|260|2|OP17-056|0|33|1|5|1|1|0|0|0
RZ1|CHK|260|2|33|6|3|1|0|9|6|1|1|1
[Opponent] Captain John ["OP17-044">OP17-044]: Draw 1 Card
[Opponent] Captain John ["OP17-044">OP17-044]: Rest Captain John ["OP17-044">OP17-044]
RZ1|261|2|OP17-048|1|0|6|6|1|1|0|0|0
RZ1|CHK|261|2|33|5|3|1|0|9|7|1|1|1
[Opponent] Captain John ["OP17-044">OP17-044]: Trash Shiki ["OP17-048">OP17-048]
[] Hand: [OP17-118,OP17-048,OP17-048,OP17-056,OP17-056]
[] Board: [OP17-049,OP17-046,OP17-044]
[] Trash: [OP17-056,OP17-056,OP17-046,OP17-040,OP17-055,OP17-052,OP17-048]
[] Life: 1
[] Hand: [OP06-115,OP09-093,OP16-119,OP16-116,OP09-093,OP16-116,OP16-109]
[] Trash: [OP12-112,OP09-086,OP16-108,OP09-095,OP09-095]
[] Board: [OP16-104,OP16-104,OP16-119]
[] Life: 2
[Opponent] End Turn
[] Hand: [OP06-115,OP09-093,OP16-119,OP16-116,OP09-093,OP16-116,OP16-109]
[] Board: [OP16-104,OP16-104,OP16-119]
[] Trash: [OP12-112,OP09-086,OP16-108,OP09-095,OP09-095]
[] Life: 2
[] Hand: [OP17-118,OP17-048,OP17-048,OP17-056,OP17-056]
[] Trash: [OP17-056,OP17-056,OP17-046,OP17-040,OP17-055,OP17-052,OP17-048]
[] Board: [OP17-049,OP17-046,OP17-044]
[] Life: 1
[You] Draw 1 Card
[] Drew card from deck: This is MY AGE!!!! ["OP09-096">OP09-096]
RZ1|262|1|OP09-096|0|31|1|7|1|1|0|0|0
RZ1|CHK|262|1|31|8|3|2|1|9|5|1|1|0
RZ1|263|1|Don|4|0|5|9|1|1|0|0|0
RZ1|CHK|263|1|31|8|3|2|0|10|5|1|1|0
[You] Draw 2 Don
[You] ZEHAHAHAHA ["OP16-116">OP16-116]: Rest 8 Don
RZ1|264|1|Don|5|0|5|0|1|1|1|0|0
RZ1|CHK|264|1|31|8|3|2|0|10|5|1|1|0
RZ1|265|1|Don|5|1|5|1|1|1|1|0|0
RZ1|CHK|265|1|31|8|3|2|0|10|5|1|1|0
RZ1|266|1|Don|5|2|5|2|1|1|1|0|0
RZ1|CHK|266|1|31|8|3|2|0|10|5|1|1|0
RZ1|267|1|Don|5|3|5|3|1|1|1|0|0
RZ1|CHK|267|1|31|8|3|2|0|10|5|1|1|0
RZ1|268|1|Don|5|4|5|4|1|1|1|0|0
RZ1|CHK|268|1|31|8|3|2|0|10|5|1|1|0
RZ1|269|1|Don|5|5|5|5|1|1|1|0|0
RZ1|CHK|269|1|31|8|3|2|0|10|5|1|1|0
RZ1|270|1|Don|5|6|5|6|1|1|1|0|0
RZ1|CHK|270|1|31|8|3|2|0|10|5|1|1|0
RZ1|271|1|Don|5|7|5|7|1|1|1|0|0
RZ1|CHK|271|1|31|8|3|2|0|10|5|1|1|0
RZ1|272|1|OP16-116|1|5|6|5|1|1|0|0|0
RZ1|CHK|272|1|31|7|3|2|0|10|6|1|1|0
RZ1|273|1|OP09-093|1|4|2|3|1|1|0|0|0
RZ1|CHK|273|1|31|6|4|2|0|10|6|1|1|0
[You] ZEHAHAHAHA ["OP16-116">OP16-116]: Deploy Marshall D. Teach ["OP09-093">OP09-093]
[You] ZEHAHAHAHA ["OP16-116">OP16-116]: Send 1 Life to Hand
RZ1|274|2|OP17-048|3|0|1|5|1|1|0|0|0
RZ1|CHK|274|2|33|6|3|0|0|9|7|1|1|1
[You] Marshall D. Teach ["OP09-093">OP09-093]: Nullify effects of Rocks D. Xebec ["OP17-039">OP17-039]
[You] Marshall D. Teach ["OP09-093">OP09-093]: Captain John ["OP17-044">OP17-044] can't attack next turn
[You] Marshall D. Teach ["OP09-093">OP09-093]: Nullify effects of Captain John ["OP17-044">OP17-044] until next turn end!
[You] Marshall D. Teach ["OP16-080">OP16-080] attacking Rocks D. Xebec ["OP17-039">OP17-039]
[Opponent] Gloriosa ["OP17-046">OP17-046] Blocks
Marshall D. Teach ["OP16-080">OP16-080][5000] vs Gloriosa ["OP17-046">OP17-046][1000]
[Opponent] Gloriosa ["OP17-046">OP17-046] Destroyed
RZ1|275|2|OP17-046|2|1|6|7|1|1|0|0|0
RZ1|CHK|275|2|33|6|2|0|0|9|8|1|1|1
RZ1|276|2|OP17-048|1|1|6|8|1|1|0|0|0
RZ1|CHK|276|2|33|5|2|0|0|9|9|1|1|1
[Opponent] Charlotte Linlin ["OP17-049">OP17-049]: Trash Shiki ["OP17-048">OP17-048]
[Opponent] Charlotte Linlin ["OP17-049">OP17-049]: Buff Charlotte Linlin ["OP17-049">OP17-049] 1000 for the Combat
[You] Attach 1 Don to Catarina Devon ["OP16-104">OP16-104] (1 Total)
RZ1|277|1|Don|5|9|9|100|1|1|0|0|0
RZ1|CHK|277|1|31|6|4|2|0|9|6|1|1|1
[You] Catarina Devon ["OP16-104">OP16-104] attacking Rocks D. Xebec ["OP17-039">OP17-039]
[You] Catarina Devon ["OP16-104">OP16-104]: Buff Self 3000
[Opponent] Rocks Pirates ["OP17-056">OP17-056]: Activate Counter
RZ1|278|2|OP17-056|1|2|6|9|1|1|0|0|0
RZ1|CHK|278|2|33|4|2|0|0|9|10|1|1|1
[Opponent] Rocks Pirates ["OP17-056">OP17-056]: Buff Charlotte Linlin ["OP17-049">OP17-049] 2000 for the Combat
Catarina Devon ["OP16-104">OP16-104][7000] vs Rocks D. Xebec ["OP17-039">OP17-039][5000]
Rocks D. Xebec ["OP17-039">OP17-039] hit for 1 damage
[Opponent] <b>Downloaded the Combat Log!</b>
GameOver
