Version is 1.42b
[You] Leader is Marshall D. Teach ["OP16-080">OP16-080]
RZ1|HDR|1.42b|2|RZ1
RZ1|PLY|1||OP16-080
RZ1|PLY|2||
[Opponent] Leader is Rocks D. Xebec ["OP17-039">OP17-039]
RZ1|1|2|OP17-040|0|30|0|0|0|0|0|0|0
RZ1|CHK|1|2|50|0|0|0|10|0|0|0|1|0
RZ1|2|2|OP17-054|0|10|0|1|0|0|0|0|0
RZ1|CHK|2|2|50|0|0|0|10|0|0|0|1|0
RZ1|3|2|OP17-052|0|9|0|2|0|0|0|0|0
RZ1|CHK|3|2|50|0|0|0|10|0|0|0|1|0
RZ1|4|2|OP17-048|0|31|0|3|0|0|0|0|0
RZ1|CHK|4|2|50|0|0|0|10|0|0|0|1|0
RZ1|5|2|OP17-046|0|19|0|4|0|0|0|0|0
RZ1|CHK|5|2|50|0|0|0|10|0|0|0|1|0
RZ1|6|2|OP17-045|0|10|0|5|0|0|0|0|0
RZ1|CHK|6|2|50|0|0|0|10|0|0|0|1|0
RZ1|7|2|OP17-043|0|24|0|6|0|0|0|0|0
RZ1|CHK|7|2|50|0|0|0|10|0|0|0|1|0
RZ1|8|2|OP17-044|0|19|0|7|0|0|0|0|0
RZ1|CHK|8|2|50|0|0|0|10|0|0|0|1|0
RZ1|9|2|OP17-040|0|30|0|8|0|0|0|0|0
RZ1|CHK|9|2|50|0|0|0|10|0|0|0|1|0
RZ1|10|2|OP17-048|0|34|0|9|0|0|0|0|0
RZ1|CHK|10|2|50|0|0|0|10|0|0|0|1|0
RZ1|11|2|OP17-118|0|38|0|10|0|0|0|0|0
RZ1|CHK|11|2|50|0|0|0|10|0|0|0|1|0
RZ1|12|2|OP17-057|0|47|0|11|0|0|0|0|0
RZ1|CHK|12|2|50|0|0|0|10|0|0|0|1|0
RZ1|13|2|OP17-055|0|41|0|12|0|0|0|0|0
RZ1|CHK|13|2|50|0|0|0|10|0|0|0|1|0
RZ1|14|2|OP17-042|0|24|0|13|0|0|0|0|0
RZ1|CHK|14|2|50|0|0|0|10|0|0|0|1|0
RZ1|15|2|OP17-050|0|15|0|14|0|0|0|0|0
RZ1|CHK|15|2|50|0|0|0|10|0|0|0|1|0
RZ1|16|2|OP17-049|0|30|0|16|0|0|0|0|0
RZ1|CHK|16|2|50|0|0|0|10|0|0|0|1|0
RZ1|17|2|OP17-043|0|30|0|17|0|0|0|0|0
RZ1|CHK|17|2|50|0|0|0|10|0|0|0|1|0
RZ1|18|2|OP17-040|0|35|0|18|0|0|0|0|0
RZ1|CHK|18|2|50|0|0|0|10|0|0|0|1|0
RZ1|19|2|OP17-052|0|22|0|19|0|0|0|0|0
RZ1|CHK|19|2|50|0|0|0|10|0|0|0|1|0
RZ1|20|2|OP17-054|0|25|0|20|0|0|0|0|0
RZ1|CHK|20|2|50|0|0|0|10|0|0|0|1|0
RZ1|21|2|OP17-118|0|39|0|21|0|0|0|0|0
RZ1|CHK|21|2|50|0|0|0|10|0|0|0|1|0
RZ1|22|2|OP17-054|0|27|0|22|0|0|0|0|0
RZ1|CHK|22|2|50|0|0|0|10|0|0|0|1|0
RZ1|23|2|OP17-044|0|29|0|23|0|0|0|0|0
RZ1|CHK|23|2|50|0|0|0|10|0|0|0|1|0
RZ1|24|2|OP17-042|0|29|0|24|0|0|0|0|0
RZ1|CHK|24|2|50|0|0|0|10|0|0|0|1|0
RZ1|25|2|OP17-049|0|34|0|25|0|0|0|0|0
RZ1|CHK|25|2|50|0|0|0|10|0|0|0|1|0
RZ1|26|2|OP17-045|0|28|0|26|0|0|0|0|0
RZ1|CHK|26|2|50|0|0|0|10|0|0|0|1|0
RZ1|27|2|OP17-056|0|44|0|27|0|0|0|0|0
RZ1|CHK|27|2|50|0|0|0|10|0|0|0|1|0
RZ1|28|2|OP17-057|0|49|0|28|0|0|0|0|0
RZ1|CHK|28|2|50|0|0|0|10|0|0|0|1|0
RZ1|29|2|OP17-046|0|35|0|29|0|0|0|0|0
RZ1|CHK|29|2|50|0|0|0|10|0|0|0|1|0
RZ1|30|2|OP17-055|0|43|0|30|0|0|0|0|0
RZ1|CHK|30|2|50|0|0|0|10|0|0|0|1|0
RZ1|31|2|OP17-049|0|37|0|31|0|0|0|0|0
RZ1|CHK|31|2|50|0|0|0|10|0|0|0|1|0
RZ1|32|2|OP17-118|0|42|0|32|0|0|0|0|0
RZ1|CHK|32|2|50|0|0|0|10|0|0|0|1|0
RZ1|33|2|OP17-046|0|38|0|33|0|0|0|0|0
RZ1|CHK|33|2|50|0|0|0|10|0|0|0|1|0
RZ1|34|2|OP17-046|0|38|0|34|0|0|0|0|0
RZ1|CHK|34|2|50|0|0|0|10|0|0|0|1|0
RZ1|35|2|OP17-056|0|48|0|35|0|0|0|0|0
RZ1|CHK|35|2|50|0|0|0|10|0|0|0|1|0
RZ1|36|2|OP17-040|0|41|0|36|0|0|0|0|0
RZ1|CHK|36|2|50|0|0|0|10|0|0|0|1|0
RZ1|37|2|OP17-056|0|47|0|37|0|0|0|0|0
RZ1|CHK|37|2|50|0|0|0|10|0|0|0|1|0
RZ1|38|2|OP17-057|0|49|0|38|0|0|0|0|0
RZ1|CHK|38|2|50|0|0|0|10|0|0|0|1|0
RZ1|39|2|OP17-049|0|43|0|40|0|0|0|0|0
RZ1|CHK|39|2|50|0|0|0|10|0|0|0|1|0
RZ1|40|2|OP17-056|0|49|0|41|0|0|0|0|0
RZ1|CHK|40|2|50|0|0|0|10|0|0|0|1|0
RZ1|41|2|OP17-055|0|49|0|42|0|0|0|0|0
RZ1|CHK|41|2|50|0|0|0|10|0|0|0|1|0
RZ1|42|2|OP17-048|0|47|0|44|0|0|0|0|0
RZ1|CHK|42|2|50|0|0|0|10|0|0|0|1|0
RZ1|43|2|OP17-118|0|48|0|45|0|0|0|0|0
RZ1|CHK|43|2|50|0|0|0|10|0|0|0|1|0
RZ1|44|2|OP17-055|0|49|0|46|0|0|0|0|0
RZ1|CHK|44|2|50|0|0|0|10|0|0|0|1|0
RZ1|45|2|OP17-048|0|49|0|47|0|0|0|0|0
RZ1|CHK|45|2|50|0|0|0|10|0|0|0|1|0
RZ1|46|2|OP17-054|0|49|0|48|0|0|0|0|0
RZ1|CHK|46|2|50|0|0|0|10|0|0|0|1|0
[] Drew card from deck: ZEHAHAHAHA ["OP16-116">OP16-116]
RZ1|47|1|OP16-116|0|49|1|0|1|1|0|0|0
RZ1|CHK|47|1|49|1|0|0|10|0|0|0|1|0
[] Drew card from deck: Baby 5 ["OP12-112">OP12-112]
RZ1|48|1|OP12-112|0|48|1|1|1|1|0|0|0
RZ1|CHK|48|1|48|2|0|0|10|0|0|0|1|0
[] Drew card from deck: Vasco Shot ["OP16-110">OP16-110]
RZ1|49|1|OP16-110|0|47|1|2|1|1|0|0|0
RZ1|CHK|49|1|47|3|0|0|10|0|0|0|1|0
[] Drew card from deck: Vasco Shot ["OP16-110">OP16-110]
RZ1|50|1|OP16-110|0|46|1|3|1|1|0|0|0
RZ1|CHK|50|1|46|4|0|0|10|0|0|0|1|0
[] Drew card from deck: Borsalino ["EB04-058">EB04-058]
RZ1|51|1|EB04-058|0|45|1|4|1|1|0|0|0
RZ1|CHK|51|1|45|5|0|0|10|0|0|0|1|0
[] Drew card from deck: Don Marlon ["OP17-052">OP17-052]
RZ1|52|2|OP17-052|0|49|1|0|1|1|0|0|0
RZ1|CHK|52|2|49|1|0|0|10|0|0|0|1|0
[] Drew card from deck: Stussy ["OP17-054">OP17-054]
RZ1|53|2|OP17-054|0|48|1|1|1|1|0|0|0
RZ1|CHK|53|2|48|2|0|0|10|0|0|0|1|0
[] Drew card from deck: Shiki ["OP17-048">OP17-048]
RZ1|54|2|OP17-048|0|47|1|2|1|1|0|0|0
RZ1|CHK|54|2|47|3|0|0|10|0|0|0|1|0
[] Drew card from deck: There's No Authority in the World ["OP17-055">OP17-055]
RZ1|55|2|OP17-055|0|46|1|3|1|1|0|0|0
RZ1|CHK|55|2|46|4|0|0|10|0|0|0|1|0
[] Drew card from deck: Rocks D. Xebec ["OP17-118">OP17-118]
RZ1|56|2|OP17-118|0|45|1|4|1|1|0|0|0
RZ1|CHK|56|2|45|5|0|0|10|0|0|0|1|0
RZ1|57|1|OP16-115|0|44|3|0|1|0|0|0|0
RZ1|CHK|57|1|44|5|0|1|10|0|0|0|1|0
RZ1|58|1|OP09-093|0|43|3|1|1|0|0|0|0
RZ1|CHK|58|1|43|5|0|2|10|0|0|0|1|0
RZ1|59|1|OP16-115|0|42|3|2|1|0|0|0|0
RZ1|CHK|59|1|42|5|0|3|10|0|0|0|1|0
RZ1|60|1|OP09-096|0|41|3|3|1|0|0|0|0
RZ1|CHK|60|1|41|5|0|4|10|0|0|0|1|0
RZ1|61|2|OP17-052|1|0|0|45|0|0|0|0|0
RZ1|CHK|61|2|46|4|0|0|10|0|0|0|1|0
RZ1|62|2|OP17-054|1|0|0|46|0|0|0|0|0
RZ1|CHK|62|2|47|3|0|0|10|0|0|0|1|0
RZ1|63|2|OP17-048|1|0|0|47|0|0|0|0|0
RZ1|CHK|63|2|48|2|0|0|10|0|0|0|1|0
RZ1|64|2|OP17-055|1|0|0|48|0|0|0|0|0
RZ1|CHK|64|2|49|1|0|0|10|0|0|0|1|0
RZ1|65|2|OP17-118|1|0|0|49|0|0|0|0|0
RZ1|CHK|65|2|50|0|0|0|10|0|0|0|1|0
RZ1|66|2|OP17-040|0|8|0|0|0|0|0|0|0
RZ1|CHK|66|2|50|0|0|0|10|0|0|0|1|0
RZ1|67|2|OP17-044|0|23|0|1|0|0|0|0|0
RZ1|CHK|67|2|50|0|0|0|10|0|0|0|1|0
RZ1|68|2|OP17-050|0|15|0|2|0|0|0|0|0
RZ1|CHK|68|2|50|0|0|0|10|0|0|0|1|0
RZ1|69|2|OP17-056|0|41|0|3|0|0|0|0|0
RZ1|CHK|69|2|50|0|0|0|10|0|0|0|1|0
RZ1|70|2|OP17-044|0|11|0|5|0|0|0|0|0
RZ1|CHK|70|2|50|0|0|0|10|0|0|0|1|0
RZ1|71|2|OP17-052|0|7|0|6|0|0|0|0|0
RZ1|CHK|71|2|50|0|0|0|10|0|0|0|1|0
RZ1|72|2|OP17-056|0|38|0|7|0|0|0|0|0
RZ1|CHK|72|2|50|0|0|0|10|0|0|0|1|0
RZ1|73|2|OP17-048|0|9|0|8|0|0|0|0|0
RZ1|CHK|73|2|50|0|0|0|10|0|0|0|1|0
RZ1|74|2|OP17-056|0|29|0|9|0|0|0|0|0
RZ1|CHK|74|2|50|0|0|0|10|0|0|0|1|0
RZ1|75|2|OP17-054|0|26|0|10|0|0|0|0|0
RZ1|CHK|75|2|50|0|0|0|10|0|0|0|1|0
RZ1|76|2|OP17-118|0|26|0|11|0|0|0|0|0
RZ1|CHK|76|2|50|0|0|0|10|0|0|0|1|0
RZ1|77|2|OP17-057|0|18|0|12|0|0|0|0|0
RZ1|CHK|77|2|50|0|0|0|10|0|0|0|1|0
RZ1|78|2|OP17-055|0|19|0|13|0|0|0|0|0
RZ1|CHK|78|2|50|0|0|0|10|0|0|0|1|0
RZ1|79|2|OP17-043|0|23|0|14|0|0|0|0|0
RZ1|CHK|79|2|50|0|0|0|10|0|0|0|1|0
RZ1|80|2|OP17-055|0|48|0|15|0|0|0|0|0
RZ1|CHK|80|2|50|0|0|0|10|0|0|0|1|0
RZ1|81|2|OP17-056|0|38|0|16|0|0|0|0|0
RZ1|CHK|81|2|50|0|0|0|10|0|0|0|1|0
RZ1|82|2|OP17-055|0|34|0|17|0|0|0|0|0
RZ1|CHK|82|2|50|0|0|0|10|0|0|0|1|0
RZ1|83|2|OP17-055|0|43|0|18|0|0|0|0|0
RZ1|CHK|83|2|50|0|0|0|10|0|0|0|1|0
RZ1|84|2|OP17-118|0|37|0|19|0|0|0|0|0
RZ1|CHK|84|2|50|0|0|0|10|0|0|0|1|0
RZ1|85|2|OP17-045|0|22|0|20|0|0|0|0|0
RZ1|CHK|85|2|50|0|0|0|10|0|0|0|1|0
RZ1|86|2|OP17-057|0|41|0|21|0|0|0|0|0
RZ1|CHK|86|2|50|0|0|0|10|0|0|0|1|0
RZ1|87|2|OP17-043|0|24|0|22|0|0|0|0|0
RZ1|CHK|87|2|50|0|0|0|10|0|0|0|1|0
RZ1|88|2|OP17-118|0|49|0|23|0|0|0|0|0
RZ1|CHK|88|2|50|0|0|0|10|0|0|0|1|0
RZ1|89|2|OP17-052|0|32|0|24|0|0|0|0|0
RZ1|CHK|89|2|50|0|0|0|10|0|0|0|1|0
RZ1|90|2|OP17-118|0|28|0|25|0|0|0|0|0
RZ1|CHK|90|2|50|0|0|0|10|0|0|0|1|0
RZ1|91|2|OP17-046|0|27|0|26|0|0|0|0|0
RZ1|CHK|91|2|50|0|0|0|10|0|0|0|1|0
RZ1|92|2|OP17-045|0|45|0|27|0|0|0|0|0
RZ1|CHK|92|2|50|0|0|0|10|0|0|0|1|0
RZ1|93|2|OP17-049|0|40|0|28|0|0|0|0|0
RZ1|CHK|93|2|50|0|0|0|10|0|0|0|1|0
RZ1|94|2|OP17-042|0|36|0|29|0|0|0|0|0
RZ1|CHK|94|2|50|0|0|0|10|0|0|0|1|0
RZ1|95|2|OP17-045|0|38|0|30|0|0|0|0|0
RZ1|CHK|95|2|50|0|0|0|10|0|0|0|1|0
RZ1|96|2|OP17-046|0|40|0|31|0|0|0|0|0
RZ1|CHK|96|2|50|0|0|0|10|0|0|0|1|0
RZ1|97|2|OP17-046|0|41|0|32|0|0|0|0|0
RZ1|CHK|97|2|50|0|0|0|10|0|0|0|1|0
RZ1|98|2|OP17-040|0|38|0|33|0|0|0|0|0
RZ1|CHK|98|2|50|0|0|0|10|0|0|0|1|0
RZ1|99|2|OP17-040|0|43|0|34|0|0|0|0|0
RZ1|CHK|99|2|50|0|0|0|10|0|0|0|1|0
RZ1|100|2|OP17-048|0|36|0|35|0|0|0|0|0
RZ1|CHK|100|2|50|0|0|0|10|0|0|0|1|0
RZ1|101|2|OP17-046|0|43|0|36|0|0|0|0|0
RZ1|CHK|101|2|50|0|0|0|10|0|0|0|1|0
RZ1|102|2|OP17-054|0|41|0|38|0|0|0|0|0
RZ1|CHK|102|2|50|0|0|0|10|0|0|0|1|0
RZ1|103|2|OP17-049|0|41|0|39|0|0|0|0|0
RZ1|CHK|103|2|50|0|0|0|10|0|0|0|1|0
RZ1|104|2|OP17-050|0|44|0|40|0|0|0|0|0
RZ1|CHK|104|2|50|0|0|0|10|0|0|0|1|0
RZ1|105|2|OP17-049|0|45|0|41|0|0|0|0|0
RZ1|CHK|105|2|50|0|0|0|10|0|0|0|1|0
RZ1|106|2|OP17-048|0|46|0|42|0|0|0|0|0
RZ1|CHK|106|2|50|0|0|0|10|0|0|0|1|0
RZ1|107|2|OP17-050|0|44|0|43|0|0|0|0|0
RZ1|CHK|107|2|50|0|0|0|10|0|0|0|1|0
RZ1|108|2|OP17-048|0|49|0|48|0|0|0|0|0
RZ1|CHK|108|2|50|0|0|0|10|0|0|0|1|0
[] Drew card from deck: Stussy ["OP17-054">OP17-054]
RZ1|109|2|OP17-054|0|49|1|0|1|1|0|0|0
RZ1|CHK|109|2|49|1|0|0|10|0|0|0|1|0
[] Drew card from deck: Shiki ["OP17-048">OP17-048]
RZ1|110|2|OP17-048|0|48|1|1|1|1|0|0|0
RZ1|CHK|110|2|48|2|0|0|10|0|0|0|1|0
[] Drew card from deck: Don Marlon ["OP17-052">OP17-052]
RZ1|111|2|OP17-052|0|47|1|2|1|1|0|0|0
RZ1|CHK|111|2|47|3|0|0|10|0|0|0|1|0
[] Drew card from deck: Fullalead ["OP17-057">OP17-057]
RZ1|112|2|OP17-057|0|46|1|3|1|1|0|0|0
RZ1|CHK|112|2|46|4|0|0|10|0|0|0|1|0
[] Drew card from deck: Charlotte Linlin ["OP17-049">OP17-049]
RZ1|113|2|OP17-049|0|45|1|4|1|1|0|0|0
RZ1|CHK|113|2|45|5|0|0|10|0|0|0|1|0
RZ1|114|2|OP17-042|0|44|3|0|0|1|0|0|0
RZ1|CHK|114|2|44|5|0|1|10|0|0|0|1|0
RZ1|115|2|OP17-050|0|43|3|1|0|1|0|0|0
RZ1|CHK|115|2|43|5|0|2|10|0|0|0|1|0
RZ1|116|2|OP17-048|0|42|3|2|0|1|0|0|0
RZ1|CHK|116|2|42|5|0|3|10|0|0|0|1|0
RZ1|117|2|OP17-049|0|41|3|3|0|1|0|0|0
RZ1|CHK|117|2|41|5|0|4|10|0|0|0|1|0
RZ1|118|2|OP17-050|0|40|3|4|0|1|0|0|0
RZ1|CHK|118|2|40|5|0|5|10|0|0|0|1|0
[] Hand after Mulligan: [OP17-054,OP17-048,OP17-052,OP17-057,OP17-049]
[Opponent] Mulligan
[] Hand: [OP16-116,OP12-112,OP16-110,OP16-110,EB04-058]
[] Board: []
[] Trash: []
[] Life: 4
[] Hand: [OP17-054,OP17-048,OP17-052,OP17-057,OP17-049]
[] Trash: []
[] Board: []
[] Life: 5
RZ1|119|1|Don|4|9|5|0|1|1|0|0|0
RZ1|CHK|119|1|41|5|0|4|9|1|0|0|1|0
[You] Draw 1 Don
RZ1|120|1|Don|5|0|5|0|1|1|1|0|0
RZ1|CHK|120|1|41|5|0|4|9|1|0|0|1|0
[You] Deploy Vasco Shot ["OP16-110">OP16-110]
RZ1|121|1|OP16-110|1|2|2|0|1|1|0|0|0
RZ1|CHK|121|1|41|4|1|4|9|1|0|0|1|0
[] Hand: [OP16-116,OP12-112,OP16-110,EB04-058]
[] Board: [OP16-110]
[] Trash: []
[] Life: 4
[] Hand: [OP17-054,OP17-048,OP17-052,OP17-057,OP17-049]
[] Trash: []
[] Board: []
[] Life: 5
[You] End Turn
[] Hand: [OP17-054,OP17-048,OP17-052,OP17-057,OP17-049]
[] Board: []
[] Trash: []
[] Life: 5
[] Hand: [OP16-116,OP12-112,OP16-110,EB04-058]
[] Trash: []
[] Board: [OP16-110]
[] Life: 4
[Opponent] Draw 1 Card
[] Drew card from deck: Charlotte Linlin ["OP17-049">OP17-049]
RZ1|122|2|OP17-049|0|39|1|5|1|1|0|0|0
RZ1|CHK|122|2|39|6|0|5|10|0|0|0|1|0
RZ1|123|2|Don|4|9|5|0|1|1|0|0|0
RZ1|CHK|123|2|39|6|0|5|9|1|0|0|1|0
RZ1|124|2|Don|4|8|5|1|1|1|0|0|0
RZ1|CHK|124|2|39|6|0|5|8|2|0|0|1|0
[Opponent] Draw 2 Don
RZ1|125|2|Don|5|0|5|0|1|1|1|0|0
RZ1|CHK|125|2|39|6|0|5|8|2|0|0|1|0
[Opponent] Deploy Fullalead ["OP17-057">OP17-057]
RZ1|126|2|OP17-057|1|3|7|0|1|1|0|0|0
RZ1|CHK|126|2|39|5|0|5|8|2|0|1|1|0
[] Hand: [OP17-054,OP17-048,OP17-052,OP17-049,OP17-049]
[] Board: []
[] Trash: []
[] Life: 5
[] Hand: [OP16-116,OP12-112,OP16-110,EB04-058]
[] Trash: []
[] Board: [OP16-110]
[] Life: 4
[Opponent] End Turn
[] Hand: [OP16-116,OP12-112,OP16-110,EB04-058]
[] Board: [OP16-110]
[] Trash: []
[] Life: 4
[] Hand: [OP17-054,OP17-048,OP17-052,OP17-049,OP17-049]
[] Trash: []
[] Board: []
[] Life: 5
[You] Draw 1 Card
[] Drew card from deck: This is MY AGE!!!! ["OP09-096">OP09-096]
RZ1|127|1|OP09-096|0|40|1|4|1|1|0|0|0
RZ1|CHK|127|1|40|5|1|4|9|1|0|0|1|0
RZ1|128|1|Don|4|8|5|1|1|1|0|0|0
RZ1|CHK|128|1|40|5|1|4|8|2|0|0|1|0
RZ1|129|1|Don|4|7|5|2|1|1|0|0|0
RZ1|CHK|129|1|40|5|1|4|7|3|0|0|1|0
[You] Draw 2 Don
[You] Marshall D. Teach ["OP16-080">OP16-080] attacking Rocks D. Xebec ["OP17-039">OP17-039]
[Opponent] Fullalead ["OP17-057">OP17-057]: Rest Fullalead ["OP17-057">OP17-057]
RZ1|130|2|OP17-052|1|2|6|0|1|1|0|0|0
RZ1|CHK|130|2|39|4|0|5|8|2|1|1|1|0
[Opponent] Fullalead ["OP17-057">OP17-057]: Trash Don Marlon ["OP17-052">OP17-052]
[Opponent] Fullalead ["OP17-057">OP17-057]: Buff Rocks D. Xebec ["OP17-039">OP17-039] 1000 for the Combat
Marshall D. Teach ["OP16-080">OP16-080][5000] vs Rocks D. Xebec ["OP17-039">OP17-039][6000]
Attack Fails
RZ1|131|1|Don|5|0|9|0|1|1|0|0|0
RZ1|CHK|131|1|40|5|1|4|7|2|0|0|1|1
RZ1|132|1|Don|5|0|9|1|1|1|0|0|0
RZ1|CHK|132|1|40|5|1|4|7|1|0|0|1|2
RZ1|133|1|Don|5|0|9|2|1|1|0|0|0
RZ1|CHK|133|1|40|5|1|4|7|0|0|0|1|3
[You] Attach 3 Don to Vasco Shot ["OP16-110">OP16-110] (3 Total)
[You] Vasco Shot ["OP16-110">OP16-110] attacking Rocks D. Xebec ["OP17-039">OP17-039]
Vasco Shot ["OP16-110">OP16-110][5000] vs Rocks D. Xebec ["OP17-039">OP17-039][5000]
Rocks D. Xebec ["OP17-039">OP17-039] hit for 1 damage
RZ1|134|2|OP17-050|3|4|1|4|1|1|0|0|0
RZ1|CHK|134|2|39|5|0|4|8|2|1|1|1|0
[] Hand: [OP16-116,OP12-112,OP16-110,EB04-058,OP09-096]
[] Board: [OP16-110]
[] Trash: []
[] Life: 4
[] Hand: [OP17-054,OP17-048,OP17-049,OP17-049,OP17-050]
[] Trash: [OP17-052]
[] Board: []
[] Life: 4
[You] End Turn
[] Hand: [OP17-054,OP17-048,OP17-049,OP17-049,OP17-050]
[] Board: []
[] Trash: [OP17-052]
[] Life: 4
[] Hand: [OP16-116,OP12-112,OP16-110,EB04-058,OP09-096]
[] Trash: []
[] Board: [OP16-110]
[] Life: 4
[Opponent] Draw 1 Card
[] Drew card from deck: Stussy ["OP17-054">OP17-054]
RZ1|135|2|OP17-054|0|38|1|5|1|1|0|0|0
RZ1|CHK|135|2|38|6|0|4|8|2|1|1|1|0
RZ1|136|2|Don|4|7|5|2|1|1|0|0|0
RZ1|CHK|136|2|38|6|0|4|7|3|1|1|1|0
RZ1|137|2|Don|4|6|5|3|1|1|0|0|0
RZ1|CHK|137|2|38|6|0|4|6|4|1|1|1|0
[Opponent] Draw 2 Don
[Opponent] Rocks D. Xebec ["OP17-039">OP17-039] attacking Vasco Shot ["OP16-110">OP16-110]
RZ1|138|2|OP17-049|1|3|6|1|1|1|0|0|0
RZ1|CHK|138|2|38|5|0|4|6|4|2|1|1|0
[Opponent] Rocks D. Xebec ["OP17-039">OP17-039]: Trash Charlotte Linlin ["OP17-049">OP17-049]
RZ1|139|2|OP17-054|0|37|0|37|0|0|0|0|0
RZ1|CHK|139|2|38|5|0|4|6|4|2|1|1|0
[Opponent] Rocks D. Xebec ["OP17-039">OP17-039] revealed: Stussy ["OP17-054">OP17-054]
[] Drew card from deck: Stussy ["OP17-054">OP17-054]
RZ1|140|2|OP17-054|0|37|1|5|1|1|0|0|0
RZ1|CHK|140|2|37|6|0|4|6|4|2|1|1|0
[] Drew card from deck: Gloriosa ["OP17-046">OP17-046]
RZ1|141|2|OP17-046|0|36|1|6|1|1|0|0|0
RZ1|CHK|141|2|36|7|0|4|6|4|2|1|1|0
[Opponent] Rocks D. Xebec ["OP17-039">OP17-039]: Draw 2 Card
Rocks D. Xebec ["OP17-039">OP17-039][5000] vs Vasco Shot ["OP16-110">OP16-110][2000]
[You] Vasco Shot ["OP16-110">OP16-110] Destroyed
RZ1|142|1|Don|9|0|5|0|1|1|1|0|0
RZ1|CHK|142|1|40|5|1|4|7|1|0|0|1|2
RZ1|143|1|Don|9|0|5|0|1|1|1|0|0
RZ1|CHK|143|1|40|5|1|4|7|2|0|0|1|1
RZ1|144|1|Don|9|0|5|0|1|1|1|0|0
RZ1|CHK|144|1|40|5|1|4|7|3|0|0|1|0
RZ1|145|1|OP16-110|2|0|6|0|1|1|0|0|0
RZ1|CHK|145|1|40|5|0|4|7|3|1|0|1|0
[] Drew card from deck: Borsalino ["EB04-058">EB04-058]
RZ1|146|1|EB04-058|0|39|1|5|1|1|0|0|0
RZ1|CHK|146|1|39|6|0|4|7|3|1|0|1|0
[You] Vasco Shot ["OP16-110">OP16-110]: Draw 1 Card
RZ1|147|2|Don|5|0|5|0|1|1|1|0|0
RZ1|CHK|147|2|36|7|0|4|6|4|2|1|1|0
RZ1|148|2|Don|5|1|5|1|1|1|1|0|0
RZ1|CHK|148|2|36|7|0|4|6|4|2|1|1|0
RZ1|149|2|Don|5|2|5|2|1|1|1|0|0
RZ1|CHK|149|2|36|7|0|4|6|4|2|1|1|0
[Opponent] Deploy Stussy ["OP17-054">OP17-054]
RZ1|150|2|OP17-054|1|5|2|0|1|1|0|0|0
RZ1|CHK|150|2|36|6|1|4|6|4|2|1|1|0
RZ1|151|2|Don|5|3|5|3|1|1|1|0|0
RZ1|CHK|151|2|36|6|1|4|6|4|2|1|1|0
[Opponent] Deploy Streusen ["OP17-050">OP17-050]
RZ1|152|2|OP17-050|1|3|2|1|1|1|0|0|0
RZ1|CHK|152|2|36|5|2|4|6|4|2|1|1|0
[Opponent] Placing Cards on Top of Deck
RZ1|153|2|OP17-040|0|34|0|35|0|0|0|0|0
RZ1|CHK|153|2|36|5|2|4|6|4|2|1|1|0
RZ1|154|2|OP17-048|0|34|0|35|0|0|0|0|0
RZ1|CHK|154|2|36|5|2|4|6|4|2|1|1|0
[] Drew card from deck: Shiki ["OP17-048">OP17-048]
RZ1|155|2|OP17-048|0|35|1|5|1|1|0|0|0
RZ1|CHK|155|2|35|6|2|4|6|4|2|1|1|0
[Opponent] Streusen ["OP17-050">OP17-050]: Draw 1 Card
[] Hand: [OP17-054,OP17-048,OP17-049,OP17-054,OP17-046,OP17-048]
[] Board: [OP17-054,OP17-050]
[] Trash: [OP17-052,OP17-049]
[] Life: 4
[] Hand: [OP16-116,OP12-112,OP16-110,EB04-058,OP09-096,EB04-058]
[] Trash: [OP16-110]
[] Board: []
[] Life: 4
[Opponent] End Turn
[] Hand: [OP16-116,OP12-112,OP16-110,EB04-058,OP09-096,EB04-058]
[] Board: []
[] Trash: [OP16-110]
[] Life: 4
[] Hand: [OP17-054,OP17-048,OP17-049,OP17-054,OP17-046,OP17-048]
[] Trash: [OP17-052,OP17-049]
[] Board: [OP17-054,OP17-050]
[] Life: 4
[You] Draw 1 Card
[] Drew card from deck: Jesus Burgess ["OP09-086">OP09-086]
RZ1|156|1|OP09-086|0|38|1|6|1|1|0|0|0
RZ1|CHK|156|1|38|7|0|4|7|3|1|0|1|0
RZ1|157|1|Don|4|6|5|3|1|1|0|0|0
RZ1|CHK|157|1|38|7|0|4|6|4|1|0|1|0
RZ1|158|1|Don|4|5|5|4|1|1|0|0|0
RZ1|CHK|158|1|38|7|0|4|5|5|1|0|1|0
[You] Draw 2 Don
[You] Marshall D. Teach ["OP16-080">OP16-080] attacking Rocks D. Xebec ["OP17-039">OP17-039]
[Opponent] Fullalead ["OP17-057">OP17-057]: Rest Fullalead ["OP17-057">OP17-057]
RZ1|159|2|OP17-054|1|3|6|2|1|1|0|0|0
RZ1|CHK|159|2|35|5|2|4|6|4|3|1|1|0
[Opponent] Fullalead ["OP17-057">OP17-057]: Trash Stussy ["OP17-054">OP17-054]
[Opponent] Fullalead ["OP17-057">OP17-057]: Buff Rocks D. Xebec ["OP17-039">OP17-039] 1000 for the Combat
Marshall D. Teach ["OP16-080">OP16-080][5000] vs Rocks D. Xebec ["OP17-039">OP17-039][6000]
Attack Fails
RZ1|160|1|Don|5|0|5|0|1|1|1|0|0
RZ1|CHK|160|1|38|7|0|4|5|5|1|0|1|0
[You] Deploy Vasco Shot ["OP16-110">OP16-110]
RZ1|161|1|OP16-110|1|2|2|0|1|1|0|0|0
RZ1|CHK|161|1|38|6|1|4|5|5|1|0|1|0
RZ1|162|1|Don|5|1|5|1|1|1|1|0|0
RZ1|CHK|162|1|38|6|1|4|5|5|1|0|1|0
RZ1|163|1|Don|5|2|5|2|1|1|1|0|0
RZ1|CHK|163|1|38|6|1|4|5|5|1|0|1|0
RZ1|164|1|Don|5|3|5|3|1|1|1|0|0
RZ1|CHK|164|1|38|6|1|4|5|5|1|0|1|0
RZ1|165|1|Don|5|4|5|4|1|1|1|0|0
RZ1|CHK|165|1|38|6|1|4|5|5|1|0|1|0
[You] Deploy Baby 5 ["OP12-112">OP12-112]
RZ1|166|1|OP12-112|1|1|2|1|1|1|0|0|0
RZ1|CHK|166|1|38|5|2|4|5|5|1|0|1|0
[] Hand: [OP16-116,EB04-058,OP09-096,EB04-058,OP09-086]
[] Board: [OP16-110,OP12-112]
[] Trash: [OP16-110]
[] Life: 4
[] Hand: [OP17-054,OP17-048,OP17-049,OP17-046,OP17-048]
[] Trash: [OP17-052,OP17-049,OP17-054]
[] Board: [OP17-054,OP17-050]
[] Life: 4
[You] End Turn
[] Hand: [OP17-054,OP17-048,OP17-049,OP17-046,OP17-048]
[] Board: [OP17-054,OP17-050]
[] Trash: [OP17-052,OP17-049,OP17-054]
[] Life: 4
[] Hand: [OP16-116,EB04-058,OP09-096,EB04-058,OP09-086]
[] Trash: [OP16-110]
[] Board: [OP16-110,OP12-112]
[] Life: 4
[Opponent] Draw 1 Card
[] Drew card from deck: Edward Newgate ["OP17-040">OP17-040]
RZ1|167|2|OP17-040|0|34|1|5|1|1|0|0|0
RZ1|CHK|167|2|34|6|2|4|6|4|3|1|1|0
RZ1|168|2|Don|4|5|5|4|1|1|0|0|0
RZ1|CHK|168|2|34|6|2|4|5|5|3|1|1|0
RZ1|169|2|Don|4|4|5|5|1|1|0|0|0
RZ1|CHK|169|2|34|6|2|4|4|6|3|1|1|0
[Opponent] Draw 2 Don
RZ1|170|2|Don|5|0|5|0|1|1|1|0|0
RZ1|CHK|170|2|34|6|2|4|4|6|3|1|1|0
RZ1|171|2|Don|5|1|5|1|1|1|1|0|0
RZ1|CHK|171|2|34|6|2|4|4|6|3|1|1|0
RZ1|172|2|Don|5|2|5|2|1|1|1|0|0
RZ1|CHK|172|2|34|6|2|4|4|6|3|1|1|0
RZ1|173|2|Don|5|3|5|3|1|1|1|0|0
RZ1|CHK|173|2|34|6|2|4|4|6|3|1|1|0
RZ1|174|2|Don|5|4|5|4|1|1|1|0|0
RZ1|CHK|174|2|34|6|2|4|4|6|3|1|1|0
[Opponent] Deploy Charlotte Linlin ["OP17-049">OP17-049]
RZ1|175|2|OP17-049|1|2|2|2|1|1|0|0|0
RZ1|CHK|175|2|34|5|3|4|4|6|3|1|1|0
[Opponent] Forcing opponent to resolve Card Action!
[You] Forcing opponent to resolve Card Action!
[] Drew card from deck: Edward Newgate ["OP17-040">OP17-040]
RZ1|176|2|OP17-040|0|33|1|5|1|1|0|0|0
RZ1|CHK|176|2|33|6|3|4|4|6|3|1|1|0
[] Drew card from deck: Gloriosa ["OP17-046">OP17-046]
RZ1|177|2|OP17-046|0|32|1|6|1|1|0|0|0
RZ1|CHK|177|2|32|7|3|4|4|6|3|1|1|0
[Opponent] Charlotte Linlin ["OP17-049">OP17-049]: Draw 2 Card
[Opponent] Stussy ["OP17-054">OP17-054] attacking Marshall D. Teach ["OP16-080">OP16-080]
[You] Discard Borsalino ["EB04-058">EB04-058] for Counter 1000
RZ1|178|1|EB04-058|1|1|6|1|1|1|0|0|0
RZ1|CHK|178|1|38|4|2|4|5|5|2|0|1|0
Stussy ["OP17-054">OP17-054][5000] vs Marshall D. Teach ["OP16-080">OP16-080][6000]
Attack Fails
[Opponent] Attach 1 Don to Rocks D. Xebec ["OP17-039">OP17-039] (1 Total)
RZ1|179|2|Don|5|5|9|9900|1|1|0|0|0
RZ1|CHK|179|2|32|7|3|4|4|5|3|1|1|1
[Opponent] Rocks D. Xebec ["OP17-039">OP17-039] attacking Marshall D. Teach ["OP16-080">OP16-080]
RZ1|180|2|OP17-040|1|5|6|3|1|1|0|0|0
RZ1|CHK|180|2|32|6|3|4|4|5|4|1|1|1
[Opponent] Rocks D. Xebec ["OP17-039">OP17-039]: Trash Edward Newgate ["OP17-040">OP17-040]
RZ1|181|2|OP17-046|0|31|0|31|0|0|0|0|0
RZ1|CHK|181|2|32|6|3|4|4|5|4|1|1|1
[Opponent] Rocks D. Xebec ["OP17-039">OP17-039] revealed: Gloriosa ["OP17-046">OP17-046]
[] Drew card from deck: Gloriosa ["OP17-046">OP17-046]
RZ1|182|2|OP17-046|0|31|1|6|1|1|0|0|0
RZ1|CHK|182|2|31|7|3|4|4|5|4|1|1|1
[] Drew card from deck: Kyo ["OP17-045">OP17-045]
RZ1|183|2|OP17-045|0|30|1|7|1|1|0|0|0
RZ1|CHK|183|2|30|8|3|4|4|5|4|1|1|1
[Opponent] Rocks D. Xebec ["OP17-039">OP17-039]: Draw 2 Card
Rocks D. Xebec ["OP17-039">OP17-039][6000] vs Marshall D. Teach ["OP16-080">OP16-080][5000]
Marshall D. Teach ["OP16-080">OP16-080] hit for 1 damage
RZ1|184|1|OP09-096|3|3|1|4|1|1|0|0|0
RZ1|CHK|184|1|38|5|2|3|5|5|2|0|1|0
[You] This is MY AGE!!!! ["OP09-096">OP09-096]: Activate Trigger
RZ1|185|1|OP09-096|1|4|6|2|1|1|0|0|0
RZ1|CHK|185|1|38|4|2|3|5|5|3|0|1|0
RZ1|186|1|OP16-109|0|37|1|4|1|1|0|0|0
RZ1|CHK|186|1|37|5|2|3|5|5|3|0|1|0
[You] This is MY AGE!!!! ["OP09-096">OP09-096]: <b>Reveal and Draw Doc Q ["OP16-109">OP16-109]</b>
[You] This is MY AGE!!!! ["OP09-096">OP09-096]: Trash 2 Remaining Cards
RZ1|187|1|EB04-058|0|36|6|3|1|1|0|0|0
RZ1|CHK|187|1|36|5|2|3|5|5|4|0|1|0
RZ1|188|1|OP16-110|0|35|6|4|1|1|0|0|0
RZ1|CHK|188|1|35|5|2|3|5|5|5|0|1|0
[] Hand: [OP17-054,OP17-048,OP17-046,OP17-048,OP17-040,OP17-046,OP17-046,OP17-045]
[] Board: [OP17-054,OP17-050,OP17-049]
[] Trash: [OP17-052,OP17-049,OP17-054,OP17-040]
[] Life: 4
[] Hand: [OP16-116,OP09-096,EB04-058,OP09-086,OP16-109]
[] Trash: [OP16-110,EB04-058,OP09-096,EB04-058,OP16-110]
[] Board: [OP16-110,OP12-112]
[] Life: 3
[Opponent] End Turn
[] Hand: [OP16-116,OP09-096,EB04-058,OP09-086,OP16-109]
[] Board: [OP16-110,OP12-112]
[] Trash: [OP16-110,EB04-058,OP09-096,EB04-058,OP16-110]
[] Life: 3
[] Hand: [OP17-054,OP17-048,OP17-046,OP17-048,OP17-040,OP17-046,OP17-046,OP17-045]
[] Trash: [OP17-052,OP17-049,OP17-054,OP17-040]
[] Board: [OP17-054,OP17-050,OP17-049]
[] Life: 4
[You] Draw 1 Card
[] Drew card from deck: Laffitte ["OP09-095">OP09-095]
RZ1|189|1|OP09-095|0|34|1|5|1|1|0|0|0
RZ1|CHK|189|1|34|6|2|3|5|5|5|0|1|0
RZ1|190|1|Don|4|4|5|5|1|1|0|0|0
RZ1|CHK|190|1|34|6|2|3|4|6|5|0|1|0
RZ1|191|1|Don|4|3|5|6|1|1|0|0|0
RZ1|CHK|191|1|34|6|2|3|3|7|5|0|1|0
[You] Draw 2 Don
RZ1|192|1|Don|5|0|9|0|1|1|0|0|0
RZ1|CHK|192|1|34|6|2|3|3|6|5|0|1|1
RZ1|193|1|Don|5|0|9|1|1|1|0|0|0
RZ1|CHK|193|1|34|6|2|3|3|5|5|0|1|2
RZ1|194|1|Don|5|0|9|2|1|1|0|0|0
RZ1|CHK|194|1|34|6|2|3|3|4|5|0|1|3
[You] Attach 3 Don to Vasco Shot ["OP16-110">OP16-110] (3 Total)
[You] Marshall D. Teach ["OP16-080">OP16-080] attacking Rocks D. Xebec ["OP17-039">OP17-039]
[Opponent] Fullalead ["OP17-057">OP17-057]: Rest Fullalead ["OP17-057">OP17-057]
RZ1|195|2|OP17-045|1|7|6|4|1|1|0|0|0
RZ1|CHK|195|2|30|7|3|4|4|5|5|1|1|1
[Opponent] Fullalead ["OP17-057">OP17-057]: Trash Kyo ["OP17-045">OP17-045]
[Opponent] Fullalead ["OP17-057">OP17-057]: Buff Rocks D. Xebec ["OP17-039">OP17-039] 1000 for the Combat
Marshall D. Teach ["OP16-080">OP16-080][5000] vs Rocks D. Xebec ["OP17-039">OP17-039][6000]
Attack Fails
[You] Vasco Shot ["OP16-110">OP16-110] attacking Rocks D. Xebec ["OP17-039">OP17-039]
RZ1|196|2|OP17-046|1|6|6|5|1|1|0|0|0
RZ1|CHK|196|2|30|6|3|4|4|5|6|1|1|1
[Opponent] Charlotte Linlin ["OP17-049">OP17-049]: Trash Gloriosa ["OP17-046">OP17-046]
[Opponent] Charlotte Linlin ["OP17-049">OP17-049]: Buff Rocks D. Xebec ["OP17-039">OP17-039] 1000 for the Combat
Vasco Shot ["OP16-110">OP16-110][5000] vs Rocks D. Xebec ["OP17-039">OP17-039][6000]
Attack Fails
RZ1|197|1|Don|5|0|5|0|1|1|1|0|0
RZ1|CHK|197|1|34|6|2|3|3|4|5|0|1|3
[You] Deploy Doc Q ["OP16-109">OP16-109]
RZ1|198|1|OP16-109|1|4|2|2|1|1|0|0|0
RZ1|CHK|198|1|34|5|3|3|3|4|5|0|1|3
[You] Baby 5 ["OP12-112">OP12-112] attacking Rocks D. Xebec ["OP17-039">OP17-039]
Baby 5 ["OP12-112">OP12-112][5000] vs Rocks D. Xebec ["OP17-039">OP17-039][5000]
Rocks D. Xebec ["OP17-039">OP17-039] hit for 1 damage
RZ1|199|2|OP17-049|3|3|1|6|1|1|0|0|0
RZ1|CHK|199|2|30|7|3|3|4|5|6|1|1|1
RZ1|200|1|Don|5|1|5|1|1|1|1|0|0
RZ1|CHK|200|1|34|5|3|3|3|4|5|0|1|3
[You] Deploy Laffitte ["OP09-095">OP09-095]
RZ1|201|1|OP09-095|1|4|2|3|1|1|0|0|0
RZ1|CHK|201|1|34|4|4|3|3|4|5|0|1|3
[You] Laffitte ["OP09-095">OP09-095]: Rest 1 Don
RZ1|202|1|Don|5|2|5|2|1|1|1|0|0
RZ1|CHK|202|1|34|4|4|3|3|4|5|0|1|3
[You] Laffitte ["OP09-095">OP09-095]: Rest Laffitte ["OP09-095">OP09-095]
RZ1|203|1|OP16-104|0|33|1|4|1|1|0|0|0
RZ1|CHK|203|1|33|5|4|3|3|4|5|0|1|3
[You] Laffitte ["OP09-095">OP09-095]: <b>Reveal and Draw Catarina Devon ["OP16-104">OP16-104]</b>
[You] Placing Cards on Bottom of Deck
RZ1|204|1|OP16-108|0|32|0|0|0|0|0|0|0
RZ1|CHK|204|1|33|5|4|3|3|4|5|0|1|3
RZ1|205|1|OP16-108|0|32|0|0|0|0|0|0|0
RZ1|CHK|205|1|33|5|4|3|3|4|5|0|1|3
RZ1|206|1|OP16-119|0|32|0|0|0|0|0|0|0
RZ1|CHK|206|1|33|5|4|3|3|4|5|0|1|3
RZ1|207|1|OP16-104|0|32|0|0|0|0|0|0|0
RZ1|CHK|207|1|33|5|4|3|3|4|5|0|1|3
[You] This is MY AGE!!!! ["OP09-096">OP09-096]: Rest 1 Don
RZ1|208|1|Don|5|3|5|3|1|1|1|0|0
RZ1|CHK|208|1|33|5|4|3|3|4|5|0|1|3
RZ1|209|1|OP09-096|1|1|6|5|1|1|0|0|0
RZ1|CHK|209|1|33|4|4|3|3|4|6|0|1|3
RZ1|210|1|OP16-109|0|31|1|4|1|1|0|0|0
RZ1|CHK|210|1|32|5|4|3|3|4|6|0|1|3
[You] This is MY AGE!!!! ["OP09-096">OP09-096]: <b>Reveal and Draw Doc Q ["OP16-109">OP16-109]</b>
[You] This is MY AGE!!!! ["OP09-096">OP09-096]: Trash 2 Remaining Cards
RZ1|211|1|OP09-099|0|31|6|6|1|1|0|0|0
RZ1|CHK|211|1|31|5|4|3|3|4|7|0|1|3
RZ1|212|1|OP16-108|0|30|6|7|1|1|0|0|0
RZ1|CHK|212|1|30|5|4|3|3|4|8|0|1|3
[] Hand: [OP16-116,EB04-058,OP09-086,OP16-104,OP16-109]
[] Board: [OP16-110,OP12-112,OP16-109,OP09-095]
[] Trash: [OP16-110,EB04-058,OP09-096,EB04-058,OP16-110,OP09-096,OP09-099,OP16-108]
[] Life: 3
[] Hand: [OP17-054,OP17-048,OP17-046,OP17-048,OP17-040,OP17-046,OP17-049]
[] Trash: [OP17-052,OP17-049,OP17-054,OP17-040,OP17-045,OP17-046]
[] Board: [OP17-054,OP17-050,OP17-049]
[] Life: 3
[You] End Turn
[] Hand: [OP17-054,OP17-048,OP17-046,OP17-048,OP17-040,OP17-046,OP17-049]
[] Board: [OP17-054,OP17-050,OP17-049]
[] Trash: [OP17-052,OP17-049,OP17-054,OP17-040,OP17-045,OP17-046]
[] Life: 3
[] Hand: [OP16-116,EB04-058,OP09-086,OP16-104,OP16-109]
[] Trash: [OP16-110,EB04-058,OP09-096,EB04-058,OP16-110,OP09-096,OP09-099,OP16-108]
[] Board: [OP16-110,OP12-112,OP16-109,OP09-095]
[] Life: 3
RZ1|213|2|Don|9|9900|5|0|1|1|1|0|0
RZ1|CHK|213|2|30|7|3|3|4|6|6|1|1|0
[Opponent] Draw 1 Card
[] Drew card from deck: Kaido ["OP17-042">OP17-042]
RZ1|214|2|OP17-042|0|29|1|7|1|1|0|0|0
RZ1|CHK|214|2|29|8|3|3|4|6|6|1|1|0
RZ1|215|2|Don|4|3|5|6|1|1|0|0|0
RZ1|CHK|215|2|29|8|3|3|3|7|6|1|1|0
RZ1|216|2|Don|4|2|5|7|1|1|0|0|0
RZ1|CHK|216|2|29|8|3|3|2|8|6|1|1|0
[Opponent] Draw 2 Don
[Opponent] Streusen ["OP17-050">OP17-050] attacking Laffitte ["OP09-095">OP09-095]
Streusen ["OP17-050">OP17-050][2000] vs Laffitte ["OP09-095">OP09-095][1000]
[You] Laffitte ["OP09-095">OP09-095] Destroyed
RZ1|217|1|OP09-095|2|3|6|8|1|1|0|0|0
RZ1|CHK|217|1|30|5|3|3|3|4|9|0|1|3
[Opponent] Stussy ["OP17-054">OP17-054] attacking Marshall D. Teach ["OP16-080">OP16-080]
[You] Discard Catarina Devon ["OP16-104">OP16-104] for Counter 2000
RZ1|218|1|OP16-104|1|3|6|9|1|1|0|0|0
RZ1|CHK|218|1|30|4|3|3|3|4|10|0|1|3
Stussy ["OP17-054">OP17-054][5000] vs Marshall D. Teach ["OP16-080">OP16-080][7000]
Attack Fails
[Opponent] Charlotte Linlin ["OP17-049">OP17-049] attacking Marshall D. Teach ["OP16-080">OP16-080]
Charlotte Linlin ["OP17-049">OP17-049][7000] vs Marshall D. Teach ["OP16-080">OP16-080][5000]
Marshall D. Teach ["OP16-080">OP16-080] hit for 1 damage
RZ1|219|1|OP16-115|3|2|1|4|1|1|0|0|0
RZ1|CHK|219|1|30|5|3|2|3|4|10|0|1|3
RZ1|220|2|Don|5|0|5|0|1|1|1|0|0
RZ1|CHK|220|2|29|8|3|3|2|8|6|1|1|0
RZ1|221|2|Don|5|1|5|1|1|1|1|0|0
RZ1|CHK|221|2|29|8|3|3|2|8|6|1|1|0
RZ1|222|2|Don|5|2|5|2|1|1|1|0|0
RZ1|CHK|222|2|29|8|3|3|2|8|6|1|1|0
RZ1|223|2|Don|5|3|5|3|1|1|1|0|0
RZ1|CHK|223|2|29|8|3|3|2|8|6|1|1|0
RZ1|224|2|Don|5|4|5|4|1|1|1|0|0
RZ1|CHK|224|2|29|8|3|3|2|8|6|1|1|0
RZ1|225|2|Don|5|5|5|5|1|1|1|0|0
RZ1|CHK|225|2|29|8|3|3|2|8|6|1|1|0
RZ1|226|2|Don|5|6|5|6|1|1|1|0|0
RZ1|CHK|226|2|29|8|3|3|2|8|6|1|1|0
[Opponent] Deploy Shiki ["OP17-048">OP17-048]
RZ1|227|2|OP17-048|1|3|2|3|1|1|0|0|0
RZ1|CHK|227|2|29|7|4|3|2|8|6|1|1|0
[Opponent] Shiki ["OP17-048">OP17-048] attacking Baby 5 ["OP12-112">OP12-112]
RZ1|228|1|OP16-116|1|0|6|10|1|1|0|0|0
RZ1|CHK|228|1|30|4|3|2|3|4|11|0|1|3
[You] Marshall D. Teach ["OP16-080">OP16-080]: Trash ZEHAHAHAHA ["OP16-116">OP16-116]
[You] Marshall D. Teach ["OP16-080">OP16-080]: Target of Attack changed to Doc Q ["OP16-109">OP16-109]
Shiki ["OP17-048">OP17-048][9000] vs Doc Q ["OP16-109">OP16-109][0]
[You] Doc Q ["OP16-109">OP16-109] Destroyed
RZ1|229|1|OP16-109|2|2|6|11|1|1|0|0|0
RZ1|CHK|229|1|30|4|2|2|3|4|12|0|1|3
[] Drew card from deck: Marshall D. Teach ["OP16-119">OP16-119]
RZ1|230|1|OP16-119|0|29|1|4|1|1|0|0|0
RZ1|CHK|230|1|29|5|2|2|3|4|12|0|1|3
[You] Doc Q ["OP16-109">OP16-109]: Draw 1 Card
[Opponent] Attach 1 Don to Rocks D. Xebec ["OP17-039">OP17-039] (1 Total)
RZ1|231|2|Don|5|7|9|9900|1|1|0|0|0
RZ1|CHK|231|2|29|7|4|3|2|7|6|1|1|1
[Opponent] Rocks D. Xebec ["OP17-039">OP17-039] attacking Marshall D. Teach ["OP16-080">OP16-080]
RZ1|232|2|OP17-049|1|5|6|6|1|1|0|0|0
RZ1|CHK|232|2|29|6|4|3|2|7|7|1|1|1
[Opponent] Rocks D. Xebec ["OP17-039">OP17-039]: Trash Charlotte Linlin ["OP17-049">OP17-049]
RZ1|233|2|OP17-049|0|28|0|28|0|0|0|0|0
RZ1|CHK|233|2|29|6|4|3|2|7|7|1|1|1
[Opponent] Rocks D. Xebec ["OP17-039">OP17-039] revealed: Charlotte Linlin ["OP17-049">OP17-049]
[] Drew card from deck: Charlotte Linlin ["OP17-049">OP17-049]
RZ1|234|2|OP17-049|0|28|1|6|1|1|0|0|0
RZ1|CHK|234|2|28|7|4|3|2|7|7|1|1|1
[] Drew card from deck: Kyo ["OP17-045">OP17-045]
RZ1|235|2|OP17-045|0|27|1|7|1|1|0|0|0
RZ1|CHK|235|2|27|8|4|3|2|7|7|1|1|1
[Opponent] Rocks D. Xebec ["OP17-039">OP17-039]: Draw 2 Card
[You] Discard Doc Q ["OP16-109">OP16-109] for Counter 2000
RZ1|236|1|OP16-109|1|2|6|12|1|1|0|0|0
RZ1|CHK|236|1|29|4|2|2|3|4|13|0|1|3
Rocks D. Xebec ["OP17-039">OP17-039][6000] vs Marshall D. Teach ["OP16-080">OP16-080][7000]
Attack Fails
[] Hand: [OP17-054,OP17-048,OP17-046,OP17-040,OP17-046,OP17-042,OP17-049,OP17-045]
[] Board: [OP17-054,OP17-050,OP17-049,OP17-048]
[] Trash: [OP17-052,OP17-049,OP17-054,OP17-040,OP17-045,OP17-046,OP17-049]
[] Life: 3
[] Hand: [EB04-058,OP09-086,OP16-115,OP16-119]
[] Trash: [OP16-110,EB04-058,OP09-096,EB04-058,OP16-110,OP09-096,OP09-099,OP16-108,OP09-095,OP16-104,OP16-116,OP16-109,OP16-109]
[] Board: [OP16-110,OP12-112]
[] Life: 2
[Opponent] End Turn
[] Hand: [EB04-058,OP09-086,OP16-115,OP16-119]
[] Board: [OP16-110,OP12-112]
[] Trash: [OP16-110,EB04-058,OP09-096,EB04-058,OP16-110,OP09-096,OP09-099,OP16-108,OP09-095,OP16-104,OP16-116,OP16-109,OP16-109]
[] Life: 2
[] Hand: [OP17-054,OP17-048,OP17-046,OP17-040,OP17-046,OP17-042,OP17-049,OP17-045]
[] Trash: [OP17-052,OP17-049,OP17-054,OP17-040,OP17-045,OP17-046,OP17-049]
[] Board: [OP17-054,OP17-050,OP17-049,OP17-048]
[] Life: 3
RZ1|237|1|Don|9|0|5|0|1|1|1|0|0
RZ1|CHK|237|1|29|4|2|2|3|5|13|0|1|2
RZ1|238|1|Don|9|0|5|0|1|1|1|0|0
RZ1|CHK|238|1|29|4|2|2|3|6|13|0|1|1
RZ1|239|1|Don|9|0|5|0|1|1|1|0|0
RZ1|CHK|239|1|29|4|2|2|3|7|13|0|1|0
[You] Draw 1 Card
[] Drew card from deck: Borsalino ["EB04-058">EB04-058]
RZ1|240|1|EB04-058|0|28|1|4|1|1|0|0|0
RZ1|CHK|240|1|28|5|2|2|3|7|13|0|1|0
RZ1|241|1|Don|4|2|5|7|1|1|0|0|0
RZ1|CHK|241|1|28|5|2|2|2|8|13|0|1|0
RZ1|242|1|Don|4|1|5|8|1|1|0|0|0
RZ1|CHK|242|1|28|5|2|2|1|9|13|0|1|0
[You] Draw 2 Don
RZ1|243|1|Don|5|0|9|0|1|1|0|0|0
RZ1|CHK|243|1|28|5|2|2|1|8|13|0|1|1
RZ1|244|1|Don|5|0|9|1|1|1|0|0|0
RZ1|CHK|244|1|28|5|2|2|1|7|13|0|1|2
RZ1|245|1|Don|5|0|9|2|1|1|0|0|0
RZ1|CHK|245|1|28|5|2|2|1|6|13|0|1|3
[You] Attach 3 Don to Vasco Shot ["OP16-110">OP16-110] (3 Total)
RZ1|246|1|Don|5|0|5|0|1|1|1|0|0
RZ1|CHK|246|1|28|5|2|2|1|6|13|0|1|3
RZ1|247|1|Don|5|1|5|1|1|1|1|0|0
RZ1|CHK|247|1|28|5|2|2|1|6|13|0|1|3
RZ1|248|1|Don|5|2|5|2|1|1|1|0|0
RZ1|CHK|248|1|28|5|2|2|1|6|13|0|1|3
RZ1|249|1|Don|5|3|5|3|1|1|1|0|0
RZ1|CHK|249|1|28|5|2|2|1|6|13|0|1|3
RZ1|250|1|Don|5|4|5|4|1|1|1|0|0
RZ1|CHK|250|1|28|5|2|2|1|6|13|0|1|3
[You] Deploy Borsalino ["EB04-058">EB04-058]
RZ1|251|1|EB04-058|1|0|2|2|1|1|0|0|0
RZ1|CHK|251|1|28|4|3|2|1|6|13|0|1|3
[You] Borsalino ["EB04-058">EB04-058]: Add card to top of Life from Deck
RZ1|252|1|OP09-099|0|27|3|2|1|0|0|0|0
RZ1|CHK|252|1|27|4|3|3|1|6|13|0|1|3
[You] Marshall D. Teach ["OP16-080">OP16-080] attacking Rocks D. Xebec ["OP17-039">OP17-039]
[Opponent] Fullalead ["OP17-057">OP17-057]: Rest Fullalead ["OP17-057">OP17-057]
RZ1|253|2|OP17-045|1|7|6|7|1|1|0|0|0
RZ1|CHK|253|2|27|7|4|3|2|7|8|1|1|1
[Opponent] Fullalead ["OP17-057">OP17-057]: Trash Kyo ["OP17-045">OP17-045]
[Opponent] Fullalead ["OP17-057">OP17-057]: Buff Rocks D. Xebec ["OP17-039">OP17-039] 1000 for the Combat
Marshall D. Teach ["OP16-080">OP16-080][5000] vs Rocks D. Xebec ["OP17-039">OP17-039][6000]
Attack Fails
[You] Vasco Shot ["OP16-110">OP16-110] attacking Rocks D. Xebec ["OP17-039">OP17-039]
RZ1|254|2|OP17-049|1|6|6|8|1|1|0|0|0
RZ1|CHK|254|2|27|6|4|3|2|7|9|1|1|1
[Opponent] Charlotte Linlin ["OP17-049">OP17-049]: Trash Charlotte Linlin ["OP17-049">OP17-049]
[Opponent] Charlotte Linlin ["OP17-049">OP17-049]: Buff Rocks D. Xebec ["OP17-039">OP17-039] 1000 for the Combat
Vasco Shot ["OP16-110">OP16-110][5000] vs Rocks D. Xebec ["OP17-039">OP17-039][6000]
Attack Fails
[You] Baby 5 ["OP12-112">OP12-112] attacking Rocks D. Xebec ["OP17-039">OP17-039]
RZ1|255|2|OP17-042|1|5|6|9|1|1|0|0|0
RZ1|CHK|255|2|27|5|4|3|2|7|10|1|1|1
[Opponent] Shiki ["OP17-048">OP17-048]: Trash Kaido ["OP17-042">OP17-042]
[Opponent] Shiki ["OP17-048">OP17-048]: Buff Baby 5 ["OP12-112">OP12-112] -3000
Baby 5 ["OP12-112">OP12-112][2000] vs Rocks D. Xebec ["OP17-039">OP17-039][5000]
Attack Fails
[You] Black Vortex ["OP16-115">OP16-115]: Rest 1 Don
RZ1|256|1|Don|5|5|5|5|1|1|1|0|0
RZ1|CHK|256|1|27|4|3|3|1|6|13|0|1|3
RZ1|257|1|OP16-115|1|1|6|13|1|1|0|0|0
RZ1|CHK|257|1|27|3|3|3|1|6|14|0|1|3
[You] <b>Draw Doc Q ["OP16-109">OP16-109] from Trash</b>
RZ1|258|1|OP16-109|6|11|1|3|1|1|0|0|0
RZ1|CHK|258|1|27|4|3|3|1|6|13|0|1|3
[] Hand: [OP09-086,OP16-119,EB04-058,OP16-109]
[] Board: [OP16-110,OP12-112,EB04-058]
[] Trash: [OP16-110,EB04-058,OP09-096,EB04-058,OP16-110,OP09-096,OP09-099,OP16-108,OP09-095,OP16-104,OP16-116,OP16-109,OP16-115]
[] Life: 3
[] Hand: [OP17-054,OP17-048,OP17-046,OP17-040,OP17-046]
[] Trash: [OP17-052,OP17-049,OP17-054,OP17-040,OP17-045,OP17-046,OP17-049,OP17-045,OP17-049,OP17-042]
[] Board: [OP17-054,OP17-050,OP17-049,OP17-048]
[] Life: 3
[You] End Turn
[] Hand: [OP17-054,OP17-048,OP17-046,OP17-040,OP17-046]
[] Board: [OP17-054,OP17-050,OP17-049,OP17-048]
[] Trash: [OP17-052,OP17-049,OP17-054,OP17-040,OP17-045,OP17-046,OP17-049,OP17-045,OP17-049,OP17-042]
[] Life: 3
[] Hand: [OP09-086,OP16-119,EB04-058,OP16-109]
[] Trash: [OP16-110,EB04-058,OP09-096,EB04-058,OP16-110,OP09-096,OP09-099,OP16-108,OP09-095,OP16-104,OP16-116,OP16-109,OP16-115]
[] Board: [OP16-110,OP12-112,EB04-058]
[] Life: 3
RZ1|259|2|Don|9|9900|5|0|1|1|1|0|0
RZ1|CHK|259|2|27|5|4|3|2|8|10|1|1|0
[Opponent] Draw 1 Card
[] Drew card from deck: Gloriosa ["OP17-046">OP17-046]
RZ1|260|2|OP17-046|0|26|1|5|1|1|0|0|0
RZ1|CHK|260|2|26|6|4|3|2|8|10|1|1|0
RZ1|261|2|Don|4|1|5|8|1|1|0|0|0
RZ1|CHK|261|2|26|6|4|3|1|9|10|1|1|0
RZ1|262|2|Don|4|0|5|9|1|1|0|0|0
RZ1|CHK|262|2|26|6|4|3|0|10|10|1|1|0
[Opponent] Draw 2 Don
[Opponent] Attach 1 Don to Stussy ["OP17-054">OP17-054] (1 Total)
RZ1|263|2|Don|5|9|9|0|1|1|0|0|0
RZ1|CHK|263|2|26|6|4|3|0|9|10|1|1|1
[Opponent] Attach 1 Don to Stussy ["OP17-054">OP17-054] (2 Total)
RZ1|264|2|Don|5|8|9|1|1|1|0|0|0
RZ1|CHK|264|2|26|6|4|3|0|8|10|1|1|2
[Opponent] Stussy ["OP17-054">OP17-054] attacking Marshall D. Teach ["OP16-080">OP16-080]
[You] Borsalino ["EB04-058">EB04-058] Blocks
Stussy ["OP17-054">OP17-054][7000] vs Borsalino ["EB04-058">EB04-058][6000]
[You] Borsalino ["EB04-058">EB04-058] Destroyed
RZ1|265|1|EB04-058|2|2|6|13|1|1|0|0|0
RZ1|CHK|265|1|27|4|2|3|1|6|14|0|1|3
[Opponent] Attach 1 Don to Charlotte Linlin ["OP17-049">OP17-049] (1 Total)
RZ1|266|2|Don|5|7|9|200|1|1|0|0|0
RZ1|CHK|266|2|26|6|4|3|0|7|10|1|1|3
[Opponent] Charlotte Linlin ["OP17-049">OP17-049] attacking Marshall D. Teach ["OP16-080">OP16-080]
Charlotte Linlin ["OP17-049">OP17-049][8000] vs Marshall D. Teach ["OP16-080">OP16-080][5000]
Marshall D. Teach ["OP16-080">OP16-080] hit for 1 damage
RZ1|267|1|OP09-099|3|2|1|4|1|1|0|0|0
RZ1|CHK|267|1|27|5|2|2|1|6|14|0|1|3
[Opponent] Shiki ["OP17-048">OP17-048] attacking Marshall D. Teach ["OP16-080">OP16-080]
Shiki ["OP17-048">OP17-048][9000] vs Marshall D. Teach ["OP16-080">OP16-080][5000]
Marshall D. Teach ["OP16-080">OP16-080] hit for 1 damage
RZ1|268|1|OP09-093|3|1|1|5|1|1|0|0|0
RZ1|CHK|268|1|27|6|2|1|1|6|14|0|1|3
[Opponent] Attach 1 Don to Streusen ["OP17-050">OP17-050] (1 Total)
RZ1|269|2|Don|5|6|9|100|1|1|0|0|0
RZ1|CHK|269|2|26|6|4|3|0|6|10|1|1|4
[Opponent] Attach 1 Don to Streusen ["OP17-050">OP17-050] (2 Total)
RZ1|270|2|Don|5|5|9|101|1|1|0|0|0
RZ1|CHK|270|2|26|6|4|3|0|5|10|1|1|5
[Opponent] Attach 1 Don to Streusen ["OP17-050">OP17-050] (3 Total)
RZ1|271|2|Don|5|4|9|102|1|1|0|0|0
RZ1|CHK|271|2|26|6|4|3|0|4|10|1|1|6
[Opponent] Attach 1 Don to Streusen ["OP17-050">OP17-050] (4 Total)
RZ1|272|2|Don|5|3|9|103|1|1|0|0|0
RZ1|CHK|272|2|26|6|4|3|0|3|10|1|1|7
[Opponent] Streusen ["OP17-050">OP17-050] attacking Marshall D. Teach ["OP16-080">OP16-080]
[You] Discard Doc Q ["OP16-109">OP16-109] for Counter 2000
RZ1|273|1|OP16-109|1|3|6|14|1|1|0|0|0
RZ1|CHK|273|1|27|5|2|1|1|6|15|0|1|3
Streusen ["OP17-050">OP17-050][6000] vs Marshall D. Teach ["OP16-080">OP16-080][7000]
Attack Fails
[Opponent] Attach 1 Don to Rocks D. Xebec ["OP17-039">OP17-039] (1 Total)
RZ1|274|2|Don|5|2|9|9900|1|1|0|0|0
RZ1|CHK|274|2|26|6|4|3|0|2|10|1|1|8
[Opponent] Attach 1 Don to Rocks D. Xebec ["OP17-039">OP17-039] (2 Total)
RZ1|275|2|Don|5|1|9|9901|1|1|0|0|0
RZ1|CHK|275|2|26|6|4|3|0|1|10|1|1|9
[Opponent] Attach 1 Don to Rocks D. Xebec ["OP17-039">OP17-039] (3 Total)
RZ1|276|2|Don|5|0|9|9902|1|1|0|0|0
RZ1|CHK|276|2|26|6|4|3|0|0|10|1|1|10
[Opponent] Rocks D. Xebec ["OP17-039">OP17-039] attacking Marshall D. Teach ["OP16-080">OP16-080]
RZ1|277|2|OP17-046|1|5|6|10|1|1|0|0|0
RZ1|CHK|277|2|26|5|4|3|0|0|11|1|1|10
[Opponent] Rocks D. Xebec ["OP17-039">OP17-039]: Trash Gloriosa ["OP17-046">OP17-046]
RZ1|278|2|OP17-118|0|25|0|25|0|0|0|0|0
RZ1|CHK|278|2|26|5|4|3|0|0|11|1|1|10
[Opponent] Rocks D. Xebec ["OP17-039">OP17-039] revealed: Rocks D. Xebec ["OP17-118">OP17-118]
[] Drew card from deck: Rocks D. Xebec ["OP17-118">OP17-118]
RZ1|279|2|OP17-118|0|25|1|5|1|1|0|0|0
RZ1|CHK|279|2|25|6|4|3|0|0|11|1|1|10
[] Drew card from deck: Don Marlon ["OP17-052">OP17-052]
RZ1|280|2|OP17-052|0|24|1|6|1|1|0|0|0
RZ1|CHK|280|2|24|7|4|3|0|0|11|1|1|10
[Opponent] Rocks D. Xebec ["OP17-039">OP17-039]: Draw 2 Card
Rocks D. Xebec ["OP17-039">OP17-039][8000] vs Marshall D. Teach ["OP16-080">OP16-080][5000]
Marshall D. Teach ["OP16-080">OP16-080] hit for 1 damage
RZ1|281|1|OP16-115|3|0|1|5|1|1|0|0|0
RZ1|CHK|281|1|27|6|2|0|1|6|15|0|1|3
[] Hand: [OP17-054,OP17-048,OP17-046,OP17-040,OP17-046,OP17-118,OP17-052]
[] Board: [OP17-054,OP17-050,OP17-049,OP17-048]
[] Trash: [OP17-052,OP17-049,OP17-054,OP17-040,OP17-045,OP17-046,OP17-049,OP17-045,OP17-049,OP17-042,OP17-046]
[] Life: 3
[] Hand: [OP09-086,OP16-119,EB04-058,OP09-099,OP09-093,OP16-115]
[] Trash: [OP16-110,EB04-058,OP09-096,EB04-058,OP16-110,OP09-096,OP09-099,OP16-108,OP09-095,OP16-104,OP16-116,OP16-109,OP16-115,EB04-058,OP16-109]
[] Board: [OP16-110,OP12-112]
[] Life: 0
[Opponent] End Turn
[] Hand: [OP09-086,OP16-119,EB04-058,OP09-099,OP09-093,OP16-115]
[] Board: [OP16-110,OP12-112]
[] Trash: [OP16-110,EB04-058,OP09-096,EB04-058,OP16-110,OP09-096,OP09-099,OP16-108,OP09-095,OP16-104,OP16-116,OP16-109,OP16-115,EB04-058,OP16-109]
[] Life: 0
[] Hand: [OP17-054,OP17-048,OP17-046,OP17-040,OP17-046,OP17-118,OP17-052]
[] Trash: [OP17-052,OP17-049,OP17-054,OP17-040,OP17-045,OP17-046,OP17-049,OP17-045,OP17-049,OP17-042,OP17-046]
[] Board: [OP17-054,OP17-050,OP17-049,OP17-048]
[] Life: 3
RZ1|282|1|Don|9|0|5|0|1|1|1|0|0
RZ1|CHK|282|1|27|6|2|0|1|7|15|0|1|2
RZ1|283|1|Don|9|0|5|0|1|1|1|0|0
RZ1|CHK|283|1|27|6|2|0|1|8|15|0|1|1
RZ1|284|1|Don|9|0|5|0|1|1|1|0|0
RZ1|CHK|284|1|27|6|2|0|1|9|15|0|1|0
[You] Draw 1 Card
[] Drew card from deck: ZEHAHAHAHA ["OP16-116">OP16-116]
RZ1|285|1|OP16-116|0|26|1|6|1|1|0|0|0
RZ1|CHK|285|1|26|7|2|0|1|9|15|0|1|0
RZ1|286|1|Don|4|0|5|9|1|1|0|0|0
RZ1|CHK|286|1|26|7|2|0|0|10|15|0|1|0
[You] Draw 2 Don
[You] ZEHAHAHAHA ["OP16-116">OP16-116]: Rest 8 Don
RZ1|287|1|Don|5|0|5|0|1|1|1|0|0
RZ1|CHK|287|1|26|7|2|0|0|10|15|0|1|0
RZ1|288|1|Don|5|1|5|1|1|1|1|0|0
RZ1|CHK|288|1|26|7|2|0|0|10|15|0|1|0
RZ1|289|1|Don|5|2|5|2|1|1|1|0|0
RZ1|CHK|289|1|26|7|2|0|0|10|15|0|1|0
RZ1|290|1|Don|5|3|5|3|1|1|1|0|0
RZ1|CHK|290|1|26|7|2|0|0|10|15|0|1|0
RZ1|291|1|Don|5|4|5|4|1|1|1|0|0
RZ1|CHK|291|1|26|7|2|0|0|10|15|0|1|0
RZ1|292|1|Don|5|5|5|5|1|1|1|0|0
RZ1|CHK|292|1|26|7|2|0|0|10|15|0|1|0
RZ1|293|1|Don|5|6|5|6|1|1|1|0|0
RZ1|CHK|293|1|26|7|2|0|0|10|15|0|1|0
RZ1|294|1|Don|5|7|5|7|1|1|1|0|0
RZ1|CHK|294|1|26|7|2|0|0|10|15|0|1|0
RZ1|295|1|OP16-116|1|6|6|15|1|1|0|0|0
RZ1|CHK|295|1|26|6|2|0|0|10|16|0|1|0
RZ1|296|1|OP09-093|1|4|2|2|1|1|0|0|0
RZ1|CHK|296|1|26|5|3|0|0|10|16|0|1|0
[You] ZEHAHAHAHA ["OP16-116">OP16-116]: Deploy Marshall D. Teach ["OP09-093">OP09-093]
[You] ZEHAHAHAHA ["OP16-116">OP16-116]: Send 1 Life to Hand
RZ1|297|2|OP17-048|3|2|1|7|1|1|0|0|0
RZ1|CHK|297|2|24|8|4|2|0|0|11|1|1|10
[You] Marshall D. Teach ["OP09-093">OP09-093]: Nullify effects of Rocks D. Xebec ["OP17-039">OP17-039]
[You] Marshall D. Teach ["OP09-093">OP09-093]: Shiki ["OP17-048">OP17-048] can't attack next turn
[You] Marshall D. Teach ["OP09-093">OP09-093]: Nullify effects of Shiki ["OP17-048">OP17-048] until next turn end!
[You] Marshall D. Teach ["OP16-080">OP16-080] attacking Rocks D. Xebec ["OP17-039">OP17-039]
[Opponent] Fullalead ["OP17-057">OP17-057]: Rest Fullalead ["OP17-057">OP17-057]
RZ1|298|2|OP17-052|1|6|6|11|1|1|0|0|0
RZ1|CHK|298|2|24|7|4|2|0|0|12|1|1|10
[Opponent] Fullalead ["OP17-057">OP17-057]: Trash Don Marlon ["OP17-052">OP17-052]
[Opponent] Fullalead ["OP17-057">OP17-057]: Buff Rocks D. Xebec ["OP17-039">OP17-039] 1000 for the Combat
Marshall D. Teach ["OP16-080">OP16-080][5000] vs Rocks D. Xebec ["OP17-039">OP17-039][6000]
Attack Fails
[You] Baby 5 ["OP12-112">OP12-112] attacking Rocks D. Xebec ["OP17-039">OP17-039]
RZ1|299|2|OP17-048|1|6|6|12|1|1|0|0|0
RZ1|CHK|299|2|24|6|4|2|0|0|13|1|1|10
[Opponent] Charlotte Linlin ["OP17-049">OP17-049]: Trash Shiki ["OP17-048">OP17-048]
[Opponent] Charlotte Linlin ["OP17-049">OP17-049]: Buff Rocks D. Xebec ["OP17-039">OP17-039] 1000 for the Combat
Baby 5 ["OP12-112">OP12-112][5000] vs Rocks D. Xebec ["OP17-039">OP17-039][6000]
Attack Fails
[You] Black Vortex ["OP16-115">OP16-115]: Rest 1 Don
RZ1|300|1|Don|5|8|5|8|1|1|1|0|0
RZ1|CHK|300|1|26|5|3|0|0|10|16|0|1|0
RZ1|301|1|OP16-115|1|4|6|16|1|1|0|0|0
RZ1|CHK|301|1|26|4|3|0|0|10|17|0|1|0
[You] <b>Draw Doc Q ["OP16-109">OP16-109] from Trash</b>
RZ1|302|1|OP16-109|6|11|1|4|1|1|0|0|0
RZ1|CHK|302|1|26|5|3|0|0|10|16|0|1|0
RZ1|303|1|Don|5|9|5|9|1|1|1|0|0
RZ1|CHK|303|1|26|5|3|0|0|10|16|0|1|0
[You] Deploy Fullalead ["OP09-099">OP09-099]
RZ1|304|1|OP09-099|1|3|7|0|1|1|0|0|0
RZ1|CHK|304|1|26|4|3|0|0|10|16|1|1|0
[You] Fullalead ["OP09-099">OP09-099]: Rest Fullalead ["OP09-099">OP09-099]
RZ1|305|1|OP09-086|1|0|6|16|1|1|0|0|0
RZ1|CHK|305|1|26|3|3|0|0|10|17|1|1|0
[You] Fullalead ["OP09-099">OP09-099]: Trash Jesus Burgess ["OP09-086">OP09-086]
RZ1|306|1|OP09-093|0|25|1|3|1|1|0|0|0
RZ1|CHK|306|1|25|4|3|0|0|10|17|1|1|0
[You] Fullalead ["OP09-099">OP09-099]: <b>Reveal and Draw Marshall D. Teach ["OP09-093">OP09-093]</b>
[You] Placing Cards on Bottom of Deck
RZ1|307|1|OP16-119|0|24|0|0|0|0|0|0|0
RZ1|CHK|307|1|25|4|3|0|0|10|17|1|1|0
RZ1|308|1|OP09-086|0|24|0|0|0|0|0|0|0
RZ1|CHK|308|1|25|4|3|0|0|10|17|1|1|0
[You] Vasco Shot ["OP16-110">OP16-110] attacking Streusen ["OP17-050">OP17-050]
Vasco Shot ["OP16-110">OP16-110][2000] vs Streusen ["OP17-050">OP17-050][2000]
[Opponent] Streusen ["OP17-050">OP17-050] Destroyed
RZ1|309|2|Don|9|100|5|0|1|1|1|0|0
RZ1|CHK|309|2|24|6|4|2|0|1|13|1|1|9
RZ1|310|2|Don|9|100|5|0|1|1|1|0|0
RZ1|CHK|310|2|24|6|4|2|0|2|13|1|1|8
RZ1|311|2|Don|9|100|5|0|1|1|1|0|0
RZ1|CHK|311|2|24|6|4|2|0|3|13|1|1|7
RZ1|312|2|Don|9|100|5|0|1|1|1|0|0
RZ1|CHK|312|2|24|6|4|2|0|4|13|1|1|6
RZ1|313|2|OP17-050|2|1|6|13|1|1|0|0|0
RZ1|CHK|313|2|24|6|3|2|0|4|14|1|1|6
[You] Rocks D. Xebec ["OP17-039">OP17-039] no longer nullified
[] Hand: [OP16-119,EB04-058,OP16-109,OP09-093]
[] Board: [OP16-110,OP12-112,OP09-093]
[] Trash: [OP16-110,EB04-058,OP09-096,EB04-058,OP16-110,OP09-096,OP09-099,OP16-108,OP09-095,OP16-104,OP16-116,OP16-115,EB04-058,OP16-109,OP16-116,OP16-115,OP09-086]
[] Life: 0
[] Hand: [OP17-054,OP17-048,OP17-046,OP17-040,OP17-046,OP17-118]
[] Trash: [OP17-052,OP17-049,OP17-054,OP17-040,OP17-045,OP17-046,OP17-049,OP17-045,OP17-049,OP17-042,OP17-046,OP17-052,OP17-048,OP17-050]
[] Board: [OP17-054,OP17-049,OP17-048]
[] Life: 2
[You] End Turn
[] Hand: [OP17-054,OP17-048,OP17-046,OP17-040,OP17-046,OP17-118]
[] Board: [OP17-054,OP17-049,OP17-048]
[] Trash: [OP17-052,OP17-049,OP17-054,OP17-040,OP17-045,OP17-046,OP17-049,OP17-045,OP17-049,OP17-042,OP17-046,OP17-052,OP17-048,OP17-050]
[] Life: 2
[] Hand: [OP16-119,EB04-058,OP16-109,OP09-093]
[] Trash: [OP16-110,EB04-058,OP09-096,EB04-058,OP16-110,OP09-096,OP09-099,OP16-108,OP09-095,OP16-104,OP16-116,OP16-115,EB04-058,OP16-109,OP16-116,OP16-115,OP09-086]
[] Board: [OP16-110,OP12-112,OP09-093]
[] Life: 0
RZ1|314|2|Don|9|9900|5|0|1|1|1|0|0
RZ1|CHK|314|2|24|6|3|2|0|5|14|1|1|5
RZ1|315|2|Don|9|9900|5|0|1|1|1|0|0
RZ1|CHK|315|2|24|6|3|2|0|6|14|1|1|4
RZ1|316|2|Don|9|9900|5|0|1|1|1|0|0
RZ1|CHK|316|2|24|6|3|2|0|7|14|1|1|3
RZ1|317|2|Don|9|0|5|0|1|1|1|0|0
RZ1|CHK|317|2|24|6|3|2|0|8|14|1|1|2
RZ1|318|2|Don|9|0|5|0|1|1|1|0|0
RZ1|CHK|318|2|24|6|3|2|0|9|14|1|1|1
RZ1|319|2|Don|9|100|5|0|1|1|1|0|0
RZ1|CHK|319|2|24|6|3|2|0|10|14|1|1|0
[Opponent] Draw 1 Card
[] Drew card from deck: Rocks D. Xebec ["OP17-118">OP17-118]
RZ1|320|2|OP17-118|0|23|1|6|1|1|0|0|0
RZ1|CHK|320|2|23|7|3|2|0|10|14|1|1|0
[Opponent] Charlotte Linlin ["OP17-049">OP17-049] attacking Marshall D. Teach ["OP16-080">OP16-080]
RZ1|321|1|OP16-109|1|2|6|17|1|1|0|0|0
RZ1|CHK|321|1|25|3|3|0|0|10|18|1|1|0
[You] Marshall D. Teach ["OP16-080">OP16-080]: Trash Doc Q ["OP16-109">OP16-109]
[You] Marshall D. Teach ["OP16-080">OP16-080]: Target of Attack changed to Marshall D. Teach ["OP09-093">OP09-093]
Charlotte Linlin ["OP17-049">OP17-049][7000] vs Marshall D. Teach ["OP09-093">OP09-093][12000]
Attack Fails
[Opponent] Attach 1 Don to Stussy ["OP17-054">OP17-054] (1 Total)
RZ1|322|2|Don|5|9|9|0|1|1|0|0|0
RZ1|CHK|322|2|23|7|3|2|0|9|14|1|1|1
[Opponent] Stussy ["OP17-054">OP17-054] attacking Marshall D. Teach ["OP16-080">OP16-080]
Stussy ["OP17-054">OP17-054][6000] vs Marshall D. Teach ["OP16-080">OP16-080][5000]
Marshall D. Teach ["OP16-080">OP16-080] hit for 1 damage
[You] <b>Downloaded the Combat Log!</b>
GameOver
