Version is 1.42b
[You] Leader is Marshall D. Teach ["OP16-080">OP16-080]
RZ1|HDR|1.42b|2|RZ1
RZ1|PLY|1||OP16-080
RZ1|PLY|2||
[Opponent] Leader is Rocks D. Xebec ["OP17-039">OP17-039]
RZ1|1|2|OP17-118|0|36|0|0|0|0|0|0|0
RZ1|CHK|1|2|50|0|0|0|10|0|0|0|1|0
RZ1|2|2|OP17-048|0|34|0|1|0|0|0|0|0
RZ1|CHK|2|2|50|0|0|0|10|0|0|0|1|0
RZ1|3|2|OP17-052|0|9|0|2|0|0|0|0|0
RZ1|CHK|3|2|50|0|0|0|10|0|0|0|1|0
RZ1|4|2|OP17-052|0|9|0|3|0|0|0|0|0
RZ1|CHK|4|2|50|0|0|0|10|0|0|0|1|0
RZ1|5|2|OP17-042|0|15|0|4|0|0|0|0|0
RZ1|CHK|5|2|50|0|0|0|10|0|0|0|1|0
RZ1|6|2|OP17-049|0|28|0|5|0|0|0|0|0
RZ1|CHK|6|2|50|0|0|0|10|0|0|0|1|0
RZ1|7|2|OP17-056|0|44|0|6|0|0|0|0|0
RZ1|CHK|7|2|50|0|0|0|10|0|0|0|1|0
RZ1|8|2|OP17-057|0|49|0|7|0|0|0|0|0
RZ1|CHK|8|2|50|0|0|0|10|0|0|0|1|0
RZ1|9|2|OP17-046|0|24|0|8|0|0|0|0|0
RZ1|CHK|9|2|50|0|0|0|10|0|0|0|1|0
RZ1|10|2|OP17-046|0|23|0|9|0|0|0|0|0
RZ1|CHK|10|2|50|0|0|0|10|0|0|0|1|0
RZ1|11|2|OP17-045|0|14|0|10|0|0|0|0|0
RZ1|CHK|11|2|50|0|0|0|10|0|0|0|1|0
RZ1|12|2|OP17-044|0|22|0|11|0|0|0|0|0
RZ1|CHK|12|2|50|0|0|0|10|0|0|0|1|0
RZ1|13|2|OP17-056|0|45|0|12|0|0|0|0|0
RZ1|CHK|13|2|50|0|0|0|10|0|0|0|1|0
RZ1|14|2|OP17-055|0|42|0|13|0|0|0|0|0
RZ1|CHK|14|2|50|0|0|0|10|0|0|0|1|0
RZ1|15|2|OP17-118|0|41|0|14|0|0|0|0|0
RZ1|CHK|15|2|50|0|0|0|10|0|0|0|1|0
RZ1|16|2|OP17-048|0|38|0|15|0|0|0|0|0
RZ1|CHK|16|2|50|0|0|0|10|0|0|0|1|0
RZ1|17|2|OP17-042|0|26|0|16|0|0|0|0|0
RZ1|CHK|17|2|50|0|0|0|10|0|0|0|1|0
RZ1|18|2|OP17-050|0|18|0|17|0|0|0|0|0
RZ1|CHK|18|2|50|0|0|0|10|0|0|0|1|0
RZ1|19|2|OP17-049|0|34|0|18|0|0|0|0|0
RZ1|CHK|19|2|50|0|0|0|10|0|0|0|1|0
RZ1|20|2|OP17-056|0|47|0|19|0|0|0|0|0
RZ1|CHK|20|2|50|0|0|0|10|0|0|0|1|0
RZ1|21|2|OP17-057|0|49|0|20|0|0|0|0|0
RZ1|CHK|21|2|50|0|0|0|10|0|0|0|1|0
RZ1|22|2|OP17-044|0|30|0|22|0|0|0|0|0
RZ1|CHK|22|2|50|0|0|0|10|0|0|0|1|0
RZ1|23|2|OP17-040|0|37|0|23|0|0|0|0|0
RZ1|CHK|23|2|50|0|0|0|10|0|0|0|1|0
RZ1|24|2|OP17-040|0|38|0|24|0|0|0|0|0
RZ1|CHK|24|2|50|0|0|0|10|0|0|0|1|0
RZ1|25|2|OP17-046|0|34|0|25|0|0|0|0|0
RZ1|CHK|25|2|50|0|0|0|10|0|0|0|1|0
RZ1|26|2|OP17-046|0|34|0|26|0|0|0|0|0
RZ1|CHK|26|2|50|0|0|0|10|0|0|0|1|0
RZ1|27|2|OP17-054|0|31|0|27|0|0|0|0|0
RZ1|CHK|27|2|50|0|0|0|10|0|0|0|1|0
RZ1|28|2|OP17-054|0|33|0|28|0|0|0|0|0
RZ1|CHK|28|2|50|0|0|0|10|0|0|0|1|0
RZ1|29|2|OP17-055|0|47|0|29|0|0|0|0|0
RZ1|CHK|29|2|50|0|0|0|10|0|0|0|1|0
RZ1|30|2|OP17-055|0|47|0|30|0|0|0|0|0
RZ1|CHK|30|2|50|0|0|0|10|0|0|0|1|0
RZ1|31|2|OP17-049|0|40|0|31|0|0|0|0|0
RZ1|CHK|31|2|50|0|0|0|10|0|0|0|1|0
RZ1|32|2|OP17-056|0|48|0|32|0|0|0|0|0
RZ1|CHK|32|2|50|0|0|0|10|0|0|0|1|0
RZ1|33|2|OP17-043|0|40|0|33|0|0|0|0|0
RZ1|CHK|33|2|50|0|0|0|10|0|0|0|1|0
RZ1|34|2|OP17-055|0|48|0|34|0|0|0|0|0
RZ1|CHK|34|2|50|0|0|0|10|0|0|0|1|0
RZ1|35|2|OP17-118|0|48|0|35|0|0|0|0|0
RZ1|CHK|35|2|50|0|0|0|10|0|0|0|1|0
RZ1|36|2|OP17-048|0|47|0|36|0|0|0|0|0
RZ1|CHK|36|2|50|0|0|0|10|0|0|0|1|0
RZ1|37|2|OP17-045|0|39|0|37|0|0|0|0|0
RZ1|CHK|37|2|50|0|0|0|10|0|0|0|1|0
RZ1|38|2|OP17-049|0|44|0|38|0|0|0|0|0
RZ1|CHK|38|2|50|0|0|0|10|0|0|0|1|0
RZ1|39|2|OP17-054|0|42|0|39|0|0|0|0|0
RZ1|CHK|39|2|50|0|0|0|10|0|0|0|1|0
RZ1|40|2|OP17-048|0|47|0|40|0|0|0|0|0
RZ1|CHK|40|2|50|0|0|0|10|0|0|0|1|0
RZ1|41|2|OP17-052|0|43|0|41|0|0|0|0|0
RZ1|CHK|41|2|50|0|0|0|10|0|0|0|1|0
RZ1|42|2|OP17-045|0|43|0|42|0|0|0|0|0
RZ1|CHK|42|2|50|0|0|0|10|0|0|0|1|0
RZ1|43|2|OP17-118|0|48|0|43|0|0|0|0|0
RZ1|CHK|43|2|50|0|0|0|10|0|0|0|1|0
RZ1|44|2|OP17-057|0|49|0|44|0|0|0|0|0
RZ1|CHK|44|2|50|0|0|0|10|0|0|0|1|0
RZ1|45|2|OP17-040|0|49|0|48|0|0|0|0|0
RZ1|CHK|45|2|50|0|0|0|10|0|0|0|1|0
[] Drew card from deck: Shiryu ["OP16-108">OP16-108]
RZ1|46|1|OP16-108|0|49|1|0|1|1|0|0|0
RZ1|CHK|46|1|49|1|0|0|10|0|0|0|1|0
[] Drew card from deck: Borsalino ["EB04-058">EB04-058]
RZ1|47|1|EB04-058|0|48|1|1|1|1|0|0|0
RZ1|CHK|47|1|48|2|0|0|10|0|0|0|1|0
[] Drew card from deck: Vasco Shot ["OP16-110">OP16-110]
RZ1|48|1|OP16-110|0|47|1|2|1|1|0|0|0
RZ1|CHK|48|1|47|3|0|0|10|0|0|0|1|0
[] Drew card from deck: Shiryu ["OP16-108">OP16-108]
RZ1|49|1|OP16-108|0|46|1|3|1|1|0|0|0
RZ1|CHK|49|1|46|4|0|0|10|0|0|0|1|0
[] Drew card from deck: Doc Q ["OP16-109">OP16-109]
RZ1|50|1|OP16-109|0|45|1|4|1|1|0|0|0
RZ1|CHK|50|1|45|5|0|0|10|0|0|0|1|0
[] Drew card from deck: Edward Newgate ["OP17-040">OP17-040]
RZ1|51|2|OP17-040|0|49|1|0|1|1|0|0|0
RZ1|CHK|51|2|49|1|0|0|10|0|0|0|1|0
[] Drew card from deck: Edward Newgate ["OP17-040">OP17-040]
RZ1|52|2|OP17-040|0|48|1|1|1|1|0|0|0
RZ1|CHK|52|2|48|2|0|0|10|0|0|0|1|0
[] Drew card from deck: Ganzui ["OP17-043">OP17-043]
RZ1|53|2|OP17-043|0|47|1|2|1|1|0|0|0
RZ1|CHK|53|2|47|3|0|0|10|0|0|0|1|0
[] Drew card from deck: Stussy ["OP17-054">OP17-054]
RZ1|54|2|OP17-054|0|46|1|3|1|1|0|0|0
RZ1|CHK|54|2|46|4|0|0|10|0|0|0|1|0
[] Drew card from deck: Streusen ["OP17-050">OP17-050]
RZ1|55|2|OP17-050|0|45|1|4|1|1|0|0|0
RZ1|CHK|55|2|45|5|0|0|10|0|0|0|1|0
RZ1|56|1|OP16-115|0|44|3|0|1|0|0|0|0
RZ1|CHK|56|1|44|5|0|1|10|0|0|0|1|0
RZ1|57|1|OP16-109|0|43|3|1|1|0|0|0|0
RZ1|CHK|57|1|43|5|0|2|10|0|0|0|1|0
RZ1|58|1|OP09-093|0|42|3|2|1|0|0|0|0
RZ1|CHK|58|1|42|5|0|3|10|0|0|0|1|0
RZ1|59|1|OP16-109|0|41|3|3|1|0|0|0|0
RZ1|CHK|59|1|41|5|0|4|10|0|0|0|1|0
RZ1|60|2|OP17-057|0|44|3|0|0|1|0|0|0
RZ1|CHK|60|2|44|5|0|1|10|0|0|0|1|0
RZ1|61|2|OP17-118|0|43|3|1|0|1|0|0|0
RZ1|CHK|61|2|43|5|0|2|10|0|0|0|1|0
RZ1|62|2|OP17-045|0|42|3|2|0|1|0|0|0
RZ1|CHK|62|2|42|5|0|3|10|0|0|0|1|0
RZ1|63|2|OP17-052|0|41|3|3|0|1|0|0|0
RZ1|CHK|63|2|41|5|0|4|10|0|0|0|1|0
RZ1|64|2|OP17-048|0|40|3|4|0|1|0|0|0
RZ1|CHK|64|2|40|5|0|5|10|0|0|0|1|0
[] Hand: [OP16-108,EB04-058,OP16-110,OP16-108,OP16-109]
[] Board: []
[] Trash: []
[] Life: 4
[] Hand: [OP17-040,OP17-040,OP17-043,OP17-054,OP17-050]
[] Trash: []
[] Board: []
[] Life: 5
RZ1|65|1|Don|4|9|5|0|1|1|0|0|0
RZ1|CHK|65|1|41|5|0|4|9|1|0|0|1|0
[You] Draw 1 Don
[] Hand: [OP16-108,EB04-058,OP16-110,OP16-108,OP16-109]
[] Board: []
[] Trash: []
[] Life: 4
[] Hand: [OP17-040,OP17-040,OP17-043,OP17-054,OP17-050]
[] Trash: []
[] Board: []
[] Life: 5
[You] End Turn
[] Hand: [OP17-040,OP17-040,OP17-043,OP17-054,OP17-050]
[] Board: []
[] Trash: []
[] Life: 5
[] Hand: [OP16-108,EB04-058,OP16-110,OP16-108,OP16-109]
[] Trash: []
[] Board: []
[] Life: 4
[Opponent] Draw 1 Card
[] Drew card from deck: Stussy ["OP17-054">OP17-054]
RZ1|66|2|OP17-054|0|39|1|5|1|1|0|0|0
RZ1|CHK|66|2|39|6|0|5|10|0|0|0|1|0
RZ1|67|2|Don|4|9|5|0|1|1|0|0|0
RZ1|CHK|67|2|39|6|0|5|9|1|0|0|1|0
RZ1|68|2|Don|4|8|5|1|1|1|0|0|0
RZ1|CHK|68|2|39|6|0|5|8|2|0|0|1|0
[Opponent] Draw 2 Don
RZ1|69|2|Don|5|0|5|0|1|1|1|0|0
RZ1|CHK|69|2|39|6|0|5|8|2|0|0|1|0
[Opponent] Deploy Streusen ["OP17-050">OP17-050]
RZ1|70|2|OP17-050|1|4|2|0|1|1|0|0|0
RZ1|CHK|70|2|39|5|1|5|8|2|0|0|1|0
[Opponent] Placing Cards on Top of Deck
RZ1|71|2|OP17-045|0|37|0|38|0|0|0|0|0
RZ1|CHK|71|2|39|5|1|5|8|2|0|0|1|0
RZ1|72|2|OP17-049|0|37|0|38|0|0|0|0|0
RZ1|CHK|72|2|39|5|1|5|8|2|0|0|1|0
[] Drew card from deck: Charlotte Linlin ["OP17-049">OP17-049]
RZ1|73|2|OP17-049|0|38|1|5|1|1|0|0|0
RZ1|CHK|73|2|38|6|1|5|8|2|0|0|1|0
[Opponent] Streusen ["OP17-050">OP17-050]: Draw 1 Card
[] Hand: [OP17-040,OP17-040,OP17-043,OP17-054,OP17-054,OP17-049]
[] Board: [OP17-050]
[] Trash: []
[] Life: 5
[] Hand: [OP16-108,EB04-058,OP16-110,OP16-108,OP16-109]
[] Trash: []
[] Board: []
[] Life: 4
[Opponent] End Turn
[] Hand: [OP16-108,EB04-058,OP16-110,OP16-108,OP16-109]
[] Board: []
[] Trash: []
[] Life: 4
[] Hand: [OP17-040,OP17-040,OP17-043,OP17-054,OP17-054,OP17-049]
[] Trash: []
[] Board: [OP17-050]
[] Life: 5
[You] Draw 1 Card
[] Drew card from deck: Catarina Devon ["OP16-104">OP16-104]
RZ1|74|1|OP16-104|0|40|1|5|1|1|0|0|0
RZ1|CHK|74|1|40|6|0|4|9|1|0|0|1|0
RZ1|75|1|Don|4|8|5|1|1|1|0|0|0
RZ1|CHK|75|1|40|6|0|4|8|2|0|0|1|0
RZ1|76|1|Don|4|7|5|2|1|1|0|0|0
RZ1|CHK|76|1|40|6|0|4|7|3|0|0|1|0
[You] Draw 2 Don
[You] Marshall D. Teach ["OP16-080">OP16-080] attacking Rocks D. Xebec ["OP17-039">OP17-039]
Marshall D. Teach ["OP16-080">OP16-080][5000] vs Rocks D. Xebec ["OP17-039">OP17-039][5000]
Rocks D. Xebec ["OP17-039">OP17-039] hit for 1 damage
RZ1|77|2|OP17-048|3|4|1|6|1|1|0|0|0
RZ1|CHK|77|2|38|7|1|4|8|2|0|0|1|0
RZ1|78|1|Don|5|0|5|0|1|1|1|0|0
RZ1|CHK|78|1|40|6|0|4|7|3|0|0|1|0
[You] Deploy Doc Q ["OP16-109">OP16-109]
RZ1|79|1|OP16-109|1|4|2|0|1|1|0|0|0
RZ1|CHK|79|1|40|5|1|4|7|3|0|0|1|0
RZ1|80|1|Don|5|1|5|1|1|1|1|0|0
RZ1|CHK|80|1|40|5|1|4|7|3|0|0|1|0
[You] Deploy Vasco Shot ["OP16-110">OP16-110]
RZ1|81|1|OP16-110|1|2|2|1|1|1|0|0|0
RZ1|CHK|81|1|40|4|2|4|7|3|0|0|1|0
[] Hand: [OP16-108,EB04-058,OP16-108,OP16-104]
[] Board: [OP16-109,OP16-110]
[] Trash: []
[] Life: 4
[] Hand: [OP17-040,OP17-040,OP17-043,OP17-054,OP17-054,OP17-049,OP17-048]
[] Trash: []
[] Board: [OP17-050]
[] Life: 4
[You] End Turn
[] Hand: [OP17-040,OP17-040,OP17-043,OP17-054,OP17-054,OP17-049,OP17-048]
[] Board: [OP17-050]
[] Trash: []
[] Life: 4
[] Hand: [OP16-108,EB04-058,OP16-108,OP16-104]
[] Trash: []
[] Board: [OP16-109,OP16-110]
[] Life: 4
[Opponent] Draw 1 Card
[] Drew card from deck: Kyo ["OP17-045">OP17-045]
RZ1|82|2|OP17-045|0|37|1|7|1|1|0|0|0
RZ1|CHK|82|2|37|8|1|4|8|2|0|0|1|0
RZ1|83|2|Don|4|7|5|2|1|1|0|0|0
RZ1|CHK|83|2|37|8|1|4|7|3|0|0|1|0
RZ1|84|2|Don|4|6|5|3|1|1|0|0|0
RZ1|CHK|84|2|37|8|1|4|6|4|0|0|1|0
[Opponent] Draw 2 Don
RZ1|85|2|Don|5|0|5|0|1|1|1|0|0
RZ1|CHK|85|2|37|8|1|4|6|4|0|0|1|0
RZ1|86|2|Don|5|1|5|1|1|1|1|0|0
RZ1|CHK|86|2|37|8|1|4|6|4|0|0|1|0
RZ1|87|2|Don|5|2|5|2|1|1|1|0|0
RZ1|CHK|87|2|37|8|1|4|6|4|0|0|1|0
[Opponent] Deploy Stussy ["OP17-054">OP17-054]
RZ1|88|2|OP17-054|1|4|2|1|1|1|0|0|0
RZ1|CHK|88|2|37|7|2|4|6|4|0|0|1|0
[Opponent] Stussy ["OP17-054">OP17-054]: Vasco Shot ["OP16-110">OP16-110] can't attack next turn
[Opponent] Attach 1 Don to Rocks D. Xebec ["OP17-039">OP17-039] (1 Total)
RZ1|89|2|Don|5|3|9|9900|1|1|0|0|0
RZ1|CHK|89|2|37|7|2|4|6|3|0|0|1|1
[Opponent] Rocks D. Xebec ["OP17-039">OP17-039] attacking Marshall D. Teach ["OP16-080">OP16-080]
RZ1|90|2|OP17-045|1|6|6|0|1|1|0|0|0
RZ1|CHK|90|2|37|6|2|4|6|3|1|0|1|1
[Opponent] Rocks D. Xebec ["OP17-039">OP17-039]: Trash Kyo ["OP17-045">OP17-045]
RZ1|91|2|OP17-048|0|36|0|36|0|0|0|0|0
RZ1|CHK|91|2|37|6|2|4|6|3|1|0|1|1
[Opponent] Rocks D. Xebec ["OP17-039">OP17-039] revealed: Shiki ["OP17-048">OP17-048]
[] Drew card from deck: Shiki ["OP17-048">OP17-048]
RZ1|92|2|OP17-048|0|36|1|6|1|1|0|0|0
RZ1|CHK|92|2|36|7|2|4|6|3|1|0|1|1
[] Drew card from deck: Rocks D. Xebec ["OP17-118">OP17-118]
RZ1|93|2|OP17-118|0|35|1|7|1|1|0|0|0
RZ1|CHK|93|2|35|8|2|4|6|3|1|0|1|1
[Opponent] Rocks D. Xebec ["OP17-039">OP17-039]: Draw 2 Card
[You] Discard Catarina Devon ["OP16-104">OP16-104] for Counter 2000
RZ1|94|1|OP16-104|1|3|6|0|1|1|0|0|0
RZ1|CHK|94|1|40|3|2|4|7|3|1|0|1|0
Rocks D. Xebec ["OP17-039">OP17-039][6000] vs Marshall D. Teach ["OP16-080">OP16-080][7000]
Attack Fails
[] Hand: [OP17-040,OP17-040,OP17-043,OP17-054,OP17-049,OP17-048,OP17-048,OP17-118]
[] Board: [OP17-050,OP17-054]
[] Trash: [OP17-045]
[] Life: 4
[] Hand: [OP16-108,EB04-058,OP16-108]
[] Trash: [OP16-104]
[] Board: [OP16-109,OP16-110]
[] Life: 4
[Opponent] End Turn
[] Hand: [OP16-108,EB04-058,OP16-108]
[] Board: [OP16-109,OP16-110]
[] Trash: [OP16-104]
[] Life: 4
[] Hand: [OP17-040,OP17-040,OP17-043,OP17-054,OP17-049,OP17-048,OP17-048,OP17-118]
[] Trash: [OP17-045]
[] Board: [OP17-050,OP17-054]
[] Life: 4
[You] Draw 1 Card
[] Drew card from deck: Marshall D. Teach ["OP09-093">OP09-093]
RZ1|95|1|OP09-093|0|39|1|3|1|1|0|0|0
RZ1|CHK|95|1|39|4|2|4|7|3|1|0|1|0
RZ1|96|1|Don|4|6|5|3|1|1|0|0|0
RZ1|CHK|96|1|39|4|2|4|6|4|1|0|1|0
RZ1|97|1|Don|4|5|5|4|1|1|0|0|0
RZ1|CHK|97|1|39|4|2|4|5|5|1|0|1|0
[You] Draw 2 Don
[You] Marshall D. Teach ["OP16-080">OP16-080] attacking Rocks D. Xebec ["OP17-039">OP17-039]
[Opponent] Discard Rocks D. Xebec ["OP17-118">OP17-118] for Counter 2000
RZ1|98|2|OP17-118|1|7|6|1|1|1|0|0|0
RZ1|CHK|98|2|35|7|2|4|6|3|2|0|1|1
Marshall D. Teach ["OP16-080">OP16-080][5000] vs Rocks D. Xebec ["OP17-039">OP17-039][7000]
Attack Fails
RZ1|99|1|Don|5|0|9|0|1|1|0|0|0
RZ1|CHK|99|1|39|4|2|4|5|4|1|0|1|1
RZ1|100|1|Don|5|0|9|1|1|1|0|0|0
RZ1|CHK|100|1|39|4|2|4|5|3|1|0|1|2
RZ1|101|1|Don|5|0|9|2|1|1|0|0|0
RZ1|CHK|101|1|39|4|2|4|5|2|1|0|1|3
RZ1|102|1|Don|5|0|9|3|1|1|0|0|0
RZ1|CHK|102|1|39|4|2|4|5|1|1|0|1|4
RZ1|103|1|Don|5|0|9|4|1|1|0|0|0
RZ1|CHK|103|1|39|4|2|4|5|0|1|0|1|5
[You] Attach 5 Don to Doc Q ["OP16-109">OP16-109] (5 Total)
[You] Doc Q ["OP16-109">OP16-109] attacking Rocks D. Xebec ["OP17-039">OP17-039]
Doc Q ["OP16-109">OP16-109][5000] vs Rocks D. Xebec ["OP17-039">OP17-039][5000]
Rocks D. Xebec ["OP17-039">OP17-039] hit for 1 damage
RZ1|104|2|OP17-052|3|3|1|7|1|1|0|0|0
RZ1|CHK|104|2|35|8|2|3|6|3|2|0|1|1
[You] Vasco Shot ["OP16-110">OP16-110] is no longer blocked from attacking
[] Hand: [OP16-108,EB04-058,OP16-108,OP09-093]
[] Board: [OP16-109,OP16-110]
[] Trash: [OP16-104]
[] Life: 4
[] Hand: [OP17-040,OP17-040,OP17-043,OP17-054,OP17-049,OP17-048,OP17-048,OP17-052]
[] Trash: [OP17-045,OP17-118]
[] Board: [OP17-050,OP17-054]
[] Life: 3
[You] End Turn
[] Hand: [OP17-040,OP17-040,OP17-043,OP17-054,OP17-049,OP17-048,OP17-048,OP17-052]
[] Board: [OP17-050,OP17-054]
[] Trash: [OP17-045,OP17-118]
[] Life: 3
[] Hand: [OP16-108,EB04-058,OP16-108,OP09-093]
[] Trash: [OP16-104]
[] Board: [OP16-109,OP16-110]
[] Life: 4
RZ1|105|2|Don|9|9900|5|0|1|1|1|0|0
RZ1|CHK|105|2|35|8|2|3|6|4|2|0|1|0
[Opponent] Draw 1 Card
[] Drew card from deck: There's No Authority in the World ["OP17-055">OP17-055]
RZ1|106|2|OP17-055|0|34|1|8|1|1|0|0|0
RZ1|CHK|106|2|34|9|2|3|6|4|2|0|1|0
RZ1|107|2|Don|4|5|5|4|1|1|0|0|0
RZ1|CHK|107|2|34|9|2|3|5|5|2|0|1|0
RZ1|108|2|Don|4|4|5|5|1|1|0|0|0
RZ1|CHK|108|2|34|9|2|3|4|6|2|0|1|0
[Opponent] Draw 2 Don
RZ1|109|2|Don|5|0|5|0|1|1|1|0|0
RZ1|CHK|109|2|34|9|2|3|4|6|2|0|1|0
RZ1|110|2|Don|5|1|5|1|1|1|1|0|0
RZ1|CHK|110|2|34|9|2|3|4|6|2|0|1|0
RZ1|111|2|Don|5|2|5|2|1|1|1|0|0
RZ1|CHK|111|2|34|9|2|3|4|6|2|0|1|0
RZ1|112|2|Don|5|3|5|3|1|1|1|0|0
RZ1|CHK|112|2|34|9|2|3|4|6|2|0|1|0
RZ1|113|2|Don|5|4|5|4|1|1|1|0|0
RZ1|CHK|113|2|34|9|2|3|4|6|2|0|1|0
RZ1|114|2|Don|5|5|5|5|1|1|1|0|0
RZ1|CHK|114|2|34|9|2|3|4|6|2|0|1|0
[Opponent] Deploy Edward Newgate ["OP17-040">OP17-040]
RZ1|115|2|OP17-040|1|1|2|2|1|1|0|0|0
RZ1|CHK|115|2|34|8|3|3|4|6|2|0|1|0
[] Drew card from deck: Ganzui ["OP17-043">OP17-043]
RZ1|116|2|OP17-043|0|33|1|8|1|1|0|0|0
RZ1|CHK|116|2|33|9|3|3|4|6|2|0|1|0
[Opponent] Edward Newgate ["OP17-040">OP17-040]: Draw 1 Card
[Opponent] Rocks D. Xebec ["OP17-039">OP17-039] attacking Marshall D. Teach ["OP16-080">OP16-080]
RZ1|117|2|OP17-052|1|6|6|2|1|1|0|0|0
RZ1|CHK|117|2|33|8|3|3|4|6|3|0|1|0
[Opponent] Rocks D. Xebec ["OP17-039">OP17-039]: Trash Don Marlon ["OP17-052">OP17-052]
RZ1|118|2|OP17-056|0|32|0|32|0|0|0|0|0
RZ1|CHK|118|2|33|8|3|3|4|6|3|0|1|0
[Opponent] Rocks D. Xebec ["OP17-039">OP17-039] revealed: Rocks Pirates ["OP17-056">OP17-056]
[] Drew card from deck: Rocks Pirates ["OP17-056">OP17-056]
RZ1|119|2|OP17-056|0|32|1|8|1|1|0|0|0
RZ1|CHK|119|2|32|9|3|3|4|6|3|0|1|0
[] Drew card from deck: Charlotte Linlin ["OP17-049">OP17-049]
RZ1|120|2|OP17-049|0|31|1|9|1|1|0|0|0
RZ1|CHK|120|2|31|10|3|3|4|6|3|0|1|0
[Opponent] Rocks D. Xebec ["OP17-039">OP17-039]: Draw 2 Card
[You] Discard Borsalino ["EB04-058">EB04-058] for Counter 1000
RZ1|121|1|EB04-058|1|1|6|1|1|1|0|0|0
RZ1|CHK|121|1|39|3|2|4|5|0|2|0|1|5
Rocks D. Xebec ["OP17-039">OP17-039][5000] vs Marshall D. Teach ["OP16-080">OP16-080][6000]
Attack Fails
[Opponent] Stussy ["OP17-054">OP17-054] attacking Marshall D. Teach ["OP16-080">OP16-080]
Stussy ["OP17-054">OP17-054][5000] vs Marshall D. Teach ["OP16-080">OP16-080][5000]
Marshall D. Teach ["OP16-080">OP16-080] hit for 1 damage
RZ1|122|1|OP16-109|3|3|1|3|1|1|0|0|0
RZ1|CHK|122|1|39|4|2|3|5|0|2|0|1|5
[You] Doc Q ["OP16-109">OP16-109]: Activate Trigger
RZ1|123|1|OP16-109|1|3|6|2|1|1|0|0|0
RZ1|CHK|123|1|39|3|2|3|5|0|3|0|1|5
[] Drew card from deck: Shiryu ["OP16-108">OP16-108]
RZ1|124|1|OP16-108|0|38|1|3|1|1|0|0|0
RZ1|CHK|124|1|38|4|2|3|5|0|3|0|1|5
[You] Doc Q ["OP16-109">OP16-109]: Draw 1 Card
[] Hand: [OP17-040,OP17-043,OP17-054,OP17-049,OP17-048,OP17-048,OP17-055,OP17-043,OP17-056,OP17-049]
[] Board: [OP17-050,OP17-054,OP17-040]
[] Trash: [OP17-045,OP17-118,OP17-052]
[] Life: 3
[] Hand: [OP16-108,OP16-108,OP09-093,OP16-108]
[] Trash: [OP16-104,EB04-058,OP16-109]
[] Board: [OP16-109,OP16-110]
[] Life: 3
[Opponent] End Turn
[] Hand: [OP16-108,OP16-108,OP09-093,OP16-108]
[] Board: [OP16-109,OP16-110]
[] Trash: [OP16-104,EB04-058,OP16-109]
[] Life: 3
[] Hand: [OP17-040,OP17-043,OP17-054,OP17-049,OP17-048,OP17-048,OP17-055,OP17-043,OP17-056,OP17-049]
[] Trash: [OP17-045,OP17-118,OP17-052]
[] Board: [OP17-050,OP17-054,OP17-040]
[] Life: 3
RZ1|125|1|Don|9|0|5|0|1|1|1|0|0
RZ1|CHK|125|1|38|4|2|3|5|1|3|0|1|4
RZ1|126|1|Don|9|0|5|0|1|1|1|0|0
RZ1|CHK|126|1|38|4|2|3|5|2|3|0|1|3
RZ1|127|1|Don|9|0|5|0|1|1|1|0|0
RZ1|CHK|127|1|38|4|2|3|5|3|3|0|1|2
RZ1|128|1|Don|9|0|5|0|1|1|1|0|0
RZ1|CHK|128|1|38|4|2|3|5|4|3|0|1|1
RZ1|129|1|Don|9|0|5|0|1|1|1|0|0
RZ1|CHK|129|1|38|4|2|3|5|5|3|0|1|0
[You] Draw 1 Card
[] Drew card from deck: Laffitte ["OP09-095">OP09-095]
RZ1|130|1|OP09-095|0|37|1|4|1|1|0|0|0
RZ1|CHK|130|1|37|5|2|3|5|5|3|0|1|0
RZ1|131|1|Don|4|4|5|5|1|1|0|0|0
RZ1|CHK|131|1|37|5|2|3|4|6|3|0|1|0
RZ1|132|1|Don|4|3|5|6|1|1|0|0|0
RZ1|CHK|132|1|37|5|2|3|3|7|3|0|1|0
[You] Draw 2 Don
RZ1|133|1|Don|5|0|9|100|1|1|0|0|0
RZ1|CHK|133|1|37|5|2|3|3|6|3|0|1|1
RZ1|134|1|Don|5|0|9|101|1|1|0|0|0
RZ1|CHK|134|1|37|5|2|3|3|5|3|0|1|2
RZ1|135|1|Don|5|0|9|102|1|1|0|0|0
RZ1|CHK|135|1|37|5|2|3|3|4|3|0|1|3
[You] Attach 3 Don to Vasco Shot ["OP16-110">OP16-110] (3 Total)
[You] Marshall D. Teach ["OP16-080">OP16-080] attacking Rocks D. Xebec ["OP17-039">OP17-039]
RZ1|136|2|OP17-043|1|1|6|3|1|1|0|0|0
RZ1|CHK|136|2|31|9|3|3|4|6|4|0|1|0
[Opponent] Edward Newgate ["OP17-040">OP17-040]: Trash Ganzui ["OP17-043">OP17-043]
[Opponent] Edward Newgate ["OP17-040">OP17-040]: Buff Rocks D. Xebec ["OP17-039">OP17-039] 3000 for the Combat
Marshall D. Teach ["OP16-080">OP16-080][5000] vs Rocks D. Xebec ["OP17-039">OP17-039][8000]
Attack Fails
[You] Vasco Shot ["OP16-110">OP16-110] attacking Rocks D. Xebec ["OP17-039">OP17-039]
[Opponent] Rocks Pirates ["OP17-056">OP17-056]: Activate Counter
RZ1|137|2|OP17-056|1|7|6|4|1|1|0|0|0
RZ1|CHK|137|2|31|8|3|3|4|6|5|0|1|0
[Opponent] Rocks Pirates ["OP17-056">OP17-056]: Buff Rocks D. Xebec ["OP17-039">OP17-039] 2000 for the Combat
Vasco Shot ["OP16-110">OP16-110][5000] vs Rocks D. Xebec ["OP17-039">OP17-039][7000]
Attack Fails
RZ1|138|1|Don|5|0|5|0|1|1|1|0|0
RZ1|CHK|138|1|37|5|2|3|3|4|3|0|1|3
[You] Deploy Laffitte ["OP09-095">OP09-095]
RZ1|139|1|OP09-095|1|4|2|2|1|1|0|0|0
RZ1|CHK|139|1|37|4|3|3|3|4|3|0|1|3
[You] Laffitte ["OP09-095">OP09-095]: Rest 1 Don
RZ1|140|1|Don|5|1|5|1|1|1|1|0|0
RZ1|CHK|140|1|37|4|3|3|3|4|3|0|1|3
[You] Laffitte ["OP09-095">OP09-095]: Rest Laffitte ["OP09-095">OP09-095]
RZ1|141|1|OP16-108|0|32|1|4|1|1|0|0|0
RZ1|CHK|141|1|36|5|3|3|3|4|3|0|1|3
[You] Laffitte ["OP09-095">OP09-095]: <b>Reveal and Draw Shiryu ["OP16-108">OP16-108]</b>
[You] Placing Cards on Bottom of Deck
RZ1|142|1|OP09-099|0|35|0|0|0|0|0|0|0
RZ1|CHK|142|1|36|5|3|3|3|4|3|0|1|3
RZ1|143|1|OP09-093|0|35|0|0|0|0|0|0|0
RZ1|CHK|143|1|36|5|3|3|3|4|3|0|1|3
RZ1|144|1|EB04-058|0|35|0|0|0|0|0|0|0
RZ1|CHK|144|1|36|5|3|3|3|4|3|0|1|3
RZ1|145|1|OP09-095|0|35|0|0|0|0|0|0|0
RZ1|CHK|145|1|36|5|3|3|3|4|3|0|1|3
[] Hand: [OP16-108,OP16-108,OP09-093,OP16-108,OP16-108]
[] Board: [OP16-109,OP16-110,OP09-095]
[] Trash: [OP16-104,EB04-058,OP16-109]
[] Life: 3
[] Hand: [OP17-040,OP17-054,OP17-049,OP17-048,OP17-048,OP17-055,OP17-043,OP17-049]
[] Trash: [OP17-045,OP17-118,OP17-052,OP17-043,OP17-056]
[] Board: [OP17-050,OP17-054,OP17-040]
[] Life: 3
[You] End Turn
[] Hand: [OP17-040,OP17-054,OP17-049,OP17-048,OP17-048,OP17-055,OP17-043,OP17-049]
[] Board: [OP17-050,OP17-054,OP17-040]
[] Trash: [OP17-045,OP17-118,OP17-052,OP17-043,OP17-056]
[] Life: 3
[] Hand: [OP16-108,OP16-108,OP09-093,OP16-108,OP16-108]
[] Trash: [OP16-104,EB04-058,OP16-109]
[] Board: [OP16-109,OP16-110,OP09-095]
[] Life: 3
[Opponent] Draw 1 Card
[] Drew card from deck: There's No Authority in the World ["OP17-055">OP17-055]
RZ1|146|2|OP17-055|0|30|1|8|1|1|0|0|0
RZ1|CHK|146|2|30|9|3|3|4|6|5|0|1|0
RZ1|147|2|Don|4|3|5|6|1|1|0|0|0
RZ1|CHK|147|2|30|9|3|3|3|7|5|0|1|0
RZ1|148|2|Don|4|2|5|7|1|1|0|0|0
RZ1|CHK|148|2|30|9|3|3|2|8|5|0|1|0
[Opponent] Draw 2 Don
[Opponent] Streusen ["OP17-050">OP17-050] attacking Laffitte ["OP09-095">OP09-095]
Streusen ["OP17-050">OP17-050][2000] vs Laffitte ["OP09-095">OP09-095][1000]
[You] Laffitte ["OP09-095">OP09-095] Destroyed
RZ1|149|1|OP09-095|2|2|6|3|1|1|0|0|0
RZ1|CHK|149|1|36|5|2|3|3|4|4|0|1|3
RZ1|150|2|Don|5|0|5|0|1|1|1|0|0
RZ1|CHK|150|2|30|9|3|3|2|8|5|0|1|0
RZ1|151|2|Don|5|1|5|1|1|1|1|0|0
RZ1|CHK|151|2|30|9|3|3|2|8|5|0|1|0
RZ1|152|2|Don|5|2|5|2|1|1|1|0|0
RZ1|CHK|152|2|30|9|3|3|2|8|5|0|1|0
RZ1|153|2|Don|5|3|5|3|1|1|1|0|0
RZ1|CHK|153|2|30|9|3|3|2|8|5|0|1|0
RZ1|154|2|Don|5|4|5|4|1|1|1|0|0
RZ1|CHK|154|2|30|9|3|3|2|8|5|0|1|0
[Opponent] Deploy Charlotte Linlin ["OP17-049">OP17-049]
RZ1|155|2|OP17-049|1|2|2|3|1|1|0|0|0
RZ1|CHK|155|2|30|8|4|3|2|8|5|0|1|0
[Opponent] Forcing opponent to resolve Card Action!
[You] Forcing opponent to resolve Card Action!
[] Drew card from deck: There's No Authority in the World ["OP17-055">OP17-055]
RZ1|156|2|OP17-055|0|29|1|8|1|1|0|0|0
RZ1|CHK|156|2|29|9|4|3|2|8|5|0|1|0
[] Drew card from deck: Stussy ["OP17-054">OP17-054]
RZ1|157|2|OP17-054|0|28|1|9|1|1|0|0|0
RZ1|CHK|157|2|28|10|4|3|2|8|5|0|1|0
[Opponent] Charlotte Linlin ["OP17-049">OP17-049]: Draw 2 Card
[Opponent] Attach 1 Don to Rocks D. Xebec ["OP17-039">OP17-039] (1 Total)
RZ1|158|2|Don|5|7|9|9900|1|1|0|0|0
RZ1|CHK|158|2|28|10|4|3|2|7|5|0|1|1
[Opponent] Attach 1 Don to Rocks D. Xebec ["OP17-039">OP17-039] (2 Total)
RZ1|159|2|Don|5|6|9|9901|1|1|0|0|0
RZ1|CHK|159|2|28|10|4|3|2|6|5|0|1|2
[Opponent] Attach 1 Don to Rocks D. Xebec ["OP17-039">OP17-039] (3 Total)
RZ1|160|2|Don|5|5|9|9902|1|1|0|0|0
RZ1|CHK|160|2|28|10|4|3|2|5|5|0|1|3
[Opponent] Rocks D. Xebec ["OP17-039">OP17-039] attacking Marshall D. Teach ["OP16-080">OP16-080]
RZ1|161|2|OP17-040|1|0|6|5|1|1|0|0|0
RZ1|CHK|161|2|28|9|4|3|2|5|6|0|1|3
[Opponent] Rocks D. Xebec ["OP17-039">OP17-039]: Trash Edward Newgate ["OP17-040">OP17-040]
RZ1|162|2|OP17-054|0|27|0|27|0|0|0|0|0
RZ1|CHK|162|2|28|9|4|3|2|5|6|0|1|3
[Opponent] Rocks D. Xebec ["OP17-039">OP17-039] revealed: Stussy ["OP17-054">OP17-054]
[] Drew card from deck: Stussy ["OP17-054">OP17-054]
RZ1|163|2|OP17-054|0|27|1|9|1|1|0|0|0
RZ1|CHK|163|2|27|10|4|3|2|5|6|0|1|3
[] Drew card from deck: Gloriosa ["OP17-046">OP17-046]
RZ1|164|2|OP17-046|0|26|1|10|1|1|0|0|0
RZ1|CHK|164|2|26|11|4|3|2|5|6|0|1|3
[Opponent] Rocks D. Xebec ["OP17-039">OP17-039]: Draw 2 Card
Rocks D. Xebec ["OP17-039">OP17-039][8000] vs Marshall D. Teach ["OP16-080">OP16-080][5000]
Marshall D. Teach ["OP16-080">OP16-080] hit for 1 damage
RZ1|165|1|OP09-093|3|2|1|5|1|1|0|0|0
RZ1|CHK|165|1|36|6|2|2|3|4|4|0|1|3
[Opponent] Stussy ["OP17-054">OP17-054] attacking Marshall D. Teach ["OP16-080">OP16-080]
Stussy ["OP17-054">OP17-054][5000] vs Marshall D. Teach ["OP16-080">OP16-080][5000]
Marshall D. Teach ["OP16-080">OP16-080] hit for 1 damage
RZ1|166|1|OP16-109|3|1|1|6|1|1|0|0|0
RZ1|CHK|166|1|36|7|2|1|3|4|4|0|1|3
[You] Doc Q ["OP16-109">OP16-109]: Activate Trigger
RZ1|167|1|OP16-109|1|6|6|4|1|1|0|0|0
RZ1|CHK|167|1|36|6|2|1|3|4|5|0|1|3
[] Drew card from deck: Borsalino ["EB04-058">EB04-058]
RZ1|168|1|EB04-058|0|35|1|6|1|1|0|0|0
RZ1|CHK|168|1|35|7|2|1|3|4|5|0|1|3
[You] Doc Q ["OP16-109">OP16-109]: Draw 1 Card
[Opponent] Edward Newgate ["OP17-040">OP17-040] attacking Marshall D. Teach ["OP16-080">OP16-080]
Edward Newgate ["OP17-040">OP17-040][8000] vs Marshall D. Teach ["OP16-080">OP16-080][5000]
Marshall D. Teach ["OP16-080">OP16-080] hit for 1 damage
RZ1|169|1|OP16-115|3|0|1|7|1|1|0|0|0
RZ1|CHK|169|1|35|8|2|0|3|4|5|0|1|3
[] Hand: [OP17-054,OP17-048,OP17-048,OP17-055,OP17-043,OP17-049,OP17-055,OP17-055,OP17-054,OP17-054,OP17-046]
[] Board: [OP17-050,OP17-054,OP17-040,OP17-049]
[] Trash: [OP17-045,OP17-118,OP17-052,OP17-043,OP17-056,OP17-040]
[] Life: 3
[] Hand: [OP16-108,OP16-108,OP09-093,OP16-108,OP16-108,OP09-093,EB04-058,OP16-115]
[] Trash: [OP16-104,EB04-058,OP16-109,OP09-095,OP16-109]
[] Board: [OP16-109,OP16-110]
[] Life: 0
[Opponent] End Turn
[] Hand: [OP16-108,OP16-108,OP09-093,OP16-108,OP16-108,OP09-093,EB04-058,OP16-115]
[] Board: [OP16-109,OP16-110]
[] Trash: [OP16-104,EB04-058,OP16-109,OP09-095,OP16-109]
[] Life: 0
[] Hand: [OP17-054,OP17-048,OP17-048,OP17-055,OP17-043,OP17-049,OP17-055,OP17-055,OP17-054,OP17-054,OP17-046]
[] Trash: [OP17-045,OP17-118,OP17-052,OP17-043,OP17-056,OP17-040]
[] Board: [OP17-050,OP17-054,OP17-040,OP17-049]
[] Life: 3
RZ1|170|1|Don|9|100|5|0|1|1|1|0|0
RZ1|CHK|170|1|35|8|2|0|3|5|5|0|1|2
RZ1|171|1|Don|9|100|5|0|1|1|1|0|0
RZ1|CHK|171|1|35|8|2|0|3|6|5|0|1|1
RZ1|172|1|Don|9|100|5|0|1|1|1|0|0
RZ1|CHK|172|1|35|8|2|0|3|7|5|0|1|0
[You] Draw 1 Card
[] Drew card from deck: Jesus Burgess ["OP09-086">OP09-086]
RZ1|173|1|OP09-086|0|34|1|8|1|1|0|0|0
RZ1|CHK|173|1|34|9|2|0|3|7|5|0|1|0
RZ1|174|1|Don|4|2|5|7|1|1|0|0|0
RZ1|CHK|174|1|34|9|2|0|2|8|5|0|1|0
RZ1|175|1|Don|4|1|5|8|1|1|0|0|0
RZ1|CHK|175|1|34|9|2|0|1|9|5|0|1|0
[You] Draw 2 Don
RZ1|176|1|Don|5|0|5|0|1|1|1|0|0
RZ1|CHK|176|1|34|9|2|0|1|9|5|0|1|0
RZ1|177|1|Don|5|1|5|1|1|1|1|0|0
RZ1|CHK|177|1|34|9|2|0|1|9|5|0|1|0
RZ1|178|1|Don|5|2|5|2|1|1|1|0|0
RZ1|CHK|178|1|34|9|2|0|1|9|5|0|1|0
RZ1|179|1|Don|5|3|5|3|1|1|1|0|0
RZ1|CHK|179|1|34|9|2|0|1|9|5|0|1|0
RZ1|180|1|Don|5|4|5|4|1|1|1|0|0
RZ1|CHK|180|1|34|9|2|0|1|9|5|0|1|0
[You] Deploy Borsalino ["EB04-058">EB04-058]
RZ1|181|1|EB04-058|1|6|2|2|1|1|0|0|0
RZ1|CHK|181|1|34|8|3|0|1|9|5|0|1|0
[You] Borsalino ["EB04-058">EB04-058]: Add card to top of Life from Deck
RZ1|182|1|OP16-116|0|33|3|0|1|0|0|0|0
RZ1|CHK|182|1|33|8|3|1|1|9|5|0|1|0
RZ1|183|1|Don|5|5|9|100|1|1|0|0|0
RZ1|CHK|183|1|33|8|3|1|1|8|5|0|1|1
RZ1|184|1|Don|5|5|9|101|1|1|0|0|0
RZ1|CHK|184|1|33|8|3|1|1|7|5|0|1|2
RZ1|185|1|Don|5|5|9|102|1|1|0|0|0
RZ1|CHK|185|1|33|8|3|1|1|6|5|0|1|3
[You] Attach 3 Don to Vasco Shot ["OP16-110">OP16-110] (3 Total)
[You] Marshall D. Teach ["OP16-080">OP16-080] attacking Rocks D. Xebec ["OP17-039">OP17-039]
Marshall D. Teach ["OP16-080">OP16-080][5000] vs Rocks D. Xebec ["OP17-039">OP17-039][5000]
Rocks D. Xebec ["OP17-039">OP17-039] hit for 1 damage
RZ1|186|2|OP17-045|3|2|1|11|1|1|0|0|0
RZ1|CHK|186|2|26|12|4|2|2|5|6|0|1|3
[You] Vasco Shot ["OP16-110">OP16-110] attacking Rocks D. Xebec ["OP17-039">OP17-039]
RZ1|187|2|OP17-045|1|11|6|6|1|1|0|0|0
RZ1|CHK|187|2|26|11|4|2|2|5|7|0|1|3
[Opponent] Charlotte Linlin ["OP17-049">OP17-049]: Trash Kyo ["OP17-045">OP17-045]
[Opponent] Charlotte Linlin ["OP17-049">OP17-049]: Buff Rocks D. Xebec ["OP17-039">OP17-039] 1000 for the Combat
Vasco Shot ["OP16-110">OP16-110][5000] vs Rocks D. Xebec ["OP17-039">OP17-039][6000]
Attack Fails
[You] Black Vortex ["OP16-115">OP16-115]: Rest 1 Don
RZ1|188|1|Don|5|5|5|5|1|1|1|0|0
RZ1|CHK|188|1|33|8|3|1|1|6|5|0|1|3
RZ1|189|1|OP16-115|1|6|6|5|1|1|0|0|0
RZ1|CHK|189|1|33|7|3|1|1|6|6|0|1|3
[You] <b>Draw Doc Q ["OP16-109">OP16-109] from Trash</b>
RZ1|190|1|OP16-109|6|2|1|7|1|1|0|0|0
RZ1|CHK|190|1|33|8|3|1|1|6|5|0|1|3
[] Hand: [OP16-108,OP16-108,OP09-093,OP16-108,OP16-108,OP09-093,OP09-086,OP16-109]
[] Board: [OP16-109,OP16-110,EB04-058]
[] Trash: [OP16-104,EB04-058,OP09-095,OP16-109,OP16-115]
[] Life: 1
[] Hand: [OP17-054,OP17-048,OP17-048,OP17-055,OP17-043,OP17-049,OP17-055,OP17-055,OP17-054,OP17-054,OP17-046]
[] Trash: [OP17-045,OP17-118,OP17-052,OP17-043,OP17-056,OP17-040,OP17-045]
[] Board: [OP17-050,OP17-054,OP17-040,OP17-049]
[] Life: 2
[You] End Turn
[] Hand: [OP17-054,OP17-048,OP17-048,OP17-055,OP17-043,OP17-049,OP17-055,OP17-055,OP17-054,OP17-054,OP17-046]
[] Board: [OP17-050,OP17-054,OP17-040,OP17-049]
[] Trash: [OP17-045,OP17-118,OP17-052,OP17-043,OP17-056,OP17-040,OP17-045]
[] Life: 2
[] Hand: [OP16-108,OP16-108,OP09-093,OP16-108,OP16-108,OP09-093,OP09-086,OP16-109]
[] Trash: [OP16-104,EB04-058,OP09-095,OP16-109,OP16-115]
[] Board: [OP16-109,OP16-110,EB04-058]
[] Life: 1
RZ1|191|2|Don|9|9900|5|0|1|1|1|0|0
RZ1|CHK|191|2|26|11|4|2|2|6|7|0|1|2
RZ1|192|2|Don|9|9900|5|0|1|1|1|0|0
RZ1|CHK|192|2|26|11|4|2|2|7|7|0|1|1
RZ1|193|2|Don|9|9900|5|0|1|1|1|0|0
RZ1|CHK|193|2|26|11|4|2|2|8|7|0|1|0
[Opponent] Draw 1 Card
[] Drew card from deck: Gloriosa ["OP17-046">OP17-046]
RZ1|194|2|OP17-046|0|25|1|11|1|1|0|0|0
RZ1|CHK|194|2|25|12|4|2|2|8|7|0|1|0
RZ1|195|2|Don|4|1|5|8|1|1|0|0|0
RZ1|CHK|195|2|25|12|4|2|1|9|7|0|1|0
RZ1|196|2|Don|4|0|5|9|1|1|0|0|0
RZ1|CHK|196|2|25|12|4|2|0|10|7|0|1|0
[Opponent] Draw 2 Don
[Opponent] Attach 1 Don to Charlotte Linlin ["OP17-049">OP17-049] (1 Total)
RZ1|197|2|Don|5|9|9|300|1|1|0|0|0
RZ1|CHK|197|2|25|12|4|2|0|9|7|0|1|1
[Opponent] Charlotte Linlin ["OP17-049">OP17-049] attacking Marshall D. Teach ["OP16-080">OP16-080]
[You] Borsalino ["EB04-058">EB04-058] Blocks
Charlotte Linlin ["OP17-049">OP17-049][8000] vs Borsalino ["EB04-058">EB04-058][6000]
[You] Borsalino ["EB04-058">EB04-058] Destroyed
RZ1|198|1|EB04-058|2|2|6|5|1|1|0|0|0
RZ1|CHK|198|1|33|8|2|1|1|6|6|0|1|3
[Opponent] Attach 1 Don to Stussy ["OP17-054">OP17-054] (1 Total)
RZ1|199|2|Don|5|8|9|100|1|1|0|0|0
RZ1|CHK|199|2|25|12|4|2|0|8|7|0|1|2
[Opponent] Attach 1 Don to Stussy ["OP17-054">OP17-054] (2 Total)
RZ1|200|2|Don|5|7|9|101|1|1|0|0|0
RZ1|CHK|200|2|25|12|4|2|0|7|7|0|1|3
[Opponent] Attach 1 Don to Stussy ["OP17-054">OP17-054] (3 Total)
RZ1|201|2|Don|5|6|9|102|1|1|0|0|0
RZ1|CHK|201|2|25|12|4|2|0|6|7|0|1|4
[Opponent] Stussy ["OP17-054">OP17-054] attacking Marshall D. Teach ["OP16-080">OP16-080]
Stussy ["OP17-054">OP17-054][8000] vs Marshall D. Teach ["OP16-080">OP16-080][5000]
Marshall D. Teach ["OP16-080">OP16-080] hit for 1 damage
RZ1|202|1|OP16-116|3|0|1|8|1|1|0|0|0
RZ1|CHK|202|1|33|9|2|0|1|6|6|0|1|3
[Opponent] Attach 6 Don to Edward Newgate ["OP17-040">OP17-040] (6 Total)
RZ1|203|2|Don|5|0|9|200|1|1|0|0|0
RZ1|CHK|203|2|25|12|4|2|0|5|7|0|1|5
RZ1|204|2|Don|5|0|9|201|1|1|0|0|0
RZ1|CHK|204|2|25|12|4|2|0|4|7|0|1|6
RZ1|205|2|Don|5|0|9|202|1|1|0|0|0
RZ1|CHK|205|2|25|12|4|2|0|3|7|0|1|7
RZ1|206|2|Don|5|0|9|203|1|1|0|0|0
RZ1|CHK|206|2|25|12|4|2|0|2|7|0|1|8
RZ1|207|2|Don|5|0|9|204|1|1|0|0|0
RZ1|CHK|207|2|25|12|4|2|0|1|7|0|1|9
RZ1|208|2|Don|5|0|9|205|1|1|0|0|0
RZ1|CHK|208|2|25|12|4|2|0|0|7|0|1|10
[Opponent] Edward Newgate ["OP17-040">OP17-040] attacking Marshall D. Teach ["OP16-080">OP16-080]
RZ1|209|1|OP16-116|1|8|6|6|1|1|0|0|0
RZ1|CHK|209|1|33|8|2|0|1|6|7|0|1|3
[You] Marshall D. Teach ["OP16-080">OP16-080]: Trash ZEHAHAHAHA ["OP16-116">OP16-116]
[You] Marshall D. Teach ["OP16-080">OP16-080]: Target of Attack changed to Doc Q ["OP16-109">OP16-109]
Edward Newgate ["OP17-040">OP17-040][14000] vs Doc Q ["OP16-109">OP16-109][0]
[You] Doc Q ["OP16-109">OP16-109] Destroyed
RZ1|210|1|OP16-109|2|0|6|7|1|1|0|0|0
RZ1|CHK|210|1|33|8|1|0|1|6|8|0|1|3
[] Drew card from deck: This is MY AGE!!!! ["OP09-096">OP09-096]
RZ1|211|1|OP09-096|0|32|1|8|1|1|0|0|0
RZ1|CHK|211|1|32|9|1|0|1|6|8|0|1|3
[You] Doc Q ["OP16-109">OP16-109]: Draw 1 Card
[Opponent] Rocks D. Xebec ["OP17-039">OP17-039] attacking Marshall D. Teach ["OP16-080">OP16-080]
RZ1|212|2|OP17-046|1|11|6|7|1|1|0|0|0
RZ1|CHK|212|2|25|11|4|2|0|0|8|0|1|10
[Opponent] Rocks D. Xebec ["OP17-039">OP17-039]: Trash Gloriosa ["OP17-046">OP17-046]
RZ1|213|2|OP17-040|0|24|0|24|0|0|0|0|0
RZ1|CHK|213|2|25|11|4|2|0|0|8|0|1|10
[Opponent] Rocks D. Xebec ["OP17-039">OP17-039] revealed: Edward Newgate ["OP17-040">OP17-040]
[] Drew card from deck: Edward Newgate ["OP17-040">OP17-040]
RZ1|214|2|OP17-040|0|24|1|11|1|1|0|0|0
RZ1|CHK|214|2|24|12|4|2|0|0|8|0|1|10
[] Drew card from deck: Edward Newgate ["OP17-040">OP17-040]
RZ1|215|2|OP17-040|0|23|1|12|1|1|0|0|0
RZ1|CHK|215|2|23|13|4|2|0|0|8|0|1|10
[Opponent] Rocks D. Xebec ["OP17-039">OP17-039]: Draw 2 Card
RZ1|216|2|OP17-040|1|12|6|8|1|1|0|0|0
RZ1|CHK|216|2|23|12|4|2|0|0|9|0|1|10
[Opponent] Edward Newgate ["OP17-040">OP17-040]: Trash Edward Newgate ["OP17-040">OP17-040]
[Opponent] Edward Newgate ["OP17-040">OP17-040]: Buff Rocks D. Xebec ["OP17-039">OP17-039] 3000 for the Combat
Rocks D. Xebec ["OP17-039">OP17-039][8000] vs Marshall D. Teach ["OP16-080">OP16-080][5000]
Marshall D. Teach ["OP16-080">OP16-080] hit for 1 damage
[You] <b>Downloaded the Combat Log!</b>
GameOver
