Version is 1.42c.2
[You] Leader is Marshall D. Teach ["OP16-080">OP16-080]
RZ1|HDR|1.42c|2|RZ1
RZ1|PLY|1||OP16-080
RZ1|PLY|2||
[Opponent] Leader is Rocks D. Xebec ["OP17-039">OP17-039]
RZ1|1|2|OP17-049|0|23|0|0|0|0|0|0|0
RZ1|CHK|1|2|50|0|0|0|10|0|0|0|1|0
RZ1|2|2|OP17-056|0|44|0|1|0|0|0|0|0
RZ1|CHK|2|2|50|0|0|0|10|0|0|0|1|0
RZ1|3|2|OP17-055|0|43|0|2|0|0|0|0|0
RZ1|CHK|3|2|50|0|0|0|10|0|0|0|1|0
RZ1|4|2|OP17-049|0|27|0|3|0|0|0|0|0
RZ1|CHK|4|2|50|0|0|0|10|0|0|0|1|0
RZ1|5|2|OP17-050|0|5|0|4|0|0|0|0|0
RZ1|CHK|5|2|50|0|0|0|10|0|0|0|1|0
RZ1|6|2|OP17-052|0|11|0|5|0|0|0|0|0
RZ1|CHK|6|2|50|0|0|0|10|0|0|0|1|0
RZ1|7|2|OP17-057|0|49|0|6|0|0|0|0|0
RZ1|CHK|7|2|50|0|0|0|10|0|0|0|1|0
RZ1|8|2|OP17-048|0|34|0|7|0|0|0|0|0
RZ1|CHK|8|2|50|0|0|0|10|0|0|0|1|0
RZ1|9|2|OP17-040|0|34|0|8|0|0|0|0|0
RZ1|CHK|9|2|50|0|0|0|10|0|0|0|1|0
RZ1|10|2|OP17-118|0|38|0|9|0|0|0|0|0
RZ1|CHK|10|2|50|0|0|0|10|0|0|0|1|0
RZ1|11|2|OP17-040|0|34|0|10|0|0|0|0|0
RZ1|CHK|11|2|50|0|0|0|10|0|0|0|1|0
RZ1|12|2|OP17-048|0|36|0|11|0|0|0|0|0
RZ1|CHK|12|2|50|0|0|0|10|0|0|0|1|0
RZ1|13|2|OP17-055|0|42|0|12|0|0|0|0|0
RZ1|CHK|13|2|50|0|0|0|10|0|0|0|1|0
RZ1|14|2|OP17-048|0|39|0|13|0|0|0|0|0
RZ1|CHK|14|2|50|0|0|0|10|0|0|0|1|0
RZ1|15|2|OP17-049|0|35|0|14|0|0|0|0|0
RZ1|CHK|15|2|50|0|0|0|10|0|0|0|1|0
RZ1|16|2|OP17-046|0|32|0|15|0|0|0|0|0
RZ1|CHK|16|2|50|0|0|0|10|0|0|0|1|0
RZ1|17|2|OP17-045|0|20|0|16|0|0|0|0|0
RZ1|CHK|17|2|50|0|0|0|10|0|0|0|1|0
RZ1|18|2|OP17-050|0|18|0|17|0|0|0|0|0
RZ1|CHK|18|2|50|0|0|0|10|0|0|0|1|0
RZ1|19|2|OP17-055|0|44|0|19|0|0|0|0|0
RZ1|CHK|19|2|50|0|0|0|10|0|0|0|1|0
RZ1|20|2|OP17-118|0|43|0|20|0|0|0|0|0
RZ1|CHK|20|2|50|0|0|0|10|0|0|0|1|0
RZ1|21|2|OP17-044|0|31|0|21|0|0|0|0|0
RZ1|CHK|21|2|50|0|0|0|10|0|0|0|1|0
RZ1|22|2|OP17-040|0|40|0|23|0|0|0|0|0
RZ1|CHK|22|2|50|0|0|0|10|0|0|0|1|0
RZ1|23|2|OP17-042|0|32|0|24|0|0|0|0|0
RZ1|CHK|23|2|50|0|0|0|10|0|0|0|1|0
RZ1|24|2|OP17-049|0|39|0|25|0|0|0|0|0
RZ1|CHK|24|2|50|0|0|0|10|0|0|0|1|0
RZ1|25|2|OP17-118|0|43|0|26|0|0|0|0|0
RZ1|CHK|25|2|50|0|0|0|10|0|0|0|1|0
RZ1|26|2|OP17-054|0|30|0|27|0|0|0|0|0
RZ1|CHK|26|2|50|0|0|0|10|0|0|0|1|0
RZ1|27|2|OP17-040|0|41|0|28|0|0|0|0|0
RZ1|CHK|27|2|50|0|0|0|10|0|0|0|1|0
RZ1|28|2|OP17-056|0|47|0|29|0|0|0|0|0
RZ1|CHK|28|2|50|0|0|0|10|0|0|0|1|0
RZ1|29|2|OP17-042|0|36|0|30|0|0|0|0|0
RZ1|CHK|29|2|50|0|0|0|10|0|0|0|1|0
RZ1|30|2|OP17-056|0|46|0|31|0|0|0|0|0
RZ1|CHK|30|2|50|0|0|0|10|0|0|0|1|0
RZ1|31|2|OP17-052|0|34|0|32|0|0|0|0|0
RZ1|CHK|31|2|50|0|0|0|10|0|0|0|1|0
RZ1|32|2|OP17-057|0|49|0|33|0|0|0|0|0
RZ1|CHK|32|2|50|0|0|0|10|0|0|0|1|0
RZ1|33|2|OP17-118|0|46|0|34|0|0|0|0|0
RZ1|CHK|33|2|50|0|0|0|10|0|0|0|1|0
RZ1|34|2|OP17-057|0|49|0|35|0|0|0|0|0
RZ1|CHK|34|2|50|0|0|0|10|0|0|0|1|0
RZ1|35|2|OP17-046|0|44|0|36|0|0|0|0|0
RZ1|CHK|35|2|50|0|0|0|10|0|0|0|1|0
RZ1|36|2|OP17-043|0|46|0|38|0|0|0|0|0
RZ1|CHK|36|2|50|0|0|0|10|0|0|0|1|0
RZ1|37|2|OP17-046|0|45|0|39|0|0|0|0|0
RZ1|CHK|37|2|50|0|0|0|10|0|0|0|1|0
RZ1|38|2|OP17-044|0|44|0|40|0|0|0|0|0
RZ1|CHK|38|2|50|0|0|0|10|0|0|0|1|0
RZ1|39|2|OP17-056|0|49|0|41|0|0|0|0|0
RZ1|CHK|39|2|50|0|0|0|10|0|0|0|1|0
RZ1|40|2|OP17-046|0|46|0|42|0|0|0|0|0
RZ1|CHK|40|2|50|0|0|0|10|0|0|0|1|0
RZ1|41|2|OP17-055|0|49|0|43|0|0|0|0|0
RZ1|CHK|41|2|50|0|0|0|10|0|0|0|1|0
RZ1|42|2|OP17-054|0|46|0|44|0|0|0|0|0
RZ1|CHK|42|2|50|0|0|0|10|0|0|0|1|0
RZ1|43|2|OP17-048|0|49|0|46|0|0|0|0|0
RZ1|CHK|43|2|50|0|0|0|10|0|0|0|1|0
[] Drew card from deck: This is MY AGE!!!! ["OP09-096">OP09-096]
RZ1|44|1|OP09-096|0|49|1|0|1|1|0|0|0
RZ1|CHK|44|1|49|1|0|0|10|0|0|0|1|0
[] Drew card from deck: Borsalino ["EB04-058">EB04-058]
RZ1|45|1|EB04-058|0|48|1|1|1|1|0|0|0
RZ1|CHK|45|1|48|2|0|0|10|0|0|0|1|0
[] Drew card from deck: Jesus Burgess ["OP09-086">OP09-086]
RZ1|46|1|OP09-086|0|47|1|2|1|1|0|0|0
RZ1|CHK|46|1|47|3|0|0|10|0|0|0|1|0
[] Drew card from deck: Shiryu ["OP16-108">OP16-108]
RZ1|47|1|OP16-108|0|46|1|3|1|1|0|0|0
RZ1|CHK|47|1|46|4|0|0|10|0|0|0|1|0
[] Drew card from deck: Vasco Shot ["OP16-110">OP16-110]
RZ1|48|1|OP16-110|0|45|1|4|1|1|0|0|0
RZ1|CHK|48|1|45|5|0|0|10|0|0|0|1|0
[] Drew card from deck: Ganzui ["OP17-043">OP17-043]
RZ1|49|2|OP17-043|0|49|1|0|1|1|0|0|0
RZ1|CHK|49|2|49|1|0|0|10|0|0|0|1|0
[] Drew card from deck: Stussy ["OP17-054">OP17-054]
RZ1|50|2|OP17-054|0|48|1|1|1|1|0|0|0
RZ1|CHK|50|2|48|2|0|0|10|0|0|0|1|0
[] Drew card from deck: Stussy ["OP17-054">OP17-054]
RZ1|51|2|OP17-054|0|47|1|2|1|1|0|0|0
RZ1|CHK|51|2|47|3|0|0|10|0|0|0|1|0
[] Drew card from deck: Shiki ["OP17-048">OP17-048]
RZ1|52|2|OP17-048|0|46|1|3|1|1|0|0|0
RZ1|CHK|52|2|46|4|0|0|10|0|0|0|1|0
[] Drew card from deck: Don Marlon ["OP17-052">OP17-052]
RZ1|53|2|OP17-052|0|45|1|4|1|1|0|0|0
RZ1|CHK|53|2|45|5|0|0|10|0|0|0|1|0
RZ1|54|1|OP16-116|0|44|3|0|1|0|0|0|0
RZ1|CHK|54|1|44|5|0|1|10|0|0|0|1|0
RZ1|55|1|OP09-095|0|43|3|1|1|0|0|0|0
RZ1|CHK|55|1|43|5|0|2|10|0|0|0|1|0
RZ1|56|1|OP09-096|0|42|3|2|1|0|0|0|0
RZ1|CHK|56|1|42|5|0|3|10|0|0|0|1|0
RZ1|57|1|OP09-099|0|41|3|3|1|0|0|0|0
RZ1|CHK|57|1|41|5|0|4|10|0|0|0|1|0
RZ1|58|2|OP17-043|1|0|0|45|0|0|0|0|0
RZ1|CHK|58|2|46|4|0|0|10|0|0|0|1|0
RZ1|59|2|OP17-054|1|0|0|46|0|0|0|0|0
RZ1|CHK|59|2|47|3|0|0|10|0|0|0|1|0
RZ1|60|2|OP17-054|1|0|0|47|0|0|0|0|0
RZ1|CHK|60|2|48|2|0|0|10|0|0|0|1|0
RZ1|61|2|OP17-048|1|0|0|48|0|0|0|0|0
RZ1|CHK|61|2|49|1|0|0|10|0|0|0|1|0
RZ1|62|2|OP17-052|1|0|0|49|0|0|0|0|0
RZ1|CHK|62|2|50|0|0|0|10|0|0|0|1|0
RZ1|63|2|OP17-057|0|6|0|0|0|0|0|0|0
RZ1|CHK|63|2|50|0|0|0|10|0|0|0|1|0
RZ1|64|2|OP17-046|0|39|0|1|0|0|0|0|0
RZ1|CHK|64|2|50|0|0|0|10|0|0|0|1|0
RZ1|65|2|OP17-054|0|46|0|3|0|0|0|0|0
RZ1|CHK|65|2|50|0|0|0|10|0|0|0|1|0
RZ1|66|2|OP17-050|0|19|0|4|0|0|0|0|0
RZ1|CHK|66|2|50|0|0|0|10|0|0|0|1|0
RZ1|67|2|OP17-049|0|27|0|5|0|0|0|0|0
RZ1|CHK|67|2|50|0|0|0|10|0|0|0|1|0
RZ1|68|2|OP17-055|0|7|0|6|0|0|0|0|0
RZ1|CHK|68|2|50|0|0|0|10|0|0|0|1|0
RZ1|69|2|OP17-048|0|11|0|7|0|0|0|0|0
RZ1|CHK|69|2|50|0|0|0|10|0|0|0|1|0
RZ1|70|2|OP17-040|0|30|0|8|0|0|0|0|0
RZ1|CHK|70|2|50|0|0|0|10|0|0|0|1|0
RZ1|71|2|OP17-046|0|38|0|9|0|0|0|0|0
RZ1|CHK|71|2|50|0|0|0|10|0|0|0|1|0
RZ1|72|2|OP17-054|0|45|0|10|0|0|0|0|0
RZ1|CHK|72|2|50|0|0|0|10|0|0|0|1|0
RZ1|73|2|OP17-043|0|41|0|11|0|0|0|0|0
RZ1|CHK|73|2|50|0|0|0|10|0|0|0|1|0
RZ1|74|2|OP17-044|0|28|0|12|0|0|0|0|0
RZ1|CHK|74|2|50|0|0|0|10|0|0|0|1|0
RZ1|75|2|OP17-052|0|37|0|13|0|0|0|0|0
RZ1|CHK|75|2|50|0|0|0|10|0|0|0|1|0
RZ1|76|2|OP17-057|0|38|0|14|0|0|0|0|0
RZ1|CHK|76|2|50|0|0|0|10|0|0|0|1|0
RZ1|77|2|OP17-049|0|16|0|15|0|0|0|0|0
RZ1|CHK|77|2|50|0|0|0|10|0|0|0|1|0
RZ1|78|2|OP17-044|0|42|0|16|0|0|0|0|0
RZ1|CHK|78|2|50|0|0|0|10|0|0|0|1|0
RZ1|79|2|OP17-045|0|28|0|17|0|0|0|0|0
RZ1|CHK|79|2|50|0|0|0|10|0|0|0|1|0
RZ1|80|2|OP17-055|0|45|0|18|0|0|0|0|0
RZ1|CHK|80|2|50|0|0|0|10|0|0|0|1|0
RZ1|81|2|OP17-054|0|47|0|19|0|0|0|0|0
RZ1|CHK|81|2|50|0|0|0|10|0|0|0|1|0
RZ1|82|2|OP17-118|0|37|0|20|0|0|0|0|0
RZ1|CHK|82|2|50|0|0|0|10|0|0|0|1|0
RZ1|83|2|OP17-045|0|44|0|21|0|0|0|0|0
RZ1|CHK|83|2|50|0|0|0|10|0|0|0|1|0
RZ1|84|2|OP17-048|0|30|0|22|0|0|0|0|0
RZ1|CHK|84|2|50|0|0|0|10|0|0|0|1|0
RZ1|85|2|OP17-118|0|43|0|23|0|0|0|0|0
RZ1|CHK|85|2|50|0|0|0|10|0|0|0|1|0
RZ1|86|2|OP17-054|0|40|0|24|0|0|0|0|0
RZ1|CHK|86|2|50|0|0|0|10|0|0|0|1|0
RZ1|87|2|OP17-052|0|49|0|25|0|0|0|0|0
RZ1|CHK|87|2|50|0|0|0|10|0|0|0|1|0
RZ1|88|2|OP17-057|0|45|0|26|0|0|0|0|0
RZ1|CHK|88|2|50|0|0|0|10|0|0|0|1|0
RZ1|89|2|OP17-050|0|37|0|27|0|0|0|0|0
RZ1|CHK|89|2|50|0|0|0|10|0|0|0|1|0
RZ1|90|2|OP17-049|0|36|0|28|0|0|0|0|0
RZ1|CHK|90|2|50|0|0|0|10|0|0|0|1|0
RZ1|91|2|OP17-056|0|46|0|29|0|0|0|0|0
RZ1|CHK|91|2|50|0|0|0|10|0|0|0|1|0
RZ1|92|2|OP17-056|0|46|0|30|0|0|0|0|0
RZ1|CHK|92|2|50|0|0|0|10|0|0|0|1|0
RZ1|93|2|OP17-052|0|33|0|31|0|0|0|0|0
RZ1|CHK|93|2|50|0|0|0|10|0|0|0|1|0
RZ1|94|2|OP17-118|0|35|0|32|0|0|0|0|0
RZ1|CHK|94|2|50|0|0|0|10|0|0|0|1|0
RZ1|95|2|OP17-045|0|42|0|33|0|0|0|0|0
RZ1|CHK|95|2|50|0|0|0|10|0|0|0|1|0
RZ1|96|2|OP17-046|0|47|0|34|0|0|0|0|0
RZ1|CHK|96|2|50|0|0|0|10|0|0|0|1|0
RZ1|97|2|OP17-040|0|44|0|35|0|0|0|0|0
RZ1|CHK|97|2|50|0|0|0|10|0|0|0|1|0
RZ1|98|2|OP17-056|0|46|0|36|0|0|0|0|0
RZ1|CHK|98|2|50|0|0|0|10|0|0|0|1|0
RZ1|99|2|OP17-055|0|42|0|37|0|0|0|0|0
RZ1|CHK|99|2|50|0|0|0|10|0|0|0|1|0
RZ1|100|2|OP17-118|0|45|0|38|0|0|0|0|0
RZ1|CHK|100|2|50|0|0|0|10|0|0|0|1|0
RZ1|101|2|OP17-043|0|48|0|39|0|0|0|0|0
RZ1|CHK|101|2|50|0|0|0|10|0|0|0|1|0
RZ1|102|2|OP17-046|0|45|0|40|0|0|0|0|0
RZ1|CHK|102|2|50|0|0|0|10|0|0|0|1|0
RZ1|103|2|OP17-042|0|47|0|41|0|0|0|0|0
RZ1|CHK|103|2|50|0|0|0|10|0|0|0|1|0
RZ1|104|2|OP17-040|0|44|0|42|0|0|0|0|0
RZ1|CHK|104|2|50|0|0|0|10|0|0|0|1|0
RZ1|105|2|OP17-048|0|49|0|43|0|0|0|0|0
RZ1|CHK|105|2|50|0|0|0|10|0|0|0|1|0
RZ1|106|2|OP17-048|0|47|0|45|0|0|0|0|0
RZ1|CHK|106|2|50|0|0|0|10|0|0|0|1|0
RZ1|107|2|OP17-042|0|49|0|48|0|0|0|0|0
RZ1|CHK|107|2|50|0|0|0|10|0|0|0|1|0
[] Drew card from deck: There's No Authority in the World ["OP17-055">OP17-055]
RZ1|108|2|OP17-055|0|49|1|0|1|1|0|0|0
RZ1|CHK|108|2|49|1|0|0|10|0|0|0|1|0
[] Drew card from deck: Kaido ["OP17-042">OP17-042]
RZ1|109|2|OP17-042|0|48|1|1|1|1|0|0|0
RZ1|CHK|109|2|48|2|0|0|10|0|0|0|1|0
[] Drew card from deck: Edward Newgate ["OP17-040">OP17-040]
RZ1|110|2|OP17-040|0|47|1|2|1|1|0|0|0
RZ1|CHK|110|2|47|3|0|0|10|0|0|0|1|0
[] Drew card from deck: Streusen ["OP17-050">OP17-050]
RZ1|111|2|OP17-050|0|46|1|3|1|1|0|0|0
RZ1|CHK|111|2|46|4|0|0|10|0|0|0|1|0
[] Drew card from deck: Shiki ["OP17-048">OP17-048]
RZ1|112|2|OP17-048|0|45|1|4|1|1|0|0|0
RZ1|CHK|112|2|45|5|0|0|10|0|0|0|1|0
RZ1|113|2|OP17-056|0|44|3|0|0|1|0|0|0
RZ1|CHK|113|2|44|5|0|1|10|0|0|0|1|0
RZ1|114|2|OP17-048|0|43|3|1|0|1|0|0|0
RZ1|CHK|114|2|43|5|0|2|10|0|0|0|1|0
RZ1|115|2|OP17-040|0|42|3|2|0|1|0|0|0
RZ1|CHK|115|2|42|5|0|3|10|0|0|0|1|0
RZ1|116|2|OP17-042|0|41|3|3|0|1|0|0|0
RZ1|CHK|116|2|41|5|0|4|10|0|0|0|1|0
RZ1|117|2|OP17-046|0|40|3|4|0|1|0|0|0
RZ1|CHK|117|2|40|5|0|5|10|0|0|0|1|0
[] Hand after Mulligan: [OP17-055,OP17-042,OP17-040,OP17-050,OP17-048]
[Opponent] Mulligan
[] Hand: [OP09-096,EB04-058,OP09-086,OP16-108,OP16-110]
[] Board: []
[] Trash: []
[] Life: 4
[] Hand: [OP17-055,OP17-042,OP17-040,OP17-050,OP17-048]
[] Trash: []
[] Board: []
[] Life: 5
RZ1|118|1|Don|4|9|5|0|1|1|0|0|0
RZ1|CHK|118|1|41|5|0|4|9|1|0|0|1|0
[You] Draw 1 Don
RZ1|119|1|Don|5|0|5|0|1|1|1|0|0
RZ1|CHK|119|1|41|5|0|4|9|1|0|0|1|0
[You] Deploy Vasco Shot ["OP16-110">OP16-110]
RZ1|120|1|OP16-110|1|4|2|0|1|1|0|0|0
RZ1|CHK|120|1|41|4|1|4|9|1|0|0|1|0
[] Hand: [OP09-096,EB04-058,OP09-086,OP16-108]
[] Board: [OP16-110]
[] Trash: []
[] Life: 4
[] Hand: [OP17-055,OP17-042,OP17-040,OP17-050,OP17-048]
[] Trash: []
[] Board: []
[] Life: 5
[You] End Turn
[] Hand: [OP17-055,OP17-042,OP17-040,OP17-050,OP17-048]
[] Board: []
[] Trash: []
[] Life: 5
[] Hand: [OP09-096,EB04-058,OP09-086,OP16-108]
[] Trash: []
[] Board: [OP16-110]
[] Life: 4
[Opponent] Draw 1 Card
[] Drew card from deck: Ganzui ["OP17-043">OP17-043]
RZ1|121|2|OP17-043|0|39|1|5|1|1|0|0|0
RZ1|CHK|121|2|39|6|0|5|10|0|0|0|1|0
RZ1|122|2|Don|4|9|5|0|1|1|0|0|0
RZ1|CHK|122|2|39|6|0|5|9|1|0|0|1|0
RZ1|123|2|Don|4|8|5|1|1|1|0|0|0
RZ1|CHK|123|2|39|6|0|5|8|2|0|0|1|0
[Opponent] Draw 2 Don
RZ1|124|2|Don|5|0|5|0|1|1|1|0|0
RZ1|CHK|124|2|39|6|0|5|8|2|0|0|1|0
[Opponent] Deploy Streusen ["OP17-050">OP17-050]
RZ1|125|2|OP17-050|1|3|2|0|1|1|0|0|0
RZ1|CHK|125|2|39|5|1|5|8|2|0|0|1|0
[Opponent] Placing Cards on Top of Deck
RZ1|126|2|OP17-055|0|37|0|38|0|0|0|0|0
RZ1|CHK|126|2|39|5|1|5|8|2|0|0|1|0
RZ1|127|2|OP17-118|0|37|0|38|0|0|0|0|0
RZ1|CHK|127|2|39|5|1|5|8|2|0|0|1|0
[] Drew card from deck: Rocks D. Xebec ["OP17-118">OP17-118]
RZ1|128|2|OP17-118|0|38|1|5|1|1|0|0|0
RZ1|CHK|128|2|38|6|1|5|8|2|0|0|1|0
[Opponent] Streusen ["OP17-050">OP17-050]: Draw 1 Card
[] Hand: [OP17-055,OP17-042,OP17-040,OP17-048,OP17-043,OP17-118]
[] Board: [OP17-050]
[] Trash: []
[] Life: 5
[] Hand: [OP09-096,EB04-058,OP09-086,OP16-108]
[] Trash: []
[] Board: [OP16-110]
[] Life: 4
[Opponent] End Turn
[] Hand: [OP09-096,EB04-058,OP09-086,OP16-108]
[] Board: [OP16-110]
[] Trash: []
[] Life: 4
[] Hand: [OP17-055,OP17-042,OP17-040,OP17-048,OP17-043,OP17-118]
[] Trash: []
[] Board: [OP17-050]
[] Life: 5
[You] Draw 1 Card
[] Drew card from deck: Marshall D. Teach ["OP16-119">OP16-119]
RZ1|129|1|OP16-119|0|40|1|4|1|1|0|0|0
RZ1|CHK|129|1|40|5|1|4|9|1|0|0|1|0
RZ1|130|1|Don|4|8|5|1|1|1|0|0|0
RZ1|CHK|130|1|40|5|1|4|8|2|0|0|1|0
RZ1|131|1|Don|4|7|5|2|1|1|0|0|0
RZ1|CHK|131|1|40|5|1|4|7|3|0|0|1|0
[You] Draw 2 Don
[You] Marshall D. Teach ["OP16-080">OP16-080] attacking Rocks D. Xebec ["OP17-039">OP17-039]
Marshall D. Teach ["OP16-080">OP16-080][5000] vs Rocks D. Xebec ["OP17-039">OP17-039][5000]
Rocks D. Xebec ["OP17-039">OP17-039] hit for 1 damage
RZ1|132|2|OP17-046|3|4|1|6|1|1|0|0|0
RZ1|CHK|132|2|38|7|1|4|8|2|0|0|1|0
RZ1|133|1|Don|5|0|9|0|1|1|0|0|0
RZ1|CHK|133|1|40|5|1|4|7|2|0|0|1|1
RZ1|134|1|Don|5|0|9|1|1|1|0|0|0
RZ1|CHK|134|1|40|5|1|4|7|1|0|0|1|2
RZ1|135|1|Don|5|0|9|2|1|1|0|0|0
RZ1|CHK|135|1|40|5|1|4|7|0|0|0|1|3
[You] Attach 3 Don to Vasco Shot ["OP16-110">OP16-110] (3 Total)
[You] Vasco Shot ["OP16-110">OP16-110] attacking Rocks D. Xebec ["OP17-039">OP17-039]
Vasco Shot ["OP16-110">OP16-110][5000] vs Rocks D. Xebec ["OP17-039">OP17-039][5000]
Rocks D. Xebec ["OP17-039">OP17-039] hit for 1 damage
RZ1|136|2|OP17-042|3|3|1|7|1|1|0|0|0
RZ1|CHK|136|2|38|8|1|3|8|2|0|0|1|0
[] Hand: [OP09-096,EB04-058,OP09-086,OP16-108,OP16-119]
[] Board: [OP16-110]
[] Trash: []
[] Life: 4
[] Hand: [OP17-055,OP17-042,OP17-040,OP17-048,OP17-043,OP17-118,OP17-046,OP17-042]
[] Trash: []
[] Board: [OP17-050]
[] Life: 3
[You] End Turn
[] Hand: [OP17-055,OP17-042,OP17-040,OP17-048,OP17-043,OP17-118,OP17-046,OP17-042]
[] Board: [OP17-050]
[] Trash: []
[] Life: 3
[] Hand: [OP09-096,EB04-058,OP09-086,OP16-108,OP16-119]
[] Trash: []
[] Board: [OP16-110]
[] Life: 4
[Opponent] Draw 1 Card
[] Drew card from deck: There's No Authority in the World ["OP17-055">OP17-055]
RZ1|137|2|OP17-055|0|37|1|8|1|1|0|0|0
RZ1|CHK|137|2|37|9|1|3|8|2|0|0|1|0
RZ1|138|2|Don|4|7|5|2|1|1|0|0|0
RZ1|CHK|138|2|37|9|1|3|7|3|0|0|1|0
RZ1|139|2|Don|4|6|5|3|1|1|0|0|0
RZ1|CHK|139|2|37|9|1|3|6|4|0|0|1|0
[Opponent] Draw 2 Don
RZ1|140|2|Don|5|0|5|0|1|1|1|0|0
RZ1|CHK|140|2|37|9|1|3|6|4|0|0|1|0
RZ1|141|2|Don|5|1|5|1|1|1|1|0|0
RZ1|CHK|141|2|37|9|1|3|6|4|0|0|1|0
RZ1|142|2|Don|5|2|5|2|1|1|1|0|0
RZ1|CHK|142|2|37|9|1|3|6|4|0|0|1|0
RZ1|143|2|Don|5|3|5|3|1|1|1|0|0
RZ1|CHK|143|2|37|9|1|3|6|4|0|0|1|0
[Opponent] Deploy Kaido ["OP17-042">OP17-042]
RZ1|144|2|OP17-042|1|7|2|1|1|1|0|0|0
RZ1|CHK|144|2|37|8|2|3|6|4|0|0|1|0
[Opponent] Kaido ["OP17-042">OP17-042] revealed: There's No Authority in the World ["OP17-055">OP17-055]
[Opponent] Kaido ["OP17-042">OP17-042] revealed: Gloriosa ["OP17-046">OP17-046]
[Opponent] Kaido ["OP17-042">OP17-042] revealed: Rocks D. Xebec ["OP17-118">OP17-118]
[Opponent] Forcing opponent to resolve Card Action!
[You] Forcing opponent to resolve Card Action!
[Opponent] Kaido ["OP17-042">OP17-042]: Buff Vasco Shot ["OP16-110">OP16-110] -3000
[Opponent] Streusen ["OP17-050">OP17-050] attacking Vasco Shot ["OP16-110">OP16-110]
Streusen ["OP17-050">OP17-050][2000] vs Vasco Shot ["OP16-110">OP16-110][-1000]
[You] Vasco Shot ["OP16-110">OP16-110] Destroyed
RZ1|145|1|Don|9|0|5|0|1|1|1|0|0
RZ1|CHK|145|1|40|5|1|4|7|1|0|0|1|2
RZ1|146|1|Don|9|0|5|0|1|1|1|0|0
RZ1|CHK|146|1|40|5|1|4|7|2|0|0|1|1
RZ1|147|1|Don|9|0|5|0|1|1|1|0|0
RZ1|CHK|147|1|40|5|1|4|7|3|0|0|1|0
RZ1|148|1|OP16-110|2|0|6|0|1|1|0|0|0
RZ1|CHK|148|1|40|5|0|4|7|3|1|0|1|0
[] Drew card from deck: Laffitte ["OP09-095">OP09-095]
RZ1|149|1|OP09-095|0|39|1|5|1|1|0|0|0
RZ1|CHK|149|1|39|6|0|4|7|3|1|0|1|0
[You] Vasco Shot ["OP16-110">OP16-110]: Draw 1 Card
[You] Vasco Shot ["OP16-110">OP16-110]: Rest Kaido ["OP17-042">OP17-042]
[Opponent] Rocks D. Xebec ["OP17-039">OP17-039] attacking Marshall D. Teach ["OP16-080">OP16-080]
RZ1|150|2|OP17-042|1|1|6|0|1|1|0|0|0
RZ1|CHK|150|2|37|7|2|3|6|4|1|0|1|0
[Opponent] Rocks D. Xebec ["OP17-039">OP17-039]: Trash Kaido ["OP17-042">OP17-042]
RZ1|151|2|OP17-056|0|36|0|36|0|0|0|0|0
RZ1|CHK|151|2|37|7|2|3|6|4|1|0|1|0
[Opponent] Rocks D. Xebec ["OP17-039">OP17-039] revealed: Rocks Pirates ["OP17-056">OP17-056]
[] Drew card from deck: Rocks Pirates ["OP17-056">OP17-056]
RZ1|152|2|OP17-056|0|36|1|7|1|1|0|0|0
RZ1|CHK|152|2|36|8|2|3|6|4|1|0|1|0
[] Drew card from deck: Edward Newgate ["OP17-040">OP17-040]
RZ1|153|2|OP17-040|0|35|1|8|1|1|0|0|0
RZ1|CHK|153|2|35|9|2|3|6|4|1|0|1|0
[Opponent] Rocks D. Xebec ["OP17-039">OP17-039]: Draw 2 Card
[You] Discard Jesus Burgess ["OP09-086">OP09-086] for Counter 1000
RZ1|154|1|OP09-086|1|2|6|1|1|1|0|0|0
RZ1|CHK|154|1|39|5|0|4|7|3|2|0|1|0
Rocks D. Xebec ["OP17-039">OP17-039][5000] vs Marshall D. Teach ["OP16-080">OP16-080][6000]
Attack Fails
[] Hand: [OP17-055,OP17-040,OP17-048,OP17-043,OP17-118,OP17-046,OP17-055,OP17-056,OP17-040]
[] Board: [OP17-050,OP17-042]
[] Trash: [OP17-042]
[] Life: 3
[] Hand: [OP09-096,EB04-058,OP16-108,OP16-119,OP09-095]
[] Trash: [OP16-110,OP09-086]
[] Board: []
[] Life: 4
[Opponent] End Turn
[] Hand: [OP09-096,EB04-058,OP16-108,OP16-119,OP09-095]
[] Board: []
[] Trash: [OP16-110,OP09-086]
[] Life: 4
[] Hand: [OP17-055,OP17-040,OP17-048,OP17-043,OP17-118,OP17-046,OP17-055,OP17-056,OP17-040]
[] Trash: [OP17-042]
[] Board: [OP17-050,OP17-042]
[] Life: 3
[You] Draw 1 Card
[] Drew card from deck: Catarina Devon ["OP16-104">OP16-104]
RZ1|155|1|OP16-104|0|38|1|5|1|1|0|0|0
RZ1|CHK|155|1|38|6|0|4|7|3|2|0|1|0
RZ1|156|1|Don|4|6|5|3|1|1|0|0|0
RZ1|CHK|156|1|38|6|0|4|6|4|2|0|1|0
RZ1|157|1|Don|4|5|5|4|1|1|0|0|0
RZ1|CHK|157|1|38|6|0|4|5|5|2|0|1|0
[You] Draw 2 Don
[You] Marshall D. Teach ["OP16-080">OP16-080] attacking Rocks D. Xebec ["OP17-039">OP17-039]
[Opponent] Rocks Pirates ["OP17-056">OP17-056]: Activate Counter
RZ1|158|2|OP17-056|1|7|6|1|1|1|0|0|0
RZ1|CHK|158|2|35|8|2|3|6|4|2|0|1|0
[Opponent] Rocks Pirates ["OP17-056">OP17-056]: Buff Rocks D. Xebec ["OP17-039">OP17-039] 2000 for the Combat
Marshall D. Teach ["OP16-080">OP16-080][5000] vs Rocks D. Xebec ["OP17-039">OP17-039][7000]
Attack Fails
RZ1|159|1|Don|5|0|5|0|1|1|1|0|0
RZ1|CHK|159|1|38|6|0|4|5|5|2|0|1|0
RZ1|160|1|Don|5|1|5|1|1|1|1|0|0
RZ1|CHK|160|1|38|6|0|4|5|5|2|0|1|0
RZ1|161|1|Don|5|2|5|2|1|1|1|0|0
RZ1|CHK|161|1|38|6|0|4|5|5|2|0|1|0
RZ1|162|1|Don|5|3|5|3|1|1|1|0|0
RZ1|CHK|162|1|38|6|0|4|5|5|2|0|1|0
[You] Deploy Catarina Devon ["OP16-104">OP16-104]
RZ1|163|1|OP16-104|1|5|2|0|1|1|0|0|0
RZ1|CHK|163|1|38|5|1|4|5|5|2|0|1|0
RZ1|164|1|Don|5|4|5|4|1|1|1|0|0
RZ1|CHK|164|1|38|5|1|4|5|5|2|0|1|0
[You] Deploy Laffitte ["OP09-095">OP09-095]
RZ1|165|1|OP09-095|1|4|2|1|1|1|0|0|0
RZ1|CHK|165|1|38|4|2|4|5|5|2|0|1|0
[] Hand: [OP09-096,EB04-058,OP16-108,OP16-119]
[] Board: [OP16-104,OP09-095]
[] Trash: [OP16-110,OP09-086]
[] Life: 4
[] Hand: [OP17-055,OP17-040,OP17-048,OP17-043,OP17-118,OP17-046,OP17-055,OP17-040]
[] Trash: [OP17-042,OP17-056]
[] Board: [OP17-050,OP17-042]
[] Life: 3
[You] End Turn
[] Hand: [OP17-055,OP17-040,OP17-048,OP17-043,OP17-118,OP17-046,OP17-055,OP17-040]
[] Board: [OP17-050,OP17-042]
[] Trash: [OP17-042,OP17-056]
[] Life: 3
[] Hand: [OP09-096,EB04-058,OP16-108,OP16-119]
[] Trash: [OP16-110,OP09-086]
[] Board: [OP16-104,OP09-095]
[] Life: 4
[Opponent] Draw 1 Card
[] Drew card from deck: Gloriosa ["OP17-046">OP17-046]
RZ1|166|2|OP17-046|0|34|1|8|1|1|0|0|0
RZ1|CHK|166|2|34|9|2|3|6|4|2|0|1|0
RZ1|167|2|Don|4|5|5|4|1|1|0|0|0
RZ1|CHK|167|2|34|9|2|3|5|5|2|0|1|0
RZ1|168|2|Don|4|4|5|5|1|1|0|0|0
RZ1|CHK|168|2|34|9|2|3|4|6|2|0|1|0
[Opponent] Draw 2 Don
RZ1|169|2|Don|5|0|5|0|1|1|1|0|0
RZ1|CHK|169|2|34|9|2|3|4|6|2|0|1|0
RZ1|170|2|Don|5|1|5|1|1|1|1|0|0
RZ1|CHK|170|2|34|9|2|3|4|6|2|0|1|0
RZ1|171|2|Don|5|2|5|2|1|1|1|0|0
RZ1|CHK|171|2|34|9|2|3|4|6|2|0|1|0
RZ1|172|2|Don|5|3|5|3|1|1|1|0|0
RZ1|CHK|172|2|34|9|2|3|4|6|2|0|1|0
[Opponent] Deploy Gloriosa ["OP17-046">OP17-046]
RZ1|173|2|OP17-046|1|8|2|2|1|1|0|0|0
RZ1|CHK|173|2|34|8|3|3|4|6|2|0|1|0
[Opponent] Gloriosa ["OP17-046">OP17-046]: Send Catarina Devon ["OP16-104">OP16-104] to Deck Bottom
RZ1|174|1|OP16-104|2|0|0|0|0|0|0|0|0
RZ1|CHK|174|1|39|4|1|4|5|5|2|0|1|0
[Opponent] Attach 1 Don to Rocks D. Xebec ["OP17-039">OP17-039] (1 Total)
RZ1|175|2|Don|5|5|9|9900|1|1|0|0|0
RZ1|CHK|175|2|34|8|3|3|4|5|2|0|1|1
[Opponent] Attach 1 Don to Rocks D. Xebec ["OP17-039">OP17-039] (2 Total)
RZ1|176|2|Don|5|4|9|9901|1|1|0|0|0
RZ1|CHK|176|2|34|8|3|3|4|4|2|0|1|2
[Opponent] Kaido ["OP17-042">OP17-042] attacking Marshall D. Teach ["OP16-080">OP16-080]
Kaido ["OP17-042">OP17-042][6000] vs Marshall D. Teach ["OP16-080">OP16-080][5000]
Marshall D. Teach ["OP16-080">OP16-080] hit for 1 damage
RZ1|177|1|OP09-099|3|3|1|4|1|1|0|0|0
RZ1|CHK|177|1|39|5|1|3|5|5|2|0|1|0
[Opponent] Rocks D. Xebec ["OP17-039">OP17-039] attacking Marshall D. Teach ["OP16-080">OP16-080]
RZ1|178|2|OP17-040|1|7|6|2|1|1|0|0|0
RZ1|CHK|178|2|34|7|3|3|4|4|3|0|1|2
[Opponent] Rocks D. Xebec ["OP17-039">OP17-039]: Trash Edward Newgate ["OP17-040">OP17-040]
RZ1|179|2|OP17-045|0|33|0|33|0|0|0|0|0
RZ1|CHK|179|2|34|7|3|3|4|4|3|0|1|2
[Opponent] Rocks D. Xebec ["OP17-039">OP17-039] revealed: Kyo ["OP17-045">OP17-045]
[] Drew card from deck: Kyo ["OP17-045">OP17-045]
RZ1|180|2|OP17-045|0|33|1|7|1|1|0|0|0
RZ1|CHK|180|2|33|8|3|3|4|4|3|0|1|2
[] Drew card from deck: Rocks D. Xebec ["OP17-118">OP17-118]
RZ1|181|2|OP17-118|0|32|1|8|1|1|0|0|0
RZ1|CHK|181|2|32|9|3|3|4|4|3|0|1|2
[Opponent] Rocks D. Xebec ["OP17-039">OP17-039]: Draw 2 Card
Rocks D. Xebec ["OP17-039">OP17-039][7000] vs Marshall D. Teach ["OP16-080">OP16-080][5000]
Marshall D. Teach ["OP16-080">OP16-080] hit for 1 damage
RZ1|182|1|OP09-096|3|2|1|5|1|1|0|0|0
RZ1|CHK|182|1|39|6|1|2|5|5|2|0|1|0
[You] This is MY AGE!!!! ["OP09-096">OP09-096]: Activate Trigger
RZ1|183|1|OP09-096|1|5|6|2|1|1|0|0|0
RZ1|CHK|183|1|39|5|1|2|5|5|3|0|1|0
RZ1|184|1|OP16-109|0|36|1|5|1|1|0|0|0
RZ1|CHK|184|1|38|6|1|2|5|5|3|0|1|0
[You] This is MY AGE!!!! ["OP09-096">OP09-096]: <b>Reveal and Draw Doc Q ["OP16-109">OP16-109]</b>
[You] This is MY AGE!!!! ["OP09-096">OP09-096]: Trash 2 Remaining Cards
RZ1|185|1|OP16-115|0|37|6|3|1|1|0|0|0
RZ1|CHK|185|1|37|6|1|2|5|5|4|0|1|0
RZ1|186|1|OP16-110|0|36|6|4|1|1|0|0|0
RZ1|CHK|186|1|36|6|1|2|5|5|5|0|1|0
[] Hand: [OP17-055,OP17-040,OP17-048,OP17-043,OP17-118,OP17-046,OP17-055,OP17-045,OP17-118]
[] Board: [OP17-050,OP17-042,OP17-046]
[] Trash: [OP17-042,OP17-056,OP17-040]
[] Life: 3
[] Hand: [OP09-096,EB04-058,OP16-108,OP16-119,OP09-099,OP16-109]
[] Trash: [OP16-110,OP09-086,OP09-096,OP16-115,OP16-110]
[] Board: [OP09-095]
[] Life: 2
[Opponent] End Turn
[] Hand: [OP09-096,EB04-058,OP16-108,OP16-119,OP09-099,OP16-109]
[] Board: [OP09-095]
[] Trash: [OP16-110,OP09-086,OP09-096,OP16-115,OP16-110]
[] Life: 2
[] Hand: [OP17-055,OP17-040,OP17-048,OP17-043,OP17-118,OP17-046,OP17-055,OP17-045,OP17-118]
[] Trash: [OP17-042,OP17-056,OP17-040]
[] Board: [OP17-050,OP17-042,OP17-046]
[] Life: 3
[You] Draw 1 Card
[] Drew card from deck: Catarina Devon ["OP16-104">OP16-104]
RZ1|187|1|OP16-104|0|35|1|6|1|1|0|0|0
RZ1|CHK|187|1|35|7|1|2|5|5|5|0|1|0
RZ1|188|1|Don|4|4|5|5|1|1|0|0|0
RZ1|CHK|188|1|35|7|1|2|4|6|5|0|1|0
RZ1|189|1|Don|4|3|5|6|1|1|0|0|0
RZ1|CHK|189|1|35|7|1|2|3|7|5|0|1|0
[You] Draw 2 Don
[You] Marshall D. Teach ["OP16-080">OP16-080] attacking Rocks D. Xebec ["OP17-039">OP17-039]
[Opponent] Gloriosa ["OP17-046">OP17-046] Blocks
Marshall D. Teach ["OP16-080">OP16-080][5000] vs Gloriosa ["OP17-046">OP17-046][1000]
[Opponent] Gloriosa ["OP17-046">OP17-046] Destroyed
RZ1|190|2|OP17-046|2|2|6|3|1|1|0|0|0
RZ1|CHK|190|2|32|9|2|3|4|4|4|0|1|2
RZ1|191|1|Don|5|0|5|0|1|1|1|0|0
RZ1|CHK|191|1|35|7|1|2|3|7|5|0|1|0
RZ1|192|1|Don|5|1|5|1|1|1|1|0|0
RZ1|CHK|192|1|35|7|1|2|3|7|5|0|1|0
RZ1|193|1|Don|5|2|5|2|1|1|1|0|0
RZ1|CHK|193|1|35|7|1|2|3|7|5|0|1|0
RZ1|194|1|Don|5|3|5|3|1|1|1|0|0
RZ1|CHK|194|1|35|7|1|2|3|7|5|0|1|0
RZ1|195|1|Don|5|4|5|4|1|1|1|0|0
RZ1|CHK|195|1|35|7|1|2|3|7|5|0|1|0
RZ1|196|1|Don|5|5|5|5|1|1|1|0|0
RZ1|CHK|196|1|35|7|1|2|3|7|5|0|1|0
[You] Deploy Shiryu ["OP16-108">OP16-108]
RZ1|197|1|OP16-108|1|2|2|1|1|1|0|0|0
RZ1|CHK|197|1|35|6|2|2|3|7|5|0|1|0
RZ1|198|1|Don|5|6|5|6|1|1|1|0|0
RZ1|CHK|198|1|35|6|2|2|3|7|5|0|1|0
[You] Deploy Doc Q ["OP16-109">OP16-109]
RZ1|199|1|OP16-109|1|4|2|2|1|1|0|0|0
RZ1|CHK|199|1|35|5|3|2|3|7|5|0|1|0
[] Hand: [OP09-096,EB04-058,OP16-119,OP09-099,OP16-104]
[] Board: [OP09-095,OP16-108,OP16-109]
[] Trash: [OP16-110,OP09-086,OP09-096,OP16-115,OP16-110]
[] Life: 2
[] Hand: [OP17-055,OP17-040,OP17-048,OP17-043,OP17-118,OP17-046,OP17-055,OP17-045,OP17-118]
[] Trash: [OP17-042,OP17-056,OP17-040,OP17-046]
[] Board: [OP17-050,OP17-042]
[] Life: 3
[You] End Turn
[] Hand: [OP17-055,OP17-040,OP17-048,OP17-043,OP17-118,OP17-046,OP17-055,OP17-045,OP17-118]
[] Board: [OP17-050,OP17-042]
[] Trash: [OP17-042,OP17-056,OP17-040,OP17-046]
[] Life: 3
[] Hand: [OP09-096,EB04-058,OP16-119,OP09-099,OP16-104]
[] Trash: [OP16-110,OP09-086,OP09-096,OP16-115,OP16-110]
[] Board: [OP09-095,OP16-108,OP16-109]
[] Life: 2
RZ1|200|2|Don|9|9900|5|0|1|1|1|0|0
RZ1|CHK|200|2|32|9|2|3|4|5|4|0|1|1
RZ1|201|2|Don|9|9900|5|0|1|1|1|0|0
RZ1|CHK|201|2|32|9|2|3|4|6|4|0|1|0
[Opponent] Draw 1 Card
[] Drew card from deck: Don Marlon ["OP17-052">OP17-052]
RZ1|202|2|OP17-052|0|31|1|9|1|1|0|0|0
RZ1|CHK|202|2|31|10|2|3|4|6|4|0|1|0
RZ1|203|2|Don|4|3|5|6|1|1|0|0|0
RZ1|CHK|203|2|31|10|2|3|3|7|4|0|1|0
RZ1|204|2|Don|4|2|5|7|1|1|0|0|0
RZ1|CHK|204|2|31|10|2|3|2|8|4|0|1|0
[Opponent] Draw 2 Don
RZ1|205|2|Don|5|0|5|0|1|1|1|0|0
RZ1|CHK|205|2|31|10|2|3|2|8|4|0|1|0
RZ1|206|2|Don|5|1|5|1|1|1|1|0|0
RZ1|CHK|206|2|31|10|2|3|2|8|4|0|1|0
RZ1|207|2|Don|5|2|5|2|1|1|1|0|0
RZ1|CHK|207|2|31|10|2|3|2|8|4|0|1|0
RZ1|208|2|Don|5|3|5|3|1|1|1|0|0
RZ1|CHK|208|2|31|10|2|3|2|8|4|0|1|0
RZ1|209|2|Don|5|4|5|4|1|1|1|0|0
RZ1|CHK|209|2|31|10|2|3|2|8|4|0|1|0
[Opponent] Deploy Ganzui ["OP17-043">OP17-043]
RZ1|210|2|OP17-043|1|3|2|2|1|1|0|0|0
RZ1|CHK|210|2|31|9|3|3|2|8|4|0|1|0
[Opponent] Ganzui ["OP17-043">OP17-043]: Grant Rocks D. Xebec ["OP17-039">OP17-039] 1000 until opponent's next turn end
RZ1|211|2|Don|5|5|5|5|1|1|1|0|0
RZ1|CHK|211|2|31|9|3|3|2|8|4|0|1|0
RZ1|212|2|Don|5|6|5|6|1|1|1|0|0
RZ1|CHK|212|2|31|9|3|3|2|8|4|0|1|0
RZ1|213|2|Don|5|7|5|7|1|1|1|0|0
RZ1|CHK|213|2|31|9|3|3|2|8|4|0|1|0
[Opponent] Deploy Don Marlon ["OP17-052">OP17-052]
RZ1|214|2|OP17-052|1|8|2|3|1|1|0|0|0
RZ1|CHK|214|2|31|8|4|3|2|8|4|0|1|0
[Opponent] <b>Draw Rocks Pirates ["OP17-056">OP17-056] from Trash</b>
RZ1|215|2|OP17-056|6|1|1|8|1|1|0|0|0
RZ1|CHK|215|2|31|9|4|3|2|8|3|0|1|0
[Opponent] Rocks D. Xebec ["OP17-039">OP17-039] attacking Marshall D. Teach ["OP16-080">OP16-080]
RZ1|216|2|OP17-045|1|6|6|3|1|1|0|0|0
RZ1|CHK|216|2|31|8|4|3|2|8|4|0|1|0
[Opponent] Rocks D. Xebec ["OP17-039">OP17-039]: Trash Kyo ["OP17-045">OP17-045]
RZ1|217|2|OP17-056|0|30|0|30|0|0|0|0|0
RZ1|CHK|217|2|31|8|4|3|2|8|4|0|1|0
[Opponent] Rocks D. Xebec ["OP17-039">OP17-039] revealed: Rocks Pirates ["OP17-056">OP17-056]
[] Drew card from deck: Rocks Pirates ["OP17-056">OP17-056]
RZ1|218|2|OP17-056|0|30|1|8|1|1|0|0|0
RZ1|CHK|218|2|30|9|4|3|2|8|4|0|1|0
[] Drew card from deck: Rocks Pirates ["OP17-056">OP17-056]
RZ1|219|2|OP17-056|0|29|1|9|1|1|0|0|0
RZ1|CHK|219|2|29|10|4|3|2|8|4|0|1|0
[Opponent] Rocks D. Xebec ["OP17-039">OP17-039]: Draw 2 Card
[You] Discard Catarina Devon ["OP16-104">OP16-104] for Counter 2000
RZ1|220|1|OP16-104|1|4|6|5|1|1|0|0|0
RZ1|CHK|220|1|35|4|3|2|3|7|6|0|1|0
Rocks D. Xebec ["OP17-039">OP17-039][6000] vs Marshall D. Teach ["OP16-080">OP16-080][7000]
Attack Fails
[] Hand: [OP17-055,OP17-040,OP17-048,OP17-118,OP17-046,OP17-055,OP17-118,OP17-056,OP17-056,OP17-056]
[] Board: [OP17-050,OP17-042,OP17-043,OP17-052]
[] Trash: [OP17-042,OP17-040,OP17-046,OP17-045]
[] Life: 3
[] Hand: [OP09-096,EB04-058,OP16-119,OP09-099]
[] Trash: [OP16-110,OP09-086,OP09-096,OP16-115,OP16-110,OP16-104]
[] Board: [OP09-095,OP16-108,OP16-109]
[] Life: 2
[Opponent] End Turn
[] Hand: [OP09-096,EB04-058,OP16-119,OP09-099]
[] Board: [OP09-095,OP16-108,OP16-109]
[] Trash: [OP16-110,OP09-086,OP09-096,OP16-115,OP16-110,OP16-104]
[] Life: 2
[] Hand: [OP17-055,OP17-040,OP17-048,OP17-118,OP17-046,OP17-055,OP17-118,OP17-056,OP17-056,OP17-056]
[] Trash: [OP17-042,OP17-040,OP17-046,OP17-045]
[] Board: [OP17-050,OP17-042,OP17-043,OP17-052]
[] Life: 3
[You] Draw 1 Card
[] Drew card from deck: Doc Q ["OP16-109">OP16-109]
RZ1|221|1|OP16-109|0|34|1|4|1|1|0|0|0
RZ1|CHK|221|1|34|5|3|2|3|7|6|0|1|0
RZ1|222|1|Don|4|2|5|7|1|1|0|0|0
RZ1|CHK|222|1|34|5|3|2|2|8|6|0|1|0
RZ1|223|1|Don|4|1|5|8|1|1|0|0|0
RZ1|CHK|223|1|34|5|3|2|1|9|6|0|1|0
[You] Draw 2 Don
RZ1|224|1|Don|5|0|9|9900|1|1|0|0|0
RZ1|CHK|224|1|34|5|3|2|1|8|6|0|1|1
[You] Attach 1 Don to Marshall D. Teach ["OP16-080">OP16-080] (1 Total)
RZ1|225|1|Don|5|0|5|0|1|1|1|0|0
RZ1|CHK|225|1|34|5|3|2|1|8|6|0|1|1
RZ1|226|1|Don|5|1|5|1|1|1|1|0|0
RZ1|CHK|226|1|34|5|3|2|1|8|6|0|1|1
RZ1|227|1|Don|5|2|5|2|1|1|1|0|0
RZ1|CHK|227|1|34|5|3|2|1|8|6|0|1|1
RZ1|228|1|Don|5|3|5|3|1|1|1|0|0
RZ1|CHK|228|1|34|5|3|2|1|8|6|0|1|1
RZ1|229|1|Don|5|4|5|4|1|1|1|0|0
RZ1|CHK|229|1|34|5|3|2|1|8|6|0|1|1
RZ1|230|1|Don|5|5|5|5|1|1|1|0|0
RZ1|CHK|230|1|34|5|3|2|1|8|6|0|1|1
RZ1|231|1|Don|5|6|5|6|1|1|1|0|0
RZ1|CHK|231|1|34|5|3|2|1|8|6|0|1|1
RZ1|232|1|Don|5|7|5|7|1|1|1|0|0
RZ1|CHK|232|1|34|5|3|2|1|8|6|0|1|1
[You] Deploy Marshall D. Teach ["OP16-119">OP16-119]
RZ1|233|1|OP16-119|1|2|2|3|1|1|0|0|0
RZ1|CHK|233|1|34|4|4|2|1|8|6|0|1|1
[You] Marshall D. Teach ["OP16-119">OP16-119]: Added card to top of Life from Hand
RZ1|234|1|EB04-058|0|33|3|2|1|0|0|0|0
RZ1|CHK|234|1|33|4|4|3|1|8|6|0|1|1
[You] Placing Cards on Bottom of Deck
RZ1|235|1|OP09-099|0|32|0|0|0|0|0|0|0
RZ1|CHK|235|1|33|4|4|3|1|8|6|0|1|1
RZ1|236|1|OP12-112|0|32|0|0|0|0|0|0|0
RZ1|CHK|236|1|33|4|4|3|1|8|6|0|1|1
[You] Marshall D. Teach ["OP16-080">OP16-080] attacking Rocks D. Xebec ["OP17-039">OP17-039]
[Opponent] Rocks Pirates ["OP17-056">OP17-056]: Activate Counter
RZ1|237|2|OP17-056|1|9|6|4|1|1|0|0|0
RZ1|CHK|237|2|29|9|4|3|2|8|5|0|1|0
[Opponent] Rocks Pirates ["OP17-056">OP17-056]: Buff Rocks D. Xebec ["OP17-039">OP17-039] 2000 for the Combat
Marshall D. Teach ["OP16-080">OP16-080][6000] vs Rocks D. Xebec ["OP17-039">OP17-039][8000]
Attack Fails
[You] Shiryu ["OP16-108">OP16-108] attacking Rocks D. Xebec ["OP17-039">OP17-039]
[Opponent] Kaido ["OP17-042">OP17-042] Blocks
Shiryu ["OP16-108">OP16-108][8000] vs Kaido ["OP17-042">OP17-042][6000]
[Opponent] Kaido ["OP17-042">OP17-042] Destroyed
RZ1|238|2|OP17-042|2|1|6|5|1|1|0|0|0
RZ1|CHK|238|2|29|9|3|3|2|8|6|0|1|0
[] Hand: [OP09-096,EB04-058,OP09-099,OP16-109]
[] Board: [OP09-095,OP16-108,OP16-109,OP16-119]
[] Trash: [OP16-110,OP09-086,OP09-096,OP16-115,OP16-110,OP16-104]
[] Life: 3
[] Hand: [OP17-055,OP17-040,OP17-048,OP17-118,OP17-046,OP17-055,OP17-118,OP17-056,OP17-056]
[] Trash: [OP17-042,OP17-040,OP17-046,OP17-045,OP17-056,OP17-042]
[] Board: [OP17-050,OP17-043,OP17-052]
[] Life: 3
[You] End Turn
[] Hand: [OP17-055,OP17-040,OP17-048,OP17-118,OP17-046,OP17-055,OP17-118,OP17-056,OP17-056]
[] Board: [OP17-050,OP17-043,OP17-052]
[] Trash: [OP17-042,OP17-040,OP17-046,OP17-045,OP17-056,OP17-042]
[] Life: 3
[] Hand: [OP09-096,EB04-058,OP09-099,OP16-109]
[] Trash: [OP16-110,OP09-086,OP09-096,OP16-115,OP16-110,OP16-104]
[] Board: [OP09-095,OP16-108,OP16-109,OP16-119]
[] Life: 3
[Opponent] Draw 1 Card
[] Drew card from deck: Charlotte Linlin ["OP17-049">OP17-049]
RZ1|239|2|OP17-049|0|28|1|9|1|1|0|0|0
RZ1|CHK|239|2|28|10|3|3|2|8|6|0|1|0
RZ1|240|2|Don|4|1|5|8|1|1|0|0|0
RZ1|CHK|240|2|28|10|3|3|1|9|6|0|1|0
RZ1|241|2|Don|4|0|5|9|1|1|0|0|0
RZ1|CHK|241|2|28|10|3|3|0|10|6|0|1|0
[Opponent] Draw 2 Don
[Opponent] Don Marlon ["OP17-052">OP17-052] attacking Marshall D. Teach ["OP16-080">OP16-080]
Don Marlon ["OP17-052">OP17-052][5000] vs Marshall D. Teach ["OP16-080">OP16-080][5000]
Marshall D. Teach ["OP16-080">OP16-080] hit for 1 damage
RZ1|242|1|EB04-058|3|2|1|4|1|1|0|0|0
RZ1|CHK|242|1|33|5|4|2|1|8|6|0|1|1
[Opponent] Ganzui ["OP17-043">OP17-043] attacking Marshall D. Teach ["OP16-080">OP16-080]
Ganzui ["OP17-043">OP17-043][7000] vs Marshall D. Teach ["OP16-080">OP16-080][5000]
Marshall D. Teach ["OP16-080">OP16-080] hit for 1 damage
RZ1|243|1|OP09-095|3|1|1|5|1|1|0|0|0
RZ1|CHK|243|1|33|6|4|1|1|8|6|0|1|1
[Opponent] Rocks D. Xebec ["OP17-039">OP17-039] attacking Marshall D. Teach ["OP16-080">OP16-080]
RZ1|244|2|OP17-046|1|4|6|6|1|1|0|0|0
RZ1|CHK|244|2|28|9|3|3|0|10|7|0|1|0
[Opponent] Rocks D. Xebec ["OP17-039">OP17-039]: Trash Gloriosa ["OP17-046">OP17-046]
RZ1|245|2|OP17-050|0|27|0|27|0|0|0|0|0
RZ1|CHK|245|2|28|9|3|3|0|10|7|0|1|0
[Opponent] Rocks D. Xebec ["OP17-039">OP17-039] revealed: Streusen ["OP17-050">OP17-050]
[] Drew card from deck: Streusen ["OP17-050">OP17-050]
RZ1|246|2|OP17-050|0|27|1|9|1|1|0|0|0
RZ1|CHK|246|2|27|10|3|3|0|10|7|0|1|0
[] Drew card from deck: Fullalead ["OP17-057">OP17-057]
RZ1|247|2|OP17-057|0|26|1|10|1|1|0|0|0
RZ1|CHK|247|2|26|11|3|3|0|10|7|0|1|0
[Opponent] Rocks D. Xebec ["OP17-039">OP17-039]: Draw 2 Card
RZ1|248|1|OP09-096|1|0|6|6|1|1|0|0|0
RZ1|CHK|248|1|33|5|4|1|1|8|7|0|1|1
[You] Marshall D. Teach ["OP16-080">OP16-080]: Trash This is MY AGE!!!! ["OP09-096">OP09-096]
[You] Marshall D. Teach ["OP16-080">OP16-080]: Target of Attack changed to Doc Q ["OP16-109">OP16-109]
Rocks D. Xebec ["OP17-039">OP17-039][5000] vs Doc Q ["OP16-109">OP16-109][0]
[You] Doc Q ["OP16-109">OP16-109] Destroyed
RZ1|249|1|OP16-109|2|2|6|7|1|1|0|0|0
RZ1|CHK|249|1|33|5|3|1|1|8|8|0|1|1
[] Drew card from deck: Borsalino ["EB04-058">EB04-058]
RZ1|250|1|EB04-058|0|32|1|5|1|1|0|0|0
RZ1|CHK|250|1|32|6|3|1|1|8|8|0|1|1
[You] Doc Q ["OP16-109">OP16-109]: Draw 1 Card
RZ1|251|2|Don|5|0|5|0|1|1|1|0|0
RZ1|CHK|251|2|26|11|3|3|0|10|7|0|1|0
RZ1|252|2|Don|5|1|5|1|1|1|1|0|0
RZ1|CHK|252|2|26|11|3|3|0|10|7|0|1|0
RZ1|253|2|Don|5|2|5|2|1|1|1|0|0
RZ1|CHK|253|2|26|11|3|3|0|10|7|0|1|0
RZ1|254|2|Don|5|3|5|3|1|1|1|0|0
RZ1|CHK|254|2|26|11|3|3|0|10|7|0|1|0
RZ1|255|2|Don|5|4|5|4|1|1|1|0|0
RZ1|CHK|255|2|26|11|3|3|0|10|7|0|1|0
RZ1|256|2|Don|5|5|5|5|1|1|1|0|0
RZ1|CHK|256|2|26|11|3|3|0|10|7|0|1|0
RZ1|257|2|Don|5|6|5|6|1|1|1|0|0
RZ1|CHK|257|2|26|11|3|3|0|10|7|0|1|0
RZ1|258|2|Don|5|7|5|7|1|1|1|0|0
RZ1|CHK|258|2|26|11|3|3|0|10|7|0|1|0
RZ1|259|2|Don|5|8|5|8|1|1|1|0|0
RZ1|CHK|259|2|26|11|3|3|0|10|7|0|1|0
RZ1|260|2|Don|5|9|5|9|1|1|1|0|0
RZ1|CHK|260|2|26|11|3|3|0|10|7|0|1|0
[Opponent] Deploy Rocks D. Xebec ["OP17-118">OP17-118]
RZ1|261|2|OP17-118|1|3|2|3|1|1|0|0|0
RZ1|CHK|261|2|26|10|4|3|0|10|7|0|1|0
[] Drew card from deck: Don Marlon ["OP17-052">OP17-052]
RZ1|262|2|OP17-052|0|25|1|10|1|1|0|0|0
RZ1|CHK|262|2|25|11|4|3|0|10|7|0|1|0
[Opponent] Rocks D. Xebec ["OP17-118">OP17-118]: Draw 1 Card
RZ1|263|2|OP17-040|1|1|2|4|1|1|0|0|0
RZ1|CHK|263|2|25|10|5|3|0|10|7|0|1|0
[Opponent] Rocks D. Xebec ["OP17-118">OP17-118]: Deploy Edward Newgate ["OP17-040">OP17-040]
RZ1|264|2|OP17-050|2|0|6|7|1|1|0|0|0
RZ1|CHK|264|2|25|10|4|3|0|10|8|0|1|0
[Opponent] Trash Streusen ["OP17-050">OP17-050]
RZ1|265|2|OP17-052|1|9|2|4|1|1|0|0|0
RZ1|CHK|265|2|25|9|5|3|0|10|8|0|1|0
[Opponent] Rocks D. Xebec ["OP17-118">OP17-118]: Deploy Don Marlon ["OP17-052">OP17-052]
[Opponent] <b>Draw Rocks Pirates ["OP17-056">OP17-056] from Trash</b>
RZ1|266|2|OP17-056|6|4|1|9|1|1|0|0|0
RZ1|CHK|266|2|25|10|5|3|0|10|7|0|1|0
[] Drew card from deck: Stussy ["OP17-054">OP17-054]
RZ1|267|2|OP17-054|0|24|1|10|1|1|0|0|0
RZ1|CHK|267|2|24|11|5|3|0|10|7|0|1|0
[Opponent] Edward Newgate ["OP17-040">OP17-040]: Draw 1 Card
[] Hand: [OP17-055,OP17-048,OP17-055,OP17-118,OP17-056,OP17-056,OP17-049,OP17-050,OP17-057,OP17-056,OP17-054]
[] Board: [OP17-043,OP17-052,OP17-118,OP17-040,OP17-052]
[] Trash: [OP17-042,OP17-040,OP17-046,OP17-045,OP17-042,OP17-046,OP17-050]
[] Life: 3
[] Hand: [EB04-058,OP09-099,OP16-109,EB04-058,OP09-095,EB04-058]
[] Trash: [OP16-110,OP09-086,OP09-096,OP16-115,OP16-110,OP16-104,OP09-096,OP16-109]
[] Board: [OP09-095,OP16-108,OP16-119]
[] Life: 1
[Opponent] End Turn
[] Hand: [EB04-058,OP09-099,OP16-109,EB04-058,OP09-095,EB04-058]
[] Board: [OP09-095,OP16-108,OP16-119]
[] Trash: [OP16-110,OP09-086,OP09-096,OP16-115,OP16-110,OP16-104,OP09-096,OP16-109]
[] Life: 1
[] Hand: [OP17-055,OP17-048,OP17-055,OP17-118,OP17-056,OP17-056,OP17-049,OP17-050,OP17-057,OP17-056,OP17-054]
[] Trash: [OP17-042,OP17-040,OP17-046,OP17-045,OP17-042,OP17-046,OP17-050]
[] Board: [OP17-043,OP17-052,OP17-118,OP17-040,OP17-052]
[] Life: 3
RZ1|268|1|Don|9|9900|5|0|1|1|1|0|0
RZ1|CHK|268|1|32|6|3|1|1|9|8|0|1|0
[You] Draw 1 Card
[] Drew card from deck: Marshall D. Teach ["OP16-119">OP16-119]
RZ1|269|1|OP16-119|0|31|1|6|1|1|0|0|0
RZ1|CHK|269|1|31|7|3|1|1|9|8|0|1|0
RZ1|270|1|Don|4|0|5|9|1|1|0|0|0
RZ1|CHK|270|1|31|7|3|1|0|10|8|0|1|0
[You] Draw 2 Don
[You] Marshall D. Teach ["OP16-080">OP16-080] attacking Rocks D. Xebec ["OP17-039">OP17-039]
RZ1|271|2|OP17-050|1|7|6|7|1|1|0|0|0
RZ1|CHK|271|2|24|10|5|3|0|10|8|0|1|0
[Opponent] Edward Newgate ["OP17-040">OP17-040]: Trash Streusen ["OP17-050">OP17-050]
[Opponent] Edward Newgate ["OP17-040">OP17-040]: Buff Rocks D. Xebec ["OP17-039">OP17-039] 3000 for the Combat
Marshall D. Teach ["OP16-080">OP16-080][5000] vs Rocks D. Xebec ["OP17-039">OP17-039][8000]
Attack Fails
RZ1|272|1|Don|5|0|5|0|1|1|1|0|0
RZ1|CHK|272|1|31|7|3|1|0|10|8|0|1|0
RZ1|273|1|Don|5|1|5|1|1|1|1|0|0
RZ1|CHK|273|1|31|7|3|1|0|10|8|0|1|0
RZ1|274|1|Don|5|2|5|2|1|1|1|0|0
RZ1|CHK|274|1|31|7|3|1|0|10|8|0|1|0
RZ1|275|1|Don|5|3|5|3|1|1|1|0|0
RZ1|CHK|275|1|31|7|3|1|0|10|8|0|1|0
RZ1|276|1|Don|5|4|5|4|1|1|1|0|0
RZ1|CHK|276|1|31|7|3|1|0|10|8|0|1|0
[You] Deploy Borsalino ["EB04-058">EB04-058]
RZ1|277|1|EB04-058|1|0|2|3|1|1|0|0|0
RZ1|CHK|277|1|31|6|4|1|0|10|8|0|1|0
[You] Borsalino ["EB04-058">EB04-058]: Add card to top of Life from Deck
RZ1|278|1|OP09-086|0|30|3|1|1|0|0|0|0
RZ1|CHK|278|1|30|6|4|2|0|10|8|0|1|0
[You] Shiryu ["OP16-108">OP16-108] attacking Rocks D. Xebec ["OP17-039">OP17-039]
Shiryu ["OP16-108">OP16-108][8000] vs Rocks D. Xebec ["OP17-039">OP17-039][5000]
Rocks D. Xebec ["OP17-039">OP17-039] hit for 1 damage
RZ1|279|2|OP17-040|3|2|1|10|1|1|0|0|0
RZ1|CHK|279|2|24|11|5|2|0|10|8|0|1|0
[You] Marshall D. Teach ["OP16-119">OP16-119] attacking Rocks D. Xebec ["OP17-039">OP17-039]
Marshall D. Teach ["OP16-119">OP16-119][10000] vs Rocks D. Xebec ["OP17-039">OP17-039][5000]
Rocks D. Xebec ["OP17-039">OP17-039] hit for 1 damage
RZ1|280|2|OP17-048|3|1|1|11|1|1|0|0|0
RZ1|CHK|280|2|24|12|5|1|0|10|8|0|1|0
RZ1|281|1|Don|5|5|5|5|1|1|1|0|0
RZ1|CHK|281|1|30|6|4|2|0|10|8|0|1|0
RZ1|282|1|Don|5|6|5|6|1|1|1|0|0
RZ1|CHK|282|1|30|6|4|2|0|10|8|0|1|0
RZ1|283|1|Don|5|7|5|7|1|1|1|0|0
RZ1|CHK|283|1|30|6|4|2|0|10|8|0|1|0
RZ1|284|1|Don|5|8|5|8|1|1|1|0|0
RZ1|CHK|284|1|30|6|4|2|0|10|8|0|1|0
RZ1|285|1|Don|5|9|5|9|1|1|1|0|0
RZ1|CHK|285|1|30|6|4|2|0|10|8|0|1|0
[You] Deploy Borsalino ["EB04-058">EB04-058]
RZ1|286|1|EB04-058|1|2|2|4|1|1|0|0|0
RZ1|CHK|286|1|30|5|5|2|0|10|8|0|1|0
[You] Borsalino ["EB04-058">EB04-058]: Add card to top of Life from Deck
RZ1|287|1|OP09-093|0|29|3|2|1|0|0|0|0
RZ1|CHK|287|1|29|5|5|3|0|10|8|0|1|0
[] Hand: [OP09-099,OP16-109,OP09-095,EB04-058,OP16-119]
[] Board: [OP09-095,OP16-108,OP16-119,EB04-058,EB04-058]
[] Trash: [OP16-110,OP09-086,OP09-096,OP16-115,OP16-110,OP16-104,OP09-096,OP16-109]
[] Life: 3
[] Hand: [OP17-055,OP17-048,OP17-055,OP17-118,OP17-056,OP17-056,OP17-049,OP17-057,OP17-056,OP17-054,OP17-040,OP17-048]
[] Trash: [OP17-042,OP17-040,OP17-046,OP17-045,OP17-042,OP17-046,OP17-050,OP17-050]
[] Board: [OP17-043,OP17-052,OP17-118,OP17-040,OP17-052]
[] Life: 1
[You] End Turn
[] Hand: [OP17-055,OP17-048,OP17-055,OP17-118,OP17-056,OP17-056,OP17-049,OP17-057,OP17-056,OP17-054,OP17-040,OP17-048]
[] Board: [OP17-043,OP17-052,OP17-118,OP17-040,OP17-052]
[] Trash: [OP17-042,OP17-040,OP17-046,OP17-045,OP17-042,OP17-046,OP17-050,OP17-050]
[] Life: 1
[] Hand: [OP09-099,OP16-109,OP09-095,EB04-058,OP16-119]
[] Trash: [OP16-110,OP09-086,OP09-096,OP16-115,OP16-110,OP16-104,OP09-096,OP16-109]
[] Board: [OP09-095,OP16-108,OP16-119,EB04-058,EB04-058]
[] Life: 3
[Opponent] Draw 1 Card
[] Drew card from deck: Rocks D. Xebec ["OP17-118">OP17-118]
RZ1|288|2|OP17-118|0|23|1|12|1|1|0|0|0
RZ1|CHK|288|2|23|13|5|1|0|10|8|0|1|0
[Opponent] Don Marlon ["OP17-052">OP17-052] attacking Marshall D. Teach ["OP16-080">OP16-080]
[You] Borsalino ["EB04-058">EB04-058] Blocks
Don Marlon ["OP17-052">OP17-052][5000] vs Borsalino ["EB04-058">EB04-058][6000]
Attack Fails
[Opponent] Ganzui ["OP17-043">OP17-043] attacking Marshall D. Teach ["OP16-080">OP16-080]
[You] Borsalino ["EB04-058">EB04-058] Blocks
Ganzui ["OP17-043">OP17-043][7000] vs Borsalino ["EB04-058">EB04-058][6000]
[You] Borsalino ["EB04-058">EB04-058] Destroyed
RZ1|289|1|EB04-058|2|4|6|8|1|1|0|0|0
RZ1|CHK|289|1|29|5|4|3|0|10|9|0|1|0
[Opponent] Don Marlon ["OP17-052">OP17-052] attacking Marshall D. Teach ["OP16-080">OP16-080]
[You] Discard Laffitte ["OP09-095">OP09-095] for Counter 1000
RZ1|290|1|OP09-095|1|2|6|9|1|1|0|0|0
RZ1|CHK|290|1|29|4|4|3|0|10|10|0|1|0
Don Marlon ["OP17-052">OP17-052][5000] vs Marshall D. Teach ["OP16-080">OP16-080][6000]
Attack Fails
[Opponent] Edward Newgate ["OP17-040">OP17-040] attacking Marshall D. Teach ["OP16-080">OP16-080]
Edward Newgate ["OP17-040">OP17-040][8000] vs Marshall D. Teach ["OP16-080">OP16-080][5000]
Marshall D. Teach ["OP16-080">OP16-080] hit for 1 damage
RZ1|291|1|OP09-093|3|2|1|4|1|1|0|0|0
RZ1|CHK|291|1|29|5|4|2|0|10|10|0|1|0
[Opponent] Rocks D. Xebec ["OP17-039">OP17-039] attacking Marshall D. Teach ["OP16-080">OP16-080]
RZ1|292|2|OP17-040|1|10|6|8|1|1|0|0|0
RZ1|CHK|292|2|23|12|5|1|0|10|9|0|1|0
[Opponent] Rocks D. Xebec ["OP17-039">OP17-039]: Trash Edward Newgate ["OP17-040">OP17-040]
RZ1|293|2|OP17-048|0|22|0|22|0|0|0|0|0
RZ1|CHK|293|2|23|12|5|1|0|10|9|0|1|0
[Opponent] Rocks D. Xebec ["OP17-039">OP17-039] revealed: Shiki ["OP17-048">OP17-048]
[] Drew card from deck: Shiki ["OP17-048">OP17-048]
RZ1|294|2|OP17-048|0|22|1|12|1|1|0|0|0
RZ1|CHK|294|2|22|13|5|1|0|10|9|0|1|0
[] Drew card from deck: Kyo ["OP17-045">OP17-045]
RZ1|295|2|OP17-045|0|21|1|13|1|1|0|0|0
RZ1|CHK|295|2|21|14|5|1|0|10|9|0|1|0
[Opponent] Rocks D. Xebec ["OP17-039">OP17-039]: Draw 2 Card
RZ1|296|2|OP17-045|1|13|6|9|1|1|0|0|0
RZ1|CHK|296|2|21|13|5|1|0|10|10|0|1|0
[Opponent] Edward Newgate ["OP17-040">OP17-040]: Trash Kyo ["OP17-045">OP17-045]
[Opponent] Edward Newgate ["OP17-040">OP17-040]: Buff Rocks D. Xebec ["OP17-039">OP17-039] 3000 for the Combat
Rocks D. Xebec ["OP17-039">OP17-039][8000] vs Marshall D. Teach ["OP16-080">OP16-080][5000]
Marshall D. Teach ["OP16-080">OP16-080] hit for 1 damage
RZ1|297|1|OP09-086|3|1|1|5|1|1|0|0|0
RZ1|CHK|297|1|29|6|4|1|0|10|10|0|1|0
[Opponent] Rocks D. Xebec ["OP17-118">OP17-118] attacking Marshall D. Teach ["OP16-080">OP16-080]
Rocks D. Xebec ["OP17-118">OP17-118][12000] vs Marshall D. Teach ["OP16-080">OP16-080][5000]
Marshall D. Teach ["OP16-080">OP16-080] hit for 1 damage
RZ1|298|1|OP16-116|3|0|1|6|1|1|0|0|0
RZ1|CHK|298|1|29|7|4|0|0|10|10|0|1|0
RZ1|299|2|Don|5|0|5|0|1|1|1|0|0
RZ1|CHK|299|2|21|13|5|1|0|10|10|0|1|0
RZ1|300|2|Don|5|1|5|1|1|1|1|0|0
RZ1|CHK|300|2|21|13|5|1|0|10|10|0|1|0
RZ1|301|2|Don|5|2|5|2|1|1|1|0|0
RZ1|CHK|301|2|21|13|5|1|0|10|10|0|1|0
RZ1|302|2|Don|5|3|5|3|1|1|1|0|0
RZ1|CHK|302|2|21|13|5|1|0|10|10|0|1|0
RZ1|303|2|Don|5|4|5|4|1|1|1|0|0
RZ1|CHK|303|2|21|13|5|1|0|10|10|0|1|0
RZ1|304|2|Don|5|5|5|5|1|1|1|0|0
RZ1|CHK|304|2|21|13|5|1|0|10|10|0|1|0
RZ1|305|2|Don|5|6|5|6|1|1|1|0|0
RZ1|CHK|305|2|21|13|5|1|0|10|10|0|1|0
RZ1|306|2|Don|5|7|5|7|1|1|1|0|0
RZ1|CHK|306|2|21|13|5|1|0|10|10|0|1|0
RZ1|307|2|Don|5|8|5|8|1|1|1|0|0
RZ1|CHK|307|2|21|13|5|1|0|10|10|0|1|0
RZ1|308|2|Don|5|9|5|9|1|1|1|0|0
RZ1|CHK|308|2|21|13|5|1|0|10|10|0|1|0
[Opponent] Trash Don Marlon ["OP17-052">OP17-052]
[Opponent] Deploy Rocks D. Xebec ["OP17-118">OP17-118]
RZ1|309|2|OP17-052|2|1|6|10|1|1|0|0|0
RZ1|CHK|309|2|21|13|4|1|0|10|11|0|1|0
RZ1|310|2|OP17-118|1|3|2|4|1|1|0|0|0
RZ1|CHK|310|2|21|12|5|1|0|10|11|0|1|0
[] Drew card from deck: Rocks D. Xebec ["OP17-118">OP17-118]
RZ1|311|2|OP17-118|0|20|1|12|1|1|0|0|0
RZ1|CHK|311|2|20|13|5|1|0|10|11|0|1|0
[Opponent] Rocks D. Xebec ["OP17-118">OP17-118]: Draw 1 Card
RZ1|312|2|OP17-052|2|3|6|11|1|1|0|0|0
RZ1|CHK|312|2|20|13|4|1|0|10|12|0|1|0
[Opponent] Trash Don Marlon ["OP17-052">OP17-052]
RZ1|313|2|OP17-048|1|1|2|4|1|1|0|0|0
RZ1|CHK|313|2|20|12|5|1|0|10|12|0|1|0
[Opponent] Rocks D. Xebec ["OP17-118">OP17-118]: Deploy Shiki ["OP17-048">OP17-048]
[Opponent] Shiki ["OP17-048">OP17-048] attacking Marshall D. Teach ["OP16-119">OP16-119]
RZ1|314|2|OP17-048|1|10|6|12|1|1|0|0|0
RZ1|CHK|314|2|20|11|5|1|0|10|13|0|1|0
[Opponent] Shiki ["OP17-048">OP17-048]: Trash Shiki ["OP17-048">OP17-048]
[Opponent] Shiki ["OP17-048">OP17-048]: Buff Marshall D. Teach ["OP16-119">OP16-119] -3000
Shiki ["OP17-048">OP17-048][9000] vs Marshall D. Teach ["OP16-119">OP16-119][7000]
[You] Marshall D. Teach ["OP16-119">OP16-119] Destroyed
RZ1|315|1|OP16-119|2|2|6|10|1|1|0|0|0
RZ1|CHK|315|1|29|7|3|0|0|10|11|0|1|0
[] Hand: [OP17-055,OP17-055,OP17-056,OP17-056,OP17-049,OP17-057,OP17-056,OP17-054,OP17-048,OP17-118,OP17-118]
[] Board: [OP17-043,OP17-118,OP17-040,OP17-118,OP17-048]
[] Trash: [OP17-042,OP17-040,OP17-046,OP17-045,OP17-042,OP17-046,OP17-050,OP17-050,OP17-040,OP17-045,OP17-052,OP17-052,OP17-048]
[] Life: 1
[] Hand: [OP09-099,OP16-109,EB04-058,OP16-119,OP09-093,OP09-086,OP16-116]
[] Trash: [OP16-110,OP09-086,OP09-096,OP16-115,OP16-110,OP16-104,OP09-096,OP16-109,EB04-058,OP09-095,OP16-119]
[] Board: [OP09-095,OP16-108,EB04-058]
[] Life: 0
[Opponent] End Turn
[] Hand: [OP09-099,OP16-109,EB04-058,OP16-119,OP09-093,OP09-086,OP16-116]
[] Board: [OP09-095,OP16-108,EB04-058]
[] Trash: [OP16-110,OP09-086,OP09-096,OP16-115,OP16-110,OP16-104,OP09-096,OP16-109,EB04-058,OP09-095,OP16-119]
[] Life: 0
[] Hand: [OP17-055,OP17-055,OP17-056,OP17-056,OP17-049,OP17-057,OP17-056,OP17-054,OP17-048,OP17-118,OP17-118]
[] Trash: [OP17-042,OP17-040,OP17-046,OP17-045,OP17-042,OP17-046,OP17-050,OP17-050,OP17-040,OP17-045,OP17-052,OP17-052,OP17-048]
[] Board: [OP17-043,OP17-118,OP17-040,OP17-118,OP17-048]
[] Life: 1
[You] Draw 1 Card
[] Drew card from deck: Shiryu ["OP16-108">OP16-108]
RZ1|316|1|OP16-108|0|28|1|7|1|1|0|0|0
RZ1|CHK|316|1|28|8|3|0|0|10|11|0|1|0
[You] Marshall D. Teach ["OP16-080">OP16-080] attacking Rocks D. Xebec ["OP17-039">OP17-039]
[Opponent] Rocks Pirates ["OP17-056">OP17-056]: Activate Counter
RZ1|317|2|OP17-056|1|6|6|13|1|1|0|0|0
RZ1|CHK|317|2|20|10|5|1|0|10|14|0|1|0
[Opponent] Rocks Pirates ["OP17-056">OP17-056]: Buff Rocks D. Xebec ["OP17-039">OP17-039] 2000 for the Combat
Marshall D. Teach ["OP16-080">OP16-080][5000] vs Rocks D. Xebec ["OP17-039">OP17-039][7000]
Attack Fails
[You] Shiryu ["OP16-108">OP16-108] attacking Rocks D. Xebec ["OP17-039">OP17-039]
RZ1|318|2|OP17-048|1|7|6|14|1|1|0|0|0
RZ1|CHK|318|2|20|9|5|1|0|10|15|0|1|0
[Opponent] Shiki ["OP17-048">OP17-048]: Trash Shiki ["OP17-048">OP17-048]
[Opponent] Shiki ["OP17-048">OP17-048]: Buff Shiryu ["OP16-108">OP16-108] -3000
RZ1|319|2|OP17-057|1|5|6|15|1|1|0|0|0
RZ1|CHK|319|2|20|8|5|1|0|10|16|0|1|0
[Opponent] Edward Newgate ["OP17-040">OP17-040]: Trash Fullalead ["OP17-057">OP17-057]
[Opponent] Edward Newgate ["OP17-040">OP17-040]: Buff Rocks D. Xebec ["OP17-039">OP17-039] 3000 for the Combat
Shiryu ["OP16-108">OP16-108][5000] vs Rocks D. Xebec ["OP17-039">OP17-039][8000]
Attack Fails
[You] Borsalino ["EB04-058">EB04-058] attacking Rocks D. Xebec ["OP17-039">OP17-039]
[Opponent] Rocks Pirates ["OP17-056">OP17-056]: Activate Counter
RZ1|320|2|OP17-056|1|3|6|16|1|1|0|0|0
RZ1|CHK|320|2|20|7|5|1|0|10|17|0|1|0
[Opponent] Rocks Pirates ["OP17-056">OP17-056]: Buff Rocks D. Xebec ["OP17-039">OP17-039] 2000 for the Combat
Borsalino ["EB04-058">EB04-058][6000] vs Rocks D. Xebec ["OP17-039">OP17-039][7000]
Attack Fails
RZ1|321|1|Don|5|0|5|0|1|1|1|0|0
RZ1|CHK|321|1|28|8|3|0|0|10|11|0|1|0
RZ1|322|1|Don|5|1|5|1|1|1|1|0|0
RZ1|CHK|322|1|28|8|3|0|0|10|11|0|1|0
RZ1|323|1|Don|5|2|5|2|1|1|1|0|0
RZ1|CHK|323|1|28|8|3|0|0|10|11|0|1|0
RZ1|324|1|Don|5|3|5|3|1|1|1|0|0
RZ1|CHK|324|1|28|8|3|0|0|10|11|0|1|0
RZ1|325|1|Don|5|4|5|4|1|1|1|0|0
RZ1|CHK|325|1|28|8|3|0|0|10|11|0|1|0
RZ1|326|1|Don|5|5|5|5|1|1|1|0|0
RZ1|CHK|326|1|28|8|3|0|0|10|11|0|1|0
RZ1|327|1|Don|5|6|5|6|1|1|1|0|0
RZ1|CHK|327|1|28|8|3|0|0|10|11|0|1|0
RZ1|328|1|Don|5|7|5|7|1|1|1|0|0
RZ1|CHK|328|1|28|8|3|0|0|10|11|0|1|0
RZ1|329|1|Don|5|8|5|8|1|1|1|0|0
RZ1|CHK|329|1|28|8|3|0|0|10|11|0|1|0
RZ1|330|1|Don|5|9|5|9|1|1|1|0|0
RZ1|CHK|330|1|28|8|3|0|0|10|11|0|1|0
[You] Deploy Marshall D. Teach ["OP09-093">OP09-093]
RZ1|331|1|OP09-093|1|4|2|3|1|1|0|0|0
RZ1|CHK|331|1|28|7|4|0|0|10|11|0|1|0
[You] Marshall D. Teach ["OP09-093">OP09-093]: Nullify effects of Rocks D. Xebec ["OP17-039">OP17-039]
[You] Marshall D. Teach ["OP09-093">OP09-093]: Rocks D. Xebec ["OP17-118">OP17-118] can't attack next turn
[You] Marshall D. Teach ["OP09-093">OP09-093]: Nullify effects of Rocks D. Xebec ["OP17-118">OP17-118] until next turn end!
[You] Rocks D. Xebec ["OP17-039">OP17-039] no longer nullified
[] Hand: [OP09-099,OP16-109,EB04-058,OP16-119,OP09-086,OP16-116,OP16-108]
[] Board: [OP09-095,OP16-108,EB04-058,OP09-093]
[] Trash: [OP16-110,OP09-086,OP09-096,OP16-115,OP16-110,OP16-104,OP09-096,OP16-109,EB04-058,OP09-095,OP16-119]
[] Life: 0
[] Hand: [OP17-055,OP17-055,OP17-056,OP17-049,OP17-054,OP17-118,OP17-118]
[] Trash: [OP17-042,OP17-040,OP17-046,OP17-045,OP17-042,OP17-046,OP17-050,OP17-050,OP17-040,OP17-045,OP17-052,OP17-052,OP17-048,OP17-056,OP17-048,OP17-057,OP17-056]
[] Board: [OP17-043,OP17-118,OP17-040,OP17-118,OP17-048]
[] Life: 1
[You] End Turn
[] Hand: [OP17-055,OP17-055,OP17-056,OP17-049,OP17-054,OP17-118,OP17-118]
[] Board: [OP17-043,OP17-118,OP17-040,OP17-118,OP17-048]
[] Trash: [OP17-042,OP17-040,OP17-046,OP17-045,OP17-042,OP17-046,OP17-050,OP17-050,OP17-040,OP17-045,OP17-052,OP17-052,OP17-048,OP17-056,OP17-048,OP17-057,OP17-056]
[] Life: 1
[] Hand: [OP09-099,OP16-109,EB04-058,OP16-119,OP09-086,OP16-116,OP16-108]
[] Trash: [OP16-110,OP09-086,OP09-096,OP16-115,OP16-110,OP16-104,OP09-096,OP16-109,EB04-058,OP09-095,OP16-119]
[] Board: [OP09-095,OP16-108,EB04-058,OP09-093]
[] Life: 0
[Opponent] Draw 1 Card
[] Drew card from deck: Stussy ["OP17-054">OP17-054]
RZ1|332|2|OP17-054|0|19|1|7|1|1|0|0|0
RZ1|CHK|332|2|19|8|5|1|0|10|17|0|1|0
[Opponent] Edward Newgate ["OP17-040">OP17-040] attacking Marshall D. Teach ["OP16-080">OP16-080]
RZ1|333|1|OP16-116|1|5|6|11|1|1|0|0|0
RZ1|CHK|333|1|28|6|4|0|0|10|12|0|1|0
[You] Marshall D. Teach ["OP16-080">OP16-080]: Trash ZEHAHAHAHA ["OP16-116">OP16-116]
[You] Marshall D. Teach ["OP16-080">OP16-080]: Target of Attack changed to Marshall D. Teach ["OP09-093">OP09-093]
Edward Newgate ["OP17-040">OP17-040][8000] vs Marshall D. Teach ["OP09-093">OP09-093][12000]
Attack Fails
RZ1|334|2|OP17-055|1|1|6|17|1|1|0|0|0
RZ1|CHK|334|2|19|7|5|1|0|10|18|0|1|0
[Opponent] There's No Authority in the World ["OP17-055">OP17-055]: Rest 1 Don
RZ1|335|2|Don|5|0|5|0|1|1|1|0|0
RZ1|CHK|335|2|19|7|5|1|0|10|18|0|1|0
[Opponent] There's No Authority in the World ["OP17-055">OP17-055]: Grant Unblockable to Rocks D. Xebec ["OP17-118">OP17-118]
[Opponent] Attach 9 Don to Rocks D. Xebec ["OP17-118">OP17-118] (9 Total)
RZ1|336|2|Don|5|1|9|300|1|1|0|0|0
RZ1|CHK|336|2|19|7|5|1|0|9|18|0|1|1
RZ1|337|2|Don|5|1|9|301|1|1|0|0|0
RZ1|CHK|337|2|19|7|5|1|0|8|18|0|1|2
RZ1|338|2|Don|5|1|9|302|1|1|0|0|0
RZ1|CHK|338|2|19|7|5|1|0|7|18|0|1|3
RZ1|339|2|Don|5|1|9|303|1|1|0|0|0
RZ1|CHK|339|2|19|7|5|1|0|6|18|0|1|4
RZ1|340|2|Don|5|1|9|304|1|1|0|0|0
RZ1|CHK|340|2|19|7|5|1|0|5|18|0|1|5
RZ1|341|2|Don|5|1|9|305|1|1|0|0|0
RZ1|CHK|341|2|19|7|5|1|0|4|18|0|1|6
RZ1|342|2|Don|5|1|9|306|1|1|0|0|0
RZ1|CHK|342|2|19|7|5|1|0|3|18|0|1|7
RZ1|343|2|Don|5|1|9|307|1|1|0|0|0
RZ1|CHK|343|2|19|7|5|1|0|2|18|0|1|8
RZ1|344|2|Don|5|1|9|308|1|1|0|0|0
RZ1|CHK|344|2|19|7|5|1|0|1|18|0|1|9
[Opponent] Rocks D. Xebec ["OP17-118">OP17-118] attacking Marshall D. Teach ["OP16-080">OP16-080]
Rocks D. Xebec ["OP17-118">OP17-118][21000] vs Marshall D. Teach ["OP16-080">OP16-080][5000]
Marshall D. Teach ["OP16-080">OP16-080] hit for 1 damage
[You] <b>Downloaded the Combat Log!</b>
GameOver
