Version is 1.42b
[You] Leader is Marshall D. Teach ["OP16-080">OP16-080]
RZ1|HDR|1.42b|2|RZ1
RZ1|PLY|1||OP16-080
RZ1|PLY|2||
[Opponent] Leader is Rocks D. Xebec ["OP17-039">OP17-039]
RZ1|1|2|OP17-040|0|29|0|0|0|0|0|0|0
RZ1|CHK|1|2|50|0|0|0|10|0|0|0|1|0
RZ1|2|2|OP17-056|0|44|0|1|0|0|0|0|0
RZ1|CHK|2|2|50|0|0|0|10|0|0|0|1|0
RZ1|3|2|OP17-044|0|17|0|2|0|0|0|0|0
RZ1|CHK|3|2|50|0|0|0|10|0|0|0|1|0
RZ1|4|2|OP17-056|0|44|0|3|0|0|0|0|0
RZ1|CHK|4|2|50|0|0|0|10|0|0|0|1|0
RZ1|5|2|OP17-055|0|42|0|4|0|0|0|0|0
RZ1|CHK|5|2|50|0|0|0|10|0|0|0|1|0
RZ1|6|2|OP17-118|0|40|0|5|0|0|0|0|0
RZ1|CHK|6|2|50|0|0|0|10|0|0|0|1|0
RZ1|7|2|OP17-057|0|49|0|6|0|0|0|0|0
RZ1|CHK|7|2|50|0|0|0|10|0|0|0|1|0
RZ1|8|2|OP17-042|0|21|0|7|0|0|0|0|0
RZ1|CHK|8|2|50|0|0|0|10|0|0|0|1|0
RZ1|9|2|OP17-048|0|39|0|8|0|0|0|0|0
RZ1|CHK|9|2|50|0|0|0|10|0|0|0|1|0
RZ1|10|2|OP17-049|0|31|0|9|0|0|0|0|0
RZ1|CHK|10|2|50|0|0|0|10|0|0|0|1|0
RZ1|11|2|OP17-040|0|36|0|10|0|0|0|0|0
RZ1|CHK|11|2|50|0|0|0|10|0|0|0|1|0
RZ1|12|2|OP17-043|0|31|0|11|0|0|0|0|0
RZ1|CHK|12|2|50|0|0|0|10|0|0|0|1|0
RZ1|13|2|OP17-056|0|47|0|12|0|0|0|0|0
RZ1|CHK|13|2|50|0|0|0|10|0|0|0|1|0
RZ1|14|2|OP17-046|0|30|0|13|0|0|0|0|0
RZ1|CHK|14|2|50|0|0|0|10|0|0|0|1|0
RZ1|15|2|OP17-043|0|32|0|14|0|0|0|0|0
RZ1|CHK|15|2|50|0|0|0|10|0|0|0|1|0
RZ1|16|2|OP17-044|0|29|0|15|0|0|0|0|0
RZ1|CHK|16|2|50|0|0|0|10|0|0|0|1|0
RZ1|17|2|OP17-050|0|17|0|16|0|0|0|0|0
RZ1|CHK|17|2|50|0|0|0|10|0|0|0|1|0
RZ1|18|2|OP17-052|0|22|0|17|0|0|0|0|0
RZ1|CHK|18|2|50|0|0|0|10|0|0|0|1|0
RZ1|19|2|OP17-040|0|36|0|18|0|0|0|0|0
RZ1|CHK|19|2|50|0|0|0|10|0|0|0|1|0
RZ1|20|2|OP17-118|0|43|0|19|0|0|0|0|0
RZ1|CHK|20|2|50|0|0|0|10|0|0|0|1|0
RZ1|21|2|OP17-057|0|48|0|20|0|0|0|0|0
RZ1|CHK|21|2|50|0|0|0|10|0|0|0|1|0
RZ1|22|2|OP17-049|0|36|0|21|0|0|0|0|0
RZ1|CHK|22|2|50|0|0|0|10|0|0|0|1|0
RZ1|23|2|OP17-048|0|42|0|22|0|0|0|0|0
RZ1|CHK|23|2|50|0|0|0|10|0|0|0|1|0
RZ1|24|2|OP17-046|0|35|0|23|0|0|0|0|0
RZ1|CHK|24|2|50|0|0|0|10|0|0|0|1|0
RZ1|25|2|OP17-052|0|29|0|24|0|0|0|0|0
RZ1|CHK|25|2|50|0|0|0|10|0|0|0|1|0
RZ1|26|2|OP17-042|0|35|0|25|0|0|0|0|0
RZ1|CHK|26|2|50|0|0|0|10|0|0|0|1|0
RZ1|27|2|OP17-055|0|45|0|26|0|0|0|0|0
RZ1|CHK|27|2|50|0|0|0|10|0|0|0|1|0
RZ1|28|2|OP17-046|0|37|0|27|0|0|0|0|0
RZ1|CHK|28|2|50|0|0|0|10|0|0|0|1|0
RZ1|29|2|OP17-048|0|43|0|28|0|0|0|0|0
RZ1|CHK|29|2|50|0|0|0|10|0|0|0|1|0
RZ1|30|2|OP17-054|0|35|0|29|0|0|0|0|0
RZ1|CHK|30|2|50|0|0|0|10|0|0|0|1|0
RZ1|31|2|OP17-054|0|36|0|30|0|0|0|0|0
RZ1|CHK|31|2|50|0|0|0|10|0|0|0|1|0
RZ1|32|2|OP17-048|0|43|0|32|0|0|0|0|0
RZ1|CHK|32|2|50|0|0|0|10|0|0|0|1|0
RZ1|33|2|OP17-054|0|38|0|33|0|0|0|0|0
RZ1|CHK|33|2|50|0|0|0|10|0|0|0|1|0
RZ1|34|2|OP17-118|0|45|0|34|0|0|0|0|0
RZ1|CHK|34|2|50|0|0|0|10|0|0|0|1|0
RZ1|35|2|OP17-118|0|45|0|35|0|0|0|0|0
RZ1|CHK|35|2|50|0|0|0|10|0|0|0|1|0
RZ1|36|2|OP17-054|0|41|0|36|0|0|0|0|0
RZ1|CHK|36|2|50|0|0|0|10|0|0|0|1|0
RZ1|37|2|OP17-057|0|49|0|37|0|0|0|0|0
RZ1|CHK|37|2|50|0|0|0|10|0|0|0|1|0
RZ1|38|2|OP17-045|0|41|0|38|0|0|0|0|0
RZ1|CHK|38|2|50|0|0|0|10|0|0|0|1|0
RZ1|39|2|OP17-056|0|49|0|39|0|0|0|0|0
RZ1|CHK|39|2|50|0|0|0|10|0|0|0|1|0
RZ1|40|2|OP17-055|0|48|0|40|0|0|0|0|0
RZ1|CHK|40|2|50|0|0|0|10|0|0|0|1|0
RZ1|41|2|OP17-040|0|48|0|41|0|0|0|0|0
RZ1|CHK|41|2|50|0|0|0|10|0|0|0|1|0
RZ1|42|2|OP17-045|0|43|0|42|0|0|0|0|0
RZ1|CHK|42|2|50|0|0|0|10|0|0|0|1|0
RZ1|43|2|OP17-055|0|49|0|43|0|0|0|0|0
RZ1|CHK|43|2|50|0|0|0|10|0|0|0|1|0
RZ1|44|2|OP17-046|0|47|0|44|0|0|0|0|0
RZ1|CHK|44|2|50|0|0|0|10|0|0|0|1|0
RZ1|45|2|OP17-045|0|46|0|45|0|0|0|0|0
RZ1|CHK|45|2|50|0|0|0|10|0|0|0|1|0
RZ1|46|2|OP17-052|0|47|0|46|0|0|0|0|0
RZ1|CHK|46|2|50|0|0|0|10|0|0|0|1|0
RZ1|47|2|OP17-049|0|49|0|47|0|0|0|0|0
RZ1|CHK|47|2|50|0|0|0|10|0|0|0|1|0
RZ1|48|2|OP17-049|0|49|0|48|0|0|0|0|0
RZ1|CHK|48|2|50|0|0|0|10|0|0|0|1|0
[] Drew card from deck: Vasco Shot ["OP16-110">OP16-110]
RZ1|49|1|OP16-110|0|49|1|0|1|1|0|0|0
RZ1|CHK|49|1|49|1|0|0|10|0|0|0|1|0
[] Drew card from deck: ZEHAHAHAHA ["OP16-116">OP16-116]
RZ1|50|1|OP16-116|0|48|1|1|1|1|0|0|0
RZ1|CHK|50|1|48|2|0|0|10|0|0|0|1|0
[] Drew card from deck: Doc Q ["OP16-109">OP16-109]
RZ1|51|1|OP16-109|0|47|1|2|1|1|0|0|0
RZ1|CHK|51|1|47|3|0|0|10|0|0|0|1|0
[] Drew card from deck: Jesus Burgess ["OP09-086">OP09-086]
RZ1|52|1|OP09-086|0|46|1|3|1|1|0|0|0
RZ1|CHK|52|1|46|4|0|0|10|0|0|0|1|0
[] Drew card from deck: Marshall D. Teach ["OP09-093">OP09-093]
RZ1|53|1|OP09-093|0|45|1|4|1|1|0|0|0
RZ1|CHK|53|1|45|5|0|0|10|0|0|0|1|0
[] Drew card from deck: Streusen ["OP17-050">OP17-050]
RZ1|54|2|OP17-050|0|49|1|0|1|1|0|0|0
RZ1|CHK|54|2|49|1|0|0|10|0|0|0|1|0
[] Drew card from deck: Charlotte Linlin ["OP17-049">OP17-049]
RZ1|55|2|OP17-049|0|48|1|1|1|1|0|0|0
RZ1|CHK|55|2|48|2|0|0|10|0|0|0|1|0
[] Drew card from deck: Charlotte Linlin ["OP17-049">OP17-049]
RZ1|56|2|OP17-049|0|47|1|2|1|1|0|0|0
RZ1|CHK|56|2|47|3|0|0|10|0|0|0|1|0
[] Drew card from deck: Don Marlon ["OP17-052">OP17-052]
RZ1|57|2|OP17-052|0|46|1|3|1|1|0|0|0
RZ1|CHK|57|2|46|4|0|0|10|0|0|0|1|0
[] Drew card from deck: Kyo ["OP17-045">OP17-045]
RZ1|58|2|OP17-045|0|45|1|4|1|1|0|0|0
RZ1|CHK|58|2|45|5|0|0|10|0|0|0|1|0
RZ1|59|1|OP06-115|0|44|3|0|1|0|0|0|0
RZ1|CHK|59|1|44|5|0|1|10|0|0|0|1|0
RZ1|60|1|OP16-108|0|43|3|1|1|0|0|0|0
RZ1|CHK|60|1|43|5|0|2|10|0|0|0|1|0
RZ1|61|1|OP16-104|0|42|3|2|1|0|0|0|0
RZ1|CHK|61|1|42|5|0|3|10|0|0|0|1|0
RZ1|62|1|OP09-086|0|41|3|3|1|0|0|0|0
RZ1|CHK|62|1|41|5|0|4|10|0|0|0|1|0
RZ1|63|2|OP17-046|0|44|3|0|0|1|0|0|0
RZ1|CHK|63|2|44|5|0|1|10|0|0|0|1|0
RZ1|64|2|OP17-055|0|43|3|1|0|1|0|0|0
RZ1|CHK|64|2|43|5|0|2|10|0|0|0|1|0
RZ1|65|2|OP17-045|0|42|3|2|0|1|0|0|0
RZ1|CHK|65|2|42|5|0|3|10|0|0|0|1|0
RZ1|66|2|OP17-040|0|41|3|3|0|1|0|0|0
RZ1|CHK|66|2|41|5|0|4|10|0|0|0|1|0
RZ1|67|2|OP17-055|0|40|3|4|0|1|0|0|0
RZ1|CHK|67|2|40|5|0|5|10|0|0|0|1|0
[] Hand: [OP16-110,OP16-116,OP16-109,OP09-086,OP09-093]
[] Board: []
[] Trash: []
[] Life: 4
[] Hand: [OP17-050,OP17-049,OP17-049,OP17-052,OP17-045]
[] Trash: []
[] Board: []
[] Life: 5
RZ1|68|1|Don|4|9|5|0|1|1|0|0|0
RZ1|CHK|68|1|41|5|0|4|9|1|0|0|1|0
[You] Draw 1 Don
RZ1|69|1|Don|5|0|5|0|1|1|1|0|0
RZ1|CHK|69|1|41|5|0|4|9|1|0|0|1|0
[You] Deploy Vasco Shot ["OP16-110">OP16-110]
RZ1|70|1|OP16-110|1|0|2|0|1|1|0|0|0
RZ1|CHK|70|1|41|4|1|4|9|1|0|0|1|0
[] Hand: [OP16-116,OP16-109,OP09-086,OP09-093]
[] Board: [OP16-110]
[] Trash: []
[] Life: 4
[] Hand: [OP17-050,OP17-049,OP17-049,OP17-052,OP17-045]
[] Trash: []
[] Board: []
[] Life: 5
[You] End Turn
[] Hand: [OP17-050,OP17-049,OP17-049,OP17-052,OP17-045]
[] Board: []
[] Trash: []
[] Life: 5
[] Hand: [OP16-116,OP16-109,OP09-086,OP09-093]
[] Trash: []
[] Board: [OP16-110]
[] Life: 4
[Opponent] Draw 1 Card
[] Drew card from deck: Rocks Pirates ["OP17-056">OP17-056]
RZ1|71|2|OP17-056|0|39|1|5|1|1|0|0|0
RZ1|CHK|71|2|39|6|0|5|10|0|0|0|1|0
RZ1|72|2|Don|4|9|5|0|1|1|0|0|0
RZ1|CHK|72|2|39|6|0|5|9|1|0|0|1|0
RZ1|73|2|Don|4|8|5|1|1|1|0|0|0
RZ1|CHK|73|2|39|6|0|5|8|2|0|0|1|0
[Opponent] Draw 2 Don
RZ1|74|2|Don|5|0|5|0|1|1|1|0|0
RZ1|CHK|74|2|39|6|0|5|8|2|0|0|1|0
RZ1|75|2|Don|5|1|5|1|1|1|1|0|0
RZ1|CHK|75|2|39|6|0|5|8|2|0|0|1|0
[Opponent] Deploy Kyo ["OP17-045">OP17-045]
RZ1|76|2|OP17-045|1|4|2|0|1|1|0|0|0
RZ1|CHK|76|2|39|5|1|5|8|2|0|0|1|0
[] Drew card from deck: Kyo ["OP17-045">OP17-045]
RZ1|77|2|OP17-045|0|38|1|5|1|1|0|0|0
RZ1|CHK|77|2|38|6|1|5|8|2|0|0|1|0
[Opponent] Kyo ["OP17-045">OP17-045]: Draw 1 Card
[] Hand: [OP17-050,OP17-049,OP17-049,OP17-052,OP17-056,OP17-045]
[] Board: [OP17-045]
[] Trash: []
[] Life: 5
[] Hand: [OP16-116,OP16-109,OP09-086,OP09-093]
[] Trash: []
[] Board: [OP16-110]
[] Life: 4
[Opponent] End Turn
[] Hand: [OP16-116,OP16-109,OP09-086,OP09-093]
[] Board: [OP16-110]
[] Trash: []
[] Life: 4
[] Hand: [OP17-050,OP17-049,OP17-049,OP17-052,OP17-056,OP17-045]
[] Trash: []
[] Board: [OP17-045]
[] Life: 5
[You] Draw 1 Card
[] Drew card from deck: Catarina Devon ["OP16-104">OP16-104]
RZ1|78|1|OP16-104|0|40|1|4|1|1|0|0|0
RZ1|CHK|78|1|40|5|1|4|9|1|0|0|1|0
RZ1|79|1|Don|4|8|5|1|1|1|0|0|0
RZ1|CHK|79|1|40|5|1|4|8|2|0|0|1|0
RZ1|80|1|Don|4|7|5|2|1|1|0|0|0
RZ1|CHK|80|1|40|5|1|4|7|3|0|0|1|0
[You] Draw 2 Don
[You] Marshall D. Teach ["OP16-080">OP16-080] attacking Rocks D. Xebec ["OP17-039">OP17-039]
Marshall D. Teach ["OP16-080">OP16-080][5000] vs Rocks D. Xebec ["OP17-039">OP17-039][5000]
Rocks D. Xebec ["OP17-039">OP17-039] hit for 1 damage
RZ1|81|2|OP17-055|3|4|1|6|1|1|0|0|0
RZ1|CHK|81|2|38|7|1|4|8|2|0|0|1|0
RZ1|82|1|Don|5|0|9|0|1|1|0|0|0
RZ1|CHK|82|1|40|5|1|4|7|2|0|0|1|1
RZ1|83|1|Don|5|0|9|1|1|1|0|0|0
RZ1|CHK|83|1|40|5|1|4|7|1|0|0|1|2
RZ1|84|1|Don|5|0|9|2|1|1|0|0|0
RZ1|CHK|84|1|40|5|1|4|7|0|0|0|1|3
[You] Attach 3 Don to Vasco Shot ["OP16-110">OP16-110] (3 Total)
[You] Vasco Shot ["OP16-110">OP16-110] attacking Rocks D. Xebec ["OP17-039">OP17-039]
Vasco Shot ["OP16-110">OP16-110][5000] vs Rocks D. Xebec ["OP17-039">OP17-039][5000]
Rocks D. Xebec ["OP17-039">OP17-039] hit for 1 damage
RZ1|85|2|OP17-040|3|3|1|7|1|1|0|0|0
RZ1|CHK|85|2|38|8|1|3|8|2|0|0|1|0
[] Hand: [OP16-116,OP16-109,OP09-086,OP09-093,OP16-104]
[] Board: [OP16-110]
[] Trash: []
[] Life: 4
[] Hand: [OP17-050,OP17-049,OP17-049,OP17-052,OP17-056,OP17-045,OP17-055,OP17-040]
[] Trash: []
[] Board: [OP17-045]
[] Life: 3
[You] End Turn
[] Hand: [OP17-050,OP17-049,OP17-049,OP17-052,OP17-056,OP17-045,OP17-055,OP17-040]
[] Board: [OP17-045]
[] Trash: []
[] Life: 3
[] Hand: [OP16-116,OP16-109,OP09-086,OP09-093,OP16-104]
[] Trash: []
[] Board: [OP16-110]
[] Life: 4
[Opponent] Draw 1 Card
[] Drew card from deck: Fullalead ["OP17-057">OP17-057]
RZ1|86|2|OP17-057|0|37|1|8|1|1|0|0|0
RZ1|CHK|86|2|37|9|1|3|8|2|0|0|1|0
RZ1|87|2|Don|4|7|5|2|1|1|0|0|0
RZ1|CHK|87|2|37|9|1|3|7|3|0|0|1|0
RZ1|88|2|Don|4|6|5|3|1|1|0|0|0
RZ1|CHK|88|2|37|9|1|3|6|4|0|0|1|0
[Opponent] Draw 2 Don
[Opponent] Kyo ["OP17-045">OP17-045] attacking Vasco Shot ["OP16-110">OP16-110]
Kyo ["OP17-045">OP17-045][4000] vs Vasco Shot ["OP16-110">OP16-110][2000]
[You] Vasco Shot ["OP16-110">OP16-110] Destroyed
RZ1|89|1|Don|9|0|5|0|1|1|1|0|0
RZ1|CHK|89|1|40|5|1|4|7|1|0|0|1|2
RZ1|90|1|Don|9|0|5|0|1|1|1|0|0
RZ1|CHK|90|1|40|5|1|4|7|2|0|0|1|1
RZ1|91|1|Don|9|0|5|0|1|1|1|0|0
RZ1|CHK|91|1|40|5|1|4|7|3|0|0|1|0
RZ1|92|1|OP16-110|2|0|6|0|1|1|0|0|0
RZ1|CHK|92|1|40|5|0|4|7|3|1|0|1|0
[] Drew card from deck: Vasco Shot ["OP16-110">OP16-110]
RZ1|93|1|OP16-110|0|39|1|5|1|1|0|0|0
RZ1|CHK|93|1|39|6|0|4|7|3|1|0|1|0
[You] Vasco Shot ["OP16-110">OP16-110]: Draw 1 Card
RZ1|94|2|Don|5|0|5|0|1|1|1|0|0
RZ1|CHK|94|2|37|9|1|3|6|4|0|0|1|0
[Opponent] Deploy Fullalead ["OP17-057">OP17-057]
RZ1|95|2|OP17-057|1|8|7|0|1|1|0|0|0
RZ1|CHK|95|2|37|8|1|3|6|4|0|1|1|0
RZ1|96|2|Don|5|1|5|1|1|1|1|0|0
RZ1|CHK|96|2|37|8|1|3|6|4|0|1|1|0
[Opponent] Deploy Streusen ["OP17-050">OP17-050]
RZ1|97|2|OP17-050|1|0|2|1|1|1|0|0|0
RZ1|CHK|97|2|37|7|2|3|6|4|0|1|1|0
[Opponent] Placing Cards on Top of Deck
RZ1|98|2|OP17-118|0|35|0|36|0|0|0|0|0
RZ1|CHK|98|2|37|7|2|3|6|4|0|1|1|0
RZ1|99|2|OP17-054|0|35|0|36|0|0|0|0|0
RZ1|CHK|99|2|37|7|2|3|6|4|0|1|1|0
[] Drew card from deck: Stussy ["OP17-054">OP17-054]
RZ1|100|2|OP17-054|0|36|1|7|1|1|0|0|0
RZ1|CHK|100|2|36|8|2|3|6|4|0|1|1|0
[Opponent] Streusen ["OP17-050">OP17-050]: Draw 1 Card
[Opponent] Attach 1 Don to Rocks D. Xebec ["OP17-039">OP17-039] (1 Total)
RZ1|101|2|Don|5|3|9|9900|1|1|0|0|0
RZ1|CHK|101|2|36|8|2|3|6|3|0|1|1|1
[Opponent] Attach 1 Don to Rocks D. Xebec ["OP17-039">OP17-039] (2 Total)
RZ1|102|2|Don|5|2|9|9901|1|1|0|0|0
RZ1|CHK|102|2|36|8|2|3|6|2|0|1|1|2
[Opponent] Rocks D. Xebec ["OP17-039">OP17-039] attacking Marshall D. Teach ["OP16-080">OP16-080]
RZ1|103|2|OP17-045|1|4|6|0|1|1|0|0|0
RZ1|CHK|103|2|36|7|2|3|6|2|1|1|1|2
[Opponent] Rocks D. Xebec ["OP17-039">OP17-039]: Trash Kyo ["OP17-045">OP17-045]
RZ1|104|2|OP17-118|0|35|0|35|0|0|0|0|0
RZ1|CHK|104|2|36|7|2|3|6|2|1|1|1|2
[Opponent] Rocks D. Xebec ["OP17-039">OP17-039] revealed: Rocks D. Xebec ["OP17-118">OP17-118]
[] Drew card from deck: Rocks D. Xebec ["OP17-118">OP17-118]
RZ1|105|2|OP17-118|0|35|1|7|1|1|0|0|0
RZ1|CHK|105|2|35|8|2|3|6|2|1|1|1|2
[] Drew card from deck: Rocks D. Xebec ["OP17-118">OP17-118]
RZ1|106|2|OP17-118|0|34|1|8|1|1|0|0|0
RZ1|CHK|106|2|34|9|2|3|6|2|1|1|1|2
[Opponent] Rocks D. Xebec ["OP17-039">OP17-039]: Draw 2 Card
Rocks D. Xebec ["OP17-039">OP17-039][7000] vs Marshall D. Teach ["OP16-080">OP16-080][5000]
Marshall D. Teach ["OP16-080">OP16-080] hit for 1 damage
RZ1|107|1|OP09-086|3|3|1|6|1|1|0|0|0
RZ1|CHK|107|1|39|7|0|3|7|3|1|0|1|0
[] Hand: [OP17-049,OP17-049,OP17-052,OP17-056,OP17-055,OP17-040,OP17-054,OP17-118,OP17-118]
[] Board: [OP17-045,OP17-050]
[] Trash: [OP17-045]
[] Life: 3
[] Hand: [OP16-116,OP16-109,OP09-086,OP09-093,OP16-104,OP16-110,OP09-086]
[] Trash: [OP16-110]
[] Board: []
[] Life: 3
[Opponent] End Turn
[] Hand: [OP16-116,OP16-109,OP09-086,OP09-093,OP16-104,OP16-110,OP09-086]
[] Board: []
[] Trash: [OP16-110]
[] Life: 3
[] Hand: [OP17-049,OP17-049,OP17-052,OP17-056,OP17-055,OP17-040,OP17-054,OP17-118,OP17-118]
[] Trash: [OP17-045]
[] Board: [OP17-045,OP17-050]
[] Life: 3
[You] Draw 1 Card
[] Drew card from deck: Black Vortex ["OP16-115">OP16-115]
RZ1|108|1|OP16-115|0|38|1|7|1|1|0|0|0
RZ1|CHK|108|1|38|8|0|3|7|3|1|0|1|0
RZ1|109|1|Don|4|6|5|3|1|1|0|0|0
RZ1|CHK|109|1|38|8|0|3|6|4|1|0|1|0
RZ1|110|1|Don|4|5|5|4|1|1|0|0|0
RZ1|CHK|110|1|38|8|0|3|5|5|1|0|1|0
[You] Draw 2 Don
[You] Marshall D. Teach ["OP16-080">OP16-080] attacking Rocks D. Xebec ["OP17-039">OP17-039]
[Opponent] Fullalead ["OP17-057">OP17-057]: Rest Fullalead ["OP17-057">OP17-057]
RZ1|111|2|OP17-040|1|5|6|1|1|1|0|0|0
RZ1|CHK|111|2|34|8|2|3|6|2|2|1|1|2
[Opponent] Fullalead ["OP17-057">OP17-057]: Trash Edward Newgate ["OP17-040">OP17-040]
[Opponent] Fullalead ["OP17-057">OP17-057]: Buff Rocks D. Xebec ["OP17-039">OP17-039] 1000 for the Combat
Marshall D. Teach ["OP16-080">OP16-080][5000] vs Rocks D. Xebec ["OP17-039">OP17-039][6000]
Attack Fails
RZ1|112|1|Don|5|0|5|0|1|1|1|0|0
RZ1|CHK|112|1|38|8|0|3|5|5|1|0|1|0
[You] Deploy Vasco Shot ["OP16-110">OP16-110]
RZ1|113|1|OP16-110|1|5|2|0|1|1|0|0|0
RZ1|CHK|113|1|38|7|1|3|5|5|1|0|1|0
RZ1|114|1|Don|5|1|5|1|1|1|1|0|0
RZ1|CHK|114|1|38|7|1|3|5|5|1|0|1|0
RZ1|115|1|Don|5|2|5|2|1|1|1|0|0
RZ1|CHK|115|1|38|7|1|3|5|5|1|0|1|0
RZ1|116|1|Don|5|3|5|3|1|1|1|0|0
RZ1|CHK|116|1|38|7|1|3|5|5|1|0|1|0
RZ1|117|1|Don|5|4|5|4|1|1|1|0|0
RZ1|CHK|117|1|38|7|1|3|5|5|1|0|1|0
[You] Deploy Catarina Devon ["OP16-104">OP16-104]
RZ1|118|1|OP16-104|1|4|2|1|1|1|0|0|0
RZ1|CHK|118|1|38|6|2|3|5|5|1|0|1|0
[] Hand: [OP16-116,OP16-109,OP09-086,OP09-093,OP09-086,OP16-115]
[] Board: [OP16-110,OP16-104]
[] Trash: [OP16-110]
[] Life: 3
[] Hand: [OP17-049,OP17-049,OP17-052,OP17-056,OP17-055,OP17-054,OP17-118,OP17-118]
[] Trash: [OP17-045,OP17-040]
[] Board: [OP17-045,OP17-050]
[] Life: 3
[You] End Turn
[] Hand: [OP17-049,OP17-049,OP17-052,OP17-056,OP17-055,OP17-054,OP17-118,OP17-118]
[] Board: [OP17-045,OP17-050]
[] Trash: [OP17-045,OP17-040]
[] Life: 3
[] Hand: [OP16-116,OP16-109,OP09-086,OP09-093,OP09-086,OP16-115]
[] Trash: [OP16-110]
[] Board: [OP16-110,OP16-104]
[] Life: 3
RZ1|119|2|Don|9|9900|5|0|1|1|1|0|0
RZ1|CHK|119|2|34|8|2|3|6|3|2|1|1|1
RZ1|120|2|Don|9|9900|5|0|1|1|1|0|0
RZ1|CHK|120|2|34|8|2|3|6|4|2|1|1|0
[Opponent] Draw 1 Card
[] Drew card from deck: Stussy ["OP17-054">OP17-054]
RZ1|121|2|OP17-054|0|33|1|8|1|1|0|0|0
RZ1|CHK|121|2|33|9|2|3|6|4|2|1|1|0
RZ1|122|2|Don|4|5|5|4|1|1|0|0|0
RZ1|CHK|122|2|33|9|2|3|5|5|2|1|1|0
RZ1|123|2|Don|4|4|5|5|1|1|0|0|0
RZ1|CHK|123|2|33|9|2|3|4|6|2|1|1|0
[Opponent] Draw 2 Don
RZ1|124|2|Don|5|0|5|0|1|1|1|0|0
RZ1|CHK|124|2|33|9|2|3|4|6|2|1|1|0
RZ1|125|2|Don|5|1|5|1|1|1|1|0|0
RZ1|CHK|125|2|33|9|2|3|4|6|2|1|1|0
RZ1|126|2|Don|5|2|5|2|1|1|1|0|0
RZ1|CHK|126|2|33|9|2|3|4|6|2|1|1|0
RZ1|127|2|Don|5|3|5|3|1|1|1|0|0
RZ1|CHK|127|2|33|9|2|3|4|6|2|1|1|0
RZ1|128|2|Don|5|4|5|4|1|1|1|0|0
RZ1|CHK|128|2|33|9|2|3|4|6|2|1|1|0
[Opponent] Deploy Charlotte Linlin ["OP17-049">OP17-049]
RZ1|129|2|OP17-049|1|1|2|2|1|1|0|0|0
RZ1|CHK|129|2|33|8|3|3|4|6|2|1|1|0
[Opponent] Forcing opponent to resolve Card Action!
RZ1|130|1|OP16-115|1|5|6|1|1|1|0|0|0
RZ1|CHK|130|1|38|5|2|3|5|5|2|0|1|0
[You] Charlotte Linlin ["OP17-049">OP17-049]: Trash Black Vortex ["OP16-115">OP16-115]
RZ1|131|1|OP16-109|1|1|6|2|1|1|0|0|0
RZ1|CHK|131|1|38|4|2|3|5|5|3|0|1|0
[You] Charlotte Linlin ["OP17-049">OP17-049]: Trash Doc Q ["OP16-109">OP16-109]
[Opponent] Attach 1 Don to Kyo ["OP17-045">OP17-045] (1 Total)
RZ1|132|2|Don|5|5|9|0|1|1|0|0|0
RZ1|CHK|132|2|33|8|3|3|4|5|2|1|1|1
[Opponent] Kyo ["OP17-045">OP17-045] attacking Marshall D. Teach ["OP16-080">OP16-080]
Kyo ["OP17-045">OP17-045][5000] vs Marshall D. Teach ["OP16-080">OP16-080][5000]
Marshall D. Teach ["OP16-080">OP16-080] hit for 1 damage
RZ1|133|1|OP16-104|3|2|1|4|1|1|0|0|0
RZ1|CHK|133|1|38|5|2|2|5|5|3|0|1|0
[You] Catarina Devon ["OP16-104">OP16-104]: Activate Trigger
RZ1|134|1|OP16-104|1|4|6|3|1|1|0|0|0
RZ1|CHK|134|1|38|4|2|2|5|5|4|0|1|0
[] Drew card from deck: Fullalead ["OP09-099">OP09-099]
RZ1|135|1|OP09-099|0|37|1|4|1|1|0|0|0
RZ1|CHK|135|1|37|5|2|2|5|5|4|0|1|0
[You] Catarina Devon ["OP16-104">OP16-104]: Draw 1 Card
[You] Catarina Devon ["OP16-104">OP16-104]: Deployed Vasco Shot ["OP16-110">OP16-110] from Trash
RZ1|136|1|OP16-110|6|0|2|2|1|1|0|0|1
RZ1|CHK|136|1|37|5|3|2|5|5|3|0|1|0
[Opponent] Rocks D. Xebec ["OP17-039">OP17-039] attacking Marshall D. Teach ["OP16-080">OP16-080]
RZ1|137|2|OP17-052|1|1|6|2|1|1|0|0|0
RZ1|CHK|137|2|33|7|3|3|4|5|3|1|1|1
[Opponent] Rocks D. Xebec ["OP17-039">OP17-039]: Trash Don Marlon ["OP17-052">OP17-052]
RZ1|138|2|OP17-048|0|32|0|32|0|0|0|0|0
RZ1|CHK|138|2|33|7|3|3|4|5|3|1|1|1
[Opponent] Rocks D. Xebec ["OP17-039">OP17-039] revealed: Shiki ["OP17-048">OP17-048]
[] Drew card from deck: Shiki ["OP17-048">OP17-048]
RZ1|139|2|OP17-048|0|32|1|7|1|1|0|0|0
RZ1|CHK|139|2|32|8|3|3|4|5|3|1|1|1
[] Drew card from deck: Streusen ["OP17-050">OP17-050]
RZ1|140|2|OP17-050|0|31|1|8|1|1|0|0|0
RZ1|CHK|140|2|31|9|3|3|4|5|3|1|1|1
[Opponent] Rocks D. Xebec ["OP17-039">OP17-039]: Draw 2 Card
Rocks D. Xebec ["OP17-039">OP17-039][5000] vs Marshall D. Teach ["OP16-080">OP16-080][5000]
Marshall D. Teach ["OP16-080">OP16-080] hit for 1 damage
RZ1|141|1|OP16-108|3|1|1|5|1|1|0|0|0
RZ1|CHK|141|1|37|6|3|1|5|5|3|0|1|0
[] Hand: [OP17-049,OP17-056,OP17-055,OP17-054,OP17-118,OP17-118,OP17-054,OP17-048,OP17-050]
[] Board: [OP17-045,OP17-050,OP17-049]
[] Trash: [OP17-045,OP17-040,OP17-052]
[] Life: 3
[] Hand: [OP16-116,OP09-086,OP09-093,OP09-086,OP09-099,OP16-108]
[] Trash: [OP16-115,OP16-109,OP16-104]
[] Board: [OP16-110,OP16-104,OP16-110]
[] Life: 1
[Opponent] End Turn
[] Hand: [OP16-116,OP09-086,OP09-093,OP09-086,OP09-099,OP16-108]
[] Board: [OP16-110,OP16-104,OP16-110]
[] Trash: [OP16-115,OP16-109,OP16-104]
[] Life: 1
[] Hand: [OP17-049,OP17-056,OP17-055,OP17-054,OP17-118,OP17-118,OP17-054,OP17-048,OP17-050]
[] Trash: [OP17-045,OP17-040,OP17-052]
[] Board: [OP17-045,OP17-050,OP17-049]
[] Life: 3
[You] Draw 1 Card
[] Drew card from deck: Jesus Burgess ["OP09-086">OP09-086]
RZ1|142|1|OP09-086|0|36|1|6|1|1|0|0|0
RZ1|CHK|142|1|36|7|3|1|5|5|3|0|1|0
RZ1|143|1|Don|4|4|5|5|1|1|0|0|0
RZ1|CHK|143|1|36|7|3|1|4|6|3|0|1|0
RZ1|144|1|Don|4|3|5|6|1|1|0|0|0
RZ1|CHK|144|1|36|7|3|1|3|7|3|0|1|0
[You] Draw 2 Don
[You] Marshall D. Teach ["OP16-080">OP16-080] attacking Rocks D. Xebec ["OP17-039">OP17-039]
[Opponent] Fullalead ["OP17-057">OP17-057]: Rest Fullalead ["OP17-057">OP17-057]
RZ1|145|2|OP17-050|1|8|6|3|1|1|0|0|0
RZ1|CHK|145|2|31|8|3|3|4|5|4|1|1|1
[Opponent] Fullalead ["OP17-057">OP17-057]: Trash Streusen ["OP17-050">OP17-050]
Marshall D. Teach ["OP16-080">OP16-080][5000] vs Rocks D. Xebec ["OP17-039">OP17-039][5000]
Rocks D. Xebec ["OP17-039">OP17-039] hit for 1 damage
RZ1|146|2|OP17-045|3|2|1|8|1|1|0|0|0
RZ1|CHK|146|2|31|9|3|2|4|5|4|1|1|1
[You] Catarina Devon ["OP16-104">OP16-104] attacking Rocks D. Xebec ["OP17-039">OP17-039]
[You] Catarina Devon ["OP16-104">OP16-104]: Buff Self 4000
RZ1|147|2|OP17-045|1|8|6|4|1|1|0|0|0
RZ1|CHK|147|2|31|8|3|2|4|5|5|1|1|1
[Opponent] Charlotte Linlin ["OP17-049">OP17-049]: Trash Kyo ["OP17-045">OP17-045]
[Opponent] Charlotte Linlin ["OP17-049">OP17-049]: Buff Rocks D. Xebec ["OP17-039">OP17-039] 1000 for the Combat
[Opponent] Rocks Pirates ["OP17-056">OP17-056]: Activate Counter
RZ1|148|2|OP17-056|1|1|6|5|1|1|0|0|0
RZ1|CHK|148|2|31|7|3|2|4|5|6|1|1|1
[Opponent] Rocks Pirates ["OP17-056">OP17-056]: Buff Rocks D. Xebec ["OP17-039">OP17-039] 2000 for the Combat
Catarina Devon ["OP16-104">OP16-104][7000] vs Rocks D. Xebec ["OP17-039">OP17-039][8000]
Attack Fails
RZ1|149|1|Don|5|0|9|0|1|1|0|0|0
RZ1|CHK|149|1|36|7|3|1|3|6|3|0|1|1
RZ1|150|1|Don|5|0|9|1|1|1|0|0|0
RZ1|CHK|150|1|36|7|3|1|3|5|3|0|1|2
RZ1|151|1|Don|5|0|9|2|1|1|0|0|0
RZ1|CHK|151|1|36|7|3|1|3|4|3|0|1|3
[You] Attach 3 Don to Vasco Shot ["OP16-110">OP16-110] (3 Total)
[You] Vasco Shot ["OP16-110">OP16-110] attacking Rocks D. Xebec ["OP17-039">OP17-039]
Vasco Shot ["OP16-110">OP16-110][5000] vs Rocks D. Xebec ["OP17-039">OP17-039][5000]
Rocks D. Xebec ["OP17-039">OP17-039] hit for 1 damage
RZ1|152|2|OP17-055|3|1|1|7|1|1|0|0|0
RZ1|CHK|152|2|31|8|3|1|4|5|6|1|1|1
RZ1|153|1|Don|5|0|9|200|1|1|0|0|0
RZ1|CHK|153|1|36|7|3|1|3|3|3|0|1|4
RZ1|154|1|Don|5|0|9|201|1|1|0|0|0
RZ1|CHK|154|1|36|7|3|1|3|2|3|0|1|5
RZ1|155|1|Don|5|0|9|202|1|1|0|0|0
RZ1|CHK|155|1|36|7|3|1|3|1|3|0|1|6
[You] Attach 3 Don to Vasco Shot ["OP16-110">OP16-110] (3 Total)
[You] Vasco Shot ["OP16-110">OP16-110] attacking Rocks D. Xebec ["OP17-039">OP17-039]
[Opponent] There's No Authority in the World ["OP17-055">OP17-055]: Activate Counter
RZ1|156|2|OP17-055|1|7|6|6|1|1|0|0|0
RZ1|CHK|156|2|31|7|3|1|4|5|7|1|1|1
[Opponent] There's No Authority in the World ["OP17-055">OP17-055]: Buff Rocks D. Xebec ["OP17-039">OP17-039] 2000 for the Combat
Vasco Shot ["OP16-110">OP16-110][5000] vs Rocks D. Xebec ["OP17-039">OP17-039][7000]
Attack Fails
RZ1|157|1|Don|5|0|5|0|1|1|1|0|0
RZ1|CHK|157|1|36|7|3|1|3|1|3|0|1|6
[You] Deploy Fullalead ["OP09-099">OP09-099]
RZ1|158|1|OP09-099|1|4|7|0|1|1|0|0|0
RZ1|CHK|158|1|36|6|3|1|3|1|3|1|1|6
[You] Fullalead ["OP09-099">OP09-099]: Rest Fullalead ["OP09-099">OP09-099]
RZ1|159|1|OP09-086|1|1|6|3|1|1|0|0|0
RZ1|CHK|159|1|36|5|3|1|3|1|4|1|1|6
[You] Fullalead ["OP09-099">OP09-099]: Trash Jesus Burgess ["OP09-086">OP09-086]
RZ1|160|1|OP09-096|0|34|1|5|1|1|0|0|0
RZ1|CHK|160|1|35|6|3|1|3|1|4|1|1|6
[You] Fullalead ["OP09-099">OP09-099]: <b>Reveal and Draw This is MY AGE!!!! ["OP09-096">OP09-096]</b>
[You] Placing Cards on Bottom of Deck
RZ1|161|1|EB04-058|0|34|0|0|0|0|0|0|0
RZ1|CHK|161|1|35|6|3|1|3|1|4|1|1|6
RZ1|162|1|EB04-058|0|34|0|0|0|0|0|0|0
RZ1|CHK|162|1|35|6|3|1|3|1|4|1|1|6
[] Hand: [OP16-116,OP09-093,OP09-086,OP16-108,OP09-086,OP09-096]
[] Board: [OP16-110,OP16-104,OP16-110]
[] Trash: [OP16-115,OP16-109,OP16-104,OP09-086]
[] Life: 1
[] Hand: [OP17-049,OP17-055,OP17-054,OP17-118,OP17-118,OP17-054,OP17-048]
[] Trash: [OP17-045,OP17-040,OP17-052,OP17-050,OP17-045,OP17-056,OP17-055]
[] Board: [OP17-045,OP17-050,OP17-049]
[] Life: 1
[You] End Turn
[] Hand: [OP17-049,OP17-055,OP17-054,OP17-118,OP17-118,OP17-054,OP17-048]
[] Board: [OP17-045,OP17-050,OP17-049]
[] Trash: [OP17-045,OP17-040,OP17-052,OP17-050,OP17-045,OP17-056,OP17-055]
[] Life: 1
[] Hand: [OP16-116,OP09-093,OP09-086,OP16-108,OP09-086,OP09-096]
[] Trash: [OP16-115,OP16-109,OP16-104,OP09-086]
[] Board: [OP16-110,OP16-104,OP16-110]
[] Life: 1
RZ1|163|2|Don|9|0|5|0|1|1|1|0|0
RZ1|CHK|163|2|31|7|3|1|4|6|7|1|1|0
[Opponent] Draw 1 Card
[] Drew card from deck: Stussy ["OP17-054">OP17-054]
RZ1|164|2|OP17-054|0|30|1|7|1|1|0|0|0
RZ1|CHK|164|2|30|8|3|1|4|6|7|1|1|0
RZ1|165|2|Don|4|3|5|6|1|1|0|0|0
RZ1|CHK|165|2|30|8|3|1|3|7|7|1|1|0
RZ1|166|2|Don|4|2|5|7|1|1|0|0|0
RZ1|CHK|166|2|30|8|3|1|2|8|7|1|1|0
[Opponent] Draw 2 Don
[Opponent] Charlotte Linlin ["OP17-049">OP17-049] attacking Marshall D. Teach ["OP16-080">OP16-080]
RZ1|167|1|OP16-116|1|0|6|4|1|1|0|0|0
RZ1|CHK|167|1|35|5|3|1|3|1|5|1|1|6
[You] Marshall D. Teach ["OP16-080">OP16-080]: Trash ZEHAHAHAHA ["OP16-116">OP16-116]
[You] Marshall D. Teach ["OP16-080">OP16-080]: Target of Attack changed to Vasco Shot ["OP16-110">OP16-110]
Charlotte Linlin ["OP17-049">OP17-049][7000] vs Vasco Shot ["OP16-110">OP16-110][2000]
[You] Vasco Shot ["OP16-110">OP16-110] Destroyed
RZ1|168|1|Don|9|0|5|0|1|1|1|0|0
RZ1|CHK|168|1|35|5|3|1|3|2|5|1|1|5
RZ1|169|1|Don|9|0|5|0|1|1|1|0|0
RZ1|CHK|169|1|35|5|3|1|3|3|5|1|1|4
RZ1|170|1|Don|9|0|5|0|1|1|1|0|0
RZ1|CHK|170|1|35|5|3|1|3|4|5|1|1|3
RZ1|171|1|OP16-110|2|0|6|5|1|1|0|0|0
RZ1|CHK|171|1|35|5|2|1|3|4|6|1|1|3
[] Drew card from deck: Jesus Burgess ["OP09-086">OP09-086]
RZ1|172|1|OP09-086|0|34|1|5|1|1|0|0|0
RZ1|CHK|172|1|34|6|2|1|3|4|6|1|1|3
[You] Vasco Shot ["OP16-110">OP16-110]: Draw 1 Card
[You] Vasco Shot ["OP16-110">OP16-110]: Rest Kyo ["OP17-045">OP17-045]
[Opponent] Attach 1 Don to Rocks D. Xebec ["OP17-039">OP17-039] (1 Total)
RZ1|173|2|Don|5|7|9|9900|1|1|0|0|0
RZ1|CHK|173|2|30|8|3|1|2|7|7|1|1|1
[Opponent] Attach 1 Don to Rocks D. Xebec ["OP17-039">OP17-039] (2 Total)
RZ1|174|2|Don|5|6|9|9901|1|1|0|0|0
RZ1|CHK|174|2|30|8|3|1|2|6|7|1|1|2
[Opponent] Rocks D. Xebec ["OP17-039">OP17-039] attacking Marshall D. Teach ["OP16-080">OP16-080]
RZ1|175|2|OP17-049|1|0|6|7|1|1|0|0|0
RZ1|CHK|175|2|30|7|3|1|2|6|8|1|1|2
[Opponent] Rocks D. Xebec ["OP17-039">OP17-039]: Trash Charlotte Linlin ["OP17-049">OP17-049]
RZ1|176|2|OP17-054|0|29|0|29|0|0|0|0|0
RZ1|CHK|176|2|30|7|3|1|2|6|8|1|1|2
[Opponent] Rocks D. Xebec ["OP17-039">OP17-039] revealed: Stussy ["OP17-054">OP17-054]
[] Drew card from deck: Stussy ["OP17-054">OP17-054]
RZ1|177|2|OP17-054|0|29|1|7|1|1|0|0|0
RZ1|CHK|177|2|29|8|3|1|2|6|8|1|1|2
[] Drew card from deck: Shiki ["OP17-048">OP17-048]
RZ1|178|2|OP17-048|0|28|1|8|1|1|0|0|0
RZ1|CHK|178|2|28|9|3|1|2|6|8|1|1|2
[Opponent] Rocks D. Xebec ["OP17-039">OP17-039]: Draw 2 Card
Rocks D. Xebec ["OP17-039">OP17-039][7000] vs Marshall D. Teach ["OP16-080">OP16-080][5000]
Marshall D. Teach ["OP16-080">OP16-080] hit for 1 damage
RZ1|179|1|OP06-115|3|0|1|6|1|1|0|0|0
RZ1|CHK|179|1|34|7|2|0|3|4|6|1|1|3
[You] You're the one who should disappear! ["OP06-115">OP06-115]: Activate Trigger
RZ1|180|1|OP06-115|1|6|6|6|1|1|0|0|0
RZ1|CHK|180|1|34|6|2|0|3|4|7|1|1|3
[You] You're the one who should disappear! ["OP06-115">OP06-115]: Add card to top of Life from Deck
RZ1|181|1|OP16-119|0|33|3|0|1|0|0|0|0
RZ1|CHK|181|1|33|6|2|1|3|4|7|1|1|3
RZ1|182|1|OP09-086|1|1|6|7|1|1|0|0|0
RZ1|CHK|182|1|33|5|2|1|3|4|8|1|1|3
[You] You're the one who should disappear! ["OP06-115">OP06-115]: Trash Jesus Burgess ["OP09-086">OP09-086]
RZ1|183|2|Don|5|0|5|0|1|1|1|0|0
RZ1|CHK|183|2|28|9|3|1|2|6|8|1|1|2
RZ1|184|2|Don|5|1|5|1|1|1|1|0|0
RZ1|CHK|184|2|28|9|3|1|2|6|8|1|1|2
RZ1|185|2|Don|5|2|5|2|1|1|1|0|0
RZ1|CHK|185|2|28|9|3|1|2|6|8|1|1|2
[Opponent] Deploy Stussy ["OP17-054">OP17-054]
RZ1|186|2|OP17-054|1|7|2|3|1|1|0|0|0
RZ1|CHK|186|2|28|8|4|1|2|6|8|1|1|2
[Opponent] Stussy ["OP17-054">OP17-054]: Vasco Shot ["OP16-110">OP16-110] can't attack next turn
RZ1|187|2|Don|5|3|5|3|1|1|1|0|0
RZ1|CHK|187|2|28|8|4|1|2|6|8|1|1|2
RZ1|188|2|Don|5|4|5|4|1|1|1|0|0
RZ1|CHK|188|2|28|8|4|1|2|6|8|1|1|2
RZ1|189|2|Don|5|5|5|5|1|1|1|0|0
RZ1|CHK|189|2|28|8|4|1|2|6|8|1|1|2
[Opponent] Deploy Stussy ["OP17-054">OP17-054]
RZ1|190|2|OP17-054|1|6|2|4|1|1|0|0|0
RZ1|CHK|190|2|28|7|5|1|2|6|8|1|1|2
[Opponent] Stussy ["OP17-054">OP17-054]: Catarina Devon ["OP16-104">OP16-104] can't attack next turn
[] Hand: [OP17-055,OP17-054,OP17-118,OP17-118,OP17-054,OP17-048,OP17-048]
[] Board: [OP17-045,OP17-050,OP17-049,OP17-054,OP17-054]
[] Trash: [OP17-045,OP17-040,OP17-052,OP17-050,OP17-045,OP17-056,OP17-055,OP17-049]
[] Life: 1
[] Hand: [OP09-093,OP16-108,OP09-086,OP09-096,OP09-086]
[] Trash: [OP16-115,OP16-109,OP16-104,OP09-086,OP16-116,OP16-110,OP06-115,OP09-086]
[] Board: [OP16-104,OP16-110]
[] Life: 1
[Opponent] End Turn
[] Hand: [OP09-093,OP16-108,OP09-086,OP09-096,OP09-086]
[] Board: [OP16-104,OP16-110]
[] Trash: [OP16-115,OP16-109,OP16-104,OP09-086,OP16-116,OP16-110,OP06-115,OP09-086]
[] Life: 1
[] Hand: [OP17-055,OP17-054,OP17-118,OP17-118,OP17-054,OP17-048,OP17-048]
[] Trash: [OP17-045,OP17-040,OP17-052,OP17-050,OP17-045,OP17-056,OP17-055,OP17-049]
[] Board: [OP17-045,OP17-050,OP17-049,OP17-054,OP17-054]
[] Life: 1
RZ1|191|1|Don|9|100|5|0|1|1|1|0|0
RZ1|CHK|191|1|33|5|2|1|3|5|8|1|1|2
RZ1|192|1|Don|9|100|5|0|1|1|1|0|0
RZ1|CHK|192|1|33|5|2|1|3|6|8|1|1|1
RZ1|193|1|Don|9|100|5|0|1|1|1|0|0
RZ1|CHK|193|1|33|5|2|1|3|7|8|1|1|0
[You] Draw 1 Card
[] Drew card from deck: Marshall D. Teach ["OP16-119">OP16-119]
RZ1|194|1|OP16-119|0|32|1|5|1|1|0|0|0
RZ1|CHK|194|1|32|6|2|1|3|7|8|1|1|0
RZ1|195|1|Don|4|2|5|7|1|1|0|0|0
RZ1|CHK|195|1|32|6|2|1|2|8|8|1|1|0
RZ1|196|1|Don|4|1|5|8|1|1|0|0|0
RZ1|CHK|196|1|32|6|2|1|1|9|8|1|1|0
[You] Draw 2 Don
RZ1|197|1|Don|5|0|5|0|1|1|1|0|0
RZ1|CHK|197|1|32|6|2|1|1|9|8|1|1|0
RZ1|198|1|Don|5|1|5|1|1|1|1|0|0
RZ1|CHK|198|1|32|6|2|1|1|9|8|1|1|0
RZ1|199|1|Don|5|2|5|2|1|1|1|0|0
RZ1|CHK|199|1|32|6|2|1|1|9|8|1|1|0
RZ1|200|1|Don|5|3|5|3|1|1|1|0|0
RZ1|CHK|200|1|32|6|2|1|1|9|8|1|1|0
RZ1|201|1|Don|5|4|5|4|1|1|1|0|0
RZ1|CHK|201|1|32|6|2|1|1|9|8|1|1|0
RZ1|202|1|Don|5|5|5|5|1|1|1|0|0
RZ1|CHK|202|1|32|6|2|1|1|9|8|1|1|0
RZ1|203|1|Don|5|6|5|6|1|1|1|0|0
RZ1|CHK|203|1|32|6|2|1|1|9|8|1|1|0
RZ1|204|1|Don|5|7|5|7|1|1|1|0|0
RZ1|CHK|204|1|32|6|2|1|1|9|8|1|1|0
[You] Deploy Marshall D. Teach ["OP16-119">OP16-119]
RZ1|205|1|OP16-119|1|5|2|2|1|1|0|0|0
RZ1|CHK|205|1|32|5|3|1|1|9|8|1|1|0
[You] Marshall D. Teach ["OP16-119">OP16-119]: Added card to top of Life from Hand
RZ1|206|1|OP09-093|0|29|3|1|1|0|0|0|0
RZ1|CHK|206|1|31|5|3|2|1|9|8|1|1|0
[You] Placing Cards on Bottom of Deck
RZ1|207|1|OP16-119|0|30|0|0|0|0|0|0|0
RZ1|CHK|207|1|31|5|3|2|1|9|8|1|1|0
RZ1|208|1|OP16-116|0|30|0|0|0|0|0|0|0
RZ1|CHK|208|1|31|5|3|2|1|9|8|1|1|0
[You] Marshall D. Teach ["OP16-080">OP16-080] attacking Rocks D. Xebec ["OP17-039">OP17-039]
[Opponent] Fullalead ["OP17-057">OP17-057]: Rest Fullalead ["OP17-057">OP17-057]
RZ1|209|2|OP17-054|1|4|6|8|1|1|0|0|0
RZ1|CHK|209|2|28|6|5|1|2|6|9|1|1|2
[Opponent] Fullalead ["OP17-057">OP17-057]: Trash Stussy ["OP17-054">OP17-054]
[Opponent] Fullalead ["OP17-057">OP17-057]: Buff Rocks D. Xebec ["OP17-039">OP17-039] 1000 for the Combat
Marshall D. Teach ["OP16-080">OP16-080][5000] vs Rocks D. Xebec ["OP17-039">OP17-039][6000]
Attack Fails
[You] Fullalead ["OP09-099">OP09-099]: Rest Fullalead ["OP09-099">OP09-099]
RZ1|210|1|OP09-086|1|2|6|8|1|1|0|0|0
RZ1|CHK|210|1|31|4|3|2|1|9|9|1|1|0
[You] Fullalead ["OP09-099">OP09-099]: Trash Jesus Burgess ["OP09-086">OP09-086]
RZ1|211|1|OP16-110|0|30|1|4|1|1|0|0|0
RZ1|CHK|211|1|30|5|3|2|1|9|9|1|1|0
[You] Fullalead ["OP09-099">OP09-099]: <b>Reveal and Draw Vasco Shot ["OP16-110">OP16-110]</b>
[You] Placing Cards on Bottom of Deck
RZ1|212|1|OP12-112|0|29|0|0|0|0|0|0|0
RZ1|CHK|212|1|30|5|3|2|1|9|9|1|1|0
RZ1|213|1|OP09-096|0|29|0|0|0|0|0|0|0
RZ1|CHK|213|1|30|5|3|2|1|9|9|1|1|0
RZ1|214|1|Don|5|8|5|8|1|1|1|0|0
RZ1|CHK|214|1|30|5|3|2|1|9|9|1|1|0
[You] Deploy Vasco Shot ["OP16-110">OP16-110]
RZ1|215|1|OP16-110|1|4|2|3|1|1|0|0|0
RZ1|CHK|215|1|30|4|4|2|1|9|9|1|1|0
[You] Catarina Devon ["OP16-104">OP16-104] is no longer blocked from attacking
[You] Vasco Shot ["OP16-110">OP16-110] is no longer blocked from attacking
[] Hand: [OP09-093,OP16-108,OP09-096,OP09-086]
[] Board: [OP16-104,OP16-110,OP16-119,OP16-110]
[] Trash: [OP16-115,OP16-109,OP16-104,OP09-086,OP16-116,OP16-110,OP06-115,OP09-086,OP09-086]
[] Life: 2
[] Hand: [OP17-055,OP17-054,OP17-118,OP17-118,OP17-048,OP17-048]
[] Trash: [OP17-045,OP17-040,OP17-052,OP17-050,OP17-045,OP17-056,OP17-055,OP17-049,OP17-054]
[] Board: [OP17-045,OP17-050,OP17-049,OP17-054,OP17-054]
[] Life: 1
[You] End Turn
[] Hand: [OP17-055,OP17-054,OP17-118,OP17-118,OP17-048,OP17-048]
[] Board: [OP17-045,OP17-050,OP17-049,OP17-054,OP17-054]
[] Trash: [OP17-045,OP17-040,OP17-052,OP17-050,OP17-045,OP17-056,OP17-055,OP17-049,OP17-054]
[] Life: 1
[] Hand: [OP09-093,OP16-108,OP09-096,OP09-086]
[] Trash: [OP16-115,OP16-109,OP16-104,OP09-086,OP16-116,OP16-110,OP06-115,OP09-086,OP09-086]
[] Board: [OP16-104,OP16-110,OP16-119,OP16-110]
[] Life: 2
RZ1|216|2|Don|9|9900|5|0|1|1|1|0|0
RZ1|CHK|216|2|28|6|5|1|2|7|9|1|1|1
RZ1|217|2|Don|9|9900|5|0|1|1|1|0|0
RZ1|CHK|217|2|28|6|5|1|2|8|9|1|1|0
[Opponent] Draw 1 Card
[] Drew card from deck: Gloriosa ["OP17-046">OP17-046]
RZ1|218|2|OP17-046|0|27|1|6|1|1|0|0|0
RZ1|CHK|218|2|27|7|5|1|2|8|9|1|1|0
RZ1|219|2|Don|4|1|5|8|1|1|0|0|0
RZ1|CHK|219|2|27|7|5|1|1|9|9|1|1|0
RZ1|220|2|Don|4|0|5|9|1|1|0|0|0
RZ1|CHK|220|2|27|7|5|1|0|10|9|1|1|0
[Opponent] Draw 2 Don
[Opponent] Charlotte Linlin ["OP17-049">OP17-049] attacking Marshall D. Teach ["OP16-080">OP16-080]
Charlotte Linlin ["OP17-049">OP17-049][7000] vs Marshall D. Teach ["OP16-080">OP16-080][5000]
Marshall D. Teach ["OP16-080">OP16-080] hit for 1 damage
RZ1|221|1|OP09-093|3|1|1|4|1|1|0|0|0
RZ1|CHK|221|1|30|5|4|1|1|9|9|1|1|0
[Opponent] Attach 1 Don to Stussy ["OP17-054">OP17-054] (1 Total)
RZ1|222|2|Don|5|9|9|300|1|1|0|0|0
RZ1|CHK|222|2|27|7|5|1|0|9|9|1|1|1
[Opponent] Attach 1 Don to Stussy ["OP17-054">OP17-054] (2 Total)
RZ1|223|2|Don|5|8|9|301|1|1|0|0|0
RZ1|CHK|223|2|27|7|5|1|0|8|9|1|1|2
[Opponent] Stussy ["OP17-054">OP17-054] attacking Marshall D. Teach ["OP16-080">OP16-080]
RZ1|224|1|OP09-096|1|2|6|9|1|1|0|0|0
RZ1|CHK|224|1|30|4|4|1|1|9|10|1|1|0
[You] Marshall D. Teach ["OP16-080">OP16-080]: Trash This is MY AGE!!!! ["OP09-096">OP09-096]
[You] Marshall D. Teach ["OP16-080">OP16-080]: Target of Attack changed to Marshall D. Teach ["OP16-119">OP16-119]
Stussy ["OP17-054">OP17-054][7000] vs Marshall D. Teach ["OP16-119">OP16-119][10000]
Attack Fails
[Opponent] Attach 1 Don to Stussy ["OP17-054">OP17-054] (1 Total)
RZ1|225|2|Don|5|7|9|400|1|1|0|0|0
RZ1|CHK|225|2|27|7|5|1|0|7|9|1|1|3
[Opponent] Attach 1 Don to Stussy ["OP17-054">OP17-054] (2 Total)
RZ1|226|2|Don|5|6|9|401|1|1|0|0|0
RZ1|CHK|226|2|27|7|5|1|0|6|9|1|1|4
[Opponent] Stussy ["OP17-054">OP17-054] attacking Marshall D. Teach ["OP16-080">OP16-080]
Stussy ["OP17-054">OP17-054][7000] vs Marshall D. Teach ["OP16-080">OP16-080][5000]
Marshall D. Teach ["OP16-080">OP16-080] hit for 1 damage
RZ1|227|1|OP16-119|3|0|1|4|1|1|0|0|0
RZ1|CHK|227|1|30|5|4|0|1|9|10|1|1|0
[You] Marshall D. Teach ["OP16-119">OP16-119]: Activate Trigger
RZ1|228|1|OP16-119|1|4|6|10|1|1|0|0|0
RZ1|CHK|228|1|30|4|4|0|1|9|11|1|1|0
[You] Marshall D. Teach ["OP16-119">OP16-119]: Nullify effects of Charlotte Linlin ["OP17-049">OP17-049]
[You] Marshall D. Teach ["OP16-119">OP16-119]: Destroy Charlotte Linlin ["OP17-049">OP17-049]
RZ1|229|2|OP17-046|1|6|6|9|1|1|0|0|0
RZ1|CHK|229|2|27|6|5|1|0|6|10|1|1|4
[Opponent] Kyo ["OP17-045">OP17-045]: Trash Gloriosa ["OP17-046">OP17-046]
RZ1|230|2|OP17-054|1|1|6|10|1|1|0|0|0
RZ1|CHK|230|2|27|5|5|1|0|6|11|1|1|4
[Opponent] Kyo ["OP17-045">OP17-045]: Trash Stussy ["OP17-054">OP17-054]
[Opponent] Kyo ["OP17-045">OP17-045]: Prevent Effect To Charlotte Linlin ["OP17-049">OP17-049]
[Opponent] Attach 1 Don to Kyo ["OP17-045">OP17-045] (1 Total)
RZ1|231|2|Don|5|5|9|0|1|1|0|0|0
RZ1|CHK|231|2|27|5|5|1|0|5|11|1|1|5
[Opponent] Kyo ["OP17-045">OP17-045] attacking Marshall D. Teach ["OP16-080">OP16-080]
Kyo ["OP17-045">OP17-045][5000] vs Marshall D. Teach ["OP16-080">OP16-080][5000]
Marshall D. Teach ["OP16-080">OP16-080] hit for 1 damage
[You] <b>Downloaded the Combat Log!</b>
GameOver
