Version is 1.43a.1
[You] Leader is Marshall D. Teach ["OP16-080">OP16-080]
RZ1|HDR|1.43a|2|RZ1
RZ1|PLY|1||OP16-080
RZ1|PLY|2||
[Opponent] Leader is Edward Newgate ["OP02-001">OP02-001]
RZ1|1|2|OP03-003|0|9|0|0|0|0|0|0|0
RZ1|CHK|1|2|50|0|0|0|10|0|0|0|1|0
RZ1|2|2|OP02-018|0|20|0|1|0|0|0|0|0
RZ1|CHK|2|2|50|0|0|0|10|0|0|0|1|0
RZ1|3|2|OP03-013|0|24|0|2|0|0|0|0|0
RZ1|CHK|3|2|50|0|0|0|10|0|0|0|1|0
RZ1|4|2|OP02-015|0|7|0|3|0|0|0|0|0
RZ1|CHK|4|2|50|0|0|0|10|0|0|0|1|0
RZ1|5|2|ST01-014|0|45|0|4|0|0|0|0|0
RZ1|CHK|5|2|50|0|0|0|10|0|0|0|1|0
RZ1|6|2|OP03-013|0|25|0|5|0|0|0|0|0
RZ1|CHK|6|2|50|0|0|0|10|0|0|0|1|0
RZ1|7|2|OP02-003|0|17|0|6|0|0|0|0|0
RZ1|CHK|7|2|50|0|0|0|10|0|0|0|1|0
RZ1|8|2|OP01-029|0|38|0|7|0|0|0|0|0
RZ1|CHK|8|2|50|0|0|0|10|0|0|0|1|0
RZ1|9|2|OP02-013|0|31|0|8|0|0|0|0|0
RZ1|CHK|9|2|50|0|0|0|10|0|0|0|1|0
RZ1|10|2|OP02-018|0|26|0|10|0|0|0|0|0
RZ1|CHK|10|2|50|0|0|0|10|0|0|0|1|0
RZ1|11|2|OP03-003|0|19|0|11|0|0|0|0|0
RZ1|CHK|11|2|50|0|0|0|10|0|0|0|1|0
RZ1|12|2|OP03-013|0|27|0|12|0|0|0|0|0
RZ1|CHK|12|2|50|0|0|0|10|0|0|0|1|0
RZ1|13|2|ST01-014|0|45|0|13|0|0|0|0|0
RZ1|CHK|13|2|50|0|0|0|10|0|0|0|1|0
RZ1|14|2|OP02-008|0|24|0|14|0|0|0|0|0
RZ1|CHK|14|2|50|0|0|0|10|0|0|0|1|0
RZ1|15|2|OP02-022|0|41|0|15|0|0|0|0|0
RZ1|CHK|15|2|50|0|0|0|10|0|0|0|1|0
RZ1|16|2|OP03-013|0|30|0|16|0|0|0|0|0
RZ1|CHK|16|2|50|0|0|0|10|0|0|0|1|0
RZ1|17|2|OP02-022|0|41|0|17|0|0|0|0|0
RZ1|CHK|17|2|50|0|0|0|10|0|0|0|1|0
RZ1|18|2|OP02-018|0|31|0|18|0|0|0|0|0
RZ1|CHK|18|2|50|0|0|0|10|0|0|0|1|0
RZ1|19|2|OP02-022|0|43|0|20|0|0|0|0|0
RZ1|CHK|19|2|50|0|0|0|10|0|0|0|1|0
RZ1|20|2|OP02-008|0|29|0|21|0|0|0|0|0
RZ1|CHK|20|2|50|0|0|0|10|0|0|0|1|0
RZ1|21|2|OP01-029|0|41|0|22|0|0|0|0|0
RZ1|CHK|21|2|50|0|0|0|10|0|0|0|1|0
RZ1|22|2|OP02-022|0|43|0|23|0|0|0|0|0
RZ1|CHK|22|2|50|0|0|0|10|0|0|0|1|0
RZ1|23|2|OP02-004|0|38|0|24|0|0|0|0|0
RZ1|CHK|23|2|50|0|0|0|10|0|0|0|1|0
RZ1|24|2|OP02-024|0|48|0|25|0|0|0|0|0
RZ1|CHK|24|2|50|0|0|0|10|0|0|0|1|0
RZ1|25|2|ST01-014|0|46|0|26|0|0|0|0|0
RZ1|CHK|25|2|50|0|0|0|10|0|0|0|1|0
RZ1|26|2|OP02-015|0|30|0|27|0|0|0|0|0
RZ1|CHK|26|2|50|0|0|0|10|0|0|0|1|0
RZ1|27|2|OP01-006|0|29|0|28|0|0|0|0|0
RZ1|CHK|27|2|50|0|0|0|10|0|0|0|1|0
RZ1|28|2|OP02-024|0|47|0|30|0|0|0|0|0
RZ1|CHK|28|2|50|0|0|0|10|0|0|0|1|0
RZ1|29|2|OP03-003|0|34|0|31|0|0|0|0|0
RZ1|CHK|29|2|50|0|0|0|10|0|0|0|1|0
RZ1|30|2|OP02-013|0|41|0|32|0|0|0|0|0
RZ1|CHK|30|2|50|0|0|0|10|0|0|0|1|0
RZ1|31|2|OP02-004|0|42|0|33|0|0|0|0|0
RZ1|CHK|31|2|50|0|0|0|10|0|0|0|1|0
RZ1|32|2|OP02-008|0|39|0|35|0|0|0|0|0
RZ1|CHK|32|2|50|0|0|0|10|0|0|0|1|0
RZ1|33|2|OP02-007|0|42|0|36|0|0|0|0|0
RZ1|CHK|33|2|50|0|0|0|10|0|0|0|1|0
RZ1|34|2|ST01-014|0|47|0|37|0|0|0|0|0
RZ1|CHK|34|2|50|0|0|0|10|0|0|0|1|0
RZ1|35|2|OP02-003|0|40|0|38|0|0|0|0|0
RZ1|CHK|35|2|50|0|0|0|10|0|0|0|1|0
RZ1|36|2|OP03-003|0|40|0|39|0|0|0|0|0
RZ1|CHK|36|2|50|0|0|0|10|0|0|0|1|0
RZ1|37|2|OP01-029|0|47|0|40|0|0|0|0|0
RZ1|CHK|37|2|50|0|0|0|10|0|0|0|1|0
RZ1|38|2|OP02-008|0|42|0|41|0|0|0|0|0
RZ1|CHK|38|2|50|0|0|0|10|0|0|0|1|0
RZ1|39|2|OP01-029|0|47|0|42|0|0|0|0|0
RZ1|CHK|39|2|50|0|0|0|10|0|0|0|1|0
RZ1|40|2|OP02-007|0|45|0|43|0|0|0|0|0
RZ1|CHK|40|2|50|0|0|0|10|0|0|0|1|0
RZ1|41|2|OP02-018|0|45|0|44|0|0|0|0|0
RZ1|CHK|41|2|50|0|0|0|10|0|0|0|1|0
RZ1|42|2|OP02-004|0|46|0|45|0|0|0|0|0
RZ1|CHK|42|2|50|0|0|0|10|0|0|0|1|0
RZ1|43|2|OP02-004|0|47|0|46|0|0|0|0|0
RZ1|CHK|43|2|50|0|0|0|10|0|0|0|1|0
RZ1|44|2|OP02-024|0|48|0|47|0|0|0|0|0
RZ1|CHK|44|2|50|0|0|0|10|0|0|0|1|0
[] Drew card from deck: Liberation ["OP10-098">OP10-098]
RZ1|45|1|OP10-098|0|49|1|0|1|1|0|0|0
RZ1|CHK|45|1|49|1|0|0|10|0|0|0|1|0
[] Drew card from deck: Catarina Devon ["OP16-104">OP16-104]
RZ1|46|1|OP16-104|0|48|1|1|1|1|0|0|0
RZ1|CHK|46|1|48|2|0|0|10|0|0|0|1|0
[] Drew card from deck: Shiryu ["OP16-108">OP16-108]
RZ1|47|1|OP16-108|0|47|1|2|1|1|0|0|0
RZ1|CHK|47|1|47|3|0|0|10|0|0|0|1|0
[] Drew card from deck: Avalo Pizarro ["OP16-102">OP16-102]
RZ1|48|1|OP16-102|0|46|1|3|1|1|0|0|0
RZ1|CHK|48|1|46|4|0|0|10|0|0|0|1|0
[] Drew card from deck: Avalo Pizarro ["OP16-102">OP16-102]
RZ1|49|1|OP16-102|0|45|1|4|1|1|0|0|0
RZ1|CHK|49|1|45|5|0|0|10|0|0|0|1|0
[] Drew card from deck: Moby Dick ["OP02-024">OP02-024]
RZ1|50|2|OP02-024|0|49|1|0|1|1|0|0|0
RZ1|CHK|50|2|49|1|0|0|10|0|0|0|1|0
[] Drew card from deck: Makino ["OP02-015">OP02-015]
RZ1|51|2|OP02-015|0|48|1|1|1|1|0|0|0
RZ1|CHK|51|2|48|2|0|0|10|0|0|0|1|0
[] Drew card from deck: Moby Dick ["OP02-024">OP02-024]
RZ1|52|2|OP02-024|0|47|1|2|1|1|0|0|0
RZ1|CHK|52|2|47|3|0|0|10|0|0|0|1|0
[] Drew card from deck: Edward Newgate ["OP02-004">OP02-004]
RZ1|53|2|OP02-004|0|46|1|3|1|1|0|0|0
RZ1|CHK|53|2|46|4|0|0|10|0|0|0|1|0
[] Drew card from deck: Edward Newgate ["OP02-004">OP02-004]
RZ1|54|2|OP02-004|0|45|1|4|1|1|0|0|0
RZ1|CHK|54|2|45|5|0|0|10|0|0|0|1|0
RZ1|55|1|OP16-106|0|44|3|0|1|0|0|0|0
RZ1|CHK|55|1|44|5|0|1|10|0|0|0|1|0
RZ1|56|1|P-100|0|43|3|1|1|0|0|0|0
RZ1|CHK|56|1|43|5|0|2|10|0|0|0|1|0
RZ1|57|1|OP09-099|0|42|3|2|1|0|0|0|0
RZ1|CHK|57|1|42|5|0|3|10|0|0|0|1|0
RZ1|58|1|OP16-107|0|41|3|3|1|0|0|0|0
RZ1|CHK|58|1|41|5|0|4|10|0|0|0|1|0
RZ1|59|2|OP02-018|0|44|3|0|0|1|0|0|0
RZ1|CHK|59|2|44|5|0|1|10|0|0|0|1|0
RZ1|60|2|OP02-007|0|43|3|1|0|1|0|0|0
RZ1|CHK|60|2|43|5|0|2|10|0|0|0|1|0
RZ1|61|2|OP01-029|0|42|3|2|0|1|0|0|0
RZ1|CHK|61|2|42|5|0|3|10|0|0|0|1|0
RZ1|62|2|OP02-008|0|41|3|3|0|1|0|0|0
RZ1|CHK|62|2|41|5|0|4|10|0|0|0|1|0
RZ1|63|2|OP01-029|0|40|3|4|0|1|0|0|0
RZ1|CHK|63|2|40|5|0|5|10|0|0|0|1|0
RZ1|64|2|OP03-003|0|39|3|5|0|1|0|0|0
RZ1|CHK|64|2|39|5|0|6|10|0|0|0|1|0
[] Hand: [OP10-098,OP16-104,OP16-108,OP16-102,OP16-102]
[] Board: []
[] Trash: []
[] Life: 4
[] Hand: [OP02-024,OP02-015,OP02-024,OP02-004,OP02-004]
[] Trash: []
[] Board: []
[] Life: 6
RZ1|65|1|Don|4|9|5|0|1|1|0|0|0
RZ1|CHK|65|1|41|5|0|4|9|1|0|0|1|0
[You] Draw 1 Don
RZ1|66|1|Don|5|0|5|0|1|1|1|0|0
RZ1|CHK|66|1|41|5|0|4|9|1|0|0|1|0
[You] Deploy Avalo Pizarro ["OP16-102">OP16-102]
RZ1|67|1|OP16-102|1|3|2|0|1|1|0|0|0
RZ1|CHK|67|1|41|4|1|4|9|1|0|0|1|0
[] Hand: [OP10-098,OP16-104,OP16-108,OP16-102]
[] Board: [OP16-102]
[] Trash: []
[] Life: 4
[] Hand: [OP02-024,OP02-015,OP02-024,OP02-004,OP02-004]
[] Trash: []
[] Board: []
[] Life: 6
[You] End Turn
[] Hand: [OP02-024,OP02-015,OP02-024,OP02-004,OP02-004]
[] Board: []
[] Trash: []
[] Life: 6
[] Hand: [OP10-098,OP16-104,OP16-108,OP16-102]
[] Trash: []
[] Board: [OP16-102]
[] Life: 4
[Opponent] Draw 1 Card
[] Drew card from deck: Atmos ["OP02-003">OP02-003]
RZ1|68|2|OP02-003|0|38|1|5|1|1|0|0|0
RZ1|CHK|68|2|38|6|0|6|10|0|0|0|1|0
RZ1|69|2|Don|4|9|5|0|1|1|0|0|0
RZ1|CHK|69|2|38|6|0|6|9|1|0|0|1|0
RZ1|70|2|Don|4|8|5|1|1|1|0|0|0
RZ1|CHK|70|2|38|6|0|6|8|2|0|0|1|0
[Opponent] Draw 2 Don
RZ1|71|2|Don|5|0|5|0|1|1|1|0|0
RZ1|CHK|71|2|38|6|0|6|8|2|0|0|1|0
RZ1|72|2|Don|5|1|5|1|1|1|1|0|0
RZ1|CHK|72|2|38|6|0|6|8|2|0|0|1|0
[Opponent] Deploy Moby Dick ["OP02-024">OP02-024]
RZ1|73|2|OP02-024|1|0|7|0|1|1|0|0|0
RZ1|CHK|73|2|38|5|0|6|8|2|0|1|1|0
[Opponent] Loses 1 Life
RZ1|74|2|OP03-003|3|5|1|5|1|1|0|0|0
RZ1|CHK|74|2|38|6|0|5|8|2|0|1|1|0
[] Hand: [OP02-015,OP02-024,OP02-004,OP02-004,OP02-003,OP03-003]
[] Board: []
[] Trash: []
[] Life: 5
[] Hand: [OP10-098,OP16-104,OP16-108,OP16-102]
[] Trash: []
[] Board: [OP16-102]
[] Life: 4
[Opponent] End Turn
[] Hand: [OP10-098,OP16-104,OP16-108,OP16-102]
[] Board: [OP16-102]
[] Trash: []
[] Life: 4
[] Hand: [OP02-015,OP02-024,OP02-004,OP02-004,OP02-003,OP03-003]
[] Trash: []
[] Board: []
[] Life: 5
[You] Draw 1 Card
[] Drew card from deck: Laffitte ["OP09-095">OP09-095]
RZ1|75|1|OP09-095|0|40|1|4|1|1|0|0|0
RZ1|CHK|75|1|40|5|1|4|9|1|0|0|1|0
RZ1|76|1|Don|4|8|5|1|1|1|0|0|0
RZ1|CHK|76|1|40|5|1|4|8|2|0|0|1|0
RZ1|77|1|Don|4|7|5|2|1|1|0|0|0
RZ1|CHK|77|1|40|5|1|4|7|3|0|0|1|0
[You] Draw 2 Don
RZ1|78|1|Don|5|0|9|9900|1|1|0|0|0
RZ1|CHK|78|1|40|5|1|4|7|2|0|0|1|1
[You] Attach 1 Don to Marshall D. Teach ["OP16-080">OP16-080] (1 Total)
[You] Marshall D. Teach ["OP16-080">OP16-080] attacking Edward Newgate ["OP02-001">OP02-001]
Marshall D. Teach ["OP16-080">OP16-080][6000] vs Edward Newgate ["OP02-001">OP02-001][6000]
Edward Newgate ["OP02-001">OP02-001] hit for 1 damage
RZ1|79|2|OP01-029|3|4|1|6|1|1|0|0|0
RZ1|CHK|79|2|38|7|0|4|8|2|0|1|1|0
RZ1|80|1|Don|5|0|5|0|1|1|1|0|0
RZ1|CHK|80|1|40|5|1|4|7|2|0|0|1|1
[You] Deploy Laffitte ["OP09-095">OP09-095]
RZ1|81|1|OP09-095|1|4|2|1|1|1|0|0|0
RZ1|CHK|81|1|40|4|2|4|7|2|0|0|1|1
[You] Laffitte ["OP09-095">OP09-095]: Rest 1 Don
RZ1|82|1|Don|5|1|5|1|1|1|1|0|0
RZ1|CHK|82|1|40|4|2|4|7|2|0|0|1|1
[You] Laffitte ["OP09-095">OP09-095]: Rest Laffitte ["OP09-095">OP09-095]
RZ1|83|1|OP16-104|0|38|1|4|1|1|0|0|0
RZ1|CHK|83|1|39|5|2|4|7|2|0|0|1|1
[You] Laffitte ["OP09-095">OP09-095]: <b>Reveal and Draw Catarina Devon ["OP16-104">OP16-104]</b>
[You] Placing Cards on Bottom of Deck
RZ1|84|1|OP16-106|0|38|0|0|0|0|0|0|0
RZ1|CHK|84|1|39|5|2|4|7|2|0|0|1|1
RZ1|85|1|OP16-107|0|38|0|0|0|0|0|0|0
RZ1|CHK|85|1|39|5|2|4|7|2|0|0|1|1
RZ1|86|1|OP16-103|0|38|0|0|0|0|0|0|0
RZ1|CHK|86|1|39|5|2|4|7|2|0|0|1|1
RZ1|87|1|OP16-104|0|38|0|0|0|0|0|0|0
RZ1|CHK|87|1|39|5|2|4|7|2|0|0|1|1
[] Hand: [OP10-098,OP16-104,OP16-108,OP16-102,OP16-104]
[] Board: [OP16-102,OP09-095]
[] Trash: []
[] Life: 4
[] Hand: [OP02-015,OP02-024,OP02-004,OP02-004,OP02-003,OP03-003,OP01-029]
[] Trash: []
[] Board: []
[] Life: 4
[You] End Turn
[] Hand: [OP02-015,OP02-024,OP02-004,OP02-004,OP02-003,OP03-003,OP01-029]
[] Board: []
[] Trash: []
[] Life: 4
[] Hand: [OP10-098,OP16-104,OP16-108,OP16-102,OP16-104]
[] Trash: []
[] Board: [OP16-102,OP09-095]
[] Life: 4
[Opponent] Draw 1 Card
[] Drew card from deck: Guard Point ["ST01-014">ST01-014]
RZ1|88|2|ST01-014|0|37|1|7|1|1|0|0|0
RZ1|CHK|88|2|37|8|0|4|8|2|0|1|1|0
RZ1|89|2|Don|4|7|5|2|1|1|0|0|0
RZ1|CHK|89|2|37|8|0|4|7|3|0|1|1|0
RZ1|90|2|Don|4|6|5|3|1|1|0|0|0
RZ1|CHK|90|2|37|8|0|4|6|4|0|1|1|0
[Opponent] Draw 2 Don
RZ1|91|2|Don|5|0|5|0|1|1|1|0|0
RZ1|CHK|91|2|37|8|0|4|6|4|0|1|1|0
[Opponent] Deploy Izou ["OP03-003">OP03-003]
RZ1|92|2|OP03-003|1|5|2|0|1|1|0|0|0
RZ1|CHK|92|2|37|7|1|4|6|4|0|1|1|0
[Opponent] Izou ["OP03-003">OP03-003]: <b>Reveal and Draw Jozu ["OP02-008">OP02-008]</b>
RZ1|93|2|OP02-008|0|35|1|7|1|1|0|0|0
RZ1|CHK|93|2|36|8|1|4|6|4|0|1|1|0
RZ1|94|2|OP02-007|0|35|0|0|0|0|0|0|0
RZ1|CHK|94|2|36|8|1|4|6|4|0|1|1|0
RZ1|95|2|OP02-015|0|35|0|0|0|0|0|0|0
RZ1|CHK|95|2|36|8|1|4|6|4|0|1|1|0
RZ1|96|2|OP02-004|0|35|0|0|0|0|0|0|0
RZ1|CHK|96|2|36|8|1|4|6|4|0|1|1|0
RZ1|97|2|OP02-013|0|35|0|0|0|0|0|0|0
RZ1|CHK|97|2|36|8|1|4|6|4|0|1|1|0
RZ1|98|2|Don|5|1|9|9900|1|1|0|0|0
RZ1|CHK|98|2|36|8|1|4|6|3|0|1|1|1
[Opponent] Attach 1 Don to Edward Newgate ["OP02-001">OP02-001] (1 Total)
[Opponent] Edward Newgate ["OP02-001">OP02-001] attacking Marshall D. Teach ["OP16-080">OP16-080]
Edward Newgate ["OP02-001">OP02-001][7000] vs Marshall D. Teach ["OP16-080">OP16-080][5000]
Marshall D. Teach ["OP16-080">OP16-080] hit for 1 damage
RZ1|99|1|OP16-107|3|3|1|5|1|1|0|0|0
RZ1|CHK|99|1|39|6|2|3|7|2|0|0|1|1
[You] Jesus Burgess ["OP16-107">OP16-107]: Activate Trigger
RZ1|100|1|OP16-107|1|5|6|0|1|1|0|0|0
RZ1|CHK|100|1|39|5|2|3|7|2|1|0|1|1
RZ1|101|2|Don|5|1|5|1|1|1|1|0|0
RZ1|CHK|101|2|36|8|1|4|6|3|0|1|1|1
[Opponent] Deploy Makino ["OP02-015">OP02-015]
RZ1|102|2|OP02-015|1|0|2|1|1|1|0|0|0
RZ1|CHK|102|2|36|7|2|4|6|3|0|1|1|1
[Opponent] Makino ["OP02-015">OP02-015]: Buff Izou ["OP03-003">OP03-003] 3000
[Opponent] Loses 1 Life
RZ1|103|2|OP02-008|3|3|1|7|1|1|0|0|0
RZ1|CHK|103|2|36|8|2|3|6|3|0|1|1|1
[] Hand: [OP02-024,OP02-004,OP02-004,OP02-003,OP01-029,ST01-014,OP02-008,OP02-008]
[] Board: [OP03-003,OP02-015]
[] Trash: []
[] Life: 3
[] Hand: [OP10-098,OP16-104,OP16-108,OP16-102,OP16-104]
[] Trash: [OP16-107]
[] Board: [OP16-102,OP09-095]
[] Life: 3
[Opponent] End Turn
[] Hand: [OP10-098,OP16-104,OP16-108,OP16-102,OP16-104]
[] Board: [OP16-102,OP09-095]
[] Trash: [OP16-107]
[] Life: 3
[] Hand: [OP02-024,OP02-004,OP02-004,OP02-003,OP01-029,ST01-014,OP02-008,OP02-008]
[] Trash: []
[] Board: [OP03-003,OP02-015]
[] Life: 3
RZ1|104|1|Don|9|9900|5|0|1|1|1|0|0
RZ1|CHK|104|1|39|5|2|3|7|3|1|0|1|0
[You] Draw 1 Card
[] Drew card from deck: Avalo Pizarro ["OP16-102">OP16-102]
RZ1|105|1|OP16-102|0|38|1|5|1|1|0|0|0
RZ1|CHK|105|1|38|6|2|3|7|3|1|0|1|0
RZ1|106|1|Don|4|6|5|3|1|1|0|0|0
RZ1|CHK|106|1|38|6|2|3|6|4|1|0|1|0
RZ1|107|1|Don|4|5|5|4|1|1|0|0|0
RZ1|CHK|107|1|38|6|2|3|5|5|1|0|1|0
[You] Draw 2 Don
[You] Laffitte ["OP09-095">OP09-095]: Rest 1 Don
RZ1|108|1|Don|5|0|5|0|1|1|1|0|0
RZ1|CHK|108|1|38|6|2|3|5|5|1|0|1|0
[You] Laffitte ["OP09-095">OP09-095]: Rest Laffitte ["OP09-095">OP09-095]
RZ1|109|1|OP16-109|0|35|1|6|1|1|0|0|0
RZ1|CHK|109|1|37|7|2|3|5|5|1|0|1|0
[You] Laffitte ["OP09-095">OP09-095]: <b>Reveal and Draw Doc Q ["OP16-109">OP16-109]</b>
[You] Placing Cards on Bottom of Deck
RZ1|110|1|OP09-095|0|36|0|0|0|0|0|0|0
RZ1|CHK|110|1|37|7|2|3|5|5|1|0|1|0
RZ1|111|1|OP16-107|0|36|0|0|0|0|0|0|0
RZ1|CHK|111|1|37|7|2|3|5|5|1|0|1|0
RZ1|112|1|OP09-096|0|36|0|0|0|0|0|0|0
RZ1|CHK|112|1|37|7|2|3|5|5|1|0|1|0
RZ1|113|1|OP16-102|0|36|0|0|0|0|0|0|0
RZ1|CHK|113|1|37|7|2|3|5|5|1|0|1|0
RZ1|114|1|Don|5|1|9|9900|1|1|0|0|0
RZ1|CHK|114|1|37|7|2|3|5|4|1|0|1|1
[You] Attach 1 Don to Marshall D. Teach ["OP16-080">OP16-080] (1 Total)
[You] Marshall D. Teach ["OP16-080">OP16-080] attacking Edward Newgate ["OP02-001">OP02-001]
Marshall D. Teach ["OP16-080">OP16-080][6000] vs Edward Newgate ["OP02-001">OP02-001][6000]
Edward Newgate ["OP02-001">OP02-001] hit for 1 damage
RZ1|115|2|OP01-029|3|2|1|8|1|1|0|0|0
RZ1|CHK|115|2|36|9|2|2|6|3|0|1|1|1
RZ1|116|1|Don|5|1|9|0|1|1|0|0|0
RZ1|CHK|116|1|37|7|2|3|5|3|1|0|1|2
[You] Attach 1 Don to Avalo Pizarro ["OP16-102">OP16-102] (1 Total)
[You] Avalo Pizarro ["OP16-102">OP16-102] attacking Makino ["OP02-015">OP02-015]
[Opponent] Guard Point ["ST01-014">ST01-014]: Activate Counter
[Opponent] Guard Point ["ST01-014">ST01-014]: Rest 1 Don
RZ1|117|2|Don|5|2|5|2|1|1|1|0|0
RZ1|CHK|117|2|36|9|2|2|6|3|0|1|1|1
RZ1|118|2|ST01-014|1|5|6|0|1|1|0|0|0
RZ1|CHK|118|2|36|8|2|2|6|3|1|1|1|1
[Opponent] Guard Point ["ST01-014">ST01-014]: Buff Makino ["OP02-015">OP02-015] 3000 for the Combat
[Opponent] Discard Jozu ["OP02-008">OP02-008] for Counter 2000
RZ1|119|2|OP02-008|1|5|6|1|1|1|0|0|0
RZ1|CHK|119|2|36|7|2|2|6|3|2|1|1|1
Avalo Pizarro ["OP16-102">OP16-102][3000] vs Makino ["OP02-015">OP02-015][5000]
Attack Fails
RZ1|120|1|Don|5|1|5|1|1|1|1|0|0
RZ1|CHK|120|1|37|7|2|3|5|3|1|0|1|2
[You] Deploy Doc Q ["OP16-109">OP16-109]
RZ1|121|1|OP16-109|1|6|2|2|1|1|0|0|0
RZ1|CHK|121|1|37|6|3|3|5|3|1|0|1|2
[] Hand: [OP10-098,OP16-104,OP16-108,OP16-102,OP16-104,OP16-102]
[] Board: [OP16-102,OP09-095,OP16-109]
[] Trash: [OP16-107]
[] Life: 3
[] Hand: [OP02-024,OP02-004,OP02-004,OP02-003,OP01-029,OP02-008,OP01-029]
[] Trash: [ST01-014,OP02-008]
[] Board: [OP03-003,OP02-015]
[] Life: 2
[You] End Turn
[] Hand: [OP02-024,OP02-004,OP02-004,OP02-003,OP01-029,OP02-008,OP01-029]
[] Board: [OP03-003,OP02-015]
[] Trash: [ST01-014,OP02-008]
[] Life: 2
[] Hand: [OP10-098,OP16-104,OP16-108,OP16-102,OP16-104,OP16-102]
[] Trash: [OP16-107]
[] Board: [OP16-102,OP09-095,OP16-109]
[] Life: 3
RZ1|122|2|Don|9|9900|5|0|1|1|1|0|0
RZ1|CHK|122|2|36|7|2|2|6|4|2|1|1|0
[Opponent] Draw 1 Card
[] Drew card from deck: Izou ["OP03-003">OP03-003]
RZ1|123|2|OP03-003|0|35|1|7|1|1|0|0|0
RZ1|CHK|123|2|35|8|2|2|6|4|2|1|1|0
RZ1|124|2|Don|4|5|5|4|1|1|0|0|0
RZ1|CHK|124|2|35|8|2|2|5|5|2|1|1|0
RZ1|125|2|Don|4|4|5|5|1|1|0|0|0
RZ1|CHK|125|2|35|8|2|2|4|6|2|1|1|0
[Opponent] Draw 2 Don
[Opponent] Edward Newgate ["OP02-001">OP02-001] attacking Marshall D. Teach ["OP16-080">OP16-080]
RZ1|126|1|OP10-098|1|0|6|1|1|1|0|0|0
RZ1|CHK|126|1|37|5|3|3|5|3|2|0|1|2
[You] Marshall D. Teach ["OP16-080">OP16-080]: Trash Liberation ["OP10-098">OP10-098]
[You] Marshall D. Teach ["OP16-080">OP16-080]: Target of Attack changed to Doc Q ["OP16-109">OP16-109]
Edward Newgate ["OP02-001">OP02-001][6000] vs Doc Q ["OP16-109">OP16-109][0]
[You] Doc Q ["OP16-109">OP16-109] Destroyed
RZ1|127|1|OP16-109|2|2|6|2|1|1|0|0|0
RZ1|CHK|127|1|37|5|2|3|5|3|3|0|1|2
[] Drew card from deck: Van Augur ["OP16-103">OP16-103]
RZ1|128|1|OP16-103|0|36|1|5|1|1|0|0|0
RZ1|CHK|128|1|36|6|2|3|5|3|3|0|1|2
[You] Doc Q ["OP16-109">OP16-109]: Draw 1 Card
[You] Doc Q ["OP16-109">OP16-109]: Destroy Izou ["OP03-003">OP03-003]
[You] Doc Q ["OP16-109">OP16-109]: Destroy Makino ["OP02-015">OP02-015]
RZ1|129|2|OP02-015|2|1|6|2|1|1|0|0|0
RZ1|CHK|129|2|35|8|1|2|4|6|3|1|1|0
RZ1|130|2|OP03-003|2|0|6|3|1|1|0|0|0
RZ1|CHK|130|2|35|8|0|2|4|6|4|1|1|0
RZ1|131|2|Don|5|0|5|0|1|1|1|0|0
RZ1|CHK|131|2|35|8|0|2|4|6|4|1|1|0
[Opponent] Deploy Izou ["OP03-003">OP03-003]
RZ1|132|2|OP03-003|1|7|2|0|1|1|0|0|0
RZ1|CHK|132|2|35|7|1|2|4|6|4|1|1|0
[Opponent] Izou ["OP03-003">OP03-003]: <b>Reveal and Draw Moby Dick ["OP02-024">OP02-024]</b>
RZ1|133|2|OP02-024|0|34|1|7|1|1|0|0|0
RZ1|CHK|133|2|34|8|1|2|4|6|4|1|1|0
RZ1|134|2|OP01-006|0|33|0|0|0|0|0|0|0
RZ1|CHK|134|2|34|8|1|2|4|6|4|1|1|0
RZ1|135|2|OP01-006|0|33|0|0|0|0|0|0|0
RZ1|CHK|135|2|34|8|1|2|4|6|4|1|1|0
RZ1|136|2|OP02-015|0|33|0|0|0|0|0|0|0
RZ1|CHK|136|2|34|8|1|2|4|6|4|1|1|0
RZ1|137|2|ST01-014|0|33|0|0|0|0|0|0|0
RZ1|CHK|137|2|34|8|1|2|4|6|4|1|1|0
RZ1|138|2|Don|5|1|5|1|1|1|1|0|0
RZ1|CHK|138|2|34|8|1|2|4|6|4|1|1|0
RZ1|139|2|Don|5|2|5|2|1|1|1|0|0
RZ1|CHK|139|2|34|8|1|2|4|6|4|1|1|0
RZ1|140|2|Don|5|3|5|3|1|1|1|0|0
RZ1|CHK|140|2|34|8|1|2|4|6|4|1|1|0
RZ1|141|2|Don|5|4|5|4|1|1|1|0|0
RZ1|CHK|141|2|34|8|1|2|4|6|4|1|1|0
[Opponent] Deploy Atmos ["OP02-003">OP02-003]
RZ1|142|2|OP02-003|1|3|2|1|1|1|0|0|0
RZ1|CHK|142|2|34|7|2|2|4|6|4|1|1|0
[Opponent] Loses 1 Life
RZ1|143|2|OP02-007|3|1|1|7|1|1|0|0|0
RZ1|CHK|143|2|34|8|2|1|4|6|4|1|1|0
[] Hand: [OP02-024,OP02-004,OP02-004,OP01-029,OP02-008,OP01-029,OP02-024,OP02-007]
[] Board: [OP03-003,OP02-003]
[] Trash: [ST01-014,OP02-008,OP02-015,OP03-003]
[] Life: 1
[] Hand: [OP16-104,OP16-108,OP16-102,OP16-104,OP16-102,OP16-103]
[] Trash: [OP16-107,OP10-098,OP16-109]
[] Board: [OP16-102,OP09-095]
[] Life: 3
[Opponent] End Turn
[] Hand: [OP16-104,OP16-108,OP16-102,OP16-104,OP16-102,OP16-103]
[] Board: [OP16-102,OP09-095]
[] Trash: [OP16-107,OP10-098,OP16-109]
[] Life: 3
[] Hand: [OP02-024,OP02-004,OP02-004,OP01-029,OP02-008,OP01-029,OP02-024,OP02-007]
[] Trash: [ST01-014,OP02-008,OP02-015,OP03-003]
[] Board: [OP03-003,OP02-003]
[] Life: 1
RZ1|144|1|Don|9|9900|5|0|1|1|1|0|0
RZ1|CHK|144|1|36|6|2|3|5|4|3|0|1|1
RZ1|145|1|Don|9|0|5|0|1|1|1|0|0
RZ1|CHK|145|1|36|6|2|3|5|5|3|0|1|0
[You] Draw 1 Card
[] Drew card from deck: Marshall D. Teach ["OP09-093">OP09-093]
RZ1|146|1|OP09-093|0|35|1|6|1|1|0|0|0
RZ1|CHK|146|1|35|7|2|3|5|5|3|0|1|0
RZ1|147|1|Don|4|4|5|5|1|1|0|0|0
RZ1|CHK|147|1|35|7|2|3|4|6|3|0|1|0
RZ1|148|1|Don|4|3|5|6|1|1|0|0|0
RZ1|CHK|148|1|35|7|2|3|3|7|3|0|1|0
[You] Draw 2 Don
RZ1|149|1|Don|5|0|5|0|1|1|1|0|0
RZ1|CHK|149|1|35|7|2|3|3|7|3|0|1|0
RZ1|150|1|Don|5|1|5|1|1|1|1|0|0
RZ1|CHK|150|1|35|7|2|3|3|7|3|0|1|0
RZ1|151|1|Don|5|2|5|2|1|1|1|0|0
RZ1|CHK|151|1|35|7|2|3|3|7|3|0|1|0
RZ1|152|1|Don|5|3|5|3|1|1|1|0|0
RZ1|CHK|152|1|35|7|2|3|3|7|3|0|1|0
RZ1|153|1|Don|5|4|5|4|1|1|1|0|0
RZ1|CHK|153|1|35|7|2|3|3|7|3|0|1|0
RZ1|154|1|Don|5|5|5|5|1|1|1|0|0
RZ1|CHK|154|1|35|7|2|3|3|7|3|0|1|0
[You] Deploy Shiryu ["OP16-108">OP16-108]
RZ1|155|1|OP16-108|1|1|2|2|1|1|0|0|0
RZ1|CHK|155|1|35|6|3|3|3|7|3|0|1|0
RZ1|156|1|OP16-104|1|0|6|3|1|1|0|0|0
RZ1|CHK|156|1|35|5|3|3|3|7|4|0|1|0
[You] Shiryu ["OP16-108">OP16-108]: Trash Catarina Devon ["OP16-104">OP16-104]
[You] Shiryu ["OP16-108">OP16-108]: Add Doc Q ["OP16-109">OP16-109] to top of Life
RZ1|157|1|OP16-109|6|2|3|3|1|1|0|0|0
RZ1|CHK|157|1|35|5|3|4|3|7|3|0|1|0
RZ1|158|1|Don|5|6|9|9900|1|1|0|0|0
RZ1|CHK|158|1|35|5|3|4|3|6|3|0|1|1
[You] Attach 1 Don to Marshall D. Teach ["OP16-080">OP16-080] (1 Total)
[You] Marshall D. Teach ["OP16-080">OP16-080] attacking Edward Newgate ["OP02-001">OP02-001]
Marshall D. Teach ["OP16-080">OP16-080][6000] vs Edward Newgate ["OP02-001">OP02-001][6000]
Edward Newgate ["OP02-001">OP02-001] hit for 1 damage
RZ1|159|2|OP02-018|3|0|1|8|1|1|0|0|0
RZ1|CHK|159|2|34|9|2|0|4|6|4|1|1|0
[] Hand: [OP16-102,OP16-104,OP16-102,OP16-103,OP09-093]
[] Board: [OP16-102,OP09-095,OP16-108]
[] Trash: [OP16-107,OP10-098,OP16-104]
[] Life: 4
[] Hand: [OP02-024,OP02-004,OP02-004,OP01-029,OP02-008,OP01-029,OP02-024,OP02-007,OP02-018]
[] Trash: [ST01-014,OP02-008,OP02-015,OP03-003]
[] Board: [OP03-003,OP02-003]
[] Life: 0
[You] End Turn
[] Hand: [OP02-024,OP02-004,OP02-004,OP01-029,OP02-008,OP01-029,OP02-024,OP02-007,OP02-018]
[] Board: [OP03-003,OP02-003]
[] Trash: [ST01-014,OP02-008,OP02-015,OP03-003]
[] Life: 0
[] Hand: [OP16-102,OP16-104,OP16-102,OP16-103,OP09-093]
[] Trash: [OP16-107,OP10-098,OP16-104]
[] Board: [OP16-102,OP09-095,OP16-108]
[] Life: 4
[Opponent] Draw 1 Card
[] Drew card from deck: Moby Dick ["OP02-024">OP02-024]
RZ1|160|2|OP02-024|0|33|1|9|1|1|0|0|0
RZ1|CHK|160|2|33|10|2|0|4|6|4|1|1|0
RZ1|161|2|Don|4|3|5|6|1|1|0|0|0
RZ1|CHK|161|2|33|10|2|0|3|7|4|1|1|0
RZ1|162|2|Don|4|2|5|7|1|1|0|0|0
RZ1|CHK|162|2|33|10|2|0|2|8|4|1|1|0
[Opponent] Draw 2 Don
RZ1|163|2|Don|5|0|9|9900|1|1|0|0|0
RZ1|CHK|163|2|33|10|2|0|2|7|4|1|1|1
RZ1|164|2|Don|5|0|9|9901|1|1|0|0|0
RZ1|CHK|164|2|33|10|2|0|2|6|4|1|1|2
[Opponent] Attach 2 Don to Edward Newgate ["OP02-001">OP02-001] (2 Total)
RZ1|165|2|Don|5|0|5|0|1|1|1|0|0
RZ1|CHK|165|2|33|10|2|0|2|6|4|1|1|2
RZ1|166|2|Don|5|1|5|1|1|1|1|0|0
RZ1|CHK|166|2|33|10|2|0|2|6|4|1|1|2
RZ1|167|2|Don|5|2|5|2|1|1|1|0|0
RZ1|CHK|167|2|33|10|2|0|2|6|4|1|1|2
RZ1|168|2|Don|5|3|5|3|1|1|1|0|0
RZ1|CHK|168|2|33|10|2|0|2|6|4|1|1|2
[Opponent] Deploy Jozu ["OP02-008">OP02-008]
RZ1|169|2|OP02-008|1|4|2|2|1|1|0|2000|0
RZ1|CHK|169|2|33|9|3|0|2|6|4|1|1|2
RZ1|170|2|Don|5|4|9|9902|1|1|0|0|0
RZ1|CHK|170|2|33|9|3|0|2|5|4|1|1|3
[Opponent] Attach 1 Don to Edward Newgate ["OP02-001">OP02-001] (3 Total)
[Opponent] Edward Newgate ["OP02-001">OP02-001] attacking Marshall D. Teach ["OP16-080">OP16-080]
Edward Newgate ["OP02-001">OP02-001][11000] vs Marshall D. Teach ["OP16-080">OP16-080][5000]
Marshall D. Teach ["OP16-080">OP16-080] hit for 1 damage
RZ1|171|1|OP16-109|3|3|1|5|1|1|0|0|0
RZ1|CHK|171|1|35|6|3|3|3|6|3|0|1|1
[You] Doc Q ["OP16-109">OP16-109]: Activate Trigger
RZ1|172|1|OP16-109|1|5|6|3|1|1|0|0|0
RZ1|CHK|172|1|35|5|3|3|3|6|4|0|1|1
[] Drew card from deck: Vasco Shot ["OP16-110">OP16-110]
RZ1|173|1|OP16-110|0|34|1|5|1|1|0|0|0
RZ1|CHK|173|1|34|6|3|3|3|6|4|0|1|1
[You] Doc Q ["OP16-109">OP16-109]: Draw 1 Card
[Opponent] Atmos ["OP02-003">OP02-003] attacking Marshall D. Teach ["OP16-080">OP16-080]
[You] Discard Avalo Pizarro ["OP16-102">OP16-102] for Counter 2000
RZ1|174|1|OP16-102|1|0|6|4|1|1|0|0|0
RZ1|CHK|174|1|34|5|3|3|3|6|5|0|1|1
[You] Discard Catarina Devon ["OP16-104">OP16-104] for Counter 2000
RZ1|175|1|OP16-104|1|0|6|5|1|1|0|0|0
RZ1|CHK|175|1|34|4|3|3|3|6|6|0|1|1
Atmos ["OP02-003">OP02-003][8000] vs Marshall D. Teach ["OP16-080">OP16-080][9000]
Attack Fails
[Opponent] Jozu ["OP02-008">OP02-008] attacking Marshall D. Teach ["OP16-080">OP16-080]
[You] Discard Van Augur ["OP16-103">OP16-103] for Counter 1000
RZ1|176|1|OP16-103|1|1|6|6|1|1|0|0|0
RZ1|CHK|176|1|34|3|3|3|3|6|7|0|1|1
[You] Discard Vasco Shot ["OP16-110">OP16-110] for Counter 1000
RZ1|177|1|OP16-110|1|2|6|7|1|1|0|0|0
RZ1|CHK|177|1|34|2|3|3|3|6|8|0|1|1
Jozu ["OP02-008">OP02-008][6000] vs Marshall D. Teach ["OP16-080">OP16-080][7000]
Attack Fails
RZ1|178|2|Don|5|4|9|0|1|1|0|0|0
RZ1|CHK|178|2|33|9|3|0|2|4|4|1|1|4
[Opponent] Attach 1 Don to Izou ["OP03-003">OP03-003] (1 Total)
[Opponent] Izou ["OP03-003">OP03-003] attacking Marshall D. Teach ["OP16-080">OP16-080]
[You] Discard Avalo Pizarro ["OP16-102">OP16-102] for Counter 2000
RZ1|179|1|OP16-102|1|0|6|8|1|1|0|0|0
RZ1|CHK|179|1|34|1|3|3|3|6|9|0|1|1
Izou ["OP03-003">OP03-003][5000] vs Marshall D. Teach ["OP16-080">OP16-080][7000]
Attack Fails
[] Hand: [OP02-024,OP02-004,OP02-004,OP01-029,OP01-029,OP02-024,OP02-007,OP02-018,OP02-024]
[] Board: [OP03-003,OP02-003,OP02-008]
[] Trash: [ST01-014,OP02-008,OP02-015,OP03-003]
[] Life: 0
[] Hand: [OP09-093]
[] Trash: [OP16-107,OP10-098,OP16-104,OP16-109,OP16-102,OP16-104,OP16-103,OP16-110,OP16-102]
[] Board: [OP16-102,OP09-095,OP16-108]
[] Life: 3
[Opponent] End Turn
[] Hand: [OP09-093]
[] Board: [OP16-102,OP09-095,OP16-108]
[] Trash: [OP16-107,OP10-098,OP16-104,OP16-109,OP16-102,OP16-104,OP16-103,OP16-110,OP16-102]
[] Life: 3
[] Hand: [OP02-024,OP02-004,OP02-004,OP01-029,OP01-029,OP02-024,OP02-007,OP02-018,OP02-024]
[] Trash: [ST01-014,OP02-008,OP02-015,OP03-003]
[] Board: [OP03-003,OP02-003,OP02-008]
[] Life: 0
RZ1|180|1|Don|9|9900|5|0|1|1|1|0|0
RZ1|CHK|180|1|34|1|3|3|3|7|9|0|1|0
[You] Draw 1 Card
[] Drew card from deck: Catarina Devon ["OP09-084">OP09-084]
RZ1|181|1|OP09-084|0|33|1|1|1|1|0|0|0
RZ1|CHK|181|1|33|2|3|3|3|7|9|0|1|0
RZ1|182|1|Don|4|2|5|7|1|1|0|0|0
RZ1|CHK|182|1|33|2|3|3|2|8|9|0|1|0
RZ1|183|1|Don|4|1|5|8|1|1|0|0|0
RZ1|CHK|183|1|33|2|3|3|1|9|9|0|1|0
[You] Draw 2 Don
[You] Shiryu ["OP16-108">OP16-108] attacking Edward Newgate ["OP02-001">OP02-001]
Shiryu ["OP16-108">OP16-108][8000] vs Edward Newgate ["OP02-001">OP02-001][6000]
Edward Newgate ["OP02-001">OP02-001] hit for 1 damage
[Opponent] <b>Downloaded the Combat Log!</b>
GameOver