Version is 1.42b
[You] Leader is Marshall D. Teach ["OP16-080">OP16-080]
RZ1|HDR|1.42b|2|RZ1
RZ1|PLY|1||OP16-080
RZ1|PLY|2||
[Opponent] Leader is Rocks D. Xebec ["OP17-039">OP17-039]
RZ1|1|2|OP17-054|0|12|0|0|0|0|0|0|0
RZ1|CHK|1|2|50|0|0|0|10|0|0|0|1|0
RZ1|2|2|OP17-052|0|8|0|1|0|0|0|0|0
RZ1|CHK|2|2|50|0|0|0|10|0|0|0|1|0
RZ1|3|2|OP17-040|0|28|0|2|0|0|0|0|0
RZ1|CHK|3|2|50|0|0|0|10|0|0|0|1|0
RZ1|4|2|OP17-046|0|18|0|3|0|0|0|0|0
RZ1|CHK|4|2|50|0|0|0|10|0|0|0|1|0
RZ1|5|2|OP17-050|0|5|0|4|0|0|0|0|0
RZ1|CHK|5|2|50|0|0|0|10|0|0|0|1|0
RZ1|6|2|OP17-048|0|31|0|5|0|0|0|0|0
RZ1|CHK|6|2|50|0|0|0|10|0|0|0|1|0
RZ1|7|2|OP17-042|0|17|0|6|0|0|0|0|0
RZ1|CHK|7|2|50|0|0|0|10|0|0|0|1|0
RZ1|8|2|OP17-057|0|47|0|7|0|0|0|0|0
RZ1|CHK|8|2|50|0|0|0|10|0|0|0|1|0
RZ1|9|2|OP17-049|0|29|0|8|0|0|0|0|0
RZ1|CHK|9|2|50|0|0|0|10|0|0|0|1|0
RZ1|10|2|OP17-045|0|13|0|9|0|0|0|0|0
RZ1|CHK|10|2|50|0|0|0|10|0|0|0|1|0
RZ1|11|2|OP17-040|0|31|0|10|0|0|0|0|0
RZ1|CHK|11|2|50|0|0|0|10|0|0|0|1|0
RZ1|12|2|OP17-055|0|42|0|11|0|0|0|0|0
RZ1|CHK|12|2|50|0|0|0|10|0|0|0|1|0
RZ1|13|2|OP17-044|0|22|0|12|0|0|0|0|0
RZ1|CHK|13|2|50|0|0|0|10|0|0|0|1|0
RZ1|14|2|OP17-049|0|31|0|13|0|0|0|0|0
RZ1|CHK|14|2|50|0|0|0|10|0|0|0|1|0
RZ1|15|2|OP17-055|0|43|0|14|0|0|0|0|0
RZ1|CHK|15|2|50|0|0|0|10|0|0|0|1|0
RZ1|16|2|OP17-040|0|33|0|15|0|0|0|0|0
RZ1|CHK|16|2|50|0|0|0|10|0|0|0|1|0
RZ1|17|2|OP17-056|0|45|0|16|0|0|0|0|0
RZ1|CHK|17|2|50|0|0|0|10|0|0|0|1|0
RZ1|18|2|OP17-057|0|49|0|17|0|0|0|0|0
RZ1|CHK|18|2|50|0|0|0|10|0|0|0|1|0
RZ1|19|2|OP17-043|0|32|0|18|0|0|0|0|0
RZ1|CHK|19|2|50|0|0|0|10|0|0|0|1|0
RZ1|20|2|OP17-048|0|37|0|19|0|0|0|0|0
RZ1|CHK|20|2|50|0|0|0|10|0|0|0|1|0
RZ1|21|2|OP17-043|0|34|0|20|0|0|0|0|0
RZ1|CHK|21|2|50|0|0|0|10|0|0|0|1|0
RZ1|22|2|OP17-050|0|22|0|21|0|0|0|0|0
RZ1|CHK|22|2|50|0|0|0|10|0|0|0|1|0
RZ1|23|2|OP17-054|0|27|0|22|0|0|0|0|0
RZ1|CHK|23|2|50|0|0|0|10|0|0|0|1|0
RZ1|24|2|OP17-045|0|24|0|23|0|0|0|0|0
RZ1|CHK|24|2|50|0|0|0|10|0|0|0|1|0
RZ1|25|2|OP17-052|0|27|0|24|0|0|0|0|0
RZ1|CHK|25|2|50|0|0|0|10|0|0|0|1|0
RZ1|26|2|OP17-046|0|33|0|25|0|0|0|0|0
RZ1|CHK|26|2|50|0|0|0|10|0|0|0|1|0
RZ1|27|2|OP17-054|0|29|0|26|0|0|0|0|0
RZ1|CHK|27|2|50|0|0|0|10|0|0|0|1|0
RZ1|28|2|OP17-054|0|30|0|27|0|0|0|0|0
RZ1|CHK|28|2|50|0|0|0|10|0|0|0|1|0
RZ1|29|2|OP17-055|0|45|0|28|0|0|0|0|0
RZ1|CHK|29|2|50|0|0|0|10|0|0|0|1|0
RZ1|30|2|OP17-118|0|43|0|29|0|0|0|0|0
RZ1|CHK|30|2|50|0|0|0|10|0|0|0|1|0
RZ1|31|2|OP17-057|0|49|0|30|0|0|0|0|0
RZ1|CHK|31|2|50|0|0|0|10|0|0|0|1|0
RZ1|32|2|OP17-049|0|38|0|31|0|0|0|0|0
RZ1|CHK|32|2|50|0|0|0|10|0|0|0|1|0
RZ1|33|2|OP17-040|0|40|0|32|0|0|0|0|0
RZ1|CHK|33|2|50|0|0|0|10|0|0|0|1|0
RZ1|34|2|OP17-056|0|49|0|33|0|0|0|0|0
RZ1|CHK|34|2|50|0|0|0|10|0|0|0|1|0
RZ1|35|2|OP17-118|0|45|0|34|0|0|0|0|0
RZ1|CHK|35|2|50|0|0|0|10|0|0|0|1|0
RZ1|36|2|OP17-118|0|45|0|35|0|0|0|0|0
RZ1|CHK|36|2|50|0|0|0|10|0|0|0|1|0
RZ1|37|2|OP17-045|0|37|0|36|0|0|0|0|0
RZ1|CHK|37|2|50|0|0|0|10|0|0|0|1|0
RZ1|38|2|OP17-046|0|42|0|37|0|0|0|0|0
RZ1|CHK|38|2|50|0|0|0|10|0|0|0|1|0
RZ1|39|2|OP17-049|0|43|0|39|0|0|0|0|0
RZ1|CHK|39|2|50|0|0|0|10|0|0|0|1|0
RZ1|40|2|OP17-044|0|42|0|40|0|0|0|0|0
RZ1|CHK|40|2|50|0|0|0|10|0|0|0|1|0
RZ1|41|2|OP17-056|0|48|0|41|0|0|0|0|0
RZ1|CHK|41|2|50|0|0|0|10|0|0|0|1|0
RZ1|42|2|OP17-042|0|43|0|42|0|0|0|0|0
RZ1|CHK|42|2|50|0|0|0|10|0|0|0|1|0
RZ1|43|2|OP17-048|0|45|0|43|0|0|0|0|0
RZ1|CHK|43|2|50|0|0|0|10|0|0|0|1|0
RZ1|44|2|OP17-055|0|48|0|44|0|0|0|0|0
RZ1|CHK|44|2|50|0|0|0|10|0|0|0|1|0
RZ1|45|2|OP17-118|0|48|0|45|0|0|0|0|0
RZ1|CHK|45|2|50|0|0|0|10|0|0|0|1|0
RZ1|46|2|OP17-046|0|47|0|46|0|0|0|0|0
RZ1|CHK|46|2|50|0|0|0|10|0|0|0|1|0
RZ1|47|2|OP17-056|0|49|0|47|0|0|0|0|0
RZ1|CHK|47|2|50|0|0|0|10|0|0|0|1|0
[] Drew card from deck: Borsalino ["EB04-058">EB04-058]
RZ1|48|1|EB04-058|0|49|1|0|1|1|0|0|0
RZ1|CHK|48|1|49|1|0|0|10|0|0|0|1|0
[] Drew card from deck: You're the one who should disappear! ["OP06-115">OP06-115]
RZ1|49|1|OP06-115|0|48|1|1|1|1|0|0|0
RZ1|CHK|49|1|48|2|0|0|10|0|0|0|1|0
[] Drew card from deck: Jesus Burgess ["OP09-086">OP09-086]
RZ1|50|1|OP09-086|0|47|1|2|1|1|0|0|0
RZ1|CHK|50|1|47|3|0|0|10|0|0|0|1|0
[] Drew card from deck: Borsalino ["EB04-058">EB04-058]
RZ1|51|1|EB04-058|0|46|1|3|1|1|0|0|0
RZ1|CHK|51|1|46|4|0|0|10|0|0|0|1|0
[] Drew card from deck: Vasco Shot ["OP16-110">OP16-110]
RZ1|52|1|OP16-110|0|45|1|4|1|1|0|0|0
RZ1|CHK|52|1|45|5|0|0|10|0|0|0|1|0
[] Drew card from deck: Shiki ["OP17-048">OP17-048]
RZ1|53|2|OP17-048|0|49|1|0|1|1|0|0|0
RZ1|CHK|53|2|49|1|0|0|10|0|0|0|1|0
[] Drew card from deck: Don Marlon ["OP17-052">OP17-052]
RZ1|54|2|OP17-052|0|48|1|1|1|1|0|0|0
RZ1|CHK|54|2|48|2|0|0|10|0|0|0|1|0
[] Drew card from deck: Rocks Pirates ["OP17-056">OP17-056]
RZ1|55|2|OP17-056|0|47|1|2|1|1|0|0|0
RZ1|CHK|55|2|47|3|0|0|10|0|0|0|1|0
[] Drew card from deck: Gloriosa ["OP17-046">OP17-046]
RZ1|56|2|OP17-046|0|46|1|3|1|1|0|0|0
RZ1|CHK|56|2|46|4|0|0|10|0|0|0|1|0
[] Drew card from deck: Rocks D. Xebec ["OP17-118">OP17-118]
RZ1|57|2|OP17-118|0|45|1|4|1|1|0|0|0
RZ1|CHK|57|2|45|5|0|0|10|0|0|0|1|0
RZ1|58|1|OP16-104|0|44|3|0|1|0|0|0|0
RZ1|CHK|58|1|44|5|0|1|10|0|0|0|1|0
RZ1|59|1|OP16-119|0|43|3|1|1|0|0|0|0
RZ1|CHK|59|1|43|5|0|2|10|0|0|0|1|0
RZ1|60|1|OP16-115|0|42|3|2|1|0|0|0|0
RZ1|CHK|60|1|42|5|0|3|10|0|0|0|1|0
RZ1|61|1|OP16-109|0|41|3|3|1|0|0|0|0
RZ1|CHK|61|1|41|5|0|4|10|0|0|0|1|0
RZ1|62|2|OP17-048|1|0|0|45|0|0|0|0|0
RZ1|CHK|62|2|46|4|0|0|10|0|0|0|1|0
RZ1|63|2|OP17-052|1|0|0|46|0|0|0|0|0
RZ1|CHK|63|2|47|3|0|0|10|0|0|0|1|0
RZ1|64|2|OP17-056|1|0|0|47|0|0|0|0|0
RZ1|CHK|64|2|48|2|0|0|10|0|0|0|1|0
RZ1|65|2|OP17-046|1|0|0|48|0|0|0|0|0
RZ1|CHK|65|2|49|1|0|0|10|0|0|0|1|0
RZ1|66|2|OP17-118|1|0|0|49|0|0|0|0|0
RZ1|CHK|66|2|50|0|0|0|10|0|0|0|1|0
RZ1|67|2|OP17-055|0|11|0|0|0|0|0|0|0
RZ1|CHK|67|2|50|0|0|0|10|0|0|0|1|0
RZ1|68|2|OP17-049|0|39|0|1|0|0|0|0|0
RZ1|CHK|68|2|50|0|0|0|10|0|0|0|1|0
RZ1|69|2|OP17-052|0|3|0|2|0|0|0|0|0
RZ1|CHK|69|2|50|0|0|0|10|0|0|0|1|0
RZ1|70|2|OP17-042|0|42|0|3|0|0|0|0|0
RZ1|CHK|70|2|50|0|0|0|10|0|0|0|1|0
RZ1|71|2|OP17-050|0|23|0|4|0|0|0|0|0
RZ1|CHK|71|2|50|0|0|0|10|0|0|0|1|0
RZ1|72|2|OP17-050|0|40|0|5|0|0|0|0|0
RZ1|CHK|72|2|50|0|0|0|10|0|0|0|1|0
RZ1|73|2|OP17-118|0|49|0|6|0|0|0|0|0
RZ1|CHK|73|2|50|0|0|0|10|0|0|0|1|0
RZ1|74|2|OP17-046|0|9|0|7|0|0|0|0|0
RZ1|CHK|74|2|50|0|0|0|10|0|0|0|1|0
RZ1|75|2|OP17-054|0|26|0|8|0|0|0|0|0
RZ1|CHK|75|2|50|0|0|0|10|0|0|0|1|0
RZ1|76|2|OP17-046|0|41|0|9|0|0|0|0|0
RZ1|CHK|76|2|50|0|0|0|10|0|0|0|1|0
RZ1|77|2|OP17-052|0|29|0|10|0|0|0|0|0
RZ1|CHK|77|2|50|0|0|0|10|0|0|0|1|0
RZ1|78|2|OP17-049|0|36|0|11|0|0|0|0|0
RZ1|CHK|78|2|50|0|0|0|10|0|0|0|1|0
RZ1|79|2|OP17-050|0|14|0|12|0|0|0|0|0
RZ1|CHK|79|2|50|0|0|0|10|0|0|0|1|0
RZ1|80|2|OP17-045|0|41|0|13|0|0|0|0|0
RZ1|CHK|80|2|50|0|0|0|10|0|0|0|1|0
RZ1|81|2|OP17-048|0|29|0|14|0|0|0|0|0
RZ1|CHK|81|2|50|0|0|0|10|0|0|0|1|0
RZ1|82|2|OP17-048|0|44|0|15|0|0|0|0|0
RZ1|CHK|82|2|50|0|0|0|10|0|0|0|1|0
RZ1|83|2|OP17-040|0|23|0|16|0|0|0|0|0
RZ1|CHK|83|2|50|0|0|0|10|0|0|0|1|0
RZ1|84|2|OP17-046|0|33|0|17|0|0|0|0|0
RZ1|CHK|84|2|50|0|0|0|10|0|0|0|1|0
RZ1|85|2|OP17-049|0|23|0|18|0|0|0|0|0
RZ1|CHK|85|2|50|0|0|0|10|0|0|0|1|0
RZ1|86|2|OP17-056|0|48|0|19|0|0|0|0|0
RZ1|CHK|86|2|50|0|0|0|10|0|0|0|1|0
RZ1|87|2|OP17-055|0|37|0|20|0|0|0|0|0
RZ1|CHK|87|2|50|0|0|0|10|0|0|0|1|0
RZ1|88|2|OP17-045|0|26|0|21|0|0|0|0|0
RZ1|CHK|88|2|50|0|0|0|10|0|0|0|1|0
RZ1|89|2|OP17-044|0|44|0|22|0|0|0|0|0
RZ1|CHK|89|2|50|0|0|0|10|0|0|0|1|0
RZ1|90|2|OP17-043|0|35|0|23|0|0|0|0|0
RZ1|CHK|90|2|50|0|0|0|10|0|0|0|1|0
RZ1|91|2|OP17-054|0|37|0|24|0|0|0|0|0
RZ1|CHK|91|2|50|0|0|0|10|0|0|0|1|0
RZ1|92|2|OP17-043|0|36|0|25|0|0|0|0|0
RZ1|CHK|92|2|50|0|0|0|10|0|0|0|1|0
RZ1|93|2|OP17-048|0|28|0|26|0|0|0|0|0
RZ1|CHK|93|2|50|0|0|0|10|0|0|0|1|0
RZ1|94|2|OP17-042|0|29|0|27|0|0|0|0|0
RZ1|CHK|94|2|50|0|0|0|10|0|0|0|1|0
RZ1|95|2|OP17-118|0|39|0|28|0|0|0|0|0
RZ1|CHK|95|2|50|0|0|0|10|0|0|0|1|0
RZ1|96|2|OP17-048|0|47|0|29|0|0|0|0|0
RZ1|CHK|96|2|50|0|0|0|10|0|0|0|1|0
RZ1|97|2|OP17-040|0|31|0|30|0|0|0|0|0
RZ1|CHK|97|2|50|0|0|0|10|0|0|0|1|0
RZ1|98|2|OP17-044|0|33|0|31|0|0|0|0|0
RZ1|CHK|98|2|50|0|0|0|10|0|0|0|1|0
RZ1|99|2|OP17-046|0|49|0|32|0|0|0|0|0
RZ1|CHK|99|2|50|0|0|0|10|0|0|0|1|0
RZ1|100|2|OP17-056|0|47|0|33|0|0|0|0|0
RZ1|CHK|100|2|50|0|0|0|10|0|0|0|1|0
RZ1|101|2|OP17-055|0|37|0|34|0|0|0|0|0
RZ1|CHK|101|2|50|0|0|0|10|0|0|0|1|0
RZ1|102|2|OP17-057|0|36|0|35|0|0|0|0|0
RZ1|CHK|102|2|50|0|0|0|10|0|0|0|1|0
RZ1|103|2|OP17-055|0|48|0|36|0|0|0|0|0
RZ1|CHK|103|2|50|0|0|0|10|0|0|0|1|0
RZ1|104|2|OP17-045|0|42|0|37|0|0|0|0|0
RZ1|CHK|104|2|50|0|0|0|10|0|0|0|1|0
RZ1|105|2|OP17-056|0|46|0|38|0|0|0|0|0
RZ1|CHK|105|2|50|0|0|0|10|0|0|0|1|0
RZ1|106|2|OP17-040|0|41|0|39|0|0|0|0|0
RZ1|CHK|106|2|50|0|0|0|10|0|0|0|1|0
RZ1|107|2|OP17-057|0|45|0|40|0|0|0|0|0
RZ1|CHK|107|2|50|0|0|0|10|0|0|0|1|0
RZ1|108|2|OP17-056|0|43|0|41|0|0|0|0|0
RZ1|CHK|108|2|50|0|0|0|10|0|0|0|1|0
RZ1|109|2|OP17-049|0|43|0|42|0|0|0|0|0
RZ1|CHK|109|2|50|0|0|0|10|0|0|0|1|0
RZ1|110|2|OP17-040|0|46|0|43|0|0|0|0|0
RZ1|CHK|110|2|50|0|0|0|10|0|0|0|1|0
RZ1|111|2|OP17-118|0|48|0|44|0|0|0|0|0
RZ1|CHK|111|2|50|0|0|0|10|0|0|0|1|0
RZ1|112|2|OP17-118|0|48|0|46|0|0|0|0|0
RZ1|CHK|112|2|50|0|0|0|10|0|0|0|1|0
RZ1|113|2|OP17-054|0|48|0|47|0|0|0|0|0
RZ1|CHK|113|2|50|0|0|0|10|0|0|0|1|0
RZ1|114|2|OP17-052|0|49|0|48|0|0|0|0|0
RZ1|CHK|114|2|50|0|0|0|10|0|0|0|1|0
[] Drew card from deck: Fullalead ["OP17-057">OP17-057]
RZ1|115|2|OP17-057|0|49|1|0|1|1|0|0|0
RZ1|CHK|115|2|49|1|0|0|10|0|0|0|1|0
[] Drew card from deck: Don Marlon ["OP17-052">OP17-052]
RZ1|116|2|OP17-052|0|48|1|1|1|1|0|0|0
RZ1|CHK|116|2|48|2|0|0|10|0|0|0|1|0
[] Drew card from deck: Stussy ["OP17-054">OP17-054]
RZ1|117|2|OP17-054|0|47|1|2|1|1|0|0|0
RZ1|CHK|117|2|47|3|0|0|10|0|0|0|1|0
[] Drew card from deck: Rocks D. Xebec ["OP17-118">OP17-118]
RZ1|118|2|OP17-118|0|46|1|3|1|1|0|0|0
RZ1|CHK|118|2|46|4|0|0|10|0|0|0|1|0
[] Drew card from deck: Stussy ["OP17-054">OP17-054]
RZ1|119|2|OP17-054|0|45|1|4|1|1|0|0|0
RZ1|CHK|119|2|45|5|0|0|10|0|0|0|1|0
RZ1|120|2|OP17-118|0|44|3|0|0|1|0|0|0
RZ1|CHK|120|2|44|5|0|1|10|0|0|0|1|0
RZ1|121|2|OP17-040|0|43|3|1|0|1|0|0|0
RZ1|CHK|121|2|43|5|0|2|10|0|0|0|1|0
RZ1|122|2|OP17-049|0|42|3|2|0|1|0|0|0
RZ1|CHK|122|2|42|5|0|3|10|0|0|0|1|0
RZ1|123|2|OP17-056|0|41|3|3|0|1|0|0|0
RZ1|CHK|123|2|41|5|0|4|10|0|0|0|1|0
RZ1|124|2|OP17-057|0|40|3|4|0|1|0|0|0
RZ1|CHK|124|2|40|5|0|5|10|0|0|0|1|0
[] Hand after Mulligan: [OP17-057,OP17-052,OP17-054,OP17-118,OP17-054]
[Opponent] Mulligan
[] Hand: [EB04-058,OP06-115,OP09-086,EB04-058,OP16-110]
[] Board: []
[] Trash: []
[] Life: 4
[] Hand: [OP17-057,OP17-052,OP17-054,OP17-118,OP17-054]
[] Trash: []
[] Board: []
[] Life: 5
RZ1|125|1|Don|4|9|5|0|1|1|0|0|0
RZ1|CHK|125|1|41|5|0|4|9|1|0|0|1|0
[You] Draw 1 Don
RZ1|126|1|Don|5|0|5|0|1|1|1|0|0
RZ1|CHK|126|1|41|5|0|4|9|1|0|0|1|0
[You] Deploy Vasco Shot ["OP16-110">OP16-110]
RZ1|127|1|OP16-110|1|4|2|0|1|1|0|0|0
RZ1|CHK|127|1|41|4|1|4|9|1|0|0|1|0
[] Hand: [EB04-058,OP06-115,OP09-086,EB04-058]
[] Board: [OP16-110]
[] Trash: []
[] Life: 4
[] Hand: [OP17-057,OP17-052,OP17-054,OP17-118,OP17-054]
[] Trash: []
[] Board: []
[] Life: 5
[You] End Turn
[] Hand: [OP17-057,OP17-052,OP17-054,OP17-118,OP17-054]
[] Board: []
[] Trash: []
[] Life: 5
[] Hand: [EB04-058,OP06-115,OP09-086,EB04-058]
[] Trash: []
[] Board: [OP16-110]
[] Life: 4
[Opponent] Draw 1 Card
[] Drew card from deck: Edward Newgate ["OP17-040">OP17-040]
RZ1|128|2|OP17-040|0|39|1|5|1|1|0|0|0
RZ1|CHK|128|2|39|6|0|5|10|0|0|0|1|0
RZ1|129|2|Don|4|9|5|0|1|1|0|0|0
RZ1|CHK|129|2|39|6|0|5|9|1|0|0|1|0
RZ1|130|2|Don|4|8|5|1|1|1|0|0|0
RZ1|CHK|130|2|39|6|0|5|8|2|0|0|1|0
[Opponent] Draw 2 Don
RZ1|131|2|Don|5|0|5|0|1|1|1|0|0
RZ1|CHK|131|2|39|6|0|5|8|2|0|0|1|0
[Opponent] Deploy Fullalead ["OP17-057">OP17-057]
RZ1|132|2|OP17-057|1|0|7|0|1|1|0|0|0
RZ1|CHK|132|2|39|5|0|5|8|2|0|1|1|0
[] Hand: [OP17-052,OP17-054,OP17-118,OP17-054,OP17-040]
[] Board: []
[] Trash: []
[] Life: 5
[] Hand: [EB04-058,OP06-115,OP09-086,EB04-058]
[] Trash: []
[] Board: [OP16-110]
[] Life: 4
[Opponent] End Turn
[] Hand: [EB04-058,OP06-115,OP09-086,EB04-058]
[] Board: [OP16-110]
[] Trash: []
[] Life: 4
[] Hand: [OP17-052,OP17-054,OP17-118,OP17-054,OP17-040]
[] Trash: []
[] Board: []
[] Life: 5
[You] Draw 1 Card
[] Drew card from deck: Borsalino ["EB04-058">EB04-058]
RZ1|133|1|EB04-058|0|40|1|4|1|1|0|0|0
RZ1|CHK|133|1|40|5|1|4|9|1|0|0|1|0
RZ1|134|1|Don|4|8|5|1|1|1|0|0|0
RZ1|CHK|134|1|40|5|1|4|8|2|0|0|1|0
RZ1|135|1|Don|4|7|5|2|1|1|0|0|0
RZ1|CHK|135|1|40|5|1|4|7|3|0|0|1|0
[You] Draw 2 Don
[You] Marshall D. Teach ["OP16-080">OP16-080] attacking Rocks D. Xebec ["OP17-039">OP17-039]
[Opponent] Fullalead ["OP17-057">OP17-057]: Rest Fullalead ["OP17-057">OP17-057]
RZ1|136|2|OP17-052|1|0|6|0|1|1|0|0|0
RZ1|CHK|136|2|39|4|0|5|8|2|1|1|1|0
[Opponent] Fullalead ["OP17-057">OP17-057]: Trash Don Marlon ["OP17-052">OP17-052]
[Opponent] Fullalead ["OP17-057">OP17-057]: Buff Rocks D. Xebec ["OP17-039">OP17-039] 1000 for the Combat
Marshall D. Teach ["OP16-080">OP16-080][5000] vs Rocks D. Xebec ["OP17-039">OP17-039][6000]
Attack Fails
RZ1|137|1|Don|5|0|9|0|1|1|0|0|0
RZ1|CHK|137|1|40|5|1|4|7|2|0|0|1|1
RZ1|138|1|Don|5|0|9|1|1|1|0|0|0
RZ1|CHK|138|1|40|5|1|4|7|1|0|0|1|2
RZ1|139|1|Don|5|0|9|2|1|1|0|0|0
RZ1|CHK|139|1|40|5|1|4|7|0|0|0|1|3
[You] Attach 3 Don to Vasco Shot ["OP16-110">OP16-110] (3 Total)
[You] Vasco Shot ["OP16-110">OP16-110] attacking Rocks D. Xebec ["OP17-039">OP17-039]
Vasco Shot ["OP16-110">OP16-110][5000] vs Rocks D. Xebec ["OP17-039">OP17-039][5000]
Rocks D. Xebec ["OP17-039">OP17-039] hit for 1 damage
RZ1|140|2|OP17-057|3|4|1|4|1|1|0|0|0
RZ1|CHK|140|2|39|5|0|4|8|2|1|1|1|0
[] Hand: [EB04-058,OP06-115,OP09-086,EB04-058,EB04-058]
[] Board: [OP16-110]
[] Trash: []
[] Life: 4
[] Hand: [OP17-054,OP17-118,OP17-054,OP17-040,OP17-057]
[] Trash: [OP17-052]
[] Board: []
[] Life: 4
[You] End Turn
[] Hand: [OP17-054,OP17-118,OP17-054,OP17-040,OP17-057]
[] Board: []
[] Trash: [OP17-052]
[] Life: 4
[] Hand: [EB04-058,OP06-115,OP09-086,EB04-058,EB04-058]
[] Trash: []
[] Board: [OP16-110]
[] Life: 4
[Opponent] Draw 1 Card
[] Drew card from deck: Rocks Pirates ["OP17-056">OP17-056]
RZ1|141|2|OP17-056|0|38|1|5|1|1|0|0|0
RZ1|CHK|141|2|38|6|0|4|8|2|1|1|1|0
RZ1|142|2|Don|4|7|5|2|1|1|0|0|0
RZ1|CHK|142|2|38|6|0|4|7|3|1|1|1|0
RZ1|143|2|Don|4|6|5|3|1|1|0|0|0
RZ1|CHK|143|2|38|6|0|4|6|4|1|1|1|0
[Opponent] Draw 2 Don
RZ1|144|2|Don|5|0|5|0|1|1|1|0|0
RZ1|CHK|144|2|38|6|0|4|6|4|1|1|1|0
RZ1|145|2|Don|5|1|5|1|1|1|1|0|0
RZ1|CHK|145|2|38|6|0|4|6|4|1|1|1|0
RZ1|146|2|Don|5|2|5|2|1|1|1|0|0
RZ1|CHK|146|2|38|6|0|4|6|4|1|1|1|0
[Opponent] Deploy Stussy ["OP17-054">OP17-054]
RZ1|147|2|OP17-054|1|2|2|0|1|1|0|0|0
RZ1|CHK|147|2|38|5|1|4|6|4|1|1|1|0
[Opponent] Stussy ["OP17-054">OP17-054]: Vasco Shot ["OP16-110">OP16-110] can't attack next turn
[Opponent] Attach 1 Don to Rocks D. Xebec ["OP17-039">OP17-039] (1 Total)
RZ1|148|2|Don|5|3|9|9900|1|1|0|0|0
RZ1|CHK|148|2|38|5|1|4|6|3|1|1|1|1
[Opponent] Rocks D. Xebec ["OP17-039">OP17-039] attacking Marshall D. Teach ["OP16-080">OP16-080]
RZ1|149|2|OP17-057|1|3|6|1|1|1|0|0|0
RZ1|CHK|149|2|38|4|1|4|6|3|2|1|1|1
[Opponent] Rocks D. Xebec ["OP17-039">OP17-039]: Trash Fullalead ["OP17-057">OP17-057]
RZ1|150|2|OP17-045|0|37|0|37|0|0|0|0|0
RZ1|CHK|150|2|38|4|1|4|6|3|2|1|1|1
[Opponent] Rocks D. Xebec ["OP17-039">OP17-039] revealed: Kyo ["OP17-045">OP17-045]
[] Drew card from deck: Kyo ["OP17-045">OP17-045]
RZ1|151|2|OP17-045|0|37|1|4|1|1|0|0|0
RZ1|CHK|151|2|37|5|1|4|6|3|2|1|1|1
[] Drew card from deck: There's No Authority in the World ["OP17-055">OP17-055]
RZ1|152|2|OP17-055|0|36|1|5|1|1|0|0|0
RZ1|CHK|152|2|36|6|1|4|6|3|2|1|1|1
[Opponent] Rocks D. Xebec ["OP17-039">OP17-039]: Draw 2 Card
[You] You're the one who should disappear! ["OP06-115">OP06-115]: Activate Counter
RZ1|153|1|OP06-115|1|1|6|0|1|1|0|0|0
RZ1|CHK|153|1|40|4|1|4|7|0|1|0|1|3
RZ1|154|1|OP09-086|1|1|6|1|1|1|0|0|0
RZ1|CHK|154|1|40|3|1|4|7|0|2|0|1|3
[You] You're the one who should disappear! ["OP06-115">OP06-115]: Trash Jesus Burgess ["OP09-086">OP09-086]
[You] You're the one who should disappear! ["OP06-115">OP06-115]: Buff Marshall D. Teach ["OP16-080">OP16-080] 3000 for the Combat
Rocks D. Xebec ["OP17-039">OP17-039][6000] vs Marshall D. Teach ["OP16-080">OP16-080][8000]
Attack Fails
[] Hand: [OP17-054,OP17-118,OP17-040,OP17-056,OP17-045,OP17-055]
[] Board: [OP17-054]
[] Trash: [OP17-052,OP17-057]
[] Life: 4
[] Hand: [EB04-058,EB04-058,EB04-058]
[] Trash: [OP06-115,OP09-086]
[] Board: [OP16-110]
[] Life: 4
[Opponent] End Turn
[] Hand: [EB04-058,EB04-058,EB04-058]
[] Board: [OP16-110]
[] Trash: [OP06-115,OP09-086]
[] Life: 4
[] Hand: [OP17-054,OP17-118,OP17-040,OP17-056,OP17-045,OP17-055]
[] Trash: [OP17-052,OP17-057]
[] Board: [OP17-054]
[] Life: 4
RZ1|155|1|Don|9|0|5|0|1|1|1|0|0
RZ1|CHK|155|1|40|3|1|4|7|1|2|0|1|2
RZ1|156|1|Don|9|0|5|0|1|1|1|0|0
RZ1|CHK|156|1|40|3|1|4|7|2|2|0|1|1
RZ1|157|1|Don|9|0|5|0|1|1|1|0|0
RZ1|CHK|157|1|40|3|1|4|7|3|2|0|1|0
[You] Draw 1 Card
[] Drew card from deck: Marshall D. Teach ["OP09-093">OP09-093]
RZ1|158|1|OP09-093|0|39|1|3|1|1|0|0|0
RZ1|CHK|158|1|39|4|1|4|7|3|2|0|1|0
RZ1|159|1|Don|4|6|5|3|1|1|0|0|0
RZ1|CHK|159|1|39|4|1|4|6|4|2|0|1|0
RZ1|160|1|Don|4|5|5|4|1|1|0|0|0
RZ1|CHK|160|1|39|4|1|4|5|5|2|0|1|0
[You] Draw 2 Don
[You] Marshall D. Teach ["OP16-080">OP16-080] attacking Rocks D. Xebec ["OP17-039">OP17-039]
[Opponent] Fullalead ["OP17-057">OP17-057]: Rest Fullalead ["OP17-057">OP17-057]
RZ1|161|2|OP17-045|1|4|6|2|1|1|0|0|0
RZ1|CHK|161|2|36|5|1|4|6|3|3|1|1|1
[Opponent] Fullalead ["OP17-057">OP17-057]: Trash Kyo ["OP17-045">OP17-045]
[Opponent] Fullalead ["OP17-057">OP17-057]: Buff Rocks D. Xebec ["OP17-039">OP17-039] 1000 for the Combat
Marshall D. Teach ["OP16-080">OP16-080][5000] vs Rocks D. Xebec ["OP17-039">OP17-039][6000]
Attack Fails
RZ1|162|1|Don|5|0|5|0|1|1|1|0|0
RZ1|CHK|162|1|39|4|1|4|5|5|2|0|1|0
RZ1|163|1|Don|5|1|5|1|1|1|1|0|0
RZ1|CHK|163|1|39|4|1|4|5|5|2|0|1|0
RZ1|164|1|Don|5|2|5|2|1|1|1|0|0
RZ1|CHK|164|1|39|4|1|4|5|5|2|0|1|0
RZ1|165|1|Don|5|3|5|3|1|1|1|0|0
RZ1|CHK|165|1|39|4|1|4|5|5|2|0|1|0
RZ1|166|1|Don|5|4|5|4|1|1|1|0|0
RZ1|CHK|166|1|39|4|1|4|5|5|2|0|1|0
[You] Deploy Borsalino ["EB04-058">EB04-058]
RZ1|167|1|EB04-058|1|0|2|1|1|1|0|0|0
RZ1|CHK|167|1|39|3|2|4|5|5|2|0|1|0
[You] Vasco Shot ["OP16-110">OP16-110] is no longer blocked from attacking
[] Hand: [EB04-058,EB04-058,OP09-093]
[] Board: [OP16-110,EB04-058]
[] Trash: [OP06-115,OP09-086]
[] Life: 4
[] Hand: [OP17-054,OP17-118,OP17-040,OP17-056,OP17-055]
[] Trash: [OP17-052,OP17-057,OP17-045]
[] Board: [OP17-054]
[] Life: 4
[You] End Turn
[] Hand: [OP17-054,OP17-118,OP17-040,OP17-056,OP17-055]
[] Board: [OP17-054]
[] Trash: [OP17-052,OP17-057,OP17-045]
[] Life: 4
[] Hand: [EB04-058,EB04-058,OP09-093]
[] Trash: [OP06-115,OP09-086]
[] Board: [OP16-110,EB04-058]
[] Life: 4
RZ1|168|2|Don|9|9900|5|0|1|1|1|0|0
RZ1|CHK|168|2|36|5|1|4|6|4|3|1|1|0
[Opponent] Draw 1 Card
[] Drew card from deck: Fullalead ["OP17-057">OP17-057]
RZ1|169|2|OP17-057|0|35|1|5|1|1|0|0|0
RZ1|CHK|169|2|35|6|1|4|6|4|3|1|1|0
RZ1|170|2|Don|4|5|5|4|1|1|0|0|0
RZ1|CHK|170|2|35|6|1|4|5|5|3|1|1|0
RZ1|171|2|Don|4|4|5|5|1|1|0|0|0
RZ1|CHK|171|2|35|6|1|4|4|6|3|1|1|0
[Opponent] Draw 2 Don
RZ1|172|2|Don|5|0|5|0|1|1|1|0|0
RZ1|CHK|172|2|35|6|1|4|4|6|3|1|1|0
RZ1|173|2|Don|5|1|5|1|1|1|1|0|0
RZ1|CHK|173|2|35|6|1|4|4|6|3|1|1|0
RZ1|174|2|Don|5|2|5|2|1|1|1|0|0
RZ1|CHK|174|2|35|6|1|4|4|6|3|1|1|0
RZ1|175|2|Don|5|3|5|3|1|1|1|0|0
RZ1|CHK|175|2|35|6|1|4|4|6|3|1|1|0
RZ1|176|2|Don|5|4|5|4|1|1|1|0|0
RZ1|CHK|176|2|35|6|1|4|4|6|3|1|1|0
RZ1|177|2|Don|5|5|5|5|1|1|1|0|0
RZ1|CHK|177|2|35|6|1|4|4|6|3|1|1|0
[Opponent] Deploy Edward Newgate ["OP17-040">OP17-040]
RZ1|178|2|OP17-040|1|2|2|1|1|1|0|0|0
RZ1|CHK|178|2|35|5|2|4|4|6|3|1|1|0
[] Drew card from deck: There's No Authority in the World ["OP17-055">OP17-055]
RZ1|179|2|OP17-055|0|34|1|5|1|1|0|0|0
RZ1|CHK|179|2|34|6|2|4|4|6|3|1|1|0
[Opponent] Edward Newgate ["OP17-040">OP17-040]: Draw 1 Card
[Opponent] Stussy ["OP17-054">OP17-054] attacking Marshall D. Teach ["OP16-080">OP16-080]
[You] Discard Borsalino ["EB04-058">EB04-058] for Counter 1000
RZ1|180|1|EB04-058|1|0|6|2|1|1|0|0|0
RZ1|CHK|180|1|39|2|2|4|5|5|3|0|1|0
Stussy ["OP17-054">OP17-054][5000] vs Marshall D. Teach ["OP16-080">OP16-080][6000]
Attack Fails
[Opponent] Rocks D. Xebec ["OP17-039">OP17-039] attacking Marshall D. Teach ["OP16-080">OP16-080]
RZ1|181|2|OP17-057|1|4|6|3|1|1|0|0|0
RZ1|CHK|181|2|34|5|2|4|4|6|4|1|1|0
[Opponent] Rocks D. Xebec ["OP17-039">OP17-039]: Trash Fullalead ["OP17-057">OP17-057]
RZ1|182|2|OP17-056|0|33|0|33|0|0|0|0|0
RZ1|CHK|182|2|34|5|2|4|4|6|4|1|1|0
[Opponent] Rocks D. Xebec ["OP17-039">OP17-039] revealed: Rocks Pirates ["OP17-056">OP17-056]
[] Drew card from deck: Rocks Pirates ["OP17-056">OP17-056]
RZ1|183|2|OP17-056|0|33|1|5|1|1|0|0|0
RZ1|CHK|183|2|33|6|2|4|4|6|4|1|1|0
[] Drew card from deck: Gloriosa ["OP17-046">OP17-046]
RZ1|184|2|OP17-046|0|32|1|6|1|1|0|0|0
RZ1|CHK|184|2|32|7|2|4|4|6|4|1|1|0
[Opponent] Rocks D. Xebec ["OP17-039">OP17-039]: Draw 2 Card
[You] Discard Borsalino ["EB04-058">EB04-058] for Counter 1000
RZ1|185|1|EB04-058|1|0|6|3|1|1|0|0|0
RZ1|CHK|185|1|39|1|2|4|5|5|4|0|1|0
Rocks D. Xebec ["OP17-039">OP17-039][5000] vs Marshall D. Teach ["OP16-080">OP16-080][6000]
Attack Fails
[] Hand: [OP17-054,OP17-118,OP17-056,OP17-055,OP17-055,OP17-056,OP17-046]
[] Board: [OP17-054,OP17-040]
[] Trash: [OP17-052,OP17-057,OP17-045,OP17-057]
[] Life: 4
[] Hand: [OP09-093]
[] Trash: [OP06-115,OP09-086,EB04-058,EB04-058]
[] Board: [OP16-110,EB04-058]
[] Life: 4
[Opponent] End Turn
[] Hand: [OP09-093]
[] Board: [OP16-110,EB04-058]
[] Trash: [OP06-115,OP09-086,EB04-058,EB04-058]
[] Life: 4
[] Hand: [OP17-054,OP17-118,OP17-056,OP17-055,OP17-055,OP17-056,OP17-046]
[] Trash: [OP17-052,OP17-057,OP17-045,OP17-057]
[] Board: [OP17-054,OP17-040]
[] Life: 4
[You] Draw 1 Card
[] Drew card from deck: Vasco Shot ["OP16-110">OP16-110]
RZ1|186|1|OP16-110|0|38|1|1|1|1|0|0|0
RZ1|CHK|186|1|38|2|2|4|5|5|4|0|1|0
RZ1|187|1|Don|4|4|5|5|1|1|0|0|0
RZ1|CHK|187|1|38|2|2|4|4|6|4|0|1|0
RZ1|188|1|Don|4|3|5|6|1|1|0|0|0
RZ1|CHK|188|1|38|2|2|4|3|7|4|0|1|0
[You] Draw 2 Don
RZ1|189|1|Don|5|0|9|0|1|1|0|0|0
RZ1|CHK|189|1|38|2|2|4|3|6|4|0|1|1
RZ1|190|1|Don|5|0|9|1|1|1|0|0|0
RZ1|CHK|190|1|38|2|2|4|3|5|4|0|1|2
RZ1|191|1|Don|5|0|9|2|1|1|0|0|0
RZ1|CHK|191|1|38|2|2|4|3|4|4|0|1|3
[You] Attach 3 Don to Vasco Shot ["OP16-110">OP16-110] (3 Total)
[You] Marshall D. Teach ["OP16-080">OP16-080] attacking Rocks D. Xebec ["OP17-039">OP17-039]
[Opponent] Fullalead ["OP17-057">OP17-057]: Rest Fullalead ["OP17-057">OP17-057]
RZ1|192|2|OP17-054|1|0|6|4|1|1|0|0|0
RZ1|CHK|192|2|32|6|2|4|4|6|5|1|1|0
[Opponent] Fullalead ["OP17-057">OP17-057]: Trash Stussy ["OP17-054">OP17-054]
[Opponent] Fullalead ["OP17-057">OP17-057]: Buff Rocks D. Xebec ["OP17-039">OP17-039] 1000 for the Combat
Marshall D. Teach ["OP16-080">OP16-080][5000] vs Rocks D. Xebec ["OP17-039">OP17-039][6000]
Attack Fails
[You] Vasco Shot ["OP16-110">OP16-110] attacking Rocks D. Xebec ["OP17-039">OP17-039]
Vasco Shot ["OP16-110">OP16-110][5000] vs Rocks D. Xebec ["OP17-039">OP17-039][5000]
Rocks D. Xebec ["OP17-039">OP17-039] hit for 1 damage
RZ1|193|2|OP17-056|3|3|1|6|1|1|0|0|0
RZ1|CHK|193|2|32|7|2|3|4|6|5|1|1|0
[You] Borsalino ["EB04-058">EB04-058] attacking Rocks D. Xebec ["OP17-039">OP17-039]
RZ1|194|2|OP17-056|1|6|6|5|1|1|0|0|0
RZ1|CHK|194|2|32|6|2|3|4|6|6|1|1|0
[Opponent] Edward Newgate ["OP17-040">OP17-040]: Trash Rocks Pirates ["OP17-056">OP17-056]
[Opponent] Edward Newgate ["OP17-040">OP17-040]: Buff Rocks D. Xebec ["OP17-039">OP17-039] 3000 for the Combat
Borsalino ["EB04-058">EB04-058][6000] vs Rocks D. Xebec ["OP17-039">OP17-039][8000]
Attack Fails
RZ1|195|1|Don|5|0|5|0|1|1|1|0|0
RZ1|CHK|195|1|38|2|2|4|3|4|4|0|1|3
[You] Deploy Vasco Shot ["OP16-110">OP16-110]
RZ1|196|1|OP16-110|1|1|2|2|1|1|0|0|0
RZ1|CHK|196|1|38|1|3|4|3|4|4|0|1|3
[] Hand: [OP09-093]
[] Board: [OP16-110,EB04-058,OP16-110]
[] Trash: [OP06-115,OP09-086,EB04-058,EB04-058]
[] Life: 4
[] Hand: [OP17-118,OP17-056,OP17-055,OP17-055,OP17-056,OP17-046]
[] Trash: [OP17-052,OP17-057,OP17-045,OP17-057,OP17-054,OP17-056]
[] Board: [OP17-054,OP17-040]
[] Life: 3
[You] End Turn
[] Hand: [OP17-118,OP17-056,OP17-055,OP17-055,OP17-056,OP17-046]
[] Board: [OP17-054,OP17-040]
[] Trash: [OP17-052,OP17-057,OP17-045,OP17-057,OP17-054,OP17-056]
[] Life: 3
[] Hand: [OP09-093]
[] Trash: [OP06-115,OP09-086,EB04-058,EB04-058]
[] Board: [OP16-110,EB04-058,OP16-110]
[] Life: 4
[Opponent] Draw 1 Card
[] Drew card from deck: Captain John ["OP17-044">OP17-044]
RZ1|197|2|OP17-044|0|31|1|6|1|1|0|0|0
RZ1|CHK|197|2|31|7|2|3|4|6|6|1|1|0
RZ1|198|2|Don|4|3|5|6|1|1|0|0|0
RZ1|CHK|198|2|31|7|2|3|3|7|6|1|1|0
RZ1|199|2|Don|4|2|5|7|1|1|0|0|0
RZ1|CHK|199|2|31|7|2|3|2|8|6|1|1|0
[Opponent] Draw 2 Don
RZ1|200|2|Don|5|0|5|0|1|1|1|0|0
RZ1|CHK|200|2|31|7|2|3|2|8|6|1|1|0
RZ1|201|2|Don|5|1|5|1|1|1|1|0|0
RZ1|CHK|201|2|31|7|2|3|2|8|6|1|1|0
RZ1|202|2|Don|5|2|5|2|1|1|1|0|0
RZ1|CHK|202|2|31|7|2|3|2|8|6|1|1|0
RZ1|203|2|Don|5|3|5|3|1|1|1|0|0
RZ1|CHK|203|2|31|7|2|3|2|8|6|1|1|0
[Opponent] Deploy Captain John ["OP17-044">OP17-044]
RZ1|204|2|OP17-044|1|6|2|2|1|1|0|0|0
RZ1|CHK|204|2|31|6|3|3|2|8|6|1|1|0
[] Drew card from deck: Edward Newgate ["OP17-040">OP17-040]
RZ1|205|2|OP17-040|0|30|1|6|1|1|0|0|0
RZ1|CHK|205|2|30|7|3|3|2|8|6|1|1|0
[Opponent] Captain John ["OP17-044">OP17-044]: Draw 1 Card
[Opponent] Captain John ["OP17-044">OP17-044]: Rest Captain John ["OP17-044">OP17-044]
RZ1|206|2|OP17-046|1|5|6|6|1|1|0|0|0
RZ1|CHK|206|2|30|6|3|3|2|8|7|1|1|0
[Opponent] Captain John ["OP17-044">OP17-044]: Trash Gloriosa ["OP17-046">OP17-046]
[Opponent] Attach 1 Don to Stussy ["OP17-054">OP17-054] (1 Total)
RZ1|207|2|Don|5|7|9|0|1|1|0|0|0
RZ1|CHK|207|2|30|6|3|3|2|7|7|1|1|1
[Opponent] Edward Newgate ["OP17-040">OP17-040] attacking Marshall D. Teach ["OP16-080">OP16-080]
Edward Newgate ["OP17-040">OP17-040][8000] vs Marshall D. Teach ["OP16-080">OP16-080][5000]
Marshall D. Teach ["OP16-080">OP16-080] hit for 1 damage
RZ1|208|1|OP16-109|3|3|1|1|1|1|0|0|0
RZ1|CHK|208|1|38|2|3|3|3|4|4|0|1|3
[Opponent] Attach 1 Don to Stussy ["OP17-054">OP17-054] (2 Total)
RZ1|209|2|Don|5|6|9|1|1|1|0|0|0
RZ1|CHK|209|2|30|6|3|3|2|6|7|1|1|2
[Opponent] Stussy ["OP17-054">OP17-054] attacking Marshall D. Teach ["OP16-080">OP16-080]
Stussy ["OP17-054">OP17-054][7000] vs Marshall D. Teach ["OP16-080">OP16-080][5000]
Marshall D. Teach ["OP16-080">OP16-080] hit for 1 damage
RZ1|210|1|OP16-115|3|2|1|2|1|1|0|0|0
RZ1|CHK|210|1|38|3|3|2|3|4|4|0|1|3
[Opponent] Attach 1 Don to Rocks D. Xebec ["OP17-039">OP17-039] (1 Total)
RZ1|211|2|Don|5|5|9|9900|1|1|0|0|0
RZ1|CHK|211|2|30|6|3|3|2|5|7|1|1|3
[Opponent] Attach 1 Don to Rocks D. Xebec ["OP17-039">OP17-039] (2 Total)
RZ1|212|2|Don|5|4|9|9901|1|1|0|0|0
RZ1|CHK|212|2|30|6|3|3|2|4|7|1|1|4
[Opponent] Rocks D. Xebec ["OP17-039">OP17-039] attacking Marshall D. Teach ["OP16-080">OP16-080]
RZ1|213|2|OP17-040|1|5|6|7|1|1|0|0|0
RZ1|CHK|213|2|30|5|3|3|2|4|8|1|1|4
[Opponent] Rocks D. Xebec ["OP17-039">OP17-039]: Trash Edward Newgate ["OP17-040">OP17-040]
RZ1|214|2|OP17-048|0|29|0|29|0|0|0|0|0
RZ1|CHK|214|2|30|5|3|3|2|4|8|1|1|4
[Opponent] Rocks D. Xebec ["OP17-039">OP17-039] revealed: Shiki ["OP17-048">OP17-048]
[] Drew card from deck: Shiki ["OP17-048">OP17-048]
RZ1|215|2|OP17-048|0|29|1|5|1|1|0|0|0
RZ1|CHK|215|2|29|6|3|3|2|4|8|1|1|4
[] Drew card from deck: Rocks D. Xebec ["OP17-118">OP17-118]
RZ1|216|2|OP17-118|0|28|1|6|1|1|0|0|0
RZ1|CHK|216|2|28|7|3|3|2|4|8|1|1|4
[Opponent] Rocks D. Xebec ["OP17-039">OP17-039]: Draw 2 Card
Rocks D. Xebec ["OP17-039">OP17-039][7000] vs Marshall D. Teach ["OP16-080">OP16-080][5000]
Marshall D. Teach ["OP16-080">OP16-080] hit for 1 damage
RZ1|217|1|OP16-119|3|1|1|3|1|1|0|0|0
RZ1|CHK|217|1|38|4|3|1|3|4|4|0|1|3
[You] Marshall D. Teach ["OP16-119">OP16-119]: Activate Trigger
RZ1|218|1|OP16-119|1|3|6|4|1|1|0|0|0
RZ1|CHK|218|1|38|3|3|1|3|4|5|0|1|3
[You] Marshall D. Teach ["OP16-119">OP16-119]: Nullify effects of Captain John ["OP17-044">OP17-044]
[You] Marshall D. Teach ["OP16-119">OP16-119]: Destroy Captain John ["OP17-044">OP17-044]
RZ1|219|2|OP17-044|2|2|6|8|1|1|0|0|0
RZ1|CHK|219|2|28|7|2|3|2|4|9|1|1|4
[] Hand: [OP17-118,OP17-056,OP17-055,OP17-055,OP17-056,OP17-048,OP17-118]
[] Board: [OP17-054,OP17-040]
[] Trash: [OP17-052,OP17-057,OP17-045,OP17-057,OP17-054,OP17-056,OP17-046,OP17-040,OP17-044]
[] Life: 3
[] Hand: [OP09-093,OP16-109,OP16-115]
[] Trash: [OP06-115,OP09-086,EB04-058,EB04-058,OP16-119]
[] Board: [OP16-110,EB04-058,OP16-110]
[] Life: 1
[Opponent] End Turn
[] Hand: [OP09-093,OP16-109,OP16-115]
[] Board: [OP16-110,EB04-058,OP16-110]
[] Trash: [OP06-115,OP09-086,EB04-058,EB04-058,OP16-119]
[] Life: 1
[] Hand: [OP17-118,OP17-056,OP17-055,OP17-055,OP17-056,OP17-048,OP17-118]
[] Trash: [OP17-052,OP17-057,OP17-045,OP17-057,OP17-054,OP17-056,OP17-046,OP17-040,OP17-044]
[] Board: [OP17-054,OP17-040]
[] Life: 3
RZ1|220|1|Don|9|0|5|0|1|1|1|0|0
RZ1|CHK|220|1|38|3|3|1|3|5|5|0|1|2
RZ1|221|1|Don|9|0|5|0|1|1|1|0|0
RZ1|CHK|221|1|38|3|3|1|3|6|5|0|1|1
RZ1|222|1|Don|9|0|5|0|1|1|1|0|0
RZ1|CHK|222|1|38|3|3|1|3|7|5|0|1|0
[You] Draw 1 Card
[] Drew card from deck: Doc Q ["OP16-109">OP16-109]
RZ1|223|1|OP16-109|0|37|1|3|1|1|0|0|0
RZ1|CHK|223|1|37|4|3|1|3|7|5|0|1|0
RZ1|224|1|Don|4|2|5|7|1|1|0|0|0
RZ1|CHK|224|1|37|4|3|1|2|8|5|0|1|0
RZ1|225|1|Don|4|1|5|8|1|1|0|0|0
RZ1|CHK|225|1|37|4|3|1|1|9|5|0|1|0
[You] Draw 2 Don
[You] Borsalino ["EB04-058">EB04-058] attacking Rocks D. Xebec ["OP17-039">OP17-039]
[Opponent] Rocks Pirates ["OP17-056">OP17-056]: Activate Counter
RZ1|226|2|OP17-056|1|4|6|9|1|1|0|0|0
RZ1|CHK|226|2|28|6|2|3|2|4|10|1|1|4
[Opponent] Rocks Pirates ["OP17-056">OP17-056]: Buff Rocks D. Xebec ["OP17-039">OP17-039] 2000 for the Combat
Borsalino ["EB04-058">EB04-058][6000] vs Rocks D. Xebec ["OP17-039">OP17-039][7000]
Attack Fails
RZ1|227|1|Don|5|0|9|0|1|1|0|0|0
RZ1|CHK|227|1|37|4|3|1|1|8|5|0|1|1
RZ1|228|1|Don|5|0|9|1|1|1|0|0|0
RZ1|CHK|228|1|37|4|3|1|1|7|5|0|1|2
RZ1|229|1|Don|5|0|9|2|1|1|0|0|0
RZ1|CHK|229|1|37|4|3|1|1|6|5|0|1|3
[You] Attach 3 Don to Vasco Shot ["OP16-110">OP16-110] (3 Total)
RZ1|230|1|Don|5|0|9|200|1|1|0|0|0
RZ1|CHK|230|1|37|4|3|1|1|5|5|0|1|4
RZ1|231|1|Don|5|0|9|201|1|1|0|0|0
RZ1|CHK|231|1|37|4|3|1|1|4|5|0|1|5
RZ1|232|1|Don|5|0|9|202|1|1|0|0|0
RZ1|CHK|232|1|37|4|3|1|1|3|5|0|1|6
[You] Attach 3 Don to Vasco Shot ["OP16-110">OP16-110] (3 Total)
[You] Marshall D. Teach ["OP16-080">OP16-080] attacking Rocks D. Xebec ["OP17-039">OP17-039]
[Opponent] Fullalead ["OP17-057">OP17-057]: Rest Fullalead ["OP17-057">OP17-057]
RZ1|233|2|OP17-048|1|4|6|10|1|1|0|0|0
RZ1|CHK|233|2|28|5|2|3|2|4|11|1|1|4
[Opponent] Fullalead ["OP17-057">OP17-057]: Trash Shiki ["OP17-048">OP17-048]
[Opponent] Fullalead ["OP17-057">OP17-057]: Buff Rocks D. Xebec ["OP17-039">OP17-039] 1000 for the Combat
Marshall D. Teach ["OP16-080">OP16-080][5000] vs Rocks D. Xebec ["OP17-039">OP17-039][6000]
Attack Fails
[You] Vasco Shot ["OP16-110">OP16-110] attacking Rocks D. Xebec ["OP17-039">OP17-039]
Vasco Shot ["OP16-110">OP16-110][5000] vs Rocks D. Xebec ["OP17-039">OP17-039][5000]
Rocks D. Xebec ["OP17-039">OP17-039] hit for 1 damage
RZ1|234|2|OP17-049|3|2|1|5|1|1|0|0|0
RZ1|CHK|234|2|28|6|2|2|2|4|11|1|1|4
[You] Vasco Shot ["OP16-110">OP16-110] attacking Rocks D. Xebec ["OP17-039">OP17-039]
RZ1|235|2|OP17-049|1|5|6|11|1|1|0|0|0
RZ1|CHK|235|2|28|5|2|2|2|4|12|1|1|4
[Opponent] Edward Newgate ["OP17-040">OP17-040]: Trash Charlotte Linlin ["OP17-049">OP17-049]
[Opponent] Edward Newgate ["OP17-040">OP17-040]: Buff Rocks D. Xebec ["OP17-039">OP17-039] 3000 for the Combat
Vasco Shot ["OP16-110">OP16-110][5000] vs Rocks D. Xebec ["OP17-039">OP17-039][8000]
Attack Fails
[You] Black Vortex ["OP16-115">OP16-115]: Rest 1 Don
RZ1|236|1|Don|5|0|5|0|1|1|1|0|0
RZ1|CHK|236|1|37|4|3|1|1|3|5|0|1|6
RZ1|237|1|OP16-115|1|2|6|5|1|1|0|0|0
RZ1|CHK|237|1|37|3|3|1|1|3|6|0|1|6
[You] <b>Draw Marshall D. Teach ["OP16-119">OP16-119] from Trash</b>
RZ1|238|1|OP16-119|6|4|1|3|1|1|0|0|0
RZ1|CHK|238|1|37|4|3|1|1|3|5|0|1|6
[] Hand: [OP09-093,OP16-109,OP16-109,OP16-119]
[] Board: [OP16-110,EB04-058,OP16-110]
[] Trash: [OP06-115,OP09-086,EB04-058,EB04-058,OP16-115]
[] Life: 1
[] Hand: [OP17-118,OP17-056,OP17-055,OP17-055,OP17-118]
[] Trash: [OP17-052,OP17-057,OP17-045,OP17-057,OP17-054,OP17-056,OP17-046,OP17-040,OP17-044,OP17-056,OP17-048,OP17-049]
[] Board: [OP17-054,OP17-040]
[] Life: 2
[You] End Turn
[] Hand: [OP17-118,OP17-056,OP17-055,OP17-055,OP17-118]
[] Board: [OP17-054,OP17-040]
[] Trash: [OP17-052,OP17-057,OP17-045,OP17-057,OP17-054,OP17-056,OP17-046,OP17-040,OP17-044,OP17-056,OP17-048,OP17-049]
[] Life: 2
[] Hand: [OP09-093,OP16-109,OP16-109,OP16-119]
[] Trash: [OP06-115,OP09-086,EB04-058,EB04-058,OP16-115]
[] Board: [OP16-110,EB04-058,OP16-110]
[] Life: 1
RZ1|239|2|Don|9|9900|5|0|1|1|1|0|0
RZ1|CHK|239|2|28|5|2|2|2|5|12|1|1|3
RZ1|240|2|Don|9|9900|5|0|1|1|1|0|0
RZ1|CHK|240|2|28|5|2|2|2|6|12|1|1|2
RZ1|241|2|Don|9|0|5|0|1|1|1|0|0
RZ1|CHK|241|2|28|5|2|2|2|7|12|1|1|1
RZ1|242|2|Don|9|0|5|0|1|1|1|0|0
RZ1|CHK|242|2|28|5|2|2|2|8|12|1|1|0
[Opponent] Draw 1 Card
[] Drew card from deck: Kaido ["OP17-042">OP17-042]
RZ1|243|2|OP17-042|0|27|1|5|1|1|0|0|0
RZ1|CHK|243|2|27|6|2|2|2|8|12|1|1|0
RZ1|244|2|Don|4|1|5|8|1|1|0|0|0
RZ1|CHK|244|2|27|6|2|2|1|9|12|1|1|0
RZ1|245|2|Don|4|0|5|9|1|1|0|0|0
RZ1|CHK|245|2|27|6|2|2|0|10|12|1|1|0
[Opponent] Draw 2 Don
[Opponent] Attach 1 Don to Edward Newgate ["OP17-040">OP17-040] (1 Total)
RZ1|246|2|Don|5|9|9|100|1|1|0|0|0
RZ1|CHK|246|2|27|6|2|2|0|9|12|1|1|1
[Opponent] Edward Newgate ["OP17-040">OP17-040] attacking Marshall D. Teach ["OP16-080">OP16-080]
Edward Newgate ["OP17-040">OP17-040][9000] vs Marshall D. Teach ["OP16-080">OP16-080][5000]
Marshall D. Teach ["OP16-080">OP16-080] hit for 1 damage
RZ1|247|1|OP16-104|3|0|1|4|1|1|0|0|0
RZ1|CHK|247|1|37|5|3|0|1|3|5|0|1|6
[You] Catarina Devon ["OP16-104">OP16-104]: Activate Trigger
RZ1|248|1|OP16-104|1|4|6|5|1|1|0|0|0
RZ1|CHK|248|1|37|4|3|0|1|3|6|0|1|6
[] Drew card from deck: Borsalino ["EB04-058">EB04-058]
RZ1|249|1|EB04-058|0|36|1|4|1|1|0|0|0
RZ1|CHK|249|1|36|5|3|0|1|3|6|0|1|6
[You] Catarina Devon ["OP16-104">OP16-104]: Draw 1 Card
[Opponent] Stussy ["OP17-054">OP17-054] attacking Marshall D. Teach ["OP16-080">OP16-080]
RZ1|250|1|OP16-109|1|1|6|6|1|1|0|0|0
RZ1|CHK|250|1|36|4|3|0|1|3|7|0|1|6
[You] Marshall D. Teach ["OP16-080">OP16-080]: Trash Doc Q ["OP16-109">OP16-109]
[You] Marshall D. Teach ["OP16-080">OP16-080]: Target of Attack changed to Vasco Shot ["OP16-110">OP16-110]
Stussy ["OP17-054">OP17-054][5000] vs Vasco Shot ["OP16-110">OP16-110][2000]
[You] Vasco Shot ["OP16-110">OP16-110] Destroyed
RZ1|251|1|Don|9|0|5|0|1|1|1|0|0
RZ1|CHK|251|1|36|4|3|0|1|4|7|0|1|5
RZ1|252|1|Don|9|0|5|0|1|1|1|0|0
RZ1|CHK|252|1|36|4|3|0|1|5|7|0|1|4
RZ1|253|1|Don|9|0|5|0|1|1|1|0|0
RZ1|CHK|253|1|36|4|3|0|1|6|7|0|1|3
RZ1|254|1|OP16-110|2|0|6|7|1|1|0|0|0
RZ1|CHK|254|1|36|4|2|0|1|6|8|0|1|3
[] Drew card from deck: Vasco Shot ["OP16-110">OP16-110]
RZ1|255|1|OP16-110|0|35|1|4|1|1|0|0|0
RZ1|CHK|255|1|35|5|2|0|1|6|8|0|1|3
[You] Vasco Shot ["OP16-110">OP16-110]: Draw 1 Card
[Opponent] Attach 9 Don to Rocks D. Xebec ["OP17-039">OP17-039] (9 Total)
RZ1|256|2|Don|5|0|9|9900|1|1|0|0|0
RZ1|CHK|256|2|27|6|2|2|0|8|12|1|1|2
RZ1|257|2|Don|5|0|9|9901|1|1|0|0|0
RZ1|CHK|257|2|27|6|2|2|0|7|12|1|1|3
RZ1|258|2|Don|5|0|9|9902|1|1|0|0|0
RZ1|CHK|258|2|27|6|2|2|0|6|12|1|1|4
RZ1|259|2|Don|5|0|9|9903|1|1|0|0|0
RZ1|CHK|259|2|27|6|2|2|0|5|12|1|1|5
RZ1|260|2|Don|5|0|9|9904|1|1|0|0|0
RZ1|CHK|260|2|27|6|2|2|0|4|12|1|1|6
RZ1|261|2|Don|5|0|9|9905|1|1|0|0|0
RZ1|CHK|261|2|27|6|2|2|0|3|12|1|1|7
RZ1|262|2|Don|5|0|9|9906|1|1|0|0|0
RZ1|CHK|262|2|27|6|2|2|0|2|12|1|1|8
RZ1|263|2|Don|5|0|9|9907|1|1|0|0|0
RZ1|CHK|263|2|27|6|2|2|0|1|12|1|1|9
RZ1|264|2|Don|5|0|9|9908|1|1|0|0|0
RZ1|CHK|264|2|27|6|2|2|0|0|12|1|1|10
[Opponent] Rocks D. Xebec ["OP17-039">OP17-039] attacking Marshall D. Teach ["OP16-080">OP16-080]
RZ1|265|2|OP17-042|1|5|6|12|1|1|0|0|0
RZ1|CHK|265|2|27|5|2|2|0|0|13|1|1|10
[Opponent] Edward Newgate ["OP17-040">OP17-040]: Trash Kaido ["OP17-042">OP17-042]
[Opponent] Edward Newgate ["OP17-040">OP17-040]: Buff Rocks D. Xebec ["OP17-039">OP17-039] 3000 for the Combat
RZ1|266|2|OP17-055|1|3|6|13|1|1|0|0|0
RZ1|CHK|266|2|27|4|2|2|0|0|14|1|1|10
[Opponent] Rocks D. Xebec ["OP17-039">OP17-039]: Trash There's No Authority in the World ["OP17-055">OP17-055]
RZ1|267|2|OP17-048|0|26|0|26|0|0|0|0|0
RZ1|CHK|267|2|27|4|2|2|0|0|14|1|1|10
[Opponent] Rocks D. Xebec ["OP17-039">OP17-039] revealed: Shiki ["OP17-048">OP17-048]
[] Drew card from deck: Shiki ["OP17-048">OP17-048]
RZ1|268|2|OP17-048|0|26|1|4|1|1|0|0|0
RZ1|CHK|268|2|26|5|2|2|0|0|14|1|1|10
[] Drew card from deck: Ganzui ["OP17-043">OP17-043]
RZ1|269|2|OP17-043|0|25|1|5|1|1|0|0|0
RZ1|CHK|269|2|25|6|2|2|0|0|14|1|1|10
[Opponent] Rocks D. Xebec ["OP17-039">OP17-039]: Draw 2 Card
Rocks D. Xebec ["OP17-039">OP17-039][17000] vs Marshall D. Teach ["OP16-080">OP16-080][5000]
Marshall D. Teach ["OP16-080">OP16-080] hit for 1 damage
[You] <b>Downloaded the Combat Log!</b>
GameOver
