Version is 1.43a.1
[You] Leader is Marshall D. Teach ["OP09-081">OP09-081]
RZ1|HDR|1.43a|2|RZ1
RZ1|PLY|1||OP09-081
RZ1|PLY|2||
[Opponent] Leader is Portgas D. Ace ["OP13-002">OP13-002]
RZ1|1|2|OP08-044|0|26|0|0|0|0|0|0|0
RZ1|CHK|1|2|50|0|0|0|10|0|0|0|1|0
RZ1|2|2|ST22-015|0|46|0|1|0|0|0|0|0
RZ1|CHK|2|2|50|0|0|0|10|0|0|0|1|0
RZ1|3|2|OP08-047|0|37|0|2|0|0|0|0|0
RZ1|CHK|3|2|50|0|0|0|10|0|0|0|1|0
RZ1|4|2|OP13-016|0|4|0|3|0|0|0|0|0
RZ1|CHK|4|2|50|0|0|0|10|0|0|0|1|0
RZ1|5|2|OP13-057|0|45|0|4|0|0|0|0|0
RZ1|CHK|5|2|50|0|0|0|10|0|0|0|1|0
RZ1|6|2|OP13-042|0|44|0|5|0|0|0|0|0
RZ1|CHK|6|2|50|0|0|0|10|0|0|0|1|0
RZ1|7|2|ST22-015|0|48|0|6|0|0|0|0|0
RZ1|CHK|7|2|50|0|0|0|10|0|0|0|1|0
RZ1|8|2|OP13-054|0|39|0|7|0|0|0|0|0
RZ1|CHK|8|2|50|0|0|0|10|0|0|0|1|0
RZ1|9|2|OP08-044|0|32|0|8|0|0|0|0|0
RZ1|CHK|9|2|50|0|0|0|10|0|0|0|1|0
RZ1|10|2|ST23-001|0|14|0|9|0|0|0|0|0
RZ1|CHK|10|2|50|0|0|0|10|0|0|0|1|0
RZ1|11|2|ST15-004|0|14|0|10|0|0|0|0|0
RZ1|CHK|11|2|50|0|0|0|10|0|0|0|1|0
RZ1|12|2|ST15-004|0|14|0|11|0|0|0|0|0
RZ1|CHK|12|2|50|0|0|0|10|0|0|0|1|0
RZ1|13|2|ST22-002|0|28|0|12|0|0|0|0|0
RZ1|CHK|13|2|50|0|0|0|10|0|0|0|1|0
RZ1|14|2|PRB02-008|0|35|0|13|0|0|0|0|0
RZ1|CHK|14|2|50|0|0|0|10|0|0|0|1|0
RZ1|15|2|PRB02-008|0|36|0|14|0|0|0|0|0
RZ1|CHK|15|2|50|0|0|0|10|0|0|0|1|0
RZ1|16|2|OP08-043|0|42|0|15|0|0|0|0|0
RZ1|CHK|16|2|50|0|0|0|10|0|0|0|1|0
RZ1|17|2|OP08-047|0|42|0|16|0|0|0|0|0
RZ1|CHK|17|2|50|0|0|0|10|0|0|0|1|0
RZ1|18|2|OP09-118|0|27|0|17|0|0|0|0|0
RZ1|CHK|18|2|50|0|0|0|10|0|0|0|1|0
RZ1|19|2|ST22-002|0|33|0|18|0|0|0|0|0
RZ1|CHK|19|2|50|0|0|0|10|0|0|0|1|0
RZ1|20|2|OP08-050|0|36|0|19|0|0|0|0|0
RZ1|CHK|20|2|50|0|0|0|10|0|0|0|1|0
RZ1|21|2|OP13-042|0|46|0|20|0|0|0|0|0
RZ1|CHK|21|2|50|0|0|0|10|0|0|0|1|0
RZ1|22|2|EB04-007|0|27|0|21|0|0|0|0|0
RZ1|CHK|22|2|50|0|0|0|10|0|0|0|1|0
RZ1|23|2|OP09-118|0|30|0|22|0|0|0|0|0
RZ1|CHK|23|2|50|0|0|0|10|0|0|0|1|0
RZ1|24|2|OP13-042|0|46|0|23|0|0|0|0|0
RZ1|CHK|24|2|50|0|0|0|10|0|0|0|1|0
RZ1|25|2|OP08-043|0|45|0|24|0|0|0|0|0
RZ1|CHK|25|2|50|0|0|0|10|0|0|0|1|0
RZ1|26|2|PRB02-008|0|40|0|25|0|0|0|0|0
RZ1|CHK|26|2|50|0|0|0|10|0|0|0|1|0
RZ1|27|2|OP08-047|0|45|0|26|0|0|0|0|0
RZ1|CHK|27|2|50|0|0|0|10|0|0|0|1|0
RZ1|28|2|ST22-015|0|48|0|27|0|0|0|0|0
RZ1|CHK|28|2|50|0|0|0|10|0|0|0|1|0
RZ1|29|2|EB04-007|0|35|0|28|0|0|0|0|0
RZ1|CHK|29|2|50|0|0|0|10|0|0|0|1|0
RZ1|30|2|ST22-002|0|41|0|30|0|0|0|0|0
RZ1|CHK|30|2|50|0|0|0|10|0|0|0|1|0
RZ1|31|2|OP13-043|0|40|0|31|0|0|0|0|0
RZ1|CHK|31|2|50|0|0|0|10|0|0|0|1|0
RZ1|32|2|ST23-001|0|36|0|32|0|0|0|0|0
RZ1|CHK|32|2|50|0|0|0|10|0|0|0|1|0
RZ1|33|2|OP13-043|0|40|0|34|0|0|0|0|0
RZ1|CHK|33|2|50|0|0|0|10|0|0|0|1|0
RZ1|34|2|ST23-001|0|37|0|35|0|0|0|0|0
RZ1|CHK|34|2|50|0|0|0|10|0|0|0|1|0
RZ1|35|2|PRB02-008|0|43|0|36|0|0|0|0|0
RZ1|CHK|35|2|50|0|0|0|10|0|0|0|1|0
RZ1|36|2|OP08-050|0|43|0|37|0|0|0|0|0
RZ1|CHK|36|2|50|0|0|0|10|0|0|0|1|0
RZ1|37|2|OP13-043|0|42|0|38|0|0|0|0|0
RZ1|CHK|37|2|50|0|0|0|10|0|0|0|1|0
RZ1|38|2|ST22-015|0|49|0|40|0|0|0|0|0
RZ1|CHK|38|2|50|0|0|0|10|0|0|0|1|0
RZ1|39|2|OP13-043|0|43|0|42|0|0|0|0|0
RZ1|CHK|39|2|50|0|0|0|10|0|0|0|1|0
RZ1|40|2|ST22-002|0|44|0|43|0|0|0|0|0
RZ1|CHK|40|2|50|0|0|0|10|0|0|0|1|0
RZ1|41|2|OP13-054|0|45|0|44|0|0|0|0|0
RZ1|CHK|41|2|50|0|0|0|10|0|0|0|1|0
RZ1|42|2|OP13-042|0|48|0|47|0|0|0|0|0
RZ1|CHK|42|2|50|0|0|0|10|0|0|0|1|0
RZ1|43|2|OP13-057|0|49|0|48|0|0|0|0|0
RZ1|CHK|43|2|50|0|0|0|10|0|0|0|1|0
[] Drew card from deck: This is MY AGE!!!! ["OP09-096">OP09-096]
RZ1|44|1|OP09-096|0|49|1|0|1|1|0|0|0
RZ1|CHK|44|1|49|1|0|0|10|0|0|0|1|0
[] Drew card from deck: Laffitte ["OP09-095">OP09-095]
RZ1|45|1|OP09-095|0|48|1|1|1|1|0|0|0
RZ1|CHK|45|1|48|2|0|0|10|0|0|0|1|0
[] Drew card from deck: Laffitte ["OP09-095">OP09-095]
RZ1|46|1|OP09-095|0|47|1|2|1|1|0|0|0
RZ1|CHK|46|1|47|3|0|0|10|0|0|0|1|0
[] Drew card from deck: Catarina Devon ["OP16-104">OP16-104]
RZ1|47|1|OP16-104|0|46|1|3|1|1|0|0|0
RZ1|CHK|47|1|46|4|0|0|10|0|0|0|1|0
[] Drew card from deck: Laffite ["OP16-114">OP16-114]
RZ1|48|1|OP16-114|0|45|1|4|1|1|0|0|0
RZ1|CHK|48|1|45|5|0|0|10|0|0|0|1|0
[] Drew card from deck: Yamato ["OP13-054">OP13-054]
RZ1|49|2|OP13-054|0|49|1|0|1|1|0|0|0
RZ1|CHK|49|2|49|1|0|0|10|0|0|0|1|0
[] Drew card from deck: If I Give Into The "Force" There'll Be No Point To My Life ["OP13-057">OP13-057]
RZ1|50|2|OP13-057|0|48|1|1|1|1|0|0|0
RZ1|CHK|50|2|48|2|0|0|10|0|0|0|1|0
[] Drew card from deck: Edward Newgate ["OP13-042">OP13-042]
RZ1|51|2|OP13-042|0|47|1|2|1|1|0|0|0
RZ1|CHK|51|2|47|3|0|0|10|0|0|0|1|0
[] Drew card from deck: Yamato ["OP13-054">OP13-054]
RZ1|52|2|OP13-054|0|46|1|3|1|1|0|0|0
RZ1|CHK|52|2|46|4|0|0|10|0|0|0|1|0
[] Drew card from deck: Roronoa Zoro ["EB04-007">EB04-007]
RZ1|53|2|EB04-007|0|45|1|4|1|1|0|0|0
RZ1|CHK|53|2|45|5|0|0|10|0|0|0|1|0
RZ1|54|1|OP16-106|0|44|3|0|1|0|0|0|0
RZ1|CHK|54|1|44|5|0|1|10|0|0|0|1|0
RZ1|55|1|EB04-058|0|43|3|1|1|0|0|0|0
RZ1|CHK|55|1|43|5|0|2|10|0|0|0|1|0
RZ1|56|1|OP09-099|0|42|3|2|1|0|0|0|0
RZ1|CHK|56|1|42|5|0|3|10|0|0|0|1|0
RZ1|57|1|OP09-091|0|41|3|3|1|0|0|0|0
RZ1|CHK|57|1|41|5|0|4|10|0|0|0|1|0
RZ1|58|1|OP16-108|0|40|3|4|1|0|0|0|0
RZ1|CHK|58|1|40|5|0|5|10|0|0|0|1|0
RZ1|59|2|OP13-054|0|44|3|0|0|1|0|0|0
RZ1|CHK|59|2|44|5|0|1|10|0|0|0|1|0
RZ1|60|2|ST22-002|0|43|3|1|0|1|0|0|0
RZ1|CHK|60|2|43|5|0|2|10|0|0|0|1|0
RZ1|61|2|OP13-043|0|42|3|2|0|1|0|0|0
RZ1|CHK|61|2|42|5|0|3|10|0|0|0|1|0
[] Hand: [OP09-096,OP09-095,OP09-095,OP16-104,OP16-114]
[] Board: []
[] Trash: []
[] Life: 5
[] Hand: [OP13-054,OP13-057,OP13-042,OP13-054,EB04-007]
[] Trash: []
[] Board: []
[] Life: 3
RZ1|62|1|Don|4|9|5|0|1|1|0|0|0
RZ1|CHK|62|1|40|5|0|5|9|1|0|0|1|0
[You] Draw 1 Don
RZ1|63|1|Don|5|0|5|0|1|1|1|0|0
RZ1|CHK|63|1|40|5|0|5|9|1|0|0|1|0
[You] Deploy Laffitte ["OP09-095">OP09-095]
RZ1|64|1|OP09-095|1|1|2|0|1|1|0|0|0
RZ1|CHK|64|1|40|4|1|5|9|1|0|0|1|0
RZ1|65|1|OP16-114|1|3|6|0|1|1|0|0|0
RZ1|CHK|65|1|40|3|1|5|9|1|1|0|1|0
[You] Marshall D. Teach ["OP09-081">OP09-081]: Trash Laffite ["OP16-114">OP16-114]
[You] Marshall D. Teach ["OP09-081">OP09-081]: Opponent can't activate On Play abilities next turn!
[] Hand: [OP09-096,OP09-095,OP16-104]
[] Board: [OP09-095]
[] Trash: [OP16-114]
[] Life: 5
[] Hand: [OP13-054,OP13-057,OP13-042,OP13-054,EB04-007]
[] Trash: []
[] Board: []
[] Life: 3
[You] End Turn
[] Hand: [OP13-054,OP13-057,OP13-042,OP13-054,EB04-007]
[] Board: []
[] Trash: []
[] Life: 3
[] Hand: [OP09-096,OP09-095,OP16-104]
[] Trash: [OP16-114]
[] Board: [OP09-095]
[] Life: 5
[Opponent] Draw 1 Card
[] Drew card from deck: Uta ["ST23-001">ST23-001]
RZ1|66|2|ST23-001|0|41|1|5|1|1|0|0|0
RZ1|CHK|66|2|41|6|0|3|10|0|0|0|1|0
RZ1|67|2|Don|4|9|5|0|1|1|0|0|0
RZ1|CHK|67|2|41|6|0|3|9|1|0|0|1|0
RZ1|68|2|Don|4|8|5|1|1|1|0|0|0
RZ1|CHK|68|2|41|6|0|3|8|2|0|0|1|0
[Opponent] Draw 2 Don
RZ1|69|2|Don|5|0|9|9900|1|1|0|0|0
RZ1|CHK|69|2|41|6|0|3|8|1|0|0|1|1
[Opponent] Attach 1 Don to Portgas D. Ace ["OP13-002">OP13-002] (1 Total)
[] Hand: [OP13-054,OP13-057,OP13-042,OP13-054,EB04-007,ST23-001]
[] Board: []
[] Trash: []
[] Life: 3
[] Hand: [OP09-096,OP09-095,OP16-104]
[] Trash: [OP16-114]
[] Board: [OP09-095]
[] Life: 5
[Opponent] End Turn
[] Hand: [OP09-096,OP09-095,OP16-104]
[] Board: [OP09-095]
[] Trash: [OP16-114]
[] Life: 5
[] Hand: [OP13-054,OP13-057,OP13-042,OP13-054,EB04-007,ST23-001]
[] Trash: []
[] Board: []
[] Life: 3
[You] Draw 1 Card
[] Drew card from deck: Marshall D. Teach ["OP16-119">OP16-119]
RZ1|70|1|OP16-119|0|39|1|3|1|1|0|0|0
RZ1|CHK|70|1|39|4|1|5|9|1|1|0|1|0
RZ1|71|1|Don|4|8|5|1|1|1|0|0|0
RZ1|CHK|71|1|39|4|1|5|8|2|1|0|1|0
RZ1|72|1|Don|4|7|5|2|1|1|0|0|0
RZ1|CHK|72|1|39|4|1|5|7|3|1|0|1|0
[You] Draw 2 Don
RZ1|73|1|Don|5|0|9|9900|1|1|0|0|0
RZ1|CHK|73|1|39|4|1|5|7|2|1|0|1|1
[You] Attach 1 Don to Marshall D. Teach ["OP09-081">OP09-081] (1 Total)
[You] Marshall D. Teach ["OP09-081">OP09-081] attacking Portgas D. Ace ["OP13-002">OP13-002]
RZ1|74|2|ST23-001|1|5|6|0|1|1|0|0|0
RZ1|CHK|74|2|41|5|0|3|8|1|1|0|1|1
[Opponent] Portgas D. Ace ["OP13-002">OP13-002]: Trash Uta ["ST23-001">ST23-001]
[Opponent] Portgas D. Ace ["OP13-002">OP13-002]: Buff Marshall D. Teach ["OP09-081">OP09-081] -2000 for the Combat
Marshall D. Teach ["OP09-081">OP09-081][4000] vs Portgas D. Ace ["OP13-002">OP13-002][6000]
Attack Fails
[You] This is MY AGE!!!! ["OP09-096">OP09-096]: Rest 1 Don
RZ1|75|1|Don|5|0|5|0|1|1|1|0|0
RZ1|CHK|75|1|39|4|1|5|7|2|1|0|1|1
RZ1|76|1|OP09-096|1|0|6|1|1|1|0|0|0
RZ1|CHK|76|1|39|3|1|5|7|2|2|0|1|1
RZ1|77|1|OP16-114|0|38|1|3|1|1|0|0|0
RZ1|CHK|77|1|38|4|1|5|7|2|2|0|1|1
[You] This is MY AGE!!!! ["OP09-096">OP09-096]: <b>Reveal and Draw Laffite ["OP16-114">OP16-114]</b>
[You] This is MY AGE!!!! ["OP09-096">OP09-096]: Trash 2 Remaining Cards
RZ1|78|1|EB04-058|0|37|6|2|1|1|0|0|0
RZ1|CHK|78|1|37|4|1|5|7|2|3|0|1|1
RZ1|79|1|OP09-096|0|36|6|3|1|1|0|0|0
RZ1|CHK|79|1|36|4|1|5|7|2|4|0|1|1
RZ1|80|1|Don|5|1|5|1|1|1|1|0|0
RZ1|CHK|80|1|36|4|1|5|7|2|4|0|1|1
[You] Deploy Laffitte ["OP09-095">OP09-095]
RZ1|81|1|OP09-095|1|0|2|1|1|1|0|0|0
RZ1|CHK|81|1|36|3|2|5|7|2|4|0|1|1
RZ1|82|1|OP16-114|1|2|6|4|1|1|0|0|0
RZ1|CHK|82|1|36|2|2|5|7|2|5|0|1|1
[You] Marshall D. Teach ["OP09-081">OP09-081]: Trash Laffite ["OP16-114">OP16-114]
[You] Marshall D. Teach ["OP09-081">OP09-081]: Opponent can't activate On Play abilities next turn!
[] Hand: [OP16-104,OP16-119]
[] Board: [OP09-095,OP09-095]
[] Trash: [OP16-114,OP09-096,EB04-058,OP09-096,OP16-114]
[] Life: 5
[] Hand: [OP13-054,OP13-057,OP13-042,OP13-054,EB04-007]
[] Trash: [ST23-001]
[] Board: []
[] Life: 3
[You] End Turn
[] Hand: [OP13-054,OP13-057,OP13-042,OP13-054,EB04-007]
[] Board: []
[] Trash: [ST23-001]
[] Life: 3
[] Hand: [OP16-104,OP16-119]
[] Trash: [OP16-114,OP09-096,EB04-058,OP09-096,OP16-114]
[] Board: [OP09-095,OP09-095]
[] Life: 5
RZ1|83|2|Don|9|9900|5|0|1|1|1|0|0
RZ1|CHK|83|2|41|5|0|3|8|2|1|0|1|0
[Opponent] Draw 1 Card
[] Drew card from deck: I Am Whitebeard! ["ST22-015">ST22-015]
RZ1|84|2|ST22-015|0|40|1|5|1|1|0|0|0
RZ1|CHK|84|2|40|6|0|3|8|2|1|0|1|0
RZ1|85|2|Don|4|7|5|2|1|1|0|0|0
RZ1|CHK|85|2|40|6|0|3|7|3|1|0|1|0
RZ1|86|2|Don|4|6|5|3|1|1|0|0|0
RZ1|CHK|86|2|40|6|0|3|6|4|1|0|1|0
[Opponent] Draw 2 Don
RZ1|87|2|Don|5|0|9|9900|1|1|0|0|0
RZ1|CHK|87|2|40|6|0|3|6|3|1|0|1|1
RZ1|88|2|Don|5|0|9|9901|1|1|0|0|0
RZ1|CHK|88|2|40|6|0|3|6|2|1|0|1|2
[Opponent] Attach 2 Don to Portgas D. Ace ["OP13-002">OP13-002] (2 Total)
[Opponent] Portgas D. Ace ["OP13-002">OP13-002] attacking Marshall D. Teach ["OP09-081">OP09-081]
Portgas D. Ace ["OP13-002">OP13-002][8000] vs Marshall D. Teach ["OP09-081">OP09-081][5000]
Marshall D. Teach ["OP09-081">OP09-081] hit for 1 damage
RZ1|89|1|OP16-108|3|4|1|2|1|1|0|0|0
RZ1|CHK|89|1|36|3|2|4|7|2|5|0|1|1
[] Hand: [OP13-054,OP13-057,OP13-042,OP13-054,EB04-007,ST22-015]
[] Board: []
[] Trash: [ST23-001]
[] Life: 3
[] Hand: [OP16-104,OP16-119,OP16-108]
[] Trash: [OP16-114,OP09-096,EB04-058,OP09-096,OP16-114]
[] Board: [OP09-095,OP09-095]
[] Life: 4
[Opponent] End Turn
[] Hand: [OP16-104,OP16-119,OP16-108]
[] Board: [OP09-095,OP09-095]
[] Trash: [OP16-114,OP09-096,EB04-058,OP09-096,OP16-114]
[] Life: 4
[] Hand: [OP13-054,OP13-057,OP13-042,OP13-054,EB04-007,ST22-015]
[] Trash: [ST23-001]
[] Board: []
[] Life: 3
RZ1|90|1|Don|9|9900|5|0|1|1|1|0|0
RZ1|CHK|90|1|36|3|2|4|7|3|5|0|1|0
[You] Draw 1 Card
[] Drew card from deck: Doc Q ["OP16-109">OP16-109]
RZ1|91|1|OP16-109|0|35|1|3|1|1|0|0|0
RZ1|CHK|91|1|35|4|2|4|7|3|5|0|1|0
RZ1|92|1|Don|4|6|5|3|1|1|0|0|0
RZ1|CHK|92|1|35|4|2|4|6|4|5|0|1|0
RZ1|93|1|Don|4|5|5|4|1|1|0|0|0
RZ1|CHK|93|1|35|4|2|4|5|5|5|0|1|0
[You] Draw 2 Don
RZ1|94|1|Don|5|0|5|0|1|1|1|0|0
RZ1|CHK|94|1|35|4|2|4|5|5|5|0|1|0
RZ1|95|1|Don|5|1|5|1|1|1|1|0|0
RZ1|CHK|95|1|35|4|2|4|5|5|5|0|1|0
RZ1|96|1|Don|5|2|5|2|1|1|1|0|0
RZ1|CHK|96|1|35|4|2|4|5|5|5|0|1|0
RZ1|97|1|Don|5|3|5|3|1|1|1|0|0
RZ1|CHK|97|1|35|4|2|4|5|5|5|0|1|0
[You] Deploy Catarina Devon ["OP16-104">OP16-104]
RZ1|98|1|OP16-104|1|0|2|2|1|1|0|0|0
RZ1|CHK|98|1|35|3|3|4|5|5|5|0|1|0
RZ1|99|1|Don|5|4|9|9900|1|1|0|0|0
RZ1|CHK|99|1|35|3|3|4|5|4|5|0|1|1
[You] Attach 1 Don to Marshall D. Teach ["OP09-081">OP09-081] (1 Total)
[You] Marshall D. Teach ["OP09-081">OP09-081] attacking Portgas D. Ace ["OP13-002">OP13-002]
RZ1|100|2|OP13-054|1|0|6|1|1|1|0|0|0
RZ1|CHK|100|2|40|5|0|3|6|2|2|0|1|2
[Opponent] Portgas D. Ace ["OP13-002">OP13-002]: Trash Yamato ["OP13-054">OP13-054]
[Opponent] Portgas D. Ace ["OP13-002">OP13-002]: Buff Catarina Devon ["OP16-104">OP16-104] -2000 for the Combat
[Opponent] If I Give Into The "Force" There'll Be No Point To My Life ["OP13-057">OP13-057]: Activate Counter
[Opponent] If I Give Into The "Force" There'll Be No Point To My Life ["OP13-057">OP13-057]: Rest 1 Don
RZ1|101|2|Don|5|0|5|0|1|1|1|0|0
RZ1|CHK|101|2|40|5|0|3|6|2|2|0|1|2
RZ1|102|2|OP13-057|1|0|6|2|1|1|0|0|0
RZ1|CHK|102|2|40|4|0|3|6|2|3|0|1|2
[Opponent] If I Give Into The "Force" There'll Be No Point To My Life ["OP13-057">OP13-057]: Buff Portgas D. Ace ["OP13-002">OP13-002] 3000 for the Combat
Marshall D. Teach ["OP09-081">OP09-081][6000] vs Portgas D. Ace ["OP13-002">OP13-002][9000]
Attack Fails
RZ1|103|1|OP16-109|1|2|6|5|1|1|0|0|0
RZ1|CHK|103|1|35|2|3|4|5|4|6|0|1|1
[You] Marshall D. Teach ["OP09-081">OP09-081]: Trash Doc Q ["OP16-109">OP16-109]
[You] Marshall D. Teach ["OP09-081">OP09-081]: Opponent can't activate On Play abilities next turn!
[] Hand: [OP16-119,OP16-108]
[] Board: [OP09-095,OP09-095,OP16-104]
[] Trash: [OP16-114,OP09-096,EB04-058,OP09-096,OP16-114,OP16-109]
[] Life: 4
[] Hand: [OP13-042,OP13-054,EB04-007,ST22-015]
[] Trash: [ST23-001,OP13-054,OP13-057]
[] Board: []
[] Life: 3
[You] End Turn
[] Hand: [OP13-042,OP13-054,EB04-007,ST22-015]
[] Board: []
[] Trash: [ST23-001,OP13-054,OP13-057]
[] Life: 3
[] Hand: [OP16-119,OP16-108]
[] Trash: [OP16-114,OP09-096,EB04-058,OP09-096,OP16-114,OP16-109]
[] Board: [OP09-095,OP09-095,OP16-104]
[] Life: 4
RZ1|104|2|Don|9|9900|5|0|1|1|1|0|0
RZ1|CHK|104|2|40|4|0|3|6|3|3|0|1|1
RZ1|105|2|Don|9|9900|5|0|1|1|1|0|0
RZ1|CHK|105|2|40|4|0|3|6|4|3|0|1|0
[Opponent] Draw 1 Card
[] Drew card from deck: Monkey D. Garp ["OP13-016">OP13-016]
RZ1|106|2|OP13-016|0|39|1|4|1|1|0|0|0
RZ1|CHK|106|2|39|5|0|3|6|4|3|0|1|0
RZ1|107|2|Don|4|5|5|4|1|1|0|0|0
RZ1|CHK|107|2|39|5|0|3|5|5|3|0|1|0
RZ1|108|2|Don|4|4|5|5|1|1|0|0|0
RZ1|CHK|108|2|39|5|0|3|4|6|3|0|1|0
[Opponent] Draw 2 Don
RZ1|109|2|Don|5|0|5|0|1|1|1|0|0
RZ1|CHK|109|2|39|5|0|3|4|6|3|0|1|0
RZ1|110|2|Don|5|1|5|1|1|1|1|0|0
RZ1|CHK|110|2|39|5|0|3|4|6|3|0|1|0
RZ1|111|2|Don|5|2|5|2|1|1|1|0|0
RZ1|CHK|111|2|39|5|0|3|4|6|3|0|1|0
RZ1|112|2|Don|5|3|5|3|1|1|1|0|0
RZ1|CHK|112|2|39|5|0|3|4|6|3|0|1|0
RZ1|113|2|Don|5|4|5|4|1|1|1|0|0
RZ1|CHK|113|2|39|5|0|3|4|6|3|0|1|0
[Opponent] Deploy Yamato ["OP13-054">OP13-054]
RZ1|114|2|OP13-054|1|1|2|0|1|1|0|0|0
RZ1|CHK|114|2|39|4|1|3|4|6|3|0|1|0
[Opponent] Portgas D. Ace ["OP13-002">OP13-002] attacking Marshall D. Teach ["OP09-081">OP09-081]
Portgas D. Ace ["OP13-002">OP13-002][6000] vs Marshall D. Teach ["OP09-081">OP09-081][5000]
Marshall D. Teach ["OP09-081">OP09-081] hit for 1 damage
RZ1|115|1|OP09-091|3|3|1|2|1|1|0|0|0
RZ1|CHK|115|1|35|3|3|3|5|4|6|0|1|1
RZ1|116|2|Don|5|5|5|5|1|1|1|0|0
RZ1|CHK|116|2|39|4|1|3|4|6|3|0|1|0
[Opponent] Deploy Monkey D. Garp ["OP13-016">OP13-016]
RZ1|117|2|OP13-016|1|3|2|1|1|1|0|0|0
RZ1|CHK|117|2|39|3|2|3|4|6|3|0|1|0
[] Hand: [OP13-042,EB04-007,ST22-015]
[] Board: [OP13-054,OP13-016]
[] Trash: [ST23-001,OP13-054,OP13-057]
[] Life: 3
[] Hand: [OP16-119,OP16-108,OP09-091]
[] Trash: [OP16-114,OP09-096,EB04-058,OP09-096,OP16-114,OP16-109]
[] Board: [OP09-095,OP09-095,OP16-104]
[] Life: 3
[Opponent] End Turn
[] Hand: [OP16-119,OP16-108,OP09-091]
[] Board: [OP09-095,OP09-095,OP16-104]
[] Trash: [OP16-114,OP09-096,EB04-058,OP09-096,OP16-114,OP16-109]
[] Life: 3
[] Hand: [OP13-042,EB04-007,ST22-015]
[] Trash: [ST23-001,OP13-054,OP13-057]
[] Board: [OP13-054,OP13-016]
[] Life: 3
RZ1|118|1|Don|9|9900|5|0|1|1|1|0|0
RZ1|CHK|118|1|35|3|3|3|5|5|6|0|1|0
[You] Draw 1 Card
[] Drew card from deck: Marshall D. Teach ["OP09-093">OP09-093]
RZ1|119|1|OP09-093|0|34|1|3|1|1|0|0|0
RZ1|CHK|119|1|34|4|3|3|5|5|6|0|1|0
RZ1|120|1|Don|4|4|5|5|1|1|0|0|0
RZ1|CHK|120|1|34|4|3|3|4|6|6|0|1|0
RZ1|121|1|Don|4|3|5|6|1|1|0|0|0
RZ1|CHK|121|1|34|4|3|3|3|7|6|0|1|0
[You] Draw 2 Don
RZ1|122|1|Don|5|0|5|0|1|1|1|0|0
RZ1|CHK|122|1|34|4|3|3|3|7|6|0|1|0
RZ1|123|1|Don|5|1|5|1|1|1|1|0|0
RZ1|CHK|123|1|34|4|3|3|3|7|6|0|1|0
RZ1|124|1|Don|5|2|5|2|1|1|1|0|0
RZ1|CHK|124|1|34|4|3|3|3|7|6|0|1|0
RZ1|125|1|Don|5|3|5|3|1|1|1|0|0
RZ1|CHK|125|1|34|4|3|3|3|7|6|0|1|0
RZ1|126|1|Don|5|4|5|4|1|1|1|0|0
RZ1|CHK|126|1|34|4|3|3|3|7|6|0|1|0
RZ1|127|1|Don|5|5|5|5|1|1|1|0|0
RZ1|CHK|127|1|34|4|3|3|3|7|6|0|1|0
[You] Deploy Shiryu ["OP16-108">OP16-108]
RZ1|128|1|OP16-108|1|1|2|3|1|1|0|0|0
RZ1|CHK|128|1|34|3|4|3|3|7|6|0|1|0
[You] Catarina Devon ["OP16-104">OP16-104] attacking Portgas D. Ace ["OP13-002">OP13-002]
[You] Catarina Devon ["OP16-104">OP16-104]: Buff Self 3000
RZ1|129|2|EB04-007|1|1|6|3|1|1|0|0|0
RZ1|CHK|129|2|39|2|2|3|4|6|4|0|1|0
[Opponent] Portgas D. Ace ["OP13-002">OP13-002]: Trash Roronoa Zoro ["EB04-007">EB04-007]
[Opponent] Portgas D. Ace ["OP13-002">OP13-002]: Buff Shiryu ["OP16-108">OP16-108] -2000 for the Combat
Catarina Devon ["OP16-104">OP16-104][6000] vs Portgas D. Ace ["OP13-002">OP13-002][6000]
Portgas D. Ace ["OP13-002">OP13-002] hit for 1 damage
RZ1|130|2|OP13-043|3|2|1|2|1|1|0|0|0
RZ1|CHK|130|2|39|3|2|2|4|6|4|0|1|0
RZ1|131|1|Don|5|6|9|9900|1|1|0|0|0
RZ1|CHK|131|1|34|3|4|3|3|6|6|0|1|1
[You] Attach 1 Don to Marshall D. Teach ["OP09-081">OP09-081] (1 Total)
[You] Marshall D. Teach ["OP09-081">OP09-081] attacking Portgas D. Ace ["OP13-002">OP13-002]
Marshall D. Teach ["OP09-081">OP09-081][6000] vs Portgas D. Ace ["OP13-002">OP13-002][6000]
Portgas D. Ace ["OP13-002">OP13-002] hit for 1 damage
RZ1|132|2|ST22-002|3|1|1|3|1|1|0|0|0
RZ1|CHK|132|2|39|4|2|1|4|6|4|0|1|0
RZ1|133|1|OP09-091|1|1|6|6|1|1|0|0|0
RZ1|CHK|133|1|34|2|4|3|3|6|7|0|1|1
[You] Marshall D. Teach ["OP09-081">OP09-081]: Trash Vasco Shot ["OP09-091">OP09-091]
[You] Marshall D. Teach ["OP09-081">OP09-081]: Opponent can't activate On Play abilities next turn!
[] Hand: [OP16-119,OP09-093]
[] Board: [OP09-095,OP09-095,OP16-104,OP16-108]
[] Trash: [OP16-114,OP09-096,EB04-058,OP09-096,OP16-114,OP16-109,OP09-091]
[] Life: 3
[] Hand: [OP13-042,ST22-015,OP13-043,ST22-002]
[] Trash: [ST23-001,OP13-054,OP13-057,EB04-007]
[] Board: [OP13-054,OP13-016]
[] Life: 1
[You] End Turn
[] Hand: [OP13-042,ST22-015,OP13-043,ST22-002]
[] Board: [OP13-054,OP13-016]
[] Trash: [ST23-001,OP13-054,OP13-057,EB04-007]
[] Life: 1
[] Hand: [OP16-119,OP09-093]
[] Trash: [OP16-114,OP09-096,EB04-058,OP09-096,OP16-114,OP16-109,OP09-091]
[] Board: [OP09-095,OP09-095,OP16-104,OP16-108]
[] Life: 3
[Opponent] Draw 1 Card
[] Drew card from deck: Otama ["OP13-043">OP13-043]
RZ1|134|2|OP13-043|0|38|1|4|1|1|0|0|0
RZ1|CHK|134|2|38|5|2|1|4|6|4|0|1|0
RZ1|135|2|Don|4|3|5|6|1|1|0|0|0
RZ1|CHK|135|2|38|5|2|1|3|7|4|0|1|0
RZ1|136|2|Don|4|2|5|7|1|1|0|0|0
RZ1|CHK|136|2|38|5|2|1|2|8|4|0|1|0
[Opponent] Draw 2 Don
[Opponent] Portgas D. Ace ["OP13-002">OP13-002] attacking Marshall D. Teach ["OP09-081">OP09-081]
Portgas D. Ace ["OP13-002">OP13-002][6000] vs Marshall D. Teach ["OP09-081">OP09-081][5000]
Marshall D. Teach ["OP09-081">OP09-081] hit for 1 damage
RZ1|137|1|OP09-099|3|2|1|2|1|1|0|0|0
RZ1|CHK|137|1|34|3|4|2|3|6|7|0|1|1
[Opponent] Yamato ["OP13-054">OP13-054] attacking Marshall D. Teach ["OP09-081">OP09-081]
Yamato ["OP13-054">OP13-054][6000] vs Marshall D. Teach ["OP09-081">OP09-081][5000]
Marshall D. Teach ["OP09-081">OP09-081] hit for 1 damage
RZ1|138|1|EB04-058|3|1|1|3|1|1|0|0|0
RZ1|CHK|138|1|34|4|4|1|3|6|7|0|1|1
[Opponent] I Am Whitebeard! ["ST22-015">ST22-015]: Rest 8 Don
RZ1|139|2|Don|5|0|5|0|1|1|1|0|0
RZ1|CHK|139|2|38|5|2|1|2|8|4|0|1|0
RZ1|140|2|Don|5|1|5|1|1|1|1|0|0
RZ1|CHK|140|2|38|5|2|1|2|8|4|0|1|0
RZ1|141|2|Don|5|2|5|2|1|1|1|0|0
RZ1|CHK|141|2|38|5|2|1|2|8|4|0|1|0
RZ1|142|2|Don|5|3|5|3|1|1|1|0|0
RZ1|CHK|142|2|38|5|2|1|2|8|4|0|1|0
RZ1|143|2|Don|5|4|5|4|1|1|1|0|0
RZ1|CHK|143|2|38|5|2|1|2|8|4|0|1|0
RZ1|144|2|Don|5|5|5|5|1|1|1|0|0
RZ1|CHK|144|2|38|5|2|1|2|8|4|0|1|0
RZ1|145|2|Don|5|6|5|6|1|1|1|0|0
RZ1|CHK|145|2|38|5|2|1|2|8|4|0|1|0
RZ1|146|2|Don|5|7|5|7|1|1|1|0|0
RZ1|CHK|146|2|38|5|2|1|2|8|4|0|1|0
RZ1|147|2|ST22-015|1|1|6|4|1|1|0|0|0
RZ1|CHK|147|2|38|4|2|1|2|8|5|0|1|0
RZ1|148|2|OP13-042|1|0|2|2|1|1|0|0|0
RZ1|CHK|148|2|38|3|3|1|2|8|5|0|1|0
[Opponent] I Am Whitebeard! ["ST22-015">ST22-015]: Deploy Edward Newgate ["OP13-042">OP13-042]
[Opponent] I Am Whitebeard! ["ST22-015">ST22-015]: Takes Bottom Life
RZ1|149|2|OP13-054|3|0|1|3|1|1|0|0|0
RZ1|CHK|149|2|38|4|3|0|2|8|5|0|1|0
[Opponent] I Am Whitebeard! ["ST22-015">ST22-015]: Grant Portgas D. Ace ["OP13-002">OP13-002] 2000 until opponent's next turn end
[] Hand: [OP13-043,ST22-002,OP13-043,OP13-054]
[] Board: [OP13-054,OP13-016,OP13-042]
[] Trash: [ST23-001,OP13-054,OP13-057,EB04-007,ST22-015]
[] Life: 0
[] Hand: [OP16-119,OP09-093,OP09-099,EB04-058]
[] Trash: [OP16-114,OP09-096,EB04-058,OP09-096,OP16-114,OP16-109,OP09-091]
[] Board: [OP09-095,OP09-095,OP16-104,OP16-108]
[] Life: 1
[Opponent] End Turn
[] Hand: [OP16-119,OP09-093,OP09-099,EB04-058]
[] Board: [OP09-095,OP09-095,OP16-104,OP16-108]
[] Trash: [OP16-114,OP09-096,EB04-058,OP09-096,OP16-114,OP16-109,OP09-091]
[] Life: 1
[] Hand: [OP13-043,ST22-002,OP13-043,OP13-054]
[] Trash: [ST23-001,OP13-054,OP13-057,EB04-007,ST22-015]
[] Board: [OP13-054,OP13-016,OP13-042]
[] Life: 0
RZ1|150|1|Don|9|9900|5|0|1|1|1|0|0
RZ1|CHK|150|1|34|4|4|1|3|7|7|0|1|0
[You] Draw 1 Card
[] Drew card from deck: Marshall D. Teach ["OP16-119">OP16-119]
RZ1|151|1|OP16-119|0|33|1|4|1|1|0|0|0
RZ1|CHK|151|1|33|5|4|1|3|7|7|0|1|0
RZ1|152|1|Don|4|2|5|7|1|1|0|0|0
RZ1|CHK|152|1|33|5|4|1|2|8|7|0|1|0
RZ1|153|1|Don|4|1|5|8|1|1|0|0|0
RZ1|CHK|153|1|33|5|4|1|1|9|7|0|1|0
[You] Draw 2 Don
RZ1|154|1|Don|5|0|5|0|1|1|1|0|0
RZ1|CHK|154|1|33|5|4|1|1|9|7|0|1|0
RZ1|155|1|Don|5|1|5|1|1|1|1|0|0
RZ1|CHK|155|1|33|5|4|1|1|9|7|0|1|0
RZ1|156|1|Don|5|2|5|2|1|1|1|0|0
RZ1|CHK|156|1|33|5|4|1|1|9|7|0|1|0
RZ1|157|1|Don|5|3|5|3|1|1|1|0|0
RZ1|CHK|157|1|33|5|4|1|1|9|7|0|1|0
RZ1|158|1|Don|5|4|5|4|1|1|1|0|0
RZ1|CHK|158|1|33|5|4|1|1|9|7|0|1|0
RZ1|159|1|Don|5|5|5|5|1|1|1|0|0
RZ1|CHK|159|1|33|5|4|1|1|9|7|0|1|0
RZ1|160|1|Don|5|6|5|6|1|1|1|0|0
RZ1|CHK|160|1|33|5|4|1|1|9|7|0|1|0
RZ1|161|1|Don|5|7|5|7|1|1|1|0|0
RZ1|CHK|161|1|33|5|4|1|1|9|7|0|1|0
[You] Deploy Marshall D. Teach ["OP16-119">OP16-119]
RZ1|162|1|OP16-119|1|0|2|4|1|1|0|0|0
RZ1|CHK|162|1|33|4|5|1|1|9|7|0|1|0
RZ1|163|1|Don|5|8|5|8|1|1|1|0|0
RZ1|CHK|163|1|33|4|5|1|1|9|7|0|1|0
[You] Deploy Fullalead ["OP09-099">OP09-099]
RZ1|164|1|OP09-099|1|1|7|0|1|1|0|0|0
RZ1|CHK|164|1|33|3|5|1|1|9|7|1|1|0
[You] Fullalead ["OP09-099">OP09-099]: Rest Fullalead ["OP09-099">OP09-099]
RZ1|165|1|EB04-058|1|1|6|7|1|1|0|0|0
RZ1|CHK|165|1|33|2|5|1|1|9|8|1|1|0
[You] Fullalead ["OP09-099">OP09-099]: Trash Borsalino ["EB04-058">EB04-058]
RZ1|166|1|OP09-093|0|32|1|2|1|1|0|0|0
RZ1|CHK|166|1|32|3|5|1|1|9|8|1|1|0
[You] Fullalead ["OP09-099">OP09-099]: <b>Reveal and Draw Marshall D. Teach ["OP09-093">OP09-093]</b>
[You] Placing Cards on Bottom of Deck
RZ1|167|1|OP09-099|0|31|0|0|0|0|0|0|0
RZ1|CHK|167|1|32|3|5|1|1|9|8|1|1|0
RZ1|168|1|OP09-093|0|31|0|0|0|0|0|0|0
RZ1|CHK|168|1|32|3|5|1|1|9|8|1|1|0
RZ1|169|1|OP16-119|1|1|6|8|1|1|0|0|0
RZ1|CHK|169|1|32|2|5|1|1|9|9|1|1|0
[You] Marshall D. Teach ["OP09-081">OP09-081]: Trash Marshall D. Teach ["OP16-119">OP16-119]
[You] Marshall D. Teach ["OP09-081">OP09-081]: Opponent can't activate On Play abilities next turn!
[You] Shiryu ["OP16-108">OP16-108] attacking Portgas D. Ace ["OP13-002">OP13-002]
RZ1|170|2|ST22-002|1|1|6|5|1|1|0|0|0
RZ1|CHK|170|2|38|3|3|0|2|8|6|0|1|0
[Opponent] Portgas D. Ace ["OP13-002">OP13-002]: Trash Izou ["ST22-002">ST22-002]
[Opponent] Portgas D. Ace ["OP13-002">OP13-002]: Buff Marshall D. Teach ["OP16-119">OP16-119] -2000 for the Combat
[Opponent] Discard Otama ["OP13-043">OP13-043] for Counter 2000
RZ1|171|2|OP13-043|1|0|6|6|1|1|0|0|0
RZ1|CHK|171|2|38|2|3|0|2|8|7|0|1|0
Shiryu ["OP16-108">OP16-108][8000] vs Portgas D. Ace ["OP13-002">OP13-002][10000]
Attack Fails
[You] Catarina Devon ["OP16-104">OP16-104] attacking Yamato ["OP13-054">OP13-054]
[You] Catarina Devon ["OP16-104">OP16-104]: Buff Self 9000
Catarina Devon ["OP16-104">OP16-104][12000] vs Yamato ["OP13-054">OP13-054][6000]
[Opponent] Yamato ["OP13-054">OP13-054] Destroyed
RZ1|172|2|OP13-054|2|0|6|7|1|1|0|0|0
RZ1|CHK|172|2|38|2|2|0|2|8|8|0|1|0
[] Hand: [OP09-093,OP09-093]
[] Board: [OP09-095,OP09-095,OP16-104,OP16-108,OP16-119]
[] Trash: [OP16-114,OP09-096,EB04-058,OP09-096,OP16-114,OP16-109,OP09-091,EB04-058,OP16-119]
[] Life: 1
[] Hand: [OP13-043,OP13-054]
[] Trash: [ST23-001,OP13-054,OP13-057,EB04-007,ST22-015,ST22-002,OP13-043,OP13-054]
[] Board: [OP13-016,OP13-042]
[] Life: 0
[You] End Turn
[] Hand: [OP13-043,OP13-054]
[] Board: [OP13-016,OP13-042]
[] Trash: [ST23-001,OP13-054,OP13-057,EB04-007,ST22-015,ST22-002,OP13-043,OP13-054]
[] Life: 0
[] Hand: [OP09-093,OP09-093]
[] Trash: [OP16-114,OP09-096,EB04-058,OP09-096,OP16-114,OP16-109,OP09-091,EB04-058,OP16-119]
[] Board: [OP09-095,OP09-095,OP16-104,OP16-108,OP16-119]
[] Life: 1
[Opponent] Draw 1 Card
[] Drew card from deck: Namule ["OP08-050">OP08-050]
RZ1|173|2|OP08-050|0|37|1|2|1|1|0|0|0
RZ1|CHK|173|2|37|3|2|0|2|8|8|0|1|0
RZ1|174|2|Don|4|1|5|8|1|1|0|0|0
RZ1|CHK|174|2|37|3|2|0|1|9|8|0|1|0
RZ1|175|2|Don|4|0|5|9|1|1|0|0|0
RZ1|CHK|175|2|37|3|2|0|0|10|8|0|1|0
[Opponent] Draw 2 Don
[Opponent] Portgas D. Ace ["OP13-002">OP13-002] attacking Marshall D. Teach ["OP09-081">OP09-081]
Portgas D. Ace ["OP13-002">OP13-002][6000] vs Marshall D. Teach ["OP09-081">OP09-081][5000]
Marshall D. Teach ["OP09-081">OP09-081] hit for 1 damage
RZ1|176|1|OP16-106|3|0|1|2|1|1|0|0|0
RZ1|CHK|176|1|32|3|5|0|1|9|9|1|1|0
[You] Sanjuan Wolf ["OP16-106">OP16-106]: Activate Trigger
RZ1|177|1|OP16-106|1|2|6|9|1|1|0|0|0
RZ1|CHK|177|1|32|2|5|0|1|9|10|1|1|0
[] Drew card from deck: Marshall D. Teach ["OP16-119">OP16-119]
RZ1|178|1|OP16-119|0|31|1|2|1|1|0|0|0
RZ1|CHK|178|1|31|3|5|0|1|9|10|1|1|0
[You] Sanjuan Wolf ["OP16-106">OP16-106]: Draw 1 Card
[You] Sanjuan Wolf ["OP16-106">OP16-106]: Set Laffitte ["OP09-095">OP09-095] Base Power to 6000
[Opponent] Edward Newgate ["OP13-042">OP13-042] attacking Marshall D. Teach ["OP09-081">OP09-081]
Edward Newgate ["OP13-042">OP13-042][12000] vs Marshall D. Teach ["OP09-081">OP09-081][5000]
Marshall D. Teach ["OP09-081">OP09-081] hit for 1 damage
[You] <b>Downloaded the Combat Log!</b>
GameOver