Version is 1.42a.34
[You] Leader is Marshall D. Teach ["OP16-080">OP16-080]
RZ1|HDR|1.42a|2|RZ1
RZ1|PLY|1||OP16-080
RZ1|PLY|2||
[Opponent] Leader is Rocks D. Xebec ["OP17-039">OP17-039]
RZ1|1|2|OP17-044|0|14|0|0|0|0|0|0|0
RZ1|CHK|1|2|50|0|0|0|10|0|0|0|1|0
RZ1|2|2|OP17-048|0|31|0|1|0|0|0|0|0
RZ1|CHK|2|2|50|0|0|0|10|0|0|0|1|0
RZ1|3|2|OP17-049|0|23|0|2|0|0|0|0|0
RZ1|CHK|3|2|50|0|0|0|10|0|0|0|1|0
RZ1|4|2|OP17-118|0|37|0|3|0|0|0|0|0
RZ1|CHK|4|2|50|0|0|0|10|0|0|0|1|0
RZ1|5|2|OP17-040|0|32|0|4|0|0|0|0|0
RZ1|CHK|5|2|50|0|0|0|10|0|0|0|1|0
RZ1|6|2|OP17-052|0|9|0|5|0|0|0|0|0
RZ1|CHK|6|2|50|0|0|0|10|0|0|0|1|0
RZ1|7|2|OP17-046|0|20|0|6|0|0|0|0|0
RZ1|CHK|7|2|50|0|0|0|10|0|0|0|1|0
RZ1|8|2|OP17-046|0|22|0|7|0|0|0|0|0
RZ1|CHK|8|2|50|0|0|0|10|0|0|0|1|0
RZ1|9|2|OP17-040|0|30|0|9|0|0|0|0|0
RZ1|CHK|9|2|50|0|0|0|10|0|0|0|1|0
RZ1|10|2|OP17-055|0|40|0|10|0|0|0|0|0
RZ1|CHK|10|2|50|0|0|0|10|0|0|0|1|0
RZ1|11|2|OP17-043|0|26|0|11|0|0|0|0|0
RZ1|CHK|11|2|50|0|0|0|10|0|0|0|1|0
RZ1|12|2|OP17-043|0|26|0|12|0|0|0|0|0
RZ1|CHK|12|2|50|0|0|0|10|0|0|0|1|0
RZ1|13|2|OP17-118|0|39|0|13|0|0|0|0|0
RZ1|CHK|13|2|50|0|0|0|10|0|0|0|1|0
RZ1|14|2|OP17-055|0|41|0|14|0|0|0|0|0
RZ1|CHK|14|2|50|0|0|0|10|0|0|0|1|0
RZ1|15|2|OP17-049|0|30|0|15|0|0|0|0|0
RZ1|CHK|15|2|50|0|0|0|10|0|0|0|1|0
RZ1|16|2|OP17-056|0|45|0|16|0|0|0|0|0
RZ1|CHK|16|2|50|0|0|0|10|0|0|0|1|0
RZ1|17|2|OP17-055|0|42|0|17|0|0|0|0|0
RZ1|CHK|17|2|50|0|0|0|10|0|0|0|1|0
RZ1|18|2|OP17-042|0|28|0|18|0|0|0|0|0
RZ1|CHK|18|2|50|0|0|0|10|0|0|0|1|0
RZ1|19|2|OP17-048|0|38|0|19|0|0|0|0|0
RZ1|CHK|19|2|50|0|0|0|10|0|0|0|1|0
RZ1|20|2|OP17-057|0|49|0|20|0|0|0|0|0
RZ1|CHK|20|2|50|0|0|0|10|0|0|0|1|0
RZ1|21|2|OP17-057|0|48|0|21|0|0|0|0|0
RZ1|CHK|21|2|50|0|0|0|10|0|0|0|1|0
RZ1|22|2|OP17-054|0|30|0|22|0|0|0|0|0
RZ1|CHK|22|2|50|0|0|0|10|0|0|0|1|0
RZ1|23|2|OP17-052|0|27|0|23|0|0|0|0|0
RZ1|CHK|23|2|50|0|0|0|10|0|0|0|1|0
RZ1|24|2|OP17-056|0|46|0|24|0|0|0|0|0
RZ1|CHK|24|2|50|0|0|0|10|0|0|0|1|0
RZ1|25|2|OP17-056|0|47|0|25|0|0|0|0|0
RZ1|CHK|25|2|50|0|0|0|10|0|0|0|1|0
RZ1|26|2|OP17-045|0|28|0|27|0|0|0|0|0
RZ1|CHK|26|2|50|0|0|0|10|0|0|0|1|0
RZ1|27|2|OP17-046|0|35|0|28|0|0|0|0|0
RZ1|CHK|27|2|50|0|0|0|10|0|0|0|1|0
RZ1|28|2|OP17-044|0|35|0|29|0|0|0|0|0
RZ1|CHK|28|2|50|0|0|0|10|0|0|0|1|0
RZ1|29|2|OP17-049|0|38|0|30|0|0|0|0|0
RZ1|CHK|29|2|50|0|0|0|10|0|0|0|1|0
RZ1|30|2|OP17-048|0|43|0|31|0|0|0|0|0
RZ1|CHK|30|2|50|0|0|0|10|0|0|0|1|0
RZ1|31|2|OP17-054|0|34|0|32|0|0|0|0|0
RZ1|CHK|31|2|50|0|0|0|10|0|0|0|1|0
RZ1|32|2|OP17-054|0|36|0|33|0|0|0|0|0
RZ1|CHK|32|2|50|0|0|0|10|0|0|0|1|0
RZ1|33|2|OP17-056|0|48|0|34|0|0|0|0|0
RZ1|CHK|33|2|50|0|0|0|10|0|0|0|1|0
RZ1|34|2|OP17-046|0|39|0|36|0|0|0|0|0
RZ1|CHK|34|2|50|0|0|0|10|0|0|0|1|0
RZ1|35|2|OP17-057|0|49|0|37|0|0|0|0|0
RZ1|CHK|35|2|50|0|0|0|10|0|0|0|1|0
RZ1|36|2|OP17-054|0|39|0|38|0|0|0|0|0
RZ1|CHK|36|2|50|0|0|0|10|0|0|0|1|0
RZ1|37|2|OP17-042|0|40|0|39|0|0|0|0|0
RZ1|CHK|37|2|50|0|0|0|10|0|0|0|1|0
RZ1|38|2|OP17-053|0|43|0|40|0|0|0|0|0
RZ1|CHK|38|2|50|0|0|0|10|0|0|0|1|0
RZ1|39|2|OP17-049|0|42|0|41|0|0|0|0|0
RZ1|CHK|39|2|50|0|0|0|10|0|0|0|1|0
RZ1|40|2|OP17-048|0|46|0|42|0|0|0|0|0
RZ1|CHK|40|2|50|0|0|0|10|0|0|0|1|0
RZ1|41|2|OP17-055|0|49|0|43|0|0|0|0|0
RZ1|CHK|41|2|50|0|0|0|10|0|0|0|1|0
RZ1|42|2|OP17-118|0|49|0|44|0|0|0|0|0
RZ1|CHK|42|2|50|0|0|0|10|0|0|0|1|0
RZ1|43|2|OP17-118|0|49|0|46|0|0|0|0|0
RZ1|CHK|43|2|50|0|0|0|10|0|0|0|1|0
RZ1|44|2|OP17-040|0|49|0|47|0|0|0|0|0
RZ1|CHK|44|2|50|0|0|0|10|0|0|0|1|0
[] Drew card from deck: This is MY AGE!!!! ["OP09-096">OP09-096]
RZ1|45|1|OP09-096|0|49|1|0|1|1|0|0|0
RZ1|CHK|45|1|49|1|0|0|10|0|0|0|1|0
[] Drew card from deck: Doc Q ["OP16-109">OP16-109]
RZ1|46|1|OP16-109|0|48|1|1|1|1|0|0|0
RZ1|CHK|46|1|48|2|0|0|10|0|0|0|1|0
[] Drew card from deck: You're the one who should disappear! ["OP06-115">OP06-115]
RZ1|47|1|OP06-115|0|47|1|2|1|1|0|0|0
RZ1|CHK|47|1|47|3|0|0|10|0|0|0|1|0
[] Drew card from deck: Marshall D. Teach ["OP16-119">OP16-119]
RZ1|48|1|OP16-119|0|46|1|3|1|1|0|0|0
RZ1|CHK|48|1|46|4|0|0|10|0|0|0|1|0
[] Drew card from deck: Marshall D. Teach ["OP09-093">OP09-093]
RZ1|49|1|OP09-093|0|45|1|4|1|1|0|0|0
RZ1|CHK|49|1|45|5|0|0|10|0|0|0|1|0
[] Drew card from deck: Edward Newgate ["OP17-040">OP17-040]
RZ1|50|2|OP17-040|0|49|1|0|1|1|0|0|0
RZ1|CHK|50|2|49|1|0|0|10|0|0|0|1|0
[] Drew card from deck: Barbell ["OP17-053">OP17-053]
RZ1|51|2|OP17-053|0|48|1|1|1|1|0|0|0
RZ1|CHK|51|2|48|2|0|0|10|0|0|0|1|0
[] Drew card from deck: Edward Newgate ["OP17-040">OP17-040]
RZ1|52|2|OP17-040|0|47|1|2|1|1|0|0|0
RZ1|CHK|52|2|47|3|0|0|10|0|0|0|1|0
[] Drew card from deck: Rocks D. Xebec ["OP17-118">OP17-118]
RZ1|53|2|OP17-118|0|46|1|3|1|1|0|0|0
RZ1|CHK|53|2|46|4|0|0|10|0|0|0|1|0
[] Drew card from deck: Don Marlon ["OP17-052">OP17-052]
RZ1|54|2|OP17-052|0|45|1|4|1|1|0|0|0
RZ1|CHK|54|2|45|5|0|0|10|0|0|0|1|0
RZ1|55|1|OP16-116|0|44|3|0|1|0|0|0|0
RZ1|CHK|55|1|44|5|0|1|10|0|0|0|1|0
RZ1|56|1|OP09-096|0|43|3|1|1|0|0|0|0
RZ1|CHK|56|1|43|5|0|2|10|0|0|0|1|0
RZ1|57|1|OP16-119|0|42|3|2|1|0|0|0|0
RZ1|CHK|57|1|42|5|0|3|10|0|0|0|1|0
RZ1|58|1|EB04-058|0|41|3|3|1|0|0|0|0
RZ1|CHK|58|1|41|5|0|4|10|0|0|0|1|0
RZ1|59|2|OP17-040|1|0|0|45|0|0|0|0|0
RZ1|CHK|59|2|46|4|0|0|10|0|0|0|1|0
RZ1|60|2|OP17-053|1|0|0|46|0|0|0|0|0
RZ1|CHK|60|2|47|3|0|0|10|0|0|0|1|0
RZ1|61|2|OP17-040|1|0|0|47|0|0|0|0|0
RZ1|CHK|61|2|48|2|0|0|10|0|0|0|1|0
RZ1|62|2|OP17-118|1|0|0|48|0|0|0|0|0
RZ1|CHK|62|2|49|1|0|0|10|0|0|0|1|0
RZ1|63|2|OP17-052|1|0|0|49|0|0|0|0|0
RZ1|CHK|63|2|50|0|0|0|10|0|0|0|1|0
RZ1|64|2|OP17-049|0|15|0|0|0|0|0|0|0
RZ1|CHK|64|2|50|0|0|0|10|0|0|0|1|0
RZ1|65|2|OP17-056|0|25|0|1|0|0|0|0|0
RZ1|CHK|65|2|50|0|0|0|10|0|0|0|1|0
RZ1|66|2|OP17-040|0|11|0|2|0|0|0|0|0
RZ1|CHK|66|2|50|0|0|0|10|0|0|0|1|0
RZ1|67|2|OP17-042|0|19|0|3|0|0|0|0|0
RZ1|CHK|67|2|50|0|0|0|10|0|0|0|1|0
RZ1|68|2|OP17-048|0|42|0|4|0|0|0|0|0
RZ1|CHK|68|2|50|0|0|0|10|0|0|0|1|0
RZ1|69|2|OP17-048|0|6|0|5|0|0|0|0|0
RZ1|CHK|69|2|50|0|0|0|10|0|0|0|1|0
RZ1|70|2|OP17-046|0|12|0|6|0|0|0|0|0
RZ1|CHK|70|2|50|0|0|0|10|0|0|0|1|0
RZ1|71|2|OP17-118|0|17|0|7|0|0|0|0|0
RZ1|CHK|71|2|50|0|0|0|10|0|0|0|1|0
RZ1|72|2|OP17-050|0|14|0|8|0|0|0|0|0
RZ1|CHK|72|2|50|0|0|0|10|0|0|0|1|0
RZ1|73|2|OP17-055|0|20|0|9|0|0|0|0|0
RZ1|CHK|73|2|50|0|0|0|10|0|0|0|1|0
RZ1|74|2|OP17-055|0|43|0|10|0|0|0|0|0
RZ1|CHK|74|2|50|0|0|0|10|0|0|0|1|0
RZ1|75|2|OP17-046|0|16|0|11|0|0|0|0|0
RZ1|CHK|75|2|50|0|0|0|10|0|0|0|1|0
RZ1|76|2|OP17-040|0|15|0|12|0|0|0|0|0
RZ1|CHK|76|2|50|0|0|0|10|0|0|0|1|0
RZ1|77|2|OP17-045|0|37|0|13|0|0|0|0|0
RZ1|CHK|77|2|50|0|0|0|10|0|0|0|1|0
RZ1|78|2|OP17-049|0|15|0|14|0|0|0|0|0
RZ1|CHK|78|2|50|0|0|0|10|0|0|0|1|0
RZ1|79|2|OP17-118|0|44|0|15|0|0|0|0|0
RZ1|CHK|79|2|50|0|0|0|10|0|0|0|1|0
RZ1|80|2|OP17-055|0|22|0|16|0|0|0|0|0
RZ1|CHK|80|2|50|0|0|0|10|0|0|0|1|0
RZ1|81|2|OP17-054|0|27|0|17|0|0|0|0|0
RZ1|CHK|81|2|50|0|0|0|10|0|0|0|1|0
RZ1|82|2|OP17-056|0|24|0|18|0|0|0|0|0
RZ1|CHK|82|2|50|0|0|0|10|0|0|0|1|0
RZ1|83|2|OP17-049|0|34|0|19|0|0|0|0|0
RZ1|CHK|83|2|50|0|0|0|10|0|0|0|1|0
RZ1|84|2|OP17-118|0|48|0|20|0|0|0|0|0
RZ1|CHK|84|2|50|0|0|0|10|0|0|0|1|0
RZ1|85|2|OP17-057|0|41|0|21|0|0|0|0|0
RZ1|CHK|85|2|50|0|0|0|10|0|0|0|1|0
RZ1|86|2|OP17-043|0|27|0|22|0|0|0|0|0
RZ1|CHK|86|2|50|0|0|0|10|0|0|0|1|0
RZ1|87|2|OP17-056|0|32|0|23|0|0|0|0|0
RZ1|CHK|87|2|50|0|0|0|10|0|0|0|1|0
RZ1|88|2|OP17-045|0|34|0|24|0|0|0|0|0
RZ1|CHK|88|2|50|0|0|0|10|0|0|0|1|0
RZ1|89|2|OP17-053|0|44|0|25|0|0|0|0|0
RZ1|CHK|89|2|50|0|0|0|10|0|0|0|1|0
RZ1|90|2|OP17-040|0|48|0|26|0|0|0|0|0
RZ1|CHK|90|2|50|0|0|0|10|0|0|0|1|0
RZ1|91|2|OP17-052|0|29|0|27|0|0|0|0|0
RZ1|CHK|91|2|50|0|0|0|10|0|0|0|1|0
RZ1|92|2|OP17-054|0|41|0|28|0|0|0|0|0
RZ1|CHK|92|2|50|0|0|0|10|0|0|0|1|0
RZ1|93|2|OP17-048|0|33|0|29|0|0|0|0|0
RZ1|CHK|93|2|50|0|0|0|10|0|0|0|1|0
RZ1|94|2|OP17-043|0|33|0|30|0|0|0|0|0
RZ1|CHK|94|2|50|0|0|0|10|0|0|0|1|0
RZ1|95|2|OP17-055|0|33|0|31|0|0|0|0|0
RZ1|CHK|95|2|50|0|0|0|10|0|0|0|1|0
RZ1|96|2|OP17-046|0|43|0|32|0|0|0|0|0
RZ1|CHK|96|2|50|0|0|0|10|0|0|0|1|0
RZ1|97|2|OP17-054|0|42|0|33|0|0|0|0|0
RZ1|CHK|97|2|50|0|0|0|10|0|0|0|1|0
RZ1|98|2|OP17-057|0|37|0|34|0|0|0|0|0
RZ1|CHK|98|2|50|0|0|0|10|0|0|0|1|0
RZ1|99|2|OP17-118|0|36|0|35|0|0|0|0|0
RZ1|CHK|99|2|50|0|0|0|10|0|0|0|1|0
RZ1|100|2|OP17-049|0|46|0|36|0|0|0|0|0
RZ1|CHK|100|2|50|0|0|0|10|0|0|0|1|0
RZ1|101|2|OP17-044|0|42|0|37|0|0|0|0|0
RZ1|CHK|101|2|50|0|0|0|10|0|0|0|1|0
RZ1|102|2|OP17-056|0|44|0|38|0|0|0|0|0
RZ1|CHK|102|2|50|0|0|0|10|0|0|0|1|0
RZ1|103|2|OP17-053|0|48|0|40|0|0|0|0|0
RZ1|CHK|103|2|50|0|0|0|10|0|0|0|1|0
RZ1|104|2|OP17-046|0|44|0|41|0|0|0|0|0
RZ1|CHK|104|2|50|0|0|0|10|0|0|0|1|0
RZ1|105|2|OP17-050|0|44|0|42|0|0|0|0|0
RZ1|CHK|105|2|50|0|0|0|10|0|0|0|1|0
RZ1|106|2|OP17-048|0|45|0|43|0|0|0|0|0
RZ1|CHK|106|2|50|0|0|0|10|0|0|0|1|0
RZ1|107|2|OP17-040|0|48|0|45|0|0|0|0|0
RZ1|CHK|107|2|50|0|0|0|10|0|0|0|1|0
[] Drew card from deck: Don Marlon ["OP17-052">OP17-052]
RZ1|108|2|OP17-052|0|49|1|0|1|1|0|0|0
RZ1|CHK|108|2|49|1|0|0|10|0|0|0|1|0
[] Drew card from deck: Kaido ["OP17-042">OP17-042]
RZ1|109|2|OP17-042|0|48|1|1|1|1|0|0|0
RZ1|CHK|109|2|48|2|0|0|10|0|0|0|1|0
[] Drew card from deck: Stussy ["OP17-054">OP17-054]
RZ1|110|2|OP17-054|0|47|1|2|1|1|0|0|0
RZ1|CHK|110|2|47|3|0|0|10|0|0|0|1|0
[] Drew card from deck: Don Marlon ["OP17-052">OP17-052]
RZ1|111|2|OP17-052|0|46|1|3|1|1|0|0|0
RZ1|CHK|111|2|46|4|0|0|10|0|0|0|1|0
[] Drew card from deck: Edward Newgate ["OP17-040">OP17-040]
RZ1|112|2|OP17-040|0|45|1|4|1|1|0|0|0
RZ1|CHK|112|2|45|5|0|0|10|0|0|0|1|0
RZ1|113|2|OP17-057|0|44|3|0|0|1|0|0|0
RZ1|CHK|113|2|44|5|0|1|10|0|0|0|1|0
RZ1|114|2|OP17-048|0|43|3|1|0|1|0|0|0
RZ1|CHK|114|2|43|5|0|2|10|0|0|0|1|0
RZ1|115|2|OP17-050|0|42|3|2|0|1|0|0|0
RZ1|CHK|115|2|42|5|0|3|10|0|0|0|1|0
RZ1|116|2|OP17-046|0|41|3|3|0|1|0|0|0
RZ1|CHK|116|2|41|5|0|4|10|0|0|0|1|0
RZ1|117|2|OP17-053|0|40|3|4|0|1|0|0|0
RZ1|CHK|117|2|40|5|0|5|10|0|0|0|1|0
[] Hand after Mulligan: [OP17-052,OP17-042,OP17-054,OP17-052,OP17-040]
[Opponent] Mulligan
[] Hand: [OP09-096,OP16-109,OP06-115,OP16-119,OP09-093]
[] Board: []
[] Trash: []
[] Life: 4
[] Hand: [OP17-052,OP17-042,OP17-054,OP17-052,OP17-040]
[] Trash: []
[] Board: []
[] Life: 5
RZ1|118|1|Don|4|9|5|0|1|1|0|0|0
RZ1|CHK|118|1|41|5|0|4|9|1|0|0|1|0
[You] Draw 1 Don
RZ1|119|1|Don|5|0|5|0|1|1|1|0|0
RZ1|CHK|119|1|41|5|0|4|9|1|0|0|1|0
[You] Deploy Doc Q ["OP16-109">OP16-109]
RZ1|120|1|OP16-109|1|1|2|0|1|1|0|0|0
RZ1|CHK|120|1|41|4|1|4|9|1|0|0|1|0
[] Hand: [OP09-096,OP06-115,OP16-119,OP09-093]
[] Board: [OP16-109]
[] Trash: []
[] Life: 4
[] Hand: [OP17-052,OP17-042,OP17-054,OP17-052,OP17-040]
[] Trash: []
[] Board: []
[] Life: 5
[You] End Turn
[] Hand: [OP17-052,OP17-042,OP17-054,OP17-052,OP17-040]
[] Board: []
[] Trash: []
[] Life: 5
[] Hand: [OP09-096,OP06-115,OP16-119,OP09-093]
[] Trash: []
[] Board: [OP16-109]
[] Life: 4
[Opponent] Draw 1 Card
[] Drew card from deck: Captain John ["OP17-044">OP17-044]
RZ1|121|2|OP17-044|0|39|1|5|1|1|0|0|0
RZ1|CHK|121|2|39|6|0|5|10|0|0|0|1|0
RZ1|122|2|Don|4|9|5|0|1|1|0|0|0
RZ1|CHK|122|2|39|6|0|5|9|1|0|0|1|0
RZ1|123|2|Don|4|8|5|1|1|1|0|0|0
RZ1|CHK|123|2|39|6|0|5|8|2|0|0|1|0
[Opponent] Draw 2 Don
[Opponent] Attach 1 Don to Rocks D. Xebec ["OP17-039">OP17-039] (1 Total)
RZ1|124|2|Don|5|1|9|9900|1|1|0|0|0
RZ1|CHK|124|2|39|6|0|5|8|1|0|0|1|1
[] Hand: [OP17-052,OP17-042,OP17-054,OP17-052,OP17-040,OP17-044]
[] Board: []
[] Trash: []
[] Life: 5
[] Hand: [OP09-096,OP06-115,OP16-119,OP09-093]
[] Trash: []
[] Board: [OP16-109]
[] Life: 4
[Opponent] End Turn
[] Hand: [OP09-096,OP06-115,OP16-119,OP09-093]
[] Board: [OP16-109]
[] Trash: []
[] Life: 4
[] Hand: [OP17-052,OP17-042,OP17-054,OP17-052,OP17-040,OP17-044]
[] Trash: []
[] Board: []
[] Life: 5
[You] Draw 1 Card
[] Drew card from deck: Borsalino ["EB04-058">EB04-058]
RZ1|125|1|EB04-058|0|40|1|4|1|1|0|0|0
RZ1|CHK|125|1|40|5|1|4|9|1|0|0|1|0
RZ1|126|1|Don|4|8|5|1|1|1|0|0|0
RZ1|CHK|126|1|40|5|1|4|8|2|0|0|1|0
RZ1|127|1|Don|4|7|5|2|1|1|0|0|0
RZ1|CHK|127|1|40|5|1|4|7|3|0|0|1|0
[You] Draw 2 Don
[You] Marshall D. Teach ["OP16-080">OP16-080] attacking Rocks D. Xebec ["OP17-039">OP17-039]
Marshall D. Teach ["OP16-080">OP16-080][5000] vs Rocks D. Xebec ["OP17-039">OP17-039][5000]
Rocks D. Xebec ["OP17-039">OP17-039] hit for 1 damage
RZ1|128|2|OP17-053|3|4|1|6|1|1|0|0|0
RZ1|CHK|128|2|39|7|0|4|8|1|0|0|1|1
[You] This is MY AGE!!!! ["OP09-096">OP09-096]: Rest 1 Don
RZ1|129|1|Don|5|0|5|0|1|1|1|0|0
RZ1|CHK|129|1|40|5|1|4|7|3|0|0|1|0
RZ1|130|1|OP09-096|1|0|6|0|1|1|0|0|0
RZ1|CHK|130|1|40|4|1|4|7|3|1|0|1|0
RZ1|131|1|OP09-086|0|37|1|4|1|1|0|0|0
RZ1|CHK|131|1|39|5|1|4|7|3|1|0|1|0
[You] This is MY AGE!!!! ["OP09-096">OP09-096]: <b>Reveal and Draw Jesus Burgess ["OP09-086">OP09-086]</b>
[You] This is MY AGE!!!! ["OP09-096">OP09-096]: Trash 2 Remaining Cards
RZ1|132|1|EB04-058|0|38|6|1|1|1|0|0|0
RZ1|CHK|132|1|38|5|1|4|7|3|2|0|1|0
RZ1|133|1|OP09-096|0|37|6|2|1|1|0|0|0
RZ1|CHK|133|1|37|5|1|4|7|3|3|0|1|0
[] Hand: [OP06-115,OP16-119,OP09-093,EB04-058,OP09-086]
[] Board: [OP16-109]
[] Trash: [OP09-096,EB04-058,OP09-096]
[] Life: 4
[] Hand: [OP17-052,OP17-042,OP17-054,OP17-052,OP17-040,OP17-044,OP17-053]
[] Trash: []
[] Board: []
[] Life: 4
[You] End Turn
[] Hand: [OP17-052,OP17-042,OP17-054,OP17-052,OP17-040,OP17-044,OP17-053]
[] Board: []
[] Trash: []
[] Life: 4
[] Hand: [OP06-115,OP16-119,OP09-093,EB04-058,OP09-086]
[] Trash: [OP09-096,EB04-058,OP09-096]
[] Board: [OP16-109]
[] Life: 4
RZ1|134|2|Don|9|9900|5|0|1|1|1|0|0
RZ1|CHK|134|2|39|7|0|4|8|2|0|0|1|0
[Opponent] Draw 1 Card
[] Drew card from deck: Rocks Pirates ["OP17-056">OP17-056]
RZ1|135|2|OP17-056|0|38|1|7|1|1|0|0|0
RZ1|CHK|135|2|38|8|0|4|8|2|0|0|1|0
RZ1|136|2|Don|4|7|5|2|1|1|0|0|0
RZ1|CHK|136|2|38|8|0|4|7|3|0|0|1|0
RZ1|137|2|Don|4|6|5|3|1|1|0|0|0
RZ1|CHK|137|2|38|8|0|4|6|4|0|0|1|0
[Opponent] Draw 2 Don
RZ1|138|2|Don|5|0|5|0|1|1|1|0|0
RZ1|CHK|138|2|38|8|0|4|6|4|0|0|1|0
RZ1|139|2|Don|5|1|5|1|1|1|1|0|0
RZ1|CHK|139|2|38|8|0|4|6|4|0|0|1|0
RZ1|140|2|Don|5|2|5|2|1|1|1|0|0
RZ1|CHK|140|2|38|8|0|4|6|4|0|0|1|0
RZ1|141|2|Don|5|3|5|3|1|1|1|0|0
RZ1|CHK|141|2|38|8|0|4|6|4|0|0|1|0
[Opponent] Deploy Captain John ["OP17-044">OP17-044]
RZ1|142|2|OP17-044|1|5|2|0|1|1|0|0|0
RZ1|CHK|142|2|38|7|1|4|6|4|0|0|1|0
[] Drew card from deck: Captain John ["OP17-044">OP17-044]
RZ1|143|2|OP17-044|0|37|1|7|1|1|0|0|0
RZ1|CHK|143|2|37|8|1|4|6|4|0|0|1|0
[Opponent] Captain John ["OP17-044">OP17-044]: Draw 1 Card
[Opponent] Captain John ["OP17-044">OP17-044]: Rest Captain John ["OP17-044">OP17-044]
RZ1|144|2|OP17-053|1|5|6|0|1|1|0|0|0
RZ1|CHK|144|2|37|7|1|4|6|4|1|0|1|0
[Opponent] Captain John ["OP17-044">OP17-044]: Trash Barbell ["OP17-053">OP17-053]
[Opponent] Rocks D. Xebec ["OP17-039">OP17-039] attacking Marshall D. Teach ["OP16-080">OP16-080]
RZ1|145|2|OP17-044|1|6|6|1|1|1|0|0|0
RZ1|CHK|145|2|37|6|1|4|6|4|2|0|1|0
[Opponent] Rocks D. Xebec ["OP17-039">OP17-039]: Trash Captain John ["OP17-044">OP17-044]
RZ1|146|2|OP17-049|0|36|0|36|0|0|0|0|0
RZ1|CHK|146|2|37|6|1|4|6|4|2|0|1|0
[Opponent] Rocks D. Xebec ["OP17-039">OP17-039] revealed: Charlotte Linlin ["OP17-049">OP17-049]
[] Drew card from deck: Charlotte Linlin ["OP17-049">OP17-049]
RZ1|147|2|OP17-049|0|36|1|6|1|1|0|0|0
RZ1|CHK|147|2|36|7|1|4|6|4|2|0|1|0
[] Drew card from deck: Rocks D. Xebec ["OP17-118">OP17-118]
RZ1|148|2|OP17-118|0|35|1|7|1|1|0|0|0
RZ1|CHK|148|2|35|8|1|4|6|4|2|0|1|0
[Opponent] Rocks D. Xebec ["OP17-039">OP17-039]: Draw 2 Card
[You] You're the one who should disappear! ["OP06-115">OP06-115]: Activate Counter
RZ1|149|1|OP06-115|1|0|6|3|1|1|0|0|0
RZ1|CHK|149|1|37|4|1|4|7|3|4|0|1|0
RZ1|150|1|OP09-086|1|3|6|4|1|1|0|0|0
RZ1|CHK|150|1|37|3|1|4|7|3|5|0|1|0
[You] You're the one who should disappear! ["OP06-115">OP06-115]: Trash Jesus Burgess ["OP09-086">OP09-086]
[You] You're the one who should disappear! ["OP06-115">OP06-115]: Buff Marshall D. Teach ["OP16-080">OP16-080] 3000 for the Combat
Rocks D. Xebec ["OP17-039">OP17-039][5000] vs Marshall D. Teach ["OP16-080">OP16-080][8000]
Attack Fails
[] Hand: [OP17-052,OP17-042,OP17-054,OP17-052,OP17-040,OP17-056,OP17-049,OP17-118]
[] Board: [OP17-044]
[] Trash: [OP17-053,OP17-044]
[] Life: 4
[] Hand: [OP16-119,OP09-093,EB04-058]
[] Trash: [OP09-096,EB04-058,OP09-096,OP06-115,OP09-086]
[] Board: [OP16-109]
[] Life: 4
[Opponent] End Turn
[] Hand: [OP16-119,OP09-093,EB04-058]
[] Board: [OP16-109]
[] Trash: [OP09-096,EB04-058,OP09-096,OP06-115,OP09-086]
[] Life: 4
[] Hand: [OP17-052,OP17-042,OP17-054,OP17-052,OP17-040,OP17-056,OP17-049,OP17-118]
[] Trash: [OP17-053,OP17-044]
[] Board: [OP17-044]
[] Life: 4
[You] Draw 1 Card
[] Drew card from deck: Catarina Devon ["OP16-104">OP16-104]
RZ1|151|1|OP16-104|0|36|1|3|1|1|0|0|0
RZ1|CHK|151|1|36|4|1|4|7|3|5|0|1|0
RZ1|152|1|Don|4|6|5|3|1|1|0|0|0
RZ1|CHK|152|1|36|4|1|4|6|4|5|0|1|0
RZ1|153|1|Don|4|5|5|4|1|1|0|0|0
RZ1|CHK|153|1|36|4|1|4|5|5|5|0|1|0
[You] Draw 2 Don
RZ1|154|1|Don|5|0|9|9900|1|1|0|0|0
RZ1|CHK|154|1|36|4|1|4|5|4|5|0|1|1
[You] Attach 1 Don to Marshall D. Teach ["OP16-080">OP16-080] (1 Total)
[You] Marshall D. Teach ["OP16-080">OP16-080] attacking Captain John ["OP17-044">OP17-044]
[Opponent] Rocks Pirates ["OP17-056">OP17-056]: Activate Counter
RZ1|155|2|OP17-056|1|5|6|2|1|1|0|0|0
RZ1|CHK|155|2|35|7|1|4|6|4|3|0|1|0
[Opponent] Rocks Pirates ["OP17-056">OP17-056]: Buff Captain John ["OP17-044">OP17-044] 2000 for the Combat
Marshall D. Teach ["OP16-080">OP16-080][6000] vs Captain John ["OP17-044">OP17-044][8000]
Attack Fails
RZ1|156|1|Don|5|0|5|0|1|1|1|0|0
RZ1|CHK|156|1|36|4|1|4|5|4|5|0|1|1
RZ1|157|1|Don|5|1|5|1|1|1|1|0|0
RZ1|CHK|157|1|36|4|1|4|5|4|5|0|1|1
RZ1|158|1|Don|5|2|5|2|1|1|1|0|0
RZ1|CHK|158|1|36|4|1|4|5|4|5|0|1|1
RZ1|159|1|Don|5|3|5|3|1|1|1|0|0
RZ1|CHK|159|1|36|4|1|4|5|4|5|0|1|1
[You] Deploy Catarina Devon ["OP16-104">OP16-104]
RZ1|160|1|OP16-104|1|3|2|1|1|1|0|0|0
RZ1|CHK|160|1|36|3|2|4|5|4|5|0|1|1
[] Hand: [OP16-119,OP09-093,EB04-058]
[] Board: [OP16-109,OP16-104]
[] Trash: [OP09-096,EB04-058,OP09-096,OP06-115,OP09-086]
[] Life: 4
[] Hand: [OP17-052,OP17-042,OP17-054,OP17-052,OP17-040,OP17-049,OP17-118]
[] Trash: [OP17-053,OP17-044,OP17-056]
[] Board: [OP17-044]
[] Life: 4
[You] End Turn
[] Hand: [OP17-052,OP17-042,OP17-054,OP17-052,OP17-040,OP17-049,OP17-118]
[] Board: [OP17-044]
[] Trash: [OP17-053,OP17-044,OP17-056]
[] Life: 4
[] Hand: [OP16-119,OP09-093,EB04-058]
[] Trash: [OP09-096,EB04-058,OP09-096,OP06-115,OP09-086]
[] Board: [OP16-109,OP16-104]
[] Life: 4
[Opponent] Draw 1 Card
[] Drew card from deck: Fullalead ["OP17-057">OP17-057]
RZ1|161|2|OP17-057|0|34|1|7|1|1|0|0|0
RZ1|CHK|161|2|34|8|1|4|6|4|3|0|1|0
RZ1|162|2|Don|4|5|5|4|1|1|0|0|0
RZ1|CHK|162|2|34|8|1|4|5|5|3|0|1|0
RZ1|163|2|Don|4|4|5|5|1|1|0|0|0
RZ1|CHK|163|2|34|8|1|4|4|6|3|0|1|0
[Opponent] Draw 2 Don
RZ1|164|2|Don|5|0|5|0|1|1|1|0|0
RZ1|CHK|164|2|34|8|1|4|4|6|3|0|1|0
[Opponent] Deploy Fullalead ["OP17-057">OP17-057]
RZ1|165|2|OP17-057|1|7|7|0|1|1|0|0|0
RZ1|CHK|165|2|34|7|1|4|4|6|3|1|1|0
RZ1|166|2|Don|5|1|5|1|1|1|1|0|0
RZ1|CHK|166|2|34|7|1|4|4|6|3|1|1|0
RZ1|167|2|Don|5|2|5|2|1|1|1|0|0
RZ1|CHK|167|2|34|7|1|4|4|6|3|1|1|0
RZ1|168|2|Don|5|3|5|3|1|1|1|0|0
RZ1|CHK|168|2|34|7|1|4|4|6|3|1|1|0
RZ1|169|2|Don|5|4|5|4|1|1|1|0|0
RZ1|CHK|169|2|34|7|1|4|4|6|3|1|1|0
RZ1|170|2|Don|5|5|5|5|1|1|1|0|0
RZ1|CHK|170|2|34|7|1|4|4|6|3|1|1|0
[Opponent] Deploy Charlotte Linlin ["OP17-049">OP17-049]
RZ1|171|2|OP17-049|1|5|2|1|1|1|0|0|0
RZ1|CHK|171|2|34|6|2|4|4|6|3|1|1|0
[Opponent] Forcing opponent to resolve Card Action!
RZ1|172|1|EB04-058|1|2|6|5|1|1|0|0|0
RZ1|CHK|172|1|36|2|2|4|5|4|6|0|1|1
[You] Charlotte Linlin ["OP17-049">OP17-049]: Trash Borsalino ["EB04-058">EB04-058]
RZ1|173|1|OP09-093|1|1|6|6|1|1|0|0|0
RZ1|CHK|173|1|36|1|2|4|5|4|7|0|1|1
[You] Charlotte Linlin ["OP17-049">OP17-049]: Trash Marshall D. Teach ["OP09-093">OP09-093]
[Opponent] Captain John ["OP17-044">OP17-044] attacking Marshall D. Teach ["OP16-080">OP16-080]
Captain John ["OP17-044">OP17-044][6000] vs Marshall D. Teach ["OP16-080">OP16-080][5000]
Marshall D. Teach ["OP16-080">OP16-080] hit for 1 damage
RZ1|174|1|EB04-058|3|3|1|1|1|1|0|0|0
RZ1|CHK|174|1|36|2|2|3|5|4|7|0|1|1
[Opponent] Rocks D. Xebec ["OP17-039">OP17-039] attacking Marshall D. Teach ["OP16-080">OP16-080]
RZ1|175|2|OP17-052|1|3|6|3|1|1|0|0|0
RZ1|CHK|175|2|34|5|2|4|4|6|4|1|1|0
[Opponent] Rocks D. Xebec ["OP17-039">OP17-039]: Trash Don Marlon ["OP17-052">OP17-052]
RZ1|176|2|OP17-054|0|33|0|33|0|0|0|0|0
RZ1|CHK|176|2|34|5|2|4|4|6|4|1|1|0
[Opponent] Rocks D. Xebec ["OP17-039">OP17-039] revealed: Stussy ["OP17-054">OP17-054]
[] Drew card from deck: Stussy ["OP17-054">OP17-054]
RZ1|177|2|OP17-054|0|33|1|5|1|1|0|0|0
RZ1|CHK|177|2|33|6|2|4|4|6|4|1|1|0
[] Drew card from deck: Gloriosa ["OP17-046">OP17-046]
RZ1|178|2|OP17-046|0|32|1|6|1|1|0|0|0
RZ1|CHK|178|2|32|7|2|4|4|6|4|1|1|0
[Opponent] Rocks D. Xebec ["OP17-039">OP17-039]: Draw 2 Card
[You] Discard Borsalino ["EB04-058">EB04-058] for Counter 1000
RZ1|179|1|EB04-058|1|1|6|7|1|1|0|0|0
RZ1|CHK|179|1|36|1|2|3|5|4|8|0|1|1
Rocks D. Xebec ["OP17-039">OP17-039][5000] vs Marshall D. Teach ["OP16-080">OP16-080][6000]
Attack Fails
[] Hand: [OP17-052,OP17-042,OP17-054,OP17-040,OP17-118,OP17-054,OP17-046]
[] Board: [OP17-044,OP17-049]
[] Trash: [OP17-053,OP17-044,OP17-056,OP17-052]
[] Life: 4
[] Hand: [OP16-119]
[] Trash: [OP09-096,EB04-058,OP09-096,OP06-115,OP09-086,EB04-058,OP09-093,EB04-058]
[] Board: [OP16-109,OP16-104]
[] Life: 3
[Opponent] End Turn
[] Hand: [OP16-119]
[] Board: [OP16-109,OP16-104]
[] Trash: [OP09-096,EB04-058,OP09-096,OP06-115,OP09-086,EB04-058,OP09-093,EB04-058]
[] Life: 3
[] Hand: [OP17-052,OP17-042,OP17-054,OP17-040,OP17-118,OP17-054,OP17-046]
[] Trash: [OP17-053,OP17-044,OP17-056,OP17-052]
[] Board: [OP17-044,OP17-049]
[] Life: 4
RZ1|180|1|Don|9|9900|5|0|1|1|1|0|0
RZ1|CHK|180|1|36|1|2|3|5|5|8|0|1|0
[You] Draw 1 Card
[] Drew card from deck: Doc Q ["OP16-109">OP16-109]
RZ1|181|1|OP16-109|0|35|1|1|1|1|0|0|0
RZ1|CHK|181|1|35|2|2|3|5|5|8|0|1|0
RZ1|182|1|Don|4|4|5|5|1|1|0|0|0
RZ1|CHK|182|1|35|2|2|3|4|6|8|0|1|0
RZ1|183|1|Don|4|3|5|6|1|1|0|0|0
RZ1|CHK|183|1|35|2|2|3|3|7|8|0|1|0
[You] Draw 2 Don
[You] Catarina Devon ["OP16-104">OP16-104] attacking Captain John ["OP17-044">OP17-044]
[You] Catarina Devon ["OP16-104">OP16-104]: Buff Self 4000
RZ1|184|2|OP17-042|1|1|6|4|1|1|0|0|0
RZ1|CHK|184|2|32|6|2|4|4|6|5|1|1|0
[Opponent] Charlotte Linlin ["OP17-049">OP17-049]: Trash Kaido ["OP17-042">OP17-042]
[Opponent] Charlotte Linlin ["OP17-049">OP17-049]: Buff Captain John ["OP17-044">OP17-044] 1000 for the Combat
[Opponent] Fullalead ["OP17-057">OP17-057]: Rest Fullalead ["OP17-057">OP17-057]
RZ1|185|2|OP17-054|1|1|6|5|1|1|0|0|0
RZ1|CHK|185|2|32|5|2|4|4|6|6|1|1|0
[Opponent] Fullalead ["OP17-057">OP17-057]: Trash Stussy ["OP17-054">OP17-054]
[Opponent] Fullalead ["OP17-057">OP17-057]: Buff Captain John ["OP17-044">OP17-044] 1000 for the Combat
Catarina Devon ["OP16-104">OP16-104][7000] vs Captain John ["OP17-044">OP17-044][8000]
Attack Fails
RZ1|186|1|Don|5|0|9|9900|1|1|0|0|0
RZ1|CHK|186|1|35|2|2|3|3|6|8|0|1|1
[You] Attach 1 Don to Marshall D. Teach ["OP16-080">OP16-080] (1 Total)
[You] Marshall D. Teach ["OP16-080">OP16-080] attacking Captain John ["OP17-044">OP17-044]
Marshall D. Teach ["OP16-080">OP16-080][6000] vs Captain John ["OP17-044">OP17-044][6000]
[Opponent] Captain John ["OP17-044">OP17-044] Destroyed
RZ1|187|2|OP17-044|2|0|6|6|1|1|0|0|0
RZ1|CHK|187|2|32|5|1|4|4|6|7|1|1|0
RZ1|188|1|Don|5|0|9|0|1|1|0|0|0
RZ1|CHK|188|1|35|2|2|3|3|5|8|0|1|2
RZ1|189|1|Don|5|0|9|1|1|1|0|0|0
RZ1|CHK|189|1|35|2|2|3|3|4|8|0|1|3
RZ1|190|1|Don|5|0|9|2|1|1|0|0|0
RZ1|CHK|190|1|35|2|2|3|3|3|8|0|1|4
RZ1|191|1|Don|5|0|9|3|1|1|0|0|0
RZ1|CHK|191|1|35|2|2|3|3|2|8|0|1|5
RZ1|192|1|Don|5|0|9|4|1|1|0|0|0
RZ1|CHK|192|1|35|2|2|3|3|1|8|0|1|6
[You] Attach 5 Don to Doc Q ["OP16-109">OP16-109] (5 Total)
[You] Doc Q ["OP16-109">OP16-109] attacking Rocks D. Xebec ["OP17-039">OP17-039]
Doc Q ["OP16-109">OP16-109][5000] vs Rocks D. Xebec ["OP17-039">OP17-039][5000]
Rocks D. Xebec ["OP17-039">OP17-039] hit for 1 damage
RZ1|193|2|OP17-046|3|3|1|5|1|1|0|0|0
RZ1|CHK|193|2|32|6|1|3|4|6|7|1|1|0
[] Hand: [OP16-119,OP16-109]
[] Board: [OP16-109,OP16-104]
[] Trash: [OP09-096,EB04-058,OP09-096,OP06-115,OP09-086,EB04-058,OP09-093,EB04-058]
[] Life: 3
[] Hand: [OP17-052,OP17-040,OP17-118,OP17-054,OP17-046,OP17-046]
[] Trash: [OP17-053,OP17-044,OP17-056,OP17-052,OP17-042,OP17-054,OP17-044]
[] Board: [OP17-049]
[] Life: 3
[You] End Turn
[] Hand: [OP17-052,OP17-040,OP17-118,OP17-054,OP17-046,OP17-046]
[] Board: [OP17-049]
[] Trash: [OP17-053,OP17-044,OP17-056,OP17-052,OP17-042,OP17-054,OP17-044]
[] Life: 3
[] Hand: [OP16-119,OP16-109]
[] Trash: [OP09-096,EB04-058,OP09-096,OP06-115,OP09-086,EB04-058,OP09-093,EB04-058]
[] Board: [OP16-109,OP16-104]
[] Life: 3
[Opponent] Draw 1 Card
[] Drew card from deck: There's No Authority in the World ["OP17-055">OP17-055]
RZ1|194|2|OP17-055|0|31|1|6|1|1|0|0|0
RZ1|CHK|194|2|31|7|1|3|4|6|7|1|1|0
RZ1|195|2|Don|4|3|5|6|1|1|0|0|0
RZ1|CHK|195|2|31|7|1|3|3|7|7|1|1|0
RZ1|196|2|Don|4|2|5|7|1|1|0|0|0
RZ1|CHK|196|2|31|7|1|3|2|8|7|1|1|0
[Opponent] Draw 2 Don
RZ1|197|2|Don|5|0|5|0|1|1|1|0|0
RZ1|CHK|197|2|31|7|1|3|2|8|7|1|1|0
RZ1|198|2|Don|5|1|5|1|1|1|1|0|0
RZ1|CHK|198|2|31|7|1|3|2|8|7|1|1|0
RZ1|199|2|Don|5|2|5|2|1|1|1|0|0
RZ1|CHK|199|2|31|7|1|3|2|8|7|1|1|0
RZ1|200|2|Don|5|3|5|3|1|1|1|0|0
RZ1|CHK|200|2|31|7|1|3|2|8|7|1|1|0
RZ1|201|2|Don|5|4|5|4|1|1|1|0|0
RZ1|CHK|201|2|31|7|1|3|2|8|7|1|1|0
RZ1|202|2|Don|5|5|5|5|1|1|1|0|0
RZ1|CHK|202|2|31|7|1|3|2|8|7|1|1|0
[Opponent] Deploy Edward Newgate ["OP17-040">OP17-040]
RZ1|203|2|OP17-040|1|1|2|1|1|1|0|0|0
RZ1|CHK|203|2|31|6|2|3|2|8|7|1|1|0
[] Drew card from deck: Ganzui ["OP17-043">OP17-043]
RZ1|204|2|OP17-043|0|30|1|6|1|1|0|0|0
RZ1|CHK|204|2|30|7|2|3|2|8|7|1|1|0
[Opponent] Edward Newgate ["OP17-040">OP17-040]: Draw 1 Card
[Opponent] Attach 1 Don to Charlotte Linlin ["OP17-049">OP17-049] (1 Total)
RZ1|205|2|Don|5|7|9|0|1|1|0|0|0
RZ1|CHK|205|2|30|7|2|3|2|7|7|1|1|1
[Opponent] Charlotte Linlin ["OP17-049">OP17-049] attacking Marshall D. Teach ["OP16-080">OP16-080]
Charlotte Linlin ["OP17-049">OP17-049][8000] vs Marshall D. Teach ["OP16-080">OP16-080][5000]
Marshall D. Teach ["OP16-080">OP16-080] hit for 1 damage
RZ1|206|1|OP16-119|3|2|1|2|1|1|0|0|0
RZ1|CHK|206|1|35|3|2|2|3|1|8|0|1|6
[You] Marshall D. Teach ["OP16-119">OP16-119]: Activate Trigger
RZ1|207|1|OP16-119|1|2|6|8|1|1|0|0|0
RZ1|CHK|207|1|35|2|2|2|3|1|9|0|1|6
[You] Marshall D. Teach ["OP16-119">OP16-119]: Nullify effects of Charlotte Linlin ["OP17-049">OP17-049]
[You] Marshall D. Teach ["OP16-119">OP16-119]: Destroy Charlotte Linlin ["OP17-049">OP17-049]
RZ1|208|2|Don|9|0|5|0|1|1|1|0|0
RZ1|CHK|208|2|30|7|2|3|2|8|7|1|1|0
RZ1|209|2|OP17-049|2|0|6|7|1|1|0|0|0
RZ1|CHK|209|2|30|7|1|3|2|8|8|1|1|0
[Opponent] Attach 1 Don to Rocks D. Xebec ["OP17-039">OP17-039] (1 Total)
RZ1|210|2|Don|5|7|9|9900|1|1|0|0|0
RZ1|CHK|210|2|30|7|1|3|2|7|8|1|1|1
[Opponent] Rocks D. Xebec ["OP17-039">OP17-039] attacking Marshall D. Teach ["OP16-080">OP16-080]
RZ1|211|2|OP17-043|1|6|6|8|1|1|0|0|0
RZ1|CHK|211|2|30|6|1|3|2|7|9|1|1|1
[Opponent] Rocks D. Xebec ["OP17-039">OP17-039]: Trash Ganzui ["OP17-043">OP17-043]
RZ1|212|2|OP17-048|0|29|0|29|0|0|0|0|0
RZ1|CHK|212|2|30|6|1|3|2|7|9|1|1|1
[Opponent] Rocks D. Xebec ["OP17-039">OP17-039] revealed: Shiki ["OP17-048">OP17-048]
[] Drew card from deck: Shiki ["OP17-048">OP17-048]
RZ1|213|2|OP17-048|0|29|1|6|1|1|0|0|0
RZ1|CHK|213|2|29|7|1|3|2|7|9|1|1|1
[] Drew card from deck: Stussy ["OP17-054">OP17-054]
RZ1|214|2|OP17-054|0|28|1|7|1|1|0|0|0
RZ1|CHK|214|2|28|8|1|3|2|7|9|1|1|1
[Opponent] Rocks D. Xebec ["OP17-039">OP17-039]: Draw 2 Card
[You] Discard Doc Q ["OP16-109">OP16-109] for Counter 2000
RZ1|215|1|OP16-109|1|1|6|9|1|1|0|0|0
RZ1|CHK|215|1|35|1|2|2|3|1|10|0|1|6
Rocks D. Xebec ["OP17-039">OP17-039][6000] vs Marshall D. Teach ["OP16-080">OP16-080][7000]
Attack Fails
[] Hand: [OP17-052,OP17-118,OP17-054,OP17-046,OP17-046,OP17-055,OP17-048,OP17-054]
[] Board: [OP17-040]
[] Trash: [OP17-053,OP17-044,OP17-056,OP17-052,OP17-042,OP17-054,OP17-044,OP17-049,OP17-043]
[] Life: 3
[] Hand: [OP16-119]
[] Trash: [OP09-096,EB04-058,OP09-096,OP06-115,OP09-086,EB04-058,OP09-093,EB04-058,OP16-119,OP16-109]
[] Board: [OP16-109,OP16-104]
[] Life: 2
[Opponent] End Turn
[] Hand: [OP16-119]
[] Board: [OP16-109,OP16-104]
[] Trash: [OP09-096,EB04-058,OP09-096,OP06-115,OP09-086,EB04-058,OP09-093,EB04-058,OP16-119,OP16-109]
[] Life: 2
[] Hand: [OP17-052,OP17-118,OP17-054,OP17-046,OP17-046,OP17-055,OP17-048,OP17-054]
[] Trash: [OP17-053,OP17-044,OP17-056,OP17-052,OP17-042,OP17-054,OP17-044,OP17-049,OP17-043]
[] Board: [OP17-040]
[] Life: 3
RZ1|216|1|Don|9|9900|5|0|1|1|1|0|0
RZ1|CHK|216|1|35|1|2|2|3|2|10|0|1|5
RZ1|217|1|Don|9|0|5|0|1|1|1|0|0
RZ1|CHK|217|1|35|1|2|2|3|3|10|0|1|4
RZ1|218|1|Don|9|0|5|0|1|1|1|0|0
RZ1|CHK|218|1|35|1|2|2|3|4|10|0|1|3
RZ1|219|1|Don|9|0|5|0|1|1|1|0|0
RZ1|CHK|219|1|35|1|2|2|3|5|10|0|1|2
RZ1|220|1|Don|9|0|5|0|1|1|1|0|0
RZ1|CHK|220|1|35|1|2|2|3|6|10|0|1|1
RZ1|221|1|Don|9|0|5|0|1|1|1|0|0
RZ1|CHK|221|1|35|1|2|2|3|7|10|0|1|0
[You] Draw 1 Card
[] Drew card from deck: Baby 5 ["OP12-112">OP12-112]
RZ1|222|1|OP12-112|0|34|1|1|1|1|0|0|0
RZ1|CHK|222|1|34|2|2|2|3|7|10|0|1|0
RZ1|223|1|Don|4|2|5|7|1|1|0|0|0
RZ1|CHK|223|1|34|2|2|2|2|8|10|0|1|0
RZ1|224|1|Don|4|1|5|8|1|1|0|0|0
RZ1|CHK|224|1|34|2|2|2|1|9|10|0|1|0
[You] Draw 2 Don
[You] Catarina Devon ["OP16-104">OP16-104] attacking Rocks D. Xebec ["OP17-039">OP17-039]
[You] Catarina Devon ["OP16-104">OP16-104]: Buff Self 5000
RZ1|225|2|OP17-046|1|4|6|9|1|1|0|0|0
RZ1|CHK|225|2|28|7|1|3|2|7|10|1|1|1
[Opponent] Edward Newgate ["OP17-040">OP17-040]: Trash Gloriosa ["OP17-046">OP17-046]
[Opponent] Edward Newgate ["OP17-040">OP17-040]: Buff Rocks D. Xebec ["OP17-039">OP17-039] 3000 for the Combat
[Opponent] Fullalead ["OP17-057">OP17-057]: Rest Fullalead ["OP17-057">OP17-057]
RZ1|226|2|OP17-054|1|6|6|10|1|1|0|0|0
RZ1|CHK|226|2|28|6|1|3|2|7|11|1|1|1
[Opponent] Fullalead ["OP17-057">OP17-057]: Trash Stussy ["OP17-054">OP17-054]
[Opponent] Fullalead ["OP17-057">OP17-057]: Buff Rocks D. Xebec ["OP17-039">OP17-039] 1000 for the Combat
Catarina Devon ["OP16-104">OP16-104][8000] vs Rocks D. Xebec ["OP17-039">OP17-039][9000]
Attack Fails
[You] Marshall D. Teach ["OP16-080">OP16-080] attacking Rocks D. Xebec ["OP17-039">OP17-039]
Marshall D. Teach ["OP16-080">OP16-080][5000] vs Rocks D. Xebec ["OP17-039">OP17-039][5000]
Rocks D. Xebec ["OP17-039">OP17-039] hit for 1 damage
RZ1|227|2|OP17-050|3|2|1|6|1|1|0|0|0
RZ1|CHK|227|2|28|7|1|2|2|7|11|1|1|1
RZ1|228|1|Don|5|0|9|0|1|1|0|0|0
RZ1|CHK|228|1|34|2|2|2|1|8|10|0|1|1
RZ1|229|1|Don|5|0|9|1|1|1|0|0|0
RZ1|CHK|229|1|34|2|2|2|1|7|10|0|1|2
RZ1|230|1|Don|5|0|9|2|1|1|0|0|0
RZ1|CHK|230|1|34|2|2|2|1|6|10|0|1|3
RZ1|231|1|Don|5|0|9|3|1|1|0|0|0
RZ1|CHK|231|1|34|2|2|2|1|5|10|0|1|4
RZ1|232|1|Don|5|0|9|4|1|1|0|0|0
RZ1|CHK|232|1|34|2|2|2|1|4|10|0|1|5
[You] Attach 5 Don to Doc Q ["OP16-109">OP16-109] (5 Total)
RZ1|233|1|Don|5|0|5|0|1|1|1|0|0
RZ1|CHK|233|1|34|2|2|2|1|4|10|0|1|5
RZ1|234|1|Don|5|1|5|1|1|1|1|0|0
RZ1|CHK|234|1|34|2|2|2|1|4|10|0|1|5
RZ1|235|1|Don|5|2|5|2|1|1|1|0|0
RZ1|CHK|235|1|34|2|2|2|1|4|10|0|1|5
RZ1|236|1|Don|5|3|5|3|1|1|1|0|0
RZ1|CHK|236|1|34|2|2|2|1|4|10|0|1|5
[You] Deploy Baby 5 ["OP12-112">OP12-112]
RZ1|237|1|OP12-112|1|1|2|2|1|1|0|0|0
RZ1|CHK|237|1|34|1|3|2|1|4|10|0|1|5
[You] Doc Q ["OP16-109">OP16-109] attacking Rocks D. Xebec ["OP17-039">OP17-039]
Doc Q ["OP16-109">OP16-109][5000] vs Rocks D. Xebec ["OP17-039">OP17-039][5000]
Rocks D. Xebec ["OP17-039">OP17-039] hit for 1 damage
RZ1|238|2|OP17-048|3|1|1|7|1|1|0|0|0
RZ1|CHK|238|2|28|8|1|1|2|7|11|1|1|1
[] Hand: [OP16-119]
[] Board: [OP16-109,OP16-104,OP12-112]
[] Trash: [OP09-096,EB04-058,OP09-096,OP06-115,OP09-086,EB04-058,OP09-093,EB04-058,OP16-119,OP16-109]
[] Life: 2
[] Hand: [OP17-052,OP17-118,OP17-054,OP17-046,OP17-055,OP17-048,OP17-050,OP17-048]
[] Trash: [OP17-053,OP17-044,OP17-056,OP17-052,OP17-042,OP17-054,OP17-044,OP17-049,OP17-043,OP17-046,OP17-054]
[] Board: [OP17-040]
[] Life: 1
[You] End Turn
[] Hand: [OP17-052,OP17-118,OP17-054,OP17-046,OP17-055,OP17-048,OP17-050,OP17-048]
[] Board: [OP17-040]
[] Trash: [OP17-053,OP17-044,OP17-056,OP17-052,OP17-042,OP17-054,OP17-044,OP17-049,OP17-043,OP17-046,OP17-054]
[] Life: 1
[] Hand: [OP16-119]
[] Trash: [OP09-096,EB04-058,OP09-096,OP06-115,OP09-086,EB04-058,OP09-093,EB04-058,OP16-119,OP16-109]
[] Board: [OP16-109,OP16-104,OP12-112]
[] Life: 2
RZ1|239|2|Don|9|9900|5|0|1|1|1|0|0
RZ1|CHK|239|2|28|8|1|1|2|8|11|1|1|0
[Opponent] Draw 1 Card
[] Drew card from deck: Don Marlon ["OP17-052">OP17-052]
RZ1|240|2|OP17-052|0|27|1|8|1|1|0|0|0
RZ1|CHK|240|2|27|9|1|1|2|8|11|1|1|0
RZ1|241|2|Don|4|1|5|8|1|1|0|0|0
RZ1|CHK|241|2|27|9|1|1|1|9|11|1|1|0
RZ1|242|2|Don|4|0|5|9|1|1|0|0|0
RZ1|CHK|242|2|27|9|1|1|0|10|11|1|1|0
[Opponent] Draw 2 Don
RZ1|243|2|Don|5|0|5|0|1|1|1|0|0
RZ1|CHK|243|2|27|9|1|1|0|10|11|1|1|0
RZ1|244|2|Don|5|1|5|1|1|1|1|0|0
RZ1|CHK|244|2|27|9|1|1|0|10|11|1|1|0
RZ1|245|2|Don|5|2|5|2|1|1|1|0|0
RZ1|CHK|245|2|27|9|1|1|0|10|11|1|1|0
RZ1|246|2|Don|5|3|5|3|1|1|1|0|0
RZ1|CHK|246|2|27|9|1|1|0|10|11|1|1|0
[Opponent] Deploy Gloriosa ["OP17-046">OP17-046]
RZ1|247|2|OP17-046|1|3|2|1|1|1|0|0|0
RZ1|CHK|247|2|27|8|2|1|0|10|11|1|1|0
[Opponent] Gloriosa ["OP17-046">OP17-046]: Send Baby 5 ["OP12-112">OP12-112] to Deck Bottom
RZ1|248|1|OP12-112|2|2|0|0|0|0|0|0|0
RZ1|CHK|248|1|35|1|2|2|1|4|10|0|1|5
[Opponent] Rocks D. Xebec ["OP17-039">OP17-039] attacking Doc Q ["OP16-109">OP16-109]
RZ1|249|2|OP17-052|1|7|6|11|1|1|0|0|0
RZ1|CHK|249|2|27|7|2|1|0|10|12|1|1|0
[Opponent] Rocks D. Xebec ["OP17-039">OP17-039]: Trash Don Marlon ["OP17-052">OP17-052]
RZ1|250|2|OP17-040|0|26|0|26|0|0|0|0|0
RZ1|CHK|250|2|27|7|2|1|0|10|12|1|1|0
[Opponent] Rocks D. Xebec ["OP17-039">OP17-039] revealed: Edward Newgate ["OP17-040">OP17-040]
[] Drew card from deck: Edward Newgate ["OP17-040">OP17-040]
RZ1|251|2|OP17-040|0|26|1|7|1|1|0|0|0
RZ1|CHK|251|2|26|8|2|1|0|10|12|1|1|0
[] Drew card from deck: Barbell ["OP17-053">OP17-053]
RZ1|252|2|OP17-053|0|25|1|8|1|1|0|0|0
RZ1|CHK|252|2|25|9|2|1|0|10|12|1|1|0
[Opponent] Rocks D. Xebec ["OP17-039">OP17-039]: Draw 2 Card
Rocks D. Xebec ["OP17-039">OP17-039][5000] vs Doc Q ["OP16-109">OP16-109][0]
[You] Doc Q ["OP16-109">OP16-109] Destroyed
RZ1|253|1|Don|9|0|5|0|1|1|1|0|0
RZ1|CHK|253|1|35|1|2|2|1|5|10|0|1|4
RZ1|254|1|Don|9|0|5|0|1|1|1|0|0
RZ1|CHK|254|1|35|1|2|2|1|6|10|0|1|3
RZ1|255|1|Don|9|0|5|0|1|1|1|0|0
RZ1|CHK|255|1|35|1|2|2|1|7|10|0|1|2
RZ1|256|1|Don|9|0|5|0|1|1|1|0|0
RZ1|CHK|256|1|35|1|2|2|1|8|10|0|1|1
RZ1|257|1|Don|9|0|5|0|1|1|1|0|0
RZ1|CHK|257|1|35|1|2|2|1|9|10|0|1|0
RZ1|258|1|OP16-109|2|0|6|10|1|1|0|0|0
RZ1|CHK|258|1|35|1|1|2|1|9|11|0|1|0
[] Drew card from deck: Baby 5 ["OP12-112">OP12-112]
RZ1|259|1|OP12-112|0|34|1|1|1|1|0|0|0
RZ1|CHK|259|1|34|2|1|2|1|9|11|0|1|0
[You] Doc Q ["OP16-109">OP16-109]: Draw 1 Card
RZ1|260|2|Don|5|4|5|4|1|1|1|0|0
RZ1|CHK|260|2|25|9|2|1|0|10|12|1|1|0
RZ1|261|2|Don|5|5|5|5|1|1|1|0|0
RZ1|CHK|261|2|25|9|2|1|0|10|12|1|1|0
RZ1|262|2|Don|5|6|5|6|1|1|1|0|0
RZ1|CHK|262|2|25|9|2|1|0|10|12|1|1|0
[Opponent] Deploy Stussy ["OP17-054">OP17-054]
RZ1|263|2|OP17-054|1|2|2|2|1|1|0|0|0
RZ1|CHK|263|2|25|8|3|1|0|10|12|1|1|0
[Opponent] Stussy ["OP17-054">OP17-054]: Catarina Devon ["OP16-104">OP16-104] can't attack next turn
RZ1|264|2|Don|5|7|5|7|1|1|1|0|0
RZ1|CHK|264|2|25|8|3|1|0|10|12|1|1|0
RZ1|265|2|Don|5|8|5|8|1|1|1|0|0
RZ1|CHK|265|2|25|8|3|1|0|10|12|1|1|0
RZ1|266|2|Don|5|9|5|9|1|1|1|0|0
RZ1|CHK|266|2|25|8|3|1|0|10|12|1|1|0
[Opponent] Deploy Don Marlon ["OP17-052">OP17-052]
RZ1|267|2|OP17-052|1|0|2|3|1|1|0|0|0
RZ1|CHK|267|2|25|7|4|1|0|10|12|1|1|0
[Opponent] <b>Draw Rocks Pirates ["OP17-056">OP17-056] from Trash</b>
RZ1|268|2|OP17-056|6|2|1|7|1|1|0|0|0
RZ1|CHK|268|2|25|8|4|1|0|10|11|1|1|0
[Opponent] Edward Newgate ["OP17-040">OP17-040] attacking Marshall D. Teach ["OP16-080">OP16-080]
Edward Newgate ["OP17-040">OP17-040][8000] vs Marshall D. Teach ["OP16-080">OP16-080][5000]
Marshall D. Teach ["OP16-080">OP16-080] hit for 1 damage
RZ1|269|1|OP09-096|3|1|1|2|1|1|0|0|0
RZ1|CHK|269|1|34|3|1|1|1|9|11|0|1|0
[You] This is MY AGE!!!! ["OP09-096">OP09-096]: Activate Trigger
RZ1|270|1|OP09-096|1|2|6|11|1|1|0|0|0
RZ1|CHK|270|1|34|2|1|1|1|9|12|0|1|0
RZ1|271|1|OP16-108|0|32|1|2|1|1|0|0|0
RZ1|CHK|271|1|33|3|1|1|1|9|12|0|1|0
[You] This is MY AGE!!!! ["OP09-096">OP09-096]: <b>Reveal and Draw Shiryu ["OP16-108">OP16-108]</b>
[You] This is MY AGE!!!! ["OP09-096">OP09-096]: Trash 2 Remaining Cards
RZ1|272|1|OP16-115|0|32|6|12|1|1|0|0|0
RZ1|CHK|272|1|32|3|1|1|1|9|13|0|1|0
RZ1|273|1|OP09-095|0|31|6|13|1|1|0|0|0
RZ1|CHK|273|1|31|3|1|1|1|9|14|0|1|0
[] Hand: [OP17-118,OP17-055,OP17-048,OP17-050,OP17-048,OP17-040,OP17-053,OP17-056]
[] Board: [OP17-040,OP17-046,OP17-054,OP17-052]
[] Trash: [OP17-053,OP17-044,OP17-052,OP17-042,OP17-054,OP17-044,OP17-049,OP17-043,OP17-046,OP17-054,OP17-052]
[] Life: 1
[] Hand: [OP16-119,OP12-112,OP16-108]
[] Trash: [OP09-096,EB04-058,OP09-096,OP06-115,OP09-086,EB04-058,OP09-093,EB04-058,OP16-119,OP16-109,OP16-109,OP09-096,OP16-115,OP09-095]
[] Board: [OP16-104]
[] Life: 1
[Opponent] End Turn
[] Hand: [OP16-119,OP12-112,OP16-108]
[] Board: [OP16-104]
[] Trash: [OP09-096,EB04-058,OP09-096,OP06-115,OP09-086,EB04-058,OP09-093,EB04-058,OP16-119,OP16-109,OP16-109,OP09-096,OP16-115,OP09-095]
[] Life: 1
[] Hand: [OP17-118,OP17-055,OP17-048,OP17-050,OP17-048,OP17-040,OP17-053,OP17-056]
[] Trash: [OP17-053,OP17-044,OP17-052,OP17-042,OP17-054,OP17-044,OP17-049,OP17-043,OP17-046,OP17-054,OP17-052]
[] Board: [OP17-040,OP17-046,OP17-054,OP17-052]
[] Life: 1
[You] Draw 1 Card
[] Drew card from deck: Doc Q ["OP16-109">OP16-109]
RZ1|274|1|OP16-109|0|30|1|3|1|1|0|0|0
RZ1|CHK|274|1|30|4|1|1|1|9|14|0|1|0
RZ1|275|1|Don|4|0|5|9|1|1|0|0|0
RZ1|CHK|275|1|30|4|1|1|0|10|14|0|1|0
[You] Draw 2 Don
RZ1|276|1|Don|5|0|5|0|1|1|1|0|0
RZ1|CHK|276|1|30|4|1|1|0|10|14|0|1|0
RZ1|277|1|Don|5|1|5|1|1|1|1|0|0
RZ1|CHK|277|1|30|4|1|1|0|10|14|0|1|0
RZ1|278|1|Don|5|2|5|2|1|1|1|0|0
RZ1|CHK|278|1|30|4|1|1|0|10|14|0|1|0
RZ1|279|1|Don|5|3|5|3|1|1|1|0|0
RZ1|CHK|279|1|30|4|1|1|0|10|14|0|1|0
RZ1|280|1|Don|5|4|5|4|1|1|1|0|0
RZ1|CHK|280|1|30|4|1|1|0|10|14|0|1|0
RZ1|281|1|Don|5|5|5|5|1|1|1|0|0
RZ1|CHK|281|1|30|4|1|1|0|10|14|0|1|0
RZ1|282|1|Don|5|6|5|6|1|1|1|0|0
RZ1|CHK|282|1|30|4|1|1|0|10|14|0|1|0
RZ1|283|1|Don|5|7|5|7|1|1|1|0|0
RZ1|CHK|283|1|30|4|1|1|0|10|14|0|1|0
[You] Deploy Marshall D. Teach ["OP16-119">OP16-119]
RZ1|284|1|OP16-119|1|0|2|1|1|1|0|0|0
RZ1|CHK|284|1|30|3|2|1|0|10|14|0|1|0
[You] Placing Cards on Bottom of Deck
RZ1|285|1|EB04-058|0|29|0|0|0|0|0|0|0
RZ1|CHK|285|1|30|3|2|1|0|10|14|0|1|0
RZ1|286|1|OP09-086|0|29|0|0|0|0|0|0|0
RZ1|CHK|286|1|30|3|2|1|0|10|14|0|1|0
RZ1|287|1|OP09-095|0|29|0|0|0|0|0|0|0
RZ1|CHK|287|1|30|3|2|1|0|10|14|0|1|0
[You] Marshall D. Teach ["OP16-080">OP16-080] attacking Rocks D. Xebec ["OP17-039">OP17-039]
[Opponent] Fullalead ["OP17-057">OP17-057]: Rest Fullalead ["OP17-057">OP17-057]
RZ1|288|2|OP17-053|1|6|6|11|1|1|0|0|0
RZ1|CHK|288|2|25|7|4|1|0|10|12|1|1|0
[Opponent] Fullalead ["OP17-057">OP17-057]: Trash Barbell ["OP17-053">OP17-053]
[Opponent] Fullalead ["OP17-057">OP17-057]: Buff Rocks D. Xebec ["OP17-039">OP17-039] 1000 for the Combat
Marshall D. Teach ["OP16-080">OP16-080][5000] vs Rocks D. Xebec ["OP17-039">OP17-039][6000]
Attack Fails
[You] Catarina Devon ["OP16-104">OP16-104] is no longer blocked from attacking
[] Hand: [OP12-112,OP16-108,OP16-109]
[] Board: [OP16-104,OP16-119]
[] Trash: [OP09-096,EB04-058,OP09-096,OP06-115,OP09-086,EB04-058,OP09-093,EB04-058,OP16-119,OP16-109,OP16-109,OP09-096,OP16-115,OP09-095]
[] Life: 1
[] Hand: [OP17-118,OP17-055,OP17-048,OP17-050,OP17-048,OP17-040,OP17-056]
[] Trash: [OP17-053,OP17-044,OP17-052,OP17-042,OP17-054,OP17-044,OP17-049,OP17-043,OP17-046,OP17-054,OP17-052,OP17-053]
[] Board: [OP17-040,OP17-046,OP17-054,OP17-052]
[] Life: 1
[You] End Turn
[] Hand: [OP17-118,OP17-055,OP17-048,OP17-050,OP17-048,OP17-040,OP17-056]
[] Board: [OP17-040,OP17-046,OP17-054,OP17-052]
[] Trash: [OP17-053,OP17-044,OP17-052,OP17-042,OP17-054,OP17-044,OP17-049,OP17-043,OP17-046,OP17-054,OP17-052,OP17-053]
[] Life: 1
[] Hand: [OP12-112,OP16-108,OP16-109]
[] Trash: [OP09-096,EB04-058,OP09-096,OP06-115,OP09-086,EB04-058,OP09-093,EB04-058,OP16-119,OP16-109,OP16-109,OP09-096,OP16-115,OP09-095]
[] Board: [OP16-104,OP16-119]
[] Life: 1
[Opponent] Draw 1 Card
[] Drew card from deck: Kyo ["OP17-045">OP17-045]
RZ1|289|2|OP17-045|0|24|1|7|1|1|0|0|0
RZ1|CHK|289|2|24|8|4|1|0|10|12|1|1|0
[Opponent] Stussy ["OP17-054">OP17-054] attacking Marshall D. Teach ["OP16-080">OP16-080]
[You] Discard Baby 5 ["OP12-112">OP12-112] for Counter 2000
RZ1|290|1|OP12-112|1|0|6|14|1|1|0|0|0
RZ1|CHK|290|1|30|2|2|1|0|10|15|0|1|0
Stussy ["OP17-054">OP17-054][5000] vs Marshall D. Teach ["OP16-080">OP16-080][7000]
Attack Fails
[Opponent] Edward Newgate ["OP17-040">OP17-040] attacking Marshall D. Teach ["OP16-080">OP16-080]
Edward Newgate ["OP17-040">OP17-040][8000] vs Marshall D. Teach ["OP16-080">OP16-080][5000]
Marshall D. Teach ["OP16-080">OP16-080] hit for 1 damage
RZ1|291|1|OP16-116|3|0|1|2|1|1|0|0|0
RZ1|CHK|291|1|30|3|2|0|0|10|15|0|1|0
[Opponent] Rocks D. Xebec ["OP17-039">OP17-039] attacking Marshall D. Teach ["OP16-080">OP16-080]
RZ1|292|2|OP17-045|1|7|6|12|1|1|0|0|0
RZ1|CHK|292|2|24|7|4|1|0|10|13|1|1|0
[Opponent] Rocks D. Xebec ["OP17-039">OP17-039]: Trash Kyo ["OP17-045">OP17-045]
RZ1|293|2|OP17-056|0|23|0|23|0|0|0|0|0
RZ1|CHK|293|2|24|7|4|1|0|10|13|1|1|0
[Opponent] Rocks D. Xebec ["OP17-039">OP17-039] revealed: Rocks Pirates ["OP17-056">OP17-056]
[] Drew card from deck: Rocks Pirates ["OP17-056">OP17-056]
RZ1|294|2|OP17-056|0|23|1|7|1|1|0|0|0
RZ1|CHK|294|2|23|8|4|1|0|10|13|1|1|0
[] Drew card from deck: Ganzui ["OP17-043">OP17-043]
RZ1|295|2|OP17-043|0|22|1|8|1|1|0|0|0
RZ1|CHK|295|2|22|9|4|1|0|10|13|1|1|0
[Opponent] Rocks D. Xebec ["OP17-039">OP17-039]: Draw 2 Card
RZ1|296|2|OP17-043|1|8|6|13|1|1|0|0|0
RZ1|CHK|296|2|22|8|4|1|0|10|14|1|1|0
[Opponent] Edward Newgate ["OP17-040">OP17-040]: Trash Ganzui ["OP17-043">OP17-043]
[Opponent] Edward Newgate ["OP17-040">OP17-040]: Buff Rocks D. Xebec ["OP17-039">OP17-039] 3000 for the Combat
RZ1|297|1|OP16-116|1|2|6|15|1|1|0|0|0
RZ1|CHK|297|1|30|2|2|0|0|10|16|0|1|0
[You] Marshall D. Teach ["OP16-080">OP16-080]: Trash ZEHAHAHAHA ["OP16-116">OP16-116]
[You] Marshall D. Teach ["OP16-080">OP16-080]: Target of Attack changed to Marshall D. Teach ["OP16-119">OP16-119]
Rocks D. Xebec ["OP17-039">OP17-039][8000] vs Marshall D. Teach ["OP16-119">OP16-119][10000]
Attack Fails
[Opponent] Attach 10 Don to Don Marlon ["OP17-052">OP17-052] (10 Total)
RZ1|298|2|Don|5|0|9|300|1|1|0|0|0
RZ1|CHK|298|2|22|8|4|1|0|9|14|1|1|1
RZ1|299|2|Don|5|0|9|301|1|1|0|0|0
RZ1|CHK|299|2|22|8|4|1|0|8|14|1|1|2
RZ1|300|2|Don|5|0|9|302|1|1|0|0|0
RZ1|CHK|300|2|22|8|4|1|0|7|14|1|1|3
RZ1|301|2|Don|5|0|9|303|1|1|0|0|0
RZ1|CHK|301|2|22|8|4|1|0|6|14|1|1|4
RZ1|302|2|Don|5|0|9|304|1|1|0|0|0
RZ1|CHK|302|2|22|8|4|1|0|5|14|1|1|5
RZ1|303|2|Don|5|0|9|305|1|1|0|0|0
RZ1|CHK|303|2|22|8|4|1|0|4|14|1|1|6
RZ1|304|2|Don|5|0|9|306|1|1|0|0|0
RZ1|CHK|304|2|22|8|4|1|0|3|14|1|1|7
RZ1|305|2|Don|5|0|9|307|1|1|0|0|0
RZ1|CHK|305|2|22|8|4|1|0|2|14|1|1|8
RZ1|306|2|Don|5|0|9|308|1|1|0|0|0
RZ1|CHK|306|2|22|8|4|1|0|1|14|1|1|9
RZ1|307|2|Don|5|0|9|309|1|1|0|0|0
RZ1|CHK|307|2|22|8|4|1|0|0|14|1|1|10
[Opponent] Don Marlon ["OP17-052">OP17-052] attacking Marshall D. Teach ["OP16-080">OP16-080]
Don Marlon ["OP17-052">OP17-052][15000] vs Marshall D. Teach ["OP16-080">OP16-080][5000]
Marshall D. Teach ["OP16-080">OP16-080] hit for 1 damage
[You] <b>Downloaded the Combat Log!</b>
GameOver
