Version is 1.43a.1
[You] Leader is Marshall D. Teach ["OP16-080">OP16-080]
[Opponent] Leader is Portgas D. Ace ["OP16-001">OP16-001]
RZ1|5|2|OP16-118|0|12|0|0|0|0|0|0|0
RZ1|CHK|5|2|50|0|0|0|10|0|0|0|1|0
RZ1|6|2|OP16-004|0|27|0|1|0|0|0|0|0
RZ1|CHK|6|2|50|0|0|0|10|0|0|0|1|0
RZ1|7|2|OP16-014|0|20|0|2|0|0|0|0|0
RZ1|CHK|7|2|50|0|0|0|10|0|0|0|1|0
RZ1|8|2|OP13-016|0|6|0|3|0|0|0|0|0
RZ1|CHK|8|2|50|0|0|0|10|0|0|0|1|0
RZ1|9|2|OP17-006|0|30|0|4|0|0|0|0|0
RZ1|CHK|9|2|50|0|0|0|10|0|0|0|1|0
RZ1|10|2|OP17-017|0|43|0|5|0|0|0|0|0
RZ1|CHK|10|2|50|0|0|0|10|0|0|0|1|0
RZ1|11|2|OP16-015|0|14|0|6|0|0|0|0|0
RZ1|CHK|11|2|50|0|0|0|10|0|0|0|1|0
RZ1|12|2|OP16-003|0|36|0|7|0|0|0|0|0
RZ1|CHK|12|2|50|0|0|0|10|0|0|0|1|0
RZ1|13|2|OP16-021|0|47|0|8|0|0|0|0|0
RZ1|CHK|13|2|50|0|0|0|10|0|0|0|1|0
RZ1|14|2|ST30-016|0|46|0|10|0|0|0|0|0
RZ1|CHK|14|2|50|0|0|0|10|0|0|0|1|0
RZ1|15|2|OP16-004|0|32|0|11|0|0|0|0|0
RZ1|CHK|15|2|50|0|0|0|10|0|0|0|1|0
RZ1|16|2|OP16-004|0|34|0|12|0|0|0|0|0
RZ1|CHK|16|2|50|0|0|0|10|0|0|0|1|0
RZ1|17|2|ST23-001|0|31|0|13|0|0|0|0|0
RZ1|CHK|17|2|50|0|0|0|10|0|0|0|1|0
RZ1|18|2|OP10-015|0|19|0|14|0|0|0|0|0
RZ1|CHK|18|2|50|0|0|0|10|0|0|0|1|0
RZ1|19|2|OP17-006|0|35|0|15|0|0|0|0|0
RZ1|CHK|19|2|50|0|0|0|10|0|0|0|1|0
RZ1|20|2|OP17-017|0|45|0|17|0|0|0|0|0
RZ1|CHK|20|2|50|0|0|0|10|0|0|0|1|0
RZ1|21|2|OP10-015|0|20|0|18|0|0|0|0|0
RZ1|CHK|21|2|50|0|0|0|10|0|0|0|1|0
RZ1|22|2|ST30-016|0|46|0|19|0|0|0|0|0
RZ1|CHK|22|2|50|0|0|0|10|0|0|0|1|0
RZ1|23|2|OP10-015|0|21|0|20|0|0|0|0|0
RZ1|CHK|23|2|50|0|0|0|10|0|0|0|1|0
RZ1|24|2|OP17-005|0|45|0|21|0|0|0|0|0
RZ1|CHK|24|2|50|0|0|0|10|0|0|0|1|0
RZ1|25|2|OP16-021|0|48|0|22|0|0|0|0|0
RZ1|CHK|25|2|50|0|0|0|10|0|0|0|1|0
RZ1|26|2|OP16-118|0|28|0|23|0|0|0|0|0
RZ1|CHK|26|2|50|0|0|0|10|0|0|0|1|0
RZ1|27|2|OP16-015|0|26|0|24|0|0|0|0|0
RZ1|CHK|27|2|50|0|0|0|10|0|0|0|1|0
RZ1|28|2|OP17-006|0|40|0|25|0|0|0|0|0
RZ1|CHK|28|2|50|0|0|0|10|0|0|0|1|0
RZ1|29|2|OP17-005|0|45|0|26|0|0|0|0|0
RZ1|CHK|29|2|50|0|0|0|10|0|0|0|1|0
RZ1|30|2|OP16-021|0|49|0|27|0|0|0|0|0
RZ1|CHK|30|2|50|0|0|0|10|0|0|0|1|0
RZ1|31|2|OP16-118|0|33|0|28|0|0|0|0|0
RZ1|CHK|31|2|50|0|0|0|10|0|0|0|1|0
RZ1|32|2|OP16-011|0|34|0|30|0|0|0|0|0
RZ1|CHK|32|2|50|0|0|0|10|0|0|0|1|0
RZ1|33|2|OP16-015|0|32|0|31|0|0|0|0|0
RZ1|CHK|33|2|50|0|0|0|10|0|0|0|1|0
RZ1|34|2|OP16-011|0|35|0|32|0|0|0|0|0
RZ1|CHK|34|2|50|0|0|0|10|0|0|0|1|0
RZ1|35|2|OP16-014|0|36|0|33|0|0|0|0|0
RZ1|CHK|35|2|50|0|0|0|10|0|0|0|1|0
RZ1|36|2|OP16-014|0|38|0|34|0|0|0|0|0
RZ1|CHK|36|2|50|0|0|0|10|0|0|0|1|0
RZ1|37|2|ST23-001|0|40|0|35|0|0|0|0|0
RZ1|CHK|37|2|50|0|0|0|10|0|0|0|1|0
RZ1|38|2|OP16-021|0|49|0|36|0|0|0|0|0
RZ1|CHK|38|2|50|0|0|0|10|0|0|0|1|0
RZ1|39|2|OP16-014|0|40|0|37|0|0|0|0|0
RZ1|CHK|39|2|50|0|0|0|10|0|0|0|1|0
RZ1|40|2|OP16-003|0|45|0|38|0|0|0|0|0
RZ1|CHK|40|2|50|0|0|0|10|0|0|0|1|0
RZ1|41|2|OP17-005|0|48|0|39|0|0|0|0|0
RZ1|CHK|41|2|50|0|0|0|10|0|0|0|1|0
RZ1|42|2|OP17-005|0|48|0|40|0|0|0|0|0
RZ1|CHK|42|2|50|0|0|0|10|0|0|0|1|0
RZ1|43|2|OP16-015|0|42|0|41|0|0|0|0|0
RZ1|CHK|43|2|50|0|0|0|10|0|0|0|1|0
RZ1|44|2|OP16-004|0|46|0|42|0|0|0|0|0
RZ1|CHK|44|2|50|0|0|0|10|0|0|0|1|0
RZ1|45|2|OP17-017|0|49|0|44|0|0|0|0|0
RZ1|CHK|45|2|50|0|0|0|10|0|0|0|1|0
RZ1|46|2|ST23-001|0|46|0|45|0|0|0|0|0
RZ1|CHK|46|2|50|0|0|0|10|0|0|0|1|0
RZ1|47|2|OP17-006|0|48|0|46|0|0|0|0|0
RZ1|CHK|47|2|50|0|0|0|10|0|0|0|1|0
[] Drew card from deck: Laffitte ["OP09-095">OP09-095]
RZ1|48|1|OP09-095|0|49|1|0|1|1|0|0|0
RZ1|CHK|48|1|49|1|0|0|10|0|0|0|1|0
[] Drew card from deck: Vasco Shot ["OP16-110">OP16-110]
RZ1|49|1|OP16-110|0|48|1|1|1|1|0|0|0
RZ1|CHK|49|1|48|2|0|0|10|0|0|0|1|0
[] Drew card from deck: Laffitte ["OP09-095">OP09-095]
RZ1|50|1|OP09-095|0|47|1|2|1|1|0|0|0
RZ1|CHK|50|1|47|3|0|0|10|0|0|0|1|0
[] Drew card from deck: Vasco Shot ["OP16-110">OP16-110]
RZ1|51|1|OP16-110|0|46|1|3|1|1|0|0|0
RZ1|CHK|51|1|46|4|0|0|10|0|0|0|1|0
[] Drew card from deck: Marshall D. Teach ["OP16-119">OP16-119]
RZ1|52|1|OP16-119|0|45|1|4|1|1|0|0|0
RZ1|CHK|52|1|45|5|0|0|10|0|0|0|1|0
[] Drew card from deck: Edward Newgate ["OP16-003">OP16-003]
RZ1|53|2|OP16-003|0|49|1|0|1|1|0|0|0
RZ1|CHK|53|2|49|1|0|0|10|0|0|0|1|0
[] Drew card from deck: Uta ["ST23-001">ST23-001]
RZ1|54|2|ST23-001|0|48|1|1|1|1|0|0|0
RZ1|CHK|54|2|48|2|0|0|10|0|0|0|1|0
[] Drew card from deck: Portgas D. Ace ["OP16-118">OP16-118]
RZ1|55|2|OP16-118|0|47|1|2|1|1|0|0|0
RZ1|CHK|55|2|47|3|0|0|10|0|0|0|1|0
[] Drew card from deck: Kingdew ["OP17-006">OP17-006]
RZ1|56|2|OP17-006|0|46|1|3|1|1|0|0|0
RZ1|CHK|56|2|46|4|0|0|10|0|0|0|1|0
[] Drew card from deck: Uta ["ST23-001">ST23-001]
RZ1|57|2|ST23-001|0|45|1|4|1|1|0|0|0
RZ1|CHK|57|2|45|5|0|0|10|0|0|0|1|0
RZ1|58|1|EB04-058|0|44|3|0|1|0|0|0|0
RZ1|CHK|58|1|44|5|0|1|10|0|0|0|1|0
RZ1|59|1|OP09-093|0|43|3|1|1|0|0|0|0
RZ1|CHK|59|1|43|5|0|2|10|0|0|0|1|0
RZ1|60|1|OP09-095|0|42|3|2|1|0|0|0|0
RZ1|CHK|60|1|42|5|0|3|10|0|0|0|1|0
RZ1|61|1|OP09-093|0|41|3|3|1|0|0|0|0
RZ1|CHK|61|1|41|5|0|4|10|0|0|0|1|0
RZ1|62|2|OP17-017|0|44|3|0|0|1|0|0|0
RZ1|CHK|62|2|44|5|0|1|10|0|0|0|1|0
RZ1|63|2|OP10-015|0|43|3|1|0|1|0|0|0
RZ1|CHK|63|2|43|5|0|2|10|0|0|0|1|0
RZ1|64|2|OP16-004|0|42|3|2|0|1|0|0|0
RZ1|CHK|64|2|42|5|0|3|10|0|0|0|1|0
RZ1|65|2|OP16-015|0|41|3|3|0|1|0|0|0
RZ1|CHK|65|2|41|5|0|4|10|0|0|0|1|0
RZ1|66|2|OP17-005|0|40|3|4|0|1|0|0|0
RZ1|CHK|66|2|40|5|0|5|10|0|0|0|1|0
[] Hand: [OP09-095,OP16-110,OP09-095,OP16-110,OP16-119]
[] Board: []
[] Trash: []
[] Life: 4
[] Hand: [OP16-003,ST23-001,OP16-118,OP17-006,ST23-001]
[] Trash: []
[] Board: []
[] Life: 5
RZ1|67|1|Don|4|9|5|0|1|1|0|0|0
RZ1|CHK|67|1|41|5|0|4|9|1|0|0|1|0
[You] Draw 1 Don
RZ1|68|1|Don|5|0|5|0|1|1|1|0|0
RZ1|CHK|68|1|41|5|0|4|9|1|0|0|1|0
[You] Deploy Vasco Shot ["OP16-110">OP16-110]
RZ1|69|1|OP16-110|1|1|2|0|1|1|0|0|0
RZ1|CHK|69|1|41|4|1|4|9|1|0|0|1|0
[] Hand: [OP09-095,OP09-095,OP16-110,OP16-119]
[] Board: [OP16-110]
[] Trash: []
[] Life: 4
[] Hand: [OP16-003,ST23-001,OP16-118,OP17-006,ST23-001]
[] Trash: []
[] Board: []
[] Life: 5
[You] End Turn
[] Hand: [OP16-003,ST23-001,OP16-118,OP17-006,ST23-001]
[] Board: []
[] Trash: []
[] Life: 5
[] Hand: [OP09-095,OP09-095,OP16-110,OP16-119]
[] Trash: []
[] Board: [OP16-110]
[] Life: 4
[Opponent] Draw 1 Card
[] Drew card from deck: Edward Newgate ["OP17-005">OP17-005]
RZ1|70|2|OP17-005|0|39|1|5|1|1|0|0|0
RZ1|CHK|70|2|39|6|0|5|10|0|0|0|1|0
RZ1|71|2|Don|4|9|5|0|1|1|0|0|0
RZ1|CHK|71|2|39|6|0|5|9|1|0|0|1|0
RZ1|72|2|Don|4|8|5|1|1|1|0|0|0
RZ1|CHK|72|2|39|6|0|5|8|2|0|0|1|0
[Opponent] Draw 2 Don
[] Hand: [OP16-003,ST23-001,OP16-118,OP17-006,ST23-001,OP17-005]
[] Board: []
[] Trash: []
[] Life: 5
[] Hand: [OP09-095,OP09-095,OP16-110,OP16-119]
[] Trash: []
[] Board: [OP16-110]
[] Life: 4
[Opponent] End Turn
[] Hand: [OP09-095,OP09-095,OP16-110,OP16-119]
[] Board: [OP16-110]
[] Trash: []
[] Life: 4
[] Hand: [OP16-003,ST23-001,OP16-118,OP17-006,ST23-001,OP17-005]
[] Trash: []
[] Board: []
[] Life: 5
[You] Draw 1 Card
[] Drew card from deck: Fullalead ["OP09-099">OP09-099]
RZ1|73|1|OP09-099|0|40|1|4|1|1|0|0|0
RZ1|CHK|73|1|40|5|1|4|9|1|0|0|1|0
RZ1|74|1|Don|4|8|5|1|1|1|0|0|0
RZ1|CHK|74|1|40|5|1|4|8|2|0|0|1|0
RZ1|75|1|Don|4|7|5|2|1|1|0|0|0
RZ1|CHK|75|1|40|5|1|4|7|3|0|0|1|0
[You] Draw 2 Don
[You] Marshall D. Teach ["OP16-080">OP16-080] attacking Portgas D. Ace ["OP16-001">OP16-001]
Marshall D. Teach ["OP16-080">OP16-080][5000] vs Portgas D. Ace ["OP16-001">OP16-001][5000]
Portgas D. Ace ["OP16-001">OP16-001] hit for 1 damage
RZ1|76|2|OP17-005|3|4|1|6|1|1|0|0|0
RZ1|CHK|76|2|39|7|0|4|8|2|0|0|1|0
RZ1|77|1|Don|5|0|5|0|1|1|1|0|0
RZ1|CHK|77|1|40|5|1|4|7|3|0|0|1|0
[You] Deploy Fullalead ["OP09-099">OP09-099]
RZ1|78|1|OP09-099|1|4|7|0|1|1|0|0|0
RZ1|CHK|78|1|40|4|1|4|7|3|0|1|1|0
[You] Fullalead ["OP09-099">OP09-099]: Rest Fullalead ["OP09-099">OP09-099]
RZ1|79|1|OP09-095|1|0|6|0|1|1|0|0|0
RZ1|CHK|79|1|40|3|1|4|7|3|1|1|1|0
[You] Fullalead ["OP09-099">OP09-099]: Trash Laffitte ["OP09-095">OP09-095]
RZ1|80|1|OP16-109|0|38|1|3|1|1|0|0|0
RZ1|CHK|80|1|39|4|1|4|7|3|1|1|1|0
[You] Fullalead ["OP09-099">OP09-099]: <b>Reveal and Draw Doc Q ["OP16-109">OP16-109]</b>
[You] Placing Cards on Bottom of Deck
RZ1|81|1|OP06-115|0|38|0|0|0|0|0|0|0
RZ1|CHK|81|1|39|4|1|4|7|3|1|1|1|0
RZ1|82|1|OP09-086|0|38|0|0|0|0|0|0|0
RZ1|CHK|82|1|39|4|1|4|7|3|1|1|1|0
RZ1|83|1|Don|5|1|5|1|1|1|1|0|0
RZ1|CHK|83|1|39|4|1|4|7|3|1|1|1|0
[You] Deploy Laffitte ["OP09-095">OP09-095]
RZ1|84|1|OP09-095|1|0|2|1|1|1|0|0|0
RZ1|CHK|84|1|39|3|2|4|7|3|1|1|1|0
[You] Laffitte ["OP09-095">OP09-095]: Rest 1 Don
RZ1|85|1|Don|5|2|5|2|1|1|1|0|0
RZ1|CHK|85|1|39|3|2|4|7|3|1|1|1|0
[You] Laffitte ["OP09-095">OP09-095]: Rest Laffitte ["OP09-095">OP09-095]
RZ1|86|1|OP16-104|0|36|1|3|1|1|0|0|0
RZ1|CHK|86|1|38|4|2|4|7|3|1|1|1|0
[You] Laffitte ["OP09-095">OP09-095]: <b>Reveal and Draw Catarina Devon ["OP16-104">OP16-104]</b>
[You] Placing Cards on Bottom of Deck
RZ1|87|1|OP09-096|0|37|0|0|0|0|0|0|0
RZ1|CHK|87|1|38|4|2|4|7|3|1|1|1|0
RZ1|88|1|OP09-096|0|37|0|0|0|0|0|0|0
RZ1|CHK|88|1|38|4|2|4|7|3|1|1|1|0
RZ1|89|1|OP16-104|0|37|0|0|0|0|0|0|0
RZ1|CHK|89|1|38|4|2|4|7|3|1|1|1|0
RZ1|90|1|OP12-112|0|37|0|0|0|0|0|0|0
RZ1|CHK|90|1|38|4|2|4|7|3|1|1|1|0
[] Hand: [OP16-110,OP16-119,OP16-109,OP16-104]
[] Board: [OP16-110,OP09-095]
[] Trash: [OP09-095]
[] Life: 4
[] Hand: [OP16-003,ST23-001,OP16-118,OP17-006,ST23-001,OP17-005,OP17-005]
[] Trash: []
[] Board: []
[] Life: 4
[You] End Turn
[] Hand: [OP16-003,ST23-001,OP16-118,OP17-006,ST23-001,OP17-005,OP17-005]
[] Board: []
[] Trash: []
[] Life: 4
[] Hand: [OP16-110,OP16-119,OP16-109,OP16-104]
[] Trash: [OP09-095]
[] Board: [OP16-110,OP09-095]
[] Life: 4
[Opponent] Draw 1 Card
[] Drew card from deck: Edward Newgate ["OP16-003">OP16-003]
RZ1|91|2|OP16-003|0|38|1|7|1|1|0|0|0
RZ1|CHK|91|2|38|8|0|4|8|2|0|0|1|0
RZ1|92|2|Don|4|7|5|2|1|1|0|0|0
RZ1|CHK|92|2|38|8|0|4|7|3|0|0|1|0
RZ1|93|2|Don|4|6|5|3|1|1|0|0|0
RZ1|CHK|93|2|38|8|0|4|6|4|0|0|1|0
[Opponent] Draw 2 Don
RZ1|94|2|Don|5|0|9|9900|1|1|0|0|0
RZ1|CHK|94|2|38|8|0|4|6|3|0|0|1|1
[Opponent] Attach 1 Don to Portgas D. Ace ["OP16-001">OP16-001] (1 Total)
[Opponent] Portgas D. Ace ["OP16-001">OP16-001] attacking Marshall D. Teach ["OP16-080">OP16-080]
Portgas D. Ace ["OP16-001">OP16-001][6000] vs Marshall D. Teach ["OP16-080">OP16-080][5000]
Marshall D. Teach ["OP16-080">OP16-080] hit for 1 damage
RZ1|95|1|OP09-093|3|3|1|4|1|1|0|0|0
RZ1|CHK|95|1|38|5|2|3|7|3|1|1|1|0
[] Hand: [OP16-003,ST23-001,OP16-118,OP17-006,ST23-001,OP17-005,OP17-005,OP16-003]
[] Board: []
[] Trash: []
[] Life: 4
[] Hand: [OP16-110,OP16-119,OP16-109,OP16-104,OP09-093]
[] Trash: [OP09-095]
[] Board: [OP16-110,OP09-095]
[] Life: 3
[Opponent] End Turn
[] Hand: [OP16-110,OP16-119,OP16-109,OP16-104,OP09-093]
[] Board: [OP16-110,OP09-095]
[] Trash: [OP09-095]
[] Life: 3
[] Hand: [OP16-003,ST23-001,OP16-118,OP17-006,ST23-001,OP17-005,OP17-005,OP16-003]
[] Trash: []
[] Board: []
[] Life: 4
[You] Draw 1 Card
[] Drew card from deck: Borsalino ["EB04-058">EB04-058]
RZ1|96|1|EB04-058|0|37|1|5|1|1|0|0|0
RZ1|CHK|96|1|37|6|2|3|7|3|1|1|1|0
RZ1|97|1|Don|4|6|5|3|1|1|0|0|0
RZ1|CHK|97|1|37|6|2|3|6|4|1|1|1|0
RZ1|98|1|Don|4|5|5|4|1|1|0|0|0
RZ1|CHK|98|1|37|6|2|3|5|5|1|1|1|0
[You] Draw 2 Don
[You] Fullalead ["OP09-099">OP09-099]: Rest Fullalead ["OP09-099">OP09-099]
RZ1|99|1|OP16-104|1|3|6|1|1|1|0|0|0
RZ1|CHK|99|1|37|5|2|3|5|5|2|1|1|0
[You] Fullalead ["OP09-099">OP09-099]: Trash Catarina Devon ["OP16-104">OP16-104]
RZ1|100|1|OP16-108|0|35|1|5|1|1|0|0|0
RZ1|CHK|100|1|36|6|2|3|5|5|2|1|1|0
[You] Fullalead ["OP09-099">OP09-099]: <b>Reveal and Draw Shiryu ["OP16-108">OP16-108]</b>
[You] Placing Cards on Bottom of Deck
RZ1|101|1|OP09-086|0|35|0|0|0|0|0|0|0
RZ1|CHK|101|1|36|6|2|3|5|5|2|1|1|0
RZ1|102|1|OP16-108|0|35|0|0|0|0|0|0|0
RZ1|CHK|102|1|36|6|2|3|5|5|2|1|1|0
[You] Marshall D. Teach ["OP16-080">OP16-080] attacking Portgas D. Ace ["OP16-001">OP16-001]
Marshall D. Teach ["OP16-080">OP16-080][5000] vs Portgas D. Ace ["OP16-001">OP16-001][5000]
Portgas D. Ace ["OP16-001">OP16-001] hit for 1 damage
RZ1|103|2|OP16-015|3|3|1|8|1|1|0|0|0
RZ1|CHK|103|2|38|9|0|3|6|3|0|0|1|1
[You] Laffitte ["OP09-095">OP09-095]: Rest 1 Don
RZ1|104|1|Don|5|0|5|0|1|1|1|0|0
RZ1|CHK|104|1|36|6|2|3|5|5|2|1|1|0
[You] Laffitte ["OP09-095">OP09-095]: Rest Laffitte ["OP09-095">OP09-095]
RZ1|105|1|OP16-104|0|31|1|6|1|1|0|0|0
RZ1|CHK|105|1|35|7|2|3|5|5|2|1|1|0
[You] Laffitte ["OP09-095">OP09-095]: <b>Reveal and Draw Catarina Devon ["OP16-104">OP16-104]</b>
[You] Placing Cards on Bottom of Deck
RZ1|106|1|OP16-115|0|34|0|0|0|0|0|0|0
RZ1|CHK|106|1|35|7|2|3|5|5|2|1|1|0
RZ1|107|1|OP16-119|0|34|0|0|0|0|0|0|0
RZ1|CHK|107|1|35|7|2|3|5|5|2|1|1|0
RZ1|108|1|OP16-116|0|34|0|0|0|0|0|0|0
RZ1|CHK|108|1|35|7|2|3|5|5|2|1|1|0
RZ1|109|1|OP09-096|0|34|0|0|0|0|0|0|0
RZ1|CHK|109|1|35|7|2|3|5|5|2|1|1|0
RZ1|110|1|Don|5|1|5|1|1|1|1|0|0
RZ1|CHK|110|1|35|7|2|3|5|5|2|1|1|0
RZ1|111|1|Don|5|2|5|2|1|1|1|0|0
RZ1|CHK|111|1|35|7|2|3|5|5|2|1|1|0
RZ1|112|1|Don|5|3|5|3|1|1|1|0|0
RZ1|CHK|112|1|35|7|2|3|5|5|2|1|1|0
RZ1|113|1|Don|5|4|5|4|1|1|1|0|0
RZ1|CHK|113|1|35|7|2|3|5|5|2|1|1|0
[You] Deploy Catarina Devon ["OP16-104">OP16-104]
RZ1|114|1|OP16-104|1|6|2|2|1|1|0|0|0
RZ1|CHK|114|1|35|6|3|3|5|5|2|1|1|0
[] Hand: [OP16-110,OP16-119,OP16-109,OP09-093,EB04-058,OP16-108]
[] Board: [OP16-110,OP09-095,OP16-104]
[] Trash: [OP09-095,OP16-104]
[] Life: 3
[] Hand: [OP16-003,ST23-001,OP16-118,OP17-006,ST23-001,OP17-005,OP17-005,OP16-003,OP16-015]
[] Trash: []
[] Board: []
[] Life: 3
[You] End Turn
[] Hand: [OP16-003,ST23-001,OP16-118,OP17-006,ST23-001,OP17-005,OP17-005,OP16-003,OP16-015]
[] Board: []
[] Trash: []
[] Life: 3
[] Hand: [OP16-110,OP16-119,OP16-109,OP09-093,EB04-058,OP16-108]
[] Trash: [OP09-095,OP16-104]
[] Board: [OP16-110,OP09-095,OP16-104]
[] Life: 3
RZ1|115|2|Don|9|9900|5|0|1|1|1|0|0
RZ1|CHK|115|2|38|9|0|3|6|4|0|0|1|0
[Opponent] Draw 1 Card
[] Drew card from deck: Marco ["OP16-014">OP16-014]
RZ1|116|2|OP16-014|0|37|1|9|1|1|0|0|0
RZ1|CHK|116|2|37|10|0|3|6|4|0|0|1|0
RZ1|117|2|Don|4|5|5|4|1|1|0|0|0
RZ1|CHK|117|2|37|10|0|3|5|5|0|0|1|0
RZ1|118|2|Don|4|4|5|5|1|1|0|0|0
RZ1|CHK|118|2|37|10|0|3|4|6|0|0|1|0
[Opponent] Draw 2 Don
RZ1|119|2|Don|5|0|5|0|1|1|1|0|0
RZ1|CHK|119|2|37|10|0|3|4|6|0|0|1|0
RZ1|120|2|Don|5|1|5|1|1|1|1|0|0
RZ1|CHK|120|2|37|10|0|3|4|6|0|0|1|0
RZ1|121|2|Don|5|2|5|2|1|1|1|0|0
RZ1|CHK|121|2|37|10|0|3|4|6|0|0|1|0
RZ1|122|2|Don|5|3|5|3|1|1|1|0|0
RZ1|CHK|122|2|37|10|0|3|4|6|0|0|1|0
RZ1|123|2|Don|5|4|5|4|1|1|1|0|0
RZ1|CHK|123|2|37|10|0|3|4|6|0|0|1|0
[Opponent] Deploy Portgas D. Ace ["OP16-118">OP16-118]
RZ1|124|2|OP16-118|1|2|2|0|1|1|0|0|0
RZ1|CHK|124|2|37|9|1|3|4|6|0|0|1|0
RZ1|125|2|OP16-021|0|36|1|9|1|1|0|0|0
RZ1|CHK|125|2|36|10|1|3|4|6|0|0|1|0
[Opponent] Portgas D. Ace ["OP16-118">OP16-118]: <b>Reveal and Draw Moby Dick ["OP16-021">OP16-021]</b>
[Opponent] Placing Cards on Bottom of Deck
RZ1|126|2|ST23-001|0|35|0|0|0|0|0|0|0
RZ1|CHK|126|2|36|10|1|3|4|6|0|0|1|0
RZ1|127|2|OP16-014|0|35|0|0|0|0|0|0|0
RZ1|CHK|127|2|36|10|1|3|4|6|0|0|1|0
RZ1|128|2|OP16-014|0|35|0|0|0|0|0|0|0
RZ1|CHK|128|2|36|10|1|3|4|6|0|0|1|0
RZ1|129|2|OP16-011|0|35|0|0|0|0|0|0|0
RZ1|CHK|129|2|36|10|1|3|4|6|0|0|1|0
RZ1|130|2|Don|5|5|5|5|1|1|1|0|0
RZ1|CHK|130|2|36|10|1|3|4|6|0|0|1|0
[Opponent] Deploy Moby Dick ["OP16-021">OP16-021]
RZ1|131|2|OP16-021|1|9|7|0|1|1|0|0|0
RZ1|CHK|131|2|36|9|1|3|4|6|0|1|1|0
RZ1|132|2|OP13-016|0|33|1|9|1|1|0|0|0
RZ1|CHK|132|2|35|10|1|3|4|6|0|1|1|0
[Opponent] Moby Dick ["OP16-021">OP16-021]: Added 1 Cards to Hand
[Opponent] Placing Cards on Bottom of Deck
RZ1|133|2|OP16-015|0|34|0|0|0|0|0|0|0
RZ1|CHK|133|2|35|10|1|3|4|6|0|1|1|0
RZ1|134|2|OP16-011|0|34|0|0|0|0|0|0|0
RZ1|CHK|134|2|35|10|1|3|4|6|0|1|1|0
[Opponent] Portgas D. Ace ["OP16-001">OP16-001] attacking Laffitte ["OP09-095">OP09-095]
Portgas D. Ace ["OP16-001">OP16-001][5000] vs Laffitte ["OP09-095">OP09-095][1000]
[You] Laffitte ["OP09-095">OP09-095] Destroyed
RZ1|135|1|OP09-095|2|1|6|2|1|1|0|0|0
RZ1|CHK|135|1|35|6|2|3|5|5|3|1|1|0
[] Hand: [OP16-003,ST23-001,OP17-006,ST23-001,OP17-005,OP17-005,OP16-003,OP16-015,OP16-014,OP13-016]
[] Board: [OP16-118]
[] Trash: []
[] Life: 3
[] Hand: [OP16-110,OP16-119,OP16-109,OP09-093,EB04-058,OP16-108]
[] Trash: [OP09-095,OP16-104,OP09-095]
[] Board: [OP16-110,OP16-104]
[] Life: 3
[Opponent] End Turn
[] Hand: [OP16-110,OP16-119,OP16-109,OP09-093,EB04-058,OP16-108]
[] Board: [OP16-110,OP16-104]
[] Trash: [OP09-095,OP16-104,OP09-095]
[] Life: 3
[] Hand: [OP16-003,ST23-001,OP17-006,ST23-001,OP17-005,OP17-005,OP16-003,OP16-015,OP16-014,OP13-016]
[] Trash: []
[] Board: [OP16-118]
[] Life: 3
[You] Draw 1 Card
[] Drew card from deck: Doc Q ["OP16-109">OP16-109]
RZ1|136|1|OP16-109|0|34|1|6|1|1|0|0|0
RZ1|CHK|136|1|34|7|2|3|5|5|3|1|1|0
RZ1|137|1|Don|4|4|5|5|1|1|0|0|0
RZ1|CHK|137|1|34|7|2|3|4|6|3|1|1|0
RZ1|138|1|Don|4|3|5|6|1|1|0|0|0
RZ1|CHK|138|1|34|7|2|3|3|7|3|1|1|0
[You] Draw 2 Don
RZ1|139|1|Don|5|0|5|0|1|1|1|0|0
RZ1|CHK|139|1|34|7|2|3|3|7|3|1|1|0
RZ1|140|1|Don|5|1|5|1|1|1|1|0|0
RZ1|CHK|140|1|34|7|2|3|3|7|3|1|1|0
RZ1|141|1|Don|5|2|5|2|1|1|1|0|0
RZ1|CHK|141|1|34|7|2|3|3|7|3|1|1|0
RZ1|142|1|Don|5|3|5|3|1|1|1|0|0
RZ1|CHK|142|1|34|7|2|3|3|7|3|1|1|0
RZ1|143|1|Don|5|4|5|4|1|1|1|0|0
RZ1|CHK|143|1|34|7|2|3|3|7|3|1|1|0
RZ1|144|1|Don|5|5|5|5|1|1|1|0|0
RZ1|CHK|144|1|34|7|2|3|3|7|3|1|1|0
[You] Deploy Shiryu ["OP16-108">OP16-108]
RZ1|145|1|OP16-108|1|5|2|2|1|1|0|0|0
RZ1|CHK|145|1|34|6|3|3|3|7|3|1|1|0
RZ1|146|1|EB04-058|1|4|6|3|1|1|0|0|0
RZ1|CHK|146|1|34|5|3|3|3|7|4|1|1|0
[You] Shiryu ["OP16-108">OP16-108]: Trash Borsalino ["EB04-058">EB04-058]
[You] Shiryu ["OP16-108">OP16-108]: Add Catarina Devon ["OP16-104">OP16-104] to top of Life
RZ1|147|1|OP16-104|6|1|3|3|1|1|0|0|0
RZ1|CHK|147|1|34|5|3|4|3|7|3|1|1|0
RZ1|148|1|Don|5|6|5|6|1|1|1|0|0
RZ1|CHK|148|1|34|5|3|4|3|7|3|1|1|0
[You] Deploy Vasco Shot ["OP16-110">OP16-110]
RZ1|149|1|OP16-110|1|0|2|3|1|1|0|0|0
RZ1|CHK|149|1|34|4|4|4|3|7|3|1|1|0
[You] Catarina Devon ["OP16-104">OP16-104] attacking Portgas D. Ace ["OP16-001">OP16-001]
[You] Catarina Devon ["OP16-104">OP16-104]: Buff Self 3000
[Opponent] Discard Uta ["ST23-001">ST23-001] for Counter 2000
RZ1|150|2|ST23-001|1|1|6|0|1|1|0|0|0
RZ1|CHK|150|2|35|9|1|3|4|6|1|1|1|0
Catarina Devon ["OP16-104">OP16-104][6000] vs Portgas D. Ace ["OP16-001">OP16-001][7000]
Attack Fails
[You] Marshall D. Teach ["OP16-080">OP16-080] attacking Portgas D. Ace ["OP16-001">OP16-001]
[Opponent] Discard Kingdew ["OP17-006">OP17-006] for Counter 2000
RZ1|151|2|OP17-006|1|1|6|1|1|1|0|0|0
RZ1|CHK|151|2|35|8|1|3|4|6|2|1|1|0
Marshall D. Teach ["OP16-080">OP16-080][5000] vs Portgas D. Ace ["OP16-001">OP16-001][7000]
Attack Fails
[You] Fullalead ["OP09-099">OP09-099]: Rest Fullalead ["OP09-099">OP09-099]
RZ1|152|1|OP16-109|1|1|6|3|1|1|0|0|0
RZ1|CHK|152|1|34|3|4|4|3|7|4|1|1|0
[You] Fullalead ["OP09-099">OP09-099]: Trash Doc Q ["OP16-109">OP16-109]
RZ1|153|1|OP16-104|0|33|1|3|1|1|0|0|0
RZ1|CHK|153|1|33|4|4|4|3|7|4|1|1|0
[You] Fullalead ["OP09-099">OP09-099]: <b>Reveal and Draw Catarina Devon ["OP16-104">OP16-104]</b>
[You] Placing Cards on Bottom of Deck
RZ1|154|1|OP12-112|0|32|0|0|0|0|0|0|0
RZ1|CHK|154|1|33|4|4|4|3|7|4|1|1|0
RZ1|155|1|EB04-058|0|32|0|0|0|0|0|0|0
RZ1|CHK|155|1|33|4|4|4|3|7|4|1|1|0
[] Hand: [OP16-119,OP09-093,OP16-109,OP16-104]
[] Board: [OP16-110,OP16-104,OP16-108,OP16-110]
[] Trash: [OP09-095,OP09-095,EB04-058,OP16-109]
[] Life: 4
[] Hand: [OP16-003,ST23-001,OP17-005,OP17-005,OP16-003,OP16-015,OP16-014,OP13-016]
[] Trash: [ST23-001,OP17-006]
[] Board: [OP16-118]
[] Life: 3
[You] End Turn
[] Hand: [OP16-003,ST23-001,OP17-005,OP17-005,OP16-003,OP16-015,OP16-014,OP13-016]
[] Board: [OP16-118]
[] Trash: [ST23-001,OP17-006]
[] Life: 3
[] Hand: [OP16-119,OP09-093,OP16-109,OP16-104]
[] Trash: [OP09-095,OP09-095,EB04-058,OP16-109]
[] Board: [OP16-110,OP16-104,OP16-108,OP16-110]
[] Life: 4
[Opponent] Draw 1 Card
[] Drew card from deck: Portgas D. Ace ["OP16-118">OP16-118]
RZ1|156|2|OP16-118|0|34|1|8|1|1|0|0|0
RZ1|CHK|156|2|34|9|1|3|4|6|2|1|1|0
RZ1|157|2|Don|4|3|5|6|1|1|0|0|0
RZ1|CHK|157|2|34|9|1|3|3|7|2|1|1|0
RZ1|158|2|Don|4|2|5|7|1|1|0|0|0
RZ1|CHK|158|2|34|9|1|3|2|8|2|1|1|0
[Opponent] Draw 2 Don
RZ1|159|2|Don|5|0|5|0|1|1|1|0|0
RZ1|CHK|159|2|34|9|1|3|2|8|2|1|1|0
RZ1|160|2|Don|5|1|5|1|1|1|1|0|0
RZ1|CHK|160|2|34|9|1|3|2|8|2|1|1|0
RZ1|161|2|Don|5|2|5|2|1|1|1|0|0
RZ1|CHK|161|2|34|9|1|3|2|8|2|1|1|0
RZ1|162|2|Don|5|3|5|3|1|1|1|0|0
RZ1|CHK|162|2|34|9|1|3|2|8|2|1|1|0
RZ1|163|2|Don|5|4|5|4|1|1|1|0|0
RZ1|CHK|163|2|34|9|1|3|2|8|2|1|1|0
RZ1|164|2|Don|5|5|5|5|1|1|1|0|0
RZ1|CHK|164|2|34|9|1|3|2|8|2|1|1|0
RZ1|165|2|Don|5|6|5|6|1|1|1|0|0
RZ1|CHK|165|2|34|9|1|3|2|8|2|1|1|0
RZ1|166|2|Don|5|7|5|7|1|1|1|0|0
RZ1|CHK|166|2|34|9|1|3|2|8|2|1|1|0
[Opponent] Deploy Edward Newgate ["OP16-003">OP16-003]
RZ1|167|2|OP16-003|1|0|2|1|1|1|0|0|0
RZ1|CHK|167|2|34|8|2|3|2|8|2|1|1|0
[Opponent] Portgas D. Ace ["OP16-001">OP16-001] attacking Marshall D. Teach ["OP16-080">OP16-080]
[You] Discard Doc Q ["OP16-109">OP16-109] for Counter 2000
RZ1|168|1|OP16-109|1|2|6|4|1|1|0|0|0
RZ1|CHK|168|1|33|3|4|4|3|7|5|1|1|0
[You] Discard Catarina Devon ["OP16-104">OP16-104] for Counter 2000
RZ1|169|1|OP16-104|1|2|6|5|1|1|0|0|0
RZ1|CHK|169|1|33|2|4|4|3|7|6|1|1|0
Portgas D. Ace ["OP16-001">OP16-001][7000] vs Marshall D. Teach ["OP16-080">OP16-080][9000]
Attack Fails
[Opponent] Portgas D. Ace ["OP16-118">OP16-118] attacking Marshall D. Teach ["OP16-080">OP16-080]
Portgas D. Ace ["OP16-118">OP16-118][6000] vs Marshall D. Teach ["OP16-080">OP16-080][5000]
Marshall D. Teach ["OP16-080">OP16-080] hit for 1 damage
RZ1|170|1|OP16-104|3|3|1|2|1|1|0|0|0
RZ1|CHK|170|1|33|3|4|3|3|7|6|1|1|0
[You] Catarina Devon ["OP16-104">OP16-104]: Activate Trigger
RZ1|171|1|OP16-104|1|2|6|6|1|1|0|0|0
RZ1|CHK|171|1|33|2|4|3|3|7|7|1|1|0
[] Drew card from deck: Black Vortex ["OP16-115">OP16-115]
RZ1|172|1|OP16-115|0|32|1|2|1|1|0|0|0
RZ1|CHK|172|1|32|3|4|3|3|7|7|1|1|0
[You] Catarina Devon ["OP16-104">OP16-104]: Draw 1 Card
[You] Catarina Devon ["OP16-104">OP16-104]: Deployed Laffitte ["OP09-095">OP09-095] from Trash
RZ1|173|1|OP09-095|6|0|2|4|1|1|0|0|1
RZ1|CHK|173|1|32|3|5|3|3|7|6|1|1|0
[Opponent] Portgas D. Ace ["OP16-001">OP16-001]: Give Edward Newgate ["OP16-003">OP16-003] Rush
[Opponent] Edward Newgate ["OP16-003">OP16-003] attacking Marshall D. Teach ["OP16-080">OP16-080]
Edward Newgate ["OP16-003">OP16-003][10000] vs Marshall D. Teach ["OP16-080">OP16-080][5000]
Marshall D. Teach ["OP16-080">OP16-080] hit for 1 damage
RZ1|174|1|OP09-095|3|2|1|3|1|1|0|0|0
RZ1|CHK|174|1|32|4|5|2|3|7|6|1|1|0
[] Hand: [ST23-001,OP17-005,OP17-005,OP16-003,OP16-015,OP16-014,OP13-016,OP16-118]
[] Board: [OP16-118,OP16-003]
[] Trash: [ST23-001,OP17-006]
[] Life: 3
[] Hand: [OP16-119,OP09-093,OP16-115,OP09-095]
[] Trash: [OP09-095,EB04-058,OP16-109,OP16-109,OP16-104,OP16-104]
[] Board: [OP16-110,OP16-104,OP16-108,OP16-110,OP09-095]
[] Life: 2
[Opponent] End Turn
[] Hand: [OP16-119,OP09-093,OP16-115,OP09-095]
[] Board: [OP16-110,OP16-104,OP16-108,OP16-110,OP09-095]
[] Trash: [OP09-095,EB04-058,OP16-109,OP16-109,OP16-104,OP16-104]
[] Life: 2
[] Hand: [ST23-001,OP17-005,OP17-005,OP16-003,OP16-015,OP16-014,OP13-016,OP16-118]
[] Trash: [ST23-001,OP17-006]
[] Board: [OP16-118,OP16-003]
[] Life: 3
[You] Draw 1 Card
[] Drew card from deck: Doc Q ["OP16-109">OP16-109]
RZ1|175|1|OP16-109|0|31|1|4|1|1|0|0|0
RZ1|CHK|175|1|31|5|5|2|3|7|6|1|1|0
RZ1|176|1|Don|4|2|5|7|1|1|0|0|0
RZ1|CHK|176|1|31|5|5|2|2|8|6|1|1|0
RZ1|177|1|Don|4|1|5|8|1|1|0|0|0
RZ1|CHK|177|1|31|5|5|2|1|9|6|1|1|0
[You] Draw 2 Don
RZ1|178|1|Don|5|0|5|0|1|1|1|0|0
RZ1|CHK|178|1|31|5|5|2|1|9|6|1|1|0
RZ1|179|1|Don|5|1|5|1|1|1|1|0|0
RZ1|CHK|179|1|31|5|5|2|1|9|6|1|1|0
RZ1|180|1|Don|5|2|5|2|1|1|1|0|0
RZ1|CHK|180|1|31|5|5|2|1|9|6|1|1|0
RZ1|181|1|Don|5|3|5|3|1|1|1|0|0
RZ1|CHK|181|1|31|5|5|2|1|9|6|1|1|0
RZ1|182|1|Don|5|4|5|4|1|1|1|0|0
RZ1|CHK|182|1|31|5|5|2|1|9|6|1|1|0
RZ1|183|1|Don|5|5|5|5|1|1|1|0|0
RZ1|CHK|183|1|31|5|5|2|1|9|6|1|1|0
RZ1|184|1|Don|5|6|5|6|1|1|1|0|0
RZ1|CHK|184|1|31|5|5|2|1|9|6|1|1|0
RZ1|185|1|Don|5|7|5|7|1|1|1|0|0
RZ1|CHK|185|1|31|5|5|2|1|9|6|1|1|0
[You] Trash Vasco Shot ["OP16-110">OP16-110]
[You] Deploy Marshall D. Teach ["OP16-119">OP16-119]
RZ1|186|1|OP16-110|2|0|6|6|1|1|0|0|0
RZ1|CHK|186|1|31|5|4|2|1|9|7|1|1|0
RZ1|187|1|OP16-119|1|0|2|4|1|1|0|0|0
RZ1|CHK|187|1|31|4|5|2|1|9|7|1|1|0
[You] Marshall D. Teach ["OP16-119">OP16-119]: Added card to top of Life from Hand
RZ1|188|1|OP16-110|0|29|3|2|1|0|0|0|0
RZ1|CHK|188|1|30|4|5|3|1|9|7|1|1|0
[You] Placing Cards on Bottom of Deck
RZ1|189|1|OP16-116|0|29|0|0|0|0|0|0|0
RZ1|CHK|189|1|30|4|5|3|1|9|7|1|1|0
RZ1|190|1|OP16-119|0|29|0|0|0|0|0|0|0
RZ1|CHK|190|1|30|4|5|3|1|9|7|1|1|0
[You] Fullalead ["OP09-099">OP09-099]: Rest Fullalead ["OP09-099">OP09-099]
RZ1|191|1|OP09-095|1|2|6|7|1|1|0|0|0
RZ1|CHK|191|1|30|3|5|3|1|9|8|1|1|0
[You] Fullalead ["OP09-099">OP09-099]: Trash Laffitte ["OP09-095">OP09-095]
RZ1|192|1|OP09-095|0|27|1|3|1|1|0|0|0
RZ1|CHK|192|1|29|4|5|3|1|9|8|1|1|0
[You] Fullalead ["OP09-099">OP09-099]: <b>Reveal and Draw Laffitte ["OP09-095">OP09-095]</b>
[You] Placing Cards on Bottom of Deck
RZ1|193|1|OP09-086|0|28|0|0|0|0|0|0|0
RZ1|CHK|193|1|29|4|5|3|1|9|8|1|1|0
RZ1|194|1|EB04-058|0|28|0|0|0|0|0|0|0
RZ1|CHK|194|1|29|4|5|3|1|9|8|1|1|0
[You] Laffitte ["OP09-095">OP09-095]: Rest 1 Don
RZ1|195|1|Don|5|8|5|8|1|1|1|0|0
RZ1|CHK|195|1|29|4|5|3|1|9|8|1|1|0
[You] Laffitte ["OP09-095">OP09-095]: Rest Laffitte ["OP09-095">OP09-095]
RZ1|196|1|OP16-110|0|25|1|4|1|1|0|0|0
RZ1|CHK|196|1|28|5|5|3|1|9|8|1|1|0
[You] Laffitte ["OP09-095">OP09-095]: <b>Reveal and Draw Vasco Shot ["OP16-110">OP16-110]</b>
[You] Placing Cards on Bottom of Deck
RZ1|197|1|OP09-086|0|27|0|0|0|0|0|0|0
RZ1|CHK|197|1|28|5|5|3|1|9|8|1|1|0
RZ1|198|1|OP16-108|0|27|0|0|0|0|0|0|0
RZ1|CHK|198|1|28|5|5|3|1|9|8|1|1|0
RZ1|199|1|OP16-119|0|27|0|0|0|0|0|0|0
RZ1|CHK|199|1|28|5|5|3|1|9|8|1|1|0
RZ1|200|1|OP09-099|0|27|0|0|0|0|0|0|0
RZ1|CHK|200|1|28|5|5|3|1|9|8|1|1|0
[You] Shiryu ["OP16-108">OP16-108] attacking Portgas D. Ace ["OP16-001">OP16-001]
[Opponent] Discard Monkey D. Garp ["OP13-016">OP13-016] for Counter 1000
RZ1|201|2|OP13-016|1|6|6|2|1|1|0|0|0
RZ1|CHK|201|2|34|7|2|3|2|8|3|1|1|0
[Opponent] Discard Portgas D. Ace ["OP16-118">OP16-118] for Counter 1000
RZ1|202|2|OP16-118|1|6|6|3|1|1|0|0|0
RZ1|CHK|202|2|34|6|2|3|2|8|4|1|1|0
[Opponent] Discard Uta ["ST23-001">ST23-001] for Counter 2000
RZ1|203|2|ST23-001|1|0|6|4|1|1|0|0|0
RZ1|CHK|203|2|34|5|2|3|2|8|5|1|1|0
Shiryu ["OP16-108">OP16-108][8000] vs Portgas D. Ace ["OP16-001">OP16-001][9000]
Attack Fails
[You] Marshall D. Teach ["OP16-080">OP16-080] attacking Portgas D. Ace ["OP16-001">OP16-001]
Marshall D. Teach ["OP16-080">OP16-080][5000] vs Portgas D. Ace ["OP16-001">OP16-001][5000]
Portgas D. Ace ["OP16-001">OP16-001] hit for 1 damage
RZ1|204|2|OP16-004|3|2|1|5|1|1|0|0|0
RZ1|CHK|204|2|34|6|2|2|2|8|5|1|1|0
[You] Catarina Devon ["OP16-104">OP16-104] attacking Portgas D. Ace ["OP16-001">OP16-001]
[You] Catarina Devon ["OP16-104">OP16-104]: Buff Self 7000
Catarina Devon ["OP16-104">OP16-104][10000] vs Portgas D. Ace ["OP16-001">OP16-001][5000]
Portgas D. Ace ["OP16-001">OP16-001] hit for 1 damage
RZ1|205|2|OP10-015|3|1|1|6|1|1|0|0|0
RZ1|CHK|205|2|34|7|2|1|2|8|5|1|1|0
[] Hand: [OP09-093,OP16-115,OP16-109,OP09-095,OP16-110]
[] Board: [OP16-104,OP16-108,OP16-110,OP09-095,OP16-119]
[] Trash: [OP09-095,EB04-058,OP16-109,OP16-109,OP16-104,OP16-104,OP16-110,OP09-095]
[] Life: 3
[] Hand: [OP17-005,OP17-005,OP16-003,OP16-015,OP16-014,OP16-004,OP10-015]
[] Trash: [ST23-001,OP17-006,OP13-016,OP16-118,ST23-001]
[] Board: [OP16-118,OP16-003]
[] Life: 1
[You] End Turn
[] Hand: [OP17-005,OP17-005,OP16-003,OP16-015,OP16-014,OP16-004,OP10-015]
[] Board: [OP16-118,OP16-003]
[] Trash: [ST23-001,OP17-006,OP13-016,OP16-118,ST23-001]
[] Life: 1
[] Hand: [OP09-093,OP16-115,OP16-109,OP09-095,OP16-110]
[] Trash: [OP09-095,EB04-058,OP16-109,OP16-109,OP16-104,OP16-104,OP16-110,OP09-095]
[] Board: [OP16-104,OP16-108,OP16-110,OP09-095,OP16-119]
[] Life: 3
[Opponent] Draw 1 Card
[] Drew card from deck: Moby Dick ["OP16-021">OP16-021]
RZ1|206|2|OP16-021|0|33|1|7|1|1|0|0|0
RZ1|CHK|206|2|33|8|2|1|2|8|5|1|1|0
RZ1|207|2|Don|4|1|5|8|1|1|0|0|0
RZ1|CHK|207|2|33|8|2|1|1|9|5|1|1|0
RZ1|208|2|Don|4|0|5|9|1|1|0|0|0
RZ1|CHK|208|2|33|8|2|1|0|10|5|1|1|0
[Opponent] Draw 2 Don
RZ1|209|2|Don|5|0|5|0|1|1|1|0|0
RZ1|CHK|209|2|33|8|2|1|0|10|5|1|1|0
RZ1|210|2|Don|5|1|5|1|1|1|1|0|0
RZ1|CHK|210|2|33|8|2|1|0|10|5|1|1|0
RZ1|211|2|Don|5|2|5|2|1|1|1|0|0
RZ1|CHK|211|2|33|8|2|1|0|10|5|1|1|0
RZ1|212|2|Don|5|3|5|3|1|1|1|0|0
RZ1|CHK|212|2|33|8|2|1|0|10|5|1|1|0
RZ1|213|2|Don|5|4|5|4|1|1|1|0|0
RZ1|CHK|213|2|33|8|2|1|0|10|5|1|1|0
RZ1|214|2|Don|5|5|5|5|1|1|1|0|0
RZ1|CHK|214|2|33|8|2|1|0|10|5|1|1|0
RZ1|215|2|Don|5|6|5|6|1|1|1|0|0
RZ1|CHK|215|2|33|8|2|1|0|10|5|1|1|0
RZ1|216|2|Don|5|7|5|7|1|1|1|0|0
RZ1|CHK|216|2|33|8|2|1|0|10|5|1|1|0
[Opponent] Deploy Edward Newgate ["OP16-003">OP16-003]
RZ1|217|2|OP16-003|1|2|2|2|1|1|0|0|0
RZ1|CHK|217|2|33|7|3|1|0|10|5|1|1|0
[Opponent] Portgas D. Ace ["OP16-001">OP16-001] attacking Marshall D. Teach ["OP16-080">OP16-080]
Portgas D. Ace ["OP16-001">OP16-001][9000] vs Marshall D. Teach ["OP16-080">OP16-080][5000]
Marshall D. Teach ["OP16-080">OP16-080] hit for 2 damage
RZ1|218|1|OP16-110|3|2|1|5|1|1|0|0|0
RZ1|CHK|218|1|28|6|5|2|1|9|8|1|1|0
[You] Vasco Shot ["OP16-110">OP16-110]: Activate Trigger
RZ1|219|1|OP16-110|1|5|6|8|1|1|0|0|0
RZ1|CHK|219|1|28|5|5|2|1|9|9|1|1|0
[] Drew card from deck: Marshall D. Teach ["OP09-093">OP09-093]
RZ1|220|1|OP09-093|0|27|1|5|1|1|0|0|0
RZ1|CHK|220|1|27|6|5|2|1|9|9|1|1|0
[You] Vasco Shot ["OP16-110">OP16-110]: Draw 1 Card
[You] Vasco Shot ["OP16-110">OP16-110]: Rest Portgas D. Ace ["OP16-118">OP16-118]
RZ1|221|1|OP09-093|3|1|1|6|1|1|0|0|0
RZ1|CHK|221|1|27|7|5|1|1|9|9|1|1|0
[Opponent] Edward Newgate ["OP16-003">OP16-003] attacking Marshall D. Teach ["OP16-080">OP16-080]
Edward Newgate ["OP16-003">OP16-003][10000] vs Marshall D. Teach ["OP16-080">OP16-080][5000]
Marshall D. Teach ["OP16-080">OP16-080] hit for 1 damage
RZ1|222|1|EB04-058|3|0|1|7|1|1|0|0|0
RZ1|CHK|222|1|27|8|5|0|1|9|9|1|1|0
RZ1|223|2|Don|5|8|5|8|1|1|1|0|0
RZ1|CHK|223|2|33|7|3|1|0|10|5|1|1|0
RZ1|224|2|Don|5|9|5|9|1|1|1|0|0
RZ1|CHK|224|2|33|7|3|1|0|10|5|1|1|0
[Opponent] Deploy Monkey D. Luffy ["OP16-015">OP16-015]
RZ1|225|2|OP16-015|1|2|2|3|1|1|0|0|0
RZ1|CHK|225|2|33|6|4|1|0|10|5|1|1|0
[Opponent] Portgas D. Ace ["OP16-001">OP16-001]: Give Edward Newgate ["OP16-003">OP16-003] Rush
[Opponent] Edward Newgate ["OP16-003">OP16-003] attacking Catarina Devon ["OP16-104">OP16-104]
Edward Newgate ["OP16-003">OP16-003][10000] vs Catarina Devon ["OP16-104">OP16-104][3000]
[You] Catarina Devon ["OP16-104">OP16-104] Destroyed
RZ1|226|1|OP16-104|2|0|6|9|1|1|0|0|0
RZ1|CHK|226|1|27|8|4|0|1|9|10|1|1|0
[] Hand: [OP17-005,OP17-005,OP16-014,OP16-004,OP10-015,OP16-021]
[] Board: [OP16-118,OP16-003,OP16-003,OP16-015]
[] Trash: [ST23-001,OP17-006,OP13-016,OP16-118,ST23-001]
[] Life: 1
[] Hand: [OP09-093,OP16-115,OP16-109,OP09-095,OP16-110,OP09-093,OP09-093,EB04-058]
[] Trash: [OP09-095,EB04-058,OP16-109,OP16-109,OP16-104,OP16-104,OP16-110,OP09-095,OP16-110,OP16-104]
[] Board: [OP16-108,OP16-110,OP09-095,OP16-119]
[] Life: 0
[Opponent] End Turn
[] Hand: [OP09-093,OP16-115,OP16-109,OP09-095,OP16-110,OP09-093,OP09-093,EB04-058]
[] Board: [OP16-108,OP16-110,OP09-095,OP16-119]
[] Trash: [OP09-095,EB04-058,OP16-109,OP16-109,OP16-104,OP16-104,OP16-110,OP09-095,OP16-110,OP16-104]
[] Life: 0
[] Hand: [OP17-005,OP17-005,OP16-014,OP16-004,OP10-015,OP16-021]
[] Trash: [ST23-001,OP17-006,OP13-016,OP16-118,ST23-001]
[] Board: [OP16-118,OP16-003,OP16-003,OP16-015]
[] Life: 1
[You] Draw 1 Card
[] Drew card from deck: Doc Q ["OP16-109">OP16-109]
RZ1|227|1|OP16-109|0|26|1|8|1|1|0|0|0
RZ1|CHK|227|1|26|9|4|0|1|9|10|1|1|0
RZ1|228|1|Don|4|0|5|9|1|1|0|0|0
RZ1|CHK|228|1|26|9|4|0|0|10|10|1|1|0
[You] Draw 2 Don
[You] Shiryu ["OP16-108">OP16-108] attacking Portgas D. Ace ["OP16-001">OP16-001]
RZ1|229|2|OP16-014|1|2|6|5|1|1|0|0|0
RZ1|CHK|229|2|33|5|4|1|0|10|6|1|1|0
[Opponent] Monkey D. Luffy ["OP16-015">OP16-015]: Trash Marco ["OP16-014">OP16-014]
[Opponent] Monkey D. Luffy ["OP16-015">OP16-015]: Set Monkey D. Luffy ["OP16-015">OP16-015] Base Power to 1000
[Opponent] Monkey D. Luffy ["OP16-015">OP16-015]: Set Portgas D. Ace ["OP16-001">OP16-001] Base Power to 2000
[Opponent] Discard Curiel ["OP16-004">OP16-004] for Counter 2000
RZ1|230|2|OP16-004|1|2|6|6|1|1|0|0|0
RZ1|CHK|230|2|33|4|4|1|0|10|7|1|1|0
Shiryu ["OP16-108">OP16-108][8000] vs Portgas D. Ace ["OP16-001">OP16-001][9000]
Attack Fails
[You] Marshall D. Teach ["OP16-119">OP16-119] attacking Portgas D. Ace ["OP16-001">OP16-001]
Marshall D. Teach ["OP16-119">OP16-119][10000] vs Portgas D. Ace ["OP16-001">OP16-001][7000]
Portgas D. Ace ["OP16-001">OP16-001] hit for 1 damage
RZ1|231|2|OP17-017|3|0|1|4|1|1|0|0|0
RZ1|CHK|231|2|33|5|4|0|0|10|7|1|1|0
RZ1|232|1|Don|5|0|9|9900|1|1|0|0|0
RZ1|CHK|232|1|26|9|4|0|0|9|10|1|1|1
RZ1|233|1|Don|5|0|9|9901|1|1|0|0|0
RZ1|CHK|233|1|26|9|4|0|0|8|10|1|1|2
[You] Attach 2 Don to Marshall D. Teach ["OP16-080">OP16-080] (2 Total)
[You] Marshall D. Teach ["OP16-080">OP16-080] attacking Portgas D. Ace ["OP16-001">OP16-001]
[Opponent] Discard Mocha ["OP10-015">OP10-015] for Counter 2000
RZ1|234|2|OP10-015|1|2|6|7|1|1|0|0|0
RZ1|CHK|234|2|33|4|4|0|0|10|8|1|1|0
Marshall D. Teach ["OP16-080">OP16-080][7000] vs Portgas D. Ace ["OP16-001">OP16-001][9000]
Attack Fails
RZ1|235|1|Don|5|0|9|100|1|1|0|0|0
RZ1|CHK|235|1|26|9|4|0|0|7|10|1|1|3
RZ1|236|1|Don|5|0|9|101|1|1|0|0|0
RZ1|CHK|236|1|26|9|4|0|0|6|10|1|1|4
RZ1|237|1|Don|5|0|9|102|1|1|0|0|0
RZ1|CHK|237|1|26|9|4|0|0|5|10|1|1|5
RZ1|238|1|Don|5|0|9|103|1|1|0|0|0
RZ1|CHK|238|1|26|9|4|0|0|4|10|1|1|6
RZ1|239|1|Don|5|0|9|104|1|1|0|0|0
RZ1|CHK|239|1|26|9|4|0|0|3|10|1|1|7
[You] Attach 5 Don to Vasco Shot ["OP16-110">OP16-110] (5 Total)
[You] Vasco Shot ["OP16-110">OP16-110] attacking Portgas D. Ace ["OP16-001">OP16-001]
Vasco Shot ["OP16-110">OP16-110][7000] vs Portgas D. Ace ["OP16-001">OP16-001][7000]
Portgas D. Ace ["OP16-001">OP16-001] hit for 1 damage
[Opponent] <b>Downloaded the Combat Log!</b>
GameOver