Version is 1.42c.22
[You] Leader is Marshall D. Teach ["OP16-080">OP16-080]
RZ1|HDR|1.42c|2|RZ1
RZ1|PLY|1||OP16-080
RZ1|PLY|2||
[Opponent] Leader is Rocks D. Xebec ["OP17-039">OP17-039]
RZ1|1|2|OP17-049|0|20|0|0|0|0|0|0|0
RZ1|CHK|1|2|50|0|0|0|10|0|0|0|1|0
RZ1|2|2|OP17-044|0|14|0|1|0|0|0|0|0
RZ1|CHK|2|2|50|0|0|0|10|0|0|0|1|0
RZ1|3|2|OP17-044|0|16|0|2|0|0|0|0|0
RZ1|CHK|3|2|50|0|0|0|10|0|0|0|1|0
RZ1|4|2|OP17-040|0|28|0|3|0|0|0|0|0
RZ1|CHK|4|2|50|0|0|0|10|0|0|0|1|0
RZ1|5|2|OP17-054|0|11|0|4|0|0|0|0|0
RZ1|CHK|5|2|50|0|0|0|10|0|0|0|1|0
RZ1|6|2|OP17-057|0|46|0|5|0|0|0|0|0
RZ1|CHK|6|2|50|0|0|0|10|0|0|0|1|0
RZ1|7|2|OP17-056|0|46|0|6|0|0|0|0|0
RZ1|CHK|7|2|50|0|0|0|10|0|0|0|1|0
RZ1|8|2|OP17-049|0|24|0|7|0|0|0|0|0
RZ1|CHK|8|2|50|0|0|0|10|0|0|0|1|0
RZ1|9|2|OP17-056|0|44|0|8|0|0|0|0|0
RZ1|CHK|9|2|50|0|0|0|10|0|0|0|1|0
RZ1|10|2|OP17-040|0|31|0|9|0|0|0|0|0
RZ1|CHK|10|2|50|0|0|0|10|0|0|0|1|0
RZ1|11|2|OP17-054|0|16|0|10|0|0|0|0|0
RZ1|CHK|11|2|50|0|0|0|10|0|0|0|1|0
RZ1|12|2|OP17-055|0|43|0|11|0|0|0|0|0
RZ1|CHK|12|2|50|0|0|0|10|0|0|0|1|0
RZ1|13|2|OP17-057|0|47|0|12|0|0|0|0|0
RZ1|CHK|13|2|50|0|0|0|10|0|0|0|1|0
RZ1|14|2|OP17-055|0|43|0|13|0|0|0|0|0
RZ1|CHK|14|2|50|0|0|0|10|0|0|0|1|0
RZ1|15|2|OP17-118|0|42|0|14|0|0|0|0|0
RZ1|CHK|15|2|50|0|0|0|10|0|0|0|1|0
RZ1|16|2|OP17-056|0|47|0|15|0|0|0|0|0
RZ1|CHK|16|2|50|0|0|0|10|0|0|0|1|0
RZ1|17|2|OP17-048|0|38|0|16|0|0|0|0|0
RZ1|CHK|17|2|50|0|0|0|10|0|0|0|1|0
RZ1|18|2|OP17-048|0|40|0|17|0|0|0|0|0
RZ1|CHK|18|2|50|0|0|0|10|0|0|0|1|0
RZ1|19|2|OP17-046|0|31|0|18|0|0|0|0|0
RZ1|CHK|19|2|50|0|0|0|10|0|0|0|1|0
RZ1|20|2|OP17-118|0|44|0|19|0|0|0|0|0
RZ1|CHK|20|2|50|0|0|0|10|0|0|0|1|0
RZ1|21|2|OP17-056|0|47|0|20|0|0|0|0|0
RZ1|CHK|21|2|50|0|0|0|10|0|0|0|1|0
RZ1|22|2|OP17-042|0|29|0|21|0|0|0|0|0
RZ1|CHK|22|2|50|0|0|0|10|0|0|0|1|0
RZ1|23|2|OP17-042|0|30|0|22|0|0|0|0|0
RZ1|CHK|23|2|50|0|0|0|10|0|0|0|1|0
RZ1|24|2|OP17-118|0|44|0|23|0|0|0|0|0
RZ1|CHK|24|2|50|0|0|0|10|0|0|0|1|0
RZ1|25|2|OP17-040|0|41|0|24|0|0|0|0|0
RZ1|CHK|25|2|50|0|0|0|10|0|0|0|1|0
RZ1|26|2|OP17-044|0|34|0|25|0|0|0|0|0
RZ1|CHK|26|2|50|0|0|0|10|0|0|0|1|0
RZ1|27|2|OP17-054|0|32|0|26|0|0|0|0|0
RZ1|CHK|27|2|50|0|0|0|10|0|0|0|1|0
RZ1|28|2|OP17-046|0|35|0|27|0|0|0|0|0
RZ1|CHK|28|2|50|0|0|0|10|0|0|0|1|0
RZ1|29|2|OP17-053|0|40|0|28|0|0|0|0|0
RZ1|CHK|29|2|50|0|0|0|10|0|0|0|1|0
RZ1|30|2|OP17-050|0|30|0|29|0|0|0|0|0
RZ1|CHK|30|2|50|0|0|0|10|0|0|0|1|0
RZ1|31|2|OP17-049|0|39|0|30|0|0|0|0|0
RZ1|CHK|31|2|50|0|0|0|10|0|0|0|1|0
RZ1|32|2|OP17-048|0|44|0|31|0|0|0|0|0
RZ1|CHK|32|2|50|0|0|0|10|0|0|0|1|0
RZ1|33|2|OP17-118|0|45|0|32|0|0|0|0|0
RZ1|CHK|33|2|50|0|0|0|10|0|0|0|1|0
RZ1|34|2|OP17-046|0|41|0|33|0|0|0|0|0
RZ1|CHK|34|2|50|0|0|0|10|0|0|0|1|0
RZ1|35|2|OP17-045|0|38|0|34|0|0|0|0|0
RZ1|CHK|35|2|50|0|0|0|10|0|0|0|1|0
RZ1|36|2|OP17-046|0|41|0|35|0|0|0|0|0
RZ1|CHK|36|2|50|0|0|0|10|0|0|0|1|0
RZ1|37|2|OP17-057|0|48|0|36|0|0|0|0|0
RZ1|CHK|37|2|50|0|0|0|10|0|0|0|1|0
RZ1|38|2|OP17-053|0|44|0|37|0|0|0|0|0
RZ1|CHK|38|2|50|0|0|0|10|0|0|0|1|0
RZ1|39|2|OP17-045|0|40|0|38|0|0|0|0|0
RZ1|CHK|39|2|50|0|0|0|10|0|0|0|1|0
RZ1|40|2|OP17-055|0|47|0|39|0|0|0|0|0
RZ1|CHK|40|2|50|0|0|0|10|0|0|0|1|0
RZ1|41|2|OP17-040|0|46|0|40|0|0|0|0|0
RZ1|CHK|41|2|50|0|0|0|10|0|0|0|1|0
RZ1|42|2|OP17-045|0|43|0|41|0|0|0|0|0
RZ1|CHK|42|2|50|0|0|0|10|0|0|0|1|0
RZ1|43|2|OP17-054|0|44|0|42|0|0|0|0|0
RZ1|CHK|43|2|50|0|0|0|10|0|0|0|1|0
RZ1|44|2|OP17-057|0|49|0|43|0|0|0|0|0
RZ1|CHK|44|2|50|0|0|0|10|0|0|0|1|0
RZ1|45|2|OP17-042|0|46|0|44|0|0|0|0|0
RZ1|CHK|45|2|50|0|0|0|10|0|0|0|1|0
RZ1|46|2|OP17-049|0|47|0|45|0|0|0|0|0
RZ1|CHK|46|2|50|0|0|0|10|0|0|0|1|0
[] Drew card from deck: Shiryu ["OP16-108">OP16-108]
RZ1|47|1|OP16-108|0|49|1|0|1|1|0|0|0
RZ1|CHK|47|1|49|1|0|0|10|0|0|0|1|0
[] Drew card from deck: Black Rope Dragon Twister ["EB04-059">EB04-059]
RZ1|48|1|EB04-059|0|48|1|1|1|1|0|0|0
RZ1|CHK|48|1|48|2|0|0|10|0|0|0|1|0
[] Drew card from deck: Vasco Shot ["OP16-110">OP16-110]
RZ1|49|1|OP16-110|0|47|1|2|1|1|0|0|0
RZ1|CHK|49|1|47|3|0|0|10|0|0|0|1|0
[] Drew card from deck: Fullalead ["OP09-099">OP09-099]
RZ1|50|1|OP09-099|0|46|1|3|1|1|0|0|0
RZ1|CHK|50|1|46|4|0|0|10|0|0|0|1|0
[] Drew card from deck: Borsalino ["EB04-058">EB04-058]
RZ1|51|1|EB04-058|0|45|1|4|1|1|0|0|0
RZ1|CHK|51|1|45|5|0|0|10|0|0|0|1|0
[] Drew card from deck: There's No Authority in the World ["OP17-055">OP17-055]
RZ1|52|2|OP17-055|0|49|1|0|1|1|0|0|0
RZ1|CHK|52|2|49|1|0|0|10|0|0|0|1|0
[] Drew card from deck: Shiki ["OP17-048">OP17-048]
RZ1|53|2|OP17-048|0|48|1|1|1|1|0|0|0
RZ1|CHK|53|2|48|2|0|0|10|0|0|0|1|0
[] Drew card from deck: Streusen ["OP17-050">OP17-050]
RZ1|54|2|OP17-050|0|47|1|2|1|1|0|0|0
RZ1|CHK|54|2|47|3|0|0|10|0|0|0|1|0
[] Drew card from deck: Streusen ["OP17-050">OP17-050]
RZ1|55|2|OP17-050|0|46|1|3|1|1|0|0|0
RZ1|CHK|55|2|46|4|0|0|10|0|0|0|1|0
[] Drew card from deck: Charlotte Linlin ["OP17-049">OP17-049]
RZ1|56|2|OP17-049|0|45|1|4|1|1|0|0|0
RZ1|CHK|56|2|45|5|0|0|10|0|0|0|1|0
RZ1|57|1|OP16-104|0|44|3|0|1|0|0|0|0
RZ1|CHK|57|1|44|5|0|1|10|0|0|0|1|0
RZ1|58|1|OP09-086|0|43|3|1|1|0|0|0|0
RZ1|CHK|58|1|43|5|0|2|10|0|0|0|1|0
RZ1|59|1|OP16-119|0|42|3|2|1|0|0|0|0
RZ1|CHK|59|1|42|5|0|3|10|0|0|0|1|0
RZ1|60|1|OP16-110|0|41|3|3|1|0|0|0|0
RZ1|CHK|60|1|41|5|0|4|10|0|0|0|1|0
RZ1|61|2|OP17-042|0|44|3|0|0|1|0|0|0
RZ1|CHK|61|2|44|5|0|1|10|0|0|0|1|0
RZ1|62|2|OP17-057|0|43|3|1|0|1|0|0|0
RZ1|CHK|62|2|43|5|0|2|10|0|0|0|1|0
RZ1|63|2|OP17-054|0|42|3|2|0|1|0|0|0
RZ1|CHK|63|2|42|5|0|3|10|0|0|0|1|0
RZ1|64|2|OP17-045|0|41|3|3|0|1|0|0|0
RZ1|CHK|64|2|41|5|0|4|10|0|0|0|1|0
RZ1|65|2|OP17-040|0|40|3|4|0|1|0|0|0
RZ1|CHK|65|2|40|5|0|5|10|0|0|0|1|0
[] Hand: [OP16-108,EB04-059,OP16-110,OP09-099,EB04-058]
[] Board: []
[] Trash: []
[] Life: 4
[] Hand: [OP17-055,OP17-048,OP17-050,OP17-050,OP17-049]
[] Trash: []
[] Board: []
[] Life: 5
RZ1|66|1|Don|4|9|5|0|1|1|0|0|0
RZ1|CHK|66|1|41|5|0|4|9|1|0|0|1|0
[You] Draw 1 Don
RZ1|67|1|Don|5|0|5|0|1|1|1|0|0
RZ1|CHK|67|1|41|5|0|4|9|1|0|0|1|0
[You] Deploy Fullalead ["OP09-099">OP09-099]
RZ1|68|1|OP09-099|1|3|7|0|1|1|0|0|0
RZ1|CHK|68|1|41|4|0|4|9|1|0|1|1|0
[You] Fullalead ["OP09-099">OP09-099]: Rest Fullalead ["OP09-099">OP09-099]
RZ1|69|1|EB04-058|1|3|6|0|1|1|0|0|0
RZ1|CHK|69|1|41|3|0|4|9|1|1|1|1|0
[You] Fullalead ["OP09-099">OP09-099]: Trash Borsalino ["EB04-058">EB04-058]
RZ1|70|1|OP09-096|0|40|1|3|1|1|0|0|0
RZ1|CHK|70|1|40|4|0|4|9|1|1|1|1|0
[You] Fullalead ["OP09-099">OP09-099]: <b>Reveal and Draw This is MY AGE!!!! ["OP09-096">OP09-096]</b>
[You] Placing Cards on Bottom of Deck
RZ1|71|1|OP16-119|0|39|0|0|0|0|0|0|0
RZ1|CHK|71|1|40|4|0|4|9|1|1|1|1|0
RZ1|72|1|OP09-086|0|39|0|0|0|0|0|0|0
RZ1|CHK|72|1|40|4|0|4|9|1|1|1|1|0
[] Hand: [OP16-108,EB04-059,OP16-110,OP09-096]
[] Board: []
[] Trash: [EB04-058]
[] Life: 4
[] Hand: [OP17-055,OP17-048,OP17-050,OP17-050,OP17-049]
[] Trash: []
[] Board: []
[] Life: 5
[You] End Turn
[] Hand: [OP17-055,OP17-048,OP17-050,OP17-050,OP17-049]
[] Board: []
[] Trash: []
[] Life: 5
[] Hand: [OP16-108,EB04-059,OP16-110,OP09-096]
[] Trash: [EB04-058]
[] Board: []
[] Life: 4
[Opponent] Draw 1 Card
[] Drew card from deck: There's No Authority in the World ["OP17-055">OP17-055]
RZ1|73|2|OP17-055|0|39|1|5|1|1|0|0|0
RZ1|CHK|73|2|39|6|0|5|10|0|0|0|1|0
RZ1|74|2|Don|4|9|5|0|1|1|0|0|0
RZ1|CHK|74|2|39|6|0|5|9|1|0|0|1|0
RZ1|75|2|Don|4|8|5|1|1|1|0|0|0
RZ1|CHK|75|2|39|6|0|5|8|2|0|0|1|0
[Opponent] Draw 2 Don
RZ1|76|2|Don|5|0|5|0|1|1|1|0|0
RZ1|CHK|76|2|39|6|0|5|8|2|0|0|1|0
[Opponent] Deploy Streusen ["OP17-050">OP17-050]
RZ1|77|2|OP17-050|1|2|2|0|1|1|0|0|0
RZ1|CHK|77|2|39|5|1|5|8|2|0|0|1|0
[Opponent] Placing Cards on Bottom of Deck
RZ1|78|2|OP17-045|0|38|0|0|0|0|0|0|0
RZ1|CHK|78|2|39|5|1|5|8|2|0|0|1|0
RZ1|79|2|OP17-053|0|38|0|0|0|0|0|0|0
RZ1|CHK|79|2|39|5|1|5|8|2|0|0|1|0
[] Drew card from deck: Fullalead ["OP17-057">OP17-057]
RZ1|80|2|OP17-057|0|38|1|5|1|1|0|0|0
RZ1|CHK|80|2|38|6|1|5|8|2|0|0|1|0
[Opponent] Streusen ["OP17-050">OP17-050]: Draw 1 Card
RZ1|81|2|Don|5|1|5|1|1|1|1|0|0
RZ1|CHK|81|2|38|6|1|5|8|2|0|0|1|0
[Opponent] Deploy Streusen ["OP17-050">OP17-050]
RZ1|82|2|OP17-050|1|2|2|1|1|1|0|0|0
RZ1|CHK|82|2|38|5|2|5|8|2|0|0|1|0
[Opponent] Placing Cards on Bottom of Deck
RZ1|83|2|OP17-046|0|37|0|0|0|0|0|0|0
RZ1|CHK|83|2|38|5|2|5|8|2|0|0|1|0
RZ1|84|2|OP17-045|0|37|0|0|0|0|0|0|0
RZ1|CHK|84|2|38|5|2|5|8|2|0|0|1|0
[] Drew card from deck: Gloriosa ["OP17-046">OP17-046]
RZ1|85|2|OP17-046|0|37|1|5|1|1|0|0|0
RZ1|CHK|85|2|37|6|2|5|8|2|0|0|1|0
[Opponent] Streusen ["OP17-050">OP17-050]: Draw 1 Card
[] Hand: [OP17-055,OP17-048,OP17-049,OP17-055,OP17-057,OP17-046]
[] Board: [OP17-050,OP17-050]
[] Trash: []
[] Life: 5
[] Hand: [OP16-108,EB04-059,OP16-110,OP09-096]
[] Trash: [EB04-058]
[] Board: []
[] Life: 4
[Opponent] End Turn
[] Hand: [OP16-108,EB04-059,OP16-110,OP09-096]
[] Board: []
[] Trash: [EB04-058]
[] Life: 4
[] Hand: [OP17-055,OP17-048,OP17-049,OP17-055,OP17-057,OP17-046]
[] Trash: []
[] Board: [OP17-050,OP17-050]
[] Life: 5
[You] Draw 1 Card
[] Drew card from deck: This is MY AGE!!!! ["OP09-096">OP09-096]
RZ1|86|1|OP09-096|0|39|1|4|1|1|0|0|0
RZ1|CHK|86|1|39|5|0|4|9|1|1|1|1|0
RZ1|87|1|Don|4|8|5|1|1|1|0|0|0
RZ1|CHK|87|1|39|5|0|4|8|2|1|1|1|0
RZ1|88|1|Don|4|7|5|2|1|1|0|0|0
RZ1|CHK|88|1|39|5|0|4|7|3|1|1|1|0
[You] Draw 2 Don
RZ1|89|1|Don|5|0|5|0|1|1|1|0|0
RZ1|CHK|89|1|39|5|0|4|7|3|1|1|1|0
[You] Deploy Vasco Shot ["OP16-110">OP16-110]
RZ1|90|1|OP16-110|1|2|2|0|1|1|0|0|0
RZ1|CHK|90|1|39|4|1|4|7|3|1|1|1|0
[You] Marshall D. Teach ["OP16-080">OP16-080] attacking Rocks D. Xebec ["OP17-039">OP17-039]
[Opponent] There's No Authority in the World ["OP17-055">OP17-055]: Activate Counter
RZ1|91|2|OP17-055|1|0|6|0|1|1|0|0|0
RZ1|CHK|91|2|37|5|2|5|8|2|1|0|1|0
[Opponent] There's No Authority in the World ["OP17-055">OP17-055]: Buff Rocks D. Xebec ["OP17-039">OP17-039] 2000 for the Combat
Marshall D. Teach ["OP16-080">OP16-080][5000] vs Rocks D. Xebec ["OP17-039">OP17-039][7000]
Attack Fails
[You] This is MY AGE!!!! ["OP09-096">OP09-096]: Rest 1 Don
RZ1|92|1|Don|5|1|5|1|1|1|1|0|0
RZ1|CHK|92|1|39|4|1|4|7|3|1|1|1|0
RZ1|93|1|OP09-096|1|2|6|1|1|1|0|0|0
RZ1|CHK|93|1|39|3|1|4|7|3|2|1|1|0
RZ1|94|1|OP16-109|0|36|1|3|1|1|0|0|0
RZ1|CHK|94|1|38|4|1|4|7|3|2|1|1|0
[You] This is MY AGE!!!! ["OP09-096">OP09-096]: <b>Reveal and Draw Doc Q ["OP16-109">OP16-109]</b>
[You] This is MY AGE!!!! ["OP09-096">OP09-096]: Trash 2 Remaining Cards
RZ1|95|1|OP12-112|0|37|6|2|1|1|0|0|0
RZ1|CHK|95|1|37|4|1|4|7|3|3|1|1|0
RZ1|96|1|EB04-058|0|36|6|3|1|1|0|0|0
RZ1|CHK|96|1|36|4|1|4|7|3|4|1|1|0
[You] Fullalead ["OP09-099">OP09-099]: Rest Fullalead ["OP09-099">OP09-099]
RZ1|97|1|EB04-059|1|1|6|4|1|1|0|0|0
RZ1|CHK|97|1|36|3|1|4|7|3|5|1|1|0
[You] Fullalead ["OP09-099">OP09-099]: Trash Black Rope Dragon Twister ["EB04-059">EB04-059]
RZ1|98|1|OP09-096|0|35|1|3|1|1|0|0|0
RZ1|CHK|98|1|35|4|1|4|7|3|5|1|1|0
[You] Fullalead ["OP09-099">OP09-099]: <b>Reveal and Draw This is MY AGE!!!! ["OP09-096">OP09-096]</b>
[You] Placing Cards on Bottom of Deck
RZ1|99|1|EB04-058|0|34|0|0|0|0|0|0|0
RZ1|CHK|99|1|35|4|1|4|7|3|5|1|1|0
RZ1|100|1|OP16-108|0|34|0|0|0|0|0|0|0
RZ1|CHK|100|1|35|4|1|4|7|3|5|1|1|0
[You] This is MY AGE!!!! ["OP09-096">OP09-096]: Rest 1 Don
RZ1|101|1|Don|5|2|5|2|1|1|1|0|0
RZ1|CHK|101|1|35|4|1|4|7|3|5|1|1|0
RZ1|102|1|OP09-096|1|1|6|5|1|1|0|0|0
RZ1|CHK|102|1|35|3|1|4|7|3|6|1|1|0
RZ1|103|1|OP16-109|0|34|1|3|1|1|0|0|0
RZ1|CHK|103|1|34|4|1|4|7|3|6|1|1|0
[You] This is MY AGE!!!! ["OP09-096">OP09-096]: <b>Reveal and Draw Doc Q ["OP16-109">OP16-109]</b>
[You] This is MY AGE!!!! ["OP09-096">OP09-096]: Trash 2 Remaining Cards
RZ1|104|1|OP16-104|0|33|6|6|1|1|0|0|0
RZ1|CHK|104|1|33|4|1|4|7|3|7|1|1|0
RZ1|105|1|OP09-099|0|32|6|7|1|1|0|0|0
RZ1|CHK|105|1|32|4|1|4|7|3|8|1|1|0
[] Hand: [OP16-108,OP16-109,OP09-096,OP16-109]
[] Board: [OP16-110]
[] Trash: [EB04-058,OP09-096,OP12-112,EB04-058,EB04-059,OP09-096,OP16-104,OP09-099]
[] Life: 4
[] Hand: [OP17-048,OP17-049,OP17-055,OP17-057,OP17-046]
[] Trash: [OP17-055]
[] Board: [OP17-050,OP17-050]
[] Life: 5
[You] End Turn
[] Hand: [OP17-048,OP17-049,OP17-055,OP17-057,OP17-046]
[] Board: [OP17-050,OP17-050]
[] Trash: [OP17-055]
[] Life: 5
[] Hand: [OP16-108,OP16-109,OP09-096,OP16-109]
[] Trash: [EB04-058,OP09-096,OP12-112,EB04-058,EB04-059,OP09-096,OP16-104,OP09-099]
[] Board: [OP16-110]
[] Life: 4
[Opponent] Draw 1 Card
[] Drew card from deck: Rocks D. Xebec ["OP17-118">OP17-118]
RZ1|106|2|OP17-118|0|36|1|5|1|1|0|0|0
RZ1|CHK|106|2|36|6|2|5|8|2|1|0|1|0
RZ1|107|2|Don|4|7|5|2|1|1|0|0|0
RZ1|CHK|107|2|36|6|2|5|7|3|1|0|1|0
RZ1|108|2|Don|4|6|5|3|1|1|0|0|0
RZ1|CHK|108|2|36|6|2|5|6|4|1|0|1|0
[Opponent] Draw 2 Don
[Opponent] Rocks D. Xebec ["OP17-039">OP17-039] attacking Marshall D. Teach ["OP16-080">OP16-080]
RZ1|109|2|OP17-057|1|3|6|1|1|1|0|0|0
RZ1|CHK|109|2|36|5|2|5|6|4|2|0|1|0
[Opponent] Rocks D. Xebec ["OP17-039">OP17-039]: Trash Fullalead ["OP17-057">OP17-057]
RZ1|110|2|OP17-048|0|35|0|35|0|0|0|0|0
RZ1|CHK|110|2|36|5|2|5|6|4|2|0|1|0
[Opponent] Rocks D. Xebec ["OP17-039">OP17-039] revealed: Shiki ["OP17-048">OP17-048]
[] Drew card from deck: Shiki ["OP17-048">OP17-048]
RZ1|111|2|OP17-048|0|35|1|5|1|1|0|0|0
RZ1|CHK|111|2|35|6|2|5|6|4|2|0|1|0
[] Drew card from deck: Charlotte Linlin ["OP17-049">OP17-049]
RZ1|112|2|OP17-049|0|34|1|6|1|1|0|0|0
RZ1|CHK|112|2|34|7|2|5|6|4|2|0|1|0
[Opponent] Rocks D. Xebec ["OP17-039">OP17-039]: Draw 2 Card
[You] Discard Doc Q ["OP16-109">OP16-109] for Counter 2000
RZ1|113|1|OP16-109|1|1|6|8|1|1|0|0|0
RZ1|CHK|113|1|32|3|1|4|7|3|9|1|1|0
Rocks D. Xebec ["OP17-039">OP17-039][5000] vs Marshall D. Teach ["OP16-080">OP16-080][7000]
Attack Fails
RZ1|114|2|Don|5|0|5|0|1|1|1|0|0
RZ1|CHK|114|2|34|7|2|5|6|4|2|0|1|0
RZ1|115|2|Don|5|1|5|1|1|1|1|0|0
RZ1|CHK|115|2|34|7|2|5|6|4|2|0|1|0
RZ1|116|2|Don|5|2|5|2|1|1|1|0|0
RZ1|CHK|116|2|34|7|2|5|6|4|2|0|1|0
RZ1|117|2|Don|5|3|5|3|1|1|1|0|0
RZ1|CHK|117|2|34|7|2|5|6|4|2|0|1|0
[Opponent] Deploy Gloriosa ["OP17-046">OP17-046]
RZ1|118|2|OP17-046|1|3|2|2|1|1|0|0|0
RZ1|CHK|118|2|34|6|3|5|6|4|2|0|1|0
[Opponent] Gloriosa ["OP17-046">OP17-046]: Return Streusen ["OP17-050">OP17-050] to Deck Bottom
RZ1|119|2|OP17-050|2|0|0|0|0|0|0|0|0
RZ1|CHK|119|2|35|6|2|5|6|4|2|0|1|0
[] Hand: [OP17-048,OP17-049,OP17-055,OP17-118,OP17-048,OP17-049]
[] Board: [OP17-050,OP17-046]
[] Trash: [OP17-055,OP17-057]
[] Life: 5
[] Hand: [OP16-108,OP09-096,OP16-109]
[] Trash: [EB04-058,OP09-096,OP12-112,EB04-058,EB04-059,OP09-096,OP16-104,OP09-099,OP16-109]
[] Board: [OP16-110]
[] Life: 4
[Opponent] End Turn
[] Hand: [OP16-108,OP09-096,OP16-109]
[] Board: [OP16-110]
[] Trash: [EB04-058,OP09-096,OP12-112,EB04-058,EB04-059,OP09-096,OP16-104,OP09-099,OP16-109]
[] Life: 4
[] Hand: [OP17-048,OP17-049,OP17-055,OP17-118,OP17-048,OP17-049]
[] Trash: [OP17-055,OP17-057]
[] Board: [OP17-050,OP17-046]
[] Life: 5
[You] Draw 1 Card
[] Drew card from deck: Baby 5 ["OP12-112">OP12-112]
RZ1|120|1|OP12-112|0|31|1|3|1|1|0|0|0
RZ1|CHK|120|1|31|4|1|4|7|3|9|1|1|0
RZ1|121|1|Don|4|6|5|3|1|1|0|0|0
RZ1|CHK|121|1|31|4|1|4|6|4|9|1|1|0
RZ1|122|1|Don|4|5|5|4|1|1|0|0|0
RZ1|CHK|122|1|31|4|1|4|5|5|9|1|1|0
[You] Draw 2 Don
[You] Fullalead ["OP09-099">OP09-099]: Rest Fullalead ["OP09-099">OP09-099]
RZ1|123|1|OP09-096|1|1|6|9|1|1|0|0|0
RZ1|CHK|123|1|31|3|1|4|5|5|10|1|1|0
[You] Fullalead ["OP09-099">OP09-099]: Trash This is MY AGE!!!! ["OP09-096">OP09-096]
RZ1|124|1|OP16-109|0|28|1|3|1|1|0|0|0
RZ1|CHK|124|1|30|4|1|4|5|5|10|1|1|0
[You] Fullalead ["OP09-099">OP09-099]: <b>Reveal and Draw Doc Q ["OP16-109">OP16-109]</b>
[You] Placing Cards on Bottom of Deck
RZ1|125|1|OP09-099|0|29|0|0|0|0|0|0|0
RZ1|CHK|125|1|30|4|1|4|5|5|10|1|1|0
RZ1|126|1|OP16-106|0|29|0|0|0|0|0|0|0
RZ1|CHK|126|1|30|4|1|4|5|5|10|1|1|0
[You] Marshall D. Teach ["OP16-080">OP16-080] attacking Rocks D. Xebec ["OP17-039">OP17-039]
[Opponent] Gloriosa ["OP17-046">OP17-046] Blocks
Marshall D. Teach ["OP16-080">OP16-080][5000] vs Gloriosa ["OP17-046">OP17-046][1000]
[Opponent] Gloriosa ["OP17-046">OP17-046] Destroyed
RZ1|127|2|OP17-046|2|1|6|2|1|1|0|0|0
RZ1|CHK|127|2|35|6|1|5|6|4|3|0|1|0
RZ1|128|1|Don|5|0|9|0|1|1|0|0|0
RZ1|CHK|128|1|30|4|1|4|5|4|10|1|1|1
RZ1|129|1|Don|5|0|9|1|1|1|0|0|0
RZ1|CHK|129|1|30|4|1|4|5|3|10|1|1|2
RZ1|130|1|Don|5|0|9|2|1|1|0|0|0
RZ1|CHK|130|1|30|4|1|4|5|2|10|1|1|3
[You] Attach 3 Don to Vasco Shot ["OP16-110">OP16-110] (3 Total)
[You] Vasco Shot ["OP16-110">OP16-110] attacking Rocks D. Xebec ["OP17-039">OP17-039]
Vasco Shot ["OP16-110">OP16-110][5000] vs Rocks D. Xebec ["OP17-039">OP17-039][5000]
Rocks D. Xebec ["OP17-039">OP17-039] hit for 1 damage
RZ1|131|2|OP17-040|3|4|1|6|1|1|0|0|0
RZ1|CHK|131|2|35|7|1|4|6|4|3|0|1|0
RZ1|132|1|Don|5|0|5|0|1|1|1|0|0
RZ1|CHK|132|1|30|4|1|4|5|2|10|1|1|3
[You] Deploy Doc Q ["OP16-109">OP16-109]
RZ1|133|1|OP16-109|1|1|2|1|1|1|0|0|0
RZ1|CHK|133|1|30|3|2|4|5|2|10|1|1|3
RZ1|134|1|Don|5|1|5|1|1|1|1|0|0
RZ1|CHK|134|1|30|3|2|4|5|2|10|1|1|3
[You] Deploy Doc Q ["OP16-109">OP16-109]
RZ1|135|1|OP16-109|1|2|2|2|1|1|0|0|0
RZ1|CHK|135|1|30|2|3|4|5|2|10|1|1|3
[] Hand: [OP16-108,OP12-112]
[] Board: [OP16-110,OP16-109,OP16-109]
[] Trash: [EB04-058,OP09-096,OP12-112,EB04-058,EB04-059,OP09-096,OP16-104,OP09-099,OP16-109,OP09-096]
[] Life: 4
[] Hand: [OP17-048,OP17-049,OP17-055,OP17-118,OP17-048,OP17-049,OP17-040]
[] Trash: [OP17-055,OP17-057,OP17-046]
[] Board: [OP17-050]
[] Life: 4
[You] End Turn
[] Hand: [OP17-048,OP17-049,OP17-055,OP17-118,OP17-048,OP17-049,OP17-040]
[] Board: [OP17-050]
[] Trash: [OP17-055,OP17-057,OP17-046]
[] Life: 4
[] Hand: [OP16-108,OP12-112]
[] Trash: [EB04-058,OP09-096,OP12-112,EB04-058,EB04-059,OP09-096,OP16-104,OP09-099,OP16-109,OP09-096]
[] Board: [OP16-110,OP16-109,OP16-109]
[] Life: 4
[Opponent] Draw 1 Card
[] Drew card from deck: Streusen ["OP17-050">OP17-050]
RZ1|136|2|OP17-050|0|34|1|7|1|1|0|0|0
RZ1|CHK|136|2|34|8|1|4|6|4|3|0|1|0
RZ1|137|2|Don|4|5|5|4|1|1|0|0|0
RZ1|CHK|137|2|34|8|1|4|5|5|3|0|1|0
RZ1|138|2|Don|4|4|5|5|1|1|0|0|0
RZ1|CHK|138|2|34|8|1|4|4|6|3|0|1|0
[Opponent] Draw 2 Don
RZ1|139|2|Don|5|0|5|0|1|1|1|0|0
RZ1|CHK|139|2|34|8|1|4|4|6|3|0|1|0
RZ1|140|2|Don|5|1|5|1|1|1|1|0|0
RZ1|CHK|140|2|34|8|1|4|4|6|3|0|1|0
RZ1|141|2|Don|5|2|5|2|1|1|1|0|0
RZ1|CHK|141|2|34|8|1|4|4|6|3|0|1|0
RZ1|142|2|Don|5|3|5|3|1|1|1|0|0
RZ1|CHK|142|2|34|8|1|4|4|6|3|0|1|0
RZ1|143|2|Don|5|4|5|4|1|1|1|0|0
RZ1|CHK|143|2|34|8|1|4|4|6|3|0|1|0
RZ1|144|2|Don|5|5|5|5|1|1|1|0|0
RZ1|CHK|144|2|34|8|1|4|4|6|3|0|1|0
[Opponent] Deploy Edward Newgate ["OP17-040">OP17-040]
RZ1|145|2|OP17-040|1|6|2|1|1|1|0|0|0
RZ1|CHK|145|2|34|7|2|4|4|6|3|0|1|0
[] Drew card from deck: Barbell ["OP17-053">OP17-053]
RZ1|146|2|OP17-053|0|33|1|7|1|1|0|0|0
RZ1|CHK|146|2|33|8|2|4|4|6|3|0|1|0
[Opponent] Edward Newgate ["OP17-040">OP17-040]: Draw 1 Card
[Opponent] Streusen ["OP17-050">OP17-050] attacking Vasco Shot ["OP16-110">OP16-110]
Streusen ["OP17-050">OP17-050][2000] vs Vasco Shot ["OP16-110">OP16-110][2000]
[You] Vasco Shot ["OP16-110">OP16-110] Destroyed
RZ1|147|1|Don|9|0|5|0|1|1|1|0|0
RZ1|CHK|147|1|30|2|3|4|5|3|10|1|1|2
RZ1|148|1|Don|9|0|5|0|1|1|1|0|0
RZ1|CHK|148|1|30|2|3|4|5|4|10|1|1|1
RZ1|149|1|Don|9|0|5|0|1|1|1|0|0
RZ1|CHK|149|1|30|2|3|4|5|5|10|1|1|0
RZ1|150|1|OP16-110|2|0|6|10|1|1|0|0|0
RZ1|CHK|150|1|30|2|2|4|5|5|11|1|1|0
[] Drew card from deck: Catarina Devon ["OP16-104">OP16-104]
RZ1|151|1|OP16-104|0|29|1|2|1|1|0|0|0
RZ1|CHK|151|1|29|3|2|4|5|5|11|1|1|0
[You] Vasco Shot ["OP16-110">OP16-110]: Draw 1 Card
[You] Vasco Shot ["OP16-110">OP16-110]: Rest Edward Newgate ["OP17-040">OP17-040]
[Opponent] Rocks D. Xebec ["OP17-039">OP17-039] attacking Marshall D. Teach ["OP16-080">OP16-080]
RZ1|152|2|OP17-050|1|6|6|3|1|1|0|0|0
RZ1|CHK|152|2|33|7|2|4|4|6|4|0|1|0
[Opponent] Rocks D. Xebec ["OP17-039">OP17-039]: Trash Streusen ["OP17-050">OP17-050]
RZ1|153|2|OP17-046|0|32|0|32|0|0|0|0|0
RZ1|CHK|153|2|33|7|2|4|4|6|4|0|1|0
[Opponent] Rocks D. Xebec ["OP17-039">OP17-039] revealed: Gloriosa ["OP17-046">OP17-046]
[] Drew card from deck: Gloriosa ["OP17-046">OP17-046]
RZ1|154|2|OP17-046|0|32|1|7|1|1|0|0|0
RZ1|CHK|154|2|32|8|2|4|4|6|4|0|1|0
[] Drew card from deck: Stussy ["OP17-054">OP17-054]
RZ1|155|2|OP17-054|0|31|1|8|1|1|0|0|0
RZ1|CHK|155|2|31|9|2|4|4|6|4|0|1|0
[Opponent] Rocks D. Xebec ["OP17-039">OP17-039]: Draw 2 Card
RZ1|156|2|OP17-046|1|7|6|4|1|1|0|0|0
RZ1|CHK|156|2|31|8|2|4|4|6|5|0|1|0
[Opponent] Edward Newgate ["OP17-040">OP17-040]: Trash Gloriosa ["OP17-046">OP17-046]
[Opponent] Edward Newgate ["OP17-040">OP17-040]: Buff Rocks D. Xebec ["OP17-039">OP17-039] 3000 for the Combat
[You] Discard Baby 5 ["OP12-112">OP12-112] for Counter 2000
RZ1|157|1|OP12-112|1|1|6|11|1|1|0|0|0
RZ1|CHK|157|1|29|2|2|4|5|5|12|1|1|0
[You] Discard Catarina Devon ["OP16-104">OP16-104] for Counter 2000
RZ1|158|1|OP16-104|1|1|6|12|1|1|0|0|0
RZ1|CHK|158|1|29|1|2|4|5|5|13|1|1|0
Rocks D. Xebec ["OP17-039">OP17-039][8000] vs Marshall D. Teach ["OP16-080">OP16-080][9000]
Attack Fails
[] Hand: [OP17-048,OP17-049,OP17-055,OP17-118,OP17-048,OP17-049,OP17-053,OP17-054]
[] Board: [OP17-050,OP17-040]
[] Trash: [OP17-055,OP17-057,OP17-046,OP17-050,OP17-046]
[] Life: 4
[] Hand: [OP16-108]
[] Trash: [EB04-058,OP09-096,OP12-112,EB04-058,EB04-059,OP09-096,OP16-104,OP09-099,OP16-109,OP09-096,OP16-110,OP12-112,OP16-104]
[] Board: [OP16-109,OP16-109]
[] Life: 4
[Opponent] End Turn
[] Hand: [OP16-108]
[] Board: [OP16-109,OP16-109]
[] Trash: [EB04-058,OP09-096,OP12-112,EB04-058,EB04-059,OP09-096,OP16-104,OP09-099,OP16-109,OP09-096,OP16-110,OP12-112,OP16-104]
[] Life: 4
[] Hand: [OP17-048,OP17-049,OP17-055,OP17-118,OP17-048,OP17-049,OP17-053,OP17-054]
[] Trash: [OP17-055,OP17-057,OP17-046,OP17-050,OP17-046]
[] Board: [OP17-050,OP17-040]
[] Life: 4
[You] Draw 1 Card
[] Drew card from deck: Marshall D. Teach ["OP09-093">OP09-093]
RZ1|159|1|OP09-093|0|28|1|1|1|1|0|0|0
RZ1|CHK|159|1|28|2|2|4|5|5|13|1|1|0
RZ1|160|1|Don|4|4|5|5|1|1|0|0|0
RZ1|CHK|160|1|28|2|2|4|4|6|13|1|1|0
RZ1|161|1|Don|4|3|5|6|1|1|0|0|0
RZ1|CHK|161|1|28|2|2|4|3|7|13|1|1|0
[You] Draw 2 Don
RZ1|162|1|Don|5|0|5|0|1|1|1|0|0
RZ1|CHK|162|1|28|2|2|4|3|7|13|1|1|0
RZ1|163|1|Don|5|1|5|1|1|1|1|0|0
RZ1|CHK|163|1|28|2|2|4|3|7|13|1|1|0
RZ1|164|1|Don|5|2|5|2|1|1|1|0|0
RZ1|CHK|164|1|28|2|2|4|3|7|13|1|1|0
RZ1|165|1|Don|5|3|5|3|1|1|1|0|0
RZ1|CHK|165|1|28|2|2|4|3|7|13|1|1|0
RZ1|166|1|Don|5|4|5|4|1|1|1|0|0
RZ1|CHK|166|1|28|2|2|4|3|7|13|1|1|0
RZ1|167|1|Don|5|5|5|5|1|1|1|0|0
RZ1|CHK|167|1|28|2|2|4|3|7|13|1|1|0
[You] Deploy Shiryu ["OP16-108">OP16-108]
RZ1|168|1|OP16-108|1|0|2|2|1|1|0|0|0
RZ1|CHK|168|1|28|1|3|4|3|7|13|1|1|0
[You] Marshall D. Teach ["OP16-080">OP16-080] attacking Rocks D. Xebec ["OP17-039">OP17-039]
RZ1|169|2|OP17-054|1|7|6|5|1|1|0|0|0
RZ1|CHK|169|2|31|7|2|4|4|6|6|0|1|0
[Opponent] Edward Newgate ["OP17-040">OP17-040]: Trash Stussy ["OP17-054">OP17-054]
[Opponent] Edward Newgate ["OP17-040">OP17-040]: Buff Rocks D. Xebec ["OP17-039">OP17-039] 3000 for the Combat
Marshall D. Teach ["OP16-080">OP16-080][5000] vs Rocks D. Xebec ["OP17-039">OP17-039][8000]
Attack Fails
[] Hand: [OP09-093]
[] Board: [OP16-109,OP16-109,OP16-108]
[] Trash: [EB04-058,OP09-096,OP12-112,EB04-058,EB04-059,OP09-096,OP16-104,OP09-099,OP16-109,OP09-096,OP16-110,OP12-112,OP16-104]
[] Life: 4
[] Hand: [OP17-048,OP17-049,OP17-055,OP17-118,OP17-048,OP17-049,OP17-053]
[] Trash: [OP17-055,OP17-057,OP17-046,OP17-050,OP17-046,OP17-054]
[] Board: [OP17-050,OP17-040]
[] Life: 4
[You] End Turn
[] Hand: [OP17-048,OP17-049,OP17-055,OP17-118,OP17-048,OP17-049,OP17-053]
[] Board: [OP17-050,OP17-040]
[] Trash: [OP17-055,OP17-057,OP17-046,OP17-050,OP17-046,OP17-054]
[] Life: 4
[] Hand: [OP09-093]
[] Trash: [EB04-058,OP09-096,OP12-112,EB04-058,EB04-059,OP09-096,OP16-104,OP09-099,OP16-109,OP09-096,OP16-110,OP12-112,OP16-104]
[] Board: [OP16-109,OP16-109,OP16-108]
[] Life: 4
[Opponent] Draw 1 Card
[] Drew card from deck: Captain John ["OP17-044">OP17-044]
RZ1|170|2|OP17-044|0|30|1|7|1|1|0|0|0
RZ1|CHK|170|2|30|8|2|4|4|6|6|0|1|0
RZ1|171|2|Don|4|3|5|6|1|1|0|0|0
RZ1|CHK|171|2|30|8|2|4|3|7|6|0|1|0
RZ1|172|2|Don|4|2|5|7|1|1|0|0|0
RZ1|CHK|172|2|30|8|2|4|2|8|6|0|1|0
[Opponent] Draw 2 Don
RZ1|173|2|Don|5|0|5|0|1|1|1|0|0
RZ1|CHK|173|2|30|8|2|4|2|8|6|0|1|0
RZ1|174|2|Don|5|1|5|1|1|1|1|0|0
RZ1|CHK|174|2|30|8|2|4|2|8|6|0|1|0
RZ1|175|2|Don|5|2|5|2|1|1|1|0|0
RZ1|CHK|175|2|30|8|2|4|2|8|6|0|1|0
RZ1|176|2|Don|5|3|5|3|1|1|1|0|0
RZ1|CHK|176|2|30|8|2|4|2|8|6|0|1|0
RZ1|177|2|Don|5|4|5|4|1|1|1|0|0
RZ1|CHK|177|2|30|8|2|4|2|8|6|0|1|0
RZ1|178|2|Don|5|5|5|5|1|1|1|0|0
RZ1|CHK|178|2|30|8|2|4|2|8|6|0|1|0
RZ1|179|2|Don|5|6|5|6|1|1|1|0|0
RZ1|CHK|179|2|30|8|2|4|2|8|6|0|1|0
[Opponent] Deploy Shiki ["OP17-048">OP17-048]
RZ1|180|2|OP17-048|1|0|2|2|1|1|0|0|0
RZ1|CHK|180|2|30|7|3|4|2|8|6|0|1|0
[Opponent] Edward Newgate ["OP17-040">OP17-040] attacking Marshall D. Teach ["OP16-080">OP16-080]
Edward Newgate ["OP17-040">OP17-040][8000] vs Marshall D. Teach ["OP16-080">OP16-080][5000]
Marshall D. Teach ["OP16-080">OP16-080] hit for 1 damage
RZ1|181|1|OP16-110|3|3|1|1|1|1|0|0|0
RZ1|CHK|181|1|28|2|3|3|3|7|13|1|1|0
[You] Vasco Shot ["OP16-110">OP16-110]: Activate Trigger
RZ1|182|1|OP16-110|1|1|6|13|1|1|0|0|0
RZ1|CHK|182|1|28|1|3|3|3|7|14|1|1|0
[] Drew card from deck: Shiryu ["OP16-108">OP16-108]
RZ1|183|1|OP16-108|0|27|1|1|1|1|0|0|0
RZ1|CHK|183|1|27|2|3|3|3|7|14|1|1|0
[You] Vasco Shot ["OP16-110">OP16-110]: Draw 1 Card
[You] Vasco Shot ["OP16-110">OP16-110]: Rest Streusen ["OP17-050">OP17-050]
[Opponent] Rocks D. Xebec ["OP17-039">OP17-039] attacking Marshall D. Teach ["OP16-080">OP16-080]
RZ1|184|2|OP17-044|1|6|6|6|1|1|0|0|0
RZ1|CHK|184|2|30|6|3|4|2|8|7|0|1|0
[Opponent] Rocks D. Xebec ["OP17-039">OP17-039]: Trash Captain John ["OP17-044">OP17-044]
RZ1|185|2|OP17-040|0|29|0|29|0|0|0|0|0
RZ1|CHK|185|2|30|6|3|4|2|8|7|0|1|0
[Opponent] Rocks D. Xebec ["OP17-039">OP17-039] revealed: Edward Newgate ["OP17-040">OP17-040]
[] Drew card from deck: Edward Newgate ["OP17-040">OP17-040]
RZ1|186|2|OP17-040|0|29|1|6|1|1|0|0|0
RZ1|CHK|186|2|29|7|3|4|2|8|7|0|1|0
[] Drew card from deck: Rocks D. Xebec ["OP17-118">OP17-118]
RZ1|187|2|OP17-118|0|28|1|7|1|1|0|0|0
RZ1|CHK|187|2|28|8|3|4|2|8|7|0|1|0
[Opponent] Rocks D. Xebec ["OP17-039">OP17-039]: Draw 2 Card
RZ1|188|2|OP17-053|1|5|6|7|1|1|0|0|0
RZ1|CHK|188|2|28|7|3|4|2|8|8|0|1|0
[Opponent] Edward Newgate ["OP17-040">OP17-040]: Trash Barbell ["OP17-053">OP17-053]
[Opponent] Edward Newgate ["OP17-040">OP17-040]: Buff Rocks D. Xebec ["OP17-039">OP17-039] 3000 for the Combat
Rocks D. Xebec ["OP17-039">OP17-039][8000] vs Marshall D. Teach ["OP16-080">OP16-080][5000]
Marshall D. Teach ["OP16-080">OP16-080] hit for 1 damage
RZ1|189|1|OP16-119|3|2|1|2|1|1|0|0|0
RZ1|CHK|189|1|27|3|3|2|3|7|14|1|1|0
[You] Marshall D. Teach ["OP16-119">OP16-119]: Activate Trigger
RZ1|190|1|OP16-119|1|2|6|14|1|1|0|0|0
RZ1|CHK|190|1|27|2|3|2|3|7|15|1|1|0
[You] Marshall D. Teach ["OP16-119">OP16-119]: Nullify effects of Streusen ["OP17-050">OP17-050]
[You] Marshall D. Teach ["OP16-119">OP16-119]: Destroy Streusen ["OP17-050">OP17-050]
RZ1|191|2|OP17-050|2|0|6|8|1|1|0|0|0
RZ1|CHK|191|2|28|7|2|4|2|8|9|0|1|0
RZ1|192|2|OP17-055|1|1|6|9|1|1|0|0|0
RZ1|CHK|192|2|28|6|2|4|2|8|10|0|1|0
[] Hand: [OP17-049,OP17-118,OP17-048,OP17-049,OP17-040,OP17-118]
[] Board: [OP17-040,OP17-048]
[] Trash: [OP17-055,OP17-057,OP17-046,OP17-050,OP17-046,OP17-054,OP17-044,OP17-053,OP17-050,OP17-055]
[] Life: 4
[] Hand: [OP09-093,OP16-108]
[] Trash: [EB04-058,OP09-096,OP12-112,EB04-058,EB04-059,OP09-096,OP16-104,OP09-099,OP16-109,OP09-096,OP16-110,OP12-112,OP16-104,OP16-110,OP16-119]
[] Board: [OP16-109,OP16-109,OP16-108]
[] Life: 2
[Opponent] End Turn
[] Hand: [OP09-093,OP16-108]
[] Board: [OP16-109,OP16-109,OP16-108]
[] Trash: [EB04-058,OP09-096,OP12-112,EB04-058,EB04-059,OP09-096,OP16-104,OP09-099,OP16-109,OP09-096,OP16-110,OP12-112,OP16-104,OP16-110,OP16-119]
[] Life: 2
[] Hand: [OP17-049,OP17-118,OP17-048,OP17-049,OP17-040,OP17-118]
[] Trash: [OP17-055,OP17-057,OP17-046,OP17-050,OP17-046,OP17-054,OP17-044,OP17-053,OP17-050,OP17-055]
[] Board: [OP17-040,OP17-048]
[] Life: 4
[You] Draw 1 Card
[] Drew card from deck: Jesus Burgess ["OP09-086">OP09-086]
RZ1|193|1|OP09-086|0|26|1|2|1|1|0|0|0
RZ1|CHK|193|1|26|3|3|2|3|7|15|1|1|0
RZ1|194|1|Don|4|2|5|7|1|1|0|0|0
RZ1|CHK|194|1|26|3|3|2|2|8|15|1|1|0
RZ1|195|1|Don|4|1|5|8|1|1|0|0|0
RZ1|CHK|195|1|26|3|3|2|1|9|15|1|1|0
[You] Draw 2 Don
RZ1|196|1|Don|5|0|5|0|1|1|1|0|0
RZ1|CHK|196|1|26|3|3|2|1|9|15|1|1|0
RZ1|197|1|Don|5|1|5|1|1|1|1|0|0
RZ1|CHK|197|1|26|3|3|2|1|9|15|1|1|0
RZ1|198|1|Don|5|2|5|2|1|1|1|0|0
RZ1|CHK|198|1|26|3|3|2|1|9|15|1|1|0
RZ1|199|1|Don|5|3|5|3|1|1|1|0|0
RZ1|CHK|199|1|26|3|3|2|1|9|15|1|1|0
RZ1|200|1|Don|5|4|5|4|1|1|1|0|0
RZ1|CHK|200|1|26|3|3|2|1|9|15|1|1|0
RZ1|201|1|Don|5|5|5|5|1|1|1|0|0
RZ1|CHK|201|1|26|3|3|2|1|9|15|1|1|0
[You] Deploy Shiryu ["OP16-108">OP16-108]
RZ1|202|1|OP16-108|1|1|2|3|1|1|0|0|0
RZ1|CHK|202|1|26|2|4|2|1|9|15|1|1|0
RZ1|203|1|OP09-086|1|1|6|15|1|1|0|0|0
RZ1|CHK|203|1|26|1|4|2|1|9|16|1|1|0
[You] Shiryu ["OP16-108">OP16-108]: Trash Jesus Burgess ["OP09-086">OP09-086]
[You] Shiryu ["OP16-108">OP16-108]: Add Doc Q ["OP16-109">OP16-109] to top of Life
RZ1|204|1|OP16-109|6|8|3|2|1|1|0|0|0
RZ1|CHK|204|1|26|1|4|3|1|9|15|1|1|0
RZ1|205|1|Don|5|6|9|9900|1|1|0|0|0
RZ1|CHK|205|1|26|1|4|3|1|8|15|1|1|1
RZ1|206|1|Don|5|6|9|9901|1|1|0|0|0
RZ1|CHK|206|1|26|1|4|3|1|7|15|1|1|2
[You] Attach 2 Don to Marshall D. Teach ["OP16-080">OP16-080] (2 Total)
RZ1|207|1|Don|5|6|9|9902|1|1|0|0|0
RZ1|CHK|207|1|26|1|4|3|1|6|15|1|1|3
[You] Attach 1 Don to Marshall D. Teach ["OP16-080">OP16-080] (3 Total)
[You] Marshall D. Teach ["OP16-080">OP16-080] attacking Rocks D. Xebec ["OP17-039">OP17-039]
RZ1|208|2|OP17-049|1|0|6|10|1|1|0|0|0
RZ1|CHK|208|2|28|5|2|4|2|8|11|0|1|0
[Opponent] Edward Newgate ["OP17-040">OP17-040]: Trash Charlotte Linlin ["OP17-049">OP17-049]
[Opponent] Edward Newgate ["OP17-040">OP17-040]: Buff Rocks D. Xebec ["OP17-039">OP17-039] 3000 for the Combat
RZ1|209|2|OP17-049|1|2|6|11|1|1|0|0|0
RZ1|CHK|209|2|28|4|2|4|2|8|12|0|1|0
[Opponent] Shiki ["OP17-048">OP17-048]: Trash Charlotte Linlin ["OP17-049">OP17-049]
[Opponent] Shiki ["OP17-048">OP17-048]: Buff Shiryu ["OP16-108">OP16-108] -3000
Marshall D. Teach ["OP16-080">OP16-080][8000] vs Rocks D. Xebec ["OP17-039">OP17-039][8000]
Rocks D. Xebec ["OP17-039">OP17-039] hit for 1 damage
RZ1|210|2|OP17-045|3|3|1|4|1|1|0|0|0
RZ1|CHK|210|2|28|5|2|3|2|8|12|0|1|0
[You] Shiryu ["OP16-108">OP16-108] attacking Rocks D. Xebec ["OP17-039">OP17-039]
Shiryu ["OP16-108">OP16-108][5000] vs Rocks D. Xebec ["OP17-039">OP17-039][5000]
Rocks D. Xebec ["OP17-039">OP17-039] hit for 1 damage
RZ1|211|2|OP17-054|3|2|1|5|1|1|0|0|0
RZ1|CHK|211|2|28|6|2|2|2|8|12|0|1|0
[] Hand: [OP09-093]
[] Board: [OP16-109,OP16-109,OP16-108,OP16-108]
[] Trash: [EB04-058,OP09-096,OP12-112,EB04-058,EB04-059,OP09-096,OP16-104,OP09-099,OP09-096,OP16-110,OP12-112,OP16-104,OP16-110,OP16-119,OP09-086]
[] Life: 3
[] Hand: [OP17-118,OP17-048,OP17-040,OP17-118,OP17-045,OP17-054]
[] Trash: [OP17-055,OP17-057,OP17-046,OP17-050,OP17-046,OP17-054,OP17-044,OP17-053,OP17-050,OP17-055,OP17-049,OP17-049]
[] Board: [OP17-040,OP17-048]
[] Life: 2
[You] End Turn
[] Hand: [OP17-118,OP17-048,OP17-040,OP17-118,OP17-045,OP17-054]
[] Board: [OP17-040,OP17-048]
[] Trash: [OP17-055,OP17-057,OP17-046,OP17-050,OP17-046,OP17-054,OP17-044,OP17-053,OP17-050,OP17-055,OP17-049,OP17-049]
[] Life: 2
[] Hand: [OP09-093]
[] Trash: [EB04-058,OP09-096,OP12-112,EB04-058,EB04-059,OP09-096,OP16-104,OP09-099,OP09-096,OP16-110,OP12-112,OP16-104,OP16-110,OP16-119,OP09-086]
[] Board: [OP16-109,OP16-109,OP16-108,OP16-108]
[] Life: 3
[Opponent] Draw 1 Card
[] Drew card from deck: Kaido ["OP17-042">OP17-042]
RZ1|212|2|OP17-042|0|27|1|6|1|1|0|0|0
RZ1|CHK|212|2|27|7|2|2|2|8|12|0|1|0
RZ1|213|2|Don|4|1|5|8|1|1|0|0|0
RZ1|CHK|213|2|27|7|2|2|1|9|12|0|1|0
RZ1|214|2|Don|4|0|5|9|1|1|0|0|0
RZ1|CHK|214|2|27|7|2|2|0|10|12|0|1|0
[Opponent] Draw 2 Don
RZ1|215|2|Don|5|0|5|0|1|1|1|0|0
RZ1|CHK|215|2|27|7|2|2|0|10|12|0|1|0
RZ1|216|2|Don|5|1|5|1|1|1|1|0|0
RZ1|CHK|216|2|27|7|2|2|0|10|12|0|1|0
RZ1|217|2|Don|5|2|5|2|1|1|1|0|0
RZ1|CHK|217|2|27|7|2|2|0|10|12|0|1|0
RZ1|218|2|Don|5|3|5|3|1|1|1|0|0
RZ1|CHK|218|2|27|7|2|2|0|10|12|0|1|0
RZ1|219|2|Don|5|4|5|4|1|1|1|0|0
RZ1|CHK|219|2|27|7|2|2|0|10|12|0|1|0
RZ1|220|2|Don|5|5|5|5|1|1|1|0|0
RZ1|CHK|220|2|27|7|2|2|0|10|12|0|1|0
RZ1|221|2|Don|5|6|5|6|1|1|1|0|0
RZ1|CHK|221|2|27|7|2|2|0|10|12|0|1|0
RZ1|222|2|Don|5|7|5|7|1|1|1|0|0
RZ1|CHK|222|2|27|7|2|2|0|10|12|0|1|0
RZ1|223|2|Don|5|8|5|8|1|1|1|0|0
RZ1|CHK|223|2|27|7|2|2|0|10|12|0|1|0
RZ1|224|2|Don|5|9|5|9|1|1|1|0|0
RZ1|CHK|224|2|27|7|2|2|0|10|12|0|1|0
[Opponent] Deploy Rocks D. Xebec ["OP17-118">OP17-118]
RZ1|225|2|OP17-118|1|0|2|2|1|1|0|0|0
RZ1|CHK|225|2|27|6|3|2|0|10|12|0|1|0
[] Drew card from deck: Kaido ["OP17-042">OP17-042]
RZ1|226|2|OP17-042|0|26|1|6|1|1|0|0|0
RZ1|CHK|226|2|26|7|3|2|0|10|12|0|1|0
[Opponent] Rocks D. Xebec ["OP17-118">OP17-118]: Draw 1 Card
RZ1|227|2|OP17-042|1|5|2|3|1|1|0|0|0
RZ1|CHK|227|2|26|6|4|2|0|10|12|0|1|0
[Opponent] Rocks D. Xebec ["OP17-118">OP17-118]: Deploy Kaido ["OP17-042">OP17-042]
RZ1|228|2|OP17-054|1|4|2|4|1|1|0|0|0
RZ1|CHK|228|2|26|5|5|2|0|10|12|0|1|0
[Opponent] Rocks D. Xebec ["OP17-118">OP17-118]: Deploy Stussy ["OP17-054">OP17-054]
[Opponent] Kaido ["OP17-042">OP17-042] revealed: Kyo ["OP17-045">OP17-045]
[Opponent] Kaido ["OP17-042">OP17-042] revealed: Edward Newgate ["OP17-040">OP17-040]
[Opponent] Kaido ["OP17-042">OP17-042] revealed: Kaido ["OP17-042">OP17-042]
[Opponent] Forcing opponent to resolve Card Action!
[You] Forcing opponent to resolve Card Action!
[Opponent] Kaido ["OP17-042">OP17-042]: Buff Shiryu ["OP16-108">OP16-108] -3000
[Opponent] Stussy ["OP17-054">OP17-054]: Shiryu ["OP16-108">OP16-108] can't attack next turn
[Opponent] Shiki ["OP17-048">OP17-048] attacking Marshall D. Teach ["OP16-080">OP16-080]
RZ1|229|2|OP17-045|1|3|6|12|1|1|0|0|0
RZ1|CHK|229|2|26|4|5|2|0|10|13|0|1|0
[Opponent] Shiki ["OP17-048">OP17-048]: Trash Kyo ["OP17-045">OP17-045]
[Opponent] Shiki ["OP17-048">OP17-048]: Buff Shiryu ["OP16-108">OP16-108] -3000
Shiki ["OP17-048">OP17-048][9000] vs Marshall D. Teach ["OP16-080">OP16-080][5000]
Marshall D. Teach ["OP16-080">OP16-080] hit for 1 damage
RZ1|230|1|OP16-109|3|2|1|1|1|1|0|0|0
RZ1|CHK|230|1|26|2|4|2|1|6|15|1|1|3
[Opponent] Edward Newgate ["OP17-040">OP17-040] attacking Marshall D. Teach ["OP16-080">OP16-080]
Edward Newgate ["OP17-040">OP17-040][8000] vs Marshall D. Teach ["OP16-080">OP16-080][5000]
Marshall D. Teach ["OP16-080">OP16-080] hit for 1 damage
RZ1|231|1|OP09-086|3|1|1|2|1|1|0|0|0
RZ1|CHK|231|1|26|3|4|1|1|6|15|1|1|3
[Opponent] Rocks D. Xebec ["OP17-039">OP17-039] attacking Marshall D. Teach ["OP16-080">OP16-080]
RZ1|232|2|OP17-040|1|1|6|13|1|1|0|0|0
RZ1|CHK|232|2|26|3|5|2|0|10|14|0|1|0
[Opponent] Rocks D. Xebec ["OP17-039">OP17-039]: Trash Edward Newgate ["OP17-040">OP17-040]
RZ1|233|2|OP17-056|0|25|0|25|0|0|0|0|0
RZ1|CHK|233|2|26|3|5|2|0|10|14|0|1|0
[Opponent] Rocks D. Xebec ["OP17-039">OP17-039] revealed: Rocks Pirates ["OP17-056">OP17-056]
[] Drew card from deck: Rocks Pirates ["OP17-056">OP17-056]
RZ1|234|2|OP17-056|0|25|1|3|1|1|0|0|0
RZ1|CHK|234|2|25|4|5|2|0|10|14|0|1|0
[] Drew card from deck: Rocks D. Xebec ["OP17-118">OP17-118]
RZ1|235|2|OP17-118|0|24|1|4|1|1|0|0|0
RZ1|CHK|235|2|24|5|5|2|0|10|14|0|1|0
[Opponent] Rocks D. Xebec ["OP17-039">OP17-039]: Draw 2 Card
RZ1|236|2|OP17-042|1|2|6|14|1|1|0|0|0
RZ1|CHK|236|2|24|4|5|2|0|10|15|0|1|0
[Opponent] Edward Newgate ["OP17-040">OP17-040]: Trash Kaido ["OP17-042">OP17-042]
[Opponent] Edward Newgate ["OP17-040">OP17-040]: Buff Rocks D. Xebec ["OP17-039">OP17-039] 3000 for the Combat
Rocks D. Xebec ["OP17-039">OP17-039][8000] vs Marshall D. Teach ["OP16-080">OP16-080][5000]
Marshall D. Teach ["OP16-080">OP16-080] hit for 1 damage
RZ1|237|1|OP16-104|3|0|1|3|1|1|0|0|0
RZ1|CHK|237|1|26|4|4|0|1|6|15|1|1|3
[You] Catarina Devon ["OP16-104">OP16-104]: Activate Trigger
RZ1|238|1|OP16-104|1|3|6|15|1|1|0|0|0
RZ1|CHK|238|1|26|3|4|0|1|6|16|1|1|3
[] Drew card from deck: Marshall D. Teach ["OP16-119">OP16-119]
RZ1|239|1|OP16-119|0|25|1|3|1|1|0|0|0
RZ1|CHK|239|1|25|4|4|0|1|6|16|1|1|3
[You] Catarina Devon ["OP16-104">OP16-104]: Draw 1 Card
[You] Catarina Devon ["OP16-104">OP16-104]: Deployed Vasco Shot ["OP16-110">OP16-110] from Trash
RZ1|240|1|OP16-110|6|9|2|4|1|1|0|0|1
RZ1|CHK|240|1|25|4|5|0|1|6|15|1|1|3
[] Hand: [OP17-048,OP17-118,OP17-056,OP17-118]
[] Board: [OP17-040,OP17-048,OP17-118,OP17-042,OP17-054]
[] Trash: [OP17-055,OP17-057,OP17-046,OP17-050,OP17-046,OP17-054,OP17-044,OP17-053,OP17-050,OP17-055,OP17-049,OP17-049,OP17-045,OP17-040,OP17-042]
[] Life: 2
[] Hand: [OP09-093,OP16-109,OP09-086,OP16-119]
[] Trash: [EB04-058,OP09-096,OP12-112,EB04-058,EB04-059,OP09-096,OP16-104,OP09-099,OP09-096,OP12-112,OP16-104,OP16-110,OP16-119,OP09-086,OP16-104]
[] Board: [OP16-109,OP16-109,OP16-108,OP16-108,OP16-110]
[] Life: 0
[Opponent] End Turn
[] Hand: [OP09-093,OP16-109,OP09-086,OP16-119]
[] Board: [OP16-109,OP16-109,OP16-108,OP16-108,OP16-110]
[] Trash: [EB04-058,OP09-096,OP12-112,EB04-058,EB04-059,OP09-096,OP16-104,OP09-099,OP09-096,OP12-112,OP16-104,OP16-110,OP16-119,OP09-086,OP16-104]
[] Life: 0
[] Hand: [OP17-048,OP17-118,OP17-056,OP17-118]
[] Trash: [OP17-055,OP17-057,OP17-046,OP17-050,OP17-046,OP17-054,OP17-044,OP17-053,OP17-050,OP17-055,OP17-049,OP17-049,OP17-045,OP17-040,OP17-042]
[] Board: [OP17-040,OP17-048,OP17-118,OP17-042,OP17-054]
[] Life: 2
RZ1|241|1|Don|9|9900|5|0|1|1|1|0|0
RZ1|CHK|241|1|25|4|5|0|1|7|15|1|1|2
RZ1|242|1|Don|9|9900|5|0|1|1|1|0|0
RZ1|CHK|242|1|25|4|5|0|1|8|15|1|1|1
RZ1|243|1|Don|9|9900|5|0|1|1|1|0|0
RZ1|CHK|243|1|25|4|5|0|1|9|15|1|1|0
[You] Draw 1 Card
[] Drew card from deck: Marshall D. Teach ["OP16-119">OP16-119]
RZ1|244|1|OP16-119|0|24|1|4|1|1|0|0|0
RZ1|CHK|244|1|24|5|5|0|1|9|15|1|1|0
RZ1|245|1|Don|4|0|5|9|1|1|0|0|0
RZ1|CHK|245|1|24|5|5|0|0|10|15|1|1|0
[You] Draw 2 Don
RZ1|246|1|Don|5|0|5|0|1|1|1|0|0
RZ1|CHK|246|1|24|5|5|0|0|10|15|1|1|0
RZ1|247|1|Don|5|1|5|1|1|1|1|0|0
RZ1|CHK|247|1|24|5|5|0|0|10|15|1|1|0
RZ1|248|1|Don|5|2|5|2|1|1|1|0|0
RZ1|CHK|248|1|24|5|5|0|0|10|15|1|1|0
RZ1|249|1|Don|5|3|5|3|1|1|1|0|0
RZ1|CHK|249|1|24|5|5|0|0|10|15|1|1|0
RZ1|250|1|Don|5|4|5|4|1|1|1|0|0
RZ1|CHK|250|1|24|5|5|0|0|10|15|1|1|0
RZ1|251|1|Don|5|5|5|5|1|1|1|0|0
RZ1|CHK|251|1|24|5|5|0|0|10|15|1|1|0
RZ1|252|1|Don|5|6|5|6|1|1|1|0|0
RZ1|CHK|252|1|24|5|5|0|0|10|15|1|1|0
RZ1|253|1|Don|5|7|5|7|1|1|1|0|0
RZ1|CHK|253|1|24|5|5|0|0|10|15|1|1|0
RZ1|254|1|Don|5|8|5|8|1|1|1|0|0
RZ1|CHK|254|1|24|5|5|0|0|10|15|1|1|0
RZ1|255|1|Don|5|9|5|9|1|1|1|0|0
RZ1|CHK|255|1|24|5|5|0|0|10|15|1|1|0
[You] Trash Doc Q ["OP16-109">OP16-109]
[You] Deploy Marshall D. Teach ["OP09-093">OP09-093]
RZ1|256|1|OP16-109|2|0|6|15|1|1|0|0|0
RZ1|CHK|256|1|24|5|4|0|0|10|16|1|1|0
RZ1|257|1|OP09-093|1|0|2|4|1|1|0|0|0
RZ1|CHK|257|1|24|4|5|0|0|10|16|1|1|0
[You] Marshall D. Teach ["OP09-093">OP09-093]: Nullify effects of Rocks D. Xebec ["OP17-039">OP17-039]
[You] Marshall D. Teach ["OP09-093">OP09-093]: Rocks D. Xebec ["OP17-118">OP17-118] can't attack next turn
[You] Marshall D. Teach ["OP09-093">OP09-093]: Nullify effects of Rocks D. Xebec ["OP17-118">OP17-118] until next turn end!
[You] Shiryu ["OP16-108">OP16-108] attacking Rocks D. Xebec ["OP17-039">OP17-039]
RZ1|258|2|OP17-048|1|0|6|15|1|1|0|0|0
RZ1|CHK|258|2|24|3|5|2|0|10|16|0|1|0
[Opponent] Edward Newgate ["OP17-040">OP17-040]: Trash Shiki ["OP17-048">OP17-048]
[Opponent] Edward Newgate ["OP17-040">OP17-040]: Buff Rocks D. Xebec ["OP17-039">OP17-039] 3000 for the Combat
RZ1|259|2|OP17-118|1|0|6|16|1|1|0|0|0
RZ1|CHK|259|2|24|2|5|2|0|10|17|0|1|0
[Opponent] Shiki ["OP17-048">OP17-048]: Trash Rocks D. Xebec ["OP17-118">OP17-118]
[Opponent] Shiki ["OP17-048">OP17-048]: Buff Marshall D. Teach ["OP09-093">OP09-093] -3000
[Opponent] Kaido ["OP17-042">OP17-042] Blocks
Shiryu ["OP16-108">OP16-108][8000] vs Kaido ["OP17-042">OP17-042][6000]
[Opponent] Kaido ["OP17-042">OP17-042] Destroyed
RZ1|260|2|OP17-042|2|3|6|17|1|1|0|0|0
RZ1|CHK|260|2|24|2|4|2|0|10|18|0|1|0
[You] Marshall D. Teach ["OP16-080">OP16-080] attacking Rocks D. Xebec ["OP17-039">OP17-039]
[Opponent] Rocks Pirates ["OP17-056">OP17-056]: Activate Counter
RZ1|261|2|OP17-056|1|0|6|18|1|1|0|0|0
RZ1|CHK|261|2|24|1|4|2|0|10|19|0|1|0
[Opponent] Rocks Pirates ["OP17-056">OP17-056]: Buff Rocks D. Xebec ["OP17-039">OP17-039] 2000 for the Combat
Marshall D. Teach ["OP16-080">OP16-080][5000] vs Rocks D. Xebec ["OP17-039">OP17-039][7000]
Attack Fails
[You] Fullalead ["OP09-099">OP09-099]: Rest Fullalead ["OP09-099">OP09-099]
RZ1|262|1|OP09-086|1|1|6|16|1|1|0|0|0
RZ1|CHK|262|1|24|3|5|0|0|10|17|1|1|0
[You] Fullalead ["OP09-099">OP09-099]: Trash Jesus Burgess ["OP09-086">OP09-086]
RZ1|263|1|OP16-103|0|23|1|3|1|1|0|0|0
RZ1|CHK|263|1|23|4|5|0|0|10|17|1|1|0
[You] Fullalead ["OP09-099">OP09-099]: <b>Reveal and Draw Van Augur ["OP16-103">OP16-103]</b>
[You] Placing Cards on Bottom of Deck
RZ1|264|1|OP09-093|0|22|0|0|0|0|0|0|0
RZ1|CHK|264|1|23|4|5|0|0|10|17|1|1|0
RZ1|265|1|OP09-086|0|22|0|0|0|0|0|0|0
RZ1|CHK|265|1|23|4|5|0|0|10|17|1|1|0
[You] Shiryu ["OP16-108">OP16-108] is no longer blocked from attacking
[You] Rocks D. Xebec ["OP17-039">OP17-039] no longer nullified
[] Hand: [OP16-109,OP16-119,OP16-119,OP16-103]
[] Board: [OP16-109,OP16-108,OP16-108,OP16-110,OP09-093]
[] Trash: [EB04-058,OP09-096,OP12-112,EB04-058,EB04-059,OP09-096,OP16-104,OP09-099,OP09-096,OP12-112,OP16-104,OP16-110,OP16-119,OP09-086,OP16-104,OP16-109,OP09-086]
[] Life: 0
[] Hand: [OP17-118]
[] Trash: [OP17-055,OP17-057,OP17-046,OP17-050,OP17-046,OP17-054,OP17-044,OP17-053,OP17-050,OP17-055,OP17-049,OP17-049,OP17-045,OP17-040,OP17-042,OP17-048,OP17-118,OP17-042,OP17-056]
[] Board: [OP17-040,OP17-048,OP17-118,OP17-054]
[] Life: 2
[You] End Turn
[] Hand: [OP17-118]
[] Board: [OP17-040,OP17-048,OP17-118,OP17-054]
[] Trash: [OP17-055,OP17-057,OP17-046,OP17-050,OP17-046,OP17-054,OP17-044,OP17-053,OP17-050,OP17-055,OP17-049,OP17-049,OP17-045,OP17-040,OP17-042,OP17-048,OP17-118,OP17-042,OP17-056]
[] Life: 2
[] Hand: [OP16-109,OP16-119,OP16-119,OP16-103]
[] Trash: [EB04-058,OP09-096,OP12-112,EB04-058,EB04-059,OP09-096,OP16-104,OP09-099,OP09-096,OP12-112,OP16-104,OP16-110,OP16-119,OP09-086,OP16-104,OP16-109,OP09-086]
[] Board: [OP16-109,OP16-108,OP16-108,OP16-110,OP09-093]
[] Life: 0
[Opponent] Draw 1 Card
[] Drew card from deck: Gloriosa ["OP17-046">OP17-046]
RZ1|266|2|OP17-046|0|23|1|1|1|1|0|0|0
RZ1|CHK|266|2|23|2|4|2|0|10|19|0|1|0
[Opponent] Edward Newgate ["OP17-040">OP17-040] attacking Marshall D. Teach ["OP16-080">OP16-080]
RZ1|267|1|OP16-103|1|3|6|17|1|1|0|0|0
RZ1|CHK|267|1|23|3|5|0|0|10|18|1|1|0
[You] Marshall D. Teach ["OP16-080">OP16-080]: Trash Van Augur ["OP16-103">OP16-103]
[You] Marshall D. Teach ["OP16-080">OP16-080]: Target of Attack changed to Vasco Shot ["OP16-110">OP16-110]
Edward Newgate ["OP17-040">OP17-040][8000] vs Vasco Shot ["OP16-110">OP16-110][2000]
[You] Vasco Shot ["OP16-110">OP16-110] Destroyed
RZ1|268|1|OP16-110|2|3|6|18|1|1|0|0|0
RZ1|CHK|268|1|23|3|4|0|0|10|19|1|1|0
[] Drew card from deck: ZEHAHAHAHA ["OP16-116">OP16-116]
RZ1|269|1|OP16-116|0|22|1|3|1|1|0|0|0
RZ1|CHK|269|1|22|4|4|0|0|10|19|1|1|0
[You] Vasco Shot ["OP16-110">OP16-110]: Draw 1 Card
[You] Vasco Shot ["OP16-110">OP16-110]: Rest Stussy ["OP17-054">OP17-054]
[Opponent] Shiki ["OP17-048">OP17-048] attacking Marshall D. Teach ["OP16-080">OP16-080]
RZ1|270|2|OP17-046|1|1|6|19|1|1|0|0|0
RZ1|CHK|270|2|23|1|4|2|0|10|20|0|1|0
[Opponent] Shiki ["OP17-048">OP17-048]: Trash Gloriosa ["OP17-046">OP17-046]
[Opponent] Shiki ["OP17-048">OP17-048]: Buff Marshall D. Teach ["OP09-093">OP09-093] -3000
Shiki ["OP17-048">OP17-048][9000] vs Marshall D. Teach ["OP16-080">OP16-080][5000]
Marshall D. Teach ["OP16-080">OP16-080] hit for 1 damage
[You] <b>Downloaded the Combat Log!</b>
GameOver