Version is 1.42c.22
[You] Leader is Marshall D. Teach ["OP16-080">OP16-080]
RZ1|HDR|1.42c|2|RZ1
RZ1|PLY|1||OP16-080
RZ1|PLY|2||
[Opponent] Leader is Rocks D. Xebec ["OP17-039">OP17-039]
RZ1|1|2|OP17-054|0|7|0|0|0|0|0|0|0
RZ1|CHK|1|2|50|0|0|0|10|0|0|0|1|0
RZ1|2|2|OP17-049|0|23|0|1|0|0|0|0|0
RZ1|CHK|2|2|50|0|0|0|10|0|0|0|1|0
RZ1|3|2|OP17-042|0|12|0|2|0|0|0|0|0
RZ1|CHK|3|2|50|0|0|0|10|0|0|0|1|0
RZ1|4|2|OP17-055|0|40|0|3|0|0|0|0|0
RZ1|CHK|4|2|50|0|0|0|10|0|0|0|1|0
RZ1|5|2|OP17-046|0|20|0|4|0|0|0|0|0
RZ1|CHK|5|2|50|0|0|0|10|0|0|0|1|0
RZ1|6|2|OP17-055|0|40|0|5|0|0|0|0|0
RZ1|CHK|6|2|50|0|0|0|10|0|0|0|1|0
RZ1|7|2|OP17-053|0|26|0|6|0|0|0|0|0
RZ1|CHK|7|2|50|0|0|0|10|0|0|0|1|0
RZ1|8|2|OP17-048|0|32|0|7|0|0|0|0|0
RZ1|CHK|8|2|50|0|0|0|10|0|0|0|1|0
RZ1|9|2|OP17-040|0|31|0|8|0|0|0|0|0
RZ1|CHK|9|2|50|0|0|0|10|0|0|0|1|0
RZ1|10|2|OP17-053|0|29|0|9|0|0|0|0|0
RZ1|CHK|10|2|50|0|0|0|10|0|0|0|1|0
RZ1|11|2|OP17-050|0|12|0|10|0|0|0|0|0
RZ1|CHK|11|2|50|0|0|0|10|0|0|0|1|0
RZ1|12|2|OP17-040|0|32|0|11|0|0|0|0|0
RZ1|CHK|12|2|50|0|0|0|10|0|0|0|1|0
RZ1|13|2|OP17-046|0|26|0|12|0|0|0|0|0
RZ1|CHK|13|2|50|0|0|0|10|0|0|0|1|0
RZ1|14|2|OP17-040|0|32|0|13|0|0|0|0|0
RZ1|CHK|14|2|50|0|0|0|10|0|0|0|1|0
RZ1|15|2|OP17-057|0|48|0|14|0|0|0|0|0
RZ1|CHK|15|2|50|0|0|0|10|0|0|0|1|0
RZ1|16|2|OP17-118|0|37|0|15|0|0|0|0|0
RZ1|CHK|16|2|50|0|0|0|10|0|0|0|1|0
RZ1|17|2|OP17-046|0|29|0|16|0|0|0|0|0
RZ1|CHK|17|2|50|0|0|0|10|0|0|0|1|0
RZ1|18|2|OP17-049|0|32|0|17|0|0|0|0|0
RZ1|CHK|18|2|50|0|0|0|10|0|0|0|1|0
RZ1|19|2|OP17-054|0|23|0|18|0|0|0|0|0
RZ1|CHK|19|2|50|0|0|0|10|0|0|0|1|0
RZ1|20|2|OP17-118|0|39|0|19|0|0|0|0|0
RZ1|CHK|20|2|50|0|0|0|10|0|0|0|1|0
RZ1|21|2|OP17-049|0|33|0|20|0|0|0|0|0
RZ1|CHK|21|2|50|0|0|0|10|0|0|0|1|0
RZ1|22|2|OP17-049|0|34|0|21|0|0|0|0|0
RZ1|CHK|22|2|50|0|0|0|10|0|0|0|1|0
RZ1|23|2|OP17-048|0|36|0|23|0|0|0|0|0
RZ1|CHK|23|2|50|0|0|0|10|0|0|0|1|0
RZ1|24|2|OP17-044|0|32|0|24|0|0|0|0|0
RZ1|CHK|24|2|50|0|0|0|10|0|0|0|1|0
RZ1|25|2|OP17-042|0|31|0|25|0|0|0|0|0
RZ1|CHK|25|2|50|0|0|0|10|0|0|0|1|0
RZ1|26|2|OP17-056|0|46|0|26|0|0|0|0|0
RZ1|CHK|26|2|50|0|0|0|10|0|0|0|1|0
RZ1|27|2|OP17-056|0|44|0|27|0|0|0|0|0
RZ1|CHK|27|2|50|0|0|0|10|0|0|0|1|0
RZ1|28|2|OP17-044|0|36|0|28|0|0|0|0|0
RZ1|CHK|28|2|50|0|0|0|10|0|0|0|1|0
RZ1|29|2|OP17-045|0|30|0|29|0|0|0|0|0
RZ1|CHK|29|2|50|0|0|0|10|0|0|0|1|0
RZ1|30|2|OP17-055|0|44|0|30|0|0|0|0|0
RZ1|CHK|30|2|50|0|0|0|10|0|0|0|1|0
RZ1|31|2|OP17-054|0|34|0|31|0|0|0|0|0
RZ1|CHK|31|2|50|0|0|0|10|0|0|0|1|0
RZ1|32|2|OP17-042|0|36|0|32|0|0|0|0|0
RZ1|CHK|32|2|50|0|0|0|10|0|0|0|1|0
RZ1|33|2|OP17-044|0|37|0|33|0|0|0|0|0
RZ1|CHK|33|2|50|0|0|0|10|0|0|0|1|0
RZ1|34|2|OP17-055|0|44|0|34|0|0|0|0|0
RZ1|CHK|34|2|50|0|0|0|10|0|0|0|1|0
RZ1|35|2|OP17-045|0|37|0|35|0|0|0|0|0
RZ1|CHK|35|2|50|0|0|0|10|0|0|0|1|0
RZ1|36|2|OP17-046|0|39|0|36|0|0|0|0|0
RZ1|CHK|36|2|50|0|0|0|10|0|0|0|1|0
RZ1|37|2|OP17-056|0|45|0|37|0|0|0|0|0
RZ1|CHK|37|2|50|0|0|0|10|0|0|0|1|0
RZ1|38|2|OP17-118|0|45|0|39|0|0|0|0|0
RZ1|CHK|38|2|50|0|0|0|10|0|0|0|1|0
RZ1|39|2|OP17-057|0|48|0|40|0|0|0|0|0
RZ1|CHK|39|2|50|0|0|0|10|0|0|0|1|0
RZ1|40|2|OP17-118|0|46|0|41|0|0|0|0|0
RZ1|CHK|40|2|50|0|0|0|10|0|0|0|1|0
RZ1|41|2|OP17-056|0|47|0|44|0|0|0|0|0
RZ1|CHK|41|2|50|0|0|0|10|0|0|0|1|0
RZ1|42|2|OP17-048|0|47|0|46|0|0|0|0|0
RZ1|CHK|42|2|50|0|0|0|10|0|0|0|1|0
RZ1|43|2|OP17-057|0|48|0|47|0|0|0|0|0
RZ1|CHK|43|2|50|0|0|0|10|0|0|0|1|0
RZ1|44|2|OP17-057|0|49|0|48|0|0|0|0|0
RZ1|CHK|44|2|50|0|0|0|10|0|0|0|1|0
[] Drew card from deck: Jesus Burgess ["OP09-086">OP09-086]
RZ1|45|1|OP09-086|0|49|1|0|1|1|0|0|0
RZ1|CHK|45|1|49|1|0|0|10|0|0|0|1|0
[] Drew card from deck: Vasco Shot ["OP16-110">OP16-110]
RZ1|46|1|OP16-110|0|48|1|1|1|1|0|0|0
RZ1|CHK|46|1|48|2|0|0|10|0|0|0|1|0
[] Drew card from deck: Laffitte ["OP09-095">OP09-095]
RZ1|47|1|OP09-095|0|47|1|2|1|1|0|0|0
RZ1|CHK|47|1|47|3|0|0|10|0|0|0|1|0
[] Drew card from deck: Fullalead ["OP09-099">OP09-099]
RZ1|48|1|OP09-099|0|46|1|3|1|1|0|0|0
RZ1|CHK|48|1|46|4|0|0|10|0|0|0|1|0
[] Drew card from deck: Marshall D. Teach ["OP09-093">OP09-093]
RZ1|49|1|OP09-093|0|45|1|4|1|1|0|0|0
RZ1|CHK|49|1|45|5|0|0|10|0|0|0|1|0
[] Drew card from deck: Shiki ["OP17-048">OP17-048]
RZ1|50|2|OP17-048|0|49|1|0|1|1|0|0|0
RZ1|CHK|50|2|49|1|0|0|10|0|0|0|1|0
[] Drew card from deck: Fullalead ["OP17-057">OP17-057]
RZ1|51|2|OP17-057|0|48|1|1|1|1|0|0|0
RZ1|CHK|51|2|48|2|0|0|10|0|0|0|1|0
[] Drew card from deck: Fullalead ["OP17-057">OP17-057]
RZ1|52|2|OP17-057|0|47|1|2|1|1|0|0|0
RZ1|CHK|52|2|47|3|0|0|10|0|0|0|1|0
[] Drew card from deck: Shiki ["OP17-048">OP17-048]
RZ1|53|2|OP17-048|0|46|1|3|1|1|0|0|0
RZ1|CHK|53|2|46|4|0|0|10|0|0|0|1|0
[] Drew card from deck: Edward Newgate ["OP17-040">OP17-040]
RZ1|54|2|OP17-040|0|45|1|4|1|1|0|0|0
RZ1|CHK|54|2|45|5|0|0|10|0|0|0|1|0
RZ1|55|1|OP16-109|0|44|3|0|1|0|0|0|0
RZ1|CHK|55|1|44|5|0|1|10|0|0|0|1|0
RZ1|56|1|EB04-059|0|43|3|1|1|0|0|0|0
RZ1|CHK|56|1|43|5|0|2|10|0|0|0|1|0
RZ1|57|1|EB04-058|0|42|3|2|1|0|0|0|0
RZ1|CHK|57|1|42|5|0|3|10|0|0|0|1|0
RZ1|58|1|OP09-099|0|41|3|3|1|0|0|0|0
RZ1|CHK|58|1|41|5|0|4|10|0|0|0|1|0
RZ1|59|2|OP17-056|0|44|3|0|0|1|0|0|0
RZ1|CHK|59|2|44|5|0|1|10|0|0|0|1|0
RZ1|60|2|OP17-054|0|43|3|1|0|1|0|0|0
RZ1|CHK|60|2|43|5|0|2|10|0|0|0|1|0
RZ1|61|2|OP17-045|0|42|3|2|0|1|0|0|0
RZ1|CHK|61|2|42|5|0|3|10|0|0|0|1|0
RZ1|62|2|OP17-118|0|41|3|3|0|1|0|0|0
RZ1|CHK|62|2|41|5|0|4|10|0|0|0|1|0
RZ1|63|2|OP17-057|0|40|3|4|0|1|0|0|0
RZ1|CHK|63|2|40|5|0|5|10|0|0|0|1|0
[] Hand: [OP09-086,OP16-110,OP09-095,OP09-099,OP09-093]
[] Board: []
[] Trash: []
[] Life: 4
[] Hand: [OP17-048,OP17-057,OP17-057,OP17-048,OP17-040]
[] Trash: []
[] Board: []
[] Life: 5
RZ1|64|1|Don|4|9|5|0|1|1|0|0|0
RZ1|CHK|64|1|41|5|0|4|9|1|0|0|1|0
[You] Draw 1 Don
RZ1|65|1|Don|5|0|5|0|1|1|1|0|0
RZ1|CHK|65|1|41|5|0|4|9|1|0|0|1|0
[You] Deploy Fullalead ["OP09-099">OP09-099]
RZ1|66|1|OP09-099|1|3|7|0|1|1|0|0|0
RZ1|CHK|66|1|41|4|0|4|9|1|0|1|1|0
[You] Fullalead ["OP09-099">OP09-099]: Rest Fullalead ["OP09-099">OP09-099]
RZ1|67|1|OP09-086|1|0|6|0|1|1|0|0|0
RZ1|CHK|67|1|41|3|0|4|9|1|1|1|1|0
[You] Fullalead ["OP09-099">OP09-099]: Trash Jesus Burgess ["OP09-086">OP09-086]
RZ1|68|1|OP09-096|0|40|1|3|1|1|0|0|0
RZ1|CHK|68|1|40|4|0|4|9|1|1|1|1|0
[You] Fullalead ["OP09-099">OP09-099]: <b>Reveal and Draw This is MY AGE!!!! ["OP09-096">OP09-096]</b>
[You] Placing Cards on Bottom of Deck
RZ1|69|1|OP12-112|0|39|0|0|0|0|0|0|0
RZ1|CHK|69|1|40|4|0|4|9|1|1|1|1|0
RZ1|70|1|OP16-119|0|39|0|0|0|0|0|0|0
RZ1|CHK|70|1|40|4|0|4|9|1|1|1|1|0
[] Hand: [OP16-110,OP09-095,OP09-093,OP09-096]
[] Board: []
[] Trash: [OP09-086]
[] Life: 4
[] Hand: [OP17-048,OP17-057,OP17-057,OP17-048,OP17-040]
[] Trash: []
[] Board: []
[] Life: 5
[You] End Turn
[] Hand: [OP17-048,OP17-057,OP17-057,OP17-048,OP17-040]
[] Board: []
[] Trash: []
[] Life: 5
[] Hand: [OP16-110,OP09-095,OP09-093,OP09-096]
[] Trash: [OP09-086]
[] Board: []
[] Life: 4
[Opponent] Draw 1 Card
[] Drew card from deck: Rocks D. Xebec ["OP17-118">OP17-118]
RZ1|71|2|OP17-118|0|39|1|5|1|1|0|0|0
RZ1|CHK|71|2|39|6|0|5|10|0|0|0|1|0
RZ1|72|2|Don|4|9|5|0|1|1|0|0|0
RZ1|CHK|72|2|39|6|0|5|9|1|0|0|1|0
RZ1|73|2|Don|4|8|5|1|1|1|0|0|0
RZ1|CHK|73|2|39|6|0|5|8|2|0|0|1|0
[Opponent] Draw 2 Don
RZ1|74|2|Don|5|0|5|0|1|1|1|0|0
RZ1|CHK|74|2|39|6|0|5|8|2|0|0|1|0
[Opponent] Deploy Fullalead ["OP17-057">OP17-057]
RZ1|75|2|OP17-057|1|1|7|0|1|1|0|0|0
RZ1|CHK|75|2|39|5|0|5|8|2|0|1|1|0
[] Hand: [OP17-048,OP17-057,OP17-048,OP17-040,OP17-118]
[] Board: []
[] Trash: []
[] Life: 5
[] Hand: [OP16-110,OP09-095,OP09-093,OP09-096]
[] Trash: [OP09-086]
[] Board: []
[] Life: 4
[Opponent] End Turn
[] Hand: [OP16-110,OP09-095,OP09-093,OP09-096]
[] Board: []
[] Trash: [OP09-086]
[] Life: 4
[] Hand: [OP17-048,OP17-057,OP17-048,OP17-040,OP17-118]
[] Trash: []
[] Board: []
[] Life: 5
[You] Draw 1 Card
[] Drew card from deck: This is MY AGE!!!! ["OP09-096">OP09-096]
RZ1|76|1|OP09-096|0|39|1|4|1|1|0|0|0
RZ1|CHK|76|1|39|5|0|4|9|1|1|1|1|0
RZ1|77|1|Don|4|8|5|1|1|1|0|0|0
RZ1|CHK|77|1|39|5|0|4|8|2|1|1|1|0
RZ1|78|1|Don|4|7|5|2|1|1|0|0|0
RZ1|CHK|78|1|39|5|0|4|7|3|1|1|1|0
[You] Draw 2 Don
[You] Fullalead ["OP09-099">OP09-099]: Rest Fullalead ["OP09-099">OP09-099]
RZ1|79|1|OP09-095|1|1|6|1|1|1|0|0|0
RZ1|CHK|79|1|39|4|0|4|7|3|2|1|1|0
[You] Fullalead ["OP09-099">OP09-099]: Trash Laffitte ["OP09-095">OP09-095]
RZ1|80|1|OP09-086|0|38|1|4|1|1|0|0|0
RZ1|CHK|80|1|38|5|0|4|7|3|2|1|1|0
[You] Fullalead ["OP09-099">OP09-099]: <b>Reveal and Draw Jesus Burgess ["OP09-086">OP09-086]</b>
[You] Placing Cards on Bottom of Deck
RZ1|81|1|OP09-093|0|37|0|0|0|0|0|0|0
RZ1|CHK|81|1|38|5|0|4|7|3|2|1|1|0
RZ1|82|1|OP09-099|0|37|0|0|0|0|0|0|0
RZ1|CHK|82|1|38|5|0|4|7|3|2|1|1|0
[You] Marshall D. Teach ["OP16-080">OP16-080] attacking Rocks D. Xebec ["OP17-039">OP17-039]
[Opponent] Fullalead ["OP17-057">OP17-057]: Rest Fullalead ["OP17-057">OP17-057]
RZ1|83|2|OP17-057|1|1|6|0|1|1|0|0|0
RZ1|CHK|83|2|39|4|0|5|8|2|1|1|1|0
[Opponent] Fullalead ["OP17-057">OP17-057]: Trash Fullalead ["OP17-057">OP17-057]
[Opponent] Fullalead ["OP17-057">OP17-057]: Buff Rocks D. Xebec ["OP17-039">OP17-039] 1000 for the Combat
Marshall D. Teach ["OP16-080">OP16-080][5000] vs Rocks D. Xebec ["OP17-039">OP17-039][6000]
Attack Fails
[You] This is MY AGE!!!! ["OP09-096">OP09-096]: Rest 1 Don
RZ1|84|1|Don|5|0|5|0|1|1|1|0|0
RZ1|CHK|84|1|38|5|0|4|7|3|2|1|1|0
RZ1|85|1|OP09-096|1|2|6|2|1|1|0|0|0
RZ1|CHK|85|1|38|4|0|4|7|3|3|1|1|0
RZ1|86|1|OP16-119|0|36|1|4|1|1|0|0|0
RZ1|CHK|86|1|37|5|0|4|7|3|3|1|1|0
[You] This is MY AGE!!!! ["OP09-096">OP09-096]: <b>Reveal and Draw Marshall D. Teach ["OP16-119">OP16-119]</b>
[You] This is MY AGE!!!! ["OP09-096">OP09-096]: Trash 2 Remaining Cards
RZ1|87|1|OP16-116|0|36|6|3|1|1|0|0|0
RZ1|CHK|87|1|36|5|0|4|7|3|4|1|1|0
RZ1|88|1|OP09-096|0|35|6|4|1|1|0|0|0
RZ1|CHK|88|1|35|5|0|4|7|3|5|1|1|0
RZ1|89|1|Don|5|1|5|1|1|1|1|0|0
RZ1|CHK|89|1|35|5|0|4|7|3|5|1|1|0
[You] Deploy Vasco Shot ["OP16-110">OP16-110]
RZ1|90|1|OP16-110|1|0|2|0|1|1|0|0|0
RZ1|CHK|90|1|35|4|1|4|7|3|5|1|1|0
[You] This is MY AGE!!!! ["OP09-096">OP09-096]: Rest 1 Don
RZ1|91|1|Don|5|2|5|2|1|1|1|0|0
RZ1|CHK|91|1|35|4|1|4|7|3|5|1|1|0
RZ1|92|1|OP09-096|1|1|6|5|1|1|0|0|0
RZ1|CHK|92|1|35|3|1|4|7|3|6|1|1|0
RZ1|93|1|OP16-104|0|32|1|3|1|1|0|0|0
RZ1|CHK|93|1|34|4|1|4|7|3|6|1|1|0
[You] This is MY AGE!!!! ["OP09-096">OP09-096]: <b>Reveal and Draw Catarina Devon ["OP16-104">OP16-104]</b>
[You] This is MY AGE!!!! ["OP09-096">OP09-096]: Trash 2 Remaining Cards
RZ1|94|1|EB04-059|0|33|6|6|1|1|0|0|0
RZ1|CHK|94|1|33|4|1|4|7|3|7|1|1|0
RZ1|95|1|OP16-108|0|32|6|7|1|1|0|0|0
RZ1|CHK|95|1|32|4|1|4|7|3|8|1|1|0
[] Hand: [OP09-093,OP09-086,OP16-119,OP16-104]
[] Board: [OP16-110]
[] Trash: [OP09-086,OP09-095,OP09-096,OP16-116,OP09-096,OP09-096,EB04-059,OP16-108]
[] Life: 4
[] Hand: [OP17-048,OP17-048,OP17-040,OP17-118]
[] Trash: [OP17-057]
[] Board: []
[] Life: 5
[You] End Turn
[] Hand: [OP17-048,OP17-048,OP17-040,OP17-118]
[] Board: []
[] Trash: [OP17-057]
[] Life: 5
[] Hand: [OP09-093,OP09-086,OP16-119,OP16-104]
[] Trash: [OP09-086,OP09-095,OP09-096,OP16-116,OP09-096,OP09-096,EB04-059,OP16-108]
[] Board: [OP16-110]
[] Life: 4
[Opponent] Draw 1 Card
[] Drew card from deck: Streusen ["OP17-050">OP17-050]
RZ1|96|2|OP17-050|0|38|1|4|1|1|0|0|0
RZ1|CHK|96|2|38|5|0|5|8|2|1|1|1|0
RZ1|97|2|Don|4|7|5|2|1|1|0|0|0
RZ1|CHK|97|2|38|5|0|5|7|3|1|1|1|0
RZ1|98|2|Don|4|6|5|3|1|1|0|0|0
RZ1|CHK|98|2|38|5|0|5|6|4|1|1|1|0
[Opponent] Draw 2 Don
RZ1|99|2|Don|5|0|5|0|1|1|1|0|0
RZ1|CHK|99|2|38|5|0|5|6|4|1|1|1|0
[Opponent] Deploy Streusen ["OP17-050">OP17-050]
RZ1|100|2|OP17-050|1|4|2|0|1|1|0|0|0
RZ1|CHK|100|2|38|4|1|5|6|4|1|1|1|0
[Opponent] Placing Cards on Bottom of Deck
RZ1|101|2|OP17-056|0|37|0|0|0|0|0|0|0
RZ1|CHK|101|2|38|4|1|5|6|4|1|1|1|0
RZ1|102|2|OP17-046|0|37|0|0|0|0|0|0|0
RZ1|CHK|102|2|38|4|1|5|6|4|1|1|1|0
[] Drew card from deck: Kyo ["OP17-045">OP17-045]
RZ1|103|2|OP17-045|0|37|1|4|1|1|0|0|0
RZ1|CHK|103|2|37|5|1|5|6|4|1|1|1|0
[Opponent] Streusen ["OP17-050">OP17-050]: Draw 1 Card
RZ1|104|2|Don|5|1|5|1|1|1|1|0|0
RZ1|CHK|104|2|37|5|1|5|6|4|1|1|1|0
RZ1|105|2|Don|5|2|5|2|1|1|1|0|0
RZ1|CHK|105|2|37|5|1|5|6|4|1|1|1|0
[Opponent] Deploy Kyo ["OP17-045">OP17-045]
RZ1|106|2|OP17-045|1|4|2|1|1|1|0|0|0
RZ1|CHK|106|2|37|4|2|5|6|4|1|1|1|0
[] Drew card from deck: There's No Authority in the World ["OP17-055">OP17-055]
RZ1|107|2|OP17-055|0|36|1|4|1|1|0|0|0
RZ1|CHK|107|2|36|5|2|5|6|4|1|1|1|0
[Opponent] Kyo ["OP17-045">OP17-045]: Draw 1 Card
[Opponent] Rocks D. Xebec ["OP17-039">OP17-039] attacking Marshall D. Teach ["OP16-080">OP16-080]
RZ1|108|2|OP17-055|1|4|6|1|1|1|0|0|0
RZ1|CHK|108|2|36|4|2|5|6|4|2|1|1|0
[Opponent] Rocks D. Xebec ["OP17-039">OP17-039]: Trash There's No Authority in the World ["OP17-055">OP17-055]
RZ1|109|2|OP17-044|0|35|0|35|0|0|0|0|0
RZ1|CHK|109|2|36|4|2|5|6|4|2|1|1|0
[Opponent] Rocks D. Xebec ["OP17-039">OP17-039] revealed: Captain John ["OP17-044">OP17-044]
[] Drew card from deck: Captain John ["OP17-044">OP17-044]
RZ1|110|2|OP17-044|0|35|1|4|1|1|0|0|0
RZ1|CHK|110|2|35|5|2|5|6|4|2|1|1|0
[] Drew card from deck: Kaido ["OP17-042">OP17-042]
RZ1|111|2|OP17-042|0|34|1|5|1|1|0|0|0
RZ1|CHK|111|2|34|6|2|5|6|4|2|1|1|0
[Opponent] Rocks D. Xebec ["OP17-039">OP17-039]: Draw 2 Card
[You] Discard Jesus Burgess ["OP09-086">OP09-086] for Counter 1000
RZ1|112|1|OP09-086|1|1|6|8|1|1|0|0|0
RZ1|CHK|112|1|32|3|1|4|7|3|9|1|1|0
Rocks D. Xebec ["OP17-039">OP17-039][5000] vs Marshall D. Teach ["OP16-080">OP16-080][6000]
Attack Fails
[] Hand: [OP17-048,OP17-048,OP17-040,OP17-118,OP17-044,OP17-042]
[] Board: [OP17-050,OP17-045]
[] Trash: [OP17-057,OP17-055]
[] Life: 5
[] Hand: [OP09-093,OP16-119,OP16-104]
[] Trash: [OP09-086,OP09-095,OP09-096,OP16-116,OP09-096,OP09-096,EB04-059,OP16-108,OP09-086]
[] Board: [OP16-110]
[] Life: 4
[Opponent] End Turn
[] Hand: [OP09-093,OP16-119,OP16-104]
[] Board: [OP16-110]
[] Trash: [OP09-086,OP09-095,OP09-096,OP16-116,OP09-096,OP09-096,EB04-059,OP16-108,OP09-086]
[] Life: 4
[] Hand: [OP17-048,OP17-048,OP17-040,OP17-118,OP17-044,OP17-042]
[] Trash: [OP17-057,OP17-055]
[] Board: [OP17-050,OP17-045]
[] Life: 5
[You] Draw 1 Card
[] Drew card from deck: Jesus Burgess ["OP09-086">OP09-086]
RZ1|113|1|OP09-086|0|31|1|3|1|1|0|0|0
RZ1|CHK|113|1|31|4|1|4|7|3|9|1|1|0
RZ1|114|1|Don|4|6|5|3|1|1|0|0|0
RZ1|CHK|114|1|31|4|1|4|6|4|9|1|1|0
RZ1|115|1|Don|4|5|5|4|1|1|0|0|0
RZ1|CHK|115|1|31|4|1|4|5|5|9|1|1|0
[You] Draw 2 Don
RZ1|116|1|Don|5|0|5|0|1|1|1|0|0
RZ1|CHK|116|1|31|4|1|4|5|5|9|1|1|0
RZ1|117|1|Don|5|1|5|1|1|1|1|0|0
RZ1|CHK|117|1|31|4|1|4|5|5|9|1|1|0
RZ1|118|1|Don|5|2|5|2|1|1|1|0|0
RZ1|CHK|118|1|31|4|1|4|5|5|9|1|1|0
RZ1|119|1|Don|5|3|5|3|1|1|1|0|0
RZ1|CHK|119|1|31|4|1|4|5|5|9|1|1|0
[You] Deploy Catarina Devon ["OP16-104">OP16-104]
RZ1|120|1|OP16-104|1|2|2|1|1|1|0|0|0
RZ1|CHK|120|1|31|3|2|4|5|5|9|1|1|0
[You] Fullalead ["OP09-099">OP09-099]: Rest Fullalead ["OP09-099">OP09-099]
RZ1|121|1|OP09-086|1|2|6|9|1|1|0|0|0
RZ1|CHK|121|1|31|2|2|4|5|5|10|1|1|0
[You] Fullalead ["OP09-099">OP09-099]: Trash Jesus Burgess ["OP09-086">OP09-086]
RZ1|122|1|OP09-096|0|28|1|2|1|1|0|0|0
RZ1|CHK|122|1|30|3|2|4|5|5|10|1|1|0
[You] Fullalead ["OP09-099">OP09-099]: <b>Reveal and Draw This is MY AGE!!!! ["OP09-096">OP09-096]</b>
[You] Placing Cards on Bottom of Deck
RZ1|123|1|OP16-119|0|29|0|0|0|0|0|0|0
RZ1|CHK|123|1|30|3|2|4|5|5|10|1|1|0
RZ1|124|1|EB04-058|0|29|0|0|0|0|0|0|0
RZ1|CHK|124|1|30|3|2|4|5|5|10|1|1|0
[You] Marshall D. Teach ["OP16-080">OP16-080] attacking Rocks D. Xebec ["OP17-039">OP17-039]
[Opponent] Fullalead ["OP17-057">OP17-057]: Rest Fullalead ["OP17-057">OP17-057]
RZ1|125|2|OP17-044|1|4|6|2|1|1|0|0|0
RZ1|CHK|125|2|34|5|2|5|6|4|3|1|1|0
[Opponent] Fullalead ["OP17-057">OP17-057]: Trash Captain John ["OP17-044">OP17-044]
[Opponent] Fullalead ["OP17-057">OP17-057]: Buff Rocks D. Xebec ["OP17-039">OP17-039] 1000 for the Combat
Marshall D. Teach ["OP16-080">OP16-080][5000] vs Rocks D. Xebec ["OP17-039">OP17-039][6000]
Attack Fails
[You] This is MY AGE!!!! ["OP09-096">OP09-096]: Rest 1 Don
RZ1|126|1|Don|5|4|5|4|1|1|1|0|0
RZ1|CHK|126|1|30|3|2|4|5|5|10|1|1|0
RZ1|127|1|OP09-096|1|2|6|10|1|1|0|0|0
RZ1|CHK|127|1|30|2|2|4|5|5|11|1|1|0
RZ1|128|1|OP16-116|0|28|1|2|1|1|0|0|0
RZ1|CHK|128|1|29|3|2|4|5|5|11|1|1|0
[You] This is MY AGE!!!! ["OP09-096">OP09-096]: <b>Reveal and Draw ZEHAHAHAHA ["OP16-116">OP16-116]</b>
[You] This is MY AGE!!!! ["OP09-096">OP09-096]: Trash 2 Remaining Cards
RZ1|129|1|EB04-058|0|28|6|11|1|1|0|0|0
RZ1|CHK|129|1|28|3|2|4|5|5|12|1|1|0
RZ1|130|1|EB04-059|0|27|6|12|1|1|0|0|0
RZ1|CHK|130|1|27|3|2|4|5|5|13|1|1|0
[] Hand: [OP09-093,OP16-119,OP16-116]
[] Board: [OP16-110,OP16-104]
[] Trash: [OP09-086,OP09-095,OP09-096,OP16-116,OP09-096,OP09-096,EB04-059,OP16-108,OP09-086,OP09-086,OP09-096,EB04-058,EB04-059]
[] Life: 4
[] Hand: [OP17-048,OP17-048,OP17-040,OP17-118,OP17-042]
[] Trash: [OP17-057,OP17-055,OP17-044]
[] Board: [OP17-050,OP17-045]
[] Life: 5
[You] End Turn
[] Hand: [OP17-048,OP17-048,OP17-040,OP17-118,OP17-042]
[] Board: [OP17-050,OP17-045]
[] Trash: [OP17-057,OP17-055,OP17-044]
[] Life: 5
[] Hand: [OP09-093,OP16-119,OP16-116]
[] Trash: [OP09-086,OP09-095,OP09-096,OP16-116,OP09-096,OP09-096,EB04-059,OP16-108,OP09-086,OP09-086,OP09-096,EB04-058,EB04-059]
[] Board: [OP16-110,OP16-104]
[] Life: 4
[Opponent] Draw 1 Card
[] Drew card from deck: Stussy ["OP17-054">OP17-054]
RZ1|131|2|OP17-054|0|33|1|5|1|1|0|0|0
RZ1|CHK|131|2|33|6|2|5|6|4|3|1|1|0
RZ1|132|2|Don|4|5|5|4|1|1|0|0|0
RZ1|CHK|132|2|33|6|2|5|5|5|3|1|1|0
RZ1|133|2|Don|4|4|5|5|1|1|0|0|0
RZ1|CHK|133|2|33|6|2|5|4|6|3|1|1|0
[Opponent] Draw 2 Don
RZ1|134|2|Don|5|0|5|0|1|1|1|0|0
RZ1|CHK|134|2|33|6|2|5|4|6|3|1|1|0
RZ1|135|2|Don|5|1|5|1|1|1|1|0|0
RZ1|CHK|135|2|33|6|2|5|4|6|3|1|1|0
RZ1|136|2|Don|5|2|5|2|1|1|1|0|0
RZ1|CHK|136|2|33|6|2|5|4|6|3|1|1|0
RZ1|137|2|Don|5|3|5|3|1|1|1|0|0
RZ1|CHK|137|2|33|6|2|5|4|6|3|1|1|0
[Opponent] Deploy Kaido ["OP17-042">OP17-042]
RZ1|138|2|OP17-042|1|4|2|2|1|1|0|0|0
RZ1|CHK|138|2|33|5|3|5|4|6|3|1|1|0
[Opponent] Kaido ["OP17-042">OP17-042] revealed: Stussy ["OP17-054">OP17-054]
[Opponent] Kaido ["OP17-042">OP17-042] revealed: Edward Newgate ["OP17-040">OP17-040]
[Opponent] Kaido ["OP17-042">OP17-042] revealed: Shiki ["OP17-048">OP17-048]
[Opponent] Forcing opponent to resolve Card Action!
[You] Forcing opponent to resolve Card Action!
[Opponent] Kaido ["OP17-042">OP17-042]: Buff Catarina Devon ["OP16-104">OP16-104] -3000
RZ1|139|2|Don|5|4|9|100|1|1|0|0|0
RZ1|CHK|139|2|33|5|3|5|4|5|3|1|1|1
[Opponent] Attach 1 Don to Kyo ["OP17-045">OP17-045] (1 Total)
RZ1|140|2|Don|5|4|9|9900|1|1|0|0|0
RZ1|CHK|140|2|33|5|3|5|4|4|3|1|1|2
[Opponent] Attach 1 Don to Rocks D. Xebec ["OP17-039">OP17-039] (1 Total)
[Opponent] Rocks D. Xebec ["OP17-039">OP17-039] attacking Marshall D. Teach ["OP16-080">OP16-080]
RZ1|141|2|OP17-054|1|4|6|3|1|1|0|0|0
RZ1|CHK|141|2|33|4|3|5|4|4|4|1|1|2
[Opponent] Rocks D. Xebec ["OP17-039">OP17-039]: Trash Stussy ["OP17-054">OP17-054]
RZ1|142|2|OP17-055|0|32|0|32|0|0|0|0|0
RZ1|CHK|142|2|33|4|3|5|4|4|4|1|1|2
[Opponent] Rocks D. Xebec ["OP17-039">OP17-039] revealed: There's No Authority in the World ["OP17-055">OP17-055]
[] Drew card from deck: There's No Authority in the World ["OP17-055">OP17-055]
RZ1|143|2|OP17-055|0|32|1|4|1|1|0|0|0
RZ1|CHK|143|2|32|5|3|5|4|4|4|1|1|2
[] Drew card from deck: Kyo ["OP17-045">OP17-045]
RZ1|144|2|OP17-045|0|31|1|5|1|1|0|0|0
RZ1|CHK|144|2|31|6|3|5|4|4|4|1|1|2
[Opponent] Rocks D. Xebec ["OP17-039">OP17-039]: Draw 2 Card
Rocks D. Xebec ["OP17-039">OP17-039][6000] vs Marshall D. Teach ["OP16-080">OP16-080][5000]
Marshall D. Teach ["OP16-080">OP16-080] hit for 1 damage
RZ1|145|1|OP09-099|3|3|1|3|1|1|0|0|0
RZ1|CHK|145|1|27|4|2|3|5|5|13|1|1|0
[Opponent] Kyo ["OP17-045">OP17-045] attacking Marshall D. Teach ["OP16-080">OP16-080]
Kyo ["OP17-045">OP17-045][5000] vs Marshall D. Teach ["OP16-080">OP16-080][5000]
Marshall D. Teach ["OP16-080">OP16-080] hit for 1 damage
RZ1|146|1|EB04-058|3|2|1|4|1|1|0|0|0
RZ1|CHK|146|1|27|5|2|2|5|5|13|1|1|0
[] Hand: [OP17-048,OP17-048,OP17-040,OP17-118,OP17-055,OP17-045]
[] Board: [OP17-050,OP17-045,OP17-042]
[] Trash: [OP17-057,OP17-055,OP17-044,OP17-054]
[] Life: 5
[] Hand: [OP09-093,OP16-119,OP16-116,OP09-099,EB04-058]
[] Trash: [OP09-086,OP09-095,OP09-096,OP16-116,OP09-096,OP09-096,EB04-059,OP16-108,OP09-086,OP09-086,OP09-096,EB04-058,EB04-059]
[] Board: [OP16-110,OP16-104]
[] Life: 2
[Opponent] End Turn
[] Hand: [OP09-093,OP16-119,OP16-116,OP09-099,EB04-058]
[] Board: [OP16-110,OP16-104]
[] Trash: [OP09-086,OP09-095,OP09-096,OP16-116,OP09-096,OP09-096,EB04-059,OP16-108,OP09-086,OP09-086,OP09-096,EB04-058,EB04-059]
[] Life: 2
[] Hand: [OP17-048,OP17-048,OP17-040,OP17-118,OP17-055,OP17-045]
[] Trash: [OP17-057,OP17-055,OP17-044,OP17-054]
[] Board: [OP17-050,OP17-045,OP17-042]
[] Life: 5
[You] Draw 1 Card
[] Drew card from deck: Baby 5 ["OP12-112">OP12-112]
RZ1|147|1|OP12-112|0|26|1|5|1|1|0|0|0
RZ1|CHK|147|1|26|6|2|2|5|5|13|1|1|0
RZ1|148|1|Don|4|4|5|5|1|1|0|0|0
RZ1|CHK|148|1|26|6|2|2|4|6|13|1|1|0
RZ1|149|1|Don|4|3|5|6|1|1|0|0|0
RZ1|CHK|149|1|26|6|2|2|3|7|13|1|1|0
[You] Draw 2 Don
RZ1|150|1|Don|5|0|5|0|1|1|1|0|0
RZ1|CHK|150|1|26|6|2|2|3|7|13|1|1|0
RZ1|151|1|Don|5|1|5|1|1|1|1|0|0
RZ1|CHK|151|1|26|6|2|2|3|7|13|1|1|0
RZ1|152|1|Don|5|2|5|2|1|1|1|0|0
RZ1|CHK|152|1|26|6|2|2|3|7|13|1|1|0
RZ1|153|1|Don|5|3|5|3|1|1|1|0|0
RZ1|CHK|153|1|26|6|2|2|3|7|13|1|1|0
RZ1|154|1|Don|5|4|5|4|1|1|1|0|0
RZ1|CHK|154|1|26|6|2|2|3|7|13|1|1|0
[You] Deploy Borsalino ["EB04-058">EB04-058]
RZ1|155|1|EB04-058|1|4|2|2|1|1|0|0|0
RZ1|CHK|155|1|26|5|3|2|3|7|13|1|1|0
[You] Fullalead ["OP09-099">OP09-099]: Rest Fullalead ["OP09-099">OP09-099]
RZ1|156|1|OP09-099|1|3|6|13|1|1|0|0|0
RZ1|CHK|156|1|26|4|3|2|3|7|14|1|1|0
[You] Fullalead ["OP09-099">OP09-099]: Trash Fullalead ["OP09-099">OP09-099]
RZ1|157|1|OP16-103|0|23|1|4|1|1|0|0|0
RZ1|CHK|157|1|25|5|3|2|3|7|14|1|1|0
[You] Fullalead ["OP09-099">OP09-099]: <b>Reveal and Draw Van Augur ["OP16-103">OP16-103]</b>
[You] Placing Cards on Bottom of Deck
RZ1|158|1|OP16-108|0|24|0|0|0|0|0|0|0
RZ1|CHK|158|1|25|5|3|2|3|7|14|1|1|0
RZ1|159|1|OP09-093|0|24|0|0|0|0|0|0|0
RZ1|CHK|159|1|25|5|3|2|3|7|14|1|1|0
[You] Catarina Devon ["OP16-104">OP16-104] attacking Rocks D. Xebec ["OP17-039">OP17-039]
[You] Catarina Devon ["OP16-104">OP16-104]: Buff Self 3000
[Opponent] Fullalead ["OP17-057">OP17-057]: Rest Fullalead ["OP17-057">OP17-057]
RZ1|160|2|OP17-045|1|5|6|4|1|1|0|0|0
RZ1|CHK|160|2|31|5|3|5|4|4|5|1|1|2
[Opponent] Fullalead ["OP17-057">OP17-057]: Trash Kyo ["OP17-045">OP17-045]
[Opponent] Fullalead ["OP17-057">OP17-057]: Buff Rocks D. Xebec ["OP17-039">OP17-039] 1000 for the Combat
[Opponent] There's No Authority in the World ["OP17-055">OP17-055]: Activate Counter
RZ1|161|2|OP17-055|1|4|6|5|1|1|0|0|0
RZ1|CHK|161|2|31|4|3|5|4|4|6|1|1|2
[Opponent] There's No Authority in the World ["OP17-055">OP17-055]: Buff Rocks D. Xebec ["OP17-039">OP17-039] 2000 for the Combat
Catarina Devon ["OP16-104">OP16-104][6000] vs Rocks D. Xebec ["OP17-039">OP17-039][8000]
Attack Fails
[You] Marshall D. Teach ["OP16-080">OP16-080] attacking Rocks D. Xebec ["OP17-039">OP17-039]
Marshall D. Teach ["OP16-080">OP16-080][5000] vs Rocks D. Xebec ["OP17-039">OP17-039][5000]
Rocks D. Xebec ["OP17-039">OP17-039] hit for 1 damage
RZ1|162|2|OP17-057|3|4|1|4|1|1|0|0|0
RZ1|CHK|162|2|31|5|3|4|4|4|6|1|1|2
RZ1|163|1|Don|5|5|5|5|1|1|1|0|0
RZ1|CHK|163|1|25|5|3|2|3|7|14|1|1|0
[You] Deploy Van Augur ["OP16-103">OP16-103]
RZ1|164|1|OP16-103|1|4|2|3|1|1|0|0|0
RZ1|CHK|164|1|25|4|4|2|3|7|14|1|1|0
[] Hand: [OP09-093,OP16-119,OP16-116,OP12-112]
[] Board: [OP16-110,OP16-104,EB04-058,OP16-103]
[] Trash: [OP09-086,OP09-095,OP09-096,OP16-116,OP09-096,OP09-096,EB04-059,OP16-108,OP09-086,OP09-086,OP09-096,EB04-058,EB04-059,OP09-099]
[] Life: 2
[] Hand: [OP17-048,OP17-048,OP17-040,OP17-118,OP17-057]
[] Trash: [OP17-057,OP17-055,OP17-044,OP17-054,OP17-045,OP17-055]
[] Board: [OP17-050,OP17-045,OP17-042]
[] Life: 4
[You] End Turn
[] Hand: [OP17-048,OP17-048,OP17-040,OP17-118,OP17-057]
[] Board: [OP17-050,OP17-045,OP17-042]
[] Trash: [OP17-057,OP17-055,OP17-044,OP17-054,OP17-045,OP17-055]
[] Life: 4
[] Hand: [OP09-093,OP16-119,OP16-116,OP12-112]
[] Trash: [OP09-086,OP09-095,OP09-096,OP16-116,OP09-096,OP09-096,EB04-059,OP16-108,OP09-086,OP09-086,OP09-096,EB04-058,EB04-059,OP09-099]
[] Board: [OP16-110,OP16-104,EB04-058,OP16-103]
[] Life: 2
RZ1|165|2|Don|9|9900|5|0|1|1|1|0|0
RZ1|CHK|165|2|31|5|3|4|4|5|6|1|1|1
RZ1|166|2|Don|9|100|5|0|1|1|1|0|0
RZ1|CHK|166|2|31|5|3|4|4|6|6|1|1|0
[Opponent] Draw 1 Card
[] Drew card from deck: Captain John ["OP17-044">OP17-044]
RZ1|167|2|OP17-044|0|30|1|5|1|1|0|0|0
RZ1|CHK|167|2|30|6|3|4|4|6|6|1|1|0
RZ1|168|2|Don|4|3|5|6|1|1|0|0|0
RZ1|CHK|168|2|30|6|3|4|3|7|6|1|1|0
RZ1|169|2|Don|4|2|5|7|1|1|0|0|0
RZ1|CHK|169|2|30|6|3|4|2|8|6|1|1|0
[Opponent] Draw 2 Don
RZ1|170|2|Don|5|0|5|0|1|1|1|0|0
RZ1|CHK|170|2|30|6|3|4|2|8|6|1|1|0
RZ1|171|2|Don|5|1|5|1|1|1|1|0|0
RZ1|CHK|171|2|30|6|3|4|2|8|6|1|1|0
RZ1|172|2|Don|5|2|5|2|1|1|1|0|0
RZ1|CHK|172|2|30|6|3|4|2|8|6|1|1|0
RZ1|173|2|Don|5|3|5|3|1|1|1|0|0
RZ1|CHK|173|2|30|6|3|4|2|8|6|1|1|0
RZ1|174|2|Don|5|4|5|4|1|1|1|0|0
RZ1|CHK|174|2|30|6|3|4|2|8|6|1|1|0
RZ1|175|2|Don|5|5|5|5|1|1|1|0|0
RZ1|CHK|175|2|30|6|3|4|2|8|6|1|1|0
RZ1|176|2|Don|5|6|5|6|1|1|1|0|0
RZ1|CHK|176|2|30|6|3|4|2|8|6|1|1|0
[Opponent] Deploy Shiki ["OP17-048">OP17-048]
RZ1|177|2|OP17-048|1|0|2|3|1|1|0|0|0
RZ1|CHK|177|2|30|5|4|4|2|8|6|1|1|0
RZ1|178|2|Don|5|7|9|9900|1|1|0|0|0
RZ1|CHK|178|2|30|5|4|4|2|7|6|1|1|1
[Opponent] Attach 1 Don to Rocks D. Xebec ["OP17-039">OP17-039] (1 Total)
[Opponent] Kaido ["OP17-042">OP17-042] attacking Marshall D. Teach ["OP16-080">OP16-080]
Kaido ["OP17-042">OP17-042][6000] vs Marshall D. Teach ["OP16-080">OP16-080][5000]
Marshall D. Teach ["OP16-080">OP16-080] hit for 1 damage
RZ1|179|1|EB04-059|3|1|1|4|1|1|0|0|0
RZ1|CHK|179|1|25|5|4|1|3|7|14|1|1|0
[Opponent] Kyo ["OP17-045">OP17-045] attacking Catarina Devon ["OP16-104">OP16-104]
Kyo ["OP17-045">OP17-045][4000] vs Catarina Devon ["OP16-104">OP16-104][3000]
[You] Catarina Devon ["OP16-104">OP16-104] Destroyed
RZ1|180|1|OP16-104|2|1|6|14|1|1|0|0|0
RZ1|CHK|180|1|25|5|3|1|3|7|15|1|1|0
[Opponent] Rocks D. Xebec ["OP17-039">OP17-039] attacking Marshall D. Teach ["OP16-080">OP16-080]
RZ1|181|2|OP17-057|1|3|6|6|1|1|0|0|0
RZ1|CHK|181|2|30|4|4|4|2|7|7|1|1|1
[Opponent] Rocks D. Xebec ["OP17-039">OP17-039]: Trash Fullalead ["OP17-057">OP17-057]
RZ1|182|2|OP17-056|0|29|0|29|0|0|0|0|0
RZ1|CHK|182|2|30|4|4|4|2|7|7|1|1|1
[Opponent] Rocks D. Xebec ["OP17-039">OP17-039] revealed: Rocks Pirates ["OP17-056">OP17-056]
[] Drew card from deck: Rocks Pirates ["OP17-056">OP17-056]
RZ1|183|2|OP17-056|0|29|1|4|1|1|0|0|0
RZ1|CHK|183|2|29|5|4|4|2|7|7|1|1|1
[] Drew card from deck: Rocks Pirates ["OP17-056">OP17-056]
RZ1|184|2|OP17-056|0|28|1|5|1|1|0|0|0
RZ1|CHK|184|2|28|6|4|4|2|7|7|1|1|1
[Opponent] Rocks D. Xebec ["OP17-039">OP17-039]: Draw 2 Card
Rocks D. Xebec ["OP17-039">OP17-039][6000] vs Marshall D. Teach ["OP16-080">OP16-080][5000]
Marshall D. Teach ["OP16-080">OP16-080] hit for 1 damage
RZ1|185|1|OP16-109|3|0|1|5|1|1|0|0|0
RZ1|CHK|185|1|25|6|3|0|3|7|15|1|1|0
[You] Doc Q ["OP16-109">OP16-109]: Activate Trigger
RZ1|186|1|OP16-109|1|5|6|15|1|1|0|0|0
RZ1|CHK|186|1|25|5|3|0|3|7|16|1|1|0
[] Drew card from deck: Sanjuan Wolf ["OP16-106">OP16-106]
RZ1|187|1|OP16-106|0|24|1|5|1|1|0|0|0
RZ1|CHK|187|1|24|6|3|0|3|7|16|1|1|0
[You] Doc Q ["OP16-109">OP16-109]: Draw 1 Card
[] Hand: [OP17-048,OP17-040,OP17-118,OP17-044,OP17-056,OP17-056]
[] Board: [OP17-050,OP17-045,OP17-042,OP17-048]
[] Trash: [OP17-057,OP17-055,OP17-044,OP17-054,OP17-045,OP17-055,OP17-057]
[] Life: 4
[] Hand: [OP09-093,OP16-119,OP16-116,OP12-112,EB04-059,OP16-106]
[] Trash: [OP09-086,OP09-095,OP09-096,OP16-116,OP09-096,OP09-096,EB04-059,OP16-108,OP09-086,OP09-086,OP09-096,EB04-058,EB04-059,OP09-099,OP16-104,OP16-109]
[] Board: [OP16-110,EB04-058,OP16-103]
[] Life: 0
[Opponent] End Turn
[] Hand: [OP09-093,OP16-119,OP16-116,OP12-112,EB04-059,OP16-106]
[] Board: [OP16-110,EB04-058,OP16-103]
[] Trash: [OP09-086,OP09-095,OP09-096,OP16-116,OP09-096,OP09-096,EB04-059,OP16-108,OP09-086,OP09-086,OP09-096,EB04-058,EB04-059,OP09-099,OP16-104,OP16-109]
[] Life: 0
[] Hand: [OP17-048,OP17-040,OP17-118,OP17-044,OP17-056,OP17-056]
[] Trash: [OP17-057,OP17-055,OP17-044,OP17-054,OP17-045,OP17-055,OP17-057]
[] Board: [OP17-050,OP17-045,OP17-042,OP17-048]
[] Life: 4
[You] Draw 1 Card
[] Drew card from deck: Catarina Devon ["OP16-104">OP16-104]
RZ1|188|1|OP16-104|0|23|1|6|1|1|0|0|0
RZ1|CHK|188|1|23|7|3|0|3|7|16|1|1|0
RZ1|189|1|Don|4|2|5|7|1|1|0|0|0
RZ1|CHK|189|1|23|7|3|0|2|8|16|1|1|0
RZ1|190|1|Don|4|1|5|8|1|1|0|0|0
RZ1|CHK|190|1|23|7|3|0|1|9|16|1|1|0
[You] Draw 2 Don
RZ1|191|1|Don|5|0|5|0|1|1|1|0|0
RZ1|CHK|191|1|23|7|3|0|1|9|16|1|1|0
RZ1|192|1|Don|5|1|5|1|1|1|1|0|0
RZ1|CHK|192|1|23|7|3|0|1|9|16|1|1|0
RZ1|193|1|Don|5|2|5|2|1|1|1|0|0
RZ1|CHK|193|1|23|7|3|0|1|9|16|1|1|0
RZ1|194|1|Don|5|3|5|3|1|1|1|0|0
RZ1|CHK|194|1|23|7|3|0|1|9|16|1|1|0
RZ1|195|1|Don|5|4|5|4|1|1|1|0|0
RZ1|CHK|195|1|23|7|3|0|1|9|16|1|1|0
RZ1|196|1|Don|5|5|5|5|1|1|1|0|0
RZ1|CHK|196|1|23|7|3|0|1|9|16|1|1|0
RZ1|197|1|Don|5|6|5|6|1|1|1|0|0
RZ1|CHK|197|1|23|7|3|0|1|9|16|1|1|0
RZ1|198|1|Don|5|7|5|7|1|1|1|0|0
RZ1|CHK|198|1|23|7|3|0|1|9|16|1|1|0
[You] Deploy Marshall D. Teach ["OP16-119">OP16-119]
RZ1|199|1|OP16-119|1|1|2|3|1|1|0|0|0
RZ1|CHK|199|1|23|6|4|0|1|9|16|1|1|0
[You] Marshall D. Teach ["OP16-119">OP16-119]: Added card to top of Life from Hand
RZ1|200|1|OP16-109|0|20|3|0|1|0|0|0|0
RZ1|CHK|200|1|22|6|4|1|1|9|16|1|1|0
[You] Placing Cards on Bottom of Deck
RZ1|201|1|OP16-108|0|21|0|0|0|0|0|0|0
RZ1|CHK|201|1|22|6|4|1|1|9|16|1|1|0
RZ1|202|1|OP16-108|0|21|0|0|0|0|0|0|0
RZ1|CHK|202|1|22|6|4|1|1|9|16|1|1|0
[You] Fullalead ["OP09-099">OP09-099]: Rest Fullalead ["OP09-099">OP09-099]
RZ1|203|1|EB04-059|1|3|6|16|1|1|0|0|0
RZ1|CHK|203|1|22|5|4|1|1|9|17|1|1|0
[You] Fullalead ["OP09-099">OP09-099]: Trash Black Rope Dragon Twister ["EB04-059">EB04-059]
RZ1|204|1|OP16-109|0|19|1|5|1|1|0|0|0
RZ1|CHK|204|1|21|6|4|1|1|9|17|1|1|0
[You] Fullalead ["OP09-099">OP09-099]: <b>Reveal and Draw Doc Q ["OP16-109">OP16-109]</b>
[You] Placing Cards on Bottom of Deck
RZ1|205|1|OP09-086|0|20|0|0|0|0|0|0|0
RZ1|CHK|205|1|21|6|4|1|1|9|17|1|1|0
RZ1|206|1|OP09-099|0|20|0|0|0|0|0|0|0
RZ1|CHK|206|1|21|6|4|1|1|9|17|1|1|0
[You] Marshall D. Teach ["OP16-080">OP16-080] attacking Rocks D. Xebec ["OP17-039">OP17-039]
RZ1|207|2|OP17-044|1|3|6|7|1|1|0|0|0
RZ1|CHK|207|2|28|5|4|4|2|7|8|1|1|1
[Opponent] Shiki ["OP17-048">OP17-048]: Trash Captain John ["OP17-044">OP17-044]
[Opponent] Shiki ["OP17-048">OP17-048]: Buff Marshall D. Teach ["OP16-119">OP16-119] -3000
[Opponent] Fullalead ["OP17-057">OP17-057]: Rest Fullalead ["OP17-057">OP17-057]
RZ1|208|2|OP17-040|1|1|6|8|1|1|0|0|0
RZ1|CHK|208|2|28|4|4|4|2|7|9|1|1|1
[Opponent] Fullalead ["OP17-057">OP17-057]: Trash Edward Newgate ["OP17-040">OP17-040]
[Opponent] Fullalead ["OP17-057">OP17-057]: Buff Rocks D. Xebec ["OP17-039">OP17-039] 1000 for the Combat
Marshall D. Teach ["OP16-080">OP16-080][5000] vs Rocks D. Xebec ["OP17-039">OP17-039][6000]
Attack Fails
[You] Borsalino ["EB04-058">EB04-058] attacking Kaido ["OP17-042">OP17-042]
[Opponent] Rocks Pirates ["OP17-056">OP17-056]: Activate Counter
RZ1|209|2|OP17-056|1|2|6|9|1|1|0|0|0
RZ1|CHK|209|2|28|3|4|4|2|7|10|1|1|1
[Opponent] Rocks Pirates ["OP17-056">OP17-056]: Buff Kaido ["OP17-042">OP17-042] 2000 for the Combat
Borsalino ["EB04-058">EB04-058][6000] vs Kaido ["OP17-042">OP17-042][8000]
Attack Fails
RZ1|210|1|Don|5|8|5|8|1|1|1|0|0
RZ1|CHK|210|1|21|6|4|1|1|9|17|1|1|0
[You] Deploy Doc Q ["OP16-109">OP16-109]
RZ1|211|1|OP16-109|1|5|2|4|1|1|0|0|0
RZ1|CHK|211|1|21|5|5|1|1|9|17|1|1|0
[] Hand: [OP09-093,OP16-116,OP12-112,OP16-106,OP16-104]
[] Board: [OP16-110,EB04-058,OP16-103,OP16-119,OP16-109]
[] Trash: [OP09-086,OP09-095,OP09-096,OP16-116,OP09-096,OP09-096,EB04-059,OP16-108,OP09-086,OP09-086,OP09-096,EB04-058,EB04-059,OP09-099,OP16-104,OP16-109,EB04-059]
[] Life: 1
[] Hand: [OP17-048,OP17-118,OP17-056]
[] Trash: [OP17-057,OP17-055,OP17-044,OP17-054,OP17-045,OP17-055,OP17-057,OP17-044,OP17-040,OP17-056]
[] Board: [OP17-050,OP17-045,OP17-042,OP17-048]
[] Life: 4
[You] End Turn
[] Hand: [OP17-048,OP17-118,OP17-056]
[] Board: [OP17-050,OP17-045,OP17-042,OP17-048]
[] Trash: [OP17-057,OP17-055,OP17-044,OP17-054,OP17-045,OP17-055,OP17-057,OP17-044,OP17-040,OP17-056]
[] Life: 4
[] Hand: [OP09-093,OP16-116,OP12-112,OP16-106,OP16-104]
[] Trash: [OP09-086,OP09-095,OP09-096,OP16-116,OP09-096,OP09-096,EB04-059,OP16-108,OP09-086,OP09-086,OP09-096,EB04-058,EB04-059,OP09-099,OP16-104,OP16-109,EB04-059]
[] Board: [OP16-110,EB04-058,OP16-103,OP16-119,OP16-109]
[] Life: 1
RZ1|212|2|Don|9|9900|5|0|1|1|1|0|0
RZ1|CHK|212|2|28|3|4|4|2|8|10|1|1|0
[Opponent] Draw 1 Card
[] Drew card from deck: Kaido ["OP17-042">OP17-042]
RZ1|213|2|OP17-042|0|27|1|3|1|1|0|0|0
RZ1|CHK|213|2|27|4|4|4|2|8|10|1|1|0
RZ1|214|2|Don|4|1|5|8|1|1|0|0|0
RZ1|CHK|214|2|27|4|4|4|1|9|10|1|1|0
RZ1|215|2|Don|4|0|5|9|1|1|0|0|0
RZ1|CHK|215|2|27|4|4|4|0|10|10|1|1|0
[Opponent] Draw 2 Don
RZ1|216|2|Don|5|0|5|0|1|1|1|0|0
RZ1|CHK|216|2|27|4|4|4|0|10|10|1|1|0
RZ1|217|2|Don|5|1|5|1|1|1|1|0|0
RZ1|CHK|217|2|27|4|4|4|0|10|10|1|1|0
RZ1|218|2|Don|5|2|5|2|1|1|1|0|0
RZ1|CHK|218|2|27|4|4|4|0|10|10|1|1|0
RZ1|219|2|Don|5|3|5|3|1|1|1|0|0
RZ1|CHK|219|2|27|4|4|4|0|10|10|1|1|0
RZ1|220|2|Don|5|4|5|4|1|1|1|0|0
RZ1|CHK|220|2|27|4|4|4|0|10|10|1|1|0
RZ1|221|2|Don|5|5|5|5|1|1|1|0|0
RZ1|CHK|221|2|27|4|4|4|0|10|10|1|1|0
RZ1|222|2|Don|5|6|5|6|1|1|1|0|0
RZ1|CHK|222|2|27|4|4|4|0|10|10|1|1|0
RZ1|223|2|Don|5|7|5|7|1|1|1|0|0
RZ1|CHK|223|2|27|4|4|4|0|10|10|1|1|0
RZ1|224|2|Don|5|8|5|8|1|1|1|0|0
RZ1|CHK|224|2|27|4|4|4|0|10|10|1|1|0
RZ1|225|2|Don|5|9|5|9|1|1|1|0|0
RZ1|CHK|225|2|27|4|4|4|0|10|10|1|1|0
[Opponent] Deploy Rocks D. Xebec ["OP17-118">OP17-118]
RZ1|226|2|OP17-118|1|1|2|4|1|1|0|0|0
RZ1|CHK|226|2|27|3|5|4|0|10|10|1|1|0
[] Drew card from deck: Captain John ["OP17-044">OP17-044]
RZ1|227|2|OP17-044|0|26|1|3|1|1|0|0|0
RZ1|CHK|227|2|26|4|5|4|0|10|10|1|1|0
[Opponent] Rocks D. Xebec ["OP17-118">OP17-118]: Draw 1 Card
RZ1|228|2|OP17-050|2|0|6|10|1|1|0|0|0
RZ1|CHK|228|2|26|4|4|4|0|10|11|1|1|0
[Opponent] Trash Streusen ["OP17-050">OP17-050]
RZ1|229|2|OP17-042|1|2|2|4|1|1|0|0|0
RZ1|CHK|229|2|26|3|5|4|0|10|11|1|1|0
[Opponent] Rocks D. Xebec ["OP17-118">OP17-118]: Deploy Kaido ["OP17-042">OP17-042]
RZ1|230|2|OP17-045|2|0|6|11|1|1|0|0|0
RZ1|CHK|230|2|26|3|4|4|0|10|12|1|1|0
[Opponent] Trash Kyo ["OP17-045">OP17-045]
RZ1|231|2|OP17-044|1|2|2|4|1|1|0|0|0
RZ1|CHK|231|2|26|2|5|4|0|10|12|1|1|0
[Opponent] Rocks D. Xebec ["OP17-118">OP17-118]: Deploy Captain John ["OP17-044">OP17-044]
[Opponent] Shiki ["OP17-048">OP17-048] attacking Borsalino ["EB04-058">EB04-058]
RZ1|232|2|OP17-048|1|0|6|12|1|1|0|0|0
RZ1|CHK|232|2|26|1|5|4|0|10|13|1|1|0
[Opponent] Shiki ["OP17-048">OP17-048]: Trash Shiki ["OP17-048">OP17-048]
[Opponent] Shiki ["OP17-048">OP17-048]: Buff Borsalino ["EB04-058">EB04-058] -3000
Shiki ["OP17-048">OP17-048][9000] vs Borsalino ["EB04-058">EB04-058][3000]
[You] Borsalino ["EB04-058">EB04-058] Destroyed
RZ1|233|1|EB04-058|2|1|6|17|1|1|0|0|0
RZ1|CHK|233|1|21|5|4|1|1|9|18|1|1|0
[] Drew card from deck: Shiki ["OP17-048">OP17-048]
RZ1|234|2|OP17-048|0|25|1|1|1|1|0|0|0
RZ1|CHK|234|2|25|2|5|4|0|10|13|1|1|0
[Opponent] Captain John ["OP17-044">OP17-044]: Draw 1 Card
[Opponent] Captain John ["OP17-044">OP17-044]: Rest Captain John ["OP17-044">OP17-044]
RZ1|235|2|OP17-048|1|1|6|13|1|1|0|0|0
RZ1|CHK|235|2|25|1|5|4|0|10|14|1|1|0
[Opponent] Captain John ["OP17-044">OP17-044]: Trash Shiki ["OP17-048">OP17-048]
[Opponent] Kaido ["OP17-042">OP17-042] attacking Marshall D. Teach ["OP16-080">OP16-080]
Kaido ["OP17-042">OP17-042][6000] vs Marshall D. Teach ["OP16-080">OP16-080][5000]
Marshall D. Teach ["OP16-080">OP16-080] hit for 1 damage
RZ1|236|1|OP16-109|3|0|1|5|1|1|0|0|0
RZ1|CHK|236|1|21|6|4|0|1|9|18|1|1|0
[Opponent] Rocks D. Xebec ["OP17-039">OP17-039] attacking Marshall D. Teach ["OP16-080">OP16-080]
RZ1|237|1|OP16-106|1|3|6|18|1|1|0|0|0
RZ1|CHK|237|1|21|5|4|0|1|9|19|1|1|0
[You] Marshall D. Teach ["OP16-080">OP16-080]: Trash Sanjuan Wolf ["OP16-106">OP16-106]
[You] Marshall D. Teach ["OP16-080">OP16-080]: Target of Attack changed to Vasco Shot ["OP16-110">OP16-110]
Rocks D. Xebec ["OP17-039">OP17-039][5000] vs Vasco Shot ["OP16-110">OP16-110][2000]
[You] Vasco Shot ["OP16-110">OP16-110] Destroyed
RZ1|238|1|OP16-110|2|0|6|19|1|1|0|0|0
RZ1|CHK|238|1|21|5|3|0|1|9|20|1|1|0
[] Drew card from deck: Catarina Devon ["OP16-104">OP16-104]
RZ1|239|1|OP16-104|0|20|1|5|1|1|0|0|0
RZ1|CHK|239|1|20|6|3|0|1|9|20|1|1|0
[You] Vasco Shot ["OP16-110">OP16-110]: Draw 1 Card
[You] Vasco Shot ["OP16-110">OP16-110]: Rest Kaido ["OP17-042">OP17-042]
[] Hand: [OP17-056]
[] Board: [OP17-042,OP17-048,OP17-118,OP17-042,OP17-044]
[] Trash: [OP17-057,OP17-055,OP17-044,OP17-054,OP17-045,OP17-055,OP17-057,OP17-044,OP17-040,OP17-056,OP17-050,OP17-045,OP17-048,OP17-048]
[] Life: 4
[] Hand: [OP09-093,OP16-116,OP12-112,OP16-104,OP16-109,OP16-104]
[] Trash: [OP09-086,OP09-095,OP09-096,OP16-116,OP09-096,OP09-096,EB04-059,OP16-108,OP09-086,OP09-086,OP09-096,EB04-058,EB04-059,OP09-099,OP16-104,OP16-109,EB04-059,EB04-058,OP16-106,OP16-110]
[] Board: [OP16-103,OP16-119,OP16-109]
[] Life: 0
[Opponent] End Turn
[] Hand: [OP09-093,OP16-116,OP12-112,OP16-104,OP16-109,OP16-104]
[] Board: [OP16-103,OP16-119,OP16-109]
[] Trash: [OP09-086,OP09-095,OP09-096,OP16-116,OP09-096,OP09-096,EB04-059,OP16-108,OP09-086,OP09-086,OP09-096,EB04-058,EB04-059,OP09-099,OP16-104,OP16-109,EB04-059,EB04-058,OP16-106,OP16-110]
[] Life: 0
[] Hand: [OP17-056]
[] Trash: [OP17-057,OP17-055,OP17-044,OP17-054,OP17-045,OP17-055,OP17-057,OP17-044,OP17-040,OP17-056,OP17-050,OP17-045,OP17-048,OP17-048]
[] Board: [OP17-042,OP17-048,OP17-118,OP17-042,OP17-044]
[] Life: 4
[You] Draw 1 Card
[] Drew card from deck: Vasco Shot ["OP16-110">OP16-110]
RZ1|240|1|OP16-110|0|19|1|6|1|1|0|0|0
RZ1|CHK|240|1|19|7|3|0|1|9|20|1|1|0
RZ1|241|1|Don|4|0|5|9|1|1|0|0|0
RZ1|CHK|241|1|19|7|3|0|0|10|20|1|1|0
[You] Draw 2 Don
[You] Fullalead ["OP09-099">OP09-099]: Rest Fullalead ["OP09-099">OP09-099]
RZ1|242|1|OP16-104|1|3|6|20|1|1|0|0|0
RZ1|CHK|242|1|19|6|3|0|0|10|21|1|1|0
[You] Fullalead ["OP09-099">OP09-099]: Trash Catarina Devon ["OP16-104">OP16-104]
RZ1|243|1|OP16-110|0|18|1|6|1|1|0|0|0
RZ1|CHK|243|1|18|7|3|0|0|10|21|1|1|0
[You] Fullalead ["OP09-099">OP09-099]: <b>Reveal and Draw Vasco Shot ["OP16-110">OP16-110]</b>
[You] Placing Cards on Bottom of Deck
RZ1|244|1|OP16-110|0|17|0|0|0|0|0|0|0
RZ1|CHK|244|1|18|7|3|0|0|10|21|1|1|0
RZ1|245|1|OP16-104|0|17|0|0|0|0|0|0|0
RZ1|CHK|245|1|18|7|3|0|0|10|21|1|1|0
RZ1|246|1|Don|5|0|5|0|1|1|1|0|0
RZ1|CHK|246|1|18|7|3|0|0|10|21|1|1|0
RZ1|247|1|Don|5|1|5|1|1|1|1|0|0
RZ1|CHK|247|1|18|7|3|0|0|10|21|1|1|0
RZ1|248|1|Don|5|2|5|2|1|1|1|0|0
RZ1|CHK|248|1|18|7|3|0|0|10|21|1|1|0
RZ1|249|1|Don|5|3|5|3|1|1|1|0|0
RZ1|CHK|249|1|18|7|3|0|0|10|21|1|1|0
RZ1|250|1|Don|5|4|5|4|1|1|1|0|0
RZ1|CHK|250|1|18|7|3|0|0|10|21|1|1|0
RZ1|251|1|Don|5|5|5|5|1|1|1|0|0
RZ1|CHK|251|1|18|7|3|0|0|10|21|1|1|0
RZ1|252|1|Don|5|6|5|6|1|1|1|0|0
RZ1|CHK|252|1|18|7|3|0|0|10|21|1|1|0
RZ1|253|1|Don|5|7|5|7|1|1|1|0|0
RZ1|CHK|253|1|18|7|3|0|0|10|21|1|1|0
RZ1|254|1|Don|5|8|5|8|1|1|1|0|0
RZ1|CHK|254|1|18|7|3|0|0|10|21|1|1|0
RZ1|255|1|Don|5|9|5|9|1|1|1|0|0
RZ1|CHK|255|1|18|7|3|0|0|10|21|1|1|0
[You] Deploy Marshall D. Teach ["OP09-093">OP09-093]
RZ1|256|1|OP09-093|1|0|2|3|1|1|0|0|0
RZ1|CHK|256|1|18|6|4|0|0|10|21|1|1|0
[You] Marshall D. Teach ["OP09-093">OP09-093]: Nullify effects of Rocks D. Xebec ["OP17-039">OP17-039]
[You] Marshall D. Teach ["OP09-093">OP09-093]: Rocks D. Xebec ["OP17-118">OP17-118] can't attack next turn
[You] Marshall D. Teach ["OP09-093">OP09-093]: Nullify effects of Rocks D. Xebec ["OP17-118">OP17-118] until next turn end!
[You] Marshall D. Teach ["OP16-119">OP16-119] attacking Captain John ["OP17-044">OP17-044]
Marshall D. Teach ["OP16-119">OP16-119][10000] vs Captain John ["OP17-044">OP17-044][6000]
[Opponent] Captain John ["OP17-044">OP17-044] Destroyed
RZ1|257|2|OP17-044|2|4|6|14|1|1|0|0|0
RZ1|CHK|257|2|25|1|4|4|0|10|15|1|1|0
[You] Marshall D. Teach ["OP16-080">OP16-080] attacking Rocks D. Xebec ["OP17-039">OP17-039]
Marshall D. Teach ["OP16-080">OP16-080][5000] vs Rocks D. Xebec ["OP17-039">OP17-039][5000]
Rocks D. Xebec ["OP17-039">OP17-039] hit for 1 damage
RZ1|258|2|OP17-118|3|3|1|1|1|1|0|0|0
RZ1|CHK|258|2|25|2|4|3|0|10|15|1|1|0
[You] Rocks D. Xebec ["OP17-039">OP17-039] no longer nullified
[] Hand: [OP16-116,OP12-112,OP16-109,OP16-104,OP16-110,OP16-110]
[] Board: [OP16-103,OP16-119,OP16-109,OP09-093]
[] Trash: [OP09-086,OP09-095,OP09-096,OP16-116,OP09-096,OP09-096,EB04-059,OP16-108,OP09-086,OP09-086,OP09-096,EB04-058,EB04-059,OP09-099,OP16-104,OP16-109,EB04-059,EB04-058,OP16-106,OP16-110,OP16-104]
[] Life: 0
[] Hand: [OP17-056,OP17-118]
[] Trash: [OP17-057,OP17-055,OP17-044,OP17-054,OP17-045,OP17-055,OP17-057,OP17-044,OP17-040,OP17-056,OP17-050,OP17-045,OP17-048,OP17-048,OP17-044]
[] Board: [OP17-042,OP17-048,OP17-118,OP17-042]
[] Life: 3
[You] End Turn
[] Hand: [OP17-056,OP17-118]
[] Board: [OP17-042,OP17-048,OP17-118,OP17-042]
[] Trash: [OP17-057,OP17-055,OP17-044,OP17-054,OP17-045,OP17-055,OP17-057,OP17-044,OP17-040,OP17-056,OP17-050,OP17-045,OP17-048,OP17-048,OP17-044]
[] Life: 3
[] Hand: [OP16-116,OP12-112,OP16-109,OP16-104,OP16-110,OP16-110]
[] Trash: [OP09-086,OP09-095,OP09-096,OP16-116,OP09-096,OP09-096,EB04-059,OP16-108,OP09-086,OP09-086,OP09-096,EB04-058,EB04-059,OP09-099,OP16-104,OP16-109,EB04-059,EB04-058,OP16-106,OP16-110,OP16-104]
[] Board: [OP16-103,OP16-119,OP16-109,OP09-093]
[] Life: 0
[Opponent] Draw 1 Card
[] Drew card from deck: Streusen ["OP17-050">OP17-050]
RZ1|259|2|OP17-050|0|24|1|2|1|1|0|0|0
RZ1|CHK|259|2|24|3|4|3|0|10|15|1|1|0
RZ1|260|2|Don|5|0|9|100|1|1|0|0|0
RZ1|CHK|260|2|24|3|4|3|0|9|15|1|1|1
[Opponent] Attach 1 Don to Shiki ["OP17-048">OP17-048] (1 Total)
[Opponent] Shiki ["OP17-048">OP17-048] attacking Marshall D. Teach ["OP16-080">OP16-080]
RZ1|261|2|OP17-050|1|2|6|15|1|1|0|0|0
RZ1|CHK|261|2|24|2|4|3|0|9|16|1|1|1
[Opponent] Shiki ["OP17-048">OP17-048]: Trash Streusen ["OP17-050">OP17-050]
[Opponent] Shiki ["OP17-048">OP17-048]: Buff Marshall D. Teach ["OP09-093">OP09-093] -3000
RZ1|262|1|OP16-104|1|3|6|21|1|1|0|0|0
RZ1|CHK|262|1|18|5|4|0|0|10|22|1|1|0
[You] Marshall D. Teach ["OP16-080">OP16-080]: Trash Catarina Devon ["OP16-104">OP16-104]
[You] Marshall D. Teach ["OP16-080">OP16-080]: Target of Attack changed to Van Augur ["OP16-103">OP16-103]
Shiki ["OP17-048">OP17-048][10000] vs Van Augur ["OP16-103">OP16-103][2000]
[You] Van Augur ["OP16-103">OP16-103] Destroyed
RZ1|263|1|OP16-103|2|0|6|22|1|1|0|0|0
RZ1|CHK|263|1|18|5|3|0|0|10|23|1|1|0
[] Drew card from deck: Marshall D. Teach ["OP16-119">OP16-119]
RZ1|264|1|OP16-119|0|17|1|5|1|1|0|0|0
RZ1|CHK|264|1|17|6|3|0|0|10|23|1|1|0
[You] Van Augur ["OP16-103">OP16-103]: Draw 1 Card
[You] Van Augur ["OP16-103">OP16-103]: Buff Rocks D. Xebec ["OP17-118">OP17-118] -3000
RZ1|265|2|Don|5|0|9|9900|1|1|0|0|0
RZ1|CHK|265|2|24|2|4|3|0|8|16|1|1|2
[Opponent] Attach 1 Don to Rocks D. Xebec ["OP17-039">OP17-039] (1 Total)
[Opponent] Rocks D. Xebec ["OP17-039">OP17-039] attacking Marshall D. Teach ["OP16-080">OP16-080]
RZ1|266|2|OP17-118|1|1|6|16|1|1|0|0|0
RZ1|CHK|266|2|24|1|4|3|0|8|17|1|1|2
[Opponent] Rocks D. Xebec ["OP17-039">OP17-039]: Trash Rocks D. Xebec ["OP17-118">OP17-118]
RZ1|267|2|OP17-049|0|23|0|23|0|0|0|0|0
RZ1|CHK|267|2|24|1|4|3|0|8|17|1|1|2
[Opponent] Rocks D. Xebec ["OP17-039">OP17-039] revealed: Charlotte Linlin ["OP17-049">OP17-049]
[] Drew card from deck: Charlotte Linlin ["OP17-049">OP17-049]
RZ1|268|2|OP17-049|0|23|1|1|1|1|0|0|0
RZ1|CHK|268|2|23|2|4|3|0|8|17|1|1|2
[] Drew card from deck: Charlotte Linlin ["OP17-049">OP17-049]
RZ1|269|2|OP17-049|0|22|1|2|1|1|0|0|0
RZ1|CHK|269|2|22|3|4|3|0|8|17|1|1|2
[Opponent] Rocks D. Xebec ["OP17-039">OP17-039]: Draw 2 Card
[You] Discard Baby 5 ["OP12-112">OP12-112] for Counter 2000
RZ1|270|1|OP12-112|1|1|6|23|1|1|0|0|0
RZ1|CHK|270|1|17|5|3|0|0|10|24|1|1|0
Rocks D. Xebec ["OP17-039">OP17-039][6000] vs Marshall D. Teach ["OP16-080">OP16-080][7000]
Attack Fails
[Opponent] Kaido ["OP17-042">OP17-042] attacking Marshall D. Teach ["OP16-080">OP16-080]
[You] Discard Doc Q ["OP16-109">OP16-109] for Counter 2000
RZ1|271|1|OP16-109|1|1|6|24|1|1|0|0|0
RZ1|CHK|271|1|17|4|3|0|0|10|25|1|1|0
Kaido ["OP17-042">OP17-042][6000] vs Marshall D. Teach ["OP16-080">OP16-080][7000]
Attack Fails
RZ1|272|2|Don|5|0|5|0|1|1|1|0|0
RZ1|CHK|272|2|22|3|4|3|0|8|17|1|1|2
RZ1|273|2|Don|5|1|5|1|1|1|1|0|0
RZ1|CHK|273|2|22|3|4|3|0|8|17|1|1|2
RZ1|274|2|Don|5|2|5|2|1|1|1|0|0
RZ1|CHK|274|2|22|3|4|3|0|8|17|1|1|2
RZ1|275|2|Don|5|3|5|3|1|1|1|0|0
RZ1|CHK|275|2|22|3|4|3|0|8|17|1|1|2
RZ1|276|2|Don|5|4|5|4|1|1|1|0|0
RZ1|CHK|276|2|22|3|4|3|0|8|17|1|1|2
[Opponent] Deploy Charlotte Linlin ["OP17-049">OP17-049]
RZ1|277|2|OP17-049|1|1|2|4|1|1|0|0|0
RZ1|CHK|277|2|22|2|5|3|0|8|17|1|1|2
[Opponent] Forcing opponent to resolve Card Action!
[You] Forcing opponent to resolve Card Action!
[] Drew card from deck: Rocks D. Xebec ["OP17-118">OP17-118]
RZ1|278|2|OP17-118|0|21|1|2|1|1|0|0|0
RZ1|CHK|278|2|21|3|5|3|0|8|17|1|1|2
[] Drew card from deck: Stussy ["OP17-054">OP17-054]
RZ1|279|2|OP17-054|0|20|1|3|1|1|0|0|0
RZ1|CHK|279|2|20|4|5|3|0|8|17|1|1|2
[Opponent] Charlotte Linlin ["OP17-049">OP17-049]: Draw 2 Card
[Opponent] Kaido ["OP17-042">OP17-042] attacking Marshall D. Teach ["OP16-080">OP16-080]
[You] Discard Vasco Shot ["OP16-110">OP16-110] for Counter 1000
RZ1|280|1|OP16-110|1|1|6|25|1|1|0|0|0
RZ1|CHK|280|1|17|3|3|0|0|10|26|1|1|0
[You] Discard Vasco Shot ["OP16-110">OP16-110] for Counter 1000
RZ1|281|1|OP16-110|1|1|6|26|1|1|0|0|0
RZ1|CHK|281|1|17|2|3|0|0|10|27|1|1|0
Kaido ["OP17-042">OP17-042][6000] vs Marshall D. Teach ["OP16-080">OP16-080][7000]
Attack Fails
[Opponent] Rocks D. Xebec ["OP17-118">OP17-118] is no longer blocked from attacking
[Opponent] Rocks D. Xebec ["OP17-118">OP17-118] no longer nullified
[] Hand: [OP17-056,OP17-049,OP17-118,OP17-054]
[] Board: [OP17-042,OP17-048,OP17-118,OP17-042,OP17-049]
[] Trash: [OP17-057,OP17-055,OP17-044,OP17-054,OP17-045,OP17-055,OP17-057,OP17-044,OP17-040,OP17-056,OP17-050,OP17-045,OP17-048,OP17-048,OP17-044,OP17-050,OP17-118]
[] Life: 3
[] Hand: [OP16-116,OP16-119]
[] Trash: [OP09-086,OP09-095,OP09-096,OP16-116,OP09-096,OP09-096,EB04-059,OP16-108,OP09-086,OP09-086,OP09-096,EB04-058,EB04-059,OP09-099,OP16-104,OP16-109,EB04-059,EB04-058,OP16-106,OP16-110,OP16-104,OP16-104,OP16-103,OP12-112,OP16-109,OP16-110,OP16-110]
[] Board: [OP16-119,OP16-109,OP09-093]
[] Life: 0
[Opponent] End Turn
[] Hand: [OP16-116,OP16-119]
[] Board: [OP16-119,OP16-109,OP09-093]
[] Trash: [OP09-086,OP09-095,OP09-096,OP16-116,OP09-096,OP09-096,EB04-059,OP16-108,OP09-086,OP09-086,OP09-096,EB04-058,EB04-059,OP09-099,OP16-104,OP16-109,EB04-059,EB04-058,OP16-106,OP16-110,OP16-104,OP16-104,OP16-103,OP12-112,OP16-109,OP16-110,OP16-110]
[] Life: 0
[] Hand: [OP17-056,OP17-049,OP17-118,OP17-054]
[] Trash: [OP17-057,OP17-055,OP17-044,OP17-054,OP17-045,OP17-055,OP17-057,OP17-044,OP17-040,OP17-056,OP17-050,OP17-045,OP17-048,OP17-048,OP17-044,OP17-050,OP17-118]
[] Board: [OP17-042,OP17-048,OP17-118,OP17-042,OP17-049]
[] Life: 3
[You] Draw 1 Card
[] Drew card from deck: Borsalino ["EB04-058">EB04-058]
RZ1|282|1|EB04-058|0|16|1|2|1|1|0|0|0
RZ1|CHK|282|1|16|3|3|0|0|10|27|1|1|0
[You] Marshall D. Teach ["OP16-119">OP16-119] attacking Rocks D. Xebec ["OP17-039">OP17-039]
RZ1|283|2|OP17-049|1|1|6|17|1|1|0|0|0
RZ1|CHK|283|2|20|3|5|3|0|8|18|1|1|2
[Opponent] Shiki ["OP17-048">OP17-048]: Trash Charlotte Linlin ["OP17-049">OP17-049]
[Opponent] Shiki ["OP17-048">OP17-048]: Buff Marshall D. Teach ["OP09-093">OP09-093] -3000
RZ1|284|2|OP17-054|1|2|6|18|1|1|0|0|0
RZ1|CHK|284|2|20|2|5|3|0|8|19|1|1|2
[Opponent] Charlotte Linlin ["OP17-049">OP17-049]: Trash Stussy ["OP17-054">OP17-054]
[Opponent] Charlotte Linlin ["OP17-049">OP17-049]: Buff Rocks D. Xebec ["OP17-039">OP17-039] 1000 for the Combat
[Opponent] Fullalead ["OP17-057">OP17-057]: Rest Fullalead ["OP17-057">OP17-057]
RZ1|285|2|OP17-118|1|1|6|19|1|1|0|0|0
RZ1|CHK|285|2|20|1|5|3|0|8|20|1|1|2
[Opponent] Fullalead ["OP17-057">OP17-057]: Trash Rocks D. Xebec ["OP17-118">OP17-118]
[Opponent] Fullalead ["OP17-057">OP17-057]: Buff Rocks D. Xebec ["OP17-039">OP17-039] 1000 for the Combat
Marshall D. Teach ["OP16-119">OP16-119][10000] vs Rocks D. Xebec ["OP17-039">OP17-039][7000]
Rocks D. Xebec ["OP17-039">OP17-039] hit for 1 damage
RZ1|286|2|OP17-045|3|2|1|1|1|1|0|0|0
RZ1|CHK|286|2|20|2|5|2|0|8|20|1|1|2
[You] Marshall D. Teach ["OP16-080">OP16-080] attacking Rocks D. Xebec ["OP17-039">OP17-039]
[Opponent] Rocks Pirates ["OP17-056">OP17-056]: Activate Counter
RZ1|287|2|OP17-056|1|0|6|20|1|1|0|0|0
RZ1|CHK|287|2|20|1|5|2|0|8|21|1|1|2
[Opponent] Rocks Pirates ["OP17-056">OP17-056]: Buff Rocks D. Xebec ["OP17-039">OP17-039] 2000 for the Combat
Marshall D. Teach ["OP16-080">OP16-080][5000] vs Rocks D. Xebec ["OP17-039">OP17-039][7000]
Attack Fails
[You] Fullalead ["OP09-099">OP09-099]: Rest Fullalead ["OP09-099">OP09-099]
RZ1|288|1|OP16-116|1|0|6|27|1|1|0|0|0
RZ1|CHK|288|1|16|2|3|0|0|10|28|1|1|0
[You] Fullalead ["OP09-099">OP09-099]: Trash ZEHAHAHAHA ["OP16-116">OP16-116]
RZ1|289|1|OP16-109|0|14|1|2|1|1|0|0|0
RZ1|CHK|289|1|15|3|3|0|0|10|28|1|1|0
[You] Fullalead ["OP09-099">OP09-099]: <b>Reveal and Draw Doc Q ["OP16-109">OP16-109]</b>
[You] Placing Cards on Bottom of Deck
RZ1|290|1|OP12-112|0|14|0|0|0|0|0|0|0
RZ1|CHK|290|1|15|3|3|0|0|10|28|1|1|0
RZ1|291|1|OP12-112|0|14|0|0|0|0|0|0|0
RZ1|CHK|291|1|15|3|3|0|0|10|28|1|1|0
RZ1|292|1|Don|5|0|5|0|1|1|1|0|0
RZ1|CHK|292|1|15|3|3|0|0|10|28|1|1|0
RZ1|293|1|Don|5|1|5|1|1|1|1|0|0
RZ1|CHK|293|1|15|3|3|0|0|10|28|1|1|0
RZ1|294|1|Don|5|2|5|2|1|1|1|0|0
RZ1|CHK|294|1|15|3|3|0|0|10|28|1|1|0
RZ1|295|1|Don|5|3|5|3|1|1|1|0|0
RZ1|CHK|295|1|15|3|3|0|0|10|28|1|1|0
RZ1|296|1|Don|5|4|5|4|1|1|1|0|0
RZ1|CHK|296|1|15|3|3|0|0|10|28|1|1|0
RZ1|297|1|Don|5|5|5|5|1|1|1|0|0
RZ1|CHK|297|1|15|3|3|0|0|10|28|1|1|0
RZ1|298|1|Don|5|6|5|6|1|1|1|0|0
RZ1|CHK|298|1|15|3|3|0|0|10|28|1|1|0
RZ1|299|1|Don|5|7|5|7|1|1|1|0|0
RZ1|CHK|299|1|15|3|3|0|0|10|28|1|1|0
[You] Deploy Marshall D. Teach ["OP16-119">OP16-119]
RZ1|300|1|OP16-119|1|0|2|3|1|1|0|0|0
RZ1|CHK|300|1|15|2|4|0|0|10|28|1|1|0
[You] Marshall D. Teach ["OP16-119">OP16-119]: Added card to top of Life from Hand
RZ1|301|1|OP09-093|0|13|3|0|1|0|0|0|0
RZ1|CHK|301|1|14|2|4|1|0|10|28|1|1|0
[You] Placing Cards on Bottom of Deck
RZ1|302|1|OP16-119|0|13|0|0|0|0|0|0|0
RZ1|CHK|302|1|14|2|4|1|0|10|28|1|1|0
RZ1|303|1|OP09-099|0|13|0|0|0|0|0|0|0
RZ1|CHK|303|1|14|2|4|1|0|10|28|1|1|0
[You] Marshall D. Teach ["OP09-093">OP09-093] attacking Shiki ["OP17-048">OP17-048]
Marshall D. Teach ["OP09-093">OP09-093][9000] vs Shiki ["OP17-048">OP17-048][9000]
[Opponent] Shiki ["OP17-048">OP17-048] Destroyed
RZ1|304|2|Don|9|100|5|0|1|1|1|0|0
RZ1|CHK|304|2|20|1|5|2|0|9|21|1|1|1
RZ1|305|2|OP17-048|2|1|6|21|1|1|0|0|0
RZ1|CHK|305|2|20|1|4|2|0|9|22|1|1|1
[] Hand: [EB04-058,OP16-109]
[] Board: [OP16-119,OP16-109,OP09-093,OP16-119]
[] Trash: [OP09-086,OP09-095,OP09-096,OP16-116,OP09-096,OP09-096,EB04-059,OP16-108,OP09-086,OP09-086,OP09-096,EB04-058,EB04-059,OP09-099,OP16-104,OP16-109,EB04-059,EB04-058,OP16-106,OP16-110,OP16-104,OP16-104,OP16-103,OP12-112,OP16-109,OP16-110,OP16-110,OP16-116]
[] Life: 1
[] Hand: [OP17-045]
[] Trash: [OP17-057,OP17-055,OP17-044,OP17-054,OP17-045,OP17-055,OP17-057,OP17-044,OP17-040,OP17-056,OP17-050,OP17-045,OP17-048,OP17-048,OP17-044,OP17-050,OP17-118,OP17-049,OP17-054,OP17-118,OP17-056,OP17-048]
[] Board: [OP17-042,OP17-118,OP17-042,OP17-049]
[] Life: 2
[You] End Turn
[] Hand: [OP17-045]
[] Board: [OP17-042,OP17-118,OP17-042,OP17-049]
[] Trash: [OP17-057,OP17-055,OP17-044,OP17-054,OP17-045,OP17-055,OP17-057,OP17-044,OP17-040,OP17-056,OP17-050,OP17-045,OP17-048,OP17-048,OP17-044,OP17-050,OP17-118,OP17-049,OP17-054,OP17-118,OP17-056,OP17-048]
[] Life: 2
[] Hand: [EB04-058,OP16-109]
[] Trash: [OP09-086,OP09-095,OP09-096,OP16-116,OP09-096,OP09-096,EB04-059,OP16-108,OP09-086,OP09-086,OP09-096,EB04-058,EB04-059,OP09-099,OP16-104,OP16-109,EB04-059,EB04-058,OP16-106,OP16-110,OP16-104,OP16-104,OP16-103,OP12-112,OP16-109,OP16-110,OP16-110,OP16-116]
[] Board: [OP16-119,OP16-109,OP09-093,OP16-119]
[] Life: 1
RZ1|306|2|Don|9|9900|5|0|1|1|1|0|0
RZ1|CHK|306|2|20|1|4|2|0|10|22|1|1|0
[Opponent] Draw 1 Card
[] Drew card from deck: Charlotte Linlin ["OP17-049">OP17-049]
RZ1|307|2|OP17-049|0|19|1|1|1|1|0|0|0
RZ1|CHK|307|2|19|2|4|2|0|10|22|1|1|0
[Opponent] Rocks D. Xebec ["OP17-118">OP17-118] attacking Marshall D. Teach ["OP16-080">OP16-080]
Rocks D. Xebec ["OP17-118">OP17-118][12000] vs Marshall D. Teach ["OP16-080">OP16-080][5000]
Marshall D. Teach ["OP16-080">OP16-080] hit for 1 damage
RZ1|308|1|OP09-093|3|0|1|2|1|1|0|0|0
RZ1|CHK|308|1|14|3|4|0|0|10|28|1|1|0
[Opponent] Charlotte Linlin ["OP17-049">OP17-049] attacking Marshall D. Teach ["OP16-080">OP16-080]
RZ1|309|1|OP16-109|1|1|6|28|1|1|0|0|0
RZ1|CHK|309|1|14|2|4|0|0|10|29|1|1|0
[You] Marshall D. Teach ["OP16-080">OP16-080]: Trash Doc Q ["OP16-109">OP16-109]
[You] Marshall D. Teach ["OP16-080">OP16-080]: Target of Attack changed to Marshall D. Teach ["OP09-093">OP09-093]
Charlotte Linlin ["OP17-049">OP17-049][7000] vs Marshall D. Teach ["OP09-093">OP09-093][12000]
Attack Fails
[Opponent] Rocks D. Xebec ["OP17-039">OP17-039] attacking Marshall D. Teach ["OP16-080">OP16-080]
RZ1|310|2|OP17-045|1|0|6|22|1|1|0|0|0
RZ1|CHK|310|2|19|1|4|2|0|10|23|1|1|0
[Opponent] Rocks D. Xebec ["OP17-039">OP17-039]: Trash Kyo ["OP17-045">OP17-045]
RZ1|311|2|OP17-046|0|18|0|18|0|0|0|0|0
RZ1|CHK|311|2|19|1|4|2|0|10|23|1|1|0
[Opponent] Rocks D. Xebec ["OP17-039">OP17-039] revealed: Gloriosa ["OP17-046">OP17-046]
[] Drew card from deck: Gloriosa ["OP17-046">OP17-046]
RZ1|312|2|OP17-046|0|18|1|1|1|1|0|0|0
RZ1|CHK|312|2|18|2|4|2|0|10|23|1|1|0
[] Drew card from deck: Rocks D. Xebec ["OP17-118">OP17-118]
RZ1|313|2|OP17-118|0|17|1|2|1|1|0|0|0
RZ1|CHK|313|2|17|3|4|2|0|10|23|1|1|0
[Opponent] Rocks D. Xebec ["OP17-039">OP17-039]: Draw 2 Card
[You] Discard Borsalino ["EB04-058">EB04-058] for Counter 1000
RZ1|314|1|EB04-058|1|0|6|29|1|1|0|0|0
RZ1|CHK|314|1|14|1|4|0|0|10|30|1|1|0
Rocks D. Xebec ["OP17-039">OP17-039][5000] vs Marshall D. Teach ["OP16-080">OP16-080][6000]
Attack Fails
[Opponent] Kaido ["OP17-042">OP17-042] attacking Marshall D. Teach ["OP16-080">OP16-080]
Kaido ["OP17-042">OP17-042][6000] vs Marshall D. Teach ["OP16-080">OP16-080][5000]
Marshall D. Teach ["OP16-080">OP16-080] hit for 1 damage
[You] <b>Downloaded the Combat Log!</b>
[You] <b>Downloaded the Combat Log!</b>
[You] Quits!