Version is 1.42a.34
[You] Leader is Marshall D. Teach ["OP16-080">OP16-080]
RZ1|HDR|1.42a|2|RZ1
RZ1|PLY|1||OP16-080
RZ1|PLY|2||
[Opponent] Leader is Rocks D. Xebec ["OP17-039">OP17-039]
RZ1|1|2|OP17-118|0|38|0|0|0|0|0|0|0
RZ1|CHK|1|2|50|0|0|0|10|0|0|0|1|0
RZ1|2|2|OP17-045|0|3|0|1|0|0|0|0|0
RZ1|CHK|2|2|50|0|0|0|10|0|0|0|1|0
RZ1|3|2|OP17-046|0|16|0|3|0|0|0|0|0
RZ1|CHK|3|2|50|0|0|0|10|0|0|0|1|0
RZ1|4|2|OP17-049|0|23|0|4|0|0|0|0|0
RZ1|CHK|4|2|50|0|0|0|10|0|0|0|1|0
RZ1|5|2|OP17-054|0|11|0|5|0|0|0|0|0
RZ1|CHK|5|2|50|0|0|0|10|0|0|0|1|0
RZ1|6|2|OP17-054|0|13|0|6|0|0|0|0|0
RZ1|CHK|6|2|50|0|0|0|10|0|0|0|1|0
RZ1|7|2|OP17-044|0|16|0|7|0|0|0|0|0
RZ1|CHK|7|2|50|0|0|0|10|0|0|0|1|0
RZ1|8|2|OP17-052|0|12|0|8|0|0|0|0|0
RZ1|CHK|8|2|50|0|0|0|10|0|0|0|1|0
RZ1|9|2|OP17-046|0|19|0|9|0|0|0|0|0
RZ1|CHK|9|2|50|0|0|0|10|0|0|0|1|0
RZ1|10|2|OP17-049|0|24|0|10|0|0|0|0|0
RZ1|CHK|10|2|50|0|0|0|10|0|0|0|1|0
RZ1|11|2|OP17-044|0|19|0|11|0|0|0|0|0
RZ1|CHK|11|2|50|0|0|0|10|0|0|0|1|0
RZ1|12|2|OP17-055|0|41|0|12|0|0|0|0|0
RZ1|CHK|12|2|50|0|0|0|10|0|0|0|1|0
RZ1|13|2|OP17-118|0|38|0|13|0|0|0|0|0
RZ1|CHK|13|2|50|0|0|0|10|0|0|0|1|0
RZ1|14|2|OP17-040|0|31|0|14|0|0|0|0|0
RZ1|CHK|14|2|50|0|0|0|10|0|0|0|1|0
RZ1|15|2|OP17-057|0|47|0|15|0|0|0|0|0
RZ1|CHK|15|2|50|0|0|0|10|0|0|0|1|0
RZ1|16|2|OP17-046|0|24|0|16|0|0|0|0|0
RZ1|CHK|16|2|50|0|0|0|10|0|0|0|1|0
RZ1|17|2|OP17-040|0|33|0|17|0|0|0|0|0
RZ1|CHK|17|2|50|0|0|0|10|0|0|0|1|0
RZ1|18|2|OP17-118|0|40|0|18|0|0|0|0|0
RZ1|CHK|18|2|50|0|0|0|10|0|0|0|1|0
RZ1|19|2|OP17-042|0|25|0|19|0|0|0|0|0
RZ1|CHK|19|2|50|0|0|0|10|0|0|0|1|0
RZ1|20|2|OP17-048|0|36|0|20|0|0|0|0|0
RZ1|CHK|20|2|50|0|0|0|10|0|0|0|1|0
RZ1|21|2|OP17-118|0|40|0|21|0|0|0|0|0
RZ1|CHK|21|2|50|0|0|0|10|0|0|0|1|0
RZ1|22|2|OP17-055|0|42|0|22|0|0|0|0|0
RZ1|CHK|22|2|50|0|0|0|10|0|0|0|1|0
RZ1|23|2|OP17-040|0|37|0|23|0|0|0|0|0
RZ1|CHK|23|2|50|0|0|0|10|0|0|0|1|0
RZ1|24|2|OP17-046|0|31|0|24|0|0|0|0|0
RZ1|CHK|24|2|50|0|0|0|10|0|0|0|1|0
RZ1|25|2|OP17-043|0|33|0|25|0|0|0|0|0
RZ1|CHK|25|2|50|0|0|0|10|0|0|0|1|0
RZ1|26|2|OP17-052|0|29|0|26|0|0|0|0|0
RZ1|CHK|26|2|50|0|0|0|10|0|0|0|1|0
RZ1|27|2|OP17-048|0|41|0|27|0|0|0|0|0
RZ1|CHK|27|2|50|0|0|0|10|0|0|0|1|0
RZ1|28|2|OP17-056|0|47|0|28|0|0|0|0|0
RZ1|CHK|28|2|50|0|0|0|10|0|0|0|1|0
RZ1|29|2|OP17-053|0|39|0|29|0|0|0|0|0
RZ1|CHK|29|2|50|0|0|0|10|0|0|0|1|0
RZ1|30|2|OP17-053|0|39|0|30|0|0|0|0|0
RZ1|CHK|30|2|50|0|0|0|10|0|0|0|1|0
RZ1|31|2|OP17-054|0|35|0|31|0|0|0|0|0
RZ1|CHK|31|2|50|0|0|0|10|0|0|0|1|0
RZ1|32|2|OP17-040|0|40|0|32|0|0|0|0|0
RZ1|CHK|32|2|50|0|0|0|10|0|0|0|1|0
RZ1|33|2|OP17-056|0|47|0|33|0|0|0|0|0
RZ1|CHK|33|2|50|0|0|0|10|0|0|0|1|0
RZ1|34|2|OP17-057|0|48|0|34|0|0|0|0|0
RZ1|CHK|34|2|50|0|0|0|10|0|0|0|1|0
RZ1|35|2|OP17-049|0|41|0|35|0|0|0|0|0
RZ1|CHK|35|2|50|0|0|0|10|0|0|0|1|0
RZ1|36|2|OP17-056|0|47|0|36|0|0|0|0|0
RZ1|CHK|36|2|50|0|0|0|10|0|0|0|1|0
RZ1|37|2|OP17-042|0|41|0|37|0|0|0|0|0
RZ1|CHK|37|2|50|0|0|0|10|0|0|0|1|0
RZ1|38|2|OP17-055|0|47|0|38|0|0|0|0|0
RZ1|CHK|38|2|50|0|0|0|10|0|0|0|1|0
RZ1|39|2|OP17-057|0|49|0|39|0|0|0|0|0
RZ1|CHK|39|2|50|0|0|0|10|0|0|0|1|0
RZ1|40|2|OP17-048|0|46|0|40|0|0|0|0|0
RZ1|CHK|40|2|50|0|0|0|10|0|0|0|1|0
RZ1|41|2|OP17-045|0|42|0|41|0|0|0|0|0
RZ1|CHK|41|2|50|0|0|0|10|0|0|0|1|0
RZ1|42|2|OP17-052|0|43|0|42|0|0|0|0|0
RZ1|CHK|42|2|50|0|0|0|10|0|0|0|1|0
RZ1|43|2|OP17-055|0|48|0|43|0|0|0|0|0
RZ1|CHK|43|2|50|0|0|0|10|0|0|0|1|0
RZ1|44|2|OP17-043|0|46|0|44|0|0|0|0|0
RZ1|CHK|44|2|50|0|0|0|10|0|0|0|1|0
RZ1|45|2|OP17-049|0|47|0|45|0|0|0|0|0
RZ1|CHK|45|2|50|0|0|0|10|0|0|0|1|0
RZ1|46|2|OP17-056|0|49|0|46|0|0|0|0|0
RZ1|CHK|46|2|50|0|0|0|10|0|0|0|1|0
RZ1|47|2|OP17-054|0|48|0|47|0|0|0|0|0
RZ1|CHK|47|2|50|0|0|0|10|0|0|0|1|0
[] Drew card from deck: Shiryu ["OP16-108">OP16-108]
RZ1|48|1|OP16-108|0|49|1|0|1|1|0|0|0
RZ1|CHK|48|1|49|1|0|0|10|0|0|0|1|0
[] Drew card from deck: Catarina Devon ["OP16-104">OP16-104]
RZ1|49|1|OP16-104|0|48|1|1|1|1|0|0|0
RZ1|CHK|49|1|48|2|0|0|10|0|0|0|1|0
[] Drew card from deck: Marshall D. Teach ["OP09-093">OP09-093]
RZ1|50|1|OP09-093|0|47|1|2|1|1|0|0|0
RZ1|CHK|50|1|47|3|0|0|10|0|0|0|1|0
[] Drew card from deck: You're the one who should disappear! ["OP06-115">OP06-115]
RZ1|51|1|OP06-115|0|46|1|3|1|1|0|0|0
RZ1|CHK|51|1|46|4|0|0|10|0|0|0|1|0
[] Drew card from deck: Catarina Devon ["OP16-104">OP16-104]
RZ1|52|1|OP16-104|0|45|1|4|1|1|0|0|0
RZ1|CHK|52|1|45|5|0|0|10|0|0|0|1|0
[] Drew card from deck: Shiki ["OP17-048">OP17-048]
RZ1|53|2|OP17-048|0|49|1|0|1|1|0|0|0
RZ1|CHK|53|2|49|1|0|0|10|0|0|0|1|0
[] Drew card from deck: Streusen ["OP17-050">OP17-050]
RZ1|54|2|OP17-050|0|48|1|1|1|1|0|0|0
RZ1|CHK|54|2|48|2|0|0|10|0|0|0|1|0
[] Drew card from deck: Stussy ["OP17-054">OP17-054]
RZ1|55|2|OP17-054|0|47|1|2|1|1|0|0|0
RZ1|CHK|55|2|47|3|0|0|10|0|0|0|1|0
[] Drew card from deck: Rocks Pirates ["OP17-056">OP17-056]
RZ1|56|2|OP17-056|0|46|1|3|1|1|0|0|0
RZ1|CHK|56|2|46|4|0|0|10|0|0|0|1|0
[] Drew card from deck: Charlotte Linlin ["OP17-049">OP17-049]
RZ1|57|2|OP17-049|0|45|1|4|1|1|0|0|0
RZ1|CHK|57|2|45|5|0|0|10|0|0|0|1|0
RZ1|58|1|OP09-095|0|44|3|0|1|0|0|0|0
RZ1|CHK|58|1|44|5|0|1|10|0|0|0|1|0
RZ1|59|1|OP16-109|0|43|3|1|1|0|0|0|0
RZ1|CHK|59|1|43|5|0|2|10|0|0|0|1|0
RZ1|60|1|OP09-086|0|42|3|2|1|0|0|0|0
RZ1|CHK|60|1|42|5|0|3|10|0|0|0|1|0
RZ1|61|1|OP16-119|0|41|3|3|1|0|0|0|0
RZ1|CHK|61|1|41|5|0|4|10|0|0|0|1|0
RZ1|62|2|OP17-043|0|44|3|0|0|1|0|0|0
RZ1|CHK|62|2|44|5|0|1|10|0|0|0|1|0
RZ1|63|2|OP17-055|0|43|3|1|0|1|0|0|0
RZ1|CHK|63|2|43|5|0|2|10|0|0|0|1|0
RZ1|64|2|OP17-052|0|42|3|2|0|1|0|0|0
RZ1|CHK|64|2|42|5|0|3|10|0|0|0|1|0
RZ1|65|2|OP17-045|0|41|3|3|0|1|0|0|0
RZ1|CHK|65|2|41|5|0|4|10|0|0|0|1|0
RZ1|66|2|OP17-048|0|40|3|4|0|1|0|0|0
RZ1|CHK|66|2|40|5|0|5|10|0|0|0|1|0
[] Hand: [OP16-108,OP16-104,OP09-093,OP06-115,OP16-104]
[] Board: []
[] Trash: []
[] Life: 4
[] Hand: [OP17-048,OP17-050,OP17-054,OP17-056,OP17-049]
[] Trash: []
[] Board: []
[] Life: 5
RZ1|67|1|Don|4|9|5|0|1|1|0|0|0
RZ1|CHK|67|1|41|5|0|4|9|1|0|0|1|0
[You] Draw 1 Don
[] Hand: [OP16-108,OP16-104,OP09-093,OP06-115,OP16-104]
[] Board: []
[] Trash: []
[] Life: 4
[] Hand: [OP17-048,OP17-050,OP17-054,OP17-056,OP17-049]
[] Trash: []
[] Board: []
[] Life: 5
[You] End Turn
[] Hand: [OP17-048,OP17-050,OP17-054,OP17-056,OP17-049]
[] Board: []
[] Trash: []
[] Life: 5
[] Hand: [OP16-108,OP16-104,OP09-093,OP06-115,OP16-104]
[] Trash: []
[] Board: []
[] Life: 4
[Opponent] Draw 1 Card
[] Drew card from deck: Fullalead ["OP17-057">OP17-057]
RZ1|68|2|OP17-057|0|39|1|5|1|1|0|0|0
RZ1|CHK|68|2|39|6|0|5|10|0|0|0|1|0
RZ1|69|2|Don|4|9|5|0|1|1|0|0|0
RZ1|CHK|69|2|39|6|0|5|9|1|0|0|1|0
RZ1|70|2|Don|4|8|5|1|1|1|0|0|0
RZ1|CHK|70|2|39|6|0|5|8|2|0|0|1|0
[Opponent] Draw 2 Don
RZ1|71|2|Don|5|0|5|0|1|1|1|0|0
RZ1|CHK|71|2|39|6|0|5|8|2|0|0|1|0
[Opponent] Deploy Fullalead ["OP17-057">OP17-057]
RZ1|72|2|OP17-057|1|5|7|0|1|1|0|0|0
RZ1|CHK|72|2|39|5|0|5|8|2|0|1|1|0
RZ1|73|2|Don|5|1|5|1|1|1|1|0|0
RZ1|CHK|73|2|39|5|0|5|8|2|0|1|1|0
[Opponent] Deploy Streusen ["OP17-050">OP17-050]
RZ1|74|2|OP17-050|1|1|2|0|1|1|0|0|0
RZ1|CHK|74|2|39|4|1|5|8|2|0|1|1|0
[Opponent] Placing Cards on Top of Deck
RZ1|75|2|OP17-042|0|37|0|38|0|0|0|0|0
RZ1|CHK|75|2|39|4|1|5|8|2|0|1|1|0
RZ1|76|2|OP17-055|0|37|0|38|0|0|0|0|0
RZ1|CHK|76|2|39|4|1|5|8|2|0|1|1|0
[] Drew card from deck: There's No Authority in the World ["OP17-055">OP17-055]
RZ1|77|2|OP17-055|0|38|1|4|1|1|0|0|0
RZ1|CHK|77|2|38|5|1|5|8|2|0|1|1|0
[Opponent] Streusen ["OP17-050">OP17-050]: Draw 1 Card
[] Hand: [OP17-048,OP17-054,OP17-056,OP17-049,OP17-055]
[] Board: [OP17-050]
[] Trash: []
[] Life: 5
[] Hand: [OP16-108,OP16-104,OP09-093,OP06-115,OP16-104]
[] Trash: []
[] Board: []
[] Life: 4
[Opponent] End Turn
[] Hand: [OP16-108,OP16-104,OP09-093,OP06-115,OP16-104]
[] Board: []
[] Trash: []
[] Life: 4
[] Hand: [OP17-048,OP17-054,OP17-056,OP17-049,OP17-055]
[] Trash: []
[] Board: [OP17-050]
[] Life: 5
[You] Draw 1 Card
[] Drew card from deck: Laffitte ["OP09-095">OP09-095]
RZ1|78|1|OP09-095|0|40|1|5|1|1|0|0|0
RZ1|CHK|78|1|40|6|0|4|9|1|0|0|1|0
RZ1|79|1|Don|4|8|5|1|1|1|0|0|0
RZ1|CHK|79|1|40|6|0|4|8|2|0|0|1|0
RZ1|80|1|Don|4|7|5|2|1|1|0|0|0
RZ1|CHK|80|1|40|6|0|4|7|3|0|0|1|0
[You] Draw 2 Don
[You] Marshall D. Teach ["OP16-080">OP16-080] attacking Rocks D. Xebec ["OP17-039">OP17-039]
Marshall D. Teach ["OP16-080">OP16-080][5000] vs Rocks D. Xebec ["OP17-039">OP17-039][5000]
Rocks D. Xebec ["OP17-039">OP17-039] hit for 1 damage
RZ1|81|2|OP17-048|3|4|1|5|1|1|0|0|0
RZ1|CHK|81|2|38|6|1|4|8|2|0|1|1|0
RZ1|82|1|Don|5|0|5|0|1|1|1|0|0
RZ1|CHK|82|1|40|6|0|4|7|3|0|0|1|0
[You] Deploy Laffitte ["OP09-095">OP09-095]
RZ1|83|1|OP09-095|1|5|2|0|1|1|0|0|0
RZ1|CHK|83|1|40|5|1|4|7|3|0|0|1|0
[You] Laffitte ["OP09-095">OP09-095]: Rest 1 Don
RZ1|84|1|Don|5|1|5|1|1|1|1|0|0
RZ1|CHK|84|1|40|5|1|4|7|3|0|0|1|0
[You] Laffitte ["OP09-095">OP09-095]: Rest Laffitte ["OP09-095">OP09-095]
RZ1|85|1|OP16-109|0|37|1|5|1|1|0|0|0
RZ1|CHK|85|1|39|6|1|4|7|3|0|0|1|0
[You] Laffitte ["OP09-095">OP09-095]: <b>Reveal and Draw Doc Q ["OP16-109">OP16-109]</b>
[You] Placing Cards on Bottom of Deck
RZ1|86|1|OP09-096|0|38|0|0|0|0|0|0|0
RZ1|CHK|86|1|39|6|1|4|7|3|0|0|1|0
RZ1|87|1|OP16-108|0|38|0|0|0|0|0|0|0
RZ1|CHK|87|1|39|6|1|4|7|3|0|0|1|0
RZ1|88|1|OP09-096|0|38|0|0|0|0|0|0|0
RZ1|CHK|88|1|39|6|1|4|7|3|0|0|1|0
RZ1|89|1|OP09-099|0|38|0|0|0|0|0|0|0
RZ1|CHK|89|1|39|6|1|4|7|3|0|0|1|0
RZ1|90|1|Don|5|2|5|2|1|1|1|0|0
RZ1|CHK|90|1|39|6|1|4|7|3|0|0|1|0
[You] Deploy Doc Q ["OP16-109">OP16-109]
RZ1|91|1|OP16-109|1|5|2|1|1|1|0|0|0
RZ1|CHK|91|1|39|5|2|4|7|3|0|0|1|0
[] Hand: [OP16-108,OP16-104,OP09-093,OP06-115,OP16-104]
[] Board: [OP09-095,OP16-109]
[] Trash: []
[] Life: 4
[] Hand: [OP17-048,OP17-054,OP17-056,OP17-049,OP17-055,OP17-048]
[] Trash: []
[] Board: [OP17-050]
[] Life: 4
[You] End Turn
[] Hand: [OP17-048,OP17-054,OP17-056,OP17-049,OP17-055,OP17-048]
[] Board: [OP17-050]
[] Trash: []
[] Life: 4
[] Hand: [OP16-108,OP16-104,OP09-093,OP06-115,OP16-104]
[] Trash: []
[] Board: [OP09-095,OP16-109]
[] Life: 4
[Opponent] Draw 1 Card
[] Drew card from deck: Kaido ["OP17-042">OP17-042]
RZ1|92|2|OP17-042|0|37|1|6|1|1|0|0|0
RZ1|CHK|92|2|37|7|1|4|8|2|0|1|1|0
RZ1|93|2|Don|4|7|5|2|1|1|0|0|0
RZ1|CHK|93|2|37|7|1|4|7|3|0|1|1|0
RZ1|94|2|Don|4|6|5|3|1|1|0|0|0
RZ1|CHK|94|2|37|7|1|4|6|4|0|1|1|0
[Opponent] Draw 2 Don
[Opponent] Rocks D. Xebec ["OP17-039">OP17-039] attacking Laffitte ["OP09-095">OP09-095]
RZ1|95|2|OP17-048|1|0|6|0|1|1|0|0|0
RZ1|CHK|95|2|37|6|1|4|6|4|1|1|1|0
[Opponent] Rocks D. Xebec ["OP17-039">OP17-039]: Trash Shiki ["OP17-048">OP17-048]
RZ1|96|2|OP17-056|0|36|0|36|0|0|0|0|0
RZ1|CHK|96|2|37|6|1|4|6|4|1|1|1|0
[Opponent] Rocks D. Xebec ["OP17-039">OP17-039] revealed: Rocks Pirates ["OP17-056">OP17-056]
[] Drew card from deck: Rocks Pirates ["OP17-056">OP17-056]
RZ1|97|2|OP17-056|0|36|1|6|1|1|0|0|0
RZ1|CHK|97|2|36|7|1|4|6|4|1|1|1|0
[] Drew card from deck: Charlotte Linlin ["OP17-049">OP17-049]
RZ1|98|2|OP17-049|0|35|1|7|1|1|0|0|0
RZ1|CHK|98|2|35|8|1|4|6|4|1|1|1|0
[Opponent] Rocks D. Xebec ["OP17-039">OP17-039]: Draw 2 Card
Rocks D. Xebec ["OP17-039">OP17-039][5000] vs Laffitte ["OP09-095">OP09-095][1000]
[You] Laffitte ["OP09-095">OP09-095] Destroyed
RZ1|99|1|OP09-095|2|0|6|0|1|1|0|0|0
RZ1|CHK|99|1|39|5|1|4|7|3|1|0|1|0
RZ1|100|2|Don|5|0|5|0|1|1|1|0|0
RZ1|CHK|100|2|35|8|1|4|6|4|1|1|1|0
RZ1|101|2|Don|5|1|5|1|1|1|1|0|0
RZ1|CHK|101|2|35|8|1|4|6|4|1|1|1|0
RZ1|102|2|Don|5|2|5|2|1|1|1|0|0
RZ1|CHK|102|2|35|8|1|4|6|4|1|1|1|0
RZ1|103|2|Don|5|3|5|3|1|1|1|0|0
RZ1|CHK|103|2|35|8|1|4|6|4|1|1|1|0
[Opponent] Deploy Kaido ["OP17-042">OP17-042]
RZ1|104|2|OP17-042|1|5|2|1|1|1|0|0|0
RZ1|CHK|104|2|35|7|2|4|6|4|1|1|1|0
[] Hand: [OP17-054,OP17-056,OP17-049,OP17-055,OP17-048,OP17-056,OP17-049]
[] Board: [OP17-050,OP17-042]
[] Trash: [OP17-048]
[] Life: 4
[] Hand: [OP16-108,OP16-104,OP09-093,OP06-115,OP16-104]
[] Trash: [OP09-095]
[] Board: [OP16-109]
[] Life: 4
[Opponent] End Turn
[] Hand: [OP16-108,OP16-104,OP09-093,OP06-115,OP16-104]
[] Board: [OP16-109]
[] Trash: [OP09-095]
[] Life: 4
[] Hand: [OP17-054,OP17-056,OP17-049,OP17-055,OP17-048,OP17-056,OP17-049]
[] Trash: [OP17-048]
[] Board: [OP17-050,OP17-042]
[] Life: 4
[You] Draw 1 Card
[] Drew card from deck: Borsalino ["EB04-058">EB04-058]
RZ1|105|1|EB04-058|0|38|1|5|1|1|0|0|0
RZ1|CHK|105|1|38|6|1|4|7|3|1|0|1|0
RZ1|106|1|Don|4|6|5|3|1|1|0|0|0
RZ1|CHK|106|1|38|6|1|4|6|4|1|0|1|0
RZ1|107|1|Don|4|5|5|4|1|1|0|0|0
RZ1|CHK|107|1|38|6|1|4|5|5|1|0|1|0
[You] Draw 2 Don
RZ1|108|1|Don|5|0|5|0|1|1|1|0|0
RZ1|CHK|108|1|38|6|1|4|5|5|1|0|1|0
RZ1|109|1|Don|5|1|5|1|1|1|1|0|0
RZ1|CHK|109|1|38|6|1|4|5|5|1|0|1|0
RZ1|110|1|Don|5|2|5|2|1|1|1|0|0
RZ1|CHK|110|1|38|6|1|4|5|5|1|0|1|0
RZ1|111|1|Don|5|3|5|3|1|1|1|0|0
RZ1|CHK|111|1|38|6|1|4|5|5|1|0|1|0
[You] Deploy Catarina Devon ["OP16-104">OP16-104]
RZ1|112|1|OP16-104|1|1|2|1|1|1|0|0|0
RZ1|CHK|112|1|38|5|2|4|5|5|1|0|1|0
[You] Marshall D. Teach ["OP16-080">OP16-080] attacking Rocks D. Xebec ["OP17-039">OP17-039]
[Opponent] Rocks Pirates ["OP17-056">OP17-056]: Activate Counter
RZ1|113|2|OP17-056|1|1|6|1|1|1|0|0|0
RZ1|CHK|113|2|35|6|2|4|6|4|2|1|1|0
[Opponent] Rocks Pirates ["OP17-056">OP17-056]: Buff Rocks D. Xebec ["OP17-039">OP17-039] 2000 for the Combat
Marshall D. Teach ["OP16-080">OP16-080][5000] vs Rocks D. Xebec ["OP17-039">OP17-039][7000]
Attack Fails
[] Hand: [OP16-108,OP09-093,OP06-115,OP16-104,EB04-058]
[] Board: [OP16-109,OP16-104]
[] Trash: [OP09-095]
[] Life: 4
[] Hand: [OP17-054,OP17-049,OP17-055,OP17-048,OP17-056,OP17-049]
[] Trash: [OP17-048,OP17-056]
[] Board: [OP17-050,OP17-042]
[] Life: 4
[You] End Turn
[] Hand: [OP17-054,OP17-049,OP17-055,OP17-048,OP17-056,OP17-049]
[] Board: [OP17-050,OP17-042]
[] Trash: [OP17-048,OP17-056]
[] Life: 4
[] Hand: [OP16-108,OP09-093,OP06-115,OP16-104,EB04-058]
[] Trash: [OP09-095]
[] Board: [OP16-109,OP16-104]
[] Life: 4
[Opponent] Draw 1 Card
[] Drew card from deck: Fullalead ["OP17-057">OP17-057]
RZ1|114|2|OP17-057|0|34|1|6|1|1|0|0|0
RZ1|CHK|114|2|34|7|2|4|6|4|2|1|1|0
RZ1|115|2|Don|4|5|5|4|1|1|0|0|0
RZ1|CHK|115|2|34|7|2|4|5|5|2|1|1|0
RZ1|116|2|Don|4|4|5|5|1|1|0|0|0
RZ1|CHK|116|2|34|7|2|4|4|6|2|1|1|0
[Opponent] Draw 2 Don
[Opponent] Rocks D. Xebec ["OP17-039">OP17-039] attacking Marshall D. Teach ["OP16-080">OP16-080]
RZ1|117|2|OP17-057|1|6|6|2|1|1|0|0|0
RZ1|CHK|117|2|34|6|2|4|4|6|3|1|1|0
[Opponent] Rocks D. Xebec ["OP17-039">OP17-039]: Trash Fullalead ["OP17-057">OP17-057]
RZ1|118|2|OP17-056|0|33|0|33|0|0|0|0|0
RZ1|CHK|118|2|34|6|2|4|4|6|3|1|1|0
[Opponent] Rocks D. Xebec ["OP17-039">OP17-039] revealed: Rocks Pirates ["OP17-056">OP17-056]
[] Drew card from deck: Rocks Pirates ["OP17-056">OP17-056]
RZ1|119|2|OP17-056|0|33|1|6|1|1|0|0|0
RZ1|CHK|119|2|33|7|2|4|4|6|3|1|1|0
[] Drew card from deck: Edward Newgate ["OP17-040">OP17-040]
RZ1|120|2|OP17-040|0|32|1|7|1|1|0|0|0
RZ1|CHK|120|2|32|8|2|4|4|6|3|1|1|0
[Opponent] Rocks D. Xebec ["OP17-039">OP17-039]: Draw 2 Card
[You] You're the one who should disappear! ["OP06-115">OP06-115]: Activate Counter
RZ1|121|1|OP06-115|1|2|6|1|1|1|0|0|0
RZ1|CHK|121|1|38|4|2|4|5|5|2|0|1|0
RZ1|122|1|OP16-108|1|0|6|2|1|1|0|0|0
RZ1|CHK|122|1|38|3|2|4|5|5|3|0|1|0
[You] You're the one who should disappear! ["OP06-115">OP06-115]: Trash Shiryu ["OP16-108">OP16-108]
[You] You're the one who should disappear! ["OP06-115">OP06-115]: Buff Marshall D. Teach ["OP16-080">OP16-080] 3000 for the Combat
Rocks D. Xebec ["OP17-039">OP17-039][5000] vs Marshall D. Teach ["OP16-080">OP16-080][8000]
Attack Fails
RZ1|123|2|Don|5|0|5|0|1|1|1|0|0
RZ1|CHK|123|2|32|8|2|4|4|6|3|1|1|0
RZ1|124|2|Don|5|1|5|1|1|1|1|0|0
RZ1|CHK|124|2|32|8|2|4|4|6|3|1|1|0
RZ1|125|2|Don|5|2|5|2|1|1|1|0|0
RZ1|CHK|125|2|32|8|2|4|4|6|3|1|1|0
RZ1|126|2|Don|5|3|5|3|1|1|1|0|0
RZ1|CHK|126|2|32|8|2|4|4|6|3|1|1|0
RZ1|127|2|Don|5|4|5|4|1|1|1|0|0
RZ1|CHK|127|2|32|8|2|4|4|6|3|1|1|0
RZ1|128|2|Don|5|5|5|5|1|1|1|0|0
RZ1|CHK|128|2|32|8|2|4|4|6|3|1|1|0
[Opponent] Deploy Edward Newgate ["OP17-040">OP17-040]
RZ1|129|2|OP17-040|1|7|2|2|1|1|0|0|0
RZ1|CHK|129|2|32|7|3|4|4|6|3|1|1|0
[] Drew card from deck: Stussy ["OP17-054">OP17-054]
RZ1|130|2|OP17-054|0|31|1|7|1|1|0|0|0
RZ1|CHK|130|2|31|8|3|4|4|6|3|1|1|0
[Opponent] Edward Newgate ["OP17-040">OP17-040]: Draw 1 Card
[Opponent] Kaido ["OP17-042">OP17-042] attacking Marshall D. Teach ["OP16-080">OP16-080]
[You] Discard Catarina Devon ["OP16-104">OP16-104] for Counter 2000
RZ1|131|1|OP16-104|1|1|6|3|1|1|0|0|0
RZ1|CHK|131|1|38|2|2|4|5|5|4|0|1|0
Kaido ["OP17-042">OP17-042][6000] vs Marshall D. Teach ["OP16-080">OP16-080][7000]
Attack Fails
[] Hand: [OP17-054,OP17-049,OP17-055,OP17-048,OP17-056,OP17-049,OP17-056,OP17-054]
[] Board: [OP17-050,OP17-042,OP17-040]
[] Trash: [OP17-048,OP17-056,OP17-057]
[] Life: 4
[] Hand: [OP09-093,EB04-058]
[] Trash: [OP09-095,OP06-115,OP16-108,OP16-104]
[] Board: [OP16-109,OP16-104]
[] Life: 4
[Opponent] End Turn
[] Hand: [OP09-093,EB04-058]
[] Board: [OP16-109,OP16-104]
[] Trash: [OP09-095,OP06-115,OP16-108,OP16-104]
[] Life: 4
[] Hand: [OP17-054,OP17-049,OP17-055,OP17-048,OP17-056,OP17-049,OP17-056,OP17-054]
[] Trash: [OP17-048,OP17-056,OP17-057]
[] Board: [OP17-050,OP17-042,OP17-040]
[] Life: 4
[You] Draw 1 Card
[] Drew card from deck: Fullalead ["OP09-099">OP09-099]
RZ1|132|1|OP09-099|0|37|1|2|1|1|0|0|0
RZ1|CHK|132|1|37|3|2|4|5|5|4|0|1|0
RZ1|133|1|Don|4|4|5|5|1|1|0|0|0
RZ1|CHK|133|1|37|3|2|4|4|6|4|0|1|0
RZ1|134|1|Don|4|3|5|6|1|1|0|0|0
RZ1|CHK|134|1|37|3|2|4|3|7|4|0|1|0
[You] Draw 2 Don
[You] Marshall D. Teach ["OP16-080">OP16-080] attacking Rocks D. Xebec ["OP17-039">OP17-039]
[Opponent] Fullalead ["OP17-057">OP17-057]: Rest Fullalead ["OP17-057">OP17-057]
RZ1|135|2|OP17-054|1|7|6|3|1|1|0|0|0
RZ1|CHK|135|2|31|7|3|4|4|6|4|1|1|0
[Opponent] Fullalead ["OP17-057">OP17-057]: Trash Stussy ["OP17-054">OP17-054]
[Opponent] Fullalead ["OP17-057">OP17-057]: Buff Rocks D. Xebec ["OP17-039">OP17-039] 1000 for the Combat
Marshall D. Teach ["OP16-080">OP16-080][5000] vs Rocks D. Xebec ["OP17-039">OP17-039][6000]
Attack Fails
[You] Catarina Devon ["OP16-104">OP16-104] attacking Rocks D. Xebec ["OP17-039">OP17-039]
[You] Catarina Devon ["OP16-104">OP16-104]: Buff Self 5000
Catarina Devon ["OP16-104">OP16-104][8000] vs Rocks D. Xebec ["OP17-039">OP17-039][5000]
Rocks D. Xebec ["OP17-039">OP17-039] hit for 1 damage
RZ1|136|2|OP17-045|3|3|1|7|1|1|0|0|0
RZ1|CHK|136|2|31|8|3|3|4|6|4|1|1|0
RZ1|137|1|Don|5|0|9|0|1|1|0|0|0
RZ1|CHK|137|1|37|3|2|4|3|6|4|0|1|1
RZ1|138|1|Don|5|0|9|1|1|1|0|0|0
RZ1|CHK|138|1|37|3|2|4|3|5|4|0|1|2
RZ1|139|1|Don|5|0|9|2|1|1|0|0|0
RZ1|CHK|139|1|37|3|2|4|3|4|4|0|1|3
RZ1|140|1|Don|5|0|9|3|1|1|0|0|0
RZ1|CHK|140|1|37|3|2|4|3|3|4|0|1|4
RZ1|141|1|Don|5|0|9|4|1|1|0|0|0
RZ1|CHK|141|1|37|3|2|4|3|2|4|0|1|5
[You] Attach 5 Don to Doc Q ["OP16-109">OP16-109] (5 Total)
[You] Doc Q ["OP16-109">OP16-109] attacking Rocks D. Xebec ["OP17-039">OP17-039]
RZ1|142|2|OP17-045|1|7|6|4|1|1|0|0|0
RZ1|CHK|142|2|31|7|3|3|4|6|5|1|1|0
[Opponent] Edward Newgate ["OP17-040">OP17-040]: Trash Kyo ["OP17-045">OP17-045]
[Opponent] Edward Newgate ["OP17-040">OP17-040]: Buff Rocks D. Xebec ["OP17-039">OP17-039] 3000 for the Combat
Doc Q ["OP16-109">OP16-109][5000] vs Rocks D. Xebec ["OP17-039">OP17-039][8000]
Attack Fails
RZ1|143|1|Don|5|0|5|0|1|1|1|0|0
RZ1|CHK|143|1|37|3|2|4|3|2|4|0|1|5
[You] Deploy Fullalead ["OP09-099">OP09-099]
RZ1|144|1|OP09-099|1|2|7|0|1|1|0|0|0
RZ1|CHK|144|1|37|2|2|4|3|2|4|1|1|5
[You] Fullalead ["OP09-099">OP09-099]: Rest Fullalead ["OP09-099">OP09-099]
RZ1|145|1|EB04-058|1|1|6|4|1|1|0|0|0
RZ1|CHK|145|1|37|1|2|4|3|2|5|1|1|5
[You] Fullalead ["OP09-099">OP09-099]: Trash Borsalino ["EB04-058">EB04-058]
RZ1|146|1|OP16-119|0|36|1|1|1|1|0|0|0
RZ1|CHK|146|1|36|2|2|4|3|2|5|1|1|5
[You] Fullalead ["OP09-099">OP09-099]: <b>Reveal and Draw Marshall D. Teach ["OP16-119">OP16-119]</b>
[You] Placing Cards on Bottom of Deck
RZ1|147|1|OP16-119|0|35|0|0|0|0|0|0|0
RZ1|CHK|147|1|36|2|2|4|3|2|5|1|1|5
RZ1|148|1|OP16-119|0|35|0|0|0|0|0|0|0
RZ1|CHK|148|1|36|2|2|4|3|2|5|1|1|5
[] Hand: [OP09-093,OP16-119]
[] Board: [OP16-109,OP16-104]
[] Trash: [OP09-095,OP06-115,OP16-108,OP16-104,EB04-058]
[] Life: 4
[] Hand: [OP17-054,OP17-049,OP17-055,OP17-048,OP17-056,OP17-049,OP17-056]
[] Trash: [OP17-048,OP17-056,OP17-057,OP17-054,OP17-045]
[] Board: [OP17-050,OP17-042,OP17-040]
[] Life: 3
[You] End Turn
[] Hand: [OP17-054,OP17-049,OP17-055,OP17-048,OP17-056,OP17-049,OP17-056]
[] Board: [OP17-050,OP17-042,OP17-040]
[] Trash: [OP17-048,OP17-056,OP17-057,OP17-054,OP17-045]
[] Life: 3
[] Hand: [OP09-093,OP16-119]
[] Trash: [OP09-095,OP06-115,OP16-108,OP16-104,EB04-058]
[] Board: [OP16-109,OP16-104]
[] Life: 4
[Opponent] Draw 1 Card
[] Drew card from deck: Barbell ["OP17-053">OP17-053]
RZ1|149|2|OP17-053|0|30|1|7|1|1|0|0|0
RZ1|CHK|149|2|30|8|3|3|4|6|5|1|1|0
RZ1|150|2|Don|4|3|5|6|1|1|0|0|0
RZ1|CHK|150|2|30|8|3|3|3|7|5|1|1|0
RZ1|151|2|Don|4|2|5|7|1|1|0|0|0
RZ1|CHK|151|2|30|8|3|3|2|8|5|1|1|0
[Opponent] Draw 2 Don
RZ1|152|2|Don|5|0|5|0|1|1|1|0|0
RZ1|CHK|152|2|30|8|3|3|2|8|5|1|1|0
RZ1|153|2|Don|5|1|5|1|1|1|1|0|0
RZ1|CHK|153|2|30|8|3|3|2|8|5|1|1|0
RZ1|154|2|Don|5|2|5|2|1|1|1|0|0
RZ1|CHK|154|2|30|8|3|3|2|8|5|1|1|0
RZ1|155|2|Don|5|3|5|3|1|1|1|0|0
RZ1|CHK|155|2|30|8|3|3|2|8|5|1|1|0
RZ1|156|2|Don|5|4|5|4|1|1|1|0|0
RZ1|CHK|156|2|30|8|3|3|2|8|5|1|1|0
[Opponent] Deploy Charlotte Linlin ["OP17-049">OP17-049]
RZ1|157|2|OP17-049|1|5|2|3|1|1|0|0|0
RZ1|CHK|157|2|30|7|4|3|2|8|5|1|1|0
[Opponent] Forcing opponent to resolve Card Action!
RZ1|158|1|OP16-119|1|1|6|5|1|1|0|0|0
RZ1|CHK|158|1|36|1|2|4|3|2|6|1|1|5
[You] Charlotte Linlin ["OP17-049">OP17-049]: Trash Marshall D. Teach ["OP16-119">OP16-119]
RZ1|159|1|OP09-093|1|0|6|6|1|1|0|0|0
RZ1|CHK|159|1|36|0|2|4|3|2|7|1|1|5
[You] Charlotte Linlin ["OP17-049">OP17-049]: Trash Marshall D. Teach ["OP09-093">OP09-093]
[Opponent] Streusen ["OP17-050">OP17-050] attacking Doc Q ["OP16-109">OP16-109]
Streusen ["OP17-050">OP17-050][2000] vs Doc Q ["OP16-109">OP16-109][0]
[You] Doc Q ["OP16-109">OP16-109] Destroyed
RZ1|160|1|Don|9|0|5|0|1|1|1|0|0
RZ1|CHK|160|1|36|0|2|4|3|3|7|1|1|4
RZ1|161|1|Don|9|0|5|0|1|1|1|0|0
RZ1|CHK|161|1|36|0|2|4|3|4|7|1|1|3
RZ1|162|1|Don|9|0|5|0|1|1|1|0|0
RZ1|CHK|162|1|36|0|2|4|3|5|7|1|1|2
RZ1|163|1|Don|9|0|5|0|1|1|1|0|0
RZ1|CHK|163|1|36|0|2|4|3|6|7|1|1|1
RZ1|164|1|Don|9|0|5|0|1|1|1|0|0
RZ1|CHK|164|1|36|0|2|4|3|7|7|1|1|0
RZ1|165|1|OP16-109|2|0|6|7|1|1|0|0|0
RZ1|CHK|165|1|36|0|1|4|3|7|8|1|1|0
[] Drew card from deck: ZEHAHAHAHA ["OP16-116">OP16-116]
RZ1|166|1|OP16-116|0|35|1|0|1|1|0|0|0
RZ1|CHK|166|1|35|1|1|4|3|7|8|1|1|0
[You] Doc Q ["OP16-109">OP16-109]: Draw 1 Card
RZ1|167|2|Don|5|5|5|5|1|1|1|0|0
RZ1|CHK|167|2|30|7|4|3|2|8|5|1|1|0
RZ1|168|2|Don|5|6|5|6|1|1|1|0|0
RZ1|CHK|168|2|30|7|4|3|2|8|5|1|1|0
RZ1|169|2|Don|5|7|5|7|1|1|1|0|0
RZ1|CHK|169|2|30|7|4|3|2|8|5|1|1|0
[Opponent] Deploy Stussy ["OP17-054">OP17-054]
RZ1|170|2|OP17-054|1|0|2|4|1|1|0|0|0
RZ1|CHK|170|2|30|6|5|3|2|8|5|1|1|0
[Opponent] Stussy ["OP17-054">OP17-054]: Catarina Devon ["OP16-104">OP16-104] can't attack next turn
[Opponent] Kaido ["OP17-042">OP17-042] attacking Marshall D. Teach ["OP16-080">OP16-080]
Kaido ["OP17-042">OP17-042][6000] vs Marshall D. Teach ["OP16-080">OP16-080][5000]
Marshall D. Teach ["OP16-080">OP16-080] hit for 1 damage
RZ1|171|1|OP16-119|3|3|1|1|1|1|0|0|0
RZ1|CHK|171|1|35|2|1|3|3|7|8|1|1|0
[You] Marshall D. Teach ["OP16-119">OP16-119]: Activate Trigger
RZ1|172|1|OP16-119|1|1|6|8|1|1|0|0|0
RZ1|CHK|172|1|35|1|1|3|3|7|9|1|1|0
[You] Marshall D. Teach ["OP16-119">OP16-119]: Nullify effects of Kaido ["OP17-042">OP17-042]
[You] Marshall D. Teach ["OP16-119">OP16-119]: Destroy Kaido ["OP17-042">OP17-042]
RZ1|173|2|OP17-042|2|1|6|5|1|1|0|0|0
RZ1|CHK|173|2|30|6|4|3|2|8|6|1|1|0
[Opponent] Edward Newgate ["OP17-040">OP17-040] attacking Marshall D. Teach ["OP16-080">OP16-080]
Edward Newgate ["OP17-040">OP17-040][8000] vs Marshall D. Teach ["OP16-080">OP16-080][5000]
Marshall D. Teach ["OP16-080">OP16-080] hit for 1 damage
RZ1|174|1|OP09-086|3|2|1|1|1|1|0|0|0
RZ1|CHK|174|1|35|2|1|2|3|7|9|1|1|0
[Opponent] Rocks D. Xebec ["OP17-039">OP17-039] attacking Marshall D. Teach ["OP16-080">OP16-080]
RZ1|175|2|OP17-053|1|5|6|6|1|1|0|0|0
RZ1|CHK|175|2|30|5|4|3|2|8|7|1|1|0
[Opponent] Edward Newgate ["OP17-040">OP17-040]: Trash Barbell ["OP17-053">OP17-053]
[Opponent] Edward Newgate ["OP17-040">OP17-040]: Buff Rocks D. Xebec ["OP17-039">OP17-039] 3000 for the Combat
RZ1|176|2|OP17-049|1|0|6|7|1|1|0|0|0
RZ1|CHK|176|2|30|4|4|3|2|8|8|1|1|0
[Opponent] Rocks D. Xebec ["OP17-039">OP17-039]: Trash Charlotte Linlin ["OP17-049">OP17-049]
RZ1|177|2|OP17-053|0|29|0|29|0|0|0|0|0
RZ1|CHK|177|2|30|4|4|3|2|8|8|1|1|0
[Opponent] Rocks D. Xebec ["OP17-039">OP17-039] revealed: Barbell ["OP17-053">OP17-053]
[] Drew card from deck: Barbell ["OP17-053">OP17-053]
RZ1|178|2|OP17-053|0|29|1|4|1|1|0|0|0
RZ1|CHK|178|2|29|5|4|3|2|8|8|1|1|0
[] Drew card from deck: Rocks Pirates ["OP17-056">OP17-056]
RZ1|179|2|OP17-056|0|28|1|5|1|1|0|0|0
RZ1|CHK|179|2|28|6|4|3|2|8|8|1|1|0
[Opponent] Rocks D. Xebec ["OP17-039">OP17-039]: Draw 2 Card
Rocks D. Xebec ["OP17-039">OP17-039][8000] vs Marshall D. Teach ["OP16-080">OP16-080][5000]
Marshall D. Teach ["OP16-080">OP16-080] hit for 1 damage
RZ1|180|1|OP16-109|3|1|1|2|1|1|0|0|0
RZ1|CHK|180|1|35|3|1|1|3|7|9|1|1|0
[You] Doc Q ["OP16-109">OP16-109]: Activate Trigger
RZ1|181|1|OP16-109|1|2|6|9|1|1|0|0|0
RZ1|CHK|181|1|35|2|1|1|3|7|10|1|1|0
[] Drew card from deck: Borsalino ["EB04-058">EB04-058]
RZ1|182|1|EB04-058|0|34|1|2|1|1|0|0|0
RZ1|CHK|182|1|34|3|1|1|3|7|10|1|1|0
[You] Doc Q ["OP16-109">OP16-109]: Draw 1 Card
[] Hand: [OP17-055,OP17-048,OP17-056,OP17-056,OP17-053,OP17-056]
[] Board: [OP17-050,OP17-040,OP17-049,OP17-054]
[] Trash: [OP17-048,OP17-056,OP17-057,OP17-054,OP17-045,OP17-042,OP17-053,OP17-049]
[] Life: 3
[] Hand: [OP16-116,OP09-086,EB04-058]
[] Trash: [OP09-095,OP06-115,OP16-108,OP16-104,EB04-058,OP16-119,OP09-093,OP16-109,OP16-119,OP16-109]
[] Board: [OP16-104]
[] Life: 1
[Opponent] End Turn
[] Hand: [OP16-116,OP09-086,EB04-058]
[] Board: [OP16-104]
[] Trash: [OP09-095,OP06-115,OP16-108,OP16-104,EB04-058,OP16-119,OP09-093,OP16-109,OP16-119,OP16-109]
[] Life: 1
[] Hand: [OP17-055,OP17-048,OP17-056,OP17-056,OP17-053,OP17-056]
[] Trash: [OP17-048,OP17-056,OP17-057,OP17-054,OP17-045,OP17-042,OP17-053,OP17-049]
[] Board: [OP17-050,OP17-040,OP17-049,OP17-054]
[] Life: 3
[You] Draw 1 Card
[] Drew card from deck: This is MY AGE!!!! ["OP09-096">OP09-096]
RZ1|183|1|OP09-096|0|33|1|3|1|1|0|0|0
RZ1|CHK|183|1|33|4|1|1|3|7|10|1|1|0
RZ1|184|1|Don|4|2|5|7|1|1|0|0|0
RZ1|CHK|184|1|33|4|1|1|2|8|10|1|1|0
RZ1|185|1|Don|4|1|5|8|1|1|0|0|0
RZ1|CHK|185|1|33|4|1|1|1|9|10|1|1|0
[You] Draw 2 Don
[You] Marshall D. Teach ["OP16-080">OP16-080] attacking Rocks D. Xebec ["OP17-039">OP17-039]
[Opponent] Fullalead ["OP17-057">OP17-057]: Rest Fullalead ["OP17-057">OP17-057]
RZ1|186|2|OP17-053|1|4|6|8|1|1|0|0|0
RZ1|CHK|186|2|28|5|4|3|2|8|9|1|1|0
[Opponent] Fullalead ["OP17-057">OP17-057]: Trash Barbell ["OP17-053">OP17-053]
[Opponent] Fullalead ["OP17-057">OP17-057]: Buff Rocks D. Xebec ["OP17-039">OP17-039] 1000 for the Combat
Marshall D. Teach ["OP16-080">OP16-080][5000] vs Rocks D. Xebec ["OP17-039">OP17-039][6000]
Attack Fails
RZ1|187|1|Don|5|0|5|0|1|1|1|0|0
RZ1|CHK|187|1|33|4|1|1|1|9|10|1|1|0
RZ1|188|1|Don|5|1|5|1|1|1|1|0|0
RZ1|CHK|188|1|33|4|1|1|1|9|10|1|1|0
RZ1|189|1|Don|5|2|5|2|1|1|1|0|0
RZ1|CHK|189|1|33|4|1|1|1|9|10|1|1|0
RZ1|190|1|Don|5|3|5|3|1|1|1|0|0
RZ1|CHK|190|1|33|4|1|1|1|9|10|1|1|0
RZ1|191|1|Don|5|4|5|4|1|1|1|0|0
RZ1|CHK|191|1|33|4|1|1|1|9|10|1|1|0
[You] Deploy Borsalino ["EB04-058">EB04-058]
RZ1|192|1|EB04-058|1|2|2|1|1|1|0|0|0
RZ1|CHK|192|1|33|3|2|1|1|9|10|1|1|0
[You] Borsalino ["EB04-058">EB04-058]: Add card to top of Life from Deck
RZ1|193|1|OP16-110|0|32|3|1|1|0|0|0|0
RZ1|CHK|193|1|32|3|2|2|1|9|10|1|1|0
[You] Fullalead ["OP09-099">OP09-099]: Rest Fullalead ["OP09-099">OP09-099]
RZ1|194|1|OP16-116|1|0|6|10|1|1|0|0|0
RZ1|CHK|194|1|32|2|2|2|1|9|11|1|1|0
[You] Fullalead ["OP09-099">OP09-099]: Trash ZEHAHAHAHA ["OP16-116">OP16-116]
RZ1|195|1|OP16-109|0|31|1|2|1|1|0|0|0
RZ1|CHK|195|1|31|3|2|2|1|9|11|1|1|0
[You] Fullalead ["OP09-099">OP09-099]: <b>Reveal and Draw Doc Q ["OP16-109">OP16-109]</b>
[You] Placing Cards on Bottom of Deck
RZ1|196|1|OP16-108|0|30|0|0|0|0|0|0|0
RZ1|CHK|196|1|31|3|2|2|1|9|11|1|1|0
RZ1|197|1|OP16-110|0|30|0|0|0|0|0|0|0
RZ1|CHK|197|1|31|3|2|2|1|9|11|1|1|0
RZ1|198|1|Don|5|5|5|5|1|1|1|0|0
RZ1|CHK|198|1|31|3|2|2|1|9|11|1|1|0
[You] Deploy Doc Q ["OP16-109">OP16-109]
RZ1|199|1|OP16-109|1|2|2|2|1|1|0|0|0
RZ1|CHK|199|1|31|2|3|2|1|9|11|1|1|0
[You] Catarina Devon ["OP16-104">OP16-104] is no longer blocked from attacking
[] Hand: [OP09-086,OP09-096]
[] Board: [OP16-104,EB04-058,OP16-109]
[] Trash: [OP09-095,OP06-115,OP16-108,OP16-104,EB04-058,OP16-119,OP09-093,OP16-109,OP16-119,OP16-109,OP16-116]
[] Life: 2
[] Hand: [OP17-055,OP17-048,OP17-056,OP17-056,OP17-056]
[] Trash: [OP17-048,OP17-056,OP17-057,OP17-054,OP17-045,OP17-042,OP17-053,OP17-049,OP17-053]
[] Board: [OP17-050,OP17-040,OP17-049,OP17-054]
[] Life: 3
[You] End Turn
[] Hand: [OP17-055,OP17-048,OP17-056,OP17-056,OP17-056]
[] Board: [OP17-050,OP17-040,OP17-049,OP17-054]
[] Trash: [OP17-048,OP17-056,OP17-057,OP17-054,OP17-045,OP17-042,OP17-053,OP17-049,OP17-053]
[] Life: 3
[] Hand: [OP09-086,OP09-096]
[] Trash: [OP09-095,OP06-115,OP16-108,OP16-104,EB04-058,OP16-119,OP09-093,OP16-109,OP16-119,OP16-109,OP16-116]
[] Board: [OP16-104,EB04-058,OP16-109]
[] Life: 2
[Opponent] Draw 1 Card
[] Drew card from deck: Shiki ["OP17-048">OP17-048]
RZ1|200|2|OP17-048|0|27|1|5|1|1|0|0|0
RZ1|CHK|200|2|27|6|4|3|2|8|9|1|1|0
RZ1|201|2|Don|4|1|5|8|1|1|0|0|0
RZ1|CHK|201|2|27|6|4|3|1|9|9|1|1|0
RZ1|202|2|Don|4|0|5|9|1|1|0|0|0
RZ1|CHK|202|2|27|6|4|3|0|10|9|1|1|0
[Opponent] Draw 2 Don
[Opponent] Attach 1 Don to Stussy ["OP17-054">OP17-054] (1 Total)
RZ1|203|2|Don|5|9|9|300|1|1|0|0|0
RZ1|CHK|203|2|27|6|4|3|0|9|9|1|1|1
[Opponent] Attach 1 Don to Stussy ["OP17-054">OP17-054] (2 Total)
RZ1|204|2|Don|5|8|9|301|1|1|0|0|0
RZ1|CHK|204|2|27|6|4|3|0|8|9|1|1|2
[Opponent] Stussy ["OP17-054">OP17-054] attacking Marshall D. Teach ["OP16-080">OP16-080]
[You] Borsalino ["EB04-058">EB04-058] Blocks
Stussy ["OP17-054">OP17-054][7000] vs Borsalino ["EB04-058">EB04-058][6000]
[You] Borsalino ["EB04-058">EB04-058] Destroyed
RZ1|205|1|EB04-058|2|1|6|11|1|1|0|0|0
RZ1|CHK|205|1|31|2|2|2|1|9|12|1|1|0
[Opponent] Charlotte Linlin ["OP17-049">OP17-049] attacking Marshall D. Teach ["OP16-080">OP16-080]
Charlotte Linlin ["OP17-049">OP17-049][7000] vs Marshall D. Teach ["OP16-080">OP16-080][5000]
Marshall D. Teach ["OP16-080">OP16-080] hit for 1 damage
RZ1|206|1|OP16-110|3|1|1|2|1|1|0|0|0
RZ1|CHK|206|1|31|3|2|1|1|9|12|1|1|0
[You] Vasco Shot ["OP16-110">OP16-110]: Activate Trigger
RZ1|207|1|OP16-110|1|2|6|12|1|1|0|0|0
RZ1|CHK|207|1|31|2|2|1|1|9|13|1|1|0
[] Drew card from deck: Black Vortex ["OP16-115">OP16-115]
RZ1|208|1|OP16-115|0|30|1|2|1|1|0|0|0
RZ1|CHK|208|1|30|3|2|1|1|9|13|1|1|0
[You] Vasco Shot ["OP16-110">OP16-110]: Draw 1 Card
[You] Vasco Shot ["OP16-110">OP16-110]: Rest Edward Newgate ["OP17-040">OP17-040]
[Opponent] Attach 5 Don to Streusen ["OP17-050">OP17-050] (5 Total)
RZ1|209|2|Don|5|7|9|0|1|1|0|0|0
RZ1|CHK|209|2|27|6|4|3|0|7|9|1|1|3
RZ1|210|2|Don|5|6|9|1|1|1|0|0|0
RZ1|CHK|210|2|27|6|4|3|0|6|9|1|1|4
RZ1|211|2|Don|5|5|9|2|1|1|0|0|0
RZ1|CHK|211|2|27|6|4|3|0|5|9|1|1|5
RZ1|212|2|Don|5|4|9|3|1|1|0|0|0
RZ1|CHK|212|2|27|6|4|3|0|4|9|1|1|6
RZ1|213|2|Don|5|3|9|4|1|1|0|0|0
RZ1|CHK|213|2|27|6|4|3|0|3|9|1|1|7
[Opponent] Streusen ["OP17-050">OP17-050] attacking Marshall D. Teach ["OP16-080">OP16-080]
Streusen ["OP17-050">OP17-050][7000] vs Marshall D. Teach ["OP16-080">OP16-080][5000]
Marshall D. Teach ["OP16-080">OP16-080] hit for 1 damage
RZ1|214|1|OP09-095|3|0|1|3|1|1|0|0|0
RZ1|CHK|214|1|30|4|2|0|1|9|13|1|1|0
[Opponent] Attach 3 Don to Rocks D. Xebec ["OP17-039">OP17-039] (3 Total)
RZ1|215|2|Don|5|2|9|9900|1|1|0|0|0
RZ1|CHK|215|2|27|6|4|3|0|2|9|1|1|8
RZ1|216|2|Don|5|1|9|9901|1|1|0|0|0
RZ1|CHK|216|2|27|6|4|3|0|1|9|1|1|9
RZ1|217|2|Don|5|0|9|9902|1|1|0|0|0
RZ1|CHK|217|2|27|6|4|3|0|0|9|1|1|10
[Opponent] Rocks D. Xebec ["OP17-039">OP17-039] attacking Marshall D. Teach ["OP16-080">OP16-080]
RZ1|218|2|OP17-048|1|5|6|9|1|1|0|0|0
RZ1|CHK|218|2|27|5|4|3|0|0|10|1|1|10
[Opponent] Edward Newgate ["OP17-040">OP17-040]: Trash Shiki ["OP17-048">OP17-048]
[Opponent] Edward Newgate ["OP17-040">OP17-040]: Buff Rocks D. Xebec ["OP17-039">OP17-039] 3000 for the Combat
RZ1|219|2|OP17-056|1|4|6|10|1|1|0|0|0
RZ1|CHK|219|2|27|4|4|3|0|0|11|1|1|10
[Opponent] Rocks D. Xebec ["OP17-039">OP17-039]: Trash Rocks Pirates ["OP17-056">OP17-056]
RZ1|220|2|OP17-052|0|26|0|26|0|0|0|0|0
RZ1|CHK|220|2|27|4|4|3|0|0|11|1|1|10
[Opponent] Rocks D. Xebec ["OP17-039">OP17-039] revealed: Don Marlon ["OP17-052">OP17-052]
[] Drew card from deck: Don Marlon ["OP17-052">OP17-052]
RZ1|221|2|OP17-052|0|26|1|4|1|1|0|0|0
RZ1|CHK|221|2|26|5|4|3|0|0|11|1|1|10
[] Drew card from deck: Ganzui ["OP17-043">OP17-043]
RZ1|222|2|OP17-043|0|25|1|5|1|1|0|0|0
RZ1|CHK|222|2|25|6|4|3|0|0|11|1|1|10
[Opponent] Rocks D. Xebec ["OP17-039">OP17-039]: Draw 2 Card
RZ1|223|1|OP09-096|1|1|6|13|1|1|0|0|0
RZ1|CHK|223|1|30|3|2|0|1|9|14|1|1|0
[You] Marshall D. Teach ["OP16-080">OP16-080]: Trash This is MY AGE!!!! ["OP09-096">OP09-096]
[You] Marshall D. Teach ["OP16-080">OP16-080]: Target of Attack changed to Doc Q ["OP16-109">OP16-109]
Rocks D. Xebec ["OP17-039">OP17-039][11000] vs Doc Q ["OP16-109">OP16-109][0]
[You] Doc Q ["OP16-109">OP16-109] Destroyed
RZ1|224|1|OP16-109|2|1|6|14|1|1|0|0|0
RZ1|CHK|224|1|30|3|1|0|1|9|15|1|1|0
[] Drew card from deck: Laffitte ["OP09-095">OP09-095]
RZ1|225|1|OP09-095|0|29|1|3|1|1|0|0|0
RZ1|CHK|225|1|29|4|1|0|1|9|15|1|1|0
[You] Doc Q ["OP16-109">OP16-109]: Draw 1 Card
[] Hand: [OP17-055,OP17-048,OP17-056,OP17-056,OP17-052,OP17-043]
[] Board: [OP17-050,OP17-040,OP17-049,OP17-054]
[] Trash: [OP17-048,OP17-056,OP17-057,OP17-054,OP17-045,OP17-042,OP17-053,OP17-049,OP17-053,OP17-048,OP17-056]
[] Life: 3
[] Hand: [OP09-086,OP16-115,OP09-095,OP09-095]
[] Trash: [OP09-095,OP06-115,OP16-108,OP16-104,EB04-058,OP16-119,OP09-093,OP16-109,OP16-119,OP16-109,OP16-116,EB04-058,OP16-110,OP09-096,OP16-109]
[] Board: [OP16-104]
[] Life: 0
[Opponent] End Turn
[] Hand: [OP09-086,OP16-115,OP09-095,OP09-095]
[] Board: [OP16-104]
[] Trash: [OP09-095,OP06-115,OP16-108,OP16-104,EB04-058,OP16-119,OP09-093,OP16-109,OP16-119,OP16-109,OP16-116,EB04-058,OP16-110,OP09-096,OP16-109]
[] Life: 0
[] Hand: [OP17-055,OP17-048,OP17-056,OP17-056,OP17-052,OP17-043]
[] Trash: [OP17-048,OP17-056,OP17-057,OP17-054,OP17-045,OP17-042,OP17-053,OP17-049,OP17-053,OP17-048,OP17-056]
[] Board: [OP17-050,OP17-040,OP17-049,OP17-054]
[] Life: 3
[You] Draw 1 Card
[] Drew card from deck: Jesus Burgess ["OP09-086">OP09-086]
RZ1|226|1|OP09-086|0|28|1|4|1|1|0|0|0
RZ1|CHK|226|1|28|5|1|0|1|9|15|1|1|0
RZ1|227|1|Don|4|0|5|9|1|1|0|0|0
RZ1|CHK|227|1|28|5|1|0|0|10|15|1|1|0
[You] Draw 2 Don
[You] Marshall D. Teach ["OP16-080">OP16-080] attacking Rocks D. Xebec ["OP17-039">OP17-039]
[Opponent] Fullalead ["OP17-057">OP17-057]: Rest Fullalead ["OP17-057">OP17-057]
RZ1|228|2|OP17-052|1|4|6|11|1|1|0|0|0
RZ1|CHK|228|2|25|5|4|3|0|0|12|1|1|10
[Opponent] Fullalead ["OP17-057">OP17-057]: Trash Don Marlon ["OP17-052">OP17-052]
[Opponent] Fullalead ["OP17-057">OP17-057]: Buff Rocks D. Xebec ["OP17-039">OP17-039] 1000 for the Combat
Marshall D. Teach ["OP16-080">OP16-080][5000] vs Rocks D. Xebec ["OP17-039">OP17-039][6000]
Attack Fails
[You] Catarina Devon ["OP16-104">OP16-104] attacking Rocks D. Xebec ["OP17-039">OP17-039]
[You] Catarina Devon ["OP16-104">OP16-104]: Buff Self 5000
Catarina Devon ["OP16-104">OP16-104][8000] vs Rocks D. Xebec ["OP17-039">OP17-039][5000]
Rocks D. Xebec ["OP17-039">OP17-039] hit for 1 damage
RZ1|229|2|OP17-052|3|2|1|5|1|1|0|0|0
RZ1|CHK|229|2|25|6|4|2|0|0|12|1|1|10
RZ1|230|1|Don|5|0|5|0|1|1|1|0|0
RZ1|CHK|230|1|28|5|1|0|0|10|15|1|1|0
[You] Deploy Laffitte ["OP09-095">OP09-095]
RZ1|231|1|OP09-095|1|2|2|1|1|1|0|0|0
RZ1|CHK|231|1|28|4|2|0|0|10|15|1|1|0
[You] Laffitte ["OP09-095">OP09-095]: Rest 1 Don
RZ1|232|1|Don|5|1|5|1|1|1|1|0|0
RZ1|CHK|232|1|28|4|2|0|0|10|15|1|1|0
[You] Laffitte ["OP09-095">OP09-095]: Rest Laffitte ["OP09-095">OP09-095]
RZ1|233|1|OP16-110|0|25|1|4|1|1|0|0|0
RZ1|CHK|233|1|27|5|2|0|0|10|15|1|1|0
[You] Laffitte ["OP09-095">OP09-095]: <b>Reveal and Draw Vasco Shot ["OP16-110">OP16-110]</b>
[You] Placing Cards on Bottom of Deck
RZ1|234|1|OP09-099|0|26|0|0|0|0|0|0|0
RZ1|CHK|234|1|27|5|2|0|0|10|15|1|1|0
RZ1|235|1|OP09-086|0|26|0|0|0|0|0|0|0
RZ1|CHK|235|1|27|5|2|0|0|10|15|1|1|0
RZ1|236|1|OP09-095|0|26|0|0|0|0|0|0|0
RZ1|CHK|236|1|27|5|2|0|0|10|15|1|1|0
RZ1|237|1|OP12-112|0|26|0|0|0|0|0|0|0
RZ1|CHK|237|1|27|5|2|0|0|10|15|1|1|0
RZ1|238|1|Don|5|2|5|2|1|1|1|0|0
RZ1|CHK|238|1|27|5|2|0|0|10|15|1|1|0
[You] Deploy Vasco Shot ["OP16-110">OP16-110]
RZ1|239|1|OP16-110|1|4|2|2|1|1|0|0|0
RZ1|CHK|239|1|27|4|3|0|0|10|15|1|1|0
[You] Black Vortex ["OP16-115">OP16-115]: Rest 1 Don
RZ1|240|1|Don|5|3|5|3|1|1|1|0|0
RZ1|CHK|240|1|27|4|3|0|0|10|15|1|1|0
RZ1|241|1|OP16-115|1|1|6|15|1|1|0|0|0
RZ1|CHK|241|1|27|3|3|0|0|10|16|1|1|0
[You] <b>Draw You're the one who should disappear! ["OP06-115">OP06-115] from Trash</b>
RZ1|242|1|OP06-115|6|1|1|3|1|1|0|0|0
RZ1|CHK|242|1|27|4|3|0|0|10|15|1|1|0
RZ1|243|1|Don|5|4|5|4|1|1|1|0|0
RZ1|CHK|243|1|27|4|3|0|0|10|15|1|1|0
RZ1|244|1|Don|5|5|5|5|1|1|1|0|0
RZ1|CHK|244|1|27|4|3|0|0|10|15|1|1|0
RZ1|245|1|Don|5|6|5|6|1|1|1|0|0
RZ1|CHK|245|1|27|4|3|0|0|10|15|1|1|0
RZ1|246|1|Don|5|7|5|7|1|1|1|0|0
RZ1|CHK|246|1|27|4|3|0|0|10|15|1|1|0
[You] Deploy Jesus Burgess ["OP09-086">OP09-086]
RZ1|247|1|OP09-086|1|0|2|3|1|1|0|3000|0
RZ1|CHK|247|1|27|3|4|0|0|10|15|1|1|0
[] Hand: [OP09-095,OP09-086,OP06-115]
[] Board: [OP16-104,OP09-095,OP16-110,OP09-086]
[] Trash: [OP09-095,OP16-108,OP16-104,EB04-058,OP16-119,OP09-093,OP16-109,OP16-119,OP16-109,OP16-116,EB04-058,OP16-110,OP09-096,OP16-109,OP16-115]
[] Life: 0
[] Hand: [OP17-055,OP17-048,OP17-056,OP17-056,OP17-043,OP17-052]
[] Trash: [OP17-048,OP17-056,OP17-057,OP17-054,OP17-045,OP17-042,OP17-053,OP17-049,OP17-053,OP17-048,OP17-056,OP17-052]
[] Board: [OP17-050,OP17-040,OP17-049,OP17-054]
[] Life: 2
[You] End Turn
[] Hand: [OP17-055,OP17-048,OP17-056,OP17-056,OP17-043,OP17-052]
[] Board: [OP17-050,OP17-040,OP17-049,OP17-054]
[] Trash: [OP17-048,OP17-056,OP17-057,OP17-054,OP17-045,OP17-042,OP17-053,OP17-049,OP17-053,OP17-048,OP17-056,OP17-052]
[] Life: 2
[] Hand: [OP09-095,OP09-086,OP06-115]
[] Trash: [OP09-095,OP16-108,OP16-104,EB04-058,OP16-119,OP09-093,OP16-109,OP16-119,OP16-109,OP16-116,EB04-058,OP16-110,OP09-096,OP16-109,OP16-115]
[] Board: [OP16-104,OP09-095,OP16-110,OP09-086]
[] Life: 0
RZ1|248|2|Don|9|9900|5|0|1|1|1|0|0
RZ1|CHK|248|2|25|6|4|2|0|1|12|1|1|9
RZ1|249|2|Don|9|9900|5|0|1|1|1|0|0
RZ1|CHK|249|2|25|6|4|2|0|2|12|1|1|8
RZ1|250|2|Don|9|9900|5|0|1|1|1|0|0
RZ1|CHK|250|2|25|6|4|2|0|3|12|1|1|7
RZ1|251|2|Don|9|0|5|0|1|1|1|0|0
RZ1|CHK|251|2|25|6|4|2|0|4|12|1|1|6
RZ1|252|2|Don|9|0|5|0|1|1|1|0|0
RZ1|CHK|252|2|25|6|4|2|0|5|12|1|1|5
RZ1|253|2|Don|9|0|5|0|1|1|1|0|0
RZ1|CHK|253|2|25|6|4|2|0|6|12|1|1|4
RZ1|254|2|Don|9|0|5|0|1|1|1|0|0
RZ1|CHK|254|2|25|6|4|2|0|7|12|1|1|3
RZ1|255|2|Don|9|0|5|0|1|1|1|0|0
RZ1|CHK|255|2|25|6|4|2|0|8|12|1|1|2
RZ1|256|2|Don|9|300|5|0|1|1|1|0|0
RZ1|CHK|256|2|25|6|4|2|0|9|12|1|1|1
RZ1|257|2|Don|9|300|5|0|1|1|1|0|0
RZ1|CHK|257|2|25|6|4|2|0|10|12|1|1|0
[Opponent] Draw 1 Card
[] Drew card from deck: Gloriosa ["OP17-046">OP17-046]
RZ1|258|2|OP17-046|0|24|1|6|1|1|0|0|0
RZ1|CHK|258|2|24|7|4|2|0|10|12|1|1|0
[Opponent] Attach 1 Don to Stussy ["OP17-054">OP17-054] (1 Total)
RZ1|259|2|Don|5|9|9|300|1|1|0|0|0
RZ1|CHK|259|2|24|7|4|2|0|9|12|1|1|1
[Opponent] Attach 1 Don to Stussy ["OP17-054">OP17-054] (2 Total)
RZ1|260|2|Don|5|8|9|301|1|1|0|0|0
RZ1|CHK|260|2|24|7|4|2|0|8|12|1|1|2
[Opponent] Stussy ["OP17-054">OP17-054] attacking Marshall D. Teach ["OP16-080">OP16-080]
RZ1|261|1|OP06-115|1|2|6|15|1|1|0|0|0
RZ1|CHK|261|1|27|2|4|0|0|10|16|1|1|0
[You] Marshall D. Teach ["OP16-080">OP16-080]: Trash You're the one who should disappear! ["OP06-115">OP06-115]
[You] Marshall D. Teach ["OP16-080">OP16-080]: Target of Attack changed to Jesus Burgess ["OP09-086">OP09-086]
Stussy ["OP17-054">OP17-054][7000] vs Jesus Burgess ["OP09-086">OP09-086][9000]
Attack Fails
[Opponent] Charlotte Linlin ["OP17-049">OP17-049] attacking Marshall D. Teach ["OP16-080">OP16-080]
Charlotte Linlin ["OP17-049">OP17-049][7000] vs Marshall D. Teach ["OP16-080">OP16-080][5000]
Marshall D. Teach ["OP16-080">OP16-080] hit for 1 damage
[You] <b>Downloaded the Combat Log!</b>
GameOver
