Version is 1.42c.22
[You] Leader is Monkey D. Luffy ["OP13-001">OP13-001]
RZ1|HDR|1.42c|2|RZ1
RZ1|PLY|1||OP13-001
RZ1|PLY|2||
[Opponent] Leader is Rocks D. Xebec ["OP17-039">OP17-039]
RZ1|1|2|OP17-050|0|3|0|0|0|0|0|0|0
RZ1|CHK|1|2|50|0|0|0|10|0|0|0|1|0
RZ1|2|2|OP17-044|0|15|0|1|0|0|0|0|0
RZ1|CHK|2|2|50|0|0|0|10|0|0|0|1|0
RZ1|3|2|OP17-049|0|24|0|2|0|0|0|0|0
RZ1|CHK|3|2|50|0|0|0|10|0|0|0|1|0
RZ1|4|2|OP17-040|0|28|0|3|0|0|0|0|0
RZ1|CHK|4|2|50|0|0|0|10|0|0|0|1|0
RZ1|5|2|OP17-040|0|30|0|4|0|0|0|0|0
RZ1|CHK|5|2|50|0|0|0|10|0|0|0|1|0
RZ1|6|2|OP17-055|0|40|0|5|0|0|0|0|0
RZ1|CHK|6|2|50|0|0|0|10|0|0|0|1|0
RZ1|7|2|OP17-046|0|24|0|6|0|0|0|0|0
RZ1|CHK|7|2|50|0|0|0|10|0|0|0|1|0
RZ1|8|2|OP17-049|0|28|0|7|0|0|0|0|0
RZ1|CHK|8|2|50|0|0|0|10|0|0|0|1|0
RZ1|9|2|OP17-055|0|42|0|8|0|0|0|0|0
RZ1|CHK|9|2|50|0|0|0|10|0|0|0|1|0
RZ1|10|2|OP17-118|0|38|0|9|0|0|0|0|0
RZ1|CHK|10|2|50|0|0|0|10|0|0|0|1|0
RZ1|11|2|OP17-046|0|26|0|10|0|0|0|0|0
RZ1|CHK|11|2|50|0|0|0|10|0|0|0|1|0
RZ1|12|2|OP17-054|0|20|0|11|0|0|0|0|0
RZ1|CHK|12|2|50|0|0|0|10|0|0|0|1|0
RZ1|13|2|OP17-118|0|40|0|12|0|0|0|0|0
RZ1|CHK|13|2|50|0|0|0|10|0|0|0|1|0
RZ1|14|2|OP17-049|0|32|0|13|0|0|0|0|0
RZ1|CHK|14|2|50|0|0|0|10|0|0|0|1|0
RZ1|15|2|OP17-056|0|43|0|14|0|0|0|0|0
RZ1|CHK|15|2|50|0|0|0|10|0|0|0|1|0
RZ1|16|2|OP17-043|0|31|0|15|0|0|0|0|0
RZ1|CHK|16|2|50|0|0|0|10|0|0|0|1|0
RZ1|17|2|OP17-040|0|35|0|16|0|0|0|0|0
RZ1|CHK|17|2|50|0|0|0|10|0|0|0|1|0
RZ1|18|2|OP17-042|0|28|0|17|0|0|0|0|0
RZ1|CHK|18|2|50|0|0|0|10|0|0|0|1|0
RZ1|19|2|OP17-045|0|22|0|18|0|0|0|0|0
RZ1|CHK|19|2|50|0|0|0|10|0|0|0|1|0
RZ1|20|2|OP17-048|0|39|0|19|0|0|0|0|0
RZ1|CHK|20|2|50|0|0|0|10|0|0|0|1|0
RZ1|21|2|OP17-046|0|33|0|20|0|0|0|0|0
RZ1|CHK|21|2|50|0|0|0|10|0|0|0|1|0
RZ1|22|2|OP17-056|0|44|0|21|0|0|0|0|0
RZ1|CHK|22|2|50|0|0|0|10|0|0|0|1|0
RZ1|23|2|OP17-045|0|26|0|22|0|0|0|0|0
RZ1|CHK|23|2|50|0|0|0|10|0|0|0|1|0
RZ1|24|2|OP17-118|0|41|0|23|0|0|0|0|0
RZ1|CHK|24|2|50|0|0|0|10|0|0|0|1|0
RZ1|25|2|OP17-050|0|27|0|24|0|0|0|0|0
RZ1|CHK|25|2|50|0|0|0|10|0|0|0|1|0
RZ1|26|2|OP17-054|0|30|0|25|0|0|0|0|0
RZ1|CHK|26|2|50|0|0|0|10|0|0|0|1|0
RZ1|27|2|OP08-051|0|27|0|26|0|0|0|0|0
RZ1|CHK|27|2|50|0|0|0|10|0|0|0|1|0
RZ1|28|2|OP17-050|0|28|0|27|0|0|0|0|0
RZ1|CHK|28|2|50|0|0|0|10|0|0|0|1|0
RZ1|29|2|OP17-040|0|38|0|28|0|0|0|0|0
RZ1|CHK|29|2|50|0|0|0|10|0|0|0|1|0
RZ1|30|2|OP17-048|0|41|0|29|0|0|0|0|0
RZ1|CHK|30|2|50|0|0|0|10|0|0|0|1|0
RZ1|31|2|OP17-057|0|49|0|30|0|0|0|0|0
RZ1|CHK|31|2|50|0|0|0|10|0|0|0|1|0
RZ1|32|2|OP17-056|0|46|0|32|0|0|0|0|0
RZ1|CHK|32|2|50|0|0|0|10|0|0|0|1|0
RZ1|33|2|OP17-046|0|39|0|33|0|0|0|0|0
RZ1|CHK|33|2|50|0|0|0|10|0|0|0|1|0
RZ1|34|2|OP17-118|0|44|0|35|0|0|0|0|0
RZ1|CHK|34|2|50|0|0|0|10|0|0|0|1|0
RZ1|35|2|OP17-043|0|41|0|36|0|0|0|0|0
RZ1|CHK|35|2|50|0|0|0|10|0|0|0|1|0
RZ1|36|2|OP17-057|0|49|0|38|0|0|0|0|0
RZ1|CHK|36|2|50|0|0|0|10|0|0|0|1|0
RZ1|37|2|OP17-042|0|40|0|39|0|0|0|0|0
RZ1|CHK|37|2|50|0|0|0|10|0|0|0|1|0
RZ1|38|2|OP17-055|0|47|0|40|0|0|0|0|0
RZ1|CHK|38|2|50|0|0|0|10|0|0|0|1|0
RZ1|39|2|OP17-056|0|48|0|41|0|0|0|0|0
RZ1|CHK|39|2|50|0|0|0|10|0|0|0|1|0
RZ1|40|2|OP17-049|0|45|0|42|0|0|0|0|0
RZ1|CHK|40|2|50|0|0|0|10|0|0|0|1|0
RZ1|41|2|OP17-057|0|49|0|43|0|0|0|0|0
RZ1|CHK|41|2|50|0|0|0|10|0|0|0|1|0
RZ1|42|2|OP17-048|0|48|0|44|0|0|0|0|0
RZ1|CHK|42|2|50|0|0|0|10|0|0|0|1|0
RZ1|43|2|OP17-055|0|49|0|46|0|0|0|0|0
RZ1|CHK|43|2|50|0|0|0|10|0|0|0|1|0
RZ1|44|2|OP17-048|0|49|0|48|0|0|0|0|0
RZ1|CHK|44|2|50|0|0|0|10|0|0|0|1|0
[] Drew card from deck: Curiel ["OP16-004">OP16-004]
RZ1|45|1|OP16-004|0|49|1|0|1|1|0|0|0
RZ1|CHK|45|1|49|1|0|0|10|0|0|0|1|0
[] Drew card from deck: Laboon ["OP15-035">OP15-035]
RZ1|46|1|OP15-035|0|48|1|1|1|1|0|0|0
RZ1|CHK|46|1|48|2|0|0|10|0|0|0|1|0
[] Drew card from deck: Thousand Sunny ["ST31-005">ST31-005]
RZ1|47|1|ST31-005|0|47|1|2|1|1|0|0|0
RZ1|CHK|47|1|47|3|0|0|10|0|0|0|1|0
[] Drew card from deck: Curiel ["OP16-004">OP16-004]
RZ1|48|1|OP16-004|0|46|1|3|1|1|0|0|0
RZ1|CHK|48|1|46|4|0|0|10|0|0|0|1|0
[] Drew card from deck: Charlestone ["OP05-038">OP05-038]
RZ1|49|1|OP05-038|0|45|1|4|1|1|0|0|0
RZ1|CHK|49|1|45|5|0|0|10|0|0|0|1|0
[] Drew card from deck: Captain John ["OP17-044">OP17-044]
RZ1|50|2|OP17-044|0|49|1|0|1|1|0|0|0
RZ1|CHK|50|2|49|1|0|0|10|0|0|0|1|0
[] Drew card from deck: Shiki ["OP17-048">OP17-048]
RZ1|51|2|OP17-048|0|48|1|1|1|1|0|0|0
RZ1|CHK|51|2|48|2|0|0|10|0|0|0|1|0
[] Drew card from deck: Kaido ["OP17-042">OP17-042]
RZ1|52|2|OP17-042|0|47|1|2|1|1|0|0|0
RZ1|CHK|52|2|47|3|0|0|10|0|0|0|1|0
[] Drew card from deck: There's No Authority in the World ["OP17-055">OP17-055]
RZ1|53|2|OP17-055|0|46|1|3|1|1|0|0|0
RZ1|CHK|53|2|46|4|0|0|10|0|0|0|1|0
[] Drew card from deck: Stussy ["OP17-054">OP17-054]
RZ1|54|2|OP17-054|0|45|1|4|1|1|0|0|0
RZ1|CHK|54|2|45|5|0|0|10|0|0|0|1|0
RZ1|55|1|EB04-007|0|44|3|0|1|0|0|0|0
RZ1|CHK|55|1|44|5|0|1|10|0|0|0|1|0
RZ1|56|1|OP14-022|0|43|3|1|1|0|0|0|0
RZ1|CHK|56|1|43|5|0|2|10|0|0|0|1|0
RZ1|57|1|OP14-022|0|42|3|2|1|0|0|0|0
RZ1|CHK|57|1|42|5|0|3|10|0|0|0|1|0
RZ1|58|1|EB04-007|0|41|3|3|1|0|0|0|0
RZ1|CHK|58|1|41|5|0|4|10|0|0|0|1|0
RZ1|59|2|OP17-044|1|0|0|45|0|0|0|0|0
RZ1|CHK|59|2|46|4|0|0|10|0|0|0|1|0
RZ1|60|2|OP17-048|1|0|0|46|0|0|0|0|0
RZ1|CHK|60|2|47|3|0|0|10|0|0|0|1|0
RZ1|61|2|OP17-042|1|0|0|47|0|0|0|0|0
RZ1|CHK|61|2|48|2|0|0|10|0|0|0|1|0
RZ1|62|2|OP17-055|1|0|0|48|0|0|0|0|0
RZ1|CHK|62|2|49|1|0|0|10|0|0|0|1|0
RZ1|63|2|OP17-054|1|0|0|49|0|0|0|0|0
RZ1|CHK|63|2|50|0|0|0|10|0|0|0|1|0
RZ1|64|2|OP17-054|0|11|0|0|0|0|0|0|0
RZ1|CHK|64|2|50|0|0|0|10|0|0|0|1|0
RZ1|65|2|OP17-049|0|8|0|1|0|0|0|0|0
RZ1|CHK|65|2|50|0|0|0|10|0|0|0|1|0
RZ1|66|2|OP17-048|0|19|0|2|0|0|0|0|0
RZ1|CHK|66|2|50|0|0|0|10|0|0|0|1|0
RZ1|67|2|OP17-050|0|24|0|3|0|0|0|0|0
RZ1|CHK|67|2|50|0|0|0|10|0|0|0|1|0
RZ1|68|2|OP17-055|0|48|0|4|0|0|0|0|0
RZ1|CHK|68|2|50|0|0|0|10|0|0|0|1|0
RZ1|69|2|OP17-045|0|24|0|5|0|0|0|0|0
RZ1|CHK|69|2|50|0|0|0|10|0|0|0|1|0
RZ1|70|2|OP17-056|0|42|0|6|0|0|0|0|0
RZ1|CHK|70|2|50|0|0|0|10|0|0|0|1|0
RZ1|71|2|OP17-045|0|23|0|7|0|0|0|0|0
RZ1|CHK|71|2|50|0|0|0|10|0|0|0|1|0
RZ1|72|2|OP17-048|0|47|0|8|0|0|0|0|0
RZ1|CHK|72|2|50|0|0|0|10|0|0|0|1|0
RZ1|73|2|OP17-043|0|22|0|9|0|0|0|0|0
RZ1|CHK|73|2|50|0|0|0|10|0|0|0|1|0
RZ1|74|2|OP17-057|0|45|0|10|0|0|0|0|0
RZ1|CHK|74|2|50|0|0|0|10|0|0|0|1|0
RZ1|75|2|OP17-048|0|46|0|11|0|0|0|0|0
RZ1|CHK|75|2|50|0|0|0|10|0|0|0|1|0
RZ1|76|2|OP17-056|0|37|0|12|0|0|0|0|0
RZ1|CHK|76|2|50|0|0|0|10|0|0|0|1|0
RZ1|77|2|OP17-118|0|21|0|13|0|0|0|0|0
RZ1|CHK|77|2|50|0|0|0|10|0|0|0|1|0
RZ1|78|2|OP17-044|0|15|0|14|0|0|0|0|0
RZ1|CHK|78|2|50|0|0|0|10|0|0|0|1|0
RZ1|79|2|OP17-054|0|49|0|15|0|0|0|0|0
RZ1|CHK|79|2|50|0|0|0|10|0|0|0|1|0
RZ1|80|2|OP17-055|0|46|0|16|0|0|0|0|0
RZ1|CHK|80|2|50|0|0|0|10|0|0|0|1|0
RZ1|81|2|OP17-040|0|20|0|17|0|0|0|0|0
RZ1|CHK|81|2|50|0|0|0|10|0|0|0|1|0
RZ1|82|2|OP17-118|0|42|0|18|0|0|0|0|0
RZ1|CHK|82|2|50|0|0|0|10|0|0|0|1|0
RZ1|83|2|OP17-057|0|45|0|21|0|0|0|0|0
RZ1|CHK|83|2|50|0|0|0|10|0|0|0|1|0
RZ1|84|2|OP17-042|0|31|0|22|0|0|0|0|0
RZ1|CHK|84|2|50|0|0|0|10|0|0|0|1|0
RZ1|85|2|OP17-046|0|42|0|23|0|0|0|0|0
RZ1|CHK|85|2|50|0|0|0|10|0|0|0|1|0
RZ1|86|2|OP17-054|0|45|0|24|0|0|0|0|0
RZ1|CHK|86|2|50|0|0|0|10|0|0|0|1|0
RZ1|87|2|OP17-040|0|33|0|25|0|0|0|0|0
RZ1|CHK|87|2|50|0|0|0|10|0|0|0|1|0
RZ1|88|2|OP17-048|0|41|0|26|0|0|0|0|0
RZ1|CHK|88|2|50|0|0|0|10|0|0|0|1|0
RZ1|89|2|OP17-046|0|31|0|27|0|0|0|0|0
RZ1|CHK|89|2|50|0|0|0|10|0|0|0|1|0
RZ1|90|2|OP17-056|0|34|0|28|0|0|0|0|0
RZ1|CHK|90|2|50|0|0|0|10|0|0|0|1|0
RZ1|91|2|OP17-045|0|44|0|29|0|0|0|0|0
RZ1|CHK|91|2|50|0|0|0|10|0|0|0|1|0
RZ1|92|2|OP17-046|0|32|0|30|0|0|0|0|0
RZ1|CHK|92|2|50|0|0|0|10|0|0|0|1|0
RZ1|93|2|OP17-118|0|34|0|31|0|0|0|0|0
RZ1|CHK|93|2|50|0|0|0|10|0|0|0|1|0
RZ1|94|2|OP17-050|0|41|0|32|0|0|0|0|0
RZ1|CHK|94|2|50|0|0|0|10|0|0|0|1|0
RZ1|95|2|OP17-043|0|45|0|34|0|0|0|0|0
RZ1|CHK|95|2|50|0|0|0|10|0|0|0|1|0
RZ1|96|2|OP17-049|0|47|0|35|0|0|0|0|0
RZ1|CHK|96|2|50|0|0|0|10|0|0|0|1|0
RZ1|97|2|OP17-055|0|37|0|36|0|0|0|0|0
RZ1|CHK|97|2|50|0|0|0|10|0|0|0|1|0
RZ1|98|2|OP17-042|0|49|0|37|0|0|0|0|0
RZ1|CHK|98|2|50|0|0|0|10|0|0|0|1|0
RZ1|99|2|OP17-057|0|46|0|38|0|0|0|0|0
RZ1|CHK|99|2|50|0|0|0|10|0|0|0|1|0
RZ1|100|2|OP08-051|0|45|0|39|0|0|0|0|0
RZ1|CHK|100|2|50|0|0|0|10|0|0|0|1|0
RZ1|101|2|OP17-042|0|48|0|40|0|0|0|0|0
RZ1|CHK|101|2|50|0|0|0|10|0|0|0|1|0
RZ1|102|2|OP17-040|0|47|0|41|0|0|0|0|0
RZ1|CHK|102|2|50|0|0|0|10|0|0|0|1|0
RZ1|103|2|OP17-118|0|46|0|42|0|0|0|0|0
RZ1|CHK|103|2|50|0|0|0|10|0|0|0|1|0
RZ1|104|2|OP17-054|0|47|0|45|0|0|0|0|0
RZ1|CHK|104|2|50|0|0|0|10|0|0|0|1|0
RZ1|105|2|OP17-044|0|49|0|46|0|0|0|0|0
RZ1|CHK|105|2|50|0|0|0|10|0|0|0|1|0
RZ1|106|2|OP08-051|0|49|0|47|0|0|0|0|0
RZ1|CHK|106|2|50|0|0|0|10|0|0|0|1|0
RZ1|107|2|OP17-056|0|49|0|48|0|0|0|0|0
RZ1|CHK|107|2|50|0|0|0|10|0|0|0|1|0
[] Drew card from deck: Gloriosa ["OP17-046">OP17-046]
RZ1|108|2|OP17-046|0|49|1|0|1|1|0|0|0
RZ1|CHK|108|2|49|1|0|0|10|0|0|0|1|0
[] Drew card from deck: Rocks Pirates ["OP17-056">OP17-056]
RZ1|109|2|OP17-056|0|48|1|1|1|1|0|0|0
RZ1|CHK|109|2|48|2|0|0|10|0|0|0|1|0
[] Drew card from deck: Buckin ["OP08-051">OP08-051]
RZ1|110|2|OP08-051|0|47|1|2|1|1|0|0|0
RZ1|CHK|110|2|47|3|0|0|10|0|0|0|1|0
[] Drew card from deck: Captain John ["OP17-044">OP17-044]
RZ1|111|2|OP17-044|0|46|1|3|1|1|0|0|0
RZ1|CHK|111|2|46|4|0|0|10|0|0|0|1|0
[] Drew card from deck: Stussy ["OP17-054">OP17-054]
RZ1|112|2|OP17-054|0|45|1|4|1|1|0|0|0
RZ1|CHK|112|2|45|5|0|0|10|0|0|0|1|0
RZ1|113|2|OP17-049|0|44|3|0|0|1|0|0|0
RZ1|CHK|113|2|44|5|0|1|10|0|0|0|1|0
RZ1|114|2|OP17-055|0|43|3|1|0|1|0|0|0
RZ1|CHK|114|2|43|5|0|2|10|0|0|0|1|0
RZ1|115|2|OP17-118|0|42|3|2|0|1|0|0|0
RZ1|CHK|115|2|42|5|0|3|10|0|0|0|1|0
RZ1|116|2|OP17-040|0|41|3|3|0|1|0|0|0
RZ1|CHK|116|2|41|5|0|4|10|0|0|0|1|0
RZ1|117|2|OP17-042|0|40|3|4|0|1|0|0|0
RZ1|CHK|117|2|40|5|0|5|10|0|0|0|1|0
[] Hand after Mulligan: [OP17-046,OP17-056,OP08-051,OP17-044,OP17-054]
[Opponent] Mulligan
[] Hand: [OP16-004,OP15-035,ST31-005,OP16-004,OP05-038]
[] Board: []
[] Trash: []
[] Life: 4
[] Hand: [OP17-046,OP17-056,OP08-051,OP17-044,OP17-054]
[] Trash: []
[] Board: []
[] Life: 5
RZ1|118|1|Don|4|9|5|0|1|1|0|0|0
RZ1|CHK|118|1|41|5|0|4|9|1|0|0|1|0
[You] Draw 1 Don
RZ1|119|1|Don|5|0|9|9900|1|1|0|0|0
RZ1|CHK|119|1|41|5|0|4|9|0|0|0|1|1
[You] Attach 1 Don to Monkey D. Luffy ["OP13-001">OP13-001] (1 Total)
[] Hand: [OP16-004,OP15-035,ST31-005,OP16-004,OP05-038]
[] Board: []
[] Trash: []
[] Life: 4
[] Hand: [OP17-046,OP17-056,OP08-051,OP17-044,OP17-054]
[] Trash: []
[] Board: []
[] Life: 5
[You] End Turn
[] Hand: [OP17-046,OP17-056,OP08-051,OP17-044,OP17-054]
[] Board: []
[] Trash: []
[] Life: 5
[] Hand: [OP16-004,OP15-035,ST31-005,OP16-004,OP05-038]
[] Trash: []
[] Board: []
[] Life: 4
[Opponent] Draw 1 Card
[] Drew card from deck: Buckin ["OP08-051">OP08-051]
RZ1|120|2|OP08-051|0|39|1|5|1|1|0|0|0
RZ1|CHK|120|2|39|6|0|5|10|0|0|0|1|0
RZ1|121|2|Don|4|9|5|0|1|1|0|0|0
RZ1|CHK|121|2|39|6|0|5|9|1|0|0|1|0
RZ1|122|2|Don|4|8|5|1|1|1|0|0|0
RZ1|CHK|122|2|39|6|0|5|8|2|0|0|1|0
[Opponent] Draw 2 Don
[] Hand: [OP17-046,OP17-056,OP08-051,OP17-044,OP17-054,OP08-051]
[] Board: []
[] Trash: []
[] Life: 5
[] Hand: [OP16-004,OP15-035,ST31-005,OP16-004,OP05-038]
[] Trash: []
[] Board: []
[] Life: 4
[Opponent] End Turn
[] Hand: [OP16-004,OP15-035,ST31-005,OP16-004,OP05-038]
[] Board: []
[] Trash: []
[] Life: 4
[] Hand: [OP17-046,OP17-056,OP08-051,OP17-044,OP17-054,OP08-051]
[] Trash: []
[] Board: []
[] Life: 5
RZ1|123|1|Don|9|9900|5|0|1|1|1|0|0
RZ1|CHK|123|1|41|5|0|4|9|1|0|0|1|0
[You] Draw 1 Card
[] Drew card from deck: Roronoa Zoro ["OP13-037">OP13-037]
RZ1|124|1|OP13-037|0|40|1|5|1|1|0|0|0
RZ1|CHK|124|1|40|6|0|4|9|1|0|0|1|0
RZ1|125|1|Don|4|8|5|1|1|1|0|0|0
RZ1|CHK|125|1|40|6|0|4|8|2|0|0|1|0
RZ1|126|1|Don|4|7|5|2|1|1|0|0|0
RZ1|CHK|126|1|40|6|0|4|7|3|0|0|1|0
[You] Draw 2 Don
RZ1|127|1|Don|5|0|9|9900|1|1|0|0|0
RZ1|CHK|127|1|40|6|0|4|7|2|0|0|1|1
RZ1|128|1|Don|5|0|9|9901|1|1|0|0|0
RZ1|CHK|128|1|40|6|0|4|7|1|0|0|1|2
[You] Attach 2 Don to Monkey D. Luffy ["OP13-001">OP13-001] (2 Total)
RZ1|129|1|Don|5|0|5|0|1|1|1|0|0
RZ1|CHK|129|1|40|6|0|4|7|1|0|0|1|2
[You] Deploy Thousand Sunny ["ST31-005">ST31-005]
RZ1|130|1|ST31-005|1|2|7|0|1|1|0|0|0
RZ1|CHK|130|1|40|5|0|4|7|1|0|1|1|2
RZ1|131|1|OP01-016|0|37|1|5|1|1|0|0|0
RZ1|CHK|131|1|39|6|0|4|7|1|0|1|1|2
[You] Thousand Sunny ["ST31-005">ST31-005]: <b>Reveal and Draw Nami ["OP01-016">OP01-016]</b>
[You] Placing Cards on Bottom of Deck
RZ1|132|1|OP13-118|0|38|0|0|0|0|0|0|0
RZ1|CHK|132|1|39|6|0|4|7|1|0|1|1|2
RZ1|133|1|OP13-040|0|38|0|0|0|0|0|0|0
RZ1|CHK|133|1|39|6|0|4|7|1|0|1|1|2
RZ1|134|1|OP14-022|0|38|0|0|0|0|0|0|0
RZ1|CHK|134|1|39|6|0|4|7|1|0|1|1|2
RZ1|135|1|OP14-031|0|38|0|0|0|0|0|0|0
RZ1|CHK|135|1|39|6|0|4|7|1|0|1|1|2
[You] Monkey D. Luffy ["OP13-001">OP13-001] attacking Rocks D. Xebec ["OP17-039">OP17-039]
[Opponent] Rocks Pirates ["OP17-056">OP17-056]: Activate Counter
RZ1|136|2|OP17-056|1|1|6|0|1|1|0|0|0
RZ1|CHK|136|2|39|5|0|5|8|2|1|0|1|0
[Opponent] Rocks Pirates ["OP17-056">OP17-056]: Buff Rocks D. Xebec ["OP17-039">OP17-039] 2000 for the Combat
[Opponent] Discard Buckin ["OP08-051">OP08-051] for Counter 1000
RZ1|137|2|OP08-051|1|4|6|1|1|1|0|0|0
RZ1|CHK|137|2|39|4|0|5|8|2|2|0|1|0
Monkey D. Luffy ["OP13-001">OP13-001][7000] vs Rocks D. Xebec ["OP17-039">OP17-039][8000]
Attack Fails
[] Hand: [OP16-004,OP15-035,OP16-004,OP05-038,OP13-037,OP01-016]
[] Board: []
[] Trash: []
[] Life: 4
[] Hand: [OP17-046,OP08-051,OP17-044,OP17-054]
[] Trash: [OP17-056,OP08-051]
[] Board: []
[] Life: 5
[You] End Turn
[] Hand: [OP17-046,OP08-051,OP17-044,OP17-054]
[] Board: []
[] Trash: [OP17-056,OP08-051]
[] Life: 5
[] Hand: [OP16-004,OP15-035,OP16-004,OP05-038,OP13-037,OP01-016]
[] Trash: []
[] Board: []
[] Life: 4
[Opponent] Draw 1 Card
[] Drew card from deck: Fullalead ["OP17-057">OP17-057]
RZ1|138|2|OP17-057|0|38|1|4|1|1|0|0|0
RZ1|CHK|138|2|38|5|0|5|8|2|2|0|1|0
RZ1|139|2|Don|4|7|5|2|1|1|0|0|0
RZ1|CHK|139|2|38|5|0|5|7|3|2|0|1|0
RZ1|140|2|Don|4|6|5|3|1|1|0|0|0
RZ1|CHK|140|2|38|5|0|5|6|4|2|0|1|0
[Opponent] Draw 2 Don
RZ1|141|2|Don|5|0|5|0|1|1|1|0|0
RZ1|CHK|141|2|38|5|0|5|6|4|2|0|1|0
[Opponent] Deploy Fullalead ["OP17-057">OP17-057]
RZ1|142|2|OP17-057|1|4|7|0|1|1|0|0|0
RZ1|CHK|142|2|38|4|0|5|6|4|2|1|1|0
RZ1|143|2|Don|5|1|5|1|1|1|1|0|0
RZ1|CHK|143|2|38|4|0|5|6|4|2|1|1|0
RZ1|144|2|Don|5|2|5|2|1|1|1|0|0
RZ1|CHK|144|2|38|4|0|5|6|4|2|1|1|0
RZ1|145|2|Don|5|3|5|3|1|1|1|0|0
RZ1|CHK|145|2|38|4|0|5|6|4|2|1|1|0
[Opponent] Deploy Stussy ["OP17-054">OP17-054]
RZ1|146|2|OP17-054|1|3|2|0|1|1|0|0|0
RZ1|CHK|146|2|38|3|1|5|6|4|2|1|1|0
[Opponent] Rocks D. Xebec ["OP17-039">OP17-039] attacking Monkey D. Luffy ["OP13-001">OP13-001]
RZ1|147|2|OP08-051|1|1|6|2|1|1|0|0|0
RZ1|CHK|147|2|38|2|1|5|6|4|3|1|1|0
[Opponent] Rocks D. Xebec ["OP17-039">OP17-039]: Trash Buckin ["OP08-051">OP08-051]
RZ1|148|2|OP17-042|0|37|0|37|0|0|0|0|0
RZ1|CHK|148|2|38|2|1|5|6|4|3|1|1|0
[Opponent] Rocks D. Xebec ["OP17-039">OP17-039] revealed: Kaido ["OP17-042">OP17-042]
[] Drew card from deck: Kaido ["OP17-042">OP17-042]
RZ1|149|2|OP17-042|0|37|1|2|1|1|0|0|0
RZ1|CHK|149|2|37|3|1|5|6|4|3|1|1|0
[] Drew card from deck: There's No Authority in the World ["OP17-055">OP17-055]
RZ1|150|2|OP17-055|0|36|1|3|1|1|0|0|0
RZ1|CHK|150|2|36|4|1|5|6|4|3|1|1|0
[Opponent] Rocks D. Xebec ["OP17-039">OP17-039]: Draw 2 Card
[You] Discard Laboon ["OP15-035">OP15-035] for Counter 2000
RZ1|151|1|OP15-035|1|1|6|0|1|1|0|0|0
RZ1|CHK|151|1|39|5|0|4|7|1|1|1|1|2
Rocks D. Xebec ["OP17-039">OP17-039][5000] vs Monkey D. Luffy ["OP13-001">OP13-001][7000]
Attack Fails
[] Hand: [OP17-046,OP17-044,OP17-042,OP17-055]
[] Board: [OP17-054]
[] Trash: [OP17-056,OP08-051,OP08-051]
[] Life: 5
[] Hand: [OP16-004,OP16-004,OP05-038,OP13-037,OP01-016]
[] Trash: [OP15-035]
[] Board: []
[] Life: 4
[Opponent] End Turn
[] Hand: [OP16-004,OP16-004,OP05-038,OP13-037,OP01-016]
[] Board: []
[] Trash: [OP15-035]
[] Life: 4
[] Hand: [OP17-046,OP17-044,OP17-042,OP17-055]
[] Trash: [OP17-056,OP08-051,OP08-051]
[] Board: [OP17-054]
[] Life: 5
RZ1|152|1|Don|9|9900|5|0|1|1|1|0|0
RZ1|CHK|152|1|39|5|0|4|7|2|1|1|1|1
RZ1|153|1|Don|9|9900|5|0|1|1|1|0|0
RZ1|CHK|153|1|39|5|0|4|7|3|1|1|1|0
[You] Draw 1 Card
[] Drew card from deck: Nami ["EB02-017">EB02-017]
RZ1|154|1|EB02-017|0|38|1|5|1|1|0|0|0
RZ1|CHK|154|1|38|6|0|4|7|3|1|1|1|0
RZ1|155|1|Don|4|6|5|3|1|1|0|0|0
RZ1|CHK|155|1|38|6|0|4|6|4|1|1|1|0
RZ1|156|1|Don|4|5|5|4|1|1|0|0|0
RZ1|CHK|156|1|38|6|0|4|5|5|1|1|1|0
[You] Draw 2 Don
RZ1|157|1|Don|5|0|9|9900|1|1|0|0|0
RZ1|CHK|157|1|38|6|0|4|5|4|1|1|1|1
[You] Attach 1 Don to Monkey D. Luffy ["OP13-001">OP13-001] (1 Total)
RZ1|158|1|Don|5|0|5|0|1|1|1|0|0
RZ1|CHK|158|1|38|6|0|4|5|4|1|1|1|1
[You] Deploy Nami ["EB02-017">EB02-017]
RZ1|159|1|EB02-017|1|5|2|0|1|1|0|0|0
RZ1|CHK|159|1|38|5|1|4|5|4|1|1|1|1
RZ1|160|1|OP13-037|0|35|1|5|1|1|0|0|0
RZ1|CHK|160|1|37|6|1|4|5|4|1|1|1|1
[You] Nami ["EB02-017">EB02-017]: <b>Reveal and Draw Roronoa Zoro ["OP13-037">OP13-037]</b>
[You] Placing Cards on Bottom of Deck
RZ1|161|1|OP01-016|0|36|0|0|0|0|0|0|0
RZ1|CHK|161|1|37|6|1|4|5|4|1|1|1|1
RZ1|162|1|OP15-035|0|36|0|0|0|0|0|0|0
RZ1|CHK|162|1|37|6|1|4|5|4|1|1|1|1
RZ1|163|1|EB02-017|0|36|0|0|0|0|0|0|0
RZ1|CHK|163|1|37|6|1|4|5|4|1|1|1|1
RZ1|164|1|OP13-037|0|36|0|0|0|0|0|0|0
RZ1|CHK|164|1|37|6|1|4|5|4|1|1|1|1
[You] Thousand Sunny ["ST31-005">ST31-005]: Rest Thousand Sunny ["ST31-005">ST31-005]
[You] Thousand Sunny ["ST31-005">ST31-005]: Attach 1 Rested Don to Monkey D. Luffy ["OP13-001">OP13-001]
RZ1|165|1|Don|5|0|9|9901|1|1|1|0|0
RZ1|CHK|165|1|37|6|1|4|5|3|1|1|1|2
RZ1|166|1|Don|5|0|5|0|1|1|1|0|0
RZ1|CHK|166|1|37|6|1|4|5|3|1|1|1|2
[You] Deploy Nami ["OP01-016">OP01-016]
RZ1|167|1|OP01-016|1|4|2|1|1|1|0|0|0
RZ1|CHK|167|1|37|5|2|4|5|3|1|1|1|2
[You] Nami ["OP01-016">OP01-016]: <b>Reveal and Draw Monkey D. Luffy ["OP13-118">OP13-118]</b>
RZ1|168|1|OP13-118|0|32|1|5|1|1|0|0|0
RZ1|CHK|168|1|36|6|2|4|5|3|1|1|1|2
RZ1|169|1|ST31-005|0|35|0|0|0|0|0|0|0
RZ1|CHK|169|1|36|6|2|4|5|3|1|1|1|2
RZ1|170|1|EB04-007|0|35|0|0|0|0|0|0|0
RZ1|CHK|170|1|36|6|2|4|5|3|1|1|1|2
RZ1|171|1|OP14-031|0|35|0|0|0|0|0|0|0
RZ1|CHK|171|1|36|6|2|4|5|3|1|1|1|2
RZ1|172|1|EB04-007|0|35|0|0|0|0|0|0|0
RZ1|CHK|172|1|36|6|2|4|5|3|1|1|1|2
[You] Monkey D. Luffy ["OP13-001">OP13-001] attacking Rocks D. Xebec ["OP17-039">OP17-039]
Monkey D. Luffy ["OP13-001">OP13-001][7000] vs Rocks D. Xebec ["OP17-039">OP17-039][5000]
Rocks D. Xebec ["OP17-039">OP17-039] hit for 1 damage
RZ1|173|2|OP17-042|3|4|1|4|1|1|0|0|0
RZ1|CHK|173|2|36|5|1|4|6|4|3|1|1|0
[] Hand: [OP16-004,OP16-004,OP05-038,OP13-037,OP13-037,OP13-118]
[] Board: [EB02-017,OP01-016]
[] Trash: [OP15-035]
[] Life: 4
[] Hand: [OP17-046,OP17-044,OP17-042,OP17-055,OP17-042]
[] Trash: [OP17-056,OP08-051,OP08-051]
[] Board: [OP17-054]
[] Life: 4
[You] End Turn
[] Hand: [OP17-046,OP17-044,OP17-042,OP17-055,OP17-042]
[] Board: [OP17-054]
[] Trash: [OP17-056,OP08-051,OP08-051]
[] Life: 4
[] Hand: [OP16-004,OP16-004,OP05-038,OP13-037,OP13-037,OP13-118]
[] Trash: [OP15-035]
[] Board: [EB02-017,OP01-016]
[] Life: 4
[Opponent] Draw 1 Card
[] Drew card from deck: Charlotte Linlin ["OP17-049">OP17-049]
RZ1|174|2|OP17-049|0|35|1|5|1|1|0|0|0
RZ1|CHK|174|2|35|6|1|4|6|4|3|1|1|0
RZ1|175|2|Don|4|5|5|4|1|1|0|0|0
RZ1|CHK|175|2|35|6|1|4|5|5|3|1|1|0
RZ1|176|2|Don|4|4|5|5|1|1|0|0|0
RZ1|CHK|176|2|35|6|1|4|4|6|3|1|1|0
[Opponent] Draw 2 Don
RZ1|177|2|Don|5|0|5|0|1|1|1|0|0
RZ1|CHK|177|2|35|6|1|4|4|6|3|1|1|0
RZ1|178|2|Don|5|1|5|1|1|1|1|0|0
RZ1|CHK|178|2|35|6|1|4|4|6|3|1|1|0
RZ1|179|2|Don|5|2|5|2|1|1|1|0|0
RZ1|CHK|179|2|35|6|1|4|4|6|3|1|1|0
RZ1|180|2|Don|5|3|5|3|1|1|1|0|0
RZ1|CHK|180|2|35|6|1|4|4|6|3|1|1|0
RZ1|181|2|Don|5|4|5|4|1|1|1|0|0
RZ1|CHK|181|2|35|6|1|4|4|6|3|1|1|0
[Opponent] Deploy Charlotte Linlin ["OP17-049">OP17-049]
RZ1|182|2|OP17-049|1|5|2|1|1|1|0|0|0
RZ1|CHK|182|2|35|5|2|4|4|6|3|1|1|0
[Opponent] Forcing opponent to resolve Card Action!
RZ1|183|1|OP13-037|1|3|6|1|1|1|0|0|0
RZ1|CHK|183|1|36|5|2|4|5|3|2|1|1|2
[You] Charlotte Linlin ["OP17-049">OP17-049]: Trash Roronoa Zoro ["OP13-037">OP13-037]
RZ1|184|1|OP13-037|1|3|6|2|1|1|0|0|0
RZ1|CHK|184|1|36|4|2|4|5|3|3|1|1|2
[You] Charlotte Linlin ["OP17-049">OP17-049]: Trash Roronoa Zoro ["OP13-037">OP13-037]
[Opponent] Attach 1 Don to Rocks D. Xebec ["OP17-039">OP17-039] (1 Total)
RZ1|185|2|Don|5|5|9|9900|1|1|0|0|0
RZ1|CHK|185|2|35|5|2|4|4|5|3|1|1|1
[Opponent] Rocks D. Xebec ["OP17-039">OP17-039] attacking Monkey D. Luffy ["OP13-001">OP13-001]
RZ1|186|2|OP17-042|1|4|6|3|1|1|0|0|0
RZ1|CHK|186|2|35|4|2|4|4|5|4|1|1|1
[Opponent] Rocks D. Xebec ["OP17-039">OP17-039]: Trash Kaido ["OP17-042">OP17-042]
RZ1|187|2|OP17-043|0|34|0|34|0|0|0|0|0
RZ1|CHK|187|2|35|4|2|4|4|5|4|1|1|1
[Opponent] Rocks D. Xebec ["OP17-039">OP17-039] revealed: Ganzui ["OP17-043">OP17-043]
[] Drew card from deck: Ganzui ["OP17-043">OP17-043]
RZ1|188|2|OP17-043|0|34|1|4|1|1|0|0|0
RZ1|CHK|188|2|34|5|2|4|4|5|4|1|1|1
[] Drew card from deck: Edward Newgate ["OP17-040">OP17-040]
RZ1|189|2|OP17-040|0|33|1|5|1|1|0|0|0
RZ1|CHK|189|2|33|6|2|4|4|5|4|1|1|1
[Opponent] Rocks D. Xebec ["OP17-039">OP17-039]: Draw 2 Card
[You] Discard Curiel ["OP16-004">OP16-004] for Counter 2000
RZ1|190|1|OP16-004|1|0|6|3|1|1|0|0|0
RZ1|CHK|190|1|36|3|2|4|5|3|4|1|1|2
Rocks D. Xebec ["OP17-039">OP17-039][6000] vs Monkey D. Luffy ["OP13-001">OP13-001][7000]
Attack Fails
[Opponent] Stussy ["OP17-054">OP17-054] attacking Monkey D. Luffy ["OP13-001">OP13-001]
[You] Discard Curiel ["OP16-004">OP16-004] for Counter 2000
RZ1|191|1|OP16-004|1|0|6|4|1|1|0|0|0
RZ1|CHK|191|1|36|2|2|4|5|3|5|1|1|2
Stussy ["OP17-054">OP17-054][5000] vs Monkey D. Luffy ["OP13-001">OP13-001][7000]
Attack Fails
[] Hand: [OP17-046,OP17-044,OP17-042,OP17-055,OP17-043,OP17-040]
[] Board: [OP17-054,OP17-049]
[] Trash: [OP17-056,OP08-051,OP08-051,OP17-042]
[] Life: 4
[] Hand: [OP05-038,OP13-118]
[] Trash: [OP15-035,OP13-037,OP13-037,OP16-004,OP16-004]
[] Board: [EB02-017,OP01-016]
[] Life: 4
[Opponent] End Turn
[] Hand: [OP05-038,OP13-118]
[] Board: [EB02-017,OP01-016]
[] Trash: [OP15-035,OP13-037,OP13-037,OP16-004,OP16-004]
[] Life: 4
[] Hand: [OP17-046,OP17-044,OP17-042,OP17-055,OP17-043,OP17-040]
[] Trash: [OP17-056,OP08-051,OP08-051,OP17-042]
[] Board: [OP17-054,OP17-049]
[] Life: 4
RZ1|192|1|Don|9|9900|5|0|1|1|1|0|0
RZ1|CHK|192|1|36|2|2|4|5|4|5|1|1|1
RZ1|193|1|Don|9|9900|5|0|1|1|1|0|0
RZ1|CHK|193|1|36|2|2|4|5|5|5|1|1|0
[You] Draw 1 Card
[] Drew card from deck: Charlestone ["OP05-038">OP05-038]
RZ1|194|1|OP05-038|0|35|1|2|1|1|0|0|0
RZ1|CHK|194|1|35|3|2|4|5|5|5|1|1|0
RZ1|195|1|Don|4|4|5|5|1|1|0|0|0
RZ1|CHK|195|1|35|3|2|4|4|6|5|1|1|0
RZ1|196|1|Don|4|3|5|6|1|1|0|0|0
RZ1|CHK|196|1|35|3|2|4|3|7|5|1|1|0
[You] Draw 2 Don
RZ1|197|1|Don|5|0|9|9900|1|1|0|0|0
RZ1|CHK|197|1|35|3|2|4|3|6|5|1|1|1
[You] Attach 1 Don to Monkey D. Luffy ["OP13-001">OP13-001] (1 Total)
[You] Thousand Sunny ["ST31-005">ST31-005]: Rest Thousand Sunny ["ST31-005">ST31-005]
RZ1|198|1|Don|5|0|5|0|1|1|1|0|0
RZ1|CHK|198|1|35|3|2|4|3|6|5|1|1|1
RZ1|199|1|Don|5|1|5|1|1|1|1|0|0
RZ1|CHK|199|1|35|3|2|4|3|6|5|1|1|1
RZ1|200|1|Don|5|2|5|2|1|1|1|0|0
RZ1|CHK|200|1|35|3|2|4|3|6|5|1|1|1
RZ1|201|1|Don|5|3|5|3|1|1|1|0|0
RZ1|CHK|201|1|35|3|2|4|3|6|5|1|1|1
RZ1|202|1|Don|5|4|5|4|1|1|1|0|0
RZ1|CHK|202|1|35|3|2|4|3|6|5|1|1|1
RZ1|203|1|Don|5|5|5|5|1|1|1|0|0
RZ1|CHK|203|1|35|3|2|4|3|6|5|1|1|1
[You] Deploy Monkey D. Luffy ["OP13-118">OP13-118]
RZ1|204|1|OP13-118|1|1|2|2|1|1|0|0|0
RZ1|CHK|204|1|35|2|3|4|3|6|5|1|1|1
[You] Monkey D. Luffy ["OP13-118">OP13-118]: Activate 1 Don
RZ1|205|1|Don|5|5|5|5|1|1|0|0|0
RZ1|CHK|205|1|35|2|3|4|3|6|5|1|1|1
[You] Monkey D. Luffy ["OP13-118">OP13-118]: Activate 1 Don
RZ1|206|1|Don|5|4|5|4|1|1|0|0|0
RZ1|CHK|206|1|35|2|3|4|3|6|5|1|1|1
[You] Monkey D. Luffy ["OP13-118">OP13-118]: Activate 1 Don
RZ1|207|1|Don|5|3|5|3|1|1|0|0|0
RZ1|CHK|207|1|35|2|3|4|3|6|5|1|1|1
[You] Monkey D. Luffy ["OP13-118">OP13-118]: Activate 1 Don
RZ1|208|1|Don|5|2|5|2|1|1|0|0|0
RZ1|CHK|208|1|35|2|3|4|3|6|5|1|1|1
[You] Monkey D. Luffy ["OP13-118">OP13-118]: Can't play Cost 5 Or More Characters for the Turn!
RZ1|209|1|Don|5|2|9|0|1|1|0|0|0
RZ1|CHK|209|1|35|2|3|4|3|5|5|1|1|2
RZ1|210|1|Don|5|2|9|1|1|1|0|0|0
RZ1|CHK|210|1|35|2|3|4|3|4|5|1|1|3
RZ1|211|1|Don|5|2|9|2|1|1|0|0|0
RZ1|CHK|211|1|35|2|3|4|3|3|5|1|1|4
[You] Attach 3 Don to Nami ["EB02-017">EB02-017] (3 Total)
RZ1|212|1|Don|5|2|9|9901|1|1|0|0|0
RZ1|CHK|212|1|35|2|3|4|3|2|5|1|1|5
[You] Attach 1 Don to Monkey D. Luffy ["OP13-001">OP13-001] (2 Total)
[You] Nami ["EB02-017">EB02-017] attacking Rocks D. Xebec ["OP17-039">OP17-039]
[Opponent] Fullalead ["OP17-057">OP17-057]: Rest Fullalead ["OP17-057">OP17-057]
RZ1|213|2|OP17-043|1|4|6|4|1|1|0|0|0
RZ1|CHK|213|2|33|5|2|4|4|5|5|1|1|1
[Opponent] Fullalead ["OP17-057">OP17-057]: Trash Ganzui ["OP17-043">OP17-043]
[Opponent] Fullalead ["OP17-057">OP17-057]: Buff Rocks D. Xebec ["OP17-039">OP17-039] 1000 for the Combat
Nami ["EB02-017">EB02-017][5000] vs Rocks D. Xebec ["OP17-039">OP17-039][6000]
Attack Fails
[You] Monkey D. Luffy ["OP13-001">OP13-001] attacking Rocks D. Xebec ["OP17-039">OP17-039]
Monkey D. Luffy ["OP13-001">OP13-001][7000] vs Rocks D. Xebec ["OP17-039">OP17-039][5000]
Rocks D. Xebec ["OP17-039">OP17-039] hit for 1 damage
RZ1|214|2|OP17-040|3|3|1|5|1|1|0|0|0
RZ1|CHK|214|2|33|6|2|3|4|5|5|1|1|1
[] Hand: [OP05-038,OP05-038]
[] Board: [EB02-017,OP01-016,OP13-118]
[] Trash: [OP15-035,OP13-037,OP13-037,OP16-004,OP16-004]
[] Life: 4
[] Hand: [OP17-046,OP17-044,OP17-042,OP17-055,OP17-040,OP17-040]
[] Trash: [OP17-056,OP08-051,OP08-051,OP17-042,OP17-043]
[] Board: [OP17-054,OP17-049]
[] Life: 3
[You] End Turn
[] Hand: [OP17-046,OP17-044,OP17-042,OP17-055,OP17-040,OP17-040]
[] Board: [OP17-054,OP17-049]
[] Trash: [OP17-056,OP08-051,OP08-051,OP17-042,OP17-043]
[] Life: 3
[] Hand: [OP05-038,OP05-038]
[] Trash: [OP15-035,OP13-037,OP13-037,OP16-004,OP16-004]
[] Board: [EB02-017,OP01-016,OP13-118]
[] Life: 4
RZ1|215|2|Don|9|9900|5|0|1|1|1|0|0
RZ1|CHK|215|2|33|6|2|3|4|6|5|1|1|0
[Opponent] Draw 1 Card
[] Drew card from deck: Streusen ["OP17-050">OP17-050]
RZ1|216|2|OP17-050|0|32|1|6|1|1|0|0|0
RZ1|CHK|216|2|32|7|2|3|4|6|5|1|1|0
RZ1|217|2|Don|4|3|5|6|1|1|0|0|0
RZ1|CHK|217|2|32|7|2|3|3|7|5|1|1|0
RZ1|218|2|Don|4|2|5|7|1|1|0|0|0
RZ1|CHK|218|2|32|7|2|3|2|8|5|1|1|0
[Opponent] Draw 2 Don
RZ1|219|2|Don|5|0|5|0|1|1|1|0|0
RZ1|CHK|219|2|32|7|2|3|2|8|5|1|1|0
RZ1|220|2|Don|5|1|5|1|1|1|1|0|0
RZ1|CHK|220|2|32|7|2|3|2|8|5|1|1|0
RZ1|221|2|Don|5|2|5|2|1|1|1|0|0
RZ1|CHK|221|2|32|7|2|3|2|8|5|1|1|0
RZ1|222|2|Don|5|3|5|3|1|1|1|0|0
RZ1|CHK|222|2|32|7|2|3|2|8|5|1|1|0
RZ1|223|2|Don|5|4|5|4|1|1|1|0|0
RZ1|CHK|223|2|32|7|2|3|2|8|5|1|1|0
RZ1|224|2|Don|5|5|5|5|1|1|1|0|0
RZ1|CHK|224|2|32|7|2|3|2|8|5|1|1|0
[Opponent] Deploy Edward Newgate ["OP17-040">OP17-040]
RZ1|225|2|OP17-040|1|4|2|2|1|1|0|0|0
RZ1|CHK|225|2|32|6|3|3|2|8|5|1|1|0
[] Drew card from deck: Rocks D. Xebec ["OP17-118">OP17-118]
RZ1|226|2|OP17-118|0|31|1|6|1|1|0|0|0
RZ1|CHK|226|2|31|7|3|3|2|8|5|1|1|0
[Opponent] Edward Newgate ["OP17-040">OP17-040]: Draw 1 Card
[Opponent] Attach 1 Don to Stussy ["OP17-054">OP17-054] (1 Total)
RZ1|227|2|Don|5|7|9|0|1|1|0|0|0
RZ1|CHK|227|2|31|7|3|3|2|7|5|1|1|1
[Opponent] Stussy ["OP17-054">OP17-054] attacking Monkey D. Luffy ["OP13-001">OP13-001]
Stussy ["OP17-054">OP17-054][6000] vs Monkey D. Luffy ["OP13-001">OP13-001][5000]
Monkey D. Luffy ["OP13-001">OP13-001] hit for 1 damage
RZ1|228|1|EB04-007|3|3|1|2|1|1|0|0|0
RZ1|CHK|228|1|35|3|3|3|3|2|5|1|1|5
[Opponent] Charlotte Linlin ["OP17-049">OP17-049] attacking Monkey D. Luffy ["OP13-001">OP13-001]
Charlotte Linlin ["OP17-049">OP17-049][7000] vs Monkey D. Luffy ["OP13-001">OP13-001][5000]
Monkey D. Luffy ["OP13-001">OP13-001] hit for 1 damage
RZ1|229|1|OP14-022|3|2|1|3|1|1|0|0|0
RZ1|CHK|229|1|35|4|3|2|3|2|5|1|1|5
[Opponent] Attach 1 Don to Rocks D. Xebec ["OP17-039">OP17-039] (1 Total)
RZ1|230|2|Don|5|6|9|9900|1|1|0|0|0
RZ1|CHK|230|2|31|7|3|3|2|6|5|1|1|2
[Opponent] Rocks D. Xebec ["OP17-039">OP17-039] attacking Monkey D. Luffy ["OP13-001">OP13-001]
RZ1|231|2|OP17-050|1|5|6|5|1|1|0|0|0
RZ1|CHK|231|2|31|6|3|3|2|6|6|1|1|2
[Opponent] Rocks D. Xebec ["OP17-039">OP17-039]: Trash Streusen ["OP17-050">OP17-050]
RZ1|232|2|OP17-046|0|30|0|30|0|0|0|0|0
RZ1|CHK|232|2|31|6|3|3|2|6|6|1|1|2
[Opponent] Rocks D. Xebec ["OP17-039">OP17-039] revealed: Gloriosa ["OP17-046">OP17-046]
[] Drew card from deck: Gloriosa ["OP17-046">OP17-046]
RZ1|233|2|OP17-046|0|30|1|6|1|1|0|0|0
RZ1|CHK|233|2|30|7|3|3|2|6|6|1|1|2
[] Drew card from deck: Kyo ["OP17-045">OP17-045]
RZ1|234|2|OP17-045|0|29|1|7|1|1|0|0|0
RZ1|CHK|234|2|29|8|3|3|2|6|6|1|1|2
[Opponent] Rocks D. Xebec ["OP17-039">OP17-039]: Draw 2 Card
RZ1|235|2|OP17-045|1|7|6|6|1|1|0|0|0
RZ1|CHK|235|2|29|7|3|3|2|6|7|1|1|2
[Opponent] Edward Newgate ["OP17-040">OP17-040]: Trash Kyo ["OP17-045">OP17-045]
[Opponent] Edward Newgate ["OP17-040">OP17-040]: Buff Rocks D. Xebec ["OP17-039">OP17-039] 3000 for the Combat
Rocks D. Xebec ["OP17-039">OP17-039][9000] vs Monkey D. Luffy ["OP13-001">OP13-001][5000]
Monkey D. Luffy ["OP13-001">OP13-001] hit for 1 damage
RZ1|236|1|OP14-022|3|1|1|4|1|1|0|0|0
RZ1|CHK|236|1|35|5|3|1|3|2|5|1|1|5
[] Hand: [OP17-046,OP17-044,OP17-042,OP17-055,OP17-040,OP17-118,OP17-046]
[] Board: [OP17-054,OP17-049,OP17-040]
[] Trash: [OP17-056,OP08-051,OP08-051,OP17-042,OP17-043,OP17-050,OP17-045]
[] Life: 3
[] Hand: [OP05-038,OP05-038,EB04-007,OP14-022,OP14-022]
[] Trash: [OP15-035,OP13-037,OP13-037,OP16-004,OP16-004]
[] Board: [EB02-017,OP01-016,OP13-118]
[] Life: 1
[Opponent] End Turn
[] Hand: [OP05-038,OP05-038,EB04-007,OP14-022,OP14-022]
[] Board: [EB02-017,OP01-016,OP13-118]
[] Trash: [OP15-035,OP13-037,OP13-037,OP16-004,OP16-004]
[] Life: 1
[] Hand: [OP17-046,OP17-044,OP17-042,OP17-055,OP17-040,OP17-118,OP17-046]
[] Trash: [OP17-056,OP08-051,OP08-051,OP17-042,OP17-043,OP17-050,OP17-045]
[] Board: [OP17-054,OP17-049,OP17-040]
[] Life: 3
RZ1|237|1|Don|9|9900|5|0|1|1|1|0|0
RZ1|CHK|237|1|35|5|3|1|3|3|5|1|1|4
RZ1|238|1|Don|9|9900|5|0|1|1|1|0|0
RZ1|CHK|238|1|35|5|3|1|3|4|5|1|1|3
RZ1|239|1|Don|9|0|5|0|1|1|1|0|0
RZ1|CHK|239|1|35|5|3|1|3|5|5|1|1|2
RZ1|240|1|Don|9|0|5|0|1|1|1|0|0
RZ1|CHK|240|1|35|5|3|1|3|6|5|1|1|1
RZ1|241|1|Don|9|0|5|0|1|1|1|0|0
RZ1|CHK|241|1|35|5|3|1|3|7|5|1|1|0
[You] Draw 1 Card
[] Drew card from deck: Sanji ["ST21-003">ST21-003]
RZ1|242|1|ST21-003|0|34|1|5|1|1|0|0|0
RZ1|CHK|242|1|34|6|3|1|3|7|5|1|1|0
RZ1|243|1|Don|4|2|5|7|1|1|0|0|0
RZ1|CHK|243|1|34|6|3|1|2|8|5|1|1|0
RZ1|244|1|Don|4|1|5|8|1|1|0|0|0
RZ1|CHK|244|1|34|6|3|1|1|9|5|1|1|0
[You] Draw 2 Don
[You] Thousand Sunny ["ST31-005">ST31-005]: Rest Thousand Sunny ["ST31-005">ST31-005]
RZ1|245|1|Don|5|0|5|0|1|1|1|0|0
RZ1|CHK|245|1|34|6|3|1|1|9|5|1|1|0
RZ1|246|1|Don|5|1|5|1|1|1|1|0|0
RZ1|CHK|246|1|34|6|3|1|1|9|5|1|1|0
RZ1|247|1|Don|5|2|5|2|1|1|1|0|0
RZ1|CHK|247|1|34|6|3|1|1|9|5|1|1|0
RZ1|248|1|Don|5|3|5|3|1|1|1|0|0
RZ1|CHK|248|1|34|6|3|1|1|9|5|1|1|0
RZ1|249|1|Don|5|4|5|4|1|1|1|0|0
RZ1|CHK|249|1|34|6|3|1|1|9|5|1|1|0
RZ1|250|1|Don|5|5|5|5|1|1|1|0|0
RZ1|CHK|250|1|34|6|3|1|1|9|5|1|1|0
RZ1|251|1|Don|5|6|5|6|1|1|1|0|0
RZ1|CHK|251|1|34|6|3|1|1|9|5|1|1|0
[You] Deploy Roronoa Zoro ["EB04-007">EB04-007]
RZ1|252|1|EB04-007|1|2|2|3|1|1|0|0|0
RZ1|CHK|252|1|34|5|4|1|1|9|5|1|1|0
[You] Roronoa Zoro ["EB04-007">EB04-007]: Grant Monkey D. Luffy ["OP13-001">OP13-001] 2000 until opponent's next turn end
RZ1|253|1|Don|5|7|9|9900|1|1|0|0|0
RZ1|CHK|253|1|34|5|4|1|1|8|5|1|1|1
RZ1|254|1|Don|5|7|9|9901|1|1|0|0|0
RZ1|CHK|254|1|34|5|4|1|1|7|5|1|1|2
[You] Attach 2 Don to Monkey D. Luffy ["OP13-001">OP13-001] (2 Total)
[You] Monkey D. Luffy ["OP13-001">OP13-001] attacking Rocks D. Xebec ["OP17-039">OP17-039]
Monkey D. Luffy ["OP13-001">OP13-001][9000] vs Rocks D. Xebec ["OP17-039">OP17-039][5000]
Rocks D. Xebec ["OP17-039">OP17-039] hit for 1 damage
RZ1|255|2|OP17-118|3|2|1|7|1|1|0|0|0
RZ1|CHK|255|2|29|8|3|2|2|6|7|1|1|2
[You] Monkey D. Luffy ["OP13-118">OP13-118] attacking Stussy ["OP17-054">OP17-054]
RZ1|256|2|OP17-046|1|6|6|7|1|1|0|0|0
RZ1|CHK|256|2|29|7|3|2|2|6|8|1|1|2
[Opponent] Charlotte Linlin ["OP17-049">OP17-049]: Trash Gloriosa ["OP17-046">OP17-046]
[Opponent] Charlotte Linlin ["OP17-049">OP17-049]: Buff Stussy ["OP17-054">OP17-054] 1000 for the Combat
[Opponent] There's No Authority in the World ["OP17-055">OP17-055]: Activate Counter
RZ1|257|2|OP17-055|1|3|6|8|1|1|0|0|0
RZ1|CHK|257|2|29|6|3|2|2|6|9|1|1|2
[Opponent] There's No Authority in the World ["OP17-055">OP17-055]: Buff Stussy ["OP17-054">OP17-054] 2000 for the Combat
Monkey D. Luffy ["OP13-118">OP13-118][7000] vs Stussy ["OP17-054">OP17-054][8000]
Attack Fails
[] Hand: [OP05-038,OP05-038,OP14-022,OP14-022,ST21-003]
[] Board: [EB02-017,OP01-016,OP13-118,EB04-007]
[] Trash: [OP15-035,OP13-037,OP13-037,OP16-004,OP16-004]
[] Life: 1
[] Hand: [OP17-046,OP17-044,OP17-042,OP17-040,OP17-118,OP17-118]
[] Trash: [OP17-056,OP08-051,OP08-051,OP17-042,OP17-043,OP17-050,OP17-045,OP17-046,OP17-055]
[] Board: [OP17-054,OP17-049,OP17-040]
[] Life: 2
[You] End Turn
[] Hand: [OP17-046,OP17-044,OP17-042,OP17-040,OP17-118,OP17-118]
[] Board: [OP17-054,OP17-049,OP17-040]
[] Trash: [OP17-056,OP08-051,OP08-051,OP17-042,OP17-043,OP17-050,OP17-045,OP17-046,OP17-055]
[] Life: 2
[] Hand: [OP05-038,OP05-038,OP14-022,OP14-022,ST21-003]
[] Trash: [OP15-035,OP13-037,OP13-037,OP16-004,OP16-004]
[] Board: [EB02-017,OP01-016,OP13-118,EB04-007]
[] Life: 1
RZ1|258|2|Don|9|9900|5|0|1|1|1|0|0
RZ1|CHK|258|2|29|6|3|2|2|7|9|1|1|1
RZ1|259|2|Don|9|0|5|0|1|1|1|0|0
RZ1|CHK|259|2|29|6|3|2|2|8|9|1|1|0
[Opponent] Draw 1 Card
[] Drew card from deck: Rocks Pirates ["OP17-056">OP17-056]
RZ1|260|2|OP17-056|0|28|1|6|1|1|0|0|0
RZ1|CHK|260|2|28|7|3|2|2|8|9|1|1|0
RZ1|261|2|Don|4|1|5|8|1|1|0|0|0
RZ1|CHK|261|2|28|7|3|2|1|9|9|1|1|0
RZ1|262|2|Don|4|0|5|9|1|1|0|0|0
RZ1|CHK|262|2|28|7|3|2|0|10|9|1|1|0
[Opponent] Draw 2 Don
[Opponent] Attach 1 Don to Edward Newgate ["OP17-040">OP17-040] (1 Total)
RZ1|263|2|Don|5|9|9|200|1|1|0|0|0
RZ1|CHK|263|2|28|7|3|2|0|9|9|1|1|1
[Opponent] Attach 1 Don to Edward Newgate ["OP17-040">OP17-040] (2 Total)
RZ1|264|2|Don|5|8|9|201|1|1|0|0|0
RZ1|CHK|264|2|28|7|3|2|0|8|9|1|1|2
[Opponent] Edward Newgate ["OP17-040">OP17-040] attacking Monkey D. Luffy ["OP13-001">OP13-001]
[You] Discard Usopp ["OP14-022">OP14-022] for Counter 1000
RZ1|265|1|OP14-022|1|2|6|5|1|1|0|0|0
RZ1|CHK|265|1|34|4|4|1|1|7|6|1|1|2
[You] Discard Usopp ["OP14-022">OP14-022] for Counter 1000
RZ1|266|1|OP14-022|1|2|6|6|1|1|0|0|0
RZ1|CHK|266|1|34|3|4|1|1|7|7|1|1|2
[You] Discard Sanji ["ST21-003">ST21-003] for Counter 2000
RZ1|267|1|ST21-003|1|2|6|7|1|1|0|0|0
RZ1|CHK|267|1|34|2|4|1|1|7|8|1|1|2
Edward Newgate ["OP17-040">OP17-040][10000] vs Monkey D. Luffy ["OP13-001">OP13-001][11000]
Attack Fails
[Opponent] Charlotte Linlin ["OP17-049">OP17-049] attacking Monkey D. Luffy ["OP13-001">OP13-001]
Charlotte Linlin ["OP17-049">OP17-049][7000] vs Monkey D. Luffy ["OP13-001">OP13-001][7000]
Monkey D. Luffy ["OP13-001">OP13-001] hit for 1 damage
RZ1|268|1|EB04-007|3|0|1|2|1|1|0|0|0
RZ1|CHK|268|1|34|3|4|0|1|7|8|1|1|2
[Opponent] Attach 8 Don to Rocks D. Xebec ["OP17-039">OP17-039] (8 Total)
RZ1|269|2|Don|5|0|9|9900|1|1|0|0|0
RZ1|CHK|269|2|28|7|3|2|0|7|9|1|1|3
RZ1|270|2|Don|5|0|9|9901|1|1|0|0|0
RZ1|CHK|270|2|28|7|3|2|0|6|9|1|1|4
RZ1|271|2|Don|5|0|9|9902|1|1|0|0|0
RZ1|CHK|271|2|28|7|3|2|0|5|9|1|1|5
RZ1|272|2|Don|5|0|9|9903|1|1|0|0|0
RZ1|CHK|272|2|28|7|3|2|0|4|9|1|1|6
RZ1|273|2|Don|5|0|9|9904|1|1|0|0|0
RZ1|CHK|273|2|28|7|3|2|0|3|9|1|1|7
RZ1|274|2|Don|5|0|9|9905|1|1|0|0|0
RZ1|CHK|274|2|28|7|3|2|0|2|9|1|1|8
RZ1|275|2|Don|5|0|9|9906|1|1|0|0|0
RZ1|CHK|275|2|28|7|3|2|0|1|9|1|1|9
RZ1|276|2|Don|5|0|9|9907|1|1|0|0|0
RZ1|CHK|276|2|28|7|3|2|0|0|9|1|1|10
[Opponent] Rocks D. Xebec ["OP17-039">OP17-039] attacking Monkey D. Luffy ["OP13-001">OP13-001]
RZ1|277|2|OP17-056|1|6|6|9|1|1|0|0|0
RZ1|CHK|277|2|28|6|3|2|0|0|10|1|1|10
[Opponent] Edward Newgate ["OP17-040">OP17-040]: Trash Rocks Pirates ["OP17-056">OP17-056]
[Opponent] Edward Newgate ["OP17-040">OP17-040]: Buff Rocks D. Xebec ["OP17-039">OP17-039] 3000 for the Combat
RZ1|278|2|OP17-040|1|3|6|10|1|1|0|0|0
RZ1|CHK|278|2|28|5|3|2|0|0|11|1|1|10
[Opponent] Rocks D. Xebec ["OP17-039">OP17-039]: Trash Edward Newgate ["OP17-040">OP17-040]
RZ1|279|2|OP17-046|0|27|0|27|0|0|0|0|0
RZ1|CHK|279|2|28|5|3|2|0|0|11|1|1|10
[Opponent] Rocks D. Xebec ["OP17-039">OP17-039] revealed: Gloriosa ["OP17-046">OP17-046]
[] Drew card from deck: Gloriosa ["OP17-046">OP17-046]
RZ1|280|2|OP17-046|0|27|1|5|1|1|0|0|0
RZ1|CHK|280|2|27|6|3|2|0|0|11|1|1|10
[] Drew card from deck: Shiki ["OP17-048">OP17-048]
RZ1|281|2|OP17-048|0|26|1|6|1|1|0|0|0
RZ1|CHK|281|2|26|7|3|2|0|0|11|1|1|10
[Opponent] Rocks D. Xebec ["OP17-039">OP17-039]: Draw 2 Card
Rocks D. Xebec ["OP17-039">OP17-039][16000] vs Monkey D. Luffy ["OP13-001">OP13-001][7000]
Monkey D. Luffy ["OP13-001">OP13-001] hit for 1 damage
[You] <b>Downloaded the Combat Log!</b>
GameOver
