Version is 1.42c.2
[You] Leader is Monkey D. Luffy ["OP13-001">OP13-001]
RZ1|HDR|1.42c|2|RZ1
RZ1|PLY|1||OP13-001
RZ1|PLY|2||
[Opponent] Leader is Rocks D. Xebec ["OP17-039">OP17-039]
RZ1|1|2|OP17-048|0|32|0|0|0|0|0|0|0
RZ1|CHK|1|2|50|0|0|0|10|0|0|0|1|0
RZ1|2|2|OP17-055|0|41|0|1|0|0|0|0|0
RZ1|CHK|2|2|50|0|0|0|10|0|0|0|1|0
RZ1|3|2|OP17-043|0|24|0|2|0|0|0|0|0
RZ1|CHK|3|2|50|0|0|0|10|0|0|0|1|0
RZ1|4|2|OP17-046|0|21|0|3|0|0|0|0|0
RZ1|CHK|4|2|50|0|0|0|10|0|0|0|1|0
RZ1|5|2|OP17-044|0|19|0|4|0|0|0|0|0
RZ1|CHK|5|2|50|0|0|0|10|0|0|0|1|0
RZ1|6|2|OP17-050|0|6|0|5|0|0|0|0|0
RZ1|CHK|6|2|50|0|0|0|10|0|0|0|1|0
RZ1|7|2|OP17-040|0|29|0|6|0|0|0|0|0
RZ1|CHK|7|2|50|0|0|0|10|0|0|0|1|0
RZ1|8|2|OP17-042|0|20|0|7|0|0|0|0|0
RZ1|CHK|8|2|50|0|0|0|10|0|0|0|1|0
RZ1|9|2|OP17-045|0|10|0|8|0|0|0|0|0
RZ1|CHK|9|2|50|0|0|0|10|0|0|0|1|0
RZ1|10|2|OP17-052|0|14|0|9|0|0|0|0|0
RZ1|CHK|10|2|50|0|0|0|10|0|0|0|1|0
RZ1|11|2|OP17-054|0|18|0|10|0|0|0|0|0
RZ1|CHK|11|2|50|0|0|0|10|0|0|0|1|0
RZ1|12|2|OP17-055|0|41|0|11|0|0|0|0|0
RZ1|CHK|12|2|50|0|0|0|10|0|0|0|1|0
RZ1|13|2|OP17-042|0|21|0|12|0|0|0|0|0
RZ1|CHK|13|2|50|0|0|0|10|0|0|0|1|0
RZ1|14|2|OP17-044|0|22|0|13|0|0|0|0|0
RZ1|CHK|14|2|50|0|0|0|10|0|0|0|1|0
RZ1|15|2|OP17-046|0|23|0|14|0|0|0|0|0
RZ1|CHK|15|2|50|0|0|0|10|0|0|0|1|0
RZ1|16|2|OP17-049|0|30|0|15|0|0|0|0|0
RZ1|CHK|16|2|50|0|0|0|10|0|0|0|1|0
RZ1|17|2|OP17-118|0|38|0|16|0|0|0|0|0
RZ1|CHK|17|2|50|0|0|0|10|0|0|0|1|0
RZ1|18|2|OP17-045|0|19|0|17|0|0|0|0|0
RZ1|CHK|18|2|50|0|0|0|10|0|0|0|1|0
RZ1|19|2|OP17-050|0|19|0|18|0|0|0|0|0
RZ1|CHK|19|2|50|0|0|0|10|0|0|0|1|0
RZ1|20|2|OP17-040|0|33|0|19|0|0|0|0|0
RZ1|CHK|20|2|50|0|0|0|10|0|0|0|1|0
RZ1|21|2|OP17-052|0|23|0|20|0|0|0|0|0
RZ1|CHK|21|2|50|0|0|0|10|0|0|0|1|0
RZ1|22|2|OP17-118|0|38|0|21|0|0|0|0|0
RZ1|CHK|22|2|50|0|0|0|10|0|0|0|1|0
RZ1|23|2|OP17-056|0|45|0|22|0|0|0|0|0
RZ1|CHK|23|2|50|0|0|0|10|0|0|0|1|0
RZ1|24|2|OP17-054|0|28|0|23|0|0|0|0|0
RZ1|CHK|24|2|50|0|0|0|10|0|0|0|1|0
RZ1|25|2|OP17-052|0|26|0|24|0|0|0|0|0
RZ1|CHK|25|2|50|0|0|0|10|0|0|0|1|0
RZ1|26|2|OP17-056|0|44|0|25|0|0|0|0|0
RZ1|CHK|26|2|50|0|0|0|10|0|0|0|1|0
RZ1|27|2|OP17-040|0|37|0|26|0|0|0|0|0
RZ1|CHK|27|2|50|0|0|0|10|0|0|0|1|0
RZ1|28|2|OP17-055|0|43|0|27|0|0|0|0|0
RZ1|CHK|28|2|50|0|0|0|10|0|0|0|1|0
RZ1|29|2|OP17-046|0|33|0|28|0|0|0|0|0
RZ1|CHK|29|2|50|0|0|0|10|0|0|0|1|0
RZ1|30|2|OP17-056|0|45|0|30|0|0|0|0|0
RZ1|CHK|30|2|50|0|0|0|10|0|0|0|1|0
RZ1|31|2|OP17-049|0|36|0|31|0|0|0|0|0
RZ1|CHK|31|2|50|0|0|0|10|0|0|0|1|0
RZ1|32|2|OP17-054|0|34|0|32|0|0|0|0|0
RZ1|CHK|32|2|50|0|0|0|10|0|0|0|1|0
RZ1|33|2|OP17-040|0|39|0|33|0|0|0|0|0
RZ1|CHK|33|2|50|0|0|0|10|0|0|0|1|0
RZ1|34|2|OP17-057|0|47|0|34|0|0|0|0|0
RZ1|CHK|34|2|50|0|0|0|10|0|0|0|1|0
RZ1|35|2|OP17-057|0|49|0|35|0|0|0|0|0
RZ1|CHK|35|2|50|0|0|0|10|0|0|0|1|0
RZ1|36|2|OP17-118|0|46|0|36|0|0|0|0|0
RZ1|CHK|36|2|50|0|0|0|10|0|0|0|1|0
RZ1|37|2|OP17-055|0|47|0|37|0|0|0|0|0
RZ1|CHK|37|2|50|0|0|0|10|0|0|0|1|0
RZ1|38|2|OP17-057|0|49|0|39|0|0|0|0|0
RZ1|CHK|38|2|50|0|0|0|10|0|0|0|1|0
RZ1|39|2|OP17-049|0|43|0|40|0|0|0|0|0
RZ1|CHK|39|2|50|0|0|0|10|0|0|0|1|0
RZ1|40|2|OP17-046|0|42|0|41|0|0|0|0|0
RZ1|CHK|40|2|50|0|0|0|10|0|0|0|1|0
RZ1|41|2|OP17-118|0|48|0|42|0|0|0|0|0
RZ1|CHK|41|2|50|0|0|0|10|0|0|0|1|0
RZ1|42|2|OP17-048|0|46|0|44|0|0|0|0|0
RZ1|CHK|42|2|50|0|0|0|10|0|0|0|1|0
RZ1|43|2|OP17-048|0|48|0|45|0|0|0|0|0
RZ1|CHK|43|2|50|0|0|0|10|0|0|0|1|0
RZ1|44|2|OP17-056|0|49|0|47|0|0|0|0|0
RZ1|CHK|44|2|50|0|0|0|10|0|0|0|1|0
[] Drew card from deck: Usopp ["OP14-022">OP14-022]
RZ1|45|1|OP14-022|0|49|1|0|1|1|0|0|0
RZ1|CHK|45|1|49|1|0|0|10|0|0|0|1|0
[] Drew card from deck: I Know You're Strong... So I'll Go All Out ["OP13-040">OP13-040]
RZ1|46|1|OP13-040|0|48|1|1|1|1|0|0|0
RZ1|CHK|46|1|48|2|0|0|10|0|0|0|1|0
[] Drew card from deck: Sanji ["ST21-003">ST21-003]
RZ1|47|1|ST21-003|0|47|1|2|1|1|0|0|0
RZ1|CHK|47|1|47|3|0|0|10|0|0|0|1|0
[] Drew card from deck: Thousand Sunny ["ST31-005">ST31-005]
RZ1|48|1|ST31-005|0|46|1|3|1|1|0|0|0
RZ1|CHK|48|1|46|4|0|0|10|0|0|0|1|0
[] Drew card from deck: Roronoa Zoro ["OP13-037">OP13-037]
RZ1|49|1|OP13-037|0|45|1|4|1|1|0|0|0
RZ1|CHK|49|1|45|5|0|0|10|0|0|0|1|0
[] Drew card from deck: Shiki ["OP17-048">OP17-048]
RZ1|50|2|OP17-048|0|49|1|0|1|1|0|0|0
RZ1|CHK|50|2|49|1|0|0|10|0|0|0|1|0
[] Drew card from deck: Charlotte Linlin ["OP17-049">OP17-049]
RZ1|51|2|OP17-049|0|48|1|1|1|1|0|0|0
RZ1|CHK|51|2|48|2|0|0|10|0|0|0|1|0
[] Drew card from deck: Rocks Pirates ["OP17-056">OP17-056]
RZ1|52|2|OP17-056|0|47|1|2|1|1|0|0|0
RZ1|CHK|52|2|47|3|0|0|10|0|0|0|1|0
[] Drew card from deck: Ganzui ["OP17-043">OP17-043]
RZ1|53|2|OP17-043|0|46|1|3|1|1|0|0|0
RZ1|CHK|53|2|46|4|0|0|10|0|0|0|1|0
[] Drew card from deck: Shiki ["OP17-048">OP17-048]
RZ1|54|2|OP17-048|0|45|1|4|1|1|0|0|0
RZ1|CHK|54|2|45|5|0|0|10|0|0|0|1|0
RZ1|55|1|OP14-031|0|44|3|0|1|0|0|0|0
RZ1|CHK|55|1|44|5|0|1|10|0|0|0|1|0
RZ1|56|1|OP13-118|0|43|3|1|1|0|0|0|0
RZ1|CHK|56|1|43|5|0|2|10|0|0|0|1|0
RZ1|57|1|OP15-032|0|42|3|2|1|0|0|0|0
RZ1|CHK|57|1|42|5|0|3|10|0|0|0|1|0
RZ1|58|1|OP14-022|0|41|3|3|1|0|0|0|0
RZ1|CHK|58|1|41|5|0|4|10|0|0|0|1|0
RZ1|59|2|OP17-048|1|0|0|45|0|0|0|0|0
RZ1|CHK|59|2|46|4|0|0|10|0|0|0|1|0
RZ1|60|2|OP17-049|1|0|0|46|0|0|0|0|0
RZ1|CHK|60|2|47|3|0|0|10|0|0|0|1|0
RZ1|61|2|OP17-056|1|0|0|47|0|0|0|0|0
RZ1|CHK|61|2|48|2|0|0|10|0|0|0|1|0
RZ1|62|2|OP17-043|1|0|0|48|0|0|0|0|0
RZ1|CHK|62|2|49|1|0|0|10|0|0|0|1|0
RZ1|63|2|OP17-048|1|0|0|49|0|0|0|0|0
RZ1|CHK|63|2|50|0|0|0|10|0|0|0|1|0
RZ1|64|2|OP17-046|0|3|0|0|0|0|0|0|0
RZ1|CHK|64|2|50|0|0|0|10|0|0|0|1|0
RZ1|65|2|OP17-056|0|22|0|1|0|0|0|0|0
RZ1|CHK|65|2|50|0|0|0|10|0|0|0|1|0
RZ1|66|2|OP17-056|0|30|0|2|0|0|0|0|0
RZ1|CHK|66|2|50|0|0|0|10|0|0|0|1|0
RZ1|67|2|OP17-054|0|32|0|3|0|0|0|0|0
RZ1|CHK|67|2|50|0|0|0|10|0|0|0|1|0
RZ1|68|2|OP17-055|0|37|0|4|0|0|0|0|0
RZ1|CHK|68|2|50|0|0|0|10|0|0|0|1|0
RZ1|69|2|OP17-042|0|16|0|5|0|0|0|0|0
RZ1|CHK|69|2|50|0|0|0|10|0|0|0|1|0
RZ1|70|2|OP17-052|0|14|0|6|0|0|0|0|0
RZ1|CHK|70|2|50|0|0|0|10|0|0|0|1|0
RZ1|71|2|OP17-118|0|42|0|7|0|0|0|0|0
RZ1|CHK|71|2|50|0|0|0|10|0|0|0|1|0
RZ1|72|2|OP17-118|0|26|0|8|0|0|0|0|0
RZ1|CHK|72|2|50|0|0|0|10|0|0|0|1|0
RZ1|73|2|OP17-050|0|24|0|9|0|0|0|0|0
RZ1|CHK|73|2|50|0|0|0|10|0|0|0|1|0
RZ1|74|2|OP17-057|0|37|0|10|0|0|0|0|0
RZ1|CHK|74|2|50|0|0|0|10|0|0|0|1|0
RZ1|75|2|OP17-049|0|35|0|11|0|0|0|0|0
RZ1|CHK|75|2|50|0|0|0|10|0|0|0|1|0
RZ1|76|2|OP17-055|0|21|0|12|0|0|0|0|0
RZ1|CHK|76|2|50|0|0|0|10|0|0|0|1|0
RZ1|77|2|OP17-048|0|44|0|13|0|0|0|0|0
RZ1|CHK|77|2|50|0|0|0|10|0|0|0|1|0
RZ1|78|2|OP17-043|0|48|0|14|0|0|0|0|0
RZ1|CHK|78|2|50|0|0|0|10|0|0|0|1|0
RZ1|79|2|OP17-057|0|39|0|15|0|0|0|0|0
RZ1|CHK|79|2|50|0|0|0|10|0|0|0|1|0
RZ1|80|2|OP17-055|0|36|0|16|0|0|0|0|0
RZ1|CHK|80|2|50|0|0|0|10|0|0|0|1|0
RZ1|81|2|OP17-040|0|39|0|17|0|0|0|0|0
RZ1|CHK|81|2|50|0|0|0|10|0|0|0|1|0
RZ1|82|2|OP17-056|0|36|0|18|0|0|0|0|0
RZ1|CHK|82|2|50|0|0|0|10|0|0|0|1|0
RZ1|83|2|OP17-049|0|47|0|19|0|0|0|0|0
RZ1|CHK|83|2|50|0|0|0|10|0|0|0|1|0
RZ1|84|2|OP17-118|0|41|0|20|0|0|0|0|0
RZ1|CHK|84|2|50|0|0|0|10|0|0|0|1|0
RZ1|85|2|OP17-046|0|31|0|21|0|0|0|0|0
RZ1|CHK|85|2|50|0|0|0|10|0|0|0|1|0
RZ1|86|2|OP17-052|0|38|0|22|0|0|0|0|0
RZ1|CHK|86|2|50|0|0|0|10|0|0|0|1|0
RZ1|87|2|OP17-044|0|26|0|23|0|0|0|0|0
RZ1|CHK|87|2|50|0|0|0|10|0|0|0|1|0
RZ1|88|2|OP17-045|0|42|0|24|0|0|0|0|0
RZ1|CHK|88|2|50|0|0|0|10|0|0|0|1|0
RZ1|89|2|OP17-043|0|27|0|25|0|0|0|0|0
RZ1|CHK|89|2|50|0|0|0|10|0|0|0|1|0
RZ1|90|2|OP17-054|0|39|0|26|0|0|0|0|0
RZ1|CHK|90|2|50|0|0|0|10|0|0|0|1|0
RZ1|91|2|OP17-042|0|31|0|27|0|0|0|0|0
RZ1|CHK|91|2|50|0|0|0|10|0|0|0|1|0
RZ1|92|2|OP17-046|0|45|0|29|0|0|0|0|0
RZ1|CHK|92|2|50|0|0|0|10|0|0|0|1|0
RZ1|93|2|OP17-054|0|46|0|30|0|0|0|0|0
RZ1|CHK|93|2|50|0|0|0|10|0|0|0|1|0
RZ1|94|2|OP17-044|0|36|0|31|0|0|0|0|0
RZ1|CHK|94|2|50|0|0|0|10|0|0|0|1|0
RZ1|95|2|OP17-048|0|49|0|32|0|0|0|0|0
RZ1|CHK|95|2|50|0|0|0|10|0|0|0|1|0
RZ1|96|2|OP17-045|0|40|0|33|0|0|0|0|0
RZ1|CHK|96|2|50|0|0|0|10|0|0|0|1|0
RZ1|97|2|OP17-040|0|41|0|34|0|0|0|0|0
RZ1|CHK|97|2|50|0|0|0|10|0|0|0|1|0
RZ1|98|2|OP17-046|0|44|0|35|0|0|0|0|0
RZ1|CHK|98|2|50|0|0|0|10|0|0|0|1|0
RZ1|99|2|OP17-045|0|39|0|36|0|0|0|0|0
RZ1|CHK|99|2|50|0|0|0|10|0|0|0|1|0
RZ1|100|2|OP17-049|0|47|0|37|0|0|0|0|0
RZ1|CHK|100|2|50|0|0|0|10|0|0|0|1|0
RZ1|101|2|OP17-048|0|48|0|38|0|0|0|0|0
RZ1|CHK|101|2|50|0|0|0|10|0|0|0|1|0
RZ1|102|2|OP17-118|0|44|0|39|0|0|0|0|0
RZ1|CHK|102|2|50|0|0|0|10|0|0|0|1|0
RZ1|103|2|OP17-040|0|46|0|41|0|0|0|0|0
RZ1|CHK|103|2|50|0|0|0|10|0|0|0|1|0
RZ1|104|2|OP17-057|0|48|0|42|0|0|0|0|0
RZ1|CHK|104|2|50|0|0|0|10|0|0|0|1|0
RZ1|105|2|OP17-056|0|49|0|43|0|0|0|0|0
RZ1|CHK|105|2|50|0|0|0|10|0|0|0|1|0
RZ1|106|2|OP17-040|0|45|0|44|0|0|0|0|0
RZ1|CHK|106|2|50|0|0|0|10|0|0|0|1|0
RZ1|107|2|OP17-052|0|48|0|45|0|0|0|0|0
RZ1|CHK|107|2|50|0|0|0|10|0|0|0|1|0
RZ1|108|2|OP17-049|0|48|0|47|0|0|0|0|0
RZ1|CHK|108|2|50|0|0|0|10|0|0|0|1|0
RZ1|109|2|OP17-050|0|49|0|48|0|0|0|0|0
RZ1|CHK|109|2|50|0|0|0|10|0|0|0|1|0
[] Drew card from deck: Stussy ["OP17-054">OP17-054]
RZ1|110|2|OP17-054|0|49|1|0|1|1|0|0|0
RZ1|CHK|110|2|49|1|0|0|10|0|0|0|1|0
[] Drew card from deck: Streusen ["OP17-050">OP17-050]
RZ1|111|2|OP17-050|0|48|1|1|1|1|0|0|0
RZ1|CHK|111|2|48|2|0|0|10|0|0|0|1|0
[] Drew card from deck: Charlotte Linlin ["OP17-049">OP17-049]
RZ1|112|2|OP17-049|0|47|1|2|1|1|0|0|0
RZ1|CHK|112|2|47|3|0|0|10|0|0|0|1|0
[] Drew card from deck: Streusen ["OP17-050">OP17-050]
RZ1|113|2|OP17-050|0|46|1|3|1|1|0|0|0
RZ1|CHK|113|2|46|4|0|0|10|0|0|0|1|0
[] Drew card from deck: Don Marlon ["OP17-052">OP17-052]
RZ1|114|2|OP17-052|0|45|1|4|1|1|0|0|0
RZ1|CHK|114|2|45|5|0|0|10|0|0|0|1|0
RZ1|115|2|OP17-040|0|44|3|0|0|1|0|0|0
RZ1|CHK|115|2|44|5|0|1|10|0|0|0|1|0
RZ1|116|2|OP17-056|0|43|3|1|0|1|0|0|0
RZ1|CHK|116|2|43|5|0|2|10|0|0|0|1|0
RZ1|117|2|OP17-057|0|42|3|2|0|1|0|0|0
RZ1|CHK|117|2|42|5|0|3|10|0|0|0|1|0
RZ1|118|2|OP17-040|0|41|3|3|0|1|0|0|0
RZ1|CHK|118|2|41|5|0|4|10|0|0|0|1|0
RZ1|119|2|OP17-055|0|40|3|4|0|1|0|0|0
RZ1|CHK|119|2|40|5|0|5|10|0|0|0|1|0
[] Hand after Mulligan: [OP17-054,OP17-050,OP17-049,OP17-050,OP17-052]
[Opponent] Mulligan
[] Hand: [OP14-022,OP13-040,ST21-003,ST31-005,OP13-037]
[] Board: []
[] Trash: []
[] Life: 4
[] Hand: [OP17-054,OP17-050,OP17-049,OP17-050,OP17-052]
[] Trash: []
[] Board: []
[] Life: 5
RZ1|120|1|Don|4|9|5|0|1|1|0|0|0
RZ1|CHK|120|1|41|5|0|4|9|1|0|0|1|0
[You] Draw 1 Don
[] Hand: [OP14-022,OP13-040,ST21-003,ST31-005,OP13-037]
[] Board: []
[] Trash: []
[] Life: 4
[] Hand: [OP17-054,OP17-050,OP17-049,OP17-050,OP17-052]
[] Trash: []
[] Board: []
[] Life: 5
[You] End Turn
[] Hand: [OP17-054,OP17-050,OP17-049,OP17-050,OP17-052]
[] Board: []
[] Trash: []
[] Life: 5
[] Hand: [OP14-022,OP13-040,ST21-003,ST31-005,OP13-037]
[] Trash: []
[] Board: []
[] Life: 4
[Opponent] Draw 1 Card
[] Drew card from deck: Rocks D. Xebec ["OP17-118">OP17-118]
RZ1|121|2|OP17-118|0|39|1|5|1|1|0|0|0
RZ1|CHK|121|2|39|6|0|5|10|0|0|0|1|0
RZ1|122|2|Don|4|9|5|0|1|1|0|0|0
RZ1|CHK|122|2|39|6|0|5|9|1|0|0|1|0
RZ1|123|2|Don|4|8|5|1|1|1|0|0|0
RZ1|CHK|123|2|39|6|0|5|8|2|0|0|1|0
[Opponent] Draw 2 Don
RZ1|124|2|Don|5|0|5|0|1|1|1|0|0
RZ1|CHK|124|2|39|6|0|5|8|2|0|0|1|0
[Opponent] Deploy Streusen ["OP17-050">OP17-050]
RZ1|125|2|OP17-050|1|3|2|0|1|1|0|0|0
RZ1|CHK|125|2|39|5|1|5|8|2|0|0|1|0
[Opponent] Placing Cards on Top of Deck
RZ1|126|2|OP17-049|0|37|0|38|0|0|0|0|0
RZ1|CHK|126|2|39|5|1|5|8|2|0|0|1|0
RZ1|127|2|OP17-048|0|37|0|38|0|0|0|0|0
RZ1|CHK|127|2|39|5|1|5|8|2|0|0|1|0
[] Drew card from deck: Shiki ["OP17-048">OP17-048]
RZ1|128|2|OP17-048|0|38|1|5|1|1|0|0|0
RZ1|CHK|128|2|38|6|1|5|8|2|0|0|1|0
[Opponent] Streusen ["OP17-050">OP17-050]: Draw 1 Card
[] Hand: [OP17-054,OP17-050,OP17-049,OP17-052,OP17-118,OP17-048]
[] Board: [OP17-050]
[] Trash: []
[] Life: 5
[] Hand: [OP14-022,OP13-040,ST21-003,ST31-005,OP13-037]
[] Trash: []
[] Board: []
[] Life: 4
[Opponent] End Turn
[] Hand: [OP14-022,OP13-040,ST21-003,ST31-005,OP13-037]
[] Board: []
[] Trash: []
[] Life: 4
[] Hand: [OP17-054,OP17-050,OP17-049,OP17-052,OP17-118,OP17-048]
[] Trash: []
[] Board: [OP17-050]
[] Life: 5
[You] Draw 1 Card
[] Drew card from deck: Nami ["OP01-016">OP01-016]
RZ1|129|1|OP01-016|0|40|1|5|1|1|0|0|0
RZ1|CHK|129|1|40|6|0|4|9|1|0|0|1|0
RZ1|130|1|Don|4|8|5|1|1|1|0|0|0
RZ1|CHK|130|1|40|6|0|4|8|2|0|0|1|0
RZ1|131|1|Don|4|7|5|2|1|1|0|0|0
RZ1|CHK|131|1|40|6|0|4|7|3|0|0|1|0
[You] Draw 2 Don
[You] Monkey D. Luffy ["OP13-001">OP13-001] attacking Rocks D. Xebec ["OP17-039">OP17-039]
Monkey D. Luffy ["OP13-001">OP13-001][5000] vs Rocks D. Xebec ["OP17-039">OP17-039][5000]
Rocks D. Xebec ["OP17-039">OP17-039] hit for 1 damage
RZ1|132|2|OP17-055|3|4|1|6|1|1|0|0|0
RZ1|CHK|132|2|38|7|1|4|8|2|0|0|1|0
RZ1|133|1|Don|5|0|5|0|1|1|1|0|0
RZ1|CHK|133|1|40|6|0|4|7|3|0|0|1|0
[You] Deploy Nami ["OP01-016">OP01-016]
RZ1|134|1|OP01-016|1|5|2|0|1|1|0|0|0
RZ1|CHK|134|1|40|5|1|4|7|3|0|0|1|0
[You] Nami ["OP01-016">OP01-016]: <b>Reveal and Draw Roronoa Zoro ["OP13-037">OP13-037]</b>
RZ1|135|1|OP13-037|0|37|1|5|1|1|0|0|0
RZ1|CHK|135|1|39|6|1|4|7|3|0|0|1|0
RZ1|136|1|OP13-027|0|38|0|0|0|0|0|0|0
RZ1|CHK|136|1|39|6|1|4|7|3|0|0|1|0
RZ1|137|1|OP16-004|0|38|0|0|0|0|0|0|0
RZ1|CHK|137|1|39|6|1|4|7|3|0|0|1|0
RZ1|138|1|OP14-022|0|38|0|0|0|0|0|0|0
RZ1|CHK|138|1|39|6|1|4|7|3|0|0|1|0
RZ1|139|1|OP01-016|0|38|0|0|0|0|0|0|0
RZ1|CHK|139|1|39|6|1|4|7|3|0|0|1|0
RZ1|140|1|Don|5|1|5|1|1|1|1|0|0
RZ1|CHK|140|1|39|6|1|4|7|3|0|0|1|0
RZ1|141|1|Don|5|2|5|2|1|1|1|0|0
RZ1|CHK|141|1|39|6|1|4|7|3|0|0|1|0
[You] Deploy Sanji ["ST21-003">ST21-003]
RZ1|142|1|ST21-003|1|2|2|1|1|1|0|0|0
RZ1|CHK|142|1|39|5|2|4|7|3|0|0|1|0
[] Hand: [OP14-022,OP13-040,ST31-005,OP13-037,OP13-037]
[] Board: [OP01-016,ST21-003]
[] Trash: []
[] Life: 4
[] Hand: [OP17-054,OP17-050,OP17-049,OP17-052,OP17-118,OP17-048,OP17-055]
[] Trash: []
[] Board: [OP17-050]
[] Life: 4
[You] End Turn
[] Hand: [OP17-054,OP17-050,OP17-049,OP17-052,OP17-118,OP17-048,OP17-055]
[] Board: [OP17-050]
[] Trash: []
[] Life: 4
[] Hand: [OP14-022,OP13-040,ST31-005,OP13-037,OP13-037]
[] Trash: []
[] Board: [OP01-016,ST21-003]
[] Life: 4
[Opponent] Draw 1 Card
[] Drew card from deck: Charlotte Linlin ["OP17-049">OP17-049]
RZ1|143|2|OP17-049|0|37|1|7|1|1|0|0|0
RZ1|CHK|143|2|37|8|1|4|8|2|0|0|1|0
RZ1|144|2|Don|4|7|5|2|1|1|0|0|0
RZ1|CHK|144|2|37|8|1|4|7|3|0|0|1|0
RZ1|145|2|Don|4|6|5|3|1|1|0|0|0
RZ1|CHK|145|2|37|8|1|4|6|4|0|0|1|0
[Opponent] Draw 2 Don
RZ1|146|2|Don|5|0|5|0|1|1|1|0|0
RZ1|CHK|146|2|37|8|1|4|6|4|0|0|1|0
RZ1|147|2|Don|5|1|5|1|1|1|1|0|0
RZ1|CHK|147|2|37|8|1|4|6|4|0|0|1|0
RZ1|148|2|Don|5|2|5|2|1|1|1|0|0
RZ1|CHK|148|2|37|8|1|4|6|4|0|0|1|0
[Opponent] Deploy Stussy ["OP17-054">OP17-054]
RZ1|149|2|OP17-054|1|0|2|1|1|1|0|0|0
RZ1|CHK|149|2|37|7|2|4|6|4|0|0|1|0
[Opponent] Stussy ["OP17-054">OP17-054]: Sanji ["ST21-003">ST21-003] can't attack next turn
[Opponent] Attach 1 Don to Rocks D. Xebec ["OP17-039">OP17-039] (1 Total)
RZ1|150|2|Don|5|3|9|9900|1|1|0|0|0
RZ1|CHK|150|2|37|7|2|4|6|3|0|0|1|1
[Opponent] Rocks D. Xebec ["OP17-039">OP17-039] attacking Monkey D. Luffy ["OP13-001">OP13-001]
RZ1|151|2|OP17-052|1|2|6|0|1|1|0|0|0
RZ1|CHK|151|2|37|6|2|4|6|3|1|0|1|1
[Opponent] Rocks D. Xebec ["OP17-039">OP17-039]: Trash Don Marlon ["OP17-052">OP17-052]
RZ1|152|2|OP17-045|0|36|0|36|0|0|0|0|0
RZ1|CHK|152|2|37|6|2|4|6|3|1|0|1|1
[Opponent] Rocks D. Xebec ["OP17-039">OP17-039] revealed: Kyo ["OP17-045">OP17-045]
[] Drew card from deck: Kyo ["OP17-045">OP17-045]
RZ1|153|2|OP17-045|0|36|1|6|1|1|0|0|0
RZ1|CHK|153|2|36|7|2|4|6|3|1|0|1|1
[] Drew card from deck: Gloriosa ["OP17-046">OP17-046]
RZ1|154|2|OP17-046|0|35|1|7|1|1|0|0|0
RZ1|CHK|154|2|35|8|2|4|6|3|1|0|1|1
[Opponent] Rocks D. Xebec ["OP17-039">OP17-039]: Draw 2 Card
[You] Discard Usopp ["OP14-022">OP14-022] for Counter 1000
RZ1|155|1|OP14-022|1|0|6|0|1|1|0|0|0
RZ1|CHK|155|1|39|4|2|4|7|3|1|0|1|0
[You] Discard Roronoa Zoro ["OP13-037">OP13-037] for Counter 1000
RZ1|156|1|OP13-037|1|2|6|1|1|1|0|0|0
RZ1|CHK|156|1|39|3|2|4|7|3|2|0|1|0
Rocks D. Xebec ["OP17-039">OP17-039][6000] vs Monkey D. Luffy ["OP13-001">OP13-001][7000]
Attack Fails
[] Hand: [OP17-050,OP17-049,OP17-118,OP17-048,OP17-055,OP17-049,OP17-045,OP17-046]
[] Board: [OP17-050,OP17-054]
[] Trash: [OP17-052]
[] Life: 4
[] Hand: [OP13-040,ST31-005,OP13-037]
[] Trash: [OP14-022,OP13-037]
[] Board: [OP01-016,ST21-003]
[] Life: 4
[Opponent] End Turn
[] Hand: [OP13-040,ST31-005,OP13-037]
[] Board: [OP01-016,ST21-003]
[] Trash: [OP14-022,OP13-037]
[] Life: 4
[] Hand: [OP17-050,OP17-049,OP17-118,OP17-048,OP17-055,OP17-049,OP17-045,OP17-046]
[] Trash: [OP17-052]
[] Board: [OP17-050,OP17-054]
[] Life: 4
[You] Draw 1 Card
[] Drew card from deck: Roronoa Zoro ["EB04-007">EB04-007]
RZ1|157|1|EB04-007|0|38|1|3|1|1|0|0|0
RZ1|CHK|157|1|38|4|2|4|7|3|2|0|1|0
RZ1|158|1|Don|4|6|5|3|1|1|0|0|0
RZ1|CHK|158|1|38|4|2|4|6|4|2|0|1|0
RZ1|159|1|Don|4|5|5|4|1|1|0|0|0
RZ1|CHK|159|1|38|4|2|4|5|5|2|0|1|0
[You] Draw 2 Don
RZ1|160|1|Don|5|0|9|0|1|1|0|0|0
RZ1|CHK|160|1|38|4|2|4|5|4|2|0|1|1
RZ1|161|1|Don|5|0|9|1|1|1|0|0|0
RZ1|CHK|161|1|38|4|2|4|5|3|2|0|1|2
RZ1|162|1|Don|5|0|9|2|1|1|0|0|0
RZ1|CHK|162|1|38|4|2|4|5|2|2|0|1|3
[You] Attach 3 Don to Nami ["OP01-016">OP01-016] (3 Total)
[You] Nami ["OP01-016">OP01-016] attacking Rocks D. Xebec ["OP17-039">OP17-039]
Nami ["OP01-016">OP01-016][5000] vs Rocks D. Xebec ["OP17-039">OP17-039][5000]
Rocks D. Xebec ["OP17-039">OP17-039] hit for 1 damage
RZ1|163|2|OP17-040|3|3|1|8|1|1|0|0|0
RZ1|CHK|163|2|35|9|2|3|6|3|1|0|1|1
[You] Monkey D. Luffy ["OP13-001">OP13-001] attacking Rocks D. Xebec ["OP17-039">OP17-039]
[Opponent] There's No Authority in the World ["OP17-055">OP17-055]: Activate Counter
RZ1|164|2|OP17-055|1|4|6|1|1|1|0|0|0
RZ1|CHK|164|2|35|8|2|3|6|3|2|0|1|1
[Opponent] There's No Authority in the World ["OP17-055">OP17-055]: Buff Rocks D. Xebec ["OP17-039">OP17-039] 2000 for the Combat
Monkey D. Luffy ["OP13-001">OP13-001][5000] vs Rocks D. Xebec ["OP17-039">OP17-039][7000]
Attack Fails
[You] Sanji ["ST21-003">ST21-003] is no longer blocked from attacking
[] Hand: [OP13-040,ST31-005,OP13-037,EB04-007]
[] Board: [OP01-016,ST21-003]
[] Trash: [OP14-022,OP13-037]
[] Life: 4
[] Hand: [OP17-050,OP17-049,OP17-118,OP17-048,OP17-049,OP17-045,OP17-046,OP17-040]
[] Trash: [OP17-052,OP17-055]
[] Board: [OP17-050,OP17-054]
[] Life: 3
[You] End Turn
[] Hand: [OP17-050,OP17-049,OP17-118,OP17-048,OP17-049,OP17-045,OP17-046,OP17-040]
[] Board: [OP17-050,OP17-054]
[] Trash: [OP17-052,OP17-055]
[] Life: 3
[] Hand: [OP13-040,ST31-005,OP13-037,EB04-007]
[] Trash: [OP14-022,OP13-037]
[] Board: [OP01-016,ST21-003]
[] Life: 4
RZ1|165|2|Don|9|9900|5|0|1|1|1|0|0
RZ1|CHK|165|2|35|8|2|3|6|4|2|0|1|0
[Opponent] Draw 1 Card
[] Drew card from deck: Edward Newgate ["OP17-040">OP17-040]
RZ1|166|2|OP17-040|0|34|1|8|1|1|0|0|0
RZ1|CHK|166|2|34|9|2|3|6|4|2|0|1|0
RZ1|167|2|Don|4|5|5|4|1|1|0|0|0
RZ1|CHK|167|2|34|9|2|3|5|5|2|0|1|0
RZ1|168|2|Don|4|4|5|5|1|1|0|0|0
RZ1|CHK|168|2|34|9|2|3|4|6|2|0|1|0
[Opponent] Draw 2 Don
RZ1|169|2|Don|5|0|5|0|1|1|1|0|0
RZ1|CHK|169|2|34|9|2|3|4|6|2|0|1|0
RZ1|170|2|Don|5|1|5|1|1|1|1|0|0
RZ1|CHK|170|2|34|9|2|3|4|6|2|0|1|0
RZ1|171|2|Don|5|2|5|2|1|1|1|0|0
RZ1|CHK|171|2|34|9|2|3|4|6|2|0|1|0
RZ1|172|2|Don|5|3|5|3|1|1|1|0|0
RZ1|CHK|172|2|34|9|2|3|4|6|2|0|1|0
RZ1|173|2|Don|5|4|5|4|1|1|1|0|0
RZ1|CHK|173|2|34|9|2|3|4|6|2|0|1|0
[Opponent] Deploy Charlotte Linlin ["OP17-049">OP17-049]
RZ1|174|2|OP17-049|1|4|2|2|1|1|0|0|0
RZ1|CHK|174|2|34|8|3|3|4|6|2|0|1|0
[Opponent] Forcing opponent to resolve Card Action!
[You] Forcing opponent to resolve Card Action!
[] Drew card from deck: Kyo ["OP17-045">OP17-045]
RZ1|175|2|OP17-045|0|33|1|8|1|1|0|0|0
RZ1|CHK|175|2|33|9|3|3|4|6|2|0|1|0
[] Drew card from deck: Shiki ["OP17-048">OP17-048]
RZ1|176|2|OP17-048|0|32|1|9|1|1|0|0|0
RZ1|CHK|176|2|32|10|3|3|4|6|2|0|1|0
[Opponent] Charlotte Linlin ["OP17-049">OP17-049]: Draw 2 Card
[Opponent] Streusen ["OP17-050">OP17-050] attacking Nami ["OP01-016">OP01-016]
Streusen ["OP17-050">OP17-050][2000] vs Nami ["OP01-016">OP01-016][2000]
[You] Nami ["OP01-016">OP01-016] Destroyed
RZ1|177|1|Don|9|0|5|0|1|1|1|0|0
RZ1|CHK|177|1|38|4|2|4|5|3|2|0|1|2
RZ1|178|1|Don|9|0|5|0|1|1|1|0|0
RZ1|CHK|178|1|38|4|2|4|5|4|2|0|1|1
RZ1|179|1|Don|9|0|5|0|1|1|1|0|0
RZ1|CHK|179|1|38|4|2|4|5|5|2|0|1|0
RZ1|180|1|OP01-016|2|0|6|2|1|1|0|0|0
RZ1|CHK|180|1|38|4|1|4|5|5|3|0|1|0
[Opponent] Stussy ["OP17-054">OP17-054] attacking Monkey D. Luffy ["OP13-001">OP13-001]
[You] Discard Roronoa Zoro ["OP13-037">OP13-037] for Counter 1000
RZ1|181|1|OP13-037|1|2|6|3|1|1|0|0|0
RZ1|CHK|181|1|38|3|1|4|5|5|4|0|1|0
Stussy ["OP17-054">OP17-054][5000] vs Monkey D. Luffy ["OP13-001">OP13-001][6000]
Attack Fails
[Opponent] Attach 1 Don to Rocks D. Xebec ["OP17-039">OP17-039] (1 Total)
RZ1|182|2|Don|5|5|9|9900|1|1|0|0|0
RZ1|CHK|182|2|32|10|3|3|4|5|2|0|1|1
[Opponent] Rocks D. Xebec ["OP17-039">OP17-039] attacking Monkey D. Luffy ["OP13-001">OP13-001]
RZ1|183|2|OP17-045|1|8|6|2|1|1|0|0|0
RZ1|CHK|183|2|32|9|3|3|4|5|3|0|1|1
[Opponent] Rocks D. Xebec ["OP17-039">OP17-039]: Trash Kyo ["OP17-045">OP17-045]
RZ1|184|2|OP17-044|0|31|0|31|0|0|0|0|0
RZ1|CHK|184|2|32|9|3|3|4|5|3|0|1|1
[Opponent] Rocks D. Xebec ["OP17-039">OP17-039] revealed: Captain John ["OP17-044">OP17-044]
[] Drew card from deck: Captain John ["OP17-044">OP17-044]
RZ1|185|2|OP17-044|0|31|1|9|1|1|0|0|0
RZ1|CHK|185|2|31|10|3|3|4|5|3|0|1|1
[] Drew card from deck: Stussy ["OP17-054">OP17-054]
RZ1|186|2|OP17-054|0|30|1|10|1|1|0|0|0
RZ1|CHK|186|2|30|11|3|3|4|5|3|0|1|1
[Opponent] Rocks D. Xebec ["OP17-039">OP17-039]: Draw 2 Card
Rocks D. Xebec ["OP17-039">OP17-039][6000] vs Monkey D. Luffy ["OP13-001">OP13-001][5000]
Monkey D. Luffy ["OP13-001">OP13-001] hit for 1 damage
RZ1|187|1|OP14-022|3|3|1|3|1|1|0|0|0
RZ1|CHK|187|1|38|4|1|3|5|5|4|0|1|0
[] Hand: [OP17-050,OP17-049,OP17-118,OP17-048,OP17-045,OP17-046,OP17-040,OP17-040,OP17-048,OP17-044,OP17-054]
[] Board: [OP17-050,OP17-054,OP17-049]
[] Trash: [OP17-052,OP17-055,OP17-045]
[] Life: 3
[] Hand: [OP13-040,ST31-005,EB04-007,OP14-022]
[] Trash: [OP14-022,OP13-037,OP01-016,OP13-037]
[] Board: [ST21-003]
[] Life: 3
[Opponent] End Turn
[] Hand: [OP13-040,ST31-005,EB04-007,OP14-022]
[] Board: [ST21-003]
[] Trash: [OP14-022,OP13-037,OP01-016,OP13-037]
[] Life: 3
[] Hand: [OP17-050,OP17-049,OP17-118,OP17-048,OP17-045,OP17-046,OP17-040,OP17-040,OP17-048,OP17-044,OP17-054]
[] Trash: [OP17-052,OP17-055,OP17-045]
[] Board: [OP17-050,OP17-054,OP17-049]
[] Life: 3
[You] Draw 1 Card
[] Drew card from deck: Roronoa Zoro ["EB04-007">EB04-007]
RZ1|188|1|EB04-007|0|37|1|4|1|1|0|0|0
RZ1|CHK|188|1|37|5|1|3|5|5|4|0|1|0
RZ1|189|1|Don|4|4|5|5|1|1|0|0|0
RZ1|CHK|189|1|37|5|1|3|4|6|4|0|1|0
RZ1|190|1|Don|4|3|5|6|1|1|0|0|0
RZ1|CHK|190|1|37|5|1|3|3|7|4|0|1|0
[You] Draw 2 Don
RZ1|191|1|Don|5|0|5|0|1|1|1|0|0
RZ1|CHK|191|1|37|5|1|3|3|7|4|0|1|0
RZ1|192|1|Don|5|1|5|1|1|1|1|0|0
RZ1|CHK|192|1|37|5|1|3|3|7|4|0|1|0
RZ1|193|1|Don|5|2|5|2|1|1|1|0|0
RZ1|CHK|193|1|37|5|1|3|3|7|4|0|1|0
RZ1|194|1|Don|5|3|5|3|1|1|1|0|0
RZ1|CHK|194|1|37|5|1|3|3|7|4|0|1|0
RZ1|195|1|Don|5|4|5|4|1|1|1|0|0
RZ1|CHK|195|1|37|5|1|3|3|7|4|0|1|0
RZ1|196|1|Don|5|5|5|5|1|1|1|0|0
RZ1|CHK|196|1|37|5|1|3|3|7|4|0|1|0
RZ1|197|1|Don|5|6|5|6|1|1|1|0|0
RZ1|CHK|197|1|37|5|1|3|3|7|4|0|1|0
[You] Deploy Roronoa Zoro ["EB04-007">EB04-007]
RZ1|198|1|EB04-007|1|2|2|1|1|1|0|0|0
RZ1|CHK|198|1|37|4|2|3|3|7|4|0|1|0
[You] Roronoa Zoro ["EB04-007">EB04-007]: Grant Monkey D. Luffy ["OP13-001">OP13-001] 2000 until opponent's next turn end
[You] Monkey D. Luffy ["OP13-001">OP13-001] attacking Rocks D. Xebec ["OP17-039">OP17-039]
Monkey D. Luffy ["OP13-001">OP13-001][7000] vs Rocks D. Xebec ["OP17-039">OP17-039][5000]
Rocks D. Xebec ["OP17-039">OP17-039] hit for 1 damage
RZ1|199|2|OP17-057|3|2|1|11|1|1|0|0|0
RZ1|CHK|199|2|30|12|3|2|4|5|3|0|1|1
[You] Sanji ["ST21-003">ST21-003] attacking Streusen ["OP17-050">OP17-050]
Sanji ["ST21-003">ST21-003][3000] vs Streusen ["OP17-050">OP17-050][2000]
[Opponent] Streusen ["OP17-050">OP17-050] Destroyed
RZ1|200|2|OP17-050|2|0|6|3|1|1|0|0|0
RZ1|CHK|200|2|30|12|2|2|4|5|4|0|1|1
[] Hand: [OP13-040,ST31-005,OP14-022,EB04-007]
[] Board: [ST21-003,EB04-007]
[] Trash: [OP14-022,OP13-037,OP01-016,OP13-037]
[] Life: 3
[] Hand: [OP17-050,OP17-049,OP17-118,OP17-048,OP17-045,OP17-046,OP17-040,OP17-040,OP17-048,OP17-044,OP17-054,OP17-057]
[] Trash: [OP17-052,OP17-055,OP17-045,OP17-050]
[] Board: [OP17-054,OP17-049]
[] Life: 2
[You] End Turn
[] Hand: [OP17-050,OP17-049,OP17-118,OP17-048,OP17-045,OP17-046,OP17-040,OP17-040,OP17-048,OP17-044,OP17-054,OP17-057]
[] Board: [OP17-054,OP17-049]
[] Trash: [OP17-052,OP17-055,OP17-045,OP17-050]
[] Life: 2
[] Hand: [OP13-040,ST31-005,OP14-022,EB04-007]
[] Trash: [OP14-022,OP13-037,OP01-016,OP13-037]
[] Board: [ST21-003,EB04-007]
[] Life: 3
RZ1|201|2|Don|9|9900|5|0|1|1|1|0|0
RZ1|CHK|201|2|30|12|2|2|4|6|4|0|1|0
[Opponent] Draw 1 Card
[] Drew card from deck: Gloriosa ["OP17-046">OP17-046]
RZ1|202|2|OP17-046|0|29|1|12|1|1|0|0|0
RZ1|CHK|202|2|29|13|2|2|4|6|4|0|1|0
RZ1|203|2|Don|4|3|5|6|1|1|0|0|0
RZ1|CHK|203|2|29|13|2|2|3|7|4|0|1|0
RZ1|204|2|Don|4|2|5|7|1|1|0|0|0
RZ1|CHK|204|2|29|13|2|2|2|8|4|0|1|0
[Opponent] Draw 2 Don
RZ1|205|2|Don|5|0|5|0|1|1|1|0|0
RZ1|CHK|205|2|29|13|2|2|2|8|4|0|1|0
[Opponent] Deploy Fullalead ["OP17-057">OP17-057]
RZ1|206|2|OP17-057|1|11|7|0|1|1|0|0|0
RZ1|CHK|206|2|29|12|2|2|2|8|4|1|1|0
RZ1|207|2|Don|5|1|5|1|1|1|1|0|0
RZ1|CHK|207|2|29|12|2|2|2|8|4|1|1|0
RZ1|208|2|Don|5|2|5|2|1|1|1|0|0
RZ1|CHK|208|2|29|12|2|2|2|8|4|1|1|0
RZ1|209|2|Don|5|3|5|3|1|1|1|0|0
RZ1|CHK|209|2|29|12|2|2|2|8|4|1|1|0
RZ1|210|2|Don|5|4|5|4|1|1|1|0|0
RZ1|CHK|210|2|29|12|2|2|2|8|4|1|1|0
[Opponent] Deploy Gloriosa ["OP17-046">OP17-046]
RZ1|211|2|OP17-046|1|11|2|2|1|1|0|0|0
RZ1|CHK|211|2|29|11|3|2|2|8|4|1|1|0
[Opponent] Gloriosa ["OP17-046">OP17-046]: Send Sanji ["ST21-003">ST21-003] to Deck Bottom
RZ1|212|1|ST21-003|2|0|0|0|0|0|1|0|0
RZ1|CHK|212|1|38|4|1|3|3|7|4|0|1|0
RZ1|213|2|Don|5|5|5|5|1|1|1|0|0
RZ1|CHK|213|2|29|11|3|2|2|8|4|1|1|0
RZ1|214|2|Don|5|6|5|6|1|1|1|0|0
RZ1|CHK|214|2|29|11|3|2|2|8|4|1|1|0
RZ1|215|2|Don|5|7|5|7|1|1|1|0|0
RZ1|CHK|215|2|29|11|3|2|2|8|4|1|1|0
[Opponent] Deploy Stussy ["OP17-054">OP17-054]
RZ1|216|2|OP17-054|1|10|2|3|1|1|0|0|0
RZ1|CHK|216|2|29|10|4|2|2|8|4|1|1|0
[Opponent] Charlotte Linlin ["OP17-049">OP17-049] attacking Monkey D. Luffy ["OP13-001">OP13-001]
[You] Discard Usopp ["OP14-022">OP14-022] for Counter 1000
RZ1|217|1|OP14-022|1|2|6|4|1|1|0|0|0
RZ1|CHK|217|1|38|3|1|3|3|7|5|0|1|0
Charlotte Linlin ["OP17-049">OP17-049][7000] vs Monkey D. Luffy ["OP13-001">OP13-001][8000]
Attack Fails
[] Hand: [OP17-050,OP17-049,OP17-118,OP17-048,OP17-045,OP17-046,OP17-040,OP17-040,OP17-048,OP17-044]
[] Board: [OP17-054,OP17-049,OP17-046,OP17-054]
[] Trash: [OP17-052,OP17-055,OP17-045,OP17-050]
[] Life: 2
[] Hand: [OP13-040,ST31-005,EB04-007]
[] Trash: [OP14-022,OP13-037,OP01-016,OP13-037,OP14-022]
[] Board: [EB04-007]
[] Life: 3
[Opponent] End Turn
[] Hand: [OP13-040,ST31-005,EB04-007]
[] Board: [EB04-007]
[] Trash: [OP14-022,OP13-037,OP01-016,OP13-037,OP14-022]
[] Life: 3
[] Hand: [OP17-050,OP17-049,OP17-118,OP17-048,OP17-045,OP17-046,OP17-040,OP17-040,OP17-048,OP17-044]
[] Trash: [OP17-052,OP17-055,OP17-045,OP17-050]
[] Board: [OP17-054,OP17-049,OP17-046,OP17-054]
[] Life: 2
[You] Draw 1 Card
[] Drew card from deck: Roronoa Zoro ["EB04-007">EB04-007]
RZ1|218|1|EB04-007|0|37|1|3|1|1|0|0|0
RZ1|CHK|218|1|37|4|1|3|3|7|5|0|1|0
RZ1|219|1|Don|4|2|5|7|1|1|0|0|0
RZ1|CHK|219|1|37|4|1|3|2|8|5|0|1|0
RZ1|220|1|Don|4|1|5|8|1|1|0|0|0
RZ1|CHK|220|1|37|4|1|3|1|9|5|0|1|0
[You] Draw 2 Don
[You] Monkey D. Luffy ["OP13-001">OP13-001] attacking Rocks D. Xebec ["OP17-039">OP17-039]
[Opponent] Fullalead ["OP17-057">OP17-057]: Rest Fullalead ["OP17-057">OP17-057]
RZ1|221|2|OP17-040|1|7|6|4|1|1|0|0|0
RZ1|CHK|221|2|29|9|4|2|2|8|5|1|1|0
[Opponent] Fullalead ["OP17-057">OP17-057]: Trash Edward Newgate ["OP17-040">OP17-040]
[Opponent] Fullalead ["OP17-057">OP17-057]: Buff Rocks D. Xebec ["OP17-039">OP17-039] 1000 for the Combat
Monkey D. Luffy ["OP13-001">OP13-001][5000] vs Rocks D. Xebec ["OP17-039">OP17-039][6000]
Attack Fails
[You] Roronoa Zoro ["EB04-007">EB04-007] attacking Rocks D. Xebec ["OP17-039">OP17-039]
Roronoa Zoro ["EB04-007">EB04-007][9000] vs Rocks D. Xebec ["OP17-039">OP17-039][5000]
Rocks D. Xebec ["OP17-039">OP17-039] hit for 1 damage
RZ1|222|2|OP17-056|3|1|1|9|1|1|0|0|0
RZ1|CHK|222|2|29|10|4|1|2|8|5|1|1|0
RZ1|223|1|Don|5|0|5|0|1|1|1|0|0
RZ1|CHK|223|1|37|4|1|3|1|9|5|0|1|0
RZ1|224|1|Don|5|1|5|1|1|1|1|0|0
RZ1|CHK|224|1|37|4|1|3|1|9|5|0|1|0
RZ1|225|1|Don|5|2|5|2|1|1|1|0|0
RZ1|CHK|225|1|37|4|1|3|1|9|5|0|1|0
RZ1|226|1|Don|5|3|5|3|1|1|1|0|0
RZ1|CHK|226|1|37|4|1|3|1|9|5|0|1|0
RZ1|227|1|Don|5|4|5|4|1|1|1|0|0
RZ1|CHK|227|1|37|4|1|3|1|9|5|0|1|0
RZ1|228|1|Don|5|5|5|5|1|1|1|0|0
RZ1|CHK|228|1|37|4|1|3|1|9|5|0|1|0
RZ1|229|1|Don|5|6|5|6|1|1|1|0|0
RZ1|CHK|229|1|37|4|1|3|1|9|5|0|1|0
[You] Deploy Roronoa Zoro ["EB04-007">EB04-007]
RZ1|230|1|EB04-007|1|2|2|1|1|1|0|0|0
RZ1|CHK|230|1|37|3|2|3|1|9|5|0|1|0
[You] Roronoa Zoro ["EB04-007">EB04-007]: Grant Monkey D. Luffy ["OP13-001">OP13-001] 2000 until opponent's next turn end
[] Hand: [OP13-040,ST31-005,EB04-007]
[] Board: [EB04-007,EB04-007]
[] Trash: [OP14-022,OP13-037,OP01-016,OP13-037,OP14-022]
[] Life: 3
[] Hand: [OP17-050,OP17-049,OP17-118,OP17-048,OP17-045,OP17-046,OP17-040,OP17-048,OP17-044,OP17-056]
[] Trash: [OP17-052,OP17-055,OP17-045,OP17-050,OP17-040]
[] Board: [OP17-054,OP17-049,OP17-046,OP17-054]
[] Life: 1
[You] End Turn
[] Hand: [OP17-050,OP17-049,OP17-118,OP17-048,OP17-045,OP17-046,OP17-040,OP17-048,OP17-044,OP17-056]
[] Board: [OP17-054,OP17-049,OP17-046,OP17-054]
[] Trash: [OP17-052,OP17-055,OP17-045,OP17-050,OP17-040]
[] Life: 1
[] Hand: [OP13-040,ST31-005,EB04-007]
[] Trash: [OP14-022,OP13-037,OP01-016,OP13-037,OP14-022]
[] Board: [EB04-007,EB04-007]
[] Life: 3
[Opponent] Draw 1 Card
[] Drew card from deck: Shiki ["OP17-048">OP17-048]
RZ1|231|2|OP17-048|0|28|1|10|1|1|0|0|0
RZ1|CHK|231|2|28|11|4|1|2|8|5|1|1|0
RZ1|232|2|Don|4|1|5|8|1|1|0|0|0
RZ1|CHK|232|2|28|11|4|1|1|9|5|1|1|0
RZ1|233|2|Don|4|0|5|9|1|1|0|0|0
RZ1|CHK|233|2|28|11|4|1|0|10|5|1|1|0
[Opponent] Draw 2 Don
[Opponent] Charlotte Linlin ["OP17-049">OP17-049] attacking Monkey D. Luffy ["OP13-001">OP13-001]
Charlotte Linlin ["OP17-049">OP17-049][7000] vs Monkey D. Luffy ["OP13-001">OP13-001][7000]
Monkey D. Luffy ["OP13-001">OP13-001] hit for 1 damage
RZ1|234|1|OP15-032|3|2|1|3|1|1|0|0|0
RZ1|CHK|234|1|37|4|2|2|1|9|5|0|1|0
RZ1|235|2|Don|5|0|5|0|1|1|1|0|0
RZ1|CHK|235|2|28|11|4|1|0|10|5|1|1|0
RZ1|236|2|Don|5|1|5|1|1|1|1|0|0
RZ1|CHK|236|2|28|11|4|1|0|10|5|1|1|0
RZ1|237|2|Don|5|2|5|2|1|1|1|0|0
RZ1|CHK|237|2|28|11|4|1|0|10|5|1|1|0
RZ1|238|2|Don|5|3|5|3|1|1|1|0|0
RZ1|CHK|238|2|28|11|4|1|0|10|5|1|1|0
RZ1|239|2|Don|5|4|5|4|1|1|1|0|0
RZ1|CHK|239|2|28|11|4|1|0|10|5|1|1|0
RZ1|240|2|Don|5|5|5|5|1|1|1|0|0
RZ1|CHK|240|2|28|11|4|1|0|10|5|1|1|0
RZ1|241|2|Don|5|6|5|6|1|1|1|0|0
RZ1|CHK|241|2|28|11|4|1|0|10|5|1|1|0
RZ1|242|2|Don|5|7|5|7|1|1|1|0|0
RZ1|CHK|242|2|28|11|4|1|0|10|5|1|1|0
RZ1|243|2|Don|5|8|5|8|1|1|1|0|0
RZ1|CHK|243|2|28|11|4|1|0|10|5|1|1|0
RZ1|244|2|Don|5|9|5|9|1|1|1|0|0
RZ1|CHK|244|2|28|11|4|1|0|10|5|1|1|0
[Opponent] Deploy Rocks D. Xebec ["OP17-118">OP17-118]
RZ1|245|2|OP17-118|1|2|2|4|1|1|0|0|0
RZ1|CHK|245|2|28|10|5|1|0|10|5|1|1|0
[] Drew card from deck: Kaido ["OP17-042">OP17-042]
RZ1|246|2|OP17-042|0|27|1|10|1|1|0|0|0
RZ1|CHK|246|2|27|11|5|1|0|10|5|1|1|0
[Opponent] Rocks D. Xebec ["OP17-118">OP17-118]: Draw 1 Card
RZ1|247|2|OP17-054|2|0|6|5|1|1|0|0|0
RZ1|CHK|247|2|27|11|4|1|0|10|6|1|1|0
[Opponent] Trash Stussy ["OP17-054">OP17-054]
RZ1|248|2|OP17-048|1|6|2|4|1|1|0|0|0
RZ1|CHK|248|2|27|10|5|1|0|10|6|1|1|0
[Opponent] Rocks D. Xebec ["OP17-118">OP17-118]: Deploy Shiki ["OP17-048">OP17-048]
[Opponent] Shiki ["OP17-048">OP17-048] attacking Roronoa Zoro ["EB04-007">EB04-007]
RZ1|249|2|OP17-045|1|3|6|6|1|1|0|0|0
RZ1|CHK|249|2|27|9|5|1|0|10|7|1|1|0
[Opponent] Shiki ["OP17-048">OP17-048]: Trash Kyo ["OP17-045">OP17-045]
[Opponent] Shiki ["OP17-048">OP17-048]: Buff Roronoa Zoro ["EB04-007">EB04-007] -3000
Shiki ["OP17-048">OP17-048][9000] vs Roronoa Zoro ["EB04-007">EB04-007][6000]
[You] Roronoa Zoro ["EB04-007">EB04-007] Destroyed
RZ1|250|1|EB04-007|2|0|6|5|1|1|0|0|0
RZ1|CHK|250|1|37|4|1|2|1|9|6|0|1|0
[Opponent] Rocks D. Xebec ["OP17-039">OP17-039] attacking Monkey D. Luffy ["OP13-001">OP13-001]
RZ1|251|2|OP17-042|1|8|6|7|1|1|0|0|0
RZ1|CHK|251|2|27|8|5|1|0|10|8|1|1|0
[Opponent] Rocks D. Xebec ["OP17-039">OP17-039]: Trash Kaido ["OP17-042">OP17-042]
RZ1|252|2|OP17-054|0|26|0|26|0|0|0|0|0
RZ1|CHK|252|2|27|8|5|1|0|10|8|1|1|0
[Opponent] Rocks D. Xebec ["OP17-039">OP17-039] revealed: Stussy ["OP17-054">OP17-054]
[] Drew card from deck: Stussy ["OP17-054">OP17-054]
RZ1|253|2|OP17-054|0|26|1|8|1|1|0|0|0
RZ1|CHK|253|2|26|9|5|1|0|10|8|1|1|0
[] Drew card from deck: Ganzui ["OP17-043">OP17-043]
RZ1|254|2|OP17-043|0|25|1|9|1|1|0|0|0
RZ1|CHK|254|2|25|10|5|1|0|10|8|1|1|0
[Opponent] Rocks D. Xebec ["OP17-039">OP17-039]: Draw 2 Card
Rocks D. Xebec ["OP17-039">OP17-039][5000] vs Monkey D. Luffy ["OP13-001">OP13-001][7000]
Attack Fails
[] Hand: [OP17-050,OP17-049,OP17-048,OP17-046,OP17-040,OP17-044,OP17-056,OP17-048,OP17-054,OP17-043]
[] Board: [OP17-049,OP17-046,OP17-054,OP17-118,OP17-048]
[] Trash: [OP17-052,OP17-055,OP17-045,OP17-050,OP17-040,OP17-054,OP17-045,OP17-042]
[] Life: 1
[] Hand: [OP13-040,ST31-005,EB04-007,OP15-032]
[] Trash: [OP14-022,OP13-037,OP01-016,OP13-037,OP14-022,EB04-007]
[] Board: [EB04-007]
[] Life: 2
[Opponent] End Turn
[] Hand: [OP13-040,ST31-005,EB04-007,OP15-032]
[] Board: [EB04-007]
[] Trash: [OP14-022,OP13-037,OP01-016,OP13-037,OP14-022,EB04-007]
[] Life: 2
[] Hand: [OP17-050,OP17-049,OP17-048,OP17-046,OP17-040,OP17-044,OP17-056,OP17-048,OP17-054,OP17-043]
[] Trash: [OP17-052,OP17-055,OP17-045,OP17-050,OP17-040,OP17-054,OP17-045,OP17-042]
[] Board: [OP17-049,OP17-046,OP17-054,OP17-118,OP17-048]
[] Life: 1
[You] Draw 1 Card
[] Drew card from deck: Roronoa Zoro ["OP13-037">OP13-037]
RZ1|255|1|OP13-037|0|36|1|4|1|1|0|0|0
RZ1|CHK|255|1|36|5|1|2|1|9|6|0|1|0
RZ1|256|1|Don|4|0|5|9|1|1|0|0|0
RZ1|CHK|256|1|36|5|1|2|0|10|6|0|1|0
[You] Draw 2 Don
RZ1|257|1|Don|5|0|5|0|1|1|1|0|0
RZ1|CHK|257|1|36|5|1|2|0|10|6|0|1|0
RZ1|258|1|Don|5|1|5|1|1|1|1|0|0
RZ1|CHK|258|1|36|5|1|2|0|10|6|0|1|0
RZ1|259|1|Don|5|2|5|2|1|1|1|0|0
RZ1|CHK|259|1|36|5|1|2|0|10|6|0|1|0
RZ1|260|1|Don|5|3|5|3|1|1|1|0|0
RZ1|CHK|260|1|36|5|1|2|0|10|6|0|1|0
RZ1|261|1|Don|5|4|5|4|1|1|1|0|0
RZ1|CHK|261|1|36|5|1|2|0|10|6|0|1|0
RZ1|262|1|Don|5|5|5|5|1|1|1|0|0
RZ1|CHK|262|1|36|5|1|2|0|10|6|0|1|0
[You] Deploy Brook ["OP15-032">OP15-032]
RZ1|263|1|OP15-032|1|3|2|1|1|1|0|0|0
RZ1|CHK|263|1|36|4|2|2|0|10|6|0|1|0
[You] Brook ["OP15-032">OP15-032]: Rest Rocks D. Xebec ["OP17-118">OP17-118]
[You] Roronoa Zoro ["EB04-007">EB04-007]: Give Roronoa Zoro ["EB04-007">EB04-007] Character Rush
[You] Roronoa Zoro ["EB04-007">EB04-007] attacking Shiki ["OP17-048">OP17-048]
[Opponent] Fullalead ["OP17-057">OP17-057]: Rest Fullalead ["OP17-057">OP17-057]
RZ1|264|2|OP17-043|1|9|6|8|1|1|0|0|0
RZ1|CHK|264|2|25|9|5|1|0|10|9|1|1|0
[Opponent] Fullalead ["OP17-057">OP17-057]: Trash Ganzui ["OP17-043">OP17-043]
[Opponent] Fullalead ["OP17-057">OP17-057]: Buff Rocks D. Xebec ["OP17-118">OP17-118] 1000 for the Combat
RZ1|265|2|OP17-054|1|8|6|9|1|1|0|0|0
RZ1|CHK|265|2|25|8|5|1|0|10|10|1|1|0
[Opponent] Charlotte Linlin ["OP17-049">OP17-049]: Trash Stussy ["OP17-054">OP17-054]
[Opponent] Charlotte Linlin ["OP17-049">OP17-049]: Buff Shiki ["OP17-048">OP17-048] 1000 for the Combat
Roronoa Zoro ["EB04-007">EB04-007][9000] vs Shiki ["OP17-048">OP17-048][10000]
Attack Fails
[You] Monkey D. Luffy ["OP13-001">OP13-001] attacking Rocks D. Xebec ["OP17-039">OP17-039]
RZ1|266|2|OP17-044|1|5|6|10|1|1|0|0|0
RZ1|CHK|266|2|25|7|5|1|0|10|11|1|1|0
[Opponent] Shiki ["OP17-048">OP17-048]: Trash Captain John ["OP17-044">OP17-044]
[Opponent] Shiki ["OP17-048">OP17-048]: Buff Brook ["OP15-032">OP15-032] -3000
[Opponent] Rocks Pirates ["OP17-056">OP17-056]: Activate Counter
RZ1|267|2|OP17-056|1|5|6|11|1|1|0|0|0
RZ1|CHK|267|2|25|6|5|1|0|10|12|1|1|0
[Opponent] Rocks Pirates ["OP17-056">OP17-056]: Buff Rocks D. Xebec ["OP17-039">OP17-039] 2000 for the Combat
Monkey D. Luffy ["OP13-001">OP13-001][5000] vs Rocks D. Xebec ["OP17-039">OP17-039][7000]
Attack Fails
RZ1|268|1|Don|5|6|5|6|1|1|1|0|0
RZ1|CHK|268|1|36|4|2|2|0|10|6|0|1|0
RZ1|269|1|Don|5|7|5|7|1|1|1|0|0
RZ1|CHK|269|1|36|4|2|2|0|10|6|0|1|0
RZ1|270|1|Don|5|8|5|8|1|1|1|0|0
RZ1|CHK|270|1|36|4|2|2|0|10|6|0|1|0
RZ1|271|1|Don|5|9|5|9|1|1|1|0|0
RZ1|CHK|271|1|36|4|2|2|0|10|6|0|1|0
[You] Deploy Roronoa Zoro ["OP13-037">OP13-037]
RZ1|272|1|OP13-037|1|3|2|2|1|1|0|0|0
RZ1|CHK|272|1|36|3|3|2|0|10|6|0|1|0
[You] Roronoa Zoro ["OP13-037">OP13-037]: Activate 1 Don
RZ1|273|1|Don|5|9|5|9|1|1|0|0|0
RZ1|CHK|273|1|36|3|3|2|0|10|6|0|1|0
[You] Roronoa Zoro ["OP13-037">OP13-037]: Activate 1 Don
RZ1|274|1|Don|5|8|5|8|1|1|0|0|0
RZ1|CHK|274|1|36|3|3|2|0|10|6|0|1|0
[You] Roronoa Zoro ["OP13-037">OP13-037]: Set Roronoa Zoro ["OP13-037">OP13-037] to Active
[] Hand: [OP13-040,ST31-005,EB04-007]
[] Board: [EB04-007,OP15-032,OP13-037]
[] Trash: [OP14-022,OP13-037,OP01-016,OP13-037,OP14-022,EB04-007]
[] Life: 2
[] Hand: [OP17-050,OP17-049,OP17-048,OP17-046,OP17-040,OP17-048]
[] Trash: [OP17-052,OP17-055,OP17-045,OP17-050,OP17-040,OP17-054,OP17-045,OP17-042,OP17-043,OP17-054,OP17-044,OP17-056]
[] Board: [OP17-049,OP17-046,OP17-054,OP17-118,OP17-048]
[] Life: 1
[You] End Turn
[] Hand: [OP17-050,OP17-049,OP17-048,OP17-046,OP17-040,OP17-048]
[] Board: [OP17-049,OP17-046,OP17-054,OP17-118,OP17-048]
[] Trash: [OP17-052,OP17-055,OP17-045,OP17-050,OP17-040,OP17-054,OP17-045,OP17-042,OP17-043,OP17-054,OP17-044,OP17-056]
[] Life: 1
[] Hand: [OP13-040,ST31-005,EB04-007]
[] Trash: [OP14-022,OP13-037,OP01-016,OP13-037,OP14-022,EB04-007]
[] Board: [EB04-007,OP15-032,OP13-037]
[] Life: 2
[Opponent] Draw 1 Card
[] Drew card from deck: Kyo ["OP17-045">OP17-045]
RZ1|275|2|OP17-045|0|24|1|6|1|1|0|0|0
RZ1|CHK|275|2|24|7|5|1|0|10|12|1|1|0
[Opponent] Attach 1 Don to Rocks D. Xebec ["OP17-039">OP17-039] (1 Total)
RZ1|276|2|Don|5|9|9|9900|1|1|0|0|0
RZ1|CHK|276|2|24|7|5|1|0|9|12|1|1|1
[Opponent] Attach 1 Don to Rocks D. Xebec ["OP17-039">OP17-039] (2 Total)
RZ1|277|2|Don|5|8|9|9901|1|1|0|0|0
RZ1|CHK|277|2|24|7|5|1|0|8|12|1|1|2
[Opponent] Rocks D. Xebec ["OP17-039">OP17-039] attacking Monkey D. Luffy ["OP13-001">OP13-001]
RZ1|278|2|OP17-045|1|6|6|12|1|1|0|0|0
RZ1|CHK|278|2|24|6|5|1|0|8|13|1|1|2
[Opponent] Rocks D. Xebec ["OP17-039">OP17-039]: Trash Kyo ["OP17-045">OP17-045]
RZ1|279|2|OP17-044|0|23|0|23|0|0|0|0|0
RZ1|CHK|279|2|24|6|5|1|0|8|13|1|1|2
[Opponent] Rocks D. Xebec ["OP17-039">OP17-039] revealed: Captain John ["OP17-044">OP17-044]
[] Drew card from deck: Captain John ["OP17-044">OP17-044]
RZ1|280|2|OP17-044|0|23|1|6|1|1|0|0|0
RZ1|CHK|280|2|23|7|5|1|0|8|13|1|1|2
[] Drew card from deck: Don Marlon ["OP17-052">OP17-052]
RZ1|281|2|OP17-052|0|22|1|7|1|1|0|0|0
RZ1|CHK|281|2|22|8|5|1|0|8|13|1|1|2
[Opponent] Rocks D. Xebec ["OP17-039">OP17-039]: Draw 2 Card
[You] I Know You're Strong... So I'll Go All Out ["OP13-040">OP13-040]: Activate Counter
[You] I Know You're Strong... So I'll Go All Out ["OP13-040">OP13-040]: Rest 1 Don
RZ1|282|1|Don|5|8|5|8|1|1|1|0|0
RZ1|CHK|282|1|36|3|3|2|0|10|6|0|1|0
RZ1|283|1|OP13-040|1|0|6|6|1|1|0|0|0
RZ1|CHK|283|1|36|2|3|2|0|10|7|0|1|0
[You] I Know You're Strong... So I'll Go All Out ["OP13-040">OP13-040]: Buff Monkey D. Luffy ["OP13-001">OP13-001] 3000 for the Combat
Rocks D. Xebec ["OP17-039">OP17-039][7000] vs Monkey D. Luffy ["OP13-001">OP13-001][8000]
Attack Fails
[Opponent] Charlotte Linlin ["OP17-049">OP17-049] attacking Monkey D. Luffy ["OP13-001">OP13-001]
Charlotte Linlin ["OP17-049">OP17-049][7000] vs Monkey D. Luffy ["OP13-001">OP13-001][5000]
Monkey D. Luffy ["OP13-001">OP13-001] hit for 1 damage
RZ1|284|1|OP13-118|3|1|1|2|1|1|0|0|0
RZ1|CHK|284|1|36|3|3|1|0|10|7|0|1|0
[Opponent] Stussy ["OP17-054">OP17-054] attacking Monkey D. Luffy ["OP13-001">OP13-001]
Stussy ["OP17-054">OP17-054][5000] vs Monkey D. Luffy ["OP13-001">OP13-001][5000]
Monkey D. Luffy ["OP13-001">OP13-001] hit for 1 damage
RZ1|285|1|OP14-031|3|0|1|3|1|1|0|0|0
RZ1|CHK|285|1|36|4|3|0|0|10|7|0|1|0
[Opponent] Attach 8 Don to Rocks D. Xebec ["OP17-118">OP17-118] (8 Total)
RZ1|286|2|Don|5|0|9|300|1|1|0|0|0
RZ1|CHK|286|2|22|8|5|1|0|7|13|1|1|3
RZ1|287|2|Don|5|0|9|301|1|1|0|0|0
RZ1|CHK|287|2|22|8|5|1|0|6|13|1|1|4
RZ1|288|2|Don|5|0|9|302|1|1|0|0|0
RZ1|CHK|288|2|22|8|5|1|0|5|13|1|1|5
RZ1|289|2|Don|5|0|9|303|1|1|0|0|0
RZ1|CHK|289|2|22|8|5|1|0|4|13|1|1|6
RZ1|290|2|Don|5|0|9|304|1|1|0|0|0
RZ1|CHK|290|2|22|8|5|1|0|3|13|1|1|7
RZ1|291|2|Don|5|0|9|305|1|1|0|0|0
RZ1|CHK|291|2|22|8|5|1|0|2|13|1|1|8
RZ1|292|2|Don|5|0|9|306|1|1|0|0|0
RZ1|CHK|292|2|22|8|5|1|0|1|13|1|1|9
RZ1|293|2|Don|5|0|9|307|1|1|0|0|0
RZ1|CHK|293|2|22|8|5|1|0|0|13|1|1|10
[Opponent] Rocks D. Xebec ["OP17-118">OP17-118] attacking Monkey D. Luffy ["OP13-001">OP13-001]
Rocks D. Xebec ["OP17-118">OP17-118][20000] vs Monkey D. Luffy ["OP13-001">OP13-001][5000]
Monkey D. Luffy ["OP13-001">OP13-001] hit for 1 damage
[You] <b>Downloaded the Combat Log!</b>
GameOver
