Version is 1.42c.22
[Risco​#9935] Leader is Monkey D. Luffy [<mark><link="OP05-060">OP05-060</link></mark>]
[BigRato​#5650] Will select turn order
[BigRato​#5650] Chose to go Second
RZ1|10|1|EB04-058|0|22|0|0|0|0|0|0|0
RZ1|CHK|10|1|50|0|0|0|10|0|0|0|1|0
RZ1|11|1|OP17-115|0|44|0|1|0|0|0|0|0
RZ1|CHK|11|1|50|0|0|0|10|0|0|0|1|0
RZ1|12|1|OP17-114|0|33|0|2|0|0|0|0|0
RZ1|CHK|12|1|50|0|0|0|10|0|0|0|1|0
RZ1|13|1|OP17-117|0|48|0|3|0|0|0|0|0
RZ1|CHK|13|1|50|0|0|0|10|0|0|0|1|0
RZ1|14|1|OP17-116|0|47|0|4|0|0|0|0|0
RZ1|CHK|14|1|50|0|0|0|10|0|0|0|1|0
RZ1|15|1|OP17-110|0|40|0|5|0|0|0|0|0
RZ1|CHK|15|1|50|0|0|0|10|0|0|0|1|0
RZ1|16|1|OP17-107|0|17|0|6|0|0|0|0|0
RZ1|CHK|16|1|50|0|0|0|10|0|0|0|1|0
RZ1|17|1|OP16-119|0|42|0|7|0|0|0|0|0
RZ1|CHK|17|1|50|0|0|0|10|0|0|0|1|0
RZ1|18|1|OP17-113|0|12|0|8|0|0|0|0|0
RZ1|CHK|18|1|50|0|0|0|10|0|0|0|1|0
RZ1|19|1|OP17-110|0|40|0|9|0|0|0|0|0
RZ1|CHK|19|1|50|0|0|0|10|0|0|0|1|0
RZ1|20|1|OP17-108|0|21|0|10|0|0|0|0|0
RZ1|CHK|20|1|50|0|0|0|10|0|0|0|1|0
RZ1|21|1|EB01-056|0|12|0|11|0|0|0|0|0
RZ1|CHK|21|1|50|0|0|0|10|0|0|0|1|0
RZ1|22|1|OP17-104|0|17|0|12|0|0|0|0|0
RZ1|CHK|22|1|50|0|0|0|10|0|0|0|1|0
RZ1|23|1|OP17-113|0|16|0|13|0|0|0|0|0
RZ1|CHK|23|1|50|0|0|0|10|0|0|0|1|0
RZ1|24|1|EB04-058|0|31|0|14|0|0|0|0|0
RZ1|CHK|24|1|50|0|0|0|10|0|0|0|1|0
RZ1|25|1|OP17-116|0|48|0|15|0|0|0|0|0
RZ1|CHK|25|1|50|0|0|0|10|0|0|0|1|0
RZ1|26|1|OP17-112|0|47|0|16|0|0|0|0|0
RZ1|CHK|26|1|50|0|0|0|10|0|0|0|1|0
RZ1|27|1|OP17-106|0|36|0|17|0|0|0|0|0
RZ1|CHK|27|1|50|0|0|0|10|0|0|0|1|0
RZ1|28|1|OP17-103|0|39|0|18|0|0|0|0|0
RZ1|CHK|28|1|50|0|0|0|10|0|0|0|1|0
RZ1|29|1|OP17-104|0|24|0|19|0|0|0|0|0
RZ1|CHK|29|1|50|0|0|0|10|0|0|0|1|0
RZ1|30|1|OP17-106|0|37|0|20|0|0|0|0|0
RZ1|CHK|30|1|50|0|0|0|10|0|0|0|1|0
RZ1|31|1|OP17-112|0|47|0|21|0|0|0|0|0
RZ1|CHK|31|1|50|0|0|0|10|0|0|0|1|0
RZ1|32|1|OP17-103|0|41|0|22|0|0|0|0|0
RZ1|CHK|32|1|50|0|0|0|10|0|0|0|1|0
RZ1|33|1|OP17-110|0|44|0|23|0|0|0|0|0
RZ1|CHK|33|1|50|0|0|0|10|0|0|0|1|0
RZ1|34|1|OP17-104|0|28|0|24|0|0|0|0|0
RZ1|CHK|34|1|50|0|0|0|10|0|0|0|1|0
RZ1|35|1|OP17-109|0|36|0|25|0|0|0|0|0
RZ1|CHK|35|1|50|0|0|0|10|0|0|0|1|0
RZ1|36|1|EB04-058|0|39|0|26|0|0|0|0|0
RZ1|CHK|36|1|50|0|0|0|10|0|0|0|1|0
RZ1|37|1|OP17-106|0|41|0|27|0|0|0|0|0
RZ1|CHK|37|1|50|0|0|0|10|0|0|0|1|0
RZ1|38|1|OP17-107|0|32|0|28|0|0|0|0|0
RZ1|CHK|38|1|50|0|0|0|10|0|0|0|1|0
RZ1|39|1|OP17-109|0|36|0|30|0|0|0|0|0
RZ1|CHK|39|1|50|0|0|0|10|0|0|0|1|0
RZ1|40|1|OP17-102|0|39|0|31|0|0|0|0|0
RZ1|CHK|40|1|50|0|0|0|10|0|0|0|1|0
RZ1|41|1|OP17-112|0|46|0|32|0|0|0|0|0
RZ1|CHK|41|1|50|0|0|0|10|0|0|0|1|0
RZ1|42|1|OP17-109|0|39|0|33|0|0|0|0|0
RZ1|CHK|42|1|50|0|0|0|10|0|0|0|1|0
RZ1|43|1|OP16-119|0|46|0|34|0|0|0|0|0
RZ1|CHK|43|1|50|0|0|0|10|0|0|0|1|0
RZ1|44|1|OP17-108|0|39|0|35|0|0|0|0|0
RZ1|CHK|44|1|50|0|0|0|10|0|0|0|1|0
RZ1|45|1|EB04-058|0|43|0|36|0|0|0|0|0
RZ1|CHK|45|1|50|0|0|0|10|0|0|0|1|0
RZ1|46|1|OP17-114|0|45|0|37|0|0|0|0|0
RZ1|CHK|46|1|50|0|0|0|10|0|0|0|1|0
RZ1|47|1|OP17-114|0|46|0|38|0|0|0|0|0
RZ1|CHK|47|1|50|0|0|0|10|0|0|0|1|0
RZ1|48|1|OP17-117|0|49|0|39|0|0|0|0|0
RZ1|CHK|48|1|50|0|0|0|10|0|0|0|1|0
RZ1|49|1|OP17-104|0|42|0|40|0|0|0|0|0
RZ1|CHK|49|1|50|0|0|0|10|0|0|0|1|0
RZ1|50|1|OP17-112|0|48|0|41|0|0|0|0|0
RZ1|CHK|50|1|50|0|0|0|10|0|0|0|1|0
RZ1|51|1|OP17-102|0|47|0|42|0|0|0|0|0
RZ1|CHK|51|1|50|0|0|0|10|0|0|0|1|0
RZ1|52|1|OP17-115|0|49|0|43|0|0|0|0|0
RZ1|CHK|52|1|50|0|0|0|10|0|0|0|1|0
RZ1|53|1|OP17-107|0|46|0|44|0|0|0|0|0
RZ1|CHK|53|1|50|0|0|0|10|0|0|0|1|0
RZ1|54|1|OP17-109|0|48|0|47|0|0|0|0|0
RZ1|CHK|54|1|50|0|0|0|10|0|0|0|1|0
[BigRato​#5650] Drew card from deck: Charlotte Katakuri [<mark><link="OP17-103">OP17-103</link></mark>]
RZ1|55|1|OP17-103|0|49|1|0|1|1|0|0|0
RZ1|CHK|55|1|49|1|0|0|10|0|0|0|1|0
[BigRato​#5650] Drew card from deck: Charlotte Brulee [<mark><link="OP17-108">OP17-108</link></mark>]
RZ1|56|1|OP17-108|0|48|1|1|1|1|0|0|0
RZ1|CHK|56|1|48|2|0|0|10|0|0|0|1|0
[BigRato​#5650] Drew card from deck: Charlotte Pudding [<mark><link="OP17-109">OP17-109</link></mark>]
RZ1|57|1|OP17-109|0|47|1|2|1|1|0|0|0
RZ1|CHK|57|1|47|3|0|0|10|0|0|0|1|0
[BigRato​#5650] Drew card from deck: Streusen [<mark><link="OP17-113">OP17-113</link></mark>]
RZ1|58|1|OP17-113|0|46|1|3|1|1|0|0|0
RZ1|CHK|58|1|46|4|0|0|10|0|0|0|1|0
[BigRato​#5650] Drew card from deck: Streusen [<mark><link="OP17-113">OP17-113</link></mark>]
RZ1|59|1|OP17-113|0|45|1|4|1|1|0|0|0
RZ1|CHK|59|1|45|5|0|0|10|0|0|0|1|0
[BigRato​#5650] Hand before Mulligan: [OP17-103,OP17-108,OP17-109,OP17-113,OP17-113]
RZ1|60|2|OP15-078|0|39|0|0|0|0|0|0|0
RZ1|CHK|60|2|50|0|0|0|10|0|0|0|1|0
RZ1|61|2|EB01-061|0|15|0|1|0|0|0|0|0
RZ1|CHK|61|2|50|0|0|0|10|0|0|0|1|0
RZ1|62|2|OP11-067|0|28|0|2|0|0|0|0|0
RZ1|CHK|62|2|50|0|0|0|10|0|0|0|1|0
RZ1|63|2|EB01-061|0|16|0|3|0|0|0|0|0
RZ1|CHK|63|2|50|0|0|0|10|0|0|0|1|0
RZ1|64|2|EB01-061|0|17|0|4|0|0|0|0|0
RZ1|CHK|64|2|50|0|0|0|10|0|0|0|1|0
RZ1|65|2|ST34-004|0|33|0|5|0|0|0|0|0
RZ1|CHK|65|2|50|0|0|0|10|0|0|0|1|0
RZ1|66|2|OP17-074|0|13|0|6|0|0|0|0|0
RZ1|CHK|66|2|50|0|0|0|10|0|0|0|1|0
RZ1|67|2|OP05-073|0|20|0|7|0|0|0|0|0
RZ1|CHK|67|2|50|0|0|0|10|0|0|0|1|0
RZ1|68|2|OP09-078|0|45|0|8|0|0|0|0|0
RZ1|CHK|68|2|50|0|0|0|10|0|0|0|1|0
RZ1|69|2|ST34-004|0|35|0|9|0|0|0|0|0
RZ1|CHK|69|2|50|0|0|0|10|0|0|0|1|0
RZ1|70|2|OP17-062|0|32|0|10|0|0|0|0|0
RZ1|CHK|70|2|50|0|0|0|10|0|0|0|1|0
RZ1|71|2|OP13-061|0|14|0|11|0|0|0|0|0
RZ1|CHK|71|2|50|0|0|0|10|0|0|0|1|0
RZ1|72|2|ST34-004|0|37|0|12|0|0|0|0|0
RZ1|CHK|72|2|50|0|0|0|10|0|0|0|1|0
RZ1|73|2|OP07-064|0|30|0|13|0|0|0|0|0
RZ1|CHK|73|2|50|0|0|0|10|0|0|0|1|0
RZ1|74|2|OP13-076|0|38|0|14|0|0|0|0|0
RZ1|CHK|74|2|50|0|0|0|10|0|0|0|1|0
RZ1|75|2|OP07-076|0|49|0|15|0|0|0|0|0
RZ1|CHK|75|2|50|0|0|0|10|0|0|0|1|0
RZ1|76|2|ST18-001|0|25|0|16|0|0|0|0|0
RZ1|CHK|76|2|50|0|0|0|10|0|0|0|1|0
RZ1|77|2|ST18-001|0|25|0|17|0|0|0|0|0
RZ1|CHK|77|2|50|0|0|0|10|0|0|0|1|0
RZ1|78|2|OP05-073|0|29|0|18|0|0|0|0|0
RZ1|CHK|78|2|50|0|0|0|10|0|0|0|1|0
RZ1|79|2|OP07-076|0|47|0|19|0|0|0|0|0
RZ1|CHK|79|2|50|0|0|0|10|0|0|0|1|0
RZ1|80|2|OP07-064|0|31|0|20|0|0|0|0|0
RZ1|CHK|80|2|50|0|0|0|10|0|0|0|1|0
RZ1|81|2|OP13-076|0|41|0|21|0|0|0|0|0
RZ1|CHK|81|2|50|0|0|0|10|0|0|0|1|0
RZ1|82|2|OP17-074|0|25|0|22|0|0|0|0|0
RZ1|CHK|82|2|50|0|0|0|10|0|0|0|1|0
RZ1|83|2|OP15-078|0|44|0|23|0|0|0|0|0
RZ1|CHK|83|2|50|0|0|0|10|0|0|0|1|0
RZ1|84|2|OP05-073|0|33|0|24|0|0|0|0|0
RZ1|CHK|84|2|50|0|0|0|10|0|0|0|1|0
RZ1|85|2|OP07-076|0|49|0|25|0|0|0|0|0
RZ1|CHK|85|2|50|0|0|0|10|0|0|0|1|0
RZ1|86|2|OP09-078|0|47|0|26|0|0|0|0|0
RZ1|CHK|86|2|50|0|0|0|10|0|0|0|1|0
RZ1|87|2|OP17-074|0|30|0|27|0|0|0|0|0
RZ1|CHK|87|2|50|0|0|0|10|0|0|0|1|0
RZ1|88|2|OP17-062|0|41|0|28|0|0|0|0|0
RZ1|CHK|88|2|50|0|0|0|10|0|0|0|1|0
RZ1|89|2|OP05-073|0|36|0|29|0|0|0|0|0
RZ1|CHK|89|2|50|0|0|0|10|0|0|0|1|0
RZ1|90|2|OP13-061|0|32|0|30|0|0|0|0|0
RZ1|CHK|90|2|50|0|0|0|10|0|0|0|1|0
RZ1|91|2|OP17-062|0|42|0|31|0|0|0|0|0
RZ1|CHK|91|2|50|0|0|0|10|0|0|0|1|0
RZ1|92|2|OP15-078|0|46|0|32|0|0|0|0|0
RZ1|CHK|92|2|50|0|0|0|10|0|0|0|1|0
RZ1|93|2|ST18-001|0|36|0|34|0|0|0|0|0
RZ1|CHK|93|2|50|0|0|0|10|0|0|0|1|0
RZ1|94|2|ST18-001|0|37|0|35|0|0|0|0|0
RZ1|CHK|94|2|50|0|0|0|10|0|0|0|1|0
RZ1|95|2|OP17-074|0|37|0|36|0|0|0|0|0
RZ1|CHK|95|2|50|0|0|0|10|0|0|0|1|0
RZ1|96|2|OP09-078|0|47|0|37|0|0|0|0|0
RZ1|CHK|96|2|50|0|0|0|10|0|0|0|1|0
RZ1|97|2|OP07-076|0|49|0|38|0|0|0|0|0
RZ1|CHK|97|2|50|0|0|0|10|0|0|0|1|0
RZ1|98|2|OP17-062|0|46|0|39|0|0|0|0|0
RZ1|CHK|98|2|50|0|0|0|10|0|0|0|1|0
RZ1|99|2|OP11-067|0|44|0|40|0|0|0|0|0
RZ1|CHK|99|2|50|0|0|0|10|0|0|0|1|0
RZ1|100|2|OP15-078|0|48|0|41|0|0|0|0|0
RZ1|CHK|100|2|50|0|0|0|10|0|0|0|1|0
RZ1|101|2|OP11-067|0|47|0|42|0|0|0|0|0
RZ1|CHK|101|2|50|0|0|0|10|0|0|0|1|0
RZ1|102|2|OP11-067|0|47|0|43|0|0|0|0|0
RZ1|CHK|102|2|50|0|0|0|10|0|0|0|1|0
RZ1|103|2|ST34-004|0|48|0|44|0|0|0|0|0
RZ1|CHK|103|2|50|0|0|0|10|0|0|0|1|0
RZ1|104|2|OP07-064|0|47|0|45|0|0|0|0|0
RZ1|CHK|104|2|50|0|0|0|10|0|0|0|1|0
RZ1|105|2|EB01-061|0|47|0|46|0|0|0|0|0
RZ1|CHK|105|2|50|0|0|0|10|0|0|0|1|0
RZ1|106|2|OP09-078|0|49|0|47|0|0|0|0|0
RZ1|CHK|106|2|50|0|0|0|10|0|0|0|1|0
[Risco​#9935] Drew card from deck: Sanji [<mark><link="OP07-064">OP07-064</link></mark>]
RZ1|107|2|OP07-064|0|49|1|0|0|1|0|0|0
RZ1|CHK|107|2|49|1|0|0|10|0|0|0|1|0
[Risco​#9935] Drew card from deck: Inuarashi [<mark><link="OP13-061">OP13-061</link></mark>]
RZ1|108|2|OP13-061|0|48|1|1|0|1|0|0|0
RZ1|CHK|108|2|48|2|0|0|10|0|0|0|1|0
[Risco​#9935] Drew card from deck: Gum Gum Giant [<mark><link="OP09-078">OP09-078</link></mark>]
RZ1|109|2|OP09-078|0|47|1|2|0|1|0|0|0
RZ1|CHK|109|2|47|3|0|0|10|0|0|0|1|0
[Risco​#9935] Drew card from deck: Mr. 2 Bon Clay (Bentham) [<mark><link="EB01-061">EB01-061</link></mark>]
RZ1|110|2|EB01-061|0|46|1|3|0|1|0|0|0
RZ1|CHK|110|2|46|4|0|0|10|0|0|0|1|0
[Risco​#9935] Drew card from deck: Sanji [<mark><link="OP07-064">OP07-064</link></mark>]
RZ1|111|2|OP07-064|0|45|1|4|0|1|0|0|0
RZ1|CHK|111|2|45|5|0|0|10|0|0|0|1|0
RZ1|112|1|OP17-107|0|44|3|0|1|0|0|0|0
RZ1|CHK|112|1|44|5|0|1|10|0|0|0|1|0
RZ1|113|1|OP17-115|0|43|3|1|1|0|0|0|0
RZ1|CHK|113|1|43|5|0|2|10|0|0|0|1|0
RZ1|114|1|OP17-102|0|42|3|2|1|0|0|0|0
RZ1|CHK|114|1|42|5|0|3|10|0|0|0|1|0
RZ1|115|1|OP17-112|0|41|3|3|1|0|0|0|0
RZ1|CHK|115|1|41|5|0|4|10|0|0|0|1|0
RZ1|116|1|OP17-104|0|40|3|4|1|0|0|0|0
RZ1|CHK|116|1|40|5|0|5|10|0|0|0|1|0
RZ1|117|2|OP07-064|1|0|0|45|0|0|0|0|0
RZ1|CHK|117|2|46|4|0|0|10|0|0|0|1|0
RZ1|118|2|OP13-061|1|0|0|46|0|0|0|0|0
RZ1|CHK|118|2|47|3|0|0|10|0|0|0|1|0
RZ1|119|2|OP09-078|1|0|0|47|0|0|0|0|0
RZ1|CHK|119|2|48|2|0|0|10|0|0|0|1|0
RZ1|120|2|EB01-061|1|0|0|48|0|0|0|0|0
RZ1|CHK|120|2|49|1|0|0|10|0|0|0|1|0
RZ1|121|2|OP07-064|1|0|0|49|0|0|0|0|0
RZ1|CHK|121|2|50|0|0|0|10|0|0|0|1|0
RZ1|122|2|ST34-004|0|12|0|0|0|0|0|0|0
RZ1|CHK|122|2|50|0|0|0|10|0|0|0|1|0
RZ1|123|2|OP17-062|0|11|0|1|0|0|0|0|0
RZ1|CHK|123|2|50|0|0|0|10|0|0|0|1|0
RZ1|124|2|OP17-074|0|8|0|2|0|0|0|0|0
RZ1|CHK|124|2|50|0|0|0|10|0|0|0|1|0
RZ1|125|2|OP11-067|0|42|0|3|0|0|0|0|0
RZ1|CHK|125|2|50|0|0|0|10|0|0|0|1|0
RZ1|126|2|OP13-076|0|22|0|4|0|0|0|0|0
RZ1|CHK|126|2|50|0|0|0|10|0|0|0|1|0
RZ1|127|2|OP17-074|0|28|0|5|0|0|0|0|0
RZ1|CHK|127|2|50|0|0|0|10|0|0|0|1|0
RZ1|128|2|OP07-064|0|16|0|6|0|0|0|0|0
RZ1|CHK|128|2|50|0|0|0|10|0|0|0|1|0
RZ1|129|2|OP05-073|0|30|0|7|0|0|0|0|0
RZ1|CHK|129|2|50|0|0|0|10|0|0|0|1|0
RZ1|130|2|OP07-076|0|28|0|8|0|0|0|0|0
RZ1|CHK|130|2|50|0|0|0|10|0|0|0|1|0
RZ1|131|2|OP11-067|0|41|0|9|0|0|0|0|0
RZ1|CHK|131|2|50|0|0|0|10|0|0|0|1|0
RZ1|132|2|OP17-062|0|41|0|10|0|0|0|0|0
RZ1|CHK|132|2|50|0|0|0|10|0|0|0|1|0
RZ1|133|2|OP13-061|0|20|0|11|0|0|0|0|0
RZ1|CHK|133|2|50|0|0|0|10|0|0|0|1|0
RZ1|134|2|OP15-078|0|29|0|12|0|0|0|0|0
RZ1|CHK|134|2|50|0|0|0|10|0|0|0|1|0
RZ1|135|2|OP15-078|0|35|0|13|0|0|0|0|0
RZ1|CHK|135|2|50|0|0|0|10|0|0|0|1|0
RZ1|136|2|OP11-067|0|16|0|14|0|0|0|0|0
RZ1|CHK|136|2|50|0|0|0|10|0|0|0|1|0
RZ1|137|2|OP07-064|0|29|0|15|0|0|0|0|0
RZ1|CHK|137|2|50|0|0|0|10|0|0|0|1|0
RZ1|138|2|OP09-078|0|32|0|16|0|0|0|0|0
RZ1|CHK|138|2|50|0|0|0|10|0|0|0|1|0
RZ1|139|2|EB01-061|0|20|0|17|0|0|0|0|0
RZ1|CHK|139|2|50|0|0|0|10|0|0|0|1|0
RZ1|140|2|OP05-073|0|29|0|18|0|0|0|0|0
RZ1|CHK|140|2|50|0|0|0|10|0|0|0|1|0
RZ1|141|2|ST34-004|0|22|0|19|0|0|0|0|0
RZ1|CHK|141|2|50|0|0|0|10|0|0|0|1|0
RZ1|142|2|OP05-073|0|32|0|20|0|0|0|0|0
RZ1|CHK|142|2|50|0|0|0|10|0|0|0|1|0
RZ1|143|2|ST34-004|0|26|0|21|0|0|0|0|0
RZ1|CHK|143|2|50|0|0|0|10|0|0|0|1|0
RZ1|144|2|OP13-061|0|46|0|22|0|0|0|0|0
RZ1|CHK|144|2|50|0|0|0|10|0|0|0|1|0
RZ1|145|2|EB01-061|0|25|0|23|0|0|0|0|0
RZ1|CHK|145|2|50|0|0|0|10|0|0|0|1|0
RZ1|146|2|OP17-074|0|33|0|24|0|0|0|0|0
RZ1|CHK|146|2|50|0|0|0|10|0|0|0|1|0
RZ1|147|2|ST18-001|0|31|0|25|0|0|0|0|0
RZ1|CHK|147|2|50|0|0|0|10|0|0|0|1|0
RZ1|148|2|OP09-078|0|41|0|26|0|0|0|0|0
RZ1|CHK|148|2|50|0|0|0|10|0|0|0|1|0
RZ1|149|2|OP09-078|0|47|0|27|0|0|0|0|0
RZ1|CHK|149|2|50|0|0|0|10|0|0|0|1|0
RZ1|150|2|ST18-001|0|41|0|28|0|0|0|0|0
RZ1|CHK|150|2|50|0|0|0|10|0|0|0|1|0
RZ1|151|2|EB01-061|0|48|0|29|0|0|0|0|0
RZ1|CHK|151|2|50|0|0|0|10|0|0|0|1|0
RZ1|152|2|ST34-004|0|47|0|30|0|0|0|0|0
RZ1|CHK|152|2|50|0|0|0|10|0|0|0|1|0
RZ1|153|2|OP07-076|0|38|0|31|0|0|0|0|0
RZ1|CHK|153|2|50|0|0|0|10|0|0|0|1|0
RZ1|154|2|OP07-064|0|49|0|32|0|0|0|0|0
RZ1|CHK|154|2|50|0|0|0|10|0|0|0|1|0
RZ1|155|2|OP17-074|0|45|0|33|0|0|0|0|0
RZ1|CHK|155|2|50|0|0|0|10|0|0|0|1|0
RZ1|156|2|OP09-078|0|37|0|34|0|0|0|0|0
RZ1|CHK|156|2|50|0|0|0|10|0|0|0|1|0
RZ1|157|2|OP13-061|0|42|0|35|0|0|0|0|0
RZ1|CHK|157|2|50|0|0|0|10|0|0|0|1|0
RZ1|158|2|OP17-062|0|42|0|36|0|0|0|0|0
RZ1|CHK|158|2|50|0|0|0|10|0|0|0|1|0
RZ1|159|2|OP11-067|0|48|0|37|0|0|0|0|0
RZ1|CHK|159|2|50|0|0|0|10|0|0|0|1|0
RZ1|160|2|ST18-001|0|43|0|38|0|0|0|0|0
RZ1|CHK|160|2|50|0|0|0|10|0|0|0|1|0
RZ1|161|2|EB01-061|0|40|0|39|0|0|0|0|0
RZ1|CHK|161|2|50|0|0|0|10|0|0|0|1|0
RZ1|162|2|OP13-076|0|42|0|40|0|0|0|0|0
RZ1|CHK|162|2|50|0|0|0|10|0|0|0|1|0
RZ1|163|2|OP07-064|0|49|0|41|0|0|0|0|0
RZ1|CHK|163|2|50|0|0|0|10|0|0|0|1|0
RZ1|164|2|OP15-078|0|49|0|42|0|0|0|0|0
RZ1|CHK|164|2|50|0|0|0|10|0|0|0|1|0
RZ1|165|2|OP05-073|0|44|0|43|0|0|0|0|0
RZ1|CHK|165|2|50|0|0|0|10|0|0|0|1|0
RZ1|166|2|OP17-062|0|46|0|44|0|0|0|0|0
RZ1|CHK|166|2|50|0|0|0|10|0|0|0|1|0
RZ1|167|2|ST18-001|0|48|0|45|0|0|0|0|0
RZ1|CHK|167|2|50|0|0|0|10|0|0|0|1|0
RZ1|168|2|OP13-061|0|48|0|46|0|0|0|0|0
RZ1|CHK|168|2|50|0|0|0|10|0|0|0|1|0
RZ1|169|2|OP07-076|0|49|0|47|0|0|0|0|0
RZ1|CHK|169|2|50|0|0|0|10|0|0|0|1|0
[Risco​#9935] Drew card from deck: NoroNoro Beam Sword [<mark><link="OP07-076">OP07-076</link></mark>]
RZ1|170|2|OP07-076|0|49|1|0|0|1|0|0|0
RZ1|CHK|170|2|49|1|0|0|10|0|0|0|1|0
[Risco​#9935] Drew card from deck: Mamaragan [<mark><link="OP15-078">OP15-078</link></mark>]
RZ1|171|2|OP15-078|0|48|1|1|0|1|0|0|0
RZ1|CHK|171|2|48|2|0|0|10|0|0|0|1|0
[Risco​#9935] Drew card from deck: NoroNoro Beam Sword [<mark><link="OP07-076">OP07-076</link></mark>]
RZ1|172|2|OP07-076|0|47|1|2|0|1|0|0|0
RZ1|CHK|172|2|47|3|0|0|10|0|0|0|1|0
[Risco​#9935] Drew card from deck: Inuarashi [<mark><link="OP13-061">OP13-061</link></mark>]
RZ1|173|2|OP13-061|0|46|1|3|0|1|0|0|0
RZ1|CHK|173|2|46|4|0|0|10|0|0|0|1|0
[Risco​#9935] Drew card from deck: Usohachi [<mark><link="ST18-001">ST18-001</link></mark>]
RZ1|174|2|ST18-001|0|45|1|4|0|1|0|0|0
RZ1|CHK|174|2|45|5|0|0|10|0|0|0|1|0
RZ1|175|2|OP17-062|0|44|3|0|0|1|0|0|0
RZ1|CHK|175|2|44|5|0|1|10|0|0|0|1|0
RZ1|176|2|OP05-073|0|43|3|1|0|1|0|0|0
RZ1|CHK|176|2|43|5|0|2|10|0|0|0|1|0
RZ1|177|2|OP15-078|0|42|3|2|0|1|0|0|0
RZ1|CHK|177|2|42|5|0|3|10|0|0|0|1|0
RZ1|178|2|OP07-064|0|41|3|3|0|1|0|0|0
RZ1|CHK|178|2|41|5|0|4|10|0|0|0|1|0
RZ1|179|2|OP13-076|0|40|3|4|0|1|0|0|0
RZ1|CHK|179|2|40|5|0|5|10|0|0|0|1|0
[Risco​#9935] Mulligan
RZ1|180|2|Don|4|9|5|0|1|1|0|0|0
RZ1|CHK|180|2|40|5|0|5|9|1|0|0|1|0
[Risco​#9935] Draw 1 Don
[Risco​#9935] End Turn
[BigRato​#5650] Hand: [OP17-103,OP17-108,OP17-109,OP17-113,OP17-113]
[BigRato​#5650] Board: []
[BigRato​#5650] Trash: []
[BigRato​#5650] Life: 5
[Risco​#9935] Hand: [OP07-076,OP15-078,OP07-076,OP13-061,ST18-001]
[Risco​#9935] Trash: []
[Risco​#9935] Board: []
[Risco​#9935] Life: 5
[BigRato​#5650] Draw 1 Card
[BigRato​#5650] Drew card from deck: Maser Saber [<mark><link="OP17-117">OP17-117</link></mark>]
RZ1|181|1|OP17-117|0|39|1|5|1|1|0|0|0
RZ1|CHK|181|1|39|6|0|5|10|0|0|0|1|0
RZ1|182|1|Don|4|9|5|0|1|1|0|0|0
RZ1|CHK|182|1|39|6|0|5|9|1|0|0|1|0
RZ1|183|1|Don|4|8|5|1|1|1|0|0|0
RZ1|CHK|183|1|39|6|0|5|8|2|0|0|1|0
[BigRato​#5650] Draw 2 Don
RZ1|184|1|Don|5|0|5|0|1|1|1|0|0
RZ1|CHK|184|1|39|6|0|5|8|2|0|0|1|0
[BigRato​#5650] Deploy Streusen [<mark><link="OP17-113">OP17-113</link></mark>]
RZ1|185|1|OP17-113|1|4|2|0|1|1|0|0|0
RZ1|CHK|185|1|39|5|1|5|8|2|0|0|1|0
RZ1|186|1|OP17-114|0|37|1|5|1|1|0|0|0
RZ1|CHK|186|1|38|6|1|5|8|2|0|0|1|0
[BigRato​#5650] Streusen [<mark><link="OP17-113">OP17-113</link></mark>]: <b>Reveal and Draw The 3 Sweet Commanders [<mark><link="OP17-114">OP17-114</link></mark>]</b>
[BigRato​#5650] Placing Cards on Bottom of Deck
RZ1|187|1|OP17-114|0|37|0|0|0|0|0|0|0
RZ1|CHK|187|1|38|6|1|5|8|2|0|0|1|0
RZ1|188|1|EB04-058|0|37|0|0|0|0|0|0|0
RZ1|CHK|188|1|38|6|1|5|8|2|0|0|1|0
[BigRato​#5650] Hand: [OP17-103,OP17-108,OP17-109,OP17-113,OP17-117,OP17-114]
[BigRato​#5650] Board: [OP17-113]
[BigRato​#5650] Trash: []
[BigRato​#5650] Life: 5
[Risco​#9935] Hand: [OP07-076,OP15-078,OP07-076,OP13-061,ST18-001]
[Risco​#9935] Trash: []
[Risco​#9935] Board: []
[Risco​#9935] Life: 5
[BigRato​#5650] End Turn
[Risco​#9935] Draw 1 Card
[Risco​#9935] Drew card from deck: Mr. 2 Bon Clay (Bentham) [<mark><link="EB01-061">EB01-061</link></mark>]
RZ1|189|2|EB01-061|0|39|1|5|0|1|0|0|0
RZ1|CHK|189|2|39|6|0|5|9|1|0|0|1|0
RZ1|190|2|Don|4|8|5|1|1|1|0|0|0
RZ1|CHK|190|2|39|6|0|5|8|2|0|0|1|0
RZ1|191|2|Don|4|7|5|2|1|1|0|0|0
RZ1|CHK|191|2|39|6|0|5|7|3|0|0|1|0
[Risco​#9935] Draw 2 Don
[Risco​#9935] Loses 1 Life
RZ1|192|2|OP13-076|3|4|1|6|0|1|0|0|0
RZ1|CHK|192|2|39|7|0|4|7|3|0|0|1|0
Monkey D. Luffy [<mark><link="OP05-060">OP05-060</link></mark>]: Draw 1 Don
RZ1|193|2|Don|4|6|5|3|1|1|0|0|0
RZ1|CHK|193|2|39|7|0|4|6|4|0|0|1|0
RZ1|194|2|Don|5|0|5|0|1|1|1|0|0
RZ1|CHK|194|2|39|7|0|4|6|4|0|0|1|0
RZ1|195|2|Don|5|1|5|1|1|1|1|0|0
RZ1|CHK|195|2|39|7|0|4|6|4|0|0|1|0
RZ1|196|2|Don|5|2|5|2|1|1|1|0|0
RZ1|CHK|196|2|39|7|0|4|6|4|0|0|1|0
RZ1|197|2|Don|5|3|5|3|1|1|1|0|0
RZ1|CHK|197|2|39|7|0|4|6|4|0|0|1|0
[Risco​#9935] Deploy Mr. 2 Bon Clay (Bentham) [<mark><link="EB01-061">EB01-061</link></mark>]
RZ1|198|2|EB01-061|1|5|2|0|1|1|0|0|0
RZ1|CHK|198|2|39|6|1|4|6|4|0|0|1|0
Mr. 2 Bon Clay (Bentham) [<mark><link="EB01-061">EB01-061</link></mark>]: Draw 1 Don
RZ1|199|2|Don|4|5|5|4|1|1|0|0|0
RZ1|CHK|199|2|39|6|1|4|5|5|0|0|1|0
[Risco​#9935] Attach 1 Don to Monkey D. Luffy [<mark><link="OP05-060">OP05-060</link></mark>] (1 Total)
RZ1|200|2|Don|5|4|9|9900|1|1|0|0|0
RZ1|CHK|200|2|39|6|1|4|5|4|0|0|1|1
[Risco​#9935] Monkey D. Luffy [<mark><link="OP05-060">OP05-060</link></mark>] attacking Charlotte Linlin [<mark><link="OP17-099">OP17-099</link></mark>]
Monkey D. Luffy [<mark><link="OP05-060">OP05-060</link></mark>][6000] vs Charlotte Linlin [<mark><link="OP17-099">OP17-099</link></mark>][5000]
Charlotte Linlin [<mark><link="OP17-099">OP17-099</link></mark>] hit for 1 damage
RZ1|201|1|OP17-104|3|4|1|6|1|1|0|0|0
RZ1|CHK|201|1|38|7|1|4|8|2|0|0|1|0
[BigRato​#5650] Charlotte Cracker [<mark><link="OP17-104">OP17-104</link></mark>]: Activate Trigger
RZ1|202|1|OP17-104|1|6|6|0|1|1|0|0|0
RZ1|CHK|202|1|38|6|1|4|8|2|1|0|1|0
RZ1|203|1|OP17-104|6|0|2|1|1|1|0|0|0
RZ1|CHK|203|1|38|6|2|4|8|2|0|0|1|0
[BigRato​#5650] Charlotte Cracker [<mark><link="OP17-104">OP17-104</link></mark>]: Deploy Charlotte Cracker [<mark><link="OP17-104">OP17-104</link></mark>]
[Risco​#9935] End Turn
[BigRato​#5650] Hand: [OP17-103,OP17-108,OP17-109,OP17-113,OP17-117,OP17-114]
[BigRato​#5650] Board: [OP17-113,OP17-104]
[BigRato​#5650] Trash: []
[BigRato​#5650] Life: 4
[Risco​#9935] Hand: [OP07-076,OP15-078,OP07-076,OP13-061,ST18-001,OP13-076]
[Risco​#9935] Trash: []
[Risco​#9935] Board: [EB01-061]
[Risco​#9935] Life: 4
[BigRato​#5650] Draw 1 Card
[BigRato​#5650] Drew card from deck: Charlotte Brulee [<mark><link="OP17-108">OP17-108</link></mark>]
RZ1|204|1|OP17-108|0|37|1|6|1|1|0|0|0
RZ1|CHK|204|1|37|7|2|4|8|2|0|0|1|0
RZ1|205|1|Don|4|7|5|2|1|1|0|0|0
RZ1|CHK|205|1|37|7|2|4|7|3|0|0|1|0
RZ1|206|1|Don|4|6|5|3|1|1|0|0|0
RZ1|CHK|206|1|37|7|2|4|6|4|0|0|1|0
[BigRato​#5650] Draw 2 Don
RZ1|207|1|Don|5|0|5|0|1|1|1|0|0
RZ1|CHK|207|1|37|7|2|4|6|4|0|0|1|0
RZ1|208|1|Don|5|1|5|1|1|1|1|0|0
RZ1|CHK|208|1|37|7|2|4|6|4|0|0|1|0
RZ1|209|1|Don|5|2|5|2|1|1|1|0|0
RZ1|CHK|209|1|37|7|2|4|6|4|0|0|1|0
[BigRato​#5650] Deploy Charlotte Pudding [<mark><link="OP17-109">OP17-109</link></mark>]
RZ1|210|1|OP17-109|1|2|2|2|1|1|0|0|0
RZ1|CHK|210|1|37|6|3|4|6|4|0|0|1|0
RZ1|211|1|OP17-108|1|5|6|0|1|1|0|0|0
RZ1|CHK|211|1|37|5|3|4|6|4|1|0|1|0
[BigRato​#5650] Charlotte Pudding [<mark><link="OP17-109">OP17-109</link></mark>]: Trash Charlotte Brulee [<mark><link="OP17-108">OP17-108</link></mark>]
[BigRato​#5650] Drew card from deck: Marshall D. Teach [<mark><link="OP16-119">OP16-119</link></mark>]
RZ1|212|1|OP16-119|0|36|1|5|1|1|0|0|0
RZ1|CHK|212|1|36|6|3|4|6|4|1|0|1|0
[BigRato​#5650] Drew card from deck: Charlotte Pudding [<mark><link="OP17-109">OP17-109</link></mark>]
RZ1|213|1|OP17-109|0|35|1|6|1|1|0|0|0
RZ1|CHK|213|1|35|7|3|4|6|4|1|0|1|0
[BigRato​#5650] Drew card from deck: Charlotte Linlin [<mark><link="OP17-112">OP17-112</link></mark>]
RZ1|214|1|OP17-112|0|34|1|7|1|1|0|0|0
RZ1|CHK|214|1|34|8|3|4|6|4|1|0|1|0
[BigRato​#5650] Charlotte Pudding [<mark><link="OP17-109">OP17-109</link></mark>]: Draw 3 Card
[BigRato​#5650] Attach 1 Don to Charlotte Linlin [<mark><link="OP17-099">OP17-099</link></mark>] (1 Total)
RZ1|215|1|Don|5|3|9|9900|1|1|0|0|0
RZ1|CHK|215|1|34|8|3|4|6|3|1|0|1|1
[BigRato​#5650] Charlotte Linlin [<mark><link="OP17-099">OP17-099</link></mark>] attacking Monkey D. Luffy [<mark><link="OP05-060">OP05-060</link></mark>]
RZ1|216|1|OP17-108|1|1|6|1|1|1|0|0|0
RZ1|CHK|216|1|34|7|3|4|6|3|2|0|1|1
[BigRato​#5650] Charlotte Linlin [<mark><link="OP17-099">OP17-099</link></mark>]: Trash Charlotte Brulee [<mark><link="OP17-108">OP17-108</link></mark>]
[BigRato​#5650] Forcing opponent to resolve Card Action!
[Risco​#9935] Forcing opponent to resolve Card Action!
RZ1|217|1|OP17-117|1|2|6|2|1|1|0|0|0
RZ1|CHK|217|1|34|6|3|4|6|3|3|0|1|1
[BigRato​#5650] Charlotte Linlin [<mark><link="OP17-099">OP17-099</link></mark>]: Trash Maser Saber [<mark><link="OP17-117">OP17-117</link></mark>]
[BigRato​#5650] Charlotte Linlin [<mark><link="OP17-099">OP17-099</link></mark>]: Add card to top of Life from Deck
RZ1|218|1|OP17-102|0|33|3|4|1|0|0|0|0
RZ1|CHK|218|1|33|6|3|5|6|3|3|0|1|1
[Risco​#9935] Mamaragan [<mark><link="OP15-078">OP15-078</link></mark>]: Activate Counter
RZ1|219|2|OP15-078|1|1|6|0|1|1|0|0|0
RZ1|CHK|219|2|39|5|1|4|5|4|1|0|1|1
[Risco​#9935] Mamaragan [<mark><link="OP15-078">OP15-078</link></mark>]: Buff Monkey D. Luffy [<mark><link="OP05-060">OP05-060</link></mark>] 1000 for the Combat
[Risco​#9935] Drew card from deck: Usohachi [<mark><link="ST18-001">ST18-001</link></mark>]
RZ1|220|2|ST18-001|0|38|1|5|0|1|0|0|0
RZ1|CHK|220|2|38|6|1|4|5|4|1|0|1|1
[Risco​#9935] Mamaragan [<mark><link="OP15-078">OP15-078</link></mark>]: Draw 1 Card
[Risco​#9935] Discard Inuarashi [<mark><link="OP13-061">OP13-061</link></mark>] for Counter 1000
RZ1|221|2|OP13-061|1|2|6|1|1|1|0|0|0
RZ1|CHK|221|2|38|5|1|4|5|4|2|0|1|1
Charlotte Linlin [<mark><link="OP17-099">OP17-099</link></mark>][6000] vs Monkey D. Luffy [<mark><link="OP05-060">OP05-060</link></mark>][7000]
Attack Fails
[BigRato​#5650] Hand: [OP17-103,OP17-113,OP17-114,OP16-119,OP17-109,OP17-112]
[BigRato​#5650] Board: [OP17-113,OP17-104,OP17-109]
[BigRato​#5650] Trash: [OP17-108,OP17-108,OP17-117]
[BigRato​#5650] Life: 5
[Risco​#9935] Hand: [OP07-076,OP07-076,ST18-001,OP13-076,ST18-001]
[Risco​#9935] Trash: [OP15-078,OP13-061]
[Risco​#9935] Board: [EB01-061]
[Risco​#9935] Life: 4
[BigRato​#5650] End Turn
RZ1|222|2|Don|9|9900|5|0|1|1|1|0|0
RZ1|CHK|222|2|38|5|1|4|5|5|2|0|1|0
[Risco​#9935] Draw 1 Card
[Risco​#9935] Drew card from deck: Charlotte Katakuri [<mark><link="OP11-067">OP11-067</link></mark>]
RZ1|223|2|OP11-067|0|37|1|5|0|1|0|0|0
RZ1|CHK|223|2|37|6|1|4|5|5|2|0|1|0
RZ1|224|2|Don|4|4|5|5|1|1|0|0|0
RZ1|CHK|224|2|37|6|1|4|4|6|2|0|1|0
RZ1|225|2|Don|4|3|5|6|1|1|0|0|0
RZ1|CHK|225|2|37|6|1|4|3|7|2|0|1|0
[Risco​#9935] Draw 2 Don
[Risco​#9935] Loses 1 Life
RZ1|226|2|OP07-064|3|3|1|6|0|1|0|0|0
RZ1|CHK|226|2|37|7|1|3|3|7|2|0|1|0
Monkey D. Luffy [<mark><link="OP05-060">OP05-060</link></mark>]: Draw 1 Don
RZ1|227|2|Don|4|2|5|7|1|1|0|0|0
RZ1|CHK|227|2|37|7|1|3|2|8|2|0|1|0
[Risco​#9935] Monkey D. Luffy [<mark><link="OP05-060">OP05-060</link></mark>] attacking Charlotte Linlin [<mark><link="OP17-099">OP17-099</link></mark>]
Monkey D. Luffy [<mark><link="OP05-060">OP05-060</link></mark>][5000] vs Charlotte Linlin [<mark><link="OP17-099">OP17-099</link></mark>][5000]
Charlotte Linlin [<mark><link="OP17-099">OP17-099</link></mark>] hit for 1 damage
RZ1|228|1|OP17-102|3|4|1|6|1|1|0|0|0
RZ1|CHK|228|1|33|7|3|4|6|3|3|0|1|1
[BigRato​#5650] Charlotte Oven [<mark><link="OP17-102">OP17-102</link></mark>]: Activate Trigger
RZ1|229|1|OP17-102|1|6|6|3|1|1|0|0|0
RZ1|CHK|229|1|33|6|3|4|6|3|4|0|1|1
RZ1|230|1|OP17-102|6|3|2|3|1|1|0|0|0
RZ1|CHK|230|1|33|6|4|4|6|3|3|0|1|1
[BigRato​#5650] Charlotte Oven [<mark><link="OP17-102">OP17-102</link></mark>]: Deploy Charlotte Oven [<mark><link="OP17-102">OP17-102</link></mark>]
RZ1|231|2|Don|5|0|5|0|1|1|1|0|0
RZ1|CHK|231|2|37|7|1|3|2|8|2|0|1|0
RZ1|232|2|Don|5|1|5|1|1|1|1|0|0
RZ1|CHK|232|2|37|7|1|3|2|8|2|0|1|0
RZ1|233|2|Don|5|2|5|2|1|1|1|0|0
RZ1|CHK|233|2|37|7|1|3|2|8|2|0|1|0
RZ1|234|2|Don|5|3|5|3|1|1|1|0|0
RZ1|CHK|234|2|37|7|1|3|2|8|2|0|1|0
RZ1|235|2|Don|5|4|5|4|1|1|1|0|0
RZ1|CHK|235|2|37|7|1|3|2|8|2|0|1|0
RZ1|236|2|Don|5|5|5|5|1|1|1|0|0
RZ1|CHK|236|2|37|7|1|3|2|8|2|0|1|0
RZ1|237|2|Don|5|6|5|6|1|1|1|0|0
RZ1|CHK|237|2|37|7|1|3|2|8|2|0|1|0
RZ1|238|2|Don|5|7|5|7|1|1|1|0|0
RZ1|CHK|238|2|37|7|1|3|2|8|2|0|1|0
[Risco​#9935] Deploy Charlotte Katakuri [<mark><link="OP11-067">OP11-067</link></mark>]
RZ1|239|2|OP11-067|1|5|2|1|1|1|0|0|0
RZ1|CHK|239|2|37|6|2|3|2|8|2|0|1|0
Charlotte Katakuri [<mark><link="OP11-067">OP11-067</link></mark>]: Draw 1 Rested Don
RZ1|240|2|Don|4|1|5|0|1|1|1|0|0
RZ1|CHK|240|2|37|6|2|3|1|9|2|0|1|0
[Risco​#9935] End Turn
[BigRato​#5650] Hand: [OP17-103,OP17-113,OP17-114,OP16-119,OP17-109,OP17-112]
[BigRato​#5650] Board: [OP17-113,OP17-104,OP17-109,OP17-102]
[BigRato​#5650] Trash: [OP17-108,OP17-108,OP17-117]
[BigRato​#5650] Life: 4
[Risco​#9935] Hand: [OP07-076,OP07-076,ST18-001,OP13-076,ST18-001,OP07-064]
[Risco​#9935] Trash: [OP15-078,OP13-061]
[Risco​#9935] Board: [EB01-061,OP11-067]
[Risco​#9935] Life: 3
RZ1|241|1|Don|9|9900|5|0|1|1|1|0|0
RZ1|CHK|241|1|33|6|4|4|6|4|3|0|1|0
[BigRato​#5650] Draw 1 Card
[BigRato​#5650] Drew card from deck: Charlotte Pudding [<mark><link="OP17-109">OP17-109</link></mark>]
RZ1|242|1|OP17-109|0|32|1|6|1|1|0|0|0
RZ1|CHK|242|1|32|7|4|4|6|4|3|0|1|0
RZ1|243|1|Don|4|5|5|4|1|1|0|0|0
RZ1|CHK|243|1|32|7|4|4|5|5|3|0|1|0
RZ1|244|1|Don|4|4|5|5|1|1|0|0|0
RZ1|CHK|244|1|32|7|4|4|4|6|3|0|1|0
[BigRato​#5650] Draw 2 Don
RZ1|245|1|Don|5|0|5|0|1|1|1|0|0
RZ1|CHK|245|1|32|7|4|4|4|6|3|0|1|0
RZ1|246|1|Don|5|1|5|1|1|1|1|0|0
RZ1|CHK|246|1|32|7|4|4|4|6|3|0|1|0
RZ1|247|1|Don|5|2|5|2|1|1|1|0|0
RZ1|CHK|247|1|32|7|4|4|4|6|3|0|1|0
RZ1|248|1|Don|5|3|5|3|1|1|1|0|0
RZ1|CHK|248|1|32|7|4|4|4|6|3|0|1|0
RZ1|249|1|Don|5|4|5|4|1|1|1|0|0
RZ1|CHK|249|1|32|7|4|4|4|6|3|0|1|0
RZ1|250|1|Don|5|5|5|5|1|1|1|0|0
RZ1|CHK|250|1|32|7|4|4|4|6|3|0|1|0
[BigRato​#5650] Deploy Charlotte Katakuri [<mark><link="OP17-103">OP17-103</link></mark>]
RZ1|251|1|OP17-103|1|0|2|4|1|1|0|0|0
RZ1|CHK|251|1|32|6|5|4|4|6|3|0|1|0
[BigRato​#5650] Charlotte Katakuri [<mark><link="OP17-103">OP17-103</link></mark>]: Add card to top of Life from Deck
RZ1|252|1|EB01-056|0|31|3|4|1|0|0|0|0
RZ1|CHK|252|1|31|6|5|5|4|6|3|0|1|0
[BigRato​#5650] Charlotte Katakuri [<mark><link="OP17-103">OP17-103</link></mark>]: Buff Charlotte Katakuri [<mark><link="OP11-067">OP11-067</link></mark>] -3000
[BigRato​#5650] Charlotte Linlin [<mark><link="OP17-099">OP17-099</link></mark>] attacking Monkey D. Luffy [<mark><link="OP05-060">OP05-060</link></mark>]
RZ1|253|2|OP15-078|3|2|1|6|0|1|0|0|0
RZ1|CHK|253|2|37|7|2|2|1|9|2|0|1|0
Charlotte Linlin [<mark><link="OP17-099">OP17-099</link></mark>][5000] vs Monkey D. Luffy [<mark><link="OP05-060">OP05-060</link></mark>][5000]
Monkey D. Luffy [<mark><link="OP05-060">OP05-060</link></mark>] hit for 1 damage
[BigRato​#5650] Hand: [OP17-113,OP17-114,OP16-119,OP17-109,OP17-112,OP17-109]
[BigRato​#5650] Board: [OP17-113,OP17-104,OP17-109,OP17-102,OP17-103]
[BigRato​#5650] Trash: [OP17-108,OP17-108,OP17-117]
[BigRato​#5650] Life: 5
[Risco​#9935] Hand: [OP07-076,OP07-076,ST18-001,OP13-076,ST18-001,OP07-064,OP15-078]
[Risco​#9935] Trash: [OP15-078,OP13-061]
[Risco​#9935] Board: [EB01-061,OP11-067]
[Risco​#9935] Life: 2
[BigRato​#5650] End Turn
[Risco​#9935] Draw 1 Card
[Risco​#9935] Drew card from deck: Kaido [<mark><link="OP17-062">OP17-062</link></mark>]
RZ1|254|2|OP17-062|0|36|1|7|0|1|0|0|0
RZ1|CHK|254|2|36|8|2|2|1|9|2|0|1|0
RZ1|255|2|Don|4|0|5|9|1|1|0|0|0
RZ1|CHK|255|2|36|8|2|2|0|10|2|0|1|0
[Risco​#9935] Draw 2 Don
[Risco​#9935] Monkey D. Luffy [<mark><link="OP05-060">OP05-060</link></mark>] attacking Charlotte Linlin [<mark><link="OP17-099">OP17-099</link></mark>]
Monkey D. Luffy [<mark><link="OP05-060">OP05-060</link></mark>][5000] vs Charlotte Linlin [<mark><link="OP17-099">OP17-099</link></mark>][5000]
Charlotte Linlin [<mark><link="OP17-099">OP17-099</link></mark>] hit for 1 damage
RZ1|256|1|EB01-056|3|4|1|6|1|1|0|0|0
RZ1|CHK|256|1|31|7|5|4|4|6|3|0|1|0
RZ1|257|2|Don|5|0|5|0|1|1|1|0|0
RZ1|CHK|257|2|36|8|2|2|0|10|2|0|1|0
RZ1|258|2|Don|5|1|5|1|1|1|1|0|0
RZ1|CHK|258|2|36|8|2|2|0|10|2|0|1|0
RZ1|259|2|Don|5|2|5|2|1|1|1|0|0
RZ1|CHK|259|2|36|8|2|2|0|10|2|0|1|0
RZ1|260|2|Don|5|3|5|3|1|1|1|0|0
RZ1|CHK|260|2|36|8|2|2|0|10|2|0|1|0
RZ1|261|2|Don|5|4|5|4|1|1|1|0|0
RZ1|CHK|261|2|36|8|2|2|0|10|2|0|1|0
RZ1|262|2|Don|5|5|5|5|1|1|1|0|0
RZ1|CHK|262|2|36|8|2|2|0|10|2|0|1|0
RZ1|263|2|Don|5|6|5|6|1|1|1|0|0
RZ1|CHK|263|2|36|8|2|2|0|10|2|0|1|0
RZ1|264|2|Don|5|7|5|7|1|1|1|0|0
RZ1|CHK|264|2|36|8|2|2|0|10|2|0|1|0
RZ1|265|2|Don|5|8|5|8|1|1|1|0|0
RZ1|CHK|265|2|36|8|2|2|0|10|2|0|1|0
RZ1|266|2|Don|5|9|5|9|1|1|1|0|0
RZ1|CHK|266|2|36|8|2|2|0|10|2|0|1|0
[Risco​#9935] Deploy Kaido [<mark><link="OP17-062">OP17-062</link></mark>]
RZ1|267|2|OP17-062|1|7|2|2|1|1|0|0|0
RZ1|CHK|267|2|36|7|3|2|0|10|2|0|1|0
RZ1|268|2|OP15-078|1|6|6|2|1|1|0|0|0
RZ1|CHK|268|2|36|6|3|2|0|10|3|0|1|0
RZ1|269|2|Don|5|7|4|0|1|1|0|0|0
RZ1|CHK|269|2|36|6|3|2|1|9|3|0|1|0
RZ1|270|2|Don|5|7|4|1|1|1|0|0|0
RZ1|CHK|270|2|36|6|3|2|2|8|3|0|1|0
[Risco​#9935] Mamaragan [<mark><link="OP15-078">OP15-078</link></mark>]: Minus 2 Don
[Risco​#9935] Drew card from deck: Inuarashi [<mark><link="OP13-061">OP13-061</link></mark>]
RZ1|271|2|OP13-061|0|35|1|6|0|1|0|0|0
RZ1|CHK|271|2|35|7|3|2|2|8|3|0|1|0
[Risco​#9935] Mamaragan [<mark><link="OP15-078">OP15-078</link></mark>]: Draw 1 Card
[Risco​#9935] Mamaragan [<mark><link="OP15-078">OP15-078</link></mark>]: Rest Charlotte Katakuri [<mark><link="OP17-103">OP17-103</link></mark>]
Kaido [<mark><link="OP17-062">OP17-062</link></mark>]: Draw 1 Don
RZ1|272|2|Don|4|1|5|8|1|1|0|0|0
RZ1|CHK|272|2|35|7|3|2|1|9|3|0|1|0
[Risco​#9935] Kaido [<mark><link="OP17-062">OP17-062</link></mark>]: Activate 1 Don
RZ1|273|2|Don|5|7|5|7|1|1|0|0|0
RZ1|CHK|273|2|35|7|3|2|1|9|3|0|1|0
[Risco​#9935] Charlotte Katakuri [<mark><link="OP11-067">OP11-067</link></mark>] attacking Charlotte Katakuri [<mark><link="OP17-103">OP17-103</link></mark>]
Charlotte Katakuri [<mark><link="OP11-067">OP11-067</link></mark>][8000] vs Charlotte Katakuri [<mark><link="OP17-103">OP17-103</link></mark>][4000]
[BigRato​#5650] Charlotte Katakuri [<mark><link="OP17-103">OP17-103</link></mark>] Destroyed
RZ1|274|1|OP17-103|2|4|6|3|1|1|0|0|0
RZ1|CHK|274|1|31|7|4|4|4|6|4|0|1|0
[Risco​#9935] Charlotte Katakuri [<mark><link="OP11-067">OP11-067</link></mark>]: Set Charlotte Katakuri [<mark><link="OP11-067">OP11-067</link></mark>] to Active
Charlotte Katakuri [<mark><link="OP11-067">OP11-067</link></mark>]: Draw 1 Rested Don
RZ1|275|2|Don|4|0|5|0|1|1|1|0|0
RZ1|CHK|275|2|35|7|3|2|0|10|3|0|1|0
[Risco​#9935] End Turn
[BigRato​#5650] Hand: [OP17-113,OP17-114,OP16-119,OP17-109,OP17-112,OP17-109,EB01-056]
[BigRato​#5650] Board: [OP17-113,OP17-104,OP17-109,OP17-102]
[BigRato​#5650] Trash: [OP17-108,OP17-108,OP17-117,OP17-103]
[BigRato​#5650] Life: 4
[Risco​#9935] Hand: [OP07-076,OP07-076,ST18-001,OP13-076,ST18-001,OP07-064,OP13-061]
[Risco​#9935] Trash: [OP15-078,OP13-061,OP15-078]
[Risco​#9935] Board: [EB01-061,OP11-067,OP17-062]
[Risco​#9935] Life: 2
[BigRato​#5650] Draw 1 Card
[BigRato​#5650] Drew card from deck: Charlotte Daifuku [<mark><link="OP17-107">OP17-107</link></mark>]
RZ1|276|1|OP17-107|0|30|1|7|1|1|0|0|0
RZ1|CHK|276|1|30|8|4|4|4|6|4|0|1|0
RZ1|277|1|Don|4|3|5|6|1|1|0|0|0
RZ1|CHK|277|1|30|8|4|4|3|7|4|0|1|0
RZ1|278|1|Don|4|2|5|7|1|1|0|0|0
RZ1|CHK|278|1|30|8|4|4|2|8|4|0|1|0
[BigRato​#5650] Draw 2 Don
RZ1|279|1|Don|5|0|5|0|1|1|1|0|0
RZ1|CHK|279|1|30|8|4|4|2|8|4|0|1|0
RZ1|280|1|Don|5|1|5|1|1|1|1|0|0
RZ1|CHK|280|1|30|8|4|4|2|8|4|0|1|0
RZ1|281|1|Don|5|2|5|2|1|1|1|0|0
RZ1|CHK|281|1|30|8|4|4|2|8|4|0|1|0
RZ1|282|1|Don|5|3|5|3|1|1|1|0|0
RZ1|CHK|282|1|30|8|4|4|2|8|4|0|1|0
RZ1|283|1|Don|5|4|5|4|1|1|1|0|0
RZ1|CHK|283|1|30|8|4|4|2|8|4|0|1|0
RZ1|284|1|Don|5|5|5|5|1|1|1|0|0
RZ1|CHK|284|1|30|8|4|4|2|8|4|0|1|0
RZ1|285|1|Don|5|6|5|6|1|1|1|0|0
RZ1|CHK|285|1|30|8|4|4|2|8|4|0|1|0
RZ1|286|1|Don|5|7|5|7|1|1|1|0|0
RZ1|CHK|286|1|30|8|4|4|2|8|4|0|1|0
[BigRato​#5650] Deploy Marshall D. Teach [<mark><link="OP16-119">OP16-119</link></mark>]
RZ1|287|1|OP16-119|1|2|2|4|1|1|0|0|0
RZ1|CHK|287|1|30|7|5|4|2|8|4|0|1|0
[BigRato​#5650] Marshall D. Teach [<mark><link="OP16-119">OP16-119</link></mark>]: Added card to top of Life from Hand
RZ1|288|1|OP17-106|0|29|3|4|1|0|0|0|0
RZ1|CHK|288|1|29|7|5|5|2|8|4|0|1|0
[BigRato​#5650] Placing Cards on Bottom of Deck
RZ1|289|1|EB04-058|0|28|0|0|0|0|0|0|0
RZ1|CHK|289|1|29|7|5|5|2|8|4|0|1|0
RZ1|290|1|OP17-109|0|28|0|0|0|0|0|0|0
RZ1|CHK|290|1|29|7|5|5|2|8|4|0|1|0
[BigRato​#5650] Hand: [OP17-113,OP17-114,OP17-109,OP17-112,OP17-109,EB01-056,OP17-107]
[BigRato​#5650] Board: [OP17-113,OP17-104,OP17-109,OP17-102,OP16-119]
[BigRato​#5650] Trash: [OP17-108,OP17-108,OP17-117,OP17-103]
[BigRato​#5650] Life: 5
[Risco​#9935] Hand: [OP07-076,OP07-076,ST18-001,OP13-076,ST18-001,OP07-064,OP13-061]
[Risco​#9935] Trash: [OP15-078,OP13-061,OP15-078]
[Risco​#9935] Board: [EB01-061,OP11-067,OP17-062]
[Risco​#9935] Life: 2
[BigRato​#5650] End Turn
[Risco​#9935] Draw 1 Card
[Risco​#9935] Drew card from deck: Gum Gum Giant [<mark><link="OP09-078">OP09-078</link></mark>]
RZ1|291|2|OP09-078|0|34|1|7|0|1|0|0|0
RZ1|CHK|291|2|34|8|3|2|0|10|3|0|1|0
RZ1|292|2|Don|5|0|5|0|1|1|1|0|0
RZ1|CHK|292|2|34|8|3|2|0|10|3|0|1|0
RZ1|293|2|Don|5|1|5|1|1|1|1|0|0
RZ1|CHK|293|2|34|8|3|2|0|10|3|0|1|0
RZ1|294|2|Don|5|2|5|2|1|1|1|0|0
RZ1|CHK|294|2|34|8|3|2|0|10|3|0|1|0
[Risco​#9935] Deploy Usohachi [<mark><link="ST18-001">ST18-001</link></mark>]
RZ1|295|2|ST18-001|1|4|2|3|1|1|0|0|0
RZ1|CHK|295|2|34|7|4|2|0|10|3|0|1|0
[Risco​#9935] Usohachi [<mark><link="ST18-001">ST18-001</link></mark>]: Rest Charlotte Pudding [<mark><link="OP17-109">OP17-109</link></mark>]
[Risco​#9935] Monkey D. Luffy [<mark><link="OP05-060">OP05-060</link></mark>] attacking Charlotte Pudding [<mark><link="OP17-109">OP17-109</link></mark>]
[BigRato​#5650] Discard Charlotte Daifuku [<mark><link="OP17-107">OP17-107</link></mark>] for Counter 2000
RZ1|296|1|OP17-107|1|6|6|4|1|1|0|0|0
RZ1|CHK|296|1|29|6|5|5|2|8|5|0|1|0
Monkey D. Luffy [<mark><link="OP05-060">OP05-060</link></mark>][5000] vs Charlotte Pudding [<mark><link="OP17-109">OP17-109</link></mark>][6000]
Attack Fails
[Risco​#9935] Charlotte Katakuri [<mark><link="OP11-067">OP11-067</link></mark>] attacking Charlotte Pudding [<mark><link="OP17-109">OP17-109</link></mark>]
Charlotte Katakuri [<mark><link="OP11-067">OP11-067</link></mark>][8000] vs Charlotte Pudding [<mark><link="OP17-109">OP17-109</link></mark>][4000]
[BigRato​#5650] Charlotte Pudding [<mark><link="OP17-109">OP17-109</link></mark>] Destroyed
RZ1|297|1|OP17-109|2|2|6|5|1|1|0|0|0
RZ1|CHK|297|1|29|6|4|5|2|8|6|0|1|0
RZ1|298|2|Don|5|3|5|3|1|1|1|0|0
RZ1|CHK|298|2|34|7|4|2|0|10|3|0|1|0
RZ1|299|2|Don|5|4|5|4|1|1|1|0|0
RZ1|CHK|299|2|34|7|4|2|0|10|3|0|1|0
RZ1|300|2|Don|5|5|5|5|1|1|1|0|0
RZ1|CHK|300|2|34|7|4|2|0|10|3|0|1|0
[Risco​#9935] Deploy Usohachi [<mark><link="ST18-001">ST18-001</link></mark>]
RZ1|301|2|ST18-001|1|2|2|4|1|1|0|0|0
RZ1|CHK|301|2|34|6|5|2|0|10|3|0|1|0
[Risco​#9935] Usohachi [<mark><link="ST18-001">ST18-001</link></mark>]: Rest Charlotte Cracker [<mark><link="OP17-104">OP17-104</link></mark>]
[Risco​#9935] Mr. 2 Bon Clay (Bentham) [<mark><link="EB01-061">EB01-061</link></mark>] attacking Charlotte Cracker [<mark><link="OP17-104">OP17-104</link></mark>]
[Risco​#9935] Mr. 2 Bon Clay (Bentham) [<mark><link="EB01-061">EB01-061</link></mark>]: Buff Self 9000
Mr. 2 Bon Clay (Bentham) [<mark><link="EB01-061">EB01-061</link></mark>][10000] vs Charlotte Cracker [<mark><link="OP17-104">OP17-104</link></mark>][4000]
[BigRato​#5650] Charlotte Cracker [<mark><link="OP17-104">OP17-104</link></mark>] Destroyed
RZ1|302|1|OP17-104|2|1|6|6|1|1|0|0|0
RZ1|CHK|302|1|29|6|3|5|2|8|7|0|1|0
[Risco​#9935] Charlotte Katakuri [<mark><link="OP11-067">OP11-067</link></mark>]: Set Charlotte Katakuri [<mark><link="OP11-067">OP11-067</link></mark>] to Active
[Risco​#9935] End Turn
[BigRato​#5650] Hand: [OP17-113,OP17-114,OP17-109,OP17-112,OP17-109,EB01-056]
[BigRato​#5650] Board: [OP17-113,OP17-102,OP16-119]
[BigRato​#5650] Trash: [OP17-108,OP17-108,OP17-117,OP17-103,OP17-107,OP17-109,OP17-104]
[BigRato​#5650] Life: 5
[Risco​#9935] Hand: [OP07-076,OP07-076,OP13-076,OP07-064,OP13-061,OP09-078]
[Risco​#9935] Trash: [OP15-078,OP13-061,OP15-078]
[Risco​#9935] Board: [EB01-061,OP11-067,OP17-062,ST18-001,ST18-001]
[Risco​#9935] Life: 2
[BigRato​#5650] Draw 1 Card
[BigRato​#5650] Drew card from deck: Charlotte Cracker [<mark><link="OP17-104">OP17-104</link></mark>]
RZ1|303|1|OP17-104|0|28|1|6|1|1|0|0|0
RZ1|CHK|303|1|28|7|3|5|2|8|7|0|1|0
RZ1|304|1|Don|4|1|5|8|1|1|0|0|0
RZ1|CHK|304|1|28|7|3|5|1|9|7|0|1|0
RZ1|305|1|Don|4|0|5|9|1|1|0|0|0
RZ1|CHK|305|1|28|7|3|5|0|10|7|0|1|0
[BigRato​#5650] Draw 2 Don
RZ1|306|1|Don|5|0|5|0|1|1|1|0|0
RZ1|CHK|306|1|28|7|3|5|0|10|7|0|1|0
RZ1|307|1|Don|5|1|5|1|1|1|1|0|0
RZ1|CHK|307|1|28|7|3|5|0|10|7|0|1|0
RZ1|308|1|Don|5|2|5|2|1|1|1|0|0
RZ1|CHK|308|1|28|7|3|5|0|10|7|0|1|0
[BigRato​#5650] Deploy Charlotte Cracker [<mark><link="OP17-104">OP17-104</link></mark>]
RZ1|309|1|OP17-104|1|6|2|3|1|1|0|0|0
RZ1|CHK|309|1|28|6|4|5|0|10|7|0|1|0
[BigRato​#5650] Charlotte Cracker [<mark><link="OP17-104">OP17-104</link></mark>]: Rest 2 Don
RZ1|310|1|Don|5|3|5|3|1|1|1|0|0
RZ1|CHK|310|1|28|6|4|5|0|10|7|0|1|0
RZ1|311|1|Don|5|4|5|4|1|1|1|0|0
RZ1|CHK|311|1|28|6|4|5|0|10|7|0|1|0
[BigRato​#5650] Charlotte Cracker [<mark><link="OP17-104">OP17-104</link></mark>]: Add card to top of Life from Deck
RZ1|312|1|OP17-110|0|27|3|5|1|0|0|0|0
RZ1|CHK|312|1|27|6|4|6|0|10|7|0|1|0
[BigRato​#5650] Streusen [<mark><link="OP17-113">OP17-113</link></mark>] attacking Mr. 2 Bon Clay (Bentham) [<mark><link="EB01-061">EB01-061</link></mark>]
[Risco​#9935] NoroNoro Beam Sword [<mark><link="OP07-076">OP07-076</link></mark>]: Activate Counter
[Risco​#9935] NoroNoro Beam Sword [<mark><link="OP07-076">OP07-076</link></mark>]: Rest 2 Don
RZ1|313|2|Don|5|6|5|6|1|1|1|0|0
RZ1|CHK|313|2|34|6|5|2|0|10|3|0|1|0
RZ1|314|2|Don|5|7|5|7|1|1|1|0|0
RZ1|CHK|314|2|34|6|5|2|0|10|3|0|1|0
RZ1|315|2|OP07-076|1|1|6|3|1|1|0|0|0
RZ1|CHK|315|2|34|5|5|2|0|10|4|0|1|0
RZ1|316|2|Don|5|4|4|0|1|1|0|0|0
RZ1|CHK|316|2|34|5|5|2|1|9|4|0|1|0
[Risco​#9935] NoroNoro Beam Sword [<mark><link="OP07-076">OP07-076</link></mark>]: Minus 1 Don
[Risco​#9935] NoroNoro Beam Sword [<mark><link="OP07-076">OP07-076</link></mark>]: Buff Mr. 2 Bon Clay (Bentham) [<mark><link="EB01-061">EB01-061</link></mark>] 2000 for the Combat
[Risco​#9935] NoroNoro Beam Sword [<mark><link="OP07-076">OP07-076</link></mark>]: Rest Marshall D. Teach [<mark><link="OP16-119">OP16-119</link></mark>]
Streusen [<mark><link="OP17-113">OP17-113</link></mark>][2000] vs Mr. 2 Bon Clay (Bentham) [<mark><link="EB01-061">EB01-061</link></mark>][3000]
Attack Fails
RZ1|317|1|Don|5|5|5|5|1|1|1|0|0
RZ1|CHK|317|1|27|6|4|6|0|10|7|0|1|0
RZ1|318|1|Don|5|6|5|6|1|1|1|0|0
RZ1|CHK|318|1|27|6|4|6|0|10|7|0|1|0
RZ1|319|1|Don|5|7|5|7|1|1|1|0|0
RZ1|CHK|319|1|27|6|4|6|0|10|7|0|1|0
[BigRato​#5650] Deploy Charlotte Pudding [<mark><link="OP17-109">OP17-109</link></mark>]
RZ1|320|1|OP17-109|1|2|2|4|1|1|0|0|0
RZ1|CHK|320|1|27|5|5|6|0|10|7|0|1|0
RZ1|321|1|OP17-109|1|3|6|7|1|1|0|0|0
RZ1|CHK|321|1|27|4|5|6|0|10|8|0|1|0
[BigRato​#5650] Charlotte Pudding [<mark><link="OP17-109">OP17-109</link></mark>]: Trash Charlotte Pudding [<mark><link="OP17-109">OP17-109</link></mark>]
[BigRato​#5650] Drew card from deck: Charlotte Katakuri [<mark><link="OP17-103">OP17-103</link></mark>]
RZ1|322|1|OP17-103|0|26|1|4|1|1|0|0|0
RZ1|CHK|322|1|26|5|5|6|0|10|8|0|1|0
[BigRato​#5650] Drew card from deck: Charlotte Linlin [<mark><link="OP17-112">OP17-112</link></mark>]
RZ1|323|1|OP17-112|0|25|1|5|1|1|0|0|0
RZ1|CHK|323|1|25|6|5|6|0|10|8|0|1|0
[BigRato​#5650] Drew card from deck: Charlotte Smoothie [<mark><link="OP17-106">OP17-106</link></mark>]
RZ1|324|1|OP17-106|0|24|1|6|1|1|0|0|0
RZ1|CHK|324|1|24|7|5|6|0|10|8|0|1|0
[BigRato​#5650] Charlotte Pudding [<mark><link="OP17-109">OP17-109</link></mark>]: Draw 3 Card
[BigRato​#5650] Attach 1 Don to Charlotte Linlin [<mark><link="OP17-099">OP17-099</link></mark>] (1 Total)
RZ1|325|1|Don|5|9|9|9900|1|1|0|0|0
RZ1|CHK|325|1|24|7|5|6|0|9|8|0|1|1
[BigRato​#5650] Attach 1 Don to Charlotte Linlin [<mark><link="OP17-099">OP17-099</link></mark>] (2 Total)
RZ1|326|1|Don|5|8|9|9901|1|1|0|0|0
RZ1|CHK|326|1|24|7|5|6|0|8|8|0|1|2
[BigRato​#5650] Charlotte Linlin [<mark><link="OP17-099">OP17-099</link></mark>] attacking Monkey D. Luffy [<mark><link="OP05-060">OP05-060</link></mark>]
RZ1|327|1|OP17-103|1|4|6|8|1|1|0|0|0
RZ1|CHK|327|1|24|6|5|6|0|8|9|0|1|2
[BigRato​#5650] Charlotte Linlin [<mark><link="OP17-099">OP17-099</link></mark>]: Trash Charlotte Katakuri [<mark><link="OP17-103">OP17-103</link></mark>]
[BigRato​#5650] Forcing opponent to resolve Card Action!
[Risco​#9935] Forcing opponent to resolve Card Action!
RZ1|328|1|OP17-114|1|1|6|9|1|1|0|0|0
RZ1|CHK|328|1|24|5|5|6|0|8|10|0|1|2
[BigRato​#5650] Charlotte Linlin [<mark><link="OP17-099">OP17-099</link></mark>]: Trash The 3 Sweet Commanders [<mark><link="OP17-114">OP17-114</link></mark>]
[BigRato​#5650] Charlotte Linlin [<mark><link="OP17-099">OP17-099</link></mark>]: Add card to top of Life from Deck
RZ1|329|1|OP17-104|0|23|3|6|1|0|0|0|0
RZ1|CHK|329|1|23|5|5|7|0|8|10|0|1|2
[Risco​#9935] Charlotte Katakuri [<mark><link="OP11-067">OP11-067</link></mark>] Blocks
Charlotte Linlin [<mark><link="OP17-099">OP17-099</link></mark>][7000] vs Charlotte Katakuri [<mark><link="OP11-067">OP11-067</link></mark>][8000]
Attack Fails
[BigRato​#5650] Hand: [OP17-113,OP17-112,EB01-056,OP17-112,OP17-106]
[BigRato​#5650] Board: [OP17-113,OP17-102,OP16-119,OP17-104,OP17-109]
[BigRato​#5650] Trash: [OP17-108,OP17-108,OP17-117,OP17-103,OP17-107,OP17-109,OP17-104,OP17-109,OP17-103,OP17-114]
[BigRato​#5650] Life: 7
[Risco​#9935] Hand: [OP07-076,OP13-076,OP07-064,OP13-061,OP09-078]
[Risco​#9935] Trash: [OP15-078,OP13-061,OP15-078,OP07-076]
[Risco​#9935] Board: [EB01-061,OP11-067,OP17-062,ST18-001,ST18-001]
[Risco​#9935] Life: 2
[BigRato​#5650] End Turn
[Risco​#9935] Draw 1 Card
[Risco​#9935] Drew card from deck: Yamato [<mark><link="OP17-074">OP17-074</link></mark>]
RZ1|330|2|OP17-074|0|33|1|5|0|1|0|0|0
RZ1|CHK|330|2|33|6|5|2|1|9|4|0|1|0
RZ1|331|2|Don|4|0|5|9|1|1|0|0|0
RZ1|CHK|331|2|33|6|5|2|0|10|4|0|1|0
[Risco​#9935] Draw 2 Don
[Risco​#9935] Usohachi [<mark><link="ST18-001">ST18-001</link></mark>] attacking Streusen [<mark><link="OP17-113">OP17-113</link></mark>]
Usohachi [<mark><link="ST18-001">ST18-001</link></mark>][3000] vs Streusen [<mark><link="OP17-113">OP17-113</link></mark>][2000]
[BigRato​#5650] Streusen [<mark><link="OP17-113">OP17-113</link></mark>] Destroyed
RZ1|332|1|OP17-113|2|0|6|10|1|1|0|0|0
RZ1|CHK|332|1|23|5|4|7|0|8|11|0|1|2
[Risco​#9935] Kaido [<mark><link="OP17-062">OP17-062</link></mark>] attacking Marshall D. Teach [<mark><link="OP16-119">OP16-119</link></mark>]
[BigRato​#5650] Discard Charlotte Flampe [<mark><link="EB01-056">EB01-056</link></mark>] for Counter 2000
RZ1|333|1|EB01-056|1|2|6|11|1|1|0|0|0
RZ1|CHK|333|1|23|4|4|7|0|8|12|0|1|2
[BigRato​#5650] Discard Charlotte Smoothie [<mark><link="OP17-106">OP17-106</link></mark>] for Counter 1000
RZ1|334|1|OP17-106|1|3|6|12|1|1|0|0|0
RZ1|CHK|334|1|23|3|4|7|0|8|13|0|1|2
Kaido [<mark><link="OP17-062">OP17-062</link></mark>][12000] vs Marshall D. Teach [<mark><link="OP16-119">OP16-119</link></mark>][13000]
Attack Fails
[Risco​#9935] Attach 2 Don to Mr. 2 Bon Clay (Bentham) [<mark><link="EB01-061">EB01-061</link></mark>] (2 Total)
RZ1|335|2|Don|5|8|9|0|1|1|0|0|0
RZ1|CHK|335|2|33|6|5|2|0|9|4|0|1|1
RZ1|336|2|Don|5|8|9|1|1|1|0|0|0
RZ1|CHK|336|2|33|6|5|2|0|8|4|0|1|2
[Risco​#9935] Mr. 2 Bon Clay (Bentham) [<mark><link="EB01-061">EB01-061</link></mark>] attacking Marshall D. Teach [<mark><link="OP16-119">OP16-119</link></mark>]
[Risco​#9935] Mr. 2 Bon Clay (Bentham) [<mark><link="EB01-061">EB01-061</link></mark>]: Buff Self 9000
Mr. 2 Bon Clay (Bentham) [<mark><link="EB01-061">EB01-061</link></mark>][12000] vs Marshall D. Teach [<mark><link="OP16-119">OP16-119</link></mark>][10000]
[BigRato​#5650] Marshall D. Teach [<mark><link="OP16-119">OP16-119</link></mark>] Destroyed
RZ1|337|1|OP16-119|2|1|6|13|1|1|0|0|0
RZ1|CHK|337|1|23|3|3|7|0|8|14|0|1|2
RZ1|338|2|Don|5|0|5|0|1|1|1|0|0
RZ1|CHK|338|2|33|6|5|2|0|8|4|0|1|2
RZ1|339|2|Don|5|1|5|1|1|1|1|0|0
RZ1|CHK|339|2|33|6|5|2|0|8|4|0|1|2
RZ1|340|2|Don|5|2|5|2|1|1|1|0|0
RZ1|CHK|340|2|33|6|5|2|0|8|4|0|1|2
RZ1|341|2|Don|5|3|5|3|1|1|1|0|0
RZ1|CHK|341|2|33|6|5|2|0|8|4|0|1|2
RZ1|342|2|Don|5|4|5|4|1|1|1|0|0
RZ1|CHK|342|2|33|6|5|2|0|8|4|0|1|2
RZ1|343|2|Don|5|5|5|5|1|1|1|0|0
RZ1|CHK|343|2|33|6|5|2|0|8|4|0|1|2
[Risco​#9935] Trash Usohachi [<mark><link="ST18-001">ST18-001</link></mark>]
[Risco​#9935] Deploy Sanji [<mark><link="OP07-064">OP07-064</link></mark>]
RZ1|344|2|ST18-001|2|4|6|4|1|1|0|0|0
RZ1|CHK|344|2|33|6|4|2|0|8|5|0|1|2
RZ1|345|2|OP07-064|1|2|2|4|1|1|0|0|0
RZ1|CHK|345|2|33|5|5|2|0|8|5|0|1|2
[Risco​#9935] Monkey D. Luffy [<mark><link="OP05-060">OP05-060</link></mark>] attacking Charlotte Linlin [<mark><link="OP17-099">OP17-099</link></mark>]
Monkey D. Luffy [<mark><link="OP05-060">OP05-060</link></mark>][5000] vs Charlotte Linlin [<mark><link="OP17-099">OP17-099</link></mark>][5000]
Charlotte Linlin [<mark><link="OP17-099">OP17-099</link></mark>] hit for 1 damage
RZ1|346|1|OP17-104|3|6|1|3|1|1|0|0|0
RZ1|CHK|346|1|23|4|3|6|0|8|14|0|1|2
[BigRato​#5650] Charlotte Cracker [<mark><link="OP17-104">OP17-104</link></mark>]: Activate Trigger
RZ1|347|1|OP17-104|1|3|6|14|1|1|0|0|0
RZ1|CHK|347|1|23|3|3|6|0|8|15|0|1|2
RZ1|348|1|OP17-104|6|14|2|3|1|1|0|0|0
RZ1|CHK|348|1|23|3|4|6|0|8|14|0|1|2
[BigRato​#5650] Charlotte Cracker [<mark><link="OP17-104">OP17-104</link></mark>]: Deploy Charlotte Cracker [<mark><link="OP17-104">OP17-104</link></mark>]
[Risco​#9935] Charlotte Katakuri [<mark><link="OP11-067">OP11-067</link></mark>] attacking Charlotte Linlin [<mark><link="OP17-099">OP17-099</link></mark>]
Charlotte Katakuri [<mark><link="OP11-067">OP11-067</link></mark>][8000] vs Charlotte Linlin [<mark><link="OP17-099">OP17-099</link></mark>][5000]
Charlotte Linlin [<mark><link="OP17-099">OP17-099</link></mark>] hit for 1 damage
RZ1|349|1|OP17-110|3|5|1|3|1|1|0|0|0
RZ1|CHK|349|1|23|4|4|5|0|8|14|0|1|2
[Risco​#9935] Charlotte Katakuri [<mark><link="OP11-067">OP11-067</link></mark>]: Set Charlotte Katakuri [<mark><link="OP11-067">OP11-067</link></mark>] to Active
[Risco​#9935] End Turn
[BigRato​#5650] Hand: [OP17-113,OP17-112,OP17-112,OP17-110]
[BigRato​#5650] Board: [OP17-102,OP17-104,OP17-109,OP17-104]
[BigRato​#5650] Trash: [OP17-108,OP17-108,OP17-117,OP17-103,OP17-107,OP17-109,OP17-104,OP17-109,OP17-103,OP17-114,OP17-113,EB01-056,OP17-106,OP16-119]
[BigRato​#5650] Life: 5
[Risco​#9935] Hand: [OP07-076,OP13-076,OP13-061,OP09-078,OP17-074]
[Risco​#9935] Trash: [OP15-078,OP13-061,OP15-078,OP07-076,ST18-001]
[Risco​#9935] Board: [EB01-061,OP11-067,OP17-062,ST18-001,OP07-064]
[Risco​#9935] Life: 2
RZ1|350|1|Don|9|9900|5|0|1|1|1|0|0
RZ1|CHK|350|1|23|4|4|5|0|9|14|0|1|1
RZ1|351|1|Don|9|9900|5|0|1|1|1|0|0
RZ1|CHK|351|1|23|4|4|5|0|10|14|0|1|0
[BigRato​#5650] Draw 1 Card
[BigRato​#5650] Drew card from deck: Charlotte Katakuri [<mark><link="OP17-103">OP17-103</link></mark>]
RZ1|352|1|OP17-103|0|22|1|4|1|1|0|0|0
RZ1|CHK|352|1|22|5|4|5|0|10|14|0|1|0
RZ1|353|1|Don|5|0|5|0|1|1|1|0|0
RZ1|CHK|353|1|22|5|4|5|0|10|14|0|1|0
RZ1|354|1|Don|5|1|5|1|1|1|1|0|0
RZ1|CHK|354|1|22|5|4|5|0|10|14|0|1|0
RZ1|355|1|Don|5|2|5|2|1|1|1|0|0
RZ1|CHK|355|1|22|5|4|5|0|10|14|0|1|0
RZ1|356|1|Don|5|3|5|3|1|1|1|0|0
RZ1|CHK|356|1|22|5|4|5|0|10|14|0|1|0
RZ1|357|1|Don|5|4|5|4|1|1|1|0|0
RZ1|CHK|357|1|22|5|4|5|0|10|14|0|1|0
RZ1|358|1|Don|5|5|5|5|1|1|1|0|0
RZ1|CHK|358|1|22|5|4|5|0|10|14|0|1|0
RZ1|359|1|Don|5|6|5|6|1|1|1|0|0
RZ1|CHK|359|1|22|5|4|5|0|10|14|0|1|0
RZ1|360|1|Don|5|7|5|7|1|1|1|0|0
RZ1|CHK|360|1|22|5|4|5|0|10|14|0|1|0
RZ1|361|1|Don|5|8|5|8|1|1|1|0|0
RZ1|CHK|361|1|22|5|4|5|0|10|14|0|1|0
RZ1|362|1|Don|5|9|5|9|1|1|1|0|0
RZ1|CHK|362|1|22|5|4|5|0|10|14|0|1|0
[BigRato​#5650] Deploy Charlotte Linlin [<mark><link="OP17-112">OP17-112</link></mark>]
RZ1|363|1|OP17-112|1|2|2|4|1|1|0|0|0
RZ1|CHK|363|1|22|4|5|5|0|10|14|0|1|0
[BigRato​#5650] Drew card from deck: Charlotte Smoothie [<mark><link="OP17-106">OP17-106</link></mark>]
RZ1|364|1|OP17-106|0|21|1|4|1|1|0|0|0
RZ1|CHK|364|1|21|5|5|5|0|10|14|0|1|0
[BigRato​#5650] Charlotte Linlin [<mark><link="OP17-112">OP17-112</link></mark>]: Draw 1 Card
[BigRato​#5650] Charlotte Linlin [<mark><link="OP17-112">OP17-112</link></mark>]: Send 1 Life to Hand
RZ1|365|2|OP05-073|3|1|1|5|0|1|0|0|0
RZ1|CHK|365|2|33|6|5|1|0|8|5|0|1|2
[BigRato​#5650] Charlotte Cracker [<mark><link="OP17-104">OP17-104</link></mark>] attacking Monkey D. Luffy [<mark><link="OP05-060">OP05-060</link></mark>]
RZ1|366|2|OP17-062|3|0|1|6|0|1|0|0|0
RZ1|CHK|366|2|33|7|5|0|0|8|5|0|1|2
Charlotte Cracker [<mark><link="OP17-104">OP17-104</link></mark>][8000] vs Monkey D. Luffy [<mark><link="OP05-060">OP05-060</link></mark>][5000]
Monkey D. Luffy [<mark><link="OP05-060">OP05-060</link></mark>] hit for 1 damage
[BigRato​#5650] Charlotte Pudding [<mark><link="OP17-109">OP17-109</link></mark>] attacking Monkey D. Luffy [<mark><link="OP05-060">OP05-060</link></mark>]
[Risco​#9935] Sanji [<mark><link="OP07-064">OP07-064</link></mark>] Blocks
RZ1|367|2|OP07-064|2|4|6|5|1|1|0|0|0
RZ1|CHK|367|2|33|7|4|0|0|8|6|0|1|2
Charlotte Pudding [<mark><link="OP17-109">OP17-109</link></mark>][8000] vs Sanji [<mark><link="OP07-064">OP07-064</link></mark>][6000]
[Risco​#9935] Sanji [<mark><link="OP07-064">OP07-064</link></mark>] Destroyed
[BigRato​#5650] Charlotte Cracker [<mark><link="OP17-104">OP17-104</link></mark>] attacking Monkey D. Luffy [<mark><link="OP05-060">OP05-060</link></mark>]
[Risco​#9935] NoroNoro Beam Sword [<mark><link="OP07-076">OP07-076</link></mark>]: Activate Counter
[Risco​#9935] NoroNoro Beam Sword [<mark><link="OP07-076">OP07-076</link></mark>]: Rest 2 Don
RZ1|368|2|Don|5|6|5|6|1|1|1|0|0
RZ1|CHK|368|2|33|7|4|0|0|8|6|0|1|2
RZ1|369|2|Don|5|7|5|7|1|1|1|0|0
RZ1|CHK|369|2|33|7|4|0|0|8|6|0|1|2
RZ1|370|2|OP07-076|1|0|6|6|1|1|0|0|0
RZ1|CHK|370|2|33|6|4|0|0|8|7|0|1|2
RZ1|371|2|Don|9|1|4|0|1|1|0|0|0
RZ1|CHK|371|2|33|6|4|0|1|8|7|0|1|1
[Risco​#9935] NoroNoro Beam Sword [<mark><link="OP07-076">OP07-076</link></mark>]: Minus 1 Don
[Risco​#9935] NoroNoro Beam Sword [<mark><link="OP07-076">OP07-076</link></mark>]: Buff Monkey D. Luffy [<mark><link="OP05-060">OP05-060</link></mark>] 2000 for the Combat
[Risco​#9935] NoroNoro Beam Sword [<mark><link="OP07-076">OP07-076</link></mark>]: Rest Charlotte Oven [<mark><link="OP17-102">OP17-102</link></mark>]
[Risco​#9935] Discard Miss Doublefinger [<mark><link="OP05-073">OP05-073</link></mark>] for Counter 2000
RZ1|372|2|OP05-073|1|4|6|7|1|1|0|0|0
RZ1|CHK|372|2|33|5|4|0|1|8|8|0|1|1
Charlotte Cracker [<mark><link="OP17-104">OP17-104</link></mark>][8000] vs Monkey D. Luffy [<mark><link="OP05-060">OP05-060</link></mark>][9000]
Attack Fails
[BigRato​#5650] Charlotte Linlin [<mark><link="OP17-099">OP17-099</link></mark>] attacking Monkey D. Luffy [<mark><link="OP05-060">OP05-060</link></mark>]
RZ1|373|1|OP17-103|1|3|6|14|1|1|0|0|0
RZ1|CHK|373|1|21|4|5|5|0|10|15|0|1|0
[BigRato​#5650] Charlotte Linlin [<mark><link="OP17-099">OP17-099</link></mark>]: Trash Charlotte Katakuri [<mark><link="OP17-103">OP17-103</link></mark>]
[BigRato​#5650] Forcing opponent to resolve Card Action!
[Risco​#9935] Forcing opponent to resolve Card Action!
RZ1|374|1|OP17-113|1|0|6|15|1|1|0|0|0
RZ1|CHK|374|1|21|3|5|5|0|10|16|0|1|0
[BigRato​#5650] Charlotte Linlin [<mark><link="OP17-099">OP17-099</link></mark>]: Trash Streusen [<mark><link="OP17-113">OP17-113</link></mark>]
[BigRato​#5650] Charlotte Linlin [<mark><link="OP17-099">OP17-099</link></mark>]: Add card to top of Life from Deck
RZ1|375|1|OP17-112|0|20|3|5|1|0|0|0|0
RZ1|CHK|375|1|20|3|5|6|0|10|16|0|1|0
[Risco​#9935] Charlotte Katakuri [<mark><link="OP11-067">OP11-067</link></mark>] Blocks
Charlotte Linlin [<mark><link="OP17-099">OP17-099</link></mark>][5000] vs Charlotte Katakuri [<mark><link="OP11-067">OP11-067</link></mark>][8000]
Attack Fails
[BigRato​#5650] Hand: [OP17-112,OP17-110,OP17-106]
[BigRato​#5650] Board: [OP17-102,OP17-104,OP17-109,OP17-104,OP17-112]
[BigRato​#5650] Trash: [OP17-108,OP17-108,OP17-117,OP17-103,OP17-107,OP17-109,OP17-104,OP17-109,OP17-103,OP17-114,OP17-113,EB01-056,OP17-106,OP16-119,OP17-103,OP17-113]
[BigRato​#5650] Life: 6
[Risco​#9935] Hand: [OP13-076,OP13-061,OP09-078,OP17-074,OP17-062]
[Risco​#9935] Trash: [OP15-078,OP13-061,OP15-078,OP07-076,ST18-001,OP07-064,OP07-076,OP05-073]
[Risco​#9935] Board: [EB01-061,OP11-067,OP17-062,ST18-001]
[Risco​#9935] Life: 0
[BigRato​#5650] End Turn
RZ1|376|2|Don|9|0|5|0|1|1|1|0|0
RZ1|CHK|376|2|33|5|4|0|1|9|8|0|1|0
[Risco​#9935] Draw 1 Card
[Risco​#9935] Drew card from deck: Sanji [<mark><link="OP07-064">OP07-064</link></mark>]
RZ1|377|2|OP07-064|0|32|1|5|0|1|0|0|0
RZ1|CHK|377|2|32|6|4|0|1|9|8|0|1|0
RZ1|378|2|Don|4|0|5|9|1|1|0|0|0
RZ1|CHK|378|2|32|6|4|0|0|10|8|0|1|0
[Risco​#9935] Draw 2 Don
[Risco​#9935] Monkey D. Luffy [<mark><link="OP05-060">OP05-060</link></mark>] attacking Charlotte Pudding [<mark><link="OP17-109">OP17-109</link></mark>]
Monkey D. Luffy [<mark><link="OP05-060">OP05-060</link></mark>][5000] vs Charlotte Pudding [<mark><link="OP17-109">OP17-109</link></mark>][4000]
[BigRato​#5650] Charlotte Pudding [<mark><link="OP17-109">OP17-109</link></mark>] Destroyed
RZ1|379|1|OP17-109|2|2|6|16|1|1|0|0|0
RZ1|CHK|379|1|20|3|4|6|0|10|17|0|1|0
[Risco​#9935] Attach 1 Don to Usohachi [<mark><link="ST18-001">ST18-001</link></mark>] (1 Total)
RZ1|380|2|Don|5|9|9|300|1|1|0|0|0
RZ1|CHK|380|2|32|6|4|0|0|9|8|0|1|1
[Risco​#9935] Usohachi [<mark><link="ST18-001">ST18-001</link></mark>] attacking Charlotte Cracker [<mark><link="OP17-104">OP17-104</link></mark>]
Usohachi [<mark><link="ST18-001">ST18-001</link></mark>][4000] vs Charlotte Cracker [<mark><link="OP17-104">OP17-104</link></mark>][4000]
[BigRato​#5650] Charlotte Cracker [<mark><link="OP17-104">OP17-104</link></mark>] Destroyed
RZ1|381|1|OP17-104|2|1|6|17|1|1|0|0|0
RZ1|CHK|381|1|20|3|3|6|0|10|18|0|1|0
[Risco​#9935] Charlotte Katakuri [<mark><link="OP11-067">OP11-067</link></mark>] attacking Charlotte Cracker [<mark><link="OP17-104">OP17-104</link></mark>]
Charlotte Katakuri [<mark><link="OP11-067">OP11-067</link></mark>][8000] vs Charlotte Cracker [<mark><link="OP17-104">OP17-104</link></mark>][4000]
[BigRato​#5650] Charlotte Cracker [<mark><link="OP17-104">OP17-104</link></mark>] Destroyed
RZ1|382|1|OP17-104|2|1|6|18|1|1|0|0|0
RZ1|CHK|382|1|20|3|2|6|0|10|19|0|1|0
[Risco​#9935] Mr. 2 Bon Clay (Bentham) [<mark><link="EB01-061">EB01-061</link></mark>] attacking Charlotte Oven [<mark><link="OP17-102">OP17-102</link></mark>]
[Risco​#9935] Mr. 2 Bon Clay (Bentham) [<mark><link="EB01-061">EB01-061</link></mark>]: Buff Self 11000
Mr. 2 Bon Clay (Bentham) [<mark><link="EB01-061">EB01-061</link></mark>][12000] vs Charlotte Oven [<mark><link="OP17-102">OP17-102</link></mark>][4000]
[BigRato​#5650] Charlotte Oven [<mark><link="OP17-102">OP17-102</link></mark>] Destroyed
RZ1|383|1|OP17-102|2|0|6|19|1|1|0|0|0
RZ1|CHK|383|1|20|3|1|6|0|10|20|0|1|0
[BigRato​#5650] Charlotte Oven [<mark><link="OP17-102">OP17-102</link></mark>]: Deployed Charlotte Brulee [<mark><link="OP17-108">OP17-108</link></mark>] from Trash
RZ1|384|1|OP17-108|6|1|2|1|1|1|0|0|0
RZ1|CHK|384|1|20|3|2|6|0|10|19|0|1|0
RZ1|385|2|Don|5|0|5|0|1|1|1|0|0
RZ1|CHK|385|2|32|6|4|0|0|9|8|0|1|1
RZ1|386|2|Don|5|1|5|1|1|1|1|0|0
RZ1|CHK|386|2|32|6|4|0|0|9|8|0|1|1
RZ1|387|2|Don|5|2|5|2|1|1|1|0|0
RZ1|CHK|387|2|32|6|4|0|0|9|8|0|1|1
RZ1|388|2|Don|5|3|5|3|1|1|1|0|0
RZ1|CHK|388|2|32|6|4|0|0|9|8|0|1|1
RZ1|389|2|Don|5|4|5|4|1|1|1|0|0
RZ1|CHK|389|2|32|6|4|0|0|9|8|0|1|1
RZ1|390|2|Don|5|5|5|5|1|1|1|0|0
RZ1|CHK|390|2|32|6|4|0|0|9|8|0|1|1
[Risco​#9935] Deploy Sanji [<mark><link="OP07-064">OP07-064</link></mark>]
RZ1|391|2|OP07-064|1|5|2|4|1|1|0|0|0
RZ1|CHK|391|2|32|5|5|0|0|9|8|0|1|1
[Risco​#9935] Charlotte Katakuri [<mark><link="OP11-067">OP11-067</link></mark>]: Set Charlotte Katakuri [<mark><link="OP11-067">OP11-067</link></mark>] to Active
[Risco​#9935] End Turn
[BigRato​#5650] Hand: [OP17-112,OP17-110,OP17-106]
[BigRato​#5650] Board: [OP17-112,OP17-108]
[BigRato​#5650] Trash: [OP17-108,OP17-117,OP17-103,OP17-107,OP17-109,OP17-104,OP17-109,OP17-103,OP17-114,OP17-113,EB01-056,OP17-106,OP16-119,OP17-103,OP17-113,OP17-109,OP17-104,OP17-104,OP17-102]
[BigRato​#5650] Life: 6
[Risco​#9935] Hand: [OP13-076,OP13-061,OP09-078,OP17-074,OP17-062]
[Risco​#9935] Trash: [OP15-078,OP13-061,OP15-078,OP07-076,ST18-001,OP07-064,OP07-076,OP05-073]
[Risco​#9935] Board: [EB01-061,OP11-067,OP17-062,ST18-001,OP07-064]
[Risco​#9935] Life: 0
[BigRato​#5650] Draw 1 Card
[BigRato​#5650] Drew card from deck: Fulgora [<mark><link="OP17-116">OP17-116</link></mark>]
RZ1|392|1|OP17-116|0|19|1|3|1|1|0|0|0
RZ1|CHK|392|1|19|4|2|6|0|10|19|0|1|0
RZ1|393|1|Don|5|0|5|0|1|1|1|0|0
RZ1|CHK|393|1|19|4|2|6|0|10|19|0|1|0
RZ1|394|1|Don|5|1|5|1|1|1|1|0|0
RZ1|CHK|394|1|19|4|2|6|0|10|19|0|1|0
RZ1|395|1|Don|5|2|5|2|1|1|1|0|0
RZ1|CHK|395|1|19|4|2|6|0|10|19|0|1|0
RZ1|396|1|Don|5|3|5|3|1|1|1|0|0
RZ1|CHK|396|1|19|4|2|6|0|10|19|0|1|0
RZ1|397|1|Don|5|4|5|4|1|1|1|0|0
RZ1|CHK|397|1|19|4|2|6|0|10|19|0|1|0
RZ1|398|1|Don|5|5|5|5|1|1|1|0|0
RZ1|CHK|398|1|19|4|2|6|0|10|19|0|1|0
RZ1|399|1|Don|5|6|5|6|1|1|1|0|0
RZ1|CHK|399|1|19|4|2|6|0|10|19|0|1|0
[BigRato​#5650] Deploy Charlotte Perospero [<mark><link="OP17-110">OP17-110</link></mark>]
RZ1|400|1|OP17-110|1|1|2|2|1|1|0|4000|0
RZ1|CHK|400|1|19|3|3|6|0|10|19|0|1|0
RZ1|401|1|OP17-106|1|1|2|3|1|1|0|4000|0
RZ1|CHK|401|1|19|2|4|6|0|10|19|0|1|0
[BigRato​#5650] Charlotte Perospero [<mark><link="OP17-110">OP17-110</link></mark>]: Deploy Charlotte Smoothie [<mark><link="OP17-106">OP17-106</link></mark>]
[BigRato​#5650] Charlotte Perospero [<mark><link="OP17-110">OP17-110</link></mark>]: Give Charlotte Perospero [<mark><link="OP17-110">OP17-110</link></mark>] Rush
[BigRato​#5650] Charlotte Smoothie [<mark><link="OP17-106">OP17-106</link></mark>]: Rest 2 Don
RZ1|402|1|Don|5|7|5|7|1|1|1|0|0
RZ1|CHK|402|1|19|2|4|6|0|10|19|0|1|0
RZ1|403|1|Don|5|8|5|8|1|1|1|0|0
RZ1|CHK|403|1|19|2|4|6|0|10|19|0|1|0
[BigRato​#5650] Charlotte Smoothie [<mark><link="OP17-106">OP17-106</link></mark>]: Add card to top of Life from Deck
RZ1|404|1|EB04-058|0|18|3|6|1|0|0|0|0
RZ1|CHK|404|1|18|2|4|7|0|10|19|0|1|0
[BigRato​#5650] Forcing opponent to resolve Card Action!
RZ1|405|2|OP17-062|1|4|6|8|1|1|0|0|0
RZ1|CHK|405|2|32|4|5|0|0|9|9|0|1|1
[Risco​#9935] Charlotte Smoothie [<mark><link="OP17-106">OP17-106</link></mark>]: Trash Kaido [<mark><link="OP17-062">OP17-062</link></mark>]
[BigRato​#5650] Hand: [OP17-112,OP17-116]
[BigRato​#5650] Board: [OP17-112,OP17-108,OP17-110,OP17-106]
[BigRato​#5650] Trash: [OP17-108,OP17-117,OP17-103,OP17-107,OP17-109,OP17-104,OP17-109,OP17-103,OP17-114,OP17-113,EB01-056,OP17-106,OP16-119,OP17-103,OP17-113,OP17-109,OP17-104,OP17-104,OP17-102]
[BigRato​#5650] Life: 7
[Risco​#9935] Hand: [OP13-076,OP13-061,OP09-078,OP17-074]
[Risco​#9935] Trash: [OP15-078,OP13-061,OP15-078,OP07-076,ST18-001,OP07-064,OP07-076,OP05-073,OP17-062]
[Risco​#9935] Board: [EB01-061,OP11-067,OP17-062,ST18-001,OP07-064]
[Risco​#9935] Life: 0
[BigRato​#5650] End Turn
RZ1|406|2|Don|9|300|5|0|1|1|1|0|0
RZ1|CHK|406|2|32|4|5|0|0|10|9|0|1|0
[Risco​#9935] Draw 1 Card
[Risco​#9935] Drew card from deck: NoroNoro Beam Sword [<mark><link="OP07-076">OP07-076</link></mark>]
RZ1|407|2|OP07-076|0|31|1|4|0|1|0|0|0
RZ1|CHK|407|2|31|5|5|0|0|10|9|0|1|0
[Risco​#9935] Mr. 2 Bon Clay (Bentham) [<mark><link="EB01-061">EB01-061</link></mark>] attacking Charlotte Linlin [<mark><link="OP17-099">OP17-099</link></mark>]
[Risco​#9935] Mr. 2 Bon Clay (Bentham) [<mark><link="EB01-061">EB01-061</link></mark>]: Buff Self 11000
Mr. 2 Bon Clay (Bentham) [<mark><link="EB01-061">EB01-061</link></mark>][12000] vs Charlotte Linlin [<mark><link="OP17-099">OP17-099</link></mark>][5000]
Charlotte Linlin [<mark><link="OP17-099">OP17-099</link></mark>] hit for 1 damage
RZ1|408|1|EB04-058|3|6|1|2|1|1|0|0|0
RZ1|CHK|408|1|18|3|4|6|0|10|19|0|1|0
[Risco​#9935] Attach 2 Don to Usohachi [<mark><link="ST18-001">ST18-001</link></mark>] (2 Total)
RZ1|409|2|Don|5|8|9|300|1|1|0|0|0
RZ1|CHK|409|2|31|5|5|0|0|9|9|0|1|1
RZ1|410|2|Don|5|8|9|301|1|1|0|0|0
RZ1|CHK|410|2|31|5|5|0|0|8|9|0|1|2
[Risco​#9935] Usohachi [<mark><link="ST18-001">ST18-001</link></mark>] attacking Charlotte Linlin [<mark><link="OP17-099">OP17-099</link></mark>]
Usohachi [<mark><link="ST18-001">ST18-001</link></mark>][5000] vs Charlotte Linlin [<mark><link="OP17-099">OP17-099</link></mark>][5000]
Charlotte Linlin [<mark><link="OP17-099">OP17-099</link></mark>] hit for 1 damage
RZ1|411|1|OP17-112|3|5|1|3|1|1|0|0|0
RZ1|CHK|411|1|18|4|4|5|0|10|19|0|1|0
[Risco​#9935] Monkey D. Luffy [<mark><link="OP05-060">OP05-060</link></mark>] attacking Charlotte Linlin [<mark><link="OP17-099">OP17-099</link></mark>]
Monkey D. Luffy [<mark><link="OP05-060">OP05-060</link></mark>][5000] vs Charlotte Linlin [<mark><link="OP17-099">OP17-099</link></mark>][5000]
Charlotte Linlin [<mark><link="OP17-099">OP17-099</link></mark>] hit for 1 damage
RZ1|412|1|OP17-106|3|4|1|4|1|1|0|0|0
RZ1|CHK|412|1|18|5|4|4|0|10|19|0|1|0
[BigRato​#5650] Charlotte Smoothie [<mark><link="OP17-106">OP17-106</link></mark>]: Activate Trigger
RZ1|413|1|OP17-106|1|4|6|19|1|1|0|0|0
RZ1|CHK|413|1|18|4|4|4|0|10|20|0|1|0
RZ1|414|1|OP17-106|6|19|2|4|1|1|0|0|0
RZ1|CHK|414|1|18|4|5|4|0|10|19|0|1|0
[BigRato​#5650] Charlotte Smoothie [<mark><link="OP17-106">OP17-106</link></mark>]: Deploy Charlotte Smoothie [<mark><link="OP17-106">OP17-106</link></mark>]
[Risco​#9935] Charlotte Katakuri [<mark><link="OP11-067">OP11-067</link></mark>] attacking Charlotte Linlin [<mark><link="OP17-099">OP17-099</link></mark>]
[BigRato​#5650] Charlotte Brulee [<mark><link="OP17-108">OP17-108</link></mark>] Blocks
Charlotte Katakuri [<mark><link="OP11-067">OP11-067</link></mark>][8000] vs Charlotte Brulee [<mark><link="OP17-108">OP17-108</link></mark>][4000]
[BigRato​#5650] Charlotte Brulee [<mark><link="OP17-108">OP17-108</link></mark>] Destroyed
RZ1|415|1|OP17-108|2|1|6|19|1|1|0|0|0
RZ1|CHK|415|1|18|4|4|4|0|10|20|0|1|0
RZ1|416|2|Don|5|0|5|0|1|1|1|0|0
RZ1|CHK|416|2|31|5|5|0|0|8|9|0|1|2
RZ1|417|2|Don|5|1|5|1|1|1|1|0|0
RZ1|CHK|417|2|31|5|5|0|0|8|9|0|1|2
RZ1|418|2|Don|5|2|5|2|1|1|1|0|0
RZ1|CHK|418|2|31|5|5|0|0|8|9|0|1|2
[Risco​#9935] Trash Usohachi [<mark><link="ST18-001">ST18-001</link></mark>]
[Risco​#9935] Deploy Yamato [<mark><link="OP17-074">OP17-074</link></mark>]
RZ1|419|2|Don|9|300|5|0|1|1|1|0|0
RZ1|CHK|419|2|31|5|5|0|0|9|9|0|1|1
RZ1|420|2|Don|9|300|5|0|1|1|1|0|0
RZ1|CHK|420|2|31|5|5|0|0|10|9|0|1|0
RZ1|421|2|ST18-001|2|3|6|9|1|1|0|0|0
RZ1|CHK|421|2|31|5|4|0|0|10|10|0|1|0
RZ1|422|2|OP17-074|1|3|2|4|1|1|0|0|0
RZ1|CHK|422|2|31|4|5|0|0|10|10|0|1|0
[Risco​#9935] Charlotte Katakuri [<mark><link="OP11-067">OP11-067</link></mark>]: Set Charlotte Katakuri [<mark><link="OP11-067">OP11-067</link></mark>] to Active
[Risco​#9935] End Turn
[BigRato​#5650] Hand: [OP17-112,OP17-116,EB04-058,OP17-112]
[BigRato​#5650] Board: [OP17-112,OP17-110,OP17-106,OP17-106]
[BigRato​#5650] Trash: [OP17-108,OP17-117,OP17-103,OP17-107,OP17-109,OP17-104,OP17-109,OP17-103,OP17-114,OP17-113,EB01-056,OP17-106,OP16-119,OP17-103,OP17-113,OP17-109,OP17-104,OP17-104,OP17-102,OP17-108]
[BigRato​#5650] Life: 4
[Risco​#9935] Hand: [OP13-076,OP13-061,OP09-078,OP07-076]
[Risco​#9935] Trash: [OP15-078,OP13-061,OP15-078,OP07-076,ST18-001,OP07-064,OP07-076,OP05-073,OP17-062,ST18-001]
[Risco​#9935] Board: [EB01-061,OP11-067,OP17-062,OP07-064,OP17-074]
[Risco​#9935] Life: 0
[BigRato​#5650] Draw 1 Card
[BigRato​#5650] Drew card from deck: Streusen [<mark><link="OP17-113">OP17-113</link></mark>]
RZ1|423|1|OP17-113|0|17|1|4|1|1|0|0|0
RZ1|CHK|423|1|17|5|4|4|0|10|20|0|1|0
RZ1|424|1|Don|5|0|5|0|1|1|1|0|0
RZ1|CHK|424|1|17|5|4|4|0|10|20|0|1|0
RZ1|425|1|Don|5|1|5|1|1|1|1|0|0
RZ1|CHK|425|1|17|5|4|4|0|10|20|0|1|0
RZ1|426|1|Don|5|2|5|2|1|1|1|0|0
RZ1|CHK|426|1|17|5|4|4|0|10|20|0|1|0
RZ1|427|1|Don|5|3|5|3|1|1|1|0|0
RZ1|CHK|427|1|17|5|4|4|0|10|20|0|1|0
RZ1|428|1|Don|5|4|5|4|1|1|1|0|0
RZ1|CHK|428|1|17|5|4|4|0|10|20|0|1|0
RZ1|429|1|Don|5|5|5|5|1|1|1|0|0
RZ1|CHK|429|1|17|5|4|4|0|10|20|0|1|0
RZ1|430|1|Don|5|6|5|6|1|1|1|0|0
RZ1|CHK|430|1|17|5|4|4|0|10|20|0|1|0
RZ1|431|1|Don|5|7|5|7|1|1|1|0|0
RZ1|CHK|431|1|17|5|4|4|0|10|20|0|1|0
RZ1|432|1|Don|5|8|5|8|1|1|1|0|0
RZ1|CHK|432|1|17|5|4|4|0|10|20|0|1|0
RZ1|433|1|Don|5|9|5|9|1|1|1|0|0
RZ1|CHK|433|1|17|5|4|4|0|10|20|0|1|0
[BigRato​#5650] Deploy Charlotte Linlin [<mark><link="OP17-112">OP17-112</link></mark>]
RZ1|434|1|OP17-112|1|3|2|4|1|1|0|0|0
RZ1|CHK|434|1|17|4|5|4|0|10|20|0|1|0
[BigRato​#5650] Drew card from deck: Charlotte Cracker [<mark><link="OP17-104">OP17-104</link></mark>]
RZ1|435|1|OP17-104|0|16|1|4|1|1|0|0|0
RZ1|CHK|435|1|16|5|5|4|0|10|20|0|1|0
[BigRato​#5650] Charlotte Linlin [<mark><link="OP17-112">OP17-112</link></mark>]: Draw 1 Card
[BigRato​#5650] Charlotte Linlin [<mark><link="OP17-112">OP17-112</link></mark>]: Add card to top of Life from Deck
RZ1|436|1|EB01-056|0|15|3|4|1|0|0|0|0
RZ1|CHK|436|1|15|5|5|5|0|10|20|0|1|0
[BigRato​#5650] Charlotte Linlin [<mark><link="OP17-112">OP17-112</link></mark>] attacking Monkey D. Luffy [<mark><link="OP05-060">OP05-060</link></mark>]
[Risco​#9935] Kaido [<mark><link="OP17-062">OP17-062</link></mark>] Blocks
[Risco​#9935] NoroNoro Beam Sword [<mark><link="OP07-076">OP07-076</link></mark>]: Activate Counter
[Risco​#9935] NoroNoro Beam Sword [<mark><link="OP07-076">OP07-076</link></mark>]: Rest 2 Don
RZ1|437|2|Don|5|5|5|5|1|1|1|0|0
RZ1|CHK|437|2|31|4|5|0|0|10|10|0|1|0
RZ1|438|2|Don|5|6|5|6|1|1|1|0|0
RZ1|CHK|438|2|31|4|5|0|0|10|10|0|1|0
RZ1|439|2|OP07-076|1|3|6|10|1|1|0|0|0
RZ1|CHK|439|2|31|3|5|0|0|10|11|0|1|0
RZ1|440|2|Don|5|3|4|0|1|1|0|0|0
RZ1|CHK|440|2|31|3|5|0|1|9|11|0|1|0
[Risco​#9935] NoroNoro Beam Sword [<mark><link="OP07-076">OP07-076</link></mark>]: Minus 1 Don
[Risco​#9935] NoroNoro Beam Sword [<mark><link="OP07-076">OP07-076</link></mark>]: Buff Kaido [<mark><link="OP17-062">OP17-062</link></mark>] 2000 for the Combat
[Risco​#9935] NoroNoro Beam Sword [<mark><link="OP07-076">OP07-076</link></mark>]: Rest Charlotte Smoothie [<mark><link="OP17-106">OP17-106</link></mark>]
Charlotte Linlin [<mark><link="OP17-112">OP17-112</link></mark>][12000] vs Kaido [<mark><link="OP17-062">OP17-062</link></mark>][14000]
Attack Fails
[BigRato​#5650] Charlotte Perospero [<mark><link="OP17-110">OP17-110</link></mark>] attacking Monkey D. Luffy [<mark><link="OP05-060">OP05-060</link></mark>]
[Risco​#9935] Yamato [<mark><link="OP17-074">OP17-074</link></mark>] Blocks
RZ1|441|2|OP17-074|2|4|6|11|1|1|0|0|0
RZ1|CHK|441|2|31|3|4|0|1|9|12|0|1|0
Charlotte Perospero [<mark><link="OP17-110">OP17-110</link></mark>][8000] vs Yamato [<mark><link="OP17-074">OP17-074</link></mark>][1000]
[Risco​#9935] Yamato [<mark><link="OP17-074">OP17-074</link></mark>] Destroyed
[BigRato​#5650] Charlotte Linlin [<mark><link="OP17-099">OP17-099</link></mark>] attacking Mr. 2 Bon Clay (Bentham) [<mark><link="EB01-061">EB01-061</link></mark>]
RZ1|442|1|OP17-116|1|1|6|20|1|1|0|0|0
RZ1|CHK|442|1|15|4|5|5|0|10|21|0|1|0
[BigRato​#5650] Charlotte Linlin [<mark><link="OP17-099">OP17-099</link></mark>]: Trash Fulgora [<mark><link="OP17-116">OP17-116</link></mark>]
[BigRato​#5650] Forcing opponent to resolve Card Action!
[Risco​#9935] Forcing opponent to resolve Card Action!
RZ1|443|1|OP17-104|1|3|6|21|1|1|0|0|0
RZ1|CHK|443|1|15|3|5|5|0|10|22|0|1|0
[BigRato​#5650] Charlotte Linlin [<mark><link="OP17-099">OP17-099</link></mark>]: Trash Charlotte Cracker [<mark><link="OP17-104">OP17-104</link></mark>]
[BigRato​#5650] Charlotte Linlin [<mark><link="OP17-099">OP17-099</link></mark>]: Add card to top of Life from Deck
RZ1|444|1|OP17-108|0|14|3|5|1|0|0|0|0
RZ1|CHK|444|1|14|3|5|6|0|10|22|0|1|0
[Risco​#9935] Sanji [<mark><link="OP07-064">OP07-064</link></mark>] Blocks
Charlotte Linlin [<mark><link="OP17-099">OP17-099</link></mark>][5000] vs Sanji [<mark><link="OP07-064">OP07-064</link></mark>][6000]
Attack Fails
[BigRato​#5650] Charlotte Smoothie [<mark><link="OP17-106">OP17-106</link></mark>] attacking Monkey D. Luffy [<mark><link="OP05-060">OP05-060</link></mark>]
[Risco​#9935] Charlotte Katakuri [<mark><link="OP11-067">OP11-067</link></mark>] Blocks
[Risco​#9935] Gum Gum Giant [<mark><link="OP09-078">OP09-078</link></mark>]: Activate Counter
[Risco​#9935] Gum Gum Giant [<mark><link="OP09-078">OP09-078</link></mark>]: Rest 1 Don
RZ1|445|2|Don|5|6|5|6|1|1|1|0|0
RZ1|CHK|445|2|31|3|4|0|1|9|12|0|1|0
RZ1|446|2|OP09-078|1|2|6|12|1|1|0|0|0
RZ1|CHK|446|2|31|2|4|0|1|9|13|0|1|0
RZ1|447|2|Don|5|5|4|1|1|1|0|0|0
RZ1|CHK|447|2|31|2|4|0|2|8|13|0|1|0
RZ1|448|2|Don|5|5|4|2|1|1|0|0|0
RZ1|CHK|448|2|31|2|4|0|3|7|13|0|1|0
[Risco​#9935] Gum Gum Giant [<mark><link="OP09-078">OP09-078</link></mark>]: Minus 2 Don
RZ1|449|2|OP13-061|1|1|6|13|1|1|0|0|0
RZ1|CHK|449|2|31|1|4|0|3|7|14|0|1|0
[Risco​#9935] Gum Gum Giant [<mark><link="OP09-078">OP09-078</link></mark>]: Trash Inuarashi [<mark><link="OP13-061">OP13-061</link></mark>]
[Risco​#9935] Gum Gum Giant [<mark><link="OP09-078">OP09-078</link></mark>]: Buff Charlotte Katakuri [<mark><link="OP11-067">OP11-067</link></mark>] 4000 for the Combat
[Risco​#9935] Drew card from deck: Charlotte Linlin [<mark><link="ST34-004">ST34-004</link></mark>]
RZ1|450|2|ST34-004|0|30|1|1|0|1|0|0|0
RZ1|CHK|450|2|30|2|4|0|3|7|14|0|1|0
[Risco​#9935] Drew card from deck: Mr. 2 Bon Clay (Bentham) [<mark><link="EB01-061">EB01-061</link></mark>]
RZ1|451|2|EB01-061|0|29|1|2|0|1|0|0|0
RZ1|CHK|451|2|29|3|4|0|3|7|14|0|1|0
[Risco​#9935] Gum Gum Giant [<mark><link="OP09-078">OP09-078</link></mark>]: Draw 2 Card
Charlotte Smoothie [<mark><link="OP17-106">OP17-106</link></mark>][8000] vs Charlotte Katakuri [<mark><link="OP11-067">OP11-067</link></mark>][12000]
Attack Fails
[BigRato​#5650] Hand: [OP17-112,EB04-058,OP17-113]
[BigRato​#5650] Board: [OP17-112,OP17-110,OP17-106,OP17-106,OP17-112]
[BigRato​#5650] Trash: [OP17-108,OP17-117,OP17-103,OP17-107,OP17-109,OP17-104,OP17-109,OP17-103,OP17-114,OP17-113,EB01-056,OP17-106,OP16-119,OP17-103,OP17-113,OP17-109,OP17-104,OP17-104,OP17-102,OP17-108,OP17-116,OP17-104]
[BigRato​#5650] Life: 6
[Risco​#9935] Hand: [OP13-076,ST34-004,EB01-061]
[Risco​#9935] Trash: [OP15-078,OP13-061,OP15-078,OP07-076,ST18-001,OP07-064,OP07-076,OP05-073,OP17-062,ST18-001,OP07-076,OP17-074,OP09-078,OP13-061]
[Risco​#9935] Board: [EB01-061,OP11-067,OP17-062,OP07-064]
[Risco​#9935] Life: 0
[BigRato​#5650] End Turn
[Risco​#9935] Draw 1 Card
[Risco​#9935] Drew card from deck: Usohachi [<mark><link="ST18-001">ST18-001</link></mark>]
RZ1|452|2|ST18-001|0|28|1|3|0|1|0|0|0
RZ1|CHK|452|2|28|4|4|0|3|7|14|0|1|0
RZ1|453|2|Don|4|2|5|7|1|1|0|0|0
RZ1|CHK|453|2|28|4|4|0|2|8|14|0|1|0
RZ1|454|2|Don|4|1|5|8|1|1|0|0|0
RZ1|CHK|454|2|28|4|4|0|1|9|14|0|1|0
[Risco​#9935] Draw 2 Don
[Risco​#9935] Attach 1 Don to Monkey D. Luffy [<mark><link="OP05-060">OP05-060</link></mark>] (1 Total)
RZ1|455|2|Don|5|8|9|9900|1|1|0|0|0
RZ1|CHK|455|2|28|4|4|0|1|8|14|0|1|1
RZ1|456|2|OP13-076|1|0|6|14|1|1|0|0|0
RZ1|CHK|456|2|28|3|4|0|1|8|15|0|1|1
[Risco​#9935] Divine Departure [<mark><link="OP13-076">OP13-076</link></mark>]: Rest 5 Don
RZ1|457|2|Don|5|0|5|0|1|1|1|0|0
RZ1|CHK|457|2|28|3|4|0|1|8|15|0|1|1
RZ1|458|2|Don|5|1|5|1|1|1|1|0|0
RZ1|CHK|458|2|28|3|4|0|1|8|15|0|1|1
RZ1|459|2|Don|5|2|5|2|1|1|1|0|0
RZ1|CHK|459|2|28|3|4|0|1|8|15|0|1|1
RZ1|460|2|Don|5|3|5|3|1|1|1|0|0
RZ1|CHK|460|2|28|3|4|0|1|8|15|0|1|1
RZ1|461|2|Don|5|4|5|4|1|1|1|0|0
RZ1|CHK|461|2|28|3|4|0|1|8|15|0|1|1
[Risco​#9935] Divine Departure [<mark><link="OP13-076">OP13-076</link></mark>]: Buff Charlotte Linlin [<mark><link="OP17-112">OP17-112</link></mark>] -8000
[Risco​#9935] Monkey D. Luffy [<mark><link="OP05-060">OP05-060</link></mark>] attacking Charlotte Linlin [<mark><link="OP17-112">OP17-112</link></mark>]
Monkey D. Luffy [<mark><link="OP05-060">OP05-060</link></mark>][6000] vs Charlotte Linlin [<mark><link="OP17-112">OP17-112</link></mark>][4000]
[BigRato​#5650] Charlotte Linlin [<mark><link="OP17-112">OP17-112</link></mark>] Destroyed
RZ1|462|1|OP17-112|2|0|6|22|1|1|0|0|0
RZ1|CHK|462|1|14|3|4|6|0|10|23|0|1|0
[Risco​#9935] Mr. 2 Bon Clay (Bentham) [<mark><link="EB01-061">EB01-061</link></mark>] attacking Charlotte Smoothie [<mark><link="OP17-106">OP17-106</link></mark>]
[Risco​#9935] Mr. 2 Bon Clay (Bentham) [<mark><link="EB01-061">EB01-061</link></mark>]: Buff Self 11000
Mr. 2 Bon Clay (Bentham) [<mark><link="EB01-061">EB01-061</link></mark>][12000] vs Charlotte Smoothie [<mark><link="OP17-106">OP17-106</link></mark>][4000]
[BigRato​#5650] Charlotte Smoothie [<mark><link="OP17-106">OP17-106</link></mark>] Destroyed
RZ1|463|1|OP17-106|2|1|6|23|1|1|0|0|0
RZ1|CHK|463|1|14|3|3|6|0|10|24|0|1|0
[Risco​#9935] Charlotte Katakuri [<mark><link="OP11-067">OP11-067</link></mark>] attacking Charlotte Smoothie [<mark><link="OP17-106">OP17-106</link></mark>]
Charlotte Katakuri [<mark><link="OP11-067">OP11-067</link></mark>][8000] vs Charlotte Smoothie [<mark><link="OP17-106">OP17-106</link></mark>][4000]
[BigRato​#5650] Charlotte Smoothie [<mark><link="OP17-106">OP17-106</link></mark>] Destroyed
RZ1|464|1|OP17-106|2|1|6|24|1|1|0|0|0
RZ1|CHK|464|1|14|3|2|6|0|10|25|0|1|0
[Risco​#9935] Attach 2 Don to Sanji [<mark><link="OP07-064">OP07-064</link></mark>] (2 Total)
RZ1|465|2|Don|5|6|9|300|1|1|0|0|0
RZ1|CHK|465|2|28|3|4|0|1|7|15|0|1|2
RZ1|466|2|Don|5|6|9|301|1|1|0|0|0
RZ1|CHK|466|2|28|3|4|0|1|6|15|0|1|3
[Risco​#9935] Sanji [<mark><link="OP07-064">OP07-064</link></mark>] attacking Charlotte Perospero [<mark><link="OP17-110">OP17-110</link></mark>]
Sanji [<mark><link="OP07-064">OP07-064</link></mark>][8000] vs Charlotte Perospero [<mark><link="OP17-110">OP17-110</link></mark>][4000]
[BigRato​#5650] Charlotte Perospero [<mark><link="OP17-110">OP17-110</link></mark>] Destroyed
RZ1|467|1|OP17-110|2|0|6|25|1|1|0|0|0
RZ1|CHK|467|1|14|3|1|6|0|10|26|0|1|0
[Risco​#9935] Charlotte Katakuri [<mark><link="OP11-067">OP11-067</link></mark>]: Set Charlotte Katakuri [<mark><link="OP11-067">OP11-067</link></mark>] to Active
Charlotte Katakuri [<mark><link="OP11-067">OP11-067</link></mark>]: Draw 1 Rested Don
RZ1|468|2|Don|4|0|5|0|1|1|1|0|0
RZ1|CHK|468|2|28|3|4|0|0|7|15|0|1|3
[Risco​#9935] End Turn
[BigRato​#5650] Hand: [OP17-112,EB04-058,OP17-113]
[BigRato​#5650] Board: [OP17-112]
[BigRato​#5650] Trash: [OP17-108,OP17-117,OP17-103,OP17-107,OP17-109,OP17-104,OP17-109,OP17-103,OP17-114,OP17-113,EB01-056,OP17-106,OP16-119,OP17-103,OP17-113,OP17-109,OP17-104,OP17-104,OP17-102,OP17-108,OP17-116,OP17-104,OP17-112,OP17-106,OP17-106,OP17-110]
[BigRato​#5650] Life: 6
[Risco​#9935] Hand: [ST34-004,EB01-061,ST18-001]
[Risco​#9935] Trash: [OP15-078,OP13-061,OP15-078,OP07-076,ST18-001,OP07-064,OP07-076,OP05-073,OP17-062,ST18-001,OP07-076,OP17-074,OP09-078,OP13-061,OP13-076]
[Risco​#9935] Board: [EB01-061,OP11-067,OP17-062,OP07-064]
[Risco​#9935] Life: 0
[BigRato​#5650] Draw 1 Card
[BigRato​#5650] Drew card from deck: Charlotte Perospero [<mark><link="OP17-110">OP17-110</link></mark>]
RZ1|469|1|OP17-110|0|13|1|3|1|1|0|0|0
RZ1|CHK|469|1|13|4|1|6|0|10|26|0|1|0
RZ1|470|1|Don|5|0|5|0|1|1|1|0|0
RZ1|CHK|470|1|13|4|1|6|0|10|26|0|1|0
RZ1|471|1|Don|5|1|5|1|1|1|1|0|0
RZ1|CHK|471|1|13|4|1|6|0|10|26|0|1|0
RZ1|472|1|Don|5|2|5|2|1|1|1|0|0
RZ1|CHK|472|1|13|4|1|6|0|10|26|0|1|0
RZ1|473|1|Don|5|3|5|3|1|1|1|0|0
RZ1|CHK|473|1|13|4|1|6|0|10|26|0|1|0
RZ1|474|1|Don|5|4|5|4|1|1|1|0|0
RZ1|CHK|474|1|13|4|1|6|0|10|26|0|1|0
RZ1|475|1|Don|5|5|5|5|1|1|1|0|0
RZ1|CHK|475|1|13|4|1|6|0|10|26|0|1|0
RZ1|476|1|Don|5|6|5|6|1|1|1|0|0
RZ1|CHK|476|1|13|4|1|6|0|10|26|0|1|0
RZ1|477|1|Don|5|7|5|7|1|1|1|0|0
RZ1|CHK|477|1|13|4|1|6|0|10|26|0|1|0
RZ1|478|1|Don|5|8|5|8|1|1|1|0|0
RZ1|CHK|478|1|13|4|1|6|0|10|26|0|1|0
RZ1|479|1|Don|5|9|5|9|1|1|1|0|0
RZ1|CHK|479|1|13|4|1|6|0|10|26|0|1|0
[BigRato​#5650] Deploy Charlotte Linlin [<mark><link="OP17-112">OP17-112</link></mark>]
RZ1|480|1|OP17-112|1|0|2|1|1|1|0|0|0
RZ1|CHK|480|1|13|3|2|6|0|10|26|0|1|0
[BigRato​#5650] Drew card from deck: Streusen [<mark><link="OP17-113">OP17-113</link></mark>]
RZ1|481|1|OP17-113|0|12|1|3|1|1|0|0|0
RZ1|CHK|481|1|12|4|2|6|0|10|26|0|1|0
[BigRato​#5650] Charlotte Linlin [<mark><link="OP17-112">OP17-112</link></mark>]: Draw 1 Card
[BigRato​#5650] Charlotte Linlin [<mark><link="OP17-112">OP17-112</link></mark>]: Add card to top of Life from Deck
RZ1|482|1|OP16-119|0|11|3|6|1|0|0|0|0
RZ1|CHK|482|1|11|4|2|7|0|10|26|0|1|0
[BigRato​#5650] Charlotte Linlin [<mark><link="OP17-099">OP17-099</link></mark>] attacking Mr. 2 Bon Clay (Bentham) [<mark><link="EB01-061">EB01-061</link></mark>]
RZ1|483|1|OP17-110|1|2|6|26|1|1|0|0|0
RZ1|CHK|483|1|11|3|2|7|0|10|27|0|1|0
[BigRato​#5650] Charlotte Linlin [<mark><link="OP17-099">OP17-099</link></mark>]: Trash Charlotte Perospero [<mark><link="OP17-110">OP17-110</link></mark>]
[BigRato​#5650] Forcing opponent to resolve Card Action!
[Risco​#9935] Forcing opponent to resolve Card Action!
RZ1|484|1|EB04-058|1|0|6|27|1|1|0|0|0
RZ1|CHK|484|1|11|2|2|7|0|10|28|0|1|0
[BigRato​#5650] Charlotte Linlin [<mark><link="OP17-099">OP17-099</link></mark>]: Trash Borsalino [<mark><link="EB04-058">EB04-058</link></mark>]
[BigRato​#5650] Charlotte Linlin [<mark><link="OP17-099">OP17-099</link></mark>]: Add card to top of Life from Deck
RZ1|485|1|OP17-107|0|10|3|7|1|0|0|0|0
RZ1|CHK|485|1|10|2|2|8|0|10|28|0|1|0
[Risco​#9935] Charlotte Katakuri [<mark><link="OP11-067">OP11-067</link></mark>] Blocks
Charlotte Linlin [<mark><link="OP17-099">OP17-099</link></mark>][5000] vs Charlotte Katakuri [<mark><link="OP11-067">OP11-067</link></mark>][8000]
Attack Fails
[BigRato​#5650] Hand: [OP17-113,OP17-113]
[BigRato​#5650] Board: [OP17-112,OP17-112]
[BigRato​#5650] Trash: [OP17-108,OP17-117,OP17-103,OP17-107,OP17-109,OP17-104,OP17-109,OP17-103,OP17-114,OP17-113,EB01-056,OP17-106,OP16-119,OP17-103,OP17-113,OP17-109,OP17-104,OP17-104,OP17-102,OP17-108,OP17-116,OP17-104,OP17-112,OP17-106,OP17-106,OP17-110,OP17-110,EB04-058]
[BigRato​#5650] Life: 8
[Risco​#9935] Hand: [ST34-004,EB01-061,ST18-001]
[Risco​#9935] Trash: [OP15-078,OP13-061,OP15-078,OP07-076,ST18-001,OP07-064,OP07-076,OP05-073,OP17-062,ST18-001,OP07-076,OP17-074,OP09-078,OP13-061,OP13-076]
[Risco​#9935] Board: [EB01-061,OP11-067,OP17-062,OP07-064]
[Risco​#9935] Life: 0
[BigRato​#5650] End Turn
RZ1|486|2|Don|9|9900|5|0|1|1|1|0|0
RZ1|CHK|486|2|28|3|4|0|0|8|15|0|1|2
RZ1|487|2|Don|9|300|5|0|1|1|1|0|0
RZ1|CHK|487|2|28|3|4|0|0|9|15|0|1|1
RZ1|488|2|Don|9|300|5|0|1|1|1|0|0
RZ1|CHK|488|2|28|3|4|0|0|10|15|0|1|0
[Risco​#9935] Draw 1 Card
[Risco​#9935] Drew card from deck: Gum Gum Giant [<mark><link="OP09-078">OP09-078</link></mark>]
RZ1|489|2|OP09-078|0|27|1|3|0|1|0|0|0
RZ1|CHK|489|2|27|4|4|0|0|10|15|0|1|0
RZ1|490|2|Don|5|0|5|0|1|1|1|0|0
RZ1|CHK|490|2|27|4|4|0|0|10|15|0|1|0
RZ1|491|2|Don|5|1|5|1|1|1|1|0|0
RZ1|CHK|491|2|27|4|4|0|0|10|15|0|1|0
RZ1|492|2|Don|5|2|5|2|1|1|1|0|0
RZ1|CHK|492|2|27|4|4|0|0|10|15|0|1|0
RZ1|493|2|Don|5|3|5|3|1|1|1|0|0
RZ1|CHK|493|2|27|4|4|0|0|10|15|0|1|0
RZ1|494|2|Don|5|4|5|4|1|1|1|0|0
RZ1|CHK|494|2|27|4|4|0|0|10|15|0|1|0
RZ1|495|2|Don|5|5|5|5|1|1|1|0|0
RZ1|CHK|495|2|27|4|4|0|0|10|15|0|1|0
RZ1|496|2|Don|5|6|5|6|1|1|1|0|0
RZ1|CHK|496|2|27|4|4|0|0|10|15|0|1|0
RZ1|497|2|Don|5|7|5|7|1|1|1|0|0
RZ1|CHK|497|2|27|4|4|0|0|10|15|0|1|0
RZ1|498|2|Don|5|8|5|8|1|1|1|0|0
RZ1|CHK|498|2|27|4|4|0|0|10|15|0|1|0
RZ1|499|2|Don|5|9|5|9|1|1|1|0|0
RZ1|CHK|499|2|27|4|4|0|0|10|15|0|1|0
[Risco​#9935] Deploy Charlotte Linlin [<mark><link="ST34-004">ST34-004</link></mark>]
RZ1|500|2|ST34-004|1|0|2|4|1|1|0|0|0
RZ1|CHK|500|2|27|3|5|0|0|10|15|0|1|0
RZ1|501|2|Don|5|9|4|0|1|1|0|0|0
RZ1|CHK|501|2|27|3|5|0|1|9|15|0|1|0
RZ1|502|2|Don|5|8|4|1|1|1|0|0|0
RZ1|CHK|502|2|27|3|5|0|2|8|15|0|1|0
RZ1|503|2|Don|5|7|4|2|1|1|0|0|0
RZ1|CHK|503|2|27|3|5|0|3|7|15|0|1|0
RZ1|504|2|Don|5|6|4|3|1|1|0|0|0
RZ1|CHK|504|2|27|3|5|0|4|6|15|0|1|0
[Risco​#9935] Charlotte Linlin [<mark><link="ST34-004">ST34-004</link></mark>]: Minus 4 Don
RZ1|505|2|EB01-061|1|0|6|15|1|1|0|0|0
RZ1|CHK|505|2|27|2|5|0|4|6|16|0|1|0
[Risco​#9935] Charlotte Linlin [<mark><link="ST34-004">ST34-004</link></mark>]: Trash Mr. 2 Bon Clay (Bentham) [<mark><link="EB01-061">EB01-061</link></mark>]
[Risco​#9935] Charlotte Linlin [<mark><link="ST34-004">ST34-004</link></mark>]: Add card to top of Life from Deck
RZ1|506|2|OP09-078|0|26|3|0|0|1|0|0|0
RZ1|CHK|506|2|26|2|5|1|4|6|16|0|1|0
[Risco​#9935] Charlotte Linlin [<mark><link="ST34-004">ST34-004</link></mark>]: Set Charlotte Linlin [<mark><link="OP17-112">OP17-112</link></mark>] Base Power to -12000
Kaido [<mark><link="OP17-062">OP17-062</link></mark>]: Draw 1 Don
RZ1|507|2|Don|4|3|5|6|1|1|0|0|0
RZ1|CHK|507|2|26|2|5|1|3|7|16|0|1|0
[Risco​#9935] Kaido [<mark><link="OP17-062">OP17-062</link></mark>]: Activate 1 Don
RZ1|508|2|Don|5|5|5|5|1|1|0|0|0
RZ1|CHK|508|2|26|2|5|1|3|7|16|0|1|0
[Risco​#9935] Monkey D. Luffy [<mark><link="OP05-060">OP05-060</link></mark>] attacking Charlotte Linlin [<mark><link="OP17-099">OP17-099</link></mark>]
Monkey D. Luffy [<mark><link="OP05-060">OP05-060</link></mark>][5000] vs Charlotte Linlin [<mark><link="OP17-099">OP17-099</link></mark>][5000]
Charlotte Linlin [<mark><link="OP17-099">OP17-099</link></mark>] hit for 1 damage
RZ1|509|1|OP17-107|3|7|1|2|1|1|0|0|0
RZ1|CHK|509|1|10|3|2|7|0|10|28|0|1|0
[BigRato​#5650] Charlotte Daifuku [<mark><link="OP17-107">OP17-107</link></mark>]: Activate Trigger
RZ1|510|1|OP17-107|1|2|6|28|1|1|0|0|0
RZ1|CHK|510|1|10|2|2|7|0|10|29|0|1|0
RZ1|511|1|OP17-107|6|28|2|2|1|1|0|0|0
RZ1|CHK|511|1|10|2|3|7|0|10|28|0|1|0
[BigRato​#5650] Charlotte Daifuku [<mark><link="OP17-107">OP17-107</link></mark>]: Deploy Charlotte Daifuku [<mark><link="OP17-107">OP17-107</link></mark>]
[Risco​#9935] Mr. 2 Bon Clay (Bentham) [<mark><link="EB01-061">EB01-061</link></mark>] attacking Charlotte Linlin [<mark><link="OP17-099">OP17-099</link></mark>]
[Risco​#9935] Mr. 2 Bon Clay (Bentham) [<mark><link="EB01-061">EB01-061</link></mark>]: Buff Self 11000
Mr. 2 Bon Clay (Bentham) [<mark><link="EB01-061">EB01-061</link></mark>][12000] vs Charlotte Linlin [<mark><link="OP17-099">OP17-099</link></mark>][5000]
Charlotte Linlin [<mark><link="OP17-099">OP17-099</link></mark>] hit for 1 damage
RZ1|512|1|OP16-119|3|6|1|2|1|1|0|0|0
RZ1|CHK|512|1|10|3|3|6|0|10|28|0|1|0
[BigRato​#5650] Marshall D. Teach [<mark><link="OP16-119">OP16-119</link></mark>]: Activate Trigger
RZ1|513|1|OP16-119|1|2|6|28|1|1|0|0|0
RZ1|CHK|513|1|10|2|3|6|0|10|29|0|1|0
[BigRato​#5650] Marshall D. Teach [<mark><link="OP16-119">OP16-119</link></mark>]: Nullify effects of Mr. 2 Bon Clay (Bentham) [<mark><link="EB01-061">EB01-061</link></mark>]
[BigRato​#5650] Marshall D. Teach [<mark><link="OP16-119">OP16-119</link></mark>]: Destroy Mr. 2 Bon Clay (Bentham) [<mark><link="EB01-061">EB01-061</link></mark>]
RZ1|514|2|EB01-061|2|0|6|16|1|1|0|0|0
RZ1|CHK|514|2|26|2|4|1|3|7|17|0|1|0
[Risco​#9935] Charlotte Katakuri [<mark><link="OP11-067">OP11-067</link></mark>] attacking Charlotte Linlin [<mark><link="OP17-099">OP17-099</link></mark>]
Charlotte Katakuri [<mark><link="OP11-067">OP11-067</link></mark>][8000] vs Charlotte Linlin [<mark><link="OP17-099">OP17-099</link></mark>][5000]
Charlotte Linlin [<mark><link="OP17-099">OP17-099</link></mark>] hit for 1 damage
RZ1|515|1|OP17-108|3|5|1|2|1|1|0|0|0
RZ1|CHK|515|1|10|3|3|5|0|10|29|0|1|0
[BigRato​#5650] Charlotte Brulee [<mark><link="OP17-108">OP17-108</link></mark>]: Activate Trigger
RZ1|516|1|OP17-108|1|2|6|29|1|1|0|0|0
RZ1|CHK|516|1|10|2|3|5|0|10|30|0|1|0
[BigRato​#5650] Charlotte Brulee [<mark><link="OP17-108">OP17-108</link></mark>]: Rest Sanji [<mark><link="OP07-064">OP07-064</link></mark>]
[Risco​#9935] Charlotte Katakuri [<mark><link="OP11-067">OP11-067</link></mark>]: Set Charlotte Katakuri [<mark><link="OP11-067">OP11-067</link></mark>] to Active
Charlotte Katakuri [<mark><link="OP11-067">OP11-067</link></mark>]: Draw 1 Rested Don
RZ1|517|2|Don|4|2|5|0|1|1|1|0|0
RZ1|CHK|517|2|26|2|4|1|2|8|17|0|1|0
[Risco​#9935] End Turn
[BigRato​#5650] Hand: [OP17-113,OP17-113]
[BigRato​#5650] Board: [OP17-112,OP17-112,OP17-107]
[BigRato​#5650] Trash: [OP17-108,OP17-117,OP17-103,OP17-107,OP17-109,OP17-104,OP17-109,OP17-103,OP17-114,OP17-113,EB01-056,OP17-106,OP16-119,OP17-103,OP17-113,OP17-109,OP17-104,OP17-104,OP17-102,OP17-108,OP17-116,OP17-104,OP17-112,OP17-106,OP17-106,OP17-110,OP17-110,EB04-058,OP16-119,OP17-108]
[BigRato​#5650] Life: 5
[Risco​#9935] Hand: [ST18-001,OP09-078]
[Risco​#9935] Trash: [OP15-078,OP13-061,OP15-078,OP07-076,ST18-001,OP07-064,OP07-076,OP05-073,OP17-062,ST18-001,OP07-076,OP17-074,OP09-078,OP13-061,OP13-076,EB01-061,EB01-061]
[Risco​#9935] Board: [OP11-067,OP17-062,OP07-064,ST34-004]
[Risco​#9935] Life: 1
[BigRato​#5650] Draw 1 Card
[BigRato​#5650] Drew card from deck: Charlotte Perospero [<mark><link="OP17-110">OP17-110</link></mark>]
RZ1|518|1|OP17-110|0|9|1|2|1|1|0|0|0
RZ1|CHK|518|1|9|3|3|5|0|10|30|0|1|0
[BigRato​#5650] Charlotte Linlin [<mark><link="OP17-112">OP17-112</link></mark>] attacking Monkey D. Luffy [<mark><link="OP05-060">OP05-060</link></mark>]
RZ1|519|2|OP09-078|3|0|1|2|0|1|0|0|0
RZ1|CHK|519|2|26|3|4|0|2|8|17|0|1|0
Charlotte Linlin [<mark><link="OP17-112">OP17-112</link></mark>][12000] vs Monkey D. Luffy [<mark><link="OP05-060">OP05-060</link></mark>][5000]
Monkey D. Luffy [<mark><link="OP05-060">OP05-060</link></mark>] hit for 1 damage
[BigRato​#5650] Attach 1 Don to Charlotte Daifuku [<mark><link="OP17-107">OP17-107</link></mark>] (1 Total)
RZ1|520|1|Don|5|9|9|200|1|1|0|0|0
RZ1|CHK|520|1|9|3|3|5|0|9|30|0|1|1
[BigRato​#5650] Attach 1 Don to Charlotte Daifuku [<mark><link="OP17-107">OP17-107</link></mark>] (2 Total)
RZ1|521|1|Don|5|8|9|201|1|1|0|0|0
RZ1|CHK|521|1|9|3|3|5|0|8|30|0|1|2
[BigRato​#5650] Charlotte Daifuku [<mark><link="OP17-107">OP17-107</link></mark>] attacking Monkey D. Luffy [<mark><link="OP05-060">OP05-060</link></mark>]
[Risco​#9935] Charlotte Katakuri [<mark><link="OP11-067">OP11-067</link></mark>] Blocks
[Risco​#9935] Gum Gum Giant [<mark><link="OP09-078">OP09-078</link></mark>]: Activate Counter
[Risco​#9935] Gum Gum Giant [<mark><link="OP09-078">OP09-078</link></mark>]: Rest 1 Don
RZ1|522|2|Don|5|6|5|6|1|1|1|0|0
RZ1|CHK|522|2|26|3|4|0|2|8|17|0|1|0
RZ1|523|2|OP09-078|1|1|6|17|1|1|0|0|0
RZ1|CHK|523|2|26|2|4|0|2|8|18|0|1|0
RZ1|524|2|Don|5|4|4|2|1|1|0|0|0
RZ1|CHK|524|2|26|2|4|0|3|7|18|0|1|0
RZ1|525|2|Don|5|4|4|3|1|1|0|0|0
RZ1|CHK|525|2|26|2|4|0|4|6|18|0|1|0
[Risco​#9935] Gum Gum Giant [<mark><link="OP09-078">OP09-078</link></mark>]: Minus 2 Don
RZ1|526|2|ST18-001|1|0|6|18|1|1|0|0|0
RZ1|CHK|526|2|26|1|4|0|4|6|19|0|1|0
[Risco​#9935] Gum Gum Giant [<mark><link="OP09-078">OP09-078</link></mark>]: Trash Usohachi [<mark><link="ST18-001">ST18-001</link></mark>]
[Risco​#9935] Gum Gum Giant [<mark><link="OP09-078">OP09-078</link></mark>]: Buff Charlotte Katakuri [<mark><link="OP11-067">OP11-067</link></mark>] 4000 for the Combat
[Risco​#9935] Drew card from deck: Usohachi [<mark><link="ST18-001">ST18-001</link></mark>]
RZ1|527|2|ST18-001|0|25|1|1|0|1|0|0|0
RZ1|CHK|527|2|25|2|4|0|4|6|19|0|1|0
[Risco​#9935] Drew card from deck: Yamato [<mark><link="OP17-074">OP17-074</link></mark>]
RZ1|528|2|OP17-074|0|24|1|2|0|1|0|0|0
RZ1|CHK|528|2|24|3|4|0|4|6|19|0|1|0
[Risco​#9935] Gum Gum Giant [<mark><link="OP09-078">OP09-078</link></mark>]: Draw 2 Card
Charlotte Daifuku [<mark><link="OP17-107">OP17-107</link></mark>][10000] vs Charlotte Katakuri [<mark><link="OP11-067">OP11-067</link></mark>][12000]
Attack Fails
[BigRato​#5650] Attach 1 Don to Charlotte Linlin [<mark><link="OP17-099">OP17-099</link></mark>] (1 Total)
RZ1|529|1|Don|5|7|9|9900|1|1|0|0|0
RZ1|CHK|529|1|9|3|3|5|0|7|30|0|1|3
[BigRato​#5650] Attach 1 Don to Charlotte Linlin [<mark><link="OP17-099">OP17-099</link></mark>] (2 Total)
RZ1|530|1|Don|5|6|9|9901|1|1|0|0|0
RZ1|CHK|530|1|9|3|3|5|0|6|30|0|1|4
[BigRato​#5650] Attach 1 Don to Charlotte Linlin [<mark><link="OP17-099">OP17-099</link></mark>] (3 Total)
RZ1|531|1|Don|5|5|9|9902|1|1|0|0|0
RZ1|CHK|531|1|9|3|3|5|0|5|30|0|1|5
[BigRato​#5650] Attach 1 Don to Charlotte Linlin [<mark><link="OP17-099">OP17-099</link></mark>] (4 Total)
RZ1|532|1|Don|5|4|9|9903|1|1|0|0|0
RZ1|CHK|532|1|9|3|3|5|0|4|30|0|1|6
[BigRato​#5650] Attach 1 Don to Charlotte Linlin [<mark><link="OP17-099">OP17-099</link></mark>] (5 Total)
RZ1|533|1|Don|5|3|9|9904|1|1|0|0|0
RZ1|CHK|533|1|9|3|3|5|0|3|30|0|1|7
[BigRato​#5650] Charlotte Linlin [<mark><link="OP17-099">OP17-099</link></mark>] attacking Monkey D. Luffy [<mark><link="OP05-060">OP05-060</link></mark>]
RZ1|534|1|OP17-110|1|2|6|30|1|1|0|0|0
RZ1|CHK|534|1|9|2|3|5|0|3|31|0|1|7
[BigRato​#5650] Charlotte Linlin [<mark><link="OP17-099">OP17-099</link></mark>]: Trash Charlotte Perospero [<mark><link="OP17-110">OP17-110</link></mark>]
[BigRato​#5650] Forcing opponent to resolve Card Action!
[Risco​#9935] Forcing opponent to resolve Card Action!
RZ1|535|1|OP17-113|1|1|6|31|1|1|0|0|0
RZ1|CHK|535|1|9|1|3|5|0|3|32|0|1|7
[BigRato​#5650] Charlotte Linlin [<mark><link="OP17-099">OP17-099</link></mark>]: Trash Streusen [<mark><link="OP17-113">OP17-113</link></mark>]
[BigRato​#5650] Charlotte Linlin [<mark><link="OP17-099">OP17-099</link></mark>]: Add card to top of Life from Deck
RZ1|536|1|OP17-116|0|8|3|5|1|0|0|0|0
RZ1|CHK|536|1|8|1|3|6|0|3|32|0|1|7
[Risco​#9935] Gum Gum Giant [<mark><link="OP09-078">OP09-078</link></mark>]: Activate Counter
[Risco​#9935] Gum Gum Giant [<mark><link="OP09-078">OP09-078</link></mark>]: Rest 1 Don
RZ1|537|2|Don|5|5|5|5|1|1|1|0|0
RZ1|CHK|537|2|24|3|4|0|4|6|19|0|1|0
RZ1|538|2|OP09-078|1|0|6|19|1|1|0|0|0
RZ1|CHK|538|2|24|2|4|0|4|6|20|0|1|0
RZ1|539|2|Don|5|5|4|4|1|1|0|0|0
RZ1|CHK|539|2|24|2|4|0|5|5|20|0|1|0
RZ1|540|2|Don|5|4|4|5|1|1|0|0|0
RZ1|CHK|540|2|24|2|4|0|6|4|20|0|1|0
[Risco​#9935] Gum Gum Giant [<mark><link="OP09-078">OP09-078</link></mark>]: Minus 2 Don
RZ1|541|2|OP17-074|1|1|6|20|1|1|0|0|0
RZ1|CHK|541|2|24|1|4|0|6|4|21|0|1|0
[Risco​#9935] Gum Gum Giant [<mark><link="OP09-078">OP09-078</link></mark>]: Trash Yamato [<mark><link="OP17-074">OP17-074</link></mark>]
[Risco​#9935] Gum Gum Giant [<mark><link="OP09-078">OP09-078</link></mark>]: Buff Monkey D. Luffy [<mark><link="OP05-060">OP05-060</link></mark>] 4000 for the Combat
[Risco​#9935] Drew card from deck: Mr. 2 Bon Clay (Bentham) [<mark><link="EB01-061">EB01-061</link></mark>]
RZ1|542|2|EB01-061|0|23|1|1|0|1|0|0|0
RZ1|CHK|542|2|23|2|4|0|6|4|21|0|1|0
[Risco​#9935] Drew card from deck: Inuarashi [<mark><link="OP13-061">OP13-061</link></mark>]
RZ1|543|2|OP13-061|0|22|1|2|0|1|0|0|0
RZ1|CHK|543|2|22|3|4|0|6|4|21|0|1|0
[Risco​#9935] Gum Gum Giant [<mark><link="OP09-078">OP09-078</link></mark>]: Draw 2 Card
[Risco​#9935] Discard Usohachi [<mark><link="ST18-001">ST18-001</link></mark>] for Counter 2000
RZ1|544|2|ST18-001|1|0|6|21|1|1|0|0|0
RZ1|CHK|544|2|22|2|4|0|6|4|22|0|1|0
Charlotte Linlin [<mark><link="OP17-099">OP17-099</link></mark>][10000] vs Monkey D. Luffy [<mark><link="OP05-060">OP05-060</link></mark>][11000]
Attack Fails
[BigRato​#5650] Attach 1 Don to Charlotte Linlin [<mark><link="OP17-112">OP17-112</link></mark>] (1 Total)
RZ1|545|1|Don|5|2|9|100|1|1|0|0|0
RZ1|CHK|545|1|8|1|3|6|0|2|32|0|1|8
[BigRato​#5650] Attach 1 Don to Charlotte Linlin [<mark><link="OP17-112">OP17-112</link></mark>] (2 Total)
RZ1|546|1|Don|5|1|9|101|1|1|0|0|0
RZ1|CHK|546|1|8|1|3|6|0|1|32|0|1|9
[BigRato​#5650] Attach 1 Don to Charlotte Linlin [<mark><link="OP17-112">OP17-112</link></mark>] (3 Total)
RZ1|547|1|Don|5|0|9|102|1|1|0|0|0
RZ1|CHK|547|1|8|1|3|6|0|0|32|0|1|10
[BigRato​#5650] Charlotte Linlin [<mark><link="OP17-112">OP17-112</link></mark>] attacking Monkey D. Luffy [<mark><link="OP05-060">OP05-060</link></mark>]
[Risco​#9935] Kaido [<mark><link="OP17-062">OP17-062</link></mark>] Blocks
RZ1|548|2|OP17-062|2|1|6|22|1|1|0|0|0
RZ1|CHK|548|2|22|2|3|0|6|4|23|0|1|0
Charlotte Linlin [<mark><link="OP17-112">OP17-112</link></mark>][15000] vs Kaido [<mark><link="OP17-062">OP17-062</link></mark>][12000]
[Risco​#9935] Kaido [<mark><link="OP17-062">OP17-062</link></mark>] Destroyed
[BigRato​#5650] Hand: [OP17-113]
[BigRato​#5650] Board: [OP17-112,OP17-112,OP17-107]
[BigRato​#5650] Trash: [OP17-108,OP17-117,OP17-103,OP17-107,OP17-109,OP17-104,OP17-109,OP17-103,OP17-114,OP17-113,EB01-056,OP17-106,OP16-119,OP17-103,OP17-113,OP17-109,OP17-104,OP17-104,OP17-102,OP17-108,OP17-116,OP17-104,OP17-112,OP17-106,OP17-106,OP17-110,OP17-110,EB04-058,OP16-119,OP17-108,OP17-110,OP17-113]
[BigRato​#5650] Life: 6
[Risco​#9935] Hand: [EB01-061,OP13-061]
[Risco​#9935] Trash: [OP15-078,OP13-061,OP15-078,OP07-076,ST18-001,OP07-064,OP07-076,OP05-073,OP17-062,ST18-001,OP07-076,OP17-074,OP09-078,OP13-061,OP13-076,EB01-061,EB01-061,OP09-078,ST18-001,OP09-078,OP17-074,ST18-001,OP17-062]
[Risco​#9935] Board: [OP11-067,OP07-064,ST34-004]
[Risco​#9935] Life: 0
[BigRato​#5650] End Turn
[Risco​#9935] Draw 1 Card
[Risco​#9935] Drew card from deck: Charlotte Linlin [<mark><link="ST34-004">ST34-004</link></mark>]
RZ1|549|2|ST34-004|0|21|1|2|0|1|0|0|0
RZ1|CHK|549|2|21|3|3|0|6|4|23|0|1|0
RZ1|550|2|Don|4|5|5|4|1|1|0|0|0
RZ1|CHK|550|2|21|3|3|0|5|5|23|0|1|0
RZ1|551|2|Don|4|4|5|5|1|1|0|0|0
RZ1|CHK|551|2|21|3|3|0|4|6|23|0|1|0
[Risco​#9935] Draw 2 Don
RZ1|552|2|Don|5|0|5|0|1|1|1|0|0
RZ1|CHK|552|2|21|3|3|0|4|6|23|0|1|0
RZ1|553|2|Don|5|1|5|1|1|1|1|0|0
RZ1|CHK|553|2|21|3|3|0|4|6|23|0|1|0
RZ1|554|2|Don|5|2|5|2|1|1|1|0|0
RZ1|CHK|554|2|21|3|3|0|4|6|23|0|1|0
RZ1|555|2|Don|5|3|5|3|1|1|1|0|0
RZ1|CHK|555|2|21|3|3|0|4|6|23|0|1|0
[Risco​#9935] Deploy Mr. 2 Bon Clay (Bentham) [<mark><link="EB01-061">EB01-061</link></mark>]
RZ1|556|2|EB01-061|1|0|2|3|1|1|0|0|0
RZ1|CHK|556|2|21|2|4|0|4|6|23|0|1|0
Mr. 2 Bon Clay (Bentham) [<mark><link="EB01-061">EB01-061</link></mark>]: Draw 1 Don
RZ1|557|2|Don|4|3|5|6|1|1|0|0|0
RZ1|CHK|557|2|21|2|4|0|3|7|23|0|1|0
[Risco​#9935] Charlotte Katakuri [<mark><link="OP11-067">OP11-067</link></mark>] attacking Charlotte Daifuku [<mark><link="OP17-107">OP17-107</link></mark>]
Charlotte Katakuri [<mark><link="OP11-067">OP11-067</link></mark>][8000] vs Charlotte Daifuku [<mark><link="OP17-107">OP17-107</link></mark>][4000]
[BigRato​#5650] Charlotte Daifuku [<mark><link="OP17-107">OP17-107</link></mark>] Destroyed
RZ1|558|1|Don|9|200|5|0|1|1|1|0|0
RZ1|CHK|558|1|8|1|3|6|0|1|32|0|1|9
RZ1|559|1|Don|9|200|5|0|1|1|1|0|0
RZ1|CHK|559|1|8|1|3|6|0|2|32|0|1|8
RZ1|560|1|OP17-107|2|2|6|32|1|1|0|0|0
RZ1|CHK|560|1|8|1|2|6|0|2|33|0|1|8
[Risco​#9935] Attach 2 Don to Monkey D. Luffy [<mark><link="OP05-060">OP05-060</link></mark>] (2 Total)
RZ1|561|2|Don|5|5|9|9900|1|1|0|0|0
RZ1|CHK|561|2|21|2|4|0|3|6|23|0|1|1
RZ1|562|2|Don|5|5|9|9901|1|1|0|0|0
RZ1|CHK|562|2|21|2|4|0|3|5|23|0|1|2
[Risco​#9935] Attach 1 Don to Charlotte Linlin [<mark><link="ST34-004">ST34-004</link></mark>] (1 Total)
RZ1|563|2|Don|5|4|9|200|1|1|0|0|0
RZ1|CHK|563|2|21|2|4|0|3|4|23|0|1|3
[Risco​#9935] Charlotte Linlin [<mark><link="ST34-004">ST34-004</link></mark>] attacking Charlotte Linlin [<mark><link="OP17-112">OP17-112</link></mark>]
[BigRato​#5650] Discard Streusen [<mark><link="OP17-113">OP17-113</link></mark>] for Counter 2000
RZ1|564|1|OP17-113|1|0|6|33|1|1|0|0|0
RZ1|CHK|564|1|8|0|2|6|0|2|34|0|1|8
Charlotte Linlin [<mark><link="ST34-004">ST34-004</link></mark>][13000] vs Charlotte Linlin [<mark><link="OP17-112">OP17-112</link></mark>][14000]
Attack Fails
[Risco​#9935] Monkey D. Luffy [<mark><link="OP05-060">OP05-060</link></mark>] attacking Charlotte Linlin [<mark><link="OP17-099">OP17-099</link></mark>]
Monkey D. Luffy [<mark><link="OP05-060">OP05-060</link></mark>][7000] vs Charlotte Linlin [<mark><link="OP17-099">OP17-099</link></mark>][5000]
Charlotte Linlin [<mark><link="OP17-099">OP17-099</link></mark>] hit for 1 damage
RZ1|565|1|OP17-116|3|5|1|0|1|1|0|0|0
RZ1|CHK|565|1|8|1|2|5|0|2|34|0|1|8
[Risco​#9935] Charlotte Katakuri [<mark><link="OP11-067">OP11-067</link></mark>]: Set Charlotte Katakuri [<mark><link="OP11-067">OP11-067</link></mark>] to Active
[Risco​#9935] Charlotte Katakuri [<mark><link="OP11-067">OP11-067</link></mark>]: Set Charlotte Linlin [<mark><link="ST34-004">ST34-004</link></mark>] to Active
Charlotte Katakuri [<mark><link="OP11-067">OP11-067</link></mark>]: Draw 1 Rested Don
RZ1|566|2|Don|4|2|5|0|1|1|1|0|0
RZ1|CHK|566|2|21|2|4|0|2|5|23|0|1|3
[Risco​#9935] End Turn
[BigRato​#5650] Hand: [OP17-116]
[BigRato​#5650] Board: [OP17-112,OP17-112]
[BigRato​#5650] Trash: [OP17-108,OP17-117,OP17-103,OP17-107,OP17-109,OP17-104,OP17-109,OP17-103,OP17-114,OP17-113,EB01-056,OP17-106,OP16-119,OP17-103,OP17-113,OP17-109,OP17-104,OP17-104,OP17-102,OP17-108,OP17-116,OP17-104,OP17-112,OP17-106,OP17-106,OP17-110,OP17-110,EB04-058,OP16-119,OP17-108,OP17-110,OP17-113,OP17-107,OP17-113]
[BigRato​#5650] Life: 5
[Risco​#9935] Hand: [OP13-061,ST34-004]
[Risco​#9935] Trash: [OP15-078,OP13-061,OP15-078,OP07-076,ST18-001,OP07-064,OP07-076,OP05-073,OP17-062,ST18-001,OP07-076,OP17-074,OP09-078,OP13-061,OP13-076,EB01-061,EB01-061,OP09-078,ST18-001,OP09-078,OP17-074,ST18-001,OP17-062]
[Risco​#9935] Board: [OP11-067,OP07-064,ST34-004,EB01-061]
[Risco​#9935] Life: 0
RZ1|567|1|Don|9|9900|5|0|1|1|1|0|0
RZ1|CHK|567|1|8|1|2|5|0|3|34|0|1|7
RZ1|568|1|Don|9|9900|5|0|1|1|1|0|0
RZ1|CHK|568|1|8|1|2|5|0|4|34|0|1|6
RZ1|569|1|Don|9|9900|5|0|1|1|1|0|0
RZ1|CHK|569|1|8|1|2|5|0|5|34|0|1|5
RZ1|570|1|Don|9|9900|5|0|1|1|1|0|0
RZ1|CHK|570|1|8|1|2|5|0|6|34|0|1|4
RZ1|571|1|Don|9|9900|5|0|1|1|1|0|0
RZ1|CHK|571|1|8|1|2|5|0|7|34|0|1|3
RZ1|572|1|Don|9|100|5|0|1|1|1|0|0
RZ1|CHK|572|1|8|1|2|5|0|8|34|0|1|2
RZ1|573|1|Don|9|100|5|0|1|1|1|0|0
RZ1|CHK|573|1|8|1|2|5|0|9|34|0|1|1
RZ1|574|1|Don|9|100|5|0|1|1|1|0|0
RZ1|CHK|574|1|8|1|2|5|0|10|34|0|1|0
[BigRato​#5650] Draw 1 Card
[BigRato​#5650] Drew card from deck: Maser Saber [<mark><link="OP17-117">OP17-117</link></mark>]
RZ1|575|1|OP17-117|0|7|1|1|1|1|0|0|0
RZ1|CHK|575|1|7|2|2|5|0|10|34|0|1|0
[BigRato​#5650] Attach 1 Don to Charlotte Linlin [<mark><link="OP17-099">OP17-099</link></mark>] (1 Total)
RZ1|576|1|Don|5|9|9|9900|1|1|0|0|0
RZ1|CHK|576|1|7|2|2|5|0|9|34|0|1|1
[BigRato​#5650] Attach 1 Don to Charlotte Linlin [<mark><link="OP17-099">OP17-099</link></mark>] (2 Total)
RZ1|577|1|Don|5|8|9|9901|1|1|0|0|0
RZ1|CHK|577|1|7|2|2|5|0|8|34|0|1|2
[BigRato​#5650] Attach 1 Don to Charlotte Linlin [<mark><link="OP17-099">OP17-099</link></mark>] (3 Total)
RZ1|578|1|Don|5|7|9|9902|1|1|0|0|0
RZ1|CHK|578|1|7|2|2|5|0|7|34|0|1|3
[BigRato​#5650] Attach 1 Don to Charlotte Linlin [<mark><link="OP17-099">OP17-099</link></mark>] (4 Total)
RZ1|579|1|Don|5|6|9|9903|1|1|0|0|0
RZ1|CHK|579|1|7|2|2|5|0|6|34|0|1|4
[Risco​#9935] Concedes!