Version is 1.42c.2
[You] Leader is Monkey D. Luffy ["OP13-001">OP13-001]
[Opponent] Leader is Rocks D. Xebec ["OP17-039">OP17-039]
RZ1|15|2|OP17-043|0|22|0|0|0|0|0|0|0
RZ1|CHK|15|2|50|0|0|0|10|0|0|0|1|0
RZ1|16|2|OP17-056|0|43|0|1|0|0|0|0|0
RZ1|CHK|16|2|50|0|0|0|10|0|0|0|1|0
RZ1|17|2|OP17-045|0|5|0|2|0|0|0|0|0
RZ1|CHK|17|2|50|0|0|0|10|0|0|0|1|0
RZ1|18|2|OP17-040|0|29|0|4|0|0|0|0|0
RZ1|CHK|18|2|50|0|0|0|10|0|0|0|1|0
RZ1|19|2|OP17-046|0|21|0|5|0|0|0|0|0
RZ1|CHK|19|2|50|0|0|0|10|0|0|0|1|0
RZ1|20|2|OP17-052|0|11|0|6|0|0|0|0|0
RZ1|CHK|20|2|50|0|0|0|10|0|0|0|1|0
RZ1|21|2|OP17-056|0|46|0|7|0|0|0|0|0
RZ1|CHK|21|2|50|0|0|0|10|0|0|0|1|0
RZ1|22|2|OP17-057|0|48|0|8|0|0|0|0|0
RZ1|CHK|22|2|50|0|0|0|10|0|0|0|1|0
RZ1|23|2|OP17-040|0|33|0|9|0|0|0|0|0
RZ1|CHK|23|2|50|0|0|0|10|0|0|0|1|0
RZ1|24|2|OP17-054|0|17|0|10|0|0|0|0|0
RZ1|CHK|24|2|50|0|0|0|10|0|0|0|1|0
RZ1|25|2|OP17-054|0|18|0|11|0|0|0|0|0
RZ1|CHK|25|2|50|0|0|0|10|0|0|0|1|0
RZ1|26|2|OP17-044|0|23|0|12|0|0|0|0|0
RZ1|CHK|26|2|50|0|0|0|10|0|0|0|1|0
RZ1|27|2|OP17-052|0|18|0|13|0|0|0|0|0
RZ1|CHK|27|2|50|0|0|0|10|0|0|0|1|0
RZ1|28|2|OP17-055|0|45|0|14|0|0|0|0|0
RZ1|CHK|28|2|50|0|0|0|10|0|0|0|1|0
RZ1|29|2|OP17-046|0|25|0|15|0|0|0|0|0
RZ1|CHK|29|2|50|0|0|0|10|0|0|0|1|0
RZ1|30|2|OP17-046|0|26|0|16|0|0|0|0|0
RZ1|CHK|30|2|50|0|0|0|10|0|0|0|1|0
RZ1|31|2|OP17-056|0|47|0|17|0|0|0|0|0
RZ1|CHK|31|2|50|0|0|0|10|0|0|0|1|0
RZ1|32|2|OP17-118|0|40|0|18|0|0|0|0|0
RZ1|CHK|32|2|50|0|0|0|10|0|0|0|1|0
RZ1|33|2|OP17-045|0|21|0|19|0|0|0|0|0
RZ1|CHK|33|2|50|0|0|0|10|0|0|0|1|0
RZ1|34|2|OP17-057|0|48|0|20|0|0|0|0|0
RZ1|CHK|34|2|50|0|0|0|10|0|0|0|1|0
RZ1|35|2|OP17-118|0|42|0|21|0|0|0|0|0
RZ1|CHK|35|2|50|0|0|0|10|0|0|0|1|0
RZ1|36|2|OP17-048|0|41|0|22|0|0|0|0|0
RZ1|CHK|36|2|50|0|0|0|10|0|0|0|1|0
RZ1|37|2|OP17-049|0|34|0|23|0|0|0|0|0
RZ1|CHK|37|2|50|0|0|0|10|0|0|0|1|0
RZ1|38|2|OP17-045|0|26|0|24|0|0|0|0|0
RZ1|CHK|38|2|50|0|0|0|10|0|0|0|1|0
RZ1|39|2|OP17-042|0|31|0|25|0|0|0|0|0
RZ1|CHK|39|2|50|0|0|0|10|0|0|0|1|0
RZ1|40|2|OP17-054|0|30|0|26|0|0|0|0|0
RZ1|CHK|40|2|50|0|0|0|10|0|0|0|1|0
RZ1|41|2|OP17-049|0|35|0|27|0|0|0|0|0
RZ1|CHK|41|2|50|0|0|0|10|0|0|0|1|0
RZ1|42|2|OP17-049|0|37|0|28|0|0|0|0|0
RZ1|CHK|42|2|50|0|0|0|10|0|0|0|1|0
RZ1|43|2|OP17-056|0|48|0|29|0|0|0|0|0
RZ1|CHK|43|2|50|0|0|0|10|0|0|0|1|0
RZ1|44|2|OP17-040|0|39|0|30|0|0|0|0|0
RZ1|CHK|44|2|50|0|0|0|10|0|0|0|1|0
RZ1|45|2|OP17-050|0|32|0|31|0|0|0|0|0
RZ1|CHK|45|2|50|0|0|0|10|0|0|0|1|0
RZ1|46|2|OP17-046|0|37|0|32|0|0|0|0|0
RZ1|CHK|46|2|50|0|0|0|10|0|0|0|1|0
RZ1|47|2|OP17-040|0|40|0|33|0|0|0|0|0
RZ1|CHK|47|2|50|0|0|0|10|0|0|0|1|0
RZ1|48|2|OP17-055|0|47|0|34|0|0|0|0|0
RZ1|CHK|48|2|50|0|0|0|10|0|0|0|1|0
RZ1|49|2|OP17-055|0|47|0|35|0|0|0|0|0
RZ1|CHK|49|2|50|0|0|0|10|0|0|0|1|0
RZ1|50|2|OP17-118|0|47|0|36|0|0|0|0|0
RZ1|CHK|50|2|50|0|0|0|10|0|0|0|1|0
RZ1|51|2|OP17-048|0|45|0|37|0|0|0|0|0
RZ1|CHK|51|2|50|0|0|0|10|0|0|0|1|0
RZ1|52|2|OP17-052|0|39|0|38|0|0|0|0|0
RZ1|CHK|52|2|50|0|0|0|10|0|0|0|1|0
RZ1|53|2|OP17-049|0|44|0|39|0|0|0|0|0
RZ1|CHK|53|2|50|0|0|0|10|0|0|0|1|0
RZ1|54|2|OP17-057|0|49|0|40|0|0|0|0|0
RZ1|CHK|54|2|50|0|0|0|10|0|0|0|1|0
RZ1|55|2|OP17-048|0|47|0|41|0|0|0|0|0
RZ1|CHK|55|2|50|0|0|0|10|0|0|0|1|0
RZ1|56|2|OP17-055|0|49|0|42|0|0|0|0|0
RZ1|CHK|56|2|50|0|0|0|10|0|0|0|1|0
RZ1|57|2|OP17-044|0|46|0|43|0|0|0|0|0
RZ1|CHK|57|2|50|0|0|0|10|0|0|0|1|0
RZ1|58|2|OP17-042|0|46|0|44|0|0|0|0|0
RZ1|CHK|58|2|50|0|0|0|10|0|0|0|1|0
RZ1|59|2|OP17-043|0|47|0|45|0|0|0|0|0
RZ1|CHK|59|2|50|0|0|0|10|0|0|0|1|0
RZ1|60|2|OP17-118|0|49|0|46|0|0|0|0|0
RZ1|CHK|60|2|50|0|0|0|10|0|0|0|1|0
RZ1|61|2|OP17-048|0|49|0|47|0|0|0|0|0
RZ1|CHK|61|2|50|0|0|0|10|0|0|0|1|0
[] Drew card from deck: Nami ["EB02-017">EB02-017]
RZ1|62|1|EB02-017|0|49|1|0|1|1|0|0|0
RZ1|CHK|62|1|49|1|0|0|10|0|0|0|1|0
[] Drew card from deck: Roronoa Zoro ["OP13-037">OP13-037]
RZ1|63|1|OP13-037|0|48|1|1|1|1|0|0|0
RZ1|CHK|63|1|48|2|0|0|10|0|0|0|1|0
[] Drew card from deck: Usopp ["OP14-022">OP14-022]
RZ1|64|1|OP14-022|0|47|1|2|1|1|0|0|0
RZ1|CHK|64|1|47|3|0|0|10|0|0|0|1|0
[] Drew card from deck: I Know You're Strong... So I'll Go All Out ["OP13-040">OP13-040]
RZ1|65|1|OP13-040|0|46|1|3|1|1|0|0|0
RZ1|CHK|65|1|46|4|0|0|10|0|0|0|1|0
[] Drew card from deck: Thousand Sunny ["ST31-005">ST31-005]
RZ1|66|1|ST31-005|0|45|1|4|1|1|0|0|0
RZ1|CHK|66|1|45|5|0|0|10|0|0|0|1|0
[] Drew card from deck: Stussy ["OP17-054">OP17-054]
RZ1|67|2|OP17-054|0|49|1|0|1|1|0|0|0
RZ1|CHK|67|2|49|1|0|0|10|0|0|0|1|0
[] Drew card from deck: Streusen ["OP17-050">OP17-050]
RZ1|68|2|OP17-050|0|48|1|1|1|1|0|0|0
RZ1|CHK|68|2|48|2|0|0|10|0|0|0|1|0
[] Drew card from deck: Shiki ["OP17-048">OP17-048]
RZ1|69|2|OP17-048|0|47|1|2|1|1|0|0|0
RZ1|CHK|69|2|47|3|0|0|10|0|0|0|1|0
[] Drew card from deck: Rocks D. Xebec ["OP17-118">OP17-118]
RZ1|70|2|OP17-118|0|46|1|3|1|1|0|0|0
RZ1|CHK|70|2|46|4|0|0|10|0|0|0|1|0
[] Drew card from deck: Ganzui ["OP17-043">OP17-043]
RZ1|71|2|OP17-043|0|45|1|4|1|1|0|0|0
RZ1|CHK|71|2|45|5|0|0|10|0|0|0|1|0
RZ1|72|1|OP16-004|0|44|3|0|1|0|0|0|0
RZ1|CHK|72|1|44|5|0|1|10|0|0|0|1|0
RZ1|73|1|OP13-040|0|43|3|1|1|0|0|0|0
RZ1|CHK|73|1|43|5|0|2|10|0|0|0|1|0
RZ1|74|1|OP05-038|0|42|3|2|1|0|0|0|0
RZ1|CHK|74|1|42|5|0|3|10|0|0|0|1|0
RZ1|75|1|OP13-027|0|41|3|3|1|0|0|0|0
RZ1|CHK|75|1|41|5|0|4|10|0|0|0|1|0
RZ1|76|2|OP17-042|0|44|3|0|0|1|0|0|0
RZ1|CHK|76|2|44|5|0|1|10|0|0|0|1|0
RZ1|77|2|OP17-044|0|43|3|1|0|1|0|0|0
RZ1|CHK|77|2|43|5|0|2|10|0|0|0|1|0
RZ1|78|2|OP17-055|0|42|3|2|0|1|0|0|0
RZ1|CHK|78|2|42|5|0|3|10|0|0|0|1|0
RZ1|79|2|OP17-048|0|41|3|3|0|1|0|0|0
RZ1|CHK|79|2|41|5|0|4|10|0|0|0|1|0
RZ1|80|2|OP17-057|0|40|3|4|0|1|0|0|0
RZ1|CHK|80|2|40|5|0|5|10|0|0|0|1|0
[] Hand: [EB02-017,OP13-037,OP14-022,OP13-040,ST31-005]
[] Board: []
[] Trash: []
[] Life: 4
[] Hand: [OP17-054,OP17-050,OP17-048,OP17-118,OP17-043]
[] Trash: []
[] Board: []
[] Life: 5
RZ1|81|1|Don|4|9|5|0|1|1|0|0|0
RZ1|CHK|81|1|41|5|0|4|9|1|0|0|1|0
[You] Draw 1 Don
RZ1|82|1|Don|5|0|5|0|1|1|1|0|0
RZ1|CHK|82|1|41|5|0|4|9|1|0|0|1|0
[You] Deploy Thousand Sunny ["ST31-005">ST31-005]
RZ1|83|1|ST31-005|1|4|7|0|1|1|0|0|0
RZ1|CHK|83|1|41|4|0|4|9|1|0|1|1|0
RZ1|84|1|EB04-007|0|38|1|4|1|1|0|0|0
RZ1|CHK|84|1|40|5|0|4|9|1|0|1|1|0
[You] Thousand Sunny ["ST31-005">ST31-005]: <b>Reveal and Draw Roronoa Zoro ["EB04-007">EB04-007]</b>
[You] Placing Cards on Bottom of Deck
RZ1|85|1|ST31-005|0|39|0|0|0|0|0|0|0
RZ1|CHK|85|1|40|5|0|4|9|1|0|1|1|0
RZ1|86|1|OP15-035|0|39|0|0|0|0|0|0|0
RZ1|CHK|86|1|40|5|0|4|9|1|0|1|1|0
RZ1|87|1|EB04-007|0|39|0|0|0|0|0|0|0
RZ1|CHK|87|1|40|5|0|4|9|1|0|1|1|0
RZ1|88|1|OP13-037|0|39|0|0|0|0|0|0|0
RZ1|CHK|88|1|40|5|0|4|9|1|0|1|1|0
[You] Thousand Sunny ["ST31-005">ST31-005]: Rest Thousand Sunny ["ST31-005">ST31-005]
[You] Thousand Sunny ["ST31-005">ST31-005]: Attach 1 Rested Don to Monkey D. Luffy ["OP13-001">OP13-001]
RZ1|89|1|Don|5|0|9|9900|1|1|1|0|0
RZ1|CHK|89|1|40|5|0|4|9|0|0|1|1|1
[] Hand: [EB02-017,OP13-037,OP14-022,OP13-040,EB04-007]
[] Board: []
[] Trash: []
[] Life: 4
[] Hand: [OP17-054,OP17-050,OP17-048,OP17-118,OP17-043]
[] Trash: []
[] Board: []
[] Life: 5
[You] End Turn
[] Hand: [OP17-054,OP17-050,OP17-048,OP17-118,OP17-043]
[] Board: []
[] Trash: []
[] Life: 5
[] Hand: [EB02-017,OP13-037,OP14-022,OP13-040,EB04-007]
[] Trash: []
[] Board: []
[] Life: 4
[Opponent] Draw 1 Card
[] Drew card from deck: Charlotte Linlin ["OP17-049">OP17-049]
RZ1|90|2|OP17-049|0|39|1|5|1|1|0|0|0
RZ1|CHK|90|2|39|6|0|5|10|0|0|0|1|0
RZ1|91|2|Don|4|9|5|0|1|1|0|0|0
RZ1|CHK|91|2|39|6|0|5|9|1|0|0|1|0
RZ1|92|2|Don|4|8|5|1|1|1|0|0|0
RZ1|CHK|92|2|39|6|0|5|8|2|0|0|1|0
[Opponent] Draw 2 Don
RZ1|93|2|Don|5|0|5|0|1|1|1|0|0
RZ1|CHK|93|2|39|6|0|5|8|2|0|0|1|0
[Opponent] Deploy Streusen ["OP17-050">OP17-050]
RZ1|94|2|OP17-050|1|1|2|0|1|1|0|0|0
RZ1|CHK|94|2|39|5|1|5|8|2|0|0|1|0
[Opponent] Placing Cards on Bottom of Deck
RZ1|95|2|OP17-052|0|38|0|0|0|0|0|0|0
RZ1|CHK|95|2|39|5|1|5|8|2|0|0|1|0
RZ1|96|2|OP17-048|0|38|0|0|0|0|0|0|0
RZ1|CHK|96|2|39|5|1|5|8|2|0|0|1|0
[] Drew card from deck: Rocks D. Xebec ["OP17-118">OP17-118]
RZ1|97|2|OP17-118|0|38|1|5|1|1|0|0|0
RZ1|CHK|97|2|38|6|1|5|8|2|0|0|1|0
[Opponent] Streusen ["OP17-050">OP17-050]: Draw 1 Card
[] Hand: [OP17-054,OP17-048,OP17-118,OP17-043,OP17-049,OP17-118]
[] Board: [OP17-050]
[] Trash: []
[] Life: 5
[] Hand: [EB02-017,OP13-037,OP14-022,OP13-040,EB04-007]
[] Trash: []
[] Board: []
[] Life: 4
[Opponent] End Turn
[] Hand: [EB02-017,OP13-037,OP14-022,OP13-040,EB04-007]
[] Board: []
[] Trash: []
[] Life: 4
[] Hand: [OP17-054,OP17-048,OP17-118,OP17-043,OP17-049,OP17-118]
[] Trash: []
[] Board: [OP17-050]
[] Life: 5
RZ1|98|1|Don|9|9900|5|0|1|1|1|0|0
RZ1|CHK|98|1|40|5|0|4|9|1|0|1|1|0
[You] Draw 1 Card
[] Drew card from deck: Nami ["OP01-016">OP01-016]
RZ1|99|1|OP01-016|0|39|1|5|1|1|0|0|0
RZ1|CHK|99|1|39|6|0|4|9|1|0|1|1|0
RZ1|100|1|Don|4|8|5|1|1|1|0|0|0
RZ1|CHK|100|1|39|6|0|4|8|2|0|1|1|0
RZ1|101|1|Don|4|7|5|2|1|1|0|0|0
RZ1|CHK|101|1|39|6|0|4|7|3|0|1|1|0
[You] Draw 2 Don
RZ1|102|1|Don|5|0|5|0|1|1|1|0|0
RZ1|CHK|102|1|39|6|0|4|7|3|0|1|1|0
[You] Deploy Nami ["EB02-017">EB02-017]
RZ1|103|1|EB02-017|1|0|2|0|1|1|0|0|0
RZ1|CHK|103|1|39|5|1|4|7|3|0|1|1|0
RZ1|104|1|OP13-118|0|34|1|5|1|1|0|0|0
RZ1|CHK|104|1|38|6|1|4|7|3|0|1|1|0
[You] Nami ["EB02-017">EB02-017]: <b>Reveal and Draw Monkey D. Luffy ["OP13-118">OP13-118]</b>
[You] Placing Cards on Bottom of Deck
RZ1|105|1|ST21-003|0|37|0|0|0|0|0|0|0
RZ1|CHK|105|1|38|6|1|4|7|3|0|1|1|0
RZ1|106|1|OP01-016|0|37|0|0|0|0|0|0|0
RZ1|CHK|106|1|38|6|1|4|7|3|0|1|1|0
RZ1|107|1|OP14-031|0|37|0|0|0|0|0|0|0
RZ1|CHK|107|1|38|6|1|4|7|3|0|1|1|0
RZ1|108|1|OP15-032|0|37|0|0|0|0|0|0|0
RZ1|CHK|108|1|38|6|1|4|7|3|0|1|1|0
RZ1|109|1|Don|5|1|5|1|1|1|1|0|0
RZ1|CHK|109|1|38|6|1|4|7|3|0|1|1|0
[You] Deploy Nami ["OP01-016">OP01-016]
RZ1|110|1|OP01-016|1|4|2|1|1|1|0|0|0
RZ1|CHK|110|1|38|5|2|4|7|3|0|1|1|0
[You] Nami ["OP01-016">OP01-016]: <b>Reveal and Draw Sanji ["OP13-027">OP13-027]</b>
RZ1|111|1|OP13-027|0|34|1|5|1|1|0|0|0
RZ1|CHK|111|1|37|6|2|4|7|3|0|1|1|0
RZ1|112|1|OP14-022|0|36|0|0|0|0|0|0|0
RZ1|CHK|112|1|37|6|2|4|7|3|0|1|1|0
RZ1|113|1|ST31-005|0|36|0|0|0|0|0|0|0
RZ1|CHK|113|1|37|6|2|4|7|3|0|1|1|0
RZ1|114|1|OP13-040|0|36|0|0|0|0|0|0|0
RZ1|CHK|114|1|37|6|2|4|7|3|0|1|1|0
RZ1|115|1|EB04-007|0|36|0|0|0|0|0|0|0
RZ1|CHK|115|1|37|6|2|4|7|3|0|1|1|0
[You] Thousand Sunny ["ST31-005">ST31-005]: Rest Thousand Sunny ["ST31-005">ST31-005]
[You] Thousand Sunny ["ST31-005">ST31-005]: Attach 1 Rested Don to Monkey D. Luffy ["OP13-001">OP13-001]
RZ1|116|1|Don|5|0|9|9900|1|1|1|0|0
RZ1|CHK|116|1|37|6|2|4|7|2|0|1|1|1
[You] Monkey D. Luffy ["OP13-001">OP13-001] attacking Rocks D. Xebec ["OP17-039">OP17-039]
Monkey D. Luffy ["OP13-001">OP13-001][6000] vs Rocks D. Xebec ["OP17-039">OP17-039][5000]
Rocks D. Xebec ["OP17-039">OP17-039] hit for 1 damage
RZ1|117|2|OP17-057|3|4|1|6|1|1|0|0|0
RZ1|CHK|117|2|38|7|1|4|8|2|0|0|1|0
[] Hand: [OP13-037,OP14-022,OP13-040,EB04-007,OP13-118,OP13-027]
[] Board: [EB02-017,OP01-016]
[] Trash: []
[] Life: 4
[] Hand: [OP17-054,OP17-048,OP17-118,OP17-043,OP17-049,OP17-118,OP17-057]
[] Trash: []
[] Board: [OP17-050]
[] Life: 4
[You] End Turn
[] Hand: [OP17-054,OP17-048,OP17-118,OP17-043,OP17-049,OP17-118,OP17-057]
[] Board: [OP17-050]
[] Trash: []
[] Life: 4
[] Hand: [OP13-037,OP14-022,OP13-040,EB04-007,OP13-118,OP13-027]
[] Trash: []
[] Board: [EB02-017,OP01-016]
[] Life: 4
[Opponent] Draw 1 Card
[] Drew card from deck: There's No Authority in the World ["OP17-055">OP17-055]
RZ1|118|2|OP17-055|0|37|1|7|1|1|0|0|0
RZ1|CHK|118|2|37|8|1|4|8|2|0|0|1|0
RZ1|119|2|Don|4|7|5|2|1|1|0|0|0
RZ1|CHK|119|2|37|8|1|4|7|3|0|0|1|0
RZ1|120|2|Don|4|6|5|3|1|1|0|0|0
RZ1|CHK|120|2|37|8|1|4|6|4|0|0|1|0
[Opponent] Draw 2 Don
[Opponent] Rocks D. Xebec ["OP17-039">OP17-039] attacking Monkey D. Luffy ["OP13-001">OP13-001]
[You] Monkey D. Luffy ["OP13-001">OP13-001]: Rest Don ["Don">Don]
RZ1|121|1|Don|5|1|5|1|1|1|1|0|0
RZ1|CHK|121|1|37|6|2|4|7|2|0|1|1|1
[You] Monkey D. Luffy ["OP13-001">OP13-001]: Buff Monkey D. Luffy ["OP13-001">OP13-001] 2000 for the Combat
Rocks D. Xebec ["OP17-039">OP17-039][5000] vs Monkey D. Luffy ["OP13-001">OP13-001][7000]
Attack Fails
RZ1|122|2|Don|5|0|5|0|1|1|1|0|0
RZ1|CHK|122|2|37|8|1|4|6|4|0|0|1|0
RZ1|123|2|Don|5|1|5|1|1|1|1|0|0
RZ1|CHK|123|2|37|8|1|4|6|4|0|0|1|0
RZ1|124|2|Don|5|2|5|2|1|1|1|0|0
RZ1|CHK|124|2|37|8|1|4|6|4|0|0|1|0
[Opponent] Deploy Stussy ["OP17-054">OP17-054]
RZ1|125|2|OP17-054|1|0|2|1|1|1|0|0|0
RZ1|CHK|125|2|37|7|2|4|6|4|0|0|1|0
[Opponent] Stussy ["OP17-054">OP17-054]: Nami ["EB02-017">EB02-017] can't attack next turn
RZ1|126|2|Don|5|3|5|3|1|1|1|0|0
RZ1|CHK|126|2|37|7|2|4|6|4|0|0|1|0
[Opponent] Deploy Fullalead ["OP17-057">OP17-057]
RZ1|127|2|OP17-057|1|5|7|0|1|1|0|0|0
RZ1|CHK|127|2|37|6|2|4|6|4|0|1|1|0
[] Hand: [OP17-048,OP17-118,OP17-043,OP17-049,OP17-118,OP17-055]
[] Board: [OP17-050,OP17-054]
[] Trash: []
[] Life: 4
[] Hand: [OP13-037,OP14-022,OP13-040,EB04-007,OP13-118,OP13-027]
[] Trash: []
[] Board: [EB02-017,OP01-016]
[] Life: 4
[Opponent] End Turn
[] Hand: [OP13-037,OP14-022,OP13-040,EB04-007,OP13-118,OP13-027]
[] Board: [EB02-017,OP01-016]
[] Trash: []
[] Life: 4
[] Hand: [OP17-048,OP17-118,OP17-043,OP17-049,OP17-118,OP17-055]
[] Trash: []
[] Board: [OP17-050,OP17-054]
[] Life: 4
RZ1|128|1|Don|9|9900|5|0|1|1|1|0|0
RZ1|CHK|128|1|37|6|2|4|7|3|0|1|1|0
[You] Draw 1 Card
[] Drew card from deck: Sanji ["OP13-027">OP13-027]
RZ1|129|1|OP13-027|0|36|1|6|1|1|0|0|0
RZ1|CHK|129|1|36|7|2|4|7|3|0|1|1|0
RZ1|130|1|Don|4|6|5|3|1|1|0|0|0
RZ1|CHK|130|1|36|7|2|4|6|4|0|1|1|0
RZ1|131|1|Don|4|5|5|4|1|1|0|0|0
RZ1|CHK|131|1|36|7|2|4|5|5|0|1|1|0
[You] Draw 2 Don
RZ1|132|1|Don|5|0|5|0|1|1|1|0|0
RZ1|CHK|132|1|36|7|2|4|5|5|0|1|1|0
RZ1|133|1|Don|5|1|5|1|1|1|1|0|0
RZ1|CHK|133|1|36|7|2|4|5|5|0|1|1|0
RZ1|134|1|Don|5|2|5|2|1|1|1|0|0
RZ1|CHK|134|1|36|7|2|4|5|5|0|1|1|0
RZ1|135|1|Don|5|3|5|3|1|1|1|0|0
RZ1|CHK|135|1|36|7|2|4|5|5|0|1|1|0
RZ1|136|1|Don|5|4|5|4|1|1|1|0|0
RZ1|CHK|136|1|36|7|2|4|5|5|0|1|1|0
[You] Deploy Sanji ["OP13-027">OP13-027]
RZ1|137|1|OP13-027|1|6|2|2|1|1|0|0|0
RZ1|CHK|137|1|36|6|3|4|5|5|0|1|1|0
[You] Sanji ["OP13-027">OP13-027]: Activate 1 Don
RZ1|138|1|Don|5|4|5|4|1|1|0|0|0
RZ1|CHK|138|1|36|6|3|4|5|5|0|1|1|0
[You] Sanji ["OP13-027">OP13-027]: Activate 1 Don
RZ1|139|1|Don|5|3|5|3|1|1|0|0|0
RZ1|CHK|139|1|36|6|3|4|5|5|0|1|1|0
[You] Thousand Sunny ["ST31-005">ST31-005]: Rest Thousand Sunny ["ST31-005">ST31-005]
[You] Thousand Sunny ["ST31-005">ST31-005]: Attach 1 Rested Don to Monkey D. Luffy ["OP13-001">OP13-001]
RZ1|140|1|Don|5|0|9|9900|1|1|1|0|0
RZ1|CHK|140|1|36|6|3|4|5|4|0|1|1|1
[You] Attach 1 Don to Monkey D. Luffy ["OP13-001">OP13-001] (2 Total)
RZ1|141|1|Don|5|3|9|9901|1|1|0|0|0
RZ1|CHK|141|1|36|6|3|4|5|3|0|1|1|2
[You] Monkey D. Luffy ["OP13-001">OP13-001] attacking Rocks D. Xebec ["OP17-039">OP17-039]
Monkey D. Luffy ["OP13-001">OP13-001][7000] vs Rocks D. Xebec ["OP17-039">OP17-039][5000]
Rocks D. Xebec ["OP17-039">OP17-039] hit for 1 damage
RZ1|142|2|OP17-048|3|3|1|6|1|1|0|0|0
RZ1|CHK|142|2|37|7|2|3|6|4|0|1|1|0
[You] Sanji ["OP13-027">OP13-027]: Activate 1 Don
RZ1|143|1|Don|5|1|5|1|1|1|0|0|0
RZ1|CHK|143|1|36|6|3|4|5|3|0|1|1|2
[You] Nami ["EB02-017">EB02-017] is no longer blocked from attacking
[] Hand: [OP13-037,OP14-022,OP13-040,EB04-007,OP13-118,OP13-027]
[] Board: [EB02-017,OP01-016,OP13-027]
[] Trash: []
[] Life: 4
[] Hand: [OP17-048,OP17-118,OP17-043,OP17-049,OP17-118,OP17-055,OP17-048]
[] Trash: []
[] Board: [OP17-050,OP17-054]
[] Life: 3
[You] End Turn
[] Hand: [OP17-048,OP17-118,OP17-043,OP17-049,OP17-118,OP17-055,OP17-048]
[] Board: [OP17-050,OP17-054]
[] Trash: []
[] Life: 3
[] Hand: [OP13-037,OP14-022,OP13-040,EB04-007,OP13-118,OP13-027]
[] Trash: []
[] Board: [EB02-017,OP01-016,OP13-027]
[] Life: 4
[Opponent] Draw 1 Card
[] Drew card from deck: There's No Authority in the World ["OP17-055">OP17-055]
RZ1|144|2|OP17-055|0|36|1|7|1|1|0|0|0
RZ1|CHK|144|2|36|8|2|3|6|4|0|1|1|0
RZ1|145|2|Don|4|5|5|4|1|1|0|0|0
RZ1|CHK|145|2|36|8|2|3|5|5|0|1|1|0
RZ1|146|2|Don|4|4|5|5|1|1|0|0|0
RZ1|CHK|146|2|36|8|2|3|4|6|0|1|1|0
[Opponent] Draw 2 Don
[Opponent] Stussy ["OP17-054">OP17-054] attacking Monkey D. Luffy ["OP13-001">OP13-001]
[You] Monkey D. Luffy ["OP13-001">OP13-001]: Rest Don ["Don">Don]
RZ1|147|1|Don|5|1|5|1|1|1|1|0|0
RZ1|CHK|147|1|36|6|3|4|5|3|0|1|1|2
[You] Monkey D. Luffy ["OP13-001">OP13-001]: Buff Monkey D. Luffy ["OP13-001">OP13-001] 2000 for the Combat
Stussy ["OP17-054">OP17-054][5000] vs Monkey D. Luffy ["OP13-001">OP13-001][7000]
Attack Fails
RZ1|148|2|Don|5|0|5|0|1|1|1|0|0
RZ1|CHK|148|2|36|8|2|3|4|6|0|1|1|0
RZ1|149|2|Don|5|1|5|1|1|1|1|0|0
RZ1|CHK|149|2|36|8|2|3|4|6|0|1|1|0
RZ1|150|2|Don|5|2|5|2|1|1|1|0|0
RZ1|CHK|150|2|36|8|2|3|4|6|0|1|1|0
RZ1|151|2|Don|5|3|5|3|1|1|1|0|0
RZ1|CHK|151|2|36|8|2|3|4|6|0|1|1|0
RZ1|152|2|Don|5|4|5|4|1|1|1|0|0
RZ1|CHK|152|2|36|8|2|3|4|6|0|1|1|0
[Opponent] Deploy Charlotte Linlin ["OP17-049">OP17-049]
RZ1|153|2|OP17-049|1|3|2|2|1|1|0|0|0
RZ1|CHK|153|2|36|7|3|3|4|6|0|1|1|0
[Opponent] Forcing opponent to resolve Card Action!
[You] Forcing opponent to resolve Card Action!
[] Drew card from deck: Edward Newgate ["OP17-040">OP17-040]
RZ1|154|2|OP17-040|0|35|1|7|1|1|0|0|0
RZ1|CHK|154|2|35|8|3|3|4|6|0|1|1|0
[] Drew card from deck: Gloriosa ["OP17-046">OP17-046]
RZ1|155|2|OP17-046|0|34|1|8|1|1|0|0|0
RZ1|CHK|155|2|34|9|3|3|4|6|0|1|1|0
[Opponent] Charlotte Linlin ["OP17-049">OP17-049]: Draw 2 Card
RZ1|156|2|OP17-055|1|4|6|0|1|1|0|0|0
RZ1|CHK|156|2|34|8|3|3|4|6|1|1|1|0
[Opponent] There's No Authority in the World ["OP17-055">OP17-055]: Rest 1 Don
RZ1|157|2|Don|5|5|5|5|1|1|1|0|0
RZ1|CHK|157|2|34|8|3|3|4|6|1|1|1|0
[Opponent] There's No Authority in the World ["OP17-055">OP17-055]: Grant Unblockable to Rocks D. Xebec ["OP17-039">OP17-039]
[Opponent] Rocks D. Xebec ["OP17-039">OP17-039] attacking Monkey D. Luffy ["OP13-001">OP13-001]
[You] Monkey D. Luffy ["OP13-001">OP13-001]: Rest Don ["Don">Don]
RZ1|158|1|Don|5|2|5|2|1|1|1|0|0
RZ1|CHK|158|1|36|6|3|4|5|3|0|1|1|2
[You] Monkey D. Luffy ["OP13-001">OP13-001]: Buff Monkey D. Luffy ["OP13-001">OP13-001] 2000 for the Combat
Rocks D. Xebec ["OP17-039">OP17-039][5000] vs Monkey D. Luffy ["OP13-001">OP13-001][7000]
Attack Fails
[] Hand: [OP17-048,OP17-118,OP17-043,OP17-118,OP17-048,OP17-055,OP17-040,OP17-046]
[] Board: [OP17-050,OP17-054,OP17-049]
[] Trash: [OP17-055]
[] Life: 3
[] Hand: [OP13-037,OP14-022,OP13-040,EB04-007,OP13-118,OP13-027]
[] Trash: []
[] Board: [EB02-017,OP01-016,OP13-027]
[] Life: 4
[Opponent] End Turn
[] Hand: [OP13-037,OP14-022,OP13-040,EB04-007,OP13-118,OP13-027]
[] Board: [EB02-017,OP01-016,OP13-027]
[] Trash: []
[] Life: 4
[] Hand: [OP17-048,OP17-118,OP17-043,OP17-118,OP17-048,OP17-055,OP17-040,OP17-046]
[] Trash: [OP17-055]
[] Board: [OP17-050,OP17-054,OP17-049]
[] Life: 3
RZ1|159|1|Don|9|9900|5|0|1|1|1|0|0
RZ1|CHK|159|1|36|6|3|4|5|4|0|1|1|1
RZ1|160|1|Don|9|9900|5|0|1|1|1|0|0
RZ1|CHK|160|1|36|6|3|4|5|5|0|1|1|0
[You] Draw 1 Card
[] Drew card from deck: Nami ["OP14-031">OP14-031]
RZ1|161|1|OP14-031|0|35|1|6|1|1|0|0|0
RZ1|CHK|161|1|35|7|3|4|5|5|0|1|1|0
RZ1|162|1|Don|4|4|5|5|1|1|0|0|0
RZ1|CHK|162|1|35|7|3|4|4|6|0|1|1|0
RZ1|163|1|Don|4|3|5|6|1|1|0|0|0
RZ1|CHK|163|1|35|7|3|4|3|7|0|1|1|0
[You] Draw 2 Don
RZ1|164|1|Don|5|0|5|0|1|1|1|0|0
RZ1|CHK|164|1|35|7|3|4|3|7|0|1|1|0
RZ1|165|1|Don|5|1|5|1|1|1|1|0|0
RZ1|CHK|165|1|35|7|3|4|3|7|0|1|1|0
RZ1|166|1|Don|5|2|5|2|1|1|1|0|0
RZ1|CHK|166|1|35|7|3|4|3|7|0|1|1|0
RZ1|167|1|Don|5|3|5|3|1|1|1|0|0
RZ1|CHK|167|1|35|7|3|4|3|7|0|1|1|0
RZ1|168|1|Don|5|4|5|4|1|1|1|0|0
RZ1|CHK|168|1|35|7|3|4|3|7|0|1|1|0
RZ1|169|1|Don|5|5|5|5|1|1|1|0|0
RZ1|CHK|169|1|35|7|3|4|3|7|0|1|1|0
RZ1|170|1|Don|5|6|5|6|1|1|1|0|0
RZ1|CHK|170|1|35|7|3|4|3|7|0|1|1|0
[You] Deploy Roronoa Zoro ["EB04-007">EB04-007]
RZ1|171|1|EB04-007|1|3|2|3|1|1|0|0|0
RZ1|CHK|171|1|35|6|4|4|3|7|0|1|1|0
[You] Roronoa Zoro ["EB04-007">EB04-007]: Grant Monkey D. Luffy ["OP13-001">OP13-001] 2000 until opponent's next turn end
[You] Sanji ["OP13-027">OP13-027] attacking Stussy ["OP17-054">OP17-054]
Sanji ["OP13-027">OP13-027][7000] vs Stussy ["OP17-054">OP17-054][5000]
[Opponent] Stussy ["OP17-054">OP17-054] Destroyed
RZ1|172|2|OP17-054|2|1|6|1|1|1|0|0|0
RZ1|CHK|172|2|34|8|2|3|4|6|2|1|1|0
RZ1|173|2|OP17-043|1|2|6|2|1|1|0|0|0
RZ1|CHK|173|2|34|7|2|3|4|6|3|1|1|0
[Opponent] Charlotte Linlin ["OP17-049">OP17-049]: Trash Ganzui ["OP17-043">OP17-043]
[Opponent] Charlotte Linlin ["OP17-049">OP17-049]: Buff Streusen ["OP17-050">OP17-050] 1000 for the Combat
[You] Sanji ["OP13-027">OP13-027]: Activate 1 Don
RZ1|174|1|Don|5|6|5|6|1|1|0|0|0
RZ1|CHK|174|1|35|6|4|4|3|7|0|1|1|0
[] Hand: [OP13-037,OP14-022,OP13-040,OP13-118,OP13-027,OP14-031]
[] Board: [EB02-017,OP01-016,OP13-027,EB04-007]
[] Trash: []
[] Life: 4
[] Hand: [OP17-048,OP17-118,OP17-118,OP17-048,OP17-055,OP17-040,OP17-046]
[] Trash: [OP17-055,OP17-054,OP17-043]
[] Board: [OP17-050,OP17-049]
[] Life: 3
[You] End Turn
[] Hand: [OP17-048,OP17-118,OP17-118,OP17-048,OP17-055,OP17-040,OP17-046]
[] Board: [OP17-050,OP17-049]
[] Trash: [OP17-055,OP17-054,OP17-043]
[] Life: 3
[] Hand: [OP13-037,OP14-022,OP13-040,OP13-118,OP13-027,OP14-031]
[] Trash: []
[] Board: [EB02-017,OP01-016,OP13-027,EB04-007]
[] Life: 4
[Opponent] Draw 1 Card
[] Drew card from deck: Streusen ["OP17-050">OP17-050]
RZ1|175|2|OP17-050|0|33|1|7|1|1|0|0|0
RZ1|CHK|175|2|33|8|2|3|4|6|3|1|1|0
RZ1|176|2|Don|4|3|5|6|1|1|0|0|0
RZ1|CHK|176|2|33|8|2|3|3|7|3|1|1|0
RZ1|177|2|Don|4|2|5|7|1|1|0|0|0
RZ1|CHK|177|2|33|8|2|3|2|8|3|1|1|0
[Opponent] Draw 2 Don
RZ1|178|2|Don|5|0|5|0|1|1|1|0|0
RZ1|CHK|178|2|33|8|2|3|2|8|3|1|1|0
RZ1|179|2|Don|5|1|5|1|1|1|1|0|0
RZ1|CHK|179|2|33|8|2|3|2|8|3|1|1|0
RZ1|180|2|Don|5|2|5|2|1|1|1|0|0
RZ1|CHK|180|2|33|8|2|3|2|8|3|1|1|0
RZ1|181|2|Don|5|3|5|3|1|1|1|0|0
RZ1|CHK|181|2|33|8|2|3|2|8|3|1|1|0
[Opponent] Deploy Gloriosa ["OP17-046">OP17-046]
RZ1|182|2|OP17-046|1|6|2|2|1|1|0|0|0
RZ1|CHK|182|2|33|7|3|3|2|8|3|1|1|0
[Opponent] Gloriosa ["OP17-046">OP17-046]: Return Streusen ["OP17-050">OP17-050] to Deck Bottom
RZ1|183|2|OP17-050|2|0|0|0|0|0|0|0|0
RZ1|CHK|183|2|34|7|2|3|2|8|3|1|1|0
RZ1|184|2|Don|5|4|9|0|1|1|0|0|0
RZ1|CHK|184|2|34|7|2|3|2|7|3|1|1|1
[Opponent] Attach 1 Don to Charlotte Linlin ["OP17-049">OP17-049] (1 Total)
[Opponent] Charlotte Linlin ["OP17-049">OP17-049] attacking Monkey D. Luffy ["OP13-001">OP13-001]
[You] I Know You're Strong... So I'll Go All Out ["OP13-040">OP13-040]: Activate Counter
[You] I Know You're Strong... So I'll Go All Out ["OP13-040">OP13-040]: Rest 1 Don
RZ1|185|1|Don|5|6|5|6|1|1|1|0|0
RZ1|CHK|185|1|35|6|4|4|3|7|0|1|1|0
RZ1|186|1|OP13-040|1|2|6|0|1|1|0|0|0
RZ1|CHK|186|1|35|5|4|4|3|7|1|1|1|0
[You] I Know You're Strong... So I'll Go All Out ["OP13-040">OP13-040]: Buff Monkey D. Luffy ["OP13-001">OP13-001] 3000 for the Combat
Charlotte Linlin ["OP17-049">OP17-049][8000] vs Monkey D. Luffy ["OP13-001">OP13-001][10000]
Attack Fails
RZ1|187|2|Don|5|4|9|9900|1|1|0|0|0
RZ1|CHK|187|2|34|7|2|3|2|6|3|1|1|2
RZ1|188|2|Don|5|4|9|9901|1|1|0|0|0
RZ1|CHK|188|2|34|7|2|3|2|5|3|1|1|3
[Opponent] Attach 2 Don to Rocks D. Xebec ["OP17-039">OP17-039] (2 Total)
[Opponent] Rocks D. Xebec ["OP17-039">OP17-039] attacking Monkey D. Luffy ["OP13-001">OP13-001]
Rocks D. Xebec ["OP17-039">OP17-039][7000] vs Monkey D. Luffy ["OP13-001">OP13-001][7000]
Monkey D. Luffy ["OP13-001">OP13-001] hit for 1 damage
RZ1|189|1|OP13-027|3|3|1|5|1|1|0|0|0
RZ1|CHK|189|1|35|6|4|3|3|7|1|1|1|0
RZ1|190|2|Don|5|4|5|4|1|1|1|0|0
RZ1|CHK|190|2|34|7|2|3|2|5|3|1|1|3
[Opponent] Deploy Streusen ["OP17-050">OP17-050]
RZ1|191|2|OP17-050|1|6|2|2|1|1|0|0|0
RZ1|CHK|191|2|34|6|3|3|2|5|3|1|1|3
[Opponent] Placing Cards on Bottom of Deck
RZ1|192|2|OP17-040|0|33|0|0|0|0|0|0|0
RZ1|CHK|192|2|34|6|3|3|2|5|3|1|1|3
RZ1|193|2|OP17-056|0|33|0|0|0|0|0|0|0
RZ1|CHK|193|2|34|6|3|3|2|5|3|1|1|3
[] Drew card from deck: Charlotte Linlin ["OP17-049">OP17-049]
RZ1|194|2|OP17-049|0|33|1|6|1|1|0|0|0
RZ1|CHK|194|2|33|7|3|3|2|5|3|1|1|3
[Opponent] Streusen ["OP17-050">OP17-050]: Draw 1 Card
[] Hand: [OP17-048,OP17-118,OP17-118,OP17-048,OP17-055,OP17-040,OP17-049]
[] Board: [OP17-049,OP17-046,OP17-050]
[] Trash: [OP17-055,OP17-054,OP17-043]
[] Life: 3
[] Hand: [OP13-037,OP14-022,OP13-118,OP13-027,OP14-031,OP13-027]
[] Trash: [OP13-040]
[] Board: [EB02-017,OP01-016,OP13-027,EB04-007]
[] Life: 3
[Opponent] End Turn
[] Hand: [OP13-037,OP14-022,OP13-118,OP13-027,OP14-031,OP13-027]
[] Board: [EB02-017,OP01-016,OP13-027,EB04-007]
[] Trash: [OP13-040]
[] Life: 3
[] Hand: [OP17-048,OP17-118,OP17-118,OP17-048,OP17-055,OP17-040,OP17-049]
[] Trash: [OP17-055,OP17-054,OP17-043]
[] Board: [OP17-049,OP17-046,OP17-050]
[] Life: 3
[You] Draw 1 Card
[] Drew card from deck: Roronoa Zoro ["OP13-037">OP13-037]
RZ1|195|1|OP13-037|0|34|1|6|1|1|0|0|0
RZ1|CHK|195|1|34|7|4|3|3|7|1|1|1|0
RZ1|196|1|Don|4|2|5|7|1|1|0|0|0
RZ1|CHK|196|1|34|7|4|3|2|8|1|1|1|0
RZ1|197|1|Don|4|1|5|8|1|1|0|0|0
RZ1|CHK|197|1|34|7|4|3|1|9|1|1|1|0
[You] Draw 2 Don
RZ1|198|1|Don|5|0|5|0|1|1|1|0|0
RZ1|CHK|198|1|34|7|4|3|1|9|1|1|1|0
RZ1|199|1|Don|5|1|5|1|1|1|1|0|0
RZ1|CHK|199|1|34|7|4|3|1|9|1|1|1|0
RZ1|200|1|Don|5|2|5|2|1|1|1|0|0
RZ1|CHK|200|1|34|7|4|3|1|9|1|1|1|0
RZ1|201|1|Don|5|3|5|3|1|1|1|0|0
RZ1|CHK|201|1|34|7|4|3|1|9|1|1|1|0
RZ1|202|1|Don|5|4|5|4|1|1|1|0|0
RZ1|CHK|202|1|34|7|4|3|1|9|1|1|1|0
RZ1|203|1|Don|5|5|5|5|1|1|1|0|0
RZ1|CHK|203|1|34|7|4|3|1|9|1|1|1|0
[You] Deploy Monkey D. Luffy ["OP13-118">OP13-118]
RZ1|204|1|OP13-118|1|2|2|4|1|1|0|0|0
RZ1|CHK|204|1|34|6|5|3|1|9|1|1|1|0
[You] Monkey D. Luffy ["OP13-118">OP13-118]: Activate 1 Don
RZ1|205|1|Don|5|5|5|5|1|1|0|0|0
RZ1|CHK|205|1|34|6|5|3|1|9|1|1|1|0
[You] Monkey D. Luffy ["OP13-118">OP13-118]: Activate 1 Don
RZ1|206|1|Don|5|4|5|4|1|1|0|0|0
RZ1|CHK|206|1|34|6|5|3|1|9|1|1|1|0
[You] Monkey D. Luffy ["OP13-118">OP13-118]: Activate 1 Don
RZ1|207|1|Don|5|3|5|3|1|1|0|0|0
RZ1|CHK|207|1|34|6|5|3|1|9|1|1|1|0
[You] Monkey D. Luffy ["OP13-118">OP13-118]: Activate 1 Don
RZ1|208|1|Don|5|2|5|2|1|1|0|0|0
RZ1|CHK|208|1|34|6|5|3|1|9|1|1|1|0
[You] Monkey D. Luffy ["OP13-118">OP13-118]: Can't play Cost 5 Or More Characters for the Turn!
RZ1|209|1|Don|5|2|5|2|1|1|1|0|0
RZ1|CHK|209|1|34|6|5|3|1|9|1|1|1|0
RZ1|210|1|Don|5|3|5|3|1|1|1|0|0
RZ1|CHK|210|1|34|6|5|3|1|9|1|1|1|0
RZ1|211|1|Don|5|4|5|4|1|1|1|0|0
RZ1|CHK|211|1|34|6|5|3|1|9|1|1|1|0
RZ1|212|1|Don|5|5|5|5|1|1|1|0|0
RZ1|CHK|212|1|34|6|5|3|1|9|1|1|1|0
[You] Trash Nami ["OP01-016">OP01-016]
[You] Deploy Nami ["OP14-031">OP14-031]
RZ1|213|1|OP01-016|2|1|6|1|1|1|0|0|0
RZ1|CHK|213|1|34|6|4|3|1|9|2|1|1|0
RZ1|214|1|OP14-031|1|3|2|4|1|1|0|0|0
RZ1|CHK|214|1|34|5|5|3|1|9|2|1|1|0
[You] Nami ["OP14-031">OP14-031]: Rest Streusen ["OP17-050">OP17-050]
[You] Nami ["OP14-031">OP14-031]: Rest Gloriosa ["OP17-046">OP17-046]
[You] Thousand Sunny ["ST31-005">ST31-005]: Rest Thousand Sunny ["ST31-005">ST31-005]
[You] Thousand Sunny ["ST31-005">ST31-005]: Attach 1 Rested Don to Monkey D. Luffy ["OP13-001">OP13-001]
RZ1|215|1|Don|5|0|9|9900|1|1|1|0|0
RZ1|CHK|215|1|34|5|5|3|1|8|2|1|1|1
[You] Attach 1 Don to Monkey D. Luffy ["OP13-001">OP13-001] (2 Total)
RZ1|216|1|Don|5|7|9|9901|1|1|0|0|0
RZ1|CHK|216|1|34|5|5|3|1|7|2|1|1|2
[You] Attach 1 Don to Monkey D. Luffy ["OP13-001">OP13-001] (3 Total)
RZ1|217|1|Don|5|6|9|9902|1|1|0|0|0
RZ1|CHK|217|1|34|5|5|3|1|6|2|1|1|3
[You] Attach 1 Don to Monkey D. Luffy ["OP13-001">OP13-001] (4 Total)
RZ1|218|1|Don|5|5|9|9903|1|1|0|0|0
RZ1|CHK|218|1|34|5|5|3|1|5|2|1|1|4
[You] Sanji ["OP13-027">OP13-027] attacking Rocks D. Xebec ["OP17-039">OP17-039]
Sanji ["OP13-027">OP13-027][7000] vs Rocks D. Xebec ["OP17-039">OP17-039][5000]
Rocks D. Xebec ["OP17-039">OP17-039] hit for 1 damage
RZ1|219|2|OP17-055|3|2|1|7|1|1|0|0|0
RZ1|CHK|219|2|33|8|3|2|2|5|3|1|1|3
RZ1|220|2|OP17-049|1|6|6|3|1|1|0|0|0
RZ1|CHK|220|2|33|7|3|2|2|5|4|1|1|3
[Opponent] Charlotte Linlin ["OP17-049">OP17-049]: Trash Charlotte Linlin ["OP17-049">OP17-049]
[Opponent] Charlotte Linlin ["OP17-049">OP17-049]: Buff Streusen ["OP17-050">OP17-050] 1000 for the Combat
[You] Nami ["EB02-017">EB02-017] attacking Streusen ["OP17-050">OP17-050]
Nami ["EB02-017">EB02-017][2000] vs Streusen ["OP17-050">OP17-050][2000]
[Opponent] Streusen ["OP17-050">OP17-050] Destroyed
RZ1|221|2|OP17-050|2|2|6|4|1|1|0|0|0
RZ1|CHK|221|2|33|7|2|2|2|5|5|1|1|3
[You] Roronoa Zoro ["EB04-007">EB04-007] attacking Rocks D. Xebec ["OP17-039">OP17-039]
Roronoa Zoro ["EB04-007">EB04-007][9000] vs Rocks D. Xebec ["OP17-039">OP17-039][5000]
Rocks D. Xebec ["OP17-039">OP17-039] hit for 1 damage
RZ1|222|2|OP17-044|3|1|1|7|1|1|0|0|0
RZ1|CHK|222|2|33|8|2|1|2|5|5|1|1|3
[You] Monkey D. Luffy ["OP13-001">OP13-001] attacking Rocks D. Xebec ["OP17-039">OP17-039]
[Opponent] Fullalead ["OP17-057">OP17-057]: Rest Fullalead ["OP17-057">OP17-057]
RZ1|223|2|OP17-044|1|7|6|5|1|1|0|0|0
RZ1|CHK|223|2|33|7|2|1|2|5|6|1|1|3
[Opponent] Fullalead ["OP17-057">OP17-057]: Trash Captain John ["OP17-044">OP17-044]
[Opponent] Fullalead ["OP17-057">OP17-057]: Buff Rocks D. Xebec ["OP17-039">OP17-039] 1000 for the Combat
[Opponent] There's No Authority in the World ["OP17-055">OP17-055]: Activate Counter
RZ1|224|2|OP17-055|1|4|6|6|1|1|0|0|0
RZ1|CHK|224|2|33|6|2|1|2|5|7|1|1|3
[Opponent] There's No Authority in the World ["OP17-055">OP17-055]: Buff Rocks D. Xebec ["OP17-039">OP17-039] 2000 for the Combat
[Opponent] There's No Authority in the World ["OP17-055">OP17-055]: Activate Counter
RZ1|225|2|OP17-055|1|5|6|7|1|1|0|0|0
RZ1|CHK|225|2|33|5|2|1|2|5|8|1|1|3
[Opponent] There's No Authority in the World ["OP17-055">OP17-055]: Buff Rocks D. Xebec ["OP17-039">OP17-039] 2000 for the Combat
Monkey D. Luffy ["OP13-001">OP13-001][9000] vs Rocks D. Xebec ["OP17-039">OP17-039][10000]
Attack Fails
[You] Sanji ["OP13-027">OP13-027]: Activate 1 Don
RZ1|226|1|Don|5|4|5|4|1|1|0|0|0
RZ1|CHK|226|1|34|5|5|3|1|5|2|1|1|4
[You] Nami ["OP14-031">OP14-031]: Activate 1 Don
RZ1|227|1|Don|5|3|5|3|1|1|0|0|0
RZ1|CHK|227|1|34|5|5|3|1|5|2|1|1|4
[You] Nami ["OP14-031">OP14-031]: Activate 1 Don
RZ1|228|1|Don|5|2|5|2|1|1|0|0|0
RZ1|CHK|228|1|34|5|5|3|1|5|2|1|1|4
[You] Nami ["OP14-031">OP14-031]: Activate 1 Don
RZ1|229|1|Don|5|1|5|1|1|1|0|0|0
RZ1|CHK|229|1|34|5|5|3|1|5|2|1|1|4
[You] Nami ["OP14-031">OP14-031]: Activate 1 Don
RZ1|230|1|Don|5|0|5|0|1|1|0|0|0
RZ1|CHK|230|1|34|5|5|3|1|5|2|1|1|4
[] Hand: [OP13-037,OP14-022,OP13-027,OP13-027,OP13-037]
[] Board: [EB02-017,OP13-027,EB04-007,OP13-118,OP14-031]
[] Trash: [OP13-040,OP01-016]
[] Life: 3
[] Hand: [OP17-048,OP17-118,OP17-118,OP17-048,OP17-040]
[] Trash: [OP17-055,OP17-054,OP17-043,OP17-049,OP17-050,OP17-044,OP17-055,OP17-055]
[] Board: [OP17-049,OP17-046]
[] Life: 1
[You] End Turn
[] Hand: [OP17-048,OP17-118,OP17-118,OP17-048,OP17-040]
[] Board: [OP17-049,OP17-046]
[] Trash: [OP17-055,OP17-054,OP17-043,OP17-049,OP17-050,OP17-044,OP17-055,OP17-055]
[] Life: 1
[] Hand: [OP13-037,OP14-022,OP13-027,OP13-027,OP13-037]
[] Trash: [OP13-040,OP01-016]
[] Board: [EB02-017,OP13-027,EB04-007,OP13-118,OP14-031]
[] Life: 3
RZ1|231|2|Don|9|9900|5|0|1|1|1|0|0
RZ1|CHK|231|2|33|5|2|1|2|6|8|1|1|2
RZ1|232|2|Don|9|9900|5|0|1|1|1|0|0
RZ1|CHK|232|2|33|5|2|1|2|7|8|1|1|1
RZ1|233|2|Don|9|0|5|0|1|1|1|0|0
RZ1|CHK|233|2|33|5|2|1|2|8|8|1|1|0
[Opponent] Draw 1 Card
[] Drew card from deck: Charlotte Linlin ["OP17-049">OP17-049]
RZ1|234|2|OP17-049|0|32|1|5|1|1|0|0|0
RZ1|CHK|234|2|32|6|2|1|2|8|8|1|1|0
RZ1|235|2|Don|4|1|5|8|1|1|0|0|0
RZ1|CHK|235|2|32|6|2|1|1|9|8|1|1|0
RZ1|236|2|Don|4|0|5|9|1|1|0|0|0
RZ1|CHK|236|2|32|6|2|1|0|10|8|1|1|0
[Opponent] Draw 2 Don
[Opponent] Charlotte Linlin ["OP17-049">OP17-049] attacking Monkey D. Luffy ["OP13-001">OP13-001]
[You] Nami ["OP14-031">OP14-031] Blocks
Charlotte Linlin ["OP17-049">OP17-049][7000] vs Nami ["OP14-031">OP14-031][2000]
[You] Nami ["OP14-031">OP14-031] Destroyed
RZ1|237|1|OP14-031|2|4|6|2|1|1|0|0|0
RZ1|CHK|237|1|34|5|4|3|1|5|3|1|1|4
RZ1|238|2|Don|5|0|5|0|1|1|1|0|0
RZ1|CHK|238|2|32|6|2|1|0|10|8|1|1|0
RZ1|239|2|Don|5|1|5|1|1|1|1|0|0
RZ1|CHK|239|2|32|6|2|1|0|10|8|1|1|0
RZ1|240|2|Don|5|2|5|2|1|1|1|0|0
RZ1|CHK|240|2|32|6|2|1|0|10|8|1|1|0
RZ1|241|2|Don|5|3|5|3|1|1|1|0|0
RZ1|CHK|241|2|32|6|2|1|0|10|8|1|1|0
RZ1|242|2|Don|5|4|5|4|1|1|1|0|0
RZ1|CHK|242|2|32|6|2|1|0|10|8|1|1|0
RZ1|243|2|Don|5|5|5|5|1|1|1|0|0
RZ1|CHK|243|2|32|6|2|1|0|10|8|1|1|0
RZ1|244|2|Don|5|6|5|6|1|1|1|0|0
RZ1|CHK|244|2|32|6|2|1|0|10|8|1|1|0
RZ1|245|2|Don|5|7|5|7|1|1|1|0|0
RZ1|CHK|245|2|32|6|2|1|0|10|8|1|1|0
RZ1|246|2|Don|5|8|5|8|1|1|1|0|0
RZ1|CHK|246|2|32|6|2|1|0|10|8|1|1|0
RZ1|247|2|Don|5|9|5|9|1|1|1|0|0
RZ1|CHK|247|2|32|6|2|1|0|10|8|1|1|0
[Opponent] Deploy Rocks D. Xebec ["OP17-118">OP17-118]
RZ1|248|2|OP17-118|1|1|2|2|1|1|0|0|0
RZ1|CHK|248|2|32|5|3|1|0|10|8|1|1|0
[] Drew card from deck: Stussy ["OP17-054">OP17-054]
RZ1|249|2|OP17-054|0|31|1|5|1|1|0|0|0
RZ1|CHK|249|2|31|6|3|1|0|10|8|1|1|0
[Opponent] Rocks D. Xebec ["OP17-118">OP17-118]: Draw 1 Card
RZ1|250|2|OP17-054|1|5|2|3|1|1|0|0|0
RZ1|CHK|250|2|31|5|4|1|0|10|8|1|1|0
[Opponent] Rocks D. Xebec ["OP17-118">OP17-118]: Deploy Stussy ["OP17-054">OP17-054]
RZ1|251|2|OP17-040|1|3|2|4|1|1|0|0|0
RZ1|CHK|251|2|31|4|5|1|0|10|8|1|1|0
[Opponent] Rocks D. Xebec ["OP17-118">OP17-118]: Deploy Edward Newgate ["OP17-040">OP17-040]
[Opponent] Stussy ["OP17-054">OP17-054]: Monkey D. Luffy ["OP13-118">OP13-118] can't attack next turn
[] Drew card from deck: Kaido ["OP17-042">OP17-042]
RZ1|252|2|OP17-042|0|30|1|4|1|1|0|0|0
RZ1|CHK|252|2|30|5|5|1|0|10|8|1|1|0
[Opponent] Edward Newgate ["OP17-040">OP17-040]: Draw 1 Card
[Opponent] Rocks D. Xebec ["OP17-039">OP17-039] attacking Monkey D. Luffy ["OP13-001">OP13-001]
RZ1|253|2|OP17-049|1|3|6|8|1|1|0|0|0
RZ1|CHK|253|2|30|4|5|1|0|10|9|1|1|0
[Opponent] Edward Newgate ["OP17-040">OP17-040]: Trash Charlotte Linlin ["OP17-049">OP17-049]
[Opponent] Edward Newgate ["OP17-040">OP17-040]: Buff Rocks D. Xebec ["OP17-039">OP17-039] 3000 for the Combat
[You] Monkey D. Luffy ["OP13-001">OP13-001]: Rest Don ["Don">Don]
RZ1|254|1|Don|5|0|5|0|1|1|1|0|0
RZ1|CHK|254|1|34|5|4|3|1|5|3|1|1|4
[You] Monkey D. Luffy ["OP13-001">OP13-001]: Rest Don ["Don">Don]
RZ1|255|1|Don|5|1|5|1|1|1|1|0|0
RZ1|CHK|255|1|34|5|4|3|1|5|3|1|1|4
[You] Monkey D. Luffy ["OP13-001">OP13-001]: Buff Monkey D. Luffy ["OP13-001">OP13-001] 4000 for the Combat
Rocks D. Xebec ["OP17-039">OP17-039][8000] vs Monkey D. Luffy ["OP13-001">OP13-001][9000]
Attack Fails
[] Hand: [OP17-048,OP17-118,OP17-048,OP17-042]
[] Board: [OP17-049,OP17-046,OP17-118,OP17-054,OP17-040]
[] Trash: [OP17-055,OP17-054,OP17-043,OP17-049,OP17-050,OP17-044,OP17-055,OP17-055,OP17-049]
[] Life: 1
[] Hand: [OP13-037,OP14-022,OP13-027,OP13-027,OP13-037]
[] Trash: [OP13-040,OP01-016,OP14-031]
[] Board: [EB02-017,OP13-027,EB04-007,OP13-118]
[] Life: 3
[Opponent] End Turn
[] Hand: [OP13-037,OP14-022,OP13-027,OP13-027,OP13-037]
[] Board: [EB02-017,OP13-027,EB04-007,OP13-118]
[] Trash: [OP13-040,OP01-016,OP14-031]
[] Life: 3
[] Hand: [OP17-048,OP17-118,OP17-048,OP17-042]
[] Trash: [OP17-055,OP17-054,OP17-043,OP17-049,OP17-050,OP17-044,OP17-055,OP17-055,OP17-049]
[] Board: [OP17-049,OP17-046,OP17-118,OP17-054,OP17-040]
[] Life: 1
RZ1|256|1|Don|9|9900|5|0|1|1|1|0|0
RZ1|CHK|256|1|34|5|4|3|1|6|3|1|1|3
RZ1|257|1|Don|9|9900|5|0|1|1|1|0|0
RZ1|CHK|257|1|34|5|4|3|1|7|3|1|1|2
RZ1|258|1|Don|9|9900|5|0|1|1|1|0|0
RZ1|CHK|258|1|34|5|4|3|1|8|3|1|1|1
RZ1|259|1|Don|9|9900|5|0|1|1|1|0|0
RZ1|CHK|259|1|34|5|4|3|1|9|3|1|1|0
[You] Draw 1 Card
[] Drew card from deck: Charlestone ["OP05-038">OP05-038]
RZ1|260|1|OP05-038|0|33|1|5|1|1|0|0|0
RZ1|CHK|260|1|33|6|4|3|1|9|3|1|1|0
RZ1|261|1|Don|4|0|5|9|1|1|0|0|0
RZ1|CHK|261|1|33|6|4|3|0|10|3|1|1|0
[You] Draw 2 Don
[You] Sanji ["OP13-027">OP13-027] attacking Rocks D. Xebec ["OP17-039">OP17-039]
[Opponent] Gloriosa ["OP17-046">OP17-046] Blocks
Sanji ["OP13-027">OP13-027][7000] vs Gloriosa ["OP17-046">OP17-046][1000]
[Opponent] Gloriosa ["OP17-046">OP17-046] Destroyed
RZ1|262|2|OP17-046|2|1|6|9|1|1|0|0|0
RZ1|CHK|262|2|30|4|4|1|0|10|10|1|1|0
RZ1|263|2|OP17-048|1|0|6|10|1|1|0|0|0
RZ1|CHK|263|2|30|3|4|1|0|10|11|1|1|0
[Opponent] Edward Newgate ["OP17-040">OP17-040]: Trash Shiki ["OP17-048">OP17-048]
[Opponent] Edward Newgate ["OP17-040">OP17-040]: Buff Rocks D. Xebec ["OP17-039">OP17-039] 3000 for the Combat
RZ1|264|2|OP17-048|1|1|6|11|1|1|0|0|0
RZ1|CHK|264|2|30|2|4|1|0|10|12|1|1|0
[Opponent] Charlotte Linlin ["OP17-049">OP17-049]: Trash Shiki ["OP17-048">OP17-048]
[Opponent] Charlotte Linlin ["OP17-049">OP17-049]: Buff Charlotte Linlin ["OP17-049">OP17-049] 1000 for the Combat
[You] Attach 1 Don to Monkey D. Luffy ["OP13-001">OP13-001] (1 Total)
RZ1|265|1|Don|5|8|9|9900|1|1|0|0|0
RZ1|CHK|265|1|33|6|4|3|0|9|3|1|1|1
[You] Attach 1 Don to Monkey D. Luffy ["OP13-001">OP13-001] (2 Total)
RZ1|266|1|Don|5|8|9|9901|1|1|0|0|0
RZ1|CHK|266|1|33|6|4|3|0|8|3|1|1|2
[You] Attach 1 Don to Monkey D. Luffy ["OP13-001">OP13-001] (3 Total)
RZ1|267|1|Don|5|7|9|9902|1|1|0|0|0
RZ1|CHK|267|1|33|6|4|3|0|7|3|1|1|3
[You] Monkey D. Luffy ["OP13-001">OP13-001] attacking Rocks D. Xebec ["OP17-039">OP17-039]
Monkey D. Luffy ["OP13-001">OP13-001][8000] vs Rocks D. Xebec ["OP17-039">OP17-039][5000]
Rocks D. Xebec ["OP17-039">OP17-039] hit for 1 damage
RZ1|268|2|OP17-042|3|0|1|2|1|1|0|0|0
RZ1|CHK|268|2|30|3|4|0|0|10|12|1|1|0
[You] Attach 7 Don to Roronoa Zoro ["EB04-007">EB04-007] (7 Total)
RZ1|269|1|Don|5|0|9|200|1|1|0|0|0
RZ1|CHK|269|1|33|6|4|3|0|6|3|1|1|4
RZ1|270|1|Don|5|0|9|201|1|1|0|0|0
RZ1|CHK|270|1|33|6|4|3|0|5|3|1|1|5
RZ1|271|1|Don|5|0|9|202|1|1|0|0|0
RZ1|CHK|271|1|33|6|4|3|0|4|3|1|1|6
RZ1|272|1|Don|5|0|9|203|1|1|0|0|0
RZ1|CHK|272|1|33|6|4|3|0|3|3|1|1|7
RZ1|273|1|Don|5|0|9|204|1|1|0|0|0
RZ1|CHK|273|1|33|6|4|3|0|2|3|1|1|8
RZ1|274|1|Don|5|0|9|205|1|1|0|0|0
RZ1|CHK|274|1|33|6|4|3|0|1|3|1|1|9
RZ1|275|1|Don|5|0|9|206|1|1|0|0|0
RZ1|CHK|275|1|33|6|4|3|0|0|3|1|1|10
[You] Roronoa Zoro ["EB04-007">EB04-007] attacking Rocks D. Xebec ["OP17-039">OP17-039]
Roronoa Zoro ["EB04-007">EB04-007][16000] vs Rocks D. Xebec ["OP17-039">OP17-039][5000]
Rocks D. Xebec ["OP17-039">OP17-039] hit for 1 damage
[Opponent] <b>Downloaded the Combat Log!</b>
GameOver