Version is 1.42c.22
[You] Leader is Monkey D. Luffy ["OP13-001">OP13-001]
RZ1|HDR|1.42c|2|RZ1
RZ1|PLY|1||OP13-001
RZ1|PLY|2||
[Opponent] Leader is Rocks D. Xebec ["OP17-039">OP17-039]
RZ1|1|2|OP17-055|0|41|0|0|0|0|0|0|0
RZ1|CHK|1|2|50|0|0|0|10|0|0|0|1|0
RZ1|2|2|OP17-049|0|25|0|1|0|0|0|0|0
RZ1|CHK|2|2|50|0|0|0|10|0|0|0|1|0
RZ1|3|2|OP17-046|0|21|0|2|0|0|0|0|0
RZ1|CHK|3|2|50|0|0|0|10|0|0|0|1|0
RZ1|4|2|OP17-046|0|20|0|3|0|0|0|0|0
RZ1|CHK|4|2|50|0|0|0|10|0|0|0|1|0
RZ1|5|2|OP17-044|0|20|0|4|0|0|0|0|0
RZ1|CHK|5|2|50|0|0|0|10|0|0|0|1|0
RZ1|6|2|OP17-054|0|16|0|5|0|0|0|0|0
RZ1|CHK|6|2|50|0|0|0|10|0|0|0|1|0
RZ1|7|2|OP17-118|0|37|0|6|0|0|0|0|0
RZ1|CHK|7|2|50|0|0|0|10|0|0|0|1|0
RZ1|8|2|OP17-040|0|30|0|7|0|0|0|0|0
RZ1|CHK|8|2|50|0|0|0|10|0|0|0|1|0
RZ1|9|2|OP17-045|0|15|0|8|0|0|0|0|0
RZ1|CHK|9|2|50|0|0|0|10|0|0|0|1|0
RZ1|10|2|OP17-042|0|20|0|9|0|0|0|0|0
RZ1|CHK|10|2|50|0|0|0|10|0|0|0|1|0
RZ1|11|2|OP17-042|0|21|0|10|0|0|0|0|0
RZ1|CHK|11|2|50|0|0|0|10|0|0|0|1|0
RZ1|12|2|OP17-045|0|17|0|11|0|0|0|0|0
RZ1|CHK|12|2|50|0|0|0|10|0|0|0|1|0
RZ1|13|2|OP17-048|0|33|0|12|0|0|0|0|0
RZ1|CHK|13|2|50|0|0|0|10|0|0|0|1|0
RZ1|14|2|OP17-048|0|35|0|13|0|0|0|0|0
RZ1|CHK|14|2|50|0|0|0|10|0|0|0|1|0
RZ1|15|2|OP17-056|0|45|0|14|0|0|0|0|0
RZ1|CHK|15|2|50|0|0|0|10|0|0|0|1|0
RZ1|16|2|OP17-050|0|17|0|15|0|0|0|0|0
RZ1|CHK|16|2|50|0|0|0|10|0|0|0|1|0
RZ1|17|2|OP17-043|0|28|0|16|0|0|0|0|0
RZ1|CHK|17|2|50|0|0|0|10|0|0|0|1|0
RZ1|18|2|OP17-049|0|31|0|17|0|0|0|0|0
RZ1|CHK|18|2|50|0|0|0|10|0|0|0|1|0
RZ1|19|2|OP17-054|0|23|0|18|0|0|0|0|0
RZ1|CHK|19|2|50|0|0|0|10|0|0|0|1|0
RZ1|20|2|OP17-054|0|25|0|19|0|0|0|0|0
RZ1|CHK|20|2|50|0|0|0|10|0|0|0|1|0
RZ1|21|2|OP17-057|0|49|0|20|0|0|0|0|0
RZ1|CHK|21|2|50|0|0|0|10|0|0|0|1|0
RZ1|22|2|OP17-118|0|40|0|21|0|0|0|0|0
RZ1|CHK|22|2|50|0|0|0|10|0|0|0|1|0
RZ1|23|2|OP08-051|0|23|0|22|0|0|0|0|0
RZ1|CHK|23|2|50|0|0|0|10|0|0|0|1|0
RZ1|24|2|OP17-056|0|47|0|23|0|0|0|0|0
RZ1|CHK|24|2|50|0|0|0|10|0|0|0|1|0
RZ1|25|2|OP17-050|0|25|0|24|0|0|0|0|0
RZ1|CHK|25|2|50|0|0|0|10|0|0|0|1|0
RZ1|26|2|OP17-045|0|27|0|25|0|0|0|0|0
RZ1|CHK|26|2|50|0|0|0|10|0|0|0|1|0
RZ1|27|2|OP17-043|0|33|0|26|0|0|0|0|0
RZ1|CHK|27|2|50|0|0|0|10|0|0|0|1|0
RZ1|28|2|OP17-056|0|46|0|27|0|0|0|0|0
RZ1|CHK|28|2|50|0|0|0|10|0|0|0|1|0
RZ1|29|2|OP17-118|0|43|0|28|0|0|0|0|0
RZ1|CHK|29|2|50|0|0|0|10|0|0|0|1|0
RZ1|30|2|OP17-040|0|40|0|30|0|0|0|0|0
RZ1|CHK|30|2|50|0|0|0|10|0|0|0|1|0
RZ1|31|2|OP17-049|0|37|0|31|0|0|0|0|0
RZ1|CHK|31|2|50|0|0|0|10|0|0|0|1|0
RZ1|32|2|OP17-055|0|46|0|32|0|0|0|0|0
RZ1|CHK|32|2|50|0|0|0|10|0|0|0|1|0
RZ1|33|2|OP17-046|0|38|0|33|0|0|0|0|0
RZ1|CHK|33|2|50|0|0|0|10|0|0|0|1|0
RZ1|34|2|OP17-040|0|41|0|35|0|0|0|0|0
RZ1|CHK|34|2|50|0|0|0|10|0|0|0|1|0
RZ1|35|2|OP17-048|0|43|0|36|0|0|0|0|0
RZ1|CHK|35|2|50|0|0|0|10|0|0|0|1|0
RZ1|36|2|OP17-057|0|49|0|37|0|0|0|0|0
RZ1|CHK|36|2|50|0|0|0|10|0|0|0|1|0
RZ1|37|2|OP17-055|0|47|0|38|0|0|0|0|0
RZ1|CHK|37|2|50|0|0|0|10|0|0|0|1|0
RZ1|38|2|OP17-049|0|43|0|39|0|0|0|0|0
RZ1|CHK|38|2|50|0|0|0|10|0|0|0|1|0
RZ1|39|2|OP17-055|0|47|0|40|0|0|0|0|0
RZ1|CHK|39|2|50|0|0|0|10|0|0|0|1|0
RZ1|40|2|OP17-118|0|47|0|42|0|0|0|0|0
RZ1|CHK|40|2|50|0|0|0|10|0|0|0|1|0
RZ1|41|2|OP17-057|0|49|0|43|0|0|0|0|0
RZ1|CHK|41|2|50|0|0|0|10|0|0|0|1|0
RZ1|42|2|OP17-056|0|49|0|44|0|0|0|0|0
RZ1|CHK|42|2|50|0|0|0|10|0|0|0|1|0
RZ1|43|2|OP17-040|0|48|0|45|0|0|0|0|0
RZ1|CHK|43|2|50|0|0|0|10|0|0|0|1|0
RZ1|44|2|OP17-048|0|49|0|46|0|0|0|0|0
RZ1|CHK|44|2|50|0|0|0|10|0|0|0|1|0
RZ1|45|2|OP17-044|0|48|0|47|0|0|0|0|0
RZ1|CHK|45|2|50|0|0|0|10|0|0|0|1|0
[] Drew card from deck: Sanji ["OP13-027">OP13-027]
RZ1|46|1|OP13-027|0|49|1|0|1|1|0|0|0
RZ1|CHK|46|1|49|1|0|0|10|0|0|0|1|0
[] Drew card from deck: Laboon ["OP15-035">OP15-035]
RZ1|47|1|OP15-035|0|48|1|1|1|1|0|0|0
RZ1|CHK|47|1|48|2|0|0|10|0|0|0|1|0
[] Drew card from deck: Roronoa Zoro ["OP13-037">OP13-037]
RZ1|48|1|OP13-037|0|47|1|2|1|1|0|0|0
RZ1|CHK|48|1|47|3|0|0|10|0|0|0|1|0
[] Drew card from deck: Laboon ["OP15-035">OP15-035]
RZ1|49|1|OP15-035|0|46|1|3|1|1|0|0|0
RZ1|CHK|49|1|46|4|0|0|10|0|0|0|1|0
[] Drew card from deck: Usopp ["OP14-022">OP14-022]
RZ1|50|1|OP14-022|0|45|1|4|1|1|0|0|0
RZ1|CHK|50|1|45|5|0|0|10|0|0|0|1|0
[] Drew card from deck: Gloriosa ["OP17-046">OP17-046]
RZ1|51|2|OP17-046|0|49|1|0|1|1|0|0|0
RZ1|CHK|51|2|49|1|0|0|10|0|0|0|1|0
[] Drew card from deck: Kaido ["OP17-042">OP17-042]
RZ1|52|2|OP17-042|0|48|1|1|1|1|0|0|0
RZ1|CHK|52|2|48|2|0|0|10|0|0|0|1|0
[] Drew card from deck: Captain John ["OP17-044">OP17-044]
RZ1|53|2|OP17-044|0|47|1|2|1|1|0|0|0
RZ1|CHK|53|2|47|3|0|0|10|0|0|0|1|0
[] Drew card from deck: Shiki ["OP17-048">OP17-048]
RZ1|54|2|OP17-048|0|46|1|3|1|1|0|0|0
RZ1|CHK|54|2|46|4|0|0|10|0|0|0|1|0
[] Drew card from deck: Edward Newgate ["OP17-040">OP17-040]
RZ1|55|2|OP17-040|0|45|1|4|1|1|0|0|0
RZ1|CHK|55|2|45|5|0|0|10|0|0|0|1|0
RZ1|56|1|EB04-007|0|44|3|0|1|0|0|0|0
RZ1|CHK|56|1|44|5|0|1|10|0|0|0|1|0
RZ1|57|1|OP14-022|0|43|3|1|1|0|0|0|0
RZ1|CHK|57|1|43|5|0|2|10|0|0|0|1|0
RZ1|58|1|OP01-016|0|42|3|2|1|0|0|0|0
RZ1|CHK|58|1|42|5|0|3|10|0|0|0|1|0
RZ1|59|1|OP13-027|0|41|3|3|1|0|0|0|0
RZ1|CHK|59|1|41|5|0|4|10|0|0|0|1|0
RZ1|60|2|OP17-046|1|0|0|45|0|0|0|0|0
RZ1|CHK|60|2|46|4|0|0|10|0|0|0|1|0
RZ1|61|2|OP17-042|1|0|0|46|0|0|0|0|0
RZ1|CHK|61|2|47|3|0|0|10|0|0|0|1|0
RZ1|62|2|OP17-044|1|0|0|47|0|0|0|0|0
RZ1|CHK|62|2|48|2|0|0|10|0|0|0|1|0
RZ1|63|2|OP17-048|1|0|0|48|0|0|0|0|0
RZ1|CHK|63|2|49|1|0|0|10|0|0|0|1|0
RZ1|64|2|OP17-040|1|0|0|49|0|0|0|0|0
RZ1|CHK|64|2|50|0|0|0|10|0|0|0|1|0
RZ1|65|2|OP17-050|0|34|0|0|0|0|0|0|0
RZ1|CHK|65|2|50|0|0|0|10|0|0|0|1|0
RZ1|66|2|OP17-055|0|40|0|1|0|0|0|0|0
RZ1|CHK|66|2|50|0|0|0|10|0|0|0|1|0
RZ1|67|2|OP17-045|0|10|0|2|0|0|0|0|0
RZ1|CHK|67|2|50|0|0|0|10|0|0|0|1|0
RZ1|68|2|OP17-049|0|4|0|3|0|0|0|0|0
RZ1|CHK|68|2|50|0|0|0|10|0|0|0|1|0
RZ1|69|2|OP17-040|0|36|0|4|0|0|0|0|0
RZ1|CHK|69|2|50|0|0|0|10|0|0|0|1|0
RZ1|70|2|OP17-049|0|20|0|5|0|0|0|0|0
RZ1|CHK|70|2|50|0|0|0|10|0|0|0|1|0
RZ1|71|2|OP17-048|0|48|0|6|0|0|0|0|0
RZ1|CHK|71|2|50|0|0|0|10|0|0|0|1|0
RZ1|72|2|OP17-044|0|10|0|7|0|0|0|0|0
RZ1|CHK|72|2|50|0|0|0|10|0|0|0|1|0
RZ1|73|2|OP17-054|0|23|0|8|0|0|0|0|0
RZ1|CHK|73|2|50|0|0|0|10|0|0|0|1|0
RZ1|74|2|OP17-045|0|17|0|9|0|0|0|0|0
RZ1|CHK|74|2|50|0|0|0|10|0|0|0|1|0
RZ1|75|2|OP17-048|0|19|0|10|0|0|0|0|0
RZ1|CHK|75|2|50|0|0|0|10|0|0|0|1|0
RZ1|76|2|OP17-045|0|29|0|11|0|0|0|0|0
RZ1|CHK|76|2|50|0|0|0|10|0|0|0|1|0
RZ1|77|2|OP08-051|0|33|0|13|0|0|0|0|0
RZ1|CHK|77|2|50|0|0|0|10|0|0|0|1|0
RZ1|78|2|OP17-118|0|43|0|14|0|0|0|0|0
RZ1|CHK|78|2|50|0|0|0|10|0|0|0|1|0
RZ1|79|2|OP17-056|0|23|0|15|0|0|0|0|0
RZ1|CHK|79|2|50|0|0|0|10|0|0|0|1|0
RZ1|80|2|OP17-042|0|47|0|16|0|0|0|0|0
RZ1|CHK|80|2|50|0|0|0|10|0|0|0|1|0
RZ1|81|2|OP17-050|0|32|0|17|0|0|0|0|0
RZ1|CHK|81|2|50|0|0|0|10|0|0|0|1|0
RZ1|82|2|OP17-040|0|49|0|18|0|0|0|0|0
RZ1|CHK|82|2|50|0|0|0|10|0|0|0|1|0
RZ1|83|2|OP17-043|0|34|0|19|0|0|0|0|0
RZ1|CHK|83|2|50|0|0|0|10|0|0|0|1|0
RZ1|84|2|OP17-054|0|30|0|20|0|0|0|0|0
RZ1|CHK|84|2|50|0|0|0|10|0|0|0|1|0
RZ1|85|2|OP17-057|0|31|0|21|0|0|0|0|0
RZ1|CHK|85|2|50|0|0|0|10|0|0|0|1|0
RZ1|86|2|OP17-055|0|39|0|22|0|0|0|0|0
RZ1|CHK|86|2|50|0|0|0|10|0|0|0|1|0
RZ1|87|2|OP17-049|0|44|0|23|0|0|0|0|0
RZ1|CHK|87|2|50|0|0|0|10|0|0|0|1|0
RZ1|88|2|OP17-044|0|49|0|24|0|0|0|0|0
RZ1|CHK|88|2|50|0|0|0|10|0|0|0|1|0
RZ1|89|2|OP17-042|0|30|0|25|0|0|0|0|0
RZ1|CHK|89|2|50|0|0|0|10|0|0|0|1|0
RZ1|90|2|OP17-057|0|44|0|26|0|0|0|0|0
RZ1|CHK|90|2|50|0|0|0|10|0|0|0|1|0
RZ1|91|2|OP17-046|0|28|0|27|0|0|0|0|0
RZ1|CHK|91|2|50|0|0|0|10|0|0|0|1|0
RZ1|92|2|OP17-046|0|49|0|28|0|0|0|0|0
RZ1|CHK|92|2|50|0|0|0|10|0|0|0|1|0
RZ1|93|2|OP17-050|0|35|0|29|0|0|0|0|0
RZ1|CHK|93|2|50|0|0|0|10|0|0|0|1|0
RZ1|94|2|OP17-056|0|39|0|30|0|0|0|0|0
RZ1|CHK|94|2|50|0|0|0|10|0|0|0|1|0
RZ1|95|2|OP17-054|0|47|0|31|0|0|0|0|0
RZ1|CHK|95|2|50|0|0|0|10|0|0|0|1|0
RZ1|96|2|OP17-056|0|41|0|32|0|0|0|0|0
RZ1|CHK|96|2|50|0|0|0|10|0|0|0|1|0
RZ1|97|2|OP17-118|0|42|0|33|0|0|0|0|0
RZ1|CHK|97|2|50|0|0|0|10|0|0|0|1|0
RZ1|98|2|OP17-040|0|37|0|34|0|0|0|0|0
RZ1|CHK|98|2|50|0|0|0|10|0|0|0|1|0
RZ1|99|2|OP17-048|0|46|0|35|0|0|0|0|0
RZ1|CHK|99|2|50|0|0|0|10|0|0|0|1|0
RZ1|100|2|OP17-049|0|45|0|36|0|0|0|0|0
RZ1|CHK|100|2|50|0|0|0|10|0|0|0|1|0
RZ1|101|2|OP17-040|0|45|0|37|0|0|0|0|0
RZ1|CHK|101|2|50|0|0|0|10|0|0|0|1|0
RZ1|102|2|OP17-048|0|42|0|38|0|0|0|0|0
RZ1|CHK|102|2|50|0|0|0|10|0|0|0|1|0
RZ1|103|2|OP17-042|0|42|0|41|0|0|0|0|0
RZ1|CHK|103|2|50|0|0|0|10|0|0|0|1|0
RZ1|104|2|OP17-057|0|48|0|42|0|0|0|0|0
RZ1|CHK|104|2|50|0|0|0|10|0|0|0|1|0
RZ1|105|2|OP17-046|0|47|0|43|0|0|0|0|0
RZ1|CHK|105|2|50|0|0|0|10|0|0|0|1|0
RZ1|106|2|OP17-055|0|48|0|44|0|0|0|0|0
RZ1|CHK|106|2|50|0|0|0|10|0|0|0|1|0
RZ1|107|2|OP17-118|0|47|0|45|0|0|0|0|0
RZ1|CHK|107|2|50|0|0|0|10|0|0|0|1|0
RZ1|108|2|OP17-056|0|49|0|46|0|0|0|0|0
RZ1|CHK|108|2|50|0|0|0|10|0|0|0|1|0
[] Drew card from deck: Buckin ["OP08-051">OP08-051]
RZ1|109|2|OP08-051|0|49|1|0|1|1|0|0|0
RZ1|CHK|109|2|49|1|0|0|10|0|0|0|1|0
[] Drew card from deck: Ganzui ["OP17-043">OP17-043]
RZ1|110|2|OP17-043|0|48|1|1|1|1|0|0|0
RZ1|CHK|110|2|48|2|0|0|10|0|0|0|1|0
[] Drew card from deck: Rocks D. Xebec ["OP17-118">OP17-118]
RZ1|111|2|OP17-118|0|47|1|2|1|1|0|0|0
RZ1|CHK|111|2|47|3|0|0|10|0|0|0|1|0
[] Drew card from deck: Rocks Pirates ["OP17-056">OP17-056]
RZ1|112|2|OP17-056|0|46|1|3|1|1|0|0|0
RZ1|CHK|112|2|46|4|0|0|10|0|0|0|1|0
[] Drew card from deck: Rocks D. Xebec ["OP17-118">OP17-118]
RZ1|113|2|OP17-118|0|45|1|4|1|1|0|0|0
RZ1|CHK|113|2|45|5|0|0|10|0|0|0|1|0
RZ1|114|2|OP17-055|0|44|3|0|0|1|0|0|0
RZ1|CHK|114|2|44|5|0|1|10|0|0|0|1|0
RZ1|115|2|OP17-046|0|43|3|1|0|1|0|0|0
RZ1|CHK|115|2|43|5|0|2|10|0|0|0|1|0
RZ1|116|2|OP17-057|0|42|3|2|0|1|0|0|0
RZ1|CHK|116|2|42|5|0|3|10|0|0|0|1|0
RZ1|117|2|OP17-042|0|41|3|3|0|1|0|0|0
RZ1|CHK|117|2|41|5|0|4|10|0|0|0|1|0
RZ1|118|2|OP17-054|0|40|3|4|0|1|0|0|0
RZ1|CHK|118|2|40|5|0|5|10|0|0|0|1|0
[] Hand after Mulligan: [OP08-051,OP17-043,OP17-118,OP17-056,OP17-118]
[Opponent] Mulligan
[] Hand: [OP13-027,OP15-035,OP13-037,OP15-035,OP14-022]
[] Board: []
[] Trash: []
[] Life: 4
[] Hand: [OP08-051,OP17-043,OP17-118,OP17-056,OP17-118]
[] Trash: []
[] Board: []
[] Life: 5
RZ1|119|1|Don|4|9|5|0|1|1|0|0|0
RZ1|CHK|119|1|41|5|0|4|9|1|0|0|1|0
[You] Draw 1 Don
RZ1|120|1|Don|5|0|9|9900|1|1|0|0|0
RZ1|CHK|120|1|41|5|0|4|9|0|0|0|1|1
[You] Attach 1 Don to Monkey D. Luffy ["OP13-001">OP13-001] (1 Total)
[] Hand: [OP13-027,OP15-035,OP13-037,OP15-035,OP14-022]
[] Board: []
[] Trash: []
[] Life: 4
[] Hand: [OP08-051,OP17-043,OP17-118,OP17-056,OP17-118]
[] Trash: []
[] Board: []
[] Life: 5
[You] End Turn
[] Hand: [OP08-051,OP17-043,OP17-118,OP17-056,OP17-118]
[] Board: []
[] Trash: []
[] Life: 5
[] Hand: [OP13-027,OP15-035,OP13-037,OP15-035,OP14-022]
[] Trash: []
[] Board: []
[] Life: 4
[Opponent] Draw 1 Card
[] Drew card from deck: Gloriosa ["OP17-046">OP17-046]
RZ1|121|2|OP17-046|0|39|1|5|1|1|0|0|0
RZ1|CHK|121|2|39|6|0|5|10|0|0|0|1|0
RZ1|122|2|Don|4|9|5|0|1|1|0|0|0
RZ1|CHK|122|2|39|6|0|5|9|1|0|0|1|0
RZ1|123|2|Don|4|8|5|1|1|1|0|0|0
RZ1|CHK|123|2|39|6|0|5|8|2|0|0|1|0
[Opponent] Draw 2 Don
[] Hand: [OP08-051,OP17-043,OP17-118,OP17-056,OP17-118,OP17-046]
[] Board: []
[] Trash: []
[] Life: 5
[] Hand: [OP13-027,OP15-035,OP13-037,OP15-035,OP14-022]
[] Trash: []
[] Board: []
[] Life: 4
[Opponent] End Turn
[] Hand: [OP13-027,OP15-035,OP13-037,OP15-035,OP14-022]
[] Board: []
[] Trash: []
[] Life: 4
[] Hand: [OP08-051,OP17-043,OP17-118,OP17-056,OP17-118,OP17-046]
[] Trash: []
[] Board: []
[] Life: 5
RZ1|124|1|Don|9|9900|5|0|1|1|1|0|0
RZ1|CHK|124|1|41|5|0|4|9|1|0|0|1|0
[You] Draw 1 Card
[] Drew card from deck: Nami ["OP01-016">OP01-016]
RZ1|125|1|OP01-016|0|40|1|5|1|1|0|0|0
RZ1|CHK|125|1|40|6|0|4|9|1|0|0|1|0
RZ1|126|1|Don|4|8|5|1|1|1|0|0|0
RZ1|CHK|126|1|40|6|0|4|8|2|0|0|1|0
RZ1|127|1|Don|4|7|5|2|1|1|0|0|0
RZ1|CHK|127|1|40|6|0|4|7|3|0|0|1|0
[You] Draw 2 Don
RZ1|128|1|Don|5|0|9|9900|1|1|0|0|0
RZ1|CHK|128|1|40|6|0|4|7|2|0|0|1|1
RZ1|129|1|Don|5|0|9|9901|1|1|0|0|0
RZ1|CHK|129|1|40|6|0|4|7|1|0|0|1|2
[You] Attach 2 Don to Monkey D. Luffy ["OP13-001">OP13-001] (2 Total)
[You] Monkey D. Luffy ["OP13-001">OP13-001] attacking Rocks D. Xebec ["OP17-039">OP17-039]
Monkey D. Luffy ["OP13-001">OP13-001][7000] vs Rocks D. Xebec ["OP17-039">OP17-039][5000]
Rocks D. Xebec ["OP17-039">OP17-039] hit for 1 damage
RZ1|130|2|OP17-054|3|4|1|6|1|1|0|0|0
RZ1|CHK|130|2|39|7|0|4|8|2|0|0|1|0
RZ1|131|1|Don|5|0|5|0|1|1|1|0|0
RZ1|CHK|131|1|40|6|0|4|7|1|0|0|1|2
[You] Deploy Nami ["OP01-016">OP01-016]
RZ1|132|1|OP01-016|1|5|2|0|1|1|0|0|0
RZ1|CHK|132|1|40|5|1|4|7|1|0|0|1|2
[You] Nami ["OP01-016">OP01-016]: <b>Reveal and Draw Monkey D. Luffy ["OP13-118">OP13-118]</b>
RZ1|133|1|OP13-118|0|38|1|5|1|1|0|0|0
RZ1|CHK|133|1|39|6|1|4|7|1|0|0|1|2
RZ1|134|1|OP05-038|0|38|0|0|0|0|0|0|0
RZ1|CHK|134|1|39|6|1|4|7|1|0|0|1|2
RZ1|135|1|OP16-004|0|38|0|0|0|0|0|0|0
RZ1|CHK|135|1|39|6|1|4|7|1|0|0|1|2
RZ1|136|1|OP01-016|0|38|0|0|0|0|0|0|0
RZ1|CHK|136|1|39|6|1|4|7|1|0|0|1|2
RZ1|137|1|OP13-118|0|38|0|0|0|0|0|0|0
RZ1|CHK|137|1|39|6|1|4|7|1|0|0|1|2
[] Hand: [OP13-027,OP15-035,OP13-037,OP15-035,OP14-022,OP13-118]
[] Board: [OP01-016]
[] Trash: []
[] Life: 4
[] Hand: [OP08-051,OP17-043,OP17-118,OP17-056,OP17-118,OP17-046,OP17-054]
[] Trash: []
[] Board: []
[] Life: 4
[You] End Turn
[] Hand: [OP08-051,OP17-043,OP17-118,OP17-056,OP17-118,OP17-046,OP17-054]
[] Board: []
[] Trash: []
[] Life: 4
[] Hand: [OP13-027,OP15-035,OP13-037,OP15-035,OP14-022,OP13-118]
[] Trash: []
[] Board: [OP01-016]
[] Life: 4
[Opponent] Draw 1 Card
[] Drew card from deck: Shiki ["OP17-048">OP17-048]
RZ1|138|2|OP17-048|0|38|1|7|1|1|0|0|0
RZ1|CHK|138|2|38|8|0|4|8|2|0|0|1|0
RZ1|139|2|Don|4|7|5|2|1|1|0|0|0
RZ1|CHK|139|2|38|8|0|4|7|3|0|0|1|0
RZ1|140|2|Don|4|6|5|3|1|1|0|0|0
RZ1|CHK|140|2|38|8|0|4|6|4|0|0|1|0
[Opponent] Draw 2 Don
RZ1|141|2|Don|5|0|5|0|1|1|1|0|0
RZ1|CHK|141|2|38|8|0|4|6|4|0|0|1|0
RZ1|142|2|Don|5|1|5|1|1|1|1|0|0
RZ1|CHK|142|2|38|8|0|4|6|4|0|0|1|0
RZ1|143|2|Don|5|2|5|2|1|1|1|0|0
RZ1|CHK|143|2|38|8|0|4|6|4|0|0|1|0
RZ1|144|2|Don|5|3|5|3|1|1|1|0|0
RZ1|CHK|144|2|38|8|0|4|6|4|0|0|1|0
[Opponent] Deploy Gloriosa ["OP17-046">OP17-046]
RZ1|145|2|OP17-046|1|5|2|0|1|1|0|0|0
RZ1|CHK|145|2|38|7|1|4|6|4|0|0|1|0
[Opponent] Gloriosa ["OP17-046">OP17-046]: Send Nami ["OP01-016">OP01-016] to Deck Bottom
RZ1|146|1|OP01-016|2|0|0|0|0|0|0|0|0
RZ1|CHK|146|1|40|6|0|4|7|1|0|0|1|2
[Opponent] Rocks D. Xebec ["OP17-039">OP17-039] attacking Monkey D. Luffy ["OP13-001">OP13-001]
RZ1|147|2|OP17-043|1|1|6|0|1|1|0|0|0
RZ1|CHK|147|2|38|6|1|4|6|4|1|0|1|0
[Opponent] Rocks D. Xebec ["OP17-039">OP17-039]: Trash Ganzui ["OP17-043">OP17-043]
RZ1|148|2|OP17-040|0|37|0|37|0|0|0|0|0
RZ1|CHK|148|2|38|6|1|4|6|4|1|0|1|0
[Opponent] Rocks D. Xebec ["OP17-039">OP17-039] revealed: Edward Newgate ["OP17-040">OP17-040]
[] Drew card from deck: Edward Newgate ["OP17-040">OP17-040]
RZ1|149|2|OP17-040|0|37|1|6|1|1|0|0|0
RZ1|CHK|149|2|37|7|1|4|6|4|1|0|1|0
[] Drew card from deck: Charlotte Linlin ["OP17-049">OP17-049]
RZ1|150|2|OP17-049|0|36|1|7|1|1|0|0|0
RZ1|CHK|150|2|36|8|1|4|6|4|1|0|1|0
[Opponent] Rocks D. Xebec ["OP17-039">OP17-039]: Draw 2 Card
[You] Discard Usopp ["OP14-022">OP14-022] for Counter 1000
RZ1|151|1|OP14-022|1|4|6|0|1|1|0|0|0
RZ1|CHK|151|1|40|5|0|4|7|1|1|0|1|2
Rocks D. Xebec ["OP17-039">OP17-039][5000] vs Monkey D. Luffy ["OP13-001">OP13-001][6000]
Attack Fails
[] Hand: [OP08-051,OP17-118,OP17-056,OP17-118,OP17-054,OP17-048,OP17-040,OP17-049]
[] Board: [OP17-046]
[] Trash: [OP17-043]
[] Life: 4
[] Hand: [OP13-027,OP15-035,OP13-037,OP15-035,OP13-118]
[] Trash: [OP14-022]
[] Board: []
[] Life: 4
[Opponent] End Turn
[] Hand: [OP13-027,OP15-035,OP13-037,OP15-035,OP13-118]
[] Board: []
[] Trash: [OP14-022]
[] Life: 4
[] Hand: [OP08-051,OP17-118,OP17-056,OP17-118,OP17-054,OP17-048,OP17-040,OP17-049]
[] Trash: [OP17-043]
[] Board: [OP17-046]
[] Life: 4
RZ1|152|1|Don|9|9900|5|0|1|1|1|0|0
RZ1|CHK|152|1|40|5|0|4|7|2|1|0|1|1
RZ1|153|1|Don|9|9900|5|0|1|1|1|0|0
RZ1|CHK|153|1|40|5|0|4|7|3|1|0|1|0
[You] Draw 1 Card
[] Drew card from deck: Charlestone ["OP05-038">OP05-038]
RZ1|154|1|OP05-038|0|39|1|5|1|1|0|0|0
RZ1|CHK|154|1|39|6|0|4|7|3|1|0|1|0
RZ1|155|1|Don|4|6|5|3|1|1|0|0|0
RZ1|CHK|155|1|39|6|0|4|6|4|1|0|1|0
RZ1|156|1|Don|4|5|5|4|1|1|0|0|0
RZ1|CHK|156|1|39|6|0|4|5|5|1|0|1|0
[You] Draw 2 Don
RZ1|157|1|Don|5|0|5|0|1|1|1|0|0
RZ1|CHK|157|1|39|6|0|4|5|5|1|0|1|0
RZ1|158|1|Don|5|1|5|1|1|1|1|0|0
RZ1|CHK|158|1|39|6|0|4|5|5|1|0|1|0
RZ1|159|1|Don|5|2|5|2|1|1|1|0|0
RZ1|CHK|159|1|39|6|0|4|5|5|1|0|1|0
RZ1|160|1|Don|5|3|5|3|1|1|1|0|0
RZ1|CHK|160|1|39|6|0|4|5|5|1|0|1|0
RZ1|161|1|Don|5|4|5|4|1|1|1|0|0
RZ1|CHK|161|1|39|6|0|4|5|5|1|0|1|0
[You] Deploy Sanji ["OP13-027">OP13-027]
RZ1|162|1|OP13-027|1|0|2|0|1|1|0|0|0
RZ1|CHK|162|1|39|5|1|4|5|5|1|0|1|0
[You] Sanji ["OP13-027">OP13-027]: Activate 1 Don
RZ1|163|1|Don|5|4|5|4|1|1|0|0|0
RZ1|CHK|163|1|39|5|1|4|5|5|1|0|1|0
[You] Sanji ["OP13-027">OP13-027]: Activate 1 Don
RZ1|164|1|Don|5|3|5|3|1|1|0|0|0
RZ1|CHK|164|1|39|5|1|4|5|5|1|0|1|0
RZ1|165|1|Don|5|3|9|9900|1|1|0|0|0
RZ1|CHK|165|1|39|5|1|4|5|4|1|0|1|1
RZ1|166|1|Don|5|3|9|9901|1|1|0|0|0
RZ1|CHK|166|1|39|5|1|4|5|3|1|0|1|2
[You] Attach 2 Don to Monkey D. Luffy ["OP13-001">OP13-001] (2 Total)
[You] Monkey D. Luffy ["OP13-001">OP13-001] attacking Rocks D. Xebec ["OP17-039">OP17-039]
Monkey D. Luffy ["OP13-001">OP13-001][7000] vs Rocks D. Xebec ["OP17-039">OP17-039][5000]
Rocks D. Xebec ["OP17-039">OP17-039] hit for 1 damage
RZ1|167|2|OP17-042|3|3|1|8|1|1|0|0|0
RZ1|CHK|167|2|36|9|1|3|6|4|1|0|1|0
[You] Sanji ["OP13-027">OP13-027]: Activate 1 Don
RZ1|168|1|Don|5|2|5|2|1|1|0|0|0
RZ1|CHK|168|1|39|5|1|4|5|3|1|0|1|2
[] Hand: [OP15-035,OP13-037,OP15-035,OP13-118,OP05-038]
[] Board: [OP13-027]
[] Trash: [OP14-022]
[] Life: 4
[] Hand: [OP08-051,OP17-118,OP17-056,OP17-118,OP17-054,OP17-048,OP17-040,OP17-049,OP17-042]
[] Trash: [OP17-043]
[] Board: [OP17-046]
[] Life: 3
[You] End Turn
[] Hand: [OP08-051,OP17-118,OP17-056,OP17-118,OP17-054,OP17-048,OP17-040,OP17-049,OP17-042]
[] Board: [OP17-046]
[] Trash: [OP17-043]
[] Life: 3
[] Hand: [OP15-035,OP13-037,OP15-035,OP13-118,OP05-038]
[] Trash: [OP14-022]
[] Board: [OP13-027]
[] Life: 4
[Opponent] Draw 1 Card
[] Drew card from deck: Shiki ["OP17-048">OP17-048]
RZ1|169|2|OP17-048|0|35|1|9|1|1|0|0|0
RZ1|CHK|169|2|35|10|1|3|6|4|1|0|1|0
RZ1|170|2|Don|4|5|5|4|1|1|0|0|0
RZ1|CHK|170|2|35|10|1|3|5|5|1|0|1|0
RZ1|171|2|Don|4|4|5|5|1|1|0|0|0
RZ1|CHK|171|2|35|10|1|3|4|6|1|0|1|0
[Opponent] Draw 2 Don
RZ1|172|2|Don|5|0|5|0|1|1|1|0|0
RZ1|CHK|172|2|35|10|1|3|4|6|1|0|1|0
RZ1|173|2|Don|5|1|5|1|1|1|1|0|0
RZ1|CHK|173|2|35|10|1|3|4|6|1|0|1|0
RZ1|174|2|Don|5|2|5|2|1|1|1|0|0
RZ1|CHK|174|2|35|10|1|3|4|6|1|0|1|0
[Opponent] Deploy Stussy ["OP17-054">OP17-054]
RZ1|175|2|OP17-054|1|4|2|1|1|1|0|0|0
RZ1|CHK|175|2|35|9|2|3|4|6|1|0|1|0
[Opponent] Stussy ["OP17-054">OP17-054]: Sanji ["OP13-027">OP13-027] can't attack next turn
[Opponent] Attach 3 Don to Rocks D. Xebec ["OP17-039">OP17-039] (3 Total)
RZ1|176|2|Don|5|3|9|9900|1|1|0|0|0
RZ1|CHK|176|2|35|9|2|3|4|5|1|0|1|1
RZ1|177|2|Don|5|3|9|9901|1|1|0|0|0
RZ1|CHK|177|2|35|9|2|3|4|4|1|0|1|2
RZ1|178|2|Don|5|3|9|9902|1|1|0|0|0
RZ1|CHK|178|2|35|9|2|3|4|3|1|0|1|3
[Opponent] Rocks D. Xebec ["OP17-039">OP17-039] attacking Monkey D. Luffy ["OP13-001">OP13-001]
RZ1|179|2|OP17-042|1|7|6|1|1|1|0|0|0
RZ1|CHK|179|2|35|8|2|3|4|3|2|0|1|3
[Opponent] Rocks D. Xebec ["OP17-039">OP17-039]: Trash Kaido ["OP17-042">OP17-042]
RZ1|180|2|OP17-040|0|34|0|34|0|0|0|0|0
RZ1|CHK|180|2|35|8|2|3|4|3|2|0|1|3
[Opponent] Rocks D. Xebec ["OP17-039">OP17-039] revealed: Edward Newgate ["OP17-040">OP17-040]
[] Drew card from deck: Edward Newgate ["OP17-040">OP17-040]
RZ1|181|2|OP17-040|0|34|1|8|1|1|0|0|0
RZ1|CHK|181|2|34|9|2|3|4|3|2|0|1|3
[] Drew card from deck: Rocks D. Xebec ["OP17-118">OP17-118]
RZ1|182|2|OP17-118|0|33|1|9|1|1|0|0|0
RZ1|CHK|182|2|33|10|2|3|4|3|2|0|1|3
[Opponent] Rocks D. Xebec ["OP17-039">OP17-039]: Draw 2 Card
Rocks D. Xebec ["OP17-039">OP17-039][8000] vs Monkey D. Luffy ["OP13-001">OP13-001][5000]
Monkey D. Luffy ["OP13-001">OP13-001] hit for 1 damage
RZ1|183|1|OP13-027|3|3|1|5|1|1|0|0|0
RZ1|CHK|183|1|39|6|1|3|5|3|1|0|1|2
[] Hand: [OP08-051,OP17-118,OP17-056,OP17-118,OP17-048,OP17-040,OP17-049,OP17-048,OP17-040,OP17-118]
[] Board: [OP17-046,OP17-054]
[] Trash: [OP17-043,OP17-042]
[] Life: 3
[] Hand: [OP15-035,OP13-037,OP15-035,OP13-118,OP05-038,OP13-027]
[] Trash: [OP14-022]
[] Board: [OP13-027]
[] Life: 3
[Opponent] End Turn
[] Hand: [OP15-035,OP13-037,OP15-035,OP13-118,OP05-038,OP13-027]
[] Board: [OP13-027]
[] Trash: [OP14-022]
[] Life: 3
[] Hand: [OP08-051,OP17-118,OP17-056,OP17-118,OP17-048,OP17-040,OP17-049,OP17-048,OP17-040,OP17-118]
[] Trash: [OP17-043,OP17-042]
[] Board: [OP17-046,OP17-054]
[] Life: 3
RZ1|184|1|Don|9|9900|5|0|1|1|1|0|0
RZ1|CHK|184|1|39|6|1|3|5|4|1|0|1|1
RZ1|185|1|Don|9|9900|5|0|1|1|1|0|0
RZ1|CHK|185|1|39|6|1|3|5|5|1|0|1|0
[You] Draw 1 Card
[] Drew card from deck: Roronoa Zoro ["OP13-037">OP13-037]
RZ1|186|1|OP13-037|0|38|1|6|1|1|0|0|0
RZ1|CHK|186|1|38|7|1|3|5|5|1|0|1|0
RZ1|187|1|Don|4|4|5|5|1|1|0|0|0
RZ1|CHK|187|1|38|7|1|3|4|6|1|0|1|0
RZ1|188|1|Don|4|3|5|6|1|1|0|0|0
RZ1|CHK|188|1|38|7|1|3|3|7|1|0|1|0
[You] Draw 2 Don
RZ1|189|1|Don|5|0|9|9900|1|1|0|0|0
RZ1|CHK|189|1|38|7|1|3|3|6|1|0|1|1
[You] Attach 1 Don to Monkey D. Luffy ["OP13-001">OP13-001] (1 Total)
[You] Monkey D. Luffy ["OP13-001">OP13-001] attacking Rocks D. Xebec ["OP17-039">OP17-039]
[Opponent] Rocks Pirates ["OP17-056">OP17-056]: Activate Counter
RZ1|190|2|OP17-056|1|2|6|2|1|1|0|0|0
RZ1|CHK|190|2|33|9|2|3|4|3|3|0|1|3
[Opponent] Rocks Pirates ["OP17-056">OP17-056]: Buff Rocks D. Xebec ["OP17-039">OP17-039] 2000 for the Combat
Monkey D. Luffy ["OP13-001">OP13-001][6000] vs Rocks D. Xebec ["OP17-039">OP17-039][7000]
Attack Fails
RZ1|191|1|Don|5|0|5|0|1|1|1|0|0
RZ1|CHK|191|1|38|7|1|3|3|6|1|0|1|1
RZ1|192|1|Don|5|1|5|1|1|1|1|0|0
RZ1|CHK|192|1|38|7|1|3|3|6|1|0|1|1
RZ1|193|1|Don|5|2|5|2|1|1|1|0|0
RZ1|CHK|193|1|38|7|1|3|3|6|1|0|1|1
RZ1|194|1|Don|5|3|5|3|1|1|1|0|0
RZ1|CHK|194|1|38|7|1|3|3|6|1|0|1|1
RZ1|195|1|Don|5|4|5|4|1|1|1|0|0
RZ1|CHK|195|1|38|7|1|3|3|6|1|0|1|1
[You] Deploy Sanji ["OP13-027">OP13-027]
RZ1|196|1|OP13-027|1|5|2|1|1|1|0|0|0
RZ1|CHK|196|1|38|6|2|3|3|6|1|0|1|1
[You] Sanji ["OP13-027">OP13-027]: Activate 1 Don
RZ1|197|1|Don|5|4|5|4|1|1|0|0|0
RZ1|CHK|197|1|38|6|2|3|3|6|1|0|1|1
[You] Sanji ["OP13-027">OP13-027]: Activate 1 Don
RZ1|198|1|Don|5|3|5|3|1|1|0|0|0
RZ1|CHK|198|1|38|6|2|3|3|6|1|0|1|1
[You] Sanji ["OP13-027">OP13-027]: Activate 1 Don
RZ1|199|1|Don|5|2|5|2|1|1|0|0|0
RZ1|CHK|199|1|38|6|2|3|3|6|1|0|1|1
[You] Sanji ["OP13-027">OP13-027]: Activate 1 Don
RZ1|200|1|Don|5|1|5|1|1|1|0|0|0
RZ1|CHK|200|1|38|6|2|3|3|6|1|0|1|1
[You] Sanji ["OP13-027">OP13-027] is no longer blocked from attacking
[] Hand: [OP15-035,OP13-037,OP15-035,OP13-118,OP05-038,OP13-037]
[] Board: [OP13-027,OP13-027]
[] Trash: [OP14-022]
[] Life: 3
[] Hand: [OP08-051,OP17-118,OP17-118,OP17-048,OP17-040,OP17-049,OP17-048,OP17-040,OP17-118]
[] Trash: [OP17-043,OP17-042,OP17-056]
[] Board: [OP17-046,OP17-054]
[] Life: 3
[You] End Turn
[] Hand: [OP08-051,OP17-118,OP17-118,OP17-048,OP17-040,OP17-049,OP17-048,OP17-040,OP17-118]
[] Board: [OP17-046,OP17-054]
[] Trash: [OP17-043,OP17-042,OP17-056]
[] Life: 3
[] Hand: [OP15-035,OP13-037,OP15-035,OP13-118,OP05-038,OP13-037]
[] Trash: [OP14-022]
[] Board: [OP13-027,OP13-027]
[] Life: 3
RZ1|201|2|Don|9|9900|5|0|1|1|1|0|0
RZ1|CHK|201|2|33|9|2|3|4|4|3|0|1|2
RZ1|202|2|Don|9|9900|5|0|1|1|1|0|0
RZ1|CHK|202|2|33|9|2|3|4|5|3|0|1|1
RZ1|203|2|Don|9|9900|5|0|1|1|1|0|0
RZ1|CHK|203|2|33|9|2|3|4|6|3|0|1|0
[Opponent] Draw 1 Card
[] Drew card from deck: Rocks Pirates ["OP17-056">OP17-056]
RZ1|204|2|OP17-056|0|32|1|9|1|1|0|0|0
RZ1|CHK|204|2|32|10|2|3|4|6|3|0|1|0
RZ1|205|2|Don|4|3|5|6|1|1|0|0|0
RZ1|CHK|205|2|32|10|2|3|3|7|3|0|1|0
RZ1|206|2|Don|4|2|5|7|1|1|0|0|0
RZ1|CHK|206|2|32|10|2|3|2|8|3|0|1|0
[Opponent] Draw 2 Don
RZ1|207|2|Don|5|0|5|0|1|1|1|0|0
RZ1|CHK|207|2|32|10|2|3|2|8|3|0|1|0
RZ1|208|2|Don|5|1|5|1|1|1|1|0|0
RZ1|CHK|208|2|32|10|2|3|2|8|3|0|1|0
RZ1|209|2|Don|5|2|5|2|1|1|1|0|0
RZ1|CHK|209|2|32|10|2|3|2|8|3|0|1|0
RZ1|210|2|Don|5|3|5|3|1|1|1|0|0
RZ1|CHK|210|2|32|10|2|3|2|8|3|0|1|0
RZ1|211|2|Don|5|4|5|4|1|1|1|0|0
RZ1|CHK|211|2|32|10|2|3|2|8|3|0|1|0
[Opponent] Deploy Charlotte Linlin ["OP17-049">OP17-049]
RZ1|212|2|OP17-049|1|5|2|2|1|1|0|0|0
RZ1|CHK|212|2|32|9|3|3|2|8|3|0|1|0
[Opponent] Forcing opponent to resolve Card Action!
RZ1|213|1|OP15-035|1|0|6|1|1|1|0|0|0
RZ1|CHK|213|1|38|5|2|3|3|6|2|0|1|1
[You] Charlotte Linlin ["OP17-049">OP17-049]: Trash Laboon ["OP15-035">OP15-035]
RZ1|214|1|OP15-035|1|1|6|2|1|1|0|0|0
RZ1|CHK|214|1|38|4|2|3|3|6|3|0|1|1
[You] Charlotte Linlin ["OP17-049">OP17-049]: Trash Laboon ["OP15-035">OP15-035]
[Opponent] Attach 1 Don to Stussy ["OP17-054">OP17-054] (1 Total)
RZ1|215|2|Don|5|7|9|100|1|1|0|0|0
RZ1|CHK|215|2|32|9|3|3|2|7|3|0|1|1
[Opponent] Stussy ["OP17-054">OP17-054] attacking Monkey D. Luffy ["OP13-001">OP13-001]
Stussy ["OP17-054">OP17-054][6000] vs Monkey D. Luffy ["OP13-001">OP13-001][5000]
Monkey D. Luffy ["OP13-001">OP13-001] hit for 1 damage
RZ1|216|1|OP01-016|3|2|1|4|1|1|0|0|0
RZ1|CHK|216|1|38|5|2|2|3|6|3|0|1|1
[Opponent] Attach 1 Don to Rocks D. Xebec ["OP17-039">OP17-039] (1 Total)
RZ1|217|2|Don|5|6|9|9900|1|1|0|0|0
RZ1|CHK|217|2|32|9|3|3|2|6|3|0|1|2
[Opponent] Attach 1 Don to Rocks D. Xebec ["OP17-039">OP17-039] (2 Total)
RZ1|218|2|Don|5|5|9|9901|1|1|0|0|0
RZ1|CHK|218|2|32|9|3|3|2|5|3|0|1|3
[Opponent] Rocks D. Xebec ["OP17-039">OP17-039] attacking Monkey D. Luffy ["OP13-001">OP13-001]
RZ1|219|2|OP17-048|1|5|6|3|1|1|0|0|0
RZ1|CHK|219|2|32|8|3|3|2|5|4|0|1|3
[Opponent] Rocks D. Xebec ["OP17-039">OP17-039]: Trash Shiki ["OP17-048">OP17-048]
RZ1|220|2|OP17-054|0|31|0|31|0|0|0|0|0
RZ1|CHK|220|2|32|8|3|3|2|5|4|0|1|3
[Opponent] Rocks D. Xebec ["OP17-039">OP17-039] revealed: Stussy ["OP17-054">OP17-054]
[] Drew card from deck: Stussy ["OP17-054">OP17-054]
RZ1|221|2|OP17-054|0|31|1|8|1|1|0|0|0
RZ1|CHK|221|2|31|9|3|3|2|5|4|0|1|3
[] Drew card from deck: Rocks Pirates ["OP17-056">OP17-056]
RZ1|222|2|OP17-056|0|30|1|9|1|1|0|0|0
RZ1|CHK|222|2|30|10|3|3|2|5|4|0|1|3
[Opponent] Rocks D. Xebec ["OP17-039">OP17-039]: Draw 2 Card
[You] Charlestone ["OP05-038">OP05-038]: Activate Counter
[You] Charlestone ["OP05-038">OP05-038]: Rest 2 Don
RZ1|223|1|Don|5|1|5|1|1|1|1|0|0
RZ1|CHK|223|1|38|5|2|2|3|6|3|0|1|1
RZ1|224|1|Don|5|2|5|2|1|1|1|0|0
RZ1|CHK|224|1|38|5|2|2|3|6|3|0|1|1
RZ1|225|1|OP05-038|1|2|6|3|1|1|0|0|0
RZ1|CHK|225|1|38|4|2|2|3|6|4|0|1|1
[You] Charlestone ["OP05-038">OP05-038]: Buff Monkey D. Luffy ["OP13-001">OP13-001] 4000 for the Combat
Rocks D. Xebec ["OP17-039">OP17-039][7000] vs Monkey D. Luffy ["OP13-001">OP13-001][9000]
Attack Fails
[] Hand: [OP08-051,OP17-118,OP17-118,OP17-048,OP17-040,OP17-040,OP17-118,OP17-056,OP17-054,OP17-056]
[] Board: [OP17-046,OP17-054,OP17-049]
[] Trash: [OP17-043,OP17-042,OP17-056,OP17-048]
[] Life: 3
[] Hand: [OP13-037,OP13-118,OP13-037,OP01-016]
[] Trash: [OP14-022,OP15-035,OP15-035,OP05-038]
[] Board: [OP13-027,OP13-027]
[] Life: 2
[Opponent] End Turn
[] Hand: [OP13-037,OP13-118,OP13-037,OP01-016]
[] Board: [OP13-027,OP13-027]
[] Trash: [OP14-022,OP15-035,OP15-035,OP05-038]
[] Life: 2
[] Hand: [OP08-051,OP17-118,OP17-118,OP17-048,OP17-040,OP17-040,OP17-118,OP17-056,OP17-054,OP17-056]
[] Trash: [OP17-043,OP17-042,OP17-056,OP17-048]
[] Board: [OP17-046,OP17-054,OP17-049]
[] Life: 3
RZ1|226|1|Don|9|9900|5|0|1|1|1|0|0
RZ1|CHK|226|1|38|4|2|2|3|7|4|0|1|0
[You] Draw 1 Card
[] Drew card from deck: Thousand Sunny ["ST31-005">ST31-005]
RZ1|227|1|ST31-005|0|37|1|4|1|1|0|0|0
RZ1|CHK|227|1|37|5|2|2|3|7|4|0|1|0
RZ1|228|1|Don|4|2|5|7|1|1|0|0|0
RZ1|CHK|228|1|37|5|2|2|2|8|4|0|1|0
RZ1|229|1|Don|4|1|5|8|1|1|0|0|0
RZ1|CHK|229|1|37|5|2|2|1|9|4|0|1|0
[You] Draw 2 Don
[You] Monkey D. Luffy ["OP13-001">OP13-001] attacking Rocks D. Xebec ["OP17-039">OP17-039]
[Opponent] Discard Buckin ["OP08-051">OP08-051] for Counter 1000
RZ1|230|2|OP08-051|1|0|6|4|1|1|0|0|0
RZ1|CHK|230|2|30|9|3|3|2|5|5|0|1|3
Monkey D. Luffy ["OP13-001">OP13-001][5000] vs Rocks D. Xebec ["OP17-039">OP17-039][6000]
Attack Fails
[You] Sanji ["OP13-027">OP13-027] attacking Rocks D. Xebec ["OP17-039">OP17-039]
Sanji ["OP13-027">OP13-027][7000] vs Rocks D. Xebec ["OP17-039">OP17-039][5000]
Rocks D. Xebec ["OP17-039">OP17-039] hit for 1 damage
RZ1|231|2|OP17-057|3|2|1|9|1|1|0|0|0
RZ1|CHK|231|2|30|10|3|2|2|5|5|0|1|3
RZ1|232|1|Don|5|0|9|9900|1|1|0|0|0
RZ1|CHK|232|1|37|5|2|2|1|8|4|0|1|1
[You] Attach 1 Don to Monkey D. Luffy ["OP13-001">OP13-001] (1 Total)
[You] Sanji ["OP13-027">OP13-027] attacking Rocks D. Xebec ["OP17-039">OP17-039]
RZ1|233|2|OP17-057|1|9|6|5|1|1|0|0|0
RZ1|CHK|233|2|30|9|3|2|2|5|6|0|1|3
[Opponent] Charlotte Linlin ["OP17-049">OP17-049]: Trash Fullalead ["OP17-057">OP17-057]
[Opponent] Charlotte Linlin ["OP17-049">OP17-049]: Buff Rocks D. Xebec ["OP17-039">OP17-039] 1000 for the Combat
[Opponent] Rocks Pirates ["OP17-056">OP17-056]: Activate Counter
RZ1|234|2|OP17-056|1|8|6|6|1|1|0|0|0
RZ1|CHK|234|2|30|8|3|2|2|5|7|0|1|3
[Opponent] Rocks Pirates ["OP17-056">OP17-056]: Buff Rocks D. Xebec ["OP17-039">OP17-039] 2000 for the Combat
Sanji ["OP13-027">OP13-027][7000] vs Rocks D. Xebec ["OP17-039">OP17-039][8000]
Attack Fails
RZ1|235|1|Don|5|0|5|0|1|1|1|0|0
RZ1|CHK|235|1|37|5|2|2|1|8|4|0|1|1
RZ1|236|1|Don|5|1|5|1|1|1|1|0|0
RZ1|CHK|236|1|37|5|2|2|1|8|4|0|1|1
RZ1|237|1|Don|5|2|5|2|1|1|1|0|0
RZ1|CHK|237|1|37|5|2|2|1|8|4|0|1|1
RZ1|238|1|Don|5|3|5|3|1|1|1|0|0
RZ1|CHK|238|1|37|5|2|2|1|8|4|0|1|1
RZ1|239|1|Don|5|4|5|4|1|1|1|0|0
RZ1|CHK|239|1|37|5|2|2|1|8|4|0|1|1
RZ1|240|1|Don|5|5|5|5|1|1|1|0|0
RZ1|CHK|240|1|37|5|2|2|1|8|4|0|1|1
[You] Deploy Monkey D. Luffy ["OP13-118">OP13-118]
RZ1|241|1|OP13-118|1|1|2|2|1|1|0|0|0
RZ1|CHK|241|1|37|4|3|2|1|8|4|0|1|1
[You] Monkey D. Luffy ["OP13-118">OP13-118]: Activate 1 Don
RZ1|242|1|Don|5|5|5|5|1|1|0|0|0
RZ1|CHK|242|1|37|4|3|2|1|8|4|0|1|1
[You] Monkey D. Luffy ["OP13-118">OP13-118]: Activate 1 Don
RZ1|243|1|Don|5|4|5|4|1|1|0|0|0
RZ1|CHK|243|1|37|4|3|2|1|8|4|0|1|1
[You] Monkey D. Luffy ["OP13-118">OP13-118]: Activate 1 Don
RZ1|244|1|Don|5|3|5|3|1|1|0|0|0
RZ1|CHK|244|1|37|4|3|2|1|8|4|0|1|1
[You] Monkey D. Luffy ["OP13-118">OP13-118]: Activate 1 Don
RZ1|245|1|Don|5|2|5|2|1|1|0|0|0
RZ1|CHK|245|1|37|4|3|2|1|8|4|0|1|1
[You] Monkey D. Luffy ["OP13-118">OP13-118]: Can't play Cost 5 Or More Characters for the Turn!
RZ1|246|1|Don|5|2|5|2|1|1|1|0|0
RZ1|CHK|246|1|37|4|3|2|1|8|4|0|1|1
[You] Deploy Thousand Sunny ["ST31-005">ST31-005]
RZ1|247|1|ST31-005|1|3|7|0|1|1|0|0|0
RZ1|CHK|247|1|37|3|3|2|1|8|4|1|1|1
RZ1|248|1|OP13-118|0|36|1|3|1|1|0|0|0
RZ1|CHK|248|1|36|4|3|2|1|8|4|1|1|1
[You] Thousand Sunny ["ST31-005">ST31-005]: <b>Reveal and Draw Monkey D. Luffy ["OP13-118">OP13-118]</b>
[You] Placing Cards on Bottom of Deck
RZ1|249|1|OP13-027|0|35|0|0|0|0|0|0|0
RZ1|CHK|249|1|36|4|3|2|1|8|4|1|1|1
RZ1|250|1|EB04-007|0|35|0|0|0|0|0|0|0
RZ1|CHK|250|1|36|4|3|2|1|8|4|1|1|1
RZ1|251|1|EB02-017|0|35|0|0|0|0|0|0|0
RZ1|CHK|251|1|36|4|3|2|1|8|4|1|1|1
RZ1|252|1|ST31-005|0|35|0|0|0|0|0|0|0
RZ1|CHK|252|1|36|4|3|2|1|8|4|1|1|1
RZ1|253|1|Don|5|3|5|3|1|1|1|0|0
RZ1|CHK|253|1|36|4|3|2|1|8|4|1|1|1
RZ1|254|1|Don|5|4|5|4|1|1|1|0|0
RZ1|CHK|254|1|36|4|3|2|1|8|4|1|1|1
RZ1|255|1|Don|5|5|5|5|1|1|1|0|0
RZ1|CHK|255|1|36|4|3|2|1|8|4|1|1|1
RZ1|256|1|Don|5|6|5|6|1|1|1|0|0
RZ1|CHK|256|1|36|4|3|2|1|8|4|1|1|1
[You] Deploy Roronoa Zoro ["OP13-037">OP13-037]
RZ1|257|1|OP13-037|1|0|2|3|1|1|0|0|0
RZ1|CHK|257|1|36|3|4|2|1|8|4|1|1|1
[You] Roronoa Zoro ["OP13-037">OP13-037]: Activate 1 Don
RZ1|258|1|Don|5|6|5|6|1|1|0|0|0
RZ1|CHK|258|1|36|3|4|2|1|8|4|1|1|1
[You] Roronoa Zoro ["OP13-037">OP13-037]: Activate 1 Don
RZ1|259|1|Don|5|5|5|5|1|1|0|0|0
RZ1|CHK|259|1|36|3|4|2|1|8|4|1|1|1
RZ1|260|1|Don|5|5|5|5|1|1|1|0|0
RZ1|CHK|260|1|36|3|4|2|1|8|4|1|1|1
[You] Deploy Nami ["OP01-016">OP01-016]
RZ1|261|1|OP01-016|1|1|2|4|1|1|0|0|0
RZ1|CHK|261|1|36|2|5|2|1|8|4|1|1|1
[You] Nami ["OP01-016">OP01-016]: <b>Reveal and Draw Brook ["OP15-032">OP15-032]</b>
RZ1|262|1|OP15-032|0|35|1|2|1|1|0|0|0
RZ1|CHK|262|1|35|3|5|2|1|8|4|1|1|1
RZ1|263|1|EB04-007|0|34|0|0|0|0|0|0|0
RZ1|CHK|263|1|35|3|5|2|1|8|4|1|1|1
RZ1|264|1|OP15-035|0|34|0|0|0|0|0|0|0
RZ1|CHK|264|1|35|3|5|2|1|8|4|1|1|1
RZ1|265|1|OP14-022|0|34|0|0|0|0|0|0|0
RZ1|CHK|265|1|35|3|5|2|1|8|4|1|1|1
RZ1|266|1|OP14-022|0|34|0|0|0|0|0|0|0
RZ1|CHK|266|1|35|3|5|2|1|8|4|1|1|1
[You] Roronoa Zoro ["OP13-037">OP13-037]: Set Roronoa Zoro ["OP13-037">OP13-037] to Active
[You] Sanji ["OP13-027">OP13-027]: Activate 1 Don
RZ1|267|1|Don|5|5|5|5|1|1|0|0|0
RZ1|CHK|267|1|35|3|5|2|1|8|4|1|1|1
[You] Sanji ["OP13-027">OP13-027]: Activate 1 Don
RZ1|268|1|Don|5|4|5|4|1|1|0|0|0
RZ1|CHK|268|1|35|3|5|2|1|8|4|1|1|1
[] Hand: [OP13-037,OP13-118,OP15-032]
[] Board: [OP13-027,OP13-027,OP13-118,OP13-037,OP01-016]
[] Trash: [OP14-022,OP15-035,OP15-035,OP05-038]
[] Life: 2
[] Hand: [OP17-118,OP17-118,OP17-048,OP17-040,OP17-040,OP17-118,OP17-056,OP17-054]
[] Trash: [OP17-043,OP17-042,OP17-056,OP17-048,OP08-051,OP17-057,OP17-056]
[] Board: [OP17-046,OP17-054,OP17-049]
[] Life: 2
[You] End Turn
[] Hand: [OP17-118,OP17-118,OP17-048,OP17-040,OP17-040,OP17-118,OP17-056,OP17-054]
[] Board: [OP17-046,OP17-054,OP17-049]
[] Trash: [OP17-043,OP17-042,OP17-056,OP17-048,OP08-051,OP17-057,OP17-056]
[] Life: 2
[] Hand: [OP13-037,OP13-118,OP15-032]
[] Trash: [OP14-022,OP15-035,OP15-035,OP05-038]
[] Board: [OP13-027,OP13-027,OP13-118,OP13-037,OP01-016]
[] Life: 2
RZ1|269|2|Don|9|9900|5|0|1|1|1|0|0
RZ1|CHK|269|2|30|8|3|2|2|6|7|0|1|2
RZ1|270|2|Don|9|9900|5|0|1|1|1|0|0
RZ1|CHK|270|2|30|8|3|2|2|7|7|0|1|1
RZ1|271|2|Don|9|100|5|0|1|1|1|0|0
RZ1|CHK|271|2|30|8|3|2|2|8|7|0|1|0
[Opponent] Draw 1 Card
[] Drew card from deck: Streusen ["OP17-050">OP17-050]
RZ1|272|2|OP17-050|0|29|1|8|1|1|0|0|0
RZ1|CHK|272|2|29|9|3|2|2|8|7|0|1|0
RZ1|273|2|Don|4|1|5|8|1|1|0|0|0
RZ1|CHK|273|2|29|9|3|2|1|9|7|0|1|0
RZ1|274|2|Don|4|0|5|9|1|1|0|0|0
RZ1|CHK|274|2|29|9|3|2|0|10|7|0|1|0
[Opponent] Draw 2 Don
[Opponent] Stussy ["OP17-054">OP17-054] attacking Monkey D. Luffy ["OP13-001">OP13-001]
[You] Discard Roronoa Zoro ["OP13-037">OP13-037] for Counter 1000
RZ1|275|1|OP13-037|1|0|6|4|1|1|0|0|0
RZ1|CHK|275|1|35|2|5|2|1|8|5|1|1|1
Stussy ["OP17-054">OP17-054][5000] vs Monkey D. Luffy ["OP13-001">OP13-001][6000]
Attack Fails
[Opponent] Charlotte Linlin ["OP17-049">OP17-049] attacking Monkey D. Luffy ["OP13-001">OP13-001]
Charlotte Linlin ["OP17-049">OP17-049][7000] vs Monkey D. Luffy ["OP13-001">OP13-001][5000]
Monkey D. Luffy ["OP13-001">OP13-001] hit for 1 damage
RZ1|276|1|OP14-022|3|1|1|2|1|1|0|0|0
RZ1|CHK|276|1|35|3|5|1|1|8|5|1|1|1
[Opponent] Rocks D. Xebec ["OP17-039">OP17-039] attacking Monkey D. Luffy ["OP13-001">OP13-001]
RZ1|277|2|OP17-050|1|8|6|7|1|1|0|0|0
RZ1|CHK|277|2|29|8|3|2|0|10|8|0|1|0
[Opponent] Rocks D. Xebec ["OP17-039">OP17-039]: Trash Streusen ["OP17-050">OP17-050]
RZ1|278|2|OP17-046|0|28|0|28|0|0|0|0|0
RZ1|CHK|278|2|29|8|3|2|0|10|8|0|1|0
[Opponent] Rocks D. Xebec ["OP17-039">OP17-039] revealed: Gloriosa ["OP17-046">OP17-046]
[] Drew card from deck: Gloriosa ["OP17-046">OP17-046]
RZ1|279|2|OP17-046|0|28|1|8|1|1|0|0|0
RZ1|CHK|279|2|28|9|3|2|0|10|8|0|1|0
[] Drew card from deck: Gloriosa ["OP17-046">OP17-046]
RZ1|280|2|OP17-046|0|27|1|9|1|1|0|0|0
RZ1|CHK|280|2|27|10|3|2|0|10|8|0|1|0
[Opponent] Rocks D. Xebec ["OP17-039">OP17-039]: Draw 2 Card
[You] Discard Usopp ["OP14-022">OP14-022] for Counter 1000
RZ1|281|1|OP14-022|1|2|6|5|1|1|0|0|0
RZ1|CHK|281|1|35|2|5|1|1|8|6|1|1|1
Rocks D. Xebec ["OP17-039">OP17-039][5000] vs Monkey D. Luffy ["OP13-001">OP13-001][6000]
Attack Fails
RZ1|282|2|Don|5|0|5|0|1|1|1|0|0
RZ1|CHK|282|2|27|10|3|2|0|10|8|0|1|0
RZ1|283|2|Don|5|1|5|1|1|1|1|0|0
RZ1|CHK|283|2|27|10|3|2|0|10|8|0|1|0
RZ1|284|2|Don|5|2|5|2|1|1|1|0|0
RZ1|CHK|284|2|27|10|3|2|0|10|8|0|1|0
RZ1|285|2|Don|5|3|5|3|1|1|1|0|0
RZ1|CHK|285|2|27|10|3|2|0|10|8|0|1|0
RZ1|286|2|Don|5|4|5|4|1|1|1|0|0
RZ1|CHK|286|2|27|10|3|2|0|10|8|0|1|0
RZ1|287|2|Don|5|5|5|5|1|1|1|0|0
RZ1|CHK|287|2|27|10|3|2|0|10|8|0|1|0
RZ1|288|2|Don|5|6|5|6|1|1|1|0|0
RZ1|CHK|288|2|27|10|3|2|0|10|8|0|1|0
RZ1|289|2|Don|5|7|5|7|1|1|1|0|0
RZ1|CHK|289|2|27|10|3|2|0|10|8|0|1|0
RZ1|290|2|Don|5|8|5|8|1|1|1|0|0
RZ1|CHK|290|2|27|10|3|2|0|10|8|0|1|0
RZ1|291|2|Don|5|9|5|9|1|1|1|0|0
RZ1|CHK|291|2|27|10|3|2|0|10|8|0|1|0
[Opponent] Deploy Rocks D. Xebec ["OP17-118">OP17-118]
RZ1|292|2|OP17-118|1|5|2|3|1|1|0|0|0
RZ1|CHK|292|2|27|9|4|2|0|10|8|0|1|0
[] Drew card from deck: Fullalead ["OP17-057">OP17-057]
RZ1|293|2|OP17-057|0|26|1|9|1|1|0|0|0
RZ1|CHK|293|2|26|10|4|2|0|10|8|0|1|0
[Opponent] Rocks D. Xebec ["OP17-118">OP17-118]: Draw 1 Card
RZ1|294|2|OP17-040|1|4|2|4|1|1|0|0|0
RZ1|CHK|294|2|26|9|5|2|0|10|8|0|1|0
[Opponent] Rocks D. Xebec ["OP17-118">OP17-118]: Deploy Edward Newgate ["OP17-040">OP17-040]
RZ1|295|2|OP17-054|2|1|6|8|1|1|0|0|0
RZ1|CHK|295|2|26|9|4|2|0|10|9|0|1|0
[Opponent] Trash Stussy ["OP17-054">OP17-054]
RZ1|296|2|OP17-054|1|5|2|4|1|1|0|0|0
RZ1|CHK|296|2|26|8|5|2|0|10|9|0|1|0
[Opponent] Rocks D. Xebec ["OP17-118">OP17-118]: Deploy Stussy ["OP17-054">OP17-054]
[Opponent] Stussy ["OP17-054">OP17-054]: Monkey D. Luffy ["OP13-118">OP13-118] can't attack next turn
[] Drew card from deck: Kaido ["OP17-042">OP17-042]
RZ1|297|2|OP17-042|0|25|1|8|1|1|0|0|0
RZ1|CHK|297|2|25|9|5|2|0|10|9|0|1|0
[Opponent] Edward Newgate ["OP17-040">OP17-040]: Draw 1 Card
[] Hand: [OP17-118,OP17-118,OP17-048,OP17-040,OP17-056,OP17-046,OP17-046,OP17-057,OP17-042]
[] Board: [OP17-046,OP17-049,OP17-118,OP17-040,OP17-054]
[] Trash: [OP17-043,OP17-042,OP17-056,OP17-048,OP08-051,OP17-057,OP17-056,OP17-050,OP17-054]
[] Life: 2
[] Hand: [OP13-118,OP15-032]
[] Trash: [OP14-022,OP15-035,OP15-035,OP05-038,OP13-037,OP14-022]
[] Board: [OP13-027,OP13-027,OP13-118,OP13-037,OP01-016]
[] Life: 1
[Opponent] End Turn
[] Hand: [OP13-118,OP15-032]
[] Board: [OP13-027,OP13-027,OP13-118,OP13-037,OP01-016]
[] Trash: [OP14-022,OP15-035,OP15-035,OP05-038,OP13-037,OP14-022]
[] Life: 1
[] Hand: [OP17-118,OP17-118,OP17-048,OP17-040,OP17-056,OP17-046,OP17-046,OP17-057,OP17-042]
[] Trash: [OP17-043,OP17-042,OP17-056,OP17-048,OP08-051,OP17-057,OP17-056,OP17-050,OP17-054]
[] Board: [OP17-046,OP17-049,OP17-118,OP17-040,OP17-054]
[] Life: 2
RZ1|298|1|Don|9|9900|5|0|1|1|1|0|0
RZ1|CHK|298|1|35|2|5|1|1|9|6|1|1|0
[You] Draw 1 Card
[] Drew card from deck: Nami ["OP14-031">OP14-031]
RZ1|299|1|OP14-031|0|34|1|2|1|1|0|0|0
RZ1|CHK|299|1|34|3|5|1|1|9|6|1|1|0
RZ1|300|1|Don|4|0|5|9|1|1|0|0|0
RZ1|CHK|300|1|34|3|5|1|0|10|6|1|1|0
[You] Draw 2 Don
RZ1|301|1|Don|5|0|5|0|1|1|1|0|0
RZ1|CHK|301|1|34|3|5|1|0|10|6|1|1|0
RZ1|302|1|Don|5|1|5|1|1|1|1|0|0
RZ1|CHK|302|1|34|3|5|1|0|10|6|1|1|0
RZ1|303|1|Don|5|2|5|2|1|1|1|0|0
RZ1|CHK|303|1|34|3|5|1|0|10|6|1|1|0
RZ1|304|1|Don|5|3|5|3|1|1|1|0|0
RZ1|CHK|304|1|34|3|5|1|0|10|6|1|1|0
[You] Trash Nami ["OP01-016">OP01-016]
[You] Deploy Nami ["OP14-031">OP14-031]
RZ1|305|1|OP01-016|2|4|6|6|1|1|0|0|0
RZ1|CHK|305|1|34|3|4|1|0|10|7|1|1|0
RZ1|306|1|OP14-031|1|2|2|4|1|1|0|0|0
RZ1|CHK|306|1|34|2|5|1|0|10|7|1|1|0
[You] Nami ["OP14-031">OP14-031]: Rest Edward Newgate ["OP17-040">OP17-040]
[You] Nami ["OP14-031">OP14-031]: Rest Gloriosa ["OP17-046">OP17-046]
[You] Monkey D. Luffy ["OP13-001">OP13-001] attacking Rocks D. Xebec ["OP17-039">OP17-039]
RZ1|307|2|OP17-057|1|7|6|9|1|1|0|0|0
RZ1|CHK|307|2|25|8|5|2|0|10|10|0|1|0
[Opponent] Charlotte Linlin ["OP17-049">OP17-049]: Trash Fullalead ["OP17-057">OP17-057]
[Opponent] Charlotte Linlin ["OP17-049">OP17-049]: Buff Rocks D. Xebec ["OP17-039">OP17-039] 1000 for the Combat
Monkey D. Luffy ["OP13-001">OP13-001][5000] vs Rocks D. Xebec ["OP17-039">OP17-039][6000]
Attack Fails
RZ1|308|1|Don|5|4|9|300|1|1|0|0|0
RZ1|CHK|308|1|34|2|5|1|0|9|7|1|1|1
RZ1|309|1|Don|5|4|9|301|1|1|0|0|0
RZ1|CHK|309|1|34|2|5|1|0|8|7|1|1|2
[You] Attach 2 Don to Roronoa Zoro ["OP13-037">OP13-037] (2 Total)
RZ1|310|1|Don|5|4|9|0|1|1|0|0|0
RZ1|CHK|310|1|34|2|5|1|0|7|7|1|1|3
RZ1|311|1|Don|5|4|9|1|1|1|0|0|0
RZ1|CHK|311|1|34|2|5|1|0|6|7|1|1|4
[You] Attach 2 Don to Sanji ["OP13-027">OP13-027] (2 Total)
RZ1|312|1|Don|5|4|9|9900|1|1|0|0|0
RZ1|CHK|312|1|34|2|5|1|0|5|7|1|1|5
[You] Attach 1 Don to Monkey D. Luffy ["OP13-001">OP13-001] (1 Total)
[You] Sanji ["OP13-027">OP13-027] attacking Rocks D. Xebec ["OP17-039">OP17-039]
RZ1|313|2|OP17-042|1|7|6|10|1|1|0|0|0
RZ1|CHK|313|2|25|7|5|2|0|10|11|0|1|0
[Opponent] Edward Newgate ["OP17-040">OP17-040]: Trash Kaido ["OP17-042">OP17-042]
[Opponent] Edward Newgate ["OP17-040">OP17-040]: Buff Rocks D. Xebec ["OP17-039">OP17-039] 3000 for the Combat
[Opponent] Rocks Pirates ["OP17-056">OP17-056]: Activate Counter
RZ1|314|2|OP17-056|1|4|6|11|1|1|0|0|0
RZ1|CHK|314|2|25|6|5|2|0|10|12|0|1|0
[Opponent] Rocks Pirates ["OP17-056">OP17-056]: Buff Rocks D. Xebec ["OP17-039">OP17-039] 2000 for the Combat
Sanji ["OP13-027">OP13-027][9000] vs Rocks D. Xebec ["OP17-039">OP17-039][10000]
Attack Fails
[You] Sanji ["OP13-027">OP13-027] attacking Rocks D. Xebec ["OP17-039">OP17-039]
Sanji ["OP13-027">OP13-027][7000] vs Rocks D. Xebec ["OP17-039">OP17-039][5000]
Rocks D. Xebec ["OP17-039">OP17-039] hit for 1 damage
RZ1|315|2|OP17-046|3|1|1|6|1|1|0|0|0
RZ1|CHK|315|2|25|7|5|1|0|10|12|0|1|0
[You] Thousand Sunny ["ST31-005">ST31-005]: Rest Thousand Sunny ["ST31-005">ST31-005]
[You] Thousand Sunny ["ST31-005">ST31-005]: Attach 1 Rested Don to Monkey D. Luffy ["OP13-118">OP13-118]
RZ1|316|1|Don|5|0|9|200|1|1|1|0|0
RZ1|CHK|316|1|34|2|5|1|0|4|7|1|1|6
[You] Roronoa Zoro ["OP13-037">OP13-037] attacking Rocks D. Xebec ["OP17-039">OP17-039]
[Opponent] Discard Rocks D. Xebec ["OP17-118">OP17-118] for Counter 2000
RZ1|317|2|OP17-118|1|1|6|12|1|1|0|0|0
RZ1|CHK|317|2|25|6|5|1|0|10|13|0|1|0
[Opponent] Discard Rocks D. Xebec ["OP17-118">OP17-118] for Counter 2000
RZ1|318|2|OP17-118|1|0|6|13|1|1|0|0|0
RZ1|CHK|318|2|25|5|5|1|0|10|14|0|1|0
Roronoa Zoro ["OP13-037">OP13-037][7000] vs Rocks D. Xebec ["OP17-039">OP17-039][9000]
Attack Fails
[You] Roronoa Zoro ["OP13-037">OP13-037]: Set Roronoa Zoro ["OP13-037">OP13-037] to Active
[You] Sanji ["OP13-027">OP13-027]: Activate 1 Don
RZ1|319|1|Don|5|2|5|2|1|1|0|0|0
RZ1|CHK|319|1|34|2|5|1|0|4|7|1|1|6
[You] Sanji ["OP13-027">OP13-027]: Activate 1 Don
RZ1|320|1|Don|5|1|5|1|1|1|0|0|0
RZ1|CHK|320|1|34|2|5|1|0|4|7|1|1|6
[You] Monkey D. Luffy ["OP13-118">OP13-118] is no longer blocked from attacking
[] Hand: [OP13-118,OP15-032]
[] Board: [OP13-027,OP13-027,OP13-118,OP13-037,OP14-031]
[] Trash: [OP14-022,OP15-035,OP15-035,OP05-038,OP13-037,OP14-022,OP01-016]
[] Life: 1
[] Hand: [OP17-048,OP17-040,OP17-046,OP17-046,OP17-046]
[] Trash: [OP17-043,OP17-042,OP17-056,OP17-048,OP08-051,OP17-057,OP17-056,OP17-050,OP17-054,OP17-057,OP17-042,OP17-056,OP17-118,OP17-118]
[] Board: [OP17-046,OP17-049,OP17-118,OP17-040,OP17-054]
[] Life: 1
[You] End Turn
[] Hand: [OP17-048,OP17-040,OP17-046,OP17-046,OP17-046]
[] Board: [OP17-046,OP17-049,OP17-118,OP17-040,OP17-054]
[] Trash: [OP17-043,OP17-042,OP17-056,OP17-048,OP08-051,OP17-057,OP17-056,OP17-050,OP17-054,OP17-057,OP17-042,OP17-056,OP17-118,OP17-118]
[] Life: 1
[] Hand: [OP13-118,OP15-032]
[] Trash: [OP14-022,OP15-035,OP15-035,OP05-038,OP13-037,OP14-022,OP01-016]
[] Board: [OP13-027,OP13-027,OP13-118,OP13-037,OP14-031]
[] Life: 1
[Opponent] Draw 1 Card
[] Drew card from deck: Captain John ["OP17-044">OP17-044]
RZ1|321|2|OP17-044|0|24|1|5|1|1|0|0|0
RZ1|CHK|321|2|24|6|5|1|0|10|14|0|1|0
[Opponent] Charlotte Linlin ["OP17-049">OP17-049] attacking Monkey D. Luffy ["OP13-001">OP13-001]
[You] Nami ["OP14-031">OP14-031] Blocks
Charlotte Linlin ["OP17-049">OP17-049][7000] vs Nami ["OP14-031">OP14-031][2000]
[You] Nami ["OP14-031">OP14-031] Destroyed
RZ1|322|1|OP14-031|2|4|6|7|1|1|0|0|0
RZ1|CHK|322|1|34|2|4|1|0|4|8|1|1|6
[Opponent] Attach 1 Don to Stussy ["OP17-054">OP17-054] (1 Total)
RZ1|323|2|Don|5|9|9|400|1|1|0|0|0
RZ1|CHK|323|2|24|6|5|1|0|9|14|0|1|1
[Opponent] Attach 1 Don to Stussy ["OP17-054">OP17-054] (2 Total)
RZ1|324|2|Don|5|8|9|401|1|1|0|0|0
RZ1|CHK|324|2|24|6|5|1|0|8|14|0|1|2
[Opponent] Stussy ["OP17-054">OP17-054] attacking Monkey D. Luffy ["OP13-001">OP13-001]
Stussy ["OP17-054">OP17-054][7000] vs Monkey D. Luffy ["OP13-001">OP13-001][5000]
Monkey D. Luffy ["OP13-001">OP13-001] hit for 1 damage
RZ1|325|1|EB04-007|3|0|1|2|1|1|0|0|0
RZ1|CHK|325|1|34|3|4|0|0|4|8|1|1|6
[Opponent] Attach 8 Don to Rocks D. Xebec ["OP17-118">OP17-118] (8 Total)
RZ1|326|2|Don|5|0|9|200|1|1|0|0|0
RZ1|CHK|326|2|24|6|5|1|0|7|14|0|1|3
RZ1|327|2|Don|5|0|9|201|1|1|0|0|0
RZ1|CHK|327|2|24|6|5|1|0|6|14|0|1|4
RZ1|328|2|Don|5|0|9|202|1|1|0|0|0
RZ1|CHK|328|2|24|6|5|1|0|5|14|0|1|5
RZ1|329|2|Don|5|0|9|203|1|1|0|0|0
RZ1|CHK|329|2|24|6|5|1|0|4|14|0|1|6
RZ1|330|2|Don|5|0|9|204|1|1|0|0|0
RZ1|CHK|330|2|24|6|5|1|0|3|14|0|1|7
RZ1|331|2|Don|5|0|9|205|1|1|0|0|0
RZ1|CHK|331|2|24|6|5|1|0|2|14|0|1|8
RZ1|332|2|Don|5|0|9|206|1|1|0|0|0
RZ1|CHK|332|2|24|6|5|1|0|1|14|0|1|9
RZ1|333|2|Don|5|0|9|207|1|1|0|0|0
RZ1|CHK|333|2|24|6|5|1|0|0|14|0|1|10
[Opponent] Rocks D. Xebec ["OP17-118">OP17-118] attacking Monkey D. Luffy ["OP13-001">OP13-001]
Rocks D. Xebec ["OP17-118">OP17-118][20000] vs Monkey D. Luffy ["OP13-001">OP13-001][5000]
Monkey D. Luffy ["OP13-001">OP13-001] hit for 1 damage
[You] <b>Downloaded the Combat Log!</b>
GameOver
