Version is 1.43a.1
[You] Leader is Monkey D. Luffy ["OP13-001">OP13-001]
RZ1|HDR|1.43a|2|RZ1
RZ1|PLY|1||OP13-001
RZ1|PLY|2||
[Opponent] Leader is Dracule Mihawk ["OP14-020">OP14-020]
RZ1|1|2|OP06-038|0|42|0|0|0|0|0|0|0
RZ1|CHK|1|2|50|0|0|0|10|0|0|0|1|0
RZ1|2|2|OP12-023|0|20|0|2|0|0|0|0|0
RZ1|CHK|2|2|50|0|0|0|10|0|0|0|1|0
RZ1|3|2|ST32-002|0|26|0|3|0|0|0|0|0
RZ1|CHK|3|2|50|0|0|0|10|0|0|0|1|0
RZ1|4|2|OP14-023|0|11|0|4|0|0|0|0|0
RZ1|CHK|4|2|50|0|0|0|10|0|0|0|1|0
RZ1|5|2|OP14-039|0|48|0|6|0|0|0|0|0
RZ1|CHK|5|2|50|0|0|0|10|0|0|0|1|0
RZ1|6|2|OP12-023|0|22|0|7|0|0|0|0|0
RZ1|CHK|6|2|50|0|0|0|10|0|0|0|1|0
RZ1|7|2|OP07-022|0|9|0|8|0|0|0|0|0
RZ1|CHK|7|2|50|0|0|0|10|0|0|0|1|0
RZ1|8|2|OP01-055|0|39|0|9|0|0|0|0|0
RZ1|CHK|8|2|50|0|0|0|10|0|0|0|1|0
RZ1|9|2|OP01-055|0|40|0|10|0|0|0|0|0
RZ1|CHK|9|2|50|0|0|0|10|0|0|0|1|0
RZ1|10|2|OP12-023|0|24|0|11|0|0|0|0|0
RZ1|CHK|10|2|50|0|0|0|10|0|0|0|1|0
RZ1|11|2|ST32-002|0|30|0|12|0|0|0|0|0
RZ1|CHK|11|2|50|0|0|0|10|0|0|0|1|0
RZ1|12|2|OP06-033|0|21|0|13|0|0|0|0|0
RZ1|CHK|12|2|50|0|0|0|10|0|0|0|1|0
RZ1|13|2|OP06-038|0|42|0|14|0|0|0|0|0
RZ1|CHK|13|2|50|0|0|0|10|0|0|0|1|0
RZ1|14|2|OP06-033|0|25|0|15|0|0|0|0|0
RZ1|CHK|14|2|50|0|0|0|10|0|0|0|1|0
RZ1|15|2|OP13-031|0|34|0|16|0|0|0|0|0
RZ1|CHK|15|2|50|0|0|0|10|0|0|0|1|0
RZ1|16|2|OP06-038|0|43|0|17|0|0|0|0|0
RZ1|CHK|16|2|50|0|0|0|10|0|0|0|1|0
RZ1|17|2|OP12-034|0|19|0|18|0|0|0|0|0
RZ1|CHK|17|2|50|0|0|0|10|0|0|0|1|0
RZ1|18|2|ST32-002|0|34|0|19|0|0|0|0|0
RZ1|CHK|18|2|50|0|0|0|10|0|0|0|1|0
RZ1|19|2|ST32-001|0|25|0|20|0|0|0|0|0
RZ1|CHK|19|2|50|0|0|0|10|0|0|0|1|0
RZ1|20|2|OP17-022|0|39|0|21|0|0|0|0|0
RZ1|CHK|20|2|50|0|0|0|10|0|0|0|1|0
RZ1|21|2|ST32-001|0|27|0|22|0|0|0|0|0
RZ1|CHK|21|2|50|0|0|0|10|0|0|0|1|0
RZ1|22|2|OP06-033|0|28|0|23|0|0|0|0|0
RZ1|CHK|22|2|50|0|0|0|10|0|0|0|1|0
RZ1|23|2|OP17-031|0|32|0|24|0|0|0|0|0
RZ1|CHK|23|2|50|0|0|0|10|0|0|0|1|0
RZ1|24|2|OP13-040|0|47|0|25|0|0|0|0|0
RZ1|CHK|24|2|50|0|0|0|10|0|0|0|1|0
RZ1|25|2|OP13-040|0|46|0|26|0|0|0|0|0
RZ1|CHK|25|2|50|0|0|0|10|0|0|0|1|0
RZ1|26|2|OP17-031|0|35|0|27|0|0|0|0|0
RZ1|CHK|26|2|50|0|0|0|10|0|0|0|1|0
RZ1|27|2|OP12-023|0|34|0|28|0|0|0|0|0
RZ1|CHK|27|2|50|0|0|0|10|0|0|0|1|0
RZ1|28|2|ST32-003|0|41|0|30|0|0|0|0|0
RZ1|CHK|28|2|50|0|0|0|10|0|0|0|1|0
RZ1|29|2|OP06-033|0|35|0|31|0|0|0|0|0
RZ1|CHK|29|2|50|0|0|0|10|0|0|0|1|0
RZ1|30|2|OP17-022|0|42|0|32|0|0|0|0|0
RZ1|CHK|30|2|50|0|0|0|10|0|0|0|1|0
RZ1|31|2|ST32-002|0|39|0|33|0|0|0|0|0
RZ1|CHK|31|2|50|0|0|0|10|0|0|0|1|0
RZ1|32|2|OP08-036|0|48|0|36|0|0|0|0|0
RZ1|CHK|32|2|50|0|0|0|10|0|0|0|1|0
RZ1|33|2|OP17-031|0|40|0|37|0|0|0|0|0
RZ1|CHK|33|2|50|0|0|0|10|0|0|0|1|0
RZ1|34|2|OP13-031|0|43|0|38|0|0|0|0|0
RZ1|CHK|34|2|50|0|0|0|10|0|0|0|1|0
RZ1|35|2|OP17-031|0|41|0|39|0|0|0|0|0
RZ1|CHK|35|2|50|0|0|0|10|0|0|0|1|0
RZ1|36|2|OP14-039|0|49|0|40|0|0|0|0|0
RZ1|CHK|36|2|50|0|0|0|10|0|0|0|1|0
RZ1|37|2|OP13-031|0|43|0|42|0|0|0|0|0
RZ1|CHK|37|2|50|0|0|0|10|0|0|0|1|0
RZ1|38|2|OP01-055|0|47|0|43|0|0|0|0|0
RZ1|CHK|38|2|50|0|0|0|10|0|0|0|1|0
RZ1|39|2|OP17-022|0|47|0|44|0|0|0|0|0
RZ1|CHK|39|2|50|0|0|0|10|0|0|0|1|0
RZ1|40|2|OP13-040|0|49|0|46|0|0|0|0|0
RZ1|CHK|40|2|50|0|0|0|10|0|0|0|1|0
RZ1|41|2|OP17-022|0|48|0|47|0|0|0|0|0
RZ1|CHK|41|2|50|0|0|0|10|0|0|0|1|0
RZ1|42|2|OP06-038|0|49|0|48|0|0|0|0|0
RZ1|CHK|42|2|50|0|0|0|10|0|0|0|1|0
[] Drew card from deck: Sanji ["ST21-003">ST21-003]
RZ1|43|1|ST21-003|0|49|1|0|1|1|0|0|0
RZ1|CHK|43|1|49|1|0|0|10|0|0|0|1|0
[] Drew card from deck: Curiel ["OP16-004">OP16-004]
RZ1|44|1|OP16-004|0|48|1|1|1|1|0|0|0
RZ1|CHK|44|1|48|2|0|0|10|0|0|0|1|0
[] Drew card from deck: Usopp ["OP14-022">OP14-022]
RZ1|45|1|OP14-022|0|47|1|2|1|1|0|0|0
RZ1|CHK|45|1|47|3|0|0|10|0|0|0|1|0
[] Drew card from deck: Nami ["OP14-031">OP14-031]
RZ1|46|1|OP14-031|0|46|1|3|1|1|0|0|0
RZ1|CHK|46|1|46|4|0|0|10|0|0|0|1|0
[] Drew card from deck: Usopp ["OP14-022">OP14-022]
RZ1|47|1|OP14-022|0|45|1|4|1|1|0|0|0
RZ1|CHK|47|1|45|5|0|0|10|0|0|0|1|0
[] Drew card from deck: Trafalgar Law ["OP13-031">OP13-031]
RZ1|48|2|OP13-031|0|49|1|0|1|1|0|0|0
RZ1|CHK|48|2|49|1|0|0|10|0|0|0|1|0
[] Drew card from deck: Billion-fold World Trichiliocosm ["OP06-038">OP06-038]
RZ1|49|2|OP06-038|0|48|1|1|1|1|0|0|0
RZ1|CHK|49|2|48|2|0|0|10|0|0|0|1|0
[] Drew card from deck: Shanks ["OP17-022">OP17-022]
RZ1|50|2|OP17-022|0|47|1|2|1|1|0|0|0
RZ1|CHK|50|2|47|3|0|0|10|0|0|0|1|0
[] Drew card from deck: I Know You're Strong... So I'll Go All Out ["OP13-040">OP13-040]
RZ1|51|2|OP13-040|0|46|1|3|1|1|0|0|0
RZ1|CHK|51|2|46|4|0|0|10|0|0|0|1|0
[] Drew card from deck: Kin'emon ["ST32-001">ST32-001]
RZ1|52|2|ST32-001|0|45|1|4|1|1|0|0|0
RZ1|CHK|52|2|45|5|0|0|10|0|0|0|1|0
RZ1|53|1|OP15-035|0|44|3|0|1|0|0|0|0
RZ1|CHK|53|1|44|5|0|1|10|0|0|0|1|0
RZ1|54|1|ST31-005|0|43|3|1|1|0|0|0|0
RZ1|CHK|54|1|43|5|0|2|10|0|0|0|1|0
RZ1|55|1|OP13-118|0|42|3|2|1|0|0|0|0
RZ1|CHK|55|1|42|5|0|3|10|0|0|0|1|0
RZ1|56|1|OP13-040|0|41|3|3|1|0|0|0|0
RZ1|CHK|56|1|41|5|0|4|10|0|0|0|1|0
RZ1|57|2|OP17-022|0|44|3|0|0|1|0|0|0
RZ1|CHK|57|2|44|5|0|1|10|0|0|0|1|0
RZ1|58|2|OP01-055|0|43|3|1|0|1|0|0|0
RZ1|CHK|58|2|43|5|0|2|10|0|0|0|1|0
RZ1|59|2|OP13-031|0|42|3|2|0|1|0|0|0
RZ1|CHK|59|2|42|5|0|3|10|0|0|0|1|0
RZ1|60|2|OP12-034|0|41|3|3|0|1|0|0|0
RZ1|CHK|60|2|41|5|0|4|10|0|0|0|1|0
RZ1|61|2|OP14-039|0|40|3|4|0|1|0|0|0
RZ1|CHK|61|2|40|5|0|5|10|0|0|0|1|0
[] Hand: [ST21-003,OP16-004,OP14-022,OP14-031,OP14-022]
[] Board: []
[] Trash: []
[] Life: 4
[] Hand: [OP13-031,OP06-038,OP17-022,OP13-040,ST32-001]
[] Trash: []
[] Board: []
[] Life: 5
RZ1|62|1|Don|4|9|5|0|1|1|0|0|0
RZ1|CHK|62|1|41|5|0|4|9|1|0|0|1|0
[You] Draw 1 Don
RZ1|63|1|Don|5|0|9|9900|1|1|0|0|0
RZ1|CHK|63|1|41|5|0|4|9|0|0|0|1|1
[You] Attach 1 Don to Monkey D. Luffy ["OP13-001">OP13-001] (1 Total)
[] Hand: [ST21-003,OP16-004,OP14-022,OP14-031,OP14-022]
[] Board: []
[] Trash: []
[] Life: 4
[] Hand: [OP13-031,OP06-038,OP17-022,OP13-040,ST32-001]
[] Trash: []
[] Board: []
[] Life: 5
[You] End Turn
[] Hand: [OP13-031,OP06-038,OP17-022,OP13-040,ST32-001]
[] Board: []
[] Trash: []
[] Life: 5
[] Hand: [ST21-003,OP16-004,OP14-022,OP14-031,OP14-022]
[] Trash: []
[] Board: []
[] Life: 4
[Opponent] Draw 1 Card
[] Drew card from deck: Yasopp ["OP17-031">OP17-031]
RZ1|64|2|OP17-031|0|39|1|5|1|1|0|0|0
RZ1|CHK|64|2|39|6|0|5|10|0|0|0|1|0
RZ1|65|2|Don|4|9|5|0|1|1|0|0|0
RZ1|CHK|65|2|39|6|0|5|9|1|0|0|1|0
RZ1|66|2|Don|4|8|5|1|1|1|0|0|0
RZ1|CHK|66|2|39|6|0|5|8|2|0|0|1|0
[Opponent] Draw 2 Don
RZ1|67|2|Don|5|0|5|0|1|1|1|0|0
RZ1|CHK|67|2|39|6|0|5|8|2|0|0|1|0
[Opponent] Deploy Kin'emon ["ST32-001">ST32-001]
RZ1|68|2|ST32-001|1|4|2|0|1|1|0|0|0
RZ1|CHK|68|2|39|5|1|5|8|2|0|0|1|0
[Opponent] Kin'emon ["ST32-001">ST32-001]: Rest Dracule Mihawk ["OP14-020">OP14-020]
[] Drew card from deck: Trafalgar Law ["OP13-031">OP13-031]
RZ1|69|2|OP13-031|0|38|1|5|1|1|0|0|0
RZ1|CHK|69|2|38|6|1|5|8|2|0|0|1|0
[] Drew card from deck: Yasopp ["OP17-031">OP17-031]
RZ1|70|2|OP17-031|0|37|1|6|1|1|0|0|0
RZ1|CHK|70|2|37|7|1|5|8|2|0|0|1|0
[Opponent] Kin'emon ["ST32-001">ST32-001]: Draw 2 Card
RZ1|71|2|OP13-031|1|0|6|0|1|1|0|0|0
RZ1|CHK|71|2|37|6|1|5|8|2|1|0|1|0
[Opponent] Kin'emon ["ST32-001">ST32-001]: Trash Trafalgar Law ["OP13-031">OP13-031]
[] Hand: [OP06-038,OP17-022,OP13-040,OP17-031,OP13-031,OP17-031]
[] Board: [ST32-001]
[] Trash: [OP13-031]
[] Life: 5
[] Hand: [ST21-003,OP16-004,OP14-022,OP14-031,OP14-022]
[] Trash: []
[] Board: []
[] Life: 4
[Opponent] End Turn
[] Hand: [ST21-003,OP16-004,OP14-022,OP14-031,OP14-022]
[] Board: []
[] Trash: []
[] Life: 4
[] Hand: [OP06-038,OP17-022,OP13-040,OP17-031,OP13-031,OP17-031]
[] Trash: [OP13-031]
[] Board: [ST32-001]
[] Life: 5
RZ1|72|1|Don|9|9900|5|0|1|1|1|0|0
RZ1|CHK|72|1|41|5|0|4|9|1|0|0|1|0
[You] Draw 1 Card
[] Drew card from deck: Usopp ["OP14-022">OP14-022]
RZ1|73|1|OP14-022|0|40|1|5|1|1|0|0|0
RZ1|CHK|73|1|40|6|0|4|9|1|0|0|1|0
RZ1|74|1|Don|4|8|5|1|1|1|0|0|0
RZ1|CHK|74|1|40|6|0|4|8|2|0|0|1|0
RZ1|75|1|Don|4|7|5|2|1|1|0|0|0
RZ1|CHK|75|1|40|6|0|4|7|3|0|0|1|0
[You] Draw 2 Don
RZ1|76|1|Don|5|0|5|0|1|1|1|0|0
RZ1|CHK|76|1|40|6|0|4|7|3|0|0|1|0
RZ1|77|1|Don|5|1|5|1|1|1|1|0|0
RZ1|CHK|77|1|40|6|0|4|7|3|0|0|1|0
[You] Deploy Sanji ["ST21-003">ST21-003]
RZ1|78|1|ST21-003|1|0|2|0|1|1|0|0|0
RZ1|CHK|78|1|40|5|1|4|7|3|0|0|1|0
[You] Monkey D. Luffy ["OP13-001">OP13-001] attacking Dracule Mihawk ["OP14-020">OP14-020]
Monkey D. Luffy ["OP13-001">OP13-001][5000] vs Dracule Mihawk ["OP14-020">OP14-020][5000]
Dracule Mihawk ["OP14-020">OP14-020] hit for 1 damage
RZ1|79|2|OP14-039|3|4|1|6|1|1|0|0|0
RZ1|CHK|79|2|37|7|1|4|8|2|1|0|1|0
RZ1|80|1|Don|5|2|9|9900|1|1|0|0|0
RZ1|CHK|80|1|40|5|1|4|7|2|0|0|1|1
[You] Attach 1 Don to Monkey D. Luffy ["OP13-001">OP13-001] (1 Total)
[] Hand: [OP16-004,OP14-022,OP14-031,OP14-022,OP14-022]
[] Board: [ST21-003]
[] Trash: []
[] Life: 4
[] Hand: [OP06-038,OP17-022,OP13-040,OP17-031,OP13-031,OP17-031,OP14-039]
[] Trash: [OP13-031]
[] Board: [ST32-001]
[] Life: 4
[You] End Turn
[] Hand: [OP06-038,OP17-022,OP13-040,OP17-031,OP13-031,OP17-031,OP14-039]
[] Board: [ST32-001]
[] Trash: [OP13-031]
[] Life: 4
[] Hand: [OP16-004,OP14-022,OP14-031,OP14-022,OP14-022]
[] Trash: []
[] Board: [ST21-003]
[] Life: 4
[Opponent] Draw 1 Card
[] Drew card from deck: Electrical Luna ["OP08-036">OP08-036]
RZ1|81|2|OP08-036|0|36|1|7|1|1|0|0|0
RZ1|CHK|81|2|36|8|1|4|8|2|1|0|1|0
RZ1|82|2|Don|4|7|5|2|1|1|0|0|0
RZ1|CHK|82|2|36|8|1|4|7|3|1|0|1|0
RZ1|83|2|Don|4|6|5|3|1|1|0|0|0
RZ1|CHK|83|2|36|8|1|4|6|4|1|0|1|0
[Opponent] Draw 2 Don
[Opponent] Dracule Mihawk ["OP14-020">OP14-020] attacking Monkey D. Luffy ["OP13-001">OP13-001]
Dracule Mihawk ["OP14-020">OP14-020][5000] vs Monkey D. Luffy ["OP13-001">OP13-001][5000]
Monkey D. Luffy ["OP13-001">OP13-001] hit for 1 damage
RZ1|84|1|OP13-040|3|3|1|5|1|1|0|0|0
RZ1|CHK|84|1|40|6|1|3|7|2|0|0|1|1
RZ1|85|2|Don|5|0|9|0|1|1|0|0|0
RZ1|CHK|85|2|36|8|1|4|6|3|1|0|1|1
RZ1|86|2|Don|5|0|9|1|1|1|0|0|0
RZ1|CHK|86|2|36|8|1|4|6|2|1|0|1|2
RZ1|87|2|Don|5|0|9|2|1|1|0|0|0
RZ1|CHK|87|2|36|8|1|4|6|1|1|0|1|3
[Opponent] Attach 3 Don to Kin'emon ["ST32-001">ST32-001] (3 Total)
[Opponent] Kin'emon ["ST32-001">ST32-001] attacking Monkey D. Luffy ["OP13-001">OP13-001]
[You] Discard Curiel ["OP16-004">OP16-004] for Counter 2000
RZ1|88|1|OP16-004|1|0|6|0|1|1|0|0|0
RZ1|CHK|88|1|40|5|1|3|7|2|1|0|1|1
Kin'emon ["ST32-001">ST32-001][5000] vs Monkey D. Luffy ["OP13-001">OP13-001][7000]
Attack Fails
RZ1|89|2|Don|5|0|5|0|1|1|1|0|0
RZ1|CHK|89|2|36|8|1|4|6|1|1|0|1|3
[Opponent] Deploy Coffin Boat ["OP14-039">OP14-039]
RZ1|90|2|OP14-039|1|6|7|0|1|1|0|0|0
RZ1|CHK|90|2|36|7|1|4|6|1|1|1|1|3
[] Drew card from deck: Perona ["OP12-034">OP12-034]
RZ1|91|2|OP12-034|0|35|1|7|1|1|0|0|0
RZ1|CHK|91|2|35|8|1|4|6|1|1|1|1|3
[Opponent] Coffin Boat ["OP14-039">OP14-039]: Draw 1 Card
[Opponent] Coffin Boat ["OP14-039">OP14-039]: Activate 1 Don
RZ1|92|2|Don|5|0|5|0|1|1|0|0|0
RZ1|CHK|92|2|35|8|1|4|6|1|1|1|1|3
[] Hand: [OP06-038,OP17-022,OP13-040,OP17-031,OP13-031,OP17-031,OP08-036,OP12-034]
[] Board: [ST32-001]
[] Trash: [OP13-031]
[] Life: 4
[] Hand: [OP14-022,OP14-031,OP14-022,OP14-022,OP13-040]
[] Trash: [OP16-004]
[] Board: [ST21-003]
[] Life: 3
[Opponent] End Turn
[] Hand: [OP14-022,OP14-031,OP14-022,OP14-022,OP13-040]
[] Board: [ST21-003]
[] Trash: [OP16-004]
[] Life: 3
[] Hand: [OP06-038,OP17-022,OP13-040,OP17-031,OP13-031,OP17-031,OP08-036,OP12-034]
[] Trash: [OP13-031]
[] Board: [ST32-001]
[] Life: 4
RZ1|93|1|Don|9|9900|5|0|1|1|1|0|0
RZ1|CHK|93|1|40|5|1|3|7|3|1|0|1|0
[You] Draw 1 Card
[] Drew card from deck: Roronoa Zoro ["EB04-007">EB04-007]
RZ1|94|1|EB04-007|0|39|1|5|1|1|0|0|0
RZ1|CHK|94|1|39|6|1|3|7|3|1|0|1|0
RZ1|95|1|Don|4|6|5|3|1|1|0|0|0
RZ1|CHK|95|1|39|6|1|3|6|4|1|0|1|0
RZ1|96|1|Don|4|5|5|4|1|1|0|0|0
RZ1|CHK|96|1|39|6|1|3|5|5|1|0|1|0
[You] Draw 2 Don
[You] Monkey D. Luffy ["OP13-001">OP13-001] attacking Dracule Mihawk ["OP14-020">OP14-020]
Monkey D. Luffy ["OP13-001">OP13-001][5000] vs Dracule Mihawk ["OP14-020">OP14-020][5000]
Dracule Mihawk ["OP14-020">OP14-020] hit for 1 damage
RZ1|97|2|OP12-034|3|3|1|8|1|1|0|0|0
RZ1|CHK|97|2|35|9|1|3|6|1|1|1|1|3
RZ1|98|1|Don|5|0|5|0|1|1|1|0|0
RZ1|CHK|98|1|39|6|1|3|5|5|1|0|1|0
RZ1|99|1|Don|5|1|5|1|1|1|1|0|0
RZ1|CHK|99|1|39|6|1|3|5|5|1|0|1|0
RZ1|100|1|Don|5|2|5|2|1|1|1|0|0
RZ1|CHK|100|1|39|6|1|3|5|5|1|0|1|0
RZ1|101|1|Don|5|3|5|3|1|1|1|0|0
RZ1|CHK|101|1|39|6|1|3|5|5|1|0|1|0
[You] Deploy Nami ["OP14-031">OP14-031]
RZ1|102|1|OP14-031|1|1|2|1|1|1|0|0|0
RZ1|CHK|102|1|39|5|2|3|5|5|1|0|1|0
[You] Sanji ["ST21-003">ST21-003] attacking Kin'emon ["ST32-001">ST32-001]
[Opponent] I Know You're Strong... So I'll Go All Out ["OP13-040">OP13-040]: Activate Counter
[Opponent] I Know You're Strong... So I'll Go All Out ["OP13-040">OP13-040]: Rest 1 Don
RZ1|103|2|Don|5|0|5|0|1|1|1|0|0
RZ1|CHK|103|2|35|9|1|3|6|1|1|1|1|3
RZ1|104|2|OP13-040|1|2|6|1|1|1|0|0|0
RZ1|CHK|104|2|35|8|1|3|6|1|2|1|1|3
[Opponent] I Know You're Strong... So I'll Go All Out ["OP13-040">OP13-040]: Buff Dracule Mihawk ["OP14-020">OP14-020] 3000 for the Combat
[Opponent] Discard Yasopp ["OP17-031">OP17-031] for Counter 1000
RZ1|105|2|OP17-031|1|2|6|2|1|1|0|0|0
RZ1|CHK|105|2|35|7|1|3|6|1|3|1|1|3
[Opponent] Discard Yasopp ["OP17-031">OP17-031] for Counter 1000
RZ1|106|2|OP17-031|1|3|6|3|1|1|0|0|0
RZ1|CHK|106|2|35|6|1|3|6|1|4|1|1|3
Sanji ["ST21-003">ST21-003][3000] vs Kin'emon ["ST32-001">ST32-001][4000]
Attack Fails
RZ1|107|1|Don|5|4|9|9900|1|1|0|0|0
RZ1|CHK|107|1|39|5|2|3|5|4|1|0|1|1
[You] Attach 1 Don to Monkey D. Luffy ["OP13-001">OP13-001] (1 Total)
[] Hand: [OP14-022,OP14-022,OP14-022,OP13-040,EB04-007]
[] Board: [ST21-003,OP14-031]
[] Trash: [OP16-004]
[] Life: 3
[] Hand: [OP06-038,OP17-022,OP13-031,OP08-036,OP12-034,OP12-034]
[] Trash: [OP13-031,OP13-040,OP17-031,OP17-031]
[] Board: [ST32-001]
[] Life: 3
[You] End Turn
[] Hand: [OP06-038,OP17-022,OP13-031,OP08-036,OP12-034,OP12-034]
[] Board: [ST32-001]
[] Trash: [OP13-031,OP13-040,OP17-031,OP17-031]
[] Life: 3
[] Hand: [OP14-022,OP14-022,OP14-022,OP13-040,EB04-007]
[] Trash: [OP16-004]
[] Board: [ST21-003,OP14-031]
[] Life: 3
RZ1|108|2|Don|9|0|5|0|1|1|1|0|0
RZ1|CHK|108|2|35|6|1|3|6|2|4|1|1|2
RZ1|109|2|Don|9|0|5|0|1|1|1|0|0
RZ1|CHK|109|2|35|6|1|3|6|3|4|1|1|1
RZ1|110|2|Don|9|0|5|0|1|1|1|0|0
RZ1|CHK|110|2|35|6|1|3|6|4|4|1|1|0
[Opponent] Draw 1 Card
[] Drew card from deck: Perona ["OP12-034">OP12-034]
RZ1|111|2|OP12-034|0|34|1|6|1|1|0|0|0
RZ1|CHK|111|2|34|7|1|3|6|4|4|1|1|0
RZ1|112|2|Don|4|5|5|4|1|1|0|0|0
RZ1|CHK|112|2|34|7|1|3|5|5|4|1|1|0
RZ1|113|2|Don|4|4|5|5|1|1|0|0|0
RZ1|CHK|113|2|34|7|1|3|4|6|4|1|1|0
[Opponent] Draw 2 Don
[Opponent] Electrical Luna ["OP08-036">OP08-036]: Rest 3 Don
RZ1|114|2|Don|5|0|5|0|1|1|1|0|0
RZ1|CHK|114|2|34|7|1|3|4|6|4|1|1|0
RZ1|115|2|Don|5|1|5|1|1|1|1|0|0
RZ1|CHK|115|2|34|7|1|3|4|6|4|1|1|0
RZ1|116|2|Don|5|2|5|2|1|1|1|0|0
RZ1|CHK|116|2|34|7|1|3|4|6|4|1|1|0
RZ1|117|2|OP08-036|1|3|6|4|1|1|0|0|0
RZ1|CHK|117|2|34|6|1|3|4|6|5|1|1|0
[Opponent] Electrical Luna ["OP08-036">OP08-036]: Sanji ["ST21-003">ST21-003] will not Activate during next Refresh
RZ1|118|2|Don|5|3|5|3|1|1|1|0|0
RZ1|CHK|118|2|34|6|1|3|4|6|5|1|1|0
[Opponent] Deploy Perona ["OP12-034">OP12-034]
RZ1|119|2|OP12-034|1|3|2|1|1|1|0|0|0
RZ1|CHK|119|2|34|5|2|3|4|6|5|1|1|0
RZ1|120|2|OP17-022|0|32|1|5|1|1|0|0|0
RZ1|CHK|120|2|33|6|2|3|4|6|5|1|1|0
[Opponent] Perona ["OP12-034">OP12-034]: <b>Reveal and Draw Shanks ["OP17-022">OP17-022]</b>
[Opponent] Placing Cards on Bottom of Deck
RZ1|121|2|ST32-002|0|32|0|0|0|0|0|0|0
RZ1|CHK|121|2|33|6|2|3|4|6|5|1|1|0
RZ1|122|2|OP06-033|0|32|0|0|0|0|0|0|0
RZ1|CHK|122|2|33|6|2|3|4|6|5|1|1|0
RZ1|123|2|ST32-003|0|32|0|0|0|0|0|0|0
RZ1|CHK|123|2|33|6|2|3|4|6|5|1|1|0
RZ1|124|2|OP07-022|0|32|0|0|0|0|0|0|0
RZ1|CHK|124|2|33|6|2|3|4|6|5|1|1|0
[Opponent] Dracule Mihawk ["OP14-020">OP14-020] attacking Monkey D. Luffy ["OP13-001">OP13-001]
[You] Nami ["OP14-031">OP14-031] Blocks
Dracule Mihawk ["OP14-020">OP14-020][5000] vs Nami ["OP14-031">OP14-031][2000]
[You] Nami ["OP14-031">OP14-031] Destroyed
RZ1|125|1|OP14-031|2|1|6|1|1|1|0|0|0
RZ1|CHK|125|1|39|5|1|3|5|4|2|0|1|1
RZ1|126|2|Don|5|4|9|0|1|1|0|0|0
RZ1|CHK|126|2|33|6|2|3|4|5|5|1|1|1
[Opponent] Attach 1 Don to Kin'emon ["ST32-001">ST32-001] (1 Total)
[Opponent] Kin'emon ["ST32-001">ST32-001] attacking Sanji ["ST21-003">ST21-003]
[You] Discard Usopp ["OP14-022">OP14-022] for Counter 1000
RZ1|127|1|OP14-022|1|0|6|2|1|1|0|0|0
RZ1|CHK|127|1|39|4|1|3|5|4|3|0|1|1
Kin'emon ["ST32-001">ST32-001][3000] vs Sanji ["ST21-003">ST21-003][4000]
Attack Fails
[Opponent] Coffin Boat ["OP14-039">OP14-039]: Activate 1 Don
RZ1|128|2|Don|5|3|5|3|1|1|0|0|0
RZ1|CHK|128|2|33|6|2|3|4|5|5|1|1|1
[] Hand: [OP06-038,OP17-022,OP13-031,OP12-034,OP12-034,OP17-022]
[] Board: [ST32-001,OP12-034]
[] Trash: [OP13-031,OP13-040,OP17-031,OP17-031,OP08-036]
[] Life: 3
[] Hand: [OP14-022,OP14-022,OP13-040,EB04-007]
[] Trash: [OP16-004,OP14-031,OP14-022]
[] Board: [ST21-003]
[] Life: 3
[Opponent] End Turn
[] Hand: [OP14-022,OP14-022,OP13-040,EB04-007]
[] Board: [ST21-003]
[] Trash: [OP16-004,OP14-031,OP14-022]
[] Life: 3
[] Hand: [OP06-038,OP17-022,OP13-031,OP12-034,OP12-034,OP17-022]
[] Trash: [OP13-031,OP13-040,OP17-031,OP17-031,OP08-036]
[] Board: [ST32-001,OP12-034]
[] Life: 3
RZ1|129|1|Don|9|9900|5|0|1|1|1|0|0
RZ1|CHK|129|1|39|4|1|3|5|5|3|0|1|0
[You] Draw 1 Card
[] Drew card from deck: Curiel ["OP16-004">OP16-004]
RZ1|130|1|OP16-004|0|38|1|4|1|1|0|0|0
RZ1|CHK|130|1|38|5|1|3|5|5|3|0|1|0
RZ1|131|1|Don|4|4|5|5|1|1|0|0|0
RZ1|CHK|131|1|38|5|1|3|4|6|3|0|1|0
RZ1|132|1|Don|4|3|5|6|1|1|0|0|0
RZ1|CHK|132|1|38|5|1|3|3|7|3|0|1|0
[You] Draw 2 Don
RZ1|133|1|Don|5|0|5|0|1|1|1|0|0
RZ1|CHK|133|1|38|5|1|3|3|7|3|0|1|0
RZ1|134|1|Don|5|1|5|1|1|1|1|0|0
RZ1|CHK|134|1|38|5|1|3|3|7|3|0|1|0
RZ1|135|1|Don|5|2|5|2|1|1|1|0|0
RZ1|CHK|135|1|38|5|1|3|3|7|3|0|1|0
RZ1|136|1|Don|5|3|5|3|1|1|1|0|0
RZ1|CHK|136|1|38|5|1|3|3|7|3|0|1|0
RZ1|137|1|Don|5|4|5|4|1|1|1|0|0
RZ1|CHK|137|1|38|5|1|3|3|7|3|0|1|0
RZ1|138|1|Don|5|5|5|5|1|1|1|0|0
RZ1|CHK|138|1|38|5|1|3|3|7|3|0|1|0
RZ1|139|1|Don|5|6|5|6|1|1|1|0|0
RZ1|CHK|139|1|38|5|1|3|3|7|3|0|1|0
[You] Deploy Roronoa Zoro ["EB04-007">EB04-007]
RZ1|140|1|EB04-007|1|3|2|1|1|1|0|0|0
RZ1|CHK|140|1|38|4|2|3|3|7|3|0|1|0
[You] Roronoa Zoro ["EB04-007">EB04-007]: Grant Monkey D. Luffy ["OP13-001">OP13-001] 2000 until opponent's next turn end
[You] Monkey D. Luffy ["OP13-001">OP13-001] attacking Dracule Mihawk ["OP14-020">OP14-020]
[Opponent] Billion-fold World Trichiliocosm ["OP06-038">OP06-038]: Activate Counter
[Opponent] Billion-fold World Trichiliocosm ["OP06-038">OP06-038]: Rest 1 Don
RZ1|141|2|Don|5|3|5|3|1|1|1|0|0
RZ1|CHK|141|2|33|6|2|3|4|5|5|1|1|1
RZ1|142|2|OP06-038|1|0|6|5|1|1|0|0|0
RZ1|CHK|142|2|33|5|2|3|4|5|6|1|1|1
[Opponent] Billion-fold World Trichiliocosm ["OP06-038">OP06-038]: Buff Dracule Mihawk ["OP14-020">OP14-020] 2000 for the Combat
[Opponent] Discard Perona ["OP12-034">OP12-034] for Counter 1000
RZ1|143|2|OP12-034|1|2|6|6|1|1|0|0|0
RZ1|CHK|143|2|33|4|2|3|4|5|7|1|1|1
Monkey D. Luffy ["OP13-001">OP13-001][7000] vs Dracule Mihawk ["OP14-020">OP14-020][8000]
Attack Fails
[] Hand: [OP14-022,OP14-022,OP13-040,OP16-004]
[] Board: [ST21-003,EB04-007]
[] Trash: [OP16-004,OP14-031,OP14-022]
[] Life: 3
[] Hand: [OP17-022,OP13-031,OP12-034,OP17-022]
[] Trash: [OP13-031,OP13-040,OP17-031,OP17-031,OP08-036,OP06-038,OP12-034]
[] Board: [ST32-001,OP12-034]
[] Life: 3
[You] End Turn
[] Hand: [OP17-022,OP13-031,OP12-034,OP17-022]
[] Board: [ST32-001,OP12-034]
[] Trash: [OP13-031,OP13-040,OP17-031,OP17-031,OP08-036,OP06-038,OP12-034]
[] Life: 3
[] Hand: [OP14-022,OP14-022,OP13-040,OP16-004]
[] Trash: [OP16-004,OP14-031,OP14-022]
[] Board: [ST21-003,EB04-007]
[] Life: 3
RZ1|144|2|Don|9|0|5|0|1|1|1|0|0
RZ1|CHK|144|2|33|4|2|3|4|6|7|1|1|0
[Opponent] Draw 1 Card
[] Drew card from deck: Kawamatsu ["OP12-023">OP12-023]
RZ1|145|2|OP12-023|0|32|1|4|1|1|0|0|0
RZ1|CHK|145|2|32|5|2|3|4|6|7|1|1|0
RZ1|146|2|Don|4|3|5|6|1|1|0|0|0
RZ1|CHK|146|2|32|5|2|3|3|7|7|1|1|0
RZ1|147|2|Don|4|2|5|7|1|1|0|0|0
RZ1|CHK|147|2|32|5|2|3|2|8|7|1|1|0
[Opponent] Draw 2 Don
RZ1|148|2|Don|5|0|5|0|1|1|1|0|0
RZ1|CHK|148|2|32|5|2|3|2|8|7|1|1|0
RZ1|149|2|Don|5|1|5|1|1|1|1|0|0
RZ1|CHK|149|2|32|5|2|3|2|8|7|1|1|0
RZ1|150|2|Don|5|2|5|2|1|1|1|0|0
RZ1|CHK|150|2|32|5|2|3|2|8|7|1|1|0
RZ1|151|2|Don|5|3|5|3|1|1|1|0|0
RZ1|CHK|151|2|32|5|2|3|2|8|7|1|1|0
RZ1|152|2|Don|5|4|5|4|1|1|1|0|0
RZ1|CHK|152|2|32|5|2|3|2|8|7|1|1|0
RZ1|153|2|Don|5|5|5|5|1|1|1|0|0
RZ1|CHK|153|2|32|5|2|3|2|8|7|1|1|0
[Opponent] Deploy Trafalgar Law ["OP13-031">OP13-031]
RZ1|154|2|OP13-031|1|1|2|2|1|1|0|0|0
RZ1|CHK|154|2|32|4|3|3|2|8|7|1|1|0
[Opponent] Trafalgar Law ["OP13-031">OP13-031]: Return Kin'emon ["ST32-001">ST32-001] to Hand
RZ1|155|2|ST32-001|2|0|1|4|1|1|0|0|0
RZ1|CHK|155|2|32|5|2|3|2|8|7|1|1|0
RZ1|156|2|OP12-023|1|3|2|2|1|1|1|0|0
RZ1|CHK|156|2|32|4|3|3|2|8|7|1|1|0
[Opponent] Trafalgar Law ["OP13-031">OP13-031]: Deploy Kawamatsu ["OP12-023">OP12-023]
[Opponent] Dracule Mihawk ["OP14-020">OP14-020] attacking Sanji ["ST21-003">ST21-003]
[You] Discard Usopp ["OP14-022">OP14-022] for Counter 1000
RZ1|157|1|OP14-022|1|0|6|3|1|1|0|0|0
RZ1|CHK|157|1|38|3|2|3|3|7|4|0|1|0
[You] Discard Usopp ["OP14-022">OP14-022] for Counter 1000
RZ1|158|1|OP14-022|1|0|6|4|1|1|0|0|0
RZ1|CHK|158|1|38|2|2|3|3|7|5|0|1|0
[You] Discard Curiel ["OP16-004">OP16-004] for Counter 2000
RZ1|159|1|OP16-004|1|1|6|5|1|1|0|0|0
RZ1|CHK|159|1|38|1|2|3|3|7|6|0|1|0
Dracule Mihawk ["OP14-020">OP14-020][5000] vs Sanji ["ST21-003">ST21-003][7000]
Attack Fails
RZ1|160|2|Don|5|6|5|6|1|1|1|0|0
RZ1|CHK|160|2|32|4|3|3|2|8|7|1|1|0
[Opponent] Deploy Kin'emon ["ST32-001">ST32-001]
RZ1|161|2|ST32-001|1|3|2|3|1|1|0|0|0
RZ1|CHK|161|2|32|3|4|3|2|8|7|1|1|0
[Opponent] Kin'emon ["ST32-001">ST32-001]: Rest Don ["Don">Don]
RZ1|162|2|Don|5|7|5|7|1|1|1|0|0
RZ1|CHK|162|2|32|3|4|3|2|8|7|1|1|0
[] Drew card from deck: Yasopp ["OP17-031">OP17-031]
RZ1|163|2|OP17-031|0|31|1|3|1|1|0|0|0
RZ1|CHK|163|2|31|4|4|3|2|8|7|1|1|0
[] Drew card from deck: I Know You're Strong... So I'll Go All Out ["OP13-040">OP13-040]
RZ1|164|2|OP13-040|0|30|1|4|1|1|0|0|0
RZ1|CHK|164|2|30|5|4|3|2|8|7|1|1|0
[Opponent] Kin'emon ["ST32-001">ST32-001]: Draw 2 Card
RZ1|165|2|OP12-034|1|1|6|7|1|1|0|0|0
RZ1|CHK|165|2|30|4|4|3|2|8|8|1|1|0
[Opponent] Kin'emon ["ST32-001">ST32-001]: Trash Perona ["OP12-034">OP12-034]
[Opponent] Coffin Boat ["OP14-039">OP14-039]: Activate 1 Don
RZ1|166|2|Don|5|7|5|7|1|1|0|0|0
RZ1|CHK|166|2|30|4|4|3|2|8|8|1|1|0
[] Hand: [OP17-022,OP17-022,OP17-031,OP13-040]
[] Board: [OP12-034,OP13-031,OP12-023,ST32-001]
[] Trash: [OP13-031,OP13-040,OP17-031,OP17-031,OP08-036,OP06-038,OP12-034,OP12-034]
[] Life: 3
[] Hand: [OP13-040]
[] Trash: [OP16-004,OP14-031,OP14-022,OP14-022,OP14-022,OP16-004]
[] Board: [ST21-003,EB04-007]
[] Life: 3
[Opponent] End Turn
[] Hand: [OP13-040]
[] Board: [ST21-003,EB04-007]
[] Trash: [OP16-004,OP14-031,OP14-022,OP14-022,OP14-022,OP16-004]
[] Life: 3
[] Hand: [OP17-022,OP17-022,OP17-031,OP13-040]
[] Trash: [OP13-031,OP13-040,OP17-031,OP17-031,OP08-036,OP06-038,OP12-034,OP12-034]
[] Board: [OP12-034,OP13-031,OP12-023,ST32-001]
[] Life: 3
[You] Draw 1 Card
[] Drew card from deck: I Know You're Strong... So I'll Go All Out ["OP13-040">OP13-040]
RZ1|167|1|OP13-040|0|37|1|1|1|1|0|0|0
RZ1|CHK|167|1|37|2|2|3|3|7|6|0|1|0
RZ1|168|1|Don|4|2|5|7|1|1|0|0|0
RZ1|CHK|168|1|37|2|2|3|2|8|6|0|1|0
RZ1|169|1|Don|4|1|5|8|1|1|0|0|0
RZ1|CHK|169|1|37|2|2|3|1|9|6|0|1|0
[You] Draw 2 Don
RZ1|170|1|Don|5|0|9|9900|1|1|0|0|0
RZ1|CHK|170|1|37|2|2|3|1|8|6|0|1|1
[You] Attach 1 Don to Monkey D. Luffy ["OP13-001">OP13-001] (1 Total)
RZ1|171|1|Don|5|0|9|9901|1|1|0|0|0
RZ1|CHK|171|1|37|2|2|3|1|7|6|0|1|2
[You] Attach 1 Don to Monkey D. Luffy ["OP13-001">OP13-001] (2 Total)
[You] Monkey D. Luffy ["OP13-001">OP13-001] attacking Dracule Mihawk ["OP14-020">OP14-020]
[Opponent] I Know You're Strong... So I'll Go All Out ["OP13-040">OP13-040]: Activate Counter
[Opponent] I Know You're Strong... So I'll Go All Out ["OP13-040">OP13-040]: Rest 1 Don
RZ1|172|2|Don|5|7|5|7|1|1|1|0|0
RZ1|CHK|172|2|30|4|4|3|2|8|8|1|1|0
RZ1|173|2|OP13-040|1|3|6|8|1|1|0|0|0
RZ1|CHK|173|2|30|3|4|3|2|8|9|1|1|0
[Opponent] I Know You're Strong... So I'll Go All Out ["OP13-040">OP13-040]: Buff Dracule Mihawk ["OP14-020">OP14-020] 3000 for the Combat
Monkey D. Luffy ["OP13-001">OP13-001][7000] vs Dracule Mihawk ["OP14-020">OP14-020][8000]
Attack Fails
[You] Roronoa Zoro ["EB04-007">EB04-007] attacking Dracule Mihawk ["OP14-020">OP14-020]
Roronoa Zoro ["EB04-007">EB04-007][9000] vs Dracule Mihawk ["OP14-020">OP14-020][5000]
Dracule Mihawk ["OP14-020">OP14-020] hit for 1 damage
RZ1|174|2|OP13-031|3|2|1|3|1|1|0|0|0
RZ1|CHK|174|2|30|4|4|2|2|8|9|1|1|0
RZ1|175|1|Don|5|0|9|0|1|1|0|0|0
RZ1|CHK|175|1|37|2|2|3|1|6|6|0|1|3
RZ1|176|1|Don|5|0|9|1|1|1|0|0|0
RZ1|CHK|176|1|37|2|2|3|1|5|6|0|1|4
[You] Attach 2 Don to Sanji ["ST21-003">ST21-003] (2 Total)
[You] Sanji ["ST21-003">ST21-003] attacking Dracule Mihawk ["OP14-020">OP14-020]
[Opponent] Discard Yasopp ["OP17-031">OP17-031] for Counter 1000
RZ1|177|2|OP17-031|1|2|6|9|1|1|0|0|0
RZ1|CHK|177|2|30|3|4|2|2|8|10|1|1|0
Sanji ["ST21-003">ST21-003][5000] vs Dracule Mihawk ["OP14-020">OP14-020][6000]
Attack Fails
[You] I Know You're Strong... So I'll Go All Out ["OP13-040">OP13-040]: Rest 1 Don
RZ1|178|1|Don|5|0|5|0|1|1|1|0|0
RZ1|CHK|178|1|37|2|2|3|1|5|6|0|1|4
RZ1|179|1|OP13-040|1|0|6|6|1|1|0|0|0
RZ1|CHK|179|1|37|1|2|3|1|5|7|0|1|4
[You] I Know You're Strong... So I'll Go All Out ["OP13-040">OP13-040]: Rest 2 Don
RZ1|180|1|Don|5|1|5|1|1|1|1|0|0
RZ1|CHK|180|1|37|1|2|3|1|5|7|0|1|4
RZ1|181|1|Don|5|2|5|2|1|1|1|0|0
RZ1|CHK|181|1|37|1|2|3|1|5|7|0|1|4
[You] I Know You're Strong... So I'll Go All Out ["OP13-040">OP13-040]: Kawamatsu ["OP12-023">OP12-023] will not Activate during next Refresh
[] Hand: [OP13-040]
[] Board: [ST21-003,EB04-007]
[] Trash: [OP16-004,OP14-031,OP14-022,OP14-022,OP14-022,OP16-004,OP13-040]
[] Life: 3
[] Hand: [OP17-022,OP17-022,OP13-031]
[] Trash: [OP13-031,OP13-040,OP17-031,OP17-031,OP08-036,OP06-038,OP12-034,OP12-034,OP13-040,OP17-031]
[] Board: [OP12-034,OP13-031,OP12-023,ST32-001]
[] Life: 2
[You] End Turn
[] Hand: [OP17-022,OP17-022,OP13-031]
[] Board: [OP12-034,OP13-031,OP12-023,ST32-001]
[] Trash: [OP13-031,OP13-040,OP17-031,OP17-031,OP08-036,OP06-038,OP12-034,OP12-034,OP13-040,OP17-031]
[] Life: 2
[] Hand: [OP13-040]
[] Trash: [OP16-004,OP14-031,OP14-022,OP14-022,OP14-022,OP16-004,OP13-040]
[] Board: [ST21-003,EB04-007]
[] Life: 3
[Opponent] Draw 1 Card
[] Drew card from deck: I Know You're Strong... So I'll Go All Out ["OP13-040">OP13-040]
RZ1|182|2|OP13-040|0|29|1|3|1|1|0|0|0
RZ1|CHK|182|2|29|4|4|2|2|8|10|1|1|0
RZ1|183|2|Don|4|1|5|8|1|1|0|0|0
RZ1|CHK|183|2|29|4|4|2|1|9|10|1|1|0
RZ1|184|2|Don|4|0|5|9|1|1|0|0|0
RZ1|CHK|184|2|29|4|4|2|0|10|10|1|1|0
[Opponent] Draw 2 Don
RZ1|185|2|Don|5|0|5|0|1|1|1|0|0
RZ1|CHK|185|2|29|4|4|2|0|10|10|1|1|0
RZ1|186|2|Don|5|1|5|1|1|1|1|0|0
RZ1|CHK|186|2|29|4|4|2|0|10|10|1|1|0
RZ1|187|2|Don|5|2|5|2|1|1|1|0|0
RZ1|CHK|187|2|29|4|4|2|0|10|10|1|1|0
RZ1|188|2|Don|5|3|5|3|1|1|1|0|0
RZ1|CHK|188|2|29|4|4|2|0|10|10|1|1|0
RZ1|189|2|Don|5|4|5|4|1|1|1|0|0
RZ1|CHK|189|2|29|4|4|2|0|10|10|1|1|0
RZ1|190|2|Don|5|5|5|5|1|1|1|0|0
RZ1|CHK|190|2|29|4|4|2|0|10|10|1|1|0
RZ1|191|2|Don|5|6|5|6|1|1|1|0|0
RZ1|CHK|191|2|29|4|4|2|0|10|10|1|1|0
RZ1|192|2|Don|5|7|5|7|1|1|1|0|0
RZ1|CHK|192|2|29|4|4|2|0|10|10|1|1|0
RZ1|193|2|Don|5|8|5|8|1|1|1|0|0
RZ1|CHK|193|2|29|4|4|2|0|10|10|1|1|0
RZ1|194|2|Don|5|9|5|9|1|1|1|0|0
RZ1|CHK|194|2|29|4|4|2|0|10|10|1|1|0
[Opponent] Deploy Shanks ["OP17-022">OP17-022]
RZ1|195|2|OP17-022|1|0|2|4|1|1|0|0|0
RZ1|CHK|195|2|29|3|5|2|0|10|10|1|1|0
[Opponent] Shanks ["OP17-022">OP17-022]: Activate 1 Don
RZ1|196|2|Don|5|9|5|9|1|1|0|0|0
RZ1|CHK|196|2|29|3|5|2|0|10|10|1|1|0
[Opponent] Shanks ["OP17-022">OP17-022]: Activate 1 Don
RZ1|197|2|Don|5|8|5|8|1|1|0|0|0
RZ1|CHK|197|2|29|3|5|2|0|10|10|1|1|0
[Opponent] Dracule Mihawk ["OP14-020">OP14-020] attacking Monkey D. Luffy ["OP13-001">OP13-001]
Dracule Mihawk ["OP14-020">OP14-020][5000] vs Monkey D. Luffy ["OP13-001">OP13-001][5000]
Monkey D. Luffy ["OP13-001">OP13-001] hit for 1 damage
RZ1|198|1|OP13-118|3|2|1|1|1|1|0|0|0
RZ1|CHK|198|1|37|2|2|2|1|5|7|0|1|4
[Opponent] Trafalgar Law ["OP13-031">OP13-031] attacking Monkey D. Luffy ["OP13-001">OP13-001]
[You] I Know You're Strong... So I'll Go All Out ["OP13-040">OP13-040]: Activate Counter
[You] I Know You're Strong... So I'll Go All Out ["OP13-040">OP13-040]: Rest 1 Don
RZ1|199|1|Don|5|3|5|3|1|1|1|0|0
RZ1|CHK|199|1|37|2|2|2|1|5|7|0|1|4
RZ1|200|1|OP13-040|1|0|6|7|1|1|0|0|0
RZ1|CHK|200|1|37|1|2|2|1|5|8|0|1|4
[You] I Know You're Strong... So I'll Go All Out ["OP13-040">OP13-040]: Buff Monkey D. Luffy ["OP13-001">OP13-001] 3000 for the Combat
Trafalgar Law ["OP13-031">OP13-031][6000] vs Monkey D. Luffy ["OP13-001">OP13-001][8000]
Attack Fails
[Opponent] Shanks ["OP17-022">OP17-022] attacking Monkey D. Luffy ["OP13-001">OP13-001]
Shanks ["OP17-022">OP17-022][12000] vs Monkey D. Luffy ["OP13-001">OP13-001][5000]
Monkey D. Luffy ["OP13-001">OP13-001] hit for 1 damage
RZ1|201|1|ST31-005|3|1|1|1|1|1|0|0|0
RZ1|CHK|201|1|37|2|2|1|1|5|8|0|1|4
RZ1|202|2|Don|5|8|9|0|1|1|0|0|0
RZ1|CHK|202|2|29|3|5|2|0|9|10|1|1|1
[Opponent] Attach 1 Don to Perona ["OP12-034">OP12-034] (1 Total)
[Opponent] Perona ["OP12-034">OP12-034] attacking Sanji ["ST21-003">ST21-003]
Perona ["OP12-034">OP12-034][3000] vs Sanji ["ST21-003">ST21-003][3000]
[You] Sanji ["ST21-003">ST21-003] Destroyed
RZ1|203|1|Don|9|0|5|0|1|1|1|0|0
RZ1|CHK|203|1|37|2|2|1|1|6|8|0|1|3
RZ1|204|1|Don|9|0|5|0|1|1|1|0|0
RZ1|CHK|204|1|37|2|2|1|1|7|8|0|1|2
RZ1|205|1|ST21-003|2|0|6|8|1|1|0|0|0
RZ1|CHK|205|1|37|2|1|1|1|7|9|0|1|2
[Opponent] Coffin Boat ["OP14-039">OP14-039]: Activate 1 Don
RZ1|206|2|Don|5|7|5|7|1|1|0|0|0
RZ1|CHK|206|2|29|3|5|2|0|9|10|1|1|1
[] Hand: [OP17-022,OP13-031,OP13-040]
[] Board: [OP12-034,OP13-031,OP12-023,ST32-001,OP17-022]
[] Trash: [OP13-031,OP13-040,OP17-031,OP17-031,OP08-036,OP06-038,OP12-034,OP12-034,OP13-040,OP17-031]
[] Life: 2
[] Hand: [OP13-118,ST31-005]
[] Trash: [OP16-004,OP14-031,OP14-022,OP14-022,OP14-022,OP16-004,OP13-040,OP13-040,ST21-003]
[] Board: [EB04-007]
[] Life: 1
[Opponent] End Turn
[] Hand: [OP13-118,ST31-005]
[] Board: [EB04-007]
[] Trash: [OP16-004,OP14-031,OP14-022,OP14-022,OP14-022,OP16-004,OP13-040,OP13-040,ST21-003]
[] Life: 1
[] Hand: [OP17-022,OP13-031,OP13-040]
[] Trash: [OP13-031,OP13-040,OP17-031,OP17-031,OP08-036,OP06-038,OP12-034,OP12-034,OP13-040,OP17-031]
[] Board: [OP12-034,OP13-031,OP12-023,ST32-001,OP17-022]
[] Life: 2
RZ1|207|1|Don|9|9900|5|0|1|1|1|0|0
RZ1|CHK|207|1|37|2|1|1|1|8|9|0|1|1
RZ1|208|1|Don|9|9900|5|0|1|1|1|0|0
RZ1|CHK|208|1|37|2|1|1|1|9|9|0|1|0
[You] Draw 1 Card
[] Drew card from deck: Nami ["OP14-031">OP14-031]
RZ1|209|1|OP14-031|0|36|1|2|1|1|0|0|0
RZ1|CHK|209|1|36|3|1|1|1|9|9|0|1|0
RZ1|210|1|Don|4|0|5|9|1|1|0|0|0
RZ1|CHK|210|1|36|3|1|1|0|10|9|0|1|0
[You] Draw 2 Don
[You] Roronoa Zoro ["EB04-007">EB04-007]: Give Roronoa Zoro ["EB04-007">EB04-007] Character Rush
RZ1|211|1|Don|5|0|9|9900|1|1|0|0|0
RZ1|CHK|211|1|36|3|1|1|0|9|9|0|1|1
[You] Attach 1 Don to Monkey D. Luffy ["OP13-001">OP13-001] (1 Total)
RZ1|212|1|Don|5|0|9|9901|1|1|0|0|0
RZ1|CHK|212|1|36|3|1|1|0|8|9|0|1|2
RZ1|213|1|Don|5|0|9|9902|1|1|0|0|0
RZ1|CHK|213|1|36|3|1|1|0|7|9|0|1|3
[You] Attach 2 Don to Monkey D. Luffy ["OP13-001">OP13-001] (3 Total)
RZ1|214|1|Don|5|0|5|0|1|1|1|0|0
RZ1|CHK|214|1|36|3|1|1|0|7|9|0|1|3
RZ1|215|1|Don|5|1|5|1|1|1|1|0|0
RZ1|CHK|215|1|36|3|1|1|0|7|9|0|1|3
RZ1|216|1|Don|5|2|5|2|1|1|1|0|0
RZ1|CHK|216|1|36|3|1|1|0|7|9|0|1|3
RZ1|217|1|Don|5|3|5|3|1|1|1|0|0
RZ1|CHK|217|1|36|3|1|1|0|7|9|0|1|3
RZ1|218|1|Don|5|4|5|4|1|1|1|0|0
RZ1|CHK|218|1|36|3|1|1|0|7|9|0|1|3
RZ1|219|1|Don|5|5|5|5|1|1|1|0|0
RZ1|CHK|219|1|36|3|1|1|0|7|9|0|1|3
[You] Deploy Monkey D. Luffy ["OP13-118">OP13-118]
RZ1|220|1|OP13-118|1|0|2|1|1|1|0|0|0
RZ1|CHK|220|1|36|2|2|1|0|7|9|0|1|3
[You] Monkey D. Luffy ["OP13-118">OP13-118]: Activate 1 Don
RZ1|221|1|Don|5|5|5|5|1|1|0|0|0
RZ1|CHK|221|1|36|2|2|1|0|7|9|0|1|3
[You] Monkey D. Luffy ["OP13-118">OP13-118]: Activate 1 Don
RZ1|222|1|Don|5|4|5|4|1|1|0|0|0
RZ1|CHK|222|1|36|2|2|1|0|7|9|0|1|3
[You] Monkey D. Luffy ["OP13-118">OP13-118]: Activate 1 Don
RZ1|223|1|Don|5|3|5|3|1|1|0|0|0
RZ1|CHK|223|1|36|2|2|1|0|7|9|0|1|3
[You] Monkey D. Luffy ["OP13-118">OP13-118]: Activate 1 Don
RZ1|224|1|Don|5|2|5|2|1|1|0|0|0
RZ1|CHK|224|1|36|2|2|1|0|7|9|0|1|3
[You] Monkey D. Luffy ["OP13-118">OP13-118]: Can't play Cost 5 Or More Characters for the Turn!
[You] Monkey D. Luffy ["OP13-001">OP13-001] attacking Dracule Mihawk ["OP14-020">OP14-020]
Monkey D. Luffy ["OP13-001">OP13-001][8000] vs Dracule Mihawk ["OP14-020">OP14-020][5000]
Dracule Mihawk ["OP14-020">OP14-020] hit for 1 damage
RZ1|225|2|OP01-055|3|1|1|3|1|1|0|0|0
RZ1|CHK|225|2|29|4|5|1|0|9|10|1|1|1
RZ1|226|1|Don|5|2|9|0|1|1|0|0|0
RZ1|CHK|226|1|36|2|2|1|0|6|9|0|1|4
[You] Attach 1 Don to Roronoa Zoro ["EB04-007">EB04-007] (1 Total)
[You] Roronoa Zoro ["EB04-007">EB04-007] attacking Trafalgar Law ["OP13-031">OP13-031]
Roronoa Zoro ["EB04-007">EB04-007][10000] vs Trafalgar Law ["OP13-031">OP13-031][6000]
[Opponent] Trafalgar Law ["OP13-031">OP13-031] Destroyed
RZ1|227|2|OP13-031|2|1|6|10|1|1|0|0|0
RZ1|CHK|227|2|29|4|4|1|0|9|11|1|1|1
RZ1|228|1|Don|5|2|5|2|1|1|1|0|0
RZ1|CHK|228|1|36|2|2|1|0|6|9|0|1|4
[You] Deploy Thousand Sunny ["ST31-005">ST31-005]
RZ1|229|1|ST31-005|1|0|7|0|1|1|0|0|0
RZ1|CHK|229|1|36|1|2|1|0|6|9|1|1|4
RZ1|230|1|OP01-016|0|31|1|1|1|1|0|0|0
RZ1|CHK|230|1|35|2|2|1|0|6|9|1|1|4
[You] Thousand Sunny ["ST31-005">ST31-005]: <b>Reveal and Draw Nami ["OP01-016">OP01-016]</b>
[You] Placing Cards on Bottom of Deck
RZ1|231|1|EB02-017|0|34|0|0|0|0|0|0|0
RZ1|CHK|231|1|35|2|2|1|0|6|9|1|1|4
RZ1|232|1|OP13-118|0|34|0|0|0|0|0|0|0
RZ1|CHK|232|1|35|2|2|1|0|6|9|1|1|4
RZ1|233|1|EB02-017|0|34|0|0|0|0|0|0|0
RZ1|CHK|233|1|35|2|2|1|0|6|9|1|1|4
RZ1|234|1|OP13-027|0|34|0|0|0|0|0|0|0
RZ1|CHK|234|1|35|2|2|1|0|6|9|1|1|4
[] Hand: [OP14-031,OP01-016]
[] Board: [EB04-007,OP13-118]
[] Trash: [OP16-004,OP14-031,OP14-022,OP14-022,OP14-022,OP16-004,OP13-040,OP13-040,ST21-003]
[] Life: 1
[] Hand: [OP17-022,OP13-031,OP13-040,OP01-055]
[] Trash: [OP13-031,OP13-040,OP17-031,OP17-031,OP08-036,OP06-038,OP12-034,OP12-034,OP13-040,OP17-031,OP13-031]
[] Board: [OP12-034,OP12-023,ST32-001,OP17-022]
[] Life: 1
[You] End Turn
[] Hand: [OP17-022,OP13-031,OP13-040,OP01-055]
[] Board: [OP12-034,OP12-023,ST32-001,OP17-022]
[] Trash: [OP13-031,OP13-040,OP17-031,OP17-031,OP08-036,OP06-038,OP12-034,OP12-034,OP13-040,OP17-031,OP13-031]
[] Life: 1
[] Hand: [OP14-031,OP01-016]
[] Trash: [OP16-004,OP14-031,OP14-022,OP14-022,OP14-022,OP16-004,OP13-040,OP13-040,ST21-003]
[] Board: [EB04-007,OP13-118]
[] Life: 1
RZ1|235|2|Don|9|0|5|0|1|1|1|0|0
RZ1|CHK|235|2|29|4|4|1|0|10|11|1|1|0
[Opponent] Draw 1 Card
[] Drew card from deck: Yasopp ["OP17-031">OP17-031]
RZ1|236|2|OP17-031|0|28|1|4|1|1|0|0|0
RZ1|CHK|236|2|28|5|4|1|0|10|11|1|1|0
RZ1|237|2|Don|5|0|5|0|1|1|1|0|0
RZ1|CHK|237|2|28|5|4|1|0|10|11|1|1|0
RZ1|238|2|Don|5|1|5|1|1|1|1|0|0
RZ1|CHK|238|2|28|5|4|1|0|10|11|1|1|0
RZ1|239|2|Don|5|2|5|2|1|1|1|0|0
RZ1|CHK|239|2|28|5|4|1|0|10|11|1|1|0
RZ1|240|2|Don|5|3|5|3|1|1|1|0|0
RZ1|CHK|240|2|28|5|4|1|0|10|11|1|1|0
RZ1|241|2|Don|5|4|5|4|1|1|1|0|0
RZ1|CHK|241|2|28|5|4|1|0|10|11|1|1|0
RZ1|242|2|Don|5|5|5|5|1|1|1|0|0
RZ1|CHK|242|2|28|5|4|1|0|10|11|1|1|0
RZ1|243|2|Don|5|6|5|6|1|1|1|0|0
RZ1|CHK|243|2|28|5|4|1|0|10|11|1|1|0
RZ1|244|2|Don|5|7|5|7|1|1|1|0|0
RZ1|CHK|244|2|28|5|4|1|0|10|11|1|1|0
RZ1|245|2|Don|5|8|5|8|1|1|1|0|0
RZ1|CHK|245|2|28|5|4|1|0|10|11|1|1|0
RZ1|246|2|Don|5|9|5|9|1|1|1|0|0
RZ1|CHK|246|2|28|5|4|1|0|10|11|1|1|0
[Opponent] Deploy Shanks ["OP17-022">OP17-022]
RZ1|247|2|OP17-022|1|0|2|4|1|1|0|0|0
RZ1|CHK|247|2|28|4|5|1|0|10|11|1|1|0
[Opponent] Shanks ["OP17-022">OP17-022]: Activate 1 Don
RZ1|248|2|Don|5|9|5|9|1|1|0|0|0
RZ1|CHK|248|2|28|4|5|1|0|10|11|1|1|0
[Opponent] Shanks ["OP17-022">OP17-022]: Activate 1 Don
RZ1|249|2|Don|5|8|5|8|1|1|0|0|0
RZ1|CHK|249|2|28|4|5|1|0|10|11|1|1|0
[Opponent] Shanks ["OP17-022">OP17-022]: Rest Monkey D. Luffy ["OP13-118">OP13-118]
[Opponent] Dracule Mihawk ["OP14-020">OP14-020] attacking Monkey D. Luffy ["OP13-001">OP13-001]
[You] Discard Nami ["OP01-016">OP01-016] for Counter 1000
RZ1|250|1|OP01-016|1|1|6|9|1|1|0|0|0
RZ1|CHK|250|1|35|1|2|1|0|6|10|1|1|4
Dracule Mihawk ["OP14-020">OP14-020][5000] vs Monkey D. Luffy ["OP13-001">OP13-001][6000]
Attack Fails
[Opponent] Kawamatsu ["OP12-023">OP12-023] attacking Monkey D. Luffy ["OP13-001">OP13-001]
Kawamatsu ["OP12-023">OP12-023][6000] vs Monkey D. Luffy ["OP13-001">OP13-001][5000]
Monkey D. Luffy ["OP13-001">OP13-001] hit for 1 damage
RZ1|251|1|OP15-035|3|0|1|1|1|1|0|0|0
RZ1|CHK|251|1|35|2|2|0|0|6|10|1|1|4
[Opponent] Shanks ["OP17-022">OP17-022] attacking Monkey D. Luffy ["OP13-001">OP13-001]
Shanks ["OP17-022">OP17-022][12000] vs Monkey D. Luffy ["OP13-001">OP13-001][5000]
Monkey D. Luffy ["OP13-001">OP13-001] hit for 1 damage
[You] <b>Downloaded the Combat Log!</b>
GameOver