Version is 1.43a.1
[You] Leader is Monkey D. Luffy ["OP13-001">OP13-001]
[Opponent] Leader is Dracule Mihawk ["OP14-020">OP14-020]
RZ1|7|2|OP14-119|0|35|0|0|0|0|0|0|0
RZ1|CHK|7|2|50|0|0|0|10|0|0|0|1|0
RZ1|8|2|OP01-055|0|43|0|1|0|0|0|0|0
RZ1|CHK|8|2|50|0|0|0|10|0|0|0|1|0
RZ1|9|2|OP12-037|0|46|0|2|0|0|0|0|0
RZ1|CHK|9|2|50|0|0|0|10|0|0|0|1|0
RZ1|10|2|OP12-034|0|8|0|3|0|0|0|0|0
RZ1|CHK|10|2|50|0|0|0|10|0|0|0|1|0
RZ1|11|2|OP14-033|0|24|0|4|0|0|0|0|0
RZ1|CHK|11|2|50|0|0|0|10|0|0|0|1|0
RZ1|12|2|OP07-022|0|6|0|5|0|0|0|0|0
RZ1|CHK|12|2|50|0|0|0|10|0|0|0|1|0
RZ1|13|2|ST32-001|0|16|0|6|0|0|0|0|0
RZ1|CHK|13|2|50|0|0|0|10|0|0|0|1|0
RZ1|14|2|ST32-005|0|22|0|7|0|0|0|0|0
RZ1|CHK|14|2|50|0|0|0|10|0|0|0|1|0
RZ1|15|2|OP07-022|0|10|0|8|0|0|0|0|0
RZ1|CHK|15|2|50|0|0|0|10|0|0|0|1|0
RZ1|16|2|OP06-038|0|45|0|9|0|0|0|0|0
RZ1|CHK|16|2|50|0|0|0|10|0|0|0|1|0
RZ1|17|2|ST24-004|0|42|0|10|0|0|0|0|0
RZ1|CHK|17|2|50|0|0|0|10|0|0|0|1|0
RZ1|18|2|OP14-039|0|49|0|11|0|0|0|0|0
RZ1|CHK|18|2|50|0|0|0|10|0|0|0|1|0
RZ1|19|2|ST32-002|0|30|0|12|0|0|0|0|0
RZ1|CHK|19|2|50|0|0|0|10|0|0|0|1|0
RZ1|20|2|ST32-003|0|37|0|13|0|0|0|0|0
RZ1|CHK|20|2|50|0|0|0|10|0|0|0|1|0
RZ1|21|2|OP14-033|0|31|0|14|0|0|0|0|0
RZ1|CHK|21|2|50|0|0|0|10|0|0|0|1|0
RZ1|22|2|ST32-005|0|27|0|15|0|0|0|0|0
RZ1|CHK|22|2|50|0|0|0|10|0|0|0|1|0
RZ1|23|2|OP07-022|0|17|0|16|0|0|0|0|0
RZ1|CHK|23|2|50|0|0|0|10|0|0|0|1|0
RZ1|24|2|OP14-023|0|21|0|17|0|0|0|0|0
RZ1|CHK|24|2|50|0|0|0|10|0|0|0|1|0
RZ1|25|2|OP12-037|0|48|0|18|0|0|0|0|0
RZ1|CHK|25|2|50|0|0|0|10|0|0|0|1|0
RZ1|26|2|ST32-001|0|27|0|19|0|0|0|0|0
RZ1|CHK|26|2|50|0|0|0|10|0|0|0|1|0
RZ1|27|2|OP14-023|0|25|0|21|0|0|0|0|0
RZ1|CHK|27|2|50|0|0|0|10|0|0|0|1|0
RZ1|28|2|OP14-023|0|26|0|22|0|0|0|0|0
RZ1|CHK|28|2|50|0|0|0|10|0|0|0|1|0
RZ1|29|2|OP13-031|0|36|0|23|0|0|0|0|0
RZ1|CHK|29|2|50|0|0|0|10|0|0|0|1|0
RZ1|30|2|OP10-030|0|31|0|24|0|0|0|0|0
RZ1|CHK|30|2|50|0|0|0|10|0|0|0|1|0
RZ1|31|2|OP13-031|0|37|0|25|0|0|0|0|0
RZ1|CHK|31|2|50|0|0|0|10|0|0|0|1|0
RZ1|32|2|OP14-119|0|41|0|26|0|0|0|0|0
RZ1|CHK|32|2|50|0|0|0|10|0|0|0|1|0
RZ1|33|2|ST32-002|0|36|0|27|0|0|0|0|0
RZ1|CHK|33|2|50|0|0|0|10|0|0|0|1|0
RZ1|34|2|OP12-037|0|49|0|28|0|0|0|0|0
RZ1|CHK|34|2|50|0|0|0|10|0|0|0|1|0
RZ1|35|2|OP14-023|0|32|0|29|0|0|0|0|0
RZ1|CHK|35|2|50|0|0|0|10|0|0|0|1|0
RZ1|36|2|OP14-033|0|36|0|30|0|0|0|0|0
RZ1|CHK|36|2|50|0|0|0|10|0|0|0|1|0
RZ1|37|2|ST32-003|0|41|0|32|0|0|0|0|0
RZ1|CHK|37|2|50|0|0|0|10|0|0|0|1|0
RZ1|38|2|ST32-001|0|35|0|33|0|0|0|0|0
RZ1|CHK|38|2|50|0|0|0|10|0|0|0|1|0
RZ1|39|2|ST32-003|0|41|0|34|0|0|0|0|0
RZ1|CHK|39|2|50|0|0|0|10|0|0|0|1|0
RZ1|40|2|ST32-005|0|38|0|35|0|0|0|0|0
RZ1|CHK|40|2|50|0|0|0|10|0|0|0|1|0
RZ1|41|2|OP01-055|0|47|0|36|0|0|0|0|0
RZ1|CHK|41|2|50|0|0|0|10|0|0|0|1|0
RZ1|42|2|ST32-002|0|41|0|37|0|0|0|0|0
RZ1|CHK|42|2|50|0|0|0|10|0|0|0|1|0
RZ1|43|2|ST32-001|0|40|0|38|0|0|0|0|0
RZ1|CHK|43|2|50|0|0|0|10|0|0|0|1|0
RZ1|44|2|ST32-003|0|43|0|39|0|0|0|0|0
RZ1|CHK|44|2|50|0|0|0|10|0|0|0|1|0
RZ1|45|2|ST16-004|0|44|0|40|0|0|0|0|0
RZ1|CHK|45|2|50|0|0|0|10|0|0|0|1|0
RZ1|46|2|OP12-034|0|42|0|41|0|0|0|0|0
RZ1|CHK|46|2|50|0|0|0|10|0|0|0|1|0
RZ1|47|2|OP01-055|0|47|0|42|0|0|0|0|0
RZ1|CHK|47|2|50|0|0|0|10|0|0|0|1|0
RZ1|48|2|OP01-055|0|48|0|43|0|0|0|0|0
RZ1|CHK|48|2|50|0|0|0|10|0|0|0|1|0
RZ1|49|2|ST24-004|0|48|0|44|0|0|0|0|0
RZ1|CHK|49|2|50|0|0|0|10|0|0|0|1|0
RZ1|50|2|OP06-038|0|49|0|45|0|0|0|0|0
RZ1|CHK|50|2|50|0|0|0|10|0|0|0|1|0
RZ1|51|2|ST24-004|0|49|0|46|0|0|0|0|0
RZ1|CHK|51|2|50|0|0|0|10|0|0|0|1|0
RZ1|52|2|ST32-002|0|49|0|47|0|0|0|0|0
RZ1|CHK|52|2|50|0|0|0|10|0|0|0|1|0
[] Drew card from deck: Nami ["OP01-016">OP01-016]
RZ1|53|1|OP01-016|0|49|1|0|1|1|0|0|0
RZ1|CHK|53|1|49|1|0|0|10|0|0|0|1|0
[] Drew card from deck: Monkey D. Luffy ["OP13-118">OP13-118]
RZ1|54|1|OP13-118|0|48|1|1|1|1|0|0|0
RZ1|CHK|54|1|48|2|0|0|10|0|0|0|1|0
[] Drew card from deck: Roronoa Zoro ["EB04-007">EB04-007]
RZ1|55|1|EB04-007|0|47|1|2|1|1|0|0|0
RZ1|CHK|55|1|47|3|0|0|10|0|0|0|1|0
[] Drew card from deck: Tony Tony Chopper ["OP10-011">OP10-011]
RZ1|56|1|OP10-011|0|46|1|3|1|1|0|0|0
RZ1|CHK|56|1|46|4|0|0|10|0|0|0|1|0
[] Drew card from deck: Thousand Sunny ["ST31-005">ST31-005]
RZ1|57|1|ST31-005|0|45|1|4|1|1|0|0|0
RZ1|CHK|57|1|45|5|0|0|10|0|0|0|1|0
[] Drew card from deck: Perona ["OP14-033">OP14-033]
RZ1|58|2|OP14-033|0|49|1|0|1|1|0|0|0
RZ1|CHK|58|2|49|1|0|0|10|0|0|0|1|0
[] Drew card from deck: Perona ["OP12-034">OP12-034]
RZ1|59|2|OP12-034|0|48|1|1|1|1|0|0|0
RZ1|CHK|59|2|48|2|0|0|10|0|0|0|1|0
[] Drew card from deck: Kouzuki Oden ["ST32-002">ST32-002]
RZ1|60|2|ST32-002|0|47|1|2|1|1|0|0|0
RZ1|CHK|60|2|47|3|0|0|10|0|0|0|1|0
[] Drew card from deck: Law & Bepo ["ST24-004">ST24-004]
RZ1|61|2|ST24-004|0|46|1|3|1|1|0|0|0
RZ1|CHK|61|2|46|4|0|0|10|0|0|0|1|0
[] Drew card from deck: Billion-fold World Trichiliocosm ["OP06-038">OP06-038]
RZ1|62|2|OP06-038|0|45|1|4|1|1|0|0|0
RZ1|CHK|62|2|45|5|0|0|10|0|0|0|1|0
RZ1|63|1|OP14-022|0|44|3|0|1|0|0|0|0
RZ1|CHK|63|1|44|5|0|1|10|0|0|0|1|0
RZ1|64|1|OP15-032|0|43|3|1|1|0|0|0|0
RZ1|CHK|64|1|43|5|0|2|10|0|0|0|1|0
RZ1|65|1|OP14-022|0|42|3|2|1|0|0|0|0
RZ1|CHK|65|1|42|5|0|3|10|0|0|0|1|0
RZ1|66|1|OP13-037|0|41|3|3|1|0|0|0|0
RZ1|CHK|66|1|41|5|0|4|10|0|0|0|1|0
RZ1|67|2|ST24-004|0|44|3|0|0|1|0|0|0
RZ1|CHK|67|2|44|5|0|1|10|0|0|0|1|0
RZ1|68|2|OP01-055|0|43|3|1|0|1|0|0|0
RZ1|CHK|68|2|43|5|0|2|10|0|0|0|1|0
RZ1|69|2|OP01-055|0|42|3|2|0|1|0|0|0
RZ1|CHK|69|2|42|5|0|3|10|0|0|0|1|0
RZ1|70|2|OP12-034|0|41|3|3|0|1|0|0|0
RZ1|CHK|70|2|41|5|0|4|10|0|0|0|1|0
RZ1|71|2|ST16-004|0|40|3|4|0|1|0|0|0
RZ1|CHK|71|2|40|5|0|5|10|0|0|0|1|0
[] Hand: [OP01-016,OP13-118,EB04-007,OP10-011,ST31-005]
[] Board: []
[] Trash: []
[] Life: 4
[] Hand: [OP14-033,OP12-034,ST32-002,ST24-004,OP06-038]
[] Trash: []
[] Board: []
[] Life: 5
RZ1|72|1|Don|4|9|5|0|1|1|0|0|0
RZ1|CHK|72|1|41|5|0|4|9|1|0|0|1|0
[You] Draw 1 Don
RZ1|73|1|Don|5|0|9|9900|1|1|0|0|0
RZ1|CHK|73|1|41|5|0|4|9|0|0|0|1|1
[You] Attach 1 Don to Monkey D. Luffy ["OP13-001">OP13-001] (1 Total)
[] Hand: [OP01-016,OP13-118,EB04-007,OP10-011,ST31-005]
[] Board: []
[] Trash: []
[] Life: 4
[] Hand: [OP14-033,OP12-034,ST32-002,ST24-004,OP06-038]
[] Trash: []
[] Board: []
[] Life: 5
[You] End Turn
[] Hand: [OP14-033,OP12-034,ST32-002,ST24-004,OP06-038]
[] Board: []
[] Trash: []
[] Life: 5
[] Hand: [OP01-016,OP13-118,EB04-007,OP10-011,ST31-005]
[] Trash: []
[] Board: []
[] Life: 4
[Opponent] Draw 1 Card
[] Drew card from deck: Dracule Mihawk ["ST32-003">ST32-003]
RZ1|74|2|ST32-003|0|39|1|5|1|1|0|0|0
RZ1|CHK|74|2|39|6|0|5|10|0|0|0|1|0
RZ1|75|2|Don|4|9|5|0|1|1|0|0|0
RZ1|CHK|75|2|39|6|0|5|9|1|0|0|1|0
RZ1|76|2|Don|4|8|5|1|1|1|0|0|0
RZ1|CHK|76|2|39|6|0|5|8|2|0|0|1|0
[Opponent] Draw 2 Don
RZ1|77|2|Don|5|0|5|0|1|1|1|0|0
RZ1|CHK|77|2|39|6|0|5|8|2|0|0|1|0
[Opponent] Deploy Perona ["OP12-034">OP12-034]
RZ1|78|2|OP12-034|1|1|2|0|1|1|0|0|0
RZ1|CHK|78|2|39|5|1|5|8|2|0|0|1|0
RZ1|79|2|ST32-005|0|35|1|5|1|1|0|0|0
RZ1|CHK|79|2|38|6|1|5|8|2|0|0|1|0
[Opponent] Perona ["OP12-034">OP12-034]: <b>Reveal and Draw Roronoa Zoro ["ST32-005">ST32-005]</b>
[Opponent] Placing Cards on Bottom of Deck
RZ1|80|2|ST32-001|0|37|0|0|0|0|0|0|0
RZ1|CHK|80|2|38|6|1|5|8|2|0|0|1|0
RZ1|81|2|ST32-002|0|37|0|0|0|0|0|0|0
RZ1|CHK|81|2|38|6|1|5|8|2|0|0|1|0
RZ1|82|2|OP01-055|0|37|0|0|0|0|0|0|0
RZ1|CHK|82|2|38|6|1|5|8|2|0|0|1|0
RZ1|83|2|ST32-003|0|37|0|0|0|0|0|0|0
RZ1|CHK|83|2|38|6|1|5|8|2|0|0|1|0
RZ1|84|2|Don|5|1|5|1|1|1|1|0|0
RZ1|CHK|84|2|38|6|1|5|8|2|0|0|1|0
[Opponent] Deploy Roronoa Zoro ["ST32-005">ST32-005]
RZ1|85|2|ST32-005|1|5|2|1|1|1|0|0|0
RZ1|CHK|85|2|38|5|2|5|8|2|0|0|1|0
[] Hand: [OP14-033,ST32-002,ST24-004,OP06-038,ST32-003]
[] Board: [OP12-034,ST32-005]
[] Trash: []
[] Life: 5
[] Hand: [OP01-016,OP13-118,EB04-007,OP10-011,ST31-005]
[] Trash: []
[] Board: []
[] Life: 4
[Opponent] End Turn
[] Hand: [OP01-016,OP13-118,EB04-007,OP10-011,ST31-005]
[] Board: []
[] Trash: []
[] Life: 4
[] Hand: [OP14-033,ST32-002,ST24-004,OP06-038,ST32-003]
[] Trash: []
[] Board: [OP12-034,ST32-005]
[] Life: 5
RZ1|86|1|Don|9|9900|5|0|1|1|1|0|0
RZ1|CHK|86|1|41|5|0|4|9|1|0|0|1|0
[You] Draw 1 Card
[] Drew card from deck: Curiel ["OP16-004">OP16-004]
RZ1|87|1|OP16-004|0|40|1|5|1|1|0|0|0
RZ1|CHK|87|1|40|6|0|4|9|1|0|0|1|0
RZ1|88|1|Don|4|8|5|1|1|1|0|0|0
RZ1|CHK|88|1|40|6|0|4|8|2|0|0|1|0
RZ1|89|1|Don|4|7|5|2|1|1|0|0|0
RZ1|CHK|89|1|40|6|0|4|7|3|0|0|1|0
[You] Draw 2 Don
RZ1|90|1|Don|5|0|5|0|1|1|1|0|0
RZ1|CHK|90|1|40|6|0|4|7|3|0|0|1|0
[You] Deploy Thousand Sunny ["ST31-005">ST31-005]
RZ1|91|1|ST31-005|1|4|7|0|1|1|0|0|0
RZ1|CHK|91|1|40|5|0|4|7|3|0|1|1|0
RZ1|92|1|OP14-031|0|39|1|5|1|1|0|0|0
RZ1|CHK|92|1|39|6|0|4|7|3|0|1|1|0
[You] Thousand Sunny ["ST31-005">ST31-005]: <b>Reveal and Draw Nami ["OP14-031">OP14-031]</b>
[You] Placing Cards on Bottom of Deck
RZ1|93|1|OP05-038|0|38|0|0|0|0|0|0|0
RZ1|CHK|93|1|39|6|0|4|7|3|0|1|1|0
RZ1|94|1|OP14-022|0|38|0|0|0|0|0|0|0
RZ1|CHK|94|1|39|6|0|4|7|3|0|1|1|0
RZ1|95|1|OP13-118|0|38|0|0|0|0|0|0|0
RZ1|CHK|95|1|39|6|0|4|7|3|0|1|1|0
RZ1|96|1|OP14-022|0|38|0|0|0|0|0|0|0
RZ1|CHK|96|1|39|6|0|4|7|3|0|1|1|0
RZ1|97|1|Don|5|1|5|1|1|1|1|0|0
RZ1|CHK|97|1|39|6|0|4|7|3|0|1|1|0
[You] Deploy Nami ["OP01-016">OP01-016]
RZ1|98|1|OP01-016|1|0|2|0|1|1|0|0|0
RZ1|CHK|98|1|39|5|1|4|7|3|0|1|1|0
[You] Nami ["OP01-016">OP01-016]: <b>Reveal and Draw Sanji ["OP13-027">OP13-027]</b>
RZ1|99|1|OP13-027|0|36|1|5|1|1|0|0|0
RZ1|CHK|99|1|38|6|1|4|7|3|0|1|1|0
RZ1|100|1|OP15-035|0|37|0|0|0|0|0|0|0
RZ1|CHK|100|1|38|6|1|4|7|3|0|1|1|0
RZ1|101|1|OP01-016|0|37|0|0|0|0|0|0|0
RZ1|CHK|101|1|38|6|1|4|7|3|0|1|1|0
RZ1|102|1|OP13-027|0|37|0|0|0|0|0|0|0
RZ1|CHK|102|1|38|6|1|4|7|3|0|1|1|0
RZ1|103|1|OP13-040|0|37|0|0|0|0|0|0|0
RZ1|CHK|103|1|38|6|1|4|7|3|0|1|1|0
[You] Monkey D. Luffy ["OP13-001">OP13-001] attacking Dracule Mihawk ["OP14-020">OP14-020]
Monkey D. Luffy ["OP13-001">OP13-001][5000] vs Dracule Mihawk ["OP14-020">OP14-020][5000]
Dracule Mihawk ["OP14-020">OP14-020] hit for 1 damage
RZ1|104|2|ST16-004|3|4|1|5|1|1|0|0|0
RZ1|CHK|104|2|38|6|2|4|8|2|0|0|1|0
RZ1|105|1|Don|5|2|9|9900|1|1|0|0|0
RZ1|CHK|105|1|38|6|1|4|7|2|0|1|1|1
[You] Attach 1 Don to Monkey D. Luffy ["OP13-001">OP13-001] (1 Total)
[] Hand: [OP13-118,EB04-007,OP10-011,OP16-004,OP14-031,OP13-027]
[] Board: [OP01-016]
[] Trash: []
[] Life: 4
[] Hand: [OP14-033,ST32-002,ST24-004,OP06-038,ST32-003,ST16-004]
[] Trash: []
[] Board: [OP12-034,ST32-005]
[] Life: 4
[You] End Turn
[] Hand: [OP14-033,ST32-002,ST24-004,OP06-038,ST32-003,ST16-004]
[] Board: [OP12-034,ST32-005]
[] Trash: []
[] Life: 4
[] Hand: [OP13-118,EB04-007,OP10-011,OP16-004,OP14-031,OP13-027]
[] Trash: []
[] Board: [OP01-016]
[] Life: 4
[Opponent] Draw 1 Card
[] Drew card from deck: Kin'emon ["ST32-001">ST32-001]
RZ1|106|2|ST32-001|0|37|1|6|1|1|0|0|0
RZ1|CHK|106|2|37|7|2|4|8|2|0|0|1|0
RZ1|107|2|Don|4|7|5|2|1|1|0|0|0
RZ1|CHK|107|2|37|7|2|4|7|3|0|0|1|0
RZ1|108|2|Don|4|6|5|3|1|1|0|0|0
RZ1|CHK|108|2|37|7|2|4|6|4|0|0|1|0
[Opponent] Draw 2 Don
[Opponent] Dracule Mihawk ["OP14-020">OP14-020] attacking Monkey D. Luffy ["OP13-001">OP13-001]
Dracule Mihawk ["OP14-020">OP14-020][5000] vs Monkey D. Luffy ["OP13-001">OP13-001][5000]
Monkey D. Luffy ["OP13-001">OP13-001] hit for 1 damage
RZ1|109|1|OP13-037|3|3|1|6|1|1|0|0|0
RZ1|CHK|109|1|38|7|1|3|7|2|0|1|1|1
RZ1|110|2|Don|5|0|9|0|1|1|0|0|0
RZ1|CHK|110|2|37|7|2|4|6|3|0|0|1|1
RZ1|111|2|Don|5|0|9|1|1|1|0|0|0
RZ1|CHK|111|2|37|7|2|4|6|2|0|0|1|2
RZ1|112|2|Don|5|0|9|2|1|1|0|0|0
RZ1|CHK|112|2|37|7|2|4|6|1|0|0|1|3
[Opponent] Attach 3 Don to Perona ["OP12-034">OP12-034] (3 Total)
[Opponent] Perona ["OP12-034">OP12-034] attacking Monkey D. Luffy ["OP13-001">OP13-001]
[You] Discard Tony Tony Chopper ["OP10-011">OP10-011] for Counter 2000
RZ1|113|1|OP10-011|1|2|6|0|1|1|0|0|0
RZ1|CHK|113|1|38|6|1|3|7|2|1|1|1|1
Perona ["OP12-034">OP12-034][5000] vs Monkey D. Luffy ["OP13-001">OP13-001][7000]
Attack Fails
RZ1|114|2|Don|5|0|5|0|1|1|1|0|0
RZ1|CHK|114|2|37|7|2|4|6|1|0|0|1|3
[Opponent] Deploy Kin'emon ["ST32-001">ST32-001]
RZ1|115|2|ST32-001|1|6|2|2|1|1|0|0|0
RZ1|CHK|115|2|37|6|3|4|6|1|0|0|1|3
[] Hand: [OP14-033,ST32-002,ST24-004,OP06-038,ST32-003,ST16-004]
[] Board: [OP12-034,ST32-005,ST32-001]
[] Trash: []
[] Life: 4
[] Hand: [OP13-118,EB04-007,OP16-004,OP14-031,OP13-027,OP13-037]
[] Trash: [OP10-011]
[] Board: [OP01-016]
[] Life: 3
[Opponent] End Turn
[] Hand: [OP13-118,EB04-007,OP16-004,OP14-031,OP13-027,OP13-037]
[] Board: [OP01-016]
[] Trash: [OP10-011]
[] Life: 3
[] Hand: [OP14-033,ST32-002,ST24-004,OP06-038,ST32-003,ST16-004]
[] Trash: []
[] Board: [OP12-034,ST32-005,ST32-001]
[] Life: 4
RZ1|116|1|Don|9|9900|5|0|1|1|1|0|0
RZ1|CHK|116|1|38|6|1|3|7|3|1|1|1|0
[You] Draw 1 Card
[] Drew card from deck: Roronoa Zoro ["EB04-007">EB04-007]
RZ1|117|1|EB04-007|0|37|1|6|1|1|0|0|0
RZ1|CHK|117|1|37|7|1|3|7|3|1|1|1|0
RZ1|118|1|Don|4|6|5|3|1|1|0|0|0
RZ1|CHK|118|1|37|7|1|3|6|4|1|1|1|0
RZ1|119|1|Don|4|5|5|4|1|1|0|0|0
RZ1|CHK|119|1|37|7|1|3|5|5|1|1|1|0
[You] Draw 2 Don
RZ1|120|1|Don|5|0|5|0|1|1|1|0|0
RZ1|CHK|120|1|37|7|1|3|5|5|1|1|1|0
RZ1|121|1|Don|5|1|5|1|1|1|1|0|0
RZ1|CHK|121|1|37|7|1|3|5|5|1|1|1|0
RZ1|122|1|Don|5|2|5|2|1|1|1|0|0
RZ1|CHK|122|1|37|7|1|3|5|5|1|1|1|0
RZ1|123|1|Don|5|3|5|3|1|1|1|0|0
RZ1|CHK|123|1|37|7|1|3|5|5|1|1|1|0
RZ1|124|1|Don|5|4|5|4|1|1|1|0|0
RZ1|CHK|124|1|37|7|1|3|5|5|1|1|1|0
[You] Deploy Sanji ["OP13-027">OP13-027]
RZ1|125|1|OP13-027|1|4|2|1|1|1|0|0|0
RZ1|CHK|125|1|37|6|2|3|5|5|1|1|1|0
[You] Sanji ["OP13-027">OP13-027]: Activate 1 Don
RZ1|126|1|Don|5|4|5|4|1|1|0|0|0
RZ1|CHK|126|1|37|6|2|3|5|5|1|1|1|0
[You] Sanji ["OP13-027">OP13-027]: Activate 1 Don
RZ1|127|1|Don|5|3|5|3|1|1|0|0|0
RZ1|CHK|127|1|37|6|2|3|5|5|1|1|1|0
[You] Monkey D. Luffy ["OP13-001">OP13-001] attacking Dracule Mihawk ["OP14-020">OP14-020]
Monkey D. Luffy ["OP13-001">OP13-001][5000] vs Dracule Mihawk ["OP14-020">OP14-020][5000]
Dracule Mihawk ["OP14-020">OP14-020] hit for 1 damage
RZ1|128|2|OP12-034|3|3|1|6|1|1|0|0|0
RZ1|CHK|128|2|37|7|3|3|6|1|0|0|1|3
[You] Thousand Sunny ["ST31-005">ST31-005]: Rest Thousand Sunny ["ST31-005">ST31-005]
[You] Thousand Sunny ["ST31-005">ST31-005]: Attach 1 Rested Don to Monkey D. Luffy ["OP13-001">OP13-001]
RZ1|129|1|Don|5|0|9|9900|1|1|1|0|0
RZ1|CHK|129|1|37|6|2|3|5|4|1|1|1|1
[You] Nami ["OP01-016">OP01-016] attacking Perona ["OP12-034">OP12-034]
[Opponent] Discard Perona ["OP14-033">OP14-033] for Counter 1000
RZ1|130|2|OP14-033|1|0|6|0|1|1|0|0|0
RZ1|CHK|130|2|37|6|3|3|6|1|1|0|1|3
Nami ["OP01-016">OP01-016][2000] vs Perona ["OP12-034">OP12-034][3000]
Attack Fails
[You] Sanji ["OP13-027">OP13-027]: Activate 1 Don
RZ1|131|1|Don|5|1|5|1|1|1|0|0|0
RZ1|CHK|131|1|37|6|2|3|5|4|1|1|1|1
[] Hand: [OP13-118,EB04-007,OP16-004,OP14-031,OP13-037,EB04-007]
[] Board: [OP01-016,OP13-027]
[] Trash: [OP10-011]
[] Life: 3
[] Hand: [ST32-002,ST24-004,OP06-038,ST32-003,ST16-004,OP12-034]
[] Trash: [OP14-033]
[] Board: [OP12-034,ST32-005,ST32-001]
[] Life: 3
[You] End Turn
[] Hand: [ST32-002,ST24-004,OP06-038,ST32-003,ST16-004,OP12-034]
[] Board: [OP12-034,ST32-005,ST32-001]
[] Trash: [OP14-033]
[] Life: 3
[] Hand: [OP13-118,EB04-007,OP16-004,OP14-031,OP13-037,EB04-007]
[] Trash: [OP10-011]
[] Board: [OP01-016,OP13-027]
[] Life: 3
RZ1|132|2|Don|9|0|5|0|1|1|1|0|0
RZ1|CHK|132|2|37|6|3|3|6|2|1|0|1|2
RZ1|133|2|Don|9|0|5|0|1|1|1|0|0
RZ1|CHK|133|2|37|6|3|3|6|3|1|0|1|1
RZ1|134|2|Don|9|0|5|0|1|1|1|0|0
RZ1|CHK|134|2|37|6|3|3|6|4|1|0|1|0
[Opponent] Draw 1 Card
[] Drew card from deck: Dracule Mihawk ["ST32-003">ST32-003]
RZ1|135|2|ST32-003|0|36|1|6|1|1|0|0|0
RZ1|CHK|135|2|36|7|3|3|6|4|1|0|1|0
RZ1|136|2|Don|4|5|5|4|1|1|0|0|0
RZ1|CHK|136|2|36|7|3|3|5|5|1|0|1|0
RZ1|137|2|Don|4|4|5|5|1|1|0|0|0
RZ1|CHK|137|2|36|7|3|3|4|6|1|0|1|0
[Opponent] Draw 2 Don
RZ1|138|2|Don|5|0|5|0|1|1|1|0|0
RZ1|CHK|138|2|36|7|3|3|4|6|1|0|1|0
RZ1|139|2|Don|5|1|5|1|1|1|1|0|0
RZ1|CHK|139|2|36|7|3|3|4|6|1|0|1|0
RZ1|140|2|Don|5|2|5|2|1|1|1|0|0
RZ1|CHK|140|2|36|7|3|3|4|6|1|0|1|0
RZ1|141|2|Don|5|3|5|3|1|1|1|0|0
RZ1|CHK|141|2|36|7|3|3|4|6|1|0|1|0
RZ1|142|2|Don|5|4|5|4|1|1|1|0|0
RZ1|CHK|142|2|36|7|3|3|4|6|1|0|1|0
RZ1|143|2|Don|5|5|5|5|1|1|1|0|0
RZ1|CHK|143|2|36|7|3|3|4|6|1|0|1|0
[Opponent] Deploy Dracule Mihawk ["ST32-003">ST32-003]
RZ1|144|2|ST32-003|1|3|2|3|1|1|0|0|0
RZ1|CHK|144|2|36|6|4|3|4|6|1|0|1|0
RZ1|145|2|ST32-002|1|0|2|4|1|1|0|0|0
RZ1|CHK|145|2|36|5|5|3|4|6|1|0|1|0
[Opponent] Dracule Mihawk ["ST32-003">ST32-003]: Deploy Kouzuki Oden ["ST32-002">ST32-002]
[] Drew card from deck: Perona ["OP12-034">OP12-034]
RZ1|146|2|OP12-034|0|35|1|5|1|1|0|0|0
RZ1|CHK|146|2|35|6|5|3|4|6|1|0|1|0
[Opponent] Kouzuki Oden ["ST32-002">ST32-002]: Draw 1 Card
[Opponent] Kouzuki Oden ["ST32-002">ST32-002]: Sanji ["OP13-027">OP13-027] can't be rested until next turn ends
[Opponent] Dracule Mihawk ["OP14-020">OP14-020] attacking Monkey D. Luffy ["OP13-001">OP13-001]
[You] Discard Roronoa Zoro ["OP13-037">OP13-037] for Counter 1000
RZ1|147|1|OP13-037|1|4|6|1|1|1|0|0|0
RZ1|CHK|147|1|37|5|2|3|5|4|2|1|1|1
Dracule Mihawk ["OP14-020">OP14-020][5000] vs Monkey D. Luffy ["OP13-001">OP13-001][6000]
Attack Fails
[Opponent] Perona ["OP12-034">OP12-034] attacking Nami ["OP01-016">OP01-016]
Perona ["OP12-034">OP12-034][2000] vs Nami ["OP01-016">OP01-016][2000]
[You] Nami ["OP01-016">OP01-016] Destroyed
RZ1|148|1|OP01-016|2|0|6|2|1|1|0|0|0
RZ1|CHK|148|1|37|5|1|3|5|4|3|1|1|1
[Opponent] Dracule Mihawk ["OP14-020">OP14-020]: Rest Kin'emon ["ST32-001">ST32-001]
[Opponent] Dracule Mihawk ["OP14-020">OP14-020]: Can't play Cost 1 Or More Characters for the Turn!
[] Hand: [ST24-004,OP06-038,ST16-004,OP12-034,ST32-003,OP12-034]
[] Board: [OP12-034,ST32-005,ST32-001,ST32-003,ST32-002]
[] Trash: [OP14-033]
[] Life: 3
[] Hand: [OP13-118,EB04-007,OP16-004,OP14-031,EB04-007]
[] Trash: [OP10-011,OP13-037,OP01-016]
[] Board: [OP13-027]
[] Life: 3
[Opponent] End Turn
[] Hand: [OP13-118,EB04-007,OP16-004,OP14-031,EB04-007]
[] Board: [OP13-027]
[] Trash: [OP10-011,OP13-037,OP01-016]
[] Life: 3
[] Hand: [ST24-004,OP06-038,ST16-004,OP12-034,ST32-003,OP12-034]
[] Trash: [OP14-033]
[] Board: [OP12-034,ST32-005,ST32-001,ST32-003,ST32-002]
[] Life: 3
RZ1|149|1|Don|9|9900|5|0|1|1|1|0|0
RZ1|CHK|149|1|37|5|1|3|5|5|3|1|1|0
[You] Draw 1 Card
[] Drew card from deck: Nami ["EB02-017">EB02-017]
RZ1|150|1|EB02-017|0|36|1|5|1|1|0|0|0
RZ1|CHK|150|1|36|6|1|3|5|5|3|1|1|0
RZ1|151|1|Don|4|4|5|5|1|1|0|0|0
RZ1|CHK|151|1|36|6|1|3|4|6|3|1|1|0
RZ1|152|1|Don|4|3|5|6|1|1|0|0|0
RZ1|CHK|152|1|36|6|1|3|3|7|3|1|1|0
[You] Draw 2 Don
[You] Monkey D. Luffy ["OP13-001">OP13-001] attacking Dracule Mihawk ["OP14-020">OP14-020]
[Opponent] Discard Perona ["OP12-034">OP12-034] for Counter 1000
RZ1|153|2|OP12-034|1|3|6|1|1|1|0|0|0
RZ1|CHK|153|2|35|5|5|3|4|6|2|0|1|0
Monkey D. Luffy ["OP13-001">OP13-001][5000] vs Dracule Mihawk ["OP14-020">OP14-020][6000]
Attack Fails
RZ1|154|1|Don|5|0|5|0|1|1|1|0|0
RZ1|CHK|154|1|36|6|1|3|3|7|3|1|1|0
RZ1|155|1|Don|5|1|5|1|1|1|1|0|0
RZ1|CHK|155|1|36|6|1|3|3|7|3|1|1|0
RZ1|156|1|Don|5|2|5|2|1|1|1|0|0
RZ1|CHK|156|1|36|6|1|3|3|7|3|1|1|0
RZ1|157|1|Don|5|3|5|3|1|1|1|0|0
RZ1|CHK|157|1|36|6|1|3|3|7|3|1|1|0
RZ1|158|1|Don|5|4|5|4|1|1|1|0|0
RZ1|CHK|158|1|36|6|1|3|3|7|3|1|1|0
RZ1|159|1|Don|5|5|5|5|1|1|1|0|0
RZ1|CHK|159|1|36|6|1|3|3|7|3|1|1|0
RZ1|160|1|Don|5|6|5|6|1|1|1|0|0
RZ1|CHK|160|1|36|6|1|3|3|7|3|1|1|0
[You] Deploy Roronoa Zoro ["EB04-007">EB04-007]
RZ1|161|1|EB04-007|1|1|2|1|1|1|0|0|0
RZ1|CHK|161|1|36|5|2|3|3|7|3|1|1|0
[You] Roronoa Zoro ["EB04-007">EB04-007]: Grant Monkey D. Luffy ["OP13-001">OP13-001] 2000 until opponent's next turn end
[You] Thousand Sunny ["ST31-005">ST31-005]: Rest Thousand Sunny ["ST31-005">ST31-005]
[You] Thousand Sunny ["ST31-005">ST31-005]: Attach 1 Rested Don to Monkey D. Luffy ["OP13-001">OP13-001]
RZ1|162|1|Don|5|0|9|9900|1|1|1|0|0
RZ1|CHK|162|1|36|5|2|3|3|6|3|1|1|1
[You] Sanji ["OP13-027">OP13-027]: Activate 1 Don
RZ1|163|1|Don|5|5|5|5|1|1|0|0|0
RZ1|CHK|163|1|36|5|2|3|3|6|3|1|1|1
[] Hand: [OP13-118,OP16-004,OP14-031,EB04-007,EB02-017]
[] Board: [OP13-027,EB04-007]
[] Trash: [OP10-011,OP13-037,OP01-016]
[] Life: 3
[] Hand: [ST24-004,OP06-038,ST16-004,ST32-003,OP12-034]
[] Trash: [OP14-033,OP12-034]
[] Board: [OP12-034,ST32-005,ST32-001,ST32-003,ST32-002]
[] Life: 3
[You] End Turn
[] Hand: [ST24-004,OP06-038,ST16-004,ST32-003,OP12-034]
[] Board: [OP12-034,ST32-005,ST32-001,ST32-003,ST32-002]
[] Trash: [OP14-033,OP12-034]
[] Life: 3
[] Hand: [OP13-118,OP16-004,OP14-031,EB04-007,EB02-017]
[] Trash: [OP10-011,OP13-037,OP01-016]
[] Board: [OP13-027,EB04-007]
[] Life: 3
[Opponent] Draw 1 Card
[] Drew card from deck: Perona ["OP14-033">OP14-033]
RZ1|164|2|OP14-033|0|34|1|5|1|1|0|0|0
RZ1|CHK|164|2|34|6|5|3|4|6|2|0|1|0
RZ1|165|2|Don|4|3|5|6|1|1|0|0|0
RZ1|CHK|165|2|34|6|5|3|3|7|2|0|1|0
RZ1|166|2|Don|4|2|5|7|1|1|0|0|0
RZ1|CHK|166|2|34|6|5|3|2|8|2|0|1|0
[Opponent] Draw 2 Don
RZ1|167|2|Don|5|0|5|0|1|1|1|0|0
RZ1|CHK|167|2|34|6|5|3|2|8|2|0|1|0
RZ1|168|2|Don|5|1|5|1|1|1|1|0|0
RZ1|CHK|168|2|34|6|5|3|2|8|2|0|1|0
RZ1|169|2|Don|5|2|5|2|1|1|1|0|0
RZ1|CHK|169|2|34|6|5|3|2|8|2|0|1|0
RZ1|170|2|Don|5|3|5|3|1|1|1|0|0
RZ1|CHK|170|2|34|6|5|3|2|8|2|0|1|0
RZ1|171|2|Don|5|4|5|4|1|1|1|0|0
RZ1|CHK|171|2|34|6|5|3|2|8|2|0|1|0
RZ1|172|2|Don|5|5|5|5|1|1|1|0|0
RZ1|CHK|172|2|34|6|5|3|2|8|2|0|1|0
[Opponent] Trash Perona ["OP12-034">OP12-034]
[Opponent] Deploy Dracule Mihawk ["ST32-003">ST32-003]
RZ1|173|2|OP12-034|2|0|6|2|1|1|0|0|0
RZ1|CHK|173|2|34|6|4|3|2|8|3|0|1|0
RZ1|174|2|ST32-003|1|3|2|4|1|1|0|0|0
RZ1|CHK|174|2|34|5|5|3|2|8|3|0|1|0
RZ1|175|2|ST32-001|2|1|6|3|1|1|0|0|0
RZ1|CHK|175|2|34|5|4|3|2|8|4|0|1|0
[Opponent] Trash Kin'emon ["ST32-001">ST32-001]
RZ1|176|2|OP14-033|1|4|2|4|1|1|0|0|0
RZ1|CHK|176|2|34|4|5|3|2|8|4|0|1|0
[Opponent] Dracule Mihawk ["ST32-003">ST32-003]: Deploy Perona ["OP14-033">OP14-033]
[Opponent] Perona ["OP14-033">OP14-033]: Sanji ["OP13-027">OP13-027] can't be rested until next turn ends
[Opponent] Dracule Mihawk ["OP14-020">OP14-020]: Rest Roronoa Zoro ["ST32-005">ST32-005]
[Opponent] Dracule Mihawk ["OP14-020">OP14-020]: Activate 1 Don
RZ1|177|2|Don|5|5|5|5|1|1|0|0|0
RZ1|CHK|177|2|34|4|5|3|2|8|4|0|1|0
[Opponent] Dracule Mihawk ["OP14-020">OP14-020]: Activate 1 Don
RZ1|178|2|Don|5|4|5|4|1|1|0|0|0
RZ1|CHK|178|2|34|4|5|3|2|8|4|0|1|0
[Opponent] Dracule Mihawk ["OP14-020">OP14-020]: Activate 1 Don
RZ1|179|2|Don|5|3|5|3|1|1|0|0|0
RZ1|CHK|179|2|34|4|5|3|2|8|4|0|1|0
[Opponent] Dracule Mihawk ["OP14-020">OP14-020]: Can't play Cost 1 Or More Characters for the Turn!
RZ1|180|2|Don|5|3|9|100|1|1|0|0|0
RZ1|CHK|180|2|34|4|5|3|2|7|4|0|1|1
RZ1|181|2|Don|5|3|9|101|1|1|0|0|0
RZ1|CHK|181|2|34|4|5|3|2|6|4|0|1|2
[Opponent] Attach 2 Don to Dracule Mihawk ["ST32-003">ST32-003] (2 Total)
RZ1|182|2|Don|5|3|9|102|1|1|0|0|0
RZ1|CHK|182|2|34|4|5|3|2|5|4|0|1|3
RZ1|183|2|Don|5|3|9|103|1|1|0|0|0
RZ1|CHK|183|2|34|4|5|3|2|4|4|0|1|4
[Opponent] Attach 2 Don to Dracule Mihawk ["ST32-003">ST32-003] (4 Total)
[Opponent] Dracule Mihawk ["ST32-003">ST32-003] attacking Monkey D. Luffy ["OP13-001">OP13-001]
[] Drew card from deck: Kikunojo ["OP14-023">OP14-023]
RZ1|184|2|OP14-023|0|33|1|4|1|1|0|0|0
RZ1|CHK|184|2|33|5|5|3|2|4|4|0|1|4
[Opponent] Dracule Mihawk ["ST32-003">ST32-003]: Draw 1 Card
RZ1|185|2|OP14-023|1|4|6|4|1|1|0|0|0
RZ1|CHK|185|2|33|4|5|3|2|4|5|0|1|4
[Opponent] Dracule Mihawk ["ST32-003">ST32-003]: Trash Kikunojo ["OP14-023">OP14-023]
Dracule Mihawk ["ST32-003">ST32-003][11000] vs Monkey D. Luffy ["OP13-001">OP13-001][7000]
Monkey D. Luffy ["OP13-001">OP13-001] hit for 1 damage
RZ1|186|1|OP14-022|3|2|1|5|1|1|0|0|0
RZ1|CHK|186|1|36|6|2|2|3|6|3|1|1|1
RZ1|187|2|Don|5|3|9|200|1|1|0|0|0
RZ1|CHK|187|2|33|4|5|3|2|3|5|0|1|5
[Opponent] Attach 1 Don to Kouzuki Oden ["ST32-002">ST32-002] (1 Total)
[Opponent] Kouzuki Oden ["ST32-002">ST32-002] attacking Monkey D. Luffy ["OP13-001">OP13-001]
[You] Discard Nami ["EB02-017">EB02-017] for Counter 1000
RZ1|188|1|EB02-017|1|4|6|3|1|1|0|0|0
RZ1|CHK|188|1|36|5|2|2|3|6|4|1|1|1
Kouzuki Oden ["ST32-002">ST32-002][7000] vs Monkey D. Luffy ["OP13-001">OP13-001][8000]
Attack Fails
[] Hand: [ST24-004,OP06-038,ST16-004,OP12-034]
[] Board: [ST32-005,ST32-003,ST32-002,ST32-003,OP14-033]
[] Trash: [OP14-033,OP12-034,OP12-034,ST32-001,OP14-023]
[] Life: 3
[] Hand: [OP13-118,OP16-004,OP14-031,EB04-007,OP14-022]
[] Trash: [OP10-011,OP13-037,OP01-016,EB02-017]
[] Board: [OP13-027,EB04-007]
[] Life: 2
[Opponent] End Turn
[] Hand: [OP13-118,OP16-004,OP14-031,EB04-007,OP14-022]
[] Board: [OP13-027,EB04-007]
[] Trash: [OP10-011,OP13-037,OP01-016,EB02-017]
[] Life: 2
[] Hand: [ST24-004,OP06-038,ST16-004,OP12-034]
[] Trash: [OP14-033,OP12-034,OP12-034,ST32-001,OP14-023]
[] Board: [ST32-005,ST32-003,ST32-002,ST32-003,OP14-033]
[] Life: 3
RZ1|189|1|Don|9|9900|5|0|1|1|1|0|0
RZ1|CHK|189|1|36|5|2|2|3|7|4|1|1|0
[You] Draw 1 Card
[] Drew card from deck: Monkey D. Luffy ["OP13-118">OP13-118]
RZ1|190|1|OP13-118|0|35|1|5|1|1|0|0|0
RZ1|CHK|190|1|35|6|2|2|3|7|4|1|1|0
RZ1|191|1|Don|4|2|5|7|1|1|0|0|0
RZ1|CHK|191|1|35|6|2|2|2|8|4|1|1|0
RZ1|192|1|Don|4|1|5|8|1|1|0|0|0
RZ1|CHK|192|1|35|6|2|2|1|9|4|1|1|0
[You] Draw 2 Don
[You] Thousand Sunny ["ST31-005">ST31-005]: Rest Thousand Sunny ["ST31-005">ST31-005]
RZ1|193|1|Don|5|0|9|9900|1|1|0|0|0
RZ1|CHK|193|1|35|6|2|2|1|8|4|1|1|1
[You] Attach 1 Don to Monkey D. Luffy ["OP13-001">OP13-001] (1 Total)
[You] Monkey D. Luffy ["OP13-001">OP13-001] attacking Dracule Mihawk ["OP14-020">OP14-020]
Monkey D. Luffy ["OP13-001">OP13-001][6000] vs Dracule Mihawk ["OP14-020">OP14-020][5000]
Dracule Mihawk ["OP14-020">OP14-020] hit for 1 damage
RZ1|194|2|OP01-055|3|2|1|4|1|1|0|0|0
RZ1|CHK|194|2|33|5|5|2|2|3|5|0|1|5
[You] Roronoa Zoro ["EB04-007">EB04-007] attacking Dracule Mihawk ["OP14-020">OP14-020]
Roronoa Zoro ["EB04-007">EB04-007][9000] vs Dracule Mihawk ["OP14-020">OP14-020][5000]
Dracule Mihawk ["OP14-020">OP14-020] hit for 1 damage
RZ1|195|2|OP01-055|3|1|1|5|1|1|0|0|0
RZ1|CHK|195|2|33|6|5|1|2|3|5|0|1|5
RZ1|196|1|Don|5|0|5|0|1|1|1|0|0
RZ1|CHK|196|1|35|6|2|2|1|8|4|1|1|1
RZ1|197|1|Don|5|1|5|1|1|1|1|0|0
RZ1|CHK|197|1|35|6|2|2|1|8|4|1|1|1
RZ1|198|1|Don|5|2|5|2|1|1|1|0|0
RZ1|CHK|198|1|35|6|2|2|1|8|4|1|1|1
RZ1|199|1|Don|5|3|5|3|1|1|1|0|0
RZ1|CHK|199|1|35|6|2|2|1|8|4|1|1|1
RZ1|200|1|Don|5|4|5|4|1|1|1|0|0
RZ1|CHK|200|1|35|6|2|2|1|8|4|1|1|1
RZ1|201|1|Don|5|5|5|5|1|1|1|0|0
RZ1|CHK|201|1|35|6|2|2|1|8|4|1|1|1
RZ1|202|1|Don|5|6|5|6|1|1|1|0|0
RZ1|CHK|202|1|35|6|2|2|1|8|4|1|1|1
[You] Deploy Roronoa Zoro ["EB04-007">EB04-007]
RZ1|203|1|EB04-007|1|3|2|2|1|1|0|0|0
RZ1|CHK|203|1|35|5|3|2|1|8|4|1|1|1
[You] Roronoa Zoro ["EB04-007">EB04-007]: Grant Monkey D. Luffy ["OP13-001">OP13-001] 2000 until opponent's next turn end
[You] Sanji ["OP13-027">OP13-027]: Activate 1 Don
RZ1|204|1|Don|5|6|5|6|1|1|0|0|0
RZ1|CHK|204|1|35|5|3|2|1|8|4|1|1|1
[] Hand: [OP13-118,OP16-004,OP14-031,OP14-022,OP13-118]
[] Board: [OP13-027,EB04-007,EB04-007]
[] Trash: [OP10-011,OP13-037,OP01-016,EB02-017]
[] Life: 2
[] Hand: [ST24-004,OP06-038,ST16-004,OP12-034,OP01-055,OP01-055]
[] Trash: [OP14-033,OP12-034,OP12-034,ST32-001,OP14-023]
[] Board: [ST32-005,ST32-003,ST32-002,ST32-003,OP14-033]
[] Life: 1
[You] End Turn
[] Hand: [ST24-004,OP06-038,ST16-004,OP12-034,OP01-055,OP01-055]
[] Board: [ST32-005,ST32-003,ST32-002,ST32-003,OP14-033]
[] Trash: [OP14-033,OP12-034,OP12-034,ST32-001,OP14-023]
[] Life: 1
[] Hand: [OP13-118,OP16-004,OP14-031,OP14-022,OP13-118]
[] Trash: [OP10-011,OP13-037,OP01-016,EB02-017]
[] Board: [OP13-027,EB04-007,EB04-007]
[] Life: 2
RZ1|205|2|Don|9|100|5|0|1|1|1|0|0
RZ1|CHK|205|2|33|6|5|1|2|4|5|0|1|4
RZ1|206|2|Don|9|100|5|0|1|1|1|0|0
RZ1|CHK|206|2|33|6|5|1|2|5|5|0|1|3
RZ1|207|2|Don|9|100|5|0|1|1|1|0|0
RZ1|CHK|207|2|33|6|5|1|2|6|5|0|1|2
RZ1|208|2|Don|9|100|5|0|1|1|1|0|0
RZ1|CHK|208|2|33|6|5|1|2|7|5|0|1|1
RZ1|209|2|Don|9|200|5|0|1|1|1|0|0
RZ1|CHK|209|2|33|6|5|1|2|8|5|0|1|0
[Opponent] Draw 1 Card
[] Drew card from deck: Demonic Aura Nine-Sword Style Asura Dead Man's Game ["OP12-037">OP12-037]
RZ1|210|2|OP12-037|0|32|1|6|1|1|0|0|0
RZ1|CHK|210|2|32|7|5|1|2|8|5|0|1|0
RZ1|211|2|Don|4|1|5|8|1|1|0|0|0
RZ1|CHK|211|2|32|7|5|1|1|9|5|0|1|0
RZ1|212|2|Don|4|0|5|9|1|1|0|0|0
RZ1|CHK|212|2|32|7|5|1|0|10|5|0|1|0
[Opponent] Draw 2 Don
RZ1|213|2|Don|5|0|5|0|1|1|1|0|0
RZ1|CHK|213|2|32|7|5|1|0|10|5|0|1|0
RZ1|214|2|Don|5|1|5|1|1|1|1|0|0
RZ1|CHK|214|2|32|7|5|1|0|10|5|0|1|0
RZ1|215|2|Don|5|2|5|2|1|1|1|0|0
RZ1|CHK|215|2|32|7|5|1|0|10|5|0|1|0
RZ1|216|2|Don|5|3|5|3|1|1|1|0|0
RZ1|CHK|216|2|32|7|5|1|0|10|5|0|1|0
RZ1|217|2|Don|5|4|5|4|1|1|1|0|0
RZ1|CHK|217|2|32|7|5|1|0|10|5|0|1|0
RZ1|218|2|Don|5|5|5|5|1|1|1|0|0
RZ1|CHK|218|2|32|7|5|1|0|10|5|0|1|0
RZ1|219|2|Don|5|6|5|6|1|1|1|0|0
RZ1|CHK|219|2|32|7|5|1|0|10|5|0|1|0
RZ1|220|2|Don|5|7|5|7|1|1|1|0|0
RZ1|CHK|220|2|32|7|5|1|0|10|5|0|1|0
RZ1|221|2|Don|5|8|5|8|1|1|1|0|0
RZ1|CHK|221|2|32|7|5|1|0|10|5|0|1|0
RZ1|222|2|Don|5|9|5|9|1|1|1|0|0
RZ1|CHK|222|2|32|7|5|1|0|10|5|0|1|0
[Opponent] Trash Roronoa Zoro ["ST32-005">ST32-005]
[Opponent] Deploy Law & Bepo ["ST24-004">ST24-004]
RZ1|223|2|ST32-005|2|0|6|5|1|1|0|0|0
RZ1|CHK|223|2|32|7|4|1|0|10|6|0|1|0
RZ1|224|2|ST24-004|1|0|2|4|1|1|0|0|0
RZ1|CHK|224|2|32|6|5|1|0|10|6|0|1|0
[Opponent] Law & Bepo ["ST24-004">ST24-004]: Roronoa Zoro ["EB04-007">EB04-007] will not Activate during next Refresh
[Opponent] Dracule Mihawk ["ST32-003">ST32-003] attacking Monkey D. Luffy ["OP13-001">OP13-001]
[] Drew card from deck: Kouzuki Oden ["ST32-002">ST32-002]
RZ1|225|2|ST32-002|0|31|1|6|1|1|0|0|0
RZ1|CHK|225|2|31|7|5|1|0|10|6|0|1|0
[Opponent] Dracule Mihawk ["ST32-003">ST32-003]: Draw 1 Card
RZ1|226|2|ST32-002|1|6|6|6|1|1|0|0|0
RZ1|CHK|226|2|31|6|5|1|0|10|7|0|1|0
[Opponent] Dracule Mihawk ["ST32-003">ST32-003]: Trash Kouzuki Oden ["ST32-002">ST32-002]
[You] Discard Usopp ["OP14-022">OP14-022] for Counter 1000
RZ1|227|1|OP14-022|1|3|6|4|1|1|0|0|0
RZ1|CHK|227|1|35|4|3|2|1|8|5|1|1|1
Dracule Mihawk ["ST32-003">ST32-003][7000] vs Monkey D. Luffy ["OP13-001">OP13-001][8000]
Attack Fails
[Opponent] Dracule Mihawk ["ST32-003">ST32-003] attacking Monkey D. Luffy ["OP13-001">OP13-001]
[] Drew card from deck: Dracule Mihawk ["OP14-119">OP14-119]
RZ1|228|2|OP14-119|0|30|1|6|1|1|0|0|0
RZ1|CHK|228|2|30|7|5|1|0|10|7|0|1|0
[Opponent] Dracule Mihawk ["ST32-003">ST32-003]: Draw 1 Card
RZ1|229|2|OP12-034|1|2|6|7|1|1|0|0|0
RZ1|CHK|229|2|30|6|5|1|0|10|8|0|1|0
[Opponent] Dracule Mihawk ["ST32-003">ST32-003]: Trash Perona ["OP12-034">OP12-034]
[You] Discard Curiel ["OP16-004">OP16-004] for Counter 2000
RZ1|230|1|OP16-004|1|1|6|5|1|1|0|0|0
RZ1|CHK|230|1|35|3|3|2|1|8|6|1|1|1
Dracule Mihawk ["ST32-003">ST32-003][7000] vs Monkey D. Luffy ["OP13-001">OP13-001][9000]
Attack Fails
[Opponent] Dracule Mihawk ["OP14-020">OP14-020]: Rest Perona ["OP14-033">OP14-033]
[Opponent] Dracule Mihawk ["OP14-020">OP14-020]: Activate 1 Don
RZ1|231|2|Don|5|9|5|9|1|1|0|0|0
RZ1|CHK|231|2|30|6|5|1|0|10|8|0|1|0
[Opponent] Dracule Mihawk ["OP14-020">OP14-020]: Activate 1 Don
RZ1|232|2|Don|5|8|5|8|1|1|0|0|0
RZ1|CHK|232|2|30|6|5|1|0|10|8|0|1|0
[Opponent] Dracule Mihawk ["OP14-020">OP14-020]: Activate 1 Don
RZ1|233|2|Don|5|7|5|7|1|1|0|0|0
RZ1|CHK|233|2|30|6|5|1|0|10|8|0|1|0
[Opponent] Dracule Mihawk ["OP14-020">OP14-020]: Can't play Cost 1 Or More Characters for the Turn!
RZ1|234|2|Don|5|7|9|100|1|1|0|0|0
RZ1|CHK|234|2|30|6|5|1|0|9|8|0|1|1
[Opponent] Attach 1 Don to Kouzuki Oden ["ST32-002">ST32-002] (1 Total)
[Opponent] Kouzuki Oden ["ST32-002">ST32-002] attacking Monkey D. Luffy ["OP13-001">OP13-001]
Kouzuki Oden ["ST32-002">ST32-002][7000] vs Monkey D. Luffy ["OP13-001">OP13-001][7000]
Monkey D. Luffy ["OP13-001">OP13-001] hit for 1 damage
RZ1|235|1|OP15-032|3|1|1|3|1|1|0|0|0
RZ1|CHK|235|1|35|4|3|1|1|8|6|1|1|1
RZ1|236|2|Don|5|7|9|9900|1|1|0|0|0
RZ1|CHK|236|2|30|6|5|1|0|8|8|0|1|2
RZ1|237|2|Don|5|7|9|9901|1|1|0|0|0
RZ1|CHK|237|2|30|6|5|1|0|7|8|0|1|3
[Opponent] Attach 2 Don to Dracule Mihawk ["OP14-020">OP14-020] (2 Total)
[Opponent] Dracule Mihawk ["OP14-020">OP14-020] attacking Monkey D. Luffy ["OP13-001">OP13-001]
[You] Discard Brook ["OP15-032">OP15-032] for Counter 1000
RZ1|238|1|OP15-032|1|3|6|6|1|1|0|0|0
RZ1|CHK|238|1|35|3|3|1|1|8|7|1|1|1
Dracule Mihawk ["OP14-020">OP14-020][7000] vs Monkey D. Luffy ["OP13-001">OP13-001][8000]
Attack Fails
[] Hand: [OP06-038,ST16-004,OP01-055,OP01-055,OP12-037,OP14-119]
[] Board: [ST32-003,ST32-002,ST32-003,OP14-033,ST24-004]
[] Trash: [OP14-033,OP12-034,OP12-034,ST32-001,OP14-023,ST32-005,ST32-002,OP12-034]
[] Life: 1
[] Hand: [OP13-118,OP14-031,OP13-118]
[] Trash: [OP10-011,OP13-037,OP01-016,EB02-017,OP14-022,OP16-004,OP15-032]
[] Board: [OP13-027,EB04-007,EB04-007]
[] Life: 1
[Opponent] End Turn
[] Hand: [OP13-118,OP14-031,OP13-118]
[] Board: [OP13-027,EB04-007,EB04-007]
[] Trash: [OP10-011,OP13-037,OP01-016,EB02-017,OP14-022,OP16-004,OP15-032]
[] Life: 1
[] Hand: [OP06-038,ST16-004,OP01-055,OP01-055,OP12-037,OP14-119]
[] Trash: [OP14-033,OP12-034,OP12-034,ST32-001,OP14-023,ST32-005,ST32-002,OP12-034]
[] Board: [ST32-003,ST32-002,ST32-003,OP14-033,ST24-004]
[] Life: 1
RZ1|239|1|Don|9|9900|5|0|1|1|1|0|0
RZ1|CHK|239|1|35|3|3|1|1|9|7|1|1|0
[You] Draw 1 Card
[] Drew card from deck: Thousand Sunny ["ST31-005">ST31-005]
RZ1|240|1|ST31-005|0|34|1|3|1|1|0|0|0
RZ1|CHK|240|1|34|4|3|1|1|9|7|1|1|0
RZ1|241|1|Don|4|0|5|9|1|1|0|0|0
RZ1|CHK|241|1|34|4|3|1|0|10|7|1|1|0
[You] Draw 2 Don
RZ1|242|1|Don|5|0|9|9900|1|1|0|0|0
RZ1|CHK|242|1|34|4|3|1|0|9|7|1|1|1
[You] Attach 1 Don to Monkey D. Luffy ["OP13-001">OP13-001] (1 Total)
[You] Monkey D. Luffy ["OP13-001">OP13-001] attacking Dracule Mihawk ["OP14-020">OP14-020]
Monkey D. Luffy ["OP13-001">OP13-001][6000] vs Dracule Mihawk ["OP14-020">OP14-020][5000]
Dracule Mihawk ["OP14-020">OP14-020] hit for 1 damage
RZ1|243|2|ST24-004|3|0|1|6|1|1|0|0|0
RZ1|CHK|243|2|30|7|5|0|0|7|8|0|1|3
RZ1|244|1|Don|5|0|9|200|1|1|0|0|0
RZ1|CHK|244|1|34|4|3|1|0|8|7|1|1|2
[You] Attach 1 Don to Roronoa Zoro ["EB04-007">EB04-007] (1 Total)
[You] Roronoa Zoro ["EB04-007">EB04-007] attacking Dracule Mihawk ["OP14-020">OP14-020]
Roronoa Zoro ["EB04-007">EB04-007][10000] vs Dracule Mihawk ["OP14-020">OP14-020][5000]
Dracule Mihawk ["OP14-020">OP14-020] hit for 1 damage
[Opponent] <b>Downloaded the Combat Log!</b>
GameOver