Version is 1.42c.22
[You] Leader is Monkey D. Luffy ["OP13-001">OP13-001]
RZ1|HDR|1.42c|2|RZ1
RZ1|PLY|1||OP13-001
RZ1|PLY|2||
[Opponent] Leader is Rocks D. Xebec ["OP17-039">OP17-039]
RZ1|1|2|OP17-056|0|44|0|0|0|0|0|0|0
RZ1|CHK|1|2|50|0|0|0|10|0|0|0|1|0
RZ1|2|2|OP17-048|0|35|0|1|0|0|0|0|0
RZ1|CHK|2|2|50|0|0|0|10|0|0|0|1|0
RZ1|3|2|OP17-056|0|44|0|2|0|0|0|0|0
RZ1|CHK|3|2|50|0|0|0|10|0|0|0|1|0
RZ1|4|2|OP17-054|0|13|0|3|0|0|0|0|0
RZ1|CHK|4|2|50|0|0|0|10|0|0|0|1|0
RZ1|5|2|OP17-056|0|46|0|4|0|0|0|0|0
RZ1|CHK|5|2|50|0|0|0|10|0|0|0|1|0
RZ1|6|2|OP17-048|0|36|0|5|0|0|0|0|0
RZ1|CHK|6|2|50|0|0|0|10|0|0|0|1|0
RZ1|7|2|OP17-046|0|22|0|6|0|0|0|0|0
RZ1|CHK|7|2|50|0|0|0|10|0|0|0|1|0
RZ1|8|2|OP17-056|0|46|0|7|0|0|0|0|0
RZ1|CHK|8|2|50|0|0|0|10|0|0|0|1|0
RZ1|9|2|OP17-042|0|19|0|8|0|0|0|0|0
RZ1|CHK|9|2|50|0|0|0|10|0|0|0|1|0
RZ1|10|2|OP17-054|0|18|0|9|0|0|0|0|0
RZ1|CHK|10|2|50|0|0|0|10|0|0|0|1|0
RZ1|11|2|OP17-043|0|28|0|10|0|0|0|0|0
RZ1|CHK|11|2|50|0|0|0|10|0|0|0|1|0
RZ1|12|2|OP17-050|0|13|0|11|0|0|0|0|0
RZ1|CHK|12|2|50|0|0|0|10|0|0|0|1|0
RZ1|13|2|OP17-049|0|32|0|12|0|0|0|0|0
RZ1|CHK|13|2|50|0|0|0|10|0|0|0|1|0
RZ1|14|2|OP17-042|0|23|0|13|0|0|0|0|0
RZ1|CHK|14|2|50|0|0|0|10|0|0|0|1|0
RZ1|15|2|OP17-040|0|34|0|14|0|0|0|0|0
RZ1|CHK|15|2|50|0|0|0|10|0|0|0|1|0
RZ1|16|2|OP17-042|0|24|0|15|0|0|0|0|0
RZ1|CHK|16|2|50|0|0|0|10|0|0|0|1|0
RZ1|17|2|OP17-046|0|28|0|16|0|0|0|0|0
RZ1|CHK|17|2|50|0|0|0|10|0|0|0|1|0
RZ1|18|2|OP17-040|0|36|0|17|0|0|0|0|0
RZ1|CHK|18|2|50|0|0|0|10|0|0|0|1|0
RZ1|19|2|OP17-054|0|25|0|18|0|0|0|0|0
RZ1|CHK|19|2|50|0|0|0|10|0|0|0|1|0
RZ1|20|2|OP17-057|0|48|0|19|0|0|0|0|0
RZ1|CHK|20|2|50|0|0|0|10|0|0|0|1|0
RZ1|21|2|OP17-118|0|43|0|20|0|0|0|0|0
RZ1|CHK|21|2|50|0|0|0|10|0|0|0|1|0
RZ1|22|2|OP17-055|0|46|0|21|0|0|0|0|0
RZ1|CHK|22|2|50|0|0|0|10|0|0|0|1|0
RZ1|23|2|OP17-044|0|30|0|22|0|0|0|0|0
RZ1|CHK|23|2|50|0|0|0|10|0|0|0|1|0
RZ1|24|2|OP17-118|0|44|0|23|0|0|0|0|0
RZ1|CHK|24|2|50|0|0|0|10|0|0|0|1|0
RZ1|25|2|OP17-055|0|45|0|24|0|0|0|0|0
RZ1|CHK|25|2|50|0|0|0|10|0|0|0|1|0
RZ1|26|2|OP17-046|0|35|0|25|0|0|0|0|0
RZ1|CHK|26|2|50|0|0|0|10|0|0|0|1|0
RZ1|27|2|OP17-048|0|42|0|26|0|0|0|0|0
RZ1|CHK|27|2|50|0|0|0|10|0|0|0|1|0
RZ1|28|2|OP17-043|0|37|0|27|0|0|0|0|0
RZ1|CHK|28|2|50|0|0|0|10|0|0|0|1|0
RZ1|29|2|OP17-055|0|46|0|28|0|0|0|0|0
RZ1|CHK|29|2|50|0|0|0|10|0|0|0|1|0
RZ1|30|2|OP17-054|0|36|0|29|0|0|0|0|0
RZ1|CHK|30|2|50|0|0|0|10|0|0|0|1|0
RZ1|31|2|OP17-050|0|32|0|30|0|0|0|0|0
RZ1|CHK|31|2|50|0|0|0|10|0|0|0|1|0
RZ1|32|2|OP17-118|0|45|0|31|0|0|0|0|0
RZ1|CHK|32|2|50|0|0|0|10|0|0|0|1|0
RZ1|33|2|OP17-045|0|35|0|32|0|0|0|0|0
RZ1|CHK|33|2|50|0|0|0|10|0|0|0|1|0
RZ1|34|2|OP17-040|0|44|0|33|0|0|0|0|0
RZ1|CHK|34|2|50|0|0|0|10|0|0|0|1|0
RZ1|35|2|OP17-057|0|49|0|34|0|0|0|0|0
RZ1|CHK|35|2|50|0|0|0|10|0|0|0|1|0
RZ1|36|2|OP08-051|0|36|0|35|0|0|0|0|0
RZ1|CHK|36|2|50|0|0|0|10|0|0|0|1|0
RZ1|37|2|OP17-049|0|42|0|36|0|0|0|0|0
RZ1|CHK|37|2|50|0|0|0|10|0|0|0|1|0
RZ1|38|2|OP17-040|0|45|0|37|0|0|0|0|0
RZ1|CHK|38|2|50|0|0|0|10|0|0|0|1|0
RZ1|39|2|OP17-044|0|42|0|38|0|0|0|0|0
RZ1|CHK|39|2|50|0|0|0|10|0|0|0|1|0
RZ1|40|2|OP17-118|0|47|0|39|0|0|0|0|0
RZ1|CHK|40|2|50|0|0|0|10|0|0|0|1|0
RZ1|41|2|OP17-049|0|45|0|40|0|0|0|0|0
RZ1|CHK|41|2|50|0|0|0|10|0|0|0|1|0
RZ1|42|2|OP17-045|0|43|0|41|0|0|0|0|0
RZ1|CHK|42|2|50|0|0|0|10|0|0|0|1|0
RZ1|43|2|OP17-057|0|49|0|42|0|0|0|0|0
RZ1|CHK|43|2|50|0|0|0|10|0|0|0|1|0
RZ1|44|2|OP17-055|0|49|0|43|0|0|0|0|0
RZ1|CHK|44|2|50|0|0|0|10|0|0|0|1|0
RZ1|45|2|OP17-050|0|45|0|44|0|0|0|0|0
RZ1|CHK|45|2|50|0|0|0|10|0|0|0|1|0
RZ1|46|2|OP17-045|0|46|0|45|0|0|0|0|0
RZ1|CHK|46|2|50|0|0|0|10|0|0|0|1|0
RZ1|47|2|OP17-048|0|49|0|46|0|0|0|0|0
RZ1|CHK|47|2|50|0|0|0|10|0|0|0|1|0
RZ1|48|2|OP17-049|0|49|0|47|0|0|0|0|0
RZ1|CHK|48|2|50|0|0|0|10|0|0|0|1|0
[] Drew card from deck: Monkey D. Luffy ["OP13-118">OP13-118]
RZ1|49|1|OP13-118|0|49|1|0|1|1|0|0|0
RZ1|CHK|49|1|49|1|0|0|10|0|0|0|1|0
[] Drew card from deck: Curiel ["OP16-004">OP16-004]
RZ1|50|1|OP16-004|0|48|1|1|1|1|0|0|0
RZ1|CHK|50|1|48|2|0|0|10|0|0|0|1|0
[] Drew card from deck: Nami ["EB02-017">EB02-017]
RZ1|51|1|EB02-017|0|47|1|2|1|1|0|0|0
RZ1|CHK|51|1|47|3|0|0|10|0|0|0|1|0
[] Drew card from deck: Sanji ["ST21-003">ST21-003]
RZ1|52|1|ST21-003|0|46|1|3|1|1|0|0|0
RZ1|CHK|52|1|46|4|0|0|10|0|0|0|1|0
[] Drew card from deck: Roronoa Zoro ["EB04-007">EB04-007]
RZ1|53|1|EB04-007|0|45|1|4|1|1|0|0|0
RZ1|CHK|53|1|45|5|0|0|10|0|0|0|1|0
[] Drew card from deck: Gloriosa ["OP17-046">OP17-046]
RZ1|54|2|OP17-046|0|49|1|0|1|1|0|0|0
RZ1|CHK|54|2|49|1|0|0|10|0|0|0|1|0
[] Drew card from deck: Buckin ["OP08-051">OP08-051]
RZ1|55|2|OP08-051|0|48|1|1|1|1|0|0|0
RZ1|CHK|55|2|48|2|0|0|10|0|0|0|1|0
[] Drew card from deck: Charlotte Linlin ["OP17-049">OP17-049]
RZ1|56|2|OP17-049|0|47|1|2|1|1|0|0|0
RZ1|CHK|56|2|47|3|0|0|10|0|0|0|1|0
[] Drew card from deck: Shiki ["OP17-048">OP17-048]
RZ1|57|2|OP17-048|0|46|1|3|1|1|0|0|0
RZ1|CHK|57|2|46|4|0|0|10|0|0|0|1|0
[] Drew card from deck: Kyo ["OP17-045">OP17-045]
RZ1|58|2|OP17-045|0|45|1|4|1|1|0|0|0
RZ1|CHK|58|2|45|5|0|0|10|0|0|0|1|0
RZ1|59|1|OP13-040|0|44|3|0|1|0|0|0|0
RZ1|CHK|59|1|44|5|0|1|10|0|0|0|1|0
RZ1|60|1|OP13-027|0|43|3|1|1|0|0|0|0
RZ1|CHK|60|1|43|5|0|2|10|0|0|0|1|0
RZ1|61|1|OP16-004|0|42|3|2|1|0|0|0|0
RZ1|CHK|61|1|42|5|0|3|10|0|0|0|1|0
RZ1|62|1|OP13-027|0|41|3|3|1|0|0|0|0
RZ1|CHK|62|1|41|5|0|4|10|0|0|0|1|0
RZ1|63|2|OP17-050|0|44|3|0|0|1|0|0|0
RZ1|CHK|63|2|44|5|0|1|10|0|0|0|1|0
RZ1|64|2|OP17-055|0|43|3|1|0|1|0|0|0
RZ1|CHK|64|2|43|5|0|2|10|0|0|0|1|0
RZ1|65|2|OP17-057|0|42|3|2|0|1|0|0|0
RZ1|CHK|65|2|42|5|0|3|10|0|0|0|1|0
RZ1|66|2|OP17-045|0|41|3|3|0|1|0|0|0
RZ1|CHK|66|2|41|5|0|4|10|0|0|0|1|0
RZ1|67|2|OP17-049|0|40|3|4|0|1|0|0|0
RZ1|CHK|67|2|40|5|0|5|10|0|0|0|1|0
[] Hand: [OP13-118,OP16-004,EB02-017,ST21-003,EB04-007]
[] Board: []
[] Trash: []
[] Life: 4
[] Hand: [OP17-046,OP08-051,OP17-049,OP17-048,OP17-045]
[] Trash: []
[] Board: []
[] Life: 5
RZ1|68|1|Don|4|9|5|0|1|1|0|0|0
RZ1|CHK|68|1|41|5|0|4|9|1|0|0|1|0
[You] Draw 1 Don
RZ1|69|1|Don|5|0|9|9900|1|1|0|0|0
RZ1|CHK|69|1|41|5|0|4|9|0|0|0|1|1
[You] Attach 1 Don to Monkey D. Luffy ["OP13-001">OP13-001] (1 Total)
[] Hand: [OP13-118,OP16-004,EB02-017,ST21-003,EB04-007]
[] Board: []
[] Trash: []
[] Life: 4
[] Hand: [OP17-046,OP08-051,OP17-049,OP17-048,OP17-045]
[] Trash: []
[] Board: []
[] Life: 5
[You] End Turn
[] Hand: [OP17-046,OP08-051,OP17-049,OP17-048,OP17-045]
[] Board: []
[] Trash: []
[] Life: 5
[] Hand: [OP13-118,OP16-004,EB02-017,ST21-003,EB04-007]
[] Trash: []
[] Board: []
[] Life: 4
[Opponent] Draw 1 Card
[] Drew card from deck: Rocks D. Xebec ["OP17-118">OP17-118]
RZ1|70|2|OP17-118|0|39|1|5|1|1|0|0|0
RZ1|CHK|70|2|39|6|0|5|10|0|0|0|1|0
RZ1|71|2|Don|4|9|5|0|1|1|0|0|0
RZ1|CHK|71|2|39|6|0|5|9|1|0|0|1|0
RZ1|72|2|Don|4|8|5|1|1|1|0|0|0
RZ1|CHK|72|2|39|6|0|5|8|2|0|0|1|0
[Opponent] Draw 2 Don
RZ1|73|2|Don|5|0|5|0|1|1|1|0|0
RZ1|CHK|73|2|39|6|0|5|8|2|0|0|1|0
RZ1|74|2|Don|5|1|5|1|1|1|1|0|0
RZ1|CHK|74|2|39|6|0|5|8|2|0|0|1|0
[Opponent] Deploy Kyo ["OP17-045">OP17-045]
RZ1|75|2|OP17-045|1|4|2|0|1|1|0|0|0
RZ1|CHK|75|2|39|5|1|5|8|2|0|0|1|0
[] Drew card from deck: Captain John ["OP17-044">OP17-044]
RZ1|76|2|OP17-044|0|38|1|5|1|1|0|0|0
RZ1|CHK|76|2|38|6|1|5|8|2|0|0|1|0
[Opponent] Kyo ["OP17-045">OP17-045]: Draw 1 Card
[] Hand: [OP17-046,OP08-051,OP17-049,OP17-048,OP17-118,OP17-044]
[] Board: [OP17-045]
[] Trash: []
[] Life: 5
[] Hand: [OP13-118,OP16-004,EB02-017,ST21-003,EB04-007]
[] Trash: []
[] Board: []
[] Life: 4
[Opponent] End Turn
[] Hand: [OP13-118,OP16-004,EB02-017,ST21-003,EB04-007]
[] Board: []
[] Trash: []
[] Life: 4
[] Hand: [OP17-046,OP08-051,OP17-049,OP17-048,OP17-118,OP17-044]
[] Trash: []
[] Board: [OP17-045]
[] Life: 5
RZ1|77|1|Don|9|9900|5|0|1|1|1|0|0
RZ1|CHK|77|1|41|5|0|4|9|1|0|0|1|0
[You] Draw 1 Card
[] Drew card from deck: Thousand Sunny ["ST31-005">ST31-005]
RZ1|78|1|ST31-005|0|40|1|5|1|1|0|0|0
RZ1|CHK|78|1|40|6|0|4|9|1|0|0|1|0
RZ1|79|1|Don|4|8|5|1|1|1|0|0|0
RZ1|CHK|79|1|40|6|0|4|8|2|0|0|1|0
RZ1|80|1|Don|4|7|5|2|1|1|0|0|0
RZ1|CHK|80|1|40|6|0|4|7|3|0|0|1|0
[You] Draw 2 Don
RZ1|81|1|Don|5|0|9|9900|1|1|0|0|0
RZ1|CHK|81|1|40|6|0|4|7|2|0|0|1|1
[You] Attach 1 Don to Monkey D. Luffy ["OP13-001">OP13-001] (1 Total)
RZ1|82|1|Don|5|0|9|9901|1|1|0|0|0
RZ1|CHK|82|1|40|6|0|4|7|1|0|0|1|2
RZ1|83|1|Don|5|0|9|9902|1|1|0|0|0
RZ1|CHK|83|1|40|6|0|4|7|0|0|0|1|3
[You] Attach 2 Don to Monkey D. Luffy ["OP13-001">OP13-001] (3 Total)
[You] Monkey D. Luffy ["OP13-001">OP13-001] attacking Rocks D. Xebec ["OP17-039">OP17-039]
Monkey D. Luffy ["OP13-001">OP13-001][8000] vs Rocks D. Xebec ["OP17-039">OP17-039][5000]
Rocks D. Xebec ["OP17-039">OP17-039] hit for 1 damage
RZ1|84|2|OP17-049|3|4|1|6|1|1|0|0|0
RZ1|CHK|84|2|38|7|1|4|8|2|0|0|1|0
[] Hand: [OP13-118,OP16-004,EB02-017,ST21-003,EB04-007,ST31-005]
[] Board: []
[] Trash: []
[] Life: 4
[] Hand: [OP17-046,OP08-051,OP17-049,OP17-048,OP17-118,OP17-044,OP17-049]
[] Trash: []
[] Board: [OP17-045]
[] Life: 4
[You] End Turn
[] Hand: [OP17-046,OP08-051,OP17-049,OP17-048,OP17-118,OP17-044,OP17-049]
[] Board: [OP17-045]
[] Trash: []
[] Life: 4
[] Hand: [OP13-118,OP16-004,EB02-017,ST21-003,EB04-007,ST31-005]
[] Trash: []
[] Board: []
[] Life: 4
[Opponent] Draw 1 Card
[] Drew card from deck: Edward Newgate ["OP17-040">OP17-040]
RZ1|85|2|OP17-040|0|37|1|7|1|1|0|0|0
RZ1|CHK|85|2|37|8|1|4|8|2|0|0|1|0
RZ1|86|2|Don|4|7|5|2|1|1|0|0|0
RZ1|CHK|86|2|37|8|1|4|7|3|0|0|1|0
RZ1|87|2|Don|4|6|5|3|1|1|0|0|0
RZ1|CHK|87|2|37|8|1|4|6|4|0|0|1|0
[Opponent] Draw 2 Don
[Opponent] Attach 1 Don to Kyo ["OP17-045">OP17-045] (1 Total)
RZ1|88|2|Don|5|3|9|0|1|1|0|0|0
RZ1|CHK|88|2|37|8|1|4|6|3|0|0|1|1
[Opponent] Attach 1 Don to Kyo ["OP17-045">OP17-045] (2 Total)
RZ1|89|2|Don|5|2|9|1|1|1|0|0|0
RZ1|CHK|89|2|37|8|1|4|6|2|0|0|1|2
[Opponent] Kyo ["OP17-045">OP17-045] attacking Monkey D. Luffy ["OP13-001">OP13-001]
[You] Discard Curiel ["OP16-004">OP16-004] for Counter 2000
RZ1|90|1|OP16-004|1|1|6|0|1|1|0|0|0
RZ1|CHK|90|1|40|5|0|4|7|0|1|0|1|3
Kyo ["OP17-045">OP17-045][6000] vs Monkey D. Luffy ["OP13-001">OP13-001][7000]
Attack Fails
[Opponent] Attach 1 Don to Rocks D. Xebec ["OP17-039">OP17-039] (1 Total)
RZ1|91|2|Don|5|1|9|9900|1|1|0|0|0
RZ1|CHK|91|2|37|8|1|4|6|1|0|0|1|3
[Opponent] Attach 1 Don to Rocks D. Xebec ["OP17-039">OP17-039] (2 Total)
RZ1|92|2|Don|5|0|9|9901|1|1|0|0|0
RZ1|CHK|92|2|37|8|1|4|6|0|0|0|1|4
[Opponent] Rocks D. Xebec ["OP17-039">OP17-039] attacking Monkey D. Luffy ["OP13-001">OP13-001]
RZ1|93|2|OP17-049|1|6|6|0|1|1|0|0|0
RZ1|CHK|93|2|37|7|1|4|6|0|1|0|1|4
[Opponent] Rocks D. Xebec ["OP17-039">OP17-039]: Trash Charlotte Linlin ["OP17-049">OP17-049]
RZ1|94|2|OP17-049|0|36|0|36|0|0|0|0|0
RZ1|CHK|94|2|37|7|1|4|6|0|1|0|1|4
[Opponent] Rocks D. Xebec ["OP17-039">OP17-039] revealed: Charlotte Linlin ["OP17-049">OP17-049]
[] Drew card from deck: Charlotte Linlin ["OP17-049">OP17-049]
RZ1|95|2|OP17-049|0|36|1|7|1|1|0|0|0
RZ1|CHK|95|2|36|8|1|4|6|0|1|0|1|4
[] Drew card from deck: Buckin ["OP08-051">OP08-051]
RZ1|96|2|OP08-051|0|35|1|8|1|1|0|0|0
RZ1|CHK|96|2|35|9|1|4|6|0|1|0|1|4
[Opponent] Rocks D. Xebec ["OP17-039">OP17-039]: Draw 2 Card
Rocks D. Xebec ["OP17-039">OP17-039][7000] vs Monkey D. Luffy ["OP13-001">OP13-001][5000]
Monkey D. Luffy ["OP13-001">OP13-001] hit for 1 damage
RZ1|97|1|OP13-027|3|3|1|5|1|1|0|0|0
RZ1|CHK|97|1|40|6|0|3|7|0|1|0|1|3
[] Hand: [OP17-046,OP08-051,OP17-049,OP17-048,OP17-118,OP17-044,OP17-040,OP17-049,OP08-051]
[] Board: [OP17-045]
[] Trash: [OP17-049]
[] Life: 4
[] Hand: [OP13-118,EB02-017,ST21-003,EB04-007,ST31-005,OP13-027]
[] Trash: [OP16-004]
[] Board: []
[] Life: 3
[Opponent] End Turn
[] Hand: [OP13-118,EB02-017,ST21-003,EB04-007,ST31-005,OP13-027]
[] Board: []
[] Trash: [OP16-004]
[] Life: 3
[] Hand: [OP17-046,OP08-051,OP17-049,OP17-048,OP17-118,OP17-044,OP17-040,OP17-049,OP08-051]
[] Trash: [OP17-049]
[] Board: [OP17-045]
[] Life: 4
RZ1|98|1|Don|9|9900|5|0|1|1|1|0|0
RZ1|CHK|98|1|40|6|0|3|7|1|1|0|1|2
RZ1|99|1|Don|9|9900|5|0|1|1|1|0|0
RZ1|CHK|99|1|40|6|0|3|7|2|1|0|1|1
RZ1|100|1|Don|9|9900|5|0|1|1|1|0|0
RZ1|CHK|100|1|40|6|0|3|7|3|1|0|1|0
[You] Draw 1 Card
[] Drew card from deck: Roronoa Zoro ["OP13-037">OP13-037]
RZ1|101|1|OP13-037|0|39|1|6|1|1|0|0|0
RZ1|CHK|101|1|39|7|0|3|7|3|1|0|1|0
RZ1|102|1|Don|4|6|5|3|1|1|0|0|0
RZ1|CHK|102|1|39|7|0|3|6|4|1|0|1|0
RZ1|103|1|Don|4|5|5|4|1|1|0|0|0
RZ1|CHK|103|1|39|7|0|3|5|5|1|0|1|0
[You] Draw 2 Don
RZ1|104|1|Don|5|0|5|0|1|1|1|0|0
RZ1|CHK|104|1|39|7|0|3|5|5|1|0|1|0
[You] Deploy Thousand Sunny ["ST31-005">ST31-005]
RZ1|105|1|ST31-005|1|4|7|0|1|1|0|0|0
RZ1|CHK|105|1|39|6|0|3|5|5|1|1|1|0
RZ1|106|1|OP14-031|0|34|1|6|1|1|0|0|0
RZ1|CHK|106|1|38|7|0|3|5|5|1|1|1|0
[You] Thousand Sunny ["ST31-005">ST31-005]: <b>Reveal and Draw Nami ["OP14-031">OP14-031]</b>
[You] Placing Cards on Bottom of Deck
RZ1|107|1|OP13-040|0|37|0|0|0|0|0|0|0
RZ1|CHK|107|1|38|7|0|3|5|5|1|1|1|0
RZ1|108|1|OP13-037|0|37|0|0|0|0|0|0|0
RZ1|CHK|108|1|38|7|0|3|5|5|1|1|1|0
RZ1|109|1|EB02-017|0|37|0|0|0|0|0|0|0
RZ1|CHK|109|1|38|7|0|3|5|5|1|1|1|0
RZ1|110|1|OP01-016|0|37|0|0|0|0|0|0|0
RZ1|CHK|110|1|38|7|0|3|5|5|1|1|1|0
RZ1|111|1|Don|5|1|9|9900|1|1|0|0|0
RZ1|CHK|111|1|38|7|0|3|5|4|1|1|1|1
RZ1|112|1|Don|5|1|9|9901|1|1|0|0|0
RZ1|CHK|112|1|38|7|0|3|5|3|1|1|1|2
[You] Attach 2 Don to Monkey D. Luffy ["OP13-001">OP13-001] (2 Total)
[You] Monkey D. Luffy ["OP13-001">OP13-001] attacking Rocks D. Xebec ["OP17-039">OP17-039]
Monkey D. Luffy ["OP13-001">OP13-001][7000] vs Rocks D. Xebec ["OP17-039">OP17-039][5000]
Rocks D. Xebec ["OP17-039">OP17-039] hit for 1 damage
RZ1|113|2|OP17-045|3|3|1|9|1|1|0|0|0
RZ1|CHK|113|2|35|10|1|3|6|0|1|0|1|4
RZ1|114|1|Don|5|1|5|1|1|1|1|0|0
RZ1|CHK|114|1|38|7|0|3|5|3|1|1|1|2
[You] Deploy Nami ["EB02-017">EB02-017]
RZ1|115|1|EB02-017|1|1|2|0|1|1|0|0|0
RZ1|CHK|115|1|38|6|1|3|5|3|1|1|1|2
RZ1|116|1|OP14-022|0|37|1|6|1|1|0|0|0
RZ1|CHK|116|1|37|7|1|3|5|3|1|1|1|2
[You] Nami ["EB02-017">EB02-017]: <b>Reveal and Draw Usopp ["OP14-022">OP14-022]</b>
[You] Placing Cards on Bottom of Deck
RZ1|117|1|OP14-022|0|36|0|0|0|0|0|0|0
RZ1|CHK|117|1|37|7|1|3|5|3|1|1|1|2
RZ1|118|1|OP14-022|0|36|0|0|0|0|0|0|0
RZ1|CHK|118|1|37|7|1|3|5|3|1|1|1|2
RZ1|119|1|EB02-017|0|36|0|0|0|0|0|0|0
RZ1|CHK|119|1|37|7|1|3|5|3|1|1|1|2
RZ1|120|1|EB02-017|0|36|0|0|0|0|0|0|0
RZ1|CHK|120|1|37|7|1|3|5|3|1|1|1|2
[] Hand: [OP13-118,ST21-003,EB04-007,OP13-027,OP13-037,OP14-031,OP14-022]
[] Board: [EB02-017]
[] Trash: [OP16-004]
[] Life: 3
[] Hand: [OP17-046,OP08-051,OP17-049,OP17-048,OP17-118,OP17-044,OP17-040,OP17-049,OP08-051,OP17-045]
[] Trash: [OP17-049]
[] Board: [OP17-045]
[] Life: 3
[You] End Turn
[] Hand: [OP17-046,OP08-051,OP17-049,OP17-048,OP17-118,OP17-044,OP17-040,OP17-049,OP08-051,OP17-045]
[] Board: [OP17-045]
[] Trash: [OP17-049]
[] Life: 3
[] Hand: [OP13-118,ST21-003,EB04-007,OP13-027,OP13-037,OP14-031,OP14-022]
[] Trash: [OP16-004]
[] Board: [EB02-017]
[] Life: 3
RZ1|121|2|Don|9|9900|5|0|1|1|1|0|0
RZ1|CHK|121|2|35|10|1|3|6|1|1|0|1|3
RZ1|122|2|Don|9|9900|5|0|1|1|1|0|0
RZ1|CHK|122|2|35|10|1|3|6|2|1|0|1|2
RZ1|123|2|Don|9|0|5|0|1|1|1|0|0
RZ1|CHK|123|2|35|10|1|3|6|3|1|0|1|1
RZ1|124|2|Don|9|0|5|0|1|1|1|0|0
RZ1|CHK|124|2|35|10|1|3|6|4|1|0|1|0
[Opponent] Draw 1 Card
[] Drew card from deck: Fullalead ["OP17-057">OP17-057]
RZ1|125|2|OP17-057|0|34|1|10|1|1|0|0|0
RZ1|CHK|125|2|34|11|1|3|6|4|1|0|1|0
RZ1|126|2|Don|4|5|5|4|1|1|0|0|0
RZ1|CHK|126|2|34|11|1|3|5|5|1|0|1|0
RZ1|127|2|Don|4|4|5|5|1|1|0|0|0
RZ1|CHK|127|2|34|11|1|3|4|6|1|0|1|0
[Opponent] Draw 2 Don
RZ1|128|2|Don|5|0|5|0|1|1|1|0|0
RZ1|CHK|128|2|34|11|1|3|4|6|1|0|1|0
[Opponent] Deploy Fullalead ["OP17-057">OP17-057]
RZ1|129|2|OP17-057|1|10|7|0|1|1|0|0|0
RZ1|CHK|129|2|34|10|1|3|4|6|1|1|1|0
RZ1|130|2|Don|5|1|5|1|1|1|1|0|0
RZ1|CHK|130|2|34|10|1|3|4|6|1|1|1|0
RZ1|131|2|Don|5|2|5|2|1|1|1|0|0
RZ1|CHK|131|2|34|10|1|3|4|6|1|1|1|0
RZ1|132|2|Don|5|3|5|3|1|1|1|0|0
RZ1|CHK|132|2|34|10|1|3|4|6|1|1|1|0
RZ1|133|2|Don|5|4|5|4|1|1|1|0|0
RZ1|CHK|133|2|34|10|1|3|4|6|1|1|1|0
RZ1|134|2|Don|5|5|5|5|1|1|1|0|0
RZ1|CHK|134|2|34|10|1|3|4|6|1|1|1|0
[Opponent] Deploy Charlotte Linlin ["OP17-049">OP17-049]
RZ1|135|2|OP17-049|1|2|2|1|1|1|0|0|0
RZ1|CHK|135|2|34|9|2|3|4|6|1|1|1|0
[Opponent] Forcing opponent to resolve Card Action!
RZ1|136|1|ST21-003|1|1|6|1|1|1|0|0|0
RZ1|CHK|136|1|37|6|1|3|5|3|2|1|1|2
[You] Charlotte Linlin ["OP17-049">OP17-049]: Trash Sanji ["ST21-003">ST21-003]
RZ1|137|1|OP13-027|1|2|6|2|1|1|0|0|0
RZ1|CHK|137|1|37|5|1|3|5|3|3|1|1|2
[You] Charlotte Linlin ["OP17-049">OP17-049]: Trash Sanji ["OP13-027">OP13-027]
[Opponent] Rocks D. Xebec ["OP17-039">OP17-039] attacking Monkey D. Luffy ["OP13-001">OP13-001]
RZ1|138|2|OP17-045|1|8|6|1|1|1|0|0|0
RZ1|CHK|138|2|34|8|2|3|4|6|2|1|1|0
[Opponent] Rocks D. Xebec ["OP17-039">OP17-039]: Trash Kyo ["OP17-045">OP17-045]
RZ1|139|2|OP17-040|0|33|0|33|0|0|0|0|0
RZ1|CHK|139|2|34|8|2|3|4|6|2|1|1|0
[Opponent] Rocks D. Xebec ["OP17-039">OP17-039] revealed: Edward Newgate ["OP17-040">OP17-040]
[] Drew card from deck: Edward Newgate ["OP17-040">OP17-040]
RZ1|140|2|OP17-040|0|33|1|8|1|1|0|0|0
RZ1|CHK|140|2|33|9|2|3|4|6|2|1|1|0
[] Drew card from deck: Kyo ["OP17-045">OP17-045]
RZ1|141|2|OP17-045|0|32|1|9|1|1|0|0|0
RZ1|CHK|141|2|32|10|2|3|4|6|2|1|1|0
[Opponent] Rocks D. Xebec ["OP17-039">OP17-039]: Draw 2 Card
[You] Discard Usopp ["OP14-022">OP14-022] for Counter 1000
RZ1|142|1|OP14-022|1|4|6|3|1|1|0|0|0
RZ1|CHK|142|1|37|4|1|3|5|3|4|1|1|2
Rocks D. Xebec ["OP17-039">OP17-039][5000] vs Monkey D. Luffy ["OP13-001">OP13-001][6000]
Attack Fails
[] Hand: [OP17-046,OP08-051,OP17-048,OP17-118,OP17-044,OP17-040,OP17-049,OP08-051,OP17-040,OP17-045]
[] Board: [OP17-045,OP17-049]
[] Trash: [OP17-049,OP17-045]
[] Life: 3
[] Hand: [OP13-118,EB04-007,OP13-037,OP14-031]
[] Trash: [OP16-004,ST21-003,OP13-027,OP14-022]
[] Board: [EB02-017]
[] Life: 3
[Opponent] End Turn
[] Hand: [OP13-118,EB04-007,OP13-037,OP14-031]
[] Board: [EB02-017]
[] Trash: [OP16-004,ST21-003,OP13-027,OP14-022]
[] Life: 3
[] Hand: [OP17-046,OP08-051,OP17-048,OP17-118,OP17-044,OP17-040,OP17-049,OP08-051,OP17-040,OP17-045]
[] Trash: [OP17-049,OP17-045]
[] Board: [OP17-045,OP17-049]
[] Life: 3
RZ1|143|1|Don|9|9900|5|0|1|1|1|0|0
RZ1|CHK|143|1|37|4|1|3|5|4|4|1|1|1
RZ1|144|1|Don|9|9900|5|0|1|1|1|0|0
RZ1|CHK|144|1|37|4|1|3|5|5|4|1|1|0
[You] Draw 1 Card
[] Drew card from deck: Sanji ["OP13-027">OP13-027]
RZ1|145|1|OP13-027|0|36|1|4|1|1|0|0|0
RZ1|CHK|145|1|36|5|1|3|5|5|4|1|1|0
RZ1|146|1|Don|4|4|5|5|1|1|0|0|0
RZ1|CHK|146|1|36|5|1|3|4|6|4|1|1|0
RZ1|147|1|Don|4|3|5|6|1|1|0|0|0
RZ1|CHK|147|1|36|5|1|3|3|7|4|1|1|0
[You] Draw 2 Don
RZ1|148|1|Don|5|0|5|0|1|1|1|0|0
RZ1|CHK|148|1|36|5|1|3|3|7|4|1|1|0
RZ1|149|1|Don|5|1|5|1|1|1|1|0|0
RZ1|CHK|149|1|36|5|1|3|3|7|4|1|1|0
RZ1|150|1|Don|5|2|5|2|1|1|1|0|0
RZ1|CHK|150|1|36|5|1|3|3|7|4|1|1|0
RZ1|151|1|Don|5|3|5|3|1|1|1|0|0
RZ1|CHK|151|1|36|5|1|3|3|7|4|1|1|0
RZ1|152|1|Don|5|4|5|4|1|1|1|0|0
RZ1|CHK|152|1|36|5|1|3|3|7|4|1|1|0
RZ1|153|1|Don|5|5|5|5|1|1|1|0|0
RZ1|CHK|153|1|36|5|1|3|3|7|4|1|1|0
RZ1|154|1|Don|5|6|5|6|1|1|1|0|0
RZ1|CHK|154|1|36|5|1|3|3|7|4|1|1|0
[You] Deploy Roronoa Zoro ["EB04-007">EB04-007]
RZ1|155|1|EB04-007|1|1|2|1|1|1|0|0|0
RZ1|CHK|155|1|36|4|2|3|3|7|4|1|1|0
[You] Roronoa Zoro ["EB04-007">EB04-007]: Grant Monkey D. Luffy ["OP13-001">OP13-001] 2000 until opponent's next turn end
[You] Monkey D. Luffy ["OP13-001">OP13-001] attacking Rocks D. Xebec ["OP17-039">OP17-039]
Monkey D. Luffy ["OP13-001">OP13-001][7000] vs Rocks D. Xebec ["OP17-039">OP17-039][5000]
Rocks D. Xebec ["OP17-039">OP17-039] hit for 1 damage
RZ1|156|2|OP17-057|3|2|1|10|1|1|0|0|0
RZ1|CHK|156|2|32|11|2|2|4|6|2|1|1|0
[You] Thousand Sunny ["ST31-005">ST31-005]: Rest Thousand Sunny ["ST31-005">ST31-005]
[You] Thousand Sunny ["ST31-005">ST31-005]: Attach 1 Rested Don to Monkey D. Luffy ["OP13-001">OP13-001]
RZ1|157|1|Don|5|0|9|9900|1|1|1|0|0
RZ1|CHK|157|1|36|4|2|3|3|6|4|1|1|1
[] Hand: [OP13-118,OP13-037,OP14-031,OP13-027]
[] Board: [EB02-017,EB04-007]
[] Trash: [OP16-004,ST21-003,OP13-027,OP14-022]
[] Life: 3
[] Hand: [OP17-046,OP08-051,OP17-048,OP17-118,OP17-044,OP17-040,OP17-049,OP08-051,OP17-040,OP17-045,OP17-057]
[] Trash: [OP17-049,OP17-045]
[] Board: [OP17-045,OP17-049]
[] Life: 2
[You] End Turn
[] Hand: [OP17-046,OP08-051,OP17-048,OP17-118,OP17-044,OP17-040,OP17-049,OP08-051,OP17-040,OP17-045,OP17-057]
[] Board: [OP17-045,OP17-049]
[] Trash: [OP17-049,OP17-045]
[] Life: 2
[] Hand: [OP13-118,OP13-037,OP14-031,OP13-027]
[] Trash: [OP16-004,ST21-003,OP13-027,OP14-022]
[] Board: [EB02-017,EB04-007]
[] Life: 3
[Opponent] Draw 1 Card
[] Drew card from deck: Rocks D. Xebec ["OP17-118">OP17-118]
RZ1|158|2|OP17-118|0|31|1|11|1|1|0|0|0
RZ1|CHK|158|2|31|12|2|2|4|6|2|1|1|0
RZ1|159|2|Don|4|3|5|6|1|1|0|0|0
RZ1|CHK|159|2|31|12|2|2|3|7|2|1|1|0
RZ1|160|2|Don|4|2|5|7|1|1|0|0|0
RZ1|CHK|160|2|31|12|2|2|2|8|2|1|1|0
[Opponent] Draw 2 Don
RZ1|161|2|Don|5|0|5|0|1|1|1|0|0
RZ1|CHK|161|2|31|12|2|2|2|8|2|1|1|0
RZ1|162|2|Don|5|1|5|1|1|1|1|0|0
RZ1|CHK|162|2|31|12|2|2|2|8|2|1|1|0
RZ1|163|2|Don|5|2|5|2|1|1|1|0|0
RZ1|CHK|163|2|31|12|2|2|2|8|2|1|1|0
RZ1|164|2|Don|5|3|5|3|1|1|1|0|0
RZ1|CHK|164|2|31|12|2|2|2|8|2|1|1|0
RZ1|165|2|Don|5|4|5|4|1|1|1|0|0
RZ1|CHK|165|2|31|12|2|2|2|8|2|1|1|0
RZ1|166|2|Don|5|5|5|5|1|1|1|0|0
RZ1|CHK|166|2|31|12|2|2|2|8|2|1|1|0
[Opponent] Deploy Edward Newgate ["OP17-040">OP17-040]
RZ1|167|2|OP17-040|1|8|2|2|1|1|0|0|0
RZ1|CHK|167|2|31|11|3|2|2|8|2|1|1|0
[] Drew card from deck: Streusen ["OP17-050">OP17-050]
RZ1|168|2|OP17-050|0|30|1|11|1|1|0|0|0
RZ1|CHK|168|2|30|12|3|2|2|8|2|1|1|0
[Opponent] Edward Newgate ["OP17-040">OP17-040]: Draw 1 Card
[Opponent] Attach 1 Don to Kyo ["OP17-045">OP17-045] (1 Total)
RZ1|169|2|Don|5|7|9|0|1|1|0|0|0
RZ1|CHK|169|2|30|12|3|2|2|7|2|1|1|1
[Opponent] Attach 1 Don to Kyo ["OP17-045">OP17-045] (2 Total)
RZ1|170|2|Don|5|6|9|1|1|1|0|0|0
RZ1|CHK|170|2|30|12|3|2|2|6|2|1|1|2
[Opponent] Rocks D. Xebec ["OP17-039">OP17-039] attacking Monkey D. Luffy ["OP13-001">OP13-001]
RZ1|171|2|OP17-057|1|9|6|2|1|1|0|0|0
RZ1|CHK|171|2|30|11|3|2|2|6|3|1|1|2
[Opponent] Rocks D. Xebec ["OP17-039">OP17-039]: Trash Fullalead ["OP17-057">OP17-057]
RZ1|172|2|OP17-054|0|29|0|29|0|0|0|0|0
RZ1|CHK|172|2|30|11|3|2|2|6|3|1|1|2
[Opponent] Rocks D. Xebec ["OP17-039">OP17-039] revealed: Stussy ["OP17-054">OP17-054]
[] Drew card from deck: Stussy ["OP17-054">OP17-054]
RZ1|173|2|OP17-054|0|29|1|11|1|1|0|0|0
RZ1|CHK|173|2|29|12|3|2|2|6|3|1|1|2
[] Drew card from deck: There's No Authority in the World ["OP17-055">OP17-055]
RZ1|174|2|OP17-055|0|28|1|12|1|1|0|0|0
RZ1|CHK|174|2|28|13|3|2|2|6|3|1|1|2
[Opponent] Rocks D. Xebec ["OP17-039">OP17-039]: Draw 2 Card
RZ1|175|2|OP17-050|1|10|6|3|1|1|0|0|0
RZ1|CHK|175|2|28|12|3|2|2|6|4|1|1|2
[Opponent] Edward Newgate ["OP17-040">OP17-040]: Trash Streusen ["OP17-050">OP17-050]
[Opponent] Edward Newgate ["OP17-040">OP17-040]: Buff Rocks D. Xebec ["OP17-039">OP17-039] 3000 for the Combat
Rocks D. Xebec ["OP17-039">OP17-039][8000] vs Monkey D. Luffy ["OP13-001">OP13-001][7000]
Monkey D. Luffy ["OP13-001">OP13-001] hit for 1 damage
RZ1|176|1|OP16-004|3|2|1|4|1|1|0|0|0
RZ1|CHK|176|1|36|5|2|2|3|6|4|1|1|1
[Opponent] Charlotte Linlin ["OP17-049">OP17-049] attacking Monkey D. Luffy ["OP13-001">OP13-001]
[You] Discard Roronoa Zoro ["OP13-037">OP13-037] for Counter 1000
RZ1|177|1|OP13-037|1|1|6|4|1|1|0|0|0
RZ1|CHK|177|1|36|4|2|2|3|6|5|1|1|1
Charlotte Linlin ["OP17-049">OP17-049][7000] vs Monkey D. Luffy ["OP13-001">OP13-001][8000]
Attack Fails
[] Hand: [OP17-046,OP08-051,OP17-048,OP17-118,OP17-044,OP17-040,OP17-049,OP08-051,OP17-045,OP17-118,OP17-054,OP17-055]
[] Board: [OP17-045,OP17-049,OP17-040]
[] Trash: [OP17-049,OP17-045,OP17-057,OP17-050]
[] Life: 2
[] Hand: [OP13-118,OP14-031,OP13-027,OP16-004]
[] Trash: [OP16-004,ST21-003,OP13-027,OP14-022,OP13-037]
[] Board: [EB02-017,EB04-007]
[] Life: 2
[Opponent] End Turn
[] Hand: [OP13-118,OP14-031,OP13-027,OP16-004]
[] Board: [EB02-017,EB04-007]
[] Trash: [OP16-004,ST21-003,OP13-027,OP14-022,OP13-037]
[] Life: 2
[] Hand: [OP17-046,OP08-051,OP17-048,OP17-118,OP17-044,OP17-040,OP17-049,OP08-051,OP17-045,OP17-118,OP17-054,OP17-055]
[] Trash: [OP17-049,OP17-045,OP17-057,OP17-050]
[] Board: [OP17-045,OP17-049,OP17-040]
[] Life: 2
RZ1|178|1|Don|9|9900|5|0|1|1|1|0|0
RZ1|CHK|178|1|36|4|2|2|3|7|5|1|1|0
[You] Draw 1 Card
[] Drew card from deck: Nami ["OP14-031">OP14-031]
RZ1|179|1|OP14-031|0|35|1|4|1|1|0|0|0
RZ1|CHK|179|1|35|5|2|2|3|7|5|1|1|0
RZ1|180|1|Don|4|2|5|7|1|1|0|0|0
RZ1|CHK|180|1|35|5|2|2|2|8|5|1|1|0
RZ1|181|1|Don|4|1|5|8|1|1|0|0|0
RZ1|CHK|181|1|35|5|2|2|1|9|5|1|1|0
[You] Draw 2 Don
RZ1|182|1|Don|5|0|9|9900|1|1|0|0|0
RZ1|CHK|182|1|35|5|2|2|1|8|5|1|1|1
[You] Attach 1 Don to Monkey D. Luffy ["OP13-001">OP13-001] (1 Total)
[You] Roronoa Zoro ["EB04-007">EB04-007] attacking Rocks D. Xebec ["OP17-039">OP17-039]
RZ1|183|2|OP17-045|1|8|6|4|1|1|0|0|0
RZ1|CHK|183|2|28|11|3|2|2|6|5|1|1|2
[Opponent] Edward Newgate ["OP17-040">OP17-040]: Trash Kyo ["OP17-045">OP17-045]
[Opponent] Edward Newgate ["OP17-040">OP17-040]: Buff Rocks D. Xebec ["OP17-039">OP17-039] 3000 for the Combat
[Opponent] There's No Authority in the World ["OP17-055">OP17-055]: Activate Counter
RZ1|184|2|OP17-055|1|10|6|5|1|1|0|0|0
RZ1|CHK|184|2|28|10|3|2|2|6|6|1|1|2
[Opponent] There's No Authority in the World ["OP17-055">OP17-055]: Buff Rocks D. Xebec ["OP17-039">OP17-039] 2000 for the Combat
Roronoa Zoro ["EB04-007">EB04-007][9000] vs Rocks D. Xebec ["OP17-039">OP17-039][10000]
Attack Fails
[You] Monkey D. Luffy ["OP13-001">OP13-001] attacking Rocks D. Xebec ["OP17-039">OP17-039]
[Opponent] Fullalead ["OP17-057">OP17-057]: Rest Fullalead ["OP17-057">OP17-057]
RZ1|185|2|OP17-049|1|6|6|6|1|1|0|0|0
RZ1|CHK|185|2|28|9|3|2|2|6|7|1|1|2
[Opponent] Fullalead ["OP17-057">OP17-057]: Trash Charlotte Linlin ["OP17-049">OP17-049]
[Opponent] Fullalead ["OP17-057">OP17-057]: Buff Rocks D. Xebec ["OP17-039">OP17-039] 1000 for the Combat
RZ1|186|2|OP08-051|1|6|6|7|1|1|0|0|0
RZ1|CHK|186|2|28|8|3|2|2|6|8|1|1|2
[Opponent] Charlotte Linlin ["OP17-049">OP17-049]: Trash Buckin ["OP08-051">OP08-051]
[Opponent] Charlotte Linlin ["OP17-049">OP17-049]: Buff Rocks D. Xebec ["OP17-039">OP17-039] 1000 for the Combat
Monkey D. Luffy ["OP13-001">OP13-001][6000] vs Rocks D. Xebec ["OP17-039">OP17-039][7000]
Attack Fails
RZ1|187|1|Don|5|0|9|0|1|1|0|0|0
RZ1|CHK|187|1|35|5|2|2|1|7|5|1|1|2
RZ1|188|1|Don|5|0|9|1|1|1|0|0|0
RZ1|CHK|188|1|35|5|2|2|1|6|5|1|1|3
RZ1|189|1|Don|5|0|9|2|1|1|0|0|0
RZ1|CHK|189|1|35|5|2|2|1|5|5|1|1|4
[You] Attach 3 Don to Nami ["EB02-017">EB02-017] (3 Total)
[You] Nami ["EB02-017">EB02-017] attacking Rocks D. Xebec ["OP17-039">OP17-039]
[Opponent] Discard Buckin ["OP08-051">OP08-051] for Counter 1000
RZ1|190|2|OP08-051|1|1|6|8|1|1|0|0|0
RZ1|CHK|190|2|28|7|3|2|2|6|9|1|1|2
Nami ["EB02-017">EB02-017][5000] vs Rocks D. Xebec ["OP17-039">OP17-039][6000]
Attack Fails
RZ1|191|1|Don|5|0|5|0|1|1|1|0|0
RZ1|CHK|191|1|35|5|2|2|1|5|5|1|1|4
RZ1|192|1|Don|5|1|5|1|1|1|1|0|0
RZ1|CHK|192|1|35|5|2|2|1|5|5|1|1|4
RZ1|193|1|Don|5|2|5|2|1|1|1|0|0
RZ1|CHK|193|1|35|5|2|2|1|5|5|1|1|4
RZ1|194|1|Don|5|3|5|3|1|1|1|0|0
RZ1|CHK|194|1|35|5|2|2|1|5|5|1|1|4
[You] Deploy Nami ["OP14-031">OP14-031]
RZ1|195|1|OP14-031|1|1|2|2|1|1|0|0|0
RZ1|CHK|195|1|35|4|3|2|1|5|5|1|1|4
[You] Nami ["OP14-031">OP14-031]: Rest Edward Newgate ["OP17-040">OP17-040]
[You] Nami ["OP14-031">OP14-031]: Rest Kyo ["OP17-045">OP17-045]
[You] Thousand Sunny ["ST31-005">ST31-005]: Rest Thousand Sunny ["ST31-005">ST31-005]
[You] Thousand Sunny ["ST31-005">ST31-005]: Attach 1 Rested Don to Monkey D. Luffy ["OP13-001">OP13-001]
RZ1|196|1|Don|5|0|9|9901|1|1|1|0|0
RZ1|CHK|196|1|35|4|3|2|1|4|5|1|1|5
[] Hand: [OP13-118,OP13-027,OP16-004,OP14-031]
[] Board: [EB02-017,EB04-007,OP14-031]
[] Trash: [OP16-004,ST21-003,OP13-027,OP14-022,OP13-037]
[] Life: 2
[] Hand: [OP17-046,OP17-048,OP17-118,OP17-044,OP17-040,OP17-118,OP17-054]
[] Trash: [OP17-049,OP17-045,OP17-057,OP17-050,OP17-045,OP17-055,OP17-049,OP08-051,OP08-051]
[] Board: [OP17-045,OP17-049,OP17-040]
[] Life: 2
[You] End Turn
[] Hand: [OP17-046,OP17-048,OP17-118,OP17-044,OP17-040,OP17-118,OP17-054]
[] Board: [OP17-045,OP17-049,OP17-040]
[] Trash: [OP17-049,OP17-045,OP17-057,OP17-050,OP17-045,OP17-055,OP17-049,OP08-051,OP08-051]
[] Life: 2
[] Hand: [OP13-118,OP13-027,OP16-004,OP14-031]
[] Trash: [OP16-004,ST21-003,OP13-027,OP14-022,OP13-037]
[] Board: [EB02-017,EB04-007,OP14-031]
[] Life: 2
RZ1|197|2|Don|9|0|5|0|1|1|1|0|0
RZ1|CHK|197|2|28|7|3|2|2|7|9|1|1|1
RZ1|198|2|Don|9|0|5|0|1|1|1|0|0
RZ1|CHK|198|2|28|7|3|2|2|8|9|1|1|0
[Opponent] Draw 1 Card
[] Drew card from deck: Ganzui ["OP17-043">OP17-043]
RZ1|199|2|OP17-043|0|27|1|7|1|1|0|0|0
RZ1|CHK|199|2|27|8|3|2|2|8|9|1|1|0
RZ1|200|2|Don|4|1|5|8|1|1|0|0|0
RZ1|CHK|200|2|27|8|3|2|1|9|9|1|1|0
RZ1|201|2|Don|4|0|5|9|1|1|0|0|0
RZ1|CHK|201|2|27|8|3|2|0|10|9|1|1|0
[Opponent] Draw 2 Don
[Opponent] Kyo ["OP17-045">OP17-045] attacking Nami ["EB02-017">EB02-017]
[You] Nami ["OP14-031">OP14-031] Blocks
Kyo ["OP17-045">OP17-045][4000] vs Nami ["OP14-031">OP14-031][2000]
[You] Nami ["OP14-031">OP14-031] Destroyed
RZ1|202|1|OP14-031|2|2|6|5|1|1|0|0|0
RZ1|CHK|202|1|35|4|2|2|1|4|6|1|1|5
[Opponent] Charlotte Linlin ["OP17-049">OP17-049] attacking Monkey D. Luffy ["OP13-001">OP13-001]
Charlotte Linlin ["OP17-049">OP17-049][7000] vs Monkey D. Luffy ["OP13-001">OP13-001][5000]
Monkey D. Luffy ["OP13-001">OP13-001] hit for 1 damage
RZ1|203|1|OP13-027|3|1|1|4|1|1|0|0|0
RZ1|CHK|203|1|35|5|2|1|1|4|6|1|1|5
[Opponent] Edward Newgate ["OP17-040">OP17-040] attacking Monkey D. Luffy ["OP13-001">OP13-001]
[You] Monkey D. Luffy ["OP13-001">OP13-001]: Rest Don ["Don">Don]
RZ1|204|1|Don|5|3|5|3|1|1|1|0|0
RZ1|CHK|204|1|35|5|2|1|1|4|6|1|1|5
[You] Monkey D. Luffy ["OP13-001">OP13-001]: Buff Nami ["EB02-017">EB02-017] 2000 for the Combat
Edward Newgate ["OP17-040">OP17-040][8000] vs Monkey D. Luffy ["OP13-001">OP13-001][5000]
Monkey D. Luffy ["OP13-001">OP13-001] hit for 1 damage
RZ1|205|1|OP13-040|3|0|1|5|1|1|0|0|0
RZ1|CHK|205|1|35|6|2|0|1|4|6|1|1|5
RZ1|206|2|Don|5|0|5|0|1|1|1|0|0
RZ1|CHK|206|2|27|8|3|2|0|10|9|1|1|0
RZ1|207|2|Don|5|1|5|1|1|1|1|0|0
RZ1|CHK|207|2|27|8|3|2|0|10|9|1|1|0
RZ1|208|2|Don|5|2|5|2|1|1|1|0|0
RZ1|CHK|208|2|27|8|3|2|0|10|9|1|1|0
RZ1|209|2|Don|5|3|5|3|1|1|1|0|0
RZ1|CHK|209|2|27|8|3|2|0|10|9|1|1|0
RZ1|210|2|Don|5|4|5|4|1|1|1|0|0
RZ1|CHK|210|2|27|8|3|2|0|10|9|1|1|0
RZ1|211|2|Don|5|5|5|5|1|1|1|0|0
RZ1|CHK|211|2|27|8|3|2|0|10|9|1|1|0
RZ1|212|2|Don|5|6|5|6|1|1|1|0|0
RZ1|CHK|212|2|27|8|3|2|0|10|9|1|1|0
RZ1|213|2|Don|5|7|5|7|1|1|1|0|0
RZ1|CHK|213|2|27|8|3|2|0|10|9|1|1|0
RZ1|214|2|Don|5|8|5|8|1|1|1|0|0
RZ1|CHK|214|2|27|8|3|2|0|10|9|1|1|0
RZ1|215|2|Don|5|9|5|9|1|1|1|0|0
RZ1|CHK|215|2|27|8|3|2|0|10|9|1|1|0
[Opponent] Deploy Rocks D. Xebec ["OP17-118">OP17-118]
RZ1|216|2|OP17-118|1|5|2|3|1|1|0|0|0
RZ1|CHK|216|2|27|7|4|2|0|10|9|1|1|0
[] Drew card from deck: Shiki ["OP17-048">OP17-048]
RZ1|217|2|OP17-048|0|26|1|7|1|1|0|0|0
RZ1|CHK|217|2|26|8|4|2|0|10|9|1|1|0
[Opponent] Rocks D. Xebec ["OP17-118">OP17-118]: Draw 1 Card
RZ1|218|2|OP17-040|1|4|2|4|1|1|0|0|0
RZ1|CHK|218|2|26|7|5|2|0|10|9|1|1|0
[Opponent] Rocks D. Xebec ["OP17-118">OP17-118]: Deploy Edward Newgate ["OP17-040">OP17-040]
RZ1|219|2|OP17-045|2|0|6|9|1|1|0|0|0
RZ1|CHK|219|2|26|7|4|2|0|10|10|1|1|0
[Opponent] Trash Kyo ["OP17-045">OP17-045]
RZ1|220|2|OP17-054|1|4|2|4|1|1|0|0|0
RZ1|CHK|220|2|26|6|5|2|0|10|10|1|1|0
[Opponent] Rocks D. Xebec ["OP17-118">OP17-118]: Deploy Stussy ["OP17-054">OP17-054]
[] Drew card from deck: Gloriosa ["OP17-046">OP17-046]
RZ1|221|2|OP17-046|0|25|1|6|1|1|0|0|0
RZ1|CHK|221|2|25|7|5|2|0|10|10|1|1|0
[Opponent] Edward Newgate ["OP17-040">OP17-040]: Draw 1 Card
[Opponent] Stussy ["OP17-054">OP17-054]: Nami ["EB02-017">EB02-017] can't attack next turn
[Opponent] Rocks D. Xebec ["OP17-039">OP17-039] attacking Monkey D. Luffy ["OP13-001">OP13-001]
RZ1|222|2|OP17-048|1|5|6|10|1|1|0|0|0
RZ1|CHK|222|2|25|6|5|2|0|10|11|1|1|0
[Opponent] Rocks D. Xebec ["OP17-039">OP17-039]: Trash Shiki ["OP17-048">OP17-048]
RZ1|223|2|OP17-055|0|24|0|24|0|0|0|0|0
RZ1|CHK|223|2|25|6|5|2|0|10|11|1|1|0
[Opponent] Rocks D. Xebec ["OP17-039">OP17-039] revealed: There's No Authority in the World ["OP17-055">OP17-055]
[] Drew card from deck: There's No Authority in the World ["OP17-055">OP17-055]
RZ1|224|2|OP17-055|0|24|1|6|1|1|0|0|0
RZ1|CHK|224|2|24|7|5|2|0|10|11|1|1|0
[] Drew card from deck: Rocks D. Xebec ["OP17-118">OP17-118]
RZ1|225|2|OP17-118|0|23|1|7|1|1|0|0|0
RZ1|CHK|225|2|23|8|5|2|0|10|11|1|1|0
[Opponent] Rocks D. Xebec ["OP17-039">OP17-039]: Draw 2 Card
RZ1|226|2|OP17-046|1|5|6|11|1|1|0|0|0
RZ1|CHK|226|2|23|7|5|2|0|10|12|1|1|0
[Opponent] Edward Newgate ["OP17-040">OP17-040]: Trash Gloriosa ["OP17-046">OP17-046]
[Opponent] Edward Newgate ["OP17-040">OP17-040]: Buff Rocks D. Xebec ["OP17-039">OP17-039] 3000 for the Combat
RZ1|227|2|OP17-043|1|4|6|12|1|1|0|0|0
RZ1|CHK|227|2|23|6|5|2|0|10|13|1|1|0
[Opponent] Edward Newgate ["OP17-040">OP17-040]: Trash Ganzui ["OP17-043">OP17-043]
[Opponent] Edward Newgate ["OP17-040">OP17-040]: Buff Rocks D. Xebec ["OP17-039">OP17-039] 3000 for the Combat
Rocks D. Xebec ["OP17-039">OP17-039][11000] vs Monkey D. Luffy ["OP13-001">OP13-001][5000]
Monkey D. Luffy ["OP13-001">OP13-001] hit for 1 damage
[You] <b>Downloaded the Combat Log!</b>
GameOver
