Version is 1.42c.22
[You] Leader is Monkey D. Luffy ["OP13-001">OP13-001]
RZ1|HDR|1.42c|2|RZ1
RZ1|PLY|1||OP13-001
RZ1|PLY|2||
[Opponent] Leader is Jewelry Bonney ["OP07-019">OP07-019]
RZ1|1|2|ST02-007|0|28|0|0|0|0|0|0|0
RZ1|CHK|1|2|40|0|0|0|10|0|0|0|1|0
RZ1|2|2|OP07-021|0|21|0|1|0|0|0|0|0
RZ1|CHK|2|2|40|0|0|0|10|0|0|0|1|0
RZ1|3|2|OP07-021|0|20|0|2|0|0|0|0|0
RZ1|CHK|3|2|40|0|0|0|10|0|0|0|1|0
RZ1|4|2|OP07-021|0|21|0|3|0|0|0|0|0
RZ1|CHK|4|2|40|0|0|0|10|0|0|0|1|0
RZ1|5|2|OP07-026|0|23|0|4|0|0|0|0|0
RZ1|CHK|5|2|40|0|0|0|10|0|0|0|1|0
RZ1|6|2|OP05-030|0|15|0|5|0|0|0|0|0
RZ1|CHK|6|2|40|0|0|0|10|0|0|0|1|0
RZ1|7|2|OP01-051|0|12|0|6|0|0|0|0|0
RZ1|CHK|7|2|40|0|0|0|10|0|0|0|1|0
RZ1|8|2|EB01-012|0|8|0|7|0|0|0|0|0
RZ1|CHK|8|2|40|0|0|0|10|0|0|0|1|0
RZ1|9|2|ST02-007|0|29|0|8|0|0|0|0|0
RZ1|CHK|9|2|40|0|0|0|10|0|0|0|1|0
RZ1|10|2|OP07-021|0|24|0|9|0|0|0|0|0
RZ1|CHK|10|2|40|0|0|0|10|0|0|0|1|0
RZ1|11|2|OP05-030|0|19|0|10|0|0|0|0|0
RZ1|CHK|11|2|40|0|0|0|10|0|0|0|1|0
RZ1|12|2|OP05-037|0|38|0|11|0|0|0|0|0
RZ1|CHK|12|2|40|0|0|0|10|0|0|0|1|0
RZ1|13|2|EB01-015|0|15|0|13|0|0|0|0|0
RZ1|CHK|13|2|40|0|0|0|10|0|0|0|1|0
RZ1|14|2|OP07-029|0|30|0|15|0|0|0|0|0
RZ1|CHK|14|2|40|0|0|0|10|0|0|0|1|0
RZ1|15|2|OP07-026|0|27|0|16|0|0|0|0|0
RZ1|CHK|15|2|40|0|0|0|10|0|0|0|1|0
RZ1|16|2|OP06-035|0|25|0|17|0|0|0|0|0
RZ1|CHK|16|2|40|0|0|0|10|0|0|0|1|0
RZ1|17|2|OP05-034|0|24|0|18|0|0|0|0|0
RZ1|CHK|17|2|40|0|0|0|10|0|0|0|1|0
RZ1|18|2|OP01-058|0|37|0|19|0|0|0|0|0
RZ1|CHK|18|2|40|0|0|0|10|0|0|0|1|0
RZ1|19|2|OP07-029|0|31|0|20|0|0|0|0|0
RZ1|CHK|19|2|40|0|0|0|10|0|0|0|1|0
RZ1|20|2|ST16-004|0|37|0|22|0|0|0|0|0
RZ1|CHK|20|2|40|0|0|0|10|0|0|0|1|0
RZ1|21|2|OP07-029|0|32|0|23|0|0|0|0|0
RZ1|CHK|21|2|40|0|0|0|10|0|0|0|1|0
RZ1|22|2|OP04-119|0|26|0|24|0|0|0|0|0
RZ1|CHK|22|2|40|0|0|0|10|0|0|0|1|0
RZ1|23|2|OP06-035|0|31|0|25|0|0|0|0|0
RZ1|CHK|23|2|40|0|0|0|10|0|0|0|1|0
RZ1|24|2|OP05-030|0|29|0|26|0|0|0|0|0
RZ1|CHK|24|2|40|0|0|0|10|0|0|0|1|0
RZ1|25|2|ST16-004|0|37|0|27|0|0|0|0|0
RZ1|CHK|25|2|40|0|0|0|10|0|0|0|1|0
RZ1|26|2|ST02-007|0|34|0|28|0|0|0|0|0
RZ1|CHK|26|2|40|0|0|0|10|0|0|0|1|0
RZ1|27|2|OP05-030|0|31|0|29|0|0|0|0|0
RZ1|CHK|27|2|40|0|0|0|10|0|0|0|1|0
RZ1|28|2|OP05-034|0|32|0|30|0|0|0|0|0
RZ1|CHK|28|2|40|0|0|0|10|0|0|0|1|0
RZ1|29|2|OP05-037|0|39|0|31|0|0|0|0|0
RZ1|CHK|29|2|40|0|0|0|10|0|0|0|1|0
RZ1|30|2|OP06-035|0|34|0|32|0|0|0|0|0
RZ1|CHK|30|2|40|0|0|0|10|0|0|0|1|0
RZ1|31|2|OP01-058|0|39|0|33|0|0|0|0|0
RZ1|CHK|31|2|40|0|0|0|10|0|0|0|1|0
RZ1|32|2|ST02-007|0|37|0|34|0|0|0|0|0
RZ1|CHK|32|2|40|0|0|0|10|0|0|0|1|0
RZ1|33|2|ST02-013|0|39|0|35|0|0|0|0|0
RZ1|CHK|33|2|40|0|0|0|10|0|0|0|1|0
RZ1|34|2|OP04-031|0|37|0|36|0|0|0|0|0
RZ1|CHK|34|2|40|0|0|0|10|0|0|0|1|0
RZ1|35|2|ST02-013|0|39|0|37|0|0|0|0|0
RZ1|CHK|35|2|40|0|0|0|10|0|0|0|1|0
[] Drew card from deck: I Know You're Strong... So I'll Go All Out ["OP13-040">OP13-040]
RZ1|36|1|OP13-040|0|49|1|0|1|1|0|0|0
RZ1|CHK|36|1|49|1|0|0|10|0|0|0|1|0
[] Drew card from deck: Monkey D. Luffy ["OP13-118">OP13-118]
RZ1|37|1|OP13-118|0|48|1|1|1|1|0|0|0
RZ1|CHK|37|1|48|2|0|0|10|0|0|0|1|0
[] Drew card from deck: Curiel ["OP16-004">OP16-004]
RZ1|38|1|OP16-004|0|47|1|2|1|1|0|0|0
RZ1|CHK|38|1|47|3|0|0|10|0|0|0|1|0
[] Drew card from deck: Charlestone ["OP05-038">OP05-038]
RZ1|39|1|OP05-038|0|46|1|3|1|1|0|0|0
RZ1|CHK|39|1|46|4|0|0|10|0|0|0|1|0
[] Drew card from deck: Sanji ["OP13-027">OP13-027]
RZ1|40|1|OP13-027|0|45|1|4|1|1|0|0|0
RZ1|CHK|40|1|45|5|0|0|10|0|0|0|1|0
[] Drew card from deck: Jewelry Bonney ["OP07-026">OP07-026]
RZ1|41|2|OP07-026|0|39|1|0|1|1|0|0|0
RZ1|CHK|41|2|39|1|0|0|10|0|0|0|1|0
[] Drew card from deck: Scratchmen Apoo ["EB01-015">EB01-015]
RZ1|42|2|EB01-015|0|38|1|1|1|1|0|0|0
RZ1|CHK|42|2|38|2|0|0|10|0|0|0|1|0
[] Drew card from deck: Eustass "Captain" Kid ["ST02-013">ST02-013]
RZ1|43|2|ST02-013|0|37|1|2|1|1|0|0|0
RZ1|CHK|43|2|37|3|0|0|10|0|0|0|1|0
[] Drew card from deck: Donquixote Doflamingo ["OP04-031">OP04-031]
RZ1|44|2|OP04-031|0|36|1|3|1|1|0|0|0
RZ1|CHK|44|2|36|4|0|0|10|0|0|0|1|0
[] Drew card from deck: Eustass "Captain" Kid ["ST02-013">ST02-013]
RZ1|45|2|ST02-013|0|35|1|4|1|1|0|0|0
RZ1|CHK|45|2|35|5|0|0|10|0|0|0|1|0
RZ1|46|1|OP14-031|0|44|3|0|1|0|0|0|0
RZ1|CHK|46|1|44|5|0|1|10|0|0|0|1|0
RZ1|47|1|ST31-005|0|43|3|1|1|0|0|0|0
RZ1|CHK|47|1|43|5|0|2|10|0|0|0|1|0
RZ1|48|1|OP13-118|0|42|3|2|1|0|0|0|0
RZ1|CHK|48|1|42|5|0|3|10|0|0|0|1|0
RZ1|49|1|OP15-035|0|41|3|3|1|0|0|0|0
RZ1|CHK|49|1|41|5|0|4|10|0|0|0|1|0
RZ1|50|2|OP07-026|1|0|0|35|0|0|0|0|0
RZ1|CHK|50|2|36|4|0|0|10|0|0|0|1|0
RZ1|51|2|EB01-015|1|0|0|36|0|0|0|0|0
RZ1|CHK|51|2|37|3|0|0|10|0|0|0|1|0
RZ1|52|2|ST02-013|1|0|0|37|0|0|0|0|0
RZ1|CHK|52|2|38|2|0|0|10|0|0|0|1|0
RZ1|53|2|OP04-031|1|0|0|38|0|0|0|0|0
RZ1|CHK|53|2|39|1|0|0|10|0|0|0|1|0
RZ1|54|2|ST02-013|1|0|0|39|0|0|0|0|0
RZ1|CHK|54|2|40|0|0|0|10|0|0|0|1|0
RZ1|55|2|OP05-034|0|30|0|0|0|0|0|0|0
RZ1|CHK|55|2|40|0|0|0|10|0|0|0|1|0
RZ1|56|2|OP01-058|0|33|0|1|0|0|0|0|0
RZ1|CHK|56|2|40|0|0|0|10|0|0|0|1|0
RZ1|57|2|OP07-029|0|25|0|2|0|0|0|0|0
RZ1|CHK|57|2|40|0|0|0|10|0|0|0|1|0
RZ1|58|2|EB01-015|0|24|0|3|0|0|0|0|0
RZ1|CHK|58|2|40|0|0|0|10|0|0|0|1|0
RZ1|59|2|OP05-037|0|32|0|4|0|0|0|0|0
RZ1|CHK|59|2|40|0|0|0|10|0|0|0|1|0
RZ1|60|2|OP05-034|0|23|0|5|0|0|0|0|0
RZ1|CHK|60|2|40|0|0|0|10|0|0|0|1|0
RZ1|61|2|OP07-029|0|25|0|7|0|0|0|0|0
RZ1|CHK|61|2|40|0|0|0|10|0|0|0|1|0
RZ1|62|2|ST02-007|0|34|0|8|0|0|0|0|0
RZ1|CHK|62|2|40|0|0|0|10|0|0|0|1|0
RZ1|63|2|OP05-030|0|13|0|10|0|0|0|0|0
RZ1|CHK|63|2|40|0|0|0|10|0|0|0|1|0
RZ1|64|2|ST02-013|0|39|0|11|0|0|0|0|0
RZ1|CHK|64|2|40|0|0|0|10|0|0|0|1|0
RZ1|65|2|OP01-051|0|15|0|12|0|0|0|0|0
RZ1|CHK|65|2|40|0|0|0|10|0|0|0|1|0
RZ1|66|2|ST02-007|0|17|0|13|0|0|0|0|0
RZ1|CHK|66|2|40|0|0|0|10|0|0|0|1|0
RZ1|67|2|EB01-015|0|37|0|14|0|0|0|0|0
RZ1|CHK|67|2|40|0|0|0|10|0|0|0|1|0
RZ1|68|2|OP07-026|0|37|0|15|0|0|0|0|0
RZ1|CHK|68|2|40|0|0|0|10|0|0|0|1|0
RZ1|69|2|OP01-058|0|29|0|16|0|0|0|0|0
RZ1|CHK|69|2|40|0|0|0|10|0|0|0|1|0
RZ1|70|2|OP06-035|0|37|0|17|0|0|0|0|0
RZ1|CHK|70|2|40|0|0|0|10|0|0|0|1|0
RZ1|71|2|OP04-031|0|39|0|18|0|0|0|0|0
RZ1|CHK|71|2|40|0|0|0|10|0|0|0|1|0
RZ1|72|2|OP04-119|0|33|0|19|0|0|0|0|0
RZ1|CHK|72|2|40|0|0|0|10|0|0|0|1|0
RZ1|73|2|OP06-035|0|32|0|20|0|0|0|0|0
RZ1|CHK|73|2|40|0|0|0|10|0|0|0|1|0
RZ1|74|2|OP06-035|0|34|0|21|0|0|0|0|0
RZ1|CHK|74|2|40|0|0|0|10|0|0|0|1|0
RZ1|75|2|OP05-030|0|38|0|22|0|0|0|0|0
RZ1|CHK|75|2|40|0|0|0|10|0|0|0|1|0
RZ1|76|2|OP05-030|0|28|0|23|0|0|0|0|0
RZ1|CHK|76|2|40|0|0|0|10|0|0|0|1|0
RZ1|77|2|OP05-037|0|29|0|24|0|0|0|0|0
RZ1|CHK|77|2|40|0|0|0|10|0|0|0|1|0
RZ1|78|2|ST02-013|0|39|0|25|0|0|0|0|0
RZ1|CHK|78|2|40|0|0|0|10|0|0|0|1|0
RZ1|79|2|EB01-012|0|29|0|26|0|0|0|0|0
RZ1|CHK|79|2|40|0|0|0|10|0|0|0|1|0
RZ1|80|2|EB01-012|0|31|0|27|0|0|0|0|0
RZ1|CHK|80|2|40|0|0|0|10|0|0|0|1|0
RZ1|81|2|OP07-021|0|31|0|28|0|0|0|0|0
RZ1|CHK|81|2|40|0|0|0|10|0|0|0|1|0
RZ1|82|2|OP07-021|0|30|0|29|0|0|0|0|0
RZ1|CHK|82|2|40|0|0|0|10|0|0|0|1|0
RZ1|83|2|OP07-029|0|34|0|30|0|0|0|0|0
RZ1|CHK|83|2|40|0|0|0|10|0|0|0|1|0
RZ1|84|2|ST16-004|0|36|0|32|0|0|0|0|0
RZ1|CHK|84|2|40|0|0|0|10|0|0|0|1|0
RZ1|85|2|OP07-026|0|36|0|33|0|0|0|0|0
RZ1|CHK|85|2|40|0|0|0|10|0|0|0|1|0
RZ1|86|2|ST16-004|0|38|0|34|0|0|0|0|0
RZ1|CHK|86|2|40|0|0|0|10|0|0|0|1|0
RZ1|87|2|EB01-015|0|36|0|35|0|0|0|0|0
RZ1|CHK|87|2|40|0|0|0|10|0|0|0|1|0
RZ1|88|2|ST02-007|0|39|0|37|0|0|0|0|0
RZ1|CHK|88|2|40|0|0|0|10|0|0|0|1|0
RZ1|89|2|OP05-030|0|39|0|38|0|0|0|0|0
RZ1|CHK|89|2|40|0|0|0|10|0|0|0|1|0
[] Drew card from deck: Scratchmen Apoo ["EB01-015">EB01-015]
RZ1|90|2|EB01-015|0|39|1|0|1|1|0|0|0
RZ1|CHK|90|2|39|1|0|0|10|0|0|0|1|0
[] Drew card from deck: Donquixote Rosinante ["OP05-030">OP05-030]
RZ1|91|2|OP05-030|0|38|1|1|1|1|0|0|0
RZ1|CHK|91|2|38|2|0|0|10|0|0|0|1|0
[] Drew card from deck: Jewelry Bonney ["ST02-007">ST02-007]
RZ1|92|2|ST02-007|0|37|1|2|1|1|0|0|0
RZ1|CHK|92|2|37|3|0|0|10|0|0|0|1|0
[] Drew card from deck: Jewelry Bonney ["OP07-026">OP07-026]
RZ1|93|2|OP07-026|0|36|1|3|1|1|0|0|0
RZ1|CHK|93|2|36|4|0|0|10|0|0|0|1|0
[] Drew card from deck: Scratchmen Apoo ["EB01-015">EB01-015]
RZ1|94|2|EB01-015|0|35|1|4|1|1|0|0|0
RZ1|CHK|94|2|35|5|0|0|10|0|0|0|1|0
RZ1|95|2|ST16-004|0|34|3|0|0|1|0|0|0
RZ1|CHK|95|2|34|5|0|1|10|0|0|0|1|0
RZ1|96|2|OP07-026|0|33|3|1|0|1|0|0|0
RZ1|CHK|96|2|33|5|0|2|10|0|0|0|1|0
RZ1|97|2|ST16-004|0|32|3|2|0|1|0|0|0
RZ1|CHK|97|2|32|5|0|3|10|0|0|0|1|0
RZ1|98|2|OP07-021|0|31|3|3|0|1|0|0|0
RZ1|CHK|98|2|31|5|0|4|10|0|0|0|1|0
RZ1|99|2|OP07-029|0|30|3|4|0|1|0|0|0
RZ1|CHK|99|2|30|5|0|5|10|0|0|0|1|0
[] Hand after Mulligan: [EB01-015,OP05-030,ST02-007,OP07-026,EB01-015]
[Opponent] Mulligan
[] Hand: [OP13-040,OP13-118,OP16-004,OP05-038,OP13-027]
[] Board: []
[] Trash: []
[] Life: 4
[] Hand: [EB01-015,OP05-030,ST02-007,OP07-026,EB01-015]
[] Trash: []
[] Board: []
[] Life: 5
RZ1|100|1|Don|4|9|5|0|1|1|0|0|0
RZ1|CHK|100|1|41|5|0|4|9|1|0|0|1|0
[You] Draw 1 Don
[] Hand: [OP13-040,OP13-118,OP16-004,OP05-038,OP13-027]
[] Board: []
[] Trash: []
[] Life: 4
[] Hand: [EB01-015,OP05-030,ST02-007,OP07-026,EB01-015]
[] Trash: []
[] Board: []
[] Life: 5
[You] End Turn
[] Hand: [EB01-015,OP05-030,ST02-007,OP07-026,EB01-015]
[] Board: []
[] Trash: []
[] Life: 5
[] Hand: [OP13-040,OP13-118,OP16-004,OP05-038,OP13-027]
[] Trash: []
[] Board: []
[] Life: 4
[Opponent] Draw 1 Card
[] Drew card from deck: Uroge ["OP07-021">OP07-021]
RZ1|101|2|OP07-021|0|29|1|5|1|1|0|0|0
RZ1|CHK|101|2|29|6|0|5|10|0|0|0|1|0
RZ1|102|2|Don|4|9|5|0|1|1|0|0|0
RZ1|CHK|102|2|29|6|0|5|9|1|0|0|1|0
RZ1|103|2|Don|4|8|5|1|1|1|0|0|0
RZ1|CHK|103|2|29|6|0|5|8|2|0|0|1|0
[Opponent] Draw 2 Don
RZ1|104|2|Don|5|0|5|0|1|1|1|0|0
RZ1|CHK|104|2|29|6|0|5|8|2|0|0|1|0
[Opponent] Deploy Jewelry Bonney ["ST02-007">ST02-007]
RZ1|105|2|ST02-007|1|2|2|0|1|1|0|0|0
RZ1|CHK|105|2|29|5|1|5|8|2|0|0|1|0
[Opponent] Jewelry Bonney ["ST02-007">ST02-007]: Rest 1 Don
RZ1|106|2|Don|5|1|5|1|1|1|1|0|0
RZ1|CHK|106|2|29|5|1|5|8|2|0|0|1|0
[Opponent] Jewelry Bonney ["ST02-007">ST02-007]: Rest Jewelry Bonney ["ST02-007">ST02-007]
RZ1|107|2|EB01-012|0|26|1|5|1|1|0|0|0
RZ1|CHK|107|2|28|6|1|5|8|2|0|0|1|0
[Opponent] Jewelry Bonney ["ST02-007">ST02-007]: <b>Reveal and Draw Cavendish ["EB01-012">EB01-012]</b>
[Opponent] Placing Cards on Bottom of Deck
RZ1|108|2|OP07-021|0|27|0|0|0|0|0|0|0
RZ1|CHK|108|2|28|6|1|5|8|2|0|0|1|0
RZ1|109|2|EB01-012|0|27|0|0|0|0|0|0|0
RZ1|CHK|109|2|28|6|1|5|8|2|0|0|1|0
RZ1|110|2|ST02-013|0|27|0|0|0|0|0|0|0
RZ1|CHK|110|2|28|6|1|5|8|2|0|0|1|0
RZ1|111|2|OP05-037|0|27|0|0|0|0|0|0|0
RZ1|CHK|111|2|28|6|1|5|8|2|0|0|1|0
[] Hand: [EB01-015,OP05-030,OP07-026,EB01-015,OP07-021,EB01-012]
[] Board: [ST02-007]
[] Trash: []
[] Life: 5
[] Hand: [OP13-040,OP13-118,OP16-004,OP05-038,OP13-027]
[] Trash: []
[] Board: []
[] Life: 4
[Opponent] End Turn
[] Hand: [OP13-040,OP13-118,OP16-004,OP05-038,OP13-027]
[] Board: []
[] Trash: []
[] Life: 4
[] Hand: [EB01-015,OP05-030,OP07-026,EB01-015,OP07-021,EB01-012]
[] Trash: []
[] Board: [ST02-007]
[] Life: 5
[You] Draw 1 Card
[] Drew card from deck: Monkey D. Luffy ["OP13-118">OP13-118]
RZ1|112|1|OP13-118|0|40|1|5|1|1|0|0|0
RZ1|CHK|112|1|40|6|0|4|9|1|0|0|1|0
RZ1|113|1|Don|4|8|5|1|1|1|0|0|0
RZ1|CHK|113|1|40|6|0|4|8|2|0|0|1|0
RZ1|114|1|Don|4|7|5|2|1|1|0|0|0
RZ1|CHK|114|1|40|6|0|4|7|3|0|0|1|0
[You] Draw 2 Don
RZ1|115|1|Don|5|0|9|9900|1|1|0|0|0
RZ1|CHK|115|1|40|6|0|4|7|2|0|0|1|1
[You] Attach 1 Don to Monkey D. Luffy ["OP13-001">OP13-001] (1 Total)
[You] Monkey D. Luffy ["OP13-001">OP13-001] attacking Jewelry Bonney ["OP07-019">OP07-019]
[Opponent] Discard Scratchmen Apoo ["EB01-015">EB01-015] for Counter 2000
RZ1|116|2|EB01-015|1|3|6|0|1|1|0|0|0
RZ1|CHK|116|2|28|5|1|5|8|2|1|0|1|0
Monkey D. Luffy ["OP13-001">OP13-001][6000] vs Jewelry Bonney ["OP07-019">OP07-019][7000]
Attack Fails
[] Hand: [OP13-040,OP13-118,OP16-004,OP05-038,OP13-027,OP13-118]
[] Board: []
[] Trash: []
[] Life: 4
[] Hand: [EB01-015,OP05-030,OP07-026,OP07-021,EB01-012]
[] Trash: [EB01-015]
[] Board: [ST02-007]
[] Life: 5
[You] End Turn
[] Hand: [EB01-015,OP05-030,OP07-026,OP07-021,EB01-012]
[] Board: [ST02-007]
[] Trash: [EB01-015]
[] Life: 5
[] Hand: [OP13-040,OP13-118,OP16-004,OP05-038,OP13-027,OP13-118]
[] Trash: []
[] Board: []
[] Life: 4
[Opponent] Draw 1 Card
[] Drew card from deck: Donquixote Rosinante ["OP05-030">OP05-030]
RZ1|117|2|OP05-030|0|27|1|5|1|1|0|0|0
RZ1|CHK|117|2|27|6|1|5|8|2|1|0|1|0
RZ1|118|2|Don|4|7|5|2|1|1|0|0|0
RZ1|CHK|118|2|27|6|1|5|7|3|1|0|1|0
RZ1|119|2|Don|4|6|5|3|1|1|0|0|0
RZ1|CHK|119|2|27|6|1|5|6|4|1|0|1|0
[Opponent] Draw 2 Don
[Opponent] Jewelry Bonney ["OP07-019">OP07-019] attacking Monkey D. Luffy ["OP13-001">OP13-001]
[You] Discard Curiel ["OP16-004">OP16-004] for Counter 2000
RZ1|120|1|OP16-004|1|2|6|0|1|1|0|0|0
RZ1|CHK|120|1|40|5|0|4|7|2|1|0|1|1
Jewelry Bonney ["OP07-019">OP07-019][5000] vs Monkey D. Luffy ["OP13-001">OP13-001][7000]
Attack Fails
RZ1|121|2|Don|5|0|5|0|1|1|1|0|0
RZ1|CHK|121|2|27|6|1|5|6|4|1|0|1|0
RZ1|122|2|Don|5|1|5|1|1|1|1|0|0
RZ1|CHK|122|2|27|6|1|5|6|4|1|0|1|0
RZ1|123|2|Don|5|2|5|2|1|1|1|0|0
RZ1|CHK|123|2|27|6|1|5|6|4|1|0|1|0
RZ1|124|2|Don|5|3|5|3|1|1|1|0|0
RZ1|CHK|124|2|27|6|1|5|6|4|1|0|1|0
[Opponent] Deploy Uroge ["OP07-021">OP07-021]
RZ1|125|2|OP07-021|1|3|2|1|1|1|0|0|0
RZ1|CHK|125|2|27|5|2|5|6|4|1|0|1|0
[Opponent] Uroge ["OP07-021">OP07-021]: Activate 1 Don
RZ1|126|2|Don|5|3|5|3|1|1|0|0|0
RZ1|CHK|126|2|27|5|2|5|6|4|1|0|1|0
[] Hand: [EB01-015,OP05-030,OP07-026,EB01-012,OP05-030]
[] Board: [ST02-007,OP07-021]
[] Trash: [EB01-015]
[] Life: 5
[] Hand: [OP13-040,OP13-118,OP05-038,OP13-027,OP13-118]
[] Trash: [OP16-004]
[] Board: []
[] Life: 4
[Opponent] End Turn
[] Hand: [OP13-040,OP13-118,OP05-038,OP13-027,OP13-118]
[] Board: []
[] Trash: [OP16-004]
[] Life: 4
[] Hand: [EB01-015,OP05-030,OP07-026,EB01-012,OP05-030]
[] Trash: [EB01-015]
[] Board: [ST02-007,OP07-021]
[] Life: 5
RZ1|127|1|Don|9|9900|5|0|1|1|1|0|0
RZ1|CHK|127|1|40|5|0|4|7|3|1|0|1|0
[You] Draw 1 Card
[] Drew card from deck: Brook ["OP15-032">OP15-032]
RZ1|128|1|OP15-032|0|39|1|5|1|1|0|0|0
RZ1|CHK|128|1|39|6|0|4|7|3|1|0|1|0
RZ1|129|1|Don|4|6|5|3|1|1|0|0|0
RZ1|CHK|129|1|39|6|0|4|6|4|1|0|1|0
RZ1|130|1|Don|4|5|5|4|1|1|0|0|0
RZ1|CHK|130|1|39|6|0|4|5|5|1|0|1|0
[You] Draw 2 Don
RZ1|131|1|Don|5|0|5|0|1|1|1|0|0
RZ1|CHK|131|1|39|6|0|4|5|5|1|0|1|0
RZ1|132|1|Don|5|1|5|1|1|1|1|0|0
RZ1|CHK|132|1|39|6|0|4|5|5|1|0|1|0
RZ1|133|1|Don|5|2|5|2|1|1|1|0|0
RZ1|CHK|133|1|39|6|0|4|5|5|1|0|1|0
RZ1|134|1|Don|5|3|5|3|1|1|1|0|0
RZ1|CHK|134|1|39|6|0|4|5|5|1|0|1|0
RZ1|135|1|Don|5|4|5|4|1|1|1|0|0
RZ1|CHK|135|1|39|6|0|4|5|5|1|0|1|0
[You] Deploy Sanji ["OP13-027">OP13-027]
RZ1|136|1|OP13-027|1|3|2|0|1|1|0|0|0
RZ1|CHK|136|1|39|5|1|4|5|5|1|0|1|0
[You] Sanji ["OP13-027">OP13-027]: Activate 1 Don
RZ1|137|1|Don|5|4|5|4|1|1|0|0|0
RZ1|CHK|137|1|39|5|1|4|5|5|1|0|1|0
[You] Sanji ["OP13-027">OP13-027]: Activate 1 Don
RZ1|138|1|Don|5|3|5|3|1|1|0|0|0
RZ1|CHK|138|1|39|5|1|4|5|5|1|0|1|0
RZ1|139|1|Don|5|3|9|9900|1|1|0|0|0
RZ1|CHK|139|1|39|5|1|4|5|4|1|0|1|1
RZ1|140|1|Don|5|3|9|9901|1|1|0|0|0
RZ1|CHK|140|1|39|5|1|4|5|3|1|0|1|2
[You] Attach 2 Don to Monkey D. Luffy ["OP13-001">OP13-001] (2 Total)
[You] Monkey D. Luffy ["OP13-001">OP13-001] attacking Jewelry Bonney ["OP07-019">OP07-019]
Monkey D. Luffy ["OP13-001">OP13-001][7000] vs Jewelry Bonney ["OP07-019">OP07-019][5000]
Jewelry Bonney ["OP07-019">OP07-019] hit for 1 damage
RZ1|141|2|OP07-029|3|4|1|5|1|1|0|0|0
RZ1|CHK|141|2|27|6|2|4|6|4|1|0|1|0
[You] Sanji ["OP13-027">OP13-027]: Activate 1 Don
RZ1|142|1|Don|5|2|5|2|1|1|0|0|0
RZ1|CHK|142|1|39|5|1|4|5|3|1|0|1|2
[] Hand: [OP13-040,OP13-118,OP05-038,OP13-118,OP15-032]
[] Board: [OP13-027]
[] Trash: [OP16-004]
[] Life: 4
[] Hand: [EB01-015,OP05-030,OP07-026,EB01-012,OP05-030,OP07-029]
[] Trash: [EB01-015]
[] Board: [ST02-007,OP07-021]
[] Life: 4
[You] End Turn
[] Hand: [EB01-015,OP05-030,OP07-026,EB01-012,OP05-030,OP07-029]
[] Board: [ST02-007,OP07-021]
[] Trash: [EB01-015]
[] Life: 4
[] Hand: [OP13-040,OP13-118,OP05-038,OP13-118,OP15-032]
[] Trash: [OP16-004]
[] Board: [OP13-027]
[] Life: 4
[Opponent] Draw 1 Card
[] Drew card from deck: Donquixote Rosinante ["OP05-030">OP05-030]
RZ1|143|2|OP05-030|0|26|1|6|1|1|0|0|0
RZ1|CHK|143|2|26|7|2|4|6|4|1|0|1|0
RZ1|144|2|Don|4|5|5|4|1|1|0|0|0
RZ1|CHK|144|2|26|7|2|4|5|5|1|0|1|0
RZ1|145|2|Don|4|4|5|5|1|1|0|0|0
RZ1|CHK|145|2|26|7|2|4|4|6|1|0|1|0
[Opponent] Draw 2 Don
RZ1|146|2|Don|5|0|5|0|1|1|1|0|0
RZ1|CHK|146|2|26|7|2|4|4|6|1|0|1|0
RZ1|147|2|Don|5|1|5|1|1|1|1|0|0
RZ1|CHK|147|2|26|7|2|4|4|6|1|0|1|0
RZ1|148|2|Don|5|2|5|2|1|1|1|0|0
RZ1|CHK|148|2|26|7|2|4|4|6|1|0|1|0
RZ1|149|2|Don|5|3|5|3|1|1|1|0|0
RZ1|CHK|149|2|26|7|2|4|4|6|1|0|1|0
RZ1|150|2|Don|5|4|5|4|1|1|1|0|0
RZ1|CHK|150|2|26|7|2|4|4|6|1|0|1|0
[Opponent] Deploy Cavendish ["EB01-012">EB01-012]
RZ1|151|2|EB01-012|1|3|2|2|1|1|0|0|0
RZ1|CHK|151|2|26|6|3|4|4|6|1|0|1|0
[Opponent] Cavendish ["EB01-012">EB01-012]: Activate 1 Don
RZ1|152|2|Don|5|4|5|4|1|1|0|0|0
RZ1|CHK|152|2|26|6|3|4|4|6|1|0|1|0
[Opponent] Cavendish ["EB01-012">EB01-012]: Activate 1 Don
RZ1|153|2|Don|5|3|5|3|1|1|0|0|0
RZ1|CHK|153|2|26|6|3|4|4|6|1|0|1|0
[Opponent] Jewelry Bonney ["ST02-007">ST02-007]: Rest 1 Don
RZ1|154|2|Don|5|3|5|3|1|1|1|0|0
RZ1|CHK|154|2|26|6|3|4|4|6|1|0|1|0
[Opponent] Jewelry Bonney ["ST02-007">ST02-007]: Rest Jewelry Bonney ["ST02-007">ST02-007]
[Opponent] <b>Picked no cards to Draw</b>
[Opponent] Placing Cards on Bottom of Deck
RZ1|155|2|OP06-035|0|25|0|0|0|0|0|0|0
RZ1|CHK|155|2|26|6|3|4|4|6|1|0|1|0
RZ1|156|2|OP06-035|0|25|0|0|0|0|0|0|0
RZ1|CHK|156|2|26|6|3|4|4|6|1|0|1|0
RZ1|157|2|OP04-119|0|25|0|0|0|0|0|0|0
RZ1|CHK|157|2|26|6|3|4|4|6|1|0|1|0
RZ1|158|2|OP04-031|0|25|0|0|0|0|0|0|0
RZ1|CHK|158|2|26|6|3|4|4|6|1|0|1|0
RZ1|159|2|OP06-035|0|25|0|0|0|0|0|0|0
RZ1|CHK|159|2|26|6|3|4|4|6|1|0|1|0
[Opponent] Attach 1 Don to Jewelry Bonney ["OP07-019">OP07-019] (1 Total)
RZ1|160|2|Don|5|5|9|9900|1|1|0|0|0
RZ1|CHK|160|2|26|6|3|4|4|5|1|0|1|1
[Opponent] Attach 1 Don to Jewelry Bonney ["OP07-019">OP07-019] (2 Total)
RZ1|161|2|Don|5|4|9|9901|1|1|0|0|0
RZ1|CHK|161|2|26|6|3|4|4|4|1|0|1|2
[Opponent] Jewelry Bonney ["OP07-019">OP07-019] attacking Monkey D. Luffy ["OP13-001">OP13-001]
[You] I Know You're Strong... So I'll Go All Out ["OP13-040">OP13-040]: Activate Counter
[You] I Know You're Strong... So I'll Go All Out ["OP13-040">OP13-040]: Rest 1 Don
RZ1|162|1|Don|5|2|5|2|1|1|1|0|0
RZ1|CHK|162|1|39|5|1|4|5|3|1|0|1|2
RZ1|163|1|OP13-040|1|0|6|1|1|1|0|0|0
RZ1|CHK|163|1|39|4|1|4|5|3|2|0|1|2
[You] I Know You're Strong... So I'll Go All Out ["OP13-040">OP13-040]: Buff Monkey D. Luffy ["OP13-001">OP13-001] 3000 for the Combat
Jewelry Bonney ["OP07-019">OP07-019][7000] vs Monkey D. Luffy ["OP13-001">OP13-001][8000]
Attack Fails
[Opponent] Uroge ["OP07-021">OP07-021]: Activate 1 Don
RZ1|164|2|Don|5|3|5|3|1|1|0|0|0
RZ1|CHK|164|2|26|6|3|4|4|4|1|0|1|2
[] Hand: [EB01-015,OP05-030,OP07-026,OP05-030,OP07-029,OP05-030]
[] Board: [ST02-007,OP07-021,EB01-012]
[] Trash: [EB01-015]
[] Life: 4
[] Hand: [OP13-118,OP05-038,OP13-118,OP15-032]
[] Trash: [OP16-004,OP13-040]
[] Board: [OP13-027]
[] Life: 4
[Opponent] End Turn
[] Hand: [OP13-118,OP05-038,OP13-118,OP15-032]
[] Board: [OP13-027]
[] Trash: [OP16-004,OP13-040]
[] Life: 4
[] Hand: [EB01-015,OP05-030,OP07-026,OP05-030,OP07-029,OP05-030]
[] Trash: [EB01-015]
[] Board: [ST02-007,OP07-021,EB01-012]
[] Life: 4
RZ1|165|1|Don|9|9900|5|0|1|1|1|0|0
RZ1|CHK|165|1|39|4|1|4|5|4|2|0|1|1
RZ1|166|1|Don|9|9900|5|0|1|1|1|0|0
RZ1|CHK|166|1|39|4|1|4|5|5|2|0|1|0
[You] Draw 1 Card
[] Drew card from deck: Tony Tony Chopper ["OP10-011">OP10-011]
RZ1|167|1|OP10-011|0|38|1|4|1|1|0|0|0
RZ1|CHK|167|1|38|5|1|4|5|5|2|0|1|0
RZ1|168|1|Don|4|4|5|5|1|1|0|0|0
RZ1|CHK|168|1|38|5|1|4|4|6|2|0|1|0
RZ1|169|1|Don|4|3|5|6|1|1|0|0|0
RZ1|CHK|169|1|38|5|1|4|3|7|2|0|1|0
[You] Draw 2 Don
RZ1|170|1|Don|5|0|9|9900|1|1|0|0|0
RZ1|CHK|170|1|38|5|1|4|3|6|2|0|1|1
[You] Attach 1 Don to Monkey D. Luffy ["OP13-001">OP13-001] (1 Total)
[You] Monkey D. Luffy ["OP13-001">OP13-001] attacking Jewelry Bonney ["OP07-019">OP07-019]
[Opponent] Jewelry Bonney ["OP07-019">OP07-019]: Rest 1 Don
RZ1|171|2|Don|5|3|5|3|1|1|1|0|0
RZ1|CHK|171|2|26|6|3|4|4|4|1|0|1|2
[Opponent] Jewelry Bonney ["OP07-019">OP07-019]: Rest Sanji ["OP13-027">OP13-027]
[Opponent] Discard Scratchmen Apoo ["EB01-015">EB01-015] for Counter 2000
RZ1|172|2|EB01-015|1|0|6|1|1|1|0|0|0
RZ1|CHK|172|2|26|5|3|4|4|4|2|0|1|2
Monkey D. Luffy ["OP13-001">OP13-001][6000] vs Jewelry Bonney ["OP07-019">OP07-019][7000]
Attack Fails
RZ1|173|1|Don|5|0|5|0|1|1|1|0|0
RZ1|CHK|173|1|38|5|1|4|3|6|2|0|1|1
RZ1|174|1|Don|5|1|5|1|1|1|1|0|0
RZ1|CHK|174|1|38|5|1|4|3|6|2|0|1|1
RZ1|175|1|Don|5|2|5|2|1|1|1|0|0
RZ1|CHK|175|1|38|5|1|4|3|6|2|0|1|1
RZ1|176|1|Don|5|3|5|3|1|1|1|0|0
RZ1|CHK|176|1|38|5|1|4|3|6|2|0|1|1
RZ1|177|1|Don|5|4|5|4|1|1|1|0|0
RZ1|CHK|177|1|38|5|1|4|3|6|2|0|1|1
RZ1|178|1|Don|5|5|5|5|1|1|1|0|0
RZ1|CHK|178|1|38|5|1|4|3|6|2|0|1|1
[You] Deploy Brook ["OP15-032">OP15-032]
RZ1|179|1|OP15-032|1|3|2|1|1|1|0|0|0
RZ1|CHK|179|1|38|4|2|4|3|6|2|0|1|1
[You] Brook ["OP15-032">OP15-032]: Rest Uroge ["OP07-021">OP07-021]
[You] Sanji ["OP13-027">OP13-027]: Activate 1 Don
RZ1|180|1|Don|5|5|5|5|1|1|0|0|0
RZ1|CHK|180|1|38|4|2|4|3|6|2|0|1|1
[] Hand: [OP13-118,OP05-038,OP13-118,OP10-011]
[] Board: [OP13-027,OP15-032]
[] Trash: [OP16-004,OP13-040]
[] Life: 4
[] Hand: [OP05-030,OP07-026,OP05-030,OP07-029,OP05-030]
[] Trash: [EB01-015,EB01-015]
[] Board: [ST02-007,OP07-021,EB01-012]
[] Life: 4
[You] End Turn
[] Hand: [OP05-030,OP07-026,OP05-030,OP07-029,OP05-030]
[] Board: [ST02-007,OP07-021,EB01-012]
[] Trash: [EB01-015,EB01-015]
[] Life: 4
[] Hand: [OP13-118,OP05-038,OP13-118,OP10-011]
[] Trash: [OP16-004,OP13-040]
[] Board: [OP13-027,OP15-032]
[] Life: 4
RZ1|181|2|Don|9|9900|5|0|1|1|1|0|0
RZ1|CHK|181|2|26|5|3|4|4|5|2|0|1|1
RZ1|182|2|Don|9|9900|5|0|1|1|1|0|0
RZ1|CHK|182|2|26|5|3|4|4|6|2|0|1|0
[Opponent] Draw 1 Card
[] Drew card from deck: Punk Gibson ["OP01-058">OP01-058]
RZ1|183|2|OP01-058|0|25|1|5|1|1|0|0|0
RZ1|CHK|183|2|25|6|3|4|4|6|2|0|1|0
RZ1|184|2|Don|4|3|5|6|1|1|0|0|0
RZ1|CHK|184|2|25|6|3|4|3|7|2|0|1|0
RZ1|185|2|Don|4|2|5|7|1|1|0|0|0
RZ1|CHK|185|2|25|6|3|4|2|8|2|0|1|0
[Opponent] Draw 2 Don
RZ1|186|2|Don|5|0|5|0|1|1|1|0|0
RZ1|CHK|186|2|25|6|3|4|2|8|2|0|1|0
RZ1|187|2|Don|5|1|5|1|1|1|1|0|0
RZ1|CHK|187|2|25|6|3|4|2|8|2|0|1|0
RZ1|188|2|Don|5|2|5|2|1|1|1|0|0
RZ1|CHK|188|2|25|6|3|4|2|8|2|0|1|0
RZ1|189|2|Don|5|3|5|3|1|1|1|0|0
RZ1|CHK|189|2|25|6|3|4|2|8|2|0|1|0
RZ1|190|2|Don|5|4|5|4|1|1|1|0|0
RZ1|CHK|190|2|25|6|3|4|2|8|2|0|1|0
[Opponent] Deploy Jewelry Bonney ["OP07-026">OP07-026]
RZ1|191|2|OP07-026|1|1|2|3|1|1|0|0|0
RZ1|CHK|191|2|25|5|4|4|2|8|2|0|1|0
[Opponent] Jewelry Bonney ["OP07-026">OP07-026]: Sanji ["OP13-027">OP13-027] will not Activate during next Refresh
[Opponent] Cavendish ["EB01-012">EB01-012] attacking Monkey D. Luffy ["OP13-001">OP13-001]
[Opponent] Cavendish ["EB01-012">EB01-012]: Activate 1 Don
RZ1|192|2|Don|5|4|5|4|1|1|0|0|0
RZ1|CHK|192|2|25|5|4|4|2|8|2|0|1|0
[Opponent] Cavendish ["EB01-012">EB01-012]: Activate 1 Don
RZ1|193|2|Don|5|3|5|3|1|1|0|0|0
RZ1|CHK|193|2|25|5|4|4|2|8|2|0|1|0
[You] Discard Tony Tony Chopper ["OP10-011">OP10-011] for Counter 2000
RZ1|194|1|OP10-011|1|3|6|2|1|1|0|0|0
RZ1|CHK|194|1|38|3|2|4|3|6|3|0|1|1
Cavendish ["EB01-012">EB01-012][6000] vs Monkey D. Luffy ["OP13-001">OP13-001][7000]
Attack Fails
[Opponent] Jewelry Bonney ["ST02-007">ST02-007]: Rest 1 Don
RZ1|195|2|Don|5|3|5|3|1|1|1|0|0
RZ1|CHK|195|2|25|5|4|4|2|8|2|0|1|0
[Opponent] Jewelry Bonney ["ST02-007">ST02-007]: Rest Jewelry Bonney ["ST02-007">ST02-007]
RZ1|196|2|EB01-015|0|23|1|5|1|1|0|0|0
RZ1|CHK|196|2|24|6|4|4|2|8|2|0|1|0
[Opponent] Jewelry Bonney ["ST02-007">ST02-007]: <b>Reveal and Draw Scratchmen Apoo ["EB01-015">EB01-015]</b>
[Opponent] Placing Cards on Bottom of Deck
RZ1|197|2|OP07-026|0|23|0|0|0|0|0|0|0
RZ1|CHK|197|2|24|6|4|4|2|8|2|0|1|0
RZ1|198|2|ST02-007|0|23|0|0|0|0|0|0|0
RZ1|CHK|198|2|24|6|4|4|2|8|2|0|1|0
RZ1|199|2|OP01-051|0|23|0|0|0|0|0|0|0
RZ1|CHK|199|2|24|6|4|4|2|8|2|0|1|0
RZ1|200|2|ST02-013|0|23|0|0|0|0|0|0|0
RZ1|CHK|200|2|24|6|4|4|2|8|2|0|1|0
[Opponent] Attach 1 Don to Jewelry Bonney ["OP07-019">OP07-019] (1 Total)
RZ1|201|2|Don|5|7|9|9900|1|1|0|0|0
RZ1|CHK|201|2|24|6|4|4|2|7|2|0|1|1
[Opponent] Attach 1 Don to Jewelry Bonney ["OP07-019">OP07-019] (2 Total)
RZ1|202|2|Don|5|6|9|9901|1|1|0|0|0
RZ1|CHK|202|2|24|6|4|4|2|6|2|0|1|2
[Opponent] Attach 1 Don to Jewelry Bonney ["OP07-019">OP07-019] (3 Total)
RZ1|203|2|Don|5|5|9|9902|1|1|0|0|0
RZ1|CHK|203|2|24|6|4|4|2|5|2|0|1|3
[Opponent] Jewelry Bonney ["OP07-019">OP07-019] attacking Monkey D. Luffy ["OP13-001">OP13-001]
Jewelry Bonney ["OP07-019">OP07-019][8000] vs Monkey D. Luffy ["OP13-001">OP13-001][5000]
Monkey D. Luffy ["OP13-001">OP13-001] hit for 1 damage
RZ1|204|1|OP15-035|3|3|1|3|1|1|0|0|0
RZ1|CHK|204|1|38|4|2|3|3|6|3|0|1|1
[Opponent] Uroge ["OP07-021">OP07-021]: Activate 1 Don
RZ1|205|2|Don|5|3|5|3|1|1|0|0|0
RZ1|CHK|205|2|24|6|4|4|2|5|2|0|1|3
[] Hand: [OP05-030,OP05-030,OP07-029,OP05-030,OP01-058,EB01-015]
[] Board: [ST02-007,OP07-021,EB01-012,OP07-026]
[] Trash: [EB01-015,EB01-015]
[] Life: 4
[] Hand: [OP13-118,OP05-038,OP13-118,OP15-035]
[] Trash: [OP16-004,OP13-040,OP10-011]
[] Board: [OP13-027,OP15-032]
[] Life: 3
[Opponent] End Turn
[] Hand: [OP13-118,OP05-038,OP13-118,OP15-035]
[] Board: [OP13-027,OP15-032]
[] Trash: [OP16-004,OP13-040,OP10-011]
[] Life: 3
[] Hand: [OP05-030,OP05-030,OP07-029,OP05-030,OP01-058,EB01-015]
[] Trash: [EB01-015,EB01-015]
[] Board: [ST02-007,OP07-021,EB01-012,OP07-026]
[] Life: 4
RZ1|206|1|Don|9|9900|5|0|1|1|1|0|0
RZ1|CHK|206|1|38|4|2|3|3|7|3|0|1|0
[You] Draw 1 Card
[] Drew card from deck: Nami ["EB02-017">EB02-017]
RZ1|207|1|EB02-017|0|37|1|4|1|1|0|0|0
RZ1|CHK|207|1|37|5|2|3|3|7|3|0|1|0
RZ1|208|1|Don|4|2|5|7|1|1|0|0|0
RZ1|CHK|208|1|37|5|2|3|2|8|3|0|1|0
RZ1|209|1|Don|4|1|5|8|1|1|0|0|0
RZ1|CHK|209|1|37|5|2|3|1|9|3|0|1|0
[You] Draw 2 Don
RZ1|210|1|Don|5|0|5|0|1|1|1|0|0
RZ1|CHK|210|1|37|5|2|3|1|9|3|0|1|0
RZ1|211|1|Don|5|1|5|1|1|1|1|0|0
RZ1|CHK|211|1|37|5|2|3|1|9|3|0|1|0
RZ1|212|1|Don|5|2|5|2|1|1|1|0|0
RZ1|CHK|212|1|37|5|2|3|1|9|3|0|1|0
RZ1|213|1|Don|5|3|5|3|1|1|1|0|0
RZ1|CHK|213|1|37|5|2|3|1|9|3|0|1|0
RZ1|214|1|Don|5|4|5|4|1|1|1|0|0
RZ1|CHK|214|1|37|5|2|3|1|9|3|0|1|0
RZ1|215|1|Don|5|5|5|5|1|1|1|0|0
RZ1|CHK|215|1|37|5|2|3|1|9|3|0|1|0
[You] Deploy Monkey D. Luffy ["OP13-118">OP13-118]
RZ1|216|1|OP13-118|1|0|2|2|1|1|0|0|0
RZ1|CHK|216|1|37|4|3|3|1|9|3|0|1|0
[You] Monkey D. Luffy ["OP13-118">OP13-118]: Activate 1 Don
RZ1|217|1|Don|5|5|5|5|1|1|0|0|0
RZ1|CHK|217|1|37|4|3|3|1|9|3|0|1|0
[You] Monkey D. Luffy ["OP13-118">OP13-118]: Activate 1 Don
RZ1|218|1|Don|5|4|5|4|1|1|0|0|0
RZ1|CHK|218|1|37|4|3|3|1|9|3|0|1|0
[You] Monkey D. Luffy ["OP13-118">OP13-118]: Activate 1 Don
RZ1|219|1|Don|5|3|5|3|1|1|0|0|0
RZ1|CHK|219|1|37|4|3|3|1|9|3|0|1|0
[You] Monkey D. Luffy ["OP13-118">OP13-118]: Activate 1 Don
RZ1|220|1|Don|5|2|5|2|1|1|0|0|0
RZ1|CHK|220|1|37|4|3|3|1|9|3|0|1|0
[You] Monkey D. Luffy ["OP13-118">OP13-118]: Can't play Cost 5 Or More Characters for the Turn!
RZ1|221|1|Don|5|2|9|9900|1|1|0|0|0
RZ1|CHK|221|1|37|4|3|3|1|8|3|0|1|1
[You] Attach 1 Don to Monkey D. Luffy ["OP13-001">OP13-001] (1 Total)
RZ1|222|1|Don|5|2|9|9901|1|1|0|0|0
RZ1|CHK|222|1|37|4|3|3|1|7|3|0|1|2
RZ1|223|1|Don|5|2|9|9902|1|1|0|0|0
RZ1|CHK|223|1|37|4|3|3|1|6|3|0|1|3
[You] Attach 2 Don to Monkey D. Luffy ["OP13-001">OP13-001] (3 Total)
[You] Monkey D. Luffy ["OP13-001">OP13-001] attacking Jewelry Bonney ["OP07-019">OP07-019]
[Opponent] Jewelry Bonney ["OP07-019">OP07-019]: Rest 1 Don
RZ1|224|2|Don|5|3|5|3|1|1|1|0|0
RZ1|CHK|224|2|24|6|4|4|2|5|2|0|1|3
[Opponent] Jewelry Bonney ["OP07-019">OP07-019]: Rest Brook ["OP15-032">OP15-032]
Monkey D. Luffy ["OP13-001">OP13-001][8000] vs Jewelry Bonney ["OP07-019">OP07-019][5000]
Jewelry Bonney ["OP07-019">OP07-019] hit for 1 damage
RZ1|225|2|OP07-021|3|3|1|6|1|1|0|0|0
RZ1|CHK|225|2|24|7|4|3|2|5|2|0|1|3
RZ1|226|1|Don|5|2|5|2|1|1|1|0|0
RZ1|CHK|226|1|37|4|3|3|1|6|3|0|1|3
[You] Deploy Nami ["EB02-017">EB02-017]
RZ1|227|1|EB02-017|1|3|2|3|1|1|0|0|0
RZ1|CHK|227|1|37|3|4|3|1|6|3|0|1|3
RZ1|228|1|ST21-003|0|35|1|3|1|1|0|0|0
RZ1|CHK|228|1|36|4|4|3|1|6|3|0|1|3
[You] Nami ["EB02-017">EB02-017]: <b>Reveal and Draw Sanji ["ST21-003">ST21-003]</b>
[You] Placing Cards on Bottom of Deck
RZ1|229|1|OP13-040|0|35|0|0|0|0|0|0|0
RZ1|CHK|229|1|36|4|4|3|1|6|3|0|1|3
RZ1|230|1|OP14-022|0|35|0|0|0|0|0|0|0
RZ1|CHK|230|1|36|4|4|3|1|6|3|0|1|3
RZ1|231|1|OP01-016|0|35|0|0|0|0|0|0|0
RZ1|CHK|231|1|36|4|4|3|1|6|3|0|1|3
RZ1|232|1|OP14-031|0|35|0|0|0|0|0|0|0
RZ1|CHK|232|1|36|4|4|3|1|6|3|0|1|3
RZ1|233|1|Don|5|3|5|3|1|1|1|0|0
RZ1|CHK|233|1|36|4|4|3|1|6|3|0|1|3
RZ1|234|1|Don|5|4|5|4|1|1|1|0|0
RZ1|CHK|234|1|36|4|4|3|1|6|3|0|1|3
[You] Deploy Sanji ["ST21-003">ST21-003]
RZ1|235|1|ST21-003|1|3|2|4|1|1|0|0|0
RZ1|CHK|235|1|36|3|5|3|1|6|3|0|1|3
[You] Sanji ["ST21-003">ST21-003]: Grant Unblockable to Sanji ["OP13-027">OP13-027]
[You] Sanji ["OP13-027">OP13-027]: Activate 1 Don
RZ1|236|1|Don|5|4|5|4|1|1|0|0|0
RZ1|CHK|236|1|36|3|5|3|1|6|3|0|1|3
[] Hand: [OP05-038,OP13-118,OP15-035]
[] Board: [OP13-027,OP15-032,OP13-118,EB02-017,ST21-003]
[] Trash: [OP16-004,OP13-040,OP10-011]
[] Life: 3
[] Hand: [OP05-030,OP05-030,OP07-029,OP05-030,OP01-058,EB01-015,OP07-021]
[] Trash: [EB01-015,EB01-015]
[] Board: [ST02-007,OP07-021,EB01-012,OP07-026]
[] Life: 3
[You] End Turn
[] Hand: [OP05-030,OP05-030,OP07-029,OP05-030,OP01-058,EB01-015,OP07-021]
[] Board: [ST02-007,OP07-021,EB01-012,OP07-026]
[] Trash: [EB01-015,EB01-015]
[] Life: 3
[] Hand: [OP05-038,OP13-118,OP15-035]
[] Trash: [OP16-004,OP13-040,OP10-011]
[] Board: [OP13-027,OP15-032,OP13-118,EB02-017,ST21-003]
[] Life: 3
RZ1|237|2|Don|9|9900|5|0|1|1|1|0|0
RZ1|CHK|237|2|24|7|4|3|2|6|2|0|1|2
RZ1|238|2|Don|9|9900|5|0|1|1|1|0|0
RZ1|CHK|238|2|24|7|4|3|2|7|2|0|1|1
RZ1|239|2|Don|9|9900|5|0|1|1|1|0|0
RZ1|CHK|239|2|24|7|4|3|2|8|2|0|1|0
[Opponent] Draw 1 Card
[] Drew card from deck: Donquixote Rosinante ["OP05-030">OP05-030]
RZ1|240|2|OP05-030|0|23|1|7|1|1|0|0|0
RZ1|CHK|240|2|23|8|4|3|2|8|2|0|1|0
RZ1|241|2|Don|4|1|5|8|1|1|0|0|0
RZ1|CHK|241|2|23|8|4|3|1|9|2|0|1|0
RZ1|242|2|Don|4|0|5|9|1|1|0|0|0
RZ1|CHK|242|2|23|8|4|3|0|10|2|0|1|0
[Opponent] Draw 2 Don
[Opponent] Attach 1 Don to Cavendish ["EB01-012">EB01-012] (1 Total)
RZ1|243|2|Don|5|9|9|200|1|1|0|0|0
RZ1|CHK|243|2|23|8|4|3|0|9|2|0|1|1
RZ1|244|2|Don|5|0|5|0|1|1|1|0|0
RZ1|CHK|244|2|23|8|4|3|0|9|2|0|1|1
RZ1|245|2|Don|5|1|5|1|1|1|1|0|0
RZ1|CHK|245|2|23|8|4|3|0|9|2|0|1|1
[Opponent] Deploy Donquixote Rosinante ["OP05-030">OP05-030]
RZ1|246|2|OP05-030|1|7|2|4|1|1|0|0|0
RZ1|CHK|246|2|23|7|5|3|0|9|2|0|1|1
[Opponent] Cavendish ["EB01-012">EB01-012] attacking Monkey D. Luffy ["OP13-001">OP13-001]
[Opponent] Cavendish ["EB01-012">EB01-012]: Activate 1 Don
RZ1|247|2|Don|5|1|5|1|1|1|0|0|0
RZ1|CHK|247|2|23|7|5|3|0|9|2|0|1|1
[Opponent] Cavendish ["EB01-012">EB01-012]: Activate 1 Don
RZ1|248|2|Don|5|0|5|0|1|1|0|0|0
RZ1|CHK|248|2|23|7|5|3|0|9|2|0|1|1
Cavendish ["EB01-012">EB01-012][7000] vs Monkey D. Luffy ["OP13-001">OP13-001][5000]
Monkey D. Luffy ["OP13-001">OP13-001] hit for 1 damage
RZ1|249|1|OP13-118|3|2|1|3|1|1|0|0|0
RZ1|CHK|249|1|36|4|5|2|1|6|3|0|1|3
[Opponent] Attach 1 Don to Jewelry Bonney ["OP07-026">OP07-026] (1 Total)
RZ1|250|2|Don|5|8|9|300|1|1|0|0|0
RZ1|CHK|250|2|23|7|5|3|0|8|2|0|1|2
[Opponent] Attach 1 Don to Jewelry Bonney ["OP07-026">OP07-026] (2 Total)
RZ1|251|2|Don|5|7|9|301|1|1|0|0|0
RZ1|CHK|251|2|23|7|5|3|0|7|2|0|1|3
[Opponent] Attach 1 Don to Jewelry Bonney ["OP07-026">OP07-026] (3 Total)
RZ1|252|2|Don|5|6|9|302|1|1|0|0|0
RZ1|CHK|252|2|23|7|5|3|0|6|2|0|1|4
[Opponent] Jewelry Bonney ["OP07-026">OP07-026] attacking Monkey D. Luffy ["OP13-001">OP13-001]
Jewelry Bonney ["OP07-026">OP07-026][9000] vs Monkey D. Luffy ["OP13-001">OP13-001][5000]
Monkey D. Luffy ["OP13-001">OP13-001] hit for 1 damage
RZ1|253|1|ST31-005|3|1|1|4|1|1|0|0|0
RZ1|CHK|253|1|36|5|5|1|1|6|3|0|1|3
[Opponent] Attach 1 Don to Jewelry Bonney ["OP07-019">OP07-019] (1 Total)
RZ1|254|2|Don|5|5|9|9900|1|1|0|0|0
RZ1|CHK|254|2|23|7|5|3|0|5|2|0|1|5
[Opponent] Attach 1 Don to Jewelry Bonney ["OP07-019">OP07-019] (2 Total)
RZ1|255|2|Don|5|4|9|9901|1|1|0|0|0
RZ1|CHK|255|2|23|7|5|3|0|4|2|0|1|6
[Opponent] Attach 1 Don to Jewelry Bonney ["OP07-019">OP07-019] (3 Total)
RZ1|256|2|Don|5|3|9|9902|1|1|0|0|0
RZ1|CHK|256|2|23|7|5|3|0|3|2|0|1|7
[Opponent] Jewelry Bonney ["OP07-019">OP07-019] attacking Monkey D. Luffy ["OP13-001">OP13-001]
[You] Charlestone ["OP05-038">OP05-038]: Activate Counter
[You] Charlestone ["OP05-038">OP05-038]: Rest 2 Don
RZ1|257|1|Don|5|4|5|4|1|1|1|0|0
RZ1|CHK|257|1|36|5|5|1|1|6|3|0|1|3
RZ1|258|1|Don|5|5|5|5|1|1|1|0|0
RZ1|CHK|258|1|36|5|5|1|1|6|3|0|1|3
RZ1|259|1|OP05-038|1|0|6|3|1|1|0|0|0
RZ1|CHK|259|1|36|4|5|1|1|6|4|0|1|3
[You] Charlestone ["OP05-038">OP05-038]: Buff Monkey D. Luffy ["OP13-001">OP13-001] 4000 for the Combat
Jewelry Bonney ["OP07-019">OP07-019][8000] vs Monkey D. Luffy ["OP13-001">OP13-001][9000]
Attack Fails
[] Hand: [OP05-030,OP05-030,OP07-029,OP05-030,OP01-058,EB01-015,OP07-021]
[] Board: [ST02-007,OP07-021,EB01-012,OP07-026,OP05-030]
[] Trash: [EB01-015,EB01-015]
[] Life: 3
[] Hand: [OP13-118,OP15-035,OP13-118,ST31-005]
[] Trash: [OP16-004,OP13-040,OP10-011,OP05-038]
[] Board: [OP13-027,OP15-032,OP13-118,EB02-017,ST21-003]
[] Life: 1
[Opponent] End Turn
[] Hand: [OP13-118,OP15-035,OP13-118,ST31-005]
[] Board: [OP13-027,OP15-032,OP13-118,EB02-017,ST21-003]
[] Trash: [OP16-004,OP13-040,OP10-011,OP05-038]
[] Life: 1
[] Hand: [OP05-030,OP05-030,OP07-029,OP05-030,OP01-058,EB01-015,OP07-021]
[] Trash: [EB01-015,EB01-015]
[] Board: [ST02-007,OP07-021,EB01-012,OP07-026,OP05-030]
[] Life: 3
RZ1|260|1|Don|9|9900|5|0|1|1|1|0|0
RZ1|CHK|260|1|36|4|5|1|1|7|4|0|1|2
RZ1|261|1|Don|9|9900|5|0|1|1|1|0|0
RZ1|CHK|261|1|36|4|5|1|1|8|4|0|1|1
RZ1|262|1|Don|9|9900|5|0|1|1|1|0|0
RZ1|CHK|262|1|36|4|5|1|1|9|4|0|1|0
[You] Draw 1 Card
[] Drew card from deck: Nami ["OP14-031">OP14-031]
RZ1|263|1|OP14-031|0|35|1|4|1|1|0|0|0
RZ1|CHK|263|1|35|5|5|1|1|9|4|0|1|0
RZ1|264|1|Don|4|0|5|9|1|1|0|0|0
RZ1|CHK|264|1|35|5|5|1|0|10|4|0|1|0
[You] Draw 2 Don
[You] Monkey D. Luffy ["OP13-118">OP13-118] attacking Jewelry Bonney ["OP07-019">OP07-019]
[Opponent] Jewelry Bonney ["OP07-019">OP07-019]: Rest 1 Don
RZ1|265|2|Don|5|0|5|0|1|1|1|0|0
RZ1|CHK|265|2|23|7|5|3|0|3|2|0|1|7
[Opponent] Jewelry Bonney ["OP07-019">OP07-019]: Rest Sanji ["OP13-027">OP13-027]
[Opponent] Uroge ["OP07-021">OP07-021] Blocks
Monkey D. Luffy ["OP13-118">OP13-118][7000] vs Uroge ["OP07-021">OP07-021][5000]
RZ1|266|2|OP05-030|2|4|6|2|1|1|0|0|0
RZ1|CHK|266|2|23|7|4|3|0|3|3|0|1|7
[Opponent] Donquixote Rosinante ["OP05-030">OP05-030]: Trash Donquixote Rosinante ["OP05-030">OP05-030]
[Opponent] Donquixote Rosinante ["OP05-030">OP05-030]: Prevent Effect To Uroge ["OP07-021">OP07-021]
[You] Monkey D. Luffy ["OP13-001">OP13-001] attacking Jewelry Bonney ["OP07-019">OP07-019]
[Opponent] Discard Donquixote Rosinante ["OP05-030">OP05-030] for Counter 1000
RZ1|267|2|OP05-030|1|1|6|3|1|1|0|0|0
RZ1|CHK|267|2|23|6|4|3|0|3|4|0|1|7
Monkey D. Luffy ["OP13-001">OP13-001][5000] vs Jewelry Bonney ["OP07-019">OP07-019][6000]
Attack Fails
RZ1|268|1|Don|5|0|5|0|1|1|1|0|0
RZ1|CHK|268|1|35|5|5|1|0|10|4|0|1|0
RZ1|269|1|Don|5|1|5|1|1|1|1|0|0
RZ1|CHK|269|1|35|5|5|1|0|10|4|0|1|0
RZ1|270|1|Don|5|2|5|2|1|1|1|0|0
RZ1|CHK|270|1|35|5|5|1|0|10|4|0|1|0
RZ1|271|1|Don|5|3|5|3|1|1|1|0|0
RZ1|CHK|271|1|35|5|5|1|0|10|4|0|1|0
[You] Trash Sanji ["ST21-003">ST21-003]
[You] Deploy Nami ["OP14-031">OP14-031]
RZ1|272|1|ST21-003|2|4|6|4|1|1|0|0|0
RZ1|CHK|272|1|35|5|4|1|0|10|5|0|1|0
RZ1|273|1|OP14-031|1|4|2|4|1|1|0|0|0
RZ1|CHK|273|1|35|4|5|1|0|10|5|0|1|0
RZ1|274|1|Don|5|4|9|9900|1|1|0|0|0
RZ1|CHK|274|1|35|4|5|1|0|9|5|0|1|1
[You] Attach 1 Don to Monkey D. Luffy ["OP13-001">OP13-001] (1 Total)
RZ1|275|1|Don|5|4|5|4|1|1|1|0|0
RZ1|CHK|275|1|35|4|5|1|0|9|5|0|1|1
[You] Deploy Thousand Sunny ["ST31-005">ST31-005]
RZ1|276|1|ST31-005|1|3|7|0|1|1|0|0|0
RZ1|CHK|276|1|35|3|5|1|0|9|5|1|1|1
RZ1|277|1|OP13-040|0|32|1|3|1|1|0|0|0
RZ1|CHK|277|1|34|4|5|1|0|9|5|1|1|1
[You] Thousand Sunny ["ST31-005">ST31-005]: <b>Reveal and Draw I Know You're Strong... So I'll Go All Out ["OP13-040">OP13-040]</b>
[You] Placing Cards on Bottom of Deck
RZ1|278|1|OP16-004|0|33|0|0|0|0|0|0|0
RZ1|CHK|278|1|34|4|5|1|0|9|5|1|1|1
RZ1|279|1|OP05-038|0|33|0|0|0|0|0|0|0
RZ1|CHK|279|1|34|4|5|1|0|9|5|1|1|1
RZ1|280|1|EB04-007|0|33|0|0|0|0|0|0|0
RZ1|CHK|280|1|34|4|5|1|0|9|5|1|1|1
RZ1|281|1|OP15-035|0|33|0|0|0|0|0|0|0
RZ1|CHK|281|1|34|4|5|1|0|9|5|1|1|1
RZ1|282|1|Don|5|5|9|300|1|1|0|0|0
RZ1|CHK|282|1|34|4|5|1|0|8|5|1|1|2
RZ1|283|1|Don|5|5|9|301|1|1|0|0|0
RZ1|CHK|283|1|34|4|5|1|0|7|5|1|1|3
RZ1|284|1|Don|5|5|9|302|1|1|0|0|0
RZ1|CHK|284|1|34|4|5|1|0|6|5|1|1|4
[You] Attach 3 Don to Nami ["EB02-017">EB02-017] (3 Total)
[You] Nami ["EB02-017">EB02-017] attacking Uroge ["OP07-021">OP07-021]
[Opponent] Discard Uroge ["OP07-021">OP07-021] for Counter 1000
RZ1|285|2|OP07-021|1|5|6|4|1|1|0|0|0
RZ1|CHK|285|2|23|5|4|3|0|3|5|0|1|7
Nami ["EB02-017">EB02-017][5000] vs Uroge ["OP07-021">OP07-021][6000]
Attack Fails
[You] Brook ["OP15-032">OP15-032] attacking Uroge ["OP07-021">OP07-021]
[Opponent] Discard Scratchmen Apoo ["EB01-015">EB01-015] for Counter 2000
RZ1|286|2|EB01-015|1|4|6|5|1|1|0|0|0
RZ1|CHK|286|2|23|4|4|3|0|3|6|0|1|7
Brook ["OP15-032">OP15-032][6000] vs Uroge ["OP07-021">OP07-021][7000]
Attack Fails
[You] Sanji ["OP13-027">OP13-027]: Activate 1 Don
RZ1|287|1|Don|5|4|5|4|1|1|0|0|0
RZ1|CHK|287|1|34|4|5|1|0|6|5|1|1|4
[] Hand: [OP13-118,OP15-035,OP13-118,OP13-040]
[] Board: [OP13-027,OP15-032,OP13-118,EB02-017,OP14-031]
[] Trash: [OP16-004,OP13-040,OP10-011,OP05-038,ST21-003]
[] Life: 1
[] Hand: [OP05-030,OP07-029,OP05-030,OP01-058]
[] Trash: [EB01-015,EB01-015,OP05-030,OP05-030,OP07-021,EB01-015]
[] Board: [ST02-007,OP07-021,EB01-012,OP07-026]
[] Life: 3
[You] End Turn
[] Hand: [OP05-030,OP07-029,OP05-030,OP01-058]
[] Board: [ST02-007,OP07-021,EB01-012,OP07-026]
[] Trash: [EB01-015,EB01-015,OP05-030,OP05-030,OP07-021,EB01-015]
[] Life: 3
[] Hand: [OP13-118,OP15-035,OP13-118,OP13-040]
[] Trash: [OP16-004,OP13-040,OP10-011,OP05-038,ST21-003]
[] Board: [OP13-027,OP15-032,OP13-118,EB02-017,OP14-031]
[] Life: 1
RZ1|288|2|Don|9|9900|5|0|1|1|1|0|0
RZ1|CHK|288|2|23|4|4|3|0|4|6|0|1|6
RZ1|289|2|Don|9|9900|5|0|1|1|1|0|0
RZ1|CHK|289|2|23|4|4|3|0|5|6|0|1|5
RZ1|290|2|Don|9|9900|5|0|1|1|1|0|0
RZ1|CHK|290|2|23|4|4|3|0|6|6|0|1|4
RZ1|291|2|Don|9|200|5|0|1|1|1|0|0
RZ1|CHK|291|2|23|4|4|3|0|7|6|0|1|3
RZ1|292|2|Don|9|300|5|0|1|1|1|0|0
RZ1|CHK|292|2|23|4|4|3|0|8|6|0|1|2
RZ1|293|2|Don|9|300|5|0|1|1|1|0|0
RZ1|CHK|293|2|23|4|4|3|0|9|6|0|1|1
RZ1|294|2|Don|9|300|5|0|1|1|1|0|0
RZ1|CHK|294|2|23|4|4|3|0|10|6|0|1|0
[Opponent] Draw 1 Card
[] Drew card from deck: Uroge ["OP07-021">OP07-021]
RZ1|295|2|OP07-021|0|22|1|4|1|1|0|0|0
RZ1|CHK|295|2|22|5|4|3|0|10|6|0|1|0
[Opponent] Attach 1 Don to Cavendish ["EB01-012">EB01-012] (1 Total)
RZ1|296|2|Don|5|9|9|200|1|1|0|0|0
RZ1|CHK|296|2|22|5|4|3|0|9|6|0|1|1
[Opponent] Attach 1 Don to Cavendish ["EB01-012">EB01-012] (2 Total)
RZ1|297|2|Don|5|8|9|201|1|1|0|0|0
RZ1|CHK|297|2|22|5|4|3|0|8|6|0|1|2
[Opponent] Attach 1 Don to Cavendish ["EB01-012">EB01-012] (3 Total)
RZ1|298|2|Don|5|7|9|202|1|1|0|0|0
RZ1|CHK|298|2|22|5|4|3|0|7|6|0|1|3
[Opponent] Cavendish ["EB01-012">EB01-012] attacking Monkey D. Luffy ["OP13-001">OP13-001]
[You] Nami ["OP14-031">OP14-031] Blocks
Cavendish ["EB01-012">EB01-012][9000] vs Nami ["OP14-031">OP14-031][2000]
[You] Nami ["OP14-031">OP14-031] Destroyed
RZ1|299|1|OP14-031|2|4|6|5|1|1|0|0|0
RZ1|CHK|299|1|34|4|4|1|0|6|6|1|1|4
[Opponent] Attach 1 Don to Jewelry Bonney ["OP07-026">OP07-026] (1 Total)
RZ1|300|2|Don|5|6|9|300|1|1|0|0|0
RZ1|CHK|300|2|22|5|4|3|0|6|6|0|1|4
[Opponent] Attach 1 Don to Jewelry Bonney ["OP07-026">OP07-026] (2 Total)
RZ1|301|2|Don|5|5|9|301|1|1|0|0|0
RZ1|CHK|301|2|22|5|4|3|0|5|6|0|1|5
[Opponent] Attach 1 Don to Jewelry Bonney ["OP07-026">OP07-026] (3 Total)
RZ1|302|2|Don|5|4|9|302|1|1|0|0|0
RZ1|CHK|302|2|22|5|4|3|0|4|6|0|1|6
[Opponent] Jewelry Bonney ["OP07-026">OP07-026] attacking Monkey D. Luffy ["OP13-001">OP13-001]
[You] Monkey D. Luffy ["OP13-001">OP13-001]: Rest Don ["Don">Don]
RZ1|303|1|Don|5|4|5|4|1|1|1|0|0
RZ1|CHK|303|1|34|4|4|1|0|6|6|1|1|4
[You] Monkey D. Luffy ["OP13-001">OP13-001]: Rest Don ["Don">Don]
RZ1|304|1|Don|5|5|5|5|1|1|1|0|0
RZ1|CHK|304|1|34|4|4|1|0|6|6|1|1|4
[You] Monkey D. Luffy ["OP13-001">OP13-001]: Buff Nami ["EB02-017">EB02-017] 4000 for the Combat
Jewelry Bonney ["OP07-026">OP07-026][9000] vs Monkey D. Luffy ["OP13-001">OP13-001][5000]
Monkey D. Luffy ["OP13-001">OP13-001] hit for 1 damage
RZ1|305|1|OP14-031|3|0|1|4|1|1|0|0|0
RZ1|CHK|305|1|34|5|4|0|0|6|6|1|1|4
[Opponent] Uroge ["OP07-021">OP07-021] attacking Monkey D. Luffy ["OP13-001">OP13-001]
[You] Discard Laboon ["OP15-035">OP15-035] for Counter 2000
RZ1|306|1|OP15-035|1|1|6|6|1|1|0|0|0
RZ1|CHK|306|1|34|4|4|0|0|6|7|1|1|4
Uroge ["OP07-021">OP07-021][5000] vs Monkey D. Luffy ["OP13-001">OP13-001][7000]
Attack Fails
[Opponent] Attach 1 Don to Jewelry Bonney ["OP07-019">OP07-019] (1 Total)
RZ1|307|2|Don|5|3|9|9900|1|1|0|0|0
RZ1|CHK|307|2|22|5|4|3|0|3|6|0|1|7
[Opponent] Attach 3 Don to Jewelry Bonney ["OP07-019">OP07-019] (4 Total)
RZ1|308|2|Don|5|0|9|9901|1|1|0|0|0
RZ1|CHK|308|2|22|5|4|3|0|2|6|0|1|8
RZ1|309|2|Don|5|0|9|9902|1|1|0|0|0
RZ1|CHK|309|2|22|5|4|3|0|1|6|0|1|9
RZ1|310|2|Don|5|0|9|9903|1|1|0|0|0
RZ1|CHK|310|2|22|5|4|3|0|0|6|0|1|10
[Opponent] Jewelry Bonney ["OP07-019">OP07-019] attacking Monkey D. Luffy ["OP13-001">OP13-001]
Jewelry Bonney ["OP07-019">OP07-019][9000] vs Monkey D. Luffy ["OP13-001">OP13-001][5000]
Monkey D. Luffy ["OP13-001">OP13-001] hit for 1 damage
[You] <b>Downloaded the Combat Log!</b>
GameOver
