Version is 1.42c.22
[You] Leader is Nami ["OP11-041">OP11-041]
RZ1|HDR|1.42c|2|RZ1
RZ1|PLY|1||OP11-041
RZ1|PLY|2||
[Opponent] Leader is Marshall D. Teach ["OP16-080">OP16-080]
RZ1|1|2|OP16-106|0|24|0|0|0|0|0|0|0
RZ1|CHK|1|2|50|0|0|0|10|0|0|0|1|0
RZ1|2|2|OP16-119|0|33|0|1|0|0|0|0|0
RZ1|CHK|2|2|50|0|0|0|10|0|0|0|1|0
RZ1|3|2|OP16-116|0|44|0|2|0|0|0|0|0
RZ1|CHK|3|2|50|0|0|0|10|0|0|0|1|0
RZ1|4|2|OP09-099|0|48|0|3|0|0|0|0|0
RZ1|CHK|4|2|50|0|0|0|10|0|0|0|1|0
RZ1|5|2|OP09-086|0|7|0|4|0|0|0|0|0
RZ1|CHK|5|2|50|0|0|0|10|0|0|0|1|0
RZ1|6|2|OP09-096|0|39|0|5|0|0|0|0|0
RZ1|CHK|6|2|50|0|0|0|10|0|0|0|1|0
RZ1|7|2|OP16-119|0|38|0|6|0|0|0|0|0
RZ1|CHK|7|2|50|0|0|0|10|0|0|0|1|0
RZ1|8|2|EB04-058|0|30|0|7|0|0|0|0|0
RZ1|CHK|8|2|50|0|0|0|10|0|0|0|1|0
RZ1|9|2|OP16-110|0|23|0|8|0|0|0|0|0
RZ1|CHK|9|2|50|0|0|0|10|0|0|0|1|0
RZ1|10|2|OP09-093|0|14|0|9|0|0|0|0|0
RZ1|CHK|10|2|50|0|0|0|10|0|0|0|1|0
RZ1|11|2|OP16-119|0|38|0|10|0|0|0|0|0
RZ1|CHK|11|2|50|0|0|0|10|0|0|0|1|0
RZ1|12|2|EB04-059|0|44|0|11|0|0|0|0|0
RZ1|CHK|12|2|50|0|0|0|10|0|0|0|1|0
RZ1|13|2|OP16-104|0|31|0|12|0|0|0|0|0
RZ1|CHK|13|2|50|0|0|0|10|0|0|0|1|0
RZ1|14|2|OP16-103|0|19|0|13|0|0|0|0|0
RZ1|CHK|14|2|50|0|0|0|10|0|0|0|1|0
RZ1|15|2|OP16-104|0|32|0|14|0|0|0|0|0
RZ1|CHK|15|2|50|0|0|0|10|0|0|0|1|0
RZ1|16|2|OP16-104|0|31|0|15|0|0|0|0|0
RZ1|CHK|16|2|50|0|0|0|10|0|0|0|1|0
RZ1|17|2|OP12-112|0|29|0|16|0|0|0|0|0
RZ1|CHK|17|2|50|0|0|0|10|0|0|0|1|0
RZ1|18|2|EB04-058|0|33|0|17|0|0|0|0|0
RZ1|CHK|18|2|50|0|0|0|10|0|0|0|1|0
RZ1|19|2|EB04-058|0|35|0|18|0|0|0|0|0
RZ1|CHK|19|2|50|0|0|0|10|0|0|0|1|0
RZ1|20|2|OP16-119|0|40|0|20|0|0|0|0|0
RZ1|CHK|20|2|50|0|0|0|10|0|0|0|1|0
RZ1|21|2|OP09-096|0|42|0|21|0|0|0|0|0
RZ1|CHK|21|2|50|0|0|0|10|0|0|0|1|0
RZ1|22|2|OP16-110|0|31|0|22|0|0|0|0|0
RZ1|CHK|22|2|50|0|0|0|10|0|0|0|1|0
RZ1|23|2|OP12-112|0|34|0|23|0|0|0|0|0
RZ1|CHK|23|2|50|0|0|0|10|0|0|0|1|0
RZ1|24|2|OP16-116|0|46|0|25|0|0|0|0|0
RZ1|CHK|24|2|50|0|0|0|10|0|0|0|1|0
RZ1|25|2|OP09-093|0|28|0|26|0|0|0|0|0
RZ1|CHK|25|2|50|0|0|0|10|0|0|0|1|0
RZ1|26|2|OP09-096|0|43|0|27|0|0|0|0|0
RZ1|CHK|26|2|50|0|0|0|10|0|0|0|1|0
RZ1|27|2|OP09-086|0|29|0|28|0|0|0|0|0
RZ1|CHK|27|2|50|0|0|0|10|0|0|0|1|0
RZ1|28|2|OP16-108|0|41|0|30|0|0|0|0|0
RZ1|CHK|28|2|50|0|0|0|10|0|0|0|1|0
RZ1|29|2|OP16-104|0|39|0|31|0|0|0|0|0
RZ1|CHK|29|2|50|0|0|0|10|0|0|0|1|0
RZ1|30|2|OP09-096|0|44|0|32|0|0|0|0|0
RZ1|CHK|30|2|50|0|0|0|10|0|0|0|1|0
RZ1|31|2|OP09-099|0|47|0|34|0|0|0|0|0
RZ1|CHK|31|2|50|0|0|0|10|0|0|0|1|0
RZ1|32|2|EB04-059|0|47|0|35|0|0|0|0|0
RZ1|CHK|32|2|50|0|0|0|10|0|0|0|1|0
RZ1|33|2|OP12-112|0|42|0|36|0|0|0|0|0
RZ1|CHK|33|2|50|0|0|0|10|0|0|0|1|0
RZ1|34|2|OP16-109|0|39|0|37|0|0|0|0|0
RZ1|CHK|34|2|50|0|0|0|10|0|0|0|1|0
RZ1|35|2|OP09-099|0|48|0|38|0|0|0|0|0
RZ1|CHK|35|2|50|0|0|0|10|0|0|0|1|0
RZ1|36|2|OP16-108|0|46|0|39|0|0|0|0|0
RZ1|CHK|36|2|50|0|0|0|10|0|0|0|1|0
RZ1|37|2|OP16-109|0|41|0|40|0|0|0|0|0
RZ1|CHK|37|2|50|0|0|0|10|0|0|0|1|0
RZ1|38|2|EB04-059|0|48|0|41|0|0|0|0|0
RZ1|CHK|38|2|50|0|0|0|10|0|0|0|1|0
RZ1|39|2|OP16-108|0|47|0|42|0|0|0|0|0
RZ1|CHK|39|2|50|0|0|0|10|0|0|0|1|0
RZ1|40|2|EB04-058|0|47|0|44|0|0|0|0|0
RZ1|CHK|40|2|50|0|0|0|10|0|0|0|1|0
RZ1|41|2|OP16-108|0|48|0|45|0|0|0|0|0
RZ1|CHK|41|2|50|0|0|0|10|0|0|0|1|0
RZ1|42|2|OP09-099|0|49|0|46|0|0|0|0|0
RZ1|CHK|42|2|50|0|0|0|10|0|0|0|1|0
[] Drew card from deck: Kouzuki Hiyori ["OP06-106">OP06-106]
RZ1|43|1|OP06-106|0|49|1|0|1|1|0|0|0
RZ1|CHK|43|1|49|1|0|0|10|0|0|0|1|0
[] Drew card from deck: Kouzuki Hiyori ["OP06-106">OP06-106]
RZ1|44|1|OP06-106|0|48|1|1|1|1|0|0|0
RZ1|CHK|44|1|48|2|0|0|10|0|0|0|1|0
[] Drew card from deck: Nico Robin ["EB03-055">EB03-055]
RZ1|45|1|EB03-055|0|47|1|2|1|1|0|0|0
RZ1|CHK|45|1|47|3|0|0|10|0|0|0|1|0
[] Drew card from deck: Mr. 3 (Galdino) ["OP16-056">OP16-056]
RZ1|46|1|OP16-056|0|46|1|3|1|1|0|0|0
RZ1|CHK|46|1|46|4|0|0|10|0|0|0|1|0
[] Drew card from deck: Nico Robin ["EB03-055">EB03-055]
RZ1|47|1|EB03-055|0|45|1|4|1|1|0|0|0
RZ1|CHK|47|1|45|5|0|0|10|0|0|0|1|0
[] Drew card from deck: Vasco Shot ["OP16-110">OP16-110]
RZ1|48|2|OP16-110|0|49|1|0|1|1|0|0|0
RZ1|CHK|48|2|49|1|0|0|10|0|0|0|1|0
[] Drew card from deck: Vasco Shot ["OP16-110">OP16-110]
RZ1|49|2|OP16-110|0|48|1|1|1|1|0|0|0
RZ1|CHK|49|2|48|2|0|0|10|0|0|0|1|0
[] Drew card from deck: Doc Q ["OP16-109">OP16-109]
RZ1|50|2|OP16-109|0|47|1|2|1|1|0|0|0
RZ1|CHK|50|2|47|3|0|0|10|0|0|0|1|0
[] Drew card from deck: Fullalead ["OP09-099">OP09-099]
RZ1|51|2|OP09-099|0|46|1|3|1|1|0|0|0
RZ1|CHK|51|2|46|4|0|0|10|0|0|0|1|0
[] Drew card from deck: Shiryu ["OP16-108">OP16-108]
RZ1|52|2|OP16-108|0|45|1|4|1|1|0|0|0
RZ1|CHK|52|2|45|5|0|0|10|0|0|0|1|0
RZ1|53|1|PRB02-008|0|44|3|0|1|0|0|0|0
RZ1|CHK|53|1|44|5|0|1|10|0|0|0|1|0
RZ1|54|1|OP11-106|0|43|3|1|1|0|0|0|0
RZ1|CHK|54|1|43|5|0|2|10|0|0|0|1|0
RZ1|55|1|EB03-053|0|42|3|2|1|0|0|0|0
RZ1|CHK|55|1|42|5|0|3|10|0|0|0|1|0
RZ1|56|1|OP16-056|0|41|3|3|1|0|0|0|0
RZ1|CHK|56|1|41|5|0|4|10|0|0|0|1|0
RZ1|57|2|EB04-058|0|44|3|0|0|1|0|0|0
RZ1|CHK|57|2|44|5|0|1|10|0|0|0|1|0
RZ1|58|2|OP16-109|0|43|3|1|0|1|0|0|0
RZ1|CHK|58|2|43|5|0|2|10|0|0|0|1|0
RZ1|59|2|OP16-108|0|42|3|2|0|1|0|0|0
RZ1|CHK|59|2|42|5|0|3|10|0|0|0|1|0
RZ1|60|2|EB04-059|0|41|3|3|0|1|0|0|0
RZ1|CHK|60|2|41|5|0|4|10|0|0|0|1|0
[] Hand: [OP06-106,OP06-106,EB03-055,OP16-056,EB03-055]
[] Board: []
[] Trash: []
[] Life: 4
[] Hand: [OP16-110,OP16-110,OP16-109,OP09-099,OP16-108]
[] Trash: []
[] Board: []
[] Life: 4
RZ1|61|1|Don|4|9|5|0|1|1|0|0|0
RZ1|CHK|61|1|41|5|0|4|9|1|0|0|1|0
[You] Draw 1 Don
RZ1|62|1|Don|5|0|9|9900|1|1|0|0|0
RZ1|CHK|62|1|41|5|0|4|9|0|0|0|1|1
[You] Attach 1 Don to Nami ["OP11-041">OP11-041] (1 Total)
[] Hand: [OP06-106,OP06-106,EB03-055,OP16-056,EB03-055]
[] Board: []
[] Trash: []
[] Life: 4
[] Hand: [OP16-110,OP16-110,OP16-109,OP09-099,OP16-108]
[] Trash: []
[] Board: []
[] Life: 4
[You] End Turn
[] Hand: [OP16-110,OP16-110,OP16-109,OP09-099,OP16-108]
[] Board: []
[] Trash: []
[] Life: 4
[] Hand: [OP06-106,OP06-106,EB03-055,OP16-056,EB03-055]
[] Trash: []
[] Board: []
[] Life: 4
[Opponent] Draw 1 Card
[] Drew card from deck: Doc Q ["OP16-109">OP16-109]
RZ1|63|2|OP16-109|0|40|1|5|1|1|0|0|0
RZ1|CHK|63|2|40|6|0|4|10|0|0|0|1|0
RZ1|64|2|Don|4|9|5|0|1|1|0|0|0
RZ1|CHK|64|2|40|6|0|4|9|1|0|0|1|0
RZ1|65|2|Don|4|8|5|1|1|1|0|0|0
RZ1|CHK|65|2|40|6|0|4|8|2|0|0|1|0
[Opponent] Draw 2 Don
RZ1|66|2|Don|5|0|5|0|1|1|1|0|0
RZ1|CHK|66|2|40|6|0|4|8|2|0|0|1|0
[Opponent] Deploy Fullalead ["OP09-099">OP09-099]
RZ1|67|2|OP09-099|1|3|7|0|1|1|0|0|0
RZ1|CHK|67|2|40|5|0|4|8|2|0|1|1|0
[Opponent] Fullalead ["OP09-099">OP09-099]: Rest Fullalead ["OP09-099">OP09-099]
RZ1|68|2|OP16-109|1|2|6|0|1|1|0|0|0
RZ1|CHK|68|2|40|4|0|4|8|2|1|1|1|0
[Opponent] Fullalead ["OP09-099">OP09-099]: Trash Doc Q ["OP16-109">OP16-109]
RZ1|69|2|OP16-109|0|37|1|4|1|1|0|0|0
RZ1|CHK|69|2|39|5|0|4|8|2|1|1|1|0
[Opponent] Fullalead ["OP09-099">OP09-099]: <b>Reveal and Draw Doc Q ["OP16-109">OP16-109]</b>
[Opponent] Placing Cards on Bottom of Deck
RZ1|70|2|OP16-108|0|38|0|0|0|0|0|0|0
RZ1|CHK|70|2|39|5|0|4|8|2|1|1|1|0
RZ1|71|2|OP09-099|0|38|0|0|0|0|0|0|0
RZ1|CHK|71|2|39|5|0|4|8|2|1|1|1|0
RZ1|72|2|Don|5|1|5|1|1|1|1|0|0
RZ1|CHK|72|2|39|5|0|4|8|2|1|1|1|0
[Opponent] Deploy Vasco Shot ["OP16-110">OP16-110]
RZ1|73|2|OP16-110|1|0|2|0|1|1|0|0|0
RZ1|CHK|73|2|39|4|1|4|8|2|1|1|1|0
[] Hand: [OP16-110,OP16-108,OP16-109,OP16-109]
[] Board: [OP16-110]
[] Trash: [OP16-109]
[] Life: 4
[] Hand: [OP06-106,OP06-106,EB03-055,OP16-056,EB03-055]
[] Trash: []
[] Board: []
[] Life: 4
[Opponent] End Turn
[] Hand: [OP06-106,OP06-106,EB03-055,OP16-056,EB03-055]
[] Board: []
[] Trash: []
[] Life: 4
[] Hand: [OP16-110,OP16-108,OP16-109,OP16-109]
[] Trash: [OP16-109]
[] Board: [OP16-110]
[] Life: 4
RZ1|74|1|Don|9|9900|5|0|1|1|1|0|0
RZ1|CHK|74|1|41|5|0|4|9|1|0|0|1|0
[You] Draw 1 Card
[] Drew card from deck: Kumacy ["OP14-102">OP14-102]
RZ1|75|1|OP14-102|0|40|1|5|1|1|0|0|0
RZ1|CHK|75|1|40|6|0|4|9|1|0|0|1|0
RZ1|76|1|Don|4|8|5|1|1|1|0|0|0
RZ1|CHK|76|1|40|6|0|4|8|2|0|0|1|0
RZ1|77|1|Don|4|7|5|2|1|1|0|0|0
RZ1|CHK|77|1|40|6|0|4|7|3|0|0|1|0
[You] Draw 2 Don
[You] Nami ["OP11-041">OP11-041] attacking Marshall D. Teach ["OP16-080">OP16-080]
Nami ["OP11-041">OP11-041][5000] vs Marshall D. Teach ["OP16-080">OP16-080][5000]
Marshall D. Teach ["OP16-080">OP16-080] hit for 1 damage
RZ1|78|2|EB04-059|3|3|1|4|1|1|0|0|0
RZ1|CHK|78|2|39|5|1|3|8|2|1|1|1|0
[] Drew card from deck: Roronoa Zoro ["OP15-113">OP15-113]
RZ1|79|1|OP15-113|0|39|1|6|1|1|0|0|0
RZ1|CHK|79|1|39|7|0|4|7|3|0|0|1|0
[You] Nami ["OP11-041">OP11-041]: Draw 1 Card
RZ1|80|1|Don|5|0|5|0|1|1|1|0|0
RZ1|CHK|80|1|39|7|0|4|7|3|0|0|1|0
[You] Deploy Kumacy ["OP14-102">OP14-102]
RZ1|81|1|OP14-102|1|5|2|0|1|1|0|0|0
RZ1|CHK|81|1|39|6|1|4|7|3|0|0|1|0
RZ1|82|1|Don|5|1|9|9900|1|1|0|0|0
RZ1|CHK|82|1|39|6|1|4|7|2|0|0|1|1
[You] Attach 1 Don to Nami ["OP11-041">OP11-041] (1 Total)
[] Hand: [OP06-106,OP06-106,EB03-055,OP16-056,EB03-055,OP15-113]
[] Board: [OP14-102]
[] Trash: []
[] Life: 4
[] Hand: [OP16-110,OP16-108,OP16-109,OP16-109,EB04-059]
[] Trash: [OP16-109]
[] Board: [OP16-110]
[] Life: 3
[You] End Turn
[] Hand: [OP16-110,OP16-108,OP16-109,OP16-109,EB04-059]
[] Board: [OP16-110]
[] Trash: [OP16-109]
[] Life: 3
[] Hand: [OP06-106,OP06-106,EB03-055,OP16-056,EB03-055,OP15-113]
[] Trash: []
[] Board: [OP14-102]
[] Life: 4
[Opponent] Draw 1 Card
[] Drew card from deck: Baby 5 ["OP12-112">OP12-112]
RZ1|83|2|OP12-112|0|38|1|5|1|1|0|0|0
RZ1|CHK|83|2|38|6|1|3|8|2|1|1|1|0
RZ1|84|2|Don|4|7|5|2|1|1|0|0|0
RZ1|CHK|84|2|38|6|1|3|7|3|1|1|1|0
RZ1|85|2|Don|4|6|5|3|1|1|0|0|0
RZ1|CHK|85|2|38|6|1|3|6|4|1|1|1|0
[Opponent] Draw 2 Don
[Opponent] Marshall D. Teach ["OP16-080">OP16-080] attacking Nami ["OP11-041">OP11-041]
RZ1|86|1|OP15-113|1|5|6|0|1|1|0|0|0
RZ1|CHK|86|1|39|5|1|4|7|2|1|0|1|1
[You] Nami ["OP11-041">OP11-041]: Trash Roronoa Zoro ["OP15-113">OP15-113]
[You] Nami ["OP11-041">OP11-041]: Buff Nami ["OP11-041">OP11-041] 2000
Marshall D. Teach ["OP16-080">OP16-080][5000] vs Nami ["OP11-041">OP11-041][7000]
Attack Fails
[Opponent] Fullalead ["OP09-099">OP09-099]: Rest Fullalead ["OP09-099">OP09-099]
RZ1|87|2|EB04-059|1|4|6|1|1|1|0|0|0
RZ1|CHK|87|2|38|5|1|3|6|4|2|1|1|0
[Opponent] Fullalead ["OP09-099">OP09-099]: Trash Black Rope Dragon Twister ["EB04-059">EB04-059]
RZ1|88|2|OP09-093|0|35|1|5|1|1|0|0|0
RZ1|CHK|88|2|37|6|1|3|6|4|2|1|1|0
[Opponent] Fullalead ["OP09-099">OP09-099]: <b>Reveal and Draw Marshall D. Teach ["OP09-093">OP09-093]</b>
[Opponent] Placing Cards on Bottom of Deck
RZ1|89|2|EB04-059|0|36|0|0|0|0|0|0|0
RZ1|CHK|89|2|37|6|1|3|6|4|2|1|1|0
RZ1|90|2|OP09-099|0|36|0|0|0|0|0|0|0
RZ1|CHK|90|2|37|6|1|3|6|4|2|1|1|0
RZ1|91|2|Don|5|0|5|0|1|1|1|0|0
RZ1|CHK|91|2|37|6|1|3|6|4|2|1|1|0
[Opponent] Deploy Vasco Shot ["OP16-110">OP16-110]
RZ1|92|2|OP16-110|1|0|2|1|1|1|0|0|0
RZ1|CHK|92|2|37|5|2|3|6|4|2|1|1|0
RZ1|93|2|Don|5|1|5|1|1|1|1|0|0
RZ1|CHK|93|2|37|5|2|3|6|4|2|1|1|0
[Opponent] Deploy Doc Q ["OP16-109">OP16-109]
RZ1|94|2|OP16-109|1|1|2|2|1|1|0|0|0
RZ1|CHK|94|2|37|4|3|3|6|4|2|1|1|0
RZ1|95|2|Don|5|2|5|2|1|1|1|0|0
RZ1|CHK|95|2|37|4|3|3|6|4|2|1|1|0
[Opponent] Deploy Doc Q ["OP16-109">OP16-109]
RZ1|96|2|OP16-109|1|1|2|3|1|1|0|0|0
RZ1|CHK|96|2|37|3|4|3|6|4|2|1|1|0
[] Hand: [OP16-108,OP12-112,OP09-093]
[] Board: [OP16-110,OP16-110,OP16-109,OP16-109]
[] Trash: [OP16-109,EB04-059]
[] Life: 3
[] Hand: [OP06-106,OP06-106,EB03-055,OP16-056,EB03-055]
[] Trash: [OP15-113]
[] Board: [OP14-102]
[] Life: 4
[Opponent] End Turn
[] Hand: [OP06-106,OP06-106,EB03-055,OP16-056,EB03-055]
[] Board: [OP14-102]
[] Trash: [OP15-113]
[] Life: 4
[] Hand: [OP16-108,OP12-112,OP09-093]
[] Trash: [OP16-109,EB04-059]
[] Board: [OP16-110,OP16-110,OP16-109,OP16-109]
[] Life: 3
RZ1|97|1|Don|9|9900|5|0|1|1|1|0|0
RZ1|CHK|97|1|39|5|1|4|7|3|1|0|1|0
[You] Draw 1 Card
[] Drew card from deck: Doctor Hogback ["OP14-110">OP14-110]
RZ1|98|1|OP14-110|0|38|1|5|1|1|0|0|0
RZ1|CHK|98|1|38|6|1|4|7|3|1|0|1|0
RZ1|99|1|Don|4|6|5|3|1|1|0|0|0
RZ1|CHK|99|1|38|6|1|4|6|4|1|0|1|0
RZ1|100|1|Don|4|5|5|4|1|1|0|0|0
RZ1|CHK|100|1|38|6|1|4|5|5|1|0|1|0
[You] Draw 2 Don
RZ1|101|1|Don|5|0|5|0|1|1|1|0|0
RZ1|CHK|101|1|38|6|1|4|5|5|1|0|1|0
RZ1|102|1|Don|5|1|5|1|1|1|1|0|0
RZ1|CHK|102|1|38|6|1|4|5|5|1|0|1|0
RZ1|103|1|Don|5|2|5|2|1|1|1|0|0
RZ1|CHK|103|1|38|6|1|4|5|5|1|0|1|0
RZ1|104|1|Don|5|3|5|3|1|1|1|0|0
RZ1|CHK|104|1|38|6|1|4|5|5|1|0|1|0
[You] Deploy Mr. 3 (Galdino) ["OP16-056">OP16-056]
RZ1|105|1|OP16-056|1|3|2|1|1|1|0|0|0
RZ1|CHK|105|1|38|5|2|4|5|5|1|0|1|0
[You] Nami ["OP11-041">OP11-041] attacking Marshall D. Teach ["OP16-080">OP16-080]
[Opponent] Discard Baby 5 ["OP12-112">OP12-112] for Counter 2000
RZ1|106|2|OP12-112|1|1|6|2|1|1|0|0|0
RZ1|CHK|106|2|37|2|4|3|6|4|3|1|1|0
Nami ["OP11-041">OP11-041][5000] vs Marshall D. Teach ["OP16-080">OP16-080][7000]
Attack Fails
RZ1|107|1|Don|5|4|9|9900|1|1|0|0|0
RZ1|CHK|107|1|38|5|2|4|5|4|1|0|1|1
[You] Attach 1 Don to Nami ["OP11-041">OP11-041] (1 Total)
RZ1|108|1|OP16-056|2|1|6|1|1|1|0|0|0
RZ1|CHK|108|1|38|5|1|4|5|4|2|0|1|1
[You] Mr. 3 (Galdino) ["OP16-056">OP16-056]: Trash Mr. 3 (Galdino) ["OP16-056">OP16-056]
[] Drew card from deck: Mr. 3 (Galdino) ["OP16-056">OP16-056]
RZ1|109|1|OP16-056|0|37|1|5|1|1|0|0|0
RZ1|CHK|109|1|37|6|1|4|5|4|2|0|1|1
[] Drew card from deck: Nico Robin ["EB03-055">EB03-055]
RZ1|110|1|EB03-055|0|36|1|6|1|1|0|0|0
RZ1|CHK|110|1|36|7|1|4|5|4|2|0|1|1
[You] Mr. 3 (Galdino) ["OP16-056">OP16-056]: Draw 2 Card
[You] Mr. 3 (Galdino) ["OP16-056">OP16-056]: Vasco Shot ["OP16-110">OP16-110] can't attack next turn
[] Hand: [OP06-106,OP06-106,EB03-055,EB03-055,OP14-110,OP16-056,EB03-055]
[] Board: [OP14-102]
[] Trash: [OP15-113,OP16-056]
[] Life: 4
[] Hand: [OP16-108,OP09-093]
[] Trash: [OP16-109,EB04-059,OP12-112]
[] Board: [OP16-110,OP16-110,OP16-109,OP16-109]
[] Life: 3
[You] End Turn
[] Hand: [OP16-108,OP09-093]
[] Board: [OP16-110,OP16-110,OP16-109,OP16-109]
[] Trash: [OP16-109,EB04-059,OP12-112]
[] Life: 3
[] Hand: [OP06-106,OP06-106,EB03-055,EB03-055,OP14-110,OP16-056,EB03-055]
[] Trash: [OP15-113,OP16-056]
[] Board: [OP14-102]
[] Life: 4
[Opponent] Draw 1 Card
[] Drew card from deck: This is MY AGE!!!! ["OP09-096">OP09-096]
RZ1|111|2|OP09-096|0|36|1|2|1|1|0|0|0
RZ1|CHK|111|2|36|3|4|3|6|4|3|1|1|0
RZ1|112|2|Don|4|5|5|4|1|1|0|0|0
RZ1|CHK|112|2|36|3|4|3|5|5|3|1|1|0
RZ1|113|2|Don|4|4|5|5|1|1|0|0|0
RZ1|CHK|113|2|36|3|4|3|4|6|3|1|1|0
[Opponent] Draw 2 Don
RZ1|114|2|Don|5|0|5|0|1|1|1|0|0
RZ1|CHK|114|2|36|3|4|3|4|6|3|1|1|0
RZ1|115|2|Don|5|1|5|1|1|1|1|0|0
RZ1|CHK|115|2|36|3|4|3|4|6|3|1|1|0
RZ1|116|2|Don|5|2|5|2|1|1|1|0|0
RZ1|CHK|116|2|36|3|4|3|4|6|3|1|1|0
RZ1|117|2|Don|5|3|5|3|1|1|1|0|0
RZ1|CHK|117|2|36|3|4|3|4|6|3|1|1|0
RZ1|118|2|Don|5|4|5|4|1|1|1|0|0
RZ1|CHK|118|2|36|3|4|3|4|6|3|1|1|0
RZ1|119|2|Don|5|5|5|5|1|1|1|0|0
RZ1|CHK|119|2|36|3|4|3|4|6|3|1|1|0
[Opponent] Deploy Shiryu ["OP16-108">OP16-108]
RZ1|120|2|OP16-108|1|0|2|4|1|1|0|0|0
RZ1|CHK|120|2|36|2|5|3|4|6|3|1|1|0
RZ1|121|2|OP09-096|1|1|6|3|1|1|0|0|0
RZ1|CHK|121|2|36|1|5|3|4|6|4|1|1|0
[Opponent] Shiryu ["OP16-108">OP16-108]: Trash This is MY AGE!!!! ["OP09-096">OP09-096]
[Opponent] Shiryu ["OP16-108">OP16-108]: Add Doc Q ["OP16-109">OP16-109] to top of Life
RZ1|122|2|OP16-109|6|0|3|3|1|1|0|0|0
RZ1|CHK|122|2|36|1|5|4|4|6|3|1|1|0
[Opponent] Marshall D. Teach ["OP16-080">OP16-080] attacking Nami ["OP11-041">OP11-041]
RZ1|123|1|OP14-110|1|4|6|2|1|1|0|0|0
RZ1|CHK|123|1|36|6|1|4|5|4|3|0|1|1
[You] Nami ["OP11-041">OP11-041]: Trash Doctor Hogback ["OP14-110">OP14-110]
[You] Nami ["OP11-041">OP11-041]: Buff Nami ["OP11-041">OP11-041] 2000
Marshall D. Teach ["OP16-080">OP16-080][5000] vs Nami ["OP11-041">OP11-041][7000]
Attack Fails
[Opponent] Vasco Shot ["OP16-110">OP16-110] is no longer blocked from attacking
[] Hand: [OP09-093]
[] Board: [OP16-110,OP16-110,OP16-109,OP16-109,OP16-108]
[] Trash: [EB04-059,OP12-112,OP09-096]
[] Life: 4
[] Hand: [OP06-106,OP06-106,EB03-055,EB03-055,OP16-056,EB03-055]
[] Trash: [OP15-113,OP16-056,OP14-110]
[] Board: [OP14-102]
[] Life: 4
[Opponent] End Turn
[] Hand: [OP06-106,OP06-106,EB03-055,EB03-055,OP16-056,EB03-055]
[] Board: [OP14-102]
[] Trash: [OP15-113,OP16-056,OP14-110]
[] Life: 4
[] Hand: [OP09-093]
[] Trash: [EB04-059,OP12-112,OP09-096]
[] Board: [OP16-110,OP16-110,OP16-109,OP16-109,OP16-108]
[] Life: 4
RZ1|124|1|Don|9|9900|5|0|1|1|1|0|0
RZ1|CHK|124|1|36|6|1|4|5|5|3|0|1|0
[You] Draw 1 Card
[] Drew card from deck: Perona ["OP14-111">OP14-111]
RZ1|125|1|OP14-111|0|35|1|6|1|1|0|0|0
RZ1|CHK|125|1|35|7|1|4|5|5|3|0|1|0
RZ1|126|1|Don|4|4|5|5|1|1|0|0|0
RZ1|CHK|126|1|35|7|1|4|4|6|3|0|1|0
RZ1|127|1|Don|4|3|5|6|1|1|0|0|0
RZ1|CHK|127|1|35|7|1|4|3|7|3|0|1|0
[You] Draw 2 Don
RZ1|128|1|Don|5|0|5|0|1|1|1|0|0
RZ1|CHK|128|1|35|7|1|4|3|7|3|0|1|0
RZ1|129|1|Don|5|1|5|1|1|1|1|0|0
RZ1|CHK|129|1|35|7|1|4|3|7|3|0|1|0
RZ1|130|1|Don|5|2|5|2|1|1|1|0|0
RZ1|CHK|130|1|35|7|1|4|3|7|3|0|1|0
RZ1|131|1|Don|5|3|5|3|1|1|1|0|0
RZ1|CHK|131|1|35|7|1|4|3|7|3|0|1|0
[You] Deploy Perona ["OP14-111">OP14-111]
RZ1|132|1|OP14-111|1|6|2|1|1|1|0|0|0
RZ1|CHK|132|1|35|6|2|4|3|7|3|0|1|0
[You] Perona ["OP14-111">OP14-111]: Vasco Shot ["OP16-110">OP16-110] can't attack next turn
[You] Nami ["OP11-041">OP11-041] attacking Marshall D. Teach ["OP16-080">OP16-080]
Nami ["OP11-041">OP11-041][5000] vs Marshall D. Teach ["OP16-080">OP16-080][5000]
Marshall D. Teach ["OP16-080">OP16-080] hit for 1 damage
RZ1|133|2|OP16-109|3|3|1|1|1|1|0|0|0
RZ1|CHK|133|2|36|2|5|3|4|6|3|1|1|0
[Opponent] Doc Q ["OP16-109">OP16-109]: Activate Trigger
RZ1|134|2|OP16-109|1|1|6|3|1|1|0|0|0
RZ1|CHK|134|2|36|1|5|3|4|6|4|1|1|0
[] Drew card from deck: Catarina Devon ["OP16-104">OP16-104]
RZ1|135|2|OP16-104|0|35|1|1|1|1|0|0|0
RZ1|CHK|135|2|35|2|5|3|4|6|4|1|1|0
[Opponent] Doc Q ["OP16-109">OP16-109]: Draw 1 Card
[] Drew card from deck: Gecko Moria ["OP14-104">OP14-104]
RZ1|136|1|OP14-104|0|34|1|6|1|1|0|0|0
RZ1|CHK|136|1|34|7|2|4|3|7|3|0|1|0
[You] Nami ["OP11-041">OP11-041]: Draw 1 Card
RZ1|137|1|Don|5|4|5|4|1|1|1|0|0
RZ1|CHK|137|1|34|7|2|4|3|7|3|0|1|0
RZ1|138|1|Don|5|5|5|5|1|1|1|0|0
RZ1|CHK|138|1|34|7|2|4|3|7|3|0|1|0
[You] Deploy Kouzuki Hiyori ["OP06-106">OP06-106]
RZ1|139|1|OP06-106|1|0|2|2|1|1|0|0|0
RZ1|CHK|139|1|34|6|3|4|3|7|3|0|1|0
[You] Kouzuki Hiyori ["OP06-106">OP06-106]: Takes Bottom Life
RZ1|140|1|PRB02-008|3|0|1|6|1|1|0|0|0
RZ1|CHK|140|1|34|7|3|3|3|7|3|0|1|0
[You] Kouzuki Hiyori ["OP06-106">OP06-106]: Added card to top of Life from Hand
RZ1|141|1|OP06-106|1|0|3|3|1|0|0|0|0
RZ1|CHK|141|1|34|6|3|4|3|7|3|0|1|0
RZ1|142|1|Don|5|6|9|9900|1|1|0|0|0
RZ1|CHK|142|1|34|6|3|4|3|6|3|0|1|1
[You] Attach 1 Don to Nami ["OP11-041">OP11-041] (1 Total)
[] Hand: [EB03-055,EB03-055,OP16-056,EB03-055,OP14-104,PRB02-008]
[] Board: [OP14-102,OP14-111,OP06-106]
[] Trash: [OP15-113,OP16-056,OP14-110]
[] Life: 4
[] Hand: [OP09-093,OP16-104]
[] Trash: [EB04-059,OP12-112,OP09-096,OP16-109]
[] Board: [OP16-110,OP16-110,OP16-109,OP16-109,OP16-108]
[] Life: 3
[You] End Turn
[] Hand: [OP09-093,OP16-104]
[] Board: [OP16-110,OP16-110,OP16-109,OP16-109,OP16-108]
[] Trash: [EB04-059,OP12-112,OP09-096,OP16-109]
[] Life: 3
[] Hand: [EB03-055,EB03-055,OP16-056,EB03-055,OP14-104,PRB02-008]
[] Trash: [OP15-113,OP16-056,OP14-110]
[] Board: [OP14-102,OP14-111,OP06-106]
[] Life: 4
[Opponent] Draw 1 Card
[] Drew card from deck: Shiryu ["OP16-108">OP16-108]
RZ1|143|2|OP16-108|0|34|1|2|1|1|0|0|0
RZ1|CHK|143|2|34|3|5|3|4|6|4|1|1|0
RZ1|144|2|Don|4|3|5|6|1|1|0|0|0
RZ1|CHK|144|2|34|3|5|3|3|7|4|1|1|0
RZ1|145|2|Don|4|2|5|7|1|1|0|0|0
RZ1|CHK|145|2|34|3|5|3|2|8|4|1|1|0
[Opponent] Draw 2 Don
RZ1|146|2|Don|5|0|5|0|1|1|1|0|0
RZ1|CHK|146|2|34|3|5|3|2|8|4|1|1|0
RZ1|147|2|Don|5|1|5|1|1|1|1|0|0
RZ1|CHK|147|2|34|3|5|3|2|8|4|1|1|0
RZ1|148|2|Don|5|2|5|2|1|1|1|0|0
RZ1|CHK|148|2|34|3|5|3|2|8|4|1|1|0
RZ1|149|2|Don|5|3|5|3|1|1|1|0|0
RZ1|CHK|149|2|34|3|5|3|2|8|4|1|1|0
RZ1|150|2|Don|5|4|5|4|1|1|1|0|0
RZ1|CHK|150|2|34|3|5|3|2|8|4|1|1|0
RZ1|151|2|Don|5|5|5|5|1|1|1|0|0
RZ1|CHK|151|2|34|3|5|3|2|8|4|1|1|0
[Opponent] Trash Doc Q ["OP16-109">OP16-109]
[Opponent] Deploy Shiryu ["OP16-108">OP16-108]
RZ1|152|2|OP16-109|2|2|6|4|1|1|0|0|0
RZ1|CHK|152|2|34|3|4|3|2|8|5|1|1|0
RZ1|153|2|OP16-108|1|2|2|4|1|1|0|0|0
RZ1|CHK|153|2|34|2|5|3|2|8|5|1|1|0
RZ1|154|2|OP16-104|1|1|6|5|1|1|0|0|0
RZ1|CHK|154|2|34|1|5|3|2|8|6|1|1|0
[Opponent] Shiryu ["OP16-108">OP16-108]: Trash Catarina Devon ["OP16-104">OP16-104]
[Opponent] Shiryu ["OP16-108">OP16-108]: Add Doc Q ["OP16-109">OP16-109] to top of Life
RZ1|155|2|OP16-109|6|3|3|3|1|1|0|0|0
RZ1|CHK|155|2|34|1|5|4|2|8|5|1|1|0
RZ1|156|2|Don|5|6|9|300|1|1|0|0|0
RZ1|CHK|156|2|34|1|5|4|2|7|5|1|1|1
RZ1|157|2|Don|5|6|9|301|1|1|0|0|0
RZ1|CHK|157|2|34|1|5|4|2|6|5|1|1|2
[Opponent] Attach 2 Don to Shiryu ["OP16-108">OP16-108] (2 Total)
[Opponent] Shiryu ["OP16-108">OP16-108] attacking Nami ["OP11-041">OP11-041]
RZ1|158|1|PRB02-008|1|5|6|3|1|1|0|0|0
RZ1|CHK|158|1|34|5|3|4|3|6|4|0|1|1
[You] Nami ["OP11-041">OP11-041]: Trash Marco ["PRB02-008">PRB02-008]
[You] Nami ["OP11-041">OP11-041]: Buff Nami ["OP11-041">OP11-041] 2000
Shiryu ["OP16-108">OP16-108][10000] vs Nami ["OP11-041">OP11-041][7000]
Nami ["OP11-041">OP11-041] hit for 1 damage
RZ1|159|1|OP06-106|3|3|1|5|1|1|0|0|0
RZ1|CHK|159|1|34|6|3|3|3|6|4|0|1|1
[Opponent] Vasco Shot ["OP16-110">OP16-110] is no longer blocked from attacking
[] Hand: [OP09-093]
[] Board: [OP16-110,OP16-110,OP16-109,OP16-108,OP16-108]
[] Trash: [EB04-059,OP12-112,OP09-096,OP16-109,OP16-104]
[] Life: 4
[] Hand: [EB03-055,EB03-055,OP16-056,EB03-055,OP14-104,OP06-106]
[] Trash: [OP15-113,OP16-056,OP14-110,PRB02-008]
[] Board: [OP14-102,OP14-111,OP06-106]
[] Life: 3
[Opponent] End Turn
[] Hand: [EB03-055,EB03-055,OP16-056,EB03-055,OP14-104,OP06-106]
[] Board: [OP14-102,OP14-111,OP06-106]
[] Trash: [OP15-113,OP16-056,OP14-110,PRB02-008]
[] Life: 3
[] Hand: [OP09-093]
[] Trash: [EB04-059,OP12-112,OP09-096,OP16-109,OP16-104]
[] Board: [OP16-110,OP16-110,OP16-109,OP16-108,OP16-108]
[] Life: 4
RZ1|160|1|Don|9|9900|5|0|1|1|1|0|0
RZ1|CHK|160|1|34|6|3|3|3|7|4|0|1|0
[You] Draw 1 Card
[] Drew card from deck: Nami ["EB03-053">EB03-053]
RZ1|161|1|EB03-053|0|33|1|6|1|1|0|0|0
RZ1|CHK|161|1|33|7|3|3|3|7|4|0|1|0
RZ1|162|1|Don|4|2|5|7|1|1|0|0|0
RZ1|CHK|162|1|33|7|3|3|2|8|4|0|1|0
RZ1|163|1|Don|4|1|5|8|1|1|0|0|0
RZ1|CHK|163|1|33|7|3|3|1|9|4|0|1|0
[You] Draw 2 Don
RZ1|164|1|Don|5|0|5|0|1|1|1|0|0
RZ1|CHK|164|1|33|7|3|3|1|9|4|0|1|0
RZ1|165|1|Don|5|1|5|1|1|1|1|0|0
RZ1|CHK|165|1|33|7|3|3|1|9|4|0|1|0
RZ1|166|1|Don|5|2|5|2|1|1|1|0|0
RZ1|CHK|166|1|33|7|3|3|1|9|4|0|1|0
RZ1|167|1|Don|5|3|5|3|1|1|1|0|0
RZ1|CHK|167|1|33|7|3|3|1|9|4|0|1|0
RZ1|168|1|Don|5|4|5|4|1|1|1|0|0
RZ1|CHK|168|1|33|7|3|3|1|9|4|0|1|0
[You] Deploy Nami ["EB03-053">EB03-053]
RZ1|169|1|EB03-053|1|6|2|3|1|1|0|0|0
RZ1|CHK|169|1|33|6|4|3|1|9|4|0|1|0
[You] Nami ["EB03-053">EB03-053]: Attach 1 Rested Don to Nami ["OP11-041">OP11-041]
RZ1|170|1|Don|5|0|9|9900|1|1|1|0|0
RZ1|CHK|170|1|33|6|4|3|1|8|4|0|1|1
[You] Nami ["OP11-041">OP11-041] attacking Marshall D. Teach ["OP16-080">OP16-080]
Nami ["OP11-041">OP11-041][6000] vs Marshall D. Teach ["OP16-080">OP16-080][5000]
Marshall D. Teach ["OP16-080">OP16-080] hit for 1 damage
RZ1|171|2|OP16-109|3|3|1|1|1|1|0|0|0
RZ1|CHK|171|2|34|2|5|3|2|6|5|1|1|2
[Opponent] Doc Q ["OP16-109">OP16-109]: Activate Trigger
RZ1|172|2|OP16-109|1|1|6|5|1|1|0|0|0
RZ1|CHK|172|2|34|1|5|3|2|6|6|1|1|2
[] Drew card from deck: Jesus Burgess ["OP09-086">OP09-086]
RZ1|173|2|OP09-086|0|33|1|1|1|1|0|0|0
RZ1|CHK|173|2|33|2|5|3|2|6|6|1|1|2
[Opponent] Doc Q ["OP16-109">OP16-109]: Draw 1 Card
[] Drew card from deck: Borsalino ["EB04-058">EB04-058]
RZ1|174|1|EB04-058|0|32|1|6|1|1|0|0|0
RZ1|CHK|174|1|32|7|4|3|1|8|4|0|1|1
[You] Nami ["OP11-041">OP11-041]: Draw 1 Card
RZ1|175|1|Don|5|4|5|4|1|1|1|0|0
RZ1|CHK|175|1|32|7|4|3|1|8|4|0|1|1
RZ1|176|1|Don|5|5|5|5|1|1|1|0|0
RZ1|CHK|176|1|32|7|4|3|1|8|4|0|1|1
RZ1|177|1|Don|5|6|5|6|1|1|1|0|0
RZ1|CHK|177|1|32|7|4|3|1|8|4|0|1|1
RZ1|178|1|Don|5|7|5|7|1|1|1|0|0
RZ1|CHK|178|1|32|7|4|3|1|8|4|0|1|1
[You] Deploy Mr. 3 (Galdino) ["OP16-056">OP16-056]
RZ1|179|1|OP16-056|1|2|2|4|1|1|0|0|0
RZ1|CHK|179|1|32|6|5|3|1|8|4|0|1|1
[You] Perona ["OP14-111">OP14-111] attacking Marshall D. Teach ["OP16-080">OP16-080]
[Opponent] Discard Jesus Burgess ["OP09-086">OP09-086] for Counter 1000
RZ1|180|2|OP09-086|1|1|6|6|1|1|0|0|0
RZ1|CHK|180|2|33|1|5|3|2|6|7|1|1|2
Perona ["OP14-111">OP14-111][5000] vs Marshall D. Teach ["OP16-080">OP16-080][6000]
Attack Fails
RZ1|181|1|OP16-056|2|4|6|4|1|1|0|0|0
RZ1|CHK|181|1|32|6|4|3|1|8|5|0|1|1
[You] Mr. 3 (Galdino) ["OP16-056">OP16-056]: Trash Mr. 3 (Galdino) ["OP16-056">OP16-056]
[] Drew card from deck: Nami ["EB03-053">EB03-053]
RZ1|182|1|EB03-053|0|31|1|6|1|1|0|0|0
RZ1|CHK|182|1|31|7|4|3|1|8|5|0|1|1
[] Drew card from deck: Perona ["OP14-111">OP14-111]
RZ1|183|1|OP14-111|0|30|1|7|1|1|0|0|0
RZ1|CHK|183|1|30|8|4|3|1|8|5|0|1|1
[You] Mr. 3 (Galdino) ["OP16-056">OP16-056]: Draw 2 Card
[You] Mr. 3 (Galdino) ["OP16-056">OP16-056]: Shiryu ["OP16-108">OP16-108] can't attack next turn
[] Hand: [EB03-055,EB03-055,EB03-055,OP14-104,OP06-106,EB04-058,EB03-053,OP14-111]
[] Board: [OP14-102,OP14-111,OP06-106,EB03-053]
[] Trash: [OP15-113,OP16-056,OP14-110,PRB02-008,OP16-056]
[] Life: 3
[] Hand: [OP09-093]
[] Trash: [EB04-059,OP12-112,OP09-096,OP16-109,OP16-104,OP16-109,OP09-086]
[] Board: [OP16-110,OP16-110,OP16-109,OP16-108,OP16-108]
[] Life: 3
[You] End Turn
[] Hand: [OP09-093]
[] Board: [OP16-110,OP16-110,OP16-109,OP16-108,OP16-108]
[] Trash: [EB04-059,OP12-112,OP09-096,OP16-109,OP16-104,OP16-109,OP09-086]
[] Life: 3
[] Hand: [EB03-055,EB03-055,EB03-055,OP14-104,OP06-106,EB04-058,EB03-053,OP14-111]
[] Trash: [OP15-113,OP16-056,OP14-110,PRB02-008,OP16-056]
[] Board: [OP14-102,OP14-111,OP06-106,EB03-053]
[] Life: 3
RZ1|184|2|Don|9|300|5|0|1|1|1|0|0
RZ1|CHK|184|2|33|1|5|3|2|7|7|1|1|1
RZ1|185|2|Don|9|300|5|0|1|1|1|0|0
RZ1|CHK|185|2|33|1|5|3|2|8|7|1|1|0
[Opponent] Draw 1 Card
[] Drew card from deck: Jesus Burgess ["OP09-086">OP09-086]
RZ1|186|2|OP09-086|0|32|1|1|1|1|0|0|0
RZ1|CHK|186|2|32|2|5|3|2|8|7|1|1|0
RZ1|187|2|Don|4|1|5|8|1|1|0|0|0
RZ1|CHK|187|2|32|2|5|3|1|9|7|1|1|0
RZ1|188|2|Don|4|0|5|9|1|1|0|0|0
RZ1|CHK|188|2|32|2|5|3|0|10|7|1|1|0
[Opponent] Draw 2 Don
RZ1|189|2|Don|5|0|5|0|1|1|1|0|0
RZ1|CHK|189|2|32|2|5|3|0|10|7|1|1|0
RZ1|190|2|Don|5|1|5|1|1|1|1|0|0
RZ1|CHK|190|2|32|2|5|3|0|10|7|1|1|0
RZ1|191|2|Don|5|2|5|2|1|1|1|0|0
RZ1|CHK|191|2|32|2|5|3|0|10|7|1|1|0
RZ1|192|2|Don|5|3|5|3|1|1|1|0|0
RZ1|CHK|192|2|32|2|5|3|0|10|7|1|1|0
RZ1|193|2|Don|5|4|5|4|1|1|1|0|0
RZ1|CHK|193|2|32|2|5|3|0|10|7|1|1|0
RZ1|194|2|Don|5|5|5|5|1|1|1|0|0
RZ1|CHK|194|2|32|2|5|3|0|10|7|1|1|0
RZ1|195|2|Don|5|6|5|6|1|1|1|0|0
RZ1|CHK|195|2|32|2|5|3|0|10|7|1|1|0
RZ1|196|2|Don|5|7|5|7|1|1|1|0|0
RZ1|CHK|196|2|32|2|5|3|0|10|7|1|1|0
RZ1|197|2|Don|5|8|5|8|1|1|1|0|0
RZ1|CHK|197|2|32|2|5|3|0|10|7|1|1|0
RZ1|198|2|Don|5|9|5|9|1|1|1|0|0
RZ1|CHK|198|2|32|2|5|3|0|10|7|1|1|0
[Opponent] Trash Doc Q ["OP16-109">OP16-109]
[Opponent] Deploy Marshall D. Teach ["OP09-093">OP09-093]
RZ1|199|2|OP16-109|2|2|6|7|1|1|0|0|0
RZ1|CHK|199|2|32|2|4|3|0|10|8|1|1|0
RZ1|200|2|OP09-093|1|0|2|4|1|1|0|0|0
RZ1|CHK|200|2|32|1|5|3|0|10|8|1|1|0
[Opponent] Marshall D. Teach ["OP09-093">OP09-093]: Nullify effects of Nami ["OP11-041">OP11-041]
[Opponent] Marshall D. Teach ["OP09-093">OP09-093]: Perona ["OP14-111">OP14-111] can't attack next turn
[Opponent] Marshall D. Teach ["OP09-093">OP09-093]: Nullify effects of Perona ["OP14-111">OP14-111] until next turn end!
[Opponent] Shiryu ["OP16-108">OP16-108] attacking Nami ["OP11-041">OP11-041]
Shiryu ["OP16-108">OP16-108][8000] vs Nami ["OP11-041">OP11-041][5000]
Nami ["OP11-041">OP11-041] hit for 1 damage
RZ1|201|1|OP16-056|3|2|1|8|1|1|0|0|0
RZ1|CHK|201|1|30|9|4|2|1|8|5|0|1|1
[Opponent] Marshall D. Teach ["OP16-080">OP16-080] attacking Nami ["OP11-041">OP11-041]
[You] Discard Borsalino ["EB04-058">EB04-058] for Counter 1000
RZ1|202|1|EB04-058|1|5|6|5|1|1|0|0|0
RZ1|CHK|202|1|30|8|4|2|1|8|6|0|1|1
Marshall D. Teach ["OP16-080">OP16-080][5000] vs Nami ["OP11-041">OP11-041][6000]
Attack Fails
[Opponent] Shiryu ["OP16-108">OP16-108] is no longer blocked from attacking
[Opponent] Nami ["OP11-041">OP11-041] no longer nullified
[] Hand: [OP09-086]
[] Board: [OP16-110,OP16-110,OP16-108,OP16-108,OP09-093]
[] Trash: [EB04-059,OP12-112,OP09-096,OP16-109,OP16-104,OP16-109,OP09-086,OP16-109]
[] Life: 3
[] Hand: [EB03-055,EB03-055,EB03-055,OP14-104,OP06-106,EB03-053,OP14-111,OP16-056]
[] Trash: [OP15-113,OP16-056,OP14-110,PRB02-008,OP16-056,EB04-058]
[] Board: [OP14-102,OP14-111,OP06-106,EB03-053]
[] Life: 2
[Opponent] End Turn
[] Hand: [EB03-055,EB03-055,EB03-055,OP14-104,OP06-106,EB03-053,OP14-111,OP16-056]
[] Board: [OP14-102,OP14-111,OP06-106,EB03-053]
[] Trash: [OP15-113,OP16-056,OP14-110,PRB02-008,OP16-056,EB04-058]
[] Life: 2
[] Hand: [OP09-086]
[] Trash: [EB04-059,OP12-112,OP09-096,OP16-109,OP16-104,OP16-109,OP09-086,OP16-109]
[] Board: [OP16-110,OP16-110,OP16-108,OP16-108,OP09-093]
[] Life: 3
RZ1|203|1|Don|9|9900|5|0|1|1|1|0|0
RZ1|CHK|203|1|30|8|4|2|1|9|6|0|1|0
[You] Draw 1 Card
[] Drew card from deck: Gravity Blade Raging Tiger ["OP06-058">OP06-058]
RZ1|204|1|OP06-058|0|29|1|8|1|1|0|0|0
RZ1|CHK|204|1|29|9|4|2|1|9|6|0|1|0
RZ1|205|1|Don|4|0|5|9|1|1|0|0|0
RZ1|CHK|205|1|29|9|4|2|0|10|6|0|1|0
[You] Draw 2 Don
RZ1|206|1|Don|5|0|5|0|1|1|1|0|0
RZ1|CHK|206|1|29|9|4|2|0|10|6|0|1|0
RZ1|207|1|Don|5|1|5|1|1|1|1|0|0
RZ1|CHK|207|1|29|9|4|2|0|10|6|0|1|0
RZ1|208|1|Don|5|2|5|2|1|1|1|0|0
RZ1|CHK|208|1|29|9|4|2|0|10|6|0|1|0
RZ1|209|1|Don|5|3|5|3|1|1|1|0|0
RZ1|CHK|209|1|29|9|4|2|0|10|6|0|1|0
RZ1|210|1|Don|5|4|5|4|1|1|1|0|0
RZ1|CHK|210|1|29|9|4|2|0|10|6|0|1|0
[You] Deploy Nami ["EB03-053">EB03-053]
RZ1|211|1|EB03-053|1|5|2|4|1|1|0|0|0
RZ1|CHK|211|1|29|8|5|2|0|10|6|0|1|0
[You] Nami ["EB03-053">EB03-053]: Attach 1 Rested Don to Nami ["OP11-041">OP11-041]
RZ1|212|1|Don|5|0|9|9900|1|1|1|0|0
RZ1|CHK|212|1|29|8|5|2|0|9|6|0|1|1
RZ1|213|1|Don|5|4|5|4|1|1|1|0|0
RZ1|CHK|213|1|29|8|5|2|0|9|6|0|1|1
RZ1|214|1|Don|5|5|5|5|1|1|1|0|0
RZ1|CHK|214|1|29|8|5|2|0|9|6|0|1|1
RZ1|215|1|Don|5|6|5|6|1|1|1|0|0
RZ1|CHK|215|1|29|8|5|2|0|9|6|0|1|1
RZ1|216|1|Don|5|7|5|7|1|1|1|0|0
RZ1|CHK|216|1|29|8|5|2|0|9|6|0|1|1
[You] Trash Kouzuki Hiyori ["OP06-106">OP06-106]
[You] Deploy Perona ["OP14-111">OP14-111]
RZ1|217|1|OP06-106|2|2|6|6|1|1|0|0|0
RZ1|CHK|217|1|29|8|4|2|0|9|7|0|1|1
RZ1|218|1|OP14-111|1|5|2|4|1|1|0|0|0
RZ1|CHK|218|1|29|7|5|2|0|9|7|0|1|1
[You] Perona ["OP14-111">OP14-111]: Vasco Shot ["OP16-110">OP16-110] can't attack next turn
RZ1|219|1|Don|5|8|9|9901|1|1|0|0|0
RZ1|CHK|219|1|29|7|5|2|0|8|7|0|1|2
[You] Attach 1 Don to Nami ["OP11-041">OP11-041] (2 Total)
[You] Nami ["OP11-041">OP11-041] attacking Marshall D. Teach ["OP16-080">OP16-080]
[Opponent] Marshall D. Teach ["OP09-093">OP09-093] Blocks
Nami ["OP11-041">OP11-041][7000] vs Marshall D. Teach ["OP09-093">OP09-093][12000]
Attack Fails
[You] Nami ["EB03-053">EB03-053] attacking Marshall D. Teach ["OP16-080">OP16-080]
Nami ["EB03-053">EB03-053][6000] vs Marshall D. Teach ["OP16-080">OP16-080][5000]
Marshall D. Teach ["OP16-080">OP16-080] hit for 1 damage
RZ1|220|2|OP16-108|3|2|1|1|1|1|0|0|0
RZ1|CHK|220|2|32|2|5|2|0|10|8|1|1|0
[] Drew card from deck: Kumacy ["OP14-102">OP14-102]
RZ1|221|1|OP14-102|0|28|1|7|1|1|0|0|0
RZ1|CHK|221|1|28|8|5|2|0|8|7|0|1|2
[You] Nami ["OP11-041">OP11-041]: Draw 1 Card
[You] Perona ["OP14-111">OP14-111] is no longer blocked from attacking
[You] Perona ["OP14-111">OP14-111] no longer nullified
[] Hand: [EB03-055,EB03-055,EB03-055,OP14-104,OP06-106,OP16-056,OP06-058,OP14-102]
[] Board: [OP14-102,OP14-111,EB03-053,EB03-053,OP14-111]
[] Trash: [OP15-113,OP16-056,OP14-110,PRB02-008,OP16-056,EB04-058,OP06-106]
[] Life: 2
[] Hand: [OP09-086,OP16-108]
[] Trash: [EB04-059,OP12-112,OP09-096,OP16-109,OP16-104,OP16-109,OP09-086,OP16-109]
[] Board: [OP16-110,OP16-110,OP16-108,OP16-108,OP09-093]
[] Life: 2
[You] End Turn
[] Hand: [OP09-086,OP16-108]
[] Board: [OP16-110,OP16-110,OP16-108,OP16-108,OP09-093]
[] Trash: [EB04-059,OP12-112,OP09-096,OP16-109,OP16-104,OP16-109,OP09-086,OP16-109]
[] Life: 2
[] Hand: [EB03-055,EB03-055,EB03-055,OP14-104,OP06-106,OP16-056,OP06-058,OP14-102]
[] Trash: [OP15-113,OP16-056,OP14-110,PRB02-008,OP16-056,EB04-058,OP06-106]
[] Board: [OP14-102,OP14-111,EB03-053,EB03-053,OP14-111]
[] Life: 2
[Opponent] Draw 1 Card
[] Drew card from deck: This is MY AGE!!!! ["OP09-096">OP09-096]
RZ1|222|2|OP09-096|0|31|1|2|1|1|0|0|0
RZ1|CHK|222|2|31|3|5|2|0|10|8|1|1|0
RZ1|223|2|Don|5|0|9|200|1|1|0|0|0
RZ1|CHK|223|2|31|3|5|2|0|9|8|1|1|1
[Opponent] Attach 1 Don to Shiryu ["OP16-108">OP16-108] (1 Total)
[Opponent] Shiryu ["OP16-108">OP16-108] attacking Nami ["OP11-041">OP11-041]
RZ1|224|1|OP14-102|1|7|6|7|1|1|0|0|0
RZ1|CHK|224|1|28|7|5|2|0|8|8|0|1|2
[You] Nami ["OP11-041">OP11-041]: Trash Kumacy ["OP14-102">OP14-102]
[You] Nami ["OP11-041">OP11-041]: Buff Nami ["OP11-041">OP11-041] 2000
[You] Discard Mr. 3 (Galdino) ["OP16-056">OP16-056] for Counter 1000
RZ1|225|1|OP16-056|1|5|6|8|1|1|0|0|0
RZ1|CHK|225|1|28|6|5|2|0|8|9|0|1|2
[You] Discard Kouzuki Hiyori ["OP06-106">OP06-106] for Counter 2000
RZ1|226|1|OP06-106|1|4|6|9|1|1|0|0|0
RZ1|CHK|226|1|28|5|5|2|0|8|10|0|1|2
Shiryu ["OP16-108">OP16-108][9000] vs Nami ["OP11-041">OP11-041][10000]
Attack Fails
RZ1|227|2|Don|5|0|5|0|1|1|1|0|0
RZ1|CHK|227|2|31|3|5|2|0|9|8|1|1|1
RZ1|228|2|Don|5|1|5|1|1|1|1|0|0
RZ1|CHK|228|2|31|3|5|2|0|9|8|1|1|1
RZ1|229|2|Don|5|2|5|2|1|1|1|0|0
RZ1|CHK|229|2|31|3|5|2|0|9|8|1|1|1
RZ1|230|2|Don|5|3|5|3|1|1|1|0|0
RZ1|CHK|230|2|31|3|5|2|0|9|8|1|1|1
RZ1|231|2|Don|5|4|5|4|1|1|1|0|0
RZ1|CHK|231|2|31|3|5|2|0|9|8|1|1|1
RZ1|232|2|Don|5|5|5|5|1|1|1|0|0
RZ1|CHK|232|2|31|3|5|2|0|9|8|1|1|1
[Opponent] Trash Vasco Shot ["OP16-110">OP16-110]
[Opponent] Deploy Shiryu ["OP16-108">OP16-108]
RZ1|233|2|OP16-110|2|0|6|8|1|1|0|0|0
RZ1|CHK|233|2|31|3|4|2|0|9|9|1|1|1
RZ1|234|2|OP16-108|1|1|2|4|1|1|0|0|0
RZ1|CHK|234|2|31|2|5|2|0|9|9|1|1|1
RZ1|235|2|OP09-086|1|0|6|9|1|1|0|0|0
RZ1|CHK|235|2|31|1|5|2|0|9|10|1|1|1
[Opponent] Shiryu ["OP16-108">OP16-108]: Trash Jesus Burgess ["OP09-086">OP09-086]
[Opponent] Shiryu ["OP16-108">OP16-108]: Add Doc Q ["OP16-109">OP16-109] to top of Life
RZ1|236|2|OP16-109|6|3|3|2|1|1|0|0|0
RZ1|CHK|236|2|31|1|5|3|0|9|9|1|1|1
[Opponent] Shiryu ["OP16-108">OP16-108] attacking Nami ["OP11-041">OP11-041]
Shiryu ["OP16-108">OP16-108][8000] vs Nami ["OP11-041">OP11-041][7000]
Nami ["OP11-041">OP11-041] hit for 1 damage
RZ1|237|1|EB03-053|3|1|1|5|1|1|0|0|0
RZ1|CHK|237|1|28|6|5|1|0|8|10|0|1|2
RZ1|238|2|Don|5|6|9|9900|1|1|0|0|0
RZ1|CHK|238|2|31|1|5|3|0|8|9|1|1|2
RZ1|239|2|Don|5|6|9|9901|1|1|0|0|0
RZ1|CHK|239|2|31|1|5|3|0|7|9|1|1|3
[Opponent] Attach 2 Don to Marshall D. Teach ["OP16-080">OP16-080] (2 Total)
[Opponent] Marshall D. Teach ["OP16-080">OP16-080] attacking Nami ["OP11-041">OP11-041]
Marshall D. Teach ["OP16-080">OP16-080][7000] vs Nami ["OP11-041">OP11-041][7000]
Nami ["OP11-041">OP11-041] hit for 1 damage
RZ1|240|1|OP11-106|3|0|1|6|1|1|0|0|0
RZ1|CHK|240|1|28|7|5|0|0|8|10|0|1|2
[Opponent] Marshall D. Teach ["OP09-093">OP09-093] attacking Nami ["OP11-041">OP11-041]
Marshall D. Teach ["OP09-093">OP09-093][12000] vs Nami ["OP11-041">OP11-041][7000]
Nami ["OP11-041">OP11-041] hit for 1 damage
[You] <b>Downloaded the Combat Log!</b>
RZ1|HDR|1.42c|2|RZ1
RZ1|PLY|1||OP11-041
RZ1|PLY|2||OP16-080
RZ1|1|2|Don|9|9900|5|0|1|1|1|0|0
RZ1|CHK|1|2|31|1|5|3|0|8|9|1|1|2
RZ1|2|2|Don|9|9900|5|0|1|1|1|0|0
RZ1|CHK|2|2|31|1|5|3|0|9|9|1|1|1
RZ1|3|2|Don|9|100|5|0|1|1|1|0|0
RZ1|CHK|3|2|31|1|5|3|0|10|9|1|1|0
RZ1|4|1|Don|9|9900|5|0|1|1|1|0|0
RZ1|CHK|4|1|28|7|5|0|0|9|10|0|1|1
RZ1|5|1|Don|9|9900|5|0|1|1|1|0|0
RZ1|CHK|5|1|28|7|5|0|0|10|10|0|1|0