Version is 1.42c.22
[You] Leader is Nami ["OP11-041">OP11-041]
[Opponent] Leader is Dracule Mihawk ["OP14-020">OP14-020]
RZ1|4|2|ST24-002|0|11|0|0|0|0|0|0|0
RZ1|CHK|4|2|50|0|0|0|10|0|0|0|1|0
RZ1|5|2|OP08-036|0|47|0|1|0|0|0|0|0
RZ1|CHK|5|2|50|0|0|0|10|0|0|0|1|0
RZ1|6|2|OP14-033|0|29|0|2|0|0|0|0|0
RZ1|CHK|6|2|50|0|0|0|10|0|0|0|1|0
RZ1|7|2|OP12-037|0|42|0|3|0|0|0|0|0
RZ1|CHK|7|2|50|0|0|0|10|0|0|0|1|0
RZ1|8|2|OP12-031|0|23|0|4|0|0|0|0|0
RZ1|CHK|8|2|50|0|0|0|10|0|0|0|1|0
RZ1|9|2|OP14-033|0|30|0|5|0|0|0|0|0
RZ1|CHK|9|2|50|0|0|0|10|0|0|0|1|0
RZ1|10|2|OP12-118|0|30|0|6|0|0|0|0|0
RZ1|CHK|10|2|50|0|0|0|10|0|0|0|1|0
RZ1|11|2|ST24-004|0|38|0|7|0|0|0|0|0
RZ1|CHK|11|2|50|0|0|0|10|0|0|0|1|0
RZ1|12|2|OP12-031|0|28|0|8|0|0|0|0|0
RZ1|CHK|12|2|50|0|0|0|10|0|0|0|1|0
RZ1|13|2|OP13-040|0|44|0|9|0|0|0|0|0
RZ1|CHK|13|2|50|0|0|0|10|0|0|0|1|0
RZ1|14|2|OP06-038|0|41|0|10|0|0|0|0|0
RZ1|CHK|14|2|50|0|0|0|10|0|0|0|1|0
RZ1|15|2|OP08-036|0|47|0|11|0|0|0|0|0
RZ1|CHK|15|2|50|0|0|0|10|0|0|0|1|0
RZ1|16|2|OP14-032|0|25|0|12|0|0|0|0|0
RZ1|CHK|16|2|50|0|0|0|10|0|0|0|1|0
RZ1|17|2|OP13-040|0|46|0|13|0|0|0|0|0
RZ1|CHK|17|2|50|0|0|0|10|0|0|0|1|0
RZ1|18|2|OP12-118|0|34|0|14|0|0|0|0|0
RZ1|CHK|18|2|50|0|0|0|10|0|0|0|1|0
RZ1|19|2|OP07-026|0|31|0|15|0|0|0|0|0
RZ1|CHK|19|2|50|0|0|0|10|0|0|0|1|0
RZ1|20|2|OP12-031|0|33|0|16|0|0|0|0|0
RZ1|CHK|20|2|50|0|0|0|10|0|0|0|1|0
RZ1|21|2|ST24-002|0|27|0|17|0|0|0|0|0
RZ1|CHK|21|2|50|0|0|0|10|0|0|0|1|0
RZ1|22|2|EB01-015|0|20|0|18|0|0|0|0|0
RZ1|CHK|22|2|50|0|0|0|10|0|0|0|1|0
RZ1|23|2|OP06-038|0|44|0|19|0|0|0|0|0
RZ1|CHK|23|2|50|0|0|0|10|0|0|0|1|0
RZ1|24|2|PRB02-006|0|32|0|20|0|0|0|0|0
RZ1|CHK|24|2|50|0|0|0|10|0|0|0|1|0
RZ1|25|2|OP12-118|0|36|0|21|0|0|0|0|0
RZ1|CHK|25|2|50|0|0|0|10|0|0|0|1|0
RZ1|26|2|OP07-026|0|34|0|22|0|0|0|0|0
RZ1|CHK|26|2|50|0|0|0|10|0|0|0|1|0
RZ1|27|2|ST02-007|0|30|0|23|0|0|0|0|0
RZ1|CHK|27|2|50|0|0|0|10|0|0|0|1|0
RZ1|28|2|OP13-040|0|47|0|24|0|0|0|0|0
RZ1|CHK|28|2|50|0|0|0|10|0|0|0|1|0
RZ1|29|2|EB01-015|0|27|0|25|0|0|0|0|0
RZ1|CHK|29|2|50|0|0|0|10|0|0|0|1|0
RZ1|30|2|OP12-034|0|29|0|26|0|0|0|0|0
RZ1|CHK|30|2|50|0|0|0|10|0|0|0|1|0
RZ1|31|2|OP14-032|0|35|0|27|0|0|0|0|0
RZ1|CHK|31|2|50|0|0|0|10|0|0|0|1|0
RZ1|32|2|OP13-031|0|39|0|28|0|0|0|0|0
RZ1|CHK|32|2|50|0|0|0|10|0|0|0|1|0
RZ1|33|2|OP14-039|0|49|0|29|0|0|0|0|0
RZ1|CHK|33|2|50|0|0|0|10|0|0|0|1|0
RZ1|34|2|OP13-031|0|41|0|30|0|0|0|0|0
RZ1|CHK|34|2|50|0|0|0|10|0|0|0|1|0
RZ1|35|2|ST02-007|0|36|0|31|0|0|0|0|0
RZ1|CHK|35|2|50|0|0|0|10|0|0|0|1|0
RZ1|36|2|ST24-002|0|37|0|32|0|0|0|0|0
RZ1|CHK|36|2|50|0|0|0|10|0|0|0|1|0
RZ1|37|2|OP12-034|0|37|0|33|0|0|0|0|0
RZ1|CHK|37|2|50|0|0|0|10|0|0|0|1|0
RZ1|38|2|OP07-026|0|39|0|34|0|0|0|0|0
RZ1|CHK|38|2|50|0|0|0|10|0|0|0|1|0
RZ1|39|2|OP13-031|0|42|0|35|0|0|0|0|0
RZ1|CHK|39|2|50|0|0|0|10|0|0|0|1|0
RZ1|40|2|OP14-039|0|49|0|36|0|0|0|0|0
RZ1|CHK|40|2|50|0|0|0|10|0|0|0|1|0
RZ1|41|2|EB01-015|0|38|0|37|0|0|0|0|0
RZ1|CHK|41|2|50|0|0|0|10|0|0|0|1|0
RZ1|42|2|OP12-118|0|42|0|38|0|0|0|0|0
RZ1|CHK|42|2|50|0|0|0|10|0|0|0|1|0
RZ1|43|2|ST24-004|0|46|0|39|0|0|0|0|0
RZ1|CHK|43|2|50|0|0|0|10|0|0|0|1|0
RZ1|44|2|OP13-031|0|44|0|40|0|0|0|0|0
RZ1|CHK|44|2|50|0|0|0|10|0|0|0|1|0
RZ1|45|2|OP13-040|0|49|0|41|0|0|0|0|0
RZ1|CHK|45|2|50|0|0|0|10|0|0|0|1|0
RZ1|46|2|OP14-119|0|46|0|42|0|0|0|0|0
RZ1|CHK|46|2|50|0|0|0|10|0|0|0|1|0
RZ1|47|2|OP14-119|0|47|0|43|0|0|0|0|0
RZ1|CHK|47|2|50|0|0|0|10|0|0|0|1|0
RZ1|48|2|ST24-002|0|47|0|44|0|0|0|0|0
RZ1|CHK|48|2|50|0|0|0|10|0|0|0|1|0
RZ1|49|2|OP12-037|0|49|0|46|0|0|0|0|0
RZ1|CHK|49|2|50|0|0|0|10|0|0|0|1|0
[] Drew card from deck: Zeus ["OP11-106">OP11-106]
RZ1|50|1|OP11-106|0|49|1|0|1|1|0|0|0
RZ1|CHK|50|1|49|1|0|0|10|0|0|0|1|0
[] Drew card from deck: Kumacy ["OP14-102">OP14-102]
RZ1|51|1|OP14-102|0|48|1|1|1|1|0|0|0
RZ1|CHK|51|1|48|2|0|0|10|0|0|0|1|0
[] Drew card from deck: Gecko Moria ["OP14-104">OP14-104]
RZ1|52|1|OP14-104|0|47|1|2|1|1|0|0|0
RZ1|CHK|52|1|47|3|0|0|10|0|0|0|1|0
[] Drew card from deck: Nami ["EB03-053">EB03-053]
RZ1|53|1|EB03-053|0|46|1|3|1|1|0|0|0
RZ1|CHK|53|1|46|4|0|0|10|0|0|0|1|0
[] Drew card from deck: Kouzuki Hiyori ["OP06-106">OP06-106]
RZ1|54|1|OP06-106|0|45|1|4|1|1|0|0|0
RZ1|CHK|54|1|45|5|0|0|10|0|0|0|1|0
[] Drew card from deck: Law & Bepo ["ST24-004">ST24-004]
RZ1|55|2|ST24-004|0|49|1|0|1|1|0|0|0
RZ1|CHK|55|2|49|1|0|0|10|0|0|0|1|0
[] Drew card from deck: Perona ["OP12-034">OP12-034]
RZ1|56|2|OP12-034|0|48|1|1|1|1|0|0|0
RZ1|CHK|56|2|48|2|0|0|10|0|0|0|1|0
[] Drew card from deck: Perona ["OP12-034">OP12-034]
RZ1|57|2|OP12-034|0|47|1|2|1|1|0|0|0
RZ1|CHK|57|2|47|3|0|0|10|0|0|0|1|0
[] Drew card from deck: Demonic Aura Nine-Sword Style Asura Dead Man's Game ["OP12-037">OP12-037]
RZ1|58|2|OP12-037|0|46|1|3|1|1|0|0|0
RZ1|CHK|58|2|46|4|0|0|10|0|0|0|1|0
[] Drew card from deck: Scratchmen Apoo ["EB01-015">EB01-015]
RZ1|59|2|EB01-015|0|45|1|4|1|1|0|0|0
RZ1|CHK|59|2|45|5|0|0|10|0|0|0|1|0
RZ1|60|1|OP06-104|0|44|3|0|1|0|0|0|0
RZ1|CHK|60|1|44|5|0|1|10|0|0|0|1|0
RZ1|61|1|EB03-055|0|43|3|1|1|0|0|0|0
RZ1|CHK|61|1|43|5|0|2|10|0|0|0|1|0
RZ1|62|1|EB03-055|0|42|3|2|1|0|0|0|0
RZ1|CHK|62|1|42|5|0|3|10|0|0|0|1|0
RZ1|63|1|OP14-104|0|41|3|3|1|0|0|0|0
RZ1|CHK|63|1|41|5|0|4|10|0|0|0|1|0
RZ1|64|2|ST24-002|0|44|3|0|0|1|0|0|0
RZ1|CHK|64|2|44|5|0|1|10|0|0|0|1|0
RZ1|65|2|OP14-119|0|43|3|1|0|1|0|0|0
RZ1|CHK|65|2|43|5|0|2|10|0|0|0|1|0
RZ1|66|2|OP14-119|0|42|3|2|0|1|0|0|0
RZ1|CHK|66|2|42|5|0|3|10|0|0|0|1|0
RZ1|67|2|OP13-040|0|41|3|3|0|1|0|0|0
RZ1|CHK|67|2|41|5|0|4|10|0|0|0|1|0
RZ1|68|2|OP13-031|0|40|3|4|0|1|0|0|0
RZ1|CHK|68|2|40|5|0|5|10|0|0|0|1|0
[] Hand: [OP11-106,OP14-102,OP14-104,EB03-053,OP06-106]
[] Board: []
[] Trash: []
[] Life: 4
[] Hand: [ST24-004,OP12-034,OP12-034,OP12-037,EB01-015]
[] Trash: []
[] Board: []
[] Life: 5
RZ1|69|1|Don|4|9|5|0|1|1|0|0|0
RZ1|CHK|69|1|41|5|0|4|9|1|0|0|1|0
[You] Draw 1 Don
RZ1|70|1|Don|5|0|5|0|1|1|1|0|0
RZ1|CHK|70|1|41|5|0|4|9|1|0|0|1|0
[You] Deploy Kumacy ["OP14-102">OP14-102]
RZ1|71|1|OP14-102|1|1|2|0|1|1|0|0|0
RZ1|CHK|71|1|41|4|1|4|9|1|0|0|1|0
[] Hand: [OP11-106,OP14-104,EB03-053,OP06-106]
[] Board: [OP14-102]
[] Trash: []
[] Life: 4
[] Hand: [ST24-004,OP12-034,OP12-034,OP12-037,EB01-015]
[] Trash: []
[] Board: []
[] Life: 5
[You] End Turn
[] Hand: [ST24-004,OP12-034,OP12-034,OP12-037,EB01-015]
[] Board: []
[] Trash: []
[] Life: 5
[] Hand: [OP11-106,OP14-104,EB03-053,OP06-106]
[] Trash: []
[] Board: [OP14-102]
[] Life: 4
[Opponent] Draw 1 Card
[] Drew card from deck: Law & Bepo ["ST24-004">ST24-004]
RZ1|72|2|ST24-004|0|39|1|5|1|1|0|0|0
RZ1|CHK|72|2|39|6|0|5|10|0|0|0|1|0
RZ1|73|2|Don|4|9|5|0|1|1|0|0|0
RZ1|CHK|73|2|39|6|0|5|9|1|0|0|1|0
RZ1|74|2|Don|4|8|5|1|1|1|0|0|0
RZ1|CHK|74|2|39|6|0|5|8|2|0|0|1|0
[Opponent] Draw 2 Don
RZ1|75|2|Don|5|0|5|0|1|1|1|0|0
RZ1|CHK|75|2|39|6|0|5|8|2|0|0|1|0
[Opponent] Deploy Perona ["OP12-034">OP12-034]
RZ1|76|2|OP12-034|1|1|2|0|1|1|0|0|0
RZ1|CHK|76|2|39|5|1|5|8|2|0|0|1|0
RZ1|77|2|OP13-031|0|35|1|5|1|1|0|0|0
RZ1|CHK|77|2|38|6|1|5|8|2|0|0|1|0
[Opponent] Perona ["OP12-034">OP12-034]: <b>Reveal and Draw Trafalgar Law ["OP13-031">OP13-031]</b>
[Opponent] Placing Cards on Bottom of Deck
RZ1|78|2|OP12-118|0|37|0|0|0|0|0|0|0
RZ1|CHK|78|2|38|6|1|5|8|2|0|0|1|0
RZ1|79|2|EB01-015|0|37|0|0|0|0|0|0|0
RZ1|CHK|79|2|38|6|1|5|8|2|0|0|1|0
RZ1|80|2|OP14-039|0|37|0|0|0|0|0|0|0
RZ1|CHK|80|2|38|6|1|5|8|2|0|0|1|0
RZ1|81|2|OP07-026|0|37|0|0|0|0|0|0|0
RZ1|CHK|81|2|38|6|1|5|8|2|0|0|1|0
RZ1|82|2|Don|5|1|5|1|1|1|1|0|0
RZ1|CHK|82|2|38|6|1|5|8|2|0|0|1|0
[Opponent] Deploy Perona ["OP12-034">OP12-034]
RZ1|83|2|OP12-034|1|1|2|1|1|1|0|0|0
RZ1|CHK|83|2|38|5|2|5|8|2|0|0|1|0
RZ1|84|2|ST24-002|0|36|1|5|1|1|0|0|0
RZ1|CHK|84|2|37|6|2|5|8|2|0|0|1|0
[Opponent] Perona ["OP12-034">OP12-034]: <b>Reveal and Draw Kid & Killer ["ST24-002">ST24-002]</b>
[Opponent] Placing Cards on Bottom of Deck
RZ1|85|2|OP12-034|0|36|0|0|0|0|0|0|0
RZ1|CHK|85|2|37|6|2|5|8|2|0|0|1|0
RZ1|86|2|ST02-007|0|36|0|0|0|0|0|0|0
RZ1|CHK|86|2|37|6|2|5|8|2|0|0|1|0
RZ1|87|2|OP13-031|0|36|0|0|0|0|0|0|0
RZ1|CHK|87|2|37|6|2|5|8|2|0|0|1|0
RZ1|88|2|OP14-039|0|36|0|0|0|0|0|0|0
RZ1|CHK|88|2|37|6|2|5|8|2|0|0|1|0
[] Hand: [ST24-004,OP12-037,EB01-015,ST24-004,OP13-031,ST24-002]
[] Board: [OP12-034,OP12-034]
[] Trash: []
[] Life: 5
[] Hand: [OP11-106,OP14-104,EB03-053,OP06-106]
[] Trash: []
[] Board: [OP14-102]
[] Life: 4
[Opponent] End Turn
[] Hand: [OP11-106,OP14-104,EB03-053,OP06-106]
[] Board: [OP14-102]
[] Trash: []
[] Life: 4
[] Hand: [ST24-004,OP12-037,EB01-015,ST24-004,OP13-031,ST24-002]
[] Trash: []
[] Board: [OP12-034,OP12-034]
[] Life: 5
[You] Draw 1 Card
[] Drew card from deck: Roronoa Zoro ["OP15-113">OP15-113]
RZ1|89|1|OP15-113|0|40|1|4|1|1|0|0|0
RZ1|CHK|89|1|40|5|1|4|9|1|0|0|1|0
RZ1|90|1|Don|4|8|5|1|1|1|0|0|0
RZ1|CHK|90|1|40|5|1|4|8|2|0|0|1|0
RZ1|91|1|Don|4|7|5|2|1|1|0|0|0
RZ1|CHK|91|1|40|5|1|4|7|3|0|0|1|0
[You] Draw 2 Don
[You] Nami ["OP11-041">OP11-041] attacking Dracule Mihawk ["OP14-020">OP14-020]
Nami ["OP11-041">OP11-041][5000] vs Dracule Mihawk ["OP14-020">OP14-020][5000]
Dracule Mihawk ["OP14-020">OP14-020] hit for 1 damage
RZ1|92|2|OP13-031|3|4|1|6|1|1|0|0|0
RZ1|CHK|92|2|37|7|2|4|8|2|0|0|1|0
[] Drew card from deck: Mr. 3 (Galdino) ["OP16-056">OP16-056]
RZ1|93|1|OP16-056|0|39|1|5|1|1|0|0|0
RZ1|CHK|93|1|39|6|1|4|7|3|0|0|1|0
[You] Nami ["OP11-041">OP11-041]: Draw 1 Card
RZ1|94|1|Don|5|0|5|0|1|1|1|0|0
RZ1|CHK|94|1|39|6|1|4|7|3|0|0|1|0
RZ1|95|1|Don|5|1|5|1|1|1|1|0|0
RZ1|CHK|95|1|39|6|1|4|7|3|0|0|1|0
[You] Deploy Zeus ["OP11-106">OP11-106]
RZ1|96|1|OP11-106|1|0|2|1|1|1|0|0|0
RZ1|CHK|96|1|39|5|2|4|7|3|0|0|1|0
[You] Zeus ["OP11-106">OP11-106]: Takes Bottom Life
RZ1|97|1|OP06-104|3|0|1|5|1|1|0|0|0
RZ1|CHK|97|1|39|6|2|3|7|3|0|0|1|0
[You] Zeus ["OP11-106">OP11-106]: Destroy Perona ["OP12-034">OP12-034]
RZ1|98|2|OP12-034|2|0|6|0|1|1|0|0|0
RZ1|CHK|98|2|37|7|1|4|8|2|1|0|1|0
RZ1|99|1|Don|5|2|9|9900|1|1|0|0|0
RZ1|CHK|99|1|39|6|2|3|7|2|0|0|1|1
[You] Attach 1 Don to Nami ["OP11-041">OP11-041] (1 Total)
[] Hand: [OP14-104,EB03-053,OP06-106,OP15-113,OP16-056,OP06-104]
[] Board: [OP14-102,OP11-106]
[] Trash: []
[] Life: 3
[] Hand: [ST24-004,OP12-037,EB01-015,ST24-004,OP13-031,ST24-002,OP13-031]
[] Trash: [OP12-034]
[] Board: [OP12-034]
[] Life: 4
[You] End Turn
[] Hand: [ST24-004,OP12-037,EB01-015,ST24-004,OP13-031,ST24-002,OP13-031]
[] Board: [OP12-034]
[] Trash: [OP12-034]
[] Life: 4
[] Hand: [OP14-104,EB03-053,OP06-106,OP15-113,OP16-056,OP06-104]
[] Trash: []
[] Board: [OP14-102,OP11-106]
[] Life: 3
[Opponent] Draw 1 Card
[] Drew card from deck: Trafalgar Law ["OP13-031">OP13-031]
RZ1|100|2|OP13-031|0|36|1|7|1|1|0|0|0
RZ1|CHK|100|2|36|8|1|4|8|2|1|0|1|0
RZ1|101|2|Don|4|7|5|2|1|1|0|0|0
RZ1|CHK|101|2|36|8|1|4|7|3|1|0|1|0
RZ1|102|2|Don|4|6|5|3|1|1|0|0|0
RZ1|CHK|102|2|36|8|1|4|6|4|1|0|1|0
[Opponent] Draw 2 Don
RZ1|103|2|Don|5|0|5|0|1|1|1|0|0
RZ1|CHK|103|2|36|8|1|4|6|4|1|0|1|0
RZ1|104|2|Don|5|1|5|1|1|1|1|0|0
RZ1|CHK|104|2|36|8|1|4|6|4|1|0|1|0
[Opponent] Deploy Kid & Killer ["ST24-002">ST24-002]
RZ1|105|2|ST24-002|1|5|2|1|1|1|0|0|0
RZ1|CHK|105|2|36|7|2|4|6|4|1|0|1|0
RZ1|106|2|EB01-015|0|33|1|7|1|1|0|0|0
RZ1|CHK|106|2|35|8|2|4|6|4|1|0|1|0
[Opponent] Kid & Killer ["ST24-002">ST24-002]: <b>Reveal and Draw Scratchmen Apoo ["EB01-015">EB01-015]</b>
[Opponent] Placing Cards on Bottom of Deck
RZ1|107|2|OP14-032|0|34|0|0|0|0|0|0|0
RZ1|CHK|107|2|35|8|2|4|6|4|1|0|1|0
RZ1|108|2|OP12-034|0|34|0|0|0|0|0|0|0
RZ1|CHK|108|2|35|8|2|4|6|4|1|0|1|0
RZ1|109|2|OP13-040|0|34|0|0|0|0|0|0|0
RZ1|CHK|109|2|35|8|2|4|6|4|1|0|1|0
RZ1|110|2|ST02-007|0|34|0|0|0|0|0|0|0
RZ1|CHK|110|2|35|8|2|4|6|4|1|0|1|0
[Opponent] Dracule Mihawk ["OP14-020">OP14-020] attacking Nami ["OP11-041">OP11-041]
RZ1|111|1|OP15-113|1|3|6|0|1|1|0|0|0
RZ1|CHK|111|1|39|5|2|3|7|2|1|0|1|1
[You] Nami ["OP11-041">OP11-041]: Trash Roronoa Zoro ["OP15-113">OP15-113]
[You] Nami ["OP11-041">OP11-041]: Buff Nami ["OP11-041">OP11-041] 2000
Dracule Mihawk ["OP14-020">OP14-020][5000] vs Nami ["OP11-041">OP11-041][7000]
Attack Fails
RZ1|112|2|Don|5|2|5|2|1|1|1|0|0
RZ1|CHK|112|2|35|8|2|4|6|4|1|0|1|0
[Opponent] Deploy Scratchmen Apoo ["EB01-015">EB01-015]
RZ1|113|2|EB01-015|1|2|2|2|1|1|0|0|0
RZ1|CHK|113|2|35|7|3|4|6|4|1|0|1|0
[Opponent] Scratchmen Apoo ["EB01-015">EB01-015]: Rest Kumacy ["OP14-102">OP14-102]
[Opponent] Perona ["OP12-034">OP12-034] attacking Kumacy ["OP14-102">OP14-102]
[You] Discard Nami ["EB03-053">EB03-053] for Counter 1000
RZ1|114|1|EB03-053|1|1|6|1|1|1|0|0|0
RZ1|CHK|114|1|39|4|2|3|7|2|2|0|1|1
Perona ["OP12-034">OP12-034][2000] vs Kumacy ["OP14-102">OP14-102][3000]
Attack Fails
[] Hand: [ST24-004,OP12-037,ST24-004,OP13-031,OP13-031,OP13-031,EB01-015]
[] Board: [OP12-034,ST24-002,EB01-015]
[] Trash: [OP12-034]
[] Life: 4
[] Hand: [OP14-104,OP06-106,OP16-056,OP06-104]
[] Trash: [OP15-113,EB03-053]
[] Board: [OP14-102,OP11-106]
[] Life: 3
[Opponent] End Turn
[] Hand: [OP14-104,OP06-106,OP16-056,OP06-104]
[] Board: [OP14-102,OP11-106]
[] Trash: [OP15-113,EB03-053]
[] Life: 3
[] Hand: [ST24-004,OP12-037,ST24-004,OP13-031,OP13-031,OP13-031,EB01-015]
[] Trash: [OP12-034]
[] Board: [OP12-034,ST24-002,EB01-015]
[] Life: 4
RZ1|115|1|Don|9|9900|5|0|1|1|1|0|0
RZ1|CHK|115|1|39|4|2|3|7|3|2|0|1|0
[You] Draw 1 Card
[] Drew card from deck: Edward Newgate ["OP13-042">OP13-042]
RZ1|116|1|OP13-042|0|38|1|4|1|1|0|0|0
RZ1|CHK|116|1|38|5|2|3|7|3|2|0|1|0
RZ1|117|1|Don|4|6|5|3|1|1|0|0|0
RZ1|CHK|117|1|38|5|2|3|6|4|2|0|1|0
RZ1|118|1|Don|4|5|5|4|1|1|0|0|0
RZ1|CHK|118|1|38|5|2|3|5|5|2|0|1|0
[You] Draw 2 Don
RZ1|119|1|Don|5|0|5|0|1|1|1|0|0
RZ1|CHK|119|1|38|5|2|3|5|5|2|0|1|0
RZ1|120|1|Don|5|1|5|1|1|1|1|0|0
RZ1|CHK|120|1|38|5|2|3|5|5|2|0|1|0
RZ1|121|1|Don|5|2|5|2|1|1|1|0|0
RZ1|CHK|121|1|38|5|2|3|5|5|2|0|1|0
RZ1|122|1|Don|5|3|5|3|1|1|1|0|0
RZ1|CHK|122|1|38|5|2|3|5|5|2|0|1|0
[You] Deploy Kikunojo ["OP06-104">OP06-104]
RZ1|123|1|OP06-104|1|3|2|2|1|1|0|0|0
RZ1|CHK|123|1|38|4|3|3|5|5|2|0|1|0
[You] Nami ["OP11-041">OP11-041] attacking Dracule Mihawk ["OP14-020">OP14-020]
RZ1|124|2|ST24-002|2|1|6|1|1|1|0|0|0
RZ1|CHK|124|2|35|7|2|4|6|4|2|0|1|0
[Opponent] Kid & Killer ["ST24-002">ST24-002]: Trash Kid & Killer ["ST24-002">ST24-002]
[Opponent] Kid & Killer ["ST24-002">ST24-002]: Activate 1 Don
RZ1|125|2|Don|5|2|5|2|1|1|0|0|0
RZ1|CHK|125|2|35|7|2|4|6|4|2|0|1|0
Nami ["OP11-041">OP11-041][5000] vs Dracule Mihawk ["OP14-020">OP14-020][5000]
Dracule Mihawk ["OP14-020">OP14-020] hit for 1 damage
RZ1|126|2|OP13-040|3|3|1|7|1|1|0|0|0
RZ1|CHK|126|2|35|8|2|3|6|4|2|0|1|0
[] Drew card from deck: Doctor Hogback ["OP14-110">OP14-110]
RZ1|127|1|OP14-110|0|37|1|4|1|1|0|0|0
RZ1|CHK|127|1|37|5|3|3|5|5|2|0|1|0
[You] Nami ["OP11-041">OP11-041]: Draw 1 Card
RZ1|128|1|Don|5|4|9|9900|1|1|0|0|0
RZ1|CHK|128|1|37|5|3|3|5|4|2|0|1|1
[You] Attach 1 Don to Nami ["OP11-041">OP11-041] (1 Total)
[You] Zeus ["OP11-106">OP11-106] attacking Perona ["OP12-034">OP12-034]
[Opponent] Demonic Aura Nine-Sword Style Asura Dead Man's Game ["OP12-037">OP12-037]: Activate Counter
[Opponent] Demonic Aura Nine-Sword Style Asura Dead Man's Game ["OP12-037">OP12-037]: Rest 1 Don
RZ1|129|2|Don|5|2|5|2|1|1|1|0|0
RZ1|CHK|129|2|35|8|2|3|6|4|2|0|1|0
RZ1|130|2|OP12-037|1|1|6|2|1|1|0|0|0
RZ1|CHK|130|2|35|7|2|3|6|4|3|0|1|0
[Opponent] Demonic Aura Nine-Sword Style Asura Dead Man's Game ["OP12-037">OP12-037]: Buff Dracule Mihawk ["OP14-020">OP14-020] 3000 for the Combat
[Opponent] I Know You're Strong... So I'll Go All Out ["OP13-040">OP13-040]: Activate Counter
[Opponent] I Know You're Strong... So I'll Go All Out ["OP13-040">OP13-040]: Rest 1 Don
RZ1|131|2|Don|5|3|5|3|1|1|1|0|0
RZ1|CHK|131|2|35|7|2|3|6|4|3|0|1|0
RZ1|132|2|OP13-040|1|6|6|3|1|1|0|0|0
RZ1|CHK|132|2|35|6|2|3|6|4|4|0|1|0
[Opponent] I Know You're Strong... So I'll Go All Out ["OP13-040">OP13-040]: Buff Dracule Mihawk ["OP14-020">OP14-020] 3000 for the Combat
Zeus ["OP11-106">OP11-106][2000] vs Perona ["OP12-034">OP12-034][2000]
[Opponent] Perona ["OP12-034">OP12-034] Destroyed
RZ1|133|2|OP12-034|2|0|6|4|1|1|0|0|0
RZ1|CHK|133|2|35|6|1|3|6|4|5|0|1|0
[] Hand: [OP14-104,OP06-106,OP16-056,OP13-042,OP14-110]
[] Board: [OP14-102,OP11-106,OP06-104]
[] Trash: [OP15-113,EB03-053]
[] Life: 3
[] Hand: [ST24-004,ST24-004,OP13-031,OP13-031,OP13-031,EB01-015]
[] Trash: [OP12-034,ST24-002,OP12-037,OP13-040,OP12-034]
[] Board: [EB01-015]
[] Life: 3
[You] End Turn
[] Hand: [ST24-004,ST24-004,OP13-031,OP13-031,OP13-031,EB01-015]
[] Board: [EB01-015]
[] Trash: [OP12-034,ST24-002,OP12-037,OP13-040,OP12-034]
[] Life: 3
[] Hand: [OP14-104,OP06-106,OP16-056,OP13-042,OP14-110]
[] Trash: [OP15-113,EB03-053]
[] Board: [OP14-102,OP11-106,OP06-104]
[] Life: 3
[Opponent] Draw 1 Card
[] Drew card from deck: Jewelry Bonney ["OP07-026">OP07-026]
RZ1|134|2|OP07-026|0|34|1|6|1|1|0|0|0
RZ1|CHK|134|2|34|7|1|3|6|4|5|0|1|0
RZ1|135|2|Don|4|5|5|4|1|1|0|0|0
RZ1|CHK|135|2|34|7|1|3|5|5|5|0|1|0
RZ1|136|2|Don|4|4|5|5|1|1|0|0|0
RZ1|CHK|136|2|34|7|1|3|4|6|5|0|1|0
[Opponent] Draw 2 Don
RZ1|137|2|Don|5|0|5|0|1|1|1|0|0
RZ1|CHK|137|2|34|7|1|3|4|6|5|0|1|0
RZ1|138|2|Don|5|1|5|1|1|1|1|0|0
RZ1|CHK|138|2|34|7|1|3|4|6|5|0|1|0
RZ1|139|2|Don|5|2|5|2|1|1|1|0|0
RZ1|CHK|139|2|34|7|1|3|4|6|5|0|1|0
RZ1|140|2|Don|5|3|5|3|1|1|1|0|0
RZ1|CHK|140|2|34|7|1|3|4|6|5|0|1|0
RZ1|141|2|Don|5|4|5|4|1|1|1|0|0
RZ1|CHK|141|2|34|7|1|3|4|6|5|0|1|0
RZ1|142|2|Don|5|5|5|5|1|1|1|0|0
RZ1|CHK|142|2|34|7|1|3|4|6|5|0|1|0
[Opponent] Deploy Trafalgar Law ["OP13-031">OP13-031]
RZ1|143|2|OP13-031|1|2|2|1|1|1|0|0|0
RZ1|CHK|143|2|34|6|2|3|4|6|5|0|1|0
[Opponent] Trafalgar Law ["OP13-031">OP13-031]: Return Scratchmen Apoo ["EB01-015">EB01-015] to Hand
RZ1|144|2|EB01-015|2|0|1|6|1|1|0|0|0
RZ1|CHK|144|2|34|7|1|3|4|6|5|0|1|0
RZ1|145|2|EB01-015|1|4|2|1|1|1|1|0|0
RZ1|CHK|145|2|34|6|2|3|4|6|5|0|1|0
[Opponent] Trafalgar Law ["OP13-031">OP13-031]: Deploy Scratchmen Apoo ["EB01-015">EB01-015]
[Opponent] Scratchmen Apoo ["EB01-015">EB01-015]: Rest Kumacy ["OP14-102">OP14-102]
[Opponent] Dracule Mihawk ["OP14-020">OP14-020] attacking Nami ["OP11-041">OP11-041]
RZ1|146|1|OP14-110|1|4|6|2|1|1|0|0|0
RZ1|CHK|146|1|37|4|3|3|5|4|3|0|1|1
[You] Nami ["OP11-041">OP11-041]: Trash Doctor Hogback ["OP14-110">OP14-110]
[You] Nami ["OP11-041">OP11-041]: Buff Nami ["OP11-041">OP11-041] 2000
Dracule Mihawk ["OP14-020">OP14-020][5000] vs Nami ["OP11-041">OP11-041][7000]
Attack Fails
[] Hand: [ST24-004,ST24-004,OP13-031,OP13-031,OP07-026,EB01-015]
[] Board: [OP13-031,EB01-015]
[] Trash: [OP12-034,ST24-002,OP12-037,OP13-040,OP12-034]
[] Life: 3
[] Hand: [OP14-104,OP06-106,OP16-056,OP13-042]
[] Trash: [OP15-113,EB03-053,OP14-110]
[] Board: [OP14-102,OP11-106,OP06-104]
[] Life: 3
[Opponent] End Turn
[] Hand: [OP14-104,OP06-106,OP16-056,OP13-042]
[] Board: [OP14-102,OP11-106,OP06-104]
[] Trash: [OP15-113,EB03-053,OP14-110]
[] Life: 3
[] Hand: [ST24-004,ST24-004,OP13-031,OP13-031,OP07-026,EB01-015]
[] Trash: [OP12-034,ST24-002,OP12-037,OP13-040,OP12-034]
[] Board: [OP13-031,EB01-015]
[] Life: 3
RZ1|147|1|Don|9|9900|5|0|1|1|1|0|0
RZ1|CHK|147|1|37|4|3|3|5|5|3|0|1|0
[You] Draw 1 Card
[] Drew card from deck: Kikunojo ["OP06-104">OP06-104]
RZ1|148|1|OP06-104|0|36|1|4|1|1|0|0|0
RZ1|CHK|148|1|36|5|3|3|5|5|3|0|1|0
RZ1|149|1|Don|4|4|5|5|1|1|0|0|0
RZ1|CHK|149|1|36|5|3|3|4|6|3|0|1|0
RZ1|150|1|Don|4|3|5|6|1|1|0|0|0
RZ1|CHK|150|1|36|5|3|3|3|7|3|0|1|0
[You] Draw 2 Don
RZ1|151|1|Don|5|0|5|0|1|1|1|0|0
RZ1|CHK|151|1|36|5|3|3|3|7|3|0|1|0
RZ1|152|1|Don|5|1|5|1|1|1|1|0|0
RZ1|CHK|152|1|36|5|3|3|3|7|3|0|1|0
RZ1|153|1|Don|5|2|5|2|1|1|1|0|0
RZ1|CHK|153|1|36|5|3|3|3|7|3|0|1|0
RZ1|154|1|Don|5|3|5|3|1|1|1|0|0
RZ1|CHK|154|1|36|5|3|3|3|7|3|0|1|0
[You] Deploy Kikunojo ["OP06-104">OP06-104]
RZ1|155|1|OP06-104|1|4|2|3|1|1|0|0|0
RZ1|CHK|155|1|36|4|4|3|3|7|3|0|1|0
[You] Nami ["OP11-041">OP11-041] attacking Dracule Mihawk ["OP14-020">OP14-020]
[Opponent] Discard Jewelry Bonney ["OP07-026">OP07-026] for Counter 1000
RZ1|156|2|OP07-026|1|4|6|5|1|1|0|0|0
RZ1|CHK|156|2|34|5|2|3|4|6|6|0|1|0
Nami ["OP11-041">OP11-041][5000] vs Dracule Mihawk ["OP14-020">OP14-020][6000]
Attack Fails
[You] Kikunojo ["OP06-104">OP06-104] attacking Dracule Mihawk ["OP14-020">OP14-020]
[Opponent] Discard Scratchmen Apoo ["EB01-015">EB01-015] for Counter 2000
RZ1|157|2|EB01-015|1|4|6|6|1|1|0|0|0
RZ1|CHK|157|2|34|4|2|3|4|6|7|0|1|0
Kikunojo ["OP06-104">OP06-104][6000] vs Dracule Mihawk ["OP14-020">OP14-020][7000]
Attack Fails
RZ1|158|1|Don|5|4|9|0|1|1|0|0|0
RZ1|CHK|158|1|36|4|4|3|3|6|3|0|1|1
RZ1|159|1|Don|5|4|9|1|1|1|0|0|0
RZ1|CHK|159|1|36|4|4|3|3|5|3|0|1|2
RZ1|160|1|Don|5|4|9|2|1|1|0|0|0
RZ1|CHK|160|1|36|4|4|3|3|4|3|0|1|3
[You] Attach 3 Don to Kumacy ["OP14-102">OP14-102] (3 Total)
[You] Kumacy ["OP14-102">OP14-102] attacking Dracule Mihawk ["OP14-020">OP14-020]
Kumacy ["OP14-102">OP14-102][5000] vs Dracule Mihawk ["OP14-020">OP14-020][5000]
Dracule Mihawk ["OP14-020">OP14-020] hit for 1 damage
RZ1|161|2|OP14-119|3|2|1|4|1|1|0|0|0
RZ1|CHK|161|2|34|5|2|2|4|6|7|0|1|0
[] Drew card from deck: Edward Newgate ["OP13-042">OP13-042]
RZ1|162|1|OP13-042|0|35|1|4|1|1|0|0|0
RZ1|CHK|162|1|35|5|4|3|3|4|3|0|1|3
[You] Nami ["OP11-041">OP11-041]: Draw 1 Card
[You] Zeus ["OP11-106">OP11-106] attacking Scratchmen Apoo ["EB01-015">EB01-015]
Zeus ["OP11-106">OP11-106][2000] vs Scratchmen Apoo ["EB01-015">EB01-015][1000]
[Opponent] Scratchmen Apoo ["EB01-015">EB01-015] Destroyed
RZ1|163|2|EB01-015|2|1|6|7|1|1|0|0|0
RZ1|CHK|163|2|34|5|1|2|4|6|8|0|1|0
[] Hand: [OP14-104,OP06-106,OP16-056,OP13-042,OP13-042]
[] Board: [OP14-102,OP11-106,OP06-104,OP06-104]
[] Trash: [OP15-113,EB03-053,OP14-110]
[] Life: 3
[] Hand: [ST24-004,ST24-004,OP13-031,OP13-031,OP14-119]
[] Trash: [OP12-034,ST24-002,OP12-037,OP13-040,OP12-034,OP07-026,EB01-015,EB01-015]
[] Board: [OP13-031]
[] Life: 2
[You] End Turn
[] Hand: [ST24-004,ST24-004,OP13-031,OP13-031,OP14-119]
[] Board: [OP13-031]
[] Trash: [OP12-034,ST24-002,OP12-037,OP13-040,OP12-034,OP07-026,EB01-015,EB01-015]
[] Life: 2
[] Hand: [OP14-104,OP06-106,OP16-056,OP13-042,OP13-042]
[] Trash: [OP15-113,EB03-053,OP14-110]
[] Board: [OP14-102,OP11-106,OP06-104,OP06-104]
[] Life: 3
[Opponent] Draw 1 Card
[] Drew card from deck: Jewelry Bonney ["OP12-118">OP12-118]
RZ1|164|2|OP12-118|0|33|1|5|1|1|0|0|0
RZ1|CHK|164|2|33|6|1|2|4|6|8|0|1|0
RZ1|165|2|Don|4|3|5|6|1|1|0|0|0
RZ1|CHK|165|2|33|6|1|2|3|7|8|0|1|0
RZ1|166|2|Don|4|2|5|7|1|1|0|0|0
RZ1|CHK|166|2|33|6|1|2|2|8|8|0|1|0
[Opponent] Draw 2 Don
RZ1|167|2|Don|5|0|5|0|1|1|1|0|0
RZ1|CHK|167|2|33|6|1|2|2|8|8|0|1|0
RZ1|168|2|Don|5|1|5|1|1|1|1|0|0
RZ1|CHK|168|2|33|6|1|2|2|8|8|0|1|0
RZ1|169|2|Don|5|2|5|2|1|1|1|0|0
RZ1|CHK|169|2|33|6|1|2|2|8|8|0|1|0
RZ1|170|2|Don|5|3|5|3|1|1|1|0|0
RZ1|CHK|170|2|33|6|1|2|2|8|8|0|1|0
RZ1|171|2|Don|5|4|5|4|1|1|1|0|0
RZ1|CHK|171|2|33|6|1|2|2|8|8|0|1|0
RZ1|172|2|Don|5|5|5|5|1|1|1|0|0
RZ1|CHK|172|2|33|6|1|2|2|8|8|0|1|0
[Opponent] Deploy Trafalgar Law ["OP13-031">OP13-031]
RZ1|173|2|OP13-031|1|2|2|1|1|1|0|0|0
RZ1|CHK|173|2|33|5|2|2|2|8|8|0|1|0
[Opponent] Trafalgar Law ["OP13-031">OP13-031]: Return Trafalgar Law ["OP13-031">OP13-031] to Hand
RZ1|174|2|OP13-031|2|0|1|5|1|1|0|0|0
RZ1|CHK|174|2|33|6|1|2|2|8|8|0|1|0
RZ1|175|2|OP12-118|1|4|2|1|1|1|1|0|0
RZ1|CHK|175|2|33|5|2|2|2|8|8|0|1|0
[Opponent] Trafalgar Law ["OP13-031">OP13-031]: Deploy Jewelry Bonney ["OP12-118">OP12-118]
RZ1|176|2|Don|5|6|9|9900|1|1|0|0|0
RZ1|CHK|176|2|33|5|2|2|2|7|8|0|1|1
[Opponent] Attach 1 Don to Dracule Mihawk ["OP14-020">OP14-020] (1 Total)
[Opponent] Dracule Mihawk ["OP14-020">OP14-020] attacking Nami ["OP11-041">OP11-041]
[You] Discard Kouzuki Hiyori ["OP06-106">OP06-106] for Counter 2000
RZ1|177|1|OP06-106|1|1|6|3|1|1|0|0|0
RZ1|CHK|177|1|35|4|4|3|3|4|4|0|1|3
Dracule Mihawk ["OP14-020">OP14-020][6000] vs Nami ["OP11-041">OP11-041][7000]
Attack Fails
[] Hand: [ST24-004,ST24-004,OP13-031,OP14-119,OP13-031]
[] Board: [OP13-031,OP12-118]
[] Trash: [OP12-034,ST24-002,OP12-037,OP13-040,OP12-034,OP07-026,EB01-015,EB01-015]
[] Life: 2
[] Hand: [OP14-104,OP16-056,OP13-042,OP13-042]
[] Trash: [OP15-113,EB03-053,OP14-110,OP06-106]
[] Board: [OP14-102,OP11-106,OP06-104,OP06-104]
[] Life: 3
[Opponent] End Turn
[] Hand: [OP14-104,OP16-056,OP13-042,OP13-042]
[] Board: [OP14-102,OP11-106,OP06-104,OP06-104]
[] Trash: [OP15-113,EB03-053,OP14-110,OP06-106]
[] Life: 3
[] Hand: [ST24-004,ST24-004,OP13-031,OP14-119,OP13-031]
[] Trash: [OP12-034,ST24-002,OP12-037,OP13-040,OP12-034,OP07-026,EB01-015,EB01-015]
[] Board: [OP13-031,OP12-118]
[] Life: 2
RZ1|178|1|Don|9|0|5|0|1|1|1|0|0
RZ1|CHK|178|1|35|4|4|3|3|5|4|0|1|2
RZ1|179|1|Don|9|0|5|0|1|1|1|0|0
RZ1|CHK|179|1|35|4|4|3|3|6|4|0|1|1
RZ1|180|1|Don|9|0|5|0|1|1|1|0|0
RZ1|CHK|180|1|35|4|4|3|3|7|4|0|1|0
[You] Draw 1 Card
[] Drew card from deck: Marco ["PRB02-008">PRB02-008]
RZ1|181|1|PRB02-008|0|34|1|4|1|1|0|0|0
RZ1|CHK|181|1|34|5|4|3|3|7|4|0|1|0
RZ1|182|1|Don|4|2|5|7|1|1|0|0|0
RZ1|CHK|182|1|34|5|4|3|2|8|4|0|1|0
RZ1|183|1|Don|4|1|5|8|1|1|0|0|0
RZ1|CHK|183|1|34|5|4|3|1|9|4|0|1|0
[You] Draw 2 Don
[You] Nami ["OP11-041">OP11-041] attacking Dracule Mihawk ["OP14-020">OP14-020]
Nami ["OP11-041">OP11-041][5000] vs Dracule Mihawk ["OP14-020">OP14-020][5000]
Dracule Mihawk ["OP14-020">OP14-020] hit for 1 damage
RZ1|184|2|OP14-119|3|1|1|5|1|1|0|0|0
RZ1|CHK|184|2|33|6|2|1|2|7|8|0|1|1
[] Drew card from deck: Perona ["OP14-111">OP14-111]
RZ1|185|1|OP14-111|0|33|1|5|1|1|0|0|0
RZ1|CHK|185|1|33|6|4|3|1|9|4|0|1|0
[You] Nami ["OP11-041">OP11-041]: Draw 1 Card
[You] Kikunojo ["OP06-104">OP06-104] attacking Jewelry Bonney ["OP12-118">OP12-118]
Kikunojo ["OP06-104">OP06-104][6000] vs Jewelry Bonney ["OP12-118">OP12-118][6000]
[Opponent] Jewelry Bonney ["OP12-118">OP12-118] Destroyed
RZ1|186|2|OP12-118|2|1|6|8|1|1|0|0|0
RZ1|CHK|186|2|33|6|1|1|2|7|9|0|1|1
[You] Kikunojo ["OP06-104">OP06-104] attacking Dracule Mihawk ["OP14-020">OP14-020]
Kikunojo ["OP06-104">OP06-104][6000] vs Dracule Mihawk ["OP14-020">OP14-020][5000]
Dracule Mihawk ["OP14-020">OP14-020] hit for 1 damage
RZ1|187|2|ST24-002|3|0|1|6|1|1|0|0|0
RZ1|CHK|187|2|33|7|1|0|2|7|9|0|1|1
RZ1|188|1|Don|5|0|5|0|1|1|1|0|0
RZ1|CHK|188|1|33|6|4|3|1|9|4|0|1|0
RZ1|189|1|Don|5|1|5|1|1|1|1|0|0
RZ1|CHK|189|1|33|6|4|3|1|9|4|0|1|0
RZ1|190|1|Don|5|2|5|2|1|1|1|0|0
RZ1|CHK|190|1|33|6|4|3|1|9|4|0|1|0
RZ1|191|1|Don|5|3|5|3|1|1|1|0|0
RZ1|CHK|191|1|33|6|4|3|1|9|4|0|1|0
[You] Deploy Perona ["OP14-111">OP14-111]
RZ1|192|1|OP14-111|1|5|2|4|1|1|0|0|0
RZ1|CHK|192|1|33|5|5|3|1|9|4|0|1|0
[You] Perona ["OP14-111">OP14-111]: Trafalgar Law ["OP13-031">OP13-031] can't attack next turn
RZ1|193|1|Don|5|4|5|4|1|1|1|0|0
RZ1|CHK|193|1|33|5|5|3|1|9|4|0|1|0
RZ1|194|1|Don|5|5|5|5|1|1|1|0|0
RZ1|CHK|194|1|33|5|5|3|1|9|4|0|1|0
RZ1|195|1|Don|5|6|5|6|1|1|1|0|0
RZ1|CHK|195|1|33|5|5|3|1|9|4|0|1|0
RZ1|196|1|Don|5|7|5|7|1|1|1|0|0
RZ1|CHK|196|1|33|5|5|3|1|9|4|0|1|0
[You] Trash Zeus ["OP11-106">OP11-106]
[You] Deploy Marco ["PRB02-008">PRB02-008]
RZ1|197|1|OP11-106|2|1|6|4|1|1|0|0|0
RZ1|CHK|197|1|33|5|4|3|1|9|5|0|1|0
RZ1|198|1|PRB02-008|1|4|2|4|1|1|0|0|0
RZ1|CHK|198|1|33|4|5|3|1|9|5|0|1|0
RZ1|199|1|Don|5|8|9|9900|1|1|0|0|0
RZ1|CHK|199|1|33|4|5|3|1|8|5|0|1|1
[You] Attach 1 Don to Nami ["OP11-041">OP11-041] (1 Total)
[] Hand: [OP14-104,OP16-056,OP13-042,OP13-042]
[] Board: [OP14-102,OP06-104,OP06-104,OP14-111,PRB02-008]
[] Trash: [OP15-113,EB03-053,OP14-110,OP06-106,OP11-106]
[] Life: 3
[] Hand: [ST24-004,ST24-004,OP13-031,OP14-119,OP13-031,OP14-119,ST24-002]
[] Trash: [OP12-034,ST24-002,OP12-037,OP13-040,OP12-034,OP07-026,EB01-015,EB01-015,OP12-118]
[] Board: [OP13-031]
[] Life: 0
[You] End Turn
[] Hand: [ST24-004,ST24-004,OP13-031,OP14-119,OP13-031,OP14-119,ST24-002]
[] Board: [OP13-031]
[] Trash: [OP12-034,ST24-002,OP12-037,OP13-040,OP12-034,OP07-026,EB01-015,EB01-015,OP12-118]
[] Life: 0
[] Hand: [OP14-104,OP16-056,OP13-042,OP13-042]
[] Trash: [OP15-113,EB03-053,OP14-110,OP06-106,OP11-106]
[] Board: [OP14-102,OP06-104,OP06-104,OP14-111,PRB02-008]
[] Life: 3
RZ1|200|2|Don|9|9900|5|0|1|1|1|0|0
RZ1|CHK|200|2|33|7|1|0|2|8|9|0|1|0
[Opponent] Draw 1 Card
[] Drew card from deck: Roronoa Zoro ["PRB02-006">PRB02-006]
RZ1|201|2|PRB02-006|0|32|1|7|1|1|0|0|0
RZ1|CHK|201|2|32|8|1|0|2|8|9|0|1|0
RZ1|202|2|Don|4|1|5|8|1|1|0|0|0
RZ1|CHK|202|2|32|8|1|0|1|9|9|0|1|0
RZ1|203|2|Don|4|0|5|9|1|1|0|0|0
RZ1|CHK|203|2|32|8|1|0|0|10|9|0|1|0
[Opponent] Draw 2 Don
RZ1|204|2|Don|5|0|5|0|1|1|1|0|0
RZ1|CHK|204|2|32|8|1|0|0|10|9|0|1|0
RZ1|205|2|Don|5|1|5|1|1|1|1|0|0
RZ1|CHK|205|2|32|8|1|0|0|10|9|0|1|0
RZ1|206|2|Don|5|2|5|2|1|1|1|0|0
RZ1|CHK|206|2|32|8|1|0|0|10|9|0|1|0
RZ1|207|2|Don|5|3|5|3|1|1|1|0|0
RZ1|CHK|207|2|32|8|1|0|0|10|9|0|1|0
RZ1|208|2|Don|5|4|5|4|1|1|1|0|0
RZ1|CHK|208|2|32|8|1|0|0|10|9|0|1|0
RZ1|209|2|Don|5|5|5|5|1|1|1|0|0
RZ1|CHK|209|2|32|8|1|0|0|10|9|0|1|0
RZ1|210|2|Don|5|6|5|6|1|1|1|0|0
RZ1|CHK|210|2|32|8|1|0|0|10|9|0|1|0
RZ1|211|2|Don|5|7|5|7|1|1|1|0|0
RZ1|CHK|211|2|32|8|1|0|0|10|9|0|1|0
RZ1|212|2|Don|5|8|5|8|1|1|1|0|0
RZ1|CHK|212|2|32|8|1|0|0|10|9|0|1|0
RZ1|213|2|Don|5|9|5|9|1|1|1|0|0
RZ1|CHK|213|2|32|8|1|0|0|10|9|0|1|0
[Opponent] Deploy Law & Bepo ["ST24-004">ST24-004]
RZ1|214|2|ST24-004|1|0|2|1|1|1|0|0|0
RZ1|CHK|214|2|32|7|2|0|0|10|9|0|1|0
[Opponent] Law & Bepo ["ST24-004">ST24-004]: Rest Marco ["PRB02-008">PRB02-008]
[Opponent] Law & Bepo ["ST24-004">ST24-004]: Marco ["PRB02-008">PRB02-008] will not Activate during next Refresh
[Opponent] Law & Bepo ["ST24-004">ST24-004]: Grant Dracule Mihawk ["OP14-020">OP14-020] 2000 until opponent's next turn end
[Opponent] Dracule Mihawk ["OP14-020">OP14-020] attacking Nami ["OP11-041">OP11-041]
RZ1|215|1|OP16-056|1|1|6|5|1|1|0|0|0
RZ1|CHK|215|1|33|3|5|3|1|8|6|0|1|1
[You] Nami ["OP11-041">OP11-041]: Trash Mr. 3 (Galdino) ["OP16-056">OP16-056]
[You] Nami ["OP11-041">OP11-041]: Buff Nami ["OP11-041">OP11-041] 2000
Dracule Mihawk ["OP14-020">OP14-020][7000] vs Nami ["OP11-041">OP11-041][7000]
Nami ["OP11-041">OP11-041] hit for 1 damage
RZ1|216|1|OP14-104|3|2|1|3|1|1|0|0|0
RZ1|CHK|216|1|33|4|5|2|1|8|6|0|1|1
[You] Gecko Moria ["OP14-104">OP14-104]: Activate Trigger
RZ1|217|1|OP14-104|1|3|6|6|1|1|0|0|0
RZ1|CHK|217|1|33|3|5|2|1|8|7|0|1|1
RZ1|218|1|OP14-102|2|0|6|7|1|1|0|0|0
RZ1|CHK|218|1|33|3|4|2|1|8|8|0|1|1
[You] Trash Kumacy ["OP14-102">OP14-102]
[You] Gecko Moria ["OP14-104">OP14-104]: Deployed Mr. 3 (Galdino) ["OP16-056">OP16-056] from Trash
RZ1|219|1|OP16-056|6|5|2|4|1|1|0|0|0
RZ1|CHK|219|1|33|3|5|2|1|8|7|0|1|1
[Opponent] Trafalgar Law ["OP13-031">OP13-031] is no longer blocked from attacking
[] Hand: [ST24-004,OP13-031,OP14-119,OP13-031,OP14-119,ST24-002,PRB02-006]
[] Board: [OP13-031,ST24-004]
[] Trash: [OP12-034,ST24-002,OP12-037,OP13-040,OP12-034,OP07-026,EB01-015,EB01-015,OP12-118]
[] Life: 0
[] Hand: [OP14-104,OP13-042,OP13-042]
[] Trash: [OP15-113,EB03-053,OP14-110,OP06-106,OP11-106,OP14-104,OP14-102]
[] Board: [OP06-104,OP06-104,OP14-111,PRB02-008,OP16-056]
[] Life: 2
[Opponent] End Turn
[] Hand: [OP14-104,OP13-042,OP13-042]
[] Board: [OP06-104,OP06-104,OP14-111,PRB02-008,OP16-056]
[] Trash: [OP15-113,EB03-053,OP14-110,OP06-106,OP11-106,OP14-104,OP14-102]
[] Life: 2
[] Hand: [ST24-004,OP13-031,OP14-119,OP13-031,OP14-119,ST24-002,PRB02-006]
[] Trash: [OP12-034,ST24-002,OP12-037,OP13-040,OP12-034,OP07-026,EB01-015,EB01-015,OP12-118]
[] Board: [OP13-031,ST24-004]
[] Life: 0
RZ1|220|1|Don|9|9900|5|0|1|1|1|0|0
RZ1|CHK|220|1|33|3|5|2|1|9|7|0|1|0
[You] Draw 1 Card
[] Drew card from deck: Doctor Hogback ["OP14-110">OP14-110]
RZ1|221|1|OP14-110|0|32|1|3|1|1|0|0|0
RZ1|CHK|221|1|32|4|5|2|1|9|7|0|1|0
RZ1|222|1|Don|4|0|5|9|1|1|0|0|0
RZ1|CHK|222|1|32|4|5|2|0|10|7|0|1|0
[You] Draw 2 Don
RZ1|223|1|Don|5|0|5|0|1|1|1|0|0
RZ1|CHK|223|1|32|4|5|2|0|10|7|0|1|0
RZ1|224|1|Don|5|1|5|1|1|1|1|0|0
RZ1|CHK|224|1|32|4|5|2|0|10|7|0|1|0
RZ1|225|1|Don|5|2|5|2|1|1|1|0|0
RZ1|CHK|225|1|32|4|5|2|0|10|7|0|1|0
RZ1|226|1|Don|5|3|5|3|1|1|1|0|0
RZ1|CHK|226|1|32|4|5|2|0|10|7|0|1|0
RZ1|227|1|Don|5|4|5|4|1|1|1|0|0
RZ1|CHK|227|1|32|4|5|2|0|10|7|0|1|0
RZ1|228|1|Don|5|5|5|5|1|1|1|0|0
RZ1|CHK|228|1|32|4|5|2|0|10|7|0|1|0
RZ1|229|1|Don|5|6|5|6|1|1|1|0|0
RZ1|CHK|229|1|32|4|5|2|0|10|7|0|1|0
RZ1|230|1|Don|5|7|5|7|1|1|1|0|0
RZ1|CHK|230|1|32|4|5|2|0|10|7|0|1|0
RZ1|231|1|Don|5|8|5|8|1|1|1|0|0
RZ1|CHK|231|1|32|4|5|2|0|10|7|0|1|0
RZ1|232|1|Don|5|9|5|9|1|1|1|0|0
RZ1|CHK|232|1|32|4|5|2|0|10|7|0|1|0
[You] Trash Kikunojo ["OP06-104">OP06-104]
[You] Deploy Edward Newgate ["OP13-042">OP13-042]
RZ1|233|1|OP06-104|2|0|6|7|1|1|0|0|0
RZ1|CHK|233|1|32|4|4|2|0|10|8|0|1|0
RZ1|234|1|OP13-042|1|1|2|4|1|1|0|0|0
RZ1|CHK|234|1|32|3|5|2|0|10|8|0|1|0
[] Drew card from deck: Gecko Moria ["OP14-104">OP14-104]
RZ1|235|1|OP14-104|0|31|1|3|1|1|0|0|0
RZ1|CHK|235|1|31|4|5|2|0|10|8|0|1|0
[] Drew card from deck: Kumacy ["OP14-102">OP14-102]
RZ1|236|1|OP14-102|0|30|1|4|1|1|0|0|0
RZ1|CHK|236|1|30|5|5|2|0|10|8|0|1|0
[You] Edward Newgate ["OP13-042">OP13-042]: Draw 2 Card
RZ1|237|1|OP14-110|1|2|6|8|1|1|0|0|0
RZ1|CHK|237|1|30|4|5|2|0|10|9|0|1|0
[You] Edward Newgate ["OP13-042">OP13-042]: Trash Doctor Hogback ["OP14-110">OP14-110]
[You] Edward Newgate ["OP13-042">OP13-042]: Attach 1 Rested Don to Nami ["OP11-041">OP11-041]
RZ1|238|1|Don|5|0|9|9900|1|1|1|0|0
RZ1|CHK|238|1|30|4|5|2|0|9|9|0|1|1
[You] Edward Newgate ["OP13-042">OP13-042]: Attach 1 Rested Don to Nami ["OP11-041">OP11-041]
RZ1|239|1|Don|5|0|9|9901|1|1|1|0|0
RZ1|CHK|239|1|30|4|5|2|0|8|9|0|1|2
[You] Edward Newgate ["OP13-042">OP13-042]: Attach 1 Rested Don to Kikunojo ["OP06-104">OP06-104]
RZ1|240|1|Don|5|0|9|0|1|1|1|0|0
RZ1|CHK|240|1|30|4|5|2|0|7|9|0|1|3
[You] Edward Newgate ["OP13-042">OP13-042]: Attach 1 Rested Don to Kikunojo ["OP06-104">OP06-104]
RZ1|241|1|Don|5|0|9|1|1|1|1|0|0
RZ1|CHK|241|1|30|4|5|2|0|6|9|0|1|4
RZ1|242|1|OP16-056|2|3|6|9|1|1|0|0|0
RZ1|CHK|242|1|30|4|4|2|0|6|10|0|1|4
[You] Mr. 3 (Galdino) ["OP16-056">OP16-056]: Trash Mr. 3 (Galdino) ["OP16-056">OP16-056]
[] Drew card from deck: Nami ["EB03-053">EB03-053]
RZ1|243|1|EB03-053|0|29|1|4|1|1|0|0|0
RZ1|CHK|243|1|29|5|4|2|0|6|10|0|1|4
[] Drew card from deck: Marshall D. Teach ["OP16-119">OP16-119]
RZ1|244|1|OP16-119|0|28|1|5|1|1|0|0|0
RZ1|CHK|244|1|28|6|4|2|0|6|10|0|1|4
[You] Mr. 3 (Galdino) ["OP16-056">OP16-056]: Draw 2 Card
[You] Mr. 3 (Galdino) ["OP16-056">OP16-056]: Trafalgar Law ["OP13-031">OP13-031] can't attack next turn
[You] Nami ["OP11-041">OP11-041] attacking Dracule Mihawk ["OP14-020">OP14-020]
[Opponent] Trafalgar Law ["OP13-031">OP13-031] Blocks
[Opponent] Discard Roronoa Zoro ["PRB02-006">PRB02-006] for Counter 2000
RZ1|245|2|PRB02-006|1|6|6|9|1|1|0|0|0
RZ1|CHK|245|2|32|6|2|0|0|10|10|0|1|0
Nami ["OP11-041">OP11-041][7000] vs Trafalgar Law ["OP13-031">OP13-031][8000]
Attack Fails
[You] Kikunojo ["OP06-104">OP06-104] attacking Trafalgar Law ["OP13-031">OP13-031]
Kikunojo ["OP06-104">OP06-104][8000] vs Trafalgar Law ["OP13-031">OP13-031][6000]
[Opponent] Trafalgar Law ["OP13-031">OP13-031] Destroyed
RZ1|246|2|OP13-031|2|0|6|10|1|1|0|0|0
RZ1|CHK|246|2|32|6|1|0|0|10|11|0|1|0
[] Hand: [OP14-104,OP13-042,OP14-104,OP14-102,EB03-053,OP16-119]
[] Board: [OP06-104,OP14-111,PRB02-008,OP13-042]
[] Trash: [OP15-113,EB03-053,OP14-110,OP06-106,OP11-106,OP14-104,OP14-102,OP06-104,OP14-110,OP16-056]
[] Life: 2
[] Hand: [ST24-004,OP13-031,OP14-119,OP13-031,OP14-119,ST24-002]
[] Trash: [OP12-034,ST24-002,OP12-037,OP13-040,OP12-034,OP07-026,EB01-015,EB01-015,OP12-118,PRB02-006,OP13-031]
[] Board: [ST24-004]
[] Life: 0
[You] End Turn
[] Hand: [ST24-004,OP13-031,OP14-119,OP13-031,OP14-119,ST24-002]
[] Board: [ST24-004]
[] Trash: [OP12-034,ST24-002,OP12-037,OP13-040,OP12-034,OP07-026,EB01-015,EB01-015,OP12-118,PRB02-006,OP13-031]
[] Life: 0
[] Hand: [OP14-104,OP13-042,OP14-104,OP14-102,EB03-053,OP16-119]
[] Trash: [OP15-113,EB03-053,OP14-110,OP06-106,OP11-106,OP14-104,OP14-102,OP06-104,OP14-110,OP16-056]
[] Board: [OP06-104,OP14-111,PRB02-008,OP13-042]
[] Life: 2
[Opponent] Draw 1 Card
[] Drew card from deck: Billion-fold World Trichiliocosm ["OP06-038">OP06-038]
RZ1|247|2|OP06-038|0|31|1|6|1|1|0|0|0
RZ1|CHK|247|2|31|7|1|0|0|10|11|0|1|0
RZ1|248|2|Don|5|0|5|0|1|1|1|0|0
RZ1|CHK|248|2|31|7|1|0|0|10|11|0|1|0
RZ1|249|2|Don|5|1|5|1|1|1|1|0|0
RZ1|CHK|249|2|31|7|1|0|0|10|11|0|1|0
RZ1|250|2|Don|5|2|5|2|1|1|1|0|0
RZ1|CHK|250|2|31|7|1|0|0|10|11|0|1|0
RZ1|251|2|Don|5|3|5|3|1|1|1|0|0
RZ1|CHK|251|2|31|7|1|0|0|10|11|0|1|0
RZ1|252|2|Don|5|4|5|4|1|1|1|0|0
RZ1|CHK|252|2|31|7|1|0|0|10|11|0|1|0
RZ1|253|2|Don|5|5|5|5|1|1|1|0|0
RZ1|CHK|253|2|31|7|1|0|0|10|11|0|1|0
RZ1|254|2|Don|5|6|5|6|1|1|1|0|0
RZ1|CHK|254|2|31|7|1|0|0|10|11|0|1|0
RZ1|255|2|Don|5|7|5|7|1|1|1|0|0
RZ1|CHK|255|2|31|7|1|0|0|10|11|0|1|0
RZ1|256|2|Don|5|8|5|8|1|1|1|0|0
RZ1|CHK|256|2|31|7|1|0|0|10|11|0|1|0
RZ1|257|2|Don|5|9|5|9|1|1|1|0|0
RZ1|CHK|257|2|31|7|1|0|0|10|11|0|1|0
[Opponent] Deploy Law & Bepo ["ST24-004">ST24-004]
RZ1|258|2|ST24-004|1|0|2|1|1|1|0|0|0
RZ1|CHK|258|2|31|6|2|0|0|10|11|0|1|0
[Opponent] Law & Bepo ["ST24-004">ST24-004]: Rest Edward Newgate ["OP13-042">OP13-042]
[Opponent] Law & Bepo ["ST24-004">ST24-004]: Edward Newgate ["OP13-042">OP13-042] will not Activate during next Refresh
[Opponent] Law & Bepo ["ST24-004">ST24-004]: Grant Dracule Mihawk ["OP14-020">OP14-020] 2000 until opponent's next turn end
[Opponent] Dracule Mihawk ["OP14-020">OP14-020] attacking Nami ["OP11-041">OP11-041]
RZ1|259|1|EB03-053|1|4|6|10|1|1|0|0|0
RZ1|CHK|259|1|28|5|4|2|0|6|11|0|1|4
[You] Nami ["OP11-041">OP11-041]: Trash Nami ["EB03-053">EB03-053]
[You] Nami ["OP11-041">OP11-041]: Buff Nami ["OP11-041">OP11-041] 2000
[You] Discard Kumacy ["OP14-102">OP14-102] for Counter 2000
RZ1|260|1|OP14-102|1|3|6|11|1|1|0|0|0
RZ1|CHK|260|1|28|4|4|2|0|6|12|0|1|4
Dracule Mihawk ["OP14-020">OP14-020][7000] vs Nami ["OP11-041">OP11-041][9000]
Attack Fails
[Opponent] Law & Bepo ["ST24-004">ST24-004] attacking Nami ["OP11-041">OP11-041]
Law & Bepo ["ST24-004">ST24-004][11000] vs Nami ["OP11-041">OP11-041][7000]
Nami ["OP11-041">OP11-041] hit for 1 damage
RZ1|261|1|EB03-055|3|1|1|4|1|1|0|0|0
RZ1|CHK|261|1|28|5|4|1|0|6|12|0|1|4
[] Hand: [OP13-031,OP14-119,OP13-031,OP14-119,ST24-002,OP06-038]
[] Board: [ST24-004,ST24-004]
[] Trash: [OP12-034,ST24-002,OP12-037,OP13-040,OP12-034,OP07-026,EB01-015,EB01-015,OP12-118,PRB02-006,OP13-031]
[] Life: 0
[] Hand: [OP14-104,OP13-042,OP14-104,OP16-119,EB03-055]
[] Trash: [OP15-113,EB03-053,OP14-110,OP06-106,OP11-106,OP14-104,OP14-102,OP06-104,OP14-110,OP16-056,EB03-053,OP14-102]
[] Board: [OP06-104,OP14-111,PRB02-008,OP13-042]
[] Life: 1
[Opponent] End Turn
[] Hand: [OP14-104,OP13-042,OP14-104,OP16-119,EB03-055]
[] Board: [OP06-104,OP14-111,PRB02-008,OP13-042]
[] Trash: [OP15-113,EB03-053,OP14-110,OP06-106,OP11-106,OP14-104,OP14-102,OP06-104,OP14-110,OP16-056,EB03-053,OP14-102]
[] Life: 1
[] Hand: [OP13-031,OP14-119,OP13-031,OP14-119,ST24-002,OP06-038]
[] Trash: [OP12-034,ST24-002,OP12-037,OP13-040,OP12-034,OP07-026,EB01-015,EB01-015,OP12-118,PRB02-006,OP13-031]
[] Board: [ST24-004,ST24-004]
[] Life: 0
RZ1|262|1|Don|9|9900|5|0|1|1|1|0|0
RZ1|CHK|262|1|28|5|4|1|0|7|12|0|1|3
RZ1|263|1|Don|9|9900|5|0|1|1|1|0|0
RZ1|CHK|263|1|28|5|4|1|0|8|12|0|1|2
RZ1|264|1|Don|9|0|5|0|1|1|1|0|0
RZ1|CHK|264|1|28|5|4|1|0|9|12|0|1|1
RZ1|265|1|Don|9|0|5|0|1|1|1|0|0
RZ1|CHK|265|1|28|5|4|1|0|10|12|0|1|0
[You] Draw 1 Card
[] Drew card from deck: Zeus ["OP11-106">OP11-106]
RZ1|266|1|OP11-106|0|27|1|5|1|1|0|0|0
RZ1|CHK|266|1|27|6|4|1|0|10|12|0|1|0
RZ1|267|1|Don|5|0|5|0|1|1|1|0|0
RZ1|CHK|267|1|27|6|4|1|0|10|12|0|1|0
RZ1|268|1|Don|5|1|5|1|1|1|1|0|0
RZ1|CHK|268|1|27|6|4|1|0|10|12|0|1|0
RZ1|269|1|Don|5|2|5|2|1|1|1|0|0
RZ1|CHK|269|1|27|6|4|1|0|10|12|0|1|0
RZ1|270|1|Don|5|3|5|3|1|1|1|0|0
RZ1|CHK|270|1|27|6|4|1|0|10|12|0|1|0
RZ1|271|1|Don|5|4|5|4|1|1|1|0|0
RZ1|CHK|271|1|27|6|4|1|0|10|12|0|1|0
RZ1|272|1|Don|5|5|5|5|1|1|1|0|0
RZ1|CHK|272|1|27|6|4|1|0|10|12|0|1|0
RZ1|273|1|Don|5|6|5|6|1|1|1|0|0
RZ1|CHK|273|1|27|6|4|1|0|10|12|0|1|0
RZ1|274|1|Don|5|7|5|7|1|1|1|0|0
RZ1|CHK|274|1|27|6|4|1|0|10|12|0|1|0
RZ1|275|1|Don|5|8|5|8|1|1|1|0|0
RZ1|CHK|275|1|27|6|4|1|0|10|12|0|1|0
RZ1|276|1|Don|5|9|5|9|1|1|1|0|0
RZ1|CHK|276|1|27|6|4|1|0|10|12|0|1|0
[You] Deploy Edward Newgate ["OP13-042">OP13-042]
RZ1|277|1|OP13-042|1|1|2|4|1|1|0|0|0
RZ1|CHK|277|1|27|5|5|1|0|10|12|0|1|0
[] Drew card from deck: Nico Robin ["EB03-055">EB03-055]
RZ1|278|1|EB03-055|0|26|1|5|1|1|0|0|0
RZ1|CHK|278|1|26|6|5|1|0|10|12|0|1|0
[] Drew card from deck: Nico Robin ["EB03-055">EB03-055]
RZ1|279|1|EB03-055|0|25|1|6|1|1|0|0|0
RZ1|CHK|279|1|25|7|5|1|0|10|12|0|1|0
[You] Edward Newgate ["OP13-042">OP13-042]: Draw 2 Card
RZ1|280|1|EB03-055|1|3|6|12|1|1|0|0|0
RZ1|CHK|280|1|25|6|5|1|0|10|13|0|1|0
[You] Edward Newgate ["OP13-042">OP13-042]: Trash Nico Robin ["EB03-055">EB03-055]
[You] Edward Newgate ["OP13-042">OP13-042]: Attach 1 Rested Don to Nami ["OP11-041">OP11-041]
RZ1|281|1|Don|5|0|9|9900|1|1|1|0|0
RZ1|CHK|281|1|25|6|5|1|0|9|13|0|1|1
[You] Edward Newgate ["OP13-042">OP13-042]: Attach 1 Rested Don to Nami ["OP11-041">OP11-041]
RZ1|282|1|Don|5|0|9|9901|1|1|1|0|0
RZ1|CHK|282|1|25|6|5|1|0|8|13|0|1|2
[You] Edward Newgate ["OP13-042">OP13-042]: Attach 1 Rested Don to Kikunojo ["OP06-104">OP06-104]
RZ1|283|1|Don|5|0|9|0|1|1|1|0|0
RZ1|CHK|283|1|25|6|5|1|0|7|13|0|1|3
[You] Edward Newgate ["OP13-042">OP13-042]: Attach 1 Rested Don to Kikunojo ["OP06-104">OP06-104]
RZ1|284|1|Don|5|0|9|1|1|1|1|0|0
RZ1|CHK|284|1|25|6|5|1|0|6|13|0|1|4
[You] Kikunojo ["OP06-104">OP06-104] attacking Dracule Mihawk ["OP14-020">OP14-020]
Kikunojo ["OP06-104">OP06-104][8000] vs Dracule Mihawk ["OP14-020">OP14-020][7000]
Dracule Mihawk ["OP14-020">OP14-020] hit for 1 damage
[Opponent] <b>Downloaded the Combat Log!</b>
GameOver