Version is 1.42c.22
[You] Leader is Nami ["OP11-041">OP11-041]
[Opponent] Leader is Marshall D. Teach ["OP16-080">OP16-080]
RZ1|6|2|EB04-059|0|41|0|0|0|0|0|0|0
RZ1|CHK|6|2|50|0|0|0|10|0|0|0|1|0
RZ1|7|2|OP16-109|0|12|0|1|0|0|0|0|0
RZ1|CHK|7|2|50|0|0|0|10|0|0|0|1|0
RZ1|8|2|OP09-093|0|8|0|2|0|0|0|0|0
RZ1|CHK|8|2|50|0|0|0|10|0|0|0|1|0
RZ1|9|2|OP09-099|0|48|0|3|0|0|0|0|0
RZ1|CHK|9|2|50|0|0|0|10|0|0|0|1|0
RZ1|10|2|OP09-099|0|49|0|4|0|0|0|0|0
RZ1|CHK|10|2|50|0|0|0|10|0|0|0|1|0
RZ1|11|2|OP16-116|0|46|0|5|0|0|0|0|0
RZ1|CHK|11|2|50|0|0|0|10|0|0|0|1|0
RZ1|12|2|OP16-110|0|17|0|6|0|0|0|0|0
RZ1|CHK|12|2|50|0|0|0|10|0|0|0|1|0
RZ1|13|2|EB04-059|0|46|0|7|0|0|0|0|0
RZ1|CHK|13|2|50|0|0|0|10|0|0|0|1|0
RZ1|14|2|OP09-086|0|12|0|9|0|0|0|0|0
RZ1|CHK|14|2|50|0|0|0|10|0|0|0|1|0
RZ1|15|2|OP12-112|0|22|0|10|0|0|0|0|0
RZ1|CHK|15|2|50|0|0|0|10|0|0|0|1|0
RZ1|16|2|OP09-096|0|42|0|12|0|0|0|0|0
RZ1|CHK|16|2|50|0|0|0|10|0|0|0|1|0
RZ1|17|2|OP16-104|0|28|0|13|0|0|0|0|0
RZ1|CHK|17|2|50|0|0|0|10|0|0|0|1|0
RZ1|18|2|OP12-112|0|25|0|15|0|0|0|0|0
RZ1|CHK|18|2|50|0|0|0|10|0|0|0|1|0
RZ1|19|2|OP09-093|0|18|0|16|0|0|0|0|0
RZ1|CHK|19|2|50|0|0|0|10|0|0|0|1|0
RZ1|20|2|OP16-109|0|22|0|17|0|0|0|0|0
RZ1|CHK|20|2|50|0|0|0|10|0|0|0|1|0
RZ1|21|2|OP16-119|0|41|0|18|0|0|0|0|0
RZ1|CHK|21|2|50|0|0|0|10|0|0|0|1|0
RZ1|22|2|OP16-106|0|31|0|19|0|0|0|0|0
RZ1|CHK|22|2|50|0|0|0|10|0|0|0|1|0
RZ1|23|2|OP16-104|0|29|0|20|0|0|0|0|0
RZ1|CHK|23|2|50|0|0|0|10|0|0|0|1|0
RZ1|24|2|OP16-108|0|37|0|21|0|0|0|0|0
RZ1|CHK|24|2|50|0|0|0|10|0|0|0|1|0
RZ1|25|2|OP09-099|0|49|0|22|0|0|0|0|0
RZ1|CHK|25|2|50|0|0|0|10|0|0|0|1|0
RZ1|26|2|OP16-116|0|48|0|23|0|0|0|0|0
RZ1|CHK|26|2|50|0|0|0|10|0|0|0|1|0
RZ1|27|2|OP16-103|0|26|0|24|0|0|0|0|0
RZ1|CHK|27|2|50|0|0|0|10|0|0|0|1|0
RZ1|28|2|EB04-058|0|35|0|25|0|0|0|0|0
RZ1|CHK|28|2|50|0|0|0|10|0|0|0|1|0
RZ1|29|2|OP16-108|0|40|0|26|0|0|0|0|0
RZ1|CHK|29|2|50|0|0|0|10|0|0|0|1|0
RZ1|30|2|OP16-119|0|43|0|27|0|0|0|0|0
RZ1|CHK|30|2|50|0|0|0|10|0|0|0|1|0
RZ1|31|2|OP16-104|0|36|0|28|0|0|0|0|0
RZ1|CHK|31|2|50|0|0|0|10|0|0|0|1|0
RZ1|32|2|OP16-108|0|42|0|29|0|0|0|0|0
RZ1|CHK|32|2|50|0|0|0|10|0|0|0|1|0
RZ1|33|2|OP09-096|0|45|0|30|0|0|0|0|0
RZ1|CHK|33|2|50|0|0|0|10|0|0|0|1|0
RZ1|34|2|OP12-112|0|38|0|31|0|0|0|0|0
RZ1|CHK|34|2|50|0|0|0|10|0|0|0|1|0
RZ1|35|2|OP16-110|0|36|0|32|0|0|0|0|0
RZ1|CHK|35|2|50|0|0|0|10|0|0|0|1|0
RZ1|36|2|OP16-110|0|37|0|33|0|0|0|0|0
RZ1|CHK|36|2|50|0|0|0|10|0|0|0|1|0
RZ1|37|2|EB04-058|0|42|0|34|0|0|0|0|0
RZ1|CHK|37|2|50|0|0|0|10|0|0|0|1|0
RZ1|38|2|EB04-058|0|42|0|35|0|0|0|0|0
RZ1|CHK|38|2|50|0|0|0|10|0|0|0|1|0
RZ1|39|2|OP16-119|0|44|0|36|0|0|0|0|0
RZ1|CHK|39|2|50|0|0|0|10|0|0|0|1|0
RZ1|40|2|OP09-096|0|46|0|37|0|0|0|0|0
RZ1|CHK|40|2|50|0|0|0|10|0|0|0|1|0
RZ1|41|2|OP16-119|0|46|0|39|0|0|0|0|0
RZ1|CHK|41|2|50|0|0|0|10|0|0|0|1|0
RZ1|42|2|OP09-099|0|49|0|41|0|0|0|0|0
RZ1|CHK|42|2|50|0|0|0|10|0|0|0|1|0
RZ1|43|2|OP16-109|0|43|0|42|0|0|0|0|0
RZ1|CHK|43|2|50|0|0|0|10|0|0|0|1|0
RZ1|44|2|OP09-096|0|48|0|43|0|0|0|0|0
RZ1|CHK|44|2|50|0|0|0|10|0|0|0|1|0
RZ1|45|2|OP16-108|0|48|0|44|0|0|0|0|0
RZ1|CHK|45|2|50|0|0|0|10|0|0|0|1|0
RZ1|46|2|EB04-058|0|48|0|45|0|0|0|0|0
RZ1|CHK|46|2|50|0|0|0|10|0|0|0|1|0
RZ1|47|2|EB04-059|0|49|0|46|0|0|0|0|0
RZ1|CHK|47|2|50|0|0|0|10|0|0|0|1|0
RZ1|48|2|OP16-110|0|48|0|47|0|0|0|0|0
RZ1|CHK|48|2|50|0|0|0|10|0|0|0|1|0
RZ1|49|2|OP16-104|0|49|0|48|0|0|0|0|0
RZ1|CHK|49|2|50|0|0|0|10|0|0|0|1|0
[] Drew card from deck: Kumacy ["OP14-102">OP14-102]
RZ1|50|1|OP14-102|0|49|1|0|1|1|0|0|0
RZ1|CHK|50|1|49|1|0|0|10|0|0|0|1|0
[] Drew card from deck: Mr. 3 (Galdino) ["OP16-056">OP16-056]
RZ1|51|1|OP16-056|0|48|1|1|1|1|0|0|0
RZ1|CHK|51|1|48|2|0|0|10|0|0|0|1|0
[] Drew card from deck: Mr. 3 (Galdino) ["OP16-056">OP16-056]
RZ1|52|1|OP16-056|0|47|1|2|1|1|0|0|0
RZ1|CHK|52|1|47|3|0|0|10|0|0|0|1|0
[] Drew card from deck: Gravity Blade Raging Tiger ["OP06-058">OP06-058]
RZ1|53|1|OP06-058|0|46|1|3|1|1|0|0|0
RZ1|CHK|53|1|46|4|0|0|10|0|0|0|1|0
[] Drew card from deck: Zeus ["OP11-106">OP11-106]
RZ1|54|1|OP11-106|0|45|1|4|1|1|0|0|0
RZ1|CHK|54|1|45|5|0|0|10|0|0|0|1|0
[] Drew card from deck: Doc Q ["OP16-109">OP16-109]
RZ1|55|2|OP16-109|0|49|1|0|1|1|0|0|0
RZ1|CHK|55|2|49|1|0|0|10|0|0|0|1|0
[] Drew card from deck: Catarina Devon ["OP16-104">OP16-104]
RZ1|56|2|OP16-104|0|48|1|1|1|1|0|0|0
RZ1|CHK|56|2|48|2|0|0|10|0|0|0|1|0
[] Drew card from deck: Vasco Shot ["OP16-110">OP16-110]
RZ1|57|2|OP16-110|0|47|1|2|1|1|0|0|0
RZ1|CHK|57|2|47|3|0|0|10|0|0|0|1|0
[] Drew card from deck: Black Rope Dragon Twister ["EB04-059">EB04-059]
RZ1|58|2|EB04-059|0|46|1|3|1|1|0|0|0
RZ1|CHK|58|2|46|4|0|0|10|0|0|0|1|0
[] Drew card from deck: Borsalino ["EB04-058">EB04-058]
RZ1|59|2|EB04-058|0|45|1|4|1|1|0|0|0
RZ1|CHK|59|2|45|5|0|0|10|0|0|0|1|0
RZ1|60|1|EB03-055|0|44|3|0|1|0|0|0|0
RZ1|CHK|60|1|44|5|0|1|10|0|0|0|1|0
RZ1|61|1|OP14-102|0|43|3|1|1|0|0|0|0
RZ1|CHK|61|1|43|5|0|2|10|0|0|0|1|0
RZ1|62|1|OP14-110|0|42|3|2|1|0|0|0|0
RZ1|CHK|62|1|42|5|0|3|10|0|0|0|1|0
RZ1|63|1|EB03-053|0|41|3|3|1|0|0|0|0
RZ1|CHK|63|1|41|5|0|4|10|0|0|0|1|0
RZ1|64|2|OP16-108|0|44|3|0|0|1|0|0|0
RZ1|CHK|64|2|44|5|0|1|10|0|0|0|1|0
RZ1|65|2|OP09-096|0|43|3|1|0|1|0|0|0
RZ1|CHK|65|2|43|5|0|2|10|0|0|0|1|0
RZ1|66|2|OP16-109|0|42|3|2|0|1|0|0|0
RZ1|CHK|66|2|42|5|0|3|10|0|0|0|1|0
RZ1|67|2|OP09-099|0|41|3|3|0|1|0|0|0
RZ1|CHK|67|2|41|5|0|4|10|0|0|0|1|0
[] Hand: [OP14-102,OP16-056,OP16-056,OP06-058,OP11-106]
[] Board: []
[] Trash: []
[] Life: 4
[] Hand: [OP16-109,OP16-104,OP16-110,EB04-059,EB04-058]
[] Trash: []
[] Board: []
[] Life: 4
RZ1|68|1|Don|4|9|5|0|1|1|0|0|0
RZ1|CHK|68|1|41|5|0|4|9|1|0|0|1|0
[You] Draw 1 Don
RZ1|69|1|Don|5|0|5|0|1|1|1|0|0
RZ1|CHK|69|1|41|5|0|4|9|1|0|0|1|0
[You] Deploy Kumacy ["OP14-102">OP14-102]
RZ1|70|1|OP14-102|1|0|2|0|1|1|0|0|0
RZ1|CHK|70|1|41|4|1|4|9|1|0|0|1|0
[] Hand: [OP16-056,OP16-056,OP06-058,OP11-106]
[] Board: [OP14-102]
[] Trash: []
[] Life: 4
[] Hand: [OP16-109,OP16-104,OP16-110,EB04-059,EB04-058]
[] Trash: []
[] Board: []
[] Life: 4
[You] End Turn
[] Hand: [OP16-109,OP16-104,OP16-110,EB04-059,EB04-058]
[] Board: []
[] Trash: []
[] Life: 4
[] Hand: [OP16-056,OP16-056,OP06-058,OP11-106]
[] Trash: []
[] Board: [OP14-102]
[] Life: 4
[Opponent] Draw 1 Card
[] Drew card from deck: Marshall D. Teach ["OP09-093">OP09-093]
RZ1|71|2|OP09-093|0|40|1|5|1|1|0|0|0
RZ1|CHK|71|2|40|6|0|4|10|0|0|0|1|0
RZ1|72|2|Don|4|9|5|0|1|1|0|0|0
RZ1|CHK|72|2|40|6|0|4|9|1|0|0|1|0
RZ1|73|2|Don|4|8|5|1|1|1|0|0|0
RZ1|CHK|73|2|40|6|0|4|8|2|0|0|1|0
[Opponent] Draw 2 Don
RZ1|74|2|Don|5|0|5|0|1|1|1|0|0
RZ1|CHK|74|2|40|6|0|4|8|2|0|0|1|0
[Opponent] Deploy Doc Q ["OP16-109">OP16-109]
RZ1|75|2|OP16-109|1|0|2|0|1|1|0|0|0
RZ1|CHK|75|2|40|5|1|4|8|2|0|0|1|0
RZ1|76|2|Don|5|1|5|1|1|1|1|0|0
RZ1|CHK|76|2|40|5|1|4|8|2|0|0|1|0
[Opponent] Deploy Vasco Shot ["OP16-110">OP16-110]
RZ1|77|2|OP16-110|1|1|2|1|1|1|0|0|0
RZ1|CHK|77|2|40|4|2|4|8|2|0|0|1|0
[] Hand: [OP16-104,EB04-059,EB04-058,OP09-093]
[] Board: [OP16-109,OP16-110]
[] Trash: []
[] Life: 4
[] Hand: [OP16-056,OP16-056,OP06-058,OP11-106]
[] Trash: []
[] Board: [OP14-102]
[] Life: 4
[Opponent] End Turn
[] Hand: [OP16-056,OP16-056,OP06-058,OP11-106]
[] Board: [OP14-102]
[] Trash: []
[] Life: 4
[] Hand: [OP16-104,EB04-059,EB04-058,OP09-093]
[] Trash: []
[] Board: [OP16-109,OP16-110]
[] Life: 4
[You] Draw 1 Card
[] Drew card from deck: Nami ["EB03-053">EB03-053]
RZ1|78|1|EB03-053|0|40|1|4|1|1|0|0|0
RZ1|CHK|78|1|40|5|1|4|9|1|0|0|1|0
RZ1|79|1|Don|4|8|5|1|1|1|0|0|0
RZ1|CHK|79|1|40|5|1|4|8|2|0|0|1|0
RZ1|80|1|Don|4|7|5|2|1|1|0|0|0
RZ1|CHK|80|1|40|5|1|4|7|3|0|0|1|0
[You] Draw 2 Don
[You] Nami ["OP11-041">OP11-041] attacking Marshall D. Teach ["OP16-080">OP16-080]
Nami ["OP11-041">OP11-041][5000] vs Marshall D. Teach ["OP16-080">OP16-080][5000]
Marshall D. Teach ["OP16-080">OP16-080] hit for 1 damage
RZ1|81|2|OP09-099|3|3|1|4|1|1|0|0|0
RZ1|CHK|81|2|40|5|2|3|8|2|0|0|1|0
[] Drew card from deck: Gecko Moria ["OP14-104">OP14-104]
RZ1|82|1|OP14-104|0|39|1|5|1|1|0|0|0
RZ1|CHK|82|1|39|6|1|4|7|3|0|0|1|0
[You] Nami ["OP11-041">OP11-041]: Draw 1 Card
RZ1|83|1|Don|5|0|9|9900|1|1|0|0|0
RZ1|CHK|83|1|39|6|1|4|7|2|0|0|1|1
[You] Attach 1 Don to Nami ["OP11-041">OP11-041] (1 Total)
RZ1|84|1|Don|5|0|5|0|1|1|1|0|0
RZ1|CHK|84|1|39|6|1|4|7|2|0|0|1|1
RZ1|85|1|Don|5|1|5|1|1|1|1|0|0
RZ1|CHK|85|1|39|6|1|4|7|2|0|0|1|1
[You] Deploy Zeus ["OP11-106">OP11-106]
RZ1|86|1|OP11-106|1|3|2|1|1|1|0|0|0
RZ1|CHK|86|1|39|5|2|4|7|2|0|0|1|1
[You] Zeus ["OP11-106">OP11-106]: Takes Bottom Life
RZ1|87|1|EB03-055|3|0|1|5|1|1|0|0|0
RZ1|CHK|87|1|39|6|2|3|7|2|0|0|1|1
[You] Zeus ["OP11-106">OP11-106]: Destroy Vasco Shot ["OP16-110">OP16-110]
RZ1|88|2|OP16-110|2|1|6|0|1|1|0|0|0
RZ1|CHK|88|2|40|5|1|3|8|2|1|0|1|0
[] Drew card from deck: Marshall D. Teach ["OP16-119">OP16-119]
RZ1|89|2|OP16-119|0|39|1|5|1|1|0|0|0
RZ1|CHK|89|2|39|6|1|3|8|2|1|0|1|0
[Opponent] Vasco Shot ["OP16-110">OP16-110]: Draw 1 Card
[Opponent] Vasco Shot ["OP16-110">OP16-110]: Rest Kumacy ["OP14-102">OP14-102]
[] Hand: [OP16-056,OP16-056,OP06-058,EB03-053,OP14-104,EB03-055]
[] Board: [OP14-102,OP11-106]
[] Trash: []
[] Life: 3
[] Hand: [OP16-104,EB04-059,EB04-058,OP09-093,OP09-099,OP16-119]
[] Trash: [OP16-110]
[] Board: [OP16-109]
[] Life: 3
[You] End Turn
[] Hand: [OP16-104,EB04-059,EB04-058,OP09-093,OP09-099,OP16-119]
[] Board: [OP16-109]
[] Trash: [OP16-110]
[] Life: 3
[] Hand: [OP16-056,OP16-056,OP06-058,EB03-053,OP14-104,EB03-055]
[] Trash: []
[] Board: [OP14-102,OP11-106]
[] Life: 3
[Opponent] Draw 1 Card
[] Drew card from deck: Jesus Burgess ["OP09-086">OP09-086]
RZ1|90|2|OP09-086|0|38|1|6|1|1|0|0|0
RZ1|CHK|90|2|38|7|1|3|8|2|1|0|1|0
RZ1|91|2|Don|4|7|5|2|1|1|0|0|0
RZ1|CHK|91|2|38|7|1|3|7|3|1|0|1|0
RZ1|92|2|Don|4|6|5|3|1|1|0|0|0
RZ1|CHK|92|2|38|7|1|3|6|4|1|0|1|0
[Opponent] Draw 2 Don
RZ1|93|2|Don|5|0|5|0|1|1|1|0|0
RZ1|CHK|93|2|38|7|1|3|6|4|1|0|1|0
RZ1|94|2|Don|5|1|5|1|1|1|1|0|0
RZ1|CHK|94|2|38|7|1|3|6|4|1|0|1|0
RZ1|95|2|Don|5|2|5|2|1|1|1|0|0
RZ1|CHK|95|2|38|7|1|3|6|4|1|0|1|0
RZ1|96|2|Don|5|3|5|3|1|1|1|0|0
RZ1|CHK|96|2|38|7|1|3|6|4|1|0|1|0
[Opponent] Deploy Catarina Devon ["OP16-104">OP16-104]
RZ1|97|2|OP16-104|1|0|2|1|1|1|0|0|0
RZ1|CHK|97|2|38|6|2|3|6|4|1|0|1|0
[Opponent] Marshall D. Teach ["OP16-080">OP16-080] attacking Kumacy ["OP14-102">OP14-102]
RZ1|98|1|EB03-053|1|3|6|0|1|1|0|0|0
RZ1|CHK|98|1|39|5|2|3|7|2|1|0|1|1
[You] Nami ["OP11-041">OP11-041]: Trash Nami ["EB03-053">EB03-053]
[You] Nami ["OP11-041">OP11-041]: Buff Nami ["OP11-041">OP11-041] 2000
Marshall D. Teach ["OP16-080">OP16-080][5000] vs Kumacy ["OP14-102">OP14-102][2000]
[You] Kumacy ["OP14-102">OP14-102] Destroyed
RZ1|99|1|OP14-102|2|0|6|1|1|1|0|0|0
RZ1|CHK|99|1|39|5|1|3|7|2|2|0|1|1
[] Hand: [EB04-059,EB04-058,OP09-093,OP09-099,OP16-119,OP09-086]
[] Board: [OP16-109,OP16-104]
[] Trash: [OP16-110]
[] Life: 3
[] Hand: [OP16-056,OP16-056,OP06-058,OP14-104,EB03-055]
[] Trash: [EB03-053,OP14-102]
[] Board: [OP11-106]
[] Life: 3
[Opponent] End Turn
[] Hand: [OP16-056,OP16-056,OP06-058,OP14-104,EB03-055]
[] Board: [OP11-106]
[] Trash: [EB03-053,OP14-102]
[] Life: 3
[] Hand: [EB04-059,EB04-058,OP09-093,OP09-099,OP16-119,OP09-086]
[] Trash: [OP16-110]
[] Board: [OP16-109,OP16-104]
[] Life: 3
RZ1|100|1|Don|9|9900|5|0|1|1|1|0|0
RZ1|CHK|100|1|39|5|1|3|7|3|2|0|1|0
[You] Draw 1 Card
[] Drew card from deck: Perona ["OP14-111">OP14-111]
RZ1|101|1|OP14-111|0|38|1|5|1|1|0|0|0
RZ1|CHK|101|1|38|6|1|3|7|3|2|0|1|0
RZ1|102|1|Don|4|6|5|3|1|1|0|0|0
RZ1|CHK|102|1|38|6|1|3|6|4|2|0|1|0
RZ1|103|1|Don|4|5|5|4|1|1|0|0|0
RZ1|CHK|103|1|38|6|1|3|5|5|2|0|1|0
[You] Draw 2 Don
RZ1|104|1|Don|5|0|5|0|1|1|1|0|0
RZ1|CHK|104|1|38|6|1|3|5|5|2|0|1|0
RZ1|105|1|Don|5|1|5|1|1|1|1|0|0
RZ1|CHK|105|1|38|6|1|3|5|5|2|0|1|0
RZ1|106|1|Don|5|2|5|2|1|1|1|0|0
RZ1|CHK|106|1|38|6|1|3|5|5|2|0|1|0
RZ1|107|1|Don|5|3|5|3|1|1|1|0|0
RZ1|CHK|107|1|38|6|1|3|5|5|2|0|1|0
[You] Deploy Perona ["OP14-111">OP14-111]
RZ1|108|1|OP14-111|1|5|2|1|1|1|0|0|0
RZ1|CHK|108|1|38|5|2|3|5|5|2|0|1|0
[You] Perona ["OP14-111">OP14-111]: Catarina Devon ["OP16-104">OP16-104] can't attack next turn
[You] Nami ["OP11-041">OP11-041] attacking Marshall D. Teach ["OP16-080">OP16-080]
Nami ["OP11-041">OP11-041][5000] vs Marshall D. Teach ["OP16-080">OP16-080][5000]
Marshall D. Teach ["OP16-080">OP16-080] hit for 1 damage
RZ1|109|2|OP16-109|3|2|1|6|1|1|0|0|0
RZ1|CHK|109|2|38|7|2|2|6|4|1|0|1|0
[] Drew card from deck: Nami ["EB03-053">EB03-053]
RZ1|110|1|EB03-053|0|37|1|5|1|1|0|0|0
RZ1|CHK|110|1|37|6|2|3|5|5|2|0|1|0
[You] Nami ["OP11-041">OP11-041]: Draw 1 Card
RZ1|111|1|Don|5|4|9|9900|1|1|0|0|0
RZ1|CHK|111|1|37|6|2|3|5|4|2|0|1|1
[You] Attach 1 Don to Nami ["OP11-041">OP11-041] (1 Total)
[] Hand: [OP16-056,OP16-056,OP06-058,OP14-104,EB03-055,EB03-053]
[] Board: [OP11-106,OP14-111]
[] Trash: [EB03-053,OP14-102]
[] Life: 3
[] Hand: [EB04-059,EB04-058,OP09-093,OP09-099,OP16-119,OP09-086,OP16-109]
[] Trash: [OP16-110]
[] Board: [OP16-109,OP16-104]
[] Life: 2
[You] End Turn
[] Hand: [EB04-059,EB04-058,OP09-093,OP09-099,OP16-119,OP09-086,OP16-109]
[] Board: [OP16-109,OP16-104]
[] Trash: [OP16-110]
[] Life: 2
[] Hand: [OP16-056,OP16-056,OP06-058,OP14-104,EB03-055,EB03-053]
[] Trash: [EB03-053,OP14-102]
[] Board: [OP11-106,OP14-111]
[] Life: 3
[Opponent] Draw 1 Card
[] Drew card from deck: This is MY AGE!!!! ["OP09-096">OP09-096]
RZ1|112|2|OP09-096|0|37|1|7|1|1|0|0|0
RZ1|CHK|112|2|37|8|2|2|6|4|1|0|1|0
RZ1|113|2|Don|4|5|5|4|1|1|0|0|0
RZ1|CHK|113|2|37|8|2|2|5|5|1|0|1|0
RZ1|114|2|Don|4|4|5|5|1|1|0|0|0
RZ1|CHK|114|2|37|8|2|2|4|6|1|0|1|0
[Opponent] Draw 2 Don
RZ1|115|2|Don|5|0|5|0|1|1|1|0|0
RZ1|CHK|115|2|37|8|2|2|4|6|1|0|1|0
RZ1|116|2|Don|5|1|5|1|1|1|1|0|0
RZ1|CHK|116|2|37|8|2|2|4|6|1|0|1|0
RZ1|117|2|Don|5|2|5|2|1|1|1|0|0
RZ1|CHK|117|2|37|8|2|2|4|6|1|0|1|0
RZ1|118|2|Don|5|3|5|3|1|1|1|0|0
RZ1|CHK|118|2|37|8|2|2|4|6|1|0|1|0
RZ1|119|2|Don|5|4|5|4|1|1|1|0|0
RZ1|CHK|119|2|37|8|2|2|4|6|1|0|1|0
[Opponent] Deploy Borsalino ["EB04-058">EB04-058]
RZ1|120|2|EB04-058|1|1|2|2|1|1|0|0|0
RZ1|CHK|120|2|37|7|3|2|4|6|1|0|1|0
[Opponent] Marshall D. Teach ["OP16-080">OP16-080] attacking Nami ["OP11-041">OP11-041]
RZ1|121|1|EB03-053|1|5|6|2|1|1|0|0|0
RZ1|CHK|121|1|37|5|2|3|5|4|3|0|1|1
[You] Nami ["OP11-041">OP11-041]: Trash Nami ["EB03-053">EB03-053]
[You] Nami ["OP11-041">OP11-041]: Buff Nami ["OP11-041">OP11-041] 2000
Marshall D. Teach ["OP16-080">OP16-080][5000] vs Nami ["OP11-041">OP11-041][7000]
Attack Fails
RZ1|122|2|Don|5|5|5|5|1|1|1|0|0
RZ1|CHK|122|2|37|7|3|2|4|6|1|0|1|0
[Opponent] Deploy Fullalead ["OP09-099">OP09-099]
RZ1|123|2|OP09-099|1|2|7|0|1|1|0|0|0
RZ1|CHK|123|2|37|6|3|2|4|6|1|1|1|0
[Opponent] Fullalead ["OP09-099">OP09-099]: Rest Fullalead ["OP09-099">OP09-099]
RZ1|124|2|OP09-086|1|3|6|1|1|1|0|0|0
RZ1|CHK|124|2|37|5|3|2|4|6|2|1|1|0
[Opponent] Fullalead ["OP09-099">OP09-099]: Trash Jesus Burgess ["OP09-086">OP09-086]
RZ1|125|2|OP16-119|0|36|1|5|1|1|0|0|0
RZ1|CHK|125|2|36|6|3|2|4|6|2|1|1|0
[Opponent] Fullalead ["OP09-099">OP09-099]: <b>Reveal and Draw Marshall D. Teach ["OP16-119">OP16-119]</b>
[Opponent] Placing Cards on Bottom of Deck
RZ1|126|2|EB04-058|0|35|0|0|0|0|0|0|0
RZ1|CHK|126|2|36|6|3|2|4|6|2|1|1|0
RZ1|127|2|EB04-058|0|35|0|0|0|0|0|0|0
RZ1|CHK|127|2|36|6|3|2|4|6|2|1|1|0
[Opponent] Catarina Devon ["OP16-104">OP16-104] is no longer blocked from attacking
[] Hand: [EB04-059,OP09-093,OP16-119,OP16-109,OP09-096,OP16-119]
[] Board: [OP16-109,OP16-104,EB04-058]
[] Trash: [OP16-110,OP09-086]
[] Life: 2
[] Hand: [OP16-056,OP16-056,OP06-058,OP14-104,EB03-055]
[] Trash: [EB03-053,OP14-102,EB03-053]
[] Board: [OP11-106,OP14-111]
[] Life: 3
[Opponent] End Turn
[] Hand: [OP16-056,OP16-056,OP06-058,OP14-104,EB03-055]
[] Board: [OP11-106,OP14-111]
[] Trash: [EB03-053,OP14-102,EB03-053]
[] Life: 3
[] Hand: [EB04-059,OP09-093,OP16-119,OP16-109,OP09-096,OP16-119]
[] Trash: [OP16-110,OP09-086]
[] Board: [OP16-109,OP16-104,EB04-058]
[] Life: 2
RZ1|128|1|Don|9|9900|5|0|1|1|1|0|0
RZ1|CHK|128|1|37|5|2|3|5|5|3|0|1|0
[You] Draw 1 Card
[] Drew card from deck: Edward Newgate ["OP13-042">OP13-042]
RZ1|129|1|OP13-042|0|36|1|5|1|1|0|0|0
RZ1|CHK|129|1|36|6|2|3|5|5|3|0|1|0
RZ1|130|1|Don|4|4|5|5|1|1|0|0|0
RZ1|CHK|130|1|36|6|2|3|4|6|3|0|1|0
RZ1|131|1|Don|4|3|5|6|1|1|0|0|0
RZ1|CHK|131|1|36|6|2|3|3|7|3|0|1|0
[You] Draw 2 Don
RZ1|132|1|Don|5|0|5|0|1|1|1|0|0
RZ1|CHK|132|1|36|6|2|3|3|7|3|0|1|0
RZ1|133|1|Don|5|1|5|1|1|1|1|0|0
RZ1|CHK|133|1|36|6|2|3|3|7|3|0|1|0
RZ1|134|1|Don|5|2|5|2|1|1|1|0|0
RZ1|CHK|134|1|36|6|2|3|3|7|3|0|1|0
RZ1|135|1|Don|5|3|5|3|1|1|1|0|0
RZ1|CHK|135|1|36|6|2|3|3|7|3|0|1|0
[You] Deploy Mr. 3 (Galdino) ["OP16-056">OP16-056]
RZ1|136|1|OP16-056|1|0|2|2|1|1|0|0|0
RZ1|CHK|136|1|36|5|3|3|3|7|3|0|1|0
RZ1|137|1|OP16-056|2|2|6|3|1|1|0|0|0
RZ1|CHK|137|1|36|5|2|3|3|7|4|0|1|0
[You] Mr. 3 (Galdino) ["OP16-056">OP16-056]: Trash Mr. 3 (Galdino) ["OP16-056">OP16-056]
[] Drew card from deck: Borsalino ["EB04-058">EB04-058]
RZ1|138|1|EB04-058|0|35|1|5|1|1|0|0|0
RZ1|CHK|138|1|35|6|2|3|3|7|4|0|1|0
[] Drew card from deck: Gecko Moria ["OP14-104">OP14-104]
RZ1|139|1|OP14-104|0|34|1|6|1|1|0|0|0
RZ1|CHK|139|1|34|7|2|3|3|7|4|0|1|0
[You] Mr. 3 (Galdino) ["OP16-056">OP16-056]: Draw 2 Card
[You] Mr. 3 (Galdino) ["OP16-056">OP16-056]: Borsalino ["EB04-058">EB04-058] can't attack next turn
RZ1|140|1|Don|5|4|9|100|1|1|0|0|0
RZ1|CHK|140|1|34|7|2|3|3|6|4|0|1|1
RZ1|141|1|Don|5|4|9|101|1|1|0|0|0
RZ1|CHK|141|1|34|7|2|3|3|5|4|0|1|2
[You] Attach 2 Don to Perona ["OP14-111">OP14-111] (2 Total)
RZ1|142|1|Don|5|4|9|102|1|1|0|0|0
RZ1|CHK|142|1|34|7|2|3|3|4|4|0|1|3
[You] Attach 1 Don to Perona ["OP14-111">OP14-111] (3 Total)
[You] Perona ["OP14-111">OP14-111] attacking Marshall D. Teach ["OP16-080">OP16-080]
Perona ["OP14-111">OP14-111][8000] vs Marshall D. Teach ["OP16-080">OP16-080][5000]
Marshall D. Teach ["OP16-080">OP16-080] hit for 1 damage
RZ1|143|2|OP09-096|3|1|1|6|1|1|0|0|0
RZ1|CHK|143|2|36|7|3|1|4|6|2|1|1|0
[Opponent] This is MY AGE!!!! ["OP09-096">OP09-096]: Activate Trigger
RZ1|144|2|OP09-096|1|6|6|2|1|1|0|0|0
RZ1|CHK|144|2|36|6|3|1|4|6|3|1|1|0
RZ1|145|2|OP16-110|0|35|1|6|1|1|0|0|0
RZ1|CHK|145|2|35|7|3|1|4|6|3|1|1|0
[Opponent] This is MY AGE!!!! ["OP09-096">OP09-096]: <b>Reveal and Draw Vasco Shot ["OP16-110">OP16-110]</b>
[Opponent] This is MY AGE!!!! ["OP09-096">OP09-096]: Trash 2 Remaining Cards
RZ1|146|2|OP16-110|0|34|6|3|1|1|0|0|0
RZ1|CHK|146|2|34|7|3|1|4|6|4|1|1|0
RZ1|147|2|OP12-112|0|33|6|4|1|1|0|0|0
RZ1|CHK|147|2|33|7|3|1|4|6|5|1|1|0
[] Drew card from deck: Doctor Hogback ["OP14-110">OP14-110]
RZ1|148|1|OP14-110|0|33|1|7|1|1|0|0|0
RZ1|CHK|148|1|33|8|2|3|3|4|4|0|1|3
[You] Nami ["OP11-041">OP11-041]: Draw 1 Card
[You] Nami ["OP11-041">OP11-041] attacking Marshall D. Teach ["OP16-080">OP16-080]
RZ1|149|2|OP09-096|1|4|6|5|1|1|0|0|0
RZ1|CHK|149|2|33|6|3|1|4|6|6|1|1|0
[Opponent] Marshall D. Teach ["OP16-080">OP16-080]: Trash This is MY AGE!!!! ["OP09-096">OP09-096]
[Opponent] Marshall D. Teach ["OP16-080">OP16-080]: Target of Attack changed to Doc Q ["OP16-109">OP16-109]
[Opponent] Borsalino ["EB04-058">EB04-058] Blocks
Nami ["OP11-041">OP11-041][5000] vs Borsalino ["EB04-058">EB04-058][6000]
Attack Fails
[] Hand: [OP16-056,OP06-058,OP14-104,EB03-055,OP13-042,EB04-058,OP14-104,OP14-110]
[] Board: [OP11-106,OP14-111]
[] Trash: [EB03-053,OP14-102,EB03-053,OP16-056]
[] Life: 3
[] Hand: [EB04-059,OP09-093,OP16-119,OP16-109,OP16-119,OP16-110]
[] Trash: [OP16-110,OP09-086,OP09-096,OP16-110,OP12-112,OP09-096]
[] Board: [OP16-109,OP16-104,EB04-058]
[] Life: 1
[You] End Turn
[] Hand: [EB04-059,OP09-093,OP16-119,OP16-109,OP16-119,OP16-110]
[] Board: [OP16-109,OP16-104,EB04-058]
[] Trash: [OP16-110,OP09-086,OP09-096,OP16-110,OP12-112,OP09-096]
[] Life: 1
[] Hand: [OP16-056,OP06-058,OP14-104,EB03-055,OP13-042,EB04-058,OP14-104,OP14-110]
[] Trash: [EB03-053,OP14-102,EB03-053,OP16-056]
[] Board: [OP11-106,OP14-111]
[] Life: 3
[Opponent] Draw 1 Card
[] Drew card from deck: This is MY AGE!!!! ["OP09-096">OP09-096]
RZ1|150|2|OP09-096|0|32|1|6|1|1|0|0|0
RZ1|CHK|150|2|32|7|3|1|4|6|6|1|1|0
RZ1|151|2|Don|4|3|5|6|1|1|0|0|0
RZ1|CHK|151|2|32|7|3|1|3|7|6|1|1|0
RZ1|152|2|Don|4|2|5|7|1|1|0|0|0
RZ1|CHK|152|2|32|7|3|1|2|8|6|1|1|0
[Opponent] Draw 2 Don
RZ1|153|2|Don|5|0|5|0|1|1|1|0|0
RZ1|CHK|153|2|32|7|3|1|2|8|6|1|1|0
RZ1|154|2|Don|5|1|5|1|1|1|1|0|0
RZ1|CHK|154|2|32|7|3|1|2|8|6|1|1|0
RZ1|155|2|Don|5|2|5|2|1|1|1|0|0
RZ1|CHK|155|2|32|7|3|1|2|8|6|1|1|0
RZ1|156|2|Don|5|3|5|3|1|1|1|0|0
RZ1|CHK|156|2|32|7|3|1|2|8|6|1|1|0
RZ1|157|2|Don|5|4|5|4|1|1|1|0|0
RZ1|CHK|157|2|32|7|3|1|2|8|6|1|1|0
RZ1|158|2|Don|5|5|5|5|1|1|1|0|0
RZ1|CHK|158|2|32|7|3|1|2|8|6|1|1|0
RZ1|159|2|Don|5|6|5|6|1|1|1|0|0
RZ1|CHK|159|2|32|7|3|1|2|8|6|1|1|0
RZ1|160|2|Don|5|7|5|7|1|1|1|0|0
RZ1|CHK|160|2|32|7|3|1|2|8|6|1|1|0
[Opponent] Deploy Marshall D. Teach ["OP16-119">OP16-119]
RZ1|161|2|OP16-119|1|2|2|3|1|1|0|0|0
RZ1|CHK|161|2|32|6|4|1|2|8|6|1|1|0
[Opponent] Marshall D. Teach ["OP16-119">OP16-119]: Added card to top of Life from Hand
RZ1|162|2|OP16-104|0|30|3|1|0|1|0|0|0
RZ1|CHK|162|2|31|6|4|2|2|8|6|1|1|0
[Opponent] Placing Cards on Bottom of Deck
RZ1|163|2|OP16-108|0|30|0|0|0|0|0|0|0
RZ1|CHK|163|2|31|6|4|2|2|8|6|1|1|0
RZ1|164|2|OP16-119|0|30|0|0|0|0|0|0|0
RZ1|CHK|164|2|31|6|4|2|2|8|6|1|1|0
[Opponent] Marshall D. Teach ["OP16-080">OP16-080] attacking Nami ["OP11-041">OP11-041]
[You] Discard Mr. 3 (Galdino) ["OP16-056">OP16-056] for Counter 1000
RZ1|165|1|OP16-056|1|0|6|4|1|1|0|0|0
RZ1|CHK|165|1|33|7|2|3|3|4|5|0|1|3
Marshall D. Teach ["OP16-080">OP16-080][5000] vs Nami ["OP11-041">OP11-041][6000]
Attack Fails
[Opponent] Catarina Devon ["OP16-104">OP16-104] attacking Nami ["OP11-041">OP11-041]
[Opponent] Catarina Devon ["OP16-104">OP16-104]: Buff Self 2000
[You] Discard Borsalino ["EB04-058">EB04-058] for Counter 1000
RZ1|166|1|EB04-058|1|4|6|5|1|1|0|0|0
RZ1|CHK|166|1|33|6|2|3|3|4|6|0|1|3
Catarina Devon ["OP16-104">OP16-104][5000] vs Nami ["OP11-041">OP11-041][6000]
Attack Fails
[Opponent] Fullalead ["OP09-099">OP09-099]: Rest Fullalead ["OP09-099">OP09-099]
RZ1|167|2|OP09-096|1|5|6|6|1|1|0|0|0
RZ1|CHK|167|2|31|5|4|2|2|8|7|1|1|0
[Opponent] Fullalead ["OP09-099">OP09-099]: Trash This is MY AGE!!!! ["OP09-096">OP09-096]
RZ1|168|2|OP16-103|0|28|1|5|1|1|0|0|0
RZ1|CHK|168|2|30|6|4|2|2|8|7|1|1|0
[Opponent] Fullalead ["OP09-099">OP09-099]: <b>Reveal and Draw Van Augur ["OP16-103">OP16-103]</b>
[Opponent] Placing Cards on Bottom of Deck
RZ1|169|2|OP16-108|0|29|0|0|0|0|0|0|0
RZ1|CHK|169|2|30|6|4|2|2|8|7|1|1|0
RZ1|170|2|EB04-058|0|29|0|0|0|0|0|0|0
RZ1|CHK|170|2|30|6|4|2|2|8|7|1|1|0
[Opponent] Borsalino ["EB04-058">EB04-058] is no longer blocked from attacking
[] Hand: [EB04-059,OP09-093,OP16-109,OP16-119,OP16-110,OP16-103]
[] Board: [OP16-109,OP16-104,EB04-058,OP16-119]
[] Trash: [OP16-110,OP09-086,OP09-096,OP16-110,OP12-112,OP09-096,OP09-096]
[] Life: 2
[] Hand: [OP06-058,OP14-104,EB03-055,OP13-042,OP14-104,OP14-110]
[] Trash: [EB03-053,OP14-102,EB03-053,OP16-056,OP16-056,EB04-058]
[] Board: [OP11-106,OP14-111]
[] Life: 3
[Opponent] End Turn
[] Hand: [OP06-058,OP14-104,EB03-055,OP13-042,OP14-104,OP14-110]
[] Board: [OP11-106,OP14-111]
[] Trash: [EB03-053,OP14-102,EB03-053,OP16-056,OP16-056,EB04-058]
[] Life: 3
[] Hand: [EB04-059,OP09-093,OP16-109,OP16-119,OP16-110,OP16-103]
[] Trash: [OP16-110,OP09-086,OP09-096,OP16-110,OP12-112,OP09-096,OP09-096]
[] Board: [OP16-109,OP16-104,EB04-058,OP16-119]
[] Life: 2
RZ1|171|1|Don|9|100|5|0|1|1|1|0|0
RZ1|CHK|171|1|33|6|2|3|3|5|6|0|1|2
RZ1|172|1|Don|9|100|5|0|1|1|1|0|0
RZ1|CHK|172|1|33|6|2|3|3|6|6|0|1|1
RZ1|173|1|Don|9|100|5|0|1|1|1|0|0
RZ1|CHK|173|1|33|6|2|3|3|7|6|0|1|0
[You] Draw 1 Card
[] Drew card from deck: Wyper ["OP15-114">OP15-114]
RZ1|174|1|OP15-114|0|32|1|6|1|1|0|0|0
RZ1|CHK|174|1|32|7|2|3|3|7|6|0|1|0
RZ1|175|1|Don|4|2|5|7|1|1|0|0|0
RZ1|CHK|175|1|32|7|2|3|2|8|6|0|1|0
RZ1|176|1|Don|4|1|5|8|1|1|0|0|0
RZ1|CHK|176|1|32|7|2|3|1|9|6|0|1|0
[You] Draw 2 Don
RZ1|177|1|Don|5|0|5|0|1|1|1|0|0
RZ1|CHK|177|1|32|7|2|3|1|9|6|0|1|0
RZ1|178|1|Don|5|1|5|1|1|1|1|0|0
RZ1|CHK|178|1|32|7|2|3|1|9|6|0|1|0
RZ1|179|1|Don|5|2|5|2|1|1|1|0|0
RZ1|CHK|179|1|32|7|2|3|1|9|6|0|1|0
RZ1|180|1|Don|5|3|5|3|1|1|1|0|0
RZ1|CHK|180|1|32|7|2|3|1|9|6|0|1|0
RZ1|181|1|Don|5|4|5|4|1|1|1|0|0
RZ1|CHK|181|1|32|7|2|3|1|9|6|0|1|0
[You] Deploy Wyper ["OP15-114">OP15-114]
RZ1|182|1|OP15-114|1|6|2|2|1|1|0|0|0
RZ1|CHK|182|1|32|6|3|3|1|9|6|0|1|0
[You] Wyper ["OP15-114">OP15-114]: Flip 1 Life Face Up
RZ1|183|1|EB03-053|3|2|3|2|1|1|0|0|0
RZ1|CHK|183|1|32|6|3|3|1|9|6|0|1|0
[You] Wyper ["OP15-114">OP15-114]: Buff Doc Q ["OP16-109">OP16-109] -2000
[You] Wyper ["OP15-114">OP15-114]: Buff Catarina Devon ["OP16-104">OP16-104] -2000
[You] Wyper ["OP15-114">OP15-114]: Buff Borsalino ["EB04-058">EB04-058] -2000
[You] Wyper ["OP15-114">OP15-114]: Buff Marshall D. Teach ["OP16-119">OP16-119] -2000
[You] Wyper ["OP15-114">OP15-114]: Destroy Doc Q ["OP16-109">OP16-109]
RZ1|184|2|OP16-109|2|0|6|7|1|1|0|0|0
RZ1|CHK|184|2|30|6|3|2|2|8|8|1|1|0
[] Drew card from deck: ZEHAHAHAHA ["OP16-116">OP16-116]
RZ1|185|2|OP16-116|0|29|1|6|1|1|0|0|0
RZ1|CHK|185|2|29|7|3|2|2|8|8|1|1|0
[Opponent] Doc Q ["OP16-109">OP16-109]: Draw 1 Card
[You] Nami ["OP11-041">OP11-041] attacking Marshall D. Teach ["OP16-080">OP16-080]
[Opponent] Borsalino ["EB04-058">EB04-058] Blocks
[Opponent] Discard Vasco Shot ["OP16-110">OP16-110] for Counter 1000
RZ1|186|2|OP16-110|1|4|6|8|1|1|0|0|0
RZ1|CHK|186|2|29|6|3|2|2|8|9|1|1|0
[Opponent] Discard Van Augur ["OP16-103">OP16-103] for Counter 1000
RZ1|187|2|OP16-103|1|4|6|9|1|1|0|0|0
RZ1|CHK|187|2|29|5|3|2|2|8|10|1|1|0
Nami ["OP11-041">OP11-041][5000] vs Borsalino ["EB04-058">EB04-058][6000]
Attack Fails
RZ1|188|1|Don|5|5|5|5|1|1|1|0|0
RZ1|CHK|188|1|32|6|3|3|1|9|6|0|1|0
RZ1|189|1|Don|5|6|5|6|1|1|1|0|0
RZ1|CHK|189|1|32|6|3|3|1|9|6|0|1|0
RZ1|190|1|Don|5|7|5|7|1|1|1|0|0
RZ1|CHK|190|1|32|6|3|3|1|9|6|0|1|0
RZ1|191|1|Don|5|8|5|8|1|1|1|0|0
RZ1|CHK|191|1|32|6|3|3|1|9|6|0|1|0
[You] Deploy Doctor Hogback ["OP14-110">OP14-110]
RZ1|192|1|OP14-110|1|5|2|3|1|1|0|0|0
RZ1|CHK|192|1|32|5|4|3|1|9|6|0|1|0
[You] Perona ["OP14-111">OP14-111] attacking Borsalino ["EB04-058">EB04-058]
Perona ["OP14-111">OP14-111][5000] vs Borsalino ["EB04-058">EB04-058][4000]
[Opponent] Borsalino ["EB04-058">EB04-058] Destroyed
RZ1|193|2|EB04-058|2|1|6|10|1|1|0|0|0
RZ1|CHK|193|2|29|5|2|2|2|8|11|1|1|0
[You] Zeus ["OP11-106">OP11-106] attacking Catarina Devon ["OP16-104">OP16-104]
Zeus ["OP11-106">OP11-106][2000] vs Catarina Devon ["OP16-104">OP16-104][1000]
[Opponent] Catarina Devon ["OP16-104">OP16-104] Destroyed
RZ1|194|2|OP16-104|2|0|6|11|1|1|0|0|0
RZ1|CHK|194|2|29|5|1|2|2|8|12|1|1|0
[] Hand: [OP06-058,OP14-104,EB03-055,OP13-042,OP14-104]
[] Board: [OP11-106,OP14-111,OP15-114,OP14-110]
[] Trash: [EB03-053,OP14-102,EB03-053,OP16-056,OP16-056,EB04-058]
[] Life: 3
[] Hand: [EB04-059,OP09-093,OP16-109,OP16-119,OP16-116]
[] Trash: [OP16-110,OP09-086,OP09-096,OP16-110,OP12-112,OP09-096,OP09-096,OP16-109,OP16-110,OP16-103,EB04-058,OP16-104]
[] Board: [OP16-119]
[] Life: 2
[You] End Turn
[] Hand: [EB04-059,OP09-093,OP16-109,OP16-119,OP16-116]
[] Board: [OP16-119]
[] Trash: [OP16-110,OP09-086,OP09-096,OP16-110,OP12-112,OP09-096,OP09-096,OP16-109,OP16-110,OP16-103,EB04-058,OP16-104]
[] Life: 2
[] Hand: [OP06-058,OP14-104,EB03-055,OP13-042,OP14-104]
[] Trash: [EB03-053,OP14-102,EB03-053,OP16-056,OP16-056,EB04-058]
[] Board: [OP11-106,OP14-111,OP15-114,OP14-110]
[] Life: 3
[Opponent] Draw 1 Card
[] Drew card from deck: Fullalead ["OP09-099">OP09-099]
RZ1|195|2|OP09-099|0|28|1|5|1|1|0|0|0
RZ1|CHK|195|2|28|6|1|2|2|8|12|1|1|0
RZ1|196|2|Don|4|1|5|8|1|1|0|0|0
RZ1|CHK|196|2|28|6|1|2|1|9|12|1|1|0
RZ1|197|2|Don|4|0|5|9|1|1|0|0|0
RZ1|CHK|197|2|28|6|1|2|0|10|12|1|1|0
[Opponent] Draw 2 Don
RZ1|198|2|Don|5|0|5|0|1|1|1|0|0
RZ1|CHK|198|2|28|6|1|2|0|10|12|1|1|0
RZ1|199|2|Don|5|1|5|1|1|1|1|0|0
RZ1|CHK|199|2|28|6|1|2|0|10|12|1|1|0
RZ1|200|2|Don|5|2|5|2|1|1|1|0|0
RZ1|CHK|200|2|28|6|1|2|0|10|12|1|1|0
RZ1|201|2|Don|5|3|5|3|1|1|1|0|0
RZ1|CHK|201|2|28|6|1|2|0|10|12|1|1|0
RZ1|202|2|Don|5|4|5|4|1|1|1|0|0
RZ1|CHK|202|2|28|6|1|2|0|10|12|1|1|0
RZ1|203|2|Don|5|5|5|5|1|1|1|0|0
RZ1|CHK|203|2|28|6|1|2|0|10|12|1|1|0
RZ1|204|2|Don|5|6|5|6|1|1|1|0|0
RZ1|CHK|204|2|28|6|1|2|0|10|12|1|1|0
RZ1|205|2|Don|5|7|5|7|1|1|1|0|0
RZ1|CHK|205|2|28|6|1|2|0|10|12|1|1|0
RZ1|206|2|Don|5|8|5|8|1|1|1|0|0
RZ1|CHK|206|2|28|6|1|2|0|10|12|1|1|0
RZ1|207|2|Don|5|9|5|9|1|1|1|0|0
RZ1|CHK|207|2|28|6|1|2|0|10|12|1|1|0
[Opponent] Deploy Marshall D. Teach ["OP09-093">OP09-093]
RZ1|208|2|OP09-093|1|1|2|1|1|1|0|0|0
RZ1|CHK|208|2|28|5|2|2|0|10|12|1|1|0
[Opponent] Marshall D. Teach ["OP09-093">OP09-093]: Nullify effects of Nami ["OP11-041">OP11-041]
[Opponent] Marshall D. Teach ["OP09-093">OP09-093]: Wyper ["OP15-114">OP15-114] can't attack next turn
[Opponent] Marshall D. Teach ["OP09-093">OP09-093]: Nullify effects of Wyper ["OP15-114">OP15-114] until next turn end!
[Opponent] Marshall D. Teach ["OP16-119">OP16-119] attacking Nami ["OP11-041">OP11-041]
Marshall D. Teach ["OP16-119">OP16-119][10000] vs Nami ["OP11-041">OP11-041][5000]
Nami ["OP11-041">OP11-041] hit for 1 damage
RZ1|209|1|EB03-053|3|2|1|5|1|1|0|0|0
RZ1|CHK|209|1|32|6|4|2|1|9|6|0|1|0
[Opponent] Marshall D. Teach ["OP16-080">OP16-080] attacking Nami ["OP11-041">OP11-041]
[You] Discard Nami ["EB03-053">EB03-053] for Counter 1000
RZ1|210|1|EB03-053|1|5|6|6|1|1|0|0|0
RZ1|CHK|210|1|32|5|4|2|1|9|7|0|1|0
Marshall D. Teach ["OP16-080">OP16-080][5000] vs Nami ["OP11-041">OP11-041][6000]
Attack Fails
[Opponent] Fullalead ["OP09-099">OP09-099]: Rest Fullalead ["OP09-099">OP09-099]
RZ1|211|2|OP09-099|1|4|6|12|1|1|0|0|0
RZ1|CHK|211|2|28|4|2|2|0|10|13|1|1|0
[Opponent] Fullalead ["OP09-099">OP09-099]: Trash Fullalead ["OP09-099">OP09-099]
RZ1|212|2|OP16-104|0|26|1|4|1|1|0|0|0
RZ1|CHK|212|2|27|5|2|2|0|10|13|1|1|0
[Opponent] Fullalead ["OP09-099">OP09-099]: <b>Reveal and Draw Catarina Devon ["OP16-104">OP16-104]</b>
[Opponent] Placing Cards on Bottom of Deck
RZ1|213|2|OP16-108|0|26|0|0|0|0|0|0|0
RZ1|CHK|213|2|27|5|2|2|0|10|13|1|1|0
RZ1|214|2|OP16-106|0|26|0|0|0|0|0|0|0
RZ1|CHK|214|2|27|5|2|2|0|10|13|1|1|0
[Opponent] Nami ["OP11-041">OP11-041] no longer nullified
[] Hand: [EB04-059,OP16-109,OP16-119,OP16-116,OP16-104]
[] Board: [OP16-119,OP09-093]
[] Trash: [OP16-110,OP09-086,OP09-096,OP16-110,OP12-112,OP09-096,OP09-096,OP16-109,OP16-110,OP16-103,EB04-058,OP16-104,OP09-099]
[] Life: 2
[] Hand: [OP06-058,OP14-104,EB03-055,OP13-042,OP14-104]
[] Trash: [EB03-053,OP14-102,EB03-053,OP16-056,OP16-056,EB04-058,EB03-053]
[] Board: [OP11-106,OP14-111,OP15-114,OP14-110]
[] Life: 2
[Opponent] End Turn
[] Hand: [OP06-058,OP14-104,EB03-055,OP13-042,OP14-104]
[] Board: [OP11-106,OP14-111,OP15-114,OP14-110]
[] Trash: [EB03-053,OP14-102,EB03-053,OP16-056,OP16-056,EB04-058,EB03-053]
[] Life: 2
[] Hand: [EB04-059,OP16-109,OP16-119,OP16-116,OP16-104]
[] Trash: [OP16-110,OP09-086,OP09-096,OP16-110,OP12-112,OP09-096,OP09-096,OP16-109,OP16-110,OP16-103,EB04-058,OP16-104,OP09-099]
[] Board: [OP16-119,OP09-093]
[] Life: 2
[You] Draw 1 Card
[] Drew card from deck: Mr. 3 (Galdino) ["OP16-056">OP16-056]
RZ1|215|1|OP16-056|0|31|1|5|1|1|0|0|0
RZ1|CHK|215|1|31|6|4|2|1|9|7|0|1|0
RZ1|216|1|Don|4|0|5|9|1|1|0|0|0
RZ1|CHK|216|1|31|6|4|2|0|10|7|0|1|0
[You] Draw 2 Don
RZ1|217|1|Don|5|0|5|0|1|1|1|0|0
RZ1|CHK|217|1|31|6|4|2|0|10|7|0|1|0
RZ1|218|1|Don|5|1|5|1|1|1|1|0|0
RZ1|CHK|218|1|31|6|4|2|0|10|7|0|1|0
RZ1|219|1|Don|5|2|5|2|1|1|1|0|0
RZ1|CHK|219|1|31|6|4|2|0|10|7|0|1|0
RZ1|220|1|Don|5|3|5|3|1|1|1|0|0
RZ1|CHK|220|1|31|6|4|2|0|10|7|0|1|0
RZ1|221|1|Don|5|4|5|4|1|1|1|0|0
RZ1|CHK|221|1|31|6|4|2|0|10|7|0|1|0
RZ1|222|1|Don|5|5|5|5|1|1|1|0|0
RZ1|CHK|222|1|31|6|4|2|0|10|7|0|1|0
RZ1|223|1|Don|5|6|5|6|1|1|1|0|0
RZ1|CHK|223|1|31|6|4|2|0|10|7|0|1|0
RZ1|224|1|Don|5|7|5|7|1|1|1|0|0
RZ1|CHK|224|1|31|6|4|2|0|10|7|0|1|0
RZ1|225|1|Don|5|8|5|8|1|1|1|0|0
RZ1|CHK|225|1|31|6|4|2|0|10|7|0|1|0
RZ1|226|1|Don|5|9|5|9|1|1|1|0|0
RZ1|CHK|226|1|31|6|4|2|0|10|7|0|1|0
[You] Deploy Edward Newgate ["OP13-042">OP13-042]
RZ1|227|1|OP13-042|1|3|2|4|1|1|0|0|0
RZ1|CHK|227|1|31|5|5|2|0|10|7|0|1|0
[] Drew card from deck: Borsalino ["EB04-058">EB04-058]
RZ1|228|1|EB04-058|0|30|1|5|1|1|0|0|0
RZ1|CHK|228|1|30|6|5|2|0|10|7|0|1|0
[] Drew card from deck: Doctor Hogback ["OP14-110">OP14-110]
RZ1|229|1|OP14-110|0|29|1|6|1|1|0|0|0
RZ1|CHK|229|1|29|7|5|2|0|10|7|0|1|0
[You] Edward Newgate ["OP13-042">OP13-042]: Draw 2 Card
RZ1|230|1|OP14-110|1|6|6|7|1|1|0|0|0
RZ1|CHK|230|1|29|6|5|2|0|10|8|0|1|0
[You] Edward Newgate ["OP13-042">OP13-042]: Trash Doctor Hogback ["OP14-110">OP14-110]
[You] Edward Newgate ["OP13-042">OP13-042]: Attach 1 Rested Don to Nami ["OP11-041">OP11-041]
RZ1|231|1|Don|5|0|9|9900|1|1|1|0|0
RZ1|CHK|231|1|29|6|5|2|0|9|8|0|1|1
[You] Edward Newgate ["OP13-042">OP13-042]: Attach 1 Rested Don to Nami ["OP11-041">OP11-041]
RZ1|232|1|Don|5|0|9|9901|1|1|1|0|0
RZ1|CHK|232|1|29|6|5|2|0|8|8|0|1|2
[You] Edward Newgate ["OP13-042">OP13-042]: Attach 1 Rested Don to Perona ["OP14-111">OP14-111]
RZ1|233|1|Don|5|0|9|100|1|1|1|0|0
RZ1|CHK|233|1|29|6|5|2|0|7|8|0|1|3
[You] Edward Newgate ["OP13-042">OP13-042]: Attach 1 Rested Don to Perona ["OP14-111">OP14-111]
RZ1|234|1|Don|5|0|9|101|1|1|1|0|0
RZ1|CHK|234|1|29|6|5|2|0|6|8|0|1|4
[You] Perona ["OP14-111">OP14-111] attacking Marshall D. Teach ["OP16-080">OP16-080]
[Opponent] Marshall D. Teach ["OP09-093">OP09-093] Blocks
Perona ["OP14-111">OP14-111][7000] vs Marshall D. Teach ["OP09-093">OP09-093][12000]
Attack Fails
[You] Nami ["OP11-041">OP11-041] attacking Marshall D. Teach ["OP16-080">OP16-080]
[Opponent] Discard Doc Q ["OP16-109">OP16-109] for Counter 2000
RZ1|235|2|OP16-109|1|1|6|13|1|1|0|0|0
RZ1|CHK|235|2|27|4|2|2|0|10|14|1|1|0
[Opponent] Discard Catarina Devon ["OP16-104">OP16-104] for Counter 2000
RZ1|236|2|OP16-104|1|3|6|14|1|1|0|0|0
RZ1|CHK|236|2|27|3|2|2|0|10|15|1|1|0
Nami ["OP11-041">OP11-041][7000] vs Marshall D. Teach ["OP16-080">OP16-080][9000]
Attack Fails
[You] Doctor Hogback ["OP14-110">OP14-110] attacking Marshall D. Teach ["OP16-080">OP16-080]
Doctor Hogback ["OP14-110">OP14-110][5000] vs Marshall D. Teach ["OP16-080">OP16-080][5000]
Marshall D. Teach ["OP16-080">OP16-080] hit for 1 damage
RZ1|237|2|OP16-104|3|1|1|3|1|1|0|0|0
RZ1|CHK|237|2|27|4|2|1|0|10|15|1|1|0
[Opponent] Catarina Devon ["OP16-104">OP16-104]: Activate Trigger
RZ1|238|2|OP16-104|1|3|6|15|1|1|0|0|0
RZ1|CHK|238|2|27|3|2|1|0|10|16|1|1|0
[] Drew card from deck: Marshall D. Teach ["OP16-119">OP16-119]
RZ1|239|2|OP16-119|0|26|1|3|1|1|0|0|0
RZ1|CHK|239|2|26|4|2|1|0|10|16|1|1|0
[Opponent] Catarina Devon ["OP16-104">OP16-104]: Draw 1 Card
[Opponent] Catarina Devon ["OP16-104">OP16-104]: Deployed Vasco Shot ["OP16-110">OP16-110] from Trash
RZ1|240|2|OP16-110|6|0|2|2|1|1|0|0|1
RZ1|CHK|240|2|26|4|3|1|0|10|15|1|1|0
[] Drew card from deck: Mr. 3 (Galdino) ["OP16-056">OP16-056]
RZ1|241|1|OP16-056|0|28|1|6|1|1|0|0|0
RZ1|CHK|241|1|28|7|5|2|0|6|8|0|1|4
[You] Nami ["OP11-041">OP11-041]: Draw 1 Card
[You] Wyper ["OP15-114">OP15-114] is no longer blocked from attacking
[You] Wyper ["OP15-114">OP15-114] no longer nullified
[] Hand: [OP06-058,OP14-104,EB03-055,OP14-104,OP16-056,EB04-058,OP16-056]
[] Board: [OP11-106,OP14-111,OP15-114,OP14-110,OP13-042]
[] Trash: [EB03-053,OP14-102,EB03-053,OP16-056,OP16-056,EB04-058,EB03-053,OP14-110]
[] Life: 2
[] Hand: [EB04-059,OP16-119,OP16-116,OP16-119]
[] Trash: [OP09-086,OP09-096,OP16-110,OP12-112,OP09-096,OP09-096,OP16-109,OP16-110,OP16-103,EB04-058,OP16-104,OP09-099,OP16-109,OP16-104,OP16-104]
[] Board: [OP16-119,OP09-093,OP16-110]
[] Life: 1
[You] End Turn
[] Hand: [EB04-059,OP16-119,OP16-116,OP16-119]
[] Board: [OP16-119,OP09-093,OP16-110]
[] Trash: [OP09-086,OP09-096,OP16-110,OP12-112,OP09-096,OP09-096,OP16-109,OP16-110,OP16-103,EB04-058,OP16-104,OP09-099,OP16-109,OP16-104,OP16-104]
[] Life: 1
[] Hand: [OP06-058,OP14-104,EB03-055,OP14-104,OP16-056,EB04-058,OP16-056]
[] Trash: [EB03-053,OP14-102,EB03-053,OP16-056,OP16-056,EB04-058,EB03-053,OP14-110]
[] Board: [OP11-106,OP14-111,OP15-114,OP14-110,OP13-042]
[] Life: 2
[Opponent] Draw 1 Card
[] Drew card from deck: Doc Q ["OP16-109">OP16-109]
RZ1|242|2|OP16-109|0|25|1|4|1|1|0|0|0
RZ1|CHK|242|2|25|5|3|1|0|10|15|1|1|0
RZ1|243|2|Don|5|0|5|0|1|1|1|0|0
RZ1|CHK|243|2|25|5|3|1|0|10|15|1|1|0
RZ1|244|2|Don|5|1|5|1|1|1|1|0|0
RZ1|CHK|244|2|25|5|3|1|0|10|15|1|1|0
RZ1|245|2|Don|5|2|5|2|1|1|1|0|0
RZ1|CHK|245|2|25|5|3|1|0|10|15|1|1|0
RZ1|246|2|Don|5|3|5|3|1|1|1|0|0
RZ1|CHK|246|2|25|5|3|1|0|10|15|1|1|0
RZ1|247|2|Don|5|4|5|4|1|1|1|0|0
RZ1|CHK|247|2|25|5|3|1|0|10|15|1|1|0
RZ1|248|2|Don|5|5|5|5|1|1|1|0|0
RZ1|CHK|248|2|25|5|3|1|0|10|15|1|1|0
RZ1|249|2|Don|5|6|5|6|1|1|1|0|0
RZ1|CHK|249|2|25|5|3|1|0|10|15|1|1|0
RZ1|250|2|Don|5|7|5|7|1|1|1|0|0
RZ1|CHK|250|2|25|5|3|1|0|10|15|1|1|0
[Opponent] Deploy Marshall D. Teach ["OP16-119">OP16-119]
RZ1|251|2|OP16-119|1|1|2|3|1|1|0|0|0
RZ1|CHK|251|2|25|4|4|1|0|10|15|1|1|0
[Opponent] Marshall D. Teach ["OP16-119">OP16-119]: Added card to top of Life from Hand
RZ1|252|2|OP12-112|0|23|3|1|0|1|0|0|0
RZ1|CHK|252|2|24|4|4|2|0|10|15|1|1|0
[Opponent] Placing Cards on Bottom of Deck
RZ1|253|2|OP09-093|0|23|0|0|0|0|0|0|0
RZ1|CHK|253|2|24|4|4|2|0|10|15|1|1|0
RZ1|254|2|OP09-086|0|23|0|0|0|0|0|0|0
RZ1|CHK|254|2|24|4|4|2|0|10|15|1|1|0
[Opponent] Marshall D. Teach ["OP16-119">OP16-119] attacking Nami ["OP11-041">OP11-041]
RZ1|255|1|EB03-055|1|2|6|8|1|1|0|0|0
RZ1|CHK|255|1|28|6|5|2|0|6|9|0|1|4
[You] Nami ["OP11-041">OP11-041]: Trash Nico Robin ["EB03-055">EB03-055]
[You] Nami ["OP11-041">OP11-041]: Buff Nami ["OP11-041">OP11-041] 2000
Marshall D. Teach ["OP16-119">OP16-119][10000] vs Nami ["OP11-041">OP11-041][7000]
Nami ["OP11-041">OP11-041] hit for 1 damage
RZ1|256|1|OP14-110|3|1|1|6|1|1|0|0|0
RZ1|CHK|256|1|28|7|5|1|0|6|9|0|1|4
[You] Doctor Hogback ["OP14-110">OP14-110]: Activate Trigger
RZ1|257|1|OP14-110|1|6|6|9|1|1|0|0|0
RZ1|CHK|257|1|28|6|5|1|0|6|10|0|1|4
RZ1|258|1|OP11-106|2|0|6|10|1|1|0|0|0
RZ1|CHK|258|1|28|6|4|1|0|6|11|0|1|4
[You] Trash Zeus ["OP11-106">OP11-106]
[You] Doctor Hogback ["OP14-110">OP14-110]: Deployed Doctor Hogback ["OP14-110">OP14-110] from Trash
RZ1|259|1|OP14-110|6|7|2|4|1|1|1|0|0
RZ1|CHK|259|1|28|6|5|1|0|6|10|0|1|4
RZ1|260|2|Don|5|8|9|9900|1|1|0|0|0
RZ1|CHK|260|2|24|4|4|2|0|9|15|1|1|1
RZ1|261|2|Don|5|8|9|9901|1|1|0|0|0
RZ1|CHK|261|2|24|4|4|2|0|8|15|1|1|2
[Opponent] Attach 2 Don to Marshall D. Teach ["OP16-080">OP16-080] (2 Total)
[Opponent] Marshall D. Teach ["OP16-080">OP16-080] attacking Nami ["OP11-041">OP11-041]
[You] Discard Mr. 3 (Galdino) ["OP16-056">OP16-056] for Counter 1000
RZ1|262|1|OP16-056|1|3|6|10|1|1|0|0|0
RZ1|CHK|262|1|28|5|5|1|0|6|11|0|1|4
Marshall D. Teach ["OP16-080">OP16-080][7000] vs Nami ["OP11-041">OP11-041][8000]
Attack Fails
[Opponent] Marshall D. Teach ["OP09-093">OP09-093] attacking Nami ["OP11-041">OP11-041]
Marshall D. Teach ["OP09-093">OP09-093][12000] vs Nami ["OP11-041">OP11-041][7000]
Nami ["OP11-041">OP11-041] hit for 1 damage
RZ1|263|1|OP14-102|3|0|1|5|1|1|0|0|0
RZ1|CHK|263|1|28|6|5|0|0|6|11|0|1|4
[You] Kumacy ["OP14-102">OP14-102]: Activate Trigger
RZ1|264|1|OP14-102|1|5|6|11|1|1|0|0|0
RZ1|CHK|264|1|28|5|5|0|0|6|12|0|1|4
RZ1|265|1|OP14-110|2|2|6|12|1|1|0|0|0
RZ1|CHK|265|1|28|5|4|0|0|6|13|0|1|4
[You] Trash Doctor Hogback ["OP14-110">OP14-110]
[You] Kumacy ["OP14-102">OP14-102]: Deployed Doctor Hogback ["OP14-110">OP14-110] from Trash
RZ1|266|1|OP14-110|6|8|2|4|1|1|1|0|0
RZ1|CHK|266|1|28|5|5|0|0|6|12|0|1|4
[Opponent] Fullalead ["OP09-099">OP09-099]: Rest Fullalead ["OP09-099">OP09-099]
RZ1|267|2|OP16-116|1|1|6|15|1|1|0|0|0
RZ1|CHK|267|2|24|3|4|2|0|8|16|1|1|2
[Opponent] Fullalead ["OP09-099">OP09-099]: Trash ZEHAHAHAHA ["OP16-116">OP16-116]
RZ1|268|2|OP16-104|0|23|1|3|1|1|0|0|0
RZ1|CHK|268|2|23|4|4|2|0|8|16|1|1|2
[Opponent] Fullalead ["OP09-099">OP09-099]: <b>Reveal and Draw Catarina Devon ["OP16-104">OP16-104]</b>
[Opponent] Placing Cards on Bottom of Deck
RZ1|269|2|OP09-096|0|22|0|0|0|0|0|0|0
RZ1|CHK|269|2|23|4|4|2|0|8|16|1|1|2
RZ1|270|2|OP09-086|0|22|0|0|0|0|0|0|0
RZ1|CHK|270|2|23|4|4|2|0|8|16|1|1|2
[] Hand: [EB04-059,OP16-119,OP16-109,OP16-104]
[] Board: [OP16-119,OP09-093,OP16-110,OP16-119]
[] Trash: [OP09-086,OP09-096,OP16-110,OP12-112,OP09-096,OP09-096,OP16-109,OP16-110,OP16-103,EB04-058,OP16-104,OP09-099,OP16-109,OP16-104,OP16-104,OP16-116]
[] Life: 2
[] Hand: [OP06-058,OP14-104,OP14-104,EB04-058,OP16-056]
[] Trash: [EB03-053,OP14-102,EB03-053,OP16-056,OP16-056,EB04-058,EB03-053,EB03-055,OP11-106,OP16-056,OP14-102,OP14-110]
[] Board: [OP14-111,OP15-114,OP13-042,OP14-110,OP14-110]
[] Life: 0
[Opponent] End Turn
[] Hand: [OP06-058,OP14-104,OP14-104,EB04-058,OP16-056]
[] Board: [OP14-111,OP15-114,OP13-042,OP14-110,OP14-110]
[] Trash: [EB03-053,OP14-102,EB03-053,OP16-056,OP16-056,EB04-058,EB03-053,EB03-055,OP11-106,OP16-056,OP14-102,OP14-110]
[] Life: 0
[] Hand: [EB04-059,OP16-119,OP16-109,OP16-104]
[] Trash: [OP09-086,OP09-096,OP16-110,OP12-112,OP09-096,OP09-096,OP16-109,OP16-110,OP16-103,EB04-058,OP16-104,OP09-099,OP16-109,OP16-104,OP16-104,OP16-116]
[] Board: [OP16-119,OP09-093,OP16-110,OP16-119]
[] Life: 2
RZ1|271|1|Don|9|9900|5|0|1|1|1|0|0
RZ1|CHK|271|1|28|5|5|0|0|7|12|0|1|3
RZ1|272|1|Don|9|9900|5|0|1|1|1|0|0
RZ1|CHK|272|1|28|5|5|0|0|8|12|0|1|2
RZ1|273|1|Don|9|0|5|0|1|1|1|0|0
RZ1|CHK|273|1|28|5|5|0|0|9|12|0|1|1
RZ1|274|1|Don|9|0|5|0|1|1|1|0|0
RZ1|CHK|274|1|28|5|5|0|0|10|12|0|1|0
[You] Draw 1 Card
[] Drew card from deck: Perona ["OP14-111">OP14-111]
RZ1|275|1|OP14-111|0|27|1|5|1|1|0|0|0
RZ1|CHK|275|1|27|6|5|0|0|10|12|0|1|0
[You] Edward Newgate ["OP13-042">OP13-042] attacking Marshall D. Teach ["OP16-080">OP16-080]
Edward Newgate ["OP13-042">OP13-042][12000] vs Marshall D. Teach ["OP16-080">OP16-080][5000]
Marshall D. Teach ["OP16-080">OP16-080] hit for 1 damage
RZ1|276|2|OP12-112|3|1|1|4|1|1|0|0|0
RZ1|CHK|276|2|23|5|4|1|0|8|16|1|1|2
[] Drew card from deck: Zeus ["OP11-106">OP11-106]
RZ1|277|1|OP11-106|0|26|1|6|1|1|0|0|0
RZ1|CHK|277|1|26|7|5|0|0|10|12|0|1|0
[You] Nami ["OP11-041">OP11-041]: Draw 1 Card
[You] Nami ["OP11-041">OP11-041] attacking Marshall D. Teach ["OP16-080">OP16-080]
[Opponent] Discard Doc Q ["OP16-109">OP16-109] for Counter 2000
RZ1|278|2|OP16-109|1|2|6|16|1|1|0|0|0
RZ1|CHK|278|2|23|4|4|1|0|8|17|1|1|2
Nami ["OP11-041">OP11-041][5000] vs Marshall D. Teach ["OP16-080">OP16-080][7000]
Attack Fails
[You] Perona ["OP14-111">OP14-111] attacking Marshall D. Teach ["OP16-080">OP16-080]
[Opponent] Discard Catarina Devon ["OP16-104">OP16-104] for Counter 2000
RZ1|279|2|OP16-104|1|2|6|17|1|1|0|0|0
RZ1|CHK|279|2|23|3|4|1|0|8|18|1|1|2
Perona ["OP14-111">OP14-111][5000] vs Marshall D. Teach ["OP16-080">OP16-080][7000]
Attack Fails
[You] Wyper ["OP15-114">OP15-114] attacking Marshall D. Teach ["OP16-080">OP16-080]
[Opponent] Discard Baby 5 ["OP12-112">OP12-112] for Counter 2000
RZ1|280|2|OP12-112|1|2|6|18|1|1|0|0|0
RZ1|CHK|280|2|23|2|4|1|0|8|19|1|1|2
Wyper ["OP15-114">OP15-114][6000] vs Marshall D. Teach ["OP16-080">OP16-080][7000]
Attack Fails
RZ1|281|1|Don|5|0|5|0|1|1|1|0|0
RZ1|CHK|281|1|26|7|5|0|0|10|12|0|1|0
RZ1|282|1|Don|5|1|5|1|1|1|1|0|0
RZ1|CHK|282|1|26|7|5|0|0|10|12|0|1|0
RZ1|283|1|Don|5|2|5|2|1|1|1|0|0
RZ1|CHK|283|1|26|7|5|0|0|10|12|0|1|0
RZ1|284|1|Don|5|3|5|3|1|1|1|0|0
RZ1|CHK|284|1|26|7|5|0|0|10|12|0|1|0
RZ1|285|1|Don|5|4|5|4|1|1|1|0|0
RZ1|CHK|285|1|26|7|5|0|0|10|12|0|1|0
[You] Trash Doctor Hogback ["OP14-110">OP14-110]
[You] Deploy Borsalino ["EB04-058">EB04-058]
RZ1|286|1|OP14-110|2|3|6|12|1|1|0|0|0
RZ1|CHK|286|1|26|7|4|0|0|10|13|0|1|0
RZ1|287|1|EB04-058|1|3|2|4|1|1|0|0|0
RZ1|CHK|287|1|26|6|5|0|0|10|13|0|1|0
[You] Doctor Hogback ["OP14-110">OP14-110] attacking Marshall D. Teach ["OP16-080">OP16-080]
Doctor Hogback ["OP14-110">OP14-110][5000] vs Marshall D. Teach ["OP16-080">OP16-080][5000]
Marshall D. Teach ["OP16-080">OP16-080] hit for 1 damage
RZ1|288|2|OP16-108|3|0|1|2|1|1|0|0|0
RZ1|CHK|288|2|23|3|4|0|0|8|19|1|1|2
RZ1|289|1|Don|5|5|9|9900|1|1|0|0|0
RZ1|CHK|289|1|26|6|5|0|0|9|13|0|1|1
[You] Attach 1 Don to Nami ["OP11-041">OP11-041] (1 Total)
RZ1|290|1|Don|5|5|5|5|1|1|1|0|0
RZ1|CHK|290|1|26|6|5|0|0|9|13|0|1|1
RZ1|291|1|Don|5|6|5|6|1|1|1|0|0
RZ1|CHK|291|1|26|6|5|0|0|9|13|0|1|1
RZ1|292|1|Don|5|7|5|7|1|1|1|0|0
RZ1|CHK|292|1|26|6|5|0|0|9|13|0|1|1
RZ1|293|1|Don|5|8|5|8|1|1|1|0|0
RZ1|CHK|293|1|26|6|5|0|0|9|13|0|1|1
[You] Trash Doctor Hogback ["OP14-110">OP14-110]
[You] Deploy Perona ["OP14-111">OP14-111]
RZ1|294|1|OP14-110|2|3|6|13|1|1|0|0|0
RZ1|CHK|294|1|26|6|4|0|0|9|14|0|1|1
RZ1|295|1|OP14-111|1|4|2|4|1|1|0|0|0
RZ1|CHK|295|1|26|5|5|0|0|9|14|0|1|1
[You] Perona ["OP14-111">OP14-111]: Vasco Shot ["OP16-110">OP16-110] can't attack next turn
[] Hand: [OP06-058,OP14-104,OP14-104,OP16-056,OP11-106]
[] Board: [OP14-111,OP15-114,OP13-042,EB04-058,OP14-111]
[] Trash: [EB03-053,OP14-102,EB03-053,OP16-056,OP16-056,EB04-058,EB03-053,EB03-055,OP11-106,OP16-056,OP14-102,OP14-110,OP14-110,OP14-110]
[] Life: 0
[] Hand: [EB04-059,OP16-119,OP16-108]
[] Trash: [OP09-086,OP09-096,OP16-110,OP12-112,OP09-096,OP09-096,OP16-109,OP16-110,OP16-103,EB04-058,OP16-104,OP09-099,OP16-109,OP16-104,OP16-104,OP16-116,OP16-109,OP16-104,OP12-112]
[] Board: [OP16-119,OP09-093,OP16-110,OP16-119]
[] Life: 0
[You] End Turn
[] Hand: [EB04-059,OP16-119,OP16-108]
[] Board: [OP16-119,OP09-093,OP16-110,OP16-119]
[] Trash: [OP09-086,OP09-096,OP16-110,OP12-112,OP09-096,OP09-096,OP16-109,OP16-110,OP16-103,EB04-058,OP16-104,OP09-099,OP16-109,OP16-104,OP16-104,OP16-116,OP16-109,OP16-104,OP12-112]
[] Life: 0
[] Hand: [OP06-058,OP14-104,OP14-104,OP16-056,OP11-106]
[] Trash: [EB03-053,OP14-102,EB03-053,OP16-056,OP16-056,EB04-058,EB03-053,EB03-055,OP11-106,OP16-056,OP14-102,OP14-110,OP14-110,OP14-110]
[] Board: [OP14-111,OP15-114,OP13-042,EB04-058,OP14-111]
[] Life: 0
RZ1|296|2|Don|9|9900|5|0|1|1|1|0|0
RZ1|CHK|296|2|23|3|4|0|0|9|19|1|1|1
RZ1|297|2|Don|9|9900|5|0|1|1|1|0|0
RZ1|CHK|297|2|23|3|4|0|0|10|19|1|1|0
[Opponent] Draw 1 Card
[] Drew card from deck: Baby 5 ["OP12-112">OP12-112]
RZ1|298|2|OP12-112|0|22|1|3|1|1|0|0|0
RZ1|CHK|298|2|22|4|4|0|0|10|19|1|1|0
RZ1|299|2|Don|5|0|9|0|1|1|0|0|0
RZ1|CHK|299|2|22|4|4|0|0|9|19|1|1|1
[Opponent] Attach 1 Don to Marshall D. Teach ["OP16-119">OP16-119] (1 Total)
[Opponent] Marshall D. Teach ["OP16-119">OP16-119] attacking Nami ["OP11-041">OP11-041]
RZ1|300|1|OP16-056|1|3|6|14|1|1|0|0|0
RZ1|CHK|300|1|26|4|5|0|0|9|15|0|1|1
[You] Nami ["OP11-041">OP11-041]: Trash Mr. 3 (Galdino) ["OP16-056">OP16-056]
[You] Nami ["OP11-041">OP11-041]: Buff Nami ["OP11-041">OP11-041] 2000
[You] Borsalino ["EB04-058">EB04-058] Blocks
Marshall D. Teach ["OP16-119">OP16-119][11000] vs Borsalino ["EB04-058">EB04-058][6000]
[You] Borsalino ["EB04-058">EB04-058] Destroyed
RZ1|301|1|EB04-058|2|3|6|15|1|1|0|0|0
RZ1|CHK|301|1|26|4|4|0|0|9|16|0|1|1
RZ1|302|2|Don|5|0|9|300|1|1|0|0|0
RZ1|CHK|302|2|22|4|4|0|0|8|19|1|1|2
[Opponent] Attach 1 Don to Marshall D. Teach ["OP16-119">OP16-119] (1 Total)
[Opponent] Marshall D. Teach ["OP16-119">OP16-119] attacking Nami ["OP11-041">OP11-041]
Marshall D. Teach ["OP16-119">OP16-119][11000] vs Nami ["OP11-041">OP11-041][7000]
Nami ["OP11-041">OP11-041] hit for 1 damage
[You] <b>Downloaded the Combat Log!</b>
RZ1|HDR|1.42c|2|RZ1
RZ1|PLY|1||OP11-041
RZ1|PLY|2||OP16-080
RZ1|1|2|Don|9|0|5|0|1|1|1|0|0
RZ1|CHK|1|2|22|4|4|0|0|9|19|1|1|1
RZ1|2|2|Don|9|300|5|0|1|1|1|0|0
RZ1|CHK|2|2|22|4|4|0|0|10|19|1|1|0
RZ1|3|1|Don|9|9900|5|0|1|1|1|0|0
RZ1|CHK|3|1|26|4|4|0|0|10|16|0|1|0