Version is 1.41b.77
[You] Leader is Portgas D. Ace ["OP16-001">OP16-001]
RZ1|HDR|1.41b|2|RZ1
RZ1|PLY|1||OP16-001
RZ1|PLY|2||
[Opponent] Leader is Portgas D. Ace ["OP16-001">OP16-001]
RZ1|1|2|OP16-003|0|36|0|1|0|0|0|0|0
RZ1|CHK|1|2|50|0|0|0|10|0|0|0|1|0
RZ1|2|2|OP16-021|0|48|0|2|0|0|0|0|0
RZ1|CHK|2|2|50|0|0|0|10|0|0|0|1|0
RZ1|3|2|OP16-014|0|31|0|3|0|0|0|0|0
RZ1|CHK|3|2|50|0|0|0|10|0|0|0|1|0
RZ1|4|2|OP16-014|0|33|0|4|0|0|0|0|0
RZ1|CHK|4|2|50|0|0|0|10|0|0|0|1|0
RZ1|5|2|OP10-005|0|13|0|5|0|0|0|0|0
RZ1|CHK|5|2|50|0|0|0|10|0|0|0|1|0
RZ1|6|2|OP16-015|0|18|0|6|0|0|0|0|0
RZ1|CHK|6|2|50|0|0|0|10|0|0|0|1|0
RZ1|7|2|OP16-015|0|18|0|7|0|0|0|0|0
RZ1|CHK|7|2|50|0|0|0|10|0|0|0|1|0
RZ1|8|2|OP16-010|0|12|0|8|0|0|0|0|0
RZ1|CHK|8|2|50|0|0|0|10|0|0|0|1|0
RZ1|9|2|OP16-005|0|42|0|9|0|0|0|0|0
RZ1|CHK|9|2|50|0|0|0|10|0|0|0|1|0
RZ1|10|2|OP16-015|0|19|0|11|0|0|0|0|0
RZ1|CHK|10|2|50|0|0|0|10|0|0|0|1|0
RZ1|11|2|OP16-011|0|30|0|12|0|0|0|0|0
RZ1|CHK|11|2|50|0|0|0|10|0|0|0|1|0
RZ1|12|2|OP16-118|0|28|0|13|0|0|0|0|0
RZ1|CHK|12|2|50|0|0|0|10|0|0|0|1|0
RZ1|13|2|OP14-018|0|46|0|14|0|0|0|0|0
RZ1|CHK|13|2|50|0|0|0|10|0|0|0|1|0
RZ1|14|2|OP16-021|0|49|0|15|0|0|0|0|0
RZ1|CHK|14|2|50|0|0|0|10|0|0|0|1|0
RZ1|15|2|OP16-014|0|35|0|16|0|0|0|0|0
RZ1|CHK|15|2|50|0|0|0|10|0|0|0|1|0
RZ1|16|2|OP16-021|0|49|0|17|0|0|0|0|0
RZ1|CHK|16|2|50|0|0|0|10|0|0|0|1|0
RZ1|17|2|OP16-003|0|44|0|18|0|0|0|0|0
RZ1|CHK|17|2|50|0|0|0|10|0|0|0|1|0
RZ1|18|2|OP16-004|0|42|0|19|0|0|0|0|0
RZ1|CHK|18|2|50|0|0|0|10|0|0|0|1|0
RZ1|19|2|OP16-017|0|29|0|20|0|0|0|0|0
RZ1|CHK|19|2|50|0|0|0|10|0|0|0|1|0
RZ1|20|2|OP16-010|0|25|0|21|0|0|0|0|0
RZ1|CHK|20|2|50|0|0|0|10|0|0|0|1|0
RZ1|21|2|OP16-004|0|41|0|22|0|0|0|0|0
RZ1|CHK|21|2|50|0|0|0|10|0|0|0|1|0
RZ1|22|2|OP14-018|0|48|0|23|0|0|0|0|0
RZ1|CHK|22|2|50|0|0|0|10|0|0|0|1|0
RZ1|23|2|OP13-016|0|25|0|24|0|0|0|0|0
RZ1|CHK|23|2|50|0|0|0|10|0|0|0|1|0
RZ1|24|2|OP16-017|0|31|0|25|0|0|0|0|0
RZ1|CHK|24|2|50|0|0|0|10|0|0|0|1|0
RZ1|25|2|OP16-010|0|27|0|26|0|0|0|0|0
RZ1|CHK|25|2|50|0|0|0|10|0|0|0|1|0
RZ1|26|2|OP16-004|0|43|0|27|0|0|0|0|0
RZ1|CHK|26|2|50|0|0|0|10|0|0|0|1|0
RZ1|27|2|OP16-118|0|37|0|28|0|0|0|0|0
RZ1|CHK|27|2|50|0|0|0|10|0|0|0|1|0
RZ1|28|2|OP16-010|0|30|0|29|0|0|0|0|0
RZ1|CHK|28|2|50|0|0|0|10|0|0|0|1|0
RZ1|29|2|OP16-021|0|49|0|30|0|0|0|0|0
RZ1|CHK|29|2|50|0|0|0|10|0|0|0|1|0
RZ1|30|2|OP16-011|0|42|0|31|0|0|0|0|0
RZ1|CHK|30|2|50|0|0|0|10|0|0|0|1|0
RZ1|31|2|EB01-002|0|39|0|32|0|0|0|0|0
RZ1|CHK|31|2|50|0|0|0|10|0|0|0|1|0
RZ1|32|2|OP16-005|0|47|0|33|0|0|0|0|0
RZ1|CHK|32|2|50|0|0|0|10|0|0|0|1|0
RZ1|33|2|OP16-015|0|37|0|34|0|0|0|0|0
RZ1|CHK|33|2|50|0|0|0|10|0|0|0|1|0
RZ1|34|2|OP16-005|0|48|0|35|0|0|0|0|0
RZ1|CHK|34|2|50|0|0|0|10|0|0|0|1|0
RZ1|35|2|OP16-118|0|42|0|37|0|0|0|0|0
RZ1|CHK|35|2|50|0|0|0|10|0|0|0|1|0
RZ1|36|2|OP10-005|0|39|0|38|0|0|0|0|0
RZ1|CHK|36|2|50|0|0|0|10|0|0|0|1|0
RZ1|37|2|OP16-014|0|45|0|39|0|0|0|0|0
RZ1|CHK|37|2|50|0|0|0|10|0|0|0|1|0
RZ1|38|2|OP16-017|0|41|0|40|0|0|0|0|0
RZ1|CHK|38|2|50|0|0|0|10|0|0|0|1|0
RZ1|39|2|OP16-004|0|46|0|41|0|0|0|0|0
RZ1|CHK|39|2|50|0|0|0|10|0|0|0|1|0
RZ1|40|2|OP16-003|0|47|0|42|0|0|0|0|0
RZ1|CHK|40|2|50|0|0|0|10|0|0|0|1|0
RZ1|41|2|OP16-017|0|44|0|43|0|0|0|0|0
RZ1|CHK|41|2|50|0|0|0|10|0|0|0|1|0
RZ1|42|2|OP16-011|0|46|0|44|0|0|0|0|0
RZ1|CHK|42|2|50|0|0|0|10|0|0|0|1|0
RZ1|43|2|OP16-005|0|49|0|47|0|0|0|0|0
RZ1|CHK|43|2|50|0|0|0|10|0|0|0|1|0
RZ1|44|2|OP16-003|0|49|0|48|0|0|0|0|0
RZ1|CHK|44|2|50|0|0|0|10|0|0|0|1|0
[] Drew card from deck: Namule ["OP16-010">OP16-010]
RZ1|45|1|OP16-010|0|49|1|0|1|1|0|0|0
RZ1|CHK|45|1|49|1|0|0|10|0|0|0|1|0
[] Drew card from deck: Marco ["OP16-014">OP16-014]
RZ1|46|1|OP16-014|0|48|1|1|1|1|0|0|0
RZ1|CHK|46|1|48|2|0|0|10|0|0|0|1|0
[] Drew card from deck: LittleOars Jr. ["OP16-017">OP16-017]
RZ1|47|1|OP16-017|0|47|1|2|1|1|0|0|0
RZ1|CHK|47|1|47|3|0|0|10|0|0|0|1|0
[] Drew card from deck: Portgas D. Ace ["OP16-118">OP16-118]
RZ1|48|1|OP16-118|0|46|1|3|1|1|0|0|0
RZ1|CHK|48|1|46|4|0|0|10|0|0|0|1|0
[] Drew card from deck: Sanji ["OP10-005">OP10-005]
RZ1|49|1|OP10-005|0|45|1|4|1|1|0|0|0
RZ1|CHK|49|1|45|5|0|0|10|0|0|0|1|0
[] Drew card from deck: Vista ["OP16-011">OP16-011]
RZ1|50|2|OP16-011|0|49|1|0|1|1|0|0|0
RZ1|CHK|50|2|49|1|0|0|10|0|0|0|1|0
[] Drew card from deck: Edward Newgate ["OP16-003">OP16-003]
RZ1|51|2|OP16-003|0|48|1|1|1|1|0|0|0
RZ1|CHK|51|2|48|2|0|0|10|0|0|0|1|0
[] Drew card from deck: Thatch ["OP16-005">OP16-005]
RZ1|52|2|OP16-005|0|47|1|2|1|1|0|0|0
RZ1|CHK|52|2|47|3|0|0|10|0|0|0|1|0
[] Drew card from deck: Izou ["EB01-002">EB01-002]
RZ1|53|2|EB01-002|0|46|1|3|1|1|0|0|0
RZ1|CHK|53|2|46|4|0|0|10|0|0|0|1|0
[] Drew card from deck: Sanji ["OP10-005">OP10-005]
RZ1|54|2|OP10-005|0|45|1|4|1|1|0|0|0
RZ1|CHK|54|2|45|5|0|0|10|0|0|0|1|0
RZ1|55|1|OP16-010|1|0|0|45|0|0|0|0|0
RZ1|CHK|55|1|46|4|0|0|10|0|0|0|1|0
RZ1|56|1|OP16-014|1|0|0|46|0|0|0|0|0
RZ1|CHK|56|1|47|3|0|0|10|0|0|0|1|0
RZ1|57|1|OP16-017|1|0|0|47|0|0|0|0|0
RZ1|CHK|57|1|48|2|0|0|10|0|0|0|1|0
RZ1|58|1|OP16-118|1|0|0|48|0|0|0|0|0
RZ1|CHK|58|1|49|1|0|0|10|0|0|0|1|0
RZ1|59|1|OP10-005|1|0|0|49|0|0|0|0|0
RZ1|CHK|59|1|50|0|0|0|10|0|0|0|1|0
RZ1|60|1|OP16-014|0|46|0|0|0|0|0|0|0
RZ1|CHK|60|1|50|0|0|0|10|0|0|0|1|0
RZ1|61|1|OP16-015|0|10|0|1|0|0|0|0|0
RZ1|CHK|61|1|50|0|0|0|10|0|0|0|1|0
RZ1|62|1|OP16-017|0|43|0|3|0|0|0|0|0
RZ1|CHK|62|1|50|0|0|0|10|0|0|0|1|0
RZ1|63|1|OP10-005|0|8|0|4|0|0|0|0|0
RZ1|CHK|63|1|50|0|0|0|10|0|0|0|1|0
RZ1|64|1|OP16-021|0|15|0|5|0|0|0|0|0
RZ1|CHK|64|1|50|0|0|0|10|0|0|0|1|0
RZ1|65|1|OP16-010|0|24|0|6|0|0|0|0|0
RZ1|CHK|65|1|50|0|0|0|10|0|0|0|1|0
RZ1|66|1|OP16-005|0|40|0|7|0|0|0|0|0
RZ1|CHK|66|1|50|0|0|0|10|0|0|0|1|0
RZ1|67|1|OP16-005|0|32|0|8|0|0|0|0|0
RZ1|CHK|67|1|50|0|0|0|10|0|0|0|1|0
RZ1|68|1|OP10-005|0|14|0|9|0|0|0|0|0
RZ1|CHK|68|1|50|0|0|0|10|0|0|0|1|0
RZ1|69|1|OP16-014|0|30|0|10|0|0|0|0|0
RZ1|CHK|69|1|50|0|0|0|10|0|0|0|1|0
RZ1|70|1|OP16-015|0|38|0|11|0|0|0|0|0
RZ1|CHK|70|1|50|0|0|0|10|0|0|0|1|0
RZ1|71|1|OP16-004|0|20|0|12|0|0|0|0|0
RZ1|CHK|71|1|50|0|0|0|10|0|0|0|1|0
RZ1|72|1|OP16-011|0|45|0|13|0|0|0|0|0
RZ1|CHK|72|1|50|0|0|0|10|0|0|0|1|0
RZ1|73|1|OP10-005|0|49|0|14|0|0|0|0|0
RZ1|CHK|73|1|50|0|0|0|10|0|0|0|1|0
RZ1|74|1|OP16-003|0|34|0|15|0|0|0|0|0
RZ1|CHK|74|1|50|0|0|0|10|0|0|0|1|0
RZ1|75|1|OP16-118|0|22|0|16|0|0|0|0|0
RZ1|CHK|75|1|50|0|0|0|10|0|0|0|1|0
RZ1|76|1|OP16-011|0|36|0|17|0|0|0|0|0
RZ1|CHK|76|1|50|0|0|0|10|0|0|0|1|0
RZ1|77|1|OP16-017|0|48|0|18|0|0|0|0|0
RZ1|CHK|77|1|50|0|0|0|10|0|0|0|1|0
RZ1|78|1|OP16-118|0|49|0|19|0|0|0|0|0
RZ1|CHK|78|1|50|0|0|0|10|0|0|0|1|0
RZ1|79|1|OP16-014|0|25|0|20|0|0|0|0|0
RZ1|CHK|79|1|50|0|0|0|10|0|0|0|1|0
RZ1|80|1|OP16-017|0|40|0|21|0|0|0|0|0
RZ1|CHK|80|1|50|0|0|0|10|0|0|0|1|0
RZ1|81|1|OP16-118|0|38|0|22|0|0|0|0|0
RZ1|CHK|81|1|50|0|0|0|10|0|0|0|1|0
RZ1|82|1|OP16-003|0|47|0|23|0|0|0|0|0
RZ1|CHK|82|1|50|0|0|0|10|0|0|0|1|0
RZ1|83|1|OP16-010|0|37|0|24|0|0|0|0|0
RZ1|CHK|83|1|50|0|0|0|10|0|0|0|1|0
RZ1|84|1|OP14-018|0|34|0|25|0|0|0|0|0
RZ1|CHK|84|1|50|0|0|0|10|0|0|0|1|0
RZ1|85|1|OP16-004|0|40|0|26|0|0|0|0|0
RZ1|CHK|85|1|50|0|0|0|10|0|0|0|1|0
RZ1|86|1|OP16-003|0|32|0|27|0|0|0|0|0
RZ1|CHK|86|1|50|0|0|0|10|0|0|0|1|0
RZ1|87|1|OP13-016|0|35|0|28|0|0|0|0|0
RZ1|CHK|87|1|50|0|0|0|10|0|0|0|1|0
RZ1|88|1|OP16-010|0|49|0|29|0|0|0|0|0
RZ1|CHK|88|1|50|0|0|0|10|0|0|0|1|0
RZ1|89|1|OP16-021|0|36|0|30|0|0|0|0|0
RZ1|CHK|89|1|50|0|0|0|10|0|0|0|1|0
RZ1|90|1|OP16-004|0|34|0|31|0|0|0|0|0
RZ1|CHK|90|1|50|0|0|0|10|0|0|0|1|0
RZ1|91|1|OP16-015|0|36|0|32|0|0|0|0|0
RZ1|CHK|91|1|50|0|0|0|10|0|0|0|1|0
RZ1|92|1|OP16-005|0|37|0|33|0|0|0|0|0
RZ1|CHK|92|1|50|0|0|0|10|0|0|0|1|0
RZ1|93|1|OP16-011|0|38|0|34|0|0|0|0|0
RZ1|CHK|93|1|50|0|0|0|10|0|0|0|1|0
RZ1|94|1|OP16-021|0|37|0|35|0|0|0|0|0
RZ1|CHK|94|1|50|0|0|0|10|0|0|0|1|0
RZ1|95|1|OP16-015|0|39|0|36|0|0|0|0|0
RZ1|CHK|95|1|50|0|0|0|10|0|0|0|1|0
RZ1|96|1|OP16-014|0|42|0|37|0|0|0|0|0
RZ1|CHK|96|1|50|0|0|0|10|0|0|0|1|0
RZ1|97|1|OP16-003|0|41|0|39|0|0|0|0|0
RZ1|CHK|97|1|50|0|0|0|10|0|0|0|1|0
RZ1|98|1|OP16-005|0|47|0|40|0|0|0|0|0
RZ1|CHK|98|1|50|0|0|0|10|0|0|0|1|0
RZ1|99|1|EB01-002|0|48|0|41|0|0|0|0|0
RZ1|CHK|99|1|50|0|0|0|10|0|0|0|1|0
RZ1|100|1|OP16-011|0|46|0|42|0|0|0|0|0
RZ1|CHK|100|1|50|0|0|0|10|0|0|0|1|0
RZ1|101|1|OP16-021|0|46|0|43|0|0|0|0|0
RZ1|CHK|101|1|50|0|0|0|10|0|0|0|1|0
RZ1|102|1|OP16-017|0|47|0|46|0|0|0|0|0
RZ1|CHK|102|1|50|0|0|0|10|0|0|0|1|0
RZ1|103|1|OP13-016|0|48|0|47|0|0|0|0|0
RZ1|CHK|103|1|50|0|0|0|10|0|0|0|1|0
RZ1|104|1|OP14-018|0|49|0|48|0|0|0|0|0
RZ1|CHK|104|1|50|0|0|0|10|0|0|0|1|0
[] Drew card from deck: Monkey D. Garp ["OP13-016">OP13-016]
RZ1|105|1|OP13-016|0|49|1|0|1|1|0|0|0
RZ1|CHK|105|1|49|1|0|0|10|0|0|0|1|0
[] Drew card from deck: Time for the Counter-Attack ["OP14-018">OP14-018]
RZ1|106|1|OP14-018|0|48|1|1|1|1|0|0|0
RZ1|CHK|106|1|48|2|0|0|10|0|0|0|1|0
[] Drew card from deck: Monkey D. Garp ["OP13-016">OP13-016]
RZ1|107|1|OP13-016|0|47|1|2|1|1|0|0|0
RZ1|CHK|107|1|47|3|0|0|10|0|0|0|1|0
[] Drew card from deck: LittleOars Jr. ["OP16-017">OP16-017]
RZ1|108|1|OP16-017|0|46|1|3|1|1|0|0|0
RZ1|CHK|108|1|46|4|0|0|10|0|0|0|1|0
[] Drew card from deck: Izou ["EB01-002">EB01-002]
RZ1|109|1|EB01-002|0|45|1|4|1|1|0|0|0
RZ1|CHK|109|1|45|5|0|0|10|0|0|0|1|0
RZ1|110|1|OP16-004|0|44|3|0|1|0|0|0|0
RZ1|CHK|110|1|44|5|0|1|10|0|0|0|1|0
RZ1|111|1|OP16-021|0|43|3|1|1|0|0|0|0
RZ1|CHK|111|1|43|5|0|2|10|0|0|0|1|0
RZ1|112|1|OP16-011|0|42|3|2|1|0|0|0|0
RZ1|CHK|112|1|42|5|0|3|10|0|0|0|1|0
RZ1|113|1|EB01-002|0|41|3|3|1|0|0|0|0
RZ1|CHK|113|1|41|5|0|4|10|0|0|0|1|0
RZ1|114|1|OP16-005|0|40|3|4|1|0|0|0|0
RZ1|CHK|114|1|40|5|0|5|10|0|0|0|1|0
[] Hand after Mulligan: [OP13-016,OP14-018,OP13-016,OP16-017,EB01-002]
[You] Mulligan
RZ1|115|2|OP16-011|0|44|3|0|0|1|0|0|0
RZ1|CHK|115|2|44|5|0|1|10|0|0|0|1|0
RZ1|116|2|OP16-017|0|43|3|1|0|1|0|0|0
RZ1|CHK|116|2|43|5|0|2|10|0|0|0|1|0
RZ1|117|2|OP16-003|0|42|3|2|0|1|0|0|0
RZ1|CHK|117|2|42|5|0|3|10|0|0|0|1|0
RZ1|118|2|OP16-004|0|41|3|3|0|1|0|0|0
RZ1|CHK|118|2|41|5|0|4|10|0|0|0|1|0
RZ1|119|2|OP16-017|0|40|3|4|0|1|0|0|0
RZ1|CHK|119|2|40|5|0|5|10|0|0|0|1|0
[] Hand: [OP13-016,OP14-018,OP13-016,OP16-017,EB01-002]
[] Board: []
[] Trash: []
[] Life: 5
[] Hand: [OP16-011,OP16-003,OP16-005,EB01-002,OP10-005]
[] Trash: []
[] Board: []
[] Life: 5
RZ1|120|1|Don|4|9|5|0|1|1|0|0|0
RZ1|CHK|120|1|40|5|0|5|9|1|0|0|1|0
[You] Draw 1 Don
RZ1|121|1|Don|5|0|5|0|1|1|1|0|0
RZ1|CHK|121|1|40|5|0|5|9|1|0|0|1|0
[You] Deploy Monkey D. Garp ["OP13-016">OP13-016]
RZ1|122|1|OP13-016|1|2|2|0|1|1|0|0|0
RZ1|CHK|122|1|40|4|1|5|9|1|0|0|1|0
RZ1|123|1|OP16-003|0|39|1|4|1|1|0|0|0
RZ1|CHK|123|1|39|5|1|5|9|1|0|0|1|0
[You] Monkey D. Garp ["OP13-016">OP13-016]: <b>Reveal and Draw Edward Newgate ["OP16-003">OP16-003]</b>
[You] Placing Cards on Bottom of Deck
RZ1|124|1|OP16-010|0|38|0|0|0|0|0|0|0
RZ1|CHK|124|1|39|5|1|5|9|1|0|0|1|0
RZ1|125|1|OP16-014|0|38|0|0|0|0|0|0|0
RZ1|CHK|125|1|39|5|1|5|9|1|0|0|1|0
RZ1|126|1|OP16-015|0|38|0|0|0|0|0|0|0
RZ1|CHK|126|1|39|5|1|5|9|1|0|0|1|0
[] Hand: [OP13-016,OP14-018,OP16-017,EB01-002,OP16-003]
[] Board: [OP13-016]
[] Trash: []
[] Life: 5
[] Hand: [OP16-011,OP16-003,OP16-005,EB01-002,OP10-005]
[] Trash: []
[] Board: []
[] Life: 5
[You] End Turn
[] Hand: [OP16-011,OP16-003,OP16-005,EB01-002,OP10-005]
[] Board: []
[] Trash: []
[] Life: 5
[] Hand: [OP13-016,OP14-018,OP16-017,EB01-002,OP16-003]
[] Trash: []
[] Board: [OP13-016]
[] Life: 5
[Opponent] Draw 1 Card
[] Drew card from deck: Marco ["OP16-014">OP16-014]
RZ1|127|2|OP16-014|0|39|1|5|1|1|0|0|0
RZ1|CHK|127|2|39|6|0|5|10|0|0|0|1|0
RZ1|128|2|Don|4|9|5|0|1|1|0|0|0
RZ1|CHK|128|2|39|6|0|5|9|1|0|0|1|0
RZ1|129|2|Don|4|8|5|1|1|1|0|0|0
RZ1|CHK|129|2|39|6|0|5|8|2|0|0|1|0
[Opponent] Draw 2 Don
[] Hand: [OP16-011,OP16-003,OP16-005,EB01-002,OP10-005,OP16-014]
[] Board: []
[] Trash: []
[] Life: 5
[] Hand: [OP13-016,OP14-018,OP16-017,EB01-002,OP16-003]
[] Trash: []
[] Board: [OP13-016]
[] Life: 5
[Opponent] End Turn
[] Hand: [OP13-016,OP14-018,OP16-017,EB01-002,OP16-003]
[] Board: [OP13-016]
[] Trash: []
[] Life: 5
[] Hand: [OP16-011,OP16-003,OP16-005,EB01-002,OP10-005,OP16-014]
[] Trash: []
[] Board: []
[] Life: 5
[You] Draw 1 Card
[] Drew card from deck: Moby Dick ["OP16-021">OP16-021]
RZ1|130|1|OP16-021|0|38|1|5|1|1|0|0|0
RZ1|CHK|130|1|38|6|1|5|9|1|0|0|1|0
RZ1|131|1|Don|4|8|5|1|1|1|0|0|0
RZ1|CHK|131|1|38|6|1|5|8|2|0|0|1|0
RZ1|132|1|Don|4|7|5|2|1|1|0|0|0
RZ1|CHK|132|1|38|6|1|5|7|3|0|0|1|0
[You] Draw 2 Don
RZ1|133|1|Don|5|0|5|0|1|1|1|0|0
RZ1|CHK|133|1|38|6|1|5|7|3|0|0|1|0
[You] Deploy Moby Dick ["OP16-021">OP16-021]
RZ1|134|1|OP16-021|1|5|7|0|1|1|0|0|0
RZ1|CHK|134|1|38|5|1|5|7|3|0|1|1|0
RZ1|135|1|OP16-015|0|35|1|5|1|1|0|0|0
RZ1|CHK|135|1|37|6|1|5|7|3|0|1|1|0
[You] Moby Dick ["OP16-021">OP16-021]: Added 1 Cards to Hand
[You] Placing Cards on Bottom of Deck
RZ1|136|1|OP16-011|0|36|0|0|0|0|0|0|0
RZ1|CHK|136|1|37|6|1|5|7|3|0|1|1|0
RZ1|137|1|OP16-005|0|36|0|0|0|0|0|0|0
RZ1|CHK|137|1|37|6|1|5|7|3|0|1|1|0
[You] Moby Dick ["OP16-021">OP16-021]: Trash Moby Dick ["OP16-021">OP16-021]
RZ1|138|1|OP16-021|7|0|6|0|1|1|0|0|0
RZ1|CHK|138|1|37|6|1|5|7|3|1|0|1|0
[You] Moby Dick ["OP16-021">OP16-021]: Attach 1 Rested Don to Monkey D. Garp ["OP13-016">OP13-016]
RZ1|139|1|Don|5|0|9|0|1|1|1|0|0
RZ1|CHK|139|1|37|6|1|5|7|2|1|0|1|1
[You] Attach 1 Don to Monkey D. Garp ["OP13-016">OP13-016] (2 Total)
RZ1|140|1|Don|5|1|9|1|1|1|0|0|0
RZ1|CHK|140|1|37|6|1|5|7|1|1|0|1|2
[You] Attach 1 Don to Monkey D. Garp ["OP13-016">OP13-016] (3 Total)
RZ1|141|1|Don|5|0|9|2|1|1|0|0|0
RZ1|CHK|141|1|37|6|1|5|7|0|1|0|1|3
[You] Monkey D. Garp ["OP13-016">OP13-016] attacking Portgas D. Ace ["OP16-001">OP16-001]
[Opponent] Discard Thatch ["OP16-005">OP16-005] for Counter 1000
RZ1|142|2|OP16-005|1|2|6|0|1|1|0|0|0
RZ1|CHK|142|2|39|5|0|5|8|2|1|0|1|0
Monkey D. Garp ["OP13-016">OP13-016][5000] vs Portgas D. Ace ["OP16-001">OP16-001][6000]
Attack Fails
[You] Portgas D. Ace ["OP16-001">OP16-001] attacking Portgas D. Ace ["OP16-001">OP16-001]
Portgas D. Ace ["OP16-001">OP16-001][5000] vs Portgas D. Ace ["OP16-001">OP16-001][5000]
Portgas D. Ace ["OP16-001">OP16-001] hit for 1 damage
RZ1|143|2|OP16-017|3|4|1|5|1|1|0|0|0
RZ1|CHK|143|2|39|6|0|4|8|2|1|0|1|0
[] Hand: [OP13-016,OP14-018,OP16-017,EB01-002,OP16-003,OP16-015]
[] Board: [OP13-016]
[] Trash: [OP16-021]
[] Life: 5
[] Hand: [OP16-011,OP16-003,EB01-002,OP10-005,OP16-014,OP16-017]
[] Trash: [OP16-005]
[] Board: []
[] Life: 4
[You] End Turn
[] Hand: [OP16-011,OP16-003,EB01-002,OP10-005,OP16-014,OP16-017]
[] Board: []
[] Trash: [OP16-005]
[] Life: 4
[] Hand: [OP13-016,OP14-018,OP16-017,EB01-002,OP16-003,OP16-015]
[] Trash: [OP16-021]
[] Board: [OP13-016]
[] Life: 5
[Opponent] Draw 1 Card
[] Drew card from deck: Sanji ["OP10-005">OP10-005]
RZ1|144|2|OP10-005|0|38|1|6|1|1|0|0|0
RZ1|CHK|144|2|38|7|0|4|8|2|1|0|1|0
RZ1|145|2|Don|4|7|5|2|1|1|0|0|0
RZ1|CHK|145|2|38|7|0|4|7|3|1|0|1|0
RZ1|146|2|Don|4|6|5|3|1|1|0|0|0
RZ1|CHK|146|2|38|7|0|4|6|4|1|0|1|0
[Opponent] Draw 2 Don
[Opponent] Portgas D. Ace ["OP16-001">OP16-001] attacking Portgas D. Ace ["OP16-001">OP16-001]
Portgas D. Ace ["OP16-001">OP16-001][5000] vs Portgas D. Ace ["OP16-001">OP16-001][5000]
Portgas D. Ace ["OP16-001">OP16-001] hit for 1 damage
RZ1|147|1|OP16-005|3|4|1|6|1|1|0|0|0
RZ1|CHK|147|1|37|7|1|4|7|0|1|0|1|3
RZ1|148|2|Don|5|0|5|0|1|1|1|0|0
RZ1|CHK|148|2|38|7|0|4|6|4|1|0|1|0
RZ1|149|2|Don|5|1|5|1|1|1|1|0|0
RZ1|CHK|149|2|38|7|0|4|6|4|1|0|1|0
RZ1|150|2|Don|5|2|5|2|1|1|1|0|0
RZ1|CHK|150|2|38|7|0|4|6|4|1|0|1|0
RZ1|151|2|Don|5|3|5|3|1|1|1|0|0
RZ1|CHK|151|2|38|7|0|4|6|4|1|0|1|0
[Opponent] Deploy LittleOars Jr. ["OP16-017">OP16-017]
RZ1|152|2|OP16-017|1|5|2|0|1|1|0|-4000|0
RZ1|CHK|152|2|38|6|1|4|6|4|1|0|1|0
[] Hand: [OP16-011,OP16-003,EB01-002,OP10-005,OP16-014,OP10-005]
[] Board: [OP16-017]
[] Trash: [OP16-005]
[] Life: 4
[] Hand: [OP13-016,OP14-018,OP16-017,EB01-002,OP16-003,OP16-015,OP16-005]
[] Trash: [OP16-021]
[] Board: [OP13-016]
[] Life: 4
[Opponent] End Turn
[] Hand: [OP13-016,OP14-018,OP16-017,EB01-002,OP16-003,OP16-015,OP16-005]
[] Board: [OP13-016]
[] Trash: [OP16-021]
[] Life: 4
[] Hand: [OP16-011,OP16-003,EB01-002,OP10-005,OP16-014,OP10-005]
[] Trash: [OP16-005]
[] Board: [OP16-017]
[] Life: 4
RZ1|153|1|Don|9|0|5|0|1|1|1|0|0
RZ1|CHK|153|1|37|7|1|4|7|1|1|0|1|2
RZ1|154|1|Don|9|0|5|0|1|1|1|0|0
RZ1|CHK|154|1|37|7|1|4|7|2|1|0|1|1
RZ1|155|1|Don|9|0|5|0|1|1|1|0|0
RZ1|CHK|155|1|37|7|1|4|7|3|1|0|1|0
[You] Draw 1 Card
[] Drew card from deck: Curiel ["OP16-004">OP16-004]
RZ1|156|1|OP16-004|0|36|1|7|1|1|0|0|0
RZ1|CHK|156|1|36|8|1|4|7|3|1|0|1|0
RZ1|157|1|Don|4|6|5|3|1|1|0|0|0
RZ1|CHK|157|1|36|8|1|4|6|4|1|0|1|0
RZ1|158|1|Don|4|5|5|4|1|1|0|0|0
RZ1|CHK|158|1|36|8|1|4|5|5|1|0|1|0
[You] Draw 2 Don
[You] Portgas D. Ace ["OP16-001">OP16-001] attacking Portgas D. Ace ["OP16-001">OP16-001]
[Opponent] Discard Sanji ["OP10-005">OP10-005] for Counter 1000
RZ1|159|2|OP10-005|1|3|6|1|1|1|0|0|0
RZ1|CHK|159|2|38|5|1|4|6|4|2|0|1|0
Portgas D. Ace ["OP16-001">OP16-001][5000] vs Portgas D. Ace ["OP16-001">OP16-001][6000]
Attack Fails
RZ1|160|1|Don|5|0|5|0|1|1|1|0|0
RZ1|CHK|160|1|36|8|1|4|5|5|1|0|1|0
RZ1|161|1|Don|5|1|5|1|1|1|1|0|0
RZ1|CHK|161|1|36|8|1|4|5|5|1|0|1|0
RZ1|162|1|Don|5|2|5|2|1|1|1|0|0
RZ1|CHK|162|1|36|8|1|4|5|5|1|0|1|0
RZ1|163|1|Don|5|3|5|3|1|1|1|0|0
RZ1|CHK|163|1|36|8|1|4|5|5|1|0|1|0
[You] Deploy Monkey D. Luffy ["OP16-015">OP16-015]
RZ1|164|1|OP16-015|1|5|2|1|1|1|0|0|0
RZ1|CHK|164|1|36|7|2|4|5|5|1|0|1|0
RZ1|165|1|Don|5|4|5|4|1|1|1|0|0
RZ1|CHK|165|1|36|7|2|4|5|5|1|0|1|0
[You] Deploy Monkey D. Garp ["OP13-016">OP13-016]
RZ1|166|1|OP13-016|1|0|2|2|1|1|0|0|0
RZ1|CHK|166|1|36|6|3|4|5|5|1|0|1|0
RZ1|167|1|OP16-003|0|32|1|6|1|1|0|0|0
RZ1|CHK|167|1|35|7|3|4|5|5|1|0|1|0
[You] Monkey D. Garp ["OP13-016">OP13-016]: <b>Reveal and Draw Edward Newgate ["OP16-003">OP16-003]</b>
[You] Placing Cards on Bottom of Deck
RZ1|168|1|OP16-021|0|34|0|0|0|0|0|0|0
RZ1|CHK|168|1|35|7|3|4|5|5|1|0|1|0
RZ1|169|1|OP16-010|0|34|0|0|0|0|0|0|0
RZ1|CHK|169|1|35|7|3|4|5|5|1|0|1|0
RZ1|170|1|OP13-016|0|34|0|0|0|0|0|0|0
RZ1|CHK|170|1|35|7|3|4|5|5|1|0|1|0
[] Hand: [OP14-018,OP16-017,EB01-002,OP16-003,OP16-005,OP16-004,OP16-003]
[] Board: [OP13-016,OP16-015,OP13-016]
[] Trash: [OP16-021]
[] Life: 4
[] Hand: [OP16-011,OP16-003,EB01-002,OP16-014,OP10-005]
[] Trash: [OP16-005,OP10-005]
[] Board: [OP16-017]
[] Life: 4
[You] End Turn
[] Hand: [OP16-011,OP16-003,EB01-002,OP16-014,OP10-005]
[] Board: [OP16-017]
[] Trash: [OP16-005,OP10-005]
[] Life: 4
[] Hand: [OP14-018,OP16-017,EB01-002,OP16-003,OP16-005,OP16-004,OP16-003]
[] Trash: [OP16-021]
[] Board: [OP13-016,OP16-015,OP13-016]
[] Life: 4
[Opponent] Draw 1 Card
[] Drew card from deck: Portgas D. Ace ["OP16-118">OP16-118]
RZ1|171|2|OP16-118|0|37|1|5|1|1|0|0|0
RZ1|CHK|171|2|37|6|1|4|6|4|2|0|1|0
RZ1|172|2|Don|4|5|5|4|1|1|0|0|0
RZ1|CHK|172|2|37|6|1|4|5|5|2|0|1|0
RZ1|173|2|Don|4|4|5|5|1|1|0|0|0
RZ1|CHK|173|2|37|6|1|4|4|6|2|0|1|0
[Opponent] Draw 2 Don
[Opponent] Portgas D. Ace ["OP16-001">OP16-001] attacking Portgas D. Ace ["OP16-001">OP16-001]
[You] Discard Thatch ["OP16-005">OP16-005] for Counter 1000
RZ1|174|1|OP16-005|1|4|6|1|1|1|0|0|0
RZ1|CHK|174|1|35|6|3|4|5|5|2|0|1|0
Portgas D. Ace ["OP16-001">OP16-001][5000] vs Portgas D. Ace ["OP16-001">OP16-001][6000]
Attack Fails
RZ1|175|2|Don|5|0|9|0|1|1|0|0|0
RZ1|CHK|175|2|37|6|1|4|4|5|2|0|1|1
[Opponent] Attach 1 Don to LittleOars Jr. ["OP16-017">OP16-017] (1 Total)
[Opponent] LittleOars Jr. ["OP16-017">OP16-017] attacking Portgas D. Ace ["OP16-001">OP16-001]
[You] Discard LittleOars Jr. ["OP16-017">OP16-017] for Counter 1000
RZ1|176|1|OP16-017|1|1|6|2|1|1|0|0|0
RZ1|CHK|176|1|35|5|3|4|5|5|3|0|1|0
LittleOars Jr. ["OP16-017">OP16-017][5000] vs Portgas D. Ace ["OP16-001">OP16-001][6000]
Attack Fails
RZ1|177|2|Don|5|0|5|0|1|1|1|0|0
RZ1|CHK|177|2|37|6|1|4|4|5|2|0|1|1
RZ1|178|2|Don|5|1|5|1|1|1|1|0|0
RZ1|CHK|178|2|37|6|1|4|4|5|2|0|1|1
RZ1|179|2|Don|5|2|5|2|1|1|1|0|0
RZ1|CHK|179|2|37|6|1|4|4|5|2|0|1|1
RZ1|180|2|Don|5|3|5|3|1|1|1|0|0
RZ1|CHK|180|2|37|6|1|4|4|5|2|0|1|1
RZ1|181|2|Don|5|4|5|4|1|1|1|0|0
RZ1|CHK|181|2|37|6|1|4|4|5|2|0|1|1
[Opponent] Deploy Izou ["EB01-002">EB01-002]
RZ1|182|2|EB01-002|1|2|2|1|1|1|0|0|0
RZ1|CHK|182|2|37|5|2|4|4|5|2|0|1|1
[Opponent] Izou ["EB01-002">EB01-002]: Attach 1 Rested Don to Izou ["EB01-002">EB01-002]
RZ1|183|2|Don|5|0|9|100|1|1|1|0|0
RZ1|CHK|183|2|37|5|2|4|4|4|2|0|1|2
[] Hand: [OP16-011,OP16-003,OP16-014,OP10-005,OP16-118]
[] Board: [OP16-017,EB01-002]
[] Trash: [OP16-005,OP10-005]
[] Life: 4
[] Hand: [OP14-018,EB01-002,OP16-003,OP16-004,OP16-003]
[] Trash: [OP16-021,OP16-005,OP16-017]
[] Board: [OP13-016,OP16-015,OP13-016]
[] Life: 4
[Opponent] End Turn
[] Hand: [OP14-018,EB01-002,OP16-003,OP16-004,OP16-003]
[] Board: [OP13-016,OP16-015,OP13-016]
[] Trash: [OP16-021,OP16-005,OP16-017]
[] Life: 4
[] Hand: [OP16-011,OP16-003,OP16-014,OP10-005,OP16-118]
[] Trash: [OP16-005,OP10-005]
[] Board: [OP16-017,EB01-002]
[] Life: 4
[You] Draw 1 Card
[] Drew card from deck: Curiel ["OP16-004">OP16-004]
RZ1|184|1|OP16-004|0|34|1|5|1|1|0|0|0
RZ1|CHK|184|1|34|6|3|4|5|5|3|0|1|0
RZ1|185|1|Don|4|4|5|5|1|1|0|0|0
RZ1|CHK|185|1|34|6|3|4|4|6|3|0|1|0
RZ1|186|1|Don|4|3|5|6|1|1|0|0|0
RZ1|CHK|186|1|34|6|3|4|3|7|3|0|1|0
[You] Draw 2 Don
RZ1|187|1|Don|5|0|5|0|1|1|1|0|0
RZ1|CHK|187|1|34|6|3|4|3|7|3|0|1|0
RZ1|188|1|Don|5|1|5|1|1|1|1|0|0
RZ1|CHK|188|1|34|6|3|4|3|7|3|0|1|0
RZ1|189|1|Don|5|2|5|2|1|1|1|0|0
RZ1|CHK|189|1|34|6|3|4|3|7|3|0|1|0
RZ1|190|1|Don|5|3|5|3|1|1|1|0|0
RZ1|CHK|190|1|34|6|3|4|3|7|3|0|1|0
RZ1|191|1|Don|5|4|5|4|1|1|1|0|0
RZ1|CHK|191|1|34|6|3|4|3|7|3|0|1|0
[You] Deploy Izou ["EB01-002">EB01-002]
RZ1|192|1|EB01-002|1|1|2|3|1|1|0|0|0
RZ1|CHK|192|1|34|5|4|4|3|7|3|0|1|0
[You] Izou ["EB01-002">EB01-002]: Attach 1 Rested Don to Monkey D. Garp ["OP13-016">OP13-016]
RZ1|193|1|Don|5|0|9|200|1|1|1|0|0
RZ1|CHK|193|1|34|5|4|4|3|6|3|0|1|1
[You] Attach 1 Don to Monkey D. Garp ["OP13-016">OP13-016] (2 Total)
RZ1|194|1|Don|5|5|9|201|1|1|0|0|0
RZ1|CHK|194|1|34|5|4|4|3|5|3|0|1|2
[You] Attach 1 Don to Monkey D. Garp ["OP13-016">OP13-016] (3 Total)
RZ1|195|1|Don|5|4|9|202|1|1|0|0|0
RZ1|CHK|195|1|34|5|4|4|3|4|3|0|1|3
[You] Monkey D. Garp ["OP13-016">OP13-016] attacking Portgas D. Ace ["OP16-001">OP16-001]
RZ1|196|2|OP16-011|1|0|6|2|1|1|0|0|0
RZ1|CHK|196|2|37|4|2|4|4|4|3|0|1|2
[Opponent] Izou ["EB01-002">EB01-002]: Trash Vista ["OP16-011">OP16-011]
[Opponent] Izou ["EB01-002">EB01-002]: Buff Izou ["EB01-002">EB01-002] -2000
[Opponent] Discard Sanji ["OP10-005">OP10-005] for Counter 1000
RZ1|197|2|OP10-005|1|2|6|3|1|1|0|0|0
RZ1|CHK|197|2|37|3|2|4|4|4|4|0|1|2
Monkey D. Garp ["OP13-016">OP13-016][5000] vs Portgas D. Ace ["OP16-001">OP16-001][6000]
Attack Fails
[You] Monkey D. Luffy ["OP16-015">OP16-015] attacking Portgas D. Ace ["OP16-001">OP16-001]
Monkey D. Luffy ["OP16-015">OP16-015][6000] vs Portgas D. Ace ["OP16-001">OP16-001][5000]
Portgas D. Ace ["OP16-001">OP16-001] hit for 1 damage
RZ1|198|2|OP16-004|3|3|1|3|1|1|0|0|0
RZ1|CHK|198|2|37|4|2|3|4|4|4|0|1|2
[You] Portgas D. Ace ["OP16-001">OP16-001] attacking Portgas D. Ace ["OP16-001">OP16-001]
[Opponent] Discard Curiel ["OP16-004">OP16-004] for Counter 2000
RZ1|199|2|OP16-004|1|3|6|4|1|1|0|0|0
RZ1|CHK|199|2|37|3|2|3|4|4|5|0|1|2
Portgas D. Ace ["OP16-001">OP16-001][5000] vs Portgas D. Ace ["OP16-001">OP16-001][7000]
Attack Fails
[] Hand: [OP14-018,OP16-003,OP16-004,OP16-003,OP16-004]
[] Board: [OP13-016,OP16-015,OP13-016,EB01-002]
[] Trash: [OP16-021,OP16-005,OP16-017]
[] Life: 4
[] Hand: [OP16-003,OP16-014,OP16-118]
[] Trash: [OP16-005,OP10-005,OP16-011,OP10-005,OP16-004]
[] Board: [OP16-017,EB01-002]
[] Life: 3
[You] End Turn
[] Hand: [OP16-003,OP16-014,OP16-118]
[] Board: [OP16-017,EB01-002]
[] Trash: [OP16-005,OP10-005,OP16-011,OP10-005,OP16-004]
[] Life: 3
[] Hand: [OP14-018,OP16-003,OP16-004,OP16-003,OP16-004]
[] Trash: [OP16-021,OP16-005,OP16-017]
[] Board: [OP13-016,OP16-015,OP13-016,EB01-002]
[] Life: 4
RZ1|200|2|Don|9|0|5|0|1|1|1|0|0
RZ1|CHK|200|2|37|3|2|3|4|5|5|0|1|1
RZ1|201|2|Don|9|100|5|0|1|1|1|0|0
RZ1|CHK|201|2|37|3|2|3|4|6|5|0|1|0
[Opponent] Draw 1 Card
[] Drew card from deck: Monkey D. Garp ["OP13-016">OP13-016]
RZ1|202|2|OP13-016|0|36|1|3|1|1|0|0|0
RZ1|CHK|202|2|36|4|2|3|4|6|5|0|1|0
RZ1|203|2|Don|4|3|5|6|1|1|0|0|0
RZ1|CHK|203|2|36|4|2|3|3|7|5|0|1|0
RZ1|204|2|Don|4|2|5|7|1|1|0|0|0
RZ1|CHK|204|2|36|4|2|3|2|8|5|0|1|0
[Opponent] Draw 2 Don
[Opponent] Izou ["EB01-002">EB01-002] attacking Portgas D. Ace ["OP16-001">OP16-001]
Izou ["EB01-002">EB01-002][7000] vs Portgas D. Ace ["OP16-001">OP16-001][5000]
Portgas D. Ace ["OP16-001">OP16-001] hit for 1 damage
RZ1|205|1|EB01-002|3|3|1|5|1|1|0|0|0
RZ1|CHK|205|1|34|6|4|3|3|4|3|0|1|3
[Opponent] Portgas D. Ace ["OP16-001">OP16-001] attacking Portgas D. Ace ["OP16-001">OP16-001]
RZ1|206|1|OP16-004|1|4|6|3|1|1|0|0|0
RZ1|CHK|206|1|34|5|4|3|3|4|4|0|1|3
[You] Monkey D. Luffy ["OP16-015">OP16-015]: Trash Curiel ["OP16-004">OP16-004]
[You] Monkey D. Luffy ["OP16-015">OP16-015]: Set Monkey D. Luffy ["OP16-015">OP16-015] Base Power to 1000
[You] Monkey D. Luffy ["OP16-015">OP16-015]: Set Portgas D. Ace ["OP16-001">OP16-001] Base Power to 2000
Portgas D. Ace ["OP16-001">OP16-001][5000] vs Portgas D. Ace ["OP16-001">OP16-001][7000]
Attack Fails
RZ1|207|2|Don|5|0|5|0|1|1|1|0|0
RZ1|CHK|207|2|36|4|2|3|2|8|5|0|1|0
RZ1|208|2|Don|5|1|5|1|1|1|1|0|0
RZ1|CHK|208|2|36|4|2|3|2|8|5|0|1|0
RZ1|209|2|Don|5|2|5|2|1|1|1|0|0
RZ1|CHK|209|2|36|4|2|3|2|8|5|0|1|0
RZ1|210|2|Don|5|3|5|3|1|1|1|0|0
RZ1|CHK|210|2|36|4|2|3|2|8|5|0|1|0
RZ1|211|2|Don|5|4|5|4|1|1|1|0|0
RZ1|CHK|211|2|36|4|2|3|2|8|5|0|1|0
RZ1|212|2|Don|5|5|5|5|1|1|1|0|0
RZ1|CHK|212|2|36|4|2|3|2|8|5|0|1|0
RZ1|213|2|Don|5|6|5|6|1|1|1|0|0
RZ1|CHK|213|2|36|4|2|3|2|8|5|0|1|0
RZ1|214|2|Don|5|7|5|7|1|1|1|0|0
RZ1|CHK|214|2|36|4|2|3|2|8|5|0|1|0
[Opponent] Deploy Edward Newgate ["OP16-003">OP16-003]
RZ1|215|2|OP16-003|1|0|2|2|1|1|0|0|0
RZ1|CHK|215|2|36|3|3|3|2|8|5|0|1|0
[Opponent] LittleOars Jr. ["OP16-017">OP16-017] attacking Portgas D. Ace ["OP16-001">OP16-001]
[You] Discard Curiel ["OP16-004">OP16-004] for Counter 2000
RZ1|216|1|OP16-004|1|2|6|4|1|1|0|0|0
RZ1|CHK|216|1|34|4|4|3|3|4|5|0|1|3
LittleOars Jr. ["OP16-017">OP16-017][8000] vs Portgas D. Ace ["OP16-001">OP16-001][9000]
Attack Fails
[Opponent] Portgas D. Ace ["OP16-001">OP16-001]: Give Edward Newgate ["OP16-003">OP16-003] Rush
[Opponent] Edward Newgate ["OP16-003">OP16-003] attacking Portgas D. Ace ["OP16-001">OP16-001]
Edward Newgate ["OP16-003">OP16-003][10000] vs Portgas D. Ace ["OP16-001">OP16-001][7000]
Portgas D. Ace ["OP16-001">OP16-001] hit for 1 damage
RZ1|217|1|OP16-011|3|2|1|4|1|1|0|0|0
RZ1|CHK|217|1|34|5|4|2|3|4|5|0|1|3
[] Hand: [OP16-014,OP16-118,OP13-016]
[] Board: [OP16-017,EB01-002,OP16-003]
[] Trash: [OP16-005,OP10-005,OP16-011,OP10-005,OP16-004]
[] Life: 3
[] Hand: [OP14-018,OP16-003,OP16-003,EB01-002,OP16-011]
[] Trash: [OP16-021,OP16-005,OP16-017,OP16-004,OP16-004]
[] Board: [OP13-016,OP16-015,OP13-016,EB01-002]
[] Life: 2
[Opponent] End Turn
[] Hand: [OP14-018,OP16-003,OP16-003,EB01-002,OP16-011]
[] Board: [OP13-016,OP16-015,OP13-016,EB01-002]
[] Trash: [OP16-021,OP16-005,OP16-017,OP16-004,OP16-004]
[] Life: 2
[] Hand: [OP16-014,OP16-118,OP13-016]
[] Trash: [OP16-005,OP10-005,OP16-011,OP10-005,OP16-004]
[] Board: [OP16-017,EB01-002,OP16-003]
[] Life: 3
RZ1|218|1|Don|9|200|5|0|1|1|1|0|0
RZ1|CHK|218|1|34|5|4|2|3|5|5|0|1|2
RZ1|219|1|Don|9|200|5|0|1|1|1|0|0
RZ1|CHK|219|1|34|5|4|2|3|6|5|0|1|1
RZ1|220|1|Don|9|200|5|0|1|1|1|0|0
RZ1|CHK|220|1|34|5|4|2|3|7|5|0|1|0
[You] Draw 1 Card
[] Drew card from deck: Time for the Counter-Attack ["OP14-018">OP14-018]
RZ1|221|1|OP14-018|0|33|1|5|1|1|0|0|0
RZ1|CHK|221|1|33|6|4|2|3|7|5|0|1|0
RZ1|222|1|Don|4|2|5|7|1|1|0|0|0
RZ1|CHK|222|1|33|6|4|2|2|8|5|0|1|0
RZ1|223|1|Don|4|1|5|8|1|1|0|0|0
RZ1|CHK|223|1|33|6|4|2|1|9|5|0|1|0
[You] Draw 2 Don
RZ1|224|1|Don|5|0|5|0|1|1|1|0|0
RZ1|CHK|224|1|33|6|4|2|1|9|5|0|1|0
RZ1|225|1|Don|5|1|5|1|1|1|1|0|0
RZ1|CHK|225|1|33|6|4|2|1|9|5|0|1|0
RZ1|226|1|Don|5|2|5|2|1|1|1|0|0
RZ1|CHK|226|1|33|6|4|2|1|9|5|0|1|0
RZ1|227|1|Don|5|3|5|3|1|1|1|0|0
RZ1|CHK|227|1|33|6|4|2|1|9|5|0|1|0
RZ1|228|1|Don|5|4|5|4|1|1|1|0|0
RZ1|CHK|228|1|33|6|4|2|1|9|5|0|1|0
RZ1|229|1|Don|5|5|5|5|1|1|1|0|0
RZ1|CHK|229|1|33|6|4|2|1|9|5|0|1|0
RZ1|230|1|Don|5|6|5|6|1|1|1|0|0
RZ1|CHK|230|1|33|6|4|2|1|9|5|0|1|0
RZ1|231|1|Don|5|7|5|7|1|1|1|0|0
RZ1|CHK|231|1|33|6|4|2|1|9|5|0|1|0
[You] Deploy Edward Newgate ["OP16-003">OP16-003]
RZ1|232|1|OP16-003|1|2|2|4|1|1|0|0|0
RZ1|CHK|232|1|33|5|5|2|1|9|5|0|1|0
[You] Attach 1 Don to Portgas D. Ace ["OP16-001">OP16-001] (1 Total)
RZ1|233|1|Don|5|8|9|9900|1|1|0|0|0
RZ1|CHK|233|1|33|5|5|2|1|8|5|0|1|1
[You] Portgas D. Ace ["OP16-001">OP16-001] attacking Portgas D. Ace ["OP16-001">OP16-001]
RZ1|234|2|OP16-014|1|0|6|5|1|1|0|0|0
RZ1|CHK|234|2|36|2|3|3|2|8|6|0|1|0
[Opponent] Izou ["EB01-002">EB01-002]: Trash Marco ["OP16-014">OP16-014]
[Opponent] Izou ["EB01-002">EB01-002]: Buff Edward Newgate ["OP16-003">OP16-003] -2000
Portgas D. Ace ["OP16-001">OP16-001][8000] vs Portgas D. Ace ["OP16-001">OP16-001][5000]
Portgas D. Ace ["OP16-001">OP16-001] hit for 2 damage
RZ1|235|2|OP16-003|3|2|1|2|1|1|0|0|0
RZ1|CHK|235|2|36|3|3|2|2|8|6|0|1|0
RZ1|236|2|OP16-017|3|1|1|3|1|1|0|0|0
RZ1|CHK|236|2|36|4|3|1|2|8|6|0|1|0
[You] Portgas D. Ace ["OP16-001">OP16-001]: Give Edward Newgate ["OP16-003">OP16-003] Rush
[You] Monkey D. Luffy ["OP16-015">OP16-015] attacking Portgas D. Ace ["OP16-001">OP16-001]
[Opponent] Discard Monkey D. Garp ["OP13-016">OP13-016] for Counter 1000
RZ1|237|2|OP13-016|1|1|6|6|1|1|0|0|0
RZ1|CHK|237|2|36|3|3|1|2|8|7|0|1|0
[Opponent] Discard Portgas D. Ace ["OP16-118">OP16-118] for Counter 1000
RZ1|238|2|OP16-118|1|0|6|7|1|1|0|0|0
RZ1|CHK|238|2|36|2|3|1|2|8|8|0|1|0
Monkey D. Luffy ["OP16-015">OP16-015][6000] vs Portgas D. Ace ["OP16-001">OP16-001][7000]
Attack Fails
[You] Izou ["EB01-002">EB01-002] attacking Portgas D. Ace ["OP16-001">OP16-001]
Izou ["EB01-002">EB01-002][7000] vs Portgas D. Ace ["OP16-001">OP16-001][5000]
Portgas D. Ace ["OP16-001">OP16-001] hit for 1 damage
RZ1|239|2|OP16-011|3|0|1|2|1|1|0|0|0
RZ1|CHK|239|2|36|3|3|0|2|8|8|0|1|0
[You] Edward Newgate ["OP16-003">OP16-003] attacking Portgas D. Ace ["OP16-001">OP16-001]
Edward Newgate ["OP16-003">OP16-003][8000] vs Portgas D. Ace ["OP16-001">OP16-001][5000]
Portgas D. Ace ["OP16-001">OP16-001] hit for 1 damage
[Opponent] <b>Downloaded the Combat Log!</b>
GameOver
