Version is 1.43a.1
[You] Leader is Portgas D. Ace ["OP13-002">OP13-002]
[Opponent] Leader is Marshall D. Teach ["OP16-080">OP16-080]
RZ1|5|2|OP16-103|0|18|0|0|0|0|0|0|0
RZ1|CHK|5|2|50|0|0|0|10|0|0|0|1|0
RZ1|6|2|OP16-107|0|30|0|1|0|0|0|0|0
RZ1|CHK|6|2|50|0|0|0|10|0|0|0|1|0
RZ1|7|2|OP16-109|0|23|0|2|0|0|0|0|0
RZ1|CHK|7|2|50|0|0|0|10|0|0|0|1|0
RZ1|8|2|OP16-102|0|17|0|3|0|0|0|0|0
RZ1|CHK|8|2|50|0|0|0|10|0|0|0|1|0
RZ1|9|2|P-100|0|15|0|4|0|0|0|0|0
RZ1|CHK|9|2|50|0|0|0|10|0|0|0|1|0
RZ1|10|2|OP16-110|0|28|0|5|0|0|0|0|0
RZ1|CHK|10|2|50|0|0|0|10|0|0|0|1|0
RZ1|11|2|OP16-102|0|19|0|6|0|0|0|0|0
RZ1|CHK|11|2|50|0|0|0|10|0|0|0|1|0
RZ1|12|2|OP16-104|0|33|0|7|0|0|0|0|0
RZ1|CHK|12|2|50|0|0|0|10|0|0|0|1|0
RZ1|13|2|OP16-109|0|24|0|8|0|0|0|0|0
RZ1|CHK|13|2|50|0|0|0|10|0|0|0|1|0
RZ1|14|2|OP16-108|0|42|0|9|0|0|0|0|0
RZ1|CHK|14|2|50|0|0|0|10|0|0|0|1|0
RZ1|15|2|OP09-093|0|19|0|10|0|0|0|0|0
RZ1|CHK|15|2|50|0|0|0|10|0|0|0|1|0
RZ1|16|2|PRB02-015|0|16|0|11|0|0|0|0|0
RZ1|CHK|16|2|50|0|0|0|10|0|0|0|1|0
RZ1|17|2|OP09-096|0|44|0|12|0|0|0|0|0
RZ1|CHK|17|2|50|0|0|0|10|0|0|0|1|0
RZ1|18|2|OP16-110|0|30|0|13|0|0|0|0|0
RZ1|CHK|18|2|50|0|0|0|10|0|0|0|1|0
RZ1|19|2|OP09-096|0|45|0|15|0|0|0|0|0
RZ1|CHK|19|2|50|0|0|0|10|0|0|0|1|0
RZ1|20|2|OP16-108|0|44|0|16|0|0|0|0|0
RZ1|CHK|20|2|50|0|0|0|10|0|0|0|1|0
RZ1|21|2|OP16-108|0|45|0|17|0|0|0|0|0
RZ1|CHK|21|2|50|0|0|0|10|0|0|0|1|0
RZ1|22|2|OP16-106|0|44|0|18|0|0|0|0|0
RZ1|CHK|22|2|50|0|0|0|10|0|0|0|1|0
RZ1|23|2|OP16-109|0|33|0|19|0|0|0|0|0
RZ1|CHK|23|2|50|0|0|0|10|0|0|0|1|0
RZ1|24|2|OP09-099|0|48|0|20|0|0|0|0|0
RZ1|CHK|24|2|50|0|0|0|10|0|0|0|1|0
RZ1|25|2|OP09-084|0|26|0|21|0|0|0|0|0
RZ1|CHK|25|2|50|0|0|0|10|0|0|0|1|0
RZ1|26|2|OP16-110|0|35|0|22|0|0|0|0|0
RZ1|CHK|26|2|50|0|0|0|10|0|0|0|1|0
RZ1|27|2|OP16-104|0|42|0|23|0|0|0|0|0
RZ1|CHK|27|2|50|0|0|0|10|0|0|0|1|0
RZ1|28|2|OP16-108|0|46|0|24|0|0|0|0|0
RZ1|CHK|28|2|50|0|0|0|10|0|0|0|1|0
RZ1|29|2|OP16-103|0|36|0|25|0|0|0|0|0
RZ1|CHK|29|2|50|0|0|0|10|0|0|0|1|0
RZ1|30|2|OP16-106|0|44|0|27|0|0|0|0|0
RZ1|CHK|30|2|50|0|0|0|10|0|0|0|1|0
RZ1|31|2|OP09-095|0|29|0|28|0|0|0|0|0
RZ1|CHK|31|2|50|0|0|0|10|0|0|0|1|0
RZ1|32|2|OP16-104|0|44|0|29|0|0|0|0|0
RZ1|CHK|32|2|50|0|0|0|10|0|0|0|1|0
RZ1|33|2|OP16-107|0|42|0|30|0|0|0|0|0
RZ1|CHK|33|2|50|0|0|0|10|0|0|0|1|0
RZ1|34|2|OP16-107|0|42|0|31|0|0|0|0|0
RZ1|CHK|34|2|50|0|0|0|10|0|0|0|1|0
RZ1|35|2|OP16-102|0|37|0|32|0|0|0|0|0
RZ1|CHK|35|2|50|0|0|0|10|0|0|0|1|0
RZ1|36|2|OP16-106|0|46|0|33|0|0|0|0|0
RZ1|CHK|36|2|50|0|0|0|10|0|0|0|1|0
RZ1|37|2|OP16-106|0|46|0|35|0|0|0|0|0
RZ1|CHK|37|2|50|0|0|0|10|0|0|0|1|0
RZ1|38|2|OP09-093|0|39|0|37|0|0|0|0|0
RZ1|CHK|38|2|50|0|0|0|10|0|0|0|1|0
RZ1|39|2|OP09-099|0|49|0|38|0|0|0|0|0
RZ1|CHK|39|2|50|0|0|0|10|0|0|0|1|0
RZ1|40|2|OP09-093|0|40|0|39|0|0|0|0|0
RZ1|CHK|40|2|50|0|0|0|10|0|0|0|1|0
RZ1|41|2|OP16-103|0|42|0|40|0|0|0|0|0
RZ1|CHK|41|2|50|0|0|0|10|0|0|0|1|0
RZ1|42|2|OP10-098|0|49|0|41|0|0|0|0|0
RZ1|CHK|42|2|50|0|0|0|10|0|0|0|1|0
RZ1|43|2|OP16-104|0|48|0|42|0|0|0|0|0
RZ1|CHK|43|2|50|0|0|0|10|0|0|0|1|0
RZ1|44|2|OP16-102|0|44|0|43|0|0|0|0|0
RZ1|CHK|44|2|50|0|0|0|10|0|0|0|1|0
RZ1|45|2|OP16-110|0|47|0|44|0|0|0|0|0
RZ1|CHK|45|2|50|0|0|0|10|0|0|0|1|0
RZ1|46|2|OP16-107|0|48|0|45|0|0|0|0|0
RZ1|CHK|46|2|50|0|0|0|10|0|0|0|1|0
RZ1|47|2|OP09-098|0|49|0|47|0|0|0|0|0
RZ1|CHK|47|2|50|0|0|0|10|0|0|0|1|0
RZ1|48|2|OP16-109|0|49|0|48|0|0|0|0|0
RZ1|CHK|48|2|50|0|0|0|10|0|0|0|1|0
[] Drew card from deck: Uta ["ST23-001">ST23-001]
RZ1|49|1|ST23-001|0|49|1|0|1|1|0|0|0
RZ1|CHK|49|1|49|1|0|0|10|0|0|0|1|0
[] Drew card from deck: Otama ["OP13-043">OP13-043]
RZ1|50|1|OP13-043|0|48|1|1|1|1|0|0|0
RZ1|CHK|50|1|48|2|0|0|10|0|0|0|1|0
[] Drew card from deck: Jozu ["OP08-047">OP08-047]
RZ1|51|1|OP08-047|0|47|1|2|1|1|0|0|0
RZ1|CHK|51|1|47|3|0|0|10|0|0|0|1|0
[] Drew card from deck: Marco ["PRB02-008">PRB02-008]
RZ1|52|1|PRB02-008|0|46|1|3|1|1|0|0|0
RZ1|CHK|52|1|46|4|0|0|10|0|0|0|1|0
[] Drew card from deck: Izou ["ST22-002">ST22-002]
RZ1|53|1|ST22-002|0|45|1|4|1|1|0|0|0
RZ1|CHK|53|1|45|5|0|0|10|0|0|0|1|0
[] Drew card from deck: Van Augur ["OP16-103">OP16-103]
RZ1|54|2|OP16-103|0|49|1|0|1|1|0|0|0
RZ1|CHK|54|2|49|1|0|0|10|0|0|0|1|0
[] Drew card from deck: Doc Q ["OP16-109">OP16-109]
RZ1|55|2|OP16-109|0|48|1|1|1|1|0|0|0
RZ1|CHK|55|2|48|2|0|0|10|0|0|0|1|0
[] Drew card from deck: Black Hole ["OP09-098">OP09-098]
RZ1|56|2|OP09-098|0|47|1|2|1|1|0|0|0
RZ1|CHK|56|2|47|3|0|0|10|0|0|0|1|0
[] Drew card from deck: Catarina Devon ["OP09-084">OP09-084]
RZ1|57|2|OP09-084|0|46|1|3|1|1|0|0|0
RZ1|CHK|57|2|46|4|0|0|10|0|0|0|1|0
[] Drew card from deck: Jesus Burgess ["OP16-107">OP16-107]
RZ1|58|2|OP16-107|0|45|1|4|1|1|0|0|0
RZ1|CHK|58|2|45|5|0|0|10|0|0|0|1|0
RZ1|59|1|ST15-004|0|44|3|0|1|0|0|0|0
RZ1|CHK|59|1|44|5|0|1|10|0|0|0|1|0
RZ1|60|1|OP13-016|0|43|3|1|1|0|0|0|0
RZ1|CHK|60|1|43|5|0|2|10|0|0|0|1|0
RZ1|61|1|OP08-044|0|42|3|2|1|0|0|0|0
RZ1|CHK|61|1|42|5|0|3|10|0|0|0|1|0
RZ1|62|2|OP16-110|0|44|3|0|0|1|0|0|0
RZ1|CHK|62|2|44|5|0|1|10|0|0|0|1|0
RZ1|63|2|OP16-102|0|43|3|1|0|1|0|0|0
RZ1|CHK|63|2|43|5|0|2|10|0|0|0|1|0
RZ1|64|2|OP16-104|0|42|3|2|0|1|0|0|0
RZ1|CHK|64|2|42|5|0|3|10|0|0|0|1|0
RZ1|65|2|OP10-098|0|41|3|3|0|1|0|0|0
RZ1|CHK|65|2|41|5|0|4|10|0|0|0|1|0
[] Hand: [ST23-001,OP13-043,OP08-047,PRB02-008,ST22-002]
[] Board: []
[] Trash: []
[] Life: 3
[] Hand: [OP16-103,OP16-109,OP09-098,OP09-084,OP16-107]
[] Trash: []
[] Board: []
[] Life: 4
RZ1|66|1|Don|4|9|5|0|1|1|0|0|0
RZ1|CHK|66|1|42|5|0|3|9|1|0|0|1|0
[You] Draw 1 Don
RZ1|67|1|Don|5|0|5|0|1|1|1|0|0
RZ1|CHK|67|1|42|5|0|3|9|1|0|0|1|0
[You] Deploy Izou ["ST22-002">ST22-002]
RZ1|68|1|ST22-002|1|4|2|0|1|1|0|0|0
RZ1|CHK|68|1|42|4|1|3|9|1|0|0|1|0
RZ1|69|1|OP13-042|0|41|1|4|1|1|0|0|0
RZ1|CHK|69|1|41|5|1|3|9|1|0|0|1|0
[You] Izou ["ST22-002">ST22-002]: <b>Reveal and Draw Edward Newgate ["OP13-042">OP13-042]</b>
[You] Placing Cards on Bottom of Deck
RZ1|70|1|ST23-001|0|40|0|0|0|0|0|0|0
RZ1|CHK|70|1|41|5|1|3|9|1|0|0|1|0
RZ1|71|1|OP09-118|0|40|0|0|0|0|0|0|0
RZ1|CHK|71|1|41|5|1|3|9|1|0|0|1|0
RZ1|72|1|ST22-015|0|40|0|0|0|0|0|0|0
RZ1|CHK|72|1|41|5|1|3|9|1|0|0|1|0
RZ1|73|1|EB04-007|0|40|0|0|0|0|0|0|0
RZ1|CHK|73|1|41|5|1|3|9|1|0|0|1|0
[] Hand: [ST23-001,OP13-043,OP08-047,PRB02-008,OP13-042]
[] Board: [ST22-002]
[] Trash: []
[] Life: 3
[] Hand: [OP16-103,OP16-109,OP09-098,OP09-084,OP16-107]
[] Trash: []
[] Board: []
[] Life: 4
[You] End Turn
[] Hand: [OP16-103,OP16-109,OP09-098,OP09-084,OP16-107]
[] Board: []
[] Trash: []
[] Life: 4
[] Hand: [ST23-001,OP13-043,OP08-047,PRB02-008,OP13-042]
[] Trash: []
[] Board: [ST22-002]
[] Life: 3
[Opponent] Draw 1 Card
[] Drew card from deck: Van Augur ["OP16-103">OP16-103]
RZ1|74|2|OP16-103|0|40|1|5|1|1|0|0|0
RZ1|CHK|74|2|40|6|0|4|10|0|0|0|1|0
RZ1|75|2|Don|4|9|5|0|1|1|0|0|0
RZ1|CHK|75|2|40|6|0|4|9|1|0|0|1|0
RZ1|76|2|Don|4|8|5|1|1|1|0|0|0
RZ1|CHK|76|2|40|6|0|4|8|2|0|0|1|0
[Opponent] Draw 2 Don
RZ1|77|2|Don|5|0|5|0|1|1|1|0|0
RZ1|CHK|77|2|40|6|0|4|8|2|0|0|1|0
[Opponent] Deploy Van Augur ["OP16-103">OP16-103]
RZ1|78|2|OP16-103|1|0|2|0|1|1|0|0|0
RZ1|CHK|78|2|40|5|1|4|8|2|0|0|1|0
RZ1|79|2|Don|5|1|5|1|1|1|1|0|0
RZ1|CHK|79|2|40|5|1|4|8|2|0|0|1|0
[Opponent] Deploy Van Augur ["OP16-103">OP16-103]
RZ1|80|2|OP16-103|1|4|2|1|1|1|0|0|0
RZ1|CHK|80|2|40|4|2|4|8|2|0|0|1|0
[] Hand: [OP16-109,OP09-098,OP09-084,OP16-107]
[] Board: [OP16-103,OP16-103]
[] Trash: []
[] Life: 4
[] Hand: [ST23-001,OP13-043,OP08-047,PRB02-008,OP13-042]
[] Trash: []
[] Board: [ST22-002]
[] Life: 3
[Opponent] End Turn
[] Hand: [ST23-001,OP13-043,OP08-047,PRB02-008,OP13-042]
[] Board: [ST22-002]
[] Trash: []
[] Life: 3
[] Hand: [OP16-109,OP09-098,OP09-084,OP16-107]
[] Trash: []
[] Board: [OP16-103,OP16-103]
[] Life: 4
[You] Draw 1 Card
[] Drew card from deck: Otama ["OP13-043">OP13-043]
RZ1|81|1|OP13-043|0|40|1|5|1|1|0|0|0
RZ1|CHK|81|1|40|6|1|3|9|1|0|0|1|0
RZ1|82|1|Don|4|8|5|1|1|1|0|0|0
RZ1|CHK|82|1|40|6|1|3|8|2|0|0|1|0
RZ1|83|1|Don|4|7|5|2|1|1|0|0|0
RZ1|CHK|83|1|40|6|1|3|7|3|0|0|1|0
[You] Draw 2 Don
RZ1|84|1|Don|5|0|5|0|1|1|1|0|0
RZ1|CHK|84|1|40|6|1|3|7|3|0|0|1|0
[You] Deploy Otama ["OP13-043">OP13-043]
RZ1|85|1|OP13-043|1|1|2|1|1|1|0|0|0
RZ1|CHK|85|1|40|5|2|3|7|3|0|0|1|0
[] Drew card from deck: Gol D. Roger ["OP09-118">OP09-118]
RZ1|86|1|OP09-118|0|39|1|5|1|1|0|0|0
RZ1|CHK|86|1|39|6|2|3|7|3|0|0|1|0
[] Drew card from deck: Namule ["OP08-050">OP08-050]
RZ1|87|1|OP08-050|0|38|1|6|1|1|0|0|0
RZ1|CHK|87|1|38|7|2|3|7|3|0|0|1|0
[You] Otama ["OP13-043">OP13-043]: Draw 2 Card
RZ1|88|1|ST23-001|1|0|6|0|1|1|0|0|0
RZ1|CHK|88|1|38|6|2|3|7|3|1|0|1|0
[You] Otama ["OP13-043">OP13-043]: Trash Uta ["ST23-001">ST23-001]
[You] Portgas D. Ace ["OP13-002">OP13-002] attacking Marshall D. Teach ["OP16-080">OP16-080]
Portgas D. Ace ["OP13-002">OP13-002][6000] vs Marshall D. Teach ["OP16-080">OP16-080][5000]
Marshall D. Teach ["OP16-080">OP16-080] hit for 1 damage
RZ1|89|2|OP10-098|3|3|1|4|1|1|0|0|0
RZ1|CHK|89|2|40|5|2|3|8|2|0|0|1|0
RZ1|90|1|Don|5|1|5|1|1|1|1|0|0
RZ1|CHK|90|1|38|6|2|3|7|3|1|0|1|0
[You] Deploy Otama ["OP13-043">OP13-043]
RZ1|91|1|OP13-043|1|3|2|2|1|1|0|0|0
RZ1|CHK|91|1|38|5|3|3|7|3|1|0|1|0
[] Drew card from deck: Monkey D. Garp ["OP13-016">OP13-016]
RZ1|92|1|OP13-016|0|37|1|5|1|1|0|0|0
RZ1|CHK|92|1|37|6|3|3|7|3|1|0|1|0
[] Drew card from deck: I Am Whitebeard! ["ST22-015">ST22-015]
RZ1|93|1|ST22-015|0|36|1|6|1|1|0|0|0
RZ1|CHK|93|1|36|7|3|3|7|3|1|0|1|0
[You] Otama ["OP13-043">OP13-043]: Draw 2 Card
RZ1|94|1|PRB02-008|1|1|6|1|1|1|0|0|0
RZ1|CHK|94|1|36|6|3|3|7|3|2|0|1|0
[You] Otama ["OP13-043">OP13-043]: Trash Marco ["PRB02-008">PRB02-008]
RZ1|95|1|Don|5|2|5|2|1|1|1|0|0
RZ1|CHK|95|1|36|6|3|3|7|3|2|0|1|0
[You] Deploy Monkey D. Garp ["OP13-016">OP13-016]
RZ1|96|1|OP13-016|1|4|2|3|1|1|0|0|0
RZ1|CHK|96|1|36|5|4|3|7|3|2|0|1|0
RZ1|97|1|PRB02-008|0|33|1|5|1|1|0|0|0
RZ1|CHK|97|1|35|6|4|3|7|3|2|0|1|0
[You] Monkey D. Garp ["OP13-016">OP13-016]: <b>Reveal and Draw Marco ["PRB02-008">PRB02-008]</b>
[You] Placing Cards on Bottom of Deck
RZ1|98|1|OP13-016|0|34|0|0|0|0|0|0|0
RZ1|CHK|98|1|35|6|4|3|7|3|2|0|1|0
RZ1|99|1|EB04-007|0|34|0|0|0|0|0|0|0
RZ1|CHK|99|1|35|6|4|3|7|3|2|0|1|0
RZ1|100|1|OP13-043|0|34|0|0|0|0|0|0|0
RZ1|CHK|100|1|35|6|4|3|7|3|2|0|1|0
[] Hand: [OP08-047,OP13-042,OP09-118,OP08-050,ST22-015,PRB02-008]
[] Board: [ST22-002,OP13-043,OP13-043,OP13-016]
[] Trash: [ST23-001,PRB02-008]
[] Life: 3
[] Hand: [OP16-109,OP09-098,OP09-084,OP16-107,OP10-098]
[] Trash: []
[] Board: [OP16-103,OP16-103]
[] Life: 3
[You] End Turn
[] Hand: [OP16-109,OP09-098,OP09-084,OP16-107,OP10-098]
[] Board: [OP16-103,OP16-103]
[] Trash: []
[] Life: 3
[] Hand: [OP08-047,OP13-042,OP09-118,OP08-050,ST22-015,PRB02-008]
[] Trash: [ST23-001,PRB02-008]
[] Board: [ST22-002,OP13-043,OP13-043,OP13-016]
[] Life: 3
[Opponent] Draw 1 Card
[] Drew card from deck: Marshall D. Teach ["OP09-093">OP09-093]
RZ1|101|2|OP09-093|0|39|1|5|1|1|0|0|0
RZ1|CHK|101|2|39|6|2|3|8|2|0|0|1|0
RZ1|102|2|Don|4|7|5|2|1|1|0|0|0
RZ1|CHK|102|2|39|6|2|3|7|3|0|0|1|0
RZ1|103|2|Don|4|6|5|3|1|1|0|0|0
RZ1|CHK|103|2|39|6|2|3|6|4|0|0|1|0
[Opponent] Draw 2 Don
RZ1|104|2|Don|5|0|5|0|1|1|1|0|0
RZ1|CHK|104|2|39|6|2|3|6|4|0|0|1|0
RZ1|105|2|Don|5|1|5|1|1|1|1|0|0
RZ1|CHK|105|2|39|6|2|3|6|4|0|0|1|0
RZ1|106|2|Don|5|2|5|2|1|1|1|0|0
RZ1|CHK|106|2|39|6|2|3|6|4|0|0|1|0
[Opponent] Deploy Jesus Burgess ["OP16-107">OP16-107]
RZ1|107|2|OP16-107|1|3|2|2|1|1|0|0|0
RZ1|CHK|107|2|39|5|3|3|6|4|0|0|1|0
RZ1|108|2|Don|5|3|5|3|1|1|1|0|0
RZ1|CHK|108|2|39|5|3|3|6|4|0|0|1|0
[Opponent] Deploy Doc Q ["OP16-109">OP16-109]
RZ1|109|2|OP16-109|1|0|2|3|1|1|0|0|0
RZ1|CHK|109|2|39|4|4|3|6|4|0|0|1|0
[] Hand: [OP09-098,OP09-084,OP10-098,OP09-093]
[] Board: [OP16-103,OP16-103,OP16-107,OP16-109]
[] Trash: []
[] Life: 3
[] Hand: [OP08-047,OP13-042,OP09-118,OP08-050,ST22-015,PRB02-008]
[] Trash: [ST23-001,PRB02-008]
[] Board: [ST22-002,OP13-043,OP13-043,OP13-016]
[] Life: 3
[Opponent] End Turn
[] Hand: [OP08-047,OP13-042,OP09-118,OP08-050,ST22-015,PRB02-008]
[] Board: [ST22-002,OP13-043,OP13-043,OP13-016]
[] Trash: [ST23-001,PRB02-008]
[] Life: 3
[] Hand: [OP09-098,OP09-084,OP10-098,OP09-093]
[] Trash: []
[] Board: [OP16-103,OP16-103,OP16-107,OP16-109]
[] Life: 3
[You] Draw 1 Card
[] Drew card from deck: Edward Newgate ["OP13-042">OP13-042]
RZ1|110|1|OP13-042|0|34|1|6|1|1|0|0|0
RZ1|CHK|110|1|34|7|4|3|7|3|2|0|1|0
RZ1|111|1|Don|4|6|5|3|1|1|0|0|0
RZ1|CHK|111|1|34|7|4|3|6|4|2|0|1|0
RZ1|112|1|Don|4|5|5|4|1|1|0|0|0
RZ1|CHK|112|1|34|7|4|3|5|5|2|0|1|0
[You] Draw 2 Don
RZ1|113|1|Don|5|0|9|9900|1|1|0|0|0
RZ1|CHK|113|1|34|7|4|3|5|4|2|0|1|1
[You] Attach 1 Don to Portgas D. Ace ["OP13-002">OP13-002] (1 Total)
[You] Portgas D. Ace ["OP13-002">OP13-002] attacking Marshall D. Teach ["OP16-080">OP16-080]
RZ1|114|2|OP10-098|1|2|6|0|1|1|0|0|0
RZ1|CHK|114|2|39|3|4|3|6|4|1|0|1|0
[Opponent] Marshall D. Teach ["OP16-080">OP16-080]: Trash Liberation ["OP10-098">OP10-098]
[Opponent] Marshall D. Teach ["OP16-080">OP16-080]: Target of Attack changed to Doc Q ["OP16-109">OP16-109]
Portgas D. Ace ["OP13-002">OP13-002][7000] vs Doc Q ["OP16-109">OP16-109][0]
[Opponent] Doc Q ["OP16-109">OP16-109] Destroyed
RZ1|115|2|OP16-109|2|3|6|1|1|1|0|0|0
RZ1|CHK|115|2|39|3|3|3|6|4|2|0|1|0
[] Drew card from deck: Fullalead ["OP09-099">OP09-099]
RZ1|116|2|OP09-099|0|38|1|3|1|1|0|0|0
RZ1|CHK|116|2|38|4|3|3|6|4|2|0|1|0
[Opponent] Doc Q ["OP16-109">OP16-109]: Draw 1 Card
[Opponent] Doc Q ["OP16-109">OP16-109]: Destroy Monkey D. Garp ["OP13-016">OP13-016]
[Opponent] Doc Q ["OP16-109">OP16-109]: Destroy Izou ["ST22-002">ST22-002]
RZ1|117|1|ST22-002|2|0|6|2|1|1|0|0|0
RZ1|CHK|117|1|34|7|3|3|5|4|3|0|1|1
RZ1|118|1|OP13-016|2|2|6|3|1|1|0|0|0
RZ1|CHK|118|1|34|7|2|3|5|4|4|0|1|1
RZ1|119|1|Don|5|0|5|0|1|1|1|0|0
RZ1|CHK|119|1|34|7|2|3|5|4|4|0|1|1
RZ1|120|1|Don|5|1|5|1|1|1|1|0|0
RZ1|CHK|120|1|34|7|2|3|5|4|4|0|1|1
RZ1|121|1|Don|5|2|5|2|1|1|1|0|0
RZ1|CHK|121|1|34|7|2|3|5|4|4|0|1|1
RZ1|122|1|Don|5|3|5|3|1|1|1|0|0
RZ1|CHK|122|1|34|7|2|3|5|4|4|0|1|1
[You] Deploy Marco ["PRB02-008">PRB02-008]
RZ1|123|1|PRB02-008|1|5|2|2|1|1|0|0|0
RZ1|CHK|123|1|34|6|3|3|5|4|4|0|1|1
[] Hand: [OP08-047,OP13-042,OP09-118,OP08-050,ST22-015,OP13-042]
[] Board: [OP13-043,OP13-043,PRB02-008]
[] Trash: [ST23-001,PRB02-008,ST22-002,OP13-016]
[] Life: 3
[] Hand: [OP09-098,OP09-084,OP09-093,OP09-099]
[] Trash: [OP10-098,OP16-109]
[] Board: [OP16-103,OP16-103,OP16-107]
[] Life: 3
[You] End Turn
[] Hand: [OP09-098,OP09-084,OP09-093,OP09-099]
[] Board: [OP16-103,OP16-103,OP16-107]
[] Trash: [OP10-098,OP16-109]
[] Life: 3
[] Hand: [OP08-047,OP13-042,OP09-118,OP08-050,ST22-015,OP13-042]
[] Trash: [ST23-001,PRB02-008,ST22-002,OP13-016]
[] Board: [OP13-043,OP13-043,PRB02-008]
[] Life: 3
[Opponent] Draw 1 Card
[] Drew card from deck: Marshall D. Teach ["OP09-093">OP09-093]
RZ1|124|2|OP09-093|0|37|1|4|1|1|0|0|0
RZ1|CHK|124|2|37|5|3|3|6|4|2|0|1|0
RZ1|125|2|Don|4|5|5|4|1|1|0|0|0
RZ1|CHK|125|2|37|5|3|3|5|5|2|0|1|0
RZ1|126|2|Don|4|4|5|5|1|1|0|0|0
RZ1|CHK|126|2|37|5|3|3|4|6|2|0|1|0
[Opponent] Draw 2 Don
[Opponent] Black Hole ["OP09-098">OP09-098]: Rest 4 Don
RZ1|127|2|Don|5|0|5|0|1|1|1|0|0
RZ1|CHK|127|2|37|5|3|3|4|6|2|0|1|0
RZ1|128|2|Don|5|1|5|1|1|1|1|0|0
RZ1|CHK|128|2|37|5|3|3|4|6|2|0|1|0
RZ1|129|2|Don|5|2|5|2|1|1|1|0|0
RZ1|CHK|129|2|37|5|3|3|4|6|2|0|1|0
RZ1|130|2|Don|5|3|5|3|1|1|1|0|0
RZ1|CHK|130|2|37|5|3|3|4|6|2|0|1|0
RZ1|131|2|OP09-098|1|0|6|2|1|1|0|0|0
RZ1|CHK|131|2|37|4|3|3|4|6|3|0|1|0
[Opponent] Black Hole ["OP09-098">OP09-098]: Nullify effects of Marco ["PRB02-008">PRB02-008]
[Opponent] Black Hole ["OP09-098">OP09-098]: Destroy Marco ["PRB02-008">PRB02-008]
RZ1|132|1|PRB02-008|2|2|6|4|1|1|0|0|0
RZ1|CHK|132|1|34|6|2|3|5|4|5|0|1|1
[] Drew card from deck: I Am Whitebeard! ["ST22-015">ST22-015]
RZ1|133|1|ST22-015|0|33|1|6|1|1|0|0|0
RZ1|CHK|133|1|33|7|2|3|5|4|5|0|1|1
[You] Portgas D. Ace ["OP13-002">OP13-002]: Draw 1 Card
RZ1|134|2|Don|5|4|9|200|1|1|0|0|0
RZ1|CHK|134|2|37|4|3|3|4|5|3|0|1|1
[Opponent] Attach 1 Don to Jesus Burgess ["OP16-107">OP16-107] (1 Total)
[Opponent] Jesus Burgess ["OP16-107">OP16-107] attacking Portgas D. Ace ["OP13-002">OP13-002]
RZ1|135|1|OP08-050|1|3|6|5|1|1|0|0|0
RZ1|CHK|135|1|33|6|2|3|5|4|6|0|1|1
[You] Portgas D. Ace ["OP13-002">OP13-002]: Trash Namule ["OP08-050">OP08-050]
[You] Portgas D. Ace ["OP13-002">OP13-002]: Buff Marshall D. Teach ["OP16-080">OP16-080] -2000 for the Combat
[You] Discard Jozu ["OP08-047">OP08-047] for Counter 1000
RZ1|136|1|OP08-047|1|0|6|6|1|1|0|0|0
RZ1|CHK|136|1|33|5|2|3|5|4|7|0|1|1
Jesus Burgess ["OP16-107">OP16-107][6000] vs Portgas D. Ace ["OP13-002">OP13-002][7000]
Attack Fails
RZ1|137|2|Don|5|4|9|9900|1|1|0|0|0
RZ1|CHK|137|2|37|4|3|3|4|4|3|0|1|2
[Opponent] Attach 1 Don to Marshall D. Teach ["OP16-080">OP16-080] (1 Total)
[Opponent] Marshall D. Teach ["OP16-080">OP16-080] attacking Portgas D. Ace ["OP13-002">OP13-002]
Marshall D. Teach ["OP16-080">OP16-080][6000] vs Portgas D. Ace ["OP13-002">OP13-002][6000]
Portgas D. Ace ["OP13-002">OP13-002] hit for 1 damage
RZ1|138|1|OP08-044|3|2|1|5|1|1|0|0|0
RZ1|CHK|138|1|33|6|2|2|5|4|7|0|1|1
[] Hand: [OP09-084,OP09-093,OP09-099,OP09-093]
[] Board: [OP16-103,OP16-103,OP16-107]
[] Trash: [OP10-098,OP16-109,OP09-098]
[] Life: 3
[] Hand: [OP13-042,OP09-118,ST22-015,OP13-042,ST22-015,OP08-044]
[] Trash: [ST23-001,PRB02-008,ST22-002,OP13-016,PRB02-008,OP08-050,OP08-047]
[] Board: [OP13-043,OP13-043]
[] Life: 2
[Opponent] End Turn
[] Hand: [OP13-042,OP09-118,ST22-015,OP13-042,ST22-015,OP08-044]
[] Board: [OP13-043,OP13-043]
[] Trash: [ST23-001,PRB02-008,ST22-002,OP13-016,PRB02-008,OP08-050,OP08-047]
[] Life: 2
[] Hand: [OP09-084,OP09-093,OP09-099,OP09-093]
[] Trash: [OP10-098,OP16-109,OP09-098]
[] Board: [OP16-103,OP16-103,OP16-107]
[] Life: 3
RZ1|139|1|Don|9|9900|5|0|1|1|1|0|0
RZ1|CHK|139|1|33|6|2|2|5|5|7|0|1|0
[You] Draw 1 Card
[] Drew card from deck: Edward Newgate ["OP13-042">OP13-042]
RZ1|140|1|OP13-042|0|32|1|6|1|1|0|0|0
RZ1|CHK|140|1|32|7|2|2|5|5|7|0|1|0
RZ1|141|1|Don|4|4|5|5|1|1|0|0|0
RZ1|CHK|141|1|32|7|2|2|4|6|7|0|1|0
RZ1|142|1|Don|4|3|5|6|1|1|0|0|0
RZ1|CHK|142|1|32|7|2|2|3|7|7|0|1|0
[You] Draw 2 Don
RZ1|143|1|Don|5|0|5|0|1|1|1|0|0
RZ1|CHK|143|1|32|7|2|2|3|7|7|0|1|0
RZ1|144|1|Don|5|1|5|1|1|1|1|0|0
RZ1|CHK|144|1|32|7|2|2|3|7|7|0|1|0
RZ1|145|1|Don|5|2|5|2|1|1|1|0|0
RZ1|CHK|145|1|32|7|2|2|3|7|7|0|1|0
RZ1|146|1|Don|5|3|5|3|1|1|1|0|0
RZ1|CHK|146|1|32|7|2|2|3|7|7|0|1|0
[You] Deploy Kingdew ["OP08-044">OP08-044]
RZ1|147|1|OP08-044|1|5|2|2|1|1|0|0|0
RZ1|CHK|147|1|32|6|3|2|3|7|7|0|1|0
[You] Kingdew ["OP08-044">OP08-044] revealed: I Am Whitebeard! ["ST22-015">ST22-015]
[You] Kingdew ["OP08-044">OP08-044] revealed: I Am Whitebeard! ["ST22-015">ST22-015]
[You] Kingdew ["OP08-044">OP08-044]: Buff Kingdew ["OP08-044">OP08-044] 2000
RZ1|148|1|Don|5|4|9|9900|1|1|0|0|0
RZ1|CHK|148|1|32|6|3|2|3|6|7|0|1|1
RZ1|149|1|Don|5|4|9|9901|1|1|0|0|0
RZ1|CHK|149|1|32|6|3|2|3|5|7|0|1|2
[You] Attach 2 Don to Portgas D. Ace ["OP13-002">OP13-002] (2 Total)
[You] Portgas D. Ace ["OP13-002">OP13-002] attacking Marshall D. Teach ["OP16-080">OP16-080]
Portgas D. Ace ["OP13-002">OP13-002][8000] vs Marshall D. Teach ["OP16-080">OP16-080][5000]
Marshall D. Teach ["OP16-080">OP16-080] hit for 1 damage
RZ1|150|2|OP16-104|3|2|1|4|1|1|0|0|0
RZ1|CHK|150|2|37|5|3|2|4|4|3|0|1|2
[Opponent] Catarina Devon ["OP16-104">OP16-104]: Activate Trigger
RZ1|151|2|OP16-104|1|4|6|3|1|1|0|0|0
RZ1|CHK|151|2|37|4|3|2|4|4|4|0|1|2
[] Drew card from deck: Shiryu ["PRB02-015">PRB02-015]
RZ1|152|2|PRB02-015|0|36|1|4|1|1|0|0|0
RZ1|CHK|152|2|36|5|3|2|4|4|4|0|1|2
[Opponent] Catarina Devon ["OP16-104">OP16-104]: Draw 1 Card
[Opponent] Catarina Devon ["OP16-104">OP16-104]: Deployed Doc Q ["OP16-109">OP16-109] from Trash
RZ1|153|2|OP16-109|6|1|2|3|1|1|0|0|1
RZ1|CHK|153|2|36|5|4|2|4|4|3|0|1|2
[] Hand: [OP13-042,OP09-118,ST22-015,OP13-042,ST22-015,OP13-042]
[] Board: [OP13-043,OP13-043,OP08-044]
[] Trash: [ST23-001,PRB02-008,ST22-002,OP13-016,PRB02-008,OP08-050,OP08-047]
[] Life: 2
[] Hand: [OP09-084,OP09-093,OP09-099,OP09-093,PRB02-015]
[] Trash: [OP10-098,OP09-098,OP16-104]
[] Board: [OP16-103,OP16-103,OP16-107,OP16-109]
[] Life: 2
[You] End Turn
[] Hand: [OP09-084,OP09-093,OP09-099,OP09-093,PRB02-015]
[] Board: [OP16-103,OP16-103,OP16-107,OP16-109]
[] Trash: [OP10-098,OP09-098,OP16-104]
[] Life: 2
[] Hand: [OP13-042,OP09-118,ST22-015,OP13-042,ST22-015,OP13-042]
[] Trash: [ST23-001,PRB02-008,ST22-002,OP13-016,PRB02-008,OP08-050,OP08-047]
[] Board: [OP13-043,OP13-043,OP08-044]
[] Life: 2
RZ1|154|2|Don|9|9900|5|0|1|1|1|0|0
RZ1|CHK|154|2|36|5|4|2|4|5|3|0|1|1
RZ1|155|2|Don|9|200|5|0|1|1|1|0|0
RZ1|CHK|155|2|36|5|4|2|4|6|3|0|1|0
[Opponent] Draw 1 Card
[] Drew card from deck: Sanjuan Wolf ["OP16-106">OP16-106]
RZ1|156|2|OP16-106|0|35|1|5|1|1|0|0|0
RZ1|CHK|156|2|35|6|4|2|4|6|3|0|1|0
RZ1|157|2|Don|4|3|5|6|1|1|0|0|0
RZ1|CHK|157|2|35|6|4|2|3|7|3|0|1|0
RZ1|158|2|Don|4|2|5|7|1|1|0|0|0
RZ1|CHK|158|2|35|6|4|2|2|8|3|0|1|0
[Opponent] Draw 2 Don
RZ1|159|2|Don|5|0|5|0|1|1|1|0|0
RZ1|CHK|159|2|35|6|4|2|2|8|3|0|1|0
RZ1|160|2|Don|5|1|5|1|1|1|1|0|0
RZ1|CHK|160|2|35|6|4|2|2|8|3|0|1|0
RZ1|161|2|Don|5|2|5|2|1|1|1|0|0
RZ1|CHK|161|2|35|6|4|2|2|8|3|0|1|0
RZ1|162|2|Don|5|3|5|3|1|1|1|0|0
RZ1|CHK|162|2|35|6|4|2|2|8|3|0|1|0
[Opponent] Deploy Shiryu ["PRB02-015">PRB02-015]
RZ1|163|2|PRB02-015|1|4|2|4|1|1|0|0|4
RZ1|CHK|163|2|35|5|5|2|2|8|3|0|1|0
RZ1|164|2|Don|5|4|9|200|1|1|0|0|0
RZ1|CHK|164|2|35|5|5|2|2|7|3|0|1|1
[Opponent] Attach 1 Don to Jesus Burgess ["OP16-107">OP16-107] (1 Total)
[Opponent] Jesus Burgess ["OP16-107">OP16-107] attacking Portgas D. Ace ["OP13-002">OP13-002]
RZ1|165|1|ST22-015|1|2|6|7|1|1|0|0|0
RZ1|CHK|165|1|32|5|3|2|3|5|8|0|1|2
[You] Portgas D. Ace ["OP13-002">OP13-002]: Trash I Am Whitebeard! ["ST22-015">ST22-015]
[You] Portgas D. Ace ["OP13-002">OP13-002]: Buff Shiryu ["PRB02-015">PRB02-015] -2000 for the Combat
Jesus Burgess ["OP16-107">OP16-107][6000] vs Portgas D. Ace ["OP13-002">OP13-002][6000]
Portgas D. Ace ["OP13-002">OP13-002] hit for 1 damage
RZ1|166|1|OP13-016|3|1|1|5|1|1|0|0|0
RZ1|CHK|166|1|32|6|3|1|3|5|8|0|1|2
[] Drew card from deck: If I Give Into The "Force" There'll Be No Point To My Life ["OP13-057">OP13-057]
RZ1|167|1|OP13-057|0|31|1|6|1|1|0|0|0
RZ1|CHK|167|1|31|7|3|1|3|5|8|0|1|2
[You] Portgas D. Ace ["OP13-002">OP13-002]: Draw 1 Card
RZ1|168|2|Don|5|4|9|9900|1|1|0|0|0
RZ1|CHK|168|2|35|5|5|2|2|6|3|0|1|2
[Opponent] Attach 1 Don to Marshall D. Teach ["OP16-080">OP16-080] (1 Total)
[Opponent] Marshall D. Teach ["OP16-080">OP16-080] attacking Portgas D. Ace ["OP13-002">OP13-002]
[You] If I Give Into The "Force" There'll Be No Point To My Life ["OP13-057">OP13-057]: Activate Counter
[You] If I Give Into The "Force" There'll Be No Point To My Life ["OP13-057">OP13-057]: Rest 1 Don
RZ1|169|1|Don|5|4|5|4|1|1|1|0|0
RZ1|CHK|169|1|31|7|3|1|3|5|8|0|1|2
RZ1|170|1|OP13-057|1|6|6|8|1|1|0|0|0
RZ1|CHK|170|1|31|6|3|1|3|5|9|0|1|2
[You] If I Give Into The "Force" There'll Be No Point To My Life ["OP13-057">OP13-057]: Buff Portgas D. Ace ["OP13-002">OP13-002] 3000 for the Combat
Marshall D. Teach ["OP16-080">OP16-080][6000] vs Portgas D. Ace ["OP13-002">OP13-002][9000]
Attack Fails
RZ1|171|2|Don|5|4|5|4|1|1|1|0|0
RZ1|CHK|171|2|35|5|5|2|2|6|3|0|1|2
[Opponent] Deploy Fullalead ["OP09-099">OP09-099]
RZ1|172|2|OP09-099|1|2|7|0|1|1|0|0|0
RZ1|CHK|172|2|35|4|5|2|2|6|3|1|1|2
[Opponent] Fullalead ["OP09-099">OP09-099]: Rest Fullalead ["OP09-099">OP09-099]
RZ1|173|2|OP09-084|1|0|6|3|1|1|0|0|0
RZ1|CHK|173|2|35|3|5|2|2|6|4|1|1|2
[Opponent] Fullalead ["OP09-099">OP09-099]: Trash Catarina Devon ["OP09-084">OP09-084]
RZ1|174|2|OP16-102|0|32|1|3|1|1|0|0|0
RZ1|CHK|174|2|34|4|5|2|2|6|4|1|1|2
[Opponent] Fullalead ["OP09-099">OP09-099]: <b>Reveal and Draw Avalo Pizarro ["OP16-102">OP16-102]</b>
[Opponent] Placing Cards on Bottom of Deck
RZ1|175|2|OP09-095|0|33|0|0|0|0|0|0|0
RZ1|CHK|175|2|34|4|5|2|2|6|4|1|1|2
RZ1|176|2|OP16-106|0|33|0|0|0|0|0|0|0
RZ1|CHK|176|2|34|4|5|2|2|6|4|1|1|2
[] Hand: [OP09-093,OP09-093,OP16-106,OP16-102]
[] Board: [OP16-103,OP16-103,OP16-107,OP16-109,PRB02-015]
[] Trash: [OP10-098,OP09-098,OP16-104,OP09-084]
[] Life: 2
[] Hand: [OP13-042,OP09-118,OP13-042,ST22-015,OP13-042,OP13-016]
[] Trash: [ST23-001,PRB02-008,ST22-002,OP13-016,PRB02-008,OP08-050,OP08-047,ST22-015,OP13-057]
[] Board: [OP13-043,OP13-043,OP08-044]
[] Life: 1
[Opponent] End Turn
[] Hand: [OP13-042,OP09-118,OP13-042,ST22-015,OP13-042,OP13-016]
[] Board: [OP13-043,OP13-043,OP08-044]
[] Trash: [ST23-001,PRB02-008,ST22-002,OP13-016,PRB02-008,OP08-050,OP08-047,ST22-015,OP13-057]
[] Life: 1
[] Hand: [OP09-093,OP09-093,OP16-106,OP16-102]
[] Trash: [OP10-098,OP09-098,OP16-104,OP09-084]
[] Board: [OP16-103,OP16-103,OP16-107,OP16-109,PRB02-015]
[] Life: 2
RZ1|177|1|Don|9|9900|5|0|1|1|1|0|0
RZ1|CHK|177|1|31|6|3|1|3|6|9|0|1|1
RZ1|178|1|Don|9|9900|5|0|1|1|1|0|0
RZ1|CHK|178|1|31|6|3|1|3|7|9|0|1|0
[You] Draw 1 Card
[] Drew card from deck: Namule ["OP08-050">OP08-050]
RZ1|179|1|OP08-050|0|30|1|6|1|1|0|0|0
RZ1|CHK|179|1|30|7|3|1|3|7|9|0|1|0
RZ1|180|1|Don|4|2|5|7|1|1|0|0|0
RZ1|CHK|180|1|30|7|3|1|2|8|9|0|1|0
RZ1|181|1|Don|4|1|5|8|1|1|0|0|0
RZ1|CHK|181|1|30|7|3|1|1|9|9|0|1|0
[You] Draw 2 Don
[You] I Am Whitebeard! ["ST22-015">ST22-015]: Rest 8 Don
RZ1|182|1|Don|5|0|5|0|1|1|1|0|0
RZ1|CHK|182|1|30|7|3|1|1|9|9|0|1|0
RZ1|183|1|Don|5|1|5|1|1|1|1|0|0
RZ1|CHK|183|1|30|7|3|1|1|9|9|0|1|0
RZ1|184|1|Don|5|2|5|2|1|1|1|0|0
RZ1|CHK|184|1|30|7|3|1|1|9|9|0|1|0
RZ1|185|1|Don|5|3|5|3|1|1|1|0|0
RZ1|CHK|185|1|30|7|3|1|1|9|9|0|1|0
RZ1|186|1|Don|5|4|5|4|1|1|1|0|0
RZ1|CHK|186|1|30|7|3|1|1|9|9|0|1|0
RZ1|187|1|Don|5|5|5|5|1|1|1|0|0
RZ1|CHK|187|1|30|7|3|1|1|9|9|0|1|0
RZ1|188|1|Don|5|6|5|6|1|1|1|0|0
RZ1|CHK|188|1|30|7|3|1|1|9|9|0|1|0
RZ1|189|1|Don|5|7|5|7|1|1|1|0|0
RZ1|CHK|189|1|30|7|3|1|1|9|9|0|1|0
RZ1|190|1|ST22-015|1|3|6|9|1|1|0|0|0
RZ1|CHK|190|1|30|6|3|1|1|9|10|0|1|0
RZ1|191|1|OP13-042|1|0|2|3|1|1|0|0|0
RZ1|CHK|191|1|30|5|4|1|1|9|10|0|1|0
[You] I Am Whitebeard! ["ST22-015">ST22-015]: Deploy Edward Newgate ["OP13-042">OP13-042]
[You] I Am Whitebeard! ["ST22-015">ST22-015]: Takes Bottom Life
RZ1|192|1|ST15-004|3|0|1|5|1|1|0|0|0
RZ1|CHK|192|1|30|6|4|0|1|9|10|0|1|0
[You] I Am Whitebeard! ["ST22-015">ST22-015]: Grant Portgas D. Ace ["OP13-002">OP13-002] 2000 until opponent's next turn end
[] Drew card from deck: Monkey D. Garp ["OP13-016">OP13-016]
RZ1|193|1|OP13-016|0|29|1|6|1|1|0|0|0
RZ1|CHK|193|1|29|7|4|0|1|9|10|0|1|0
[] Drew card from deck: Yamato ["OP13-054">OP13-054]
RZ1|194|1|OP13-054|0|28|1|7|1|1|0|0|0
RZ1|CHK|194|1|28|8|4|0|1|9|10|0|1|0
[You] Edward Newgate ["OP13-042">OP13-042]: Draw 2 Card
RZ1|195|1|OP13-054|1|7|6|10|1|1|0|0|0
RZ1|CHK|195|1|28|7|4|0|1|9|11|0|1|0
[You] Edward Newgate ["OP13-042">OP13-042]: Trash Yamato ["OP13-054">OP13-054]
[You] Edward Newgate ["OP13-042">OP13-042]: Attach 1 Rested Don to Portgas D. Ace ["OP13-002">OP13-002]
RZ1|196|1|Don|5|0|9|9900|1|1|1|0|0
RZ1|CHK|196|1|28|7|4|0|1|8|11|0|1|1
[You] Edward Newgate ["OP13-042">OP13-042]: Attach 1 Rested Don to Portgas D. Ace ["OP13-002">OP13-002]
RZ1|197|1|Don|5|0|9|9901|1|1|1|0|0
RZ1|CHK|197|1|28|7|4|0|1|7|11|0|1|2
[You] Edward Newgate ["OP13-042">OP13-042]: Attach 1 Rested Don to Otama ["OP13-043">OP13-043]
RZ1|198|1|Don|5|0|9|0|1|1|1|0|0
RZ1|CHK|198|1|28|7|4|0|1|6|11|0|1|3
[You] Edward Newgate ["OP13-042">OP13-042]: Attach 1 Rested Don to Otama ["OP13-043">OP13-043]
RZ1|199|1|Don|5|0|9|1|1|1|1|0|0
RZ1|CHK|199|1|28|7|4|0|1|5|11|0|1|4
[You] Portgas D. Ace ["OP13-002">OP13-002] attacking Marshall D. Teach ["OP16-080">OP16-080]
Portgas D. Ace ["OP13-002">OP13-002][10000] vs Marshall D. Teach ["OP16-080">OP16-080][5000]
Marshall D. Teach ["OP16-080">OP16-080] hit for 1 damage
RZ1|200|2|OP16-102|3|1|1|4|1|1|0|0|0
RZ1|CHK|200|2|34|5|5|1|2|6|4|1|1|2
[You] Kingdew ["OP08-044">OP08-044] revealed: Namule ["OP08-050">OP08-050]
[You] Kingdew ["OP08-044">OP08-044] revealed: Thatch ["ST15-004">ST15-004]
[You] Kingdew ["OP08-044">OP08-044]: Buff Kingdew ["OP08-044">OP08-044] 2000
RZ1|201|1|Don|5|4|5|4|1|1|1|0|0
RZ1|CHK|201|1|28|7|4|0|1|5|11|0|1|4
[You] Deploy Thatch ["ST15-004">ST15-004]
RZ1|202|1|ST15-004|1|5|2|4|1|1|0|0|0
RZ1|CHK|202|1|28|6|5|0|1|5|11|0|1|4
[You] Thatch ["ST15-004">ST15-004]: Buff Jesus Burgess ["OP16-107">OP16-107] -2000
[You] Kingdew ["OP08-044">OP08-044] attacking Marshall D. Teach ["OP16-080">OP16-080]
Kingdew ["OP08-044">OP08-044][6000] vs Marshall D. Teach ["OP16-080">OP16-080][5000]
Marshall D. Teach ["OP16-080">OP16-080] hit for 1 damage
RZ1|203|2|OP16-110|3|0|1|5|1|1|0|0|0
RZ1|CHK|203|2|34|6|5|0|2|6|4|1|1|2
[Opponent] Vasco Shot ["OP16-110">OP16-110]: Activate Trigger
RZ1|204|2|OP16-110|1|5|6|4|1|1|0|0|0
RZ1|CHK|204|2|34|5|5|0|2|6|5|1|1|2
[] Drew card from deck: Jesus Burgess ["OP16-107">OP16-107]
RZ1|205|2|OP16-107|0|33|1|5|1|1|0|0|0
RZ1|CHK|205|2|33|6|5|0|2|6|5|1|1|2
[Opponent] Vasco Shot ["OP16-110">OP16-110]: Draw 1 Card
[Opponent] Vasco Shot ["OP16-110">OP16-110]: Rest Thatch ["ST15-004">ST15-004]
[] Hand: [OP09-118,OP13-042,OP13-042,OP13-016,OP08-050,OP13-016]
[] Board: [OP13-043,OP13-043,OP08-044,OP13-042,ST15-004]
[] Trash: [ST23-001,PRB02-008,ST22-002,OP13-016,PRB02-008,OP08-050,OP08-047,ST22-015,OP13-057,ST22-015,OP13-054]
[] Life: 0
[] Hand: [OP09-093,OP09-093,OP16-106,OP16-102,OP16-102,OP16-107]
[] Trash: [OP10-098,OP09-098,OP16-104,OP09-084,OP16-110]
[] Board: [OP16-103,OP16-103,OP16-107,OP16-109,PRB02-015]
[] Life: 0
[You] End Turn
[] Hand: [OP09-093,OP09-093,OP16-106,OP16-102,OP16-102,OP16-107]
[] Board: [OP16-103,OP16-103,OP16-107,OP16-109,PRB02-015]
[] Trash: [OP10-098,OP09-098,OP16-104,OP09-084,OP16-110]
[] Life: 0
[] Hand: [OP09-118,OP13-042,OP13-042,OP13-016,OP08-050,OP13-016]
[] Trash: [ST23-001,PRB02-008,ST22-002,OP13-016,PRB02-008,OP08-050,OP08-047,ST22-015,OP13-057,ST22-015,OP13-054]
[] Board: [OP13-043,OP13-043,OP08-044,OP13-042,ST15-004]
[] Life: 0
RZ1|206|2|Don|9|9900|5|0|1|1|1|0|0
RZ1|CHK|206|2|33|6|5|0|2|7|5|1|1|1
RZ1|207|2|Don|9|200|5|0|1|1|1|0|0
RZ1|CHK|207|2|33|6|5|0|2|8|5|1|1|0
[Opponent] Draw 1 Card
[] Drew card from deck: Jesus Burgess ["OP16-107">OP16-107]
RZ1|208|2|OP16-107|0|32|1|6|1|1|0|0|0
RZ1|CHK|208|2|32|7|5|0|2|8|5|1|1|0
RZ1|209|2|Don|4|1|5|8|1|1|0|0|0
RZ1|CHK|209|2|32|7|5|0|1|9|5|1|1|0
RZ1|210|2|Don|4|0|5|9|1|1|0|0|0
RZ1|CHK|210|2|32|7|5|0|0|10|5|1|1|0
[Opponent] Draw 2 Don
RZ1|211|2|Don|5|0|5|0|1|1|1|0|0
RZ1|CHK|211|2|32|7|5|0|0|10|5|1|1|0
RZ1|212|2|Don|5|1|5|1|1|1|1|0|0
RZ1|CHK|212|2|32|7|5|0|0|10|5|1|1|0
RZ1|213|2|Don|5|2|5|2|1|1|1|0|0
RZ1|CHK|213|2|32|7|5|0|0|10|5|1|1|0
RZ1|214|2|Don|5|3|5|3|1|1|1|0|0
RZ1|CHK|214|2|32|7|5|0|0|10|5|1|1|0
RZ1|215|2|Don|5|4|5|4|1|1|1|0|0
RZ1|CHK|215|2|32|7|5|0|0|10|5|1|1|0
RZ1|216|2|Don|5|5|5|5|1|1|1|0|0
RZ1|CHK|216|2|32|7|5|0|0|10|5|1|1|0
RZ1|217|2|Don|5|6|5|6|1|1|1|0|0
RZ1|CHK|217|2|32|7|5|0|0|10|5|1|1|0
RZ1|218|2|Don|5|7|5|7|1|1|1|0|0
RZ1|CHK|218|2|32|7|5|0|0|10|5|1|1|0
RZ1|219|2|Don|5|8|5|8|1|1|1|0|0
RZ1|CHK|219|2|32|7|5|0|0|10|5|1|1|0
RZ1|220|2|Don|5|9|5|9|1|1|1|0|0
RZ1|CHK|220|2|32|7|5|0|0|10|5|1|1|0
[Opponent] Trash Doc Q ["OP16-109">OP16-109]
[Opponent] Deploy Marshall D. Teach ["OP09-093">OP09-093]
RZ1|221|2|OP16-109|2|3|6|5|1|1|0|0|0
RZ1|CHK|221|2|32|7|4|0|0|10|6|1|1|0
RZ1|222|2|OP09-093|1|0|2|4|1|1|0|0|0
RZ1|CHK|222|2|32|6|5|0|0|10|6|1|1|0
[Opponent] Marshall D. Teach ["OP09-093">OP09-093]: Nullify effects of Portgas D. Ace ["OP13-002">OP13-002]
[Opponent] Marshall D. Teach ["OP09-093">OP09-093]: Edward Newgate ["OP13-042">OP13-042] can't attack next turn
[Opponent] Marshall D. Teach ["OP09-093">OP09-093]: Nullify effects of Edward Newgate ["OP13-042">OP13-042] until next turn end!
[Opponent] Jesus Burgess ["OP16-107">OP16-107] attacking Kingdew ["OP08-044">OP08-044]
[You] Discard Monkey D. Garp ["OP13-016">OP13-016] for Counter 1000
RZ1|223|1|OP13-016|1|3|6|11|1|1|0|0|0
RZ1|CHK|223|1|28|5|5|0|1|5|12|0|1|4
[You] Discard Namule ["OP08-050">OP08-050] for Counter 1000
RZ1|224|1|OP08-050|1|3|6|12|1|1|0|0|0
RZ1|CHK|224|1|28|4|5|0|1|5|13|0|1|4
Jesus Burgess ["OP16-107">OP16-107][5000] vs Kingdew ["OP08-044">OP08-044][6000]
Attack Fails
[Opponent] Marshall D. Teach ["OP16-080">OP16-080] attacking Kingdew ["OP08-044">OP08-044]
Marshall D. Teach ["OP16-080">OP16-080][5000] vs Kingdew ["OP08-044">OP08-044][4000]
[You] Kingdew ["OP08-044">OP08-044] Destroyed
RZ1|225|1|OP08-044|2|2|6|13|1|1|0|0|0
RZ1|CHK|225|1|28|4|4|0|1|5|14|0|1|4
[Opponent] Van Augur ["OP16-103">OP16-103] attacking Thatch ["ST15-004">ST15-004]
Van Augur ["OP16-103">OP16-103][2000] vs Thatch ["ST15-004">ST15-004][2000]
[You] Thatch ["ST15-004">ST15-004] Destroyed
RZ1|226|1|ST15-004|2|3|6|14|1|1|0|0|0
RZ1|CHK|226|1|28|4|3|0|1|5|15|0|1|4
[Opponent] Fullalead ["OP09-099">OP09-099]: Rest Fullalead ["OP09-099">OP09-099]
RZ1|227|2|OP16-107|1|4|6|6|1|1|0|0|0
RZ1|CHK|227|2|32|5|5|0|0|10|7|1|1|0
[Opponent] Fullalead ["OP09-099">OP09-099]: Trash Jesus Burgess ["OP16-107">OP16-107]
RZ1|228|2|OP16-104|0|31|1|5|1|1|0|0|0
RZ1|CHK|228|2|31|6|5|0|0|10|7|1|1|0
[Opponent] Fullalead ["OP09-099">OP09-099]: <b>Reveal and Draw Catarina Devon ["OP16-104">OP16-104]</b>
[Opponent] Placing Cards on Bottom of Deck
RZ1|229|2|OP09-095|0|30|0|0|0|0|0|0|0
RZ1|CHK|229|2|31|6|5|0|0|10|7|1|1|0
RZ1|230|2|OP16-106|0|30|0|0|0|0|0|0|0
RZ1|CHK|230|2|31|6|5|0|0|10|7|1|1|0
[Opponent] Portgas D. Ace ["OP13-002">OP13-002] no longer nullified
[] Hand: [OP09-093,OP16-106,OP16-102,OP16-102,OP16-107,OP16-104]
[] Board: [OP16-103,OP16-103,OP16-107,PRB02-015,OP09-093]
[] Trash: [OP10-098,OP09-098,OP16-104,OP09-084,OP16-110,OP16-109,OP16-107]
[] Life: 0
[] Hand: [OP09-118,OP13-042,OP13-042,OP13-016]
[] Trash: [ST23-001,PRB02-008,ST22-002,OP13-016,PRB02-008,OP08-050,OP08-047,ST22-015,OP13-057,ST22-015,OP13-054,OP13-016,OP08-050,OP08-044,ST15-004]
[] Board: [OP13-043,OP13-043,OP13-042]
[] Life: 0
[Opponent] End Turn
[] Hand: [OP09-118,OP13-042,OP13-042,OP13-016]
[] Board: [OP13-043,OP13-043,OP13-042]
[] Trash: [ST23-001,PRB02-008,ST22-002,OP13-016,PRB02-008,OP08-050,OP08-047,ST22-015,OP13-057,ST22-015,OP13-054,OP13-016,OP08-050,OP08-044,ST15-004]
[] Life: 0
[] Hand: [OP09-093,OP16-106,OP16-102,OP16-102,OP16-107,OP16-104]
[] Trash: [OP10-098,OP09-098,OP16-104,OP09-084,OP16-110,OP16-109,OP16-107]
[] Board: [OP16-103,OP16-103,OP16-107,PRB02-015,OP09-093]
[] Life: 0
RZ1|231|1|Don|9|9900|5|0|1|1|1|0|0
RZ1|CHK|231|1|28|4|3|0|1|6|15|0|1|3
RZ1|232|1|Don|9|9900|5|0|1|1|1|0|0
RZ1|CHK|232|1|28|4|3|0|1|7|15|0|1|2
RZ1|233|1|Don|9|0|5|0|1|1|1|0|0
RZ1|CHK|233|1|28|4|3|0|1|8|15|0|1|1
RZ1|234|1|Don|9|0|5|0|1|1|1|0|0
RZ1|CHK|234|1|28|4|3|0|1|9|15|0|1|0
[You] Draw 1 Card
[] Drew card from deck: Izou ["ST22-002">ST22-002]
RZ1|235|1|ST22-002|0|27|1|4|1|1|0|0|0
RZ1|CHK|235|1|27|5|3|0|1|9|15|0|1|0
RZ1|236|1|Don|4|0|5|9|1|1|0|0|0
RZ1|CHK|236|1|27|5|3|0|0|10|15|0|1|0
[You] Draw 2 Don
RZ1|237|1|Don|5|0|5|0|1|1|1|0|0
RZ1|CHK|237|1|27|5|3|0|0|10|15|0|1|0
RZ1|238|1|Don|5|1|5|1|1|1|1|0|0
RZ1|CHK|238|1|27|5|3|0|0|10|15|0|1|0
RZ1|239|1|Don|5|2|5|2|1|1|1|0|0
RZ1|CHK|239|1|27|5|3|0|0|10|15|0|1|0
RZ1|240|1|Don|5|3|5|3|1|1|1|0|0
RZ1|CHK|240|1|27|5|3|0|0|10|15|0|1|0
RZ1|241|1|Don|5|4|5|4|1|1|1|0|0
RZ1|CHK|241|1|27|5|3|0|0|10|15|0|1|0
RZ1|242|1|Don|5|5|5|5|1|1|1|0|0
RZ1|CHK|242|1|27|5|3|0|0|10|15|0|1|0
RZ1|243|1|Don|5|6|5|6|1|1|1|0|0
RZ1|CHK|243|1|27|5|3|0|0|10|15|0|1|0
RZ1|244|1|Don|5|7|5|7|1|1|1|0|0
RZ1|CHK|244|1|27|5|3|0|0|10|15|0|1|0
RZ1|245|1|Don|5|8|5|8|1|1|1|0|0
RZ1|CHK|245|1|27|5|3|0|0|10|15|0|1|0
RZ1|246|1|Don|5|9|5|9|1|1|1|0|0
RZ1|CHK|246|1|27|5|3|0|0|10|15|0|1|0
[You] Deploy Gol D. Roger ["OP09-118">OP09-118]
RZ1|247|1|OP09-118|1|0|2|3|1|1|0|0|0
RZ1|CHK|247|1|27|4|4|0|0|10|15|0|1|0
[You] Gol D. Roger ["OP09-118">OP09-118] attacking Marshall D. Teach ["OP16-080">OP16-080]
RZ1|248|2|OP16-107|1|4|6|7|1|1|0|0|0
RZ1|CHK|248|2|31|5|5|0|0|10|8|1|1|0
[Opponent] Marshall D. Teach ["OP16-080">OP16-080]: Trash Jesus Burgess ["OP16-107">OP16-107]
[Opponent] Marshall D. Teach ["OP16-080">OP16-080]: Target of Attack changed to Van Augur ["OP16-103">OP16-103]
[Opponent] Shiryu ["PRB02-015">PRB02-015] Blocks
[You] Gol D. Roger ["OP09-118">OP09-118]: Wins the Game!
[You] <b>Downloaded the Combat Log!</b>
GameOver