Version is 1.41b.77
[You] Leader is Portgas D. Ace ["OP16-001">OP16-001]
RZ1|HDR|1.41b|2|RZ1
RZ1|PLY|1||OP16-001
RZ1|PLY|2||
[Opponent] Leader is Eustass "Captain" Kid ["OP10-099">OP10-099]
RZ1|1|2|OP10-119|0|37|0|0|0|0|0|0|0
RZ1|CHK|1|2|50|0|0|0|10|0|0|0|1|0
RZ1|2|2|OP10-109|0|19|0|1|0|0|0|0|0
RZ1|CHK|2|2|50|0|0|0|10|0|0|0|1|0
RZ1|3|2|OP12-117|0|44|0|2|0|0|0|0|0
RZ1|CHK|3|2|50|0|0|0|10|0|0|0|1|0
RZ1|4|2|OP11-101|0|12|0|3|0|0|0|0|0
RZ1|CHK|4|2|50|0|0|0|10|0|0|0|1|0
RZ1|5|2|OP10-114|0|16|0|4|0|0|0|0|0
RZ1|CHK|5|2|50|0|0|0|10|0|0|0|1|0
RZ1|6|2|ST36-002|0|28|0|5|0|0|0|0|0
RZ1|CHK|6|2|50|0|0|0|10|0|0|0|1|0
RZ1|7|2|ST36-002|0|27|0|6|0|0|0|0|0
RZ1|CHK|7|2|50|0|0|0|10|0|0|0|1|0
RZ1|8|2|OP10-109|0|23|0|7|0|0|0|0|0
RZ1|CHK|8|2|50|0|0|0|10|0|0|0|1|0
RZ1|9|2|OP13-116|0|47|0|8|0|0|0|0|0
RZ1|CHK|9|2|50|0|0|0|10|0|0|0|1|0
RZ1|10|2|OP11-101|0|18|0|9|0|0|0|0|0
RZ1|CHK|10|2|50|0|0|0|10|0|0|0|1|0
RZ1|11|2|OP10-119|0|39|0|11|0|0|0|0|0
RZ1|CHK|11|2|50|0|0|0|10|0|0|0|1|0
RZ1|12|2|OP10-114|0|21|0|12|0|0|0|0|0
RZ1|CHK|12|2|50|0|0|0|10|0|0|0|1|0
RZ1|13|2|ST36-004|0|18|0|13|0|0|0|0|0
RZ1|CHK|13|2|50|0|0|0|10|0|0|0|1|0
RZ1|14|2|ST36-005|0|39|0|14|0|0|0|0|0
RZ1|CHK|14|2|50|0|0|0|10|0|0|0|1|0
RZ1|15|2|ST36-005|0|38|0|15|0|0|0|0|0
RZ1|CHK|15|2|50|0|0|0|10|0|0|0|1|0
RZ1|16|2|P-088|0|28|0|16|0|0|0|0|0
RZ1|CHK|16|2|50|0|0|0|10|0|0|0|1|0
RZ1|17|2|ST36-005|0|39|0|17|0|0|0|0|0
RZ1|CHK|17|2|50|0|0|0|10|0|0|0|1|0
RZ1|18|2|OP13-116|0|47|0|18|0|0|0|0|0
RZ1|CHK|18|2|50|0|0|0|10|0|0|0|1|0
RZ1|19|2|OP10-109|0|29|0|19|0|0|0|0|0
RZ1|CHK|19|2|50|0|0|0|10|0|0|0|1|0
RZ1|20|2|OP10-101|0|40|0|20|0|0|0|0|0
RZ1|CHK|20|2|50|0|0|0|10|0|0|0|1|0
RZ1|21|2|P-088|0|32|0|21|0|0|0|0|0
RZ1|CHK|21|2|50|0|0|0|10|0|0|0|1|0
RZ1|22|2|OP12-117|0|47|0|22|0|0|0|0|0
RZ1|CHK|22|2|50|0|0|0|10|0|0|0|1|0
RZ1|23|2|OP10-101|0|41|0|23|0|0|0|0|0
RZ1|CHK|23|2|50|0|0|0|10|0|0|0|1|0
RZ1|24|2|OP10-119|0|43|0|24|0|0|0|0|0
RZ1|CHK|24|2|50|0|0|0|10|0|0|0|1|0
RZ1|25|2|ST36-004|0|30|0|26|0|0|0|0|0
RZ1|CHK|25|2|50|0|0|0|10|0|0|0|1|0
RZ1|26|2|P-088|0|36|0|27|0|0|0|0|0
RZ1|CHK|26|2|50|0|0|0|10|0|0|0|1|0
RZ1|27|2|OP10-112|0|44|0|28|0|0|0|0|0
RZ1|CHK|27|2|50|0|0|0|10|0|0|0|1|0
RZ1|28|2|OP13-116|0|48|0|29|0|0|0|0|0
RZ1|CHK|28|2|50|0|0|0|10|0|0|0|1|0
RZ1|29|2|OP10-109|0|38|0|30|0|0|0|0|0
RZ1|CHK|29|2|50|0|0|0|10|0|0|0|1|0
RZ1|30|2|ST36-001|0|37|0|32|0|0|0|0|0
RZ1|CHK|30|2|50|0|0|0|10|0|0|0|1|0
RZ1|31|2|ST36-003|0|42|0|33|0|0|0|0|0
RZ1|CHK|31|2|50|0|0|0|10|0|0|0|1|0
RZ1|32|2|OP10-119|0|45|0|34|0|0|0|0|0
RZ1|CHK|32|2|50|0|0|0|10|0|0|0|1|0
RZ1|33|2|ST36-002|0|42|0|35|0|0|0|0|0
RZ1|CHK|33|2|50|0|0|0|10|0|0|0|1|0
RZ1|34|2|OP10-112|0|46|0|36|0|0|0|0|0
RZ1|CHK|34|2|50|0|0|0|10|0|0|0|1|0
RZ1|35|2|OP10-112|0|48|0|38|0|0|0|0|0
RZ1|CHK|35|2|50|0|0|0|10|0|0|0|1|0
RZ1|36|2|ST36-003|0|47|0|39|0|0|0|0|0
RZ1|CHK|36|2|50|0|0|0|10|0|0|0|1|0
RZ1|37|2|ST36-002|0|45|0|40|0|0|0|0|0
RZ1|CHK|37|2|50|0|0|0|10|0|0|0|1|0
RZ1|38|2|OP10-114|0|44|0|41|0|0|0|0|0
RZ1|CHK|38|2|50|0|0|0|10|0|0|0|1|0
RZ1|39|2|OP11-101|0|44|0|42|0|0|0|0|0
RZ1|CHK|39|2|50|0|0|0|10|0|0|0|1|0
RZ1|40|2|EB04-059|0|49|0|43|0|0|0|0|0
RZ1|CHK|40|2|50|0|0|0|10|0|0|0|1|0
RZ1|41|2|OP10-112|0|49|0|44|0|0|0|0|0
RZ1|CHK|41|2|50|0|0|0|10|0|0|0|1|0
RZ1|42|2|ST36-003|0|49|0|47|0|0|0|0|0
RZ1|CHK|42|2|50|0|0|0|10|0|0|0|1|0
RZ1|43|2|ST36-003|0|49|0|48|0|0|0|0|0
RZ1|CHK|43|2|50|0|0|0|10|0|0|0|1|0
[] Drew card from deck: Curiel ["OP16-004">OP16-004]
RZ1|44|1|OP16-004|0|49|1|0|1|1|0|0|0
RZ1|CHK|44|1|49|1|0|0|10|0|0|0|1|0
[] Drew card from deck: Time for the Counter-Attack ["OP14-018">OP14-018]
RZ1|45|1|OP14-018|0|48|1|1|1|1|0|0|0
RZ1|CHK|45|1|48|2|0|0|10|0|0|0|1|0
[] Drew card from deck: Sanji ["OP10-005">OP10-005]
RZ1|46|1|OP10-005|0|47|1|2|1|1|0|0|0
RZ1|CHK|46|1|47|3|0|0|10|0|0|0|1|0
[] Drew card from deck: Portgas D. Ace ["OP16-118">OP16-118]
RZ1|47|1|OP16-118|0|46|1|3|1|1|0|0|0
RZ1|CHK|47|1|46|4|0|0|10|0|0|0|1|0
[] Drew card from deck: Thatch ["OP16-005">OP16-005]
RZ1|48|1|OP16-005|0|45|1|4|1|1|0|0|0
RZ1|CHK|48|1|45|5|0|0|10|0|0|0|1|0
[] Drew card from deck: Cavendish ["ST36-001">ST36-001]
RZ1|49|2|ST36-001|0|49|1|0|1|1|0|0|0
RZ1|CHK|49|2|49|1|0|0|10|0|0|0|1|0
[] Drew card from deck: Scratchmen Apoo ["ST36-003">ST36-003]
RZ1|50|2|ST36-003|0|48|1|1|1|1|0|0|0
RZ1|CHK|50|2|48|2|0|0|10|0|0|0|1|0
[] Drew card from deck: Scratchmen Apoo ["ST36-003">ST36-003]
RZ1|51|2|ST36-003|0|47|1|2|1|1|0|0|0
RZ1|CHK|51|2|47|3|0|0|10|0|0|0|1|0
[] Drew card from deck: Jewelry Bonney ["OP15-105">OP15-105]
RZ1|52|2|OP15-105|0|46|1|3|1|1|0|0|0
RZ1|CHK|52|2|46|4|0|0|10|0|0|0|1|0
[] Drew card from deck: Jewelry Bonney ["OP15-105">OP15-105]
RZ1|53|2|OP15-105|0|45|1|4|1|1|0|0|0
RZ1|CHK|53|2|45|5|0|0|10|0|0|0|1|0
RZ1|54|1|OP16-005|0|44|3|0|1|0|0|0|0
RZ1|CHK|54|1|44|5|0|1|10|0|0|0|1|0
RZ1|55|1|OP16-005|0|43|3|1|1|0|0|0|0
RZ1|CHK|55|1|43|5|0|2|10|0|0|0|1|0
RZ1|56|1|OP16-014|0|42|3|2|1|0|0|0|0
RZ1|CHK|56|1|42|5|0|3|10|0|0|0|1|0
RZ1|57|1|OP16-118|0|41|3|3|1|0|0|0|0
RZ1|CHK|57|1|41|5|0|4|10|0|0|0|1|0
RZ1|58|1|EB01-002|0|40|3|4|1|0|0|0|0
RZ1|CHK|58|1|40|5|0|5|10|0|0|0|1|0
RZ1|59|2|ST36-001|1|0|0|45|0|0|0|0|0
RZ1|CHK|59|2|46|4|0|0|10|0|0|0|1|0
RZ1|60|2|ST36-003|1|0|0|46|0|0|0|0|0
RZ1|CHK|60|2|47|3|0|0|10|0|0|0|1|0
RZ1|61|2|ST36-003|1|0|0|47|0|0|0|0|0
RZ1|CHK|61|2|48|2|0|0|10|0|0|0|1|0
RZ1|62|2|OP15-105|1|0|0|48|0|0|0|0|0
RZ1|CHK|62|2|49|1|0|0|10|0|0|0|1|0
RZ1|63|2|OP15-105|1|0|0|49|0|0|0|0|0
RZ1|CHK|63|2|50|0|0|0|10|0|0|0|1|0
RZ1|64|2|OP11-101|0|9|0|0|0|0|0|0|0
RZ1|CHK|64|2|50|0|0|0|10|0|0|0|1|0
RZ1|65|2|ST36-001|0|32|0|1|0|0|0|0|0
RZ1|CHK|65|2|50|0|0|0|10|0|0|0|1|0
RZ1|66|2|OP12-117|0|4|0|2|0|0|0|0|0
RZ1|CHK|66|2|50|0|0|0|10|0|0|0|1|0
RZ1|67|2|ST36-001|0|45|0|4|0|0|0|0|0
RZ1|CHK|67|2|50|0|0|0|10|0|0|0|1|0
RZ1|68|2|OP11-101|0|6|0|5|0|0|0|0|0
RZ1|CHK|68|2|50|0|0|0|10|0|0|0|1|0
RZ1|69|2|OP10-112|0|37|0|6|0|0|0|0|0
RZ1|CHK|69|2|50|0|0|0|10|0|0|0|1|0
RZ1|70|2|OP10-114|0|42|0|7|0|0|0|0|0
RZ1|CHK|70|2|50|0|0|0|10|0|0|0|1|0
RZ1|71|2|OP10-119|0|37|0|8|0|0|0|0|0
RZ1|CHK|71|2|50|0|0|0|10|0|0|0|1|0
RZ1|72|2|OP10-119|0|29|0|10|0|0|0|0|0
RZ1|CHK|72|2|50|0|0|0|10|0|0|0|1|0
RZ1|73|2|ST36-005|0|23|0|11|0|0|0|0|0
RZ1|CHK|73|2|50|0|0|0|10|0|0|0|1|0
RZ1|74|2|OP13-116|0|24|0|12|0|0|0|0|0
RZ1|CHK|74|2|50|0|0|0|10|0|0|0|1|0
RZ1|75|2|ST36-002|0|42|0|13|0|0|0|0|0
RZ1|CHK|75|2|50|0|0|0|10|0|0|0|1|0
RZ1|76|2|OP10-109|0|17|0|14|0|0|0|0|0
RZ1|CHK|76|2|50|0|0|0|10|0|0|0|1|0
RZ1|77|2|OP10-112|0|41|0|15|0|0|0|0|0
RZ1|CHK|77|2|50|0|0|0|10|0|0|0|1|0
RZ1|78|2|OP15-105|0|48|0|17|0|0|0|0|0
RZ1|CHK|78|2|50|0|0|0|10|0|0|0|1|0
RZ1|79|2|ST36-003|0|47|0|18|0|0|0|0|0
RZ1|CHK|79|2|50|0|0|0|10|0|0|0|1|0
RZ1|80|2|OP10-111|0|22|0|19|0|0|0|0|0
RZ1|CHK|80|2|50|0|0|0|10|0|0|0|1|0
RZ1|81|2|P-088|0|28|0|20|0|0|0|0|0
RZ1|CHK|81|2|50|0|0|0|10|0|0|0|1|0
RZ1|82|2|ST36-002|0|22|0|21|0|0|0|0|0
RZ1|CHK|82|2|50|0|0|0|10|0|0|0|1|0
RZ1|83|2|OP10-101|0|33|0|22|0|0|0|0|0
RZ1|CHK|83|2|50|0|0|0|10|0|0|0|1|0
RZ1|84|2|OP15-105|0|49|0|23|0|0|0|0|0
RZ1|CHK|84|2|50|0|0|0|10|0|0|0|1|0
RZ1|85|2|ST36-004|0|28|0|24|0|0|0|0|0
RZ1|CHK|85|2|50|0|0|0|10|0|0|0|1|0
RZ1|86|2|EB04-059|0|47|0|25|0|0|0|0|0
RZ1|CHK|86|2|50|0|0|0|10|0|0|0|1|0
RZ1|87|2|OP10-109|0|41|0|26|0|0|0|0|0
RZ1|CHK|87|2|50|0|0|0|10|0|0|0|1|0
RZ1|88|2|OP10-112|0|40|0|27|0|0|0|0|0
RZ1|CHK|88|2|50|0|0|0|10|0|0|0|1|0
RZ1|89|2|OP10-101|0|35|0|29|0|0|0|0|0
RZ1|CHK|89|2|50|0|0|0|10|0|0|0|1|0
RZ1|90|2|P-088|0|36|0|30|0|0|0|0|0
RZ1|CHK|90|2|50|0|0|0|10|0|0|0|1|0
RZ1|91|2|OP10-111|0|45|0|31|0|0|0|0|0
RZ1|CHK|91|2|50|0|0|0|10|0|0|0|1|0
RZ1|92|2|OP10-119|0|33|0|32|0|0|0|0|0
RZ1|CHK|92|2|50|0|0|0|10|0|0|0|1|0
RZ1|93|2|ST36-004|0|40|0|33|0|0|0|0|0
RZ1|CHK|93|2|50|0|0|0|10|0|0|0|1|0
RZ1|94|2|ST36-005|0|37|0|35|0|0|0|0|0
RZ1|CHK|94|2|50|0|0|0|10|0|0|0|1|0
RZ1|95|2|ST36-003|0|44|0|36|0|0|0|0|0
RZ1|CHK|95|2|50|0|0|0|10|0|0|0|1|0
RZ1|96|2|OP10-109|0|39|0|37|0|0|0|0|0
RZ1|CHK|96|2|50|0|0|0|10|0|0|0|1|0
RZ1|97|2|OP13-116|0|43|0|38|0|0|0|0|0
RZ1|CHK|97|2|50|0|0|0|10|0|0|0|1|0
RZ1|98|2|P-088|0|43|0|39|0|0|0|0|0
RZ1|CHK|98|2|50|0|0|0|10|0|0|0|1|0
RZ1|99|2|OP10-111|0|43|0|40|0|0|0|0|0
RZ1|CHK|99|2|50|0|0|0|10|0|0|0|1|0
RZ1|100|2|ST36-003|0|49|0|41|0|0|0|0|0
RZ1|CHK|100|2|50|0|0|0|10|0|0|0|1|0
RZ1|101|2|OP11-101|0|48|0|42|0|0|0|0|0
RZ1|CHK|101|2|50|0|0|0|10|0|0|0|1|0
RZ1|102|2|OP12-117|0|45|0|43|0|0|0|0|0
RZ1|CHK|102|2|50|0|0|0|10|0|0|0|1|0
RZ1|103|2|ST36-003|0|48|0|45|0|0|0|0|0
RZ1|CHK|103|2|50|0|0|0|10|0|0|0|1|0
RZ1|104|2|ST36-002|0|48|0|46|0|0|0|0|0
RZ1|CHK|104|2|50|0|0|0|10|0|0|0|1|0
RZ1|105|2|OP10-111|0|48|0|47|0|0|0|0|0
RZ1|CHK|105|2|50|0|0|0|10|0|0|0|1|0
[] Drew card from deck: Eustass "Captain" Kid ["OP10-112">OP10-112]
RZ1|106|2|OP10-112|0|49|1|0|1|1|0|0|0
RZ1|CHK|106|2|49|1|0|0|10|0|0|0|1|0
[] Drew card from deck: Eustass "Captain" Kid ["ST36-005">ST36-005]
RZ1|107|2|ST36-005|0|48|1|1|1|1|0|0|0
RZ1|CHK|107|2|48|2|0|0|10|0|0|0|1|0
[] Drew card from deck: Monkey D. Luffy ["OP10-111">OP10-111]
RZ1|108|2|OP10-111|0|47|1|2|1|1|0|0|0
RZ1|CHK|108|2|47|3|0|0|10|0|0|0|1|0
[] Drew card from deck: Killer ["ST36-002">ST36-002]
RZ1|109|2|ST36-002|0|46|1|3|1|1|0|0|0
RZ1|CHK|109|2|46|4|0|0|10|0|0|0|1|0
[] Drew card from deck: Scratchmen Apoo ["ST36-003">ST36-003]
RZ1|110|2|ST36-003|0|45|1|4|1|1|0|0|0
RZ1|CHK|110|2|45|5|0|0|10|0|0|0|1|0
RZ1|111|2|OP10-114|0|44|3|0|0|1|0|0|0
RZ1|CHK|111|2|44|5|0|1|10|0|0|0|1|0
RZ1|112|2|OP12-117|0|43|3|1|0|1|0|0|0
RZ1|CHK|112|2|43|5|0|2|10|0|0|0|1|0
RZ1|113|2|OP11-101|0|42|3|2|0|1|0|0|0
RZ1|CHK|113|2|42|5|0|3|10|0|0|0|1|0
RZ1|114|2|ST36-003|0|41|3|3|0|1|0|0|0
RZ1|CHK|114|2|41|5|0|4|10|0|0|0|1|0
RZ1|115|2|OP10-111|0|40|3|4|0|1|0|0|0
RZ1|CHK|115|2|40|5|0|5|10|0|0|0|1|0
[] Hand after Mulligan: [OP10-112,ST36-005,OP10-111,ST36-002,ST36-003]
[Opponent] Mulligan
[] Hand: [OP16-004,OP14-018,OP10-005,OP16-118,OP16-005]
[] Board: []
[] Trash: []
[] Life: 5
[] Hand: [OP10-112,ST36-005,OP10-111,ST36-002,ST36-003]
[] Trash: []
[] Board: []
[] Life: 5
RZ1|116|1|Don|4|9|5|0|1|1|0|0|0
RZ1|CHK|116|1|40|5|0|5|9|1|0|0|1|0
[You] Draw 1 Don
[] Hand: [OP16-004,OP14-018,OP10-005,OP16-118,OP16-005]
[] Board: []
[] Trash: []
[] Life: 5
[] Hand: [OP10-112,ST36-005,OP10-111,ST36-002,ST36-003]
[] Trash: []
[] Board: []
[] Life: 5
[You] End Turn
[] Hand: [OP10-112,ST36-005,OP10-111,ST36-002,ST36-003]
[] Board: []
[] Trash: []
[] Life: 5
[] Hand: [OP16-004,OP14-018,OP10-005,OP16-118,OP16-005]
[] Trash: []
[] Board: []
[] Life: 5
[Opponent] Draw 1 Card
[] Drew card from deck: Trafalgar Law ["P-088">P-088]
RZ1|117|2|P-088|0|39|1|5|1|1|0|0|0
RZ1|CHK|117|2|39|6|0|5|10|0|0|0|1|0
RZ1|118|2|Don|4|9|5|0|1|1|0|0|0
RZ1|CHK|118|2|39|6|0|5|9|1|0|0|1|0
RZ1|119|2|Don|4|8|5|1|1|1|0|0|0
RZ1|CHK|119|2|39|6|0|5|8|2|0|0|1|0
[Opponent] Draw 2 Don
RZ1|120|2|Don|5|0|5|0|1|1|1|0|0
RZ1|CHK|120|2|39|6|0|5|8|2|0|0|1|0
[Opponent] Deploy Monkey D. Luffy ["OP10-111">OP10-111]
RZ1|121|2|OP10-111|1|2|2|0|1|1|0|0|0
RZ1|CHK|121|2|39|5|1|5|8|2|0|0|1|0
RZ1|122|2|OP10-109|0|37|1|5|1|1|0|0|0
RZ1|CHK|122|2|38|6|1|5|8|2|0|0|1|0
[Opponent] Monkey D. Luffy ["OP10-111">OP10-111]: <b>Reveal and Draw Basil Hawkins ["OP10-109">OP10-109]</b>
[Opponent] Placing Cards on Bottom of Deck
RZ1|123|2|OP13-116|0|37|0|0|0|0|0|0|0
RZ1|CHK|123|2|38|6|1|5|8|2|0|0|1|0
RZ1|124|2|ST36-003|0|37|0|0|0|0|0|0|0
RZ1|CHK|124|2|38|6|1|5|8|2|0|0|1|0
RZ1|125|2|ST36-005|0|37|0|0|0|0|0|0|0
RZ1|CHK|125|2|38|6|1|5|8|2|0|0|1|0
RZ1|126|2|OP13-116|0|37|0|0|0|0|0|0|0
RZ1|CHK|126|2|38|6|1|5|8|2|0|0|1|0
[] Hand: [OP10-112,ST36-005,ST36-002,ST36-003,P-088,OP10-109]
[] Board: [OP10-111]
[] Trash: []
[] Life: 5
[] Hand: [OP16-004,OP14-018,OP10-005,OP16-118,OP16-005]
[] Trash: []
[] Board: []
[] Life: 5
[Opponent] End Turn
[] Hand: [OP16-004,OP14-018,OP10-005,OP16-118,OP16-005]
[] Board: []
[] Trash: []
[] Life: 5
[] Hand: [OP10-112,ST36-005,ST36-002,ST36-003,P-088,OP10-109]
[] Trash: []
[] Board: [OP10-111]
[] Life: 5
[You] Draw 1 Card
[] Drew card from deck: Izou ["EB01-002">EB01-002]
RZ1|127|1|EB01-002|0|39|1|5|1|1|0|0|0
RZ1|CHK|127|1|39|6|0|5|9|1|0|0|1|0
RZ1|128|1|Don|4|8|5|1|1|1|0|0|0
RZ1|CHK|128|1|39|6|0|5|8|2|0|0|1|0
RZ1|129|1|Don|4|7|5|2|1|1|0|0|0
RZ1|CHK|129|1|39|6|0|5|7|3|0|0|1|0
[You] Draw 2 Don
[You] Portgas D. Ace ["OP16-001">OP16-001] attacking Eustass "Captain" Kid ["OP10-099">OP10-099]
Portgas D. Ace ["OP16-001">OP16-001][5000] vs Eustass "Captain" Kid ["OP10-099">OP10-099][5000]
Eustass "Captain" Kid ["OP10-099">OP10-099] hit for 1 damage
RZ1|130|2|OP10-111|3|4|1|6|1|1|0|0|0
RZ1|CHK|130|2|38|7|1|4|8|2|0|0|1|0
RZ1|131|1|Don|5|0|5|0|1|1|1|0|0
RZ1|CHK|131|1|39|6|0|5|7|3|0|0|1|0
RZ1|132|1|Don|5|1|5|1|1|1|1|0|0
RZ1|CHK|132|1|39|6|0|5|7|3|0|0|1|0
RZ1|133|1|Don|5|2|5|2|1|1|1|0|0
RZ1|CHK|133|1|39|6|0|5|7|3|0|0|1|0
[You] Deploy Sanji ["OP10-005">OP10-005]
RZ1|134|1|OP10-005|1|2|2|0|1|1|0|3000|0
RZ1|CHK|134|1|39|5|1|5|7|3|0|0|1|0
[] Hand: [OP16-004,OP14-018,OP16-118,OP16-005,EB01-002]
[] Board: [OP10-005]
[] Trash: []
[] Life: 5
[] Hand: [OP10-112,ST36-005,ST36-002,ST36-003,P-088,OP10-109,OP10-111]
[] Trash: []
[] Board: [OP10-111]
[] Life: 4
[You] End Turn
[] Hand: [OP10-112,ST36-005,ST36-002,ST36-003,P-088,OP10-109,OP10-111]
[] Board: [OP10-111]
[] Trash: []
[] Life: 4
[] Hand: [OP16-004,OP14-018,OP16-118,OP16-005,EB01-002]
[] Trash: []
[] Board: [OP10-005]
[] Life: 5
[Opponent] Draw 1 Card
[] Drew card from deck: Bartolomeo ["ST36-004">ST36-004]
RZ1|135|2|ST36-004|0|37|1|7|1|1|0|0|0
RZ1|CHK|135|2|37|8|1|4|8|2|0|0|1|0
RZ1|136|2|Don|4|7|5|2|1|1|0|0|0
RZ1|CHK|136|2|37|8|1|4|7|3|0|0|1|0
RZ1|137|2|Don|4|6|5|3|1|1|0|0|0
RZ1|CHK|137|2|37|8|1|4|6|4|0|0|1|0
[Opponent] Draw 2 Don
RZ1|138|2|Don|5|0|5|0|1|1|1|0|0
RZ1|CHK|138|2|37|8|1|4|6|4|0|0|1|0
RZ1|139|2|Don|5|1|5|1|1|1|1|0|0
RZ1|CHK|139|2|37|8|1|4|6|4|0|0|1|0
RZ1|140|2|Don|5|2|5|2|1|1|1|0|0
RZ1|CHK|140|2|37|8|1|4|6|4|0|0|1|0
RZ1|141|2|Don|5|3|5|3|1|1|1|0|0
RZ1|CHK|141|2|37|8|1|4|6|4|0|0|1|0
[Opponent] Deploy Basil Hawkins ["OP10-109">OP10-109]
RZ1|142|2|OP10-109|1|5|2|1|1|1|0|0|0
RZ1|CHK|142|2|37|7|2|4|6|4|0|0|1|0
[Opponent] Eustass "Captain" Kid ["OP10-099">OP10-099] attacking Portgas D. Ace ["OP16-001">OP16-001]
[You] Discard Curiel ["OP16-004">OP16-004] for Counter 2000
RZ1|143|1|OP16-004|1|0|6|0|1|1|0|0|0
RZ1|CHK|143|1|39|4|1|5|7|3|1|0|1|0
Eustass "Captain" Kid ["OP10-099">OP10-099][5000] vs Portgas D. Ace ["OP16-001">OP16-001][7000]
Attack Fails
[Opponent] Eustass "Captain" Kid ["OP10-099">OP10-099]: Flip 1 Life Face Up
RZ1|144|2|ST36-003|3|3|3|3|1|1|0|0|0
RZ1|CHK|144|2|37|7|2|4|6|4|0|0|1|0
[Opponent] Eustass "Captain" Kid ["OP10-099">OP10-099]: Set Basil Hawkins ["OP10-109">OP10-109] to Active
[Opponent] Eustass "Captain" Kid ["OP10-099">OP10-099]: Basil Hawkins ["OP10-109">OP10-109] Gains Blocker
[] Hand: [OP10-112,ST36-005,ST36-002,ST36-003,P-088,OP10-111,ST36-004]
[] Board: [OP10-111,OP10-109]
[] Trash: []
[] Life: 4
[] Hand: [OP14-018,OP16-118,OP16-005,EB01-002]
[] Trash: [OP16-004]
[] Board: [OP10-005]
[] Life: 5
[Opponent] End Turn
[] Hand: [OP14-018,OP16-118,OP16-005,EB01-002]
[] Board: [OP10-005]
[] Trash: [OP16-004]
[] Life: 5
[] Hand: [OP10-112,ST36-005,ST36-002,ST36-003,P-088,OP10-111,ST36-004]
[] Trash: []
[] Board: [OP10-111,OP10-109]
[] Life: 4
[You] Draw 1 Card
[] Drew card from deck: Monkey D. Luffy ["OP16-015">OP16-015]
RZ1|145|1|OP16-015|0|38|1|4|1|1|0|0|0
RZ1|CHK|145|1|38|5|1|5|7|3|1|0|1|0
RZ1|146|1|Don|4|6|5|3|1|1|0|0|0
RZ1|CHK|146|1|38|5|1|5|6|4|1|0|1|0
RZ1|147|1|Don|4|5|5|4|1|1|0|0|0
RZ1|CHK|147|1|38|5|1|5|5|5|1|0|1|0
[You] Draw 2 Don
[You] Portgas D. Ace ["OP16-001">OP16-001] attacking Eustass "Captain" Kid ["OP10-099">OP10-099]
[Opponent] Discard Bartolomeo ["ST36-004">ST36-004] for Counter 1000
RZ1|148|2|ST36-004|1|6|6|0|1|1|0|0|0
RZ1|CHK|148|2|37|6|2|4|6|4|1|0|1|0
Portgas D. Ace ["OP16-001">OP16-001][5000] vs Eustass "Captain" Kid ["OP10-099">OP10-099][6000]
Attack Fails
RZ1|149|1|Don|5|0|5|0|1|1|1|0|0
RZ1|CHK|149|1|38|5|1|5|5|5|1|0|1|0
RZ1|150|1|Don|5|1|5|1|1|1|1|0|0
RZ1|CHK|150|1|38|5|1|5|5|5|1|0|1|0
RZ1|151|1|Don|5|2|5|2|1|1|1|0|0
RZ1|CHK|151|1|38|5|1|5|5|5|1|0|1|0
RZ1|152|1|Don|5|3|5|3|1|1|1|0|0
RZ1|CHK|152|1|38|5|1|5|5|5|1|0|1|0
RZ1|153|1|Don|5|4|5|4|1|1|1|0|0
RZ1|CHK|153|1|38|5|1|5|5|5|1|0|1|0
[You] Deploy Izou ["EB01-002">EB01-002]
RZ1|154|1|EB01-002|1|3|2|1|1|1|0|0|0
RZ1|CHK|154|1|38|4|2|5|5|5|1|0|1|0
[You] Izou ["EB01-002">EB01-002]: Attach 1 Rested Don to Portgas D. Ace ["OP16-001">OP16-001]
RZ1|155|1|Don|5|0|9|9900|1|1|1|0|0
RZ1|CHK|155|1|38|4|2|5|5|4|1|0|1|1
[You] Sanji ["OP10-005">OP10-005] attacking Eustass "Captain" Kid ["OP10-099">OP10-099]
[Opponent] Basil Hawkins ["OP10-109">OP10-109] Blocks
Sanji ["OP10-005">OP10-005][6000] vs Basil Hawkins ["OP10-109">OP10-109][5000]
[Opponent] Basil Hawkins ["OP10-109">OP10-109] Destroyed
RZ1|156|2|OP10-109|2|1|6|1|1|1|0|0|0
RZ1|CHK|156|2|37|6|1|4|6|4|2|0|1|0
[Opponent] Basil Hawkins ["OP10-109">OP10-109]: Trash 1 Life
[Opponent] Trash Izou ["EB01-002">EB01-002] from Life
RZ1|157|1|EB01-002|3|4|6|1|1|1|0|0|0
RZ1|CHK|157|1|38|4|2|4|5|4|2|0|1|1
[] Hand: [OP14-018,OP16-118,OP16-005,OP16-015]
[] Board: [OP10-005,EB01-002]
[] Trash: [OP16-004,EB01-002]
[] Life: 4
[] Hand: [OP10-112,ST36-005,ST36-002,ST36-003,P-088,OP10-111]
[] Trash: [ST36-004,OP10-109]
[] Board: [OP10-111]
[] Life: 4
[You] End Turn
[] Hand: [OP10-112,ST36-005,ST36-002,ST36-003,P-088,OP10-111]
[] Board: [OP10-111]
[] Trash: [ST36-004,OP10-109]
[] Life: 4
[] Hand: [OP14-018,OP16-118,OP16-005,OP16-015]
[] Trash: [OP16-004,EB01-002]
[] Board: [OP10-005,EB01-002]
[] Life: 4
[Opponent] Draw 1 Card
[] Drew card from deck: Trafalgar Law ["OP10-119">OP10-119]
RZ1|158|2|OP10-119|0|36|1|6|1|1|0|0|0
RZ1|CHK|158|2|36|7|1|4|6|4|2|0|1|0
RZ1|159|2|Don|4|5|5|4|1|1|0|0|0
RZ1|CHK|159|2|36|7|1|4|5|5|2|0|1|0
RZ1|160|2|Don|4|4|5|5|1|1|0|0|0
RZ1|CHK|160|2|36|7|1|4|4|6|2|0|1|0
[Opponent] Draw 2 Don
RZ1|161|2|Don|5|0|5|0|1|1|1|0|0
RZ1|CHK|161|2|36|7|1|4|4|6|2|0|1|0
RZ1|162|2|Don|5|1|5|1|1|1|1|0|0
RZ1|CHK|162|2|36|7|1|4|4|6|2|0|1|0
RZ1|163|2|Don|5|2|5|2|1|1|1|0|0
RZ1|CHK|163|2|36|7|1|4|4|6|2|0|1|0
RZ1|164|2|Don|5|3|5|3|1|1|1|0|0
RZ1|CHK|164|2|36|7|1|4|4|6|2|0|1|0
RZ1|165|2|Don|5|4|5|4|1|1|1|0|0
RZ1|CHK|165|2|36|7|1|4|4|6|2|0|1|0
RZ1|166|2|Don|5|5|5|5|1|1|1|0|0
RZ1|CHK|166|2|36|7|1|4|4|6|2|0|1|0
[Opponent] Deploy Eustass "Captain" Kid ["ST36-005">ST36-005]
RZ1|167|2|ST36-005|1|1|2|1|1|1|0|0|0
RZ1|CHK|167|2|36|6|2|4|4|6|2|0|1|0
[Opponent] Eustass "Captain" Kid ["OP10-099">OP10-099] attacking Sanji ["OP10-005">OP10-005]
RZ1|168|1|OP14-018|1|0|6|2|1|1|0|0|0
RZ1|CHK|168|1|38|3|2|4|5|4|3|0|1|1
[You] Izou ["EB01-002">EB01-002]: Trash Time for the Counter-Attack ["OP14-018">OP14-018]
[You] Izou ["EB01-002">EB01-002]: Buff Eustass "Captain" Kid ["ST36-005">ST36-005] -2000
Eustass "Captain" Kid ["OP10-099">OP10-099][5000] vs Sanji ["OP10-005">OP10-005][3000]
[You] Sanji ["OP10-005">OP10-005] Destroyed
RZ1|169|1|OP10-005|2|0|6|3|1|1|0|0|0
RZ1|CHK|169|1|38|3|1|4|5|4|4|0|1|1
[] Drew card from deck: Vista ["OP16-011">OP16-011]
RZ1|170|1|OP16-011|0|37|1|3|1|1|0|0|0
RZ1|CHK|170|1|37|4|1|4|5|4|4|0|1|1
[You] Sanji ["OP10-005">OP10-005]: Draw 1 Card
[] Hand: [OP10-112,ST36-002,ST36-003,P-088,OP10-111,OP10-119]
[] Board: [OP10-111,ST36-005]
[] Trash: [ST36-004,OP10-109]
[] Life: 4
[] Hand: [OP16-118,OP16-005,OP16-015,OP16-011]
[] Trash: [OP16-004,EB01-002,OP14-018,OP10-005]
[] Board: [EB01-002]
[] Life: 4
[Opponent] End Turn
[] Hand: [OP16-118,OP16-005,OP16-015,OP16-011]
[] Board: [EB01-002]
[] Trash: [OP16-004,EB01-002,OP14-018,OP10-005]
[] Life: 4
[] Hand: [OP10-112,ST36-002,ST36-003,P-088,OP10-111,OP10-119]
[] Trash: [ST36-004,OP10-109]
[] Board: [OP10-111,ST36-005]
[] Life: 4
RZ1|171|1|Don|9|9900|5|0|1|1|1|0|0
RZ1|CHK|171|1|37|4|1|4|5|5|4|0|1|0
[You] Draw 1 Card
[] Drew card from deck: Vista ["OP16-011">OP16-011]
RZ1|172|1|OP16-011|0|36|1|4|1|1|0|0|0
RZ1|CHK|172|1|36|5|1|4|5|5|4|0|1|0
RZ1|173|1|Don|4|4|5|5|1|1|0|0|0
RZ1|CHK|173|1|36|5|1|4|4|6|4|0|1|0
RZ1|174|1|Don|4|3|5|6|1|1|0|0|0
RZ1|CHK|174|1|36|5|1|4|3|7|4|0|1|0
[You] Draw 2 Don
[You] Izou ["EB01-002">EB01-002] attacking Eustass "Captain" Kid ["OP10-099">OP10-099]
[Opponent] Eustass "Captain" Kid ["ST36-005">ST36-005]: Flip Life Scratchmen Apoo ["ST36-003">ST36-003] Face Down
RZ1|175|2|ST36-003|3|3|3|3|0|1|0|0|0
RZ1|CHK|175|2|36|6|2|4|4|6|2|0|1|0
[Opponent] Eustass "Captain" Kid ["ST36-005">ST36-005]: Target of Attack changed to Eustass "Captain" Kid ["ST36-005">ST36-005]
[Opponent] Discard Monkey D. Luffy ["OP10-111">OP10-111] for Counter 1000
RZ1|176|2|OP10-111|1|4|6|2|1|1|0|0|0
RZ1|CHK|176|2|36|5|2|4|4|6|3|0|1|0
Izou ["EB01-002">EB01-002][7000] vs Eustass "Captain" Kid ["ST36-005">ST36-005][8000]
Attack Fails
[You] Portgas D. Ace ["OP16-001">OP16-001] attacking Eustass "Captain" Kid ["OP10-099">OP10-099]
[Opponent] Discard Trafalgar Law ["P-088">P-088] for Counter 2000
RZ1|177|2|P-088|1|3|6|3|1|1|0|0|0
RZ1|CHK|177|2|36|4|2|4|4|6|4|0|1|0
Portgas D. Ace ["OP16-001">OP16-001][5000] vs Eustass "Captain" Kid ["OP10-099">OP10-099][7000]
Attack Fails
RZ1|178|1|Don|5|0|5|0|1|1|1|0|0
RZ1|CHK|178|1|36|5|1|4|3|7|4|0|1|0
RZ1|179|1|Don|5|1|5|1|1|1|1|0|0
RZ1|CHK|179|1|36|5|1|4|3|7|4|0|1|0
RZ1|180|1|Don|5|2|5|2|1|1|1|0|0
RZ1|CHK|180|1|36|5|1|4|3|7|4|0|1|0
RZ1|181|1|Don|5|3|5|3|1|1|1|0|0
RZ1|CHK|181|1|36|5|1|4|3|7|4|0|1|0
RZ1|182|1|Don|5|4|5|4|1|1|1|0|0
RZ1|CHK|182|1|36|5|1|4|3|7|4|0|1|0
RZ1|183|1|Don|5|5|5|5|1|1|1|0|0
RZ1|CHK|183|1|36|5|1|4|3|7|4|0|1|0
[You] Deploy Vista ["OP16-011">OP16-011]
RZ1|184|1|OP16-011|1|3|2|1|1|1|0|0|0
RZ1|CHK|184|1|36|4|2|4|3|7|4|0|1|0
[You] Vista ["OP16-011">OP16-011] revealed: Vista ["OP16-011">OP16-011]
[You] Forcing opponent to resolve Card Action!
[Opponent] Forcing opponent to resolve Card Action!
[] Drew card from deck: LittleOars Jr. ["OP16-017">OP16-017]
RZ1|185|1|OP16-017|0|35|1|4|1|1|0|0|0
RZ1|CHK|185|1|35|5|2|4|3|7|4|0|1|0
[You] Vista ["OP16-011">OP16-011]: Draw 1 Card
[You] Portgas D. Ace ["OP16-001">OP16-001]: Give Vista ["OP16-011">OP16-011] Rush
[You] Vista ["OP16-011">OP16-011] attacking Eustass "Captain" Kid ["OP10-099">OP10-099]
Vista ["OP16-011">OP16-011][8000] vs Eustass "Captain" Kid ["OP10-099">OP10-099][5000]
Eustass "Captain" Kid ["OP10-099">OP10-099] hit for 1 damage
RZ1|186|2|ST36-003|3|3|1|4|1|1|0|0|0
RZ1|CHK|186|2|36|5|2|3|4|6|4|0|1|0
[] Hand: [OP16-118,OP16-005,OP16-015,OP16-011,OP16-017]
[] Board: [EB01-002,OP16-011]
[] Trash: [OP16-004,EB01-002,OP14-018,OP10-005]
[] Life: 4
[] Hand: [OP10-112,ST36-002,ST36-003,OP10-119,ST36-003]
[] Trash: [ST36-004,OP10-109,OP10-111,P-088]
[] Board: [OP10-111,ST36-005]
[] Life: 3
[You] End Turn
[] Hand: [OP10-112,ST36-002,ST36-003,OP10-119,ST36-003]
[] Board: [OP10-111,ST36-005]
[] Trash: [ST36-004,OP10-109,OP10-111,P-088]
[] Life: 3
[] Hand: [OP16-118,OP16-005,OP16-015,OP16-011,OP16-017]
[] Trash: [OP16-004,EB01-002,OP14-018,OP10-005]
[] Board: [EB01-002,OP16-011]
[] Life: 4
[Opponent] Draw 1 Card
[] Drew card from deck: Monkey D. Luffy ["OP10-111">OP10-111]
RZ1|187|2|OP10-111|0|35|1|5|1|1|0|0|0
RZ1|CHK|187|2|35|6|2|3|4|6|4|0|1|0
RZ1|188|2|Don|4|3|5|6|1|1|0|0|0
RZ1|CHK|188|2|35|6|2|3|3|7|4|0|1|0
RZ1|189|2|Don|4|2|5|7|1|1|0|0|0
RZ1|CHK|189|2|35|6|2|3|2|8|4|0|1|0
[Opponent] Draw 2 Don
RZ1|190|2|Don|5|0|5|0|1|1|1|0|0
RZ1|CHK|190|2|35|6|2|3|2|8|4|0|1|0
RZ1|191|2|Don|5|1|5|1|1|1|1|0|0
RZ1|CHK|191|2|35|6|2|3|2|8|4|0|1|0
RZ1|192|2|Don|5|2|5|2|1|1|1|0|0
RZ1|CHK|192|2|35|6|2|3|2|8|4|0|1|0
RZ1|193|2|Don|5|3|5|3|1|1|1|0|0
RZ1|CHK|193|2|35|6|2|3|2|8|4|0|1|0
RZ1|194|2|Don|5|4|5|4|1|1|1|0|0
RZ1|CHK|194|2|35|6|2|3|2|8|4|0|1|0
RZ1|195|2|Don|5|5|5|5|1|1|1|0|0
RZ1|CHK|195|2|35|6|2|3|2|8|4|0|1|0
RZ1|196|2|Don|5|6|5|6|1|1|1|0|0
RZ1|CHK|196|2|35|6|2|3|2|8|4|0|1|0
RZ1|197|2|Don|5|7|5|7|1|1|1|0|0
RZ1|CHK|197|2|35|6|2|3|2|8|4|0|1|0
[Opponent] Deploy Eustass "Captain" Kid ["OP10-112">OP10-112]
RZ1|198|2|OP10-112|1|0|2|2|1|1|0|0|0
RZ1|CHK|198|2|35|5|3|3|2|8|4|0|1|0
[Opponent] Eustass "Captain" Kid ["OP10-112">OP10-112]: Rest Eustass "Captain" Kid ["OP10-112">OP10-112]
[Opponent] Eustass "Captain" Kid ["OP10-112">OP10-112]: Trash 1 Life
[Opponent] Trash Portgas D. Ace ["OP16-118">OP16-118] from Life
RZ1|199|1|OP16-118|3|3|6|4|1|1|0|0|0
RZ1|CHK|199|1|35|5|2|3|3|7|5|0|1|0
[Opponent] Eustass "Captain" Kid ["ST36-005">ST36-005] attacking Izou ["EB01-002">EB01-002]
RZ1|200|1|OP16-118|1|0|6|5|1|1|0|0|0
RZ1|CHK|200|1|35|4|2|3|3|7|6|0|1|0
[You] Izou ["EB01-002">EB01-002]: Trash Portgas D. Ace ["OP16-118">OP16-118]
[You] Izou ["EB01-002">EB01-002]: Buff Eustass "Captain" Kid ["OP10-099">OP10-099] -2000
Eustass "Captain" Kid ["ST36-005">ST36-005][7000] vs Izou ["EB01-002">EB01-002][7000]
[You] Izou ["EB01-002">EB01-002] Destroyed
RZ1|201|1|EB01-002|2|0|6|6|1|1|0|0|0
RZ1|CHK|201|1|35|4|1|3|3|7|7|0|1|0
[Opponent] Eustass "Captain" Kid ["OP10-099">OP10-099]: Flip 1 Life Face Up
RZ1|202|2|OP11-101|3|2|3|2|1|1|0|0|0
RZ1|CHK|202|2|35|5|3|3|2|8|4|0|1|0
[Opponent] Eustass "Captain" Kid ["OP10-099">OP10-099]: Set Eustass "Captain" Kid ["OP10-112">OP10-112] to Active
[Opponent] Eustass "Captain" Kid ["OP10-099">OP10-099]: Eustass "Captain" Kid ["OP10-112">OP10-112] Gains Blocker
[] Hand: [ST36-002,ST36-003,OP10-119,ST36-003,OP10-111]
[] Board: [OP10-111,ST36-005,OP10-112]
[] Trash: [ST36-004,OP10-109,OP10-111,P-088]
[] Life: 3
[] Hand: [OP16-005,OP16-015,OP16-011,OP16-017]
[] Trash: [OP16-004,EB01-002,OP14-018,OP10-005,OP16-118,OP16-118,EB01-002]
[] Board: [OP16-011]
[] Life: 3
[Opponent] End Turn
[] Hand: [OP16-005,OP16-015,OP16-011,OP16-017]
[] Board: [OP16-011]
[] Trash: [OP16-004,EB01-002,OP14-018,OP10-005,OP16-118,OP16-118,EB01-002]
[] Life: 3
[] Hand: [ST36-002,ST36-003,OP10-119,ST36-003,OP10-111]
[] Trash: [ST36-004,OP10-109,OP10-111,P-088]
[] Board: [OP10-111,ST36-005,OP10-112]
[] Life: 3
[You] Draw 1 Card
[] Drew card from deck: Thatch ["OP16-005">OP16-005]
RZ1|203|1|OP16-005|0|34|1|4|1|1|0|0|0
RZ1|CHK|203|1|34|5|1|3|3|7|7|0|1|0
RZ1|204|1|Don|4|2|5|7|1|1|0|0|0
RZ1|CHK|204|1|34|5|1|3|2|8|7|0|1|0
RZ1|205|1|Don|4|1|5|8|1|1|0|0|0
RZ1|CHK|205|1|34|5|1|3|1|9|7|0|1|0
[You] Draw 2 Don
[You] Vista ["OP16-011">OP16-011] attacking Eustass "Captain" Kid ["OP10-099">OP10-099]
[Opponent] Eustass "Captain" Kid ["ST36-005">ST36-005]: Flip Life Capone "Gang" Bege ["OP11-101">OP11-101] Face Down
RZ1|206|2|OP11-101|3|2|3|2|0|1|0|0|0
RZ1|CHK|206|2|35|5|3|3|2|8|4|0|1|0
[Opponent] Eustass "Captain" Kid ["ST36-005">ST36-005]: Target of Attack changed to Eustass "Captain" Kid ["ST36-005">ST36-005]
[Opponent] Discard Scratchmen Apoo ["ST36-003">ST36-003] for Counter 2000
RZ1|207|2|ST36-003|1|3|6|4|1|1|0|0|0
RZ1|CHK|207|2|35|4|3|3|2|8|5|0|1|0
Vista ["OP16-011">OP16-011][8000] vs Eustass "Captain" Kid ["ST36-005">ST36-005][9000]
Attack Fails
[You] Portgas D. Ace ["OP16-001">OP16-001] attacking Eustass "Captain" Kid ["OP10-099">OP10-099]
[Opponent] Eustass "Captain" Kid ["OP10-112">OP10-112] Blocks
Portgas D. Ace ["OP16-001">OP16-001][5000] vs Eustass "Captain" Kid ["OP10-112">OP10-112][9000]
Attack Fails
RZ1|208|1|Don|5|0|5|0|1|1|1|0|0
RZ1|CHK|208|1|34|5|1|3|1|9|7|0|1|0
RZ1|209|1|Don|5|1|5|1|1|1|1|0|0
RZ1|CHK|209|1|34|5|1|3|1|9|7|0|1|0
RZ1|210|1|Don|5|2|5|2|1|1|1|0|0
RZ1|CHK|210|1|34|5|1|3|1|9|7|0|1|0
RZ1|211|1|Don|5|3|5|3|1|1|1|0|0
RZ1|CHK|211|1|34|5|1|3|1|9|7|0|1|0
RZ1|212|1|Don|5|4|5|4|1|1|1|0|0
RZ1|CHK|212|1|34|5|1|3|1|9|7|0|1|0
RZ1|213|1|Don|5|5|5|5|1|1|1|0|0
RZ1|CHK|213|1|34|5|1|3|1|9|7|0|1|0
[You] Deploy Vista ["OP16-011">OP16-011]
RZ1|214|1|OP16-011|1|2|2|1|1|1|0|0|0
RZ1|CHK|214|1|34|4|2|3|1|9|7|0|1|0
[You] Vista ["OP16-011">OP16-011] revealed: LittleOars Jr. ["OP16-017">OP16-017]
[You] Forcing opponent to resolve Card Action!
[Opponent] Forcing opponent to resolve Card Action!
[] Drew card from deck: Monkey D. Garp ["OP13-016">OP13-016]
RZ1|215|1|OP13-016|0|33|1|4|1|1|0|0|0
RZ1|CHK|215|1|33|5|2|3|1|9|7|0|1|0
[You] Vista ["OP16-011">OP16-011]: Draw 1 Card
[You] Portgas D. Ace ["OP16-001">OP16-001]: Give Vista ["OP16-011">OP16-011] Rush
[You] Vista ["OP16-011">OP16-011] attacking Eustass "Captain" Kid ["OP10-099">OP10-099]
Vista ["OP16-011">OP16-011][8000] vs Eustass "Captain" Kid ["OP10-099">OP10-099][5000]
Eustass "Captain" Kid ["OP10-099">OP10-099] hit for 1 damage
RZ1|216|2|OP11-101|3|2|1|4|1|1|0|0|0
RZ1|CHK|216|2|35|5|3|2|2|8|5|0|1|0
RZ1|217|1|Don|5|6|5|6|1|1|1|0|0
RZ1|CHK|217|1|33|5|2|3|1|9|7|0|1|0
RZ1|218|1|Don|5|7|5|7|1|1|1|0|0
RZ1|CHK|218|1|33|5|2|3|1|9|7|0|1|0
[You] Deploy Monkey D. Luffy ["OP16-015">OP16-015]
RZ1|219|1|OP16-015|1|1|2|2|1|1|0|0|0
RZ1|CHK|219|1|33|4|3|3|1|9|7|0|1|0
[] Hand: [OP16-005,OP16-017,OP16-005,OP13-016]
[] Board: [OP16-011,OP16-011,OP16-015]
[] Trash: [OP16-004,EB01-002,OP14-018,OP10-005,OP16-118,OP16-118,EB01-002]
[] Life: 3
[] Hand: [ST36-002,ST36-003,OP10-119,OP10-111,OP11-101]
[] Trash: [ST36-004,OP10-109,OP10-111,P-088,ST36-003]
[] Board: [OP10-111,ST36-005,OP10-112]
[] Life: 2
[You] End Turn
[] Hand: [ST36-002,ST36-003,OP10-119,OP10-111,OP11-101]
[] Board: [OP10-111,ST36-005,OP10-112]
[] Trash: [ST36-004,OP10-109,OP10-111,P-088,ST36-003]
[] Life: 2
[] Hand: [OP16-005,OP16-017,OP16-005,OP13-016]
[] Trash: [OP16-004,EB01-002,OP14-018,OP10-005,OP16-118,OP16-118,EB01-002]
[] Board: [OP16-011,OP16-011,OP16-015]
[] Life: 3
[Opponent] Draw 1 Card
[] Drew card from deck: Trafalgar Law ["P-088">P-088]
RZ1|220|2|P-088|0|34|1|5|1|1|0|0|0
RZ1|CHK|220|2|34|6|3|2|2|8|5|0|1|0
RZ1|221|2|Don|4|1|5|8|1|1|0|0|0
RZ1|CHK|221|2|34|6|3|2|1|9|5|0|1|0
RZ1|222|2|Don|4|0|5|9|1|1|0|0|0
RZ1|CHK|222|2|34|6|3|2|0|10|5|0|1|0
[Opponent] Draw 2 Don
[Opponent] Attach 1 Don to Monkey D. Luffy ["OP10-111">OP10-111] (1 Total)
RZ1|223|2|Don|5|9|9|0|1|1|0|0|0
RZ1|CHK|223|2|34|6|3|2|0|9|5|0|1|1
[Opponent] Attach 1 Don to Monkey D. Luffy ["OP10-111">OP10-111] (2 Total)
RZ1|224|2|Don|5|8|9|1|1|1|0|0|0
RZ1|CHK|224|2|34|6|3|2|0|8|5|0|1|2
[Opponent] Attach 1 Don to Monkey D. Luffy ["OP10-111">OP10-111] (3 Total)
RZ1|225|2|Don|5|7|9|2|1|1|0|0|0
RZ1|CHK|225|2|34|6|3|2|0|7|5|0|1|3
[Opponent] Monkey D. Luffy ["OP10-111">OP10-111] attacking Portgas D. Ace ["OP16-001">OP16-001]
[You] Discard Monkey D. Garp ["OP13-016">OP13-016] for Counter 1000
RZ1|226|1|OP13-016|1|3|6|7|1|1|0|0|0
RZ1|CHK|226|1|33|3|3|3|1|9|8|0|1|0
Monkey D. Luffy ["OP10-111">OP10-111][5000] vs Portgas D. Ace ["OP16-001">OP16-001][6000]
Attack Fails
[Opponent] Attach 1 Don to Eustass "Captain" Kid ["OP10-099">OP10-099] (1 Total)
RZ1|227|2|Don|5|6|9|9900|1|1|0|0|0
RZ1|CHK|227|2|34|6|3|2|0|6|5|0|1|4
[Opponent] Eustass "Captain" Kid ["OP10-099">OP10-099] attacking Portgas D. Ace ["OP16-001">OP16-001]
Eustass "Captain" Kid ["OP10-099">OP10-099][6000] vs Portgas D. Ace ["OP16-001">OP16-001][5000]
Portgas D. Ace ["OP16-001">OP16-001] hit for 1 damage
RZ1|228|1|OP16-014|3|2|1|3|1|1|0|0|0
RZ1|CHK|228|1|33|4|3|2|1|9|8|0|1|0
[Opponent] Eustass "Captain" Kid ["ST36-005">ST36-005] attacking Portgas D. Ace ["OP16-001">OP16-001]
RZ1|229|1|OP16-014|1|3|6|8|1|1|0|0|0
RZ1|CHK|229|1|33|3|3|2|1|9|9|0|1|0
[You] Monkey D. Luffy ["OP16-015">OP16-015]: Trash Marco ["OP16-014">OP16-014]
[You] Monkey D. Luffy ["OP16-015">OP16-015]: Set Monkey D. Luffy ["OP16-015">OP16-015] Base Power to 1000
[You] Monkey D. Luffy ["OP16-015">OP16-015]: Set Portgas D. Ace ["OP16-001">OP16-001] Base Power to 2000
[You] Discard Thatch ["OP16-005">OP16-005] for Counter 1000
RZ1|230|1|OP16-005|1|0|6|9|1|1|0|0|0
RZ1|CHK|230|1|33|2|3|2|1|9|10|0|1|0
Eustass "Captain" Kid ["ST36-005">ST36-005][7000] vs Portgas D. Ace ["OP16-001">OP16-001][8000]
Attack Fails
[Opponent] Eustass "Captain" Kid ["OP10-112">OP10-112] attacking Vista ["OP16-011">OP16-011]
Eustass "Captain" Kid ["OP10-112">OP10-112][9000] vs Vista ["OP16-011">OP16-011][8000]
[You] Vista ["OP16-011">OP16-011] Destroyed
RZ1|231|1|OP16-011|2|1|6|10|1|1|0|0|0
RZ1|CHK|231|1|33|2|2|2|1|9|11|0|1|0
RZ1|232|2|Don|5|0|5|0|1|1|1|0|0
RZ1|CHK|232|2|34|6|3|2|0|6|5|0|1|4
RZ1|233|2|Don|5|1|5|1|1|1|1|0|0
RZ1|CHK|233|2|34|6|3|2|0|6|5|0|1|4
RZ1|234|2|Don|5|2|5|2|1|1|1|0|0
RZ1|CHK|234|2|34|6|3|2|0|6|5|0|1|4
RZ1|235|2|Don|5|3|5|3|1|1|1|0|0
RZ1|CHK|235|2|34|6|3|2|0|6|5|0|1|4
[Opponent] Deploy Killer ["ST36-002">ST36-002]
RZ1|236|2|ST36-002|1|0|2|3|1|1|0|0|0
RZ1|CHK|236|2|34|5|4|2|0|6|5|0|1|4
[Opponent] Killer ["ST36-002">ST36-002]: Add card to top of Life from Deck
RZ1|237|2|OP10-101|0|33|3|2|0|1|0|0|0
RZ1|CHK|237|2|33|5|4|3|0|6|5|0|1|4
RZ1|238|2|Don|5|4|5|4|1|1|1|0|0
RZ1|CHK|238|2|33|5|4|3|0|6|5|0|1|4
RZ1|239|2|Don|5|5|5|5|1|1|1|0|0
RZ1|CHK|239|2|33|5|4|3|0|6|5|0|1|4
[Opponent] Deploy Capone "Gang" Bege ["OP11-101">OP11-101]
RZ1|240|2|OP11-101|1|3|2|4|1|1|0|0|0
RZ1|CHK|240|2|33|4|5|3|0|6|5|0|1|4
[] Drew card from deck: Killer ["ST36-002">ST36-002]
RZ1|241|2|ST36-002|0|32|1|4|1|1|0|0|0
RZ1|CHK|241|2|32|5|5|3|0|6|5|0|1|4
[Opponent] Eustass "Captain" Kid ["OP10-112">OP10-112]: Draw 1 Card
RZ1|242|2|ST36-002|1|4|6|5|1|1|0|0|0
RZ1|CHK|242|2|32|4|5|3|0|6|6|0|1|4
[Opponent] Eustass "Captain" Kid ["OP10-112">OP10-112]: Trash Killer ["ST36-002">ST36-002]
[Opponent] Eustass "Captain" Kid ["OP10-099">OP10-099]: Flip 1 Life Face Up
RZ1|243|2|OP10-101|3|2|3|2|1|1|0|0|0
RZ1|CHK|243|2|32|4|5|3|0|6|6|0|1|4
[Opponent] Eustass "Captain" Kid ["OP10-099">OP10-099]: Set Eustass "Captain" Kid ["OP10-112">OP10-112] to Active
[Opponent] Eustass "Captain" Kid ["OP10-099">OP10-099]: Eustass "Captain" Kid ["OP10-112">OP10-112] Gains Blocker
[] Hand: [ST36-003,OP10-119,OP10-111,P-088]
[] Board: [OP10-111,ST36-005,OP10-112,ST36-002,OP11-101]
[] Trash: [ST36-004,OP10-109,OP10-111,P-088,ST36-003,ST36-002]
[] Life: 3
[] Hand: [OP16-017,OP16-005]
[] Trash: [OP16-004,EB01-002,OP14-018,OP10-005,OP16-118,OP16-118,EB01-002,OP13-016,OP16-014,OP16-005,OP16-011]
[] Board: [OP16-011,OP16-015]
[] Life: 2
[Opponent] End Turn
[] Hand: [OP16-017,OP16-005]
[] Board: [OP16-011,OP16-015]
[] Trash: [OP16-004,EB01-002,OP14-018,OP10-005,OP16-118,OP16-118,EB01-002,OP13-016,OP16-014,OP16-005,OP16-011]
[] Life: 2
[] Hand: [ST36-003,OP10-119,OP10-111,P-088]
[] Trash: [ST36-004,OP10-109,OP10-111,P-088,ST36-003,ST36-002]
[] Board: [OP10-111,ST36-005,OP10-112,ST36-002,OP11-101]
[] Life: 3
[You] Draw 1 Card
[] Drew card from deck: Marco ["OP16-014">OP16-014]
RZ1|244|1|OP16-014|0|32|1|2|1|1|0|0|0
RZ1|CHK|244|1|32|3|2|2|1|9|11|0|1|0
RZ1|245|1|Don|4|0|5|9|1|1|0|0|0
RZ1|CHK|245|1|32|3|2|2|0|10|11|0|1|0
[You] Draw 2 Don
[You] Vista ["OP16-011">OP16-011] attacking Eustass "Captain" Kid ["ST36-005">ST36-005]
[Opponent] Eustass "Captain" Kid ["ST36-005">ST36-005]: Flip Life Urouge ["OP10-101">OP10-101] Face Down
RZ1|246|2|OP10-101|3|2|3|2|0|1|0|0|0
RZ1|CHK|246|2|32|4|5|3|0|6|6|0|1|4
[Opponent] Eustass "Captain" Kid ["ST36-005">ST36-005]: Target of Attack changed to Eustass "Captain" Kid ["OP10-112">OP10-112]
Vista ["OP16-011">OP16-011][8000] vs Eustass "Captain" Kid ["OP10-112">OP10-112][9000]
Attack Fails
[You] Monkey D. Luffy ["OP16-015">OP16-015] attacking Eustass "Captain" Kid ["OP10-099">OP10-099]
[Opponent] Discard Scratchmen Apoo ["ST36-003">ST36-003] for Counter 2000
RZ1|247|2|ST36-003|1|0|6|6|1|1|0|0|0
RZ1|CHK|247|2|32|3|5|3|0|6|7|0|1|4
Monkey D. Luffy ["OP16-015">OP16-015][6000] vs Eustass "Captain" Kid ["OP10-099">OP10-099][7000]
Attack Fails
[You] Portgas D. Ace ["OP16-001">OP16-001] attacking Eustass "Captain" Kid ["OP10-099">OP10-099]
[Opponent] Eustass "Captain" Kid ["OP10-112">OP10-112] Blocks
Portgas D. Ace ["OP16-001">OP16-001][5000] vs Eustass "Captain" Kid ["OP10-112">OP10-112][9000]
Attack Fails
RZ1|248|1|Don|5|0|5|0|1|1|1|0|0
RZ1|CHK|248|1|32|3|2|2|0|10|11|0|1|0
RZ1|249|1|Don|5|1|5|1|1|1|1|0|0
RZ1|CHK|249|1|32|3|2|2|0|10|11|0|1|0
RZ1|250|1|Don|5|2|5|2|1|1|1|0|0
RZ1|CHK|250|1|32|3|2|2|0|10|11|0|1|0
RZ1|251|1|Don|5|3|5|3|1|1|1|0|0
RZ1|CHK|251|1|32|3|2|2|0|10|11|0|1|0
[You] Deploy LittleOars Jr. ["OP16-017">OP16-017]
RZ1|252|1|OP16-017|1|0|2|2|1|1|0|-4000|0
RZ1|CHK|252|1|32|2|3|2|0|10|11|0|1|0
RZ1|253|1|Don|5|4|5|4|1|1|1|0|0
RZ1|CHK|253|1|32|2|3|2|0|10|11|0|1|0
RZ1|254|1|Don|5|5|5|5|1|1|1|0|0
RZ1|CHK|254|1|32|2|3|2|0|10|11|0|1|0
RZ1|255|1|Don|5|6|5|6|1|1|1|0|0
RZ1|CHK|255|1|32|2|3|2|0|10|11|0|1|0
RZ1|256|1|Don|5|7|5|7|1|1|1|0|0
RZ1|CHK|256|1|32|2|3|2|0|10|11|0|1|0
RZ1|257|1|Don|5|8|5|8|1|1|1|0|0
RZ1|CHK|257|1|32|2|3|2|0|10|11|0|1|0
[You] Deploy Thatch ["OP16-005">OP16-005]
RZ1|258|1|OP16-005|1|0|2|3|1|1|0|0|0
RZ1|CHK|258|1|32|1|4|2|0|10|11|0|1|0
[You] Portgas D. Ace ["OP16-001">OP16-001]: Give LittleOars Jr. ["OP16-017">OP16-017] Rush
[You] LittleOars Jr. ["OP16-017">OP16-017] attacking Eustass "Captain" Kid ["ST36-005">ST36-005]
[Opponent] Discard Trafalgar Law ["P-088">P-088] for Counter 2000
RZ1|259|2|P-088|1|2|6|7|1|1|0|0|0
RZ1|CHK|259|2|32|2|5|3|0|6|8|0|1|4
LittleOars Jr. ["OP16-017">OP16-017][8000] vs Eustass "Captain" Kid ["ST36-005">ST36-005][9000]
Attack Fails
[] Hand: [OP16-014]
[] Board: [OP16-011,OP16-015,OP16-017,OP16-005]
[] Trash: [OP16-004,EB01-002,OP14-018,OP10-005,OP16-118,OP16-118,EB01-002,OP13-016,OP16-014,OP16-005,OP16-011]
[] Life: 2
[] Hand: [OP10-119,OP10-111]
[] Trash: [ST36-004,OP10-109,OP10-111,P-088,ST36-003,ST36-002,ST36-003,P-088]
[] Board: [OP10-111,ST36-005,OP10-112,ST36-002,OP11-101]
[] Life: 3
[You] End Turn
[] Hand: [OP10-119,OP10-111]
[] Board: [OP10-111,ST36-005,OP10-112,ST36-002,OP11-101]
[] Trash: [ST36-004,OP10-109,OP10-111,P-088,ST36-003,ST36-002,ST36-003,P-088]
[] Life: 3
[] Hand: [OP16-014]
[] Trash: [OP16-004,EB01-002,OP14-018,OP10-005,OP16-118,OP16-118,EB01-002,OP13-016,OP16-014,OP16-005,OP16-011]
[] Board: [OP16-011,OP16-015,OP16-017,OP16-005]
[] Life: 2
RZ1|260|2|Don|9|9900|5|0|1|1|1|0|0
RZ1|CHK|260|2|32|2|5|3|0|7|8|0|1|3
RZ1|261|2|Don|9|0|5|0|1|1|1|0|0
RZ1|CHK|261|2|32|2|5|3|0|8|8|0|1|2
RZ1|262|2|Don|9|0|5|0|1|1|1|0|0
RZ1|CHK|262|2|32|2|5|3|0|9|8|0|1|1
RZ1|263|2|Don|9|0|5|0|1|1|1|0|0
RZ1|CHK|263|2|32|2|5|3|0|10|8|0|1|0
[Opponent] Draw 1 Card
[] Drew card from deck: Eustass "Captain" Kid ["OP10-112">OP10-112]
RZ1|264|2|OP10-112|0|31|1|2|1|1|0|0|0
RZ1|CHK|264|2|31|3|5|3|0|10|8|0|1|0
RZ1|265|2|Don|5|0|5|0|1|1|1|0|0
RZ1|CHK|265|2|31|3|5|3|0|10|8|0|1|0
RZ1|266|2|Don|5|1|5|1|1|1|1|0|0
RZ1|CHK|266|2|31|3|5|3|0|10|8|0|1|0
RZ1|267|2|Don|5|2|5|2|1|1|1|0|0
RZ1|CHK|267|2|31|3|5|3|0|10|8|0|1|0
RZ1|268|2|Don|5|3|5|3|1|1|1|0|0
RZ1|CHK|268|2|31|3|5|3|0|10|8|0|1|0
RZ1|269|2|Don|5|4|5|4|1|1|1|0|0
RZ1|CHK|269|2|31|3|5|3|0|10|8|0|1|0
RZ1|270|2|Don|5|5|5|5|1|1|1|0|0
RZ1|CHK|270|2|31|3|5|3|0|10|8|0|1|0
RZ1|271|2|Don|5|6|5|6|1|1|1|0|0
RZ1|CHK|271|2|31|3|5|3|0|10|8|0|1|0
RZ1|272|2|Don|5|7|5|7|1|1|1|0|0
RZ1|CHK|272|2|31|3|5|3|0|10|8|0|1|0
[Opponent] Trash Monkey D. Luffy ["OP10-111">OP10-111]
[Opponent] Deploy Eustass "Captain" Kid ["OP10-112">OP10-112]
RZ1|273|2|OP10-111|2|0|6|8|1|1|0|0|0
RZ1|CHK|273|2|31|3|4|3|0|10|9|0|1|0
RZ1|274|2|OP10-112|1|2|2|4|1|1|0|0|0
RZ1|CHK|274|2|31|2|5|3|0|10|9|0|1|0
[Opponent] Eustass "Captain" Kid ["OP10-112">OP10-112]: Rest Eustass "Captain" Kid ["OP10-112">OP10-112]
[Opponent] Eustass "Captain" Kid ["OP10-112">OP10-112]: Trash 1 Life
[Opponent] Trash Thatch ["OP16-005">OP16-005] from Life
RZ1|275|1|OP16-005|3|1|6|11|1|1|0|0|0
RZ1|CHK|275|1|32|1|4|1|0|10|12|0|1|0
[Opponent] Killer ["ST36-002">ST36-002] attacking Portgas D. Ace ["OP16-001">OP16-001]
[You] Thatch ["OP16-005">OP16-005] Blocks
Killer ["ST36-002">ST36-002][6000] vs Thatch ["OP16-005">OP16-005][8000]
Attack Fails
[Opponent] Eustass "Captain" Kid ["OP10-099">OP10-099] attacking Portgas D. Ace ["OP16-001">OP16-001]
Eustass "Captain" Kid ["OP10-099">OP10-099][5000] vs Portgas D. Ace ["OP16-001">OP16-001][5000]
Portgas D. Ace ["OP16-001">OP16-001] hit for 1 damage
RZ1|276|1|OP16-005|3|0|1|1|1|1|0|0|0
RZ1|CHK|276|1|32|2|4|0|0|10|12|0|1|0
[Opponent] Eustass "Captain" Kid ["ST36-005">ST36-005] attacking Portgas D. Ace ["OP16-001">OP16-001]
RZ1|277|1|OP16-014|1|0|6|12|1|1|0|0|0
RZ1|CHK|277|1|32|1|4|0|0|10|13|0|1|0
[You] Monkey D. Luffy ["OP16-015">OP16-015]: Trash Marco ["OP16-014">OP16-014]
[You] Monkey D. Luffy ["OP16-015">OP16-015]: Set Monkey D. Luffy ["OP16-015">OP16-015] Base Power to 1000
[You] Monkey D. Luffy ["OP16-015">OP16-015]: Set Portgas D. Ace ["OP16-001">OP16-001] Base Power to 2000
[You] Discard Thatch ["OP16-005">OP16-005] for Counter 1000
RZ1|278|1|OP16-005|1|0|6|13|1|1|0|0|0
RZ1|CHK|278|1|32|0|4|0|0|10|14|0|1|0
Eustass "Captain" Kid ["ST36-005">ST36-005][7000] vs Portgas D. Ace ["OP16-001">OP16-001][8000]
Attack Fails
[Opponent] Eustass "Captain" Kid ["OP10-112">OP10-112] attacking Portgas D. Ace ["OP16-001">OP16-001]
Eustass "Captain" Kid ["OP10-112">OP10-112][9000] vs Portgas D. Ace ["OP16-001">OP16-001][7000]
Portgas D. Ace ["OP16-001">OP16-001] hit for 1 damage
[You] <b>Downloaded the Combat Log!</b>
GameOver
