Version is 1.42a.34
[Zico​#6849] Leader is Portgas D. Ace ["OP16-001">OP16-001]
[Karlmalone​#2854] Leader is Rocks D. Xebec ["OP17-039">OP17-039]
RZ1|7|1|OP17-040|0|30|0|0|0|0|0|0|0
RZ1|CHK|7|1|50|0|0|0|10|0|0|0|1|0
RZ1|8|1|OP17-052|0|7|0|1|0|0|0|0|0
RZ1|CHK|8|1|50|0|0|0|10|0|0|0|1|0
RZ1|9|1|OP17-043|0|22|0|2|0|0|0|0|0
RZ1|CHK|9|1|50|0|0|0|10|0|0|0|1|0
RZ1|10|1|OP17-054|0|11|0|3|0|0|0|0|0
RZ1|CHK|10|1|50|0|0|0|10|0|0|0|1|0
RZ1|11|1|OP17-055|0|41|0|4|0|0|0|0|0
RZ1|CHK|11|1|50|0|0|0|10|0|0|0|1|0
RZ1|12|1|OP17-049|0|25|0|5|0|0|0|0|0
RZ1|CHK|12|1|50|0|0|0|10|0|0|0|1|0
RZ1|13|1|OP17-057|0|48|0|6|0|0|0|0|0
RZ1|CHK|13|1|50|0|0|0|10|0|0|0|1|0
RZ1|14|1|OP17-055|0|41|0|7|0|0|0|0|0
RZ1|CHK|14|1|50|0|0|0|10|0|0|0|1|0
RZ1|15|1|OP17-045|0|13|0|8|0|0|0|0|0
RZ1|CHK|15|1|50|0|0|0|10|0|0|0|1|0
RZ1|16|1|OP17-045|0|12|0|9|0|0|0|0|0
RZ1|CHK|16|1|50|0|0|0|10|0|0|0|1|0
RZ1|17|1|OP17-118|0|41|0|10|0|0|0|0|0
RZ1|CHK|17|1|50|0|0|0|10|0|0|0|1|0
RZ1|18|1|OP17-052|0|16|0|11|0|0|0|0|0
RZ1|CHK|18|1|50|0|0|0|10|0|0|0|1|0
RZ1|19|1|OP17-049|0|31|0|12|0|0|0|0|0
RZ1|CHK|19|1|50|0|0|0|10|0|0|0|1|0
RZ1|20|1|OP17-050|0|15|0|13|0|0|0|0|0
RZ1|CHK|20|1|50|0|0|0|10|0|0|0|1|0
RZ1|21|1|OP17-040|0|33|0|14|0|0|0|0|0
RZ1|CHK|21|1|50|0|0|0|10|0|0|0|1|0
RZ1|22|1|OP17-049|0|31|0|15|0|0|0|0|0
RZ1|CHK|22|1|50|0|0|0|10|0|0|0|1|0
RZ1|23|1|OP17-048|0|37|0|16|0|0|0|0|0
RZ1|CHK|23|1|50|0|0|0|10|0|0|0|1|0
RZ1|24|1|OP17-055|0|42|0|17|0|0|0|0|0
RZ1|CHK|24|1|50|0|0|0|10|0|0|0|1|0
RZ1|25|1|OP17-118|0|40|0|18|0|0|0|0|0
RZ1|CHK|25|1|50|0|0|0|10|0|0|0|1|0
RZ1|26|1|OP17-056|0|46|0|19|0|0|0|0|0
RZ1|CHK|26|1|50|0|0|0|10|0|0|0|1|0
RZ1|27|1|OP17-054|0|26|0|20|0|0|0|0|0
RZ1|CHK|27|1|50|0|0|0|10|0|0|0|1|0
RZ1|28|1|OP17-043|0|35|0|21|0|0|0|0|0
RZ1|CHK|28|1|50|0|0|0|10|0|0|0|1|0
RZ1|29|1|OP17-054|0|27|0|22|0|0|0|0|0
RZ1|CHK|29|1|50|0|0|0|10|0|0|0|1|0
RZ1|30|1|OP17-048|0|41|0|23|0|0|0|0|0
RZ1|CHK|30|1|50|0|0|0|10|0|0|0|1|0
RZ1|31|1|OP17-046|0|34|0|24|0|0|0|0|0
RZ1|CHK|31|1|50|0|0|0|10|0|0|0|1|0
RZ1|32|1|OP17-118|0|43|0|25|0|0|0|0|0
RZ1|CHK|32|1|50|0|0|0|10|0|0|0|1|0
RZ1|33|1|OP17-052|0|29|0|26|0|0|0|0|0
RZ1|CHK|33|1|50|0|0|0|10|0|0|0|1|0
RZ1|34|1|OP17-044|0|33|0|27|0|0|0|0|0
RZ1|CHK|34|1|50|0|0|0|10|0|0|0|1|0
RZ1|35|1|OP17-056|0|47|0|28|0|0|0|0|0
RZ1|CHK|35|1|50|0|0|0|10|0|0|0|1|0
RZ1|36|1|OP17-040|0|41|0|32|0|0|0|0|0
RZ1|CHK|36|1|50|0|0|0|10|0|0|0|1|0
RZ1|37|1|OP17-048|0|42|0|33|0|0|0|0|0
RZ1|CHK|37|1|50|0|0|0|10|0|0|0|1|0
RZ1|38|1|OP17-056|0|47|0|34|0|0|0|0|0
RZ1|CHK|38|1|50|0|0|0|10|0|0|0|1|0
RZ1|39|1|OP17-046|0|40|0|35|0|0|0|0|0
RZ1|CHK|39|1|50|0|0|0|10|0|0|0|1|0
RZ1|40|1|OP17-042|0|37|0|36|0|0|0|0|0
RZ1|CHK|40|1|50|0|0|0|10|0|0|0|1|0
RZ1|41|1|OP17-118|0|45|0|37|0|0|0|0|0
RZ1|CHK|41|1|50|0|0|0|10|0|0|0|1|0
RZ1|42|1|OP17-046|0|42|0|38|0|0|0|0|0
RZ1|CHK|42|1|50|0|0|0|10|0|0|0|1|0
RZ1|43|1|OP17-048|0|45|0|39|0|0|0|0|0
RZ1|CHK|43|1|50|0|0|0|10|0|0|0|1|0
RZ1|44|1|OP17-044|0|42|0|41|0|0|0|0|0
RZ1|CHK|44|1|50|0|0|0|10|0|0|0|1|0
RZ1|45|1|OP17-056|0|47|0|42|0|0|0|0|0
RZ1|CHK|45|1|50|0|0|0|10|0|0|0|1|0
RZ1|46|1|OP17-040|0|46|0|43|0|0|0|0|0
RZ1|CHK|46|1|50|0|0|0|10|0|0|0|1|0
RZ1|47|1|OP17-057|0|48|0|44|0|0|0|0|0
RZ1|CHK|47|1|50|0|0|0|10|0|0|0|1|0
RZ1|48|1|OP17-046|0|46|0|45|0|0|0|0|0
RZ1|CHK|48|1|50|0|0|0|10|0|0|0|1|0
RZ1|49|1|OP17-057|0|49|0|47|0|0|0|0|0
RZ1|CHK|49|1|50|0|0|0|10|0|0|0|1|0
[Karlmalone​#2854] Drew card from deck: There's No Authority in the World ["OP17-055">OP17-055]
RZ1|50|1|OP17-055|0|49|1|0|1|1|0|0|0
RZ1|CHK|50|1|49|1|0|0|10|0|0|0|1|0
[Karlmalone​#2854] Drew card from deck: Charlotte Linlin ["OP17-049">OP17-049]
RZ1|51|1|OP17-049|0|48|1|1|1|1|0|0|0
RZ1|CHK|51|1|48|2|0|0|10|0|0|0|1|0
[Karlmalone​#2854] Drew card from deck: Fullalead ["OP17-057">OP17-057]
RZ1|52|1|OP17-057|0|47|1|2|1|1|0|0|0
RZ1|CHK|52|1|47|3|0|0|10|0|0|0|1|0
[Karlmalone​#2854] Drew card from deck: Kaido ["OP17-042">OP17-042]
RZ1|53|1|OP17-042|0|46|1|3|1|1|0|0|0
RZ1|CHK|53|1|46|4|0|0|10|0|0|0|1|0
[Karlmalone​#2854] Drew card from deck: Gloriosa ["OP17-046">OP17-046]
RZ1|54|1|OP17-046|0|45|1|4|1|1|0|0|0
RZ1|CHK|54|1|45|5|0|0|10|0|0|0|1|0
[Karlmalone​#2854] Hand before Mulligan: [OP17-055,OP17-049,OP17-057,OP17-042,OP17-046]
[Karlmalone​#2854] Chose to go Second
RZ1|55|2|OP17-006|0|29|0|0|0|0|0|0|0
RZ1|CHK|55|2|50|0|0|0|10|0|0|0|1|0
RZ1|56|2|OP17-006|0|29|0|1|0|0|0|0|0
RZ1|CHK|56|2|50|0|0|0|10|0|0|0|1|0
RZ1|57|2|OP13-016|0|4|0|2|0|0|0|0|0
RZ1|CHK|57|2|50|0|0|0|10|0|0|0|1|0
RZ1|58|2|OP16-014|0|24|0|4|0|0|0|0|0
RZ1|CHK|58|2|50|0|0|0|10|0|0|0|1|0
RZ1|59|2|OP17-006|0|31|0|5|0|0|0|0|0
RZ1|CHK|59|2|50|0|0|0|10|0|0|0|1|0
RZ1|60|2|OP16-021|0|49|0|6|0|0|0|0|0
RZ1|CHK|60|2|50|0|0|0|10|0|0|0|1|0
RZ1|61|2|OP16-015|0|12|0|7|0|0|0|0|0
RZ1|CHK|61|2|50|0|0|0|10|0|0|0|1|0
RZ1|62|2|OP17-005|0|42|0|8|0|0|0|0|0
RZ1|CHK|62|2|50|0|0|0|10|0|0|0|1|0
RZ1|63|2|OP16-005|0|39|0|9|0|0|0|0|0
RZ1|CHK|63|2|50|0|0|0|10|0|0|0|1|0
RZ1|64|2|OP16-003|0|38|0|10|0|0|0|0|0
RZ1|CHK|64|2|50|0|0|0|10|0|0|0|1|0
RZ1|65|2|OP16-020|0|46|0|11|0|0|0|0|0
RZ1|CHK|65|2|50|0|0|0|10|0|0|0|1|0
RZ1|66|2|OP16-017|0|20|0|12|0|0|0|0|0
RZ1|CHK|66|2|50|0|0|0|10|0|0|0|1|0
RZ1|67|2|OP16-118|0|22|0|13|0|0|0|0|0
RZ1|CHK|67|2|50|0|0|0|10|0|0|0|1|0
RZ1|68|2|OP16-118|0|24|0|14|0|0|0|0|0
RZ1|CHK|68|2|50|0|0|0|10|0|0|0|1|0
RZ1|69|2|OP16-005|0|42|0|15|0|0|0|0|0
RZ1|CHK|69|2|50|0|0|0|10|0|0|0|1|0
RZ1|70|2|OP16-014|0|32|0|16|0|0|0|0|0
RZ1|CHK|70|2|50|0|0|0|10|0|0|0|1|0
RZ1|71|2|OP17-005|0|43|0|17|0|0|0|0|0
RZ1|CHK|71|2|50|0|0|0|10|0|0|0|1|0
RZ1|72|2|OP16-118|0|26|0|18|0|0|0|0|0
RZ1|CHK|72|2|50|0|0|0|10|0|0|0|1|0
RZ1|73|2|OP16-021|0|47|0|19|0|0|0|0|0
RZ1|CHK|73|2|50|0|0|0|10|0|0|0|1|0
RZ1|74|2|OP16-011|0|30|0|20|0|0|0|0|0
RZ1|CHK|74|2|50|0|0|0|10|0|0|0|1|0
RZ1|75|2|OP17-006|0|39|0|21|0|0|0|0|0
RZ1|CHK|75|2|50|0|0|0|10|0|0|0|1|0
RZ1|76|2|OP16-021|0|48|0|22|0|0|0|0|0
RZ1|CHK|76|2|50|0|0|0|10|0|0|0|1|0
RZ1|77|2|OP16-004|0|39|0|23|0|0|0|0|0
RZ1|CHK|77|2|50|0|0|0|10|0|0|0|1|0
RZ1|78|2|OP16-015|0|26|0|24|0|0|0|0|0
RZ1|CHK|78|2|50|0|0|0|10|0|0|0|1|0
RZ1|79|2|OP16-011|0|34|0|25|0|0|0|0|0
RZ1|CHK|79|2|50|0|0|0|10|0|0|0|1|0
RZ1|80|2|OP16-011|0|34|0|26|0|0|0|0|0
RZ1|CHK|80|2|50|0|0|0|10|0|0|0|1|0
RZ1|81|2|OP16-015|0|29|0|27|0|0|0|0|0
RZ1|CHK|81|2|50|0|0|0|10|0|0|0|1|0
RZ1|82|2|OP16-003|0|41|0|28|0|0|0|0|0
RZ1|CHK|82|2|50|0|0|0|10|0|0|0|1|0
RZ1|83|2|OP16-020|0|48|0|29|0|0|0|0|0
RZ1|CHK|83|2|50|0|0|0|10|0|0|0|1|0
RZ1|84|2|OP16-118|0|36|0|30|0|0|0|0|0
RZ1|CHK|84|2|50|0|0|0|10|0|0|0|1|0
RZ1|85|2|OP16-011|0|37|0|31|0|0|0|0|0
RZ1|CHK|85|2|50|0|0|0|10|0|0|0|1|0
RZ1|86|2|OP16-014|0|38|0|32|0|0|0|0|0
RZ1|CHK|86|2|50|0|0|0|10|0|0|0|1|0
RZ1|87|2|OP16-005|0|46|0|33|0|0|0|0|0
RZ1|CHK|87|2|50|0|0|0|10|0|0|0|1|0
RZ1|88|2|OP16-003|0|45|0|34|0|0|0|0|0
RZ1|CHK|88|2|50|0|0|0|10|0|0|0|1|0
RZ1|89|2|OP16-017|0|39|0|35|0|0|0|0|0
RZ1|CHK|89|2|50|0|0|0|10|0|0|0|1|0
RZ1|90|2|OP16-003|0|45|0|36|0|0|0|0|0
RZ1|CHK|90|2|50|0|0|0|10|0|0|0|1|0
RZ1|91|2|OP16-004|0|44|0|37|0|0|0|0|0
RZ1|CHK|91|2|50|0|0|0|10|0|0|0|1|0
RZ1|92|2|OP16-021|0|49|0|38|0|0|0|0|0
RZ1|CHK|92|2|50|0|0|0|10|0|0|0|1|0
RZ1|93|2|OP16-004|0|45|0|39|0|0|0|0|0
RZ1|CHK|93|2|50|0|0|0|10|0|0|0|1|0
RZ1|94|2|OP16-005|0|47|0|41|0|0|0|0|0
RZ1|CHK|94|2|50|0|0|0|10|0|0|0|1|0
RZ1|95|2|OP17-005|0|49|0|42|0|0|0|0|0
RZ1|CHK|95|2|50|0|0|0|10|0|0|0|1|0
RZ1|96|2|OP16-014|0|47|0|43|0|0|0|0|0
RZ1|CHK|96|2|50|0|0|0|10|0|0|0|1|0
RZ1|97|2|OP16-015|0|45|0|44|0|0|0|0|0
RZ1|CHK|97|2|50|0|0|0|10|0|0|0|1|0
RZ1|98|2|OP17-005|0|49|0|46|0|0|0|0|0
RZ1|CHK|98|2|50|0|0|0|10|0|0|0|1|0
RZ1|99|2|OP16-004|0|49|0|47|0|0|0|0|0
RZ1|CHK|99|2|50|0|0|0|10|0|0|0|1|0
RZ1|100|2|OP16-017|0|49|0|48|0|0|0|0|0
RZ1|CHK|100|2|50|0|0|0|10|0|0|0|1|0
[Zico​#6849] Drew card from deck: LittleOars Jr. ["OP16-017">OP16-017]
RZ1|101|2|OP16-017|0|49|1|0|0|1|0|0|0
RZ1|CHK|101|2|49|1|0|0|10|0|0|0|1|0
[Zico​#6849] Drew card from deck: LittleOars Jr. ["OP16-017">OP16-017]
RZ1|102|2|OP16-017|0|48|1|1|0|1|0|0|0
RZ1|CHK|102|2|48|2|0|0|10|0|0|0|1|0
[Zico​#6849] Drew card from deck: Curiel ["OP16-004">OP16-004]
RZ1|103|2|OP16-004|0|47|1|2|0|1|0|0|0
RZ1|CHK|103|2|47|3|0|0|10|0|0|0|1|0
[Zico​#6849] Drew card from deck: Edward Newgate ["OP17-005">OP17-005]
RZ1|104|2|OP17-005|0|46|1|3|0|1|0|0|0
RZ1|CHK|104|2|46|4|0|0|10|0|0|0|1|0
[Zico​#6849] Drew card from deck: Monkey D. Garp ["OP13-016">OP13-016]
RZ1|105|2|OP13-016|0|45|1|4|0|1|0|0|0
RZ1|CHK|105|2|45|5|0|0|10|0|0|0|1|0
RZ1|106|1|OP17-057|0|44|3|0|1|0|0|0|0
RZ1|CHK|106|1|44|5|0|1|10|0|0|0|1|0
RZ1|107|1|OP17-040|0|43|3|1|1|0|0|0|0
RZ1|CHK|107|1|43|5|0|2|10|0|0|0|1|0
RZ1|108|1|OP17-056|0|42|3|2|1|0|0|0|0
RZ1|CHK|108|1|42|5|0|3|10|0|0|0|1|0
RZ1|109|1|OP17-044|0|41|3|3|1|0|0|0|0
RZ1|CHK|109|1|41|5|0|4|10|0|0|0|1|0
RZ1|110|1|OP17-054|0|40|3|4|1|0|0|0|0
RZ1|CHK|110|1|40|5|0|5|10|0|0|0|1|0
RZ1|111|2|OP16-015|0|44|3|0|0|1|0|0|0
RZ1|CHK|111|2|44|5|0|1|10|0|0|0|1|0
RZ1|112|2|OP16-014|0|43|3|1|0|1|0|0|0
RZ1|CHK|112|2|43|5|0|2|10|0|0|0|1|0
RZ1|113|2|OP17-005|0|42|3|2|0|1|0|0|0
RZ1|CHK|113|2|42|5|0|3|10|0|0|0|1|0
RZ1|114|2|OP16-005|0|41|3|3|0|1|0|0|0
RZ1|CHK|114|2|41|5|0|4|10|0|0|0|1|0
RZ1|115|2|OP13-016|0|40|3|4|0|1|0|0|0
RZ1|CHK|115|2|40|5|0|5|10|0|0|0|1|0
RZ1|116|2|Don|4|9|5|0|1|1|0|0|0
RZ1|CHK|116|2|40|5|0|5|9|1|0|0|1|0
[Zico​#6849] Draw 1 Don
RZ1|117|2|Don|5|0|5|0|1|1|1|0|0
RZ1|CHK|117|2|40|5|0|5|9|1|0|0|1|0
[Zico​#6849] Deploy Monkey D. Garp ["OP13-016">OP13-016]
RZ1|118|2|OP13-016|1|4|2|0|1|1|0|0|0
RZ1|CHK|118|2|40|4|1|5|9|1|0|0|1|0
RZ1|119|2|OP16-003|0|36|1|4|0|1|0|0|0
RZ1|CHK|119|2|39|5|1|5|9|1|0|0|1|0
[Zico​#6849] Monkey D. Garp ["OP13-016">OP13-016]: <b>Reveal and Draw Edward Newgate ["OP16-003">OP16-003]</b>
[Zico​#6849] Placing Cards on Bottom of Deck
RZ1|120|2|OP16-021|0|37|0|0|0|0|0|0|0
RZ1|CHK|120|2|39|5|1|5|9|1|0|0|1|0
RZ1|121|2|OP16-004|0|38|0|0|0|0|0|0|0
RZ1|CHK|121|2|39|5|1|5|9|1|0|0|1|0
RZ1|122|2|OP16-004|0|38|0|0|0|0|0|0|0
RZ1|CHK|122|2|39|5|1|5|9|1|0|0|1|0
[Zico​#6849] End Turn
[Karlmalone​#2854] Hand: [OP17-055,OP17-049,OP17-057,OP17-042,OP17-046]
[Karlmalone​#2854] Board: []
[Karlmalone​#2854] Trash: []
[Karlmalone​#2854] Life: 5
[Zico​#6849] Hand: [OP16-017,OP16-017,OP16-004,OP17-005,OP16-003]
[Zico​#6849] Trash: []
[Zico​#6849] Board: [OP13-016]
[Zico​#6849] Life: 5
[Karlmalone​#2854] Drew card from deck: Shiki ["OP17-048">OP17-048]
RZ1|123|1|OP17-048|0|39|1|5|1|1|0|0|0
RZ1|CHK|123|1|39|6|0|5|10|0|0|0|1|0
[Karlmalone​#2854] Draw 1 Card
RZ1|124|1|Don|4|9|5|0|1|1|0|0|0
RZ1|CHK|124|1|39|6|0|5|9|1|0|0|1|0
RZ1|125|1|Don|4|8|5|1|1|1|0|0|0
RZ1|CHK|125|1|39|6|0|5|8|2|0|0|1|0
[Karlmalone​#2854] Draw 2 Don
RZ1|126|1|Don|5|0|5|0|1|1|1|0|0
RZ1|CHK|126|1|39|6|0|5|8|2|0|0|1|0
RZ1|127|1|OP17-057|1|2|7|0|1|1|0|0|0
RZ1|CHK|127|1|39|5|0|5|8|2|0|1|1|0
[Karlmalone​#2854] Deploy Fullalead ["OP17-057">OP17-057]
[Karlmalone​#2854] Hand: [OP17-055,OP17-049,OP17-042,OP17-046,OP17-048]
[Karlmalone​#2854] Board: []
[Karlmalone​#2854] Trash: []
[Karlmalone​#2854] Life: 5
[Zico​#6849] Hand: [OP16-017,OP16-017,OP16-004,OP17-005,OP16-003]
[Zico​#6849] Trash: []
[Zico​#6849] Board: [OP13-016]
[Zico​#6849] Life: 5
[Karlmalone​#2854] End Turn
[Zico​#6849] Draw 1 Card
[Zico​#6849] Drew card from deck: LittleOars Jr. ["OP16-017">OP16-017]
RZ1|128|2|OP16-017|0|38|1|5|0|1|0|0|0
RZ1|CHK|128|2|38|6|1|5|9|1|0|0|1|0
RZ1|129|2|Don|4|8|5|1|1|1|0|0|0
RZ1|CHK|129|2|38|6|1|5|8|2|0|0|1|0
RZ1|130|2|Don|4|7|5|2|1|1|0|0|0
RZ1|CHK|130|2|38|6|1|5|7|3|0|0|1|0
[Zico​#6849] Draw 2 Don
[Zico​#6849] Portgas D. Ace ["OP16-001">OP16-001] attacking Rocks D. Xebec ["OP17-039">OP17-039]
RZ1|131|1|OP17-042|1|2|6|0|1|1|0|0|0
RZ1|CHK|131|1|39|4|0|5|8|2|1|1|1|0
[Karlmalone​#2854] Fullalead ["OP17-057">OP17-057]: Rest Fullalead ["OP17-057">OP17-057]
[Karlmalone​#2854] Fullalead ["OP17-057">OP17-057]: Trash Kaido ["OP17-042">OP17-042]
[Karlmalone​#2854] Fullalead ["OP17-057">OP17-057]: Buff Rocks D. Xebec ["OP17-039">OP17-039] 1000 for the Combat
Portgas D. Ace ["OP16-001">OP16-001][5000] vs Rocks D. Xebec ["OP17-039">OP17-039][6000]
Attack Fails
[Zico​#6849] Attach 3 Don to Monkey D. Garp ["OP13-016">OP13-016] (3 Total)
RZ1|132|2|Don|5|0|9|0|1|1|0|0|0
RZ1|CHK|132|2|38|6|1|5|7|2|0|0|1|1
RZ1|133|2|Don|5|0|9|1|1|1|0|0|0
RZ1|CHK|133|2|38|6|1|5|7|1|0|0|1|2
RZ1|134|2|Don|5|0|9|2|1|1|0|0|0
RZ1|CHK|134|2|38|6|1|5|7|0|0|0|1|3
[Zico​#6849] Monkey D. Garp ["OP13-016">OP13-016] attacking Rocks D. Xebec ["OP17-039">OP17-039]
RZ1|135|1|OP17-054|3|4|1|4|1|1|0|0|0
RZ1|CHK|135|1|39|5|0|4|8|2|1|1|1|0
Monkey D. Garp ["OP13-016">OP13-016][5000] vs Rocks D. Xebec ["OP17-039">OP17-039][5000]
Rocks D. Xebec ["OP17-039">OP17-039] hit for 1 damage
[Zico​#6849] End Turn
[Karlmalone​#2854] Hand: [OP17-055,OP17-049,OP17-046,OP17-048,OP17-054]
[Karlmalone​#2854] Board: []
[Karlmalone​#2854] Trash: [OP17-042]
[Karlmalone​#2854] Life: 4
[Zico​#6849] Hand: [OP16-017,OP16-017,OP16-004,OP17-005,OP16-003,OP16-017]
[Zico​#6849] Trash: []
[Zico​#6849] Board: [OP13-016]
[Zico​#6849] Life: 5
[Karlmalone​#2854] Drew card from deck: Gloriosa ["OP17-046">OP17-046]
RZ1|136|1|OP17-046|0|38|1|5|1|1|0|0|0
RZ1|CHK|136|1|38|6|0|4|8|2|1|1|1|0
[Karlmalone​#2854] Draw 1 Card
RZ1|137|1|Don|4|7|5|2|1|1|0|0|0
RZ1|CHK|137|1|38|6|0|4|7|3|1|1|1|0
RZ1|138|1|Don|4|6|5|3|1|1|0|0|0
RZ1|CHK|138|1|38|6|0|4|6|4|1|1|1|0
[Karlmalone​#2854] Draw 2 Don
[Karlmalone​#2854] Rocks D. Xebec ["OP17-039">OP17-039] attacking Portgas D. Ace ["OP16-001">OP16-001]
RZ1|139|1|OP17-046|1|5|6|1|1|1|0|0|0
RZ1|CHK|139|1|38|5|0|4|6|4|2|1|1|0
RZ1|140|1|OP17-118|0|37|0|37|0|0|0|0|0
RZ1|CHK|140|1|38|5|0|4|6|4|2|1|1|0
[Karlmalone​#2854] Rocks D. Xebec ["OP17-039">OP17-039]: Trash Gloriosa ["OP17-046">OP17-046]
[Karlmalone​#2854] Rocks D. Xebec ["OP17-039">OP17-039] revealed: Rocks D. Xebec ["OP17-118">OP17-118]
[Karlmalone​#2854] Drew card from deck: Rocks D. Xebec ["OP17-118">OP17-118]
RZ1|141|1|OP17-118|0|37|1|5|1|1|0|0|0
RZ1|CHK|141|1|37|6|0|4|6|4|2|1|1|0
[Karlmalone​#2854] Drew card from deck: Kaido ["OP17-042">OP17-042]
RZ1|142|1|OP17-042|0|36|1|6|1|1|0|0|0
RZ1|CHK|142|1|36|7|0|4|6|4|2|1|1|0
[Karlmalone​#2854] Rocks D. Xebec ["OP17-039">OP17-039]: Draw 2 Card
RZ1|143|2|OP13-016|3|4|1|6|0|1|0|0|0
RZ1|CHK|143|2|38|7|1|4|7|0|0|0|1|3
Rocks D. Xebec ["OP17-039">OP17-039][5000] vs Portgas D. Ace ["OP16-001">OP16-001][5000]
Portgas D. Ace ["OP16-001">OP16-001] hit for 1 damage
RZ1|144|1|Don|5|0|5|0|1|1|1|0|0
RZ1|CHK|144|1|36|7|0|4|6|4|2|1|1|0
RZ1|145|1|Don|5|1|5|1|1|1|1|0|0
RZ1|CHK|145|1|36|7|0|4|6|4|2|1|1|0
RZ1|146|1|Don|5|2|5|2|1|1|1|0|0
RZ1|CHK|146|1|36|7|0|4|6|4|2|1|1|0
RZ1|147|1|Don|5|3|5|3|1|1|1|0|0
RZ1|CHK|147|1|36|7|0|4|6|4|2|1|1|0
RZ1|148|1|OP17-046|1|2|2|0|1|1|0|0|0
RZ1|CHK|148|1|36|6|1|4|6|4|2|1|1|0
[Karlmalone​#2854] Deploy Gloriosa ["OP17-046">OP17-046]
RZ1|149|2|Don|9|0|5|0|1|1|1|0|0
RZ1|CHK|149|2|38|7|1|4|7|1|0|0|1|2
RZ1|150|2|Don|9|0|5|0|1|1|1|0|0
RZ1|CHK|150|2|38|7|1|4|7|2|0|0|1|1
RZ1|151|2|Don|9|0|5|0|1|1|1|0|0
RZ1|CHK|151|2|38|7|1|4|7|3|0|0|1|0
RZ1|152|2|OP13-016|2|0|0|0|0|0|1|0|0
RZ1|CHK|152|2|39|7|0|4|7|3|0|0|1|0
[Karlmalone​#2854] Gloriosa ["OP17-046">OP17-046]: Send Monkey D. Garp ["OP13-016">OP13-016] to Deck Bottom
[Karlmalone​#2854] Hand: [OP17-055,OP17-049,OP17-048,OP17-054,OP17-118,OP17-042]
[Karlmalone​#2854] Board: [OP17-046]
[Karlmalone​#2854] Trash: [OP17-042,OP17-046]
[Karlmalone​#2854] Life: 4
[Zico​#6849] Hand: [OP16-017,OP16-017,OP16-004,OP17-005,OP16-003,OP16-017,OP13-016]
[Zico​#6849] Trash: []
[Zico​#6849] Board: []
[Zico​#6849] Life: 4
[Karlmalone​#2854] End Turn
[Zico​#6849] Draw 1 Card
[Zico​#6849] Drew card from deck: Edward Newgate ["OP16-003">OP16-003]
RZ1|153|2|OP16-003|0|38|1|7|0|1|0|0|0
RZ1|CHK|153|2|38|8|0|4|7|3|0|0|1|0
RZ1|154|2|Don|4|6|5|3|1|1|0|0|0
RZ1|CHK|154|2|38|8|0|4|6|4|0|0|1|0
RZ1|155|2|Don|4|5|5|4|1|1|0|0|0
RZ1|CHK|155|2|38|8|0|4|5|5|0|0|1|0
[Zico​#6849] Draw 2 Don
RZ1|156|2|Don|5|0|5|0|1|1|1|0|0
RZ1|CHK|156|2|38|8|0|4|5|5|0|0|1|0
[Zico​#6849] Deploy Monkey D. Garp ["OP13-016">OP13-016]
RZ1|157|2|OP13-016|1|6|2|0|1|1|0|0|0
RZ1|CHK|157|2|38|7|1|4|5|5|0|0|1|0
RZ1|158|2|OP16-014|0|36|1|7|0|1|0|0|0
RZ1|CHK|158|2|37|8|1|4|5|5|0|0|1|0
[Zico​#6849] Monkey D. Garp ["OP13-016">OP13-016]: <b>Reveal and Draw Marco ["OP16-014">OP16-014]</b>
[Zico​#6849] Placing Cards on Bottom of Deck
RZ1|159|2|OP16-005|0|36|0|0|0|0|0|0|0
RZ1|CHK|159|2|37|8|1|4|5|5|0|0|1|0
RZ1|160|2|OP16-011|0|36|0|0|0|0|0|0|0
RZ1|CHK|160|2|37|8|1|4|5|5|0|0|1|0
RZ1|161|2|OP16-118|0|36|0|0|0|0|0|0|0
RZ1|CHK|161|2|37|8|1|4|5|5|0|0|1|0
[Zico​#6849] Portgas D. Ace ["OP16-001">OP16-001] attacking Rocks D. Xebec ["OP17-039">OP17-039]
RZ1|162|1|OP17-042|1|5|6|2|1|1|0|0|0
RZ1|CHK|162|1|36|5|1|4|6|4|3|1|1|0
[Karlmalone​#2854] Fullalead ["OP17-057">OP17-057]: Rest Fullalead ["OP17-057">OP17-057]
[Karlmalone​#2854] Fullalead ["OP17-057">OP17-057]: Trash Kaido ["OP17-042">OP17-042]
[Karlmalone​#2854] Fullalead ["OP17-057">OP17-057]: Buff Rocks D. Xebec ["OP17-039">OP17-039] 1000 for the Combat
Portgas D. Ace ["OP16-001">OP16-001][5000] vs Rocks D. Xebec ["OP17-039">OP17-039][6000]
Attack Fails
RZ1|163|2|Don|5|1|5|1|1|1|1|0|0
RZ1|CHK|163|2|37|8|1|4|5|5|0|0|1|0
RZ1|164|2|Don|5|2|5|2|1|1|1|0|0
RZ1|CHK|164|2|37|8|1|4|5|5|0|0|1|0
RZ1|165|2|Don|5|3|5|3|1|1|1|0|0
RZ1|CHK|165|2|37|8|1|4|5|5|0|0|1|0
RZ1|166|2|Don|5|4|5|4|1|1|1|0|0
RZ1|CHK|166|2|37|8|1|4|5|5|0|0|1|0
[Zico​#6849] Deploy LittleOars Jr. ["OP16-017">OP16-017]
RZ1|167|2|OP16-017|1|0|2|1|1|1|0|-4000|0
RZ1|CHK|167|2|37|7|2|4|5|5|0|0|1|0
[Zico​#6849] End Turn
[Karlmalone​#2854] Hand: [OP17-055,OP17-049,OP17-048,OP17-054,OP17-118]
[Karlmalone​#2854] Board: [OP17-046]
[Karlmalone​#2854] Trash: [OP17-042,OP17-046,OP17-042]
[Karlmalone​#2854] Life: 4
[Zico​#6849] Hand: [OP16-017,OP16-004,OP17-005,OP16-003,OP16-017,OP16-003,OP16-014]
[Zico​#6849] Trash: []
[Zico​#6849] Board: [OP13-016,OP16-017]
[Zico​#6849] Life: 4
[Karlmalone​#2854] Drew card from deck: Gloriosa ["OP17-046">OP17-046]
RZ1|168|1|OP17-046|0|35|1|5|1|1|0|0|0
RZ1|CHK|168|1|35|6|1|4|6|4|3|1|1|0
[Karlmalone​#2854] Draw 1 Card
RZ1|169|1|Don|4|5|5|4|1|1|0|0|0
RZ1|CHK|169|1|35|6|1|4|5|5|3|1|1|0
RZ1|170|1|Don|4|4|5|5|1|1|0|0|0
RZ1|CHK|170|1|35|6|1|4|4|6|3|1|1|0
[Karlmalone​#2854] Draw 2 Don
RZ1|171|1|Don|5|0|5|0|1|1|1|0|0
RZ1|CHK|171|1|35|6|1|4|4|6|3|1|1|0
RZ1|172|1|Don|5|1|5|1|1|1|1|0|0
RZ1|CHK|172|1|35|6|1|4|4|6|3|1|1|0
RZ1|173|1|Don|5|2|5|2|1|1|1|0|0
RZ1|CHK|173|1|35|6|1|4|4|6|3|1|1|0
RZ1|174|1|Don|5|3|5|3|1|1|1|0|0
RZ1|CHK|174|1|35|6|1|4|4|6|3|1|1|0
RZ1|175|1|OP17-046|1|5|2|1|1|1|0|0|0
RZ1|CHK|175|1|35|5|2|4|4|6|3|1|1|0
[Karlmalone​#2854] Deploy Gloriosa ["OP17-046">OP17-046]
RZ1|176|2|OP16-017|2|1|0|0|0|0|0|0|0
RZ1|CHK|176|2|38|7|1|4|5|5|0|0|1|0
[Karlmalone​#2854] Gloriosa ["OP17-046">OP17-046]: Send LittleOars Jr. ["OP16-017">OP16-017] to Deck Bottom
RZ1|177|1|Don|5|5|9|9900|1|1|0|0|0
RZ1|CHK|177|1|35|5|2|4|4|5|3|1|1|1
[Karlmalone​#2854] Attach 1 Don to Rocks D. Xebec ["OP17-039">OP17-039] (1 Total)
RZ1|178|1|Don|5|4|9|9901|1|1|0|0|0
RZ1|CHK|178|1|35|5|2|4|4|4|3|1|1|2
[Karlmalone​#2854] Attach 1 Don to Rocks D. Xebec ["OP17-039">OP17-039] (2 Total)
[Karlmalone​#2854] Rocks D. Xebec ["OP17-039">OP17-039] attacking Portgas D. Ace ["OP16-001">OP16-001]
RZ1|179|1|OP17-055|1|0|6|3|1|1|0|0|0
RZ1|CHK|179|1|35|4|2|4|4|4|4|1|1|2
RZ1|180|1|OP17-056|0|34|0|34|0|0|0|0|0
RZ1|CHK|180|1|35|4|2|4|4|4|4|1|1|2
[Karlmalone​#2854] Rocks D. Xebec ["OP17-039">OP17-039]: Trash There's No Authority in the World ["OP17-055">OP17-055]
[Karlmalone​#2854] Rocks D. Xebec ["OP17-039">OP17-039] revealed: Rocks Pirates ["OP17-056">OP17-056]
[Karlmalone​#2854] Drew card from deck: Rocks Pirates ["OP17-056">OP17-056]
RZ1|181|1|OP17-056|0|34|1|4|1|1|0|0|0
RZ1|CHK|181|1|34|5|2|4|4|4|4|1|1|2
[Karlmalone​#2854] Drew card from deck: Shiki ["OP17-048">OP17-048]
RZ1|182|1|OP17-048|0|33|1|5|1|1|0|0|0
RZ1|CHK|182|1|33|6|2|4|4|4|4|1|1|2
[Karlmalone​#2854] Rocks D. Xebec ["OP17-039">OP17-039]: Draw 2 Card
RZ1|183|2|OP16-005|3|3|1|7|0|1|0|0|0
RZ1|CHK|183|2|38|8|1|3|5|5|0|0|1|0
Rocks D. Xebec ["OP17-039">OP17-039][7000] vs Portgas D. Ace ["OP16-001">OP16-001][5000]
Portgas D. Ace ["OP16-001">OP16-001] hit for 1 damage
[Karlmalone​#2854] Hand: [OP17-049,OP17-048,OP17-054,OP17-118,OP17-056,OP17-048]
[Karlmalone​#2854] Board: [OP17-046,OP17-046]
[Karlmalone​#2854] Trash: [OP17-042,OP17-046,OP17-042,OP17-055]
[Karlmalone​#2854] Life: 4
[Zico​#6849] Hand: [OP16-017,OP16-004,OP17-005,OP16-003,OP16-017,OP16-003,OP16-014,OP16-005]
[Zico​#6849] Trash: []
[Zico​#6849] Board: [OP13-016]
[Zico​#6849] Life: 3
[Karlmalone​#2854] End Turn
[Zico​#6849] Draw 1 Card
[Zico​#6849] Drew card from deck: If You're Coming With Me... Kiss Your Lives Goodbye!! ["OP16-020">OP16-020]
RZ1|184|2|OP16-020|0|37|1|8|0|1|0|0|0
RZ1|CHK|184|2|37|9|1|3|5|5|0|0|1|0
RZ1|185|2|Don|4|4|5|5|1|1|0|0|0
RZ1|CHK|185|2|37|9|1|3|4|6|0|0|1|0
RZ1|186|2|Don|4|3|5|6|1|1|0|0|0
RZ1|CHK|186|2|37|9|1|3|3|7|0|0|1|0
[Zico​#6849] Draw 2 Don
[Zico​#6849] Attach 1 Don to Portgas D. Ace ["OP16-001">OP16-001] (1 Total)
RZ1|187|2|Don|5|6|9|9900|1|1|0|0|0
RZ1|CHK|187|2|37|9|1|3|3|6|0|0|1|1
[Zico​#6849] Portgas D. Ace ["OP16-001">OP16-001] attacking Rocks D. Xebec ["OP17-039">OP17-039]
RZ1|188|1|OP17-056|1|4|6|4|1|1|0|0|0
RZ1|CHK|188|1|33|5|2|4|4|4|5|1|1|2
[Karlmalone​#2854] Rocks Pirates ["OP17-056">OP17-056]: Activate Counter
[Karlmalone​#2854] Rocks Pirates ["OP17-056">OP17-056]: Buff Rocks D. Xebec ["OP17-039">OP17-039] 2000 for the Combat
Portgas D. Ace ["OP16-001">OP16-001][6000] vs Rocks D. Xebec ["OP17-039">OP17-039][7000]
Attack Fails
RZ1|189|2|Don|5|0|5|0|1|1|1|0|0
RZ1|CHK|189|2|37|9|1|3|3|6|0|0|1|1
RZ1|190|2|Don|5|1|5|1|1|1|1|0|0
RZ1|CHK|190|2|37|9|1|3|3|6|0|0|1|1
RZ1|191|2|Don|5|2|5|2|1|1|1|0|0
RZ1|CHK|191|2|37|9|1|3|3|6|0|0|1|1
RZ1|192|2|Don|5|3|5|3|1|1|1|0|0
RZ1|CHK|192|2|37|9|1|3|3|6|0|0|1|1
RZ1|193|2|Don|5|4|5|4|1|1|1|0|0
RZ1|CHK|193|2|37|9|1|3|3|6|0|0|1|1
RZ1|194|2|Don|5|5|5|5|1|1|1|0|0
RZ1|CHK|194|2|37|9|1|3|3|6|0|0|1|1
[Zico​#6849] Deploy Marco ["OP16-014">OP16-014]
RZ1|195|2|OP16-014|1|6|2|1|1|1|0|0|0
RZ1|CHK|195|2|37|8|2|3|3|6|0|0|1|1
[Zico​#6849] Portgas D. Ace ["OP16-001">OP16-001]: Give Marco ["OP16-014">OP16-014] Rush
[Zico​#6849] Marco ["OP16-014">OP16-014] attacking Rocks D. Xebec ["OP17-039">OP17-039]
[Karlmalone​#2854] Gloriosa ["OP17-046">OP17-046] Blocks
RZ1|196|1|OP17-046|2|0|6|5|1|1|0|0|0
RZ1|CHK|196|1|33|5|1|4|4|4|6|1|1|2
Marco ["OP16-014">OP16-014][8000] vs Gloriosa ["OP17-046">OP17-046][1000]
[Karlmalone​#2854] Gloriosa ["OP17-046">OP17-046] Destroyed
[Zico​#6849] End Turn
[Karlmalone​#2854] Hand: [OP17-049,OP17-048,OP17-054,OP17-118,OP17-048]
[Karlmalone​#2854] Board: [OP17-046]
[Karlmalone​#2854] Trash: [OP17-042,OP17-046,OP17-042,OP17-055,OP17-056,OP17-046]
[Karlmalone​#2854] Life: 4
[Zico​#6849] Hand: [OP16-017,OP16-004,OP17-005,OP16-003,OP16-017,OP16-003,OP16-005,OP16-020]
[Zico​#6849] Trash: []
[Zico​#6849] Board: [OP13-016,OP16-014]
[Zico​#6849] Life: 3
RZ1|197|1|Don|9|9900|5|0|1|1|1|0|0
RZ1|CHK|197|1|33|5|1|4|4|5|6|1|1|1
RZ1|198|1|Don|9|9900|5|0|1|1|1|0|0
RZ1|CHK|198|1|33|5|1|4|4|6|6|1|1|0
[Karlmalone​#2854] Drew card from deck: Edward Newgate ["OP17-040">OP17-040]
RZ1|199|1|OP17-040|0|32|1|5|1|1|0|0|0
RZ1|CHK|199|1|32|6|1|4|4|6|6|1|1|0
[Karlmalone​#2854] Draw 1 Card
RZ1|200|1|Don|4|3|5|6|1|1|0|0|0
RZ1|CHK|200|1|32|6|1|4|3|7|6|1|1|0
RZ1|201|1|Don|4|2|5|7|1|1|0|0|0
RZ1|CHK|201|1|32|6|1|4|2|8|6|1|1|0
[Karlmalone​#2854] Draw 2 Don
RZ1|202|1|Don|5|0|5|0|1|1|1|0|0
RZ1|CHK|202|1|32|6|1|4|2|8|6|1|1|0
RZ1|203|1|Don|5|1|5|1|1|1|1|0|0
RZ1|CHK|203|1|32|6|1|4|2|8|6|1|1|0
RZ1|204|1|Don|5|2|5|2|1|1|1|0|0
RZ1|CHK|204|1|32|6|1|4|2|8|6|1|1|0
RZ1|205|1|Don|5|3|5|3|1|1|1|0|0
RZ1|CHK|205|1|32|6|1|4|2|8|6|1|1|0
RZ1|206|1|Don|5|4|5|4|1|1|1|0|0
RZ1|CHK|206|1|32|6|1|4|2|8|6|1|1|0
RZ1|207|1|Don|5|5|5|5|1|1|1|0|0
RZ1|CHK|207|1|32|6|1|4|2|8|6|1|1|0
RZ1|208|1|Don|5|6|5|6|1|1|1|0|0
RZ1|CHK|208|1|32|6|1|4|2|8|6|1|1|0
RZ1|209|1|OP17-048|1|1|2|1|1|1|0|0|0
RZ1|CHK|209|1|32|5|2|4|2|8|6|1|1|0
[Karlmalone​#2854] Deploy Shiki ["OP17-048">OP17-048]
[Karlmalone​#2854] Shiki ["OP17-048">OP17-048] attacking Marco ["OP16-014">OP16-014]
RZ1|210|1|OP17-048|1|3|6|6|1|1|0|0|0
RZ1|CHK|210|1|32|4|2|4|2|8|7|1|1|0
[Karlmalone​#2854] Shiki ["OP17-048">OP17-048]: Trash Shiki ["OP17-048">OP17-048]
[Karlmalone​#2854] Shiki ["OP17-048">OP17-048]: Buff Marco ["OP16-014">OP16-014] -3000
RZ1|211|2|OP16-014|2|1|6|0|1|1|0|0|0
RZ1|CHK|211|2|37|8|1|3|3|6|1|0|1|1
Shiki ["OP17-048">OP17-048][9000] vs Marco ["OP16-014">OP16-014][5000]
[Zico​#6849] Marco ["OP16-014">OP16-014] Destroyed
RZ1|212|2|OP16-017|1|0|6|1|1|1|0|0|0
RZ1|CHK|212|2|37|7|1|3|3|6|2|0|1|1
[Zico​#6849] Marco ["OP16-014">OP16-014]: Trash LittleOars Jr. ["OP16-017">OP16-017]
RZ1|213|2|OP16-014|6|0|2|1|1|1|0|0|0
RZ1|CHK|213|2|37|7|2|3|3|6|1|0|1|1
[Zico​#6849] Marco ["OP16-014">OP16-014]: Deploy Marco ["OP16-014">OP16-014]
RZ1|214|1|Don|5|7|9|9900|1|1|0|0|0
RZ1|CHK|214|1|32|4|2|4|2|7|7|1|1|1
[Karlmalone​#2854] Attach 1 Don to Rocks D. Xebec ["OP17-039">OP17-039] (1 Total)
[Karlmalone​#2854] Rocks D. Xebec ["OP17-039">OP17-039] attacking Portgas D. Ace ["OP16-001">OP16-001]
RZ1|215|1|OP17-040|1|3|6|7|1|1|0|0|0
RZ1|CHK|215|1|32|3|2|4|2|7|8|1|1|1
RZ1|216|1|OP17-045|0|31|0|31|0|0|0|0|0
RZ1|CHK|216|1|32|3|2|4|2|7|8|1|1|1
[Karlmalone​#2854] Rocks D. Xebec ["OP17-039">OP17-039]: Trash Edward Newgate ["OP17-040">OP17-040]
[Karlmalone​#2854] Rocks D. Xebec ["OP17-039">OP17-039] revealed: Kyo ["OP17-045">OP17-045]
[Karlmalone​#2854] Drew card from deck: Kyo ["OP17-045">OP17-045]
RZ1|217|1|OP17-045|0|31|1|3|1|1|0|0|0
RZ1|CHK|217|1|31|4|2|4|2|7|8|1|1|1
[Karlmalone​#2854] Drew card from deck: Streusen ["OP17-050">OP17-050]
RZ1|218|1|OP17-050|0|30|1|4|1|1|0|0|0
RZ1|CHK|218|1|30|5|2|4|2|7|8|1|1|1
[Karlmalone​#2854] Rocks D. Xebec ["OP17-039">OP17-039]: Draw 2 Card
[Zico​#6849] Discard Curiel ["OP16-004">OP16-004] for Counter 2000
RZ1|219|2|OP16-004|1|0|6|1|1|1|0|0|0
RZ1|CHK|219|2|37|6|2|3|3|6|2|0|1|1
Rocks D. Xebec ["OP17-039">OP17-039][6000] vs Portgas D. Ace ["OP16-001">OP16-001][7000]
Attack Fails
[Karlmalone​#2854] Hand: [OP17-049,OP17-054,OP17-118,OP17-045,OP17-050]
[Karlmalone​#2854] Board: [OP17-046,OP17-048]
[Karlmalone​#2854] Trash: [OP17-042,OP17-046,OP17-042,OP17-055,OP17-056,OP17-046,OP17-048,OP17-040]
[Karlmalone​#2854] Life: 4
[Zico​#6849] Hand: [OP17-005,OP16-003,OP16-017,OP16-003,OP16-005,OP16-020]
[Zico​#6849] Trash: [OP16-017,OP16-004]
[Zico​#6849] Board: [OP13-016,OP16-014]
[Zico​#6849] Life: 3
RZ1|220|2|Don|9|9900|5|0|1|1|1|0|0
RZ1|CHK|220|2|37|6|2|3|3|7|2|0|1|0
[Karlmalone​#2854] End Turn
[Zico​#6849] Draw 1 Card
[Zico​#6849] Drew card from deck: Edward Newgate ["OP16-003">OP16-003]
RZ1|221|2|OP16-003|0|36|1|6|0|1|0|0|0
RZ1|CHK|221|2|36|7|2|3|3|7|2|0|1|0
RZ1|222|2|Don|4|2|5|7|1|1|0|0|0
RZ1|CHK|222|2|36|7|2|3|2|8|2|0|1|0
RZ1|223|2|Don|4|1|5|8|1|1|0|0|0
RZ1|CHK|223|2|36|7|2|3|1|9|2|0|1|0
[Zico​#6849] Draw 2 Don
RZ1|224|2|Don|5|0|5|0|1|1|1|0|0
RZ1|CHK|224|2|36|7|2|3|1|9|2|0|1|0
RZ1|225|2|Don|5|1|5|1|1|1|1|0|0
RZ1|CHK|225|2|36|7|2|3|1|9|2|0|1|0
RZ1|226|2|Don|5|2|5|2|1|1|1|0|0
RZ1|CHK|226|2|36|7|2|3|1|9|2|0|1|0
RZ1|227|2|Don|5|3|5|3|1|1|1|0|0
RZ1|CHK|227|2|36|7|2|3|1|9|2|0|1|0
RZ1|228|2|Don|5|4|5|4|1|1|1|0|0
RZ1|CHK|228|2|36|7|2|3|1|9|2|0|1|0
RZ1|229|2|Don|5|5|5|5|1|1|1|0|0
RZ1|CHK|229|2|36|7|2|3|1|9|2|0|1|0
RZ1|230|2|Don|5|6|5|6|1|1|1|0|0
RZ1|CHK|230|2|36|7|2|3|1|9|2|0|1|0
RZ1|231|2|Don|5|7|5|7|1|1|1|0|0
RZ1|CHK|231|2|36|7|2|3|1|9|2|0|1|0
[Zico​#6849] Deploy Edward Newgate ["OP16-003">OP16-003]
RZ1|232|2|OP16-003|1|6|2|2|1|1|0|0|0
RZ1|CHK|232|2|36|6|3|3|1|9|2|0|1|0
RZ1|233|2|OP16-017|1|2|1|2|1|1|0|0|0
RZ1|CHK|233|2|36|6|3|3|1|9|2|0|1|0
[Zico​#6849] Edward Newgate ["OP16-003">OP16-003] revealed: LittleOars Jr. ["OP16-017">OP16-017]
RZ1|234|2|OP16-005|1|4|1|4|1|1|0|0|0
RZ1|CHK|234|2|36|6|3|3|1|9|2|0|1|0
[Zico​#6849] Edward Newgate ["OP16-003">OP16-003] revealed: Thatch ["OP16-005">OP16-005]
[Zico​#6849] Forcing opponent to resolve Card Action!
[Karlmalone​#2854] Forcing opponent to resolve Card Action!
[Zico​#6849] Edward Newgate ["OP16-003">OP16-003]: Buff Shiki ["OP17-048">OP17-048] -6000
[Zico​#6849] Attach 1 Don to Monkey D. Garp ["OP13-016">OP13-016] (1 Total)
RZ1|235|2|Don|5|8|9|0|1|1|0|0|0
RZ1|CHK|235|2|36|6|3|3|1|8|2|0|1|1
[Zico​#6849] Monkey D. Garp ["OP13-016">OP13-016] attacking Shiki ["OP17-048">OP17-048]
RZ1|236|1|OP17-050|1|4|6|8|1|1|0|0|0
RZ1|CHK|236|1|30|4|2|4|2|7|9|1|1|1
[Karlmalone​#2854] Fullalead ["OP17-057">OP17-057]: Rest Fullalead ["OP17-057">OP17-057]
[Karlmalone​#2854] Fullalead ["OP17-057">OP17-057]: Trash Streusen ["OP17-050">OP17-050]
[Karlmalone​#2854] Fullalead ["OP17-057">OP17-057]: Buff Shiki ["OP17-048">OP17-048] 1000 for the Combat
Monkey D. Garp ["OP13-016">OP13-016][3000] vs Shiki ["OP17-048">OP17-048][4000]
Attack Fails
[Zico​#6849] Marco ["OP16-014">OP16-014] attacking Shiki ["OP17-048">OP17-048]
[Karlmalone​#2854] Gloriosa ["OP17-046">OP17-046] Blocks
RZ1|237|1|OP17-046|2|0|6|9|1|1|0|0|0
RZ1|CHK|237|1|30|4|1|4|2|7|10|1|1|1
Marco ["OP16-014">OP16-014][8000] vs Gloriosa ["OP17-046">OP17-046][1000]
[Karlmalone​#2854] Gloriosa ["OP17-046">OP17-046] Destroyed
[Zico​#6849] Portgas D. Ace ["OP16-001">OP16-001]: Give Edward Newgate ["OP16-003">OP16-003] Rush
[Zico​#6849] Edward Newgate ["OP16-003">OP16-003] attacking Shiki ["OP17-048">OP17-048]
RZ1|238|1|OP17-045|1|3|6|10|1|1|0|0|0
RZ1|CHK|238|1|30|3|1|4|2|7|11|1|1|1
[Karlmalone​#2854] Shiki ["OP17-048">OP17-048]: Trash Kyo ["OP17-045">OP17-045]
[Karlmalone​#2854] Shiki ["OP17-048">OP17-048]: Buff Edward Newgate ["OP16-003">OP16-003] -3000
RZ1|239|1|OP17-048|2|0|6|11|1|1|0|0|0
RZ1|CHK|239|1|30|3|0|4|2|7|12|1|1|1
Edward Newgate ["OP16-003">OP16-003][7000] vs Shiki ["OP17-048">OP17-048][3000]
[Karlmalone​#2854] Shiki ["OP17-048">OP17-048] Destroyed
[Zico​#6849] Portgas D. Ace ["OP16-001">OP16-001] attacking Rocks D. Xebec ["OP17-039">OP17-039]
RZ1|240|1|OP17-044|3|3|1|3|1|1|0|0|0
RZ1|CHK|240|1|30|4|0|3|2|7|12|1|1|1
Portgas D. Ace ["OP16-001">OP16-001][7000] vs Rocks D. Xebec ["OP17-039">OP17-039][5000]
Rocks D. Xebec ["OP17-039">OP17-039] hit for 2 damage
RZ1|241|1|OP17-056|3|2|1|4|1|1|0|0|0
RZ1|CHK|241|1|30|5|0|2|2|7|12|1|1|1
[Zico​#6849] End Turn
[Karlmalone​#2854] Hand: [OP17-049,OP17-054,OP17-118,OP17-044,OP17-056]
[Karlmalone​#2854] Board: []
[Karlmalone​#2854] Trash: [OP17-042,OP17-046,OP17-042,OP17-055,OP17-056,OP17-046,OP17-048,OP17-040,OP17-050,OP17-046,OP17-045,OP17-048]
[Karlmalone​#2854] Life: 2
[Zico​#6849] Hand: [OP17-005,OP16-003,OP16-017,OP16-003,OP16-005,OP16-020]
[Zico​#6849] Trash: [OP16-017,OP16-004]
[Zico​#6849] Board: [OP13-016,OP16-014,OP16-003]
[Zico​#6849] Life: 3
RZ1|242|1|Don|9|9900|5|0|1|1|1|0|0
RZ1|CHK|242|1|30|5|0|2|2|8|12|1|1|0
[Karlmalone​#2854] Drew card from deck: Streusen ["OP17-050">OP17-050]
RZ1|243|1|OP17-050|0|29|1|5|1|1|0|0|0
RZ1|CHK|243|1|29|6|0|2|2|8|12|1|1|0
[Karlmalone​#2854] Draw 1 Card
RZ1|244|1|Don|4|1|5|8|1|1|0|0|0
RZ1|CHK|244|1|29|6|0|2|1|9|12|1|1|0
RZ1|245|1|Don|4|0|5|9|1|1|0|0|0
RZ1|CHK|245|1|29|6|0|2|0|10|12|1|1|0
[Karlmalone​#2854] Draw 2 Don
[Karlmalone​#2854] Rocks D. Xebec ["OP17-039">OP17-039] attacking Monkey D. Garp ["OP13-016">OP13-016]
RZ1|246|1|OP17-050|1|5|6|12|1|1|0|0|0
RZ1|CHK|246|1|29|5|0|2|0|10|13|1|1|0
RZ1|247|1|OP17-056|0|28|0|28|0|0|0|0|0
RZ1|CHK|247|1|29|5|0|2|0|10|13|1|1|0
[Karlmalone​#2854] Rocks D. Xebec ["OP17-039">OP17-039]: Trash Streusen ["OP17-050">OP17-050]
[Karlmalone​#2854] Rocks D. Xebec ["OP17-039">OP17-039] revealed: Rocks Pirates ["OP17-056">OP17-056]
[Karlmalone​#2854] Drew card from deck: Rocks Pirates ["OP17-056">OP17-056]
RZ1|248|1|OP17-056|0|28|1|5|1|1|0|0|0
RZ1|CHK|248|1|28|6|0|2|0|10|13|1|1|0
[Karlmalone​#2854] Drew card from deck: Captain John ["OP17-044">OP17-044]
RZ1|249|1|OP17-044|0|27|1|6|1|1|0|0|0
RZ1|CHK|249|1|27|7|0|2|0|10|13|1|1|0
[Karlmalone​#2854] Rocks D. Xebec ["OP17-039">OP17-039]: Draw 2 Card
RZ1|250|2|Don|9|0|5|0|1|1|1|0|0
RZ1|CHK|250|2|36|6|3|3|1|9|2|0|1|0
RZ1|251|2|OP13-016|2|0|6|2|1|1|0|0|0
RZ1|CHK|251|2|36|6|2|3|1|9|3|0|1|0
Rocks D. Xebec ["OP17-039">OP17-039][5000] vs Monkey D. Garp ["OP13-016">OP13-016][2000]
[Zico​#6849] Monkey D. Garp ["OP13-016">OP13-016] Destroyed
RZ1|252|1|Don|5|0|5|0|1|1|1|0|0
RZ1|CHK|252|1|27|7|0|2|0|10|13|1|1|0
RZ1|253|1|Don|5|1|5|1|1|1|1|0|0
RZ1|CHK|253|1|27|7|0|2|0|10|13|1|1|0
RZ1|254|1|Don|5|2|5|2|1|1|1|0|0
RZ1|CHK|254|1|27|7|0|2|0|10|13|1|1|0
RZ1|255|1|Don|5|3|5|3|1|1|1|0|0
RZ1|CHK|255|1|27|7|0|2|0|10|13|1|1|0
RZ1|256|1|Don|5|4|5|4|1|1|1|0|0
RZ1|CHK|256|1|27|7|0|2|0|10|13|1|1|0
RZ1|257|1|Don|5|5|5|5|1|1|1|0|0
RZ1|CHK|257|1|27|7|0|2|0|10|13|1|1|0
RZ1|258|1|Don|5|6|5|6|1|1|1|0|0
RZ1|CHK|258|1|27|7|0|2|0|10|13|1|1|0
RZ1|259|1|Don|5|7|5|7|1|1|1|0|0
RZ1|CHK|259|1|27|7|0|2|0|10|13|1|1|0
RZ1|260|1|Don|5|8|5|8|1|1|1|0|0
RZ1|CHK|260|1|27|7|0|2|0|10|13|1|1|0
RZ1|261|1|Don|5|9|5|9|1|1|1|0|0
RZ1|CHK|261|1|27|7|0|2|0|10|13|1|1|0
RZ1|262|1|OP17-118|1|2|2|0|1|1|0|0|0
RZ1|CHK|262|1|27|6|1|2|0|10|13|1|1|0
[Karlmalone​#2854] Drew card from deck: Don Marlon ["OP17-052">OP17-052]
RZ1|263|1|OP17-052|0|26|1|6|1|1|0|0|0
RZ1|CHK|263|1|26|7|1|2|0|10|13|1|1|0
[Karlmalone​#2854] Deploy Rocks D. Xebec ["OP17-118">OP17-118]
[Karlmalone​#2854] Rocks D. Xebec ["OP17-118">OP17-118]: Draw 1 Card
RZ1|264|1|OP17-049|1|0|2|1|1|1|0|0|0
RZ1|CHK|264|1|26|6|2|2|0|10|13|1|1|0
[Karlmalone​#2854] Rocks D. Xebec ["OP17-118">OP17-118]: Deploy Charlotte Linlin ["OP17-049">OP17-049]
RZ1|265|1|OP17-044|1|1|2|2|1|1|0|0|0
RZ1|CHK|265|1|26|5|3|2|0|10|13|1|1|0
[Karlmalone​#2854] Rocks D. Xebec ["OP17-118">OP17-118]: Deploy Captain John ["OP17-044">OP17-044]
[Karlmalone​#2854] Forcing opponent to resolve Card Action!
[Zico​#6849] Forcing opponent to resolve Card Action!
[Karlmalone​#2854] Drew card from deck: Rocks D. Xebec ["OP17-118">OP17-118]
RZ1|266|1|OP17-118|0|25|1|5|1|1|0|0|0
RZ1|CHK|266|1|25|6|3|2|0|10|13|1|1|0
[Karlmalone​#2854] Drew card from deck: Gloriosa ["OP17-046">OP17-046]
RZ1|267|1|OP17-046|0|24|1|6|1|1|0|0|0
RZ1|CHK|267|1|24|7|3|2|0|10|13|1|1|0
[Karlmalone​#2854] Charlotte Linlin ["OP17-049">OP17-049]: Draw 2 Card
[Karlmalone​#2854] Drew card from deck: Shiki ["OP17-048">OP17-048]
RZ1|268|1|OP17-048|0|23|1|7|1|1|0|0|0
RZ1|CHK|268|1|23|8|3|2|0|10|13|1|1|0
[Karlmalone​#2854] Captain John ["OP17-044">OP17-044]: Draw 1 Card
[Karlmalone​#2854] Captain John ["OP17-044">OP17-044]: Rest Captain John ["OP17-044">OP17-044]
RZ1|269|1|OP17-052|1|4|6|13|1|1|0|0|0
RZ1|CHK|269|1|23|7|3|2|0|10|14|1|1|0
[Karlmalone​#2854] Captain John ["OP17-044">OP17-044]: Trash Don Marlon ["OP17-052">OP17-052]
[Karlmalone​#2854] Hand: [OP17-054,OP17-056,OP17-056,OP17-044,OP17-118,OP17-046,OP17-048]
[Karlmalone​#2854] Board: [OP17-118,OP17-049,OP17-044]
[Karlmalone​#2854] Trash: [OP17-042,OP17-046,OP17-042,OP17-055,OP17-056,OP17-046,OP17-048,OP17-040,OP17-050,OP17-046,OP17-045,OP17-048,OP17-050,OP17-052]
[Karlmalone​#2854] Life: 2
[Zico​#6849] Hand: [OP17-005,OP16-003,OP16-017,OP16-003,OP16-005,OP16-020]
[Zico​#6849] Trash: [OP16-017,OP16-004,OP13-016]
[Zico​#6849] Board: [OP16-014,OP16-003]
[Zico​#6849] Life: 3
[Karlmalone​#2854] End Turn
[Zico​#6849] Draw 1 Card
[Zico​#6849] Drew card from deck: Monkey D. Luffy ["OP16-015">OP16-015]
RZ1|270|2|OP16-015|0|35|1|6|0|1|0|0|0
RZ1|CHK|270|2|35|7|2|3|1|9|3|0|1|0
RZ1|271|2|Don|4|0|5|9|1|1|0|0|0
RZ1|CHK|271|2|35|7|2|3|0|10|3|0|1|0
[Zico​#6849] Draw 2 Don
[Zico​#6849] Marco ["OP16-014">OP16-014] attacking Captain John ["OP17-044">OP17-044]
RZ1|272|1|OP17-044|2|2|6|14|1|1|0|0|0
RZ1|CHK|272|1|23|7|2|2|0|10|15|1|1|0
Marco ["OP16-014">OP16-014][8000] vs Captain John ["OP17-044">OP17-044][6000]
[Karlmalone​#2854] Captain John ["OP17-044">OP17-044] Destroyed
RZ1|273|2|Don|5|0|5|0|1|1|1|0|0
RZ1|CHK|273|2|35|7|2|3|0|10|3|0|1|0
RZ1|274|2|Don|5|1|5|1|1|1|1|0|0
RZ1|CHK|274|2|35|7|2|3|0|10|3|0|1|0
RZ1|275|2|Don|5|2|5|2|1|1|1|0|0
RZ1|CHK|275|2|35|7|2|3|0|10|3|0|1|0
RZ1|276|2|Don|5|3|5|3|1|1|1|0|0
RZ1|CHK|276|2|35|7|2|3|0|10|3|0|1|0
RZ1|277|2|Don|5|4|5|4|1|1|1|0|0
RZ1|CHK|277|2|35|7|2|3|0|10|3|0|1|0
RZ1|278|2|Don|5|5|5|5|1|1|1|0|0
RZ1|CHK|278|2|35|7|2|3|0|10|3|0|1|0
[Zico​#6849] Deploy Edward Newgate ["OP17-005">OP17-005]
RZ1|279|2|OP17-005|1|0|2|2|1|1|0|0|0
RZ1|CHK|279|2|35|6|3|3|0|10|3|0|1|0
[Zico​#6849] Edward Newgate ["OP17-005">OP17-005]: Grant Portgas D. Ace ["OP16-001">OP16-001] 3000 until opponent's next turn end
[Zico​#6849] Attach 2 Don to Portgas D. Ace ["OP16-001">OP16-001] (2 Total)
RZ1|280|2|Don|5|6|9|9900|1|1|0|0|0
RZ1|CHK|280|2|35|6|3|3|0|9|3|0|1|1
RZ1|281|2|Don|5|6|9|9901|1|1|0|0|0
RZ1|CHK|281|2|35|6|3|3|0|8|3|0|1|2
[Zico​#6849] Portgas D. Ace ["OP16-001">OP16-001] attacking Rocks D. Xebec ["OP17-039">OP17-039]
RZ1|282|1|OP17-040|3|1|1|7|1|1|0|0|0
RZ1|CHK|282|1|23|8|2|1|0|10|15|1|1|0
Portgas D. Ace ["OP16-001">OP16-001][12000] vs Rocks D. Xebec ["OP17-039">OP17-039][5000]
Rocks D. Xebec ["OP17-039">OP17-039] hit for 2 damage
RZ1|283|1|OP17-057|3|0|1|8|1|1|0|0|0
RZ1|CHK|283|1|23|9|2|0|0|10|15|1|1|0
[Zico​#6849] Attach 1 Don to Edward Newgate ["OP16-003">OP16-003] (1 Total)
RZ1|284|2|Don|5|6|9|100|1|1|0|0|0
RZ1|CHK|284|2|35|6|3|3|0|7|3|0|1|3
[Zico​#6849] Edward Newgate ["OP16-003">OP16-003] attacking Rocks D. Xebec ["OP17-039">OP17-039]
RZ1|285|1|OP17-057|1|8|6|15|1|1|0|0|0
RZ1|CHK|285|1|23|8|2|0|0|10|16|1|1|0
[Karlmalone​#2854] Fullalead ["OP17-057">OP17-057]: Rest Fullalead ["OP17-057">OP17-057]
[Karlmalone​#2854] Fullalead ["OP17-057">OP17-057]: Trash Fullalead ["OP17-057">OP17-057]
[Karlmalone​#2854] Fullalead ["OP17-057">OP17-057]: Buff Rocks D. Xebec ["OP17-039">OP17-039] 1000 for the Combat
RZ1|286|1|OP17-040|1|7|6|16|1|1|0|0|0
RZ1|CHK|286|1|23|7|2|0|0|10|17|1|1|0
[Karlmalone​#2854] Charlotte Linlin ["OP17-049">OP17-049]: Trash Edward Newgate ["OP17-040">OP17-040]
[Karlmalone​#2854] Charlotte Linlin ["OP17-049">OP17-049]: Buff Rocks D. Xebec ["OP17-039">OP17-039] 1000 for the Combat
RZ1|287|1|OP17-056|1|2|6|17|1|1|0|0|0
RZ1|CHK|287|1|23|6|2|0|0|10|18|1|1|0
[Karlmalone​#2854] Rocks Pirates ["OP17-056">OP17-056]: Activate Counter
[Karlmalone​#2854] Rocks Pirates ["OP17-056">OP17-056]: Buff Rocks D. Xebec ["OP17-039">OP17-039] 2000 for the Combat
RZ1|288|1|OP17-056|1|1|6|18|1|1|0|0|0
RZ1|CHK|288|1|23|5|2|0|0|10|19|1|1|0
[Karlmalone​#2854] Rocks Pirates ["OP17-056">OP17-056]: Activate Counter
[Karlmalone​#2854] Rocks Pirates ["OP17-056">OP17-056]: Buff Rocks D. Xebec ["OP17-039">OP17-039] 2000 for the Combat
Edward Newgate ["OP16-003">OP16-003][11000] vs Rocks D. Xebec ["OP17-039">OP17-039][11000]
Rocks D. Xebec ["OP17-039">OP17-039] hit for 1 damage
[Karlmalone​#2854] <b>Downloaded the Combat Log!</b>
[Zico​#6849] Quits!
Opponent Has Disconnected!
[Karlmalone​#2854] <b>Downloaded the Combat Log!</b>
GameOver