Version is 1.43a.1
[You] Leader is Portgas D. Ace ["OP16-001">OP16-001]
RZ1|HDR|1.43a|2|RZ1
RZ1|PLY|1||OP16-001
RZ1|PLY|2||
[Opponent] Leader is Ace & Newgate ["ST22-001">ST22-001]
RZ1|1|2|ST22-009|0|5|0|0|0|0|0|0|0
RZ1|CHK|1|2|50|0|0|0|10|0|0|0|1|0
RZ1|2|2|OP08-047|0|28|0|1|0|0|0|0|0
RZ1|CHK|2|2|50|0|0|0|10|0|0|0|1|0
RZ1|3|2|ST22-015|0|46|0|2|0|0|0|0|0
RZ1|CHK|3|2|50|0|0|0|10|0|0|0|1|0
RZ1|4|2|OP08-053|0|42|0|3|0|0|0|0|0
RZ1|CHK|4|2|50|0|0|0|10|0|0|0|1|0
RZ1|5|2|ST22-009|0|6|0|4|0|0|0|0|0
RZ1|CHK|5|2|50|0|0|0|10|0|0|0|1|0
RZ1|6|2|OP12-058|0|47|0|5|0|0|0|0|0
RZ1|CHK|6|2|50|0|0|0|10|0|0|0|1|0
RZ1|7|2|ST22-012|0|23|0|6|0|0|0|0|0
RZ1|CHK|7|2|50|0|0|0|10|0|0|0|1|0
RZ1|8|2|ST22-002|0|8|0|7|0|0|0|0|0
RZ1|CHK|8|2|50|0|0|0|10|0|0|0|1|0
RZ1|9|2|ST22-010|0|27|0|8|0|0|0|0|0
RZ1|CHK|9|2|50|0|0|0|10|0|0|0|1|0
RZ1|10|2|ST22-015|0|47|0|9|0|0|0|0|0
RZ1|CHK|10|2|50|0|0|0|10|0|0|0|1|0
RZ1|11|2|OP08-047|0|33|0|10|0|0|0|0|0
RZ1|CHK|11|2|50|0|0|0|10|0|0|0|1|0
RZ1|12|2|ST22-006|0|38|0|11|0|0|0|0|0
RZ1|CHK|12|2|50|0|0|0|10|0|0|0|1|0
RZ1|13|2|OP08-043|0|44|0|12|0|0|0|0|0
RZ1|CHK|13|2|50|0|0|0|10|0|0|0|1|0
RZ1|14|2|ST22-003|0|41|0|13|0|0|0|0|0
RZ1|CHK|14|2|50|0|0|0|10|0|0|0|1|0
RZ1|15|2|OP08-044|0|29|0|14|0|0|0|0|0
RZ1|CHK|15|2|50|0|0|0|10|0|0|0|1|0
RZ1|16|2|ST22-011|0|18|0|15|0|0|0|0|0
RZ1|CHK|16|2|50|0|0|0|10|0|0|0|1|0
RZ1|17|2|OP09-044|0|28|0|17|0|0|0|0|0
RZ1|CHK|17|2|50|0|0|0|10|0|0|0|1|0
RZ1|18|2|ST22-010|0|33|0|18|0|0|0|0|0
RZ1|CHK|18|2|50|0|0|0|10|0|0|0|1|0
RZ1|19|2|ST22-012|0|32|0|19|0|0|0|0|0
RZ1|CHK|19|2|50|0|0|0|10|0|0|0|1|0
RZ1|20|2|OP08-047|0|37|0|20|0|0|0|0|0
RZ1|CHK|20|2|50|0|0|0|10|0|0|0|1|0
RZ1|21|2|ST22-005|0|39|0|21|0|0|0|0|0
RZ1|CHK|21|2|50|0|0|0|10|0|0|0|1|0
RZ1|22|2|OP08-047|0|38|0|22|0|0|0|0|0
RZ1|CHK|22|2|50|0|0|0|10|0|0|0|1|0
RZ1|23|2|ST22-010|0|36|0|24|0|0|0|0|0
RZ1|CHK|23|2|50|0|0|0|10|0|0|0|1|0
RZ1|24|2|OP08-043|0|42|0|25|0|0|0|0|0
RZ1|CHK|24|2|50|0|0|0|10|0|0|0|1|0
RZ1|25|2|OP08-043|0|44|0|26|0|0|0|0|0
RZ1|CHK|25|2|50|0|0|0|10|0|0|0|1|0
RZ1|26|2|ST22-010|0|39|0|27|0|0|0|0|0
RZ1|CHK|26|2|50|0|0|0|10|0|0|0|1|0
RZ1|27|2|ST22-012|0|39|0|28|0|0|0|0|0
RZ1|CHK|27|2|50|0|0|0|10|0|0|0|1|0
RZ1|28|2|ST22-011|0|31|0|29|0|0|0|0|0
RZ1|CHK|28|2|50|0|0|0|10|0|0|0|1|0
RZ1|29|2|ST22-003|0|43|0|30|0|0|0|0|0
RZ1|CHK|29|2|50|0|0|0|10|0|0|0|1|0
RZ1|30|2|OP08-050|0|36|0|31|0|0|0|0|0
RZ1|CHK|30|2|50|0|0|0|10|0|0|0|1|0
RZ1|31|2|ST22-006|0|43|0|32|0|0|0|0|0
RZ1|CHK|31|2|50|0|0|0|10|0|0|0|1|0
RZ1|32|2|OP08-053|0|45|0|33|0|0|0|0|0
RZ1|CHK|32|2|50|0|0|0|10|0|0|0|1|0
RZ1|33|2|ST22-011|0|36|0|34|0|0|0|0|0
RZ1|CHK|33|2|50|0|0|0|10|0|0|0|1|0
RZ1|34|2|ST22-013|0|43|0|35|0|0|0|0|0
RZ1|CHK|34|2|50|0|0|0|10|0|0|0|1|0
RZ1|35|2|ST22-011|0|37|0|36|0|0|0|0|0
RZ1|CHK|35|2|50|0|0|0|10|0|0|0|1|0
RZ1|36|2|OP08-044|0|43|0|37|0|0|0|0|0
RZ1|CHK|36|2|50|0|0|0|10|0|0|0|1|0
RZ1|37|2|ST22-016|0|47|0|38|0|0|0|0|0
RZ1|CHK|37|2|50|0|0|0|10|0|0|0|1|0
RZ1|38|2|OP08-050|0|42|0|39|0|0|0|0|0
RZ1|CHK|38|2|50|0|0|0|10|0|0|0|1|0
RZ1|39|2|ST22-016|0|47|0|40|0|0|0|0|0
RZ1|CHK|39|2|50|0|0|0|10|0|0|0|1|0
RZ1|40|2|OP08-050|0|43|0|41|0|0|0|0|0
RZ1|CHK|40|2|50|0|0|0|10|0|0|0|1|0
RZ1|41|2|OP09-044|0|45|0|42|0|0|0|0|0
RZ1|CHK|41|2|50|0|0|0|10|0|0|0|1|0
RZ1|42|2|ST22-005|0|46|0|43|0|0|0|0|0
RZ1|CHK|42|2|50|0|0|0|10|0|0|0|1|0
RZ1|43|2|OP08-050|0|45|0|44|0|0|0|0|0
RZ1|CHK|43|2|50|0|0|0|10|0|0|0|1|0
RZ1|44|2|OP09-044|0|46|0|45|0|0|0|0|0
RZ1|CHK|44|2|50|0|0|0|10|0|0|0|1|0
RZ1|45|2|OP08-056|0|49|0|46|0|0|0|0|0
RZ1|CHK|45|2|50|0|0|0|10|0|0|0|1|0
RZ1|46|2|OP08-056|0|49|0|47|0|0|0|0|0
RZ1|CHK|46|2|50|0|0|0|10|0|0|0|1|0
[] Drew card from deck: Izou ["EB01-002">EB01-002]
RZ1|47|1|EB01-002|0|49|1|0|1|1|0|0|0
RZ1|CHK|47|1|49|1|0|0|10|0|0|0|1|0
[] Drew card from deck: Monkey D. Garp ["OP13-016">OP13-016]
RZ1|48|1|OP13-016|0|48|1|1|1|1|0|0|0
RZ1|CHK|48|1|48|2|0|0|10|0|0|0|1|0
[] Drew card from deck: Moby Dick ["OP16-021">OP16-021]
RZ1|49|1|OP16-021|0|47|1|2|1|1|0|0|0
RZ1|CHK|49|1|47|3|0|0|10|0|0|0|1|0
[] Drew card from deck: Marco ["OP16-014">OP16-014]
RZ1|50|1|OP16-014|0|46|1|3|1|1|0|0|0
RZ1|CHK|50|1|46|4|0|0|10|0|0|0|1|0
[] Drew card from deck: Curiel ["OP16-004">OP16-004]
RZ1|51|1|OP16-004|0|45|1|4|1|1|0|0|0
RZ1|CHK|51|1|45|5|0|0|10|0|0|0|1|0
[] Drew card from deck: Edward Newgate ["OP08-043">OP08-043]
RZ1|52|2|OP08-043|0|49|1|0|1|1|0|0|0
RZ1|CHK|52|2|49|1|0|0|10|0|0|0|1|0
[] Drew card from deck: Vista ["ST22-009">ST22-009]
RZ1|53|2|ST22-009|0|48|1|1|1|1|0|0|0
RZ1|CHK|53|2|48|2|0|0|10|0|0|0|1|0
[] Drew card from deck: Moby Dick ["OP08-056">OP08-056]
RZ1|54|2|OP08-056|0|47|1|2|1|1|0|0|0
RZ1|CHK|54|2|47|3|0|0|10|0|0|0|1|0
[] Drew card from deck: Moby Dick ["OP08-056">OP08-056]
RZ1|55|2|OP08-056|0|46|1|3|1|1|0|0|0
RZ1|CHK|55|2|46|4|0|0|10|0|0|0|1|0
[] Drew card from deck: Izou ["OP09-044">OP09-044]
RZ1|56|2|OP09-044|0|45|1|4|1|1|0|0|0
RZ1|CHK|56|2|45|5|0|0|10|0|0|0|1|0
RZ1|57|1|OP16-017|0|44|3|0|1|0|0|0|0
RZ1|CHK|57|1|44|5|0|1|10|0|0|0|1|0
RZ1|58|1|OP16-118|0|43|3|1|1|0|0|0|0
RZ1|CHK|58|1|43|5|0|2|10|0|0|0|1|0
RZ1|59|1|OP13-016|0|42|3|2|1|0|0|0|0
RZ1|CHK|59|1|42|5|0|3|10|0|0|0|1|0
RZ1|60|1|OP16-118|0|41|3|3|1|0|0|0|0
RZ1|CHK|60|1|41|5|0|4|10|0|0|0|1|0
RZ1|61|1|OP16-011|0|40|3|4|1|0|0|0|0
RZ1|CHK|61|1|40|5|0|5|10|0|0|0|1|0
RZ1|62|2|OP08-050|0|44|3|0|0|1|0|0|0
RZ1|CHK|62|2|44|5|0|1|10|0|0|0|1|0
RZ1|63|2|ST22-005|0|43|3|1|0|1|0|0|0
RZ1|CHK|63|2|43|5|0|2|10|0|0|0|1|0
RZ1|64|2|OP09-044|0|42|3|2|0|1|0|0|0
RZ1|CHK|64|2|42|5|0|3|10|0|0|0|1|0
RZ1|65|2|OP08-050|0|41|3|3|0|1|0|0|0
RZ1|CHK|65|2|41|5|0|4|10|0|0|0|1|0
RZ1|66|2|ST22-016|0|40|3|4|0|1|0|0|0
RZ1|CHK|66|2|40|5|0|5|10|0|0|0|1|0
[] Hand: [EB01-002,OP13-016,OP16-021,OP16-014,OP16-004]
[] Board: []
[] Trash: []
[] Life: 5
[] Hand: [OP08-043,ST22-009,OP08-056,OP08-056,OP09-044]
[] Trash: []
[] Board: []
[] Life: 5
RZ1|67|1|Don|4|9|5|0|1|1|0|0|0
RZ1|CHK|67|1|40|5|0|5|9|1|0|0|1|0
[You] Draw 1 Don
RZ1|68|1|Don|5|0|5|0|1|1|1|0|0
RZ1|CHK|68|1|40|5|0|5|9|1|0|0|1|0
[You] Deploy Monkey D. Garp ["OP13-016">OP13-016]
RZ1|69|1|OP13-016|1|1|2|0|1|1|0|0|0
RZ1|CHK|69|1|40|4|1|5|9|1|0|0|1|0
RZ1|70|1|EB01-002|0|37|1|4|1|1|0|0|0
RZ1|CHK|70|1|39|5|1|5|9|1|0|0|1|0
[You] Monkey D. Garp ["OP13-016">OP13-016]: <b>Reveal and Draw Izou ["EB01-002">EB01-002]</b>
[You] Placing Cards on Bottom of Deck
RZ1|71|1|OP16-021|0|38|0|0|0|0|0|0|0
RZ1|CHK|71|1|39|5|1|5|9|1|0|0|1|0
RZ1|72|1|OP16-010|0|38|0|0|0|0|0|0|0
RZ1|CHK|72|1|39|5|1|5|9|1|0|0|1|0
RZ1|73|1|OP13-016|0|38|0|0|0|0|0|0|0
RZ1|CHK|73|1|39|5|1|5|9|1|0|0|1|0
[] Hand: [EB01-002,OP16-021,OP16-014,OP16-004,EB01-002]
[] Board: [OP13-016]
[] Trash: []
[] Life: 5
[] Hand: [OP08-043,ST22-009,OP08-056,OP08-056,OP09-044]
[] Trash: []
[] Board: []
[] Life: 5
[You] End Turn
[] Hand: [OP08-043,ST22-009,OP08-056,OP08-056,OP09-044]
[] Board: []
[] Trash: []
[] Life: 5
[] Hand: [EB01-002,OP16-021,OP16-014,OP16-004,EB01-002]
[] Trash: []
[] Board: [OP13-016]
[] Life: 5
[Opponent] Draw 1 Card
[] Drew card from deck: Namule ["OP08-050">OP08-050]
RZ1|74|2|OP08-050|0|39|1|5|1|1|0|0|0
RZ1|CHK|74|2|39|6|0|5|10|0|0|0|1|0
RZ1|75|2|Don|4|9|5|0|1|1|0|0|0
RZ1|CHK|75|2|39|6|0|5|9|1|0|0|1|0
RZ1|76|2|Don|4|8|5|1|1|1|0|0|0
RZ1|CHK|76|2|39|6|0|5|8|2|0|0|1|0
[Opponent] Draw 2 Don
RZ1|77|2|Don|5|0|5|0|1|1|1|0|0
RZ1|CHK|77|2|39|6|0|5|8|2|0|0|1|0
RZ1|78|2|Don|5|1|5|1|1|1|1|0|0
RZ1|CHK|78|2|39|6|0|5|8|2|0|0|1|0
[Opponent] Deploy Moby Dick ["OP08-056">OP08-056]
RZ1|79|2|OP08-056|1|2|7|0|1|1|0|0|0
RZ1|CHK|79|2|39|5|0|5|8|2|0|1|1|0
[Opponent] Ace & Newgate ["ST22-001">ST22-001] revealed: Moby Dick ["OP08-056">OP08-056]
[] Drew card from deck: Take that back...!!! ["ST22-016">ST22-016]
RZ1|80|2|ST22-016|0|38|1|5|1|1|0|0|0
RZ1|CHK|80|2|38|6|0|5|8|2|0|1|1|0
[Opponent] Ace & Newgate ["ST22-001">ST22-001]: Draw 1 Card
[Opponent] Sent a Card to Deck Top
RZ1|81|2|OP08-056|1|2|0|38|0|0|0|0|0
RZ1|CHK|81|2|39|5|0|5|8|2|0|1|1|0
[] Hand: [OP08-043,ST22-009,OP09-044,OP08-050,ST22-016]
[] Board: []
[] Trash: []
[] Life: 5
[] Hand: [EB01-002,OP16-021,OP16-014,OP16-004,EB01-002]
[] Trash: []
[] Board: [OP13-016]
[] Life: 5
[Opponent] End Turn
[] Hand: [EB01-002,OP16-021,OP16-014,OP16-004,EB01-002]
[] Board: [OP13-016]
[] Trash: []
[] Life: 5
[] Hand: [OP08-043,ST22-009,OP09-044,OP08-050,ST22-016]
[] Trash: []
[] Board: []
[] Life: 5
[You] Draw 1 Card
[] Drew card from deck: LittleOars Jr. ["OP16-017">OP16-017]
RZ1|82|1|OP16-017|0|38|1|5|1|1|0|0|0
RZ1|CHK|82|1|38|6|1|5|9|1|0|0|1|0
RZ1|83|1|Don|4|8|5|1|1|1|0|0|0
RZ1|CHK|83|1|38|6|1|5|8|2|0|0|1|0
RZ1|84|1|Don|4|7|5|2|1|1|0|0|0
RZ1|CHK|84|1|38|6|1|5|7|3|0|0|1|0
[You] Draw 2 Don
RZ1|85|1|Don|5|0|9|9900|1|1|0|0|0
RZ1|CHK|85|1|38|6|1|5|7|2|0|0|1|1
RZ1|86|1|Don|5|0|9|9901|1|1|0|0|0
RZ1|CHK|86|1|38|6|1|5|7|1|0|0|1|2
[You] Attach 2 Don to Portgas D. Ace ["OP16-001">OP16-001] (2 Total)
[You] Portgas D. Ace ["OP16-001">OP16-001] attacking Ace & Newgate ["ST22-001">ST22-001]
Portgas D. Ace ["OP16-001">OP16-001][7000] vs Ace & Newgate ["ST22-001">ST22-001][5000]
Ace & Newgate ["ST22-001">ST22-001] hit for 1 damage
RZ1|87|2|ST22-016|3|4|1|5|1|1|0|0|0
RZ1|CHK|87|2|39|6|0|4|8|2|0|1|1|0
RZ1|88|1|Don|5|0|5|0|1|1|1|0|0
RZ1|CHK|88|1|38|6|1|5|7|1|0|0|1|2
[You] Deploy Moby Dick ["OP16-021">OP16-021]
RZ1|89|1|OP16-021|1|1|7|0|1|1|0|0|0
RZ1|CHK|89|1|38|5|1|5|7|1|0|1|1|2
RZ1|90|1|OP16-004|0|36|1|5|1|1|0|0|0
RZ1|CHK|90|1|37|6|1|5|7|1|0|1|1|2
[You] Moby Dick ["OP16-021">OP16-021]: Added 1 Cards to Hand
[You] Placing Cards on Bottom of Deck
RZ1|91|1|OP16-005|0|36|0|0|0|0|0|0|0
RZ1|CHK|91|1|37|6|1|5|7|1|0|1|1|2
RZ1|92|1|OP16-011|0|36|0|0|0|0|0|0|0
RZ1|CHK|92|1|37|6|1|5|7|1|0|1|1|2
[] Hand: [EB01-002,OP16-014,OP16-004,EB01-002,OP16-017,OP16-004]
[] Board: [OP13-016]
[] Trash: []
[] Life: 5
[] Hand: [OP08-043,ST22-009,OP09-044,OP08-050,ST22-016,ST22-016]
[] Trash: []
[] Board: []
[] Life: 4
[You] End Turn
[] Hand: [OP08-043,ST22-009,OP09-044,OP08-050,ST22-016,ST22-016]
[] Board: []
[] Trash: []
[] Life: 4
[] Hand: [EB01-002,OP16-014,OP16-004,EB01-002,OP16-017,OP16-004]
[] Trash: []
[] Board: [OP13-016]
[] Life: 5
[Opponent] Draw 1 Card
[] Drew card from deck: Moby Dick ["OP08-056">OP08-056]
RZ1|93|2|OP08-056|0|38|1|6|1|1|0|0|0
RZ1|CHK|93|2|38|7|0|4|8|2|0|1|1|0
RZ1|94|2|Don|4|7|5|2|1|1|0|0|0
RZ1|CHK|94|2|38|7|0|4|7|3|0|1|1|0
RZ1|95|2|Don|4|6|5|3|1|1|0|0|0
RZ1|CHK|95|2|38|7|0|4|6|4|0|1|1|0
[Opponent] Draw 2 Don
[Opponent] Ace & Newgate ["ST22-001">ST22-001] revealed: Moby Dick ["OP08-056">OP08-056]
[] Drew card from deck: Kingdew ["OP08-044">OP08-044]
RZ1|96|2|OP08-044|0|37|1|7|1|1|0|0|0
RZ1|CHK|96|2|37|8|0|4|6|4|0|1|1|0
[Opponent] Ace & Newgate ["ST22-001">ST22-001]: Draw 1 Card
[Opponent] Sent a Card to Deck Top
RZ1|97|2|OP08-056|1|6|0|37|0|0|0|0|0
RZ1|CHK|97|2|38|7|0|4|6|4|0|1|1|0
[Opponent] Ace & Newgate ["ST22-001">ST22-001] attacking Portgas D. Ace ["OP16-001">OP16-001]
Ace & Newgate ["ST22-001">ST22-001][5000] vs Portgas D. Ace ["OP16-001">OP16-001][5000]
Portgas D. Ace ["OP16-001">OP16-001] hit for 1 damage
RZ1|98|1|OP16-011|3|4|1|6|1|1|0|0|0
RZ1|CHK|98|1|37|7|1|4|7|1|0|1|1|2
RZ1|99|2|Don|5|0|5|0|1|1|1|0|0
RZ1|CHK|99|2|38|7|0|4|6|4|0|1|1|0
RZ1|100|2|Don|5|1|5|1|1|1|1|0|0
RZ1|CHK|100|2|38|7|0|4|6|4|0|1|1|0
RZ1|101|2|Don|5|2|5|2|1|1|1|0|0
RZ1|CHK|101|2|38|7|0|4|6|4|0|1|1|0
[Opponent] Deploy Izou ["OP09-044">OP09-044]
RZ1|102|2|OP09-044|1|2|2|0|1|1|0|0|0
RZ1|CHK|102|2|38|6|1|4|6|4|0|1|1|0
RZ1|103|2|Don|5|3|5|3|1|1|1|0|0
RZ1|CHK|103|2|38|6|1|4|6|4|0|1|1|0
[Opponent] Deploy Vista ["ST22-009">ST22-009]
RZ1|104|2|ST22-009|1|1|2|1|1|1|0|0|0
RZ1|CHK|104|2|38|5|2|4|6|4|0|1|1|0
[] Hand: [OP08-043,OP08-050,ST22-016,ST22-016,OP08-044]
[] Board: [OP09-044,ST22-009]
[] Trash: []
[] Life: 4
[] Hand: [EB01-002,OP16-014,OP16-004,EB01-002,OP16-017,OP16-004,OP16-011]
[] Trash: []
[] Board: [OP13-016]
[] Life: 4
[Opponent] End Turn
[] Hand: [EB01-002,OP16-014,OP16-004,EB01-002,OP16-017,OP16-004,OP16-011]
[] Board: [OP13-016]
[] Trash: []
[] Life: 4
[] Hand: [OP08-043,OP08-050,ST22-016,ST22-016,OP08-044]
[] Trash: []
[] Board: [OP09-044,ST22-009]
[] Life: 4
RZ1|105|1|Don|9|9900|5|0|1|1|1|0|0
RZ1|CHK|105|1|37|7|1|4|7|2|0|1|1|1
RZ1|106|1|Don|9|9900|5|0|1|1|1|0|0
RZ1|CHK|106|1|37|7|1|4|7|3|0|1|1|0
[You] Draw 1 Card
[] Drew card from deck: Edward Newgate ["OP16-003">OP16-003]
RZ1|107|1|OP16-003|0|36|1|7|1|1|0|0|0
RZ1|CHK|107|1|36|8|1|4|7|3|0|1|1|0
RZ1|108|1|Don|4|6|5|3|1|1|0|0|0
RZ1|CHK|108|1|36|8|1|4|6|4|0|1|1|0
RZ1|109|1|Don|4|5|5|4|1|1|0|0|0
RZ1|CHK|109|1|36|8|1|4|5|5|0|1|1|0
[You] Draw 2 Don
RZ1|110|1|Don|5|0|5|0|1|1|1|0|0
RZ1|CHK|110|1|36|8|1|4|5|5|0|1|1|0
RZ1|111|1|Don|5|1|5|1|1|1|1|0|0
RZ1|CHK|111|1|36|8|1|4|5|5|0|1|1|0
RZ1|112|1|Don|5|2|5|2|1|1|1|0|0
RZ1|CHK|112|1|36|8|1|4|5|5|0|1|1|0
RZ1|113|1|Don|5|3|5|3|1|1|1|0|0
RZ1|CHK|113|1|36|8|1|4|5|5|0|1|1|0
RZ1|114|1|Don|5|4|5|4|1|1|1|0|0
RZ1|CHK|114|1|36|8|1|4|5|5|0|1|1|0
[You] Deploy Izou ["EB01-002">EB01-002]
RZ1|115|1|EB01-002|1|0|2|1|1|1|0|0|0
RZ1|CHK|115|1|36|7|2|4|5|5|0|1|1|0
[You] Izou ["EB01-002">EB01-002]: Attach 1 Rested Don to Portgas D. Ace ["OP16-001">OP16-001]
RZ1|116|1|Don|5|0|9|9900|1|1|1|0|0
RZ1|CHK|116|1|36|7|2|4|5|4|0|1|1|1
[You] Portgas D. Ace ["OP16-001">OP16-001] attacking Ace & Newgate ["ST22-001">ST22-001]
[Opponent] Vista ["ST22-009">ST22-009] Blocks
Portgas D. Ace ["OP16-001">OP16-001][6000] vs Vista ["ST22-009">ST22-009][1000]
[Opponent] Vista ["ST22-009">ST22-009] Destroyed
RZ1|117|2|ST22-009|2|1|6|0|1|1|0|0|0
RZ1|CHK|117|2|38|5|1|4|6|4|1|1|1|0
[] Hand: [OP16-014,OP16-004,EB01-002,OP16-017,OP16-004,OP16-011,OP16-003]
[] Board: [OP13-016,EB01-002]
[] Trash: []
[] Life: 4
[] Hand: [OP08-043,OP08-050,ST22-016,ST22-016,OP08-044]
[] Trash: [ST22-009]
[] Board: [OP09-044]
[] Life: 4
[You] End Turn
[] Hand: [OP08-043,OP08-050,ST22-016,ST22-016,OP08-044]
[] Board: [OP09-044]
[] Trash: [ST22-009]
[] Life: 4
[] Hand: [OP16-014,OP16-004,EB01-002,OP16-017,OP16-004,OP16-011,OP16-003]
[] Trash: []
[] Board: [OP13-016,EB01-002]
[] Life: 4
[Opponent] Draw 1 Card
[] Drew card from deck: Moby Dick ["OP08-056">OP08-056]
RZ1|118|2|OP08-056|0|37|1|5|1|1|0|0|0
RZ1|CHK|118|2|37|6|1|4|6|4|1|1|1|0
RZ1|119|2|Don|4|5|5|4|1|1|0|0|0
RZ1|CHK|119|2|37|6|1|4|5|5|1|1|1|0
RZ1|120|2|Don|4|4|5|5|1|1|0|0|0
RZ1|CHK|120|2|37|6|1|4|4|6|1|1|1|0
[Opponent] Draw 2 Don
RZ1|121|2|Don|5|0|9|9900|1|1|0|0|0
RZ1|CHK|121|2|37|6|1|4|4|5|1|1|1|1
[Opponent] Attach 1 Don to Ace & Newgate ["ST22-001">ST22-001] (1 Total)
[Opponent] Ace & Newgate ["ST22-001">ST22-001] attacking Portgas D. Ace ["OP16-001">OP16-001]
RZ1|122|1|OP16-014|1|0|6|0|1|1|0|0|0
RZ1|CHK|122|1|36|6|2|4|5|4|1|1|1|1
[You] Izou ["EB01-002">EB01-002]: Trash Marco ["OP16-014">OP16-014]
[You] Izou ["EB01-002">EB01-002]: Buff Ace & Newgate ["ST22-001">ST22-001] -2000
Ace & Newgate ["ST22-001">ST22-001][4000] vs Portgas D. Ace ["OP16-001">OP16-001][5000]
Attack Fails
[Opponent] Ace & Newgate ["ST22-001">ST22-001] revealed: Moby Dick ["OP08-056">OP08-056]
[] Drew card from deck: Whitey Bay ["ST22-011">ST22-011]
RZ1|123|2|ST22-011|0|36|1|6|1|1|0|0|0
RZ1|CHK|123|2|36|7|1|4|4|5|1|1|1|1
[Opponent] Ace & Newgate ["ST22-001">ST22-001]: Draw 1 Card
[Opponent] Sent a Card to Deck Top
RZ1|124|2|OP08-056|1|5|0|36|0|0|0|0|0
RZ1|CHK|124|2|37|6|1|4|4|5|1|1|1|1
RZ1|125|2|Don|5|0|9|0|1|1|0|0|0
RZ1|CHK|125|2|37|6|1|4|4|4|1|1|1|2
[Opponent] Attach 1 Don to Izou ["OP09-044">OP09-044] (1 Total)
[Opponent] Izou ["OP09-044">OP09-044] attacking Portgas D. Ace ["OP16-001">OP16-001]
RZ1|126|2|OP08-053|0|33|1|6|1|1|0|0|0
RZ1|CHK|126|2|36|7|1|4|4|4|1|1|1|2
[Opponent] Izou ["OP09-044">OP09-044]: <b>Reveal and Draw Thank You... For Loving Me!!! ["OP08-053">OP08-053]</b>
[Opponent] Placing Cards on Bottom of Deck
RZ1|127|2|OP08-056|0|35|0|0|0|0|0|0|0
RZ1|CHK|127|2|36|7|1|4|4|4|1|1|1|2
RZ1|128|2|ST22-013|0|35|0|0|0|0|0|0|0
RZ1|CHK|128|2|36|7|1|4|4|4|1|1|1|2
RZ1|129|2|ST22-011|0|35|0|0|0|0|0|0|0
RZ1|CHK|129|2|36|7|1|4|4|4|1|1|1|2
RZ1|130|2|ST22-006|0|35|0|0|0|0|0|0|0
RZ1|CHK|130|2|36|7|1|4|4|4|1|1|1|2
RZ1|131|2|ST22-011|1|5|6|1|1|1|0|0|0
RZ1|CHK|131|2|36|6|1|4|4|4|2|1|1|2
[Opponent] Izou ["OP09-044">OP09-044]: Trash Whitey Bay ["ST22-011">ST22-011]
[You] Discard Curiel ["OP16-004">OP16-004] for Counter 2000
RZ1|132|1|OP16-004|1|0|6|1|1|1|0|0|0
RZ1|CHK|132|1|36|5|2|4|5|4|2|1|1|1
Izou ["OP09-044">OP09-044][5000] vs Portgas D. Ace ["OP16-001">OP16-001][7000]
Attack Fails
RZ1|133|2|Don|5|0|5|0|1|1|1|0|0
RZ1|CHK|133|2|36|6|1|4|4|4|2|1|1|2
RZ1|134|2|Don|5|1|5|1|1|1|1|0|0
RZ1|CHK|134|2|36|6|1|4|4|4|2|1|1|2
RZ1|135|2|Don|5|2|5|2|1|1|1|0|0
RZ1|CHK|135|2|36|6|1|4|4|4|2|1|1|2
[Opponent] Deploy Namule ["OP08-050">OP08-050]
RZ1|136|2|OP08-050|1|1|2|1|1|1|0|0|0
RZ1|CHK|136|2|36|5|2|4|4|4|2|1|1|2
[] Drew card from deck: Namule ["OP08-050">OP08-050]
RZ1|137|2|OP08-050|0|35|1|5|1|1|0|0|0
RZ1|CHK|137|2|35|6|2|4|4|4|2|1|1|2
[] Drew card from deck: Edward Newgate ["ST22-003">ST22-003]
RZ1|138|2|ST22-003|0|34|1|6|1|1|0|0|0
RZ1|CHK|138|2|34|7|2|4|4|4|2|1|1|2
[Opponent] Namule ["OP08-050">OP08-050]: Draw 2 Card
[Opponent] Sent a Card to Deck Bottom
RZ1|139|2|OP08-044|1|3|0|0|0|0|0|0|0
RZ1|CHK|139|2|35|6|2|4|4|4|2|1|1|2
[Opponent] Sent a Card to Deck Bottom
RZ1|140|2|OP08-050|1|4|0|0|0|0|0|0|0
RZ1|CHK|140|2|36|5|2|4|4|4|2|1|1|2
[Opponent] Thank You... For Loving Me!!! ["OP08-053">OP08-053]: Rest 1 Don
RZ1|141|2|Don|5|3|5|3|1|1|1|0|0
RZ1|CHK|141|2|36|5|2|4|4|4|2|1|1|2
RZ1|142|2|OP08-053|1|3|6|2|1|1|0|0|0
RZ1|CHK|142|2|36|4|2|4|4|4|3|1|1|2
RZ1|143|2|ST22-011|0|35|1|4|1|1|0|0|0
RZ1|CHK|143|2|35|5|2|4|4|4|3|1|1|2
[Opponent] Thank You... For Loving Me!!! ["OP08-053">OP08-053]: <b>Reveal and Draw Whitey Bay ["ST22-011">ST22-011]</b>
[Opponent] Placing Cards on Bottom of Deck
RZ1|144|2|ST22-012|0|34|0|0|0|0|0|0|0
RZ1|CHK|144|2|35|5|2|4|4|4|3|1|1|2
RZ1|145|2|ST22-010|0|34|0|0|0|0|0|0|0
RZ1|CHK|145|2|35|5|2|4|4|4|3|1|1|2
[] Hand: [OP08-043,ST22-016,ST22-016,ST22-003,ST22-011]
[] Board: [OP09-044,OP08-050]
[] Trash: [ST22-009,ST22-011,OP08-053]
[] Life: 4
[] Hand: [EB01-002,OP16-017,OP16-004,OP16-011,OP16-003]
[] Trash: [OP16-014,OP16-004]
[] Board: [OP13-016,EB01-002]
[] Life: 4
[Opponent] End Turn
[] Hand: [EB01-002,OP16-017,OP16-004,OP16-011,OP16-003]
[] Board: [OP13-016,EB01-002]
[] Trash: [OP16-014,OP16-004]
[] Life: 4
[] Hand: [OP08-043,ST22-016,ST22-016,ST22-003,ST22-011]
[] Trash: [ST22-009,ST22-011,OP08-053]
[] Board: [OP09-044,OP08-050]
[] Life: 4
RZ1|146|1|Don|9|9900|5|0|1|1|1|0|0
RZ1|CHK|146|1|36|5|2|4|5|5|2|1|1|0
[You] Draw 1 Card
[] Drew card from deck: Marco ["OP16-014">OP16-014]
RZ1|147|1|OP16-014|0|35|1|5|1|1|0|0|0
RZ1|CHK|147|1|35|6|2|4|5|5|2|1|1|0
RZ1|148|1|Don|4|4|5|5|1|1|0|0|0
RZ1|CHK|148|1|35|6|2|4|4|6|2|1|1|0
RZ1|149|1|Don|4|3|5|6|1|1|0|0|0
RZ1|CHK|149|1|35|6|2|4|3|7|2|1|1|0
[You] Draw 2 Don
RZ1|150|1|Don|5|0|5|0|1|1|1|0|0
RZ1|CHK|150|1|35|6|2|4|3|7|2|1|1|0
RZ1|151|1|Don|5|1|5|1|1|1|1|0|0
RZ1|CHK|151|1|35|6|2|4|3|7|2|1|1|0
RZ1|152|1|Don|5|2|5|2|1|1|1|0|0
RZ1|CHK|152|1|35|6|2|4|3|7|2|1|1|0
RZ1|153|1|Don|5|3|5|3|1|1|1|0|0
RZ1|CHK|153|1|35|6|2|4|3|7|2|1|1|0
RZ1|154|1|Don|5|4|5|4|1|1|1|0|0
RZ1|CHK|154|1|35|6|2|4|3|7|2|1|1|0
RZ1|155|1|Don|5|5|5|5|1|1|1|0|0
RZ1|CHK|155|1|35|6|2|4|3|7|2|1|1|0
[You] Deploy Vista ["OP16-011">OP16-011]
RZ1|156|1|OP16-011|1|3|2|2|1|1|0|0|0
RZ1|CHK|156|1|35|5|3|4|3|7|2|1|1|0
[You] Vista ["OP16-011">OP16-011] revealed: Marco ["OP16-014">OP16-014]
[You] Forcing opponent to resolve Card Action!
[Opponent] Forcing opponent to resolve Card Action!
[] Drew card from deck: Namule ["OP16-010">OP16-010]
RZ1|157|1|OP16-010|0|34|1|5|1|1|0|0|0
RZ1|CHK|157|1|34|6|3|4|3|7|2|1|1|0
[You] Vista ["OP16-011">OP16-011]: Draw 1 Card
[You] Portgas D. Ace ["OP16-001">OP16-001] attacking Ace & Newgate ["ST22-001">ST22-001]
[Opponent] Namule ["OP08-050">OP08-050] Blocks
Portgas D. Ace ["OP16-001">OP16-001][5000] vs Namule ["OP08-050">OP08-050][2000]
[Opponent] Namule ["OP08-050">OP08-050] Destroyed
RZ1|158|2|OP08-050|2|1|6|3|1|1|0|0|0
RZ1|CHK|158|2|35|5|1|4|4|4|4|1|1|2
[You] Izou ["EB01-002">EB01-002] attacking Ace & Newgate ["ST22-001">ST22-001]
Izou ["EB01-002">EB01-002][7000] vs Ace & Newgate ["ST22-001">ST22-001][5000]
Ace & Newgate ["ST22-001">ST22-001] hit for 1 damage
RZ1|159|2|OP08-050|3|3|1|5|1|1|0|0|0
RZ1|CHK|159|2|35|6|1|3|4|4|4|1|1|2
[You] Portgas D. Ace ["OP16-001">OP16-001]: Give Vista ["OP16-011">OP16-011] Rush
[You] Vista ["OP16-011">OP16-011] attacking Ace & Newgate ["ST22-001">ST22-001]
Vista ["OP16-011">OP16-011][8000] vs Ace & Newgate ["ST22-001">ST22-001][5000]
Ace & Newgate ["ST22-001">ST22-001] hit for 1 damage
RZ1|160|2|OP09-044|3|2|1|6|1|1|0|0|0
RZ1|CHK|160|2|35|7|1|2|4|4|4|1|1|2
RZ1|161|1|Don|5|6|5|6|1|1|1|0|0
RZ1|CHK|161|1|34|6|3|4|3|7|2|1|1|0
[You] Deploy Namule ["OP16-010">OP16-010]
RZ1|162|1|OP16-010|1|5|2|3|1|1|0|0|0
RZ1|CHK|162|1|34|5|4|4|3|7|2|1|1|0
[] Hand: [EB01-002,OP16-017,OP16-004,OP16-003,OP16-014]
[] Board: [OP13-016,EB01-002,OP16-011,OP16-010]
[] Trash: [OP16-014,OP16-004]
[] Life: 4
[] Hand: [OP08-043,ST22-016,ST22-016,ST22-003,ST22-011,OP08-050,OP09-044]
[] Trash: [ST22-009,ST22-011,OP08-053,OP08-050]
[] Board: [OP09-044]
[] Life: 2
[You] End Turn
[] Hand: [OP08-043,ST22-016,ST22-016,ST22-003,ST22-011,OP08-050,OP09-044]
[] Board: [OP09-044]
[] Trash: [ST22-009,ST22-011,OP08-053,OP08-050]
[] Life: 2
[] Hand: [EB01-002,OP16-017,OP16-004,OP16-003,OP16-014]
[] Trash: [OP16-014,OP16-004]
[] Board: [OP13-016,EB01-002,OP16-011,OP16-010]
[] Life: 4
RZ1|163|2|Don|9|9900|5|0|1|1|1|0|0
RZ1|CHK|163|2|35|7|1|2|4|5|4|1|1|1
RZ1|164|2|Don|9|0|5|0|1|1|1|0|0
RZ1|CHK|164|2|35|7|1|2|4|6|4|1|1|0
[Opponent] Draw 1 Card
[] Drew card from deck: Edward Newgate ["OP08-043">OP08-043]
RZ1|165|2|OP08-043|0|34|1|7|1|1|0|0|0
RZ1|CHK|165|2|34|8|1|2|4|6|4|1|1|0
RZ1|166|2|Don|4|3|5|6|1|1|0|0|0
RZ1|CHK|166|2|34|8|1|2|3|7|4|1|1|0
RZ1|167|2|Don|4|2|5|7|1|1|0|0|0
RZ1|CHK|167|2|34|8|1|2|2|8|4|1|1|0
[Opponent] Draw 2 Don
[Opponent] Ace & Newgate ["ST22-001">ST22-001] revealed: Whitey Bay ["ST22-011">ST22-011]
[] Drew card from deck: Edward Newgate ["OP08-043">OP08-043]
RZ1|168|2|OP08-043|0|33|1|8|1|1|0|0|0
RZ1|CHK|168|2|33|9|1|2|2|8|4|1|1|0
[Opponent] Ace & Newgate ["ST22-001">ST22-001]: Draw 1 Card
[Opponent] Sent a Card to Deck Top
RZ1|169|2|ST22-011|1|4|0|33|0|0|0|0|0
RZ1|CHK|169|2|34|8|1|2|2|8|4|1|1|0
RZ1|170|2|Don|5|0|9|9900|1|1|0|0|0
RZ1|CHK|170|2|34|8|1|2|2|7|4|1|1|1
RZ1|171|2|Don|5|0|9|9901|1|1|0|0|0
RZ1|CHK|171|2|34|8|1|2|2|6|4|1|1|2
[Opponent] Attach 2 Don to Ace & Newgate ["ST22-001">ST22-001] (2 Total)
RZ1|172|2|Don|5|0|9|9902|1|1|0|0|0
RZ1|CHK|172|2|34|8|1|2|2|5|4|1|1|3
RZ1|173|2|Don|5|0|9|9903|1|1|0|0|0
RZ1|CHK|173|2|34|8|1|2|2|4|4|1|1|4
[Opponent] Attach 2 Don to Ace & Newgate ["ST22-001">ST22-001] (4 Total)
[Opponent] Ace & Newgate ["ST22-001">ST22-001] attacking Portgas D. Ace ["OP16-001">OP16-001]
RZ1|174|1|OP16-014|1|4|6|2|1|1|0|0|0
RZ1|CHK|174|1|34|4|4|4|3|7|3|1|1|0
[You] Izou ["EB01-002">EB01-002]: Trash Marco ["OP16-014">OP16-014]
[You] Izou ["EB01-002">EB01-002]: Buff Ace & Newgate ["ST22-001">ST22-001] -2000
[You] Discard Curiel ["OP16-004">OP16-004] for Counter 2000
RZ1|175|1|OP16-004|1|2|6|3|1|1|0|0|0
RZ1|CHK|175|1|34|3|4|4|3|7|4|1|1|0
[You] Discard LittleOars Jr. ["OP16-017">OP16-017] for Counter 1000
RZ1|176|1|OP16-017|1|1|6|4|1|1|0|0|0
RZ1|CHK|176|1|34|2|4|4|3|7|5|1|1|0
Ace & Newgate ["ST22-001">ST22-001][7000] vs Portgas D. Ace ["OP16-001">OP16-001][8000]
Attack Fails
RZ1|177|2|Don|5|0|9|0|1|1|0|0|0
RZ1|CHK|177|2|34|8|1|2|2|3|4|1|1|5
[Opponent] Attach 1 Don to Izou ["OP09-044">OP09-044] (1 Total)
[Opponent] Izou ["OP09-044">OP09-044] attacking Portgas D. Ace ["OP16-001">OP16-001]
RZ1|178|2|OP08-047|0|30|1|8|1|1|0|0|0
RZ1|CHK|178|2|33|9|1|2|2|3|4|1|1|5
[Opponent] Izou ["OP09-044">OP09-044]: <b>Reveal and Draw Jozu ["OP08-047">OP08-047]</b>
[Opponent] Placing Cards on Bottom of Deck
RZ1|179|2|ST22-011|0|32|0|0|0|0|0|0|0
RZ1|CHK|179|2|33|9|1|2|2|3|4|1|1|5
RZ1|180|2|ST22-010|0|32|0|0|0|0|0|0|0
RZ1|CHK|180|2|33|9|1|2|2|3|4|1|1|5
RZ1|181|2|ST22-009|0|32|0|0|0|0|0|0|0
RZ1|CHK|181|2|33|9|1|2|2|3|4|1|1|5
RZ1|182|2|ST22-005|0|32|0|0|0|0|0|0|0
RZ1|CHK|182|2|33|9|1|2|2|3|4|1|1|5
RZ1|183|2|OP09-044|1|5|6|4|1|1|0|0|0
RZ1|CHK|183|2|33|8|1|2|2|3|5|1|1|5
[Opponent] Izou ["OP09-044">OP09-044]: Trash Izou ["OP09-044">OP09-044]
Izou ["OP09-044">OP09-044][5000] vs Portgas D. Ace ["OP16-001">OP16-001][5000]
Portgas D. Ace ["OP16-001">OP16-001] hit for 1 damage
RZ1|184|1|OP16-118|3|3|1|2|1|1|0|0|0
RZ1|CHK|184|1|34|3|4|3|3|7|5|1|1|0
RZ1|185|2|Don|5|0|5|0|1|1|1|0|0
RZ1|CHK|185|2|33|8|1|2|2|3|5|1|1|5
RZ1|186|2|Don|5|1|5|1|1|1|1|0|0
RZ1|CHK|186|2|33|8|1|2|2|3|5|1|1|5
RZ1|187|2|Don|5|2|5|2|1|1|1|0|0
RZ1|CHK|187|2|33|8|1|2|2|3|5|1|1|5
[Opponent] Deploy Namule ["OP08-050">OP08-050]
RZ1|188|2|OP08-050|1|4|2|1|1|1|0|0|0
RZ1|CHK|188|2|33|7|2|2|2|3|5|1|1|5
[] Drew card from deck: Jozu ["OP08-047">OP08-047]
RZ1|189|2|OP08-047|0|32|1|7|1|1|0|0|0
RZ1|CHK|189|2|32|8|2|2|2|3|5|1|1|5
[] Drew card from deck: Marco ["ST22-012">ST22-012]
RZ1|190|2|ST22-012|0|31|1|8|1|1|0|0|0
RZ1|CHK|190|2|31|9|2|2|2|3|5|1|1|5
[Opponent] Namule ["OP08-050">OP08-050]: Draw 2 Card
[Opponent] Sent a Card to Deck Bottom
RZ1|191|2|ST22-012|1|8|0|0|0|0|0|0|0
RZ1|CHK|191|2|32|8|2|2|2|3|5|1|1|5
[Opponent] Sent a Card to Deck Bottom
RZ1|192|2|ST22-016|1|1|0|0|0|0|0|0|0
RZ1|CHK|192|2|33|7|2|2|2|3|5|1|1|5
[] Hand: [OP08-043,ST22-016,ST22-003,OP08-043,OP08-043,OP08-047,OP08-047]
[] Board: [OP09-044,OP08-050]
[] Trash: [ST22-009,ST22-011,OP08-053,OP08-050,OP09-044]
[] Life: 2
[] Hand: [EB01-002,OP16-003,OP16-118]
[] Trash: [OP16-014,OP16-004,OP16-014,OP16-004,OP16-017]
[] Board: [OP13-016,EB01-002,OP16-011,OP16-010]
[] Life: 3
[Opponent] End Turn
[] Hand: [EB01-002,OP16-003,OP16-118]
[] Board: [OP13-016,EB01-002,OP16-011,OP16-010]
[] Trash: [OP16-014,OP16-004,OP16-014,OP16-004,OP16-017]
[] Life: 3
[] Hand: [OP08-043,ST22-016,ST22-003,OP08-043,OP08-043,OP08-047,OP08-047]
[] Trash: [ST22-009,ST22-011,OP08-053,OP08-050,OP09-044]
[] Board: [OP09-044,OP08-050]
[] Life: 2
[You] Draw 1 Card
[] Drew card from deck: Thatch ["OP16-005">OP16-005]
RZ1|193|1|OP16-005|0|33|1|3|1|1|0|0|0
RZ1|CHK|193|1|33|4|4|3|3|7|5|1|1|0
RZ1|194|1|Don|4|2|5|7|1|1|0|0|0
RZ1|CHK|194|1|33|4|4|3|2|8|5|1|1|0
RZ1|195|1|Don|4|1|5|8|1|1|0|0|0
RZ1|CHK|195|1|33|4|4|3|1|9|5|1|1|0
[You] Draw 2 Don
RZ1|196|1|Don|5|0|5|0|1|1|1|0|0
RZ1|CHK|196|1|33|4|4|3|1|9|5|1|1|0
RZ1|197|1|Don|5|1|5|1|1|1|1|0|0
RZ1|CHK|197|1|33|4|4|3|1|9|5|1|1|0
RZ1|198|1|Don|5|2|5|2|1|1|1|0|0
RZ1|CHK|198|1|33|4|4|3|1|9|5|1|1|0
RZ1|199|1|Don|5|3|5|3|1|1|1|0|0
RZ1|CHK|199|1|33|4|4|3|1|9|5|1|1|0
RZ1|200|1|Don|5|4|5|4|1|1|1|0|0
RZ1|CHK|200|1|33|4|4|3|1|9|5|1|1|0
RZ1|201|1|Don|5|5|5|5|1|1|1|0|0
RZ1|CHK|201|1|33|4|4|3|1|9|5|1|1|0
RZ1|202|1|Don|5|6|5|6|1|1|1|0|0
RZ1|CHK|202|1|33|4|4|3|1|9|5|1|1|0
RZ1|203|1|Don|5|7|5|7|1|1|1|0|0
RZ1|CHK|203|1|33|4|4|3|1|9|5|1|1|0
[You] Deploy Edward Newgate ["OP16-003">OP16-003]
RZ1|204|1|OP16-003|1|1|2|4|1|1|0|0|0
RZ1|CHK|204|1|33|3|5|3|1|9|5|1|1|0
RZ1|205|1|Don|5|8|9|200|1|1|0|0|0
RZ1|CHK|205|1|33|3|5|3|1|8|5|1|1|1
[You] Attach 1 Don to Vista ["OP16-011">OP16-011] (1 Total)
[You] Vista ["OP16-011">OP16-011] attacking Ace & Newgate ["ST22-001">ST22-001]
Vista ["OP16-011">OP16-011][9000] vs Ace & Newgate ["ST22-001">ST22-001][5000]
Ace & Newgate ["ST22-001">ST22-001] hit for 1 damage
RZ1|206|2|ST22-005|3|1|1|7|1|1|0|0|0
RZ1|CHK|206|2|33|8|2|1|2|3|5|1|1|5
[You] Izou ["EB01-002">EB01-002] attacking Ace & Newgate ["ST22-001">ST22-001]
Izou ["EB01-002">EB01-002][7000] vs Ace & Newgate ["ST22-001">ST22-001][5000]
Ace & Newgate ["ST22-001">ST22-001] hit for 1 damage
RZ1|207|2|OP08-050|3|0|1|8|1|1|0|0|0
RZ1|CHK|207|2|33|9|2|0|2|3|5|1|1|5
[You] Portgas D. Ace ["OP16-001">OP16-001]: Give Edward Newgate ["OP16-003">OP16-003] Rush
[You] Edward Newgate ["OP16-003">OP16-003] attacking Ace & Newgate ["ST22-001">ST22-001]
[Opponent] Namule ["OP08-050">OP08-050] Blocks
Edward Newgate ["OP16-003">OP16-003][10000] vs Namule ["OP08-050">OP08-050][2000]
[Opponent] Namule ["OP08-050">OP08-050] Destroyed
RZ1|208|2|OP08-050|2|1|6|5|1|1|0|0|0
RZ1|CHK|208|2|33|9|1|0|2|3|6|1|1|5
[You] Portgas D. Ace ["OP16-001">OP16-001] attacking Izou ["OP09-044">OP09-044]
Portgas D. Ace ["OP16-001">OP16-001][7000] vs Izou ["OP09-044">OP09-044][4000]
[Opponent] Izou ["OP09-044">OP09-044] Destroyed
RZ1|209|2|Don|9|0|5|0|1|1|1|0|0
RZ1|CHK|209|2|33|9|1|0|2|4|6|1|1|4
RZ1|210|2|OP09-044|2|0|6|6|1|1|0|0|0
RZ1|CHK|210|2|33|9|0|0|2|4|7|1|1|4
[] Hand: [EB01-002,OP16-118,OP16-005]
[] Board: [OP13-016,EB01-002,OP16-011,OP16-010,OP16-003]
[] Trash: [OP16-014,OP16-004,OP16-014,OP16-004,OP16-017]
[] Life: 3
[] Hand: [OP08-043,ST22-016,ST22-003,OP08-043,OP08-043,OP08-047,OP08-047,ST22-005,OP08-050]
[] Trash: [ST22-009,ST22-011,OP08-053,OP08-050,OP09-044,OP08-050,OP09-044]
[] Board: []
[] Life: 0
[You] End Turn
[] Hand: [OP08-043,ST22-016,ST22-003,OP08-043,OP08-043,OP08-047,OP08-047,ST22-005,OP08-050]
[] Board: []
[] Trash: [ST22-009,ST22-011,OP08-053,OP08-050,OP09-044,OP08-050,OP09-044]
[] Life: 0
[] Hand: [EB01-002,OP16-118,OP16-005]
[] Trash: [OP16-014,OP16-004,OP16-014,OP16-004,OP16-017]
[] Board: [OP13-016,EB01-002,OP16-011,OP16-010,OP16-003]
[] Life: 3
RZ1|211|2|Don|9|9900|5|0|1|1|1|0|0
RZ1|CHK|211|2|33|9|0|0|2|5|7|1|1|3
RZ1|212|2|Don|9|9900|5|0|1|1|1|0|0
RZ1|CHK|212|2|33|9|0|0|2|6|7|1|1|2
RZ1|213|2|Don|9|9900|5|0|1|1|1|0|0
RZ1|CHK|213|2|33|9|0|0|2|7|7|1|1|1
RZ1|214|2|Don|9|9900|5|0|1|1|1|0|0
RZ1|CHK|214|2|33|9|0|0|2|8|7|1|1|0
[Opponent] Draw 1 Card
[] Drew card from deck: Portgas D. Ace ["ST22-010">ST22-010]
RZ1|215|2|ST22-010|0|32|1|9|1|1|0|0|0
RZ1|CHK|215|2|32|10|0|0|2|8|7|1|1|0
RZ1|216|2|Don|4|1|5|8|1|1|0|0|0
RZ1|CHK|216|2|32|10|0|0|1|9|7|1|1|0
RZ1|217|2|Don|4|0|5|9|1|1|0|0|0
RZ1|CHK|217|2|32|10|0|0|0|10|7|1|1|0
[Opponent] Draw 2 Don
RZ1|218|2|Don|5|0|5|0|1|1|1|0|0
RZ1|CHK|218|2|32|10|0|0|0|10|7|1|1|0
RZ1|219|2|Don|5|1|5|1|1|1|1|0|0
RZ1|CHK|219|2|32|10|0|0|0|10|7|1|1|0
RZ1|220|2|Don|5|2|5|2|1|1|1|0|0
RZ1|CHK|220|2|32|10|0|0|0|10|7|1|1|0
RZ1|221|2|Don|5|3|5|3|1|1|1|0|0
RZ1|CHK|221|2|32|10|0|0|0|10|7|1|1|0
RZ1|222|2|Don|5|4|5|4|1|1|1|0|0
RZ1|CHK|222|2|32|10|0|0|0|10|7|1|1|0
RZ1|223|2|Don|5|5|5|5|1|1|1|0|0
RZ1|CHK|223|2|32|10|0|0|0|10|7|1|1|0
[Opponent] Deploy Jozu ["OP08-047">OP08-047]
RZ1|224|2|OP08-047|1|5|2|0|1|1|0|0|0
RZ1|CHK|224|2|32|9|1|0|0|10|7|1|1|0
[Opponent] Ace & Newgate ["ST22-001">ST22-001] revealed: Kouzuki Oden ["ST22-005">ST22-005]
[] Drew card from deck: Izou ["OP09-044">OP09-044]
RZ1|225|2|OP09-044|0|31|1|9|1|1|0|0|0
RZ1|CHK|225|2|31|10|1|0|0|10|7|1|1|0
[Opponent] Ace & Newgate ["ST22-001">ST22-001]: Draw 1 Card
[Opponent] Sent a Card to Deck Top
RZ1|226|2|ST22-005|1|6|0|31|0|0|0|0|0
RZ1|CHK|226|2|32|9|1|0|0|10|7|1|1|0
RZ1|227|2|Don|5|6|5|6|1|1|1|0|0
RZ1|CHK|227|2|32|9|1|0|0|10|7|1|1|0
RZ1|228|2|Don|5|7|5|7|1|1|1|0|0
RZ1|CHK|228|2|32|9|1|0|0|10|7|1|1|0
RZ1|229|2|Don|5|8|5|8|1|1|1|0|0
RZ1|CHK|229|2|32|9|1|0|0|10|7|1|1|0
[Opponent] Deploy Izou ["OP09-044">OP09-044]
RZ1|230|2|OP09-044|1|8|2|1|1|1|0|0|0
RZ1|CHK|230|2|32|8|2|0|0|10|7|1|1|0
[Opponent] Ace & Newgate ["ST22-001">ST22-001] attacking Portgas D. Ace ["OP16-001">OP16-001]
RZ1|231|1|OP16-118|1|1|6|5|1|1|0|0|0
RZ1|CHK|231|1|33|2|5|3|1|8|6|1|1|1
[You] Izou ["EB01-002">EB01-002]: Trash Portgas D. Ace ["OP16-118">OP16-118]
[You] Izou ["EB01-002">EB01-002]: Buff Ace & Newgate ["ST22-001">ST22-001] -2000
Ace & Newgate ["ST22-001">ST22-001][3000] vs Portgas D. Ace ["OP16-001">OP16-001][5000]
Attack Fails
[] Hand: [OP08-043,ST22-016,ST22-003,OP08-043,OP08-043,OP08-047,OP08-050,ST22-010]
[] Board: [OP08-047,OP09-044]
[] Trash: [ST22-009,ST22-011,OP08-053,OP08-050,OP09-044,OP08-050,OP09-044]
[] Life: 0
[] Hand: [EB01-002,OP16-005]
[] Trash: [OP16-014,OP16-004,OP16-014,OP16-004,OP16-017,OP16-118]
[] Board: [OP13-016,EB01-002,OP16-011,OP16-010,OP16-003]
[] Life: 3
[Opponent] End Turn
[] Hand: [EB01-002,OP16-005]
[] Board: [OP13-016,EB01-002,OP16-011,OP16-010,OP16-003]
[] Trash: [OP16-014,OP16-004,OP16-014,OP16-004,OP16-017,OP16-118]
[] Life: 3
[] Hand: [OP08-043,ST22-016,ST22-003,OP08-043,OP08-043,OP08-047,OP08-050,ST22-010]
[] Trash: [ST22-009,ST22-011,OP08-053,OP08-050,OP09-044,OP08-050,OP09-044]
[] Board: [OP08-047,OP09-044]
[] Life: 0
RZ1|232|1|Don|9|200|5|0|1|1|1|0|0
RZ1|CHK|232|1|33|2|5|3|1|9|6|1|1|0
[You] Draw 1 Card
[] Drew card from deck: Sanji ["OP10-005">OP10-005]
RZ1|233|1|OP10-005|0|32|1|2|1|1|0|0|0
RZ1|CHK|233|1|32|3|5|3|1|9|6|1|1|0
RZ1|234|1|Don|4|0|5|9|1|1|0|0|0
RZ1|CHK|234|1|32|3|5|3|0|10|6|1|1|0
[You] Draw 2 Don
RZ1|235|1|Don|5|0|9|9900|1|1|0|0|0
RZ1|CHK|235|1|32|3|5|3|0|9|6|1|1|1
[You] Attach 1 Don to Portgas D. Ace ["OP16-001">OP16-001] (1 Total)
[You] Portgas D. Ace ["OP16-001">OP16-001] attacking Ace & Newgate ["ST22-001">ST22-001]
[Opponent] Discard Portgas D. Ace ["ST22-010">ST22-010] for Counter 2000
RZ1|236|2|ST22-010|1|7|6|7|1|1|0|0|0
RZ1|CHK|236|2|32|7|2|0|0|10|8|1|1|0
[Opponent] Discard Jozu ["OP08-047">OP08-047] for Counter 1000
RZ1|237|2|OP08-047|1|5|6|8|1|1|0|0|0
RZ1|CHK|237|2|32|6|2|0|0|10|9|1|1|0
[Opponent] Discard Namule ["OP08-050">OP08-050] for Counter 1000
RZ1|238|2|OP08-050|1|5|6|9|1|1|0|0|0
RZ1|CHK|238|2|32|5|2|0|0|10|10|1|1|0
Portgas D. Ace ["OP16-001">OP16-001][8000] vs Ace & Newgate ["ST22-001">ST22-001][9000]
Attack Fails
RZ1|239|1|Don|5|0|9|0|1|1|0|0|0
RZ1|CHK|239|1|32|3|5|3|0|8|6|1|1|2
RZ1|240|1|Don|5|0|9|1|1|1|0|0|0
RZ1|CHK|240|1|32|3|5|3|0|7|6|1|1|3
RZ1|241|1|Don|5|0|9|2|1|1|0|0|0
RZ1|CHK|241|1|32|3|5|3|0|6|6|1|1|4
[You] Attach 3 Don to Monkey D. Garp ["OP13-016">OP13-016] (3 Total)
[You] Monkey D. Garp ["OP13-016">OP13-016] attacking Ace & Newgate ["ST22-001">ST22-001]
Monkey D. Garp ["OP13-016">OP13-016][5000] vs Ace & Newgate ["ST22-001">ST22-001][5000]
Ace & Newgate ["ST22-001">ST22-001] hit for 1 damage
[Opponent] <b>Downloaded the Combat Log!</b>
GameOver