Version is 1.43a.3
[You] Leader is Rocks D. Xebec ["OP17-039">OP17-039]
RZ1|HDR|1.43a|2|RZ1
RZ1|PLY|1||OP17-039
RZ1|PLY|2||
[Opponent] Leader is Portgas D. Ace ["OP16-001">OP16-001]
RZ1|1|2|OP16-014|0|19|0|0|0|0|0|0|0
RZ1|CHK|1|2|50|0|0|0|10|0|0|0|1|0
RZ1|2|2|OP16-021|0|46|0|1|0|0|0|0|0
RZ1|CHK|2|2|50|0|0|0|10|0|0|0|1|0
RZ1|3|2|OP17-017|0|43|0|2|0|0|0|0|0
RZ1|CHK|3|2|50|0|0|0|10|0|0|0|1|0
RZ1|4|2|OP16-021|0|47|0|3|0|0|0|0|0
RZ1|CHK|4|2|50|0|0|0|10|0|0|0|1|0
RZ1|5|2|OP17-017|0|45|0|4|0|0|0|0|0
RZ1|CHK|5|2|50|0|0|0|10|0|0|0|1|0
RZ1|6|2|OP13-016|0|7|0|5|0|0|0|0|0
RZ1|CHK|6|2|50|0|0|0|10|0|0|0|1|0
RZ1|7|2|ST30-016|0|46|0|6|0|0|0|0|0
RZ1|CHK|7|2|50|0|0|0|10|0|0|0|1|0
RZ1|8|2|OP16-003|0|41|0|7|0|0|0|0|0
RZ1|CHK|8|2|50|0|0|0|10|0|0|0|1|0
RZ1|9|2|OP16-021|0|48|0|8|0|0|0|0|0
RZ1|CHK|9|2|50|0|0|0|10|0|0|0|1|0
RZ1|10|2|OP17-005|0|45|0|9|0|0|0|0|0
RZ1|CHK|10|2|50|0|0|0|10|0|0|0|1|0
RZ1|11|2|OP10-015|0|16|0|10|0|0|0|0|0
RZ1|CHK|11|2|50|0|0|0|10|0|0|0|1|0
RZ1|12|2|OP10-015|0|14|0|11|0|0|0|0|0
RZ1|CHK|12|2|50|0|0|0|10|0|0|0|1|0
RZ1|13|2|OP16-003|0|42|0|12|0|0|0|0|0
RZ1|CHK|13|2|50|0|0|0|10|0|0|0|1|0
RZ1|14|2|OP17-005|0|44|0|13|0|0|0|0|0
RZ1|CHK|14|2|50|0|0|0|10|0|0|0|1|0
RZ1|15|2|OP17-005|0|45|0|14|0|0|0|0|0
RZ1|CHK|15|2|50|0|0|0|10|0|0|0|1|0
RZ1|16|2|OP16-004|0|39|0|15|0|0|0|0|0
RZ1|CHK|16|2|50|0|0|0|10|0|0|0|1|0
RZ1|17|2|OP16-014|0|32|0|16|0|0|0|0|0
RZ1|CHK|17|2|50|0|0|0|10|0|0|0|1|0
RZ1|18|2|OP16-004|0|39|0|17|0|0|0|0|0
RZ1|CHK|18|2|50|0|0|0|10|0|0|0|1|0
RZ1|19|2|ST30-016|0|48|0|18|0|0|0|0|0
RZ1|CHK|19|2|50|0|0|0|10|0|0|0|1|0
RZ1|20|2|OP10-015|0|22|0|19|0|0|0|0|0
RZ1|CHK|20|2|50|0|0|0|10|0|0|0|1|0
RZ1|21|2|OP16-118|0|30|0|20|0|0|0|0|0
RZ1|CHK|21|2|50|0|0|0|10|0|0|0|1|0
RZ1|22|2|OP16-011|0|32|0|21|0|0|0|0|0
RZ1|CHK|22|2|50|0|0|0|10|0|0|0|1|0
RZ1|23|2|ST23-001|0|36|0|22|0|0|0|0|0
RZ1|CHK|23|2|50|0|0|0|10|0|0|0|1|0
RZ1|24|2|OP16-118|0|31|0|23|0|0|0|0|0
RZ1|CHK|24|2|50|0|0|0|10|0|0|0|1|0
RZ1|25|2|OP17-005|0|47|0|24|0|0|0|0|0
RZ1|CHK|25|2|50|0|0|0|10|0|0|0|1|0
RZ1|26|2|OP13-016|0|26|0|25|0|0|0|0|0
RZ1|CHK|26|2|50|0|0|0|10|0|0|0|1|0
RZ1|27|2|OP13-016|0|27|0|26|0|0|0|0|0
RZ1|CHK|27|2|50|0|0|0|10|0|0|0|1|0
RZ1|28|2|OP16-014|0|36|0|27|0|0|0|0|0
RZ1|CHK|28|2|50|0|0|0|10|0|0|0|1|0
RZ1|29|2|OP16-011|0|36|0|28|0|0|0|0|0
RZ1|CHK|29|2|50|0|0|0|10|0|0|0|1|0
RZ1|30|2|OP17-006|0|43|0|29|0|0|0|0|0
RZ1|CHK|30|2|50|0|0|0|10|0|0|0|1|0
RZ1|31|2|OP16-004|0|42|0|30|0|0|0|0|0
RZ1|CHK|31|2|50|0|0|0|10|0|0|0|1|0
RZ1|32|2|OP16-015|0|35|0|31|0|0|0|0|0
RZ1|CHK|32|2|50|0|0|0|10|0|0|0|1|0
RZ1|33|2|OP16-021|0|49|0|32|0|0|0|0|0
RZ1|CHK|33|2|50|0|0|0|10|0|0|0|1|0
RZ1|34|2|OP16-118|0|39|0|33|0|0|0|0|0
RZ1|CHK|34|2|50|0|0|0|10|0|0|0|1|0
RZ1|35|2|OP16-015|0|36|0|34|0|0|0|0|0
RZ1|CHK|35|2|50|0|0|0|10|0|0|0|1|0
RZ1|36|2|OP16-004|0|44|0|35|0|0|0|0|0
RZ1|CHK|36|2|50|0|0|0|10|0|0|0|1|0
RZ1|37|2|OP17-006|0|47|0|36|0|0|0|0|0
RZ1|CHK|37|2|50|0|0|0|10|0|0|0|1|0
RZ1|38|2|OP10-015|0|38|0|37|0|0|0|0|0
RZ1|CHK|38|2|50|0|0|0|10|0|0|0|1|0
RZ1|39|2|OP17-006|0|46|0|38|0|0|0|0|0
RZ1|CHK|39|2|50|0|0|0|10|0|0|0|1|0
RZ1|40|2|OP16-015|0|41|0|39|0|0|0|0|0
RZ1|CHK|40|2|50|0|0|0|10|0|0|0|1|0
RZ1|41|2|ST23-001|0|46|0|40|0|0|0|0|0
RZ1|CHK|41|2|50|0|0|0|10|0|0|0|1|0
RZ1|42|2|OP17-017|0|49|0|41|0|0|0|0|0
RZ1|CHK|42|2|50|0|0|0|10|0|0|0|1|0
RZ1|43|2|OP16-014|0|45|0|42|0|0|0|0|0
RZ1|CHK|43|2|50|0|0|0|10|0|0|0|1|0
RZ1|44|2|OP16-118|0|45|0|44|0|0|0|0|0
RZ1|CHK|44|2|50|0|0|0|10|0|0|0|1|0
RZ1|45|2|ST23-001|0|47|0|45|0|0|0|0|0
RZ1|CHK|45|2|50|0|0|0|10|0|0|0|1|0
RZ1|46|2|OP17-006|0|48|0|46|0|0|0|0|0
RZ1|CHK|46|2|50|0|0|0|10|0|0|0|1|0
RZ1|47|2|OP16-003|0|49|0|47|0|0|0|0|0
RZ1|CHK|47|2|50|0|0|0|10|0|0|0|1|0
RZ1|48|2|ST23-001|0|49|0|48|0|0|0|0|0
RZ1|CHK|48|2|50|0|0|0|10|0|0|0|1|0
[] Drew card from deck: Rocks D. Xebec ["OP17-118">OP17-118]
RZ1|49|1|OP17-118|0|49|1|0|1|1|0|0|0
RZ1|CHK|49|1|49|1|0|0|10|0|0|0|1|0
[] Drew card from deck: Charlotte Linlin ["OP17-049">OP17-049]
RZ1|50|1|OP17-049|0|48|1|1|1|1|0|0|0
RZ1|CHK|50|1|48|2|0|0|10|0|0|0|1|0
[] Drew card from deck: Ganzui ["OP17-043">OP17-043]
RZ1|51|1|OP17-043|0|47|1|2|1|1|0|0|0
RZ1|CHK|51|1|47|3|0|0|10|0|0|0|1|0
[] Drew card from deck: Kyo ["OP17-045">OP17-045]
RZ1|52|1|OP17-045|0|46|1|3|1|1|0|0|0
RZ1|CHK|52|1|46|4|0|0|10|0|0|0|1|0
[] Drew card from deck: Gloriosa ["OP17-046">OP17-046]
RZ1|53|1|OP17-046|0|45|1|4|1|1|0|0|0
RZ1|CHK|53|1|45|5|0|0|10|0|0|0|1|0
[] Drew card from deck: Monkey D. Luffy ["OP16-015">OP16-015]
RZ1|54|2|OP16-015|0|49|1|0|1|1|0|0|0
RZ1|CHK|54|2|49|1|0|0|10|0|0|0|1|0
[] Drew card from deck: Uta ["ST23-001">ST23-001]
RZ1|55|2|ST23-001|0|48|1|1|1|1|0|0|0
RZ1|CHK|55|2|48|2|0|0|10|0|0|0|1|0
[] Drew card from deck: Edward Newgate ["OP16-003">OP16-003]
RZ1|56|2|OP16-003|0|47|1|2|1|1|0|0|0
RZ1|CHK|56|2|47|3|0|0|10|0|0|0|1|0
[] Drew card from deck: Kingdew ["OP17-006">OP17-006]
RZ1|57|2|OP17-006|0|46|1|3|1|1|0|0|0
RZ1|CHK|57|2|46|4|0|0|10|0|0|0|1|0
[] Drew card from deck: Uta ["ST23-001">ST23-001]
RZ1|58|2|ST23-001|0|45|1|4|1|1|0|0|0
RZ1|CHK|58|2|45|5|0|0|10|0|0|0|1|0
RZ1|59|1|OP17-118|1|0|0|45|0|0|0|0|0
RZ1|CHK|59|1|46|4|0|0|10|0|0|0|1|0
RZ1|60|1|OP17-049|1|0|0|46|0|0|0|0|0
RZ1|CHK|60|1|47|3|0|0|10|0|0|0|1|0
RZ1|61|1|OP17-043|1|0|0|47|0|0|0|0|0
RZ1|CHK|61|1|48|2|0|0|10|0|0|0|1|0
RZ1|62|1|OP17-045|1|0|0|48|0|0|0|0|0
RZ1|CHK|62|1|49|1|0|0|10|0|0|0|1|0
RZ1|63|1|OP17-046|1|0|0|49|0|0|0|0|0
RZ1|CHK|63|1|50|0|0|0|10|0|0|0|1|0
RZ1|64|1|OP17-118|0|17|0|0|0|0|0|0|0
RZ1|CHK|64|1|50|0|0|0|10|0|0|0|1|0
RZ1|65|1|OP17-043|0|47|0|1|0|0|0|0|0
RZ1|CHK|65|1|50|0|0|0|10|0|0|0|1|0
RZ1|66|1|OP17-054|0|5|0|2|0|0|0|0|0
RZ1|CHK|66|1|50|0|0|0|10|0|0|0|1|0
RZ1|67|1|OP17-040|0|27|0|3|0|0|0|0|0
RZ1|CHK|67|1|50|0|0|0|10|0|0|0|1|0
RZ1|68|1|OP17-040|0|26|0|4|0|0|0|0|0
RZ1|CHK|68|1|50|0|0|0|10|0|0|0|1|0
RZ1|69|1|OP17-049|0|47|0|5|0|0|0|0|0
RZ1|CHK|69|1|50|0|0|0|10|0|0|0|1|0
RZ1|70|1|OP08-051|0|33|0|6|0|0|0|0|0
RZ1|CHK|70|1|50|0|0|0|10|0|0|0|1|0
RZ1|71|1|OP17-056|0|30|0|7|0|0|0|0|0
RZ1|CHK|71|1|50|0|0|0|10|0|0|0|1|0
RZ1|72|1|OP17-055|0|9|0|8|0|0|0|0|0
RZ1|CHK|72|1|50|0|0|0|10|0|0|0|1|0
RZ1|73|1|OP17-048|0|25|0|9|0|0|0|0|0
RZ1|CHK|73|1|50|0|0|0|10|0|0|0|1|0
RZ1|74|1|OP17-044|0|21|0|10|0|0|0|0|0
RZ1|CHK|74|1|50|0|0|0|10|0|0|0|1|0
RZ1|75|1|OP17-050|0|28|0|11|0|0|0|0|0
RZ1|CHK|75|1|50|0|0|0|10|0|0|0|1|0
RZ1|76|1|OP17-056|0|33|0|12|0|0|0|0|0
RZ1|CHK|76|1|50|0|0|0|10|0|0|0|1|0
RZ1|77|1|OP17-054|0|30|0|13|0|0|0|0|0
RZ1|CHK|77|1|50|0|0|0|10|0|0|0|1|0
RZ1|78|1|OP17-055|0|33|0|14|0|0|0|0|0
RZ1|CHK|78|1|50|0|0|0|10|0|0|0|1|0
RZ1|79|1|OP17-048|0|32|0|15|0|0|0|0|0
RZ1|CHK|79|1|50|0|0|0|10|0|0|0|1|0
RZ1|80|1|OP17-050|0|41|0|16|0|0|0|0|0
RZ1|CHK|80|1|50|0|0|0|10|0|0|0|1|0
RZ1|81|1|OP08-051|0|40|0|17|0|0|0|0|0
RZ1|CHK|81|1|50|0|0|0|10|0|0|0|1|0
RZ1|82|1|OP17-118|0|28|0|18|0|0|0|0|0
RZ1|CHK|82|1|50|0|0|0|10|0|0|0|1|0
RZ1|83|1|OP17-046|0|34|0|19|0|0|0|0|0
RZ1|CHK|83|1|50|0|0|0|10|0|0|0|1|0
RZ1|84|1|OP17-055|0|37|0|20|0|0|0|0|0
RZ1|CHK|84|1|50|0|0|0|10|0|0|0|1|0
RZ1|85|1|OP17-048|0|36|0|21|0|0|0|0|0
RZ1|CHK|85|1|50|0|0|0|10|0|0|0|1|0
RZ1|86|1|OP08-051|0|34|0|22|0|0|0|0|0
RZ1|CHK|86|1|50|0|0|0|10|0|0|0|1|0
RZ1|87|1|OP17-050|0|39|0|23|0|0|0|0|0
RZ1|CHK|87|1|50|0|0|0|10|0|0|0|1|0
RZ1|88|1|OP17-046|0|44|0|24|0|0|0|0|0
RZ1|CHK|88|1|50|0|0|0|10|0|0|0|1|0
RZ1|89|1|OP17-049|0|28|0|25|0|0|0|0|0
RZ1|CHK|89|1|50|0|0|0|10|0|0|0|1|0
RZ1|90|1|OP17-050|0|46|0|26|0|0|0|0|0
RZ1|CHK|90|1|50|0|0|0|10|0|0|0|1|0
RZ1|91|1|OP17-042|0|39|0|27|0|0|0|0|0
RZ1|CHK|91|1|50|0|0|0|10|0|0|0|1|0
RZ1|92|1|OP17-040|0|42|0|28|0|0|0|0|0
RZ1|CHK|92|1|50|0|0|0|10|0|0|0|1|0
RZ1|93|1|OP17-055|0|43|0|29|0|0|0|0|0
RZ1|CHK|93|1|50|0|0|0|10|0|0|0|1|0
RZ1|94|1|OP17-118|0|47|0|30|0|0|0|0|0
RZ1|CHK|94|1|50|0|0|0|10|0|0|0|1|0
RZ1|95|1|OP17-045|0|42|0|31|0|0|0|0|0
RZ1|CHK|95|1|50|0|0|0|10|0|0|0|1|0
RZ1|96|1|OP17-041|0|44|0|33|0|0|0|0|0
RZ1|CHK|96|1|50|0|0|0|10|0|0|0|1|0
RZ1|97|1|OP17-057|0|38|0|34|0|0|0|0|0
RZ1|CHK|97|1|50|0|0|0|10|0|0|0|1|0
RZ1|98|1|OP17-053|0|40|0|35|0|0|0|0|0
RZ1|CHK|98|1|50|0|0|0|10|0|0|0|1|0
RZ1|99|1|OP17-054|0|46|0|36|0|0|0|0|0
RZ1|CHK|99|1|50|0|0|0|10|0|0|0|1|0
RZ1|100|1|OP17-054|0|38|0|37|0|0|0|0|0
RZ1|CHK|100|1|50|0|0|0|10|0|0|0|1|0
RZ1|101|1|OP17-045|0|48|0|38|0|0|0|0|0
RZ1|CHK|101|1|50|0|0|0|10|0|0|0|1|0
RZ1|102|1|OP17-048|0|46|0|39|0|0|0|0|0
RZ1|CHK|102|1|50|0|0|0|10|0|0|0|1|0
RZ1|103|1|OP17-044|0|43|0|40|0|0|0|0|0
RZ1|CHK|103|1|50|0|0|0|10|0|0|0|1|0
RZ1|104|1|OP17-056|0|47|0|41|0|0|0|0|0
RZ1|CHK|104|1|50|0|0|0|10|0|0|0|1|0
RZ1|105|1|OP17-052|0|45|0|42|0|0|0|0|0
RZ1|CHK|105|1|50|0|0|0|10|0|0|0|1|0
RZ1|106|1|OP17-049|0|48|0|43|0|0|0|0|0
RZ1|CHK|106|1|50|0|0|0|10|0|0|0|1|0
RZ1|107|1|OP17-040|0|45|0|44|0|0|0|0|0
RZ1|CHK|107|1|50|0|0|0|10|0|0|0|1|0
RZ1|108|1|OP17-046|0|48|0|45|0|0|0|0|0
RZ1|CHK|108|1|50|0|0|0|10|0|0|0|1|0
RZ1|109|1|OP17-046|0|49|0|46|0|0|0|0|0
RZ1|CHK|109|1|50|0|0|0|10|0|0|0|1|0
RZ1|110|1|OP17-045|0|49|0|48|0|0|0|0|0
RZ1|CHK|110|1|50|0|0|0|10|0|0|0|1|0
[] Drew card from deck: Rocks D. Xebec ["OP17-118">OP17-118]
RZ1|111|1|OP17-118|0|49|1|0|1|1|0|0|0
RZ1|CHK|111|1|49|1|0|0|10|0|0|0|1|0
[] Drew card from deck: Kyo ["OP17-045">OP17-045]
RZ1|112|1|OP17-045|0|48|1|1|1|1|0|0|0
RZ1|CHK|112|1|48|2|0|0|10|0|0|0|1|0
[] Drew card from deck: Rocks Pirates ["OP17-056">OP17-056]
RZ1|113|1|OP17-056|0|47|1|2|1|1|0|0|0
RZ1|CHK|113|1|47|3|0|0|10|0|0|0|1|0
[] Drew card from deck: Gloriosa ["OP17-046">OP17-046]
RZ1|114|1|OP17-046|0|46|1|3|1|1|0|0|0
RZ1|CHK|114|1|46|4|0|0|10|0|0|0|1|0
[] Drew card from deck: Gloriosa ["OP17-046">OP17-046]
RZ1|115|1|OP17-046|0|45|1|4|1|1|0|0|0
RZ1|CHK|115|1|45|5|0|0|10|0|0|0|1|0
RZ1|116|1|OP17-040|0|44|3|0|1|0|0|0|0
RZ1|CHK|116|1|44|5|0|1|10|0|0|0|1|0
RZ1|117|1|OP17-049|0|43|3|1|1|0|0|0|0
RZ1|CHK|117|1|43|5|0|2|10|0|0|0|1|0
RZ1|118|1|OP17-052|0|42|3|2|1|0|0|0|0
RZ1|CHK|118|1|42|5|0|3|10|0|0|0|1|0
RZ1|119|1|OP17-056|0|41|3|3|1|0|0|0|0
RZ1|CHK|119|1|41|5|0|4|10|0|0|0|1|0
RZ1|120|1|OP17-044|0|40|3|4|1|0|0|0|0
RZ1|CHK|120|1|40|5|0|5|10|0|0|0|1|0
[] Hand after Mulligan: [OP17-118,OP17-045,OP17-056,OP17-046,OP17-046]
[You] Mulligan
RZ1|121|2|OP16-015|1|0|0|45|0|0|0|0|0
RZ1|CHK|121|2|46|4|0|0|10|0|0|0|1|0
RZ1|122|2|ST23-001|1|0|0|46|0|0|0|0|0
RZ1|CHK|122|2|47|3|0|0|10|0|0|0|1|0
RZ1|123|2|OP16-003|1|0|0|47|0|0|0|0|0
RZ1|CHK|123|2|48|2|0|0|10|0|0|0|1|0
RZ1|124|2|OP17-006|1|0|0|48|0|0|0|0|0
RZ1|CHK|124|2|49|1|0|0|10|0|0|0|1|0
RZ1|125|2|ST23-001|1|0|0|49|0|0|0|0|0
RZ1|CHK|125|2|50|0|0|0|10|0|0|0|1|0
RZ1|126|2|OP10-015|0|19|0|0|0|0|0|0|0
RZ1|CHK|126|2|50|0|0|0|10|0|0|0|1|0
RZ1|127|2|OP17-005|0|24|0|1|0|0|0|0|0
RZ1|CHK|127|2|50|0|0|0|10|0|0|0|1|0
RZ1|128|2|OP16-004|0|19|0|2|0|0|0|0|0
RZ1|CHK|128|2|50|0|0|0|10|0|0|0|1|0
RZ1|129|2|OP16-011|0|28|0|3|0|0|0|0|0
RZ1|CHK|129|2|50|0|0|0|10|0|0|0|1|0
RZ1|130|2|ST30-016|0|21|0|4|0|0|0|0|0
RZ1|CHK|130|2|50|0|0|0|10|0|0|0|1|0
RZ1|131|2|OP16-021|0|13|0|5|0|0|0|0|0
RZ1|CHK|131|2|50|0|0|0|10|0|0|0|1|0
RZ1|132|2|ST23-001|0|40|0|6|0|0|0|0|0
RZ1|CHK|132|2|50|0|0|0|10|0|0|0|1|0
RZ1|133|2|OP16-015|0|32|0|7|0|0|0|0|0
RZ1|CHK|133|2|50|0|0|0|10|0|0|0|1|0
RZ1|134|2|OP10-015|0|17|0|8|0|0|0|0|0
RZ1|CHK|134|2|50|0|0|0|10|0|0|0|1|0
RZ1|135|2|OP10-015|0|18|0|9|0|0|0|0|0
RZ1|CHK|135|2|50|0|0|0|10|0|0|0|1|0
RZ1|136|2|OP17-017|0|41|0|10|0|0|0|0|0
RZ1|CHK|136|2|50|0|0|0|10|0|0|0|1|0
RZ1|137|2|OP16-003|0|20|0|11|0|0|0|0|0
RZ1|CHK|137|2|50|0|0|0|10|0|0|0|1|0
RZ1|138|2|OP17-006|0|40|0|12|0|0|0|0|0
RZ1|CHK|138|2|50|0|0|0|10|0|0|0|1|0
RZ1|139|2|OP13-016|0|30|0|13|0|0|0|0|0
RZ1|CHK|139|2|50|0|0|0|10|0|0|0|1|0
RZ1|140|2|OP16-003|0|47|0|14|0|0|0|0|0
RZ1|CHK|140|2|50|0|0|0|10|0|0|0|1|0
RZ1|141|2|OP16-021|0|36|0|15|0|0|0|0|0
RZ1|CHK|141|2|50|0|0|0|10|0|0|0|1|0
RZ1|142|2|OP13-016|0|44|0|16|0|0|0|0|0
RZ1|CHK|142|2|50|0|0|0|10|0|0|0|1|0
RZ1|143|2|ST23-001|0|47|0|17|0|0|0|0|0
RZ1|CHK|143|2|50|0|0|0|10|0|0|0|1|0
RZ1|144|2|OP17-005|0|28|0|18|0|0|0|0|0
RZ1|CHK|144|2|50|0|0|0|10|0|0|0|1|0
RZ1|145|2|ST23-001|0|49|0|19|0|0|0|0|0
RZ1|CHK|145|2|50|0|0|0|10|0|0|0|1|0
RZ1|146|2|OP16-003|0|27|0|20|0|0|0|0|0
RZ1|CHK|146|2|50|0|0|0|10|0|0|0|1|0
RZ1|147|2|OP16-015|0|41|0|21|0|0|0|0|0
RZ1|CHK|147|2|50|0|0|0|10|0|0|0|1|0
RZ1|148|2|OP16-118|0|33|0|22|0|0|0|0|0
RZ1|CHK|148|2|50|0|0|0|10|0|0|0|1|0
RZ1|149|2|OP16-004|0|32|0|23|0|0|0|0|0
RZ1|CHK|149|2|50|0|0|0|10|0|0|0|1|0
RZ1|150|2|OP13-016|0|37|0|24|0|0|0|0|0
RZ1|CHK|150|2|50|0|0|0|10|0|0|0|1|0
RZ1|151|2|OP16-011|0|35|0|25|0|0|0|0|0
RZ1|CHK|151|2|50|0|0|0|10|0|0|0|1|0
RZ1|152|2|OP17-017|0|30|0|26|0|0|0|0|0
RZ1|CHK|152|2|50|0|0|0|10|0|0|0|1|0
RZ1|153|2|OP10-015|0|44|0|27|0|0|0|0|0
RZ1|CHK|153|2|50|0|0|0|10|0|0|0|1|0
RZ1|154|2|OP16-014|0|46|0|28|0|0|0|0|0
RZ1|CHK|154|2|50|0|0|0|10|0|0|0|1|0
RZ1|155|2|OP16-021|0|30|0|29|0|0|0|0|0
RZ1|CHK|155|2|50|0|0|0|10|0|0|0|1|0
RZ1|156|2|OP16-118|0|47|0|30|0|0|0|0|0
RZ1|CHK|156|2|50|0|0|0|10|0|0|0|1|0
RZ1|157|2|OP17-006|0|49|0|31|0|0|0|0|0
RZ1|CHK|157|2|50|0|0|0|10|0|0|0|1|0
RZ1|158|2|OP16-118|0|45|0|32|0|0|0|0|0
RZ1|CHK|158|2|50|0|0|0|10|0|0|0|1|0
RZ1|159|2|OP16-014|0|43|0|33|0|0|0|0|0
RZ1|CHK|159|2|50|0|0|0|10|0|0|0|1|0
RZ1|160|2|OP16-015|0|48|0|34|0|0|0|0|0
RZ1|CHK|160|2|50|0|0|0|10|0|0|0|1|0
RZ1|161|2|OP16-014|0|42|0|35|0|0|0|0|0
RZ1|CHK|161|2|50|0|0|0|10|0|0|0|1|0
RZ1|162|2|OP17-006|0|45|0|36|0|0|0|0|0
RZ1|CHK|162|2|50|0|0|0|10|0|0|0|1|0
RZ1|163|2|OP13-016|0|40|0|37|0|0|0|0|0
RZ1|CHK|163|2|50|0|0|0|10|0|0|0|1|0
RZ1|164|2|OP17-006|0|48|0|38|0|0|0|0|0
RZ1|CHK|164|2|50|0|0|0|10|0|0|0|1|0
RZ1|165|2|OP17-005|0|43|0|39|0|0|0|0|0
RZ1|CHK|165|2|50|0|0|0|10|0|0|0|1|0
RZ1|166|2|OP16-004|0|47|0|41|0|0|0|0|0
RZ1|CHK|166|2|50|0|0|0|10|0|0|0|1|0
RZ1|167|2|ST30-016|0|44|0|42|0|0|0|0|0
RZ1|CHK|167|2|50|0|0|0|10|0|0|0|1|0
RZ1|168|2|OP17-005|0|45|0|43|0|0|0|0|0
RZ1|CHK|168|2|50|0|0|0|10|0|0|0|1|0
RZ1|169|2|OP16-004|0|48|0|44|0|0|0|0|0
RZ1|CHK|169|2|50|0|0|0|10|0|0|0|1|0
RZ1|170|2|OP16-015|0|49|0|45|0|0|0|0|0
RZ1|CHK|170|2|50|0|0|0|10|0|0|0|1|0
RZ1|171|2|OP16-021|0|47|0|46|0|0|0|0|0
RZ1|CHK|171|2|50|0|0|0|10|0|0|0|1|0
RZ1|172|2|ST23-001|0|48|0|47|0|0|0|0|0
RZ1|CHK|172|2|50|0|0|0|10|0|0|0|1|0
[] Drew card from deck: Portgas D. Ace ["OP16-118">OP16-118]
RZ1|173|2|OP16-118|0|49|1|0|1|1|0|0|0
RZ1|CHK|173|2|49|1|0|0|10|0|0|0|1|0
[] Drew card from deck: Gurararararara! ["OP17-017">OP17-017]
RZ1|174|2|OP17-017|0|48|1|1|1|1|0|0|0
RZ1|CHK|174|2|48|2|0|0|10|0|0|0|1|0
[] Drew card from deck: Uta ["ST23-001">ST23-001]
RZ1|175|2|ST23-001|0|47|1|2|1|1|0|0|0
RZ1|CHK|175|2|47|3|0|0|10|0|0|0|1|0
[] Drew card from deck: Moby Dick ["OP16-021">OP16-021]
RZ1|176|2|OP16-021|0|46|1|3|1|1|0|0|0
RZ1|CHK|176|2|46|4|0|0|10|0|0|0|1|0
[] Drew card from deck: Monkey D. Luffy ["OP16-015">OP16-015]
RZ1|177|2|OP16-015|0|45|1|4|1|1|0|0|0
RZ1|CHK|177|2|45|5|0|0|10|0|0|0|1|0
RZ1|178|2|OP16-004|0|44|3|0|0|1|0|0|0
RZ1|CHK|178|2|44|5|0|1|10|0|0|0|1|0
RZ1|179|2|OP17-005|0|43|3|1|0|1|0|0|0
RZ1|CHK|179|2|43|5|0|2|10|0|0|0|1|0
RZ1|180|2|ST30-016|0|42|3|2|0|1|0|0|0
RZ1|CHK|180|2|42|5|0|3|10|0|0|0|1|0
RZ1|181|2|OP16-004|0|41|3|3|0|1|0|0|0
RZ1|CHK|181|2|41|5|0|4|10|0|0|0|1|0
RZ1|182|2|OP16-014|0|40|3|4|0|1|0|0|0
RZ1|CHK|182|2|40|5|0|5|10|0|0|0|1|0
[] Hand after Mulligan: [OP16-118,OP17-017,ST23-001,OP16-021,OP16-015]
[Opponent] Mulligan
[] Hand: [OP17-118,OP17-045,OP17-056,OP17-046,OP17-046]
[] Board: []
[] Trash: []
[] Life: 5
[] Hand: [OP16-118,OP17-017,ST23-001,OP16-021,OP16-015]
[] Trash: []
[] Board: []
[] Life: 5
RZ1|183|1|Don|4|9|5|0|1|1|0|0|0
RZ1|CHK|183|1|40|5|0|5|9|1|0|0|1|0
[You] Draw 1 Don
[] Hand: [OP17-118,OP17-045,OP17-056,OP17-046,OP17-046]
[] Board: []
[] Trash: []
[] Life: 5
[] Hand: [OP16-118,OP17-017,ST23-001,OP16-021,OP16-015]
[] Trash: []
[] Board: []
[] Life: 5
[You] End Turn
[] Hand: [OP16-118,OP17-017,ST23-001,OP16-021,OP16-015]
[] Board: []
[] Trash: []
[] Life: 5
[] Hand: [OP17-118,OP17-045,OP17-056,OP17-046,OP17-046]
[] Trash: []
[] Board: []
[] Life: 5
[Opponent] Draw 1 Card
[] Drew card from deck: Edward Newgate ["OP17-005">OP17-005]
RZ1|184|2|OP17-005|0|39|1|5|1|1|0|0|0
RZ1|CHK|184|2|39|6|0|5|10|0|0|0|1|0
RZ1|185|2|Don|4|9|5|0|1|1|0|0|0
RZ1|CHK|185|2|39|6|0|5|9|1|0|0|1|0
RZ1|186|2|Don|4|8|5|1|1|1|0|0|0
RZ1|CHK|186|2|39|6|0|5|8|2|0|0|1|0
[Opponent] Draw 2 Don
[] Hand: [OP16-118,OP17-017,ST23-001,OP16-021,OP16-015,OP17-005]
[] Board: []
[] Trash: []
[] Life: 5
[] Hand: [OP17-118,OP17-045,OP17-056,OP17-046,OP17-046]
[] Trash: []
[] Board: []
[] Life: 5
[Opponent] End Turn
[] Hand: [OP17-118,OP17-045,OP17-056,OP17-046,OP17-046]
[] Board: []
[] Trash: []
[] Life: 5
[] Hand: [OP16-118,OP17-017,ST23-001,OP16-021,OP16-015,OP17-005]
[] Trash: []
[] Board: []
[] Life: 5
[You] Draw 1 Card
[] Drew card from deck: Shiki ["OP17-048">OP17-048]
RZ1|187|1|OP17-048|0|39|1|5|1|1|0|0|0
RZ1|CHK|187|1|39|6|0|5|9|1|0|0|1|0
RZ1|188|1|Don|4|8|5|1|1|1|0|0|0
RZ1|CHK|188|1|39|6|0|5|8|2|0|0|1|0
RZ1|189|1|Don|4|7|5|2|1|1|0|0|0
RZ1|CHK|189|1|39|6|0|5|7|3|0|0|1|0
[You] Draw 2 Don
RZ1|190|1|Don|5|0|5|0|1|1|1|0|0
RZ1|CHK|190|1|39|6|0|5|7|3|0|0|1|0
RZ1|191|1|Don|5|1|5|1|1|1|1|0|0
RZ1|CHK|191|1|39|6|0|5|7|3|0|0|1|0
[You] Deploy Kyo ["OP17-045">OP17-045]
RZ1|192|1|OP17-045|1|1|2|0|1|1|0|0|0
RZ1|CHK|192|1|39|5|1|5|7|3|0|0|1|0
[] Drew card from deck: Kyo ["OP17-045">OP17-045]
RZ1|193|1|OP17-045|0|38|1|5|1|1|0|0|0
RZ1|CHK|193|1|38|6|1|5|7|3|0|0|1|0
[You] Kyo ["OP17-045">OP17-045]: Draw 1 Card
[You] Attach 1 Don to Rocks D. Xebec ["OP17-039">OP17-039] (1 Total)
RZ1|194|1|Don|5|2|9|9900|1|1|0|0|0
RZ1|CHK|194|1|38|6|1|5|7|2|0|0|1|1
[You] Rocks D. Xebec ["OP17-039">OP17-039] attacking Portgas D. Ace ["OP16-001">OP16-001]
RZ1|195|1|OP17-045|1|5|6|0|1|1|0|0|0
RZ1|CHK|195|1|38|5|1|5|7|2|1|0|1|1
[You] Rocks D. Xebec ["OP17-039">OP17-039]: Trash Kyo ["OP17-045">OP17-045]
RZ1|196|1|OP17-054|0|37|0|37|0|0|0|0|0
RZ1|CHK|196|1|38|5|1|5|7|2|1|0|1|1
[You] Rocks D. Xebec ["OP17-039">OP17-039] revealed: Stussy ["OP17-054">OP17-054]
[] Drew card from deck: Stussy ["OP17-054">OP17-054]
RZ1|197|1|OP17-054|0|37|1|5|1|1|0|0|0
RZ1|CHK|197|1|37|6|1|5|7|2|1|0|1|1
[] Drew card from deck: Stussy ["OP17-054">OP17-054]
RZ1|198|1|OP17-054|0|36|1|6|1|1|0|0|0
RZ1|CHK|198|1|36|7|1|5|7|2|1|0|1|1
[You] Rocks D. Xebec ["OP17-039">OP17-039]: Draw 2 Card
[Opponent] Discard Uta ["ST23-001">ST23-001] for Counter 2000
RZ1|199|2|ST23-001|1|2|6|0|1|1|0|0|0
RZ1|CHK|199|2|39|5|0|5|8|2|1|0|1|0
Rocks D. Xebec ["OP17-039">OP17-039][6000] vs Portgas D. Ace ["OP16-001">OP16-001][7000]
Attack Fails
[] Hand: [OP17-118,OP17-056,OP17-046,OP17-046,OP17-048,OP17-054,OP17-054]
[] Board: [OP17-045]
[] Trash: [OP17-045]
[] Life: 5
[] Hand: [OP16-118,OP17-017,OP16-021,OP16-015,OP17-005]
[] Trash: [ST23-001]
[] Board: []
[] Life: 5
[You] End Turn
[] Hand: [OP16-118,OP17-017,OP16-021,OP16-015,OP17-005]
[] Board: []
[] Trash: [ST23-001]
[] Life: 5
[] Hand: [OP17-118,OP17-056,OP17-046,OP17-046,OP17-048,OP17-054,OP17-054]
[] Trash: [OP17-045]
[] Board: [OP17-045]
[] Life: 5
[Opponent] Draw 1 Card
[] Drew card from deck: Kingdew ["OP17-006">OP17-006]
RZ1|200|2|OP17-006|0|38|1|5|1|1|0|0|0
RZ1|CHK|200|2|38|6|0|5|8|2|1|0|1|0
RZ1|201|2|Don|4|7|5|2|1|1|0|0|0
RZ1|CHK|201|2|38|6|0|5|7|3|1|0|1|0
RZ1|202|2|Don|4|6|5|3|1|1|0|0|0
RZ1|CHK|202|2|38|6|0|5|6|4|1|0|1|0
[Opponent] Draw 2 Don
RZ1|203|2|Don|5|0|5|0|1|1|1|0|0
RZ1|CHK|203|2|38|6|0|5|6|4|1|0|1|0
RZ1|204|2|Don|5|1|5|1|1|1|1|0|0
RZ1|CHK|204|2|38|6|0|5|6|4|1|0|1|0
RZ1|205|2|Don|5|2|5|2|1|1|1|0|0
RZ1|CHK|205|2|38|6|0|5|6|4|1|0|1|0
RZ1|206|2|Don|5|3|5|3|1|1|1|0|0
RZ1|CHK|206|2|38|6|0|5|6|4|1|0|1|0
[Opponent] Deploy Monkey D. Luffy ["OP16-015">OP16-015]
RZ1|207|2|OP16-015|1|3|2|0|1|1|0|0|0
RZ1|CHK|207|2|38|5|1|5|6|4|1|0|1|0
[Opponent] Portgas D. Ace ["OP16-001">OP16-001] attacking Rocks D. Xebec ["OP17-039">OP17-039]
Portgas D. Ace ["OP16-001">OP16-001][5000] vs Rocks D. Xebec ["OP17-039">OP17-039][5000]
Rocks D. Xebec ["OP17-039">OP17-039] hit for 1 damage
RZ1|208|1|OP17-044|3|4|1|7|1|1|0|0|0
RZ1|CHK|208|1|36|8|1|4|7|2|1|0|1|1
[] Hand: [OP16-118,OP17-017,OP16-021,OP17-005,OP17-006]
[] Board: [OP16-015]
[] Trash: [ST23-001]
[] Life: 5
[] Hand: [OP17-118,OP17-056,OP17-046,OP17-046,OP17-048,OP17-054,OP17-054,OP17-044]
[] Trash: [OP17-045]
[] Board: [OP17-045]
[] Life: 4
[Opponent] End Turn
[] Hand: [OP17-118,OP17-056,OP17-046,OP17-046,OP17-048,OP17-054,OP17-054,OP17-044]
[] Board: [OP17-045]
[] Trash: [OP17-045]
[] Life: 4
[] Hand: [OP16-118,OP17-017,OP16-021,OP17-005,OP17-006]
[] Trash: [ST23-001]
[] Board: [OP16-015]
[] Life: 5
RZ1|209|1|Don|9|9900|5|0|1|1|1|0|0
RZ1|CHK|209|1|36|8|1|4|7|3|1|0|1|0
[You] Draw 1 Card
[] Drew card from deck: Barbell ["OP17-053">OP17-053]
RZ1|210|1|OP17-053|0|35|1|8|1|1|0|0|0
RZ1|CHK|210|1|35|9|1|4|7|3|1|0|1|0
RZ1|211|1|Don|4|6|5|3|1|1|0|0|0
RZ1|CHK|211|1|35|9|1|4|6|4|1|0|1|0
RZ1|212|1|Don|4|5|5|4|1|1|0|0|0
RZ1|CHK|212|1|35|9|1|4|5|5|1|0|1|0
[You] Draw 2 Don
RZ1|213|1|Don|5|0|5|0|1|1|1|0|0
RZ1|CHK|213|1|35|9|1|4|5|5|1|0|1|0
RZ1|214|1|Don|5|1|5|1|1|1|1|0|0
RZ1|CHK|214|1|35|9|1|4|5|5|1|0|1|0
RZ1|215|1|Don|5|2|5|2|1|1|1|0|0
RZ1|CHK|215|1|35|9|1|4|5|5|1|0|1|0
RZ1|216|1|Don|5|3|5|3|1|1|1|0|0
RZ1|CHK|216|1|35|9|1|4|5|5|1|0|1|0
RZ1|217|1|Don|5|4|5|4|1|1|1|0|0
RZ1|CHK|217|1|35|9|1|4|5|5|1|0|1|0
[You] Deploy Barbell ["OP17-053">OP17-053]
RZ1|218|1|OP17-053|1|8|2|1|1|1|0|0|0
RZ1|CHK|218|1|35|8|2|4|5|5|1|0|1|0
[You] Rocks D. Xebec ["OP17-039">OP17-039] attacking Portgas D. Ace ["OP16-001">OP16-001]
RZ1|219|1|OP17-044|1|7|6|1|1|1|0|0|0
RZ1|CHK|219|1|35|7|2|4|5|5|2|0|1|0
[You] Rocks D. Xebec ["OP17-039">OP17-039]: Trash Captain John ["OP17-044">OP17-044]
RZ1|220|1|OP17-057|0|34|0|34|0|0|0|0|0
RZ1|CHK|220|1|35|7|2|4|5|5|2|0|1|0
[You] Rocks D. Xebec ["OP17-039">OP17-039] revealed: Fullalead ["OP17-057">OP17-057]
[] Drew card from deck: Fullalead ["OP17-057">OP17-057]
RZ1|221|1|OP17-057|0|34|1|7|1|1|0|0|0
RZ1|CHK|221|1|34|8|2|4|5|5|2|0|1|0
[] Drew card from deck: Wang Zhi ["OP17-041">OP17-041]
RZ1|222|1|OP17-041|0|33|1|8|1|1|0|0|0
RZ1|CHK|222|1|33|9|2|4|5|5|2|0|1|0
[You] Rocks D. Xebec ["OP17-039">OP17-039]: Draw 2 Card
RZ1|223|2|OP17-006|1|4|6|1|1|1|0|0|0
RZ1|CHK|223|2|38|4|1|5|6|4|2|0|1|0
[Opponent] Monkey D. Luffy ["OP16-015">OP16-015]: Trash Kingdew ["OP17-006">OP17-006]
[Opponent] Monkey D. Luffy ["OP16-015">OP16-015]: Set Monkey D. Luffy ["OP16-015">OP16-015] Base Power to 1000
[Opponent] Monkey D. Luffy ["OP16-015">OP16-015]: Set Portgas D. Ace ["OP16-001">OP16-001] Base Power to 2000
Rocks D. Xebec ["OP17-039">OP17-039][5000] vs Portgas D. Ace ["OP16-001">OP16-001][7000]
Attack Fails
[] Hand: [OP17-118,OP17-056,OP17-046,OP17-046,OP17-048,OP17-054,OP17-054,OP17-057,OP17-041]
[] Board: [OP17-045,OP17-053]
[] Trash: [OP17-045,OP17-044]
[] Life: 4
[] Hand: [OP16-118,OP17-017,OP16-021,OP17-005]
[] Trash: [ST23-001,OP17-006]
[] Board: [OP16-015]
[] Life: 5
[You] End Turn
[] Hand: [OP16-118,OP17-017,OP16-021,OP17-005]
[] Board: [OP16-015]
[] Trash: [ST23-001,OP17-006]
[] Life: 5
[] Hand: [OP17-118,OP17-056,OP17-046,OP17-046,OP17-048,OP17-054,OP17-054,OP17-057,OP17-041]
[] Trash: [OP17-045,OP17-044]
[] Board: [OP17-045,OP17-053]
[] Life: 4
[Opponent] Draw 1 Card
[] Drew card from deck: Monkey D. Garp ["OP13-016">OP13-016]
RZ1|224|2|OP13-016|0|37|1|4|1|1|0|0|0
RZ1|CHK|224|2|37|5|1|5|6|4|2|0|1|0
RZ1|225|2|Don|4|5|5|4|1|1|0|0|0
RZ1|CHK|225|2|37|5|1|5|5|5|2|0|1|0
RZ1|226|2|Don|4|4|5|5|1|1|0|0|0
RZ1|CHK|226|2|37|5|1|5|4|6|2|0|1|0
[Opponent] Draw 2 Don
RZ1|227|2|Don|5|0|5|0|1|1|1|0|0
RZ1|CHK|227|2|37|5|1|5|4|6|2|0|1|0
RZ1|228|2|Don|5|1|5|1|1|1|1|0|0
RZ1|CHK|228|2|37|5|1|5|4|6|2|0|1|0
RZ1|229|2|Don|5|2|5|2|1|1|1|0|0
RZ1|CHK|229|2|37|5|1|5|4|6|2|0|1|0
RZ1|230|2|Don|5|3|5|3|1|1|1|0|0
RZ1|CHK|230|2|37|5|1|5|4|6|2|0|1|0
RZ1|231|2|Don|5|4|5|4|1|1|1|0|0
RZ1|CHK|231|2|37|5|1|5|4|6|2|0|1|0
[Opponent] Deploy Portgas D. Ace ["OP16-118">OP16-118]
RZ1|232|2|OP16-118|1|0|2|1|1|1|0|0|0
RZ1|CHK|232|2|37|4|2|5|4|6|2|0|1|0
RZ1|233|2|OP17-006|0|36|1|4|1|1|0|0|0
RZ1|CHK|233|2|36|5|2|5|4|6|2|0|1|0
[Opponent] Portgas D. Ace ["OP16-118">OP16-118]: <b>Reveal and Draw Kingdew ["OP17-006">OP17-006]</b>
[Opponent] Placing Cards on Bottom of Deck
RZ1|234|2|OP16-014|0|35|0|0|0|0|0|0|0
RZ1|CHK|234|2|36|5|2|5|4|6|2|0|1|0
RZ1|235|2|OP16-015|0|35|0|0|0|0|0|0|0
RZ1|CHK|235|2|36|5|2|5|4|6|2|0|1|0
RZ1|236|2|OP16-014|0|35|0|0|0|0|0|0|0
RZ1|CHK|236|2|36|5|2|5|4|6|2|0|1|0
RZ1|237|2|OP16-118|0|35|0|0|0|0|0|0|0
RZ1|CHK|237|2|36|5|2|5|4|6|2|0|1|0
RZ1|238|2|Don|5|5|9|9900|1|1|0|0|0
RZ1|CHK|238|2|36|5|2|5|4|5|2|0|1|1
[Opponent] Attach 1 Don to Portgas D. Ace ["OP16-001">OP16-001] (1 Total)
[Opponent] Portgas D. Ace ["OP16-001">OP16-001] attacking Rocks D. Xebec ["OP17-039">OP17-039]
[You] Rocks Pirates ["OP17-056">OP17-056]: Activate Counter
RZ1|239|1|OP17-056|1|1|6|2|1|1|0|0|0
RZ1|CHK|239|1|33|8|2|4|5|5|3|0|1|0
[You] Rocks Pirates ["OP17-056">OP17-056]: Buff Rocks D. Xebec ["OP17-039">OP17-039] 2000 for the Combat
Portgas D. Ace ["OP16-001">OP16-001][6000] vs Rocks D. Xebec ["OP17-039">OP17-039][7000]
Attack Fails
[Opponent] Monkey D. Luffy ["OP16-015">OP16-015] attacking Rocks D. Xebec ["OP17-039">OP17-039]
Monkey D. Luffy ["OP16-015">OP16-015][6000] vs Rocks D. Xebec ["OP17-039">OP17-039][5000]
Rocks D. Xebec ["OP17-039">OP17-039] hit for 1 damage
RZ1|240|1|OP17-056|3|3|1|8|1|1|0|0|0
RZ1|CHK|240|1|33|9|2|3|5|5|3|0|1|0
[] Hand: [OP17-017,OP16-021,OP17-005,OP13-016,OP17-006]
[] Board: [OP16-015,OP16-118]
[] Trash: [ST23-001,OP17-006]
[] Life: 5
[] Hand: [OP17-118,OP17-046,OP17-046,OP17-048,OP17-054,OP17-054,OP17-057,OP17-041,OP17-056]
[] Trash: [OP17-045,OP17-044,OP17-056]
[] Board: [OP17-045,OP17-053]
[] Life: 3
[Opponent] End Turn
[] Hand: [OP17-118,OP17-046,OP17-046,OP17-048,OP17-054,OP17-054,OP17-057,OP17-041,OP17-056]
[] Board: [OP17-045,OP17-053]
[] Trash: [OP17-045,OP17-044,OP17-056]
[] Life: 3
[] Hand: [OP17-017,OP16-021,OP17-005,OP13-016,OP17-006]
[] Trash: [ST23-001,OP17-006]
[] Board: [OP16-015,OP16-118]
[] Life: 5
[You] Draw 1 Card
[] Drew card from deck: Charlotte Linlin ["OP17-049">OP17-049]
RZ1|241|1|OP17-049|0|32|1|9|1|1|0|0|0
RZ1|CHK|241|1|32|10|2|3|5|5|3|0|1|0
RZ1|242|1|Don|4|4|5|5|1|1|0|0|0
RZ1|CHK|242|1|32|10|2|3|4|6|3|0|1|0
RZ1|243|1|Don|4|3|5|6|1|1|0|0|0
RZ1|CHK|243|1|32|10|2|3|3|7|3|0|1|0
[You] Draw 2 Don
RZ1|244|1|Don|5|0|5|0|1|1|1|0|0
RZ1|CHK|244|1|32|10|2|3|3|7|3|0|1|0
RZ1|245|1|Don|5|1|5|1|1|1|1|0|0
RZ1|CHK|245|1|32|10|2|3|3|7|3|0|1|0
RZ1|246|1|Don|5|2|5|2|1|1|1|0|0
RZ1|CHK|246|1|32|10|2|3|3|7|3|0|1|0
[You] Deploy Stussy ["OP17-054">OP17-054]
RZ1|247|1|OP17-054|1|5|2|2|1|1|0|0|0
RZ1|CHK|247|1|32|9|3|3|3|7|3|0|1|0
[You] Stussy ["OP17-054">OP17-054]: Portgas D. Ace ["OP16-118">OP16-118] can't attack next turn
RZ1|248|1|Don|5|3|5|3|1|1|1|0|0
RZ1|CHK|248|1|32|9|3|3|3|7|3|0|1|0
RZ1|249|1|Don|5|4|5|4|1|1|1|0|0
RZ1|CHK|249|1|32|9|3|3|3|7|3|0|1|0
RZ1|250|1|Don|5|5|5|5|1|1|1|0|0
RZ1|CHK|250|1|32|9|3|3|3|7|3|0|1|0
[You] Deploy Stussy ["OP17-054">OP17-054]
RZ1|251|1|OP17-054|1|4|2|3|1|1|0|0|0
RZ1|CHK|251|1|32|8|4|3|3|7|3|0|1|0
[You] Stussy ["OP17-054">OP17-054]: Monkey D. Luffy ["OP16-015">OP16-015] can't attack next turn
[You] Barbell ["OP17-053">OP17-053] attacking Portgas D. Ace ["OP16-001">OP16-001]
RZ1|252|2|OP17-006|1|4|6|2|1|1|0|0|0
RZ1|CHK|252|2|36|4|2|5|4|5|3|0|1|1
[Opponent] Monkey D. Luffy ["OP16-015">OP16-015]: Trash Kingdew ["OP17-006">OP17-006]
[Opponent] Monkey D. Luffy ["OP16-015">OP16-015]: Set Monkey D. Luffy ["OP16-015">OP16-015] Base Power to 1000
[Opponent] Monkey D. Luffy ["OP16-015">OP16-015]: Set Portgas D. Ace ["OP16-001">OP16-001] Base Power to 2000
[Opponent] Discard Monkey D. Garp ["OP13-016">OP13-016] for Counter 1000
RZ1|253|2|OP13-016|1|3|6|3|1|1|0|0|0
RZ1|CHK|253|2|36|3|2|5|4|5|4|0|1|1
Barbell ["OP17-053">OP17-053][7000] vs Portgas D. Ace ["OP16-001">OP16-001][8000]
Attack Fails
[You] Rocks D. Xebec ["OP17-039">OP17-039] attacking Portgas D. Ace ["OP16-001">OP16-001]
RZ1|254|1|OP17-041|1|5|6|3|1|1|0|0|0
RZ1|CHK|254|1|32|7|4|3|3|7|4|0|1|0
[You] Rocks D. Xebec ["OP17-039">OP17-039]: Trash Wang Zhi ["OP17-041">OP17-041]
RZ1|255|1|OP17-045|0|31|0|31|0|0|0|0|0
RZ1|CHK|255|1|32|7|4|3|3|7|4|0|1|0
[You] Rocks D. Xebec ["OP17-039">OP17-039] revealed: Kyo ["OP17-045">OP17-045]
[] Drew card from deck: Kyo ["OP17-045">OP17-045]
RZ1|256|1|OP17-045|0|31|1|7|1|1|0|0|0
RZ1|CHK|256|1|31|8|4|3|3|7|4|0|1|0
[] Drew card from deck: Rocks D. Xebec ["OP17-118">OP17-118]
RZ1|257|1|OP17-118|0|30|1|8|1|1|0|0|0
RZ1|CHK|257|1|30|9|4|3|3|7|4|0|1|0
[You] Rocks D. Xebec ["OP17-039">OP17-039]: Draw 2 Card
Rocks D. Xebec ["OP17-039">OP17-039][5000] vs Portgas D. Ace ["OP16-001">OP16-001][7000]
Attack Fails
[] Hand: [OP17-118,OP17-046,OP17-046,OP17-048,OP17-057,OP17-056,OP17-049,OP17-045,OP17-118]
[] Board: [OP17-045,OP17-053,OP17-054,OP17-054]
[] Trash: [OP17-045,OP17-044,OP17-056,OP17-041]
[] Life: 3
[] Hand: [OP17-017,OP16-021,OP17-005]
[] Trash: [ST23-001,OP17-006,OP17-006,OP13-016]
[] Board: [OP16-015,OP16-118]
[] Life: 5
[You] End Turn
[] Hand: [OP17-017,OP16-021,OP17-005]
[] Board: [OP16-015,OP16-118]
[] Trash: [ST23-001,OP17-006,OP17-006,OP13-016]
[] Life: 5
[] Hand: [OP17-118,OP17-046,OP17-046,OP17-048,OP17-057,OP17-056,OP17-049,OP17-045,OP17-118]
[] Trash: [OP17-045,OP17-044,OP17-056,OP17-041]
[] Board: [OP17-045,OP17-053,OP17-054,OP17-054]
[] Life: 3
RZ1|258|2|Don|9|9900|5|0|1|1|1|0|0
RZ1|CHK|258|2|36|3|2|5|4|6|4|0|1|0
[Opponent] Draw 1 Card
[] Drew card from deck: Kingdew ["OP17-006">OP17-006]
RZ1|259|2|OP17-006|0|35|1|3|1|1|0|0|0
RZ1|CHK|259|2|35|4|2|5|4|6|4|0|1|0
RZ1|260|2|Don|4|3|5|6|1|1|0|0|0
RZ1|CHK|260|2|35|4|2|5|3|7|4|0|1|0
RZ1|261|2|Don|4|2|5|7|1|1|0|0|0
RZ1|CHK|261|2|35|4|2|5|2|8|4|0|1|0
[Opponent] Draw 2 Don
RZ1|262|2|Don|5|0|5|0|1|1|1|0|0
RZ1|CHK|262|2|35|4|2|5|2|8|4|0|1|0
RZ1|263|2|Don|5|1|5|1|1|1|1|0|0
RZ1|CHK|263|2|35|4|2|5|2|8|4|0|1|0
RZ1|264|2|Don|5|2|5|2|1|1|1|0|0
RZ1|CHK|264|2|35|4|2|5|2|8|4|0|1|0
RZ1|265|2|Don|5|3|5|3|1|1|1|0|0
RZ1|CHK|265|2|35|4|2|5|2|8|4|0|1|0
RZ1|266|2|Don|5|4|5|4|1|1|1|0|0
RZ1|CHK|266|2|35|4|2|5|2|8|4|0|1|0
RZ1|267|2|Don|5|5|5|5|1|1|1|0|0
RZ1|CHK|267|2|35|4|2|5|2|8|4|0|1|0
RZ1|268|2|Don|5|6|5|6|1|1|1|0|0
RZ1|CHK|268|2|35|4|2|5|2|8|4|0|1|0
[Opponent] Deploy Kingdew ["OP17-006">OP17-006]
RZ1|269|2|OP17-006|1|3|2|2|1|1|0|0|0
RZ1|CHK|269|2|35|3|3|5|2|8|4|0|1|0
RZ1|270|2|Don|5|7|9|9900|1|1|0|0|0
RZ1|CHK|270|2|35|3|3|5|2|7|4|0|1|1
[Opponent] Attach 1 Don to Portgas D. Ace ["OP16-001">OP16-001] (1 Total)
[Opponent] Portgas D. Ace ["OP16-001">OP16-001]: Give Kingdew ["OP17-006">OP17-006] Rush
[Opponent] Kingdew ["OP17-006">OP17-006] attacking Rocks D. Xebec ["OP17-039">OP17-039]
Kingdew ["OP17-006">OP17-006][8000] vs Rocks D. Xebec ["OP17-039">OP17-039][5000]
Rocks D. Xebec ["OP17-039">OP17-039] hit for 1 damage
RZ1|271|1|OP17-052|3|2|1|9|1|1|0|0|0
RZ1|CHK|271|1|30|10|4|2|3|7|4|0|1|0
[Opponent] Portgas D. Ace ["OP16-001">OP16-001] attacking Rocks D. Xebec ["OP17-039">OP17-039]
[You] Rocks Pirates ["OP17-056">OP17-056]: Activate Counter
RZ1|272|1|OP17-056|1|5|6|4|1|1|0|0|0
RZ1|CHK|272|1|30|9|4|2|3|7|5|0|1|0
[You] Rocks Pirates ["OP17-056">OP17-056]: Buff Rocks D. Xebec ["OP17-039">OP17-039] 2000 for the Combat
Portgas D. Ace ["OP16-001">OP16-001][6000] vs Rocks D. Xebec ["OP17-039">OP17-039][7000]
Attack Fails
[Opponent] Monkey D. Luffy ["OP16-015">OP16-015] is no longer blocked from attacking
[Opponent] Portgas D. Ace ["OP16-118">OP16-118] is no longer blocked from attacking
[] Hand: [OP17-017,OP16-021,OP17-005]
[] Board: [OP16-015,OP16-118,OP17-006]
[] Trash: [ST23-001,OP17-006,OP17-006,OP13-016]
[] Life: 5
[] Hand: [OP17-118,OP17-046,OP17-046,OP17-048,OP17-057,OP17-049,OP17-045,OP17-118,OP17-052]
[] Trash: [OP17-045,OP17-044,OP17-056,OP17-041,OP17-056]
[] Board: [OP17-045,OP17-053,OP17-054,OP17-054]
[] Life: 2
[Opponent] End Turn
[] Hand: [OP17-118,OP17-046,OP17-046,OP17-048,OP17-057,OP17-049,OP17-045,OP17-118,OP17-052]
[] Board: [OP17-045,OP17-053,OP17-054,OP17-054]
[] Trash: [OP17-045,OP17-044,OP17-056,OP17-041,OP17-056]
[] Life: 2
[] Hand: [OP17-017,OP16-021,OP17-005]
[] Trash: [ST23-001,OP17-006,OP17-006,OP13-016]
[] Board: [OP16-015,OP16-118,OP17-006]
[] Life: 5
[You] Draw 1 Card
[] Drew card from deck: There's No Authority in the World ["OP17-055">OP17-055]
RZ1|273|1|OP17-055|0|29|1|9|1|1|0|0|0
RZ1|CHK|273|1|29|10|4|2|3|7|5|0|1|0
RZ1|274|1|Don|4|2|5|7|1|1|0|0|0
RZ1|CHK|274|1|29|10|4|2|2|8|5|0|1|0
RZ1|275|1|Don|4|1|5|8|1|1|0|0|0
RZ1|CHK|275|1|29|10|4|2|1|9|5|0|1|0
[You] Draw 2 Don
RZ1|276|1|Don|5|0|5|0|1|1|1|0|0
RZ1|CHK|276|1|29|10|4|2|1|9|5|0|1|0
RZ1|277|1|Don|5|1|5|1|1|1|1|0|0
RZ1|CHK|277|1|29|10|4|2|1|9|5|0|1|0
RZ1|278|1|Don|5|2|5|2|1|1|1|0|0
RZ1|CHK|278|1|29|10|4|2|1|9|5|0|1|0
RZ1|279|1|Don|5|3|5|3|1|1|1|0|0
RZ1|CHK|279|1|29|10|4|2|1|9|5|0|1|0
RZ1|280|1|Don|5|4|5|4|1|1|1|0|0
RZ1|CHK|280|1|29|10|4|2|1|9|5|0|1|0
RZ1|281|1|Don|5|5|5|5|1|1|1|0|0
RZ1|CHK|281|1|29|10|4|2|1|9|5|0|1|0
RZ1|282|1|Don|5|6|5|6|1|1|1|0|0
RZ1|CHK|282|1|29|10|4|2|1|9|5|0|1|0
[You] Deploy Shiki ["OP17-048">OP17-048]
RZ1|283|1|OP17-048|1|3|2|4|1|1|0|0|0
RZ1|CHK|283|1|29|9|5|2|1|9|5|0|1|0
[You] Shiki ["OP17-048">OP17-048] attacking Kingdew ["OP17-006">OP17-006]
RZ1|284|1|OP17-052|1|7|6|5|1|1|0|0|0
RZ1|CHK|284|1|29|8|5|2|1|9|6|0|1|0
[You] Shiki ["OP17-048">OP17-048]: Trash Don Marlon ["OP17-052">OP17-052]
[You] Shiki ["OP17-048">OP17-048]: Buff Kingdew ["OP17-006">OP17-006] -3000
Shiki ["OP17-048">OP17-048][9000] vs Kingdew ["OP17-006">OP17-006][5000]
[Opponent] Kingdew ["OP17-006">OP17-006] Destroyed
RZ1|285|2|OP17-006|2|2|6|4|1|1|0|0|0
RZ1|CHK|285|2|35|3|2|5|2|7|5|0|1|1
RZ1|286|1|Don|5|7|5|7|1|1|1|0|0
RZ1|CHK|286|1|29|8|5|2|1|9|6|0|1|0
[You] Deploy Fullalead ["OP17-057">OP17-057]
RZ1|287|1|OP17-057|1|3|7|0|1|1|0|0|0
RZ1|CHK|287|1|29|7|5|2|1|9|6|1|1|0
[You] Stussy ["OP17-054">OP17-054] attacking Portgas D. Ace ["OP16-001">OP16-001]
Stussy ["OP17-054">OP17-054][5000] vs Portgas D. Ace ["OP16-001">OP16-001][5000]
Portgas D. Ace ["OP16-001">OP16-001] hit for 1 damage
RZ1|288|2|OP16-014|3|4|1|3|1|1|0|0|0
RZ1|CHK|288|2|35|4|2|4|2|7|5|0|1|1
[You] Stussy ["OP17-054">OP17-054] attacking Portgas D. Ace ["OP16-001">OP16-001]
RZ1|289|2|OP16-014|1|3|6|5|1|1|0|0|0
RZ1|CHK|289|2|35|3|2|4|2|7|6|0|1|1
[Opponent] Monkey D. Luffy ["OP16-015">OP16-015]: Trash Marco ["OP16-014">OP16-014]
[Opponent] Monkey D. Luffy ["OP16-015">OP16-015]: Set Monkey D. Luffy ["OP16-015">OP16-015] Base Power to 1000
[Opponent] Monkey D. Luffy ["OP16-015">OP16-015]: Set Portgas D. Ace ["OP16-001">OP16-001] Base Power to 2000
Stussy ["OP17-054">OP17-054][5000] vs Portgas D. Ace ["OP16-001">OP16-001][7000]
Attack Fails
[You] Rocks D. Xebec ["OP17-039">OP17-039] attacking Portgas D. Ace ["OP16-001">OP16-001]
RZ1|290|1|OP17-045|1|4|6|6|1|1|0|0|0
RZ1|CHK|290|1|29|6|5|2|1|9|7|1|1|0
[You] Rocks D. Xebec ["OP17-039">OP17-039]: Trash Kyo ["OP17-045">OP17-045]
RZ1|291|1|OP17-040|0|28|0|28|0|0|0|0|0
RZ1|CHK|291|1|29|6|5|2|1|9|7|1|1|0
[You] Rocks D. Xebec ["OP17-039">OP17-039] revealed: Edward Newgate ["OP17-040">OP17-040]
[] Drew card from deck: Edward Newgate ["OP17-040">OP17-040]
RZ1|292|1|OP17-040|0|28|1|6|1|1|0|0|0
RZ1|CHK|292|1|28|7|5|2|1|9|7|1|1|0
[] Drew card from deck: Kaido ["OP17-042">OP17-042]
RZ1|293|1|OP17-042|0|27|1|7|1|1|0|0|0
RZ1|CHK|293|1|27|8|5|2|1|9|7|1|1|0
[You] Rocks D. Xebec ["OP17-039">OP17-039]: Draw 2 Card
Rocks D. Xebec ["OP17-039">OP17-039][5000] vs Portgas D. Ace ["OP16-001">OP16-001][7000]
Attack Fails
[] Hand: [OP17-118,OP17-046,OP17-046,OP17-049,OP17-118,OP17-055,OP17-040,OP17-042]
[] Board: [OP17-045,OP17-053,OP17-054,OP17-054,OP17-048]
[] Trash: [OP17-045,OP17-044,OP17-056,OP17-041,OP17-056,OP17-052,OP17-045]
[] Life: 2
[] Hand: [OP17-017,OP16-021,OP17-005]
[] Trash: [ST23-001,OP17-006,OP17-006,OP13-016,OP17-006,OP16-014]
[] Board: [OP16-015,OP16-118]
[] Life: 4
[You] End Turn
[] Hand: [OP17-017,OP16-021,OP17-005]
[] Board: [OP16-015,OP16-118]
[] Trash: [ST23-001,OP17-006,OP17-006,OP13-016,OP17-006,OP16-014]
[] Life: 4
[] Hand: [OP17-118,OP17-046,OP17-046,OP17-049,OP17-118,OP17-055,OP17-040,OP17-042]
[] Trash: [OP17-045,OP17-044,OP17-056,OP17-041,OP17-056,OP17-052,OP17-045]
[] Board: [OP17-045,OP17-053,OP17-054,OP17-054,OP17-048]
[] Life: 2
RZ1|294|2|Don|9|9900|5|0|1|1|1|0|0
RZ1|CHK|294|2|35|3|2|4|2|8|6|0|1|0
[Opponent] Draw 1 Card
[] Drew card from deck: Portgas D. Ace ["OP16-118">OP16-118]
RZ1|295|2|OP16-118|0|34|1|3|1|1|0|0|0
RZ1|CHK|295|2|34|4|2|4|2|8|6|0|1|0
RZ1|296|2|Don|4|1|5|8|1|1|0|0|0
RZ1|CHK|296|2|34|4|2|4|1|9|6|0|1|0
RZ1|297|2|Don|4|0|5|9|1|1|0|0|0
RZ1|CHK|297|2|34|4|2|4|0|10|6|0|1|0
[Opponent] Draw 2 Don
RZ1|298|2|Don|5|0|5|0|1|1|1|0|0
RZ1|CHK|298|2|34|4|2|4|0|10|6|0|1|0
RZ1|299|2|Don|5|1|5|1|1|1|1|0|0
RZ1|CHK|299|2|34|4|2|4|0|10|6|0|1|0
RZ1|300|2|Don|5|2|5|2|1|1|1|0|0
RZ1|CHK|300|2|34|4|2|4|0|10|6|0|1|0
RZ1|301|2|Don|5|3|5|3|1|1|1|0|0
RZ1|CHK|301|2|34|4|2|4|0|10|6|0|1|0
RZ1|302|2|Don|5|4|5|4|1|1|1|0|0
RZ1|CHK|302|2|34|4|2|4|0|10|6|0|1|0
RZ1|303|2|Don|5|5|5|5|1|1|1|0|0
RZ1|CHK|303|2|34|4|2|4|0|10|6|0|1|0
RZ1|304|2|Don|5|6|5|6|1|1|1|0|0
RZ1|CHK|304|2|34|4|2|4|0|10|6|0|1|0
RZ1|305|2|Don|5|7|5|7|1|1|1|0|0
RZ1|CHK|305|2|34|4|2|4|0|10|6|0|1|0
RZ1|306|2|Don|5|8|5|8|1|1|1|0|0
RZ1|CHK|306|2|34|4|2|4|0|10|6|0|1|0
RZ1|307|2|Don|5|9|5|9|1|1|1|0|0
RZ1|CHK|307|2|34|4|2|4|0|10|6|0|1|0
[Opponent] Deploy Edward Newgate ["OP17-005">OP17-005]
RZ1|308|2|OP17-005|1|2|2|2|1|1|0|0|0
RZ1|CHK|308|2|34|3|3|4|0|10|6|0|1|0
[Opponent] Edward Newgate ["OP17-005">OP17-005]: Grant Portgas D. Ace ["OP16-001">OP16-001] 3000 until opponent's next turn end
[Opponent] Portgas D. Ace ["OP16-001">OP16-001] attacking Rocks D. Xebec ["OP17-039">OP17-039]
[You] Fullalead ["OP17-057">OP17-057]: Rest Fullalead ["OP17-057">OP17-057]
RZ1|309|1|OP17-049|1|3|6|7|1|1|0|0|0
RZ1|CHK|309|1|27|7|5|2|1|9|8|1|1|0
[You] Fullalead ["OP17-057">OP17-057]: Trash Charlotte Linlin ["OP17-049">OP17-049]
[You] Fullalead ["OP17-057">OP17-057]: Buff Rocks D. Xebec ["OP17-039">OP17-039] 1000 for the Combat
[You] There's No Authority in the World ["OP17-055">OP17-055]: Activate Counter
RZ1|310|1|OP17-055|1|4|6|8|1|1|0|0|0
RZ1|CHK|310|1|27|6|5|2|1|9|9|1|1|0
[You] There's No Authority in the World ["OP17-055">OP17-055]: Buff Rocks D. Xebec ["OP17-039">OP17-039] 2000 for the Combat
Portgas D. Ace ["OP16-001">OP16-001][8000] vs Rocks D. Xebec ["OP17-039">OP17-039][8000]
Rocks D. Xebec ["OP17-039">OP17-039] hit for 1 damage
RZ1|311|1|OP17-049|3|1|1|6|1|1|0|0|0
RZ1|CHK|311|1|27|7|5|1|1|9|9|1|1|0
[Opponent] Monkey D. Luffy ["OP16-015">OP16-015] attacking Rocks D. Xebec ["OP17-039">OP17-039]
[You] Discard Rocks D. Xebec ["OP17-118">OP17-118] for Counter 2000
RZ1|312|1|OP17-118|1|3|6|9|1|1|0|0|0
RZ1|CHK|312|1|27|6|5|1|1|9|10|1|1|0
Monkey D. Luffy ["OP16-015">OP16-015][6000] vs Rocks D. Xebec ["OP17-039">OP17-039][7000]
Attack Fails
[Opponent] Portgas D. Ace ["OP16-118">OP16-118] attacking Rocks D. Xebec ["OP17-039">OP17-039]
RZ1|313|1|OP17-049|1|5|6|10|1|1|0|0|0
RZ1|CHK|313|1|27|5|5|1|1|9|11|1|1|0
[You] Shiki ["OP17-048">OP17-048]: Trash Charlotte Linlin ["OP17-049">OP17-049]
[You] Shiki ["OP17-048">OP17-048]: Buff Portgas D. Ace ["OP16-118">OP16-118] -3000
Portgas D. Ace ["OP16-118">OP16-118][3000] vs Rocks D. Xebec ["OP17-039">OP17-039][5000]
Attack Fails
[Opponent] Portgas D. Ace ["OP16-001">OP16-001]: Give Edward Newgate ["OP17-005">OP17-005] Rush
[Opponent] Edward Newgate ["OP17-005">OP17-005] attacking Shiki ["OP17-048">OP17-048]
Edward Newgate ["OP17-005">OP17-005][12000] vs Shiki ["OP17-048">OP17-048][9000]
[You] Shiki ["OP17-048">OP17-048] Destroyed
RZ1|314|1|OP17-048|2|4|6|11|1|1|0|0|0
RZ1|CHK|314|1|27|5|4|1|1|9|12|1|1|0
[] Hand: [OP17-017,OP16-021,OP16-118]
[] Board: [OP16-015,OP16-118,OP17-005]
[] Trash: [ST23-001,OP17-006,OP17-006,OP13-016,OP17-006,OP16-014]
[] Life: 4
[] Hand: [OP17-118,OP17-046,OP17-046,OP17-040,OP17-042]
[] Trash: [OP17-045,OP17-044,OP17-056,OP17-041,OP17-056,OP17-052,OP17-045,OP17-049,OP17-055,OP17-118,OP17-049,OP17-048]
[] Board: [OP17-045,OP17-053,OP17-054,OP17-054]
[] Life: 1
[Opponent] End Turn
[] Hand: [OP17-118,OP17-046,OP17-046,OP17-040,OP17-042]
[] Board: [OP17-045,OP17-053,OP17-054,OP17-054]
[] Trash: [OP17-045,OP17-044,OP17-056,OP17-041,OP17-056,OP17-052,OP17-045,OP17-049,OP17-055,OP17-118,OP17-049,OP17-048]
[] Life: 1
[] Hand: [OP17-017,OP16-021,OP16-118]
[] Trash: [ST23-001,OP17-006,OP17-006,OP13-016,OP17-006,OP16-014]
[] Board: [OP16-015,OP16-118,OP17-005]
[] Life: 4
[You] Draw 1 Card
[] Drew card from deck: Streusen ["OP17-050">OP17-050]
RZ1|315|1|OP17-050|0|26|1|5|1|1|0|0|0
RZ1|CHK|315|1|26|6|4|1|1|9|12|1|1|0
RZ1|316|1|Don|4|0|5|9|1|1|0|0|0
RZ1|CHK|316|1|26|6|4|1|0|10|12|1|1|0
[You] Draw 2 Don
RZ1|317|1|Don|5|0|5|0|1|1|1|0|0
RZ1|CHK|317|1|26|6|4|1|0|10|12|1|1|0
RZ1|318|1|Don|5|1|5|1|1|1|1|0|0
RZ1|CHK|318|1|26|6|4|1|0|10|12|1|1|0
RZ1|319|1|Don|5|2|5|2|1|1|1|0|0
RZ1|CHK|319|1|26|6|4|1|0|10|12|1|1|0
RZ1|320|1|Don|5|3|5|3|1|1|1|0|0
RZ1|CHK|320|1|26|6|4|1|0|10|12|1|1|0
RZ1|321|1|Don|5|4|5|4|1|1|1|0|0
RZ1|CHK|321|1|26|6|4|1|0|10|12|1|1|0
RZ1|322|1|Don|5|5|5|5|1|1|1|0|0
RZ1|CHK|322|1|26|6|4|1|0|10|12|1|1|0
RZ1|323|1|Don|5|6|5|6|1|1|1|0|0
RZ1|CHK|323|1|26|6|4|1|0|10|12|1|1|0
RZ1|324|1|Don|5|7|5|7|1|1|1|0|0
RZ1|CHK|324|1|26|6|4|1|0|10|12|1|1|0
RZ1|325|1|Don|5|8|5|8|1|1|1|0|0
RZ1|CHK|325|1|26|6|4|1|0|10|12|1|1|0
RZ1|326|1|Don|5|9|5|9|1|1|1|0|0
RZ1|CHK|326|1|26|6|4|1|0|10|12|1|1|0
[You] Deploy Rocks D. Xebec ["OP17-118">OP17-118]
RZ1|327|1|OP17-118|1|0|2|4|1|1|0|0|0
RZ1|CHK|327|1|26|5|5|1|0|10|12|1|1|0
[] Drew card from deck: Charlotte Linlin ["OP17-049">OP17-049]
RZ1|328|1|OP17-049|0|25|1|5|1|1|0|0|0
RZ1|CHK|328|1|25|6|5|1|0|10|12|1|1|0
[You] Rocks D. Xebec ["OP17-118">OP17-118]: Draw 1 Card
RZ1|329|1|OP17-045|2|0|6|12|1|1|0|0|0
RZ1|CHK|329|1|25|6|4|1|0|10|13|1|1|0
[You] Trash Kyo ["OP17-045">OP17-045]
RZ1|330|1|OP17-046|1|1|2|4|1|1|0|0|0
RZ1|CHK|330|1|25|5|5|1|0|10|13|1|1|0
[You] Rocks D. Xebec ["OP17-118">OP17-118]: Deploy Gloriosa ["OP17-046">OP17-046]
RZ1|331|1|OP17-054|2|2|6|13|1|1|0|0|0
RZ1|CHK|331|1|25|5|4|1|0|10|14|1|1|0
[You] Trash Stussy ["OP17-054">OP17-054]
RZ1|332|1|OP17-049|1|4|2|4|1|1|0|0|0
RZ1|CHK|332|1|25|4|5|1|0|10|14|1|1|0
[You] Rocks D. Xebec ["OP17-118">OP17-118]: Deploy Charlotte Linlin ["OP17-049">OP17-049]
[You] Gloriosa ["OP17-046">OP17-046]: Send Monkey D. Luffy ["OP16-015">OP16-015] to Deck Bottom
RZ1|333|2|OP16-015|2|0|0|0|0|0|1|0|0
RZ1|CHK|333|2|35|3|2|4|0|10|6|0|1|0
[You] Forcing opponent to resolve Card Action!
[Opponent] Forcing opponent to resolve Card Action!
[] Drew card from deck: Gloriosa ["OP17-046">OP17-046]
RZ1|334|1|OP17-046|0|24|1|4|1|1|0|0|0
RZ1|CHK|334|1|24|5|5|1|0|10|14|1|1|0
[] Drew card from deck: Streusen ["OP17-050">OP17-050]
RZ1|335|1|OP17-050|0|23|1|5|1|1|0|0|0
RZ1|CHK|335|1|23|6|5|1|0|10|14|1|1|0
[You] Charlotte Linlin ["OP17-049">OP17-049]: Draw 2 Card
[You] Rocks D. Xebec ["OP17-039">OP17-039] attacking Portgas D. Ace ["OP16-001">OP16-001]
RZ1|336|1|OP17-050|1|5|6|14|1|1|0|0|0
RZ1|CHK|336|1|23|5|5|1|0|10|15|1|1|0
[You] Rocks D. Xebec ["OP17-039">OP17-039]: Trash Streusen ["OP17-050">OP17-050]
RZ1|337|1|OP08-051|0|22|0|22|0|0|0|0|0
RZ1|CHK|337|1|23|5|5|1|0|10|15|1|1|0
[You] Rocks D. Xebec ["OP17-039">OP17-039] revealed: Buckin ["OP08-051">OP08-051]
[] Drew card from deck: Buckin ["OP08-051">OP08-051]
RZ1|338|1|OP08-051|0|22|1|5|1|1|0|0|0
RZ1|CHK|338|1|22|6|5|1|0|10|15|1|1|0
[] Drew card from deck: Shiki ["OP17-048">OP17-048]
RZ1|339|1|OP17-048|0|21|1|6|1|1|0|0|0
RZ1|CHK|339|1|21|7|5|1|0|10|15|1|1|0
[You] Rocks D. Xebec ["OP17-039">OP17-039]: Draw 2 Card
Rocks D. Xebec ["OP17-039">OP17-039][5000] vs Portgas D. Ace ["OP16-001">OP16-001][8000]
Attack Fails
[You] Barbell ["OP17-053">OP17-053] attacking Portgas D. Ace ["OP16-118">OP16-118]
Barbell ["OP17-053">OP17-053][7000] vs Portgas D. Ace ["OP16-118">OP16-118][6000]
[Opponent] Portgas D. Ace ["OP16-118">OP16-118] Destroyed
RZ1|340|2|OP16-118|2|0|6|6|1|1|0|0|0
RZ1|CHK|340|2|35|3|1|4|0|10|7|0|1|0
RZ1|341|2|OP16-014|0|33|1|3|1|1|0|0|0
RZ1|CHK|341|2|34|4|1|4|0|10|7|0|1|0
[Opponent] Portgas D. Ace ["OP16-118">OP16-118]: <b>Reveal and Draw Marco ["OP16-014">OP16-014]</b>
[Opponent] Placing Cards on Bottom of Deck
RZ1|342|2|OP16-021|0|33|0|0|0|0|0|0|0
RZ1|CHK|342|2|34|4|1|4|0|10|7|0|1|0
RZ1|343|2|OP10-015|0|33|0|0|0|0|0|0|0
RZ1|CHK|343|2|34|4|1|4|0|10|7|0|1|0
RZ1|344|2|OP17-017|0|33|0|0|0|0|0|0|0
RZ1|CHK|344|2|34|4|1|4|0|10|7|0|1|0
RZ1|345|2|OP16-011|0|33|0|0|0|0|0|0|0
RZ1|CHK|345|2|34|4|1|4|0|10|7|0|1|0
[] Hand: [OP17-046,OP17-040,OP17-042,OP17-050,OP17-046,OP08-051,OP17-048]
[] Board: [OP17-053,OP17-054,OP17-118,OP17-046,OP17-049]
[] Trash: [OP17-045,OP17-044,OP17-056,OP17-041,OP17-056,OP17-052,OP17-045,OP17-049,OP17-055,OP17-118,OP17-049,OP17-048,OP17-045,OP17-054,OP17-050]
[] Life: 1
[] Hand: [OP17-017,OP16-021,OP16-118,OP16-014]
[] Trash: [ST23-001,OP17-006,OP17-006,OP13-016,OP17-006,OP16-014,OP16-118]
[] Board: [OP17-005]
[] Life: 4
[You] End Turn
[] Hand: [OP17-017,OP16-021,OP16-118,OP16-014]
[] Board: [OP17-005]
[] Trash: [ST23-001,OP17-006,OP17-006,OP13-016,OP17-006,OP16-014,OP16-118]
[] Life: 4
[] Hand: [OP17-046,OP17-040,OP17-042,OP17-050,OP17-046,OP08-051,OP17-048]
[] Trash: [OP17-045,OP17-044,OP17-056,OP17-041,OP17-056,OP17-052,OP17-045,OP17-049,OP17-055,OP17-118,OP17-049,OP17-048,OP17-045,OP17-054,OP17-050]
[] Board: [OP17-053,OP17-054,OP17-118,OP17-046,OP17-049]
[] Life: 1
[Opponent] Draw 1 Card
[] Drew card from deck: Monkey D. Garp ["OP13-016">OP13-016]
RZ1|346|2|OP13-016|0|33|1|4|1|1|0|0|0
RZ1|CHK|346|2|33|5|1|4|0|10|7|0|1|0
RZ1|347|2|Don|5|0|5|0|1|1|1|0|0
RZ1|CHK|347|2|33|5|1|4|0|10|7|0|1|0
RZ1|348|2|Don|5|1|5|1|1|1|1|0|0
RZ1|CHK|348|2|33|5|1|4|0|10|7|0|1|0
RZ1|349|2|Don|5|2|5|2|1|1|1|0|0
RZ1|CHK|349|2|33|5|1|4|0|10|7|0|1|0
RZ1|350|2|Don|5|3|5|3|1|1|1|0|0
RZ1|CHK|350|2|33|5|1|4|0|10|7|0|1|0
RZ1|351|2|Don|5|4|5|4|1|1|1|0|0
RZ1|CHK|351|2|33|5|1|4|0|10|7|0|1|0
RZ1|352|2|Don|5|5|5|5|1|1|1|0|0
RZ1|CHK|352|2|33|5|1|4|0|10|7|0|1|0
[Opponent] Deploy Marco ["OP16-014">OP16-014]
RZ1|353|2|OP16-014|1|3|2|1|1|1|0|0|0
RZ1|CHK|353|2|33|4|2|4|0|10|7|0|1|0
[Opponent] Edward Newgate ["OP17-005">OP17-005] attacking Rocks D. Xebec ["OP17-039">OP17-039]
[You] Gloriosa ["OP17-046">OP17-046] Blocks
Edward Newgate ["OP17-005">OP17-005][12000] vs Gloriosa ["OP17-046">OP17-046][1000]
[You] Gloriosa ["OP17-046">OP17-046] Destroyed
RZ1|354|1|OP17-046|2|3|6|15|1|1|0|0|0
RZ1|CHK|354|1|21|7|4|1|0|10|16|1|1|0
RZ1|355|2|Don|5|6|5|6|1|1|1|0|0
RZ1|CHK|355|2|33|4|2|4|0|10|7|0|1|0
[Opponent] Deploy Monkey D. Garp ["OP13-016">OP13-016]
RZ1|356|2|OP13-016|1|3|2|2|1|1|0|0|0
RZ1|CHK|356|2|33|3|3|4|0|10|7|0|1|0
RZ1|357|2|OP16-004|0|32|1|3|1|1|0|0|0
RZ1|CHK|357|2|32|4|3|4|0|10|7|0|1|0
[Opponent] Monkey D. Garp ["OP13-016">OP13-016]: <b>Reveal and Draw Curiel ["OP16-004">OP16-004]</b>
[Opponent] Placing Cards on Bottom of Deck
RZ1|358|2|OP16-118|0|31|0|0|0|0|0|0|0
RZ1|CHK|358|2|32|4|3|4|0|10|7|0|1|0
RZ1|359|2|OP16-015|0|31|0|0|0|0|0|0|0
RZ1|CHK|359|2|32|4|3|4|0|10|7|0|1|0
RZ1|360|2|OP16-003|0|31|0|0|0|0|0|0|0
RZ1|CHK|360|2|32|4|3|4|0|10|7|0|1|0
RZ1|361|2|Don|5|7|5|7|1|1|1|0|0
RZ1|CHK|361|2|32|4|3|4|0|10|7|0|1|0
[Opponent] Deploy Moby Dick ["OP16-021">OP16-021]
RZ1|362|2|OP16-021|1|1|7|0|1|1|0|0|0
RZ1|CHK|362|2|32|3|3|4|0|10|7|1|1|0
RZ1|363|2|ST23-001|0|31|1|3|1|1|0|0|0
RZ1|CHK|363|2|31|4|3|4|0|10|7|1|1|0
[Opponent] Moby Dick ["OP16-021">OP16-021]: Added 1 Cards to Hand
[Opponent] Placing Cards on Bottom of Deck
RZ1|364|2|OP17-005|0|30|0|0|0|0|0|0|0
RZ1|CHK|364|2|31|4|3|4|0|10|7|1|1|0
RZ1|365|2|ST23-001|0|30|0|0|0|0|0|0|0
RZ1|CHK|365|2|31|4|3|4|0|10|7|1|1|0
RZ1|366|2|Don|5|8|5|8|1|1|1|0|0
RZ1|CHK|366|2|31|4|3|4|0|10|7|1|1|0
RZ1|367|2|Don|5|9|5|9|1|1|1|0|0
RZ1|CHK|367|2|31|4|3|4|0|10|7|1|1|0
[Opponent] Deploy Uta ["ST23-001">ST23-001]
RZ1|368|2|ST23-001|1|3|2|3|1|1|0|0|0
RZ1|CHK|368|2|31|3|4|4|0|10|7|1|1|0
[Opponent] Portgas D. Ace ["OP16-001">OP16-001] attacking Rocks D. Xebec ["OP17-039">OP17-039]
[You] Fullalead ["OP17-057">OP17-057]: Rest Fullalead ["OP17-057">OP17-057]
RZ1|369|1|OP17-050|1|3|6|16|1|1|0|0|0
RZ1|CHK|369|1|21|6|4|1|0|10|17|1|1|0
[You] Fullalead ["OP17-057">OP17-057]: Trash Streusen ["OP17-050">OP17-050]
[You] Fullalead ["OP17-057">OP17-057]: Buff Rocks D. Xebec ["OP17-039">OP17-039] 1000 for the Combat
Portgas D. Ace ["OP16-001">OP16-001][5000] vs Rocks D. Xebec ["OP17-039">OP17-039][6000]
Attack Fails
[] Hand: [OP17-017,OP16-118,OP16-004]
[] Board: [OP17-005,OP16-014,OP13-016,ST23-001]
[] Trash: [ST23-001,OP17-006,OP17-006,OP13-016,OP17-006,OP16-014,OP16-118]
[] Life: 4
[] Hand: [OP17-046,OP17-040,OP17-042,OP17-046,OP08-051,OP17-048]
[] Trash: [OP17-045,OP17-044,OP17-056,OP17-041,OP17-056,OP17-052,OP17-045,OP17-049,OP17-055,OP17-118,OP17-049,OP17-048,OP17-045,OP17-054,OP17-050,OP17-046,OP17-050]
[] Board: [OP17-053,OP17-054,OP17-118,OP17-049]
[] Life: 1
[Opponent] End Turn
[] Hand: [OP17-046,OP17-040,OP17-042,OP17-046,OP08-051,OP17-048]
[] Board: [OP17-053,OP17-054,OP17-118,OP17-049]
[] Trash: [OP17-045,OP17-044,OP17-056,OP17-041,OP17-056,OP17-052,OP17-045,OP17-049,OP17-055,OP17-118,OP17-049,OP17-048,OP17-045,OP17-054,OP17-050,OP17-046,OP17-050]
[] Life: 1
[] Hand: [OP17-017,OP16-118,OP16-004]
[] Trash: [ST23-001,OP17-006,OP17-006,OP13-016,OP17-006,OP16-014,OP16-118]
[] Board: [OP17-005,OP16-014,OP13-016,ST23-001]
[] Life: 4
[You] Draw 1 Card
[] Drew card from deck: There's No Authority in the World ["OP17-055">OP17-055]
RZ1|370|1|OP17-055|0|20|1|6|1|1|0|0|0
RZ1|CHK|370|1|20|7|4|1|0|10|17|1|1|0
RZ1|371|1|Don|5|0|5|0|1|1|1|0|0
RZ1|CHK|371|1|20|7|4|1|0|10|17|1|1|0
RZ1|372|1|Don|5|1|5|1|1|1|1|0|0
RZ1|CHK|372|1|20|7|4|1|0|10|17|1|1|0
RZ1|373|1|Don|5|2|5|2|1|1|1|0|0
RZ1|CHK|373|1|20|7|4|1|0|10|17|1|1|0
RZ1|374|1|Don|5|3|5|3|1|1|1|0|0
RZ1|CHK|374|1|20|7|4|1|0|10|17|1|1|0
[You] Deploy Kaido ["OP17-042">OP17-042]
RZ1|375|1|OP17-042|1|2|2|4|1|1|0|0|0
RZ1|CHK|375|1|20|6|5|1|0|10|17|1|1|0
[You] Kaido ["OP17-042">OP17-042] revealed: Shiki ["OP17-048">OP17-048]
[You] Kaido ["OP17-042">OP17-042] revealed: Buckin ["OP08-051">OP08-051]
[You] Kaido ["OP17-042">OP17-042] revealed: Gloriosa ["OP17-046">OP17-046]
[You] Forcing opponent to resolve Card Action!
[Opponent] Forcing opponent to resolve Card Action!
[You] Kaido ["OP17-042">OP17-042]: Buff Edward Newgate ["OP17-005">OP17-005] -3000
[You] Rocks D. Xebec ["OP17-118">OP17-118] attacking Edward Newgate ["OP17-005">OP17-005]
Rocks D. Xebec ["OP17-118">OP17-118][12000] vs Edward Newgate ["OP17-005">OP17-005][9000]
[Opponent] Edward Newgate ["OP17-005">OP17-005] Destroyed
RZ1|376|2|OP17-005|2|0|6|7|1|1|0|0|0
RZ1|CHK|376|2|31|3|3|4|0|10|8|1|1|0
[You] Charlotte Linlin ["OP17-049">OP17-049] attacking Portgas D. Ace ["OP16-001">OP16-001]
Charlotte Linlin ["OP17-049">OP17-049][7000] vs Portgas D. Ace ["OP16-001">OP16-001][5000]
Portgas D. Ace ["OP16-001">OP16-001] hit for 1 damage
RZ1|377|2|OP16-004|3|3|1|3|1|1|0|0|0
RZ1|CHK|377|2|31|4|3|3|0|10|8|1|1|0
[You] Stussy ["OP17-054">OP17-054] attacking Portgas D. Ace ["OP16-001">OP16-001]
[Opponent] Discard Portgas D. Ace ["OP16-118">OP16-118] for Counter 1000
RZ1|378|2|OP16-118|1|1|6|8|1|1|0|0|0
RZ1|CHK|378|2|31|3|3|3|0|10|9|1|1|0
Stussy ["OP17-054">OP17-054][5000] vs Portgas D. Ace ["OP16-001">OP16-001][6000]
Attack Fails
[You] Barbell ["OP17-053">OP17-053] attacking Portgas D. Ace ["OP16-001">OP16-001]
Barbell ["OP17-053">OP17-053][7000] vs Portgas D. Ace ["OP16-001">OP16-001][5000]
Portgas D. Ace ["OP16-001">OP16-001] hit for 1 damage
RZ1|379|2|ST30-016|3|2|1|3|1|1|0|0|0
RZ1|CHK|379|2|31|4|3|2|0|10|9|1|1|0
RZ1|380|1|Don|5|4|5|4|1|1|1|0|0
RZ1|CHK|380|1|20|6|5|1|0|10|17|1|1|0
RZ1|381|1|Don|5|5|5|5|1|1|1|0|0
RZ1|CHK|381|1|20|6|5|1|0|10|17|1|1|0
RZ1|382|1|Don|5|6|5|6|1|1|1|0|0
RZ1|CHK|382|1|20|6|5|1|0|10|17|1|1|0
RZ1|383|1|Don|5|7|5|7|1|1|1|0|0
RZ1|CHK|383|1|20|6|5|1|0|10|17|1|1|0
[You] Trash Stussy ["OP17-054">OP17-054]
[You] Deploy Gloriosa ["OP17-046">OP17-046]
RZ1|384|1|OP17-054|2|1|6|17|1|1|0|0|0
RZ1|CHK|384|1|20|6|4|1|0|10|18|1|1|0
RZ1|385|1|OP17-046|1|2|2|4|1|1|0|0|0
RZ1|CHK|385|1|20|5|5|1|0|10|18|1|1|0
[You] Gloriosa ["OP17-046">OP17-046]: Send Monkey D. Garp ["OP13-016">OP13-016] to Deck Bottom
RZ1|386|2|OP13-016|2|1|0|0|0|0|0|0|0
RZ1|CHK|386|2|32|4|2|2|0|10|9|1|1|0
[You] Attach 1 Don to Rocks D. Xebec ["OP17-039">OP17-039] (1 Total)
RZ1|387|1|Don|5|9|9|9900|1|1|0|0|0
RZ1|CHK|387|1|20|5|5|1|0|9|18|1|1|1
[You] Attach 1 Don to Rocks D. Xebec ["OP17-039">OP17-039] (2 Total)
RZ1|388|1|Don|5|8|9|9901|1|1|0|0|0
RZ1|CHK|388|1|20|5|5|1|0|8|18|1|1|2
[You] Rocks D. Xebec ["OP17-039">OP17-039] attacking Portgas D. Ace ["OP16-001">OP16-001]
RZ1|389|1|OP17-048|1|3|6|18|1|1|0|0|0
RZ1|CHK|389|1|20|4|5|1|0|8|19|1|1|2
[You] Rocks D. Xebec ["OP17-039">OP17-039]: Trash Shiki ["OP17-048">OP17-048]
RZ1|390|1|OP17-046|0|19|0|19|0|0|0|0|0
RZ1|CHK|390|1|20|4|5|1|0|8|19|1|1|2
[You] Rocks D. Xebec ["OP17-039">OP17-039] revealed: Gloriosa ["OP17-046">OP17-046]
[] Drew card from deck: Gloriosa ["OP17-046">OP17-046]
RZ1|391|1|OP17-046|0|19|1|4|1|1|0|0|0
RZ1|CHK|391|1|19|5|5|1|0|8|19|1|1|2
[] Drew card from deck: Rocks D. Xebec ["OP17-118">OP17-118]
RZ1|392|1|OP17-118|0|18|1|5|1|1|0|0|0
RZ1|CHK|392|1|18|6|5|1|0|8|19|1|1|2
[You] Rocks D. Xebec ["OP17-039">OP17-039]: Draw 2 Card
[Opponent] Uta ["ST23-001">ST23-001] Blocks
[Opponent] Discard Curiel ["OP16-004">OP16-004] for Counter 2000
RZ1|393|2|OP16-004|1|1|6|9|1|1|0|0|0
RZ1|CHK|393|2|32|3|2|2|0|10|10|1|1|0
[Opponent] Discard Curiel ["OP16-004">OP16-004] for Counter 2000
RZ1|394|2|OP16-004|1|1|6|10|1|1|0|0|0
RZ1|CHK|394|2|32|2|2|2|0|10|11|1|1|0
Rocks D. Xebec ["OP17-039">OP17-039][7000] vs Uta ["ST23-001">ST23-001][8000]
Attack Fails
[] Hand: [OP17-046,OP17-040,OP08-051,OP17-055,OP17-046,OP17-118]
[] Board: [OP17-053,OP17-118,OP17-049,OP17-042,OP17-046]
[] Trash: [OP17-045,OP17-044,OP17-056,OP17-041,OP17-056,OP17-052,OP17-045,OP17-049,OP17-055,OP17-118,OP17-049,OP17-048,OP17-045,OP17-054,OP17-050,OP17-046,OP17-050,OP17-054,OP17-048]
[] Life: 1
[] Hand: [OP17-017,ST30-016]
[] Trash: [ST23-001,OP17-006,OP17-006,OP13-016,OP17-006,OP16-014,OP16-118,OP17-005,OP16-118,OP16-004,OP16-004]
[] Board: [OP16-014,ST23-001]
[] Life: 2
[You] End Turn
[] Hand: [OP17-017,ST30-016]
[] Board: [OP16-014,ST23-001]
[] Trash: [ST23-001,OP17-006,OP17-006,OP13-016,OP17-006,OP16-014,OP16-118,OP17-005,OP16-118,OP16-004,OP16-004]
[] Life: 2
[] Hand: [OP17-046,OP17-040,OP08-051,OP17-055,OP17-046,OP17-118]
[] Trash: [OP17-045,OP17-044,OP17-056,OP17-041,OP17-056,OP17-052,OP17-045,OP17-049,OP17-055,OP17-118,OP17-049,OP17-048,OP17-045,OP17-054,OP17-050,OP17-046,OP17-050,OP17-054,OP17-048]
[] Board: [OP17-053,OP17-118,OP17-049,OP17-042,OP17-046]
[] Life: 1
[Opponent] Draw 1 Card
[] Drew card from deck: Monkey D. Garp ["OP13-016">OP13-016]
RZ1|395|2|OP13-016|0|31|1|2|1|1|0|0|0
RZ1|CHK|395|2|31|3|2|2|0|10|11|1|1|0
RZ1|396|2|Don|5|0|9|9900|1|1|0|0|0
RZ1|CHK|396|2|31|3|2|2|0|9|11|1|1|1
RZ1|397|2|Don|5|0|9|9901|1|1|0|0|0
RZ1|CHK|397|2|31|3|2|2|0|8|11|1|1|2
RZ1|398|2|Don|5|0|9|9902|1|1|0|0|0
RZ1|CHK|398|2|31|3|2|2|0|7|11|1|1|3
RZ1|399|2|Don|5|0|9|9903|1|1|0|0|0
RZ1|CHK|399|2|31|3|2|2|0|6|11|1|1|4
RZ1|400|2|Don|5|0|9|9904|1|1|0|0|0
RZ1|CHK|400|2|31|3|2|2|0|5|11|1|1|5
RZ1|401|2|Don|5|0|9|9905|1|1|0|0|0
RZ1|CHK|401|2|31|3|2|2|0|4|11|1|1|6
RZ1|402|2|Don|5|0|9|9906|1|1|0|0|0
RZ1|CHK|402|2|31|3|2|2|0|3|11|1|1|7
[Opponent] Attach 7 Don to Portgas D. Ace ["OP16-001">OP16-001] (7 Total)
[Opponent] Portgas D. Ace ["OP16-001">OP16-001] attacking Rocks D. Xebec ["OP17-118">OP17-118]
[You] Discard Buckin ["OP08-051">OP08-051] for Counter 1000
RZ1|403|1|OP08-051|1|2|6|19|1|1|0|0|0
RZ1|CHK|403|1|18|5|5|1|0|8|20|1|1|2
Portgas D. Ace ["OP16-001">OP16-001][12000] vs Rocks D. Xebec ["OP17-118">OP17-118][13000]
Attack Fails
RZ1|404|2|Don|5|0|5|0|1|1|1|0|0
RZ1|CHK|404|2|31|3|2|2|0|3|11|1|1|7
[Opponent] Deploy Monkey D. Garp ["OP13-016">OP13-016]
RZ1|405|2|OP13-016|1|2|2|2|1|1|0|0|0
RZ1|CHK|405|2|31|2|3|2|0|3|11|1|1|7
RZ1|406|2|OP17-006|0|27|1|2|1|1|0|0|0
RZ1|CHK|406|2|30|3|3|2|0|3|11|1|1|7
[Opponent] Monkey D. Garp ["OP13-016">OP13-016]: <b>Reveal and Draw Kingdew ["OP17-006">OP17-006]</b>
[Opponent] Placing Cards on Bottom of Deck
RZ1|407|2|OP16-021|0|29|0|0|0|0|0|0|0
RZ1|CHK|407|2|30|3|3|2|0|3|11|1|1|7
RZ1|408|2|OP16-003|0|29|0|0|0|0|0|0|0
RZ1|CHK|408|2|30|3|3|2|0|3|11|1|1|7
RZ1|409|2|OP13-016|0|29|0|0|0|0|0|0|0
RZ1|CHK|409|2|30|3|3|2|0|3|11|1|1|7
RZ1|410|2|Don|5|1|9|0|1|1|0|0|0
RZ1|CHK|410|2|30|3|3|2|0|2|11|1|1|8
RZ1|411|2|Don|5|1|9|1|1|1|0|0|0
RZ1|CHK|411|2|30|3|3|2|0|1|11|1|1|9
[Opponent] Attach 2 Don to Marco ["OP16-014">OP16-014] (2 Total)
[Opponent] Marco ["OP16-014">OP16-014] attacking Barbell ["OP17-053">OP17-053]
[You] Gloriosa ["OP17-046">OP17-046] Blocks
Marco ["OP16-014">OP16-014][10000] vs Gloriosa ["OP17-046">OP17-046][1000]
[You] Gloriosa ["OP17-046">OP17-046] Destroyed
RZ1|412|1|OP17-046|2|4|6|20|1|1|0|0|0
RZ1|CHK|412|1|18|5|4|1|0|8|21|1|1|2
[] Hand: [OP17-017,ST30-016,OP17-006]
[] Board: [OP16-014,ST23-001,OP13-016]
[] Trash: [ST23-001,OP17-006,OP17-006,OP13-016,OP17-006,OP16-014,OP16-118,OP17-005,OP16-118,OP16-004,OP16-004]
[] Life: 2
[] Hand: [OP17-046,OP17-040,OP17-055,OP17-046,OP17-118]
[] Trash: [OP17-045,OP17-044,OP17-056,OP17-041,OP17-056,OP17-052,OP17-045,OP17-049,OP17-055,OP17-118,OP17-049,OP17-048,OP17-045,OP17-054,OP17-050,OP17-046,OP17-050,OP17-054,OP17-048,OP08-051,OP17-046]
[] Board: [OP17-053,OP17-118,OP17-049,OP17-042]
[] Life: 1
[Opponent] End Turn
[] Hand: [OP17-046,OP17-040,OP17-055,OP17-046,OP17-118]
[] Board: [OP17-053,OP17-118,OP17-049,OP17-042]
[] Trash: [OP17-045,OP17-044,OP17-056,OP17-041,OP17-056,OP17-052,OP17-045,OP17-049,OP17-055,OP17-118,OP17-049,OP17-048,OP17-045,OP17-054,OP17-050,OP17-046,OP17-050,OP17-054,OP17-048,OP08-051,OP17-046]
[] Life: 1
[] Hand: [OP17-017,ST30-016,OP17-006]
[] Trash: [ST23-001,OP17-006,OP17-006,OP13-016,OP17-006,OP16-014,OP16-118,OP17-005,OP16-118,OP16-004,OP16-004]
[] Board: [OP16-014,ST23-001,OP13-016]
[] Life: 2
RZ1|413|1|Don|9|9900|5|0|1|1|1|0|0
RZ1|CHK|413|1|18|5|4|1|0|9|21|1|1|1
RZ1|414|1|Don|9|9900|5|0|1|1|1|0|0
RZ1|CHK|414|1|18|5|4|1|0|10|21|1|1|0
[You] Draw 1 Card
[] Drew card from deck: Buckin ["OP08-051">OP08-051]
RZ1|415|1|OP08-051|0|17|1|5|1|1|0|0|0
RZ1|CHK|415|1|17|6|4|1|0|10|21|1|1|0
[You] Attach 1 Don to Kaido ["OP17-042">OP17-042] (1 Total)
RZ1|416|1|Don|5|9|9|300|1|1|0|0|0
RZ1|CHK|416|1|17|6|4|1|0|9|21|1|1|1
[You] Attach 1 Don to Kaido ["OP17-042">OP17-042] (2 Total)
RZ1|417|1|Don|5|8|9|301|1|1|0|0|0
RZ1|CHK|417|1|17|6|4|1|0|8|21|1|1|2
[You] Kaido ["OP17-042">OP17-042] attacking Portgas D. Ace ["OP16-001">OP16-001]
Kaido ["OP17-042">OP17-042][8000] vs Portgas D. Ace ["OP16-001">OP16-001][5000]
Portgas D. Ace ["OP16-001">OP16-001] hit for 1 damage
RZ1|418|2|OP17-005|3|1|1|3|1|1|0|0|0
RZ1|CHK|418|2|30|4|3|1|0|1|11|1|1|9
[You] Attach 1 Don to Charlotte Linlin ["OP17-049">OP17-049] (1 Total)
RZ1|419|1|Don|5|7|9|200|1|1|0|0|0
RZ1|CHK|419|1|17|6|4|1|0|7|21|1|1|3
[You] Charlotte Linlin ["OP17-049">OP17-049] attacking Portgas D. Ace ["OP16-001">OP16-001]
[Opponent] Uta ["ST23-001">ST23-001] Blocks
Charlotte Linlin ["OP17-049">OP17-049][8000] vs Uta ["ST23-001">ST23-001][4000]
[Opponent] Uta ["ST23-001">ST23-001] Destroyed
RZ1|420|2|ST23-001|2|1|6|11|1|1|0|0|0
RZ1|CHK|420|2|30|4|2|1|0|1|12|1|1|9
[You] Attach 1 Don to Barbell ["OP17-053">OP17-053] (1 Total)
RZ1|421|1|Don|5|6|9|0|1|1|0|0|0
RZ1|CHK|421|1|17|6|4|1|0|6|21|1|1|4
[You] Barbell ["OP17-053">OP17-053] attacking Portgas D. Ace ["OP16-001">OP16-001]
Barbell ["OP17-053">OP17-053][8000] vs Portgas D. Ace ["OP16-001">OP16-001][5000]
Portgas D. Ace ["OP16-001">OP16-001] hit for 1 damage
RZ1|422|2|OP16-004|3|0|1|4|1|1|0|0|0
RZ1|CHK|422|2|30|5|2|0|0|1|12|1|1|9
RZ1|423|1|OP17-055|1|2|6|21|1|1|0|0|0
RZ1|CHK|423|1|17|5|4|1|0|6|22|1|1|4
[You] There's No Authority in the World ["OP17-055">OP17-055]: Rest 1 Don
RZ1|424|1|Don|5|0|5|0|1|1|1|0|0
RZ1|CHK|424|1|17|5|4|1|0|6|22|1|1|4
[You] There's No Authority in the World ["OP17-055">OP17-055]: Grant Unblockable to Rocks D. Xebec ["OP17-118">OP17-118]
[You] Attach 5 Don to Rocks D. Xebec ["OP17-118">OP17-118] (5 Total)
RZ1|425|1|Don|5|1|9|100|1|1|0|0|0
RZ1|CHK|425|1|17|5|4|1|0|5|22|1|1|5
RZ1|426|1|Don|5|1|9|101|1|1|0|0|0
RZ1|CHK|426|1|17|5|4|1|0|4|22|1|1|6
RZ1|427|1|Don|5|1|9|102|1|1|0|0|0
RZ1|CHK|427|1|17|5|4|1|0|3|22|1|1|7
RZ1|428|1|Don|5|1|9|103|1|1|0|0|0
RZ1|CHK|428|1|17|5|4|1|0|2|22|1|1|8
RZ1|429|1|Don|5|1|9|104|1|1|0|0|0
RZ1|CHK|429|1|17|5|4|1|0|1|22|1|1|9
[You] Rocks D. Xebec ["OP17-118">OP17-118] attacking Portgas D. Ace ["OP16-001">OP16-001]
Rocks D. Xebec ["OP17-118">OP17-118][17000] vs Portgas D. Ace ["OP16-001">OP16-001][5000]
Portgas D. Ace ["OP16-001">OP16-001] hit for 1 damage
[Opponent] <b>Downloaded the Combat Log!</b>
GameOver
