Version is 1.44a.24
[You] Leader is Rocks D. Xebec ["OP17-039">OP17-039]
RZ1|HDR|1.44a|2|RZ1
RZ1|PLY|1||OP17-039
RZ1|PLY|2||
[Opponent] Leader is Monkey D. Luffy ["OP17-079">OP17-079]
RZ1|1|2|OP17-086|0|3|0|0|0|0|0|0|0
RZ1|CHK|1|2|50|0|0|0|10|0|0|0|1|0
RZ1|2|2|OP17-091|0|26|0|1|0|0|0|0|0
RZ1|CHK|2|2|50|0|0|0|10|0|0|0|1|0
RZ1|3|2|OP17-093|0|45|0|2|0|0|0|0|0
RZ1|CHK|3|2|50|0|0|0|10|0|0|0|1|0
RZ1|4|2|OP15-088|0|37|0|3|0|0|0|0|0
RZ1|CHK|4|2|50|0|0|0|10|0|0|0|1|0
RZ1|5|2|OP17-094|0|9|0|4|0|0|0|0|0
RZ1|CHK|5|2|50|0|0|0|10|0|0|0|1|0
RZ1|6|2|OP17-091|0|29|0|5|0|0|0|0|0
RZ1|CHK|6|2|50|0|0|0|10|0|0|0|1|0
RZ1|7|2|OP17-082|0|23|0|6|0|0|0|0|0
RZ1|CHK|7|2|50|0|0|0|10|0|0|0|1|0
RZ1|8|2|OP17-119|0|41|0|7|0|0|0|0|0
RZ1|CHK|8|2|50|0|0|0|10|0|0|0|1|0
RZ1|9|2|OP17-080|0|18|0|8|0|0|0|0|0
RZ1|CHK|9|2|50|0|0|0|10|0|0|0|1|0
RZ1|10|2|OP17-091|0|30|0|9|0|0|0|0|0
RZ1|CHK|10|2|50|0|0|0|10|0|0|0|1|0
RZ1|11|2|OP17-080|0|17|0|10|0|0|0|0|0
RZ1|CHK|11|2|50|0|0|0|10|0|0|0|1|0
RZ1|12|2|OP17-080|0|18|0|11|0|0|0|0|0
RZ1|CHK|12|2|50|0|0|0|10|0|0|0|1|0
RZ1|13|2|OP17-093|0|43|0|12|0|0|0|0|0
RZ1|CHK|13|2|50|0|0|0|10|0|0|0|1|0
RZ1|14|2|OP17-087|0|27|0|13|0|0|0|0|0
RZ1|CHK|14|2|50|0|0|0|10|0|0|0|1|0
RZ1|15|2|OP17-119|0|41|0|14|0|0|0|0|0
RZ1|CHK|15|2|50|0|0|0|10|0|0|0|1|0
RZ1|16|2|OP17-081|0|23|0|15|0|0|0|0|0
RZ1|CHK|16|2|50|0|0|0|10|0|0|0|1|0
RZ1|17|2|OP17-082|0|27|0|16|0|0|0|0|0
RZ1|CHK|17|2|50|0|0|0|10|0|0|0|1|0
RZ1|18|2|OP17-081|0|27|0|17|0|0|0|0|0
RZ1|CHK|18|2|50|0|0|0|10|0|0|0|1|0
RZ1|19|2|OP17-096|0|48|0|18|0|0|0|0|0
RZ1|CHK|19|2|50|0|0|0|10|0|0|0|1|0
RZ1|20|2|OP17-093|0|46|0|19|0|0|0|0|0
RZ1|CHK|20|2|50|0|0|0|10|0|0|0|1|0
RZ1|21|2|OP17-096|0|49|0|20|0|0|0|0|0
RZ1|CHK|21|2|50|0|0|0|10|0|0|0|1|0
RZ1|22|2|OP17-096|0|48|0|21|0|0|0|0|0
RZ1|CHK|22|2|50|0|0|0|10|0|0|0|1|0
RZ1|23|2|OP17-087|0|33|0|22|0|0|0|0|0
RZ1|CHK|23|2|50|0|0|0|10|0|0|0|1|0
RZ1|24|2|OP17-095|0|38|0|23|0|0|0|0|0
RZ1|CHK|24|2|50|0|0|0|10|0|0|0|1|0
RZ1|25|2|OP17-081|0|33|0|24|0|0|0|0|0
RZ1|CHK|25|2|50|0|0|0|10|0|0|0|1|0
RZ1|26|2|OP17-089|0|42|0|25|0|0|0|0|0
RZ1|CHK|26|2|50|0|0|0|10|0|0|0|1|0
RZ1|27|2|OP17-087|0|37|0|26|0|0|0|0|0
RZ1|CHK|27|2|50|0|0|0|10|0|0|0|1|0
RZ1|28|2|OP17-087|0|37|0|27|0|0|0|0|0
RZ1|CHK|28|2|50|0|0|0|10|0|0|0|1|0
RZ1|29|2|OP17-086|0|30|0|28|0|0|0|0|0
RZ1|CHK|29|2|50|0|0|0|10|0|0|0|1|0
RZ1|30|2|OP17-095|0|40|0|29|0|0|0|0|0
RZ1|CHK|30|2|50|0|0|0|10|0|0|0|1|0
RZ1|31|2|OP17-094|0|33|0|30|0|0|0|0|0
RZ1|CHK|31|2|50|0|0|0|10|0|0|0|1|0
RZ1|32|2|OP17-093|0|48|0|31|0|0|0|0|0
RZ1|CHK|32|2|50|0|0|0|10|0|0|0|1|0
RZ1|33|2|OP17-089|0|43|0|32|0|0|0|0|0
RZ1|CHK|33|2|50|0|0|0|10|0|0|0|1|0
RZ1|34|2|OP17-119|0|48|0|33|0|0|0|0|0
RZ1|CHK|34|2|50|0|0|0|10|0|0|0|1|0
RZ1|35|2|OP17-082|0|41|0|34|0|0|0|0|0
RZ1|CHK|35|2|50|0|0|0|10|0|0|0|1|0
RZ1|36|2|OP17-119|0|48|0|35|0|0|0|0|0
RZ1|CHK|36|2|50|0|0|0|10|0|0|0|1|0
RZ1|37|2|OP17-095|0|45|0|36|0|0|0|0|0
RZ1|CHK|37|2|50|0|0|0|10|0|0|0|1|0
RZ1|38|2|OP17-096|0|49|0|37|0|0|0|0|0
RZ1|CHK|38|2|50|0|0|0|10|0|0|0|1|0
RZ1|39|2|OP17-091|0|45|0|38|0|0|0|0|0
RZ1|CHK|39|2|50|0|0|0|10|0|0|0|1|0
RZ1|40|2|OP17-080|0|44|0|39|0|0|0|0|0
RZ1|CHK|40|2|50|0|0|0|10|0|0|0|1|0
RZ1|41|2|OP17-089|0|47|0|40|0|0|0|0|0
RZ1|CHK|41|2|50|0|0|0|10|0|0|0|1|0
RZ1|42|2|OP17-094|0|44|0|41|0|0|0|0|0
RZ1|CHK|42|2|50|0|0|0|10|0|0|0|1|0
RZ1|43|2|OP17-081|0|46|0|42|0|0|0|0|0
RZ1|CHK|43|2|50|0|0|0|10|0|0|0|1|0
RZ1|44|2|OP15-088|0|49|0|43|0|0|0|0|0
RZ1|CHK|44|2|50|0|0|0|10|0|0|0|1|0
RZ1|45|2|OP17-086|0|45|0|44|0|0|0|0|0
RZ1|CHK|45|2|50|0|0|0|10|0|0|0|1|0
RZ1|46|2|OP17-095|0|48|0|45|0|0|0|0|0
RZ1|CHK|46|2|50|0|0|0|10|0|0|0|1|0
RZ1|47|2|OP15-088|0|49|0|46|0|0|0|0|0
RZ1|CHK|47|2|50|0|0|0|10|0|0|0|1|0
RZ1|48|2|OP17-094|0|49|0|47|0|0|0|0|0
RZ1|CHK|48|2|50|0|0|0|10|0|0|0|1|0
RZ1|49|2|OP17-086|0|49|0|48|0|0|0|0|0
RZ1|CHK|49|2|50|0|0|0|10|0|0|0|1|0
[] Drew card from deck: Shiki ["OP17-048">OP17-048]
RZ1|50|1|OP17-048|0|49|1|0|1|1|0|0|0
RZ1|CHK|50|1|49|1|0|0|10|0|0|0|1|0
[] Drew card from deck: Charlotte Linlin ["OP17-049">OP17-049]
RZ1|51|1|OP17-049|0|48|1|1|1|1|0|0|0
RZ1|CHK|51|1|48|2|0|0|10|0|0|0|1|0
[] Drew card from deck: Buckin ["OP08-051">OP08-051]
RZ1|52|1|OP08-051|0|47|1|2|1|1|0|0|0
RZ1|CHK|52|1|47|3|0|0|10|0|0|0|1|0
[] Drew card from deck: Rocks D. Xebec ["OP17-118">OP17-118]
RZ1|53|1|OP17-118|0|46|1|3|1|1|0|0|0
RZ1|CHK|53|1|46|4|0|0|10|0|0|0|1|0
[] Drew card from deck: Shiki ["OP17-048">OP17-048]
RZ1|54|1|OP17-048|0|45|1|4|1|1|0|0|0
RZ1|CHK|54|1|45|5|0|0|10|0|0|0|1|0
[] Drew card from deck: Shirahoshi ["OP05-082">OP05-082]
RZ1|55|2|OP05-082|0|49|1|0|1|1|0|0|0
RZ1|CHK|55|2|49|1|0|0|10|0|0|0|1|0
[] Drew card from deck: Nami ["OP17-086">OP17-086]
RZ1|56|2|OP17-086|0|48|1|1|1|1|0|0|0
RZ1|CHK|56|2|48|2|0|0|10|0|0|0|1|0
[] Drew card from deck: Rodo ["OP17-094">OP17-094]
RZ1|57|2|OP17-094|0|47|1|2|1|1|0|0|0
RZ1|CHK|57|2|47|3|0|0|10|0|0|0|1|0
[] Drew card from deck: Pirate Docking 6 ["OP15-088">OP15-088]
RZ1|58|2|OP15-088|0|46|1|3|1|1|0|0|0
RZ1|CHK|58|2|46|4|0|0|10|0|0|0|1|0
[] Drew card from deck: Roronoa Zoro ["OP17-095">OP17-095]
RZ1|59|2|OP17-095|0|45|1|4|1|1|0|0|0
RZ1|CHK|59|2|45|5|0|0|10|0|0|0|1|0
RZ1|60|1|OP17-046|0|44|3|0|1|0|0|0|0
RZ1|CHK|60|1|44|5|0|1|10|0|0|0|1|0
RZ1|61|1|OP17-055|0|43|3|1|1|0|0|0|0
RZ1|CHK|61|1|43|5|0|2|10|0|0|0|1|0
RZ1|62|1|OP17-054|0|42|3|2|1|0|0|0|0
RZ1|CHK|62|1|42|5|0|3|10|0|0|0|1|0
RZ1|63|1|OP17-054|0|41|3|3|1|0|0|0|0
RZ1|CHK|63|1|41|5|0|4|10|0|0|0|1|0
RZ1|64|1|OP17-045|0|40|3|4|1|0|0|0|0
RZ1|CHK|64|1|40|5|0|5|10|0|0|0|1|0
RZ1|65|2|OP05-082|1|0|0|45|0|0|0|0|0
RZ1|CHK|65|2|46|4|0|0|10|0|0|0|1|0
RZ1|66|2|OP17-086|1|0|0|46|0|0|0|0|0
RZ1|CHK|66|2|47|3|0|0|10|0|0|0|1|0
RZ1|67|2|OP17-094|1|0|0|47|0|0|0|0|0
RZ1|CHK|67|2|48|2|0|0|10|0|0|0|1|0
RZ1|68|2|OP15-088|1|0|0|48|0|0|0|0|0
RZ1|CHK|68|2|49|1|0|0|10|0|0|0|1|0
RZ1|69|2|OP17-095|1|0|0|49|0|0|0|0|0
RZ1|CHK|69|2|50|0|0|0|10|0|0|0|1|0
RZ1|70|2|OP17-081|0|24|0|0|0|0|0|0|0
RZ1|CHK|70|2|50|0|0|0|10|0|0|0|1|0
RZ1|71|2|OP17-082|0|7|0|1|0|0|0|0|0
RZ1|CHK|71|2|50|0|0|0|10|0|0|0|1|0
RZ1|72|2|OP17-086|0|46|0|2|0|0|0|0|0
RZ1|CHK|72|2|50|0|0|0|10|0|0|0|1|0
RZ1|73|2|OP15-088|0|6|0|3|0|0|0|0|0
RZ1|CHK|73|2|50|0|0|0|10|0|0|0|1|0
RZ1|74|2|OP15-088|0|48|0|4|0|0|0|0|0
RZ1|CHK|74|2|50|0|0|0|10|0|0|0|1|0
RZ1|75|2|OP17-093|0|15|0|5|0|0|0|0|0
RZ1|CHK|75|2|50|0|0|0|10|0|0|0|1|0
RZ1|76|2|OP17-089|0|34|0|6|0|0|0|0|0
RZ1|CHK|76|2|50|0|0|0|10|0|0|0|1|0
RZ1|77|2|OP17-080|0|41|0|7|0|0|0|0|0
RZ1|CHK|77|2|50|0|0|0|10|0|0|0|1|0
RZ1|78|2|OP17-095|0|33|0|8|0|0|0|0|0
RZ1|CHK|78|2|50|0|0|0|10|0|0|0|1|0
RZ1|79|2|OP17-094|0|12|0|9|0|0|0|0|0
RZ1|CHK|79|2|50|0|0|0|10|0|0|0|1|0
RZ1|80|2|OP17-091|0|13|0|10|0|0|0|0|0
RZ1|CHK|80|2|50|0|0|0|10|0|0|0|1|0
RZ1|81|2|OP17-119|0|14|0|11|0|0|0|0|0
RZ1|CHK|81|2|50|0|0|0|10|0|0|0|1|0
RZ1|82|2|OP17-087|0|19|0|12|0|0|0|0|0
RZ1|CHK|82|2|50|0|0|0|10|0|0|0|1|0
RZ1|83|2|OP17-089|0|30|0|13|0|0|0|0|0
RZ1|CHK|83|2|50|0|0|0|10|0|0|0|1|0
RZ1|84|2|OP17-096|0|28|0|14|0|0|0|0|0
RZ1|CHK|84|2|50|0|0|0|10|0|0|0|1|0
RZ1|85|2|OP17-094|0|34|0|15|0|0|0|0|0
RZ1|CHK|85|2|50|0|0|0|10|0|0|0|1|0
RZ1|86|2|OP17-094|0|48|0|16|0|0|0|0|0
RZ1|CHK|86|2|50|0|0|0|10|0|0|0|1|0
RZ1|87|2|OP17-119|0|39|0|17|0|0|0|0|0
RZ1|CHK|87|2|50|0|0|0|10|0|0|0|1|0
RZ1|88|2|OP17-081|0|45|0|18|0|0|0|0|0
RZ1|CHK|88|2|50|0|0|0|10|0|0|0|1|0
RZ1|89|2|OP17-094|0|45|0|19|0|0|0|0|0
RZ1|CHK|89|2|50|0|0|0|10|0|0|0|1|0
RZ1|90|2|OP17-119|0|40|0|20|0|0|0|0|0
RZ1|CHK|90|2|50|0|0|0|10|0|0|0|1|0
RZ1|91|2|OP17-089|0|45|0|21|0|0|0|0|0
RZ1|CHK|91|2|50|0|0|0|10|0|0|0|1|0
RZ1|92|2|OP17-080|0|27|0|22|0|0|0|0|0
RZ1|CHK|92|2|50|0|0|0|10|0|0|0|1|0
RZ1|93|2|OP17-082|0|42|0|23|0|0|0|0|0
RZ1|CHK|93|2|50|0|0|0|10|0|0|0|1|0
RZ1|94|2|OP17-091|0|45|0|24|0|0|0|0|0
RZ1|CHK|94|2|50|0|0|0|10|0|0|0|1|0
RZ1|95|2|OP17-095|0|49|0|25|0|0|0|0|0
RZ1|CHK|95|2|50|0|0|0|10|0|0|0|1|0
RZ1|96|2|OP17-087|0|39|0|26|0|0|0|0|0
RZ1|CHK|96|2|50|0|0|0|10|0|0|0|1|0
RZ1|97|2|OP17-080|0|32|0|27|0|0|0|0|0
RZ1|CHK|97|2|50|0|0|0|10|0|0|0|1|0
RZ1|98|2|OP15-088|0|47|0|29|0|0|0|0|0
RZ1|CHK|98|2|50|0|0|0|10|0|0|0|1|0
RZ1|99|2|OP17-095|0|41|0|30|0|0|0|0|0
RZ1|CHK|99|2|50|0|0|0|10|0|0|0|1|0
RZ1|100|2|OP17-081|0|38|0|31|0|0|0|0|0
RZ1|CHK|100|2|50|0|0|0|10|0|0|0|1|0
RZ1|101|2|OP17-086|0|48|0|32|0|0|0|0|0
RZ1|CHK|101|2|50|0|0|0|10|0|0|0|1|0
RZ1|102|2|OP17-082|0|39|0|33|0|0|0|0|0
RZ1|CHK|102|2|50|0|0|0|10|0|0|0|1|0
RZ1|103|2|OP17-091|0|37|0|34|0|0|0|0|0
RZ1|CHK|103|2|50|0|0|0|10|0|0|0|1|0
RZ1|104|2|OP17-119|0|38|0|35|0|0|0|0|0
RZ1|CHK|104|2|50|0|0|0|10|0|0|0|1|0
RZ1|105|2|OP17-096|0|48|0|36|0|0|0|0|0
RZ1|CHK|105|2|50|0|0|0|10|0|0|0|1|0
RZ1|106|2|OP17-080|0|39|0|37|0|0|0|0|0
RZ1|CHK|106|2|50|0|0|0|10|0|0|0|1|0
RZ1|107|2|OP05-082|0|49|0|38|0|0|0|0|0
RZ1|CHK|107|2|50|0|0|0|10|0|0|0|1|0
RZ1|108|2|OP17-081|0|41|0|39|0|0|0|0|0
RZ1|CHK|108|2|50|0|0|0|10|0|0|0|1|0
RZ1|109|2|OP17-087|0|45|0|40|0|0|0|0|0
RZ1|CHK|109|2|50|0|0|0|10|0|0|0|1|0
RZ1|110|2|OP17-093|0|48|0|41|0|0|0|0|0
RZ1|CHK|110|2|50|0|0|0|10|0|0|0|1|0
RZ1|111|2|OP17-093|0|43|0|42|0|0|0|0|0
RZ1|CHK|111|2|50|0|0|0|10|0|0|0|1|0
RZ1|112|2|OP17-087|0|47|0|43|0|0|0|0|0
RZ1|CHK|112|2|50|0|0|0|10|0|0|0|1|0
RZ1|113|2|OP17-096|0|47|0|44|0|0|0|0|0
RZ1|CHK|113|2|50|0|0|0|10|0|0|0|1|0
RZ1|114|2|OP17-093|0|47|0|45|0|0|0|0|0
RZ1|CHK|114|2|50|0|0|0|10|0|0|0|1|0
RZ1|115|2|OP17-095|0|49|0|46|0|0|0|0|0
RZ1|CHK|115|2|50|0|0|0|10|0|0|0|1|0
RZ1|116|2|OP17-096|0|48|0|47|0|0|0|0|0
RZ1|CHK|116|2|50|0|0|0|10|0|0|0|1|0
RZ1|117|2|OP17-086|0|49|0|48|0|0|0|0|0
RZ1|CHK|117|2|50|0|0|0|10|0|0|0|1|0
[] Drew card from deck: Brook ["OP17-091">OP17-091]
RZ1|118|2|OP17-091|0|49|1|0|1|1|0|0|0
RZ1|CHK|118|2|49|1|0|0|10|0|0|0|1|0
[] Drew card from deck: Nami ["OP17-086">OP17-086]
RZ1|119|2|OP17-086|0|48|1|1|1|1|0|0|0
RZ1|CHK|119|2|48|2|0|0|10|0|0|0|1|0
[] Drew card from deck: I'm Luffy! The Man Who's Gonna Become the King of the Pirates! ["OP17-096">OP17-096]
RZ1|120|2|OP17-096|0|47|1|2|1|1|0|0|0
RZ1|CHK|120|2|47|3|0|0|10|0|0|0|1|0
[] Drew card from deck: Roronoa Zoro ["OP17-095">OP17-095]
RZ1|121|2|OP17-095|0|46|1|3|1|1|0|0|0
RZ1|CHK|121|2|46|4|0|0|10|0|0|0|1|0
[] Drew card from deck: Monkey D. Luffy ["OP17-093">OP17-093]
RZ1|122|2|OP17-093|0|45|1|4|1|1|0|0|0
RZ1|CHK|122|2|45|5|0|0|10|0|0|0|1|0
RZ1|123|2|OP17-096|0|44|3|0|0|1|0|0|0
RZ1|CHK|123|2|44|5|0|1|10|0|0|0|1|0
RZ1|124|2|OP17-087|0|43|3|1|0|1|0|0|0
RZ1|CHK|124|2|43|5|0|2|10|0|0|0|1|0
RZ1|125|2|OP17-093|0|42|3|2|0|1|0|0|0
RZ1|CHK|125|2|42|5|0|3|10|0|0|0|1|0
RZ1|126|2|OP17-093|0|41|3|3|0|1|0|0|0
RZ1|CHK|126|2|41|5|0|4|10|0|0|0|1|0
RZ1|127|2|OP17-087|0|40|3|4|0|1|0|0|0
RZ1|CHK|127|2|40|5|0|5|10|0|0|0|1|0
[] Hand after Mulligan: [OP17-091,OP17-086,OP17-096,OP17-095,OP17-093]
[Opponent] Mulligan
[] Hand: [OP17-048,OP17-049,OP08-051,OP17-118,OP17-048]
[] Board: []
[] Trash: []
[] Life: 5
[] Hand: [OP17-091,OP17-086,OP17-096,OP17-095,OP17-093]
[] Trash: []
[] Board: []
[] Life: 5
RZ1|128|1|Don|4|9|5|0|1|1|0|0|0
RZ1|CHK|128|1|40|5|0|5|9|1|0|0|1|0
[You] Draw 1 Don
[] Hand: [OP17-048,OP17-049,OP08-051,OP17-118,OP17-048]
[] Board: []
[] Trash: []
[] Life: 5
[] Hand: [OP17-091,OP17-086,OP17-096,OP17-095,OP17-093]
[] Trash: []
[] Board: []
[] Life: 5
[You] End Turn
[] Hand: [OP17-091,OP17-086,OP17-096,OP17-095,OP17-093]
[] Board: []
[] Trash: []
[] Life: 5
[] Hand: [OP17-048,OP17-049,OP08-051,OP17-118,OP17-048]
[] Trash: []
[] Board: []
[] Life: 5
[Opponent] Draw 1 Card
[] Drew card from deck: Gerd ["OP17-081">OP17-081]
RZ1|129|2|OP17-081|0|39|1|5|1|1|0|0|0
RZ1|CHK|129|2|39|6|0|5|10|0|0|0|1|0
RZ1|130|2|Don|4|9|5|0|1|1|0|0|0
RZ1|CHK|130|2|39|6|0|5|9|1|0|0|1|0
RZ1|131|2|Don|4|8|5|1|1|1|0|0|0
RZ1|CHK|131|2|39|6|0|5|8|2|0|0|1|0
[Opponent] Draw 2 Don
RZ1|132|2|Don|5|0|5|0|1|1|1|0|0
RZ1|CHK|132|2|39|6|0|5|8|2|0|0|1|0
[Opponent] Deploy Nami ["OP17-086">OP17-086]
RZ1|133|2|OP17-086|1|1|2|0|1|1|0|0|0
RZ1|CHK|133|2|39|5|1|5|8|2|0|0|1|0
RZ1|134|2|OP17-091|1|0|6|0|1|1|0|0|0
RZ1|CHK|134|2|39|4|1|5|8|2|1|0|1|0
[Opponent] Nami ["OP17-086">OP17-086]: Trash Brook ["OP17-091">OP17-091]
[] Drew card from deck: Shirahoshi ["OP05-082">OP05-082]
RZ1|135|2|OP05-082|0|38|1|4|1|1|0|0|0
RZ1|CHK|135|2|38|5|1|5|8|2|1|0|1|0
[] Drew card from deck: Usopp ["OP17-080">OP17-080]
RZ1|136|2|OP17-080|0|37|1|5|1|1|0|0|0
RZ1|CHK|136|2|37|6|1|5|8|2|1|0|1|0
[Opponent] Nami ["OP17-086">OP17-086]: Draw 2 Card
RZ1|137|2|Don|5|1|5|1|1|1|1|0|0
RZ1|CHK|137|2|37|6|1|5|8|2|1|0|1|0
[Opponent] Deploy Shirahoshi ["OP05-082">OP05-082]
RZ1|138|2|OP05-082|1|4|2|1|1|1|0|0|0
RZ1|CHK|138|2|37|5|2|5|8|2|1|0|1|0
[] Hand: [OP17-096,OP17-095,OP17-093,OP17-081,OP17-080]
[] Board: [OP17-086,OP05-082]
[] Trash: [OP17-091]
[] Life: 5
[] Hand: [OP17-048,OP17-049,OP08-051,OP17-118,OP17-048]
[] Trash: []
[] Board: []
[] Life: 5
[Opponent] End Turn
[] Hand: [OP17-048,OP17-049,OP08-051,OP17-118,OP17-048]
[] Board: []
[] Trash: []
[] Life: 5
[] Hand: [OP17-096,OP17-095,OP17-093,OP17-081,OP17-080]
[] Trash: [OP17-091]
[] Board: [OP17-086,OP05-082]
[] Life: 5
[You] Draw 1 Card
[] Drew card from deck: Buckin ["OP08-051">OP08-051]
RZ1|139|1|OP08-051|0|39|1|5|1|1|0|0|0
RZ1|CHK|139|1|39|6|0|5|9|1|0|0|1|0
RZ1|140|1|Don|4|8|5|1|1|1|0|0|0
RZ1|CHK|140|1|39|6|0|5|8|2|0|0|1|0
RZ1|141|1|Don|4|7|5|2|1|1|0|0|0
RZ1|CHK|141|1|39|6|0|5|7|3|0|0|1|0
[You] Draw 2 Don
RZ1|142|1|Don|5|0|9|9900|1|1|0|0|0
RZ1|CHK|142|1|39|6|0|5|7|2|0|0|1|1
RZ1|143|1|Don|5|0|9|9901|1|1|0|0|0
RZ1|CHK|143|1|39|6|0|5|7|1|0|0|1|2
[You] Attach 2 Don to Rocks D. Xebec ["OP17-039">OP17-039] (2 Total)
[You] Rocks D. Xebec ["OP17-039">OP17-039] attacking Monkey D. Luffy ["OP17-079">OP17-079]
RZ1|144|1|OP17-118|1|3|6|0|1|1|0|0|0
RZ1|CHK|144|1|39|5|0|5|7|1|1|0|1|2
[You] Rocks D. Xebec ["OP17-039">OP17-039]: Trash Rocks D. Xebec ["OP17-118">OP17-118]
RZ1|145|1|OP17-040|0|38|0|38|0|0|0|0|0
RZ1|CHK|145|1|39|5|0|5|7|1|1|0|1|2
[You] Rocks D. Xebec ["OP17-039">OP17-039] revealed: Edward Newgate ["OP17-040">OP17-040]
[] Drew card from deck: Edward Newgate ["OP17-040">OP17-040]
RZ1|146|1|OP17-040|0|38|1|5|1|1|0|0|0
RZ1|CHK|146|1|38|6|0|5|7|1|1|0|1|2
[] Drew card from deck: Streusen ["OP17-050">OP17-050]
RZ1|147|1|OP17-050|0|37|1|6|1|1|0|0|0
RZ1|CHK|147|1|37|7|0|5|7|1|1|0|1|2
[You] Rocks D. Xebec ["OP17-039">OP17-039]: Draw 2 Card
Rocks D. Xebec ["OP17-039">OP17-039][7000] vs Monkey D. Luffy ["OP17-079">OP17-079][5000]
Monkey D. Luffy ["OP17-079">OP17-079] hit for 1 damage
RZ1|148|2|OP17-087|3|4|1|5|1|1|0|0|0
RZ1|CHK|148|2|37|6|2|4|8|2|1|0|1|0
RZ1|149|1|Don|5|0|5|0|1|1|1|0|0
RZ1|CHK|149|1|37|7|0|5|7|1|1|0|1|2
[You] Deploy Streusen ["OP17-050">OP17-050]
RZ1|150|1|OP17-050|1|6|2|0|1|1|0|0|0
RZ1|CHK|150|1|37|6|1|5|7|1|1|0|1|2
[You] Placing Cards on Top of Deck
RZ1|151|1|OP17-050|0|35|0|36|0|0|0|0|0
RZ1|CHK|151|1|37|6|1|5|7|1|1|0|1|2
RZ1|152|1|OP17-046|0|35|0|36|0|0|0|0|0
RZ1|CHK|152|1|37|6|1|5|7|1|1|0|1|2
[] Drew card from deck: Gloriosa ["OP17-046">OP17-046]
RZ1|153|1|OP17-046|0|36|1|6|1|1|0|0|0
RZ1|CHK|153|1|36|7|1|5|7|1|1|0|1|2
[You] Streusen ["OP17-050">OP17-050]: Draw 1 Card
[] Hand: [OP17-048,OP17-049,OP08-051,OP17-048,OP08-051,OP17-040,OP17-046]
[] Board: [OP17-050]
[] Trash: [OP17-118]
[] Life: 5
[] Hand: [OP17-096,OP17-095,OP17-093,OP17-081,OP17-080,OP17-087]
[] Trash: [OP17-091]
[] Board: [OP17-086,OP05-082]
[] Life: 4
[You] End Turn
[] Hand: [OP17-096,OP17-095,OP17-093,OP17-081,OP17-080,OP17-087]
[] Board: [OP17-086,OP05-082]
[] Trash: [OP17-091]
[] Life: 4
[] Hand: [OP17-048,OP17-049,OP08-051,OP17-048,OP08-051,OP17-040,OP17-046]
[] Trash: [OP17-118]
[] Board: [OP17-050]
[] Life: 5
[Opponent] Draw 1 Card
[] Drew card from deck: I'm Luffy! The Man Who's Gonna Become the King of the Pirates! ["OP17-096">OP17-096]
RZ1|154|2|OP17-096|0|36|1|6|1|1|0|0|0
RZ1|CHK|154|2|36|7|2|4|8|2|1|0|1|0
RZ1|155|2|Don|4|7|5|2|1|1|0|0|0
RZ1|CHK|155|2|36|7|2|4|7|3|1|0|1|0
RZ1|156|2|Don|4|6|5|3|1|1|0|0|0
RZ1|CHK|156|2|36|7|2|4|6|4|1|0|1|0
[Opponent] Draw 2 Don
RZ1|157|2|Don|5|0|5|0|1|1|1|0|0
RZ1|CHK|157|2|36|7|2|4|6|4|1|0|1|0
RZ1|158|2|Don|5|1|5|1|1|1|1|0|0
RZ1|CHK|158|2|36|7|2|4|6|4|1|0|1|0
[Opponent] Deploy Roronoa Zoro ["OP17-095">OP17-095]
RZ1|159|2|OP17-095|1|1|2|2|1|1|0|0|0
RZ1|CHK|159|2|36|6|3|4|6|4|1|0|1|0
[Opponent] Attach 1 Don to Monkey D. Luffy ["OP17-079">OP17-079] (1 Total)
RZ1|160|2|Don|5|3|9|9900|1|1|0|0|0
RZ1|CHK|160|2|36|6|3|4|6|3|1|0|1|1
[Opponent] Monkey D. Luffy ["OP17-079">OP17-079] attacking Rocks D. Xebec ["OP17-039">OP17-039]
Monkey D. Luffy ["OP17-079">OP17-079][6000] vs Rocks D. Xebec ["OP17-039">OP17-039][5000]
Rocks D. Xebec ["OP17-039">OP17-039] hit for 1 damage
RZ1|161|1|OP17-045|3|4|1|7|1|1|0|0|0
RZ1|CHK|161|1|36|8|1|4|7|1|1|0|1|2
[] Hand: [OP17-096,OP17-093,OP17-081,OP17-080,OP17-087,OP17-096]
[] Board: [OP17-086,OP05-082,OP17-095]
[] Trash: [OP17-091]
[] Life: 4
[] Hand: [OP17-048,OP17-049,OP08-051,OP17-048,OP08-051,OP17-040,OP17-046,OP17-045]
[] Trash: [OP17-118]
[] Board: [OP17-050]
[] Life: 4
[Opponent] End Turn
[] Hand: [OP17-048,OP17-049,OP08-051,OP17-048,OP08-051,OP17-040,OP17-046,OP17-045]
[] Board: [OP17-050]
[] Trash: [OP17-118]
[] Life: 4
[] Hand: [OP17-096,OP17-093,OP17-081,OP17-080,OP17-087,OP17-096]
[] Trash: [OP17-091]
[] Board: [OP17-086,OP05-082,OP17-095]
[] Life: 4
RZ1|162|1|Don|9|9900|5|0|1|1|1|0|0
RZ1|CHK|162|1|36|8|1|4|7|2|1|0|1|1
RZ1|163|1|Don|9|9900|5|0|1|1|1|0|0
RZ1|CHK|163|1|36|8|1|4|7|3|1|0|1|0
[You] Draw 1 Card
[] Drew card from deck: Streusen ["OP17-050">OP17-050]
RZ1|164|1|OP17-050|0|35|1|8|1|1|0|0|0
RZ1|CHK|164|1|35|9|1|4|7|3|1|0|1|0
RZ1|165|1|Don|4|6|5|3|1|1|0|0|0
RZ1|CHK|165|1|35|9|1|4|6|4|1|0|1|0
RZ1|166|1|Don|4|5|5|4|1|1|0|0|0
RZ1|CHK|166|1|35|9|1|4|5|5|1|0|1|0
[You] Draw 2 Don
RZ1|167|1|Don|5|0|5|0|1|1|1|0|0
RZ1|CHK|167|1|35|9|1|4|5|5|1|0|1|0
RZ1|168|1|Don|5|1|5|1|1|1|1|0|0
RZ1|CHK|168|1|35|9|1|4|5|5|1|0|1|0
RZ1|169|1|Don|5|2|5|2|1|1|1|0|0
RZ1|CHK|169|1|35|9|1|4|5|5|1|0|1|0
RZ1|170|1|Don|5|3|5|3|1|1|1|0|0
RZ1|CHK|170|1|35|9|1|4|5|5|1|0|1|0
RZ1|171|1|Don|5|4|5|4|1|1|1|0|0
RZ1|CHK|171|1|35|9|1|4|5|5|1|0|1|0
[You] Deploy Charlotte Linlin ["OP17-049">OP17-049]
RZ1|172|1|OP17-049|1|1|2|1|1|1|0|0|0
RZ1|CHK|172|1|35|8|2|4|5|5|1|0|1|0
[You] Forcing opponent to resolve Card Action!
RZ1|173|2|OP17-096|1|0|6|1|1|1|0|0|0
RZ1|CHK|173|2|36|5|3|4|6|3|2|0|1|1
[Opponent] Charlotte Linlin ["OP17-049">OP17-049]: Trash I'm Luffy! The Man Who's Gonna Become the King of the Pirates! ["OP17-096">OP17-096]
RZ1|174|2|OP17-093|1|0|6|2|1|1|0|0|0
RZ1|CHK|174|2|36|4|3|4|6|3|3|0|1|1
[Opponent] Charlotte Linlin ["OP17-049">OP17-049]: Trash Monkey D. Luffy ["OP17-093">OP17-093]
[You] Rocks D. Xebec ["OP17-039">OP17-039] attacking Monkey D. Luffy ["OP17-079">OP17-079]
[Opponent] I'm Luffy! The Man Who's Gonna Become the King of the Pirates! ["OP17-096">OP17-096]: Activate Counter
[Opponent] I'm Luffy! The Man Who's Gonna Become the King of the Pirates! ["OP17-096">OP17-096]: Rest 1 Don
RZ1|175|2|Don|5|2|5|2|1|1|1|0|0
RZ1|CHK|175|2|36|4|3|4|6|3|3|0|1|1
RZ1|176|2|OP17-096|1|3|6|3|1|1|0|0|0
RZ1|CHK|176|2|36|3|3|4|6|3|4|0|1|1
[Opponent] Discard Nico Robin ["OP17-087">OP17-087] for Counter 1000
RZ1|177|2|OP17-087|1|2|6|4|1|1|0|0|0
RZ1|CHK|177|2|36|2|3|4|6|3|5|0|1|1
Rocks D. Xebec ["OP17-039">OP17-039][5000] vs Monkey D. Luffy ["OP17-079">OP17-079][6000]
Attack Fails
[] Hand: [OP17-048,OP08-051,OP17-048,OP08-051,OP17-040,OP17-046,OP17-045,OP17-050]
[] Board: [OP17-050,OP17-049]
[] Trash: [OP17-118]
[] Life: 4
[] Hand: [OP17-081,OP17-080]
[] Trash: [OP17-091,OP17-096,OP17-093,OP17-096,OP17-087]
[] Board: [OP17-086,OP05-082,OP17-095]
[] Life: 4
[You] End Turn
[] Hand: [OP17-081,OP17-080]
[] Board: [OP17-086,OP05-082,OP17-095]
[] Trash: [OP17-091,OP17-096,OP17-093,OP17-096,OP17-087]
[] Life: 4
[] Hand: [OP17-048,OP08-051,OP17-048,OP08-051,OP17-040,OP17-046,OP17-045,OP17-050]
[] Trash: [OP17-118]
[] Board: [OP17-050,OP17-049]
[] Life: 4
RZ1|178|2|Don|9|9900|5|0|1|1|1|0|0
RZ1|CHK|178|2|36|2|3|4|6|4|5|0|1|0
[Opponent] Draw 1 Card
[] Drew card from deck: Loki ["OP17-119">OP17-119]
RZ1|179|2|OP17-119|0|35|1|2|1|1|0|0|0
RZ1|CHK|179|2|35|3|3|4|6|4|5|0|1|0
RZ1|180|2|Don|4|5|5|4|1|1|0|0|0
RZ1|CHK|180|2|35|3|3|4|5|5|5|0|1|0
RZ1|181|2|Don|4|4|5|5|1|1|0|0|0
RZ1|CHK|181|2|35|3|3|4|4|6|5|0|1|0
[Opponent] Draw 2 Don
RZ1|182|2|Don|5|0|5|0|1|1|1|0|0
RZ1|CHK|182|2|35|3|3|4|4|6|5|0|1|0
RZ1|183|2|Don|5|1|5|1|1|1|1|0|0
RZ1|CHK|183|2|35|3|3|4|4|6|5|0|1|0
RZ1|184|2|Don|5|2|5|2|1|1|1|0|0
RZ1|CHK|184|2|35|3|3|4|4|6|5|0|1|0
RZ1|185|2|Don|5|3|5|3|1|1|1|0|0
RZ1|CHK|185|2|35|3|3|4|4|6|5|0|1|0
RZ1|186|2|Don|5|4|5|4|1|1|1|0|0
RZ1|CHK|186|2|35|3|3|4|4|6|5|0|1|0
RZ1|187|2|Don|5|5|5|5|1|1|1|0|0
RZ1|CHK|187|2|35|3|3|4|4|6|5|0|1|0
[Opponent] Deploy Loki ["OP17-119">OP17-119]
RZ1|188|2|OP17-119|1|2|2|3|1|1|0|0|12
RZ1|CHK|188|2|35|2|4|4|4|6|5|0|1|0
[Opponent] Loki ["OP17-119">OP17-119]: Destroy Streusen ["OP17-050">OP17-050]
RZ1|189|1|OP17-050|2|0|6|1|1|1|0|0|0
RZ1|CHK|189|1|35|8|1|4|5|5|2|0|1|0
[Opponent] Shirahoshi ["OP05-082">OP05-082]: Rest Shirahoshi ["OP05-082">OP05-082]
[Opponent] Shirahoshi ["OP05-082">OP05-082]: Sent I'm Luffy! The Man Who's Gonna Become the King of the Pirates! ["OP17-096">OP17-096] to Deck Bottom from Trash
RZ1|190|2|OP17-096|6|3|0|0|0|0|0|0|0
RZ1|CHK|190|2|36|2|4|4|4|6|4|0|1|0
[Opponent] Shirahoshi ["OP05-082">OP05-082]: Sent Monkey D. Luffy ["OP17-093">OP17-093] to Deck Bottom from Trash
RZ1|191|2|OP17-093|6|2|0|0|0|0|0|0|0
RZ1|CHK|191|2|37|2|4|4|4|6|3|0|1|0
[Opponent] Forcing opponent to resolve Card Action!
RZ1|192|1|OP08-051|1|1|6|2|1|1|0|0|0
RZ1|CHK|192|1|35|7|1|4|5|5|3|0|1|0
[You] Shirahoshi ["OP05-082">OP05-082]: Trash Buckin ["OP08-051">OP08-051]
[Opponent] Roronoa Zoro ["OP17-095">OP17-095] attacking Rocks D. Xebec ["OP17-039">OP17-039]
RZ1|193|1|OP17-048|1|0|6|3|1|1|0|0|0
RZ1|CHK|193|1|35|6|1|4|5|5|4|0|1|0
[You] Charlotte Linlin ["OP17-049">OP17-049]: Trash Shiki ["OP17-048">OP17-048]
[You] Charlotte Linlin ["OP17-049">OP17-049]: Buff Rocks D. Xebec ["OP17-039">OP17-039] 1000 for the Combat
Roronoa Zoro ["OP17-095">OP17-095][5000] vs Rocks D. Xebec ["OP17-039">OP17-039][6000]
Attack Fails
[Opponent] Monkey D. Luffy ["OP17-079">OP17-079] attacking Rocks D. Xebec ["OP17-039">OP17-039]
[You] Discard Buckin ["OP08-051">OP08-051] for Counter 1000
RZ1|194|1|OP08-051|1|1|6|4|1|1|0|0|0
RZ1|CHK|194|1|35|5|1|4|5|5|5|0|1|0
Monkey D. Luffy ["OP17-079">OP17-079][5000] vs Rocks D. Xebec ["OP17-039">OP17-039][6000]
Attack Fails
[] Hand: [OP17-081,OP17-080]
[] Board: [OP17-086,OP05-082,OP17-095,OP17-119]
[] Trash: [OP17-091,OP17-096,OP17-087]
[] Life: 4
[] Hand: [OP17-048,OP17-040,OP17-046,OP17-045,OP17-050]
[] Trash: [OP17-118,OP17-050,OP08-051,OP17-048,OP08-051]
[] Board: [OP17-049]
[] Life: 4
[Opponent] End Turn
[] Hand: [OP17-048,OP17-040,OP17-046,OP17-045,OP17-050]
[] Board: [OP17-049]
[] Trash: [OP17-118,OP17-050,OP08-051,OP17-048,OP08-051]
[] Life: 4
[] Hand: [OP17-081,OP17-080]
[] Trash: [OP17-091,OP17-096,OP17-087]
[] Board: [OP17-086,OP05-082,OP17-095,OP17-119]
[] Life: 4
[You] Draw 1 Card
[] Drew card from deck: Wang Zhi ["OP17-041">OP17-041]
RZ1|195|1|OP17-041|0|34|1|5|1|1|0|0|0
RZ1|CHK|195|1|34|6|1|4|5|5|5|0|1|0
RZ1|196|1|Don|4|4|5|5|1|1|0|0|0
RZ1|CHK|196|1|34|6|1|4|4|6|5|0|1|0
RZ1|197|1|Don|4|3|5|6|1|1|0|0|0
RZ1|CHK|197|1|34|6|1|4|3|7|5|0|1|0
[You] Draw 2 Don
RZ1|198|1|Don|5|0|5|0|1|1|1|0|0
RZ1|CHK|198|1|34|6|1|4|3|7|5|0|1|0
RZ1|199|1|Don|5|1|5|1|1|1|1|0|0
RZ1|CHK|199|1|34|6|1|4|3|7|5|0|1|0
RZ1|200|1|Don|5|2|5|2|1|1|1|0|0
RZ1|CHK|200|1|34|6|1|4|3|7|5|0|1|0
RZ1|201|1|Don|5|3|5|3|1|1|1|0|0
RZ1|CHK|201|1|34|6|1|4|3|7|5|0|1|0
RZ1|202|1|Don|5|4|5|4|1|1|1|0|0
RZ1|CHK|202|1|34|6|1|4|3|7|5|0|1|0
RZ1|203|1|Don|5|5|5|5|1|1|1|0|0
RZ1|CHK|203|1|34|6|1|4|3|7|5|0|1|0
RZ1|204|1|Don|5|6|5|6|1|1|1|0|0
RZ1|CHK|204|1|34|6|1|4|3|7|5|0|1|0
[You] Deploy Shiki ["OP17-048">OP17-048]
RZ1|205|1|OP17-048|1|0|2|1|1|1|0|0|0
RZ1|CHK|205|1|34|5|2|4|3|7|5|0|1|0
[You] Charlotte Linlin ["OP17-049">OP17-049] attacking Monkey D. Luffy ["OP17-079">OP17-079]
[Opponent] Loki ["OP17-119">OP17-119] Blocks
Charlotte Linlin ["OP17-049">OP17-049][7000] vs Loki ["OP17-119">OP17-119][11000]
Attack Fails
[You] Rocks D. Xebec ["OP17-039">OP17-039] attacking Shirahoshi ["OP05-082">OP05-082]
RZ1|206|1|OP17-041|1|4|6|5|1|1|0|0|0
RZ1|CHK|206|1|34|4|2|4|3|7|6|0|1|0
[You] Rocks D. Xebec ["OP17-039">OP17-039]: Trash Wang Zhi ["OP17-041">OP17-041]
RZ1|207|1|OP17-042|0|33|0|33|0|0|0|0|0
RZ1|CHK|207|1|34|4|2|4|3|7|6|0|1|0
[You] Rocks D. Xebec ["OP17-039">OP17-039] revealed: Kaido ["OP17-042">OP17-042]
[] Drew card from deck: Kaido ["OP17-042">OP17-042]
RZ1|208|1|OP17-042|0|33|1|4|1|1|0|0|0
RZ1|CHK|208|1|33|5|2|4|3|7|6|0|1|0
[] Drew card from deck: Don Marlon ["OP17-052">OP17-052]
RZ1|209|1|OP17-052|0|32|1|5|1|1|0|0|0
RZ1|CHK|209|1|32|6|2|4|3|7|6|0|1|0
[You] Rocks D. Xebec ["OP17-039">OP17-039]: Draw 2 Card
Rocks D. Xebec ["OP17-039">OP17-039][5000] vs Shirahoshi ["OP05-082">OP05-082][0]
[Opponent] Shirahoshi ["OP05-082">OP05-082] Destroyed
RZ1|210|2|OP05-082|2|1|6|3|1|1|0|0|0
RZ1|CHK|210|2|37|2|3|4|4|6|4|0|1|0
[You] Shiki ["OP17-048">OP17-048] attacking Roronoa Zoro ["OP17-095">OP17-095]
Shiki ["OP17-048">OP17-048][9000] vs Roronoa Zoro ["OP17-095">OP17-095][5000]
[Opponent] Roronoa Zoro ["OP17-095">OP17-095] Destroyed
RZ1|211|2|OP17-095|2|1|6|4|1|1|0|0|0
RZ1|CHK|211|2|37|2|2|4|4|6|5|0|1|0
[] Hand: [OP17-040,OP17-046,OP17-045,OP17-050,OP17-042,OP17-052]
[] Board: [OP17-049,OP17-048]
[] Trash: [OP17-118,OP17-050,OP08-051,OP17-048,OP08-051,OP17-041]
[] Life: 4
[] Hand: [OP17-081,OP17-080]
[] Trash: [OP17-091,OP17-096,OP17-087,OP05-082,OP17-095]
[] Board: [OP17-086,OP17-119]
[] Life: 4
[You] End Turn
[] Hand: [OP17-081,OP17-080]
[] Board: [OP17-086,OP17-119]
[] Trash: [OP17-091,OP17-096,OP17-087,OP05-082,OP17-095]
[] Life: 4
[] Hand: [OP17-040,OP17-046,OP17-045,OP17-050,OP17-042,OP17-052]
[] Trash: [OP17-118,OP17-050,OP08-051,OP17-048,OP08-051,OP17-041]
[] Board: [OP17-049,OP17-048]
[] Life: 4
[Opponent] Draw 1 Card
[] Drew card from deck: Brook ["OP17-091">OP17-091]
RZ1|212|2|OP17-091|0|36|1|2|1|1|0|0|0
RZ1|CHK|212|2|36|3|2|4|4|6|5|0|1|0
RZ1|213|2|Don|4|3|5|6|1|1|0|0|0
RZ1|CHK|213|2|36|3|2|4|3|7|5|0|1|0
RZ1|214|2|Don|4|2|5|7|1|1|0|0|0
RZ1|CHK|214|2|36|3|2|4|2|8|5|0|1|0
[Opponent] Draw 2 Don
RZ1|215|2|Don|5|0|5|0|1|1|1|0|0
RZ1|CHK|215|2|36|3|2|4|2|8|5|0|1|0
RZ1|216|2|Don|5|1|5|1|1|1|1|0|0
RZ1|CHK|216|2|36|3|2|4|2|8|5|0|1|0
[Opponent] Deploy Usopp ["OP17-080">OP17-080]
RZ1|217|2|OP17-080|1|1|2|2|1|1|0|3000|0
RZ1|CHK|217|2|36|2|3|4|2|8|5|0|1|0
RZ1|218|2|OP17-081|0|33|1|2|1|1|0|0|0
RZ1|CHK|218|2|35|3|3|4|2|8|5|0|1|0
[Opponent] Usopp ["OP17-080">OP17-080]: <b>Reveal and Draw Gerd ["OP17-081">OP17-081]</b>
[Opponent] Usopp ["OP17-080">OP17-080]: Trash 2 Remaining Cards
RZ1|219|2|OP17-082|0|34|6|5|1|1|0|0|0
RZ1|CHK|219|2|34|3|3|4|2|8|6|0|1|0
RZ1|220|2|OP17-086|0|33|6|6|1|1|0|0|0
RZ1|CHK|220|2|33|3|3|4|2|8|7|0|1|0
[Opponent] Attach 3 Don to Nami ["OP17-086">OP17-086] (3 Total)
RZ1|221|2|Don|5|7|9|0|1|1|0|0|0
RZ1|CHK|221|2|33|3|3|4|2|7|7|0|1|1
RZ1|222|2|Don|5|6|9|1|1|1|0|0|0
RZ1|CHK|222|2|33|3|3|4|2|6|7|0|1|2
RZ1|223|2|Don|5|5|9|2|1|1|0|0|0
RZ1|CHK|223|2|33|3|3|4|2|5|7|0|1|3
[Opponent] Nami ["OP17-086">OP17-086] attacking Rocks D. Xebec ["OP17-039">OP17-039]
RZ1|224|1|OP17-046|1|1|6|6|1|1|0|0|0
RZ1|CHK|224|1|32|5|2|4|3|7|7|0|1|0
[You] Charlotte Linlin ["OP17-049">OP17-049]: Trash Gloriosa ["OP17-046">OP17-046]
[You] Charlotte Linlin ["OP17-049">OP17-049]: Buff Rocks D. Xebec ["OP17-039">OP17-039] 1000 for the Combat
Nami ["OP17-086">OP17-086][5000] vs Rocks D. Xebec ["OP17-039">OP17-039][6000]
Attack Fails
[Opponent] Loki ["OP17-119">OP17-119] attacking Rocks D. Xebec ["OP17-039">OP17-039]
Loki ["OP17-119">OP17-119][8000] vs Rocks D. Xebec ["OP17-039">OP17-039][5000]
Rocks D. Xebec ["OP17-039">OP17-039] hit for 1 damage
RZ1|225|1|OP17-054|3|3|1|5|1|1|0|0|0
RZ1|CHK|225|1|32|6|2|3|3|7|7|0|1|0
[Opponent] Attach 1 Don to Monkey D. Luffy ["OP17-079">OP17-079] (1 Total)
RZ1|226|2|Don|5|4|9|9900|1|1|0|0|0
RZ1|CHK|226|2|33|3|3|4|2|4|7|0|1|4
[Opponent] Attach 1 Don to Monkey D. Luffy ["OP17-079">OP17-079] (2 Total)
RZ1|227|2|Don|5|3|9|9901|1|1|0|0|0
RZ1|CHK|227|2|33|3|3|4|2|3|7|0|1|5
[Opponent] Attach 1 Don to Monkey D. Luffy ["OP17-079">OP17-079] (3 Total)
RZ1|228|2|Don|5|2|9|9902|1|1|0|0|0
RZ1|CHK|228|2|33|3|3|4|2|2|7|0|1|6
[Opponent] Monkey D. Luffy ["OP17-079">OP17-079] attacking Charlotte Linlin ["OP17-049">OP17-049]
Monkey D. Luffy ["OP17-079">OP17-079][8000] vs Charlotte Linlin ["OP17-049">OP17-049][7000]
[You] Charlotte Linlin ["OP17-049">OP17-049] Destroyed
RZ1|229|1|OP17-049|2|0|6|7|1|1|0|0|0
RZ1|CHK|229|1|32|6|1|3|3|7|8|0|1|0
[] Hand: [OP17-081,OP17-091,OP17-081]
[] Board: [OP17-086,OP17-119,OP17-080]
[] Trash: [OP17-091,OP17-096,OP17-087,OP05-082,OP17-095,OP17-082,OP17-086]
[] Life: 4
[] Hand: [OP17-040,OP17-045,OP17-050,OP17-042,OP17-052,OP17-054]
[] Trash: [OP17-118,OP17-050,OP08-051,OP17-048,OP08-051,OP17-041,OP17-046,OP17-049]
[] Board: [OP17-048]
[] Life: 3
[Opponent] End Turn
[] Hand: [OP17-040,OP17-045,OP17-050,OP17-042,OP17-052,OP17-054]
[] Board: [OP17-048]
[] Trash: [OP17-118,OP17-050,OP08-051,OP17-048,OP08-051,OP17-041,OP17-046,OP17-049]
[] Life: 3
[] Hand: [OP17-081,OP17-091,OP17-081]
[] Trash: [OP17-091,OP17-096,OP17-087,OP05-082,OP17-095,OP17-082,OP17-086]
[] Board: [OP17-086,OP17-119,OP17-080]
[] Life: 4
[You] Draw 1 Card
[] Drew card from deck: Shiki ["OP17-048">OP17-048]
RZ1|230|1|OP17-048|0|31|1|6|1|1|0|0|0
RZ1|CHK|230|1|31|7|1|3|3|7|8|0|1|0
RZ1|231|1|Don|4|2|5|7|1|1|0|0|0
RZ1|CHK|231|1|31|7|1|3|2|8|8|0|1|0
RZ1|232|1|Don|4|1|5|8|1|1|0|0|0
RZ1|CHK|232|1|31|7|1|3|1|9|8|0|1|0
[You] Draw 2 Don
RZ1|233|1|Don|5|0|5|0|1|1|1|0|0
RZ1|CHK|233|1|31|7|1|3|1|9|8|0|1|0
RZ1|234|1|Don|5|1|5|1|1|1|1|0|0
RZ1|CHK|234|1|31|7|1|3|1|9|8|0|1|0
RZ1|235|1|Don|5|2|5|2|1|1|1|0|0
RZ1|CHK|235|1|31|7|1|3|1|9|8|0|1|0
RZ1|236|1|Don|5|3|5|3|1|1|1|0|0
RZ1|CHK|236|1|31|7|1|3|1|9|8|0|1|0
RZ1|237|1|Don|5|4|5|4|1|1|1|0|0
RZ1|CHK|237|1|31|7|1|3|1|9|8|0|1|0
RZ1|238|1|Don|5|5|5|5|1|1|1|0|0
RZ1|CHK|238|1|31|7|1|3|1|9|8|0|1|0
RZ1|239|1|Don|5|6|5|6|1|1|1|0|0
RZ1|CHK|239|1|31|7|1|3|1|9|8|0|1|0
[You] Deploy Shiki ["OP17-048">OP17-048]
RZ1|240|1|OP17-048|1|6|2|1|1|1|0|0|0
RZ1|CHK|240|1|31|6|2|3|1|9|8|0|1|0
[You] Shiki ["OP17-048">OP17-048] attacking Monkey D. Luffy ["OP17-079">OP17-079]
Shiki ["OP17-048">OP17-048][9000] vs Monkey D. Luffy ["OP17-079">OP17-079][5000]
Monkey D. Luffy ["OP17-079">OP17-079] hit for 1 damage
RZ1|241|2|OP17-093|3|3|1|3|1|1|0|0|0
RZ1|CHK|241|2|33|4|3|3|2|2|7|0|1|6
RZ1|242|1|Don|5|7|9|9900|1|1|0|0|0
RZ1|CHK|242|1|31|6|2|3|1|8|8|0|1|1
RZ1|243|1|Don|5|7|9|9901|1|1|0|0|0
RZ1|CHK|243|1|31|6|2|3|1|7|8|0|1|2
[You] Attach 2 Don to Rocks D. Xebec ["OP17-039">OP17-039] (2 Total)
[You] Rocks D. Xebec ["OP17-039">OP17-039] attacking Monkey D. Luffy ["OP17-079">OP17-079]
RZ1|244|1|OP17-040|1|0|6|8|1|1|0|0|0
RZ1|CHK|244|1|31|5|2|3|1|7|9|0|1|2
[You] Rocks D. Xebec ["OP17-039">OP17-039]: Trash Edward Newgate ["OP17-040">OP17-040]
RZ1|245|1|OP17-044|0|30|0|30|0|0|0|0|0
RZ1|CHK|245|1|31|5|2|3|1|7|9|0|1|2
[You] Rocks D. Xebec ["OP17-039">OP17-039] revealed: Captain John ["OP17-044">OP17-044]
[] Drew card from deck: Captain John ["OP17-044">OP17-044]
RZ1|246|1|OP17-044|0|30|1|5|1|1|0|0|0
RZ1|CHK|246|1|30|6|2|3|1|7|9|0|1|2
[] Drew card from deck: Fullalead ["OP17-057">OP17-057]
RZ1|247|1|OP17-057|0|29|1|6|1|1|0|0|0
RZ1|CHK|247|1|29|7|2|3|1|7|9|0|1|2
[You] Rocks D. Xebec ["OP17-039">OP17-039]: Draw 2 Card
Rocks D. Xebec ["OP17-039">OP17-039][7000] vs Monkey D. Luffy ["OP17-079">OP17-079][5000]
Monkey D. Luffy ["OP17-079">OP17-079] hit for 1 damage
RZ1|248|2|OP17-093|3|2|1|4|1|1|0|0|0
RZ1|CHK|248|2|33|5|3|2|2|2|7|0|1|6
[You] Shiki ["OP17-048">OP17-048] attacking Nami ["OP17-086">OP17-086]
Shiki ["OP17-048">OP17-048][9000] vs Nami ["OP17-086">OP17-086][2000]
[Opponent] Nami ["OP17-086">OP17-086] Destroyed
RZ1|249|2|Don|9|0|5|0|1|1|1|0|0
RZ1|CHK|249|2|33|5|3|2|2|3|7|0|1|5
RZ1|250|2|Don|9|0|5|0|1|1|1|0|0
RZ1|CHK|250|2|33|5|3|2|2|4|7|0|1|4
RZ1|251|2|Don|9|0|5|0|1|1|1|0|0
RZ1|CHK|251|2|33|5|3|2|2|5|7|0|1|3
RZ1|252|2|OP17-086|2|0|6|7|1|1|0|0|0
RZ1|CHK|252|2|33|5|2|2|2|5|8|0|1|3
[] Hand: [OP17-045,OP17-050,OP17-042,OP17-052,OP17-054,OP17-044,OP17-057]
[] Board: [OP17-048,OP17-048]
[] Trash: [OP17-118,OP17-050,OP08-051,OP17-048,OP08-051,OP17-041,OP17-046,OP17-049,OP17-040]
[] Life: 3
[] Hand: [OP17-081,OP17-091,OP17-081,OP17-093,OP17-093]
[] Trash: [OP17-091,OP17-096,OP17-087,OP05-082,OP17-095,OP17-082,OP17-086,OP17-086]
[] Board: [OP17-119,OP17-080]
[] Life: 2
[You] End Turn
[] Hand: [OP17-081,OP17-091,OP17-081,OP17-093,OP17-093]
[] Board: [OP17-119,OP17-080]
[] Trash: [OP17-091,OP17-096,OP17-087,OP05-082,OP17-095,OP17-082,OP17-086,OP17-086]
[] Life: 2
[] Hand: [OP17-045,OP17-050,OP17-042,OP17-052,OP17-054,OP17-044,OP17-057]
[] Trash: [OP17-118,OP17-050,OP08-051,OP17-048,OP08-051,OP17-041,OP17-046,OP17-049,OP17-040]
[] Board: [OP17-048,OP17-048]
[] Life: 3
RZ1|253|2|Don|9|9900|5|0|1|1|1|0|0
RZ1|CHK|253|2|33|5|2|2|2|6|8|0|1|2
RZ1|254|2|Don|9|9900|5|0|1|1|1|0|0
RZ1|CHK|254|2|33|5|2|2|2|7|8|0|1|1
RZ1|255|2|Don|9|9900|5|0|1|1|1|0|0
RZ1|CHK|255|2|33|5|2|2|2|8|8|0|1|0
[Opponent] Draw 1 Card
[] Drew card from deck: Roronoa Zoro ["OP17-095">OP17-095]
RZ1|256|2|OP17-095|0|32|1|5|1|1|0|0|0
RZ1|CHK|256|2|32|6|2|2|2|8|8|0|1|0
RZ1|257|2|Don|4|1|5|8|1|1|0|0|0
RZ1|CHK|257|2|32|6|2|2|1|9|8|0|1|0
RZ1|258|2|Don|4|0|5|9|1|1|0|0|0
RZ1|CHK|258|2|32|6|2|2|0|10|8|0|1|0
[Opponent] Draw 2 Don
RZ1|259|2|Don|5|0|5|0|1|1|1|0|0
RZ1|CHK|259|2|32|6|2|2|0|10|8|0|1|0
RZ1|260|2|Don|5|1|5|1|1|1|1|0|0
RZ1|CHK|260|2|32|6|2|2|0|10|8|0|1|0
RZ1|261|2|Don|5|2|5|2|1|1|1|0|0
RZ1|CHK|261|2|32|6|2|2|0|10|8|0|1|0
RZ1|262|2|Don|5|3|5|3|1|1|1|0|0
RZ1|CHK|262|2|32|6|2|2|0|10|8|0|1|0
RZ1|263|2|Don|5|4|5|4|1|1|1|0|0
RZ1|CHK|263|2|32|6|2|2|0|10|8|0|1|0
RZ1|264|2|Don|5|5|5|5|1|1|1|0|0
RZ1|CHK|264|2|32|6|2|2|0|10|8|0|1|0
RZ1|265|2|Don|5|6|5|6|1|1|1|0|0
RZ1|CHK|265|2|32|6|2|2|0|10|8|0|1|0
RZ1|266|2|Don|5|7|5|7|1|1|1|0|0
RZ1|CHK|266|2|32|6|2|2|0|10|8|0|1|0
[Opponent] Deploy Monkey D. Luffy ["OP17-093">OP17-093]
RZ1|267|2|OP17-093|1|4|2|2|1|1|0|0|0
RZ1|CHK|267|2|32|5|3|2|0|10|8|0|1|0
[] Drew card from deck: Pirate Docking 6 ["OP15-088">OP15-088]
RZ1|268|2|OP15-088|0|31|1|5|1|1|0|0|0
RZ1|CHK|268|2|31|6|3|2|0|10|8|0|1|0
[Opponent] Monkey D. Luffy ["OP17-093">OP17-093]: Draw 1 Card
[Opponent] Monkey D. Luffy ["OP17-093">OP17-093]: Deployed Roronoa Zoro ["OP17-095">OP17-095] from Trash
RZ1|269|2|OP17-095|6|4|2|3|1|1|0|3000|0
RZ1|CHK|269|2|31|6|4|2|0|10|7|0|1|0
[Opponent] Usopp ["OP17-080">OP17-080] attacking Rocks D. Xebec ["OP17-039">OP17-039]
Usopp ["OP17-080">OP17-080][5000] vs Rocks D. Xebec ["OP17-039">OP17-039][5000]
Rocks D. Xebec ["OP17-039">OP17-039] hit for 1 damage
RZ1|270|1|OP17-054|3|2|1|7|1|1|0|0|0
RZ1|CHK|270|1|29|8|2|2|1|7|9|0|1|2
[Opponent] Attach 1 Don to Monkey D. Luffy ["OP17-079">OP17-079] (1 Total)
RZ1|271|2|Don|5|9|9|9900|1|1|0|0|0
RZ1|CHK|271|2|31|6|4|2|0|9|7|0|1|1
[Opponent] Monkey D. Luffy ["OP17-079">OP17-079] attacking Rocks D. Xebec ["OP17-039">OP17-039]
Monkey D. Luffy ["OP17-079">OP17-079][6000] vs Rocks D. Xebec ["OP17-039">OP17-039][5000]
Rocks D. Xebec ["OP17-039">OP17-039] hit for 1 damage
RZ1|272|1|OP17-055|3|1|1|8|1|1|0|0|0
RZ1|CHK|272|1|29|9|2|1|1|7|9|0|1|2
[Opponent] Loki ["OP17-119">OP17-119] attacking Rocks D. Xebec ["OP17-039">OP17-039]
Loki ["OP17-119">OP17-119][8000] vs Rocks D. Xebec ["OP17-039">OP17-039][5000]
Rocks D. Xebec ["OP17-039">OP17-039] hit for 1 damage
RZ1|273|1|OP17-046|3|0|1|9|1|1|0|0|0
RZ1|CHK|273|1|29|10|2|0|1|7|9|0|1|2
[Opponent] Monkey D. Luffy ["OP17-093">OP17-093] attacking Rocks D. Xebec ["OP17-039">OP17-039]
RZ1|274|1|OP17-042|1|2|6|9|1|1|0|0|0
RZ1|CHK|274|1|29|9|2|0|1|7|10|0|1|2
[You] Shiki ["OP17-048">OP17-048]: Trash Kaido ["OP17-042">OP17-042]
[You] Shiki ["OP17-048">OP17-048]: Buff Roronoa Zoro ["OP17-095">OP17-095] -3000
RZ1|275|1|OP17-044|1|4|6|10|1|1|0|0|0
RZ1|CHK|275|1|29|8|2|0|1|7|11|0|1|2
[You] Shiki ["OP17-048">OP17-048]: Trash Captain John ["OP17-044">OP17-044]
[You] Shiki ["OP17-048">OP17-048]: Buff Roronoa Zoro ["OP17-095">OP17-095] -3000
Monkey D. Luffy ["OP17-093">OP17-093][8000] vs Rocks D. Xebec ["OP17-039">OP17-039][5000]
Rocks D. Xebec ["OP17-039">OP17-039] hit for 1 damage
[You] <b>Downloaded the Combat Log!</b>
GameOver
