Version is 1.43a.1
[You] Leader is Rocks D. Xebec ["OP17-039">OP17-039]
RZ1|HDR|1.43a|2|RZ1
RZ1|PLY|1||OP17-039
RZ1|PLY|2||
[Opponent] Leader is Dracule Mihawk ["OP14-020">OP14-020]
RZ1|1|2|OP13-031|0|28|0|0|0|0|0|0|0
RZ1|CHK|1|2|50|0|0|0|10|0|0|0|1|0
RZ1|2|2|OP06-038|0|40|0|1|0|0|0|0|0
RZ1|CHK|2|2|50|0|0|0|10|0|0|0|1|0
RZ1|3|2|OP13-031|0|30|0|2|0|0|0|0|0
RZ1|CHK|3|2|50|0|0|0|10|0|0|0|1|0
RZ1|4|2|ST32-003|0|33|0|3|0|0|0|0|0
RZ1|CHK|4|2|50|0|0|0|10|0|0|0|1|0
RZ1|5|2|ST32-001|0|15|0|4|0|0|0|0|0
RZ1|CHK|5|2|50|0|0|0|10|0|0|0|1|0
RZ1|6|2|OP14-039|0|49|0|5|0|0|0|0|0
RZ1|CHK|6|2|50|0|0|0|10|0|0|0|1|0
RZ1|7|2|OP07-022|0|8|0|7|0|0|0|0|0
RZ1|CHK|7|2|50|0|0|0|10|0|0|0|1|0
RZ1|8|2|ST32-001|0|16|0|8|0|0|0|0|0
RZ1|CHK|8|2|50|0|0|0|10|0|0|0|1|0
RZ1|9|2|OP17-022|0|38|0|9|0|0|0|0|0
RZ1|CHK|9|2|50|0|0|0|10|0|0|0|1|0
RZ1|10|2|OP06-033|0|20|0|10|0|0|0|0|0
RZ1|CHK|10|2|50|0|0|0|10|0|0|0|1|0
RZ1|11|2|OP06-033|0|20|0|12|0|0|0|0|0
RZ1|CHK|11|2|50|0|0|0|10|0|0|0|1|0
RZ1|12|2|OP12-023|0|24|0|13|0|0|0|0|0
RZ1|CHK|12|2|50|0|0|0|10|0|0|0|1|0
RZ1|13|2|OP17-022|0|38|0|14|0|0|0|0|0
RZ1|CHK|13|2|50|0|0|0|10|0|0|0|1|0
RZ1|14|2|OP01-055|0|40|0|15|0|0|0|0|0
RZ1|CHK|14|2|50|0|0|0|10|0|0|0|1|0
RZ1|15|2|OP13-040|0|47|0|17|0|0|0|0|0
RZ1|CHK|15|2|50|0|0|0|10|0|0|0|1|0
RZ1|16|2|OP06-038|0|43|0|18|0|0|0|0|0
RZ1|CHK|16|2|50|0|0|0|10|0|0|0|1|0
RZ1|17|2|ST32-002|0|37|0|19|0|0|0|0|0
RZ1|CHK|17|2|50|0|0|0|10|0|0|0|1|0
RZ1|18|2|OP17-031|0|33|0|20|0|0|0|0|0
RZ1|CHK|18|2|50|0|0|0|10|0|0|0|1|0
RZ1|19|2|OP13-040|0|47|0|21|0|0|0|0|0
RZ1|CHK|19|2|50|0|0|0|10|0|0|0|1|0
RZ1|20|2|OP17-031|0|34|0|22|0|0|0|0|0
RZ1|CHK|20|2|50|0|0|0|10|0|0|0|1|0
RZ1|21|2|OP17-022|0|41|0|23|0|0|0|0|0
RZ1|CHK|21|2|50|0|0|0|10|0|0|0|1|0
RZ1|22|2|OP12-023|0|33|0|24|0|0|0|0|0
RZ1|CHK|22|2|50|0|0|0|10|0|0|0|1|0
RZ1|23|2|OP08-036|0|48|0|25|0|0|0|0|0
RZ1|CHK|23|2|50|0|0|0|10|0|0|0|1|0
RZ1|24|2|OP06-038|0|46|0|26|0|0|0|0|0
RZ1|CHK|24|2|50|0|0|0|10|0|0|0|1|0
RZ1|25|2|ST32-002|0|40|0|27|0|0|0|0|0
RZ1|CHK|25|2|50|0|0|0|10|0|0|0|1|0
RZ1|26|2|OP12-034|0|31|0|28|0|0|0|0|0
RZ1|CHK|26|2|50|0|0|0|10|0|0|0|1|0
RZ1|27|2|OP06-033|0|35|0|29|0|0|0|0|0
RZ1|CHK|27|2|50|0|0|0|10|0|0|0|1|0
RZ1|28|2|OP14-023|0|33|0|30|0|0|0|0|0
RZ1|CHK|28|2|50|0|0|0|10|0|0|0|1|0
RZ1|29|2|ST32-002|0|41|0|31|0|0|0|0|0
RZ1|CHK|29|2|50|0|0|0|10|0|0|0|1|0
RZ1|30|2|OP14-039|0|49|0|32|0|0|0|0|0
RZ1|CHK|30|2|50|0|0|0|10|0|0|0|1|0
RZ1|31|2|OP01-055|0|47|0|33|0|0|0|0|0
RZ1|CHK|31|2|50|0|0|0|10|0|0|0|1|0
RZ1|32|2|OP13-031|0|45|0|34|0|0|0|0|0
RZ1|CHK|32|2|50|0|0|0|10|0|0|0|1|0
RZ1|33|2|ST32-001|0|38|0|35|0|0|0|0|0
RZ1|CHK|33|2|50|0|0|0|10|0|0|0|1|0
RZ1|34|2|OP01-055|0|47|0|36|0|0|0|0|0
RZ1|CHK|34|2|50|0|0|0|10|0|0|0|1|0
RZ1|35|2|OP06-033|0|40|0|37|0|0|0|0|0
RZ1|CHK|35|2|50|0|0|0|10|0|0|0|1|0
RZ1|36|2|OP12-034|0|39|0|38|0|0|0|0|0
RZ1|CHK|36|2|50|0|0|0|10|0|0|0|1|0
RZ1|37|2|OP06-038|0|48|0|39|0|0|0|0|0
RZ1|CHK|37|2|50|0|0|0|10|0|0|0|1|0
RZ1|38|2|OP17-022|0|48|0|40|0|0|0|0|0
RZ1|CHK|38|2|50|0|0|0|10|0|0|0|1|0
RZ1|39|2|OP12-023|0|43|0|41|0|0|0|0|0
RZ1|CHK|39|2|50|0|0|0|10|0|0|0|1|0
RZ1|40|2|ST32-002|0|47|0|42|0|0|0|0|0
RZ1|CHK|40|2|50|0|0|0|10|0|0|0|1|0
RZ1|41|2|OP17-031|0|47|0|43|0|0|0|0|0
RZ1|CHK|41|2|50|0|0|0|10|0|0|0|1|0
RZ1|42|2|OP13-031|0|48|0|44|0|0|0|0|0
RZ1|CHK|42|2|50|0|0|0|10|0|0|0|1|0
RZ1|43|2|OP17-031|0|48|0|45|0|0|0|0|0
RZ1|CHK|43|2|50|0|0|0|10|0|0|0|1|0
RZ1|44|2|OP12-023|0|48|0|46|0|0|0|0|0
RZ1|CHK|44|2|50|0|0|0|10|0|0|0|1|0
RZ1|45|2|OP13-040|0|49|0|48|0|0|0|0|0
RZ1|CHK|45|2|50|0|0|0|10|0|0|0|1|0
[] Drew card from deck: Charlotte Linlin ["OP17-049">OP17-049]
RZ1|46|1|OP17-049|0|49|1|0|1|1|0|0|0
RZ1|CHK|46|1|49|1|0|0|10|0|0|0|1|0
[] Drew card from deck: Buckin ["OP08-051">OP08-051]
RZ1|47|1|OP08-051|0|48|1|1|1|1|0|0|0
RZ1|CHK|47|1|48|2|0|0|10|0|0|0|1|0
[] Drew card from deck: Kyo ["OP17-045">OP17-045]
RZ1|48|1|OP17-045|0|47|1|2|1|1|0|0|0
RZ1|CHK|48|1|47|3|0|0|10|0|0|0|1|0
[] Drew card from deck: Charlotte Linlin ["OP17-049">OP17-049]
RZ1|49|1|OP17-049|0|46|1|3|1|1|0|0|0
RZ1|CHK|49|1|46|4|0|0|10|0|0|0|1|0
[] Drew card from deck: Edward Newgate ["OP17-040">OP17-040]
RZ1|50|1|OP17-040|0|45|1|4|1|1|0|0|0
RZ1|CHK|50|1|45|5|0|0|10|0|0|0|1|0
[] Drew card from deck: Perona ["OP12-034">OP12-034]
RZ1|51|2|OP12-034|0|49|1|0|1|1|0|0|0
RZ1|CHK|51|2|49|1|0|0|10|0|0|0|1|0
[] Drew card from deck: I Know You're Strong... So I'll Go All Out ["OP13-040">OP13-040]
RZ1|52|2|OP13-040|0|48|1|1|1|1|0|0|0
RZ1|CHK|52|2|48|2|0|0|10|0|0|0|1|0
[] Drew card from deck: Perona ["OP12-034">OP12-034]
RZ1|53|2|OP12-034|0|47|1|2|1|1|0|0|0
RZ1|CHK|53|2|47|3|0|0|10|0|0|0|1|0
[] Drew card from deck: Kawamatsu ["OP12-023">OP12-023]
RZ1|54|2|OP12-023|0|46|1|3|1|1|0|0|0
RZ1|CHK|54|2|46|4|0|0|10|0|0|0|1|0
[] Drew card from deck: Yasopp ["OP17-031">OP17-031]
RZ1|55|2|OP17-031|0|45|1|4|1|1|0|0|0
RZ1|CHK|55|2|45|5|0|0|10|0|0|0|1|0
RZ1|56|1|OP17-049|1|0|0|45|0|0|0|0|0
RZ1|CHK|56|1|46|4|0|0|10|0|0|0|1|0
RZ1|57|1|OP08-051|1|0|0|46|0|0|0|0|0
RZ1|CHK|57|1|47|3|0|0|10|0|0|0|1|0
RZ1|58|1|OP17-045|1|0|0|47|0|0|0|0|0
RZ1|CHK|58|1|48|2|0|0|10|0|0|0|1|0
RZ1|59|1|OP17-049|1|0|0|48|0|0|0|0|0
RZ1|CHK|59|1|49|1|0|0|10|0|0|0|1|0
RZ1|60|1|OP17-040|1|0|0|49|0|0|0|0|0
RZ1|CHK|60|1|50|0|0|0|10|0|0|0|1|0
RZ1|61|1|OP17-054|0|6|0|0|0|0|0|0|0
RZ1|CHK|61|1|50|0|0|0|10|0|0|0|1|0
RZ1|62|1|OP17-040|0|19|0|1|0|0|0|0|0
RZ1|CHK|62|1|50|0|0|0|10|0|0|0|1|0
RZ1|63|1|OP17-042|0|21|0|2|0|0|0|0|0
RZ1|CHK|63|1|50|0|0|0|10|0|0|0|1|0
RZ1|64|1|OP17-055|0|36|0|3|0|0|0|0|0
RZ1|CHK|64|1|50|0|0|0|10|0|0|0|1|0
RZ1|65|1|OP17-048|0|17|0|4|0|0|0|0|0
RZ1|CHK|65|1|50|0|0|0|10|0|0|0|1|0
RZ1|66|1|OP17-040|0|33|0|5|0|0|0|0|0
RZ1|CHK|66|1|50|0|0|0|10|0|0|0|1|0
RZ1|67|1|OP17-049|0|21|0|6|0|0|0|0|0
RZ1|CHK|67|1|50|0|0|0|10|0|0|0|1|0
RZ1|68|1|OP17-046|0|14|0|7|0|0|0|0|0
RZ1|CHK|68|1|50|0|0|0|10|0|0|0|1|0
RZ1|69|1|OP17-050|0|11|0|8|0|0|0|0|0
RZ1|CHK|69|1|50|0|0|0|10|0|0|0|1|0
RZ1|70|1|OP17-055|0|39|0|9|0|0|0|0|0
RZ1|CHK|70|1|50|0|0|0|10|0|0|0|1|0
RZ1|71|1|OP17-050|0|26|0|10|0|0|0|0|0
RZ1|CHK|71|1|50|0|0|0|10|0|0|0|1|0
RZ1|72|1|OP17-040|0|21|0|11|0|0|0|0|0
RZ1|CHK|72|1|50|0|0|0|10|0|0|0|1|0
RZ1|73|1|OP17-045|0|39|0|12|0|0|0|0|0
RZ1|CHK|73|1|50|0|0|0|10|0|0|0|1|0
RZ1|74|1|OP17-055|0|22|0|13|0|0|0|0|0
RZ1|CHK|74|1|50|0|0|0|10|0|0|0|1|0
RZ1|75|1|OP17-044|0|39|0|14|0|0|0|0|0
RZ1|CHK|75|1|50|0|0|0|10|0|0|0|1|0
RZ1|76|1|OP17-045|0|47|0|15|0|0|0|0|0
RZ1|CHK|76|1|50|0|0|0|10|0|0|0|1|0
RZ1|77|1|OP17-056|0|39|0|16|0|0|0|0|0
RZ1|CHK|77|1|50|0|0|0|10|0|0|0|1|0
RZ1|78|1|OP17-049|0|21|0|17|0|0|0|0|0
RZ1|CHK|78|1|50|0|0|0|10|0|0|0|1|0
RZ1|79|1|OP17-056|0|34|0|18|0|0|0|0|0
RZ1|CHK|79|1|50|0|0|0|10|0|0|0|1|0
RZ1|80|1|OP17-118|0|25|0|19|0|0|0|0|0
RZ1|CHK|80|1|50|0|0|0|10|0|0|0|1|0
RZ1|81|1|OP17-118|0|41|0|20|0|0|0|0|0
RZ1|CHK|81|1|50|0|0|0|10|0|0|0|1|0
RZ1|82|1|OP17-046|0|37|0|21|0|0|0|0|0
RZ1|CHK|82|1|50|0|0|0|10|0|0|0|1|0
RZ1|83|1|OP17-048|0|40|0|22|0|0|0|0|0
RZ1|CHK|83|1|50|0|0|0|10|0|0|0|1|0
RZ1|84|1|OP17-049|0|46|0|23|0|0|0|0|0
RZ1|CHK|84|1|50|0|0|0|10|0|0|0|1|0
RZ1|85|1|OP17-042|0|45|0|24|0|0|0|0|0
RZ1|CHK|85|1|50|0|0|0|10|0|0|0|1|0
RZ1|86|1|OP17-057|0|42|0|25|0|0|0|0|0
RZ1|CHK|86|1|50|0|0|0|10|0|0|0|1|0
RZ1|87|1|OP17-045|0|42|0|26|0|0|0|0|0
RZ1|CHK|87|1|50|0|0|0|10|0|0|0|1|0
RZ1|88|1|OP17-054|0|36|0|27|0|0|0|0|0
RZ1|CHK|88|1|50|0|0|0|10|0|0|0|1|0
RZ1|89|1|OP08-051|0|47|0|28|0|0|0|0|0
RZ1|CHK|89|1|50|0|0|0|10|0|0|0|1|0
RZ1|90|1|OP17-045|0|43|0|29|0|0|0|0|0
RZ1|CHK|90|1|50|0|0|0|10|0|0|0|1|0
RZ1|91|1|OP17-118|0|38|0|30|0|0|0|0|0
RZ1|CHK|91|1|50|0|0|0|10|0|0|0|1|0
RZ1|92|1|OP17-042|0|47|0|31|0|0|0|0|0
RZ1|CHK|92|1|50|0|0|0|10|0|0|0|1|0
RZ1|93|1|OP17-044|0|37|0|32|0|0|0|0|0
RZ1|CHK|93|1|50|0|0|0|10|0|0|0|1|0
RZ1|94|1|OP17-054|0|36|0|33|0|0|0|0|0
RZ1|CHK|94|1|50|0|0|0|10|0|0|0|1|0
RZ1|95|1|OP17-050|0|44|0|34|0|0|0|0|0
RZ1|CHK|95|1|50|0|0|0|10|0|0|0|1|0
RZ1|96|1|OP17-049|0|48|0|35|0|0|0|0|0
RZ1|CHK|96|1|50|0|0|0|10|0|0|0|1|0
RZ1|97|1|OP17-050|0|47|0|36|0|0|0|0|0
RZ1|CHK|97|1|50|0|0|0|10|0|0|0|1|0
RZ1|98|1|OP08-051|0|41|0|37|0|0|0|0|0
RZ1|CHK|98|1|50|0|0|0|10|0|0|0|1|0
RZ1|99|1|OP17-055|0|41|0|39|0|0|0|0|0
RZ1|CHK|99|1|50|0|0|0|10|0|0|0|1|0
RZ1|100|1|OP17-056|0|48|0|40|0|0|0|0|0
RZ1|CHK|100|1|50|0|0|0|10|0|0|0|1|0
RZ1|101|1|OP17-053|0|42|0|41|0|0|0|0|0
RZ1|CHK|101|1|50|0|0|0|10|0|0|0|1|0
RZ1|102|1|OP17-046|0|48|0|42|0|0|0|0|0
RZ1|CHK|102|1|50|0|0|0|10|0|0|0|1|0
RZ1|103|1|OP08-051|0|47|0|43|0|0|0|0|0
RZ1|CHK|103|1|50|0|0|0|10|0|0|0|1|0
RZ1|104|1|OP17-046|0|48|0|44|0|0|0|0|0
RZ1|CHK|104|1|50|0|0|0|10|0|0|0|1|0
RZ1|105|1|OP17-040|0|49|0|45|0|0|0|0|0
RZ1|CHK|105|1|50|0|0|0|10|0|0|0|1|0
RZ1|106|1|OP17-048|0|48|0|47|0|0|0|0|0
RZ1|CHK|106|1|50|0|0|0|10|0|0|0|1|0
[] Drew card from deck: Stussy ["OP17-054">OP17-054]
RZ1|107|1|OP17-054|0|49|1|0|1|1|0|0|0
RZ1|CHK|107|1|49|1|0|0|10|0|0|0|1|0
[] Drew card from deck: Shiki ["OP17-048">OP17-048]
RZ1|108|1|OP17-048|0|48|1|1|1|1|0|0|0
RZ1|CHK|108|1|48|2|0|0|10|0|0|0|1|0
[] Drew card from deck: Shiki ["OP17-048">OP17-048]
RZ1|109|1|OP17-048|0|47|1|2|1|1|0|0|0
RZ1|CHK|109|1|47|3|0|0|10|0|0|0|1|0
[] Drew card from deck: Rocks Pirates ["OP17-056">OP17-056]
RZ1|110|1|OP17-056|0|46|1|3|1|1|0|0|0
RZ1|CHK|110|1|46|4|0|0|10|0|0|0|1|0
[] Drew card from deck: Edward Newgate ["OP17-040">OP17-040]
RZ1|111|1|OP17-040|0|45|1|4|1|1|0|0|0
RZ1|CHK|111|1|45|5|0|0|10|0|0|0|1|0
RZ1|112|1|OP17-046|0|44|3|0|1|0|0|0|0
RZ1|CHK|112|1|44|5|0|1|10|0|0|0|1|0
RZ1|113|1|OP08-051|0|43|3|1|1|0|0|0|0
RZ1|CHK|113|1|43|5|0|2|10|0|0|0|1|0
RZ1|114|1|OP17-046|0|42|3|2|1|0|0|0|0
RZ1|CHK|114|1|42|5|0|3|10|0|0|0|1|0
RZ1|115|1|OP17-053|0|41|3|3|1|0|0|0|0
RZ1|CHK|115|1|41|5|0|4|10|0|0|0|1|0
RZ1|116|1|OP17-056|0|40|3|4|1|0|0|0|0
RZ1|CHK|116|1|40|5|0|5|10|0|0|0|1|0
[] Hand after Mulligan: [OP17-054,OP17-048,OP17-048,OP17-056,OP17-040]
[You] Mulligan
RZ1|117|2|OP13-031|0|44|3|0|0|1|0|0|0
RZ1|CHK|117|2|44|5|0|1|10|0|0|0|1|0
RZ1|118|2|OP17-031|0|43|3|1|0|1|0|0|0
RZ1|CHK|118|2|43|5|0|2|10|0|0|0|1|0
RZ1|119|2|ST32-002|0|42|3|2|0|1|0|0|0
RZ1|CHK|119|2|42|5|0|3|10|0|0|0|1|0
RZ1|120|2|OP12-023|0|41|3|3|0|1|0|0|0
RZ1|CHK|120|2|41|5|0|4|10|0|0|0|1|0
RZ1|121|2|OP17-022|0|40|3|4|0|1|0|0|0
RZ1|CHK|121|2|40|5|0|5|10|0|0|0|1|0
[] Hand: [OP17-054,OP17-048,OP17-048,OP17-056,OP17-040]
[] Board: []
[] Trash: []
[] Life: 5
[] Hand: [OP12-034,OP13-040,OP12-034,OP12-023,OP17-031]
[] Trash: []
[] Board: []
[] Life: 5
RZ1|122|1|Don|4|9|5|0|1|1|0|0|0
RZ1|CHK|122|1|40|5|0|5|9|1|0|0|1|0
[You] Draw 1 Don
[] Hand: [OP17-054,OP17-048,OP17-048,OP17-056,OP17-040]
[] Board: []
[] Trash: []
[] Life: 5
[] Hand: [OP12-034,OP13-040,OP12-034,OP12-023,OP17-031]
[] Trash: []
[] Board: []
[] Life: 5
[You] End Turn
[] Hand: [OP12-034,OP13-040,OP12-034,OP12-023,OP17-031]
[] Board: []
[] Trash: []
[] Life: 5
[] Hand: [OP17-054,OP17-048,OP17-048,OP17-056,OP17-040]
[] Trash: []
[] Board: []
[] Life: 5
[Opponent] Draw 1 Card
[] Drew card from deck: Billion-fold World Trichiliocosm ["OP06-038">OP06-038]
RZ1|123|2|OP06-038|0|39|1|5|1|1|0|0|0
RZ1|CHK|123|2|39|6|0|5|10|0|0|0|1|0
RZ1|124|2|Don|4|9|5|0|1|1|0|0|0
RZ1|CHK|124|2|39|6|0|5|9|1|0|0|1|0
RZ1|125|2|Don|4|8|5|1|1|1|0|0|0
RZ1|CHK|125|2|39|6|0|5|8|2|0|0|1|0
[Opponent] Draw 2 Don
RZ1|126|2|Don|5|0|5|0|1|1|1|0|0
RZ1|CHK|126|2|39|6|0|5|8|2|0|0|1|0
[Opponent] Deploy Perona ["OP12-034">OP12-034]
RZ1|127|2|OP12-034|1|0|2|0|1|1|0|0|0
RZ1|CHK|127|2|39|5|1|5|8|2|0|0|1|0
RZ1|128|2|ST32-001|0|35|1|5|1|1|0|0|0
RZ1|CHK|128|2|38|6|1|5|8|2|0|0|1|0
[Opponent] Perona ["OP12-034">OP12-034]: <b>Reveal and Draw Kin'emon ["ST32-001">ST32-001]</b>
[Opponent] Placing Cards on Bottom of Deck
RZ1|129|2|OP12-034|0|37|0|0|0|0|0|0|0
RZ1|CHK|129|2|38|6|1|5|8|2|0|0|1|0
RZ1|130|2|OP06-033|0|37|0|0|0|0|0|0|0
RZ1|CHK|130|2|38|6|1|5|8|2|0|0|1|0
RZ1|131|2|OP01-055|0|37|0|0|0|0|0|0|0
RZ1|CHK|131|2|38|6|1|5|8|2|0|0|1|0
RZ1|132|2|OP13-031|0|37|0|0|0|0|0|0|0
RZ1|CHK|132|2|38|6|1|5|8|2|0|0|1|0
RZ1|133|2|Don|5|1|5|1|1|1|1|0|0
RZ1|CHK|133|2|38|6|1|5|8|2|0|0|1|0
[Opponent] Deploy Kin'emon ["ST32-001">ST32-001]
RZ1|134|2|ST32-001|1|5|2|1|1|1|0|0|0
RZ1|CHK|134|2|38|5|2|5|8|2|0|0|1|0
[Opponent] Kin'emon ["ST32-001">ST32-001]: Rest Dracule Mihawk ["OP14-020">OP14-020]
[] Drew card from deck: You Can Be My Samurai!!! ["OP01-055">OP01-055]
RZ1|135|2|OP01-055|0|37|1|5|1|1|0|0|0
RZ1|CHK|135|2|37|6|2|5|8|2|0|0|1|0
[] Drew card from deck: Coffin Boat ["OP14-039">OP14-039]
RZ1|136|2|OP14-039|0|36|1|6|1|1|0|0|0
RZ1|CHK|136|2|36|7|2|5|8|2|0|0|1|0
[Opponent] Kin'emon ["ST32-001">ST32-001]: Draw 2 Card
RZ1|137|2|OP12-023|1|2|6|0|1|1|0|0|0
RZ1|CHK|137|2|36|6|2|5|8|2|1|0|1|0
[Opponent] Kin'emon ["ST32-001">ST32-001]: Trash Kawamatsu ["OP12-023">OP12-023]
[] Hand: [OP13-040,OP12-034,OP17-031,OP06-038,OP01-055,OP14-039]
[] Board: [OP12-034,ST32-001]
[] Trash: [OP12-023]
[] Life: 5
[] Hand: [OP17-054,OP17-048,OP17-048,OP17-056,OP17-040]
[] Trash: []
[] Board: []
[] Life: 5
[Opponent] End Turn
[] Hand: [OP17-054,OP17-048,OP17-048,OP17-056,OP17-040]
[] Board: []
[] Trash: []
[] Life: 5
[] Hand: [OP13-040,OP12-034,OP17-031,OP06-038,OP01-055,OP14-039]
[] Trash: [OP12-023]
[] Board: [OP12-034,ST32-001]
[] Life: 5
[You] Draw 1 Card
[] Drew card from deck: There's No Authority in the World ["OP17-055">OP17-055]
RZ1|138|1|OP17-055|0|39|1|5|1|1|0|0|0
RZ1|CHK|138|1|39|6|0|5|9|1|0|0|1|0
RZ1|139|1|Don|4|8|5|1|1|1|0|0|0
RZ1|CHK|139|1|39|6|0|5|8|2|0|0|1|0
RZ1|140|1|Don|4|7|5|2|1|1|0|0|0
RZ1|CHK|140|1|39|6|0|5|7|3|0|0|1|0
[You] Draw 2 Don
RZ1|141|1|Don|5|0|5|0|1|1|1|0|0
RZ1|CHK|141|1|39|6|0|5|7|3|0|0|1|0
RZ1|142|1|Don|5|1|5|1|1|1|1|0|0
RZ1|CHK|142|1|39|6|0|5|7|3|0|0|1|0
RZ1|143|1|Don|5|2|5|2|1|1|1|0|0
RZ1|CHK|143|1|39|6|0|5|7|3|0|0|1|0
[You] Deploy Stussy ["OP17-054">OP17-054]
RZ1|144|1|OP17-054|1|0|2|0|1|1|0|0|0
RZ1|CHK|144|1|39|5|1|5|7|3|0|0|1|0
[You] Stussy ["OP17-054">OP17-054]: Kin'emon ["ST32-001">ST32-001] can't attack next turn
[You] Rocks D. Xebec ["OP17-039">OP17-039] attacking Dracule Mihawk ["OP14-020">OP14-020]
RZ1|145|1|OP17-048|1|1|6|0|1|1|0|0|0
RZ1|CHK|145|1|39|4|1|5|7|3|1|0|1|0
[You] Rocks D. Xebec ["OP17-039">OP17-039]: Trash Shiki ["OP17-048">OP17-048]
RZ1|146|1|OP17-118|0|38|0|38|0|0|0|0|0
RZ1|CHK|146|1|39|4|1|5|7|3|1|0|1|0
[You] Rocks D. Xebec ["OP17-039">OP17-039] revealed: Rocks D. Xebec ["OP17-118">OP17-118]
[] Drew card from deck: Rocks D. Xebec ["OP17-118">OP17-118]
RZ1|147|1|OP17-118|0|38|1|4|1|1|0|0|0
RZ1|CHK|147|1|38|5|1|5|7|3|1|0|1|0
[] Drew card from deck: Buckin ["OP08-051">OP08-051]
RZ1|148|1|OP08-051|0|37|1|5|1|1|0|0|0
RZ1|CHK|148|1|37|6|1|5|7|3|1|0|1|0
[You] Rocks D. Xebec ["OP17-039">OP17-039]: Draw 2 Card
Rocks D. Xebec ["OP17-039">OP17-039][5000] vs Dracule Mihawk ["OP14-020">OP14-020][6000]
Attack Fails
[] Hand: [OP17-048,OP17-056,OP17-040,OP17-055,OP17-118,OP08-051]
[] Board: [OP17-054]
[] Trash: [OP17-048]
[] Life: 5
[] Hand: [OP13-040,OP12-034,OP17-031,OP06-038,OP01-055,OP14-039]
[] Trash: [OP12-023]
[] Board: [OP12-034,ST32-001]
[] Life: 5
[You] End Turn
[] Hand: [OP13-040,OP12-034,OP17-031,OP06-038,OP01-055,OP14-039]
[] Board: [OP12-034,ST32-001]
[] Trash: [OP12-023]
[] Life: 5
[] Hand: [OP17-048,OP17-056,OP17-040,OP17-055,OP17-118,OP08-051]
[] Trash: [OP17-048]
[] Board: [OP17-054]
[] Life: 5
[Opponent] Draw 1 Card
[] Drew card from deck: Kouzuki Oden ["ST32-002">ST32-002]
RZ1|149|2|ST32-002|0|35|1|6|1|1|0|0|0
RZ1|CHK|149|2|35|7|2|5|8|2|1|0|1|0
RZ1|150|2|Don|4|7|5|2|1|1|0|0|0
RZ1|CHK|150|2|35|7|2|5|7|3|1|0|1|0
RZ1|151|2|Don|4|6|5|3|1|1|0|0|0
RZ1|CHK|151|2|35|7|2|5|6|4|1|0|1|0
[Opponent] Draw 2 Don
RZ1|152|2|Don|5|0|5|0|1|1|1|0|0
RZ1|CHK|152|2|35|7|2|5|6|4|1|0|1|0
[Opponent] Deploy Coffin Boat ["OP14-039">OP14-039]
RZ1|153|2|OP14-039|1|5|7|0|1|1|0|0|0
RZ1|CHK|153|2|35|6|2|5|6|4|1|1|1|0
[] Drew card from deck: Kikunojo ["OP14-023">OP14-023]
RZ1|154|2|OP14-023|0|34|1|6|1|1|0|0|0
RZ1|CHK|154|2|34|7|2|5|6|4|1|1|1|0
[Opponent] Coffin Boat ["OP14-039">OP14-039]: Draw 1 Card
[Opponent] Dracule Mihawk ["OP14-020">OP14-020] attacking Rocks D. Xebec ["OP17-039">OP17-039]
[You] Rocks Pirates ["OP17-056">OP17-056]: Activate Counter
RZ1|155|1|OP17-056|1|1|6|1|1|1|0|0|0
RZ1|CHK|155|1|37|5|1|5|7|3|2|0|1|0
[You] Rocks Pirates ["OP17-056">OP17-056]: Buff Rocks D. Xebec ["OP17-039">OP17-039] 2000 for the Combat
Dracule Mihawk ["OP14-020">OP14-020][6000] vs Rocks D. Xebec ["OP17-039">OP17-039][7000]
Attack Fails
RZ1|156|2|Don|5|1|9|0|1|1|0|0|0
RZ1|CHK|156|2|34|7|2|5|6|3|1|1|1|1
RZ1|157|2|Don|5|1|9|1|1|1|0|0|0
RZ1|CHK|157|2|34|7|2|5|6|2|1|1|1|2
RZ1|158|2|Don|5|1|9|2|1|1|0|0|0
RZ1|CHK|158|2|34|7|2|5|6|1|1|1|1|3
[Opponent] Attach 3 Don to Perona ["OP12-034">OP12-034] (3 Total)
[Opponent] Perona ["OP12-034">OP12-034] attacking Rocks D. Xebec ["OP17-039">OP17-039]
[You] Discard Buckin ["OP08-051">OP08-051] for Counter 1000
RZ1|159|1|OP08-051|1|4|6|2|1|1|0|0|0
RZ1|CHK|159|1|37|4|1|5|7|3|3|0|1|0
Perona ["OP12-034">OP12-034][5000] vs Rocks D. Xebec ["OP17-039">OP17-039][6000]
Attack Fails
[Opponent] Coffin Boat ["OP14-039">OP14-039]: Activate 1 Don
RZ1|160|2|Don|5|0|5|0|1|1|0|0|0
RZ1|CHK|160|2|34|7|2|5|6|1|1|1|1|3
[Opponent] Kin'emon ["ST32-001">ST32-001] is no longer blocked from attacking
[] Hand: [OP13-040,OP12-034,OP17-031,OP06-038,OP01-055,ST32-002,OP14-023]
[] Board: [OP12-034,ST32-001]
[] Trash: [OP12-023]
[] Life: 5
[] Hand: [OP17-048,OP17-040,OP17-055,OP17-118]
[] Trash: [OP17-048,OP17-056,OP08-051]
[] Board: [OP17-054]
[] Life: 5
[Opponent] End Turn
[] Hand: [OP17-048,OP17-040,OP17-055,OP17-118]
[] Board: [OP17-054]
[] Trash: [OP17-048,OP17-056,OP08-051]
[] Life: 5
[] Hand: [OP13-040,OP12-034,OP17-031,OP06-038,OP01-055,ST32-002,OP14-023]
[] Trash: [OP12-023]
[] Board: [OP12-034,ST32-001]
[] Life: 5
[You] Draw 1 Card
[] Drew card from deck: Streusen ["OP17-050">OP17-050]
RZ1|161|1|OP17-050|0|36|1|4|1|1|0|0|0
RZ1|CHK|161|1|36|5|1|5|7|3|3|0|1|0
RZ1|162|1|Don|4|6|5|3|1|1|0|0|0
RZ1|CHK|162|1|36|5|1|5|6|4|3|0|1|0
RZ1|163|1|Don|4|5|5|4|1|1|0|0|0
RZ1|CHK|163|1|36|5|1|5|5|5|3|0|1|0
[You] Draw 2 Don
RZ1|164|1|Don|5|0|5|0|1|1|1|0|0
RZ1|CHK|164|1|36|5|1|5|5|5|3|0|1|0
[You] Deploy Streusen ["OP17-050">OP17-050]
RZ1|165|1|OP17-050|1|4|2|1|1|1|0|0|0
RZ1|CHK|165|1|36|4|2|5|5|5|3|0|1|0
[You] Placing Cards on Top of Deck
RZ1|166|1|OP17-050|0|34|0|35|0|0|0|0|0
RZ1|CHK|166|1|36|4|2|5|5|5|3|0|1|0
RZ1|167|1|OP17-049|0|34|0|35|0|0|0|0|0
RZ1|CHK|167|1|36|4|2|5|5|5|3|0|1|0
[] Drew card from deck: Charlotte Linlin ["OP17-049">OP17-049]
RZ1|168|1|OP17-049|0|35|1|4|1|1|0|0|0
RZ1|CHK|168|1|35|5|2|5|5|5|3|0|1|0
[You] Streusen ["OP17-050">OP17-050]: Draw 1 Card
[You] Stussy ["OP17-054">OP17-054] attacking Perona ["OP12-034">OP12-034]
[Opponent] I Know You're Strong... So I'll Go All Out ["OP13-040">OP13-040]: Activate Counter
[Opponent] I Know You're Strong... So I'll Go All Out ["OP13-040">OP13-040]: Rest 1 Don
RZ1|169|2|Don|5|0|5|0|1|1|1|0|0
RZ1|CHK|169|2|34|7|2|5|6|1|1|1|1|3
RZ1|170|2|OP13-040|1|0|6|1|1|1|0|0|0
RZ1|CHK|170|2|34|6|2|5|6|1|2|1|1|3
[Opponent] I Know You're Strong... So I'll Go All Out ["OP13-040">OP13-040]: Buff Dracule Mihawk ["OP14-020">OP14-020] 3000 for the Combat
[Opponent] Discard Kikunojo ["OP14-023">OP14-023] for Counter 2000
RZ1|171|2|OP14-023|1|5|6|2|1|1|0|0|0
RZ1|CHK|171|2|34|5|2|5|6|1|3|1|1|3
[Opponent] Discard Perona ["OP12-034">OP12-034] for Counter 1000
RZ1|172|2|OP12-034|1|0|6|3|1|1|0|0|0
RZ1|CHK|172|2|34|4|2|5|6|1|4|1|1|3
[Opponent] Discard Yasopp ["OP17-031">OP17-031] for Counter 1000
RZ1|173|2|OP17-031|1|0|6|4|1|1|0|0|0
RZ1|CHK|173|2|34|3|2|5|6|1|5|1|1|3
Stussy ["OP17-054">OP17-054][5000] vs Perona ["OP12-034">OP12-034][6000]
Attack Fails
[You] Attach 4 Don to Rocks D. Xebec ["OP17-039">OP17-039] (4 Total)
RZ1|174|1|Don|5|1|9|9900|1|1|0|0|0
RZ1|CHK|174|1|35|5|2|5|5|4|3|0|1|1
RZ1|175|1|Don|5|1|9|9901|1|1|0|0|0
RZ1|CHK|175|1|35|5|2|5|5|3|3|0|1|2
RZ1|176|1|Don|5|1|9|9902|1|1|0|0|0
RZ1|CHK|176|1|35|5|2|5|5|2|3|0|1|3
RZ1|177|1|Don|5|1|9|9903|1|1|0|0|0
RZ1|CHK|177|1|35|5|2|5|5|1|3|0|1|4
[You] Rocks D. Xebec ["OP17-039">OP17-039] attacking Dracule Mihawk ["OP14-020">OP14-020]
RZ1|178|1|OP17-049|1|4|6|3|1|1|0|0|0
RZ1|CHK|178|1|35|4|2|5|5|1|4|0|1|4
[You] Rocks D. Xebec ["OP17-039">OP17-039]: Trash Charlotte Linlin ["OP17-049">OP17-049]
RZ1|179|1|OP17-050|0|34|0|34|0|0|0|0|0
RZ1|CHK|179|1|35|4|2|5|5|1|4|0|1|4
[You] Rocks D. Xebec ["OP17-039">OP17-039] revealed: Streusen ["OP17-050">OP17-050]
[] Drew card from deck: Streusen ["OP17-050">OP17-050]
RZ1|180|1|OP17-050|0|34|1|4|1|1|0|0|0
RZ1|CHK|180|1|34|5|2|5|5|1|4|0|1|4
[] Drew card from deck: Stussy ["OP17-054">OP17-054]
RZ1|181|1|OP17-054|0|33|1|5|1|1|0|0|0
RZ1|CHK|181|1|33|6|2|5|5|1|4|0|1|4
[You] Rocks D. Xebec ["OP17-039">OP17-039]: Draw 2 Card
Rocks D. Xebec ["OP17-039">OP17-039][9000] vs Dracule Mihawk ["OP14-020">OP14-020][6000]
Dracule Mihawk ["OP14-020">OP14-020] hit for 1 damage
RZ1|182|2|OP17-022|3|4|1|3|1|1|0|0|0
RZ1|CHK|182|2|34|4|2|4|6|1|5|1|1|3
[] Hand: [OP17-048,OP17-040,OP17-055,OP17-118,OP17-050,OP17-054]
[] Board: [OP17-054,OP17-050]
[] Trash: [OP17-048,OP17-056,OP08-051,OP17-049]
[] Life: 5
[] Hand: [OP06-038,OP01-055,ST32-002,OP17-022]
[] Trash: [OP12-023,OP13-040,OP14-023,OP12-034,OP17-031]
[] Board: [OP12-034,ST32-001]
[] Life: 4
[You] End Turn
[] Hand: [OP06-038,OP01-055,ST32-002,OP17-022]
[] Board: [OP12-034,ST32-001]
[] Trash: [OP12-023,OP13-040,OP14-023,OP12-034,OP17-031]
[] Life: 4
[] Hand: [OP17-048,OP17-040,OP17-055,OP17-118,OP17-050,OP17-054]
[] Trash: [OP17-048,OP17-056,OP08-051,OP17-049]
[] Board: [OP17-054,OP17-050]
[] Life: 5
RZ1|183|2|Don|9|0|5|0|1|1|1|0|0
RZ1|CHK|183|2|34|4|2|4|6|2|5|1|1|2
RZ1|184|2|Don|9|0|5|0|1|1|1|0|0
RZ1|CHK|184|2|34|4|2|4|6|3|5|1|1|1
RZ1|185|2|Don|9|0|5|0|1|1|1|0|0
RZ1|CHK|185|2|34|4|2|4|6|4|5|1|1|0
[Opponent] Draw 1 Card
[] Drew card from deck: Vander Decken IX ["OP06-033">OP06-033]
RZ1|186|2|OP06-033|0|33|1|4|1|1|0|0|0
RZ1|CHK|186|2|33|5|2|4|6|4|5|1|1|0
RZ1|187|2|Don|4|5|5|4|1|1|0|0|0
RZ1|CHK|187|2|33|5|2|4|5|5|5|1|1|0
RZ1|188|2|Don|4|4|5|5|1|1|0|0|0
RZ1|CHK|188|2|33|5|2|4|4|6|5|1|1|0
[Opponent] Draw 2 Don
[Opponent] Dracule Mihawk ["OP14-020">OP14-020] attacking Rocks D. Xebec ["OP17-039">OP17-039]
[You] There's No Authority in the World ["OP17-055">OP17-055]: Activate Counter
RZ1|189|1|OP17-055|1|2|6|4|1|1|0|0|0
RZ1|CHK|189|1|33|5|2|5|5|1|5|0|1|4
[You] There's No Authority in the World ["OP17-055">OP17-055]: Buff Rocks D. Xebec ["OP17-039">OP17-039] 2000 for the Combat
Dracule Mihawk ["OP14-020">OP14-020][6000] vs Rocks D. Xebec ["OP17-039">OP17-039][7000]
Attack Fails
RZ1|190|2|Don|5|0|5|0|1|1|1|0|0
RZ1|CHK|190|2|33|5|2|4|4|6|5|1|1|0
RZ1|191|2|Don|5|1|5|1|1|1|1|0|0
RZ1|CHK|191|2|33|5|2|4|4|6|5|1|1|0
RZ1|192|2|Don|5|2|5|2|1|1|1|0|0
RZ1|CHK|192|2|33|5|2|4|4|6|5|1|1|0
RZ1|193|2|Don|5|3|5|3|1|1|1|0|0
RZ1|CHK|193|2|33|5|2|4|4|6|5|1|1|0
RZ1|194|2|Don|5|4|5|4|1|1|1|0|0
RZ1|CHK|194|2|33|5|2|4|4|6|5|1|1|0
[Opponent] Deploy Kouzuki Oden ["ST32-002">ST32-002]
RZ1|195|2|ST32-002|1|2|2|2|1|1|0|0|0
RZ1|CHK|195|2|33|4|3|4|4|6|5|1|1|0
[] Drew card from deck: Perona ["OP12-034">OP12-034]
RZ1|196|2|OP12-034|0|32|1|4|1|1|0|0|0
RZ1|CHK|196|2|32|5|3|4|4|6|5|1|1|0
[Opponent] Kouzuki Oden ["ST32-002">ST32-002]: Draw 1 Card
[Opponent] Kouzuki Oden ["ST32-002">ST32-002]: Stussy ["OP17-054">OP17-054] can't be rested until next turn ends
[Opponent] You Can Be My Samurai!!! ["OP01-055">OP01-055]: Rest Perona ["OP12-034">OP12-034]
[Opponent] You Can Be My Samurai!!! ["OP01-055">OP01-055]: Rest Kin'emon ["ST32-001">ST32-001]
[Opponent] You Can Be My Samurai!!! ["OP01-055">OP01-055]: Draw 2 Card
[] Drew card from deck: Kouzuki Oden ["ST32-002">ST32-002]
RZ1|197|2|ST32-002|0|31|1|5|1|1|0|0|0
RZ1|CHK|197|2|31|6|3|4|4|6|5|1|1|0
[] Drew card from deck: Billion-fold World Trichiliocosm ["OP06-038">OP06-038]
RZ1|198|2|OP06-038|0|30|1|6|1|1|0|0|0
RZ1|CHK|198|2|30|7|3|4|4|6|5|1|1|0
RZ1|199|2|Don|5|5|5|5|1|1|1|0|0
RZ1|CHK|199|2|30|7|3|4|4|6|5|1|1|0
RZ1|200|2|OP01-055|1|1|6|5|1|1|0|0|0
RZ1|CHK|200|2|30|6|3|4|4|6|6|1|1|0
[Opponent] Coffin Boat ["OP14-039">OP14-039]: Activate 1 Don
RZ1|201|2|Don|5|5|5|5|1|1|0|0|0
RZ1|CHK|201|2|30|6|3|4|4|6|6|1|1|0
[] Hand: [OP06-038,OP17-022,OP06-033,OP12-034,ST32-002,OP06-038]
[] Board: [OP12-034,ST32-001,ST32-002]
[] Trash: [OP12-023,OP13-040,OP14-023,OP12-034,OP17-031,OP01-055]
[] Life: 4
[] Hand: [OP17-048,OP17-040,OP17-118,OP17-050,OP17-054]
[] Trash: [OP17-048,OP17-056,OP08-051,OP17-049,OP17-055]
[] Board: [OP17-054,OP17-050]
[] Life: 5
[Opponent] End Turn
[] Hand: [OP17-048,OP17-040,OP17-118,OP17-050,OP17-054]
[] Board: [OP17-054,OP17-050]
[] Trash: [OP17-048,OP17-056,OP08-051,OP17-049,OP17-055]
[] Life: 5
[] Hand: [OP06-038,OP17-022,OP06-033,OP12-034,ST32-002,OP06-038]
[] Trash: [OP12-023,OP13-040,OP14-023,OP12-034,OP17-031,OP01-055]
[] Board: [OP12-034,ST32-001,ST32-002]
[] Life: 4
RZ1|202|1|Don|9|9900|5|0|1|1|1|0|0
RZ1|CHK|202|1|33|5|2|5|5|2|5|0|1|3
RZ1|203|1|Don|9|9900|5|0|1|1|1|0|0
RZ1|CHK|203|1|33|5|2|5|5|3|5|0|1|2
RZ1|204|1|Don|9|9900|5|0|1|1|1|0|0
RZ1|CHK|204|1|33|5|2|5|5|4|5|0|1|1
RZ1|205|1|Don|9|9900|5|0|1|1|1|0|0
RZ1|CHK|205|1|33|5|2|5|5|5|5|0|1|0
[You] Draw 1 Card
[] Drew card from deck: Captain John ["OP17-044">OP17-044]
RZ1|206|1|OP17-044|0|32|1|5|1|1|0|0|0
RZ1|CHK|206|1|32|6|2|5|5|5|5|0|1|0
RZ1|207|1|Don|4|4|5|5|1|1|0|0|0
RZ1|CHK|207|1|32|6|2|5|4|6|5|0|1|0
RZ1|208|1|Don|4|3|5|6|1|1|0|0|0
RZ1|CHK|208|1|32|6|2|5|3|7|5|0|1|0
[You] Draw 2 Don
RZ1|209|1|Don|5|0|5|0|1|1|1|0|0
RZ1|CHK|209|1|32|6|2|5|3|7|5|0|1|0
RZ1|210|1|Don|5|1|5|1|1|1|1|0|0
RZ1|CHK|210|1|32|6|2|5|3|7|5|0|1|0
RZ1|211|1|Don|5|2|5|2|1|1|1|0|0
RZ1|CHK|211|1|32|6|2|5|3|7|5|0|1|0
RZ1|212|1|Don|5|3|5|3|1|1|1|0|0
RZ1|CHK|212|1|32|6|2|5|3|7|5|0|1|0
RZ1|213|1|Don|5|4|5|4|1|1|1|0|0
RZ1|CHK|213|1|32|6|2|5|3|7|5|0|1|0
RZ1|214|1|Don|5|5|5|5|1|1|1|0|0
RZ1|CHK|214|1|32|6|2|5|3|7|5|0|1|0
RZ1|215|1|Don|5|6|5|6|1|1|1|0|0
RZ1|CHK|215|1|32|6|2|5|3|7|5|0|1|0
[You] Deploy Shiki ["OP17-048">OP17-048]
RZ1|216|1|OP17-048|1|0|2|2|1|1|0|0|0
RZ1|CHK|216|1|32|5|3|5|3|7|5|0|1|0
[You] Streusen ["OP17-050">OP17-050] attacking Kin'emon ["ST32-001">ST32-001]
[Opponent] Billion-fold World Trichiliocosm ["OP06-038">OP06-038]: Activate Counter
[Opponent] Billion-fold World Trichiliocosm ["OP06-038">OP06-038]: Rest 1 Don
RZ1|217|2|Don|5|5|5|5|1|1|1|0|0
RZ1|CHK|217|2|30|6|3|4|4|6|6|1|1|0
RZ1|218|2|OP06-038|1|0|6|6|1|1|0|0|0
RZ1|CHK|218|2|30|5|3|4|4|6|7|1|1|0
[Opponent] Billion-fold World Trichiliocosm ["OP06-038">OP06-038]: Buff Kin'emon ["ST32-001">ST32-001] 2000 for the Combat
[Opponent] Billion-fold World Trichiliocosm ["OP06-038">OP06-038]: Buff Kin'emon ["ST32-001">ST32-001] 2000 for the Combat
Streusen ["OP17-050">OP17-050][2000] vs Kin'emon ["ST32-001">ST32-001][6000]
Attack Fails
[You] Shiki ["OP17-048">OP17-048] attacking Perona ["OP12-034">OP12-034]
Shiki ["OP17-048">OP17-048][9000] vs Perona ["OP12-034">OP12-034][2000]
[Opponent] Perona ["OP12-034">OP12-034] Destroyed
RZ1|219|2|OP12-034|2|0|6|7|1|1|0|0|0
RZ1|CHK|219|2|30|5|2|4|4|6|8|1|1|0
[You] Rocks D. Xebec ["OP17-039">OP17-039] attacking Kin'emon ["ST32-001">ST32-001]
RZ1|220|1|OP17-044|1|4|6|5|1|1|0|0|0
RZ1|CHK|220|1|32|4|3|5|3|7|6|0|1|0
[You] Rocks D. Xebec ["OP17-039">OP17-039]: Trash Captain John ["OP17-044">OP17-044]
RZ1|221|1|OP17-042|0|31|0|31|0|0|0|0|0
RZ1|CHK|221|1|32|4|3|5|3|7|6|0|1|0
[You] Rocks D. Xebec ["OP17-039">OP17-039] revealed: Kaido ["OP17-042">OP17-042]
[] Drew card from deck: Kaido ["OP17-042">OP17-042]
RZ1|222|1|OP17-042|0|31|1|4|1|1|0|0|0
RZ1|CHK|222|1|31|5|3|5|3|7|6|0|1|0
[] Drew card from deck: Rocks D. Xebec ["OP17-118">OP17-118]
RZ1|223|1|OP17-118|0|30|1|5|1|1|0|0|0
RZ1|CHK|223|1|30|6|3|5|3|7|6|0|1|0
[You] Rocks D. Xebec ["OP17-039">OP17-039]: Draw 2 Card
Rocks D. Xebec ["OP17-039">OP17-039][5000] vs Kin'emon ["ST32-001">ST32-001][2000]
[Opponent] Kin'emon ["ST32-001">ST32-001] Destroyed
RZ1|224|2|ST32-001|2|0|6|8|1|1|0|0|0
RZ1|CHK|224|2|30|5|1|4|4|6|9|1|1|0
[] Hand: [OP17-040,OP17-118,OP17-050,OP17-054,OP17-042,OP17-118]
[] Board: [OP17-054,OP17-050,OP17-048]
[] Trash: [OP17-048,OP17-056,OP08-051,OP17-049,OP17-055,OP17-044]
[] Life: 5
[] Hand: [OP17-022,OP06-033,OP12-034,ST32-002,OP06-038]
[] Trash: [OP12-023,OP13-040,OP14-023,OP12-034,OP17-031,OP01-055,OP06-038,OP12-034,ST32-001]
[] Board: [ST32-002]
[] Life: 4
[You] End Turn
[] Hand: [OP17-022,OP06-033,OP12-034,ST32-002,OP06-038]
[] Board: [ST32-002]
[] Trash: [OP12-023,OP13-040,OP14-023,OP12-034,OP17-031,OP01-055,OP06-038,OP12-034,ST32-001]
[] Life: 4
[] Hand: [OP17-040,OP17-118,OP17-050,OP17-054,OP17-042,OP17-118]
[] Trash: [OP17-048,OP17-056,OP08-051,OP17-049,OP17-055,OP17-044]
[] Board: [OP17-054,OP17-050,OP17-048]
[] Life: 5
[Opponent] Draw 1 Card
[] Drew card from deck: Electrical Luna ["OP08-036">OP08-036]
RZ1|225|2|OP08-036|0|29|1|5|1|1|0|0|0
RZ1|CHK|225|2|29|6|1|4|4|6|9|1|1|0
RZ1|226|2|Don|4|3|5|6|1|1|0|0|0
RZ1|CHK|226|2|29|6|1|4|3|7|9|1|1|0
RZ1|227|2|Don|4|2|5|7|1|1|0|0|0
RZ1|CHK|227|2|29|6|1|4|2|8|9|1|1|0
[Opponent] Draw 2 Don
RZ1|228|2|Don|5|0|9|9900|1|1|0|0|0
RZ1|CHK|228|2|29|6|1|4|2|7|9|1|1|1
RZ1|229|2|Don|5|0|9|9901|1|1|0|0|0
RZ1|CHK|229|2|29|6|1|4|2|6|9|1|1|2
[Opponent] Attach 2 Don to Dracule Mihawk ["OP14-020">OP14-020] (2 Total)
RZ1|230|2|Don|5|0|9|9902|1|1|0|0|0
RZ1|CHK|230|2|29|6|1|4|2|5|9|1|1|3
[Opponent] Attach 1 Don to Dracule Mihawk ["OP14-020">OP14-020] (3 Total)
RZ1|231|2|Don|5|0|9|9903|1|1|0|0|0
RZ1|CHK|231|2|29|6|1|4|2|4|9|1|1|4
RZ1|232|2|Don|5|0|9|9904|1|1|0|0|0
RZ1|CHK|232|2|29|6|1|4|2|3|9|1|1|5
[Opponent] Attach 2 Don to Dracule Mihawk ["OP14-020">OP14-020] (5 Total)
[Opponent] Dracule Mihawk ["OP14-020">OP14-020]: Rest Kouzuki Oden ["ST32-002">ST32-002]
[Opponent] Dracule Mihawk ["OP14-020">OP14-020]: Can't play Cost 1 Or More Characters for the Turn!
RZ1|233|2|Don|5|0|9|9905|1|1|0|0|0
RZ1|CHK|233|2|29|6|1|4|2|2|9|1|1|6
RZ1|234|2|Don|5|0|9|9906|1|1|0|0|0
RZ1|CHK|234|2|29|6|1|4|2|1|9|1|1|7
[Opponent] Attach 2 Don to Dracule Mihawk ["OP14-020">OP14-020] (7 Total)
[Opponent] Dracule Mihawk ["OP14-020">OP14-020] attacking Shiki ["OP17-048">OP17-048]
Dracule Mihawk ["OP14-020">OP14-020][13000] vs Shiki ["OP17-048">OP17-048][9000]
[You] Shiki ["OP17-048">OP17-048] Destroyed
RZ1|235|1|OP17-048|2|2|6|6|1|1|0|0|0
RZ1|CHK|235|1|30|6|2|5|3|7|7|0|1|0
[] Hand: [OP17-022,OP06-033,OP12-034,ST32-002,OP06-038,OP08-036]
[] Board: [ST32-002]
[] Trash: [OP12-023,OP13-040,OP14-023,OP12-034,OP17-031,OP01-055,OP06-038,OP12-034,ST32-001]
[] Life: 4
[] Hand: [OP17-040,OP17-118,OP17-050,OP17-054,OP17-042,OP17-118]
[] Trash: [OP17-048,OP17-056,OP08-051,OP17-049,OP17-055,OP17-044,OP17-048]
[] Board: [OP17-054,OP17-050]
[] Life: 5
[Opponent] End Turn
[] Hand: [OP17-040,OP17-118,OP17-050,OP17-054,OP17-042,OP17-118]
[] Board: [OP17-054,OP17-050]
[] Trash: [OP17-048,OP17-056,OP08-051,OP17-049,OP17-055,OP17-044,OP17-048]
[] Life: 5
[] Hand: [OP17-022,OP06-033,OP12-034,ST32-002,OP06-038,OP08-036]
[] Trash: [OP12-023,OP13-040,OP14-023,OP12-034,OP17-031,OP01-055,OP06-038,OP12-034,ST32-001]
[] Board: [ST32-002]
[] Life: 4
[You] Draw 1 Card
[] Drew card from deck: Kyo ["OP17-045">OP17-045]
RZ1|236|1|OP17-045|0|29|1|6|1|1|0|0|0
RZ1|CHK|236|1|29|7|2|5|3|7|7|0|1|0
RZ1|237|1|Don|4|2|5|7|1|1|0|0|0
RZ1|CHK|237|1|29|7|2|5|2|8|7|0|1|0
RZ1|238|1|Don|4|1|5|8|1|1|0|0|0
RZ1|CHK|238|1|29|7|2|5|1|9|7|0|1|0
[You] Draw 2 Don
RZ1|239|1|Don|5|0|5|0|1|1|1|0|0
RZ1|CHK|239|1|29|7|2|5|1|9|7|0|1|0
RZ1|240|1|Don|5|1|5|1|1|1|1|0|0
RZ1|CHK|240|1|29|7|2|5|1|9|7|0|1|0
RZ1|241|1|Don|5|2|5|2|1|1|1|0|0
RZ1|CHK|241|1|29|7|2|5|1|9|7|0|1|0
RZ1|242|1|Don|5|3|5|3|1|1|1|0|0
RZ1|CHK|242|1|29|7|2|5|1|9|7|0|1|0
RZ1|243|1|Don|5|4|5|4|1|1|1|0|0
RZ1|CHK|243|1|29|7|2|5|1|9|7|0|1|0
RZ1|244|1|Don|5|5|5|5|1|1|1|0|0
RZ1|CHK|244|1|29|7|2|5|1|9|7|0|1|0
[You] Deploy Edward Newgate ["OP17-040">OP17-040]
RZ1|245|1|OP17-040|1|0|2|2|1|1|0|0|0
RZ1|CHK|245|1|29|6|3|5|1|9|7|0|1|0
[] Drew card from deck: Buckin ["OP08-051">OP08-051]
RZ1|246|1|OP08-051|0|28|1|6|1|1|0|0|0
RZ1|CHK|246|1|28|7|3|5|1|9|7|0|1|0
[You] Edward Newgate ["OP17-040">OP17-040]: Draw 1 Card
RZ1|247|1|Don|5|6|5|6|1|1|1|0|0
RZ1|CHK|247|1|28|7|3|5|1|9|7|0|1|0
RZ1|248|1|Don|5|7|5|7|1|1|1|0|0
RZ1|CHK|248|1|28|7|3|5|1|9|7|0|1|0
RZ1|249|1|Don|5|8|5|8|1|1|1|0|0
RZ1|CHK|249|1|28|7|3|5|1|9|7|0|1|0
[You] Deploy Stussy ["OP17-054">OP17-054]
RZ1|250|1|OP17-054|1|2|2|3|1|1|0|0|0
RZ1|CHK|250|1|28|6|4|5|1|9|7|0|1|0
[You] Stussy ["OP17-054">OP17-054]: Kouzuki Oden ["ST32-002">ST32-002] can't attack next turn
[You] Rocks D. Xebec ["OP17-039">OP17-039] attacking Dracule Mihawk ["OP14-020">OP14-020]
RZ1|251|1|OP17-045|1|4|6|7|1|1|0|0|0
RZ1|CHK|251|1|28|5|4|5|1|9|8|0|1|0
[You] Edward Newgate ["OP17-040">OP17-040]: Trash Kyo ["OP17-045">OP17-045]
[You] Edward Newgate ["OP17-040">OP17-040]: Buff Rocks D. Xebec ["OP17-039">OP17-039] 3000 for the Combat
RZ1|252|1|OP17-042|1|2|6|8|1|1|0|0|0
RZ1|CHK|252|1|28|4|4|5|1|9|9|0|1|0
[You] Rocks D. Xebec ["OP17-039">OP17-039]: Trash Kaido ["OP17-042">OP17-042]
RZ1|253|1|OP17-054|0|27|0|27|0|0|0|0|0
RZ1|CHK|253|1|28|4|4|5|1|9|9|0|1|0
[You] Rocks D. Xebec ["OP17-039">OP17-039] revealed: Stussy ["OP17-054">OP17-054]
[] Drew card from deck: Stussy ["OP17-054">OP17-054]
RZ1|254|1|OP17-054|0|27|1|4|1|1|0|0|0
RZ1|CHK|254|1|27|5|4|5|1|9|9|0|1|0
[] Drew card from deck: Kyo ["OP17-045">OP17-045]
RZ1|255|1|OP17-045|0|26|1|5|1|1|0|0|0
RZ1|CHK|255|1|26|6|4|5|1|9|9|0|1|0
[You] Rocks D. Xebec ["OP17-039">OP17-039]: Draw 2 Card
Rocks D. Xebec ["OP17-039">OP17-039][8000] vs Dracule Mihawk ["OP14-020">OP14-020][6000]
Dracule Mihawk ["OP14-020">OP14-020] hit for 1 damage
RZ1|256|2|OP12-023|3|3|1|6|1|1|0|0|0
RZ1|CHK|256|2|29|7|1|3|2|1|9|1|1|7
[] Hand: [OP17-118,OP17-050,OP17-118,OP08-051,OP17-054,OP17-045]
[] Board: [OP17-054,OP17-050,OP17-040,OP17-054]
[] Trash: [OP17-048,OP17-056,OP08-051,OP17-049,OP17-055,OP17-044,OP17-048,OP17-045,OP17-042]
[] Life: 5
[] Hand: [OP17-022,OP06-033,OP12-034,ST32-002,OP06-038,OP08-036,OP12-023]
[] Trash: [OP12-023,OP13-040,OP14-023,OP12-034,OP17-031,OP01-055,OP06-038,OP12-034,ST32-001]
[] Board: [ST32-002]
[] Life: 3
[You] End Turn
[] Hand: [OP17-022,OP06-033,OP12-034,ST32-002,OP06-038,OP08-036,OP12-023]
[] Board: [ST32-002]
[] Trash: [OP12-023,OP13-040,OP14-023,OP12-034,OP17-031,OP01-055,OP06-038,OP12-034,ST32-001]
[] Life: 3
[] Hand: [OP17-118,OP17-050,OP17-118,OP08-051,OP17-054,OP17-045]
[] Trash: [OP17-048,OP17-056,OP08-051,OP17-049,OP17-055,OP17-044,OP17-048,OP17-045,OP17-042]
[] Board: [OP17-054,OP17-050,OP17-040,OP17-054]
[] Life: 5
RZ1|257|2|Don|9|9900|5|0|1|1|1|0|0
RZ1|CHK|257|2|29|7|1|3|2|2|9|1|1|6
RZ1|258|2|Don|9|9900|5|0|1|1|1|0|0
RZ1|CHK|258|2|29|7|1|3|2|3|9|1|1|5
RZ1|259|2|Don|9|9900|5|0|1|1|1|0|0
RZ1|CHK|259|2|29|7|1|3|2|4|9|1|1|4
RZ1|260|2|Don|9|9900|5|0|1|1|1|0|0
RZ1|CHK|260|2|29|7|1|3|2|5|9|1|1|3
RZ1|261|2|Don|9|9900|5|0|1|1|1|0|0
RZ1|CHK|261|2|29|7|1|3|2|6|9|1|1|2
RZ1|262|2|Don|9|9900|5|0|1|1|1|0|0
RZ1|CHK|262|2|29|7|1|3|2|7|9|1|1|1
RZ1|263|2|Don|9|9900|5|0|1|1|1|0|0
RZ1|CHK|263|2|29|7|1|3|2|8|9|1|1|0
[Opponent] Draw 1 Card
[] Drew card from deck: Kawamatsu ["OP12-023">OP12-023]
RZ1|264|2|OP12-023|0|28|1|7|1|1|0|0|0
RZ1|CHK|264|2|28|8|1|3|2|8|9|1|1|0
RZ1|265|2|Don|4|1|5|8|1|1|0|0|0
RZ1|CHK|265|2|28|8|1|3|1|9|9|1|1|0
RZ1|266|2|Don|4|0|5|9|1|1|0|0|0
RZ1|CHK|266|2|28|8|1|3|0|10|9|1|1|0
[Opponent] Draw 2 Don
RZ1|267|2|Don|5|0|5|0|1|1|1|0|0
RZ1|CHK|267|2|28|8|1|3|0|10|9|1|1|0
RZ1|268|2|Don|5|1|5|1|1|1|1|0|0
RZ1|CHK|268|2|28|8|1|3|0|10|9|1|1|0
RZ1|269|2|Don|5|2|5|2|1|1|1|0|0
RZ1|CHK|269|2|28|8|1|3|0|10|9|1|1|0
RZ1|270|2|Don|5|3|5|3|1|1|1|0|0
RZ1|CHK|270|2|28|8|1|3|0|10|9|1|1|0
RZ1|271|2|Don|5|4|5|4|1|1|1|0|0
RZ1|CHK|271|2|28|8|1|3|0|10|9|1|1|0
RZ1|272|2|Don|5|5|5|5|1|1|1|0|0
RZ1|CHK|272|2|28|8|1|3|0|10|9|1|1|0
RZ1|273|2|Don|5|6|5|6|1|1|1|0|0
RZ1|CHK|273|2|28|8|1|3|0|10|9|1|1|0
RZ1|274|2|Don|5|7|5|7|1|1|1|0|0
RZ1|CHK|274|2|28|8|1|3|0|10|9|1|1|0
RZ1|275|2|Don|5|8|5|8|1|1|1|0|0
RZ1|CHK|275|2|28|8|1|3|0|10|9|1|1|0
RZ1|276|2|Don|5|9|5|9|1|1|1|0|0
RZ1|CHK|276|2|28|8|1|3|0|10|9|1|1|0
[Opponent] Deploy Shanks ["OP17-022">OP17-022]
RZ1|277|2|OP17-022|1|0|2|1|1|1|0|0|0
RZ1|CHK|277|2|28|7|2|3|0|10|9|1|1|0
[Opponent] Shanks ["OP17-022">OP17-022]: Activate 1 Don
RZ1|278|2|Don|5|9|5|9|1|1|0|0|0
RZ1|CHK|278|2|28|7|2|3|0|10|9|1|1|0
[Opponent] Shanks ["OP17-022">OP17-022]: Activate 1 Don
RZ1|279|2|Don|5|8|5|8|1|1|0|0|0
RZ1|CHK|279|2|28|7|2|3|0|10|9|1|1|0
[Opponent] Shanks ["OP17-022">OP17-022]: Rest Stussy ["OP17-054">OP17-054]
[Opponent] Shanks ["OP17-022">OP17-022]: Rest Streusen ["OP17-050">OP17-050]
[Opponent] Shanks ["OP17-022">OP17-022]: Rest Edward Newgate ["OP17-040">OP17-040]
[Opponent] Shanks ["OP17-022">OP17-022]: Rest Stussy ["OP17-054">OP17-054]
[Opponent] Dracule Mihawk ["OP14-020">OP14-020] attacking Rocks D. Xebec ["OP17-039">OP17-039]
RZ1|280|1|OP17-045|1|5|6|9|1|1|0|0|0
RZ1|CHK|280|1|26|5|4|5|1|9|10|0|1|0
[You] Edward Newgate ["OP17-040">OP17-040]: Trash Kyo ["OP17-045">OP17-045]
[You] Edward Newgate ["OP17-040">OP17-040]: Buff Rocks D. Xebec ["OP17-039">OP17-039] 3000 for the Combat
Dracule Mihawk ["OP14-020">OP14-020][6000] vs Rocks D. Xebec ["OP17-039">OP17-039][8000]
Attack Fails
RZ1|281|2|Don|5|8|5|8|1|1|1|0|0
RZ1|CHK|281|2|28|7|2|3|0|10|9|1|1|0
RZ1|282|2|Don|5|9|5|9|1|1|1|0|0
RZ1|CHK|282|2|28|7|2|3|0|10|9|1|1|0
[Opponent] Deploy Vander Decken IX ["OP06-033">OP06-033]
RZ1|283|2|OP06-033|1|0|2|2|1|1|0|0|0
RZ1|CHK|283|2|28|6|3|3|0|10|9|1|1|0
[Opponent] Shanks ["OP17-022">OP17-022] attacking Rocks D. Xebec ["OP17-039">OP17-039]
Shanks ["OP17-022">OP17-022][12000] vs Rocks D. Xebec ["OP17-039">OP17-039][5000]
Rocks D. Xebec ["OP17-039">OP17-039] hit for 1 damage
RZ1|284|1|OP17-056|3|4|1|5|1|1|0|0|0
RZ1|CHK|284|1|26|6|4|4|1|9|10|0|1|0
[Opponent] Coffin Boat ["OP14-039">OP14-039]: Activate 1 Don
RZ1|285|2|Don|5|9|5|9|1|1|0|0|0
RZ1|CHK|285|2|28|6|3|3|0|10|9|1|1|0
[Opponent] Kouzuki Oden ["ST32-002">ST32-002] is no longer blocked from attacking
[] Hand: [OP12-034,ST32-002,OP06-038,OP08-036,OP12-023,OP12-023]
[] Board: [ST32-002,OP17-022,OP06-033]
[] Trash: [OP12-023,OP13-040,OP14-023,OP12-034,OP17-031,OP01-055,OP06-038,OP12-034,ST32-001]
[] Life: 3
[] Hand: [OP17-118,OP17-050,OP17-118,OP08-051,OP17-054,OP17-056]
[] Trash: [OP17-048,OP17-056,OP08-051,OP17-049,OP17-055,OP17-044,OP17-048,OP17-045,OP17-042,OP17-045]
[] Board: [OP17-054,OP17-050,OP17-040,OP17-054]
[] Life: 4
[Opponent] End Turn
[] Hand: [OP17-118,OP17-050,OP17-118,OP08-051,OP17-054,OP17-056]
[] Board: [OP17-054,OP17-050,OP17-040,OP17-054]
[] Trash: [OP17-048,OP17-056,OP08-051,OP17-049,OP17-055,OP17-044,OP17-048,OP17-045,OP17-042,OP17-045]
[] Life: 4
[] Hand: [OP12-034,ST32-002,OP06-038,OP08-036,OP12-023,OP12-023]
[] Trash: [OP12-023,OP13-040,OP14-023,OP12-034,OP17-031,OP01-055,OP06-038,OP12-034,ST32-001]
[] Board: [ST32-002,OP17-022,OP06-033]
[] Life: 3
[You] Draw 1 Card
[] Drew card from deck: Fullalead ["OP17-057">OP17-057]
RZ1|286|1|OP17-057|0|25|1|6|1|1|0|0|0
RZ1|CHK|286|1|25|7|4|4|1|9|10|0|1|0
RZ1|287|1|Don|4|0|5|9|1|1|0|0|0
RZ1|CHK|287|1|25|7|4|4|0|10|10|0|1|0
[You] Draw 2 Don
RZ1|288|1|Don|5|0|5|0|1|1|1|0|0
RZ1|CHK|288|1|25|7|4|4|0|10|10|0|1|0
RZ1|289|1|Don|5|1|5|1|1|1|1|0|0
RZ1|CHK|289|1|25|7|4|4|0|10|10|0|1|0
RZ1|290|1|Don|5|2|5|2|1|1|1|0|0
RZ1|CHK|290|1|25|7|4|4|0|10|10|0|1|0
RZ1|291|1|Don|5|3|5|3|1|1|1|0|0
RZ1|CHK|291|1|25|7|4|4|0|10|10|0|1|0
RZ1|292|1|Don|5|4|5|4|1|1|1|0|0
RZ1|CHK|292|1|25|7|4|4|0|10|10|0|1|0
RZ1|293|1|Don|5|5|5|5|1|1|1|0|0
RZ1|CHK|293|1|25|7|4|4|0|10|10|0|1|0
RZ1|294|1|Don|5|6|5|6|1|1|1|0|0
RZ1|CHK|294|1|25|7|4|4|0|10|10|0|1|0
RZ1|295|1|Don|5|7|5|7|1|1|1|0|0
RZ1|CHK|295|1|25|7|4|4|0|10|10|0|1|0
RZ1|296|1|Don|5|8|5|8|1|1|1|0|0
RZ1|CHK|296|1|25|7|4|4|0|10|10|0|1|0
RZ1|297|1|Don|5|9|5|9|1|1|1|0|0
RZ1|CHK|297|1|25|7|4|4|0|10|10|0|1|0
[You] Deploy Rocks D. Xebec ["OP17-118">OP17-118]
RZ1|298|1|OP17-118|1|2|2|4|1|1|0|0|0
RZ1|CHK|298|1|25|6|5|4|0|10|10|0|1|0
[] Drew card from deck: Kaido ["OP17-042">OP17-042]
RZ1|299|1|OP17-042|0|24|1|6|1|1|0|0|0
RZ1|CHK|299|1|24|7|5|4|0|10|10|0|1|0
[You] Rocks D. Xebec ["OP17-118">OP17-118]: Draw 1 Card
RZ1|300|1|OP17-050|2|1|6|10|1|1|0|0|0
RZ1|CHK|300|1|24|7|4|4|0|10|11|0|1|0
[You] Trash Streusen ["OP17-050">OP17-050]
RZ1|301|1|OP17-042|1|6|2|4|1|1|0|0|0
RZ1|CHK|301|1|24|6|5|4|0|10|11|0|1|0
[You] Rocks D. Xebec ["OP17-118">OP17-118]: Deploy Kaido ["OP17-042">OP17-042]
RZ1|302|1|OP17-054|2|2|6|11|1|1|0|0|0
RZ1|CHK|302|1|24|6|4|4|0|10|12|0|1|0
[You] Trash Stussy ["OP17-054">OP17-054]
RZ1|303|1|OP17-054|1|3|2|4|1|1|0|0|0
RZ1|CHK|303|1|24|5|5|4|0|10|12|0|1|0
[You] Rocks D. Xebec ["OP17-118">OP17-118]: Deploy Stussy ["OP17-054">OP17-054]
[You] Stussy ["OP17-054">OP17-054]: Kouzuki Oden ["ST32-002">ST32-002] can't attack next turn
[You] Kaido ["OP17-042">OP17-042] revealed: Fullalead ["OP17-057">OP17-057]
[You] Kaido ["OP17-042">OP17-042] revealed: Buckin ["OP08-051">OP08-051]
[You] Kaido ["OP17-042">OP17-042] revealed: Streusen ["OP17-050">OP17-050]
[You] Forcing opponent to resolve Card Action!
[Opponent] Forcing opponent to resolve Card Action!
[You] Kaido ["OP17-042">OP17-042]: Buff Shanks ["OP17-022">OP17-022] -3000
[You] Edward Newgate ["OP17-040">OP17-040] attacking Dracule Mihawk ["OP14-020">OP14-020]
Edward Newgate ["OP17-040">OP17-040][8000] vs Dracule Mihawk ["OP14-020">OP14-020][6000]
Dracule Mihawk ["OP14-020">OP14-020] hit for 1 damage
RZ1|304|2|ST32-002|3|2|1|6|1|1|0|0|0
RZ1|CHK|304|2|28|7|3|2|0|10|9|1|1|0
[You] Rocks D. Xebec ["OP17-039">OP17-039] attacking Dracule Mihawk ["OP14-020">OP14-020]
RZ1|305|1|OP17-057|1|4|6|12|1|1|0|0|0
RZ1|CHK|305|1|24|4|5|4|0|10|13|0|1|0
[You] Rocks D. Xebec ["OP17-039">OP17-039]: Trash Fullalead ["OP17-057">OP17-057]
RZ1|306|1|OP17-049|0|23|0|23|0|0|0|0|0
RZ1|CHK|306|1|24|4|5|4|0|10|13|0|1|0
[You] Rocks D. Xebec ["OP17-039">OP17-039] revealed: Charlotte Linlin ["OP17-049">OP17-049]
[] Drew card from deck: Charlotte Linlin ["OP17-049">OP17-049]
RZ1|307|1|OP17-049|0|23|1|4|1|1|0|0|0
RZ1|CHK|307|1|23|5|5|4|0|10|13|0|1|0
[] Drew card from deck: Shiki ["OP17-048">OP17-048]
RZ1|308|1|OP17-048|0|22|1|5|1|1|0|0|0
RZ1|CHK|308|1|22|6|5|4|0|10|13|0|1|0
[You] Rocks D. Xebec ["OP17-039">OP17-039]: Draw 2 Card
RZ1|309|1|OP08-051|1|2|6|13|1|1|0|0|0
RZ1|CHK|309|1|22|5|5|4|0|10|14|0|1|0
[You] Edward Newgate ["OP17-040">OP17-040]: Trash Buckin ["OP08-051">OP08-051]
[You] Edward Newgate ["OP17-040">OP17-040]: Buff Rocks D. Xebec ["OP17-039">OP17-039] 3000 for the Combat
Rocks D. Xebec ["OP17-039">OP17-039][8000] vs Dracule Mihawk ["OP14-020">OP14-020][6000]
Dracule Mihawk ["OP14-020">OP14-020] hit for 1 damage
RZ1|310|2|OP17-031|3|1|1|7|1|1|0|0|0
RZ1|CHK|310|2|28|8|3|1|0|10|9|1|1|0
[] Hand: [OP17-118,OP17-050,OP17-056,OP17-049,OP17-048]
[] Board: [OP17-054,OP17-040,OP17-118,OP17-042,OP17-054]
[] Trash: [OP17-048,OP17-056,OP08-051,OP17-049,OP17-055,OP17-044,OP17-048,OP17-045,OP17-042,OP17-045,OP17-050,OP17-054,OP17-057,OP08-051]
[] Life: 4
[] Hand: [OP12-034,ST32-002,OP06-038,OP08-036,OP12-023,OP12-023,ST32-002,OP17-031]
[] Trash: [OP12-023,OP13-040,OP14-023,OP12-034,OP17-031,OP01-055,OP06-038,OP12-034,ST32-001]
[] Board: [ST32-002,OP17-022,OP06-033]
[] Life: 1
[You] End Turn
[] Hand: [OP12-034,ST32-002,OP06-038,OP08-036,OP12-023,OP12-023,ST32-002,OP17-031]
[] Board: [ST32-002,OP17-022,OP06-033]
[] Trash: [OP12-023,OP13-040,OP14-023,OP12-034,OP17-031,OP01-055,OP06-038,OP12-034,ST32-001]
[] Life: 1
[] Hand: [OP17-118,OP17-050,OP17-056,OP17-049,OP17-048]
[] Trash: [OP17-048,OP17-056,OP08-051,OP17-049,OP17-055,OP17-044,OP17-048,OP17-045,OP17-042,OP17-045,OP17-050,OP17-054,OP17-057,OP08-051]
[] Board: [OP17-054,OP17-040,OP17-118,OP17-042,OP17-054]
[] Life: 4
[Opponent] Draw 1 Card
[] Drew card from deck: Shanks ["OP17-022">OP17-022]
RZ1|311|2|OP17-022|0|27|1|8|1|1|0|0|0
RZ1|CHK|311|2|27|9|3|1|0|10|9|1|1|0
RZ1|312|2|Don|5|0|5|0|1|1|1|0|0
RZ1|CHK|312|2|27|9|3|1|0|10|9|1|1|0
RZ1|313|2|Don|5|1|5|1|1|1|1|0|0
RZ1|CHK|313|2|27|9|3|1|0|10|9|1|1|0
RZ1|314|2|Don|5|2|5|2|1|1|1|0|0
RZ1|CHK|314|2|27|9|3|1|0|10|9|1|1|0
RZ1|315|2|Don|5|3|5|3|1|1|1|0|0
RZ1|CHK|315|2|27|9|3|1|0|10|9|1|1|0
RZ1|316|2|Don|5|4|5|4|1|1|1|0|0
RZ1|CHK|316|2|27|9|3|1|0|10|9|1|1|0
RZ1|317|2|Don|5|5|5|5|1|1|1|0|0
RZ1|CHK|317|2|27|9|3|1|0|10|9|1|1|0
RZ1|318|2|Don|5|6|5|6|1|1|1|0|0
RZ1|CHK|318|2|27|9|3|1|0|10|9|1|1|0
RZ1|319|2|Don|5|7|5|7|1|1|1|0|0
RZ1|CHK|319|2|27|9|3|1|0|10|9|1|1|0
RZ1|320|2|Don|5|8|5|8|1|1|1|0|0
RZ1|CHK|320|2|27|9|3|1|0|10|9|1|1|0
RZ1|321|2|Don|5|9|5|9|1|1|1|0|0
RZ1|CHK|321|2|27|9|3|1|0|10|9|1|1|0
[Opponent] Deploy Shanks ["OP17-022">OP17-022]
RZ1|322|2|OP17-022|1|8|2|3|1|1|0|0|0
RZ1|CHK|322|2|27|8|4|1|0|10|9|1|1|0
[Opponent] Shanks ["OP17-022">OP17-022]: Activate 1 Don
RZ1|323|2|Don|5|9|5|9|1|1|0|0|0
RZ1|CHK|323|2|27|8|4|1|0|10|9|1|1|0
[Opponent] Shanks ["OP17-022">OP17-022]: Activate 1 Don
RZ1|324|2|Don|5|8|5|8|1|1|0|0|0
RZ1|CHK|324|2|27|8|4|1|0|10|9|1|1|0
[Opponent] Shanks ["OP17-022">OP17-022]: Rest Stussy ["OP17-054">OP17-054]
[Opponent] Shanks ["OP17-022">OP17-022]: Rest Rocks D. Xebec ["OP17-118">OP17-118]
[Opponent] Shanks ["OP17-022">OP17-022]: Rest Kaido ["OP17-042">OP17-042]
[Opponent] Shanks ["OP17-022">OP17-022]: Rest Stussy ["OP17-054">OP17-054]
RZ1|325|2|Don|5|8|5|8|1|1|1|0|0
RZ1|CHK|325|2|27|8|4|1|0|10|9|1|1|0
[Opponent] Deploy Perona ["OP12-034">OP12-034]
RZ1|326|2|OP12-034|1|0|2|4|1|1|0|0|0
RZ1|CHK|326|2|27|7|5|1|0|10|9|1|1|0
RZ1|327|2|OP06-038|0|22|1|7|1|1|0|0|0
RZ1|CHK|327|2|26|8|5|1|0|10|9|1|1|0
[Opponent] Perona ["OP12-034">OP12-034]: <b>Reveal and Draw Billion-fold World Trichiliocosm ["OP06-038">OP06-038]</b>
[Opponent] Placing Cards on Bottom of Deck
RZ1|328|2|OP17-031|0|25|0|0|0|0|0|0|0
RZ1|CHK|328|2|26|8|5|1|0|10|9|1|1|0
RZ1|329|2|OP13-040|0|25|0|0|0|0|0|0|0
RZ1|CHK|329|2|26|8|5|1|0|10|9|1|1|0
RZ1|330|2|OP17-031|0|25|0|0|0|0|0|0|0
RZ1|CHK|330|2|26|8|5|1|0|10|9|1|1|0
RZ1|331|2|ST32-002|0|25|0|0|0|0|0|0|0
RZ1|CHK|331|2|26|8|5|1|0|10|9|1|1|0
RZ1|332|2|Don|5|9|9|100|1|1|0|0|0
RZ1|CHK|332|2|26|8|5|1|0|9|9|1|1|1
[Opponent] Attach 1 Don to Shanks ["OP17-022">OP17-022] (1 Total)
[Opponent] Shanks ["OP17-022">OP17-022] attacking Rocks D. Xebec ["OP17-118">OP17-118]
[You] Rocks Pirates ["OP17-056">OP17-056]: Activate Counter
RZ1|333|1|OP17-056|1|2|6|14|1|1|0|0|0
RZ1|CHK|333|1|22|4|5|4|0|10|15|0|1|0
[You] Rocks Pirates ["OP17-056">OP17-056]: Buff Rocks D. Xebec ["OP17-118">OP17-118] 2000 for the Combat
Shanks ["OP17-022">OP17-022][13000] vs Rocks D. Xebec ["OP17-118">OP17-118][14000]
Attack Fails
[Opponent] Dracule Mihawk ["OP14-020">OP14-020] attacking Kaido ["OP17-042">OP17-042]
Dracule Mihawk ["OP14-020">OP14-020][6000] vs Kaido ["OP17-042">OP17-042][6000]
[You] Kaido ["OP17-042">OP17-042] Destroyed
RZ1|334|1|OP17-042|2|3|6|15|1|1|0|0|0
RZ1|CHK|334|1|22|4|4|4|0|10|16|0|1|0
[Opponent] Shanks ["OP17-022">OP17-022] attacking Rocks D. Xebec ["OP17-039">OP17-039]
Shanks ["OP17-022">OP17-022][12000] vs Rocks D. Xebec ["OP17-039">OP17-039][5000]
Rocks D. Xebec ["OP17-039">OP17-039] hit for 1 damage
RZ1|335|1|OP17-053|3|3|1|4|1|1|0|0|0
RZ1|CHK|335|1|22|5|4|3|0|10|16|0|1|0
[Opponent] Coffin Boat ["OP14-039">OP14-039]: Activate 1 Don
RZ1|336|2|Don|5|8|5|8|1|1|0|0|0
RZ1|CHK|336|2|26|8|5|1|0|9|9|1|1|1
[Opponent] Kouzuki Oden ["ST32-002">ST32-002] is no longer blocked from attacking
[] Hand: [ST32-002,OP06-038,OP08-036,OP12-023,OP12-023,ST32-002,OP17-031,OP06-038]
[] Board: [ST32-002,OP17-022,OP06-033,OP17-022,OP12-034]
[] Trash: [OP12-023,OP13-040,OP14-023,OP12-034,OP17-031,OP01-055,OP06-038,OP12-034,ST32-001]
[] Life: 1
[] Hand: [OP17-118,OP17-050,OP17-049,OP17-048,OP17-053]
[] Trash: [OP17-048,OP17-056,OP08-051,OP17-049,OP17-055,OP17-044,OP17-048,OP17-045,OP17-042,OP17-045,OP17-050,OP17-054,OP17-057,OP08-051,OP17-056,OP17-042]
[] Board: [OP17-054,OP17-040,OP17-118,OP17-054]
[] Life: 3
[Opponent] End Turn
[] Hand: [OP17-118,OP17-050,OP17-049,OP17-048,OP17-053]
[] Board: [OP17-054,OP17-040,OP17-118,OP17-054]
[] Trash: [OP17-048,OP17-056,OP08-051,OP17-049,OP17-055,OP17-044,OP17-048,OP17-045,OP17-042,OP17-045,OP17-050,OP17-054,OP17-057,OP08-051,OP17-056,OP17-042]
[] Life: 3
[] Hand: [ST32-002,OP06-038,OP08-036,OP12-023,OP12-023,ST32-002,OP17-031,OP06-038]
[] Trash: [OP12-023,OP13-040,OP14-023,OP12-034,OP17-031,OP01-055,OP06-038,OP12-034,ST32-001]
[] Board: [ST32-002,OP17-022,OP06-033,OP17-022,OP12-034]
[] Life: 1
[You] Draw 1 Card
[] Drew card from deck: Gloriosa ["OP17-046">OP17-046]
RZ1|337|1|OP17-046|0|21|1|5|1|1|0|0|0
RZ1|CHK|337|1|21|6|4|3|0|10|16|0|1|0
[You] Attach 1 Don to Stussy ["OP17-054">OP17-054] (1 Total)
RZ1|338|1|Don|5|9|9|300|1|1|0|0|0
RZ1|CHK|338|1|21|6|4|3|0|9|16|0|1|1
[You] Attach 1 Don to Stussy ["OP17-054">OP17-054] (2 Total)
RZ1|339|1|Don|5|8|9|301|1|1|0|0|0
RZ1|CHK|339|1|21|6|4|3|0|8|16|0|1|2
[You] Stussy ["OP17-054">OP17-054] attacking Dracule Mihawk ["OP14-020">OP14-020]
[Opponent] Discard Kawamatsu ["OP12-023">OP12-023] for Counter 2000
RZ1|340|2|OP12-023|1|3|6|9|1|1|0|0|0
RZ1|CHK|340|2|26|7|5|1|0|9|10|1|1|1
Stussy ["OP17-054">OP17-054][7000] vs Dracule Mihawk ["OP14-020">OP14-020][8000]
Attack Fails
[You] Stussy ["OP17-054">OP17-054]: Rest 3 Don
RZ1|341|1|Don|5|0|5|0|1|1|1|0|0
RZ1|CHK|341|1|21|6|4|3|0|8|16|0|1|2
RZ1|342|1|Don|5|1|5|1|1|1|1|0|0
RZ1|CHK|342|1|21|6|4|3|0|8|16|0|1|2
RZ1|343|1|Don|5|2|5|2|1|1|1|0|0
RZ1|CHK|343|1|21|6|4|3|0|8|16|0|1|2
[You] Stussy ["OP17-054">OP17-054]: Rest Stussy ["OP17-054">OP17-054]
[You] Stussy ["OP17-054">OP17-054]: Shanks ["OP17-022">OP17-022] can't attack next turn
RZ1|344|1|Don|5|3|5|3|1|1|1|0|0
RZ1|CHK|344|1|21|6|4|3|0|8|16|0|1|2
RZ1|345|1|Don|5|4|5|4|1|1|1|0|0
RZ1|CHK|345|1|21|6|4|3|0|8|16|0|1|2
RZ1|346|1|Don|5|5|5|5|1|1|1|0|0
RZ1|CHK|346|1|21|6|4|3|0|8|16|0|1|2
RZ1|347|1|Don|5|6|5|6|1|1|1|0|0
RZ1|CHK|347|1|21|6|4|3|0|8|16|0|1|2
[You] Deploy Gloriosa ["OP17-046">OP17-046]
RZ1|348|1|OP17-046|1|5|2|4|1|1|0|0|0
RZ1|CHK|348|1|21|5|5|3|0|8|16|0|1|2
[You] Gloriosa ["OP17-046">OP17-046]: Send Kouzuki Oden ["ST32-002">ST32-002] to Deck Bottom
RZ1|349|2|ST32-002|2|0|0|0|0|0|0|0|0
RZ1|CHK|349|2|27|7|4|1|0|9|10|1|1|1
[You] Attach 1 Don to Rocks D. Xebec ["OP17-039">OP17-039] (1 Total)
RZ1|350|1|Don|5|7|9|9900|1|1|0|0|0
RZ1|CHK|350|1|21|5|5|3|0|7|16|0|1|3
[You] Rocks D. Xebec ["OP17-039">OP17-039] attacking Dracule Mihawk ["OP14-020">OP14-020]
RZ1|351|1|OP17-050|1|1|6|16|1|1|0|0|0
RZ1|CHK|351|1|21|4|5|3|0|7|17|0|1|3
[You] Edward Newgate ["OP17-040">OP17-040]: Trash Streusen ["OP17-050">OP17-050]
[You] Edward Newgate ["OP17-040">OP17-040]: Buff Rocks D. Xebec ["OP17-039">OP17-039] 3000 for the Combat
RZ1|352|1|OP17-053|1|3|6|17|1|1|0|0|0
RZ1|CHK|352|1|21|3|5|3|0|7|18|0|1|3
[You] Rocks D. Xebec ["OP17-039">OP17-039]: Trash Barbell ["OP17-053">OP17-053]
RZ1|353|1|OP17-118|0|20|0|20|0|0|0|0|0
RZ1|CHK|353|1|21|3|5|3|0|7|18|0|1|3
[You] Rocks D. Xebec ["OP17-039">OP17-039] revealed: Rocks D. Xebec ["OP17-118">OP17-118]
[] Drew card from deck: Rocks D. Xebec ["OP17-118">OP17-118]
RZ1|354|1|OP17-118|0|20|1|3|1|1|0|0|0
RZ1|CHK|354|1|20|4|5|3|0|7|18|0|1|3
[] Drew card from deck: Rocks D. Xebec ["OP17-118">OP17-118]
RZ1|355|1|OP17-118|0|19|1|4|1|1|0|0|0
RZ1|CHK|355|1|19|5|5|3|0|7|18|0|1|3
[You] Rocks D. Xebec ["OP17-039">OP17-039]: Draw 2 Card
Rocks D. Xebec ["OP17-039">OP17-039][9000] vs Dracule Mihawk ["OP14-020">OP14-020][6000]
Dracule Mihawk ["OP14-020">OP14-020] hit for 1 damage
RZ1|356|2|OP13-031|3|0|1|7|1|1|0|0|0
RZ1|CHK|356|2|27|8|4|0|0|9|10|1|1|1
[You] Edward Newgate ["OP17-040">OP17-040] attacking Dracule Mihawk ["OP14-020">OP14-020]
[Opponent] Billion-fold World Trichiliocosm ["OP06-038">OP06-038]: Activate Counter
[Opponent] Billion-fold World Trichiliocosm ["OP06-038">OP06-038]: Rest 1 Don
RZ1|357|2|Don|5|8|5|8|1|1|1|0|0
RZ1|CHK|357|2|27|8|4|0|0|9|10|1|1|1
RZ1|358|2|OP06-038|1|1|6|10|1|1|0|0|0
RZ1|CHK|358|2|27|7|4|0|0|9|11|1|1|1
[Opponent] Billion-fold World Trichiliocosm ["OP06-038">OP06-038]: Buff Dracule Mihawk ["OP14-020">OP14-020] 2000 for the Combat
[Opponent] Billion-fold World Trichiliocosm ["OP06-038">OP06-038]: Buff Dracule Mihawk ["OP14-020">OP14-020] 2000 for the Combat
Edward Newgate ["OP17-040">OP17-040][8000] vs Dracule Mihawk ["OP14-020">OP14-020][10000]
Attack Fails
[You] Rocks D. Xebec ["OP17-118">OP17-118] attacking Dracule Mihawk ["OP14-020">OP14-020]
Rocks D. Xebec ["OP17-118">OP17-118][12000] vs Dracule Mihawk ["OP14-020">OP14-020][6000]
Dracule Mihawk ["OP14-020">OP14-020] hit for 1 damage
[Opponent] <b>Downloaded the Combat Log!</b>
GameOver
