Version is 1.42a.17
[Karlmalone​#2854] Leader is Rocks D. Xebec ["OP17-039">OP17-039]
[Vius2​#16248] Leader is Rocks D. Xebec ["OP17-039">OP17-039]
RZ1|HDR|1.42a|2|RZ1
RZ1|PLY|1|Karlmalone​#2854|OP17-039
RZ1|PLY|2|Vius2​#16248|OP17-039
RZ1|1|1|OP17-046|0|17|0|0|0|0|0|0|0
RZ1|CHK|1|1|50|0|0|0|10|0|0|0|1|0
RZ1|2|1|OP17-048|0|33|0|1|0|0|0|0|0
RZ1|CHK|2|1|50|0|0|0|10|0|0|0|1|0
RZ1|3|1|OP17-056|0|44|0|2|0|0|0|0|0
RZ1|CHK|3|1|50|0|0|0|10|0|0|0|1|0
RZ1|4|1|OP17-057|0|49|0|3|0|0|0|0|0
RZ1|CHK|4|1|50|0|0|0|10|0|0|0|1|0
RZ1|5|1|OP17-053|0|31|0|4|0|0|0|0|0
RZ1|CHK|5|1|50|0|0|0|10|0|0|0|1|0
RZ1|6|1|OP17-054|0|11|0|5|0|0|0|0|0
RZ1|CHK|6|1|50|0|0|0|10|0|0|0|1|0
RZ1|7|1|OP17-056|0|46|0|6|0|0|0|0|0
RZ1|CHK|7|1|50|0|0|0|10|0|0|0|1|0
RZ1|8|1|OP17-048|0|37|0|7|0|0|0|0|0
RZ1|CHK|8|1|50|0|0|0|10|0|0|0|1|0
RZ1|9|1|OP17-049|0|29|0|8|0|0|0|0|0
RZ1|CHK|9|1|50|0|0|0|10|0|0|0|1|0
RZ1|10|1|OP17-044|0|23|0|9|0|0|0|0|0
RZ1|CHK|10|1|50|0|0|0|10|0|0|0|1|0
RZ1|11|1|OP17-118|0|39|0|10|0|0|0|0|0
RZ1|CHK|11|1|50|0|0|0|10|0|0|0|1|0
RZ1|12|1|OP17-052|0|15|0|11|0|0|0|0|0
RZ1|CHK|12|1|50|0|0|0|10|0|0|0|1|0
RZ1|13|1|OP17-043|0|28|0|12|0|0|0|0|0
RZ1|CHK|13|1|50|0|0|0|10|0|0|0|1|0
RZ1|14|1|OP17-118|0|40|0|13|0|0|0|0|0
RZ1|CHK|14|1|50|0|0|0|10|0|0|0|1|0
RZ1|15|1|OP17-040|0|38|0|14|0|0|0|0|0
RZ1|CHK|15|1|50|0|0|0|10|0|0|0|1|0
RZ1|16|1|OP17-049|0|35|0|15|0|0|0|0|0
RZ1|CHK|16|1|50|0|0|0|10|0|0|0|1|0
RZ1|17|1|OP17-043|0|32|0|16|0|0|0|0|0
RZ1|CHK|17|1|50|0|0|0|10|0|0|0|1|0
RZ1|18|1|OP17-040|0|39|0|17|0|0|0|0|0
RZ1|CHK|18|1|50|0|0|0|10|0|0|0|1|0
RZ1|19|1|OP17-056|0|48|0|18|0|0|0|0|0
RZ1|CHK|19|1|50|0|0|0|10|0|0|0|1|0
RZ1|20|1|OP17-049|0|36|0|19|0|0|0|0|0
RZ1|CHK|20|1|50|0|0|0|10|0|0|0|1|0
RZ1|21|1|OP17-042|0|29|0|20|0|0|0|0|0
RZ1|CHK|21|1|50|0|0|0|10|0|0|0|1|0
RZ1|22|1|OP17-055|0|45|0|21|0|0|0|0|0
RZ1|CHK|22|1|50|0|0|0|10|0|0|0|1|0
RZ1|23|1|OP17-046|0|34|0|22|0|0|0|0|0
RZ1|CHK|23|1|50|0|0|0|10|0|0|0|1|0
RZ1|24|1|OP17-054|0|27|0|23|0|0|0|0|0
RZ1|CHK|24|1|50|0|0|0|10|0|0|0|1|0
RZ1|25|1|OP17-048|0|42|0|24|0|0|0|0|0
RZ1|CHK|25|1|50|0|0|0|10|0|0|0|1|0
RZ1|26|1|OP17-054|0|30|0|25|0|0|0|0|0
RZ1|CHK|26|1|50|0|0|0|10|0|0|0|1|0
RZ1|27|1|OP17-049|0|39|0|26|0|0|0|0|0
RZ1|CHK|27|1|50|0|0|0|10|0|0|0|1|0
RZ1|28|1|OP17-052|0|29|0|27|0|0|0|0|0
RZ1|CHK|28|1|50|0|0|0|10|0|0|0|1|0
RZ1|29|1|OP17-055|0|46|0|28|0|0|0|0|0
RZ1|CHK|29|1|50|0|0|0|10|0|0|0|1|0
RZ1|30|1|OP17-055|0|46|0|29|0|0|0|0|0
RZ1|CHK|30|1|50|0|0|0|10|0|0|0|1|0
RZ1|31|1|OP17-040|0|43|0|30|0|0|0|0|0
RZ1|CHK|31|1|50|0|0|0|10|0|0|0|1|0
RZ1|32|1|OP17-053|0|43|0|31|0|0|0|0|0
RZ1|CHK|32|1|50|0|0|0|10|0|0|0|1|0
RZ1|33|1|OP17-118|0|46|0|32|0|0|0|0|0
RZ1|CHK|33|1|50|0|0|0|10|0|0|0|1|0
RZ1|34|1|OP17-056|0|48|0|33|0|0|0|0|0
RZ1|CHK|34|1|50|0|0|0|10|0|0|0|1|0
RZ1|35|1|OP17-044|0|42|0|34|0|0|0|0|0
RZ1|CHK|35|1|50|0|0|0|10|0|0|0|1|0
RZ1|36|1|OP17-045|0|36|0|35|0|0|0|0|0
RZ1|CHK|36|1|50|0|0|0|10|0|0|0|1|0
RZ1|37|1|OP17-046|0|44|0|36|0|0|0|0|0
RZ1|CHK|37|1|50|0|0|0|10|0|0|0|1|0
RZ1|38|1|OP17-055|0|48|0|37|0|0|0|0|0
RZ1|CHK|38|1|50|0|0|0|10|0|0|0|1|0
RZ1|39|1|OP17-040|0|47|0|38|0|0|0|0|0
RZ1|CHK|39|1|50|0|0|0|10|0|0|0|1|0
RZ1|40|1|OP17-057|0|49|0|39|0|0|0|0|0
RZ1|CHK|40|1|50|0|0|0|10|0|0|0|1|0
RZ1|41|1|OP17-042|0|43|0|40|0|0|0|0|0
RZ1|CHK|41|1|50|0|0|0|10|0|0|0|1|0
RZ1|42|1|OP17-042|0|44|0|41|0|0|0|0|0
RZ1|CHK|42|1|50|0|0|0|10|0|0|0|1|0
RZ1|43|1|OP17-052|0|43|0|42|0|0|0|0|0
RZ1|CHK|43|1|50|0|0|0|10|0|0|0|1|0
RZ1|44|1|OP17-046|0|47|0|43|0|0|0|0|0
RZ1|CHK|44|1|50|0|0|0|10|0|0|0|1|0
RZ1|45|1|OP17-042|0|46|0|44|0|0|0|0|0
RZ1|CHK|45|1|50|0|0|0|10|0|0|0|1|0
RZ1|46|1|OP17-118|0|49|0|46|0|0|0|0|0
RZ1|CHK|46|1|50|0|0|0|10|0|0|0|1|0
RZ1|47|1|OP17-043|0|49|0|48|0|0|0|0|0
RZ1|CHK|47|1|50|0|0|0|10|0|0|0|1|0
[Karlmalone​#2854] Drew card from deck: Captain John ["OP17-044">OP17-044]
RZ1|48|1|OP17-044|0|49|1|0|1|1|0|0|0
RZ1|CHK|48|1|49|1|0|0|10|0|0|0|1|0
[Karlmalone​#2854] Drew card from deck: Ganzui ["OP17-043">OP17-043]
RZ1|49|1|OP17-043|0|48|1|1|1|1|0|0|0
RZ1|CHK|49|1|48|2|0|0|10|0|0|0|1|0
[Karlmalone​#2854] Drew card from deck: Stussy ["OP17-054">OP17-054]
RZ1|50|1|OP17-054|0|47|1|2|1|1|0|0|0
RZ1|CHK|50|1|47|3|0|0|10|0|0|0|1|0
[Karlmalone​#2854] Drew card from deck: Rocks D. Xebec ["OP17-118">OP17-118]
RZ1|51|1|OP17-118|0|46|1|3|1|1|0|0|0
RZ1|CHK|51|1|46|4|0|0|10|0|0|0|1|0
[Karlmalone​#2854] Drew card from deck: Kyo ["OP17-045">OP17-045]
RZ1|52|1|OP17-045|0|45|1|4|1|1|0|0|0
RZ1|CHK|52|1|45|5|0|0|10|0|0|0|1|0
[Karlmalone​#2854] Hand before Mulligan: [OP17-044,OP17-043,OP17-054,OP17-118,OP17-045]
[Karlmalone​#2854] Chose to go Second
RZ1|53|2|OP17-040|0|30|0|0|0|0|0|0|0
RZ1|CHK|53|2|50|0|0|0|10|0|0|0|1|0
RZ1|54|2|OP17-056|0|45|0|1|0|0|0|0|0
RZ1|CHK|54|2|50|0|0|0|10|0|0|0|1|0
RZ1|55|2|OP17-050|0|5|0|2|0|0|0|0|0
RZ1|CHK|55|2|50|0|0|0|10|0|0|0|1|0
RZ1|56|2|OP17-044|0|20|0|3|0|0|0|0|0
RZ1|CHK|56|2|50|0|0|0|10|0|0|0|1|0
RZ1|57|2|OP17-040|0|32|0|4|0|0|0|0|0
RZ1|CHK|57|2|50|0|0|0|10|0|0|0|1|0
RZ1|58|2|OP17-118|0|39|0|5|0|0|0|0|0
RZ1|CHK|58|2|50|0|0|0|10|0|0|0|1|0
RZ1|59|2|OP17-046|0|25|0|6|0|0|0|0|0
RZ1|CHK|59|2|50|0|0|0|10|0|0|0|1|0
RZ1|60|2|OP17-056|0|47|0|7|0|0|0|0|0
RZ1|CHK|60|2|50|0|0|0|10|0|0|0|1|0
RZ1|61|2|OP17-049|0|30|0|8|0|0|0|0|0
RZ1|CHK|61|2|50|0|0|0|10|0|0|0|1|0
RZ1|62|2|OP17-044|0|26|0|9|0|0|0|0|0
RZ1|CHK|62|2|50|0|0|0|10|0|0|0|1|0
RZ1|63|2|OP17-044|0|26|0|10|0|0|0|0|0
RZ1|CHK|63|2|50|0|0|0|10|0|0|0|1|0
RZ1|64|2|OP17-118|0|40|0|11|0|0|0|0|0
RZ1|CHK|64|2|50|0|0|0|10|0|0|0|1|0
RZ1|65|2|OP17-052|0|20|0|12|0|0|0|0|0
RZ1|CHK|65|2|50|0|0|0|10|0|0|0|1|0
RZ1|66|2|OP17-040|0|35|0|13|0|0|0|0|0
RZ1|CHK|66|2|50|0|0|0|10|0|0|0|1|0
RZ1|67|2|OP17-041|0|27|0|14|0|0|0|0|0
RZ1|CHK|67|2|50|0|0|0|10|0|0|0|1|0
RZ1|68|2|OP17-056|0|47|0|15|0|0|0|0|0
RZ1|CHK|68|2|50|0|0|0|10|0|0|0|1|0
RZ1|69|2|OP17-055|0|46|0|16|0|0|0|0|0
RZ1|CHK|69|2|50|0|0|0|10|0|0|0|1|0
RZ1|70|2|OP17-052|0|25|0|17|0|0|0|0|0
RZ1|CHK|70|2|50|0|0|0|10|0|0|0|1|0
RZ1|71|2|OP17-053|0|36|0|19|0|0|0|0|0
RZ1|CHK|71|2|50|0|0|0|10|0|0|0|1|0
RZ1|72|2|OP17-118|0|43|0|20|0|0|0|0|0
RZ1|CHK|72|2|50|0|0|0|10|0|0|0|1|0
RZ1|73|2|OP17-041|0|31|0|21|0|0|0|0|0
RZ1|CHK|73|2|50|0|0|0|10|0|0|0|1|0
RZ1|74|2|OP17-054|0|29|0|22|0|0|0|0|0
RZ1|CHK|74|2|50|0|0|0|10|0|0|0|1|0
RZ1|75|2|OP17-046|0|34|0|23|0|0|0|0|0
RZ1|CHK|75|2|50|0|0|0|10|0|0|0|1|0
RZ1|76|2|OP17-056|0|47|0|24|0|0|0|0|0
RZ1|CHK|76|2|50|0|0|0|10|0|0|0|1|0
RZ1|77|2|OP17-046|0|35|0|25|0|0|0|0|0
RZ1|CHK|77|2|50|0|0|0|10|0|0|0|1|0
RZ1|78|2|OP17-048|0|41|0|26|0|0|0|0|0
RZ1|CHK|78|2|50|0|0|0|10|0|0|0|1|0
RZ1|79|2|OP17-052|0|33|0|27|0|0|0|0|0
RZ1|CHK|79|2|50|0|0|0|10|0|0|0|1|0
RZ1|80|2|OP17-043|0|41|0|28|0|0|0|0|0
RZ1|CHK|80|2|50|0|0|0|10|0|0|0|1|0
RZ1|81|2|OP17-049|0|38|0|29|0|0|0|0|0
RZ1|CHK|81|2|50|0|0|0|10|0|0|0|1|0
RZ1|82|2|OP17-050|0|31|0|30|0|0|0|0|0
RZ1|CHK|82|2|50|0|0|0|10|0|0|0|1|0
RZ1|83|2|OP17-118|0|44|0|31|0|0|0|0|0
RZ1|CHK|83|2|50|0|0|0|10|0|0|0|1|0
RZ1|84|2|OP17-054|0|38|0|32|0|0|0|0|0
RZ1|CHK|84|2|50|0|0|0|10|0|0|0|1|0
RZ1|85|2|OP17-057|0|48|0|33|0|0|0|0|0
RZ1|CHK|85|2|50|0|0|0|10|0|0|0|1|0
RZ1|86|2|OP17-045|0|37|0|34|0|0|0|0|0
RZ1|CHK|86|2|50|0|0|0|10|0|0|0|1|0
RZ1|87|2|OP17-045|0|38|0|35|0|0|0|0|0
RZ1|CHK|87|2|50|0|0|0|10|0|0|0|1|0
RZ1|88|2|OP17-057|0|49|0|36|0|0|0|0|0
RZ1|CHK|88|2|50|0|0|0|10|0|0|0|1|0
RZ1|89|2|OP17-055|0|48|0|37|0|0|0|0|0
RZ1|CHK|89|2|50|0|0|0|10|0|0|0|1|0
RZ1|90|2|OP17-045|0|39|0|38|0|0|0|0|0
RZ1|CHK|90|2|50|0|0|0|10|0|0|0|1|0
RZ1|91|2|OP17-053|0|45|0|39|0|0|0|0|0
RZ1|CHK|91|2|50|0|0|0|10|0|0|0|1|0
RZ1|92|2|OP17-049|0|44|0|40|0|0|0|0|0
RZ1|CHK|92|2|50|0|0|0|10|0|0|0|1|0
RZ1|93|2|OP17-048|0|47|0|41|0|0|0|0|0
RZ1|CHK|93|2|50|0|0|0|10|0|0|0|1|0
RZ1|94|2|OP17-048|0|47|0|42|0|0|0|0|0
RZ1|CHK|94|2|50|0|0|0|10|0|0|0|1|0
RZ1|95|2|OP17-045|0|44|0|43|0|0|0|0|0
RZ1|CHK|95|2|50|0|0|0|10|0|0|0|1|0
RZ1|96|2|OP17-049|0|47|0|44|0|0|0|0|0
RZ1|CHK|96|2|50|0|0|0|10|0|0|0|1|0
RZ1|97|2|OP17-054|0|46|0|45|0|0|0|0|0
RZ1|CHK|97|2|50|0|0|0|10|0|0|0|1|0
RZ1|98|2|OP17-055|0|49|0|47|0|0|0|0|0
RZ1|CHK|98|2|50|0|0|0|10|0|0|0|1|0
[Vius2​#16248] Drew card from deck: There's No Authority in the World ["OP17-055">OP17-055]
RZ1|99|2|OP17-055|0|49|1|0|0|1|0|0|0
RZ1|CHK|99|2|49|1|0|0|10|0|0|0|1|0
[Vius2​#16248] Drew card from deck: Kaido ["OP17-042">OP17-042]
RZ1|100|2|OP17-042|0|48|1|1|0|1|0|0|0
RZ1|CHK|100|2|48|2|0|0|10|0|0|0|1|0
[Vius2​#16248] Drew card from deck: There's No Authority in the World ["OP17-055">OP17-055]
RZ1|101|2|OP17-055|0|47|1|2|0|1|0|0|0
RZ1|CHK|101|2|47|3|0|0|10|0|0|0|1|0
[Vius2​#16248] Drew card from deck: Streusen ["OP17-050">OP17-050]
RZ1|102|2|OP17-050|0|46|1|3|0|1|0|0|0
RZ1|CHK|102|2|46|4|0|0|10|0|0|0|1|0
[Vius2​#16248] Drew card from deck: Stussy ["OP17-054">OP17-054]
RZ1|103|2|OP17-054|0|45|1|4|0|1|0|0|0
RZ1|CHK|103|2|45|5|0|0|10|0|0|0|1|0
RZ1|104|1|OP17-042|0|44|3|0|1|0|0|0|0
RZ1|CHK|104|1|44|5|0|1|10|0|0|0|1|0
RZ1|105|1|OP17-046|0|43|3|1|1|0|0|0|0
RZ1|CHK|105|1|43|5|0|2|10|0|0|0|1|0
RZ1|106|1|OP17-052|0|42|3|2|1|0|0|0|0
RZ1|CHK|106|1|42|5|0|3|10|0|0|0|1|0
RZ1|107|1|OP17-042|0|41|3|3|1|0|0|0|0
RZ1|CHK|107|1|41|5|0|4|10|0|0|0|1|0
RZ1|108|1|OP17-042|0|40|3|4|1|0|0|0|0
RZ1|CHK|108|1|40|5|0|5|10|0|0|0|1|0
RZ1|109|2|OP17-049|0|44|3|0|0|1|0|0|0
RZ1|CHK|109|2|44|5|0|1|10|0|0|0|1|0
RZ1|110|2|OP17-045|0|43|3|1|0|1|0|0|0
RZ1|CHK|110|2|43|5|0|2|10|0|0|0|1|0
RZ1|111|2|OP17-048|0|42|3|2|0|1|0|0|0
RZ1|CHK|111|2|42|5|0|3|10|0|0|0|1|0
RZ1|112|2|OP17-048|0|41|3|3|0|1|0|0|0
RZ1|CHK|112|2|41|5|0|4|10|0|0|0|1|0
RZ1|113|2|OP17-049|0|40|3|4|0|1|0|0|0
RZ1|CHK|113|2|40|5|0|5|10|0|0|0|1|0
RZ1|114|2|Don|4|9|5|0|1|1|0|0|0
RZ1|CHK|114|2|40|5|0|5|9|1|0|0|1|0
[Vius2​#16248] Draw 1 Don
RZ1|115|2|Don|5|0|5|0|1|1|1|0|0
RZ1|CHK|115|2|40|5|0|5|9|1|0|0|1|0
[Vius2​#16248] Deploy Streusen ["OP17-050">OP17-050]
RZ1|116|2|OP17-050|1|3|2|0|1|1|0|0|0
RZ1|CHK|116|2|40|4|1|5|9|1|0|0|1|0
[Vius2​#16248] Placing Cards on Top of Deck
RZ1|117|2|OP17-053|0|39|0|39|0|0|0|0|0
RZ1|CHK|117|2|40|4|1|5|9|1|0|0|1|0
RZ1|118|2|OP17-045|0|38|0|39|0|0|0|0|0
RZ1|CHK|118|2|40|4|1|5|9|1|0|0|1|0
[Vius2​#16248] Drew card from deck: Kyo ["OP17-045">OP17-045]
RZ1|119|2|OP17-045|0|39|1|4|0|1|0|0|0
RZ1|CHK|119|2|39|5|1|5|9|1|0|0|1|0
[Vius2​#16248] Streusen ["OP17-050">OP17-050]: Draw 1 Card
[Vius2​#16248] End Turn
[Karlmalone​#2854] Hand: [OP17-044,OP17-043,OP17-054,OP17-118,OP17-045]
[Karlmalone​#2854] Board: []
[Karlmalone​#2854] Trash: []
[Karlmalone​#2854] Life: 5
[Vius2​#16248] Hand: [OP17-055,OP17-042,OP17-055,OP17-054,OP17-045]
[Vius2​#16248] Trash: []
[Vius2​#16248] Board: [OP17-050]
[Vius2​#16248] Life: 5
[Karlmalone​#2854] Drew card from deck: Fullalead ["OP17-057">OP17-057]
RZ1|120|1|OP17-057|0|39|1|5|1|1|0|0|0
RZ1|CHK|120|1|39|6|0|5|10|0|0|0|1|0
[Karlmalone​#2854] Draw 1 Card
RZ1|121|1|Don|4|9|5|0|1|1|0|0|0
RZ1|CHK|121|1|39|6|0|5|9|1|0|0|1|0
RZ1|122|1|Don|4|8|5|1|1|1|0|0|0
RZ1|CHK|122|1|39|6|0|5|8|2|0|0|1|0
[Karlmalone​#2854] Draw 2 Don
RZ1|123|1|Don|5|0|5|0|1|1|1|0|0
RZ1|CHK|123|1|39|6|0|5|8|2|0|0|1|0
RZ1|124|1|OP17-057|1|5|7|0|1|1|0|0|0
RZ1|CHK|124|1|39|5|0|5|8|2|0|1|1|0
[Karlmalone​#2854] Deploy Fullalead ["OP17-057">OP17-057]
[Karlmalone​#2854] Hand: [OP17-044,OP17-043,OP17-054,OP17-118,OP17-045]
[Karlmalone​#2854] Board: []
[Karlmalone​#2854] Trash: []
[Karlmalone​#2854] Life: 5
[Vius2​#16248] Hand: [OP17-055,OP17-042,OP17-055,OP17-054,OP17-045]
[Vius2​#16248] Trash: []
[Vius2​#16248] Board: [OP17-050]
[Vius2​#16248] Life: 5
[Karlmalone​#2854] End Turn
[Vius2​#16248] Draw 1 Card
[Vius2​#16248] Drew card from deck: Barbell ["OP17-053">OP17-053]
RZ1|125|2|OP17-053|0|38|1|5|0|1|0|0|0
RZ1|CHK|125|2|38|6|1|5|9|1|0|0|1|0
RZ1|126|2|Don|4|8|5|1|1|1|0|0|0
RZ1|CHK|126|2|38|6|1|5|8|2|0|0|1|0
RZ1|127|2|Don|4|7|5|2|1|1|0|0|0
RZ1|CHK|127|2|38|6|1|5|7|3|0|0|1|0
[Vius2​#16248] Draw 2 Don
[Vius2​#16248] Rocks D. Xebec ["OP17-039">OP17-039] attacking Rocks D. Xebec ["OP17-039">OP17-039]
RZ1|128|2|OP17-053|1|5|6|0|1|1|0|0|0
RZ1|CHK|128|2|38|5|1|5|7|3|1|0|1|0
[Vius2​#16248] Rocks D. Xebec ["OP17-039">OP17-039]: Trash Barbell ["OP17-053">OP17-053]
RZ1|129|2|OP17-055|0|37|0|37|0|0|0|0|0
RZ1|CHK|129|2|38|5|1|5|7|3|1|0|1|0
[Vius2​#16248] Rocks D. Xebec ["OP17-039">OP17-039] revealed: There's No Authority in the World ["OP17-055">OP17-055]
[Vius2​#16248] Drew card from deck: There's No Authority in the World ["OP17-055">OP17-055]
RZ1|130|2|OP17-055|0|37|1|5|0|1|0|0|0
RZ1|CHK|130|2|37|6|1|5|7|3|1|0|1|0
[Vius2​#16248] Drew card from deck: Fullalead ["OP17-057">OP17-057]
RZ1|131|2|OP17-057|0|36|1|6|0|1|0|0|0
RZ1|CHK|131|2|36|7|1|5|7|3|1|0|1|0
[Vius2​#16248] Rocks D. Xebec ["OP17-039">OP17-039]: Draw 2 Card
RZ1|132|1|OP17-045|1|4|6|0|1|1|0|0|0
RZ1|CHK|132|1|39|4|0|5|8|2|1|1|1|0
[Karlmalone​#2854] Fullalead ["OP17-057">OP17-057]: Rest Fullalead ["OP17-057">OP17-057]
[Karlmalone​#2854] Fullalead ["OP17-057">OP17-057]: Trash Kyo ["OP17-045">OP17-045]
[Karlmalone​#2854] Fullalead ["OP17-057">OP17-057]: Buff Rocks D. Xebec ["OP17-039">OP17-039] 1000 for the Combat
Rocks D. Xebec ["OP17-039">OP17-039][5000] vs Rocks D. Xebec ["OP17-039">OP17-039][6000]
Attack Fails
[Vius2​#16248] Attach 3 Don to Streusen ["OP17-050">OP17-050] (3 Total)
RZ1|133|2|Don|5|2|9|0|1|1|0|0|0
RZ1|CHK|133|2|36|7|1|5|7|2|1|0|1|1
RZ1|134|2|Don|5|1|9|1|1|1|0|0|0
RZ1|CHK|134|2|36|7|1|5|7|1|1|0|1|2
RZ1|135|2|Don|5|0|9|2|1|1|0|0|0
RZ1|CHK|135|2|36|7|1|5|7|0|1|0|1|3
[Vius2​#16248] Streusen ["OP17-050">OP17-050] attacking Rocks D. Xebec ["OP17-039">OP17-039]
RZ1|136|1|OP17-042|3|4|1|4|1|1|0|0|0
RZ1|CHK|136|1|39|5|0|4|8|2|1|1|1|0
Streusen ["OP17-050">OP17-050][5000] vs Rocks D. Xebec ["OP17-039">OP17-039][5000]
Rocks D. Xebec ["OP17-039">OP17-039] hit for 1 damage
[Vius2​#16248] End Turn
[Karlmalone​#2854] Hand: [OP17-044,OP17-043,OP17-054,OP17-118,OP17-042]
[Karlmalone​#2854] Board: []
[Karlmalone​#2854] Trash: [OP17-045]
[Karlmalone​#2854] Life: 4
[Vius2​#16248] Hand: [OP17-055,OP17-042,OP17-055,OP17-054,OP17-045,OP17-055,OP17-057]
[Vius2​#16248] Trash: [OP17-053]
[Vius2​#16248] Board: [OP17-050]
[Vius2​#16248] Life: 5
[Karlmalone​#2854] Drew card from deck: Edward Newgate ["OP17-040">OP17-040]
RZ1|137|1|OP17-040|0|38|1|5|1|1|0|0|0
RZ1|CHK|137|1|38|6|0|4|8|2|1|1|1|0
[Karlmalone​#2854] Draw 1 Card
RZ1|138|1|Don|4|7|5|2|1|1|0|0|0
RZ1|CHK|138|1|38|6|0|4|7|3|1|1|1|0
RZ1|139|1|Don|4|6|5|3|1|1|0|0|0
RZ1|CHK|139|1|38|6|0|4|6|4|1|1|1|0
[Karlmalone​#2854] Draw 2 Don
[Karlmalone​#2854] Rocks D. Xebec ["OP17-039">OP17-039] attacking Streusen ["OP17-050">OP17-050]
RZ1|140|1|OP17-054|1|2|6|1|1|1|0|0|0
RZ1|CHK|140|1|38|5|0|4|6|4|2|1|1|0
RZ1|141|1|OP17-055|0|37|0|37|0|0|0|0|0
RZ1|CHK|141|1|38|5|0|4|6|4|2|1|1|0
[Karlmalone​#2854] Rocks D. Xebec ["OP17-039">OP17-039]: Trash Stussy ["OP17-054">OP17-054]
[Karlmalone​#2854] Rocks D. Xebec ["OP17-039">OP17-039] revealed: There's No Authority in the World ["OP17-055">OP17-055]
[Karlmalone​#2854] Drew card from deck: There's No Authority in the World ["OP17-055">OP17-055]
RZ1|142|1|OP17-055|0|37|1|5|1|1|0|0|0
RZ1|CHK|142|1|37|6|0|4|6|4|2|1|1|0
[Karlmalone​#2854] Drew card from deck: Gloriosa ["OP17-046">OP17-046]
RZ1|143|1|OP17-046|0|36|1|6|1|1|0|0|0
RZ1|CHK|143|1|36|7|0|4|6|4|2|1|1|0
[Karlmalone​#2854] Rocks D. Xebec ["OP17-039">OP17-039]: Draw 2 Card
RZ1|144|2|Don|9|0|5|0|1|1|1|0|0
RZ1|CHK|144|2|36|7|1|5|7|1|1|0|1|2
RZ1|145|2|Don|9|0|5|0|1|1|1|0|0
RZ1|CHK|145|2|36|7|1|5|7|2|1|0|1|1
RZ1|146|2|Don|9|0|5|0|1|1|1|0|0
RZ1|CHK|146|2|36|7|1|5|7|3|1|0|1|0
RZ1|147|2|OP17-050|2|0|6|1|1|1|0|0|0
RZ1|CHK|147|2|36|7|0|5|7|3|2|0|1|0
Rocks D. Xebec ["OP17-039">OP17-039][5000] vs Streusen ["OP17-050">OP17-050][2000]
[Vius2​#16248] Streusen ["OP17-050">OP17-050] Destroyed
RZ1|148|1|Don|5|0|5|0|1|1|1|0|0
RZ1|CHK|148|1|36|7|0|4|6|4|2|1|1|0
RZ1|149|1|Don|5|1|5|1|1|1|1|0|0
RZ1|CHK|149|1|36|7|0|4|6|4|2|1|1|0
RZ1|150|1|Don|5|2|5|2|1|1|1|0|0
RZ1|CHK|150|1|36|7|0|4|6|4|2|1|1|0
RZ1|151|1|Don|5|3|5|3|1|1|1|0|0
RZ1|CHK|151|1|36|7|0|4|6|4|2|1|1|0
RZ1|152|1|OP17-044|1|0|2|0|1|1|0|0|0
RZ1|CHK|152|1|36|6|1|4|6|4|2|1|1|0
[Karlmalone​#2854] Deploy Captain John ["OP17-044">OP17-044]
[Karlmalone​#2854] Hand: [OP17-043,OP17-118,OP17-042,OP17-040,OP17-055,OP17-046]
[Karlmalone​#2854] Board: [OP17-044]
[Karlmalone​#2854] Trash: [OP17-045,OP17-054]
[Karlmalone​#2854] Life: 4
[Vius2​#16248] Hand: [OP17-055,OP17-042,OP17-055,OP17-054,OP17-045,OP17-055,OP17-057]
[Vius2​#16248] Trash: [OP17-053,OP17-050]
[Vius2​#16248] Board: []
[Vius2​#16248] Life: 5
[Karlmalone​#2854] End Turn
[Vius2​#16248] Draw 1 Card
[Vius2​#16248] Drew card from deck: Kyo ["OP17-045">OP17-045]
RZ1|153|2|OP17-045|0|35|1|7|0|1|0|0|0
RZ1|CHK|153|2|35|8|0|5|7|3|2|0|1|0
RZ1|154|2|Don|4|6|5|3|1|1|0|0|0
RZ1|CHK|154|2|35|8|0|5|6|4|2|0|1|0
RZ1|155|2|Don|4|5|5|4|1|1|0|0|0
RZ1|CHK|155|2|35|8|0|5|5|5|2|0|1|0
[Vius2​#16248] Draw 2 Don
[Vius2​#16248] Rocks D. Xebec ["OP17-039">OP17-039] attacking Rocks D. Xebec ["OP17-039">OP17-039]
RZ1|156|2|OP17-045|1|7|6|2|1|1|0|0|0
RZ1|CHK|156|2|35|7|0|5|5|5|3|0|1|0
[Vius2​#16248] Rocks D. Xebec ["OP17-039">OP17-039]: Trash Kyo ["OP17-045">OP17-045]
RZ1|157|2|OP17-045|0|34|0|34|0|0|0|0|0
RZ1|CHK|157|2|35|7|0|5|5|5|3|0|1|0
[Vius2​#16248] Rocks D. Xebec ["OP17-039">OP17-039] revealed: Kyo ["OP17-045">OP17-045]
[Vius2​#16248] Drew card from deck: Kyo ["OP17-045">OP17-045]
RZ1|158|2|OP17-045|0|34|1|7|0|1|0|0|0
RZ1|CHK|158|2|34|8|0|5|5|5|3|0|1|0
[Vius2​#16248] Drew card from deck: Fullalead ["OP17-057">OP17-057]
RZ1|159|2|OP17-057|0|33|1|8|0|1|0|0|0
RZ1|CHK|159|2|33|9|0|5|5|5|3|0|1|0
[Vius2​#16248] Rocks D. Xebec ["OP17-039">OP17-039]: Draw 2 Card
RZ1|160|1|OP17-043|1|0|6|2|1|1|0|0|0
RZ1|CHK|160|1|36|5|1|4|6|4|3|1|1|0
[Karlmalone​#2854] Fullalead ["OP17-057">OP17-057]: Rest Fullalead ["OP17-057">OP17-057]
[Karlmalone​#2854] Fullalead ["OP17-057">OP17-057]: Trash Ganzui ["OP17-043">OP17-043]
[Karlmalone​#2854] Fullalead ["OP17-057">OP17-057]: Buff Rocks D. Xebec ["OP17-039">OP17-039] 1000 for the Combat
Rocks D. Xebec ["OP17-039">OP17-039][5000] vs Rocks D. Xebec ["OP17-039">OP17-039][6000]
Attack Fails
RZ1|161|2|Don|5|0|5|0|1|1|1|0|0
RZ1|CHK|161|2|33|9|0|5|5|5|3|0|1|0
RZ1|162|2|Don|5|1|5|1|1|1|1|0|0
RZ1|CHK|162|2|33|9|0|5|5|5|3|0|1|0
[Vius2​#16248] Deploy Kyo ["OP17-045">OP17-045]
RZ1|163|2|OP17-045|1|4|2|0|1|1|0|0|0
RZ1|CHK|163|2|33|8|1|5|5|5|3|0|1|0
[Vius2​#16248] Drew card from deck: Stussy ["OP17-054">OP17-054]
RZ1|164|2|OP17-054|0|32|1|8|0|1|0|0|0
RZ1|CHK|164|2|32|9|1|5|5|5|3|0|1|0
[Vius2​#16248] Kyo ["OP17-045">OP17-045]: Draw 1 Card
RZ1|165|2|Don|5|2|5|2|1|1|1|0|0
RZ1|CHK|165|2|32|9|1|5|5|5|3|0|1|0
RZ1|166|2|Don|5|3|5|3|1|1|1|0|0
RZ1|CHK|166|2|32|9|1|5|5|5|3|0|1|0
[Vius2​#16248] Deploy Kyo ["OP17-045">OP17-045]
RZ1|167|2|OP17-045|1|6|2|1|1|1|0|0|0
RZ1|CHK|167|2|32|8|2|5|5|5|3|0|1|0
[Vius2​#16248] Drew card from deck: Rocks D. Xebec ["OP17-118">OP17-118]
RZ1|168|2|OP17-118|0|31|1|8|0|1|0|0|0
RZ1|CHK|168|2|31|9|2|5|5|5|3|0|1|0
[Vius2​#16248] Kyo ["OP17-045">OP17-045]: Draw 1 Card
RZ1|169|2|Don|5|4|5|4|1|1|1|0|0
RZ1|CHK|169|2|31|9|2|5|5|5|3|0|1|0
[Vius2​#16248] Deploy Fullalead ["OP17-057">OP17-057]
RZ1|170|2|OP17-057|1|6|7|0|1|1|0|0|0
RZ1|CHK|170|2|31|8|2|5|5|5|3|1|1|0
[Vius2​#16248] End Turn
[Karlmalone​#2854] Hand: [OP17-118,OP17-042,OP17-040,OP17-055,OP17-046]
[Karlmalone​#2854] Board: [OP17-044]
[Karlmalone​#2854] Trash: [OP17-045,OP17-054,OP17-043]
[Karlmalone​#2854] Life: 4
[Vius2​#16248] Hand: [OP17-055,OP17-042,OP17-055,OP17-054,OP17-055,OP17-057,OP17-054,OP17-118]
[Vius2​#16248] Trash: [OP17-053,OP17-050,OP17-045]
[Vius2​#16248] Board: [OP17-045,OP17-045]
[Vius2​#16248] Life: 5
[Karlmalone​#2854] Drew card from deck: Kyo ["OP17-045">OP17-045]
RZ1|171|1|OP17-045|0|35|1|5|1|1|0|0|0
RZ1|CHK|171|1|35|6|1|4|6|4|3|1|1|0
[Karlmalone​#2854] Draw 1 Card
RZ1|172|1|Don|4|5|5|4|1|1|0|0|0
RZ1|CHK|172|1|35|6|1|4|5|5|3|1|1|0
RZ1|173|1|Don|4|4|5|5|1|1|0|0|0
RZ1|CHK|173|1|35|6|1|4|4|6|3|1|1|0
[Karlmalone​#2854] Draw 2 Don
[Karlmalone​#2854] Captain John ["OP17-044">OP17-044] attacking Rocks D. Xebec ["OP17-039">OP17-039]
[Vius2​#16248] There's No Authority in the World ["OP17-055">OP17-055]: Activate Counter
RZ1|174|2|OP17-055|1|4|6|3|1|1|0|0|0
RZ1|CHK|174|2|31|7|2|5|5|5|4|1|1|0
[Vius2​#16248] There's No Authority in the World ["OP17-055">OP17-055]: Buff Rocks D. Xebec ["OP17-039">OP17-039] 2000 for the Combat
Captain John ["OP17-044">OP17-044][6000] vs Rocks D. Xebec ["OP17-039">OP17-039][7000]
Attack Fails
[Karlmalone​#2854] Rocks D. Xebec ["OP17-039">OP17-039] attacking Rocks D. Xebec ["OP17-039">OP17-039]
RZ1|175|1|OP17-045|1|5|6|3|1|1|0|0|0
RZ1|CHK|175|1|35|5|1|4|4|6|4|1|1|0
RZ1|176|1|OP17-044|0|34|0|34|0|0|0|0|0
RZ1|CHK|176|1|35|5|1|4|4|6|4|1|1|0
[Karlmalone​#2854] Rocks D. Xebec ["OP17-039">OP17-039]: Trash Kyo ["OP17-045">OP17-045]
[Karlmalone​#2854] Rocks D. Xebec ["OP17-039">OP17-039] revealed: Captain John ["OP17-044">OP17-044]
[Karlmalone​#2854] Drew card from deck: Captain John ["OP17-044">OP17-044]
RZ1|177|1|OP17-044|0|34|1|5|1|1|0|0|0
RZ1|CHK|177|1|34|6|1|4|4|6|4|1|1|0
[Karlmalone​#2854] Drew card from deck: Rocks Pirates ["OP17-056">OP17-056]
RZ1|178|1|OP17-056|0|33|1|6|1|1|0|0|0
RZ1|CHK|178|1|33|7|1|4|4|6|4|1|1|0
[Karlmalone​#2854] Rocks D. Xebec ["OP17-039">OP17-039]: Draw 2 Card
[Vius2​#16248] Fullalead ["OP17-057">OP17-057]: Rest Fullalead ["OP17-057">OP17-057]
RZ1|179|2|OP17-042|1|1|6|4|1|1|0|0|0
RZ1|CHK|179|2|31|6|2|5|5|5|5|1|1|0
[Vius2​#16248] Fullalead ["OP17-057">OP17-057]: Trash Kaido ["OP17-042">OP17-042]
[Vius2​#16248] Fullalead ["OP17-057">OP17-057]: Buff Rocks D. Xebec ["OP17-039">OP17-039] 1000 for the Combat
Rocks D. Xebec ["OP17-039">OP17-039][5000] vs Rocks D. Xebec ["OP17-039">OP17-039][6000]
Attack Fails
RZ1|180|1|Don|5|0|5|0|1|1|1|0|0
RZ1|CHK|180|1|33|7|1|4|4|6|4|1|1|0
RZ1|181|1|Don|5|1|5|1|1|1|1|0|0
RZ1|CHK|181|1|33|7|1|4|4|6|4|1|1|0
RZ1|182|1|Don|5|2|5|2|1|1|1|0|0
RZ1|CHK|182|1|33|7|1|4|4|6|4|1|1|0
RZ1|183|1|Don|5|3|5|3|1|1|1|0|0
RZ1|CHK|183|1|33|7|1|4|4|6|4|1|1|0
RZ1|184|1|Don|5|4|5|4|1|1|1|0|0
RZ1|CHK|184|1|33|7|1|4|4|6|4|1|1|0
RZ1|185|1|Don|5|5|5|5|1|1|1|0|0
RZ1|CHK|185|1|33|7|1|4|4|6|4|1|1|0
RZ1|186|1|OP17-040|1|2|2|1|1|1|0|0|0
RZ1|CHK|186|1|33|6|2|4|4|6|4|1|1|0
[Karlmalone​#2854] Drew card from deck: Rocks D. Xebec ["OP17-118">OP17-118]
RZ1|187|1|OP17-118|0|32|1|6|1|1|0|0|0
RZ1|CHK|187|1|32|7|2|4|4|6|4|1|1|0
[Karlmalone​#2854] Deploy Edward Newgate ["OP17-040">OP17-040]
[Karlmalone​#2854] Edward Newgate ["OP17-040">OP17-040]: Draw 1 Card
[Karlmalone​#2854] Hand: [OP17-118,OP17-042,OP17-055,OP17-046,OP17-044,OP17-056,OP17-118]
[Karlmalone​#2854] Board: [OP17-044,OP17-040]
[Karlmalone​#2854] Trash: [OP17-045,OP17-054,OP17-043,OP17-045]
[Karlmalone​#2854] Life: 4
[Vius2​#16248] Hand: [OP17-055,OP17-055,OP17-054,OP17-057,OP17-054,OP17-118]
[Vius2​#16248] Trash: [OP17-053,OP17-050,OP17-045,OP17-055,OP17-042]
[Vius2​#16248] Board: [OP17-045,OP17-045]
[Vius2​#16248] Life: 5
[Karlmalone​#2854] End Turn
[Vius2​#16248] Draw 1 Card
[Vius2​#16248] Drew card from deck: Streusen ["OP17-050">OP17-050]
RZ1|188|2|OP17-050|0|30|1|6|0|1|0|0|0
RZ1|CHK|188|2|30|7|2|5|5|5|5|1|1|0
RZ1|189|2|Don|4|4|5|5|1|1|0|0|0
RZ1|CHK|189|2|30|7|2|5|4|6|5|1|1|0
RZ1|190|2|Don|4|3|5|6|1|1|0|0|0
RZ1|CHK|190|2|30|7|2|5|3|7|5|1|1|0
[Vius2​#16248] Draw 2 Don
RZ1|191|2|Don|5|0|5|0|1|1|1|0|0
RZ1|CHK|191|2|30|7|2|5|3|7|5|1|1|0
RZ1|192|2|Don|5|1|5|1|1|1|1|0|0
RZ1|CHK|192|2|30|7|2|5|3|7|5|1|1|0
RZ1|193|2|Don|5|2|5|2|1|1|1|0|0
RZ1|CHK|193|2|30|7|2|5|3|7|5|1|1|0
[Vius2​#16248] Deploy Stussy ["OP17-054">OP17-054]
RZ1|194|2|OP17-054|1|2|2|2|1|1|0|0|0
RZ1|CHK|194|2|30|6|3|5|3|7|5|1|1|0
[Vius2​#16248] Stussy ["OP17-054">OP17-054]: Edward Newgate ["OP17-040">OP17-040] can't attack next turn
[Vius2​#16248] Attach 1 Don to Rocks D. Xebec ["OP17-039">OP17-039] (1 Total)
RZ1|195|2|Don|5|6|9|9900|1|1|0|0|0
RZ1|CHK|195|2|30|6|3|5|3|6|5|1|1|1
[Vius2​#16248] Rocks D. Xebec ["OP17-039">OP17-039] attacking Captain John ["OP17-044">OP17-044]
RZ1|196|2|OP17-050|1|5|6|5|1|1|0|0|0
RZ1|CHK|196|2|30|5|3|5|3|6|6|1|1|1
[Vius2​#16248] Rocks D. Xebec ["OP17-039">OP17-039]: Trash Streusen ["OP17-050">OP17-050]
RZ1|197|2|OP17-049|0|29|0|29|0|0|0|0|0
RZ1|CHK|197|2|30|5|3|5|3|6|6|1|1|1
[Vius2​#16248] Rocks D. Xebec ["OP17-039">OP17-039] revealed: Charlotte Linlin ["OP17-049">OP17-049]
[Vius2​#16248] Drew card from deck: Charlotte Linlin ["OP17-049">OP17-049]
RZ1|198|2|OP17-049|0|29|1|5|0|1|0|0|0
RZ1|CHK|198|2|29|6|3|5|3|6|6|1|1|1
[Vius2​#16248] Drew card from deck: Ganzui ["OP17-043">OP17-043]
RZ1|199|2|OP17-043|0|28|1|6|0|1|0|0|0
RZ1|CHK|199|2|28|7|3|5|3|6|6|1|1|1
[Vius2​#16248] Rocks D. Xebec ["OP17-039">OP17-039]: Draw 2 Card
RZ1|200|1|OP17-044|1|4|6|4|1|1|0|0|0
RZ1|CHK|200|1|32|6|2|4|4|6|5|1|1|0
[Karlmalone​#2854] Fullalead ["OP17-057">OP17-057]: Rest Fullalead ["OP17-057">OP17-057]
[Karlmalone​#2854] Fullalead ["OP17-057">OP17-057]: Trash Captain John ["OP17-044">OP17-044]
[Karlmalone​#2854] Fullalead ["OP17-057">OP17-057]: Buff Captain John ["OP17-044">OP17-044] 1000 for the Combat
Rocks D. Xebec ["OP17-039">OP17-039][6000] vs Captain John ["OP17-044">OP17-044][7000]
Attack Fails
[Vius2​#16248] Attach 2 Don to Kyo ["OP17-045">OP17-045] (2 Total)
RZ1|201|2|Don|5|5|9|100|1|1|0|0|0
RZ1|CHK|201|2|28|7|3|5|3|5|6|1|1|2
RZ1|202|2|Don|5|4|9|101|1|1|0|0|0
RZ1|CHK|202|2|28|7|3|5|3|4|6|1|1|3
[Vius2​#16248] Kyo ["OP17-045">OP17-045] attacking Captain John ["OP17-044">OP17-044]
RZ1|203|1|OP17-055|1|2|6|5|1|1|0|0|0
RZ1|CHK|203|1|32|5|2|4|4|6|6|1|1|0
[Karlmalone​#2854] There's No Authority in the World ["OP17-055">OP17-055]: Activate Counter
[Karlmalone​#2854] There's No Authority in the World ["OP17-055">OP17-055]: Buff Captain John ["OP17-044">OP17-044] 2000 for the Combat
Kyo ["OP17-045">OP17-045][6000] vs Captain John ["OP17-044">OP17-044][8000]
Attack Fails
[Vius2​#16248] End Turn
[Karlmalone​#2854] Hand: [OP17-118,OP17-042,OP17-046,OP17-056,OP17-118]
[Karlmalone​#2854] Board: [OP17-044,OP17-040]
[Karlmalone​#2854] Trash: [OP17-045,OP17-054,OP17-043,OP17-045,OP17-044,OP17-055]
[Karlmalone​#2854] Life: 4
[Vius2​#16248] Hand: [OP17-055,OP17-055,OP17-057,OP17-054,OP17-118,OP17-049,OP17-043]
[Vius2​#16248] Trash: [OP17-053,OP17-050,OP17-045,OP17-055,OP17-042,OP17-050]
[Vius2​#16248] Board: [OP17-045,OP17-045,OP17-054]
[Vius2​#16248] Life: 5
[Karlmalone​#2854] Drew card from deck: Barbell ["OP17-053">OP17-053]
RZ1|204|1|OP17-053|0|31|1|5|1|1|0|0|0
RZ1|CHK|204|1|31|6|2|4|4|6|6|1|1|0
[Karlmalone​#2854] Draw 1 Card
RZ1|205|1|Don|4|3|5|6|1|1|0|0|0
RZ1|CHK|205|1|31|6|2|4|3|7|6|1|1|0
RZ1|206|1|Don|4|2|5|7|1|1|0|0|0
RZ1|CHK|206|1|31|6|2|4|2|8|6|1|1|0
[Karlmalone​#2854] Draw 2 Don
RZ1|207|1|Don|5|0|5|0|1|1|1|0|0
RZ1|CHK|207|1|31|6|2|4|2|8|6|1|1|0
RZ1|208|1|Don|5|1|5|1|1|1|1|0|0
RZ1|CHK|208|1|31|6|2|4|2|8|6|1|1|0
RZ1|209|1|Don|5|2|5|2|1|1|1|0|0
RZ1|CHK|209|1|31|6|2|4|2|8|6|1|1|0
RZ1|210|1|Don|5|3|5|3|1|1|1|0|0
RZ1|CHK|210|1|31|6|2|4|2|8|6|1|1|0
RZ1|211|1|OP17-046|1|2|2|2|1|1|0|0|0
RZ1|CHK|211|1|31|5|3|4|2|8|6|1|1|0
[Karlmalone​#2854] Deploy Gloriosa ["OP17-046">OP17-046]
[Karlmalone​#2854] Gloriosa ["OP17-046">OP17-046]: Send Stussy ["OP17-054">OP17-054] to Deck Bottom
RZ1|212|2|OP17-054|2|2|0|0|0|0|0|0|0
RZ1|CHK|212|2|29|7|2|5|3|4|6|1|1|3
[Karlmalone​#2854] Captain John ["OP17-044">OP17-044] attacking Kyo ["OP17-045">OP17-045]
RZ1|213|2|Don|9|100|5|0|1|1|1|0|0
RZ1|CHK|213|2|29|7|2|5|3|5|6|1|1|2
RZ1|214|2|Don|9|100|5|0|1|1|1|0|0
RZ1|CHK|214|2|29|7|2|5|3|6|6|1|1|1
RZ1|215|2|OP17-045|2|1|6|6|1|1|0|0|0
RZ1|CHK|215|2|29|7|1|5|3|6|7|1|1|1
Captain John ["OP17-044">OP17-044][6000] vs Kyo ["OP17-045">OP17-045][4000]
[Vius2​#16248] Kyo ["OP17-045">OP17-045] Destroyed
[Karlmalone​#2854] Rocks D. Xebec ["OP17-039">OP17-039] attacking Rocks D. Xebec ["OP17-039">OP17-039]
RZ1|216|1|OP17-053|1|4|6|6|1|1|0|0|0
RZ1|CHK|216|1|31|4|3|4|2|8|7|1|1|0
[Karlmalone​#2854] Edward Newgate ["OP17-040">OP17-040]: Trash Barbell ["OP17-053">OP17-053]
[Karlmalone​#2854] Edward Newgate ["OP17-040">OP17-040]: Buff Rocks D. Xebec ["OP17-039">OP17-039] 3000 for the Combat
RZ1|217|1|OP17-042|1|1|6|7|1|1|0|0|0
RZ1|CHK|217|1|31|3|3|4|2|8|8|1|1|0
RZ1|218|1|OP17-040|0|30|0|30|0|0|0|0|0
RZ1|CHK|218|1|31|3|3|4|2|8|8|1|1|0
[Karlmalone​#2854] Rocks D. Xebec ["OP17-039">OP17-039]: Trash Kaido ["OP17-042">OP17-042]
[Karlmalone​#2854] Rocks D. Xebec ["OP17-039">OP17-039] revealed: Edward Newgate ["OP17-040">OP17-040]
[Karlmalone​#2854] Drew card from deck: Edward Newgate ["OP17-040">OP17-040]
RZ1|219|1|OP17-040|0|30|1|3|1|1|0|0|0
RZ1|CHK|219|1|30|4|3|4|2|8|8|1|1|0
[Karlmalone​#2854] Drew card from deck: There's No Authority in the World ["OP17-055">OP17-055]
RZ1|220|1|OP17-055|0|29|1|4|1|1|0|0|0
RZ1|CHK|220|1|29|5|3|4|2|8|8|1|1|0
[Karlmalone​#2854] Rocks D. Xebec ["OP17-039">OP17-039]: Draw 2 Card
RZ1|221|2|OP17-049|3|4|1|7|0|1|0|0|0
RZ1|CHK|221|2|29|8|1|4|3|6|7|1|1|1
Rocks D. Xebec ["OP17-039">OP17-039][8000] vs Rocks D. Xebec ["OP17-039">OP17-039][5000]
Rocks D. Xebec ["OP17-039">OP17-039] hit for 1 damage
[Karlmalone​#2854] Hand: [OP17-118,OP17-056,OP17-118,OP17-040,OP17-055]
[Karlmalone​#2854] Board: [OP17-044,OP17-040,OP17-046]
[Karlmalone​#2854] Trash: [OP17-045,OP17-054,OP17-043,OP17-045,OP17-044,OP17-055,OP17-053,OP17-042]
[Karlmalone​#2854] Life: 4
[Vius2​#16248] Hand: [OP17-055,OP17-055,OP17-057,OP17-054,OP17-118,OP17-049,OP17-043,OP17-049]
[Vius2​#16248] Trash: [OP17-053,OP17-050,OP17-045,OP17-055,OP17-042,OP17-050,OP17-045]
[Vius2​#16248] Board: [OP17-045]
[Vius2​#16248] Life: 4
RZ1|222|2|Don|9|9900|5|0|1|1|1|0|0
RZ1|CHK|222|2|29|8|1|4|3|7|7|1|1|0
[Karlmalone​#2854] Edward Newgate ["OP17-040">OP17-040] is no longer blocked from attacking
[Karlmalone​#2854] End Turn
[Vius2​#16248] Draw 1 Card
[Vius2​#16248] Drew card from deck: Don Marlon ["OP17-052">OP17-052]
RZ1|223|2|OP17-052|0|28|1|8|0|1|0|0|0
RZ1|CHK|223|2|28|9|1|4|3|7|7|1|1|0
RZ1|224|2|Don|4|2|5|7|1|1|0|0|0
RZ1|CHK|224|2|28|9|1|4|2|8|7|1|1|0
RZ1|225|2|Don|4|1|5|8|1|1|0|0|0
RZ1|CHK|225|2|28|9|1|4|1|9|7|1|1|0
[Vius2​#16248] Draw 2 Don
[Vius2​#16248] Attach 1 Don to Rocks D. Xebec ["OP17-039">OP17-039] (1 Total)
RZ1|226|2|Don|5|8|9|9900|1|1|0|0|0
RZ1|CHK|226|2|28|9|1|4|1|8|7|1|1|1
[Vius2​#16248] Rocks D. Xebec ["OP17-039">OP17-039] attacking Captain John ["OP17-044">OP17-044]
RZ1|227|2|OP17-052|1|8|6|7|1|1|0|0|0
RZ1|CHK|227|2|28|8|1|4|1|8|8|1|1|1
[Vius2​#16248] Rocks D. Xebec ["OP17-039">OP17-039]: Trash Don Marlon ["OP17-052">OP17-052]
RZ1|228|2|OP17-048|0|27|0|27|0|0|0|0|0
RZ1|CHK|228|2|28|8|1|4|1|8|8|1|1|1
[Vius2​#16248] Rocks D. Xebec ["OP17-039">OP17-039] revealed: Shiki ["OP17-048">OP17-048]
[Vius2​#16248] Drew card from deck: Shiki ["OP17-048">OP17-048]
RZ1|229|2|OP17-048|0|27|1|8|0|1|0|0|0
RZ1|CHK|229|2|27|9|1|4|1|8|8|1|1|1
[Vius2​#16248] Drew card from deck: Gloriosa ["OP17-046">OP17-046]
RZ1|230|2|OP17-046|0|26|1|9|0|1|0|0|0
RZ1|CHK|230|2|26|10|1|4|1|8|8|1|1|1
[Vius2​#16248] Rocks D. Xebec ["OP17-039">OP17-039]: Draw 2 Card
RZ1|231|1|OP17-040|1|3|6|8|1|1|0|0|0
RZ1|CHK|231|1|29|4|3|4|2|8|9|1|1|0
[Karlmalone​#2854] Fullalead ["OP17-057">OP17-057]: Rest Fullalead ["OP17-057">OP17-057]
[Karlmalone​#2854] Fullalead ["OP17-057">OP17-057]: Trash Edward Newgate ["OP17-040">OP17-040]
[Karlmalone​#2854] Fullalead ["OP17-057">OP17-057]: Buff Captain John ["OP17-044">OP17-044] 1000 for the Combat
Rocks D. Xebec ["OP17-039">OP17-039][6000] vs Captain John ["OP17-044">OP17-044][7000]
Attack Fails
RZ1|232|2|Don|5|0|5|0|1|1|1|0|0
RZ1|CHK|232|2|26|10|1|4|1|8|8|1|1|1
RZ1|233|2|Don|5|1|5|1|1|1|1|0|0
RZ1|CHK|233|2|26|10|1|4|1|8|8|1|1|1
RZ1|234|2|Don|5|2|5|2|1|1|1|0|0
RZ1|CHK|234|2|26|10|1|4|1|8|8|1|1|1
RZ1|235|2|Don|5|3|5|3|1|1|1|0|0
RZ1|CHK|235|2|26|10|1|4|1|8|8|1|1|1
[Vius2​#16248] Deploy Gloriosa ["OP17-046">OP17-046]
RZ1|236|2|OP17-046|1|9|2|1|1|1|0|0|0
RZ1|CHK|236|2|26|9|2|4|1|8|8|1|1|1
[Vius2​#16248] Gloriosa ["OP17-046">OP17-046]: Send Gloriosa ["OP17-046">OP17-046] to Deck Bottom
RZ1|237|1|OP17-046|2|2|0|0|0|0|0|0|0
RZ1|CHK|237|1|30|4|2|4|2|8|9|1|1|0
[Vius2​#16248] Attach 2 Don to Kyo ["OP17-045">OP17-045] (2 Total)
RZ1|238|2|Don|5|7|9|0|1|1|0|0|0
RZ1|CHK|238|2|26|9|2|4|1|7|8|1|1|2
RZ1|239|2|Don|5|6|9|1|1|1|0|0|0
RZ1|CHK|239|2|26|9|2|4|1|6|8|1|1|3
[Vius2​#16248] Kyo ["OP17-045">OP17-045] attacking Captain John ["OP17-044">OP17-044]
RZ1|240|1|OP17-055|1|3|6|9|1|1|0|0|0
RZ1|CHK|240|1|30|3|2|4|2|8|10|1|1|0
[Karlmalone​#2854] There's No Authority in the World ["OP17-055">OP17-055]: Activate Counter
[Karlmalone​#2854] There's No Authority in the World ["OP17-055">OP17-055]: Buff Captain John ["OP17-044">OP17-044] 2000 for the Combat
Kyo ["OP17-045">OP17-045][6000] vs Captain John ["OP17-044">OP17-044][8000]
Attack Fails
[Vius2​#16248] End Turn
[Karlmalone​#2854] Hand: [OP17-118,OP17-056,OP17-118]
[Karlmalone​#2854] Board: [OP17-044,OP17-040]
[Karlmalone​#2854] Trash: [OP17-045,OP17-054,OP17-043,OP17-045,OP17-044,OP17-055,OP17-053,OP17-042,OP17-040,OP17-055]
[Karlmalone​#2854] Life: 4
[Vius2​#16248] Hand: [OP17-055,OP17-055,OP17-057,OP17-054,OP17-118,OP17-049,OP17-043,OP17-049,OP17-048]
[Vius2​#16248] Trash: [OP17-053,OP17-050,OP17-045,OP17-055,OP17-042,OP17-050,OP17-045,OP17-052]
[Vius2​#16248] Board: [OP17-045,OP17-046]
[Vius2​#16248] Life: 4
[Karlmalone​#2854] Drew card from deck: There's No Authority in the World ["OP17-055">OP17-055]
RZ1|241|1|OP17-055|0|29|1|3|1|1|0|0|0
RZ1|CHK|241|1|29|4|2|4|2|8|10|1|1|0
[Karlmalone​#2854] Draw 1 Card
RZ1|242|1|Don|4|1|5|8|1|1|0|0|0
RZ1|CHK|242|1|29|4|2|4|1|9|10|1|1|0
RZ1|243|1|Don|4|0|5|9|1|1|0|0|0
RZ1|CHK|243|1|29|4|2|4|0|10|10|1|1|0
[Karlmalone​#2854] Draw 2 Don
[Karlmalone​#2854] Rocks D. Xebec ["OP17-039">OP17-039] attacking Rocks D. Xebec ["OP17-039">OP17-039]
RZ1|244|1|OP17-055|1|3|6|10|1|1|0|0|0
RZ1|CHK|244|1|29|3|2|4|0|10|11|1|1|0
[Karlmalone​#2854] Edward Newgate ["OP17-040">OP17-040]: Trash There's No Authority in the World ["OP17-055">OP17-055]
[Karlmalone​#2854] Edward Newgate ["OP17-040">OP17-040]: Buff Rocks D. Xebec ["OP17-039">OP17-039] 3000 for the Combat
RZ1|245|1|OP17-056|1|1|6|11|1|1|0|0|0
RZ1|CHK|245|1|29|2|2|4|0|10|12|1|1|0
RZ1|246|1|OP17-052|0|28|0|28|0|0|0|0|0
RZ1|CHK|246|1|29|2|2|4|0|10|12|1|1|0
[Karlmalone​#2854] Rocks D. Xebec ["OP17-039">OP17-039]: Trash Rocks Pirates ["OP17-056">OP17-056]
[Karlmalone​#2854] Rocks D. Xebec ["OP17-039">OP17-039] revealed: Don Marlon ["OP17-052">OP17-052]
[Karlmalone​#2854] Drew card from deck: Don Marlon ["OP17-052">OP17-052]
RZ1|247|1|OP17-052|0|28|1|2|1|1|0|0|0
RZ1|CHK|247|1|28|3|2|4|0|10|12|1|1|0
[Karlmalone​#2854] Drew card from deck: Charlotte Linlin ["OP17-049">OP17-049]
RZ1|248|1|OP17-049|0|27|1|3|1|1|0|0|0
RZ1|CHK|248|1|27|4|2|4|0|10|12|1|1|0
[Karlmalone​#2854] Rocks D. Xebec ["OP17-039">OP17-039]: Draw 2 Card
[Vius2​#16248] There's No Authority in the World ["OP17-055">OP17-055]: Activate Counter
RZ1|249|2|OP17-055|1|1|6|8|1|1|0|0|0
RZ1|CHK|249|2|26|8|2|4|1|6|9|1|1|3
[Vius2​#16248] There's No Authority in the World ["OP17-055">OP17-055]: Buff Rocks D. Xebec ["OP17-039">OP17-039] 2000 for the Combat
[Vius2​#16248] There's No Authority in the World ["OP17-055">OP17-055]: Activate Counter
RZ1|250|2|OP17-055|1|0|6|9|1|1|0|0|0
RZ1|CHK|250|2|26|7|2|4|1|6|10|1|1|3
[Vius2​#16248] There's No Authority in the World ["OP17-055">OP17-055]: Buff Rocks D. Xebec ["OP17-039">OP17-039] 2000 for the Combat
Rocks D. Xebec ["OP17-039">OP17-039][8000] vs Rocks D. Xebec ["OP17-039">OP17-039][9000]
Attack Fails
[Karlmalone​#2854] Edward Newgate ["OP17-040">OP17-040] attacking Rocks D. Xebec ["OP17-039">OP17-039]
[Vius2​#16248] Gloriosa ["OP17-046">OP17-046] Blocks
RZ1|251|2|OP17-046|2|1|6|10|1|1|0|0|0
RZ1|CHK|251|2|26|7|1|4|1|6|11|1|1|3
Edward Newgate ["OP17-040">OP17-040][8000] vs Gloriosa ["OP17-046">OP17-046][1000]
[Vius2​#16248] Gloriosa ["OP17-046">OP17-046] Destroyed
[Karlmalone​#2854] Captain John ["OP17-044">OP17-044] attacking Kyo ["OP17-045">OP17-045]
RZ1|252|2|Don|9|0|5|0|1|1|1|0|0
RZ1|CHK|252|2|26|7|1|4|1|7|11|1|1|2
RZ1|253|2|Don|9|0|5|0|1|1|1|0|0
RZ1|CHK|253|2|26|7|1|4|1|8|11|1|1|1
RZ1|254|2|OP17-045|2|0|6|11|1|1|0|0|0
RZ1|CHK|254|2|26|7|0|4|1|8|12|1|1|1
Captain John ["OP17-044">OP17-044][6000] vs Kyo ["OP17-045">OP17-045][4000]
[Vius2​#16248] Kyo ["OP17-045">OP17-045] Destroyed
RZ1|255|1|Don|5|0|5|0|1|1|1|0|0
RZ1|CHK|255|1|27|4|2|4|0|10|12|1|1|0
RZ1|256|1|Don|5|1|5|1|1|1|1|0|0
RZ1|CHK|256|1|27|4|2|4|0|10|12|1|1|0
RZ1|257|1|Don|5|2|5|2|1|1|1|0|0
RZ1|CHK|257|1|27|4|2|4|0|10|12|1|1|0
RZ1|258|1|Don|5|3|5|3|1|1|1|0|0
RZ1|CHK|258|1|27|4|2|4|0|10|12|1|1|0
RZ1|259|1|Don|5|4|5|4|1|1|1|0|0
RZ1|CHK|259|1|27|4|2|4|0|10|12|1|1|0
RZ1|260|1|Don|5|5|5|5|1|1|1|0|0
RZ1|CHK|260|1|27|4|2|4|0|10|12|1|1|0
RZ1|261|1|Don|5|6|5|6|1|1|1|0|0
RZ1|CHK|261|1|27|4|2|4|0|10|12|1|1|0
RZ1|262|1|Don|5|7|5|7|1|1|1|0|0
RZ1|CHK|262|1|27|4|2|4|0|10|12|1|1|0
RZ1|263|1|Don|5|8|5|8|1|1|1|0|0
RZ1|CHK|263|1|27|4|2|4|0|10|12|1|1|0
RZ1|264|1|Don|5|9|5|9|1|1|1|0|0
RZ1|CHK|264|1|27|4|2|4|0|10|12|1|1|0
RZ1|265|1|OP17-118|1|1|2|2|1|1|0|0|0
RZ1|CHK|265|1|27|3|3|4|0|10|12|1|1|0
[Karlmalone​#2854] Drew card from deck: Stussy ["OP17-054">OP17-054]
RZ1|266|1|OP17-054|0|26|1|3|1|1|0|0|0
RZ1|CHK|266|1|26|4|3|4|0|10|12|1|1|0
[Karlmalone​#2854] Deploy Rocks D. Xebec ["OP17-118">OP17-118]
[Karlmalone​#2854] Rocks D. Xebec ["OP17-118">OP17-118]: Draw 1 Card
RZ1|267|1|OP17-049|1|2|2|3|1|1|0|0|0
RZ1|CHK|267|1|26|3|4|4|0|10|12|1|1|0
[Karlmalone​#2854] Rocks D. Xebec ["OP17-118">OP17-118]: Deploy Charlotte Linlin ["OP17-049">OP17-049]
RZ1|268|1|OP17-054|1|2|2|4|1|1|0|0|0
RZ1|CHK|268|1|26|2|5|4|0|10|12|1|1|0
[Karlmalone​#2854] Rocks D. Xebec ["OP17-118">OP17-118]: Deploy Stussy ["OP17-054">OP17-054]
[Karlmalone​#2854] Forcing opponent to resolve Card Action!
RZ1|269|2|OP17-043|1|4|6|12|1|1|0|0|0
RZ1|CHK|269|2|26|6|0|4|1|8|13|1|1|1
[Vius2​#16248] Charlotte Linlin ["OP17-049">OP17-049]: Trash Ganzui ["OP17-043">OP17-043]
RZ1|270|2|OP17-049|1|4|6|13|1|1|0|0|0
RZ1|CHK|270|2|26|5|0|4|1|8|14|1|1|1
[Vius2​#16248] Charlotte Linlin ["OP17-049">OP17-049]: Trash Charlotte Linlin ["OP17-049">OP17-049]
[Karlmalone​#2854] Hand: [OP17-118,OP17-052]
[Karlmalone​#2854] Board: [OP17-044,OP17-040,OP17-118,OP17-049,OP17-054]
[Karlmalone​#2854] Trash: [OP17-045,OP17-054,OP17-043,OP17-045,OP17-044,OP17-055,OP17-053,OP17-042,OP17-040,OP17-055,OP17-055,OP17-056]
[Karlmalone​#2854] Life: 4
[Vius2​#16248] Hand: [OP17-057,OP17-054,OP17-118,OP17-049,OP17-048]
[Vius2​#16248] Trash: [OP17-053,OP17-050,OP17-045,OP17-055,OP17-042,OP17-050,OP17-045,OP17-052,OP17-055,OP17-055,OP17-046,OP17-045,OP17-043,OP17-049]
[Vius2​#16248] Board: []
[Vius2​#16248] Life: 4
RZ1|271|2|Don|9|9900|5|0|1|1|1|0|0
RZ1|CHK|271|2|26|5|0|4|1|9|14|1|1|0
[Karlmalone​#2854] End Turn
[Vius2​#16248] Draw 1 Card
[Vius2​#16248] Drew card from deck: Rocks Pirates ["OP17-056">OP17-056]
RZ1|272|2|OP17-056|0|25|1|5|0|1|0|0|0
RZ1|CHK|272|2|25|6|0|4|1|9|14|1|1|0
RZ1|273|2|Don|4|0|5|9|1|1|0|0|0
RZ1|CHK|273|2|25|6|0|4|0|10|14|1|1|0
[Vius2​#16248] Draw 2 Don
RZ1|274|2|Don|5|0|5|0|1|1|1|0|0
RZ1|CHK|274|2|25|6|0|4|0|10|14|1|1|0
RZ1|275|2|Don|5|1|5|1|1|1|1|0|0
RZ1|CHK|275|2|25|6|0|4|0|10|14|1|1|0
RZ1|276|2|Don|5|2|5|2|1|1|1|0|0
RZ1|CHK|276|2|25|6|0|4|0|10|14|1|1|0
RZ1|277|2|Don|5|3|5|3|1|1|1|0|0
RZ1|CHK|277|2|25|6|0|4|0|10|14|1|1|0
RZ1|278|2|Don|5|4|5|4|1|1|1|0|0
RZ1|CHK|278|2|25|6|0|4|0|10|14|1|1|0
RZ1|279|2|Don|5|5|5|5|1|1|1|0|0
RZ1|CHK|279|2|25|6|0|4|0|10|14|1|1|0
RZ1|280|2|Don|5|6|5|6|1|1|1|0|0
RZ1|CHK|280|2|25|6|0|4|0|10|14|1|1|0
RZ1|281|2|Don|5|7|5|7|1|1|1|0|0
RZ1|CHK|281|2|25|6|0|4|0|10|14|1|1|0
RZ1|282|2|Don|5|8|5|8|1|1|1|0|0
RZ1|CHK|282|2|25|6|0|4|0|10|14|1|1|0
RZ1|283|2|Don|5|9|5|9|1|1|1|0|0
RZ1|CHK|283|2|25|6|0|4|0|10|14|1|1|0
[Vius2​#16248] Deploy Rocks D. Xebec ["OP17-118">OP17-118]
RZ1|284|2|OP17-118|1|2|2|0|1|1|0|0|0
RZ1|CHK|284|2|25|5|1|4|0|10|14|1|1|0
[Vius2​#16248] Drew card from deck: Gloriosa ["OP17-046">OP17-046]
RZ1|285|2|OP17-046|0|24|1|5|0|1|0|0|0
RZ1|CHK|285|2|24|6|1|4|0|10|14|1|1|0
[Vius2​#16248] Rocks D. Xebec ["OP17-118">OP17-118]: Draw 1 Card
RZ1|286|2|OP17-048|1|3|2|1|1|1|0|0|0
RZ1|CHK|286|2|24|5|2|4|0|10|14|1|1|0
[Vius2​#16248] Rocks D. Xebec ["OP17-118">OP17-118]: Deploy Shiki ["OP17-048">OP17-048]
[Vius2​#16248] Shiki ["OP17-048">OP17-048] attacking Captain John ["OP17-044">OP17-044]
RZ1|287|2|OP17-057|1|0|6|14|1|1|0|0|0
RZ1|CHK|287|2|24|4|2|4|0|10|15|1|1|0
[Vius2​#16248] Shiki ["OP17-048">OP17-048]: Trash Fullalead ["OP17-057">OP17-057]
[Vius2​#16248] Shiki ["OP17-048">OP17-048]: Buff Captain John ["OP17-044">OP17-044] -3000
RZ1|288|1|OP17-044|2|0|6|12|1|1|0|0|0
RZ1|CHK|288|1|26|2|4|4|0|10|13|1|1|0
Shiki ["OP17-048">OP17-048][9000] vs Captain John ["OP17-044">OP17-044][3000]
[Karlmalone​#2854] Captain John ["OP17-044">OP17-044] Destroyed
[Vius2​#16248] Rocks D. Xebec ["OP17-039">OP17-039] attacking Rocks D. Xebec ["OP17-039">OP17-039]
RZ1|289|2|OP17-049|1|1|6|15|1|1|0|0|0
RZ1|CHK|289|2|24|3|2|4|0|10|16|1|1|0
[Vius2​#16248] Rocks D. Xebec ["OP17-039">OP17-039]: Trash Charlotte Linlin ["OP17-049">OP17-049]
RZ1|290|2|OP17-054|0|23|0|23|0|0|0|0|0
RZ1|CHK|290|2|24|3|2|4|0|10|16|1|1|0
[Vius2​#16248] Rocks D. Xebec ["OP17-039">OP17-039] revealed: Stussy ["OP17-054">OP17-054]
[Vius2​#16248] Drew card from deck: Stussy ["OP17-054">OP17-054]
RZ1|291|2|OP17-054|0|23|1|3|0|1|0|0|0
RZ1|CHK|291|2|23|4|2|4|0|10|16|1|1|0
[Vius2​#16248] Drew card from deck: Wang Zhi ["OP17-041">OP17-041]
RZ1|292|2|OP17-041|0|22|1|4|0|1|0|0|0
RZ1|CHK|292|2|22|5|2|4|0|10|16|1|1|0
[Vius2​#16248] Rocks D. Xebec ["OP17-039">OP17-039]: Draw 2 Card
RZ1|293|1|OP17-052|1|1|6|13|1|1|0|0|0
RZ1|CHK|293|1|26|1|4|4|0|10|14|1|1|0
[Karlmalone​#2854] Fullalead ["OP17-057">OP17-057]: Rest Fullalead ["OP17-057">OP17-057]
[Karlmalone​#2854] Fullalead ["OP17-057">OP17-057]: Trash Don Marlon ["OP17-052">OP17-052]
[Karlmalone​#2854] Fullalead ["OP17-057">OP17-057]: Buff Rocks D. Xebec ["OP17-039">OP17-039] 1000 for the Combat
Rocks D. Xebec ["OP17-039">OP17-039][5000] vs Rocks D. Xebec ["OP17-039">OP17-039][6000]
Attack Fails
[Vius2​#16248] End Turn
[Karlmalone​#2854] Hand: [OP17-118]
[Karlmalone​#2854] Board: [OP17-040,OP17-118,OP17-049,OP17-054]
[Karlmalone​#2854] Trash: [OP17-045,OP17-054,OP17-043,OP17-045,OP17-044,OP17-055,OP17-053,OP17-042,OP17-040,OP17-055,OP17-055,OP17-056,OP17-044,OP17-052]
[Karlmalone​#2854] Life: 4
[Vius2​#16248] Hand: [OP17-054,OP17-056,OP17-046,OP17-054,OP17-041]
[Vius2​#16248] Trash: [OP17-053,OP17-050,OP17-045,OP17-055,OP17-042,OP17-050,OP17-045,OP17-052,OP17-055,OP17-055,OP17-046,OP17-045,OP17-043,OP17-049,OP17-057,OP17-049]
[Vius2​#16248] Board: [OP17-118,OP17-048]
[Vius2​#16248] Life: 4
[Karlmalone​#2854] Drew card from deck: Shiki ["OP17-048">OP17-048]
RZ1|294|1|OP17-048|0|25|1|1|1|1|0|0|0
RZ1|CHK|294|1|25|2|4|4|0|10|14|1|1|0
[Karlmalone​#2854] Draw 1 Card
RZ1|295|1|Don|5|0|5|0|1|1|1|0|0
RZ1|CHK|295|1|25|2|4|4|0|10|14|1|1|0
RZ1|296|1|Don|5|1|5|1|1|1|1|0|0
RZ1|CHK|296|1|25|2|4|4|0|10|14|1|1|0
RZ1|297|1|Don|5|2|5|2|1|1|1|0|0
RZ1|CHK|297|1|25|2|4|4|0|10|14|1|1|0
RZ1|298|1|Don|5|3|5|3|1|1|1|0|0
RZ1|CHK|298|1|25|2|4|4|0|10|14|1|1|0
RZ1|299|1|Don|5|4|5|4|1|1|1|0|0
RZ1|CHK|299|1|25|2|4|4|0|10|14|1|1|0
RZ1|300|1|Don|5|5|5|5|1|1|1|0|0
RZ1|CHK|300|1|25|2|4|4|0|10|14|1|1|0
RZ1|301|1|Don|5|6|5|6|1|1|1|0|0
RZ1|CHK|301|1|25|2|4|4|0|10|14|1|1|0
RZ1|302|1|OP17-048|1|1|2|4|1|1|0|0|0
RZ1|CHK|302|1|25|1|5|4|0|10|14|1|1|0
[Karlmalone​#2854] Deploy Shiki ["OP17-048">OP17-048]
[Karlmalone​#2854] Shiki ["OP17-048">OP17-048] attacking Shiki ["OP17-048">OP17-048]
RZ1|303|2|OP17-041|1|4|6|16|1|1|0|0|0
RZ1|CHK|303|2|22|4|2|4|0|10|17|1|1|0
[Vius2​#16248] Shiki ["OP17-048">OP17-048]: Trash Wang Zhi ["OP17-041">OP17-041]
[Vius2​#16248] Shiki ["OP17-048">OP17-048]: Buff Charlotte Linlin ["OP17-049">OP17-049] -3000
RZ1|304|2|OP17-048|2|1|6|17|1|1|0|0|0
RZ1|CHK|304|2|22|4|1|4|0|10|18|1|1|0
Shiki ["OP17-048">OP17-048][9000] vs Shiki ["OP17-048">OP17-048][9000]
[Vius2​#16248] Shiki ["OP17-048">OP17-048] Destroyed
RZ1|305|1|Don|5|9|9|9900|1|1|0|0|0
RZ1|CHK|305|1|25|1|5|4|0|9|14|1|1|1
[Karlmalone​#2854] Attach 1 Don to Rocks D. Xebec ["OP17-039">OP17-039] (1 Total)
RZ1|306|1|Don|5|8|9|9901|1|1|0|0|0
RZ1|CHK|306|1|25|1|5|4|0|8|14|1|1|2
[Karlmalone​#2854] Attach 1 Don to Rocks D. Xebec ["OP17-039">OP17-039] (2 Total)
RZ1|307|1|Don|5|7|9|9902|1|1|0|0|0
RZ1|CHK|307|1|25|1|5|4|0|7|14|1|1|3
[Karlmalone​#2854] Attach 1 Don to Rocks D. Xebec ["OP17-039">OP17-039] (3 Total)
[Karlmalone​#2854] Rocks D. Xebec ["OP17-039">OP17-039] attacking Rocks D. Xebec ["OP17-039">OP17-039]
RZ1|308|2|OP17-048|3|3|1|4|0|1|0|0|0
RZ1|CHK|308|2|22|5|1|3|0|10|18|1|1|0
Rocks D. Xebec ["OP17-039">OP17-039][8000] vs Rocks D. Xebec ["OP17-039">OP17-039][5000]
Rocks D. Xebec ["OP17-039">OP17-039] hit for 1 damage
[Karlmalone​#2854] Stussy ["OP17-054">OP17-054] attacking Rocks D. Xebec ["OP17-039">OP17-039]
[Vius2​#16248] Fullalead ["OP17-057">OP17-057]: Rest Fullalead ["OP17-057">OP17-057]
RZ1|309|2|OP17-048|1|4|6|18|1|1|0|0|0
RZ1|CHK|309|2|22|4|1|3|0|10|19|1|1|0
[Vius2​#16248] Fullalead ["OP17-057">OP17-057]: Trash Shiki ["OP17-048">OP17-048]
[Vius2​#16248] Fullalead ["OP17-057">OP17-057]: Buff Rocks D. Xebec ["OP17-039">OP17-039] 1000 for the Combat
Stussy ["OP17-054">OP17-054][5000] vs Rocks D. Xebec ["OP17-039">OP17-039][6000]
Attack Fails
[Karlmalone​#2854] Edward Newgate ["OP17-040">OP17-040] attacking Rocks D. Xebec ["OP17-039">OP17-039]
RZ1|310|2|OP17-048|3|2|1|4|0|1|0|0|0
RZ1|CHK|310|2|22|5|1|2|0|10|19|1|1|0
Edward Newgate ["OP17-040">OP17-040][8000] vs Rocks D. Xebec ["OP17-039">OP17-039][5000]
Rocks D. Xebec ["OP17-039">OP17-039] hit for 1 damage
[Karlmalone​#2854] Rocks D. Xebec ["OP17-118">OP17-118] attacking Rocks D. Xebec ["OP17-039">OP17-039]
RZ1|311|2|OP17-045|3|1|1|5|0|1|0|0|0
RZ1|CHK|311|2|22|6|1|1|0|10|19|1|1|0
Rocks D. Xebec ["OP17-118">OP17-118][12000] vs Rocks D. Xebec ["OP17-039">OP17-039][5000]
Rocks D. Xebec ["OP17-039">OP17-039] hit for 1 damage
[Karlmalone​#2854] Hand: [OP17-118]
[Karlmalone​#2854] Board: [OP17-040,OP17-118,OP17-049,OP17-054,OP17-048]
[Karlmalone​#2854] Trash: [OP17-045,OP17-054,OP17-043,OP17-045,OP17-044,OP17-055,OP17-053,OP17-042,OP17-040,OP17-055,OP17-055,OP17-056,OP17-044,OP17-052]
[Karlmalone​#2854] Life: 4
[Vius2​#16248] Hand: [OP17-054,OP17-056,OP17-046,OP17-054,OP17-048,OP17-045]
[Vius2​#16248] Trash: [OP17-053,OP17-050,OP17-045,OP17-055,OP17-042,OP17-050,OP17-045,OP17-052,OP17-055,OP17-055,OP17-046,OP17-045,OP17-043,OP17-049,OP17-057,OP17-049,OP17-041,OP17-048,OP17-048]
[Vius2​#16248] Board: [OP17-118]
[Vius2​#16248] Life: 1
[Karlmalone​#2854] End Turn
[Vius2​#16248] Draw 1 Card
[Vius2​#16248] Drew card from deck: Rocks D. Xebec ["OP17-118">OP17-118]
RZ1|312|2|OP17-118|0|21|1|6|0|1|0|0|0
RZ1|CHK|312|2|21|7|1|1|0|10|19|1|1|0
RZ1|313|2|Don|5|0|5|0|1|1|1|0|0
RZ1|CHK|313|2|21|7|1|1|0|10|19|1|1|0
RZ1|314|2|Don|5|1|5|1|1|1|1|0|0
RZ1|CHK|314|2|21|7|1|1|0|10|19|1|1|0
RZ1|315|2|Don|5|2|5|2|1|1|1|0|0
RZ1|CHK|315|2|21|7|1|1|0|10|19|1|1|0
[Vius2​#16248] Deploy Stussy ["OP17-054">OP17-054]
RZ1|316|2|OP17-054|1|3|2|1|1|1|0|0|0
RZ1|CHK|316|2|21|6|2|1|0|10|19|1|1|0
[Vius2​#16248] Stussy ["OP17-054">OP17-054]: Charlotte Linlin ["OP17-049">OP17-049] can't attack next turn
[Vius2​#16248] Stussy ["OP17-054">OP17-054]: Rest 3 Don
RZ1|317|2|Don|5|3|5|3|1|1|1|0|0
RZ1|CHK|317|2|21|6|2|1|0|10|19|1|1|0
RZ1|318|2|Don|5|4|5|4|1|1|1|0|0
RZ1|CHK|318|2|21|6|2|1|0|10|19|1|1|0
RZ1|319|2|Don|5|5|5|5|1|1|1|0|0
RZ1|CHK|319|2|21|6|2|1|0|10|19|1|1|0
[Vius2​#16248] Stussy ["OP17-054">OP17-054]: Rest Stussy ["OP17-054">OP17-054]
[Vius2​#16248] Stussy ["OP17-054">OP17-054]: Rocks D. Xebec ["OP17-118">OP17-118] can't attack next turn
[Vius2​#16248] Rocks D. Xebec ["OP17-118">OP17-118] attacking Edward Newgate ["OP17-040">OP17-040]
RZ1|320|1|OP17-040|2|0|6|14|1|1|0|0|0
RZ1|CHK|320|1|25|1|4|4|0|7|15|1|1|3
Rocks D. Xebec ["OP17-118">OP17-118][12000] vs Edward Newgate ["OP17-040">OP17-040][8000]
[Karlmalone​#2854] Edward Newgate ["OP17-040">OP17-040] Destroyed
RZ1|321|2|Don|5|6|5|6|1|1|1|0|0
RZ1|CHK|321|2|21|6|2|1|0|10|19|1|1|0
RZ1|322|2|Don|5|7|5|7|1|1|1|0|0
RZ1|CHK|322|2|21|6|2|1|0|10|19|1|1|0
RZ1|323|2|Don|5|8|5|8|1|1|1|0|0
RZ1|CHK|323|2|21|6|2|1|0|10|19|1|1|0
RZ1|324|2|Don|5|9|5|9|1|1|1|0|0
RZ1|CHK|324|2|21|6|2|1|0|10|19|1|1|0
[Vius2​#16248] Deploy Gloriosa ["OP17-046">OP17-046]
RZ1|325|2|OP17-046|1|2|2|2|1|1|0|0|0
RZ1|CHK|325|2|21|5|3|1|0|10|19|1|1|0
[Vius2​#16248] Gloriosa ["OP17-046">OP17-046]: Send Stussy ["OP17-054">OP17-054] to Deck Bottom
RZ1|326|1|OP17-054|2|2|0|0|0|0|1|0|0
RZ1|CHK|326|1|26|1|3|4|0|7|15|1|1|3
[Vius2​#16248] Rocks D. Xebec ["OP17-039">OP17-039] attacking Rocks D. Xebec ["OP17-039">OP17-039]
RZ1|327|2|OP17-045|1|3|6|19|1|1|0|0|0
RZ1|CHK|327|2|21|4|3|1|0|10|20|1|1|0
[Vius2​#16248] Rocks D. Xebec ["OP17-039">OP17-039]: Trash Kyo ["OP17-045">OP17-045]
RZ1|328|2|OP17-053|0|20|0|20|0|0|0|0|0
RZ1|CHK|328|2|21|4|3|1|0|10|20|1|1|0
[Vius2​#16248] Rocks D. Xebec ["OP17-039">OP17-039] revealed: Barbell ["OP17-053">OP17-053]
[Vius2​#16248] Drew card from deck: Barbell ["OP17-053">OP17-053]
RZ1|329|2|OP17-053|0|20|1|4|0|1|0|0|0
RZ1|CHK|329|2|20|5|3|1|0|10|20|1|1|0
[Vius2​#16248] Drew card from deck: Streusen ["OP17-050">OP17-050]
RZ1|330|2|OP17-050|0|19|1|5|0|1|0|0|0
RZ1|CHK|330|2|19|6|3|1|0|10|20|1|1|0
[Vius2​#16248] Rocks D. Xebec ["OP17-039">OP17-039]: Draw 2 Card
RZ1|331|1|OP17-042|3|3|1|1|1|1|0|0|0
RZ1|CHK|331|1|26|2|3|3|0|7|15|1|1|3
Rocks D. Xebec ["OP17-039">OP17-039][5000] vs Rocks D. Xebec ["OP17-039">OP17-039][5000]
Rocks D. Xebec ["OP17-039">OP17-039] hit for 1 damage
[Vius2​#16248] End Turn
[Karlmalone​#2854] Hand: [OP17-118,OP17-042]
[Karlmalone​#2854] Board: [OP17-118,OP17-049,OP17-048]
[Karlmalone​#2854] Trash: [OP17-045,OP17-054,OP17-043,OP17-045,OP17-044,OP17-055,OP17-053,OP17-042,OP17-040,OP17-055,OP17-055,OP17-056,OP17-044,OP17-052,OP17-040]
[Karlmalone​#2854] Life: 3
[Vius2​#16248] Hand: [OP17-054,OP17-056,OP17-048,OP17-118,OP17-053,OP17-050]
[Vius2​#16248] Trash: [OP17-053,OP17-050,OP17-045,OP17-055,OP17-042,OP17-050,OP17-045,OP17-052,OP17-055,OP17-055,OP17-046,OP17-045,OP17-043,OP17-049,OP17-057,OP17-049,OP17-041,OP17-048,OP17-048,OP17-045]
[Vius2​#16248] Board: [OP17-118,OP17-054,OP17-046]
[Vius2​#16248] Life: 1
RZ1|332|1|Don|9|9900|5|0|1|1|1|0|0
RZ1|CHK|332|1|26|2|3|3|0|8|15|1|1|2
RZ1|333|1|Don|9|9900|5|0|1|1|1|0|0
RZ1|CHK|333|1|26|2|3|3|0|9|15|1|1|1
RZ1|334|1|Don|9|9900|5|0|1|1|1|0|0
RZ1|CHK|334|1|26|2|3|3|0|10|15|1|1|0
[Karlmalone​#2854] Drew card from deck: Stussy ["OP17-054">OP17-054]
RZ1|335|1|OP17-054|0|25|1|2|1|1|0|0|0
RZ1|CHK|335|1|25|3|3|3|0|10|15|1|1|0
[Karlmalone​#2854] Draw 1 Card
RZ1|336|1|Don|5|9|9|200|1|1|0|0|0
RZ1|CHK|336|1|25|3|3|3|0|9|15|1|1|1
[Karlmalone​#2854] Attach 1 Don to Shiki ["OP17-048">OP17-048] (1 Total)
RZ1|337|1|Don|5|8|9|201|1|1|0|0|0
RZ1|CHK|337|1|25|3|3|3|0|8|15|1|1|2
[Karlmalone​#2854] Attach 1 Don to Shiki ["OP17-048">OP17-048] (2 Total)
RZ1|338|1|Don|5|7|9|202|1|1|0|0|0
RZ1|CHK|338|1|25|3|3|3|0|7|15|1|1|3
[Karlmalone​#2854] Attach 1 Don to Shiki ["OP17-048">OP17-048] (3 Total)
RZ1|339|1|Don|5|6|9|203|1|1|0|0|0
RZ1|CHK|339|1|25|3|3|3|0|6|15|1|1|4
[Karlmalone​#2854] Attach 1 Don to Shiki ["OP17-048">OP17-048] (4 Total)
RZ1|340|1|Don|5|5|9|204|1|1|0|0|0
RZ1|CHK|340|1|25|3|3|3|0|5|15|1|1|5
[Karlmalone​#2854] Attach 1 Don to Shiki ["OP17-048">OP17-048] (5 Total)
[Karlmalone​#2854] Shiki ["OP17-048">OP17-048] attacking Rocks D. Xebec ["OP17-039">OP17-039]
RZ1|341|1|OP17-054|1|2|6|15|1|1|0|0|0
RZ1|CHK|341|1|25|2|3|3|0|5|16|1|1|5
[Karlmalone​#2854] Shiki ["OP17-048">OP17-048]: Trash Stussy ["OP17-054">OP17-054]
[Karlmalone​#2854] Shiki ["OP17-048">OP17-048]: Buff Rocks D. Xebec ["OP17-118">OP17-118] -3000
[Vius2​#16248] Gloriosa ["OP17-046">OP17-046] Blocks
RZ1|342|2|OP17-046|2|2|6|20|1|1|0|0|0
RZ1|CHK|342|2|19|6|2|1|0|10|21|1|1|0
Shiki ["OP17-048">OP17-048][14000] vs Gloriosa ["OP17-046">OP17-046][1000]
[Vius2​#16248] Gloriosa ["OP17-046">OP17-046] Destroyed
RZ1|343|1|Don|5|4|9|9900|1|1|0|0|0
RZ1|CHK|343|1|25|2|3|3|0|4|16|1|1|6
RZ1|344|1|Don|5|3|9|9901|1|1|0|0|0
RZ1|CHK|344|1|25|2|3|3|0|3|16|1|1|7
RZ1|345|1|Don|5|2|9|9902|1|1|0|0|0
RZ1|CHK|345|1|25|2|3|3|0|2|16|1|1|8
RZ1|346|1|Don|5|1|9|9903|1|1|0|0|0
RZ1|CHK|346|1|25|2|3|3|0|1|16|1|1|9
RZ1|347|1|Don|5|0|9|9904|1|1|0|0|0
RZ1|CHK|347|1|25|2|3|3|0|0|16|1|1|10
[Karlmalone​#2854] Attach 5 Don to Rocks D. Xebec ["OP17-039">OP17-039] (5 Total)
[Karlmalone​#2854] Rocks D. Xebec ["OP17-039">OP17-039] attacking Rocks D. Xebec ["OP17-118">OP17-118]
RZ1|348|1|OP17-042|1|1|6|16|1|1|0|0|0
RZ1|CHK|348|1|25|1|3|3|0|0|17|1|1|10
RZ1|349|1|OP17-046|0|24|0|24|0|0|0|0|0
RZ1|CHK|349|1|25|1|3|3|0|0|17|1|1|10
[Karlmalone​#2854] Rocks D. Xebec ["OP17-039">OP17-039]: Trash Kaido ["OP17-042">OP17-042]
[Karlmalone​#2854] Rocks D. Xebec ["OP17-039">OP17-039] revealed: Gloriosa ["OP17-046">OP17-046]
[Karlmalone​#2854] Drew card from deck: Gloriosa ["OP17-046">OP17-046]
RZ1|350|1|OP17-046|0|24|1|1|1|1|0|0|0
RZ1|CHK|350|1|24|2|3|3|0|0|17|1|1|10
[Karlmalone​#2854] Drew card from deck: There's No Authority in the World ["OP17-055">OP17-055]
RZ1|351|1|OP17-055|0|23|1|2|1|1|0|0|0
RZ1|CHK|351|1|23|3|3|3|0|0|17|1|1|10
[Karlmalone​#2854] Rocks D. Xebec ["OP17-039">OP17-039]: Draw 2 Card
[Vius2​#16248] Rocks Pirates ["OP17-056">OP17-056]: Activate Counter
RZ1|352|2|OP17-056|1|1|6|21|1|1|0|0|0
RZ1|CHK|352|2|19|5|2|1|0|10|22|1|1|0
[Vius2​#16248] Rocks Pirates ["OP17-056">OP17-056]: Buff Rocks D. Xebec ["OP17-118">OP17-118] 2000 for the Combat
Rocks D. Xebec ["OP17-039">OP17-039][10000] vs Rocks D. Xebec ["OP17-118">OP17-118][11000]
Attack Fails
[Karlmalone​#2854] Hand: [OP17-118,OP17-046,OP17-055]
[Karlmalone​#2854] Board: [OP17-118,OP17-049,OP17-048]
[Karlmalone​#2854] Trash: [OP17-045,OP17-054,OP17-043,OP17-045,OP17-044,OP17-055,OP17-053,OP17-042,OP17-040,OP17-055,OP17-055,OP17-056,OP17-044,OP17-052,OP17-040,OP17-054,OP17-042]
[Karlmalone​#2854] Life: 3
[Vius2​#16248] Hand: [OP17-054,OP17-048,OP17-118,OP17-053,OP17-050]
[Vius2​#16248] Trash: [OP17-053,OP17-050,OP17-045,OP17-055,OP17-042,OP17-050,OP17-045,OP17-052,OP17-055,OP17-055,OP17-046,OP17-045,OP17-043,OP17-049,OP17-057,OP17-049,OP17-041,OP17-048,OP17-048,OP17-045,OP17-046,OP17-056]
[Vius2​#16248] Board: [OP17-118,OP17-054]
[Vius2​#16248] Life: 1
[Karlmalone​#2854] Rocks D. Xebec ["OP17-118">OP17-118] is no longer blocked from attacking
[Karlmalone​#2854] Charlotte Linlin ["OP17-049">OP17-049] is no longer blocked from attacking
[Karlmalone​#2854] End Turn
[Vius2​#16248] Draw 1 Card
[Vius2​#16248] Drew card from deck: Don Marlon ["OP17-052">OP17-052]
RZ1|353|2|OP17-052|0|18|1|5|0|1|0|0|0
RZ1|CHK|353|2|18|6|2|1|0|10|22|1|1|0
[Vius2​#16248] Stussy ["OP17-054">OP17-054]: Rest 3 Don
RZ1|354|2|Don|5|0|5|0|1|1|1|0|0
RZ1|CHK|354|2|18|6|2|1|0|10|22|1|1|0
RZ1|355|2|Don|5|1|5|1|1|1|1|0|0
RZ1|CHK|355|2|18|6|2|1|0|10|22|1|1|0
RZ1|356|2|Don|5|2|5|2|1|1|1|0|0
RZ1|CHK|356|2|18|6|2|1|0|10|22|1|1|0
[Vius2​#16248] Stussy ["OP17-054">OP17-054]: Rest Stussy ["OP17-054">OP17-054]
[Vius2​#16248] Stussy ["OP17-054">OP17-054]: Rocks D. Xebec ["OP17-118">OP17-118] can't attack next turn
RZ1|357|2|Don|5|3|5|3|1|1|1|0|0
RZ1|CHK|357|2|18|6|2|1|0|10|22|1|1|0
RZ1|358|2|Don|5|4|5|4|1|1|1|0|0
RZ1|CHK|358|2|18|6|2|1|0|10|22|1|1|0
RZ1|359|2|Don|5|5|5|5|1|1|1|0|0
RZ1|CHK|359|2|18|6|2|1|0|10|22|1|1|0
[Vius2​#16248] Deploy Stussy ["OP17-054">OP17-054]
RZ1|360|2|OP17-054|1|0|2|2|1|1|0|0|0
RZ1|CHK|360|2|18|5|3|1|0|10|22|1|1|0
[Vius2​#16248] Stussy ["OP17-054">OP17-054]: Charlotte Linlin ["OP17-049">OP17-049] can't attack next turn
[Vius2​#16248] Attach 4 Don to Rocks D. Xebec ["OP17-118">OP17-118] (4 Total)
RZ1|361|2|Don|5|9|9|0|1|1|0|0|0
RZ1|CHK|361|2|18|5|3|1|0|9|22|1|1|1
RZ1|362|2|Don|5|8|9|1|1|1|0|0|0
RZ1|CHK|362|2|18|5|3|1|0|8|22|1|1|2
RZ1|363|2|Don|5|7|9|2|1|1|0|0|0
RZ1|CHK|363|2|18|5|3|1|0|7|22|1|1|3
RZ1|364|2|Don|5|6|9|3|1|1|0|0|0
RZ1|CHK|364|2|18|5|3|1|0|6|22|1|1|4
[Vius2​#16248] Rocks D. Xebec ["OP17-118">OP17-118] attacking Shiki ["OP17-048">OP17-048]
RZ1|365|1|Don|9|200|5|0|1|1|1|0|0
RZ1|CHK|365|1|23|3|3|3|0|1|17|1|1|9
RZ1|366|1|Don|9|200|5|0|1|1|1|0|0
RZ1|CHK|366|1|23|3|3|3|0|2|17|1|1|8
RZ1|367|1|Don|9|200|5|0|1|1|1|0|0
RZ1|CHK|367|1|23|3|3|3|0|3|17|1|1|7
RZ1|368|1|Don|9|200|5|0|1|1|1|0|0
RZ1|CHK|368|1|23|3|3|3|0|4|17|1|1|6
RZ1|369|1|Don|9|200|5|0|1|1|1|0|0
RZ1|CHK|369|1|23|3|3|3|0|5|17|1|1|5
RZ1|370|1|OP17-048|2|2|6|17|1|1|0|0|0
RZ1|CHK|370|1|23|3|2|3|0|5|18|1|1|5
Rocks D. Xebec ["OP17-118">OP17-118][16000] vs Shiki ["OP17-048">OP17-048][9000]
[Karlmalone​#2854] Shiki ["OP17-048">OP17-048] Destroyed
[Vius2​#16248] Rocks D. Xebec ["OP17-039">OP17-039] attacking Rocks D. Xebec ["OP17-039">OP17-039]
RZ1|371|2|OP17-050|1|3|6|22|1|1|0|0|0
RZ1|CHK|371|2|18|4|3|1|0|6|23|1|1|4
[Vius2​#16248] Rocks D. Xebec ["OP17-039">OP17-039]: Trash Streusen ["OP17-050">OP17-050]
RZ1|372|2|OP17-055|0|17|0|17|0|0|0|0|0
RZ1|CHK|372|2|18|4|3|1|0|6|23|1|1|4
[Vius2​#16248] Rocks D. Xebec ["OP17-039">OP17-039] revealed: There's No Authority in the World ["OP17-055">OP17-055]
[Vius2​#16248] Drew card from deck: There's No Authority in the World ["OP17-055">OP17-055]
RZ1|373|2|OP17-055|0|17|1|4|0|1|0|0|0
RZ1|CHK|373|2|17|5|3|1|0|6|23|1|1|4
[Vius2​#16248] Drew card from deck: Rocks Pirates ["OP17-056">OP17-056]
RZ1|374|2|OP17-056|0|16|1|5|0|1|0|0|0
RZ1|CHK|374|2|16|6|3|1|0|6|23|1|1|4
[Vius2​#16248] Rocks D. Xebec ["OP17-039">OP17-039]: Draw 2 Card
RZ1|375|1|OP17-046|1|1|6|18|1|1|0|0|0
RZ1|CHK|375|1|23|2|2|3|0|5|19|1|1|5
[Karlmalone​#2854] Fullalead ["OP17-057">OP17-057]: Rest Fullalead ["OP17-057">OP17-057]
[Karlmalone​#2854] Fullalead ["OP17-057">OP17-057]: Trash Gloriosa ["OP17-046">OP17-046]
[Karlmalone​#2854] Fullalead ["OP17-057">OP17-057]: Buff Rocks D. Xebec ["OP17-039">OP17-039] 1000 for the Combat
Rocks D. Xebec ["OP17-039">OP17-039][5000] vs Rocks D. Xebec ["OP17-039">OP17-039][6000]
Attack Fails
[Vius2​#16248] End Turn
[Karlmalone​#2854] Hand: [OP17-118,OP17-055]
[Karlmalone​#2854] Board: [OP17-118,OP17-049]
[Karlmalone​#2854] Trash: [OP17-045,OP17-054,OP17-043,OP17-045,OP17-044,OP17-055,OP17-053,OP17-042,OP17-040,OP17-055,OP17-055,OP17-056,OP17-044,OP17-052,OP17-040,OP17-054,OP17-042,OP17-048,OP17-046]
[Karlmalone​#2854] Life: 3
[Vius2​#16248] Hand: [OP17-048,OP17-118,OP17-053,OP17-052,OP17-055,OP17-056]
[Vius2​#16248] Trash: [OP17-053,OP17-050,OP17-045,OP17-055,OP17-042,OP17-050,OP17-045,OP17-052,OP17-055,OP17-055,OP17-046,OP17-045,OP17-043,OP17-049,OP17-057,OP17-049,OP17-041,OP17-048,OP17-048,OP17-045,OP17-046,OP17-056,OP17-050]
[Vius2​#16248] Board: [OP17-118,OP17-054,OP17-054]
[Vius2​#16248] Life: 1
RZ1|376|1|Don|9|9900|5|0|1|1|1|0|0
RZ1|CHK|376|1|23|2|2|3|0|6|19|1|1|4
RZ1|377|1|Don|9|9900|5|0|1|1|1|0|0
RZ1|CHK|377|1|23|2|2|3|0|7|19|1|1|3
RZ1|378|1|Don|9|9900|5|0|1|1|1|0|0
RZ1|CHK|378|1|23|2|2|3|0|8|19|1|1|2
RZ1|379|1|Don|9|9900|5|0|1|1|1|0|0
RZ1|CHK|379|1|23|2|2|3|0|9|19|1|1|1
RZ1|380|1|Don|9|9900|5|0|1|1|1|0|0
RZ1|CHK|380|1|23|2|2|3|0|10|19|1|1|0
[Karlmalone​#2854] Drew card from deck: Kaido ["OP17-042">OP17-042]
RZ1|381|1|OP17-042|0|22|1|2|1|1|0|0|0
RZ1|CHK|381|1|22|3|2|3|0|10|19|1|1|0
[Karlmalone​#2854] Draw 1 Card
[Karlmalone​#2854] Rocks D. Xebec ["OP17-039">OP17-039] attacking Rocks D. Xebec ["OP17-039">OP17-039]
RZ1|382|1|OP17-042|1|2|6|19|1|1|0|0|0
RZ1|CHK|382|1|22|2|2|3|0|10|20|1|1|0
RZ1|383|1|OP17-049|0|21|0|21|0|0|0|0|0
RZ1|CHK|383|1|22|2|2|3|0|10|20|1|1|0
[Karlmalone​#2854] Rocks D. Xebec ["OP17-039">OP17-039]: Trash Kaido ["OP17-042">OP17-042]
[Karlmalone​#2854] Rocks D. Xebec ["OP17-039">OP17-039] revealed: Charlotte Linlin ["OP17-049">OP17-049]
[Karlmalone​#2854] Drew card from deck: Charlotte Linlin ["OP17-049">OP17-049]
RZ1|384|1|OP17-049|0|21|1|2|1|1|0|0|0
RZ1|CHK|384|1|21|3|2|3|0|10|20|1|1|0
[Karlmalone​#2854] Drew card from deck: Rocks Pirates ["OP17-056">OP17-056]
RZ1|385|1|OP17-056|0|20|1|3|1|1|0|0|0
RZ1|CHK|385|1|20|4|2|3|0|10|20|1|1|0
[Karlmalone​#2854] Rocks D. Xebec ["OP17-039">OP17-039]: Draw 2 Card
[Vius2​#16248] Fullalead ["OP17-057">OP17-057]: Rest Fullalead ["OP17-057">OP17-057]
RZ1|386|2|OP17-052|1|3|6|23|1|1|0|0|0
RZ1|CHK|386|2|16|5|3|1|0|6|24|1|1|4
[Vius2​#16248] Fullalead ["OP17-057">OP17-057]: Trash Don Marlon ["OP17-052">OP17-052]
[Vius2​#16248] Fullalead ["OP17-057">OP17-057]: Buff Rocks D. Xebec ["OP17-039">OP17-039] 1000 for the Combat
Rocks D. Xebec ["OP17-039">OP17-039][5000] vs Rocks D. Xebec ["OP17-039">OP17-039][6000]
Attack Fails
RZ1|387|1|Don|5|0|5|0|1|1|1|0|0
RZ1|CHK|387|1|20|4|2|3|0|10|20|1|1|0
RZ1|388|1|Don|5|1|5|1|1|1|1|0|0
RZ1|CHK|388|1|20|4|2|3|0|10|20|1|1|0
RZ1|389|1|Don|5|2|5|2|1|1|1|0|0
RZ1|CHK|389|1|20|4|2|3|0|10|20|1|1|0
RZ1|390|1|Don|5|3|5|3|1|1|1|0|0
RZ1|CHK|390|1|20|4|2|3|0|10|20|1|1|0
RZ1|391|1|Don|5|4|5|4|1|1|1|0|0
RZ1|CHK|391|1|20|4|2|3|0|10|20|1|1|0
RZ1|392|1|Don|5|5|5|5|1|1|1|0|0
RZ1|CHK|392|1|20|4|2|3|0|10|20|1|1|0
RZ1|393|1|Don|5|6|5|6|1|1|1|0|0
RZ1|CHK|393|1|20|4|2|3|0|10|20|1|1|0
RZ1|394|1|Don|5|7|5|7|1|1|1|0|0
RZ1|CHK|394|1|20|4|2|3|0|10|20|1|1|0
RZ1|395|1|Don|5|8|5|8|1|1|1|0|0
RZ1|CHK|395|1|20|4|2|3|0|10|20|1|1|0
RZ1|396|1|Don|5|9|5|9|1|1|1|0|0
RZ1|CHK|396|1|20|4|2|3|0|10|20|1|1|0
RZ1|397|1|OP17-118|1|0|2|2|1|1|0|0|0
RZ1|CHK|397|1|20|3|3|3|0|10|20|1|1|0
[Karlmalone​#2854] Drew card from deck: Edward Newgate ["OP17-040">OP17-040]
RZ1|398|1|OP17-040|0|19|1|3|1|1|0|0|0
RZ1|CHK|398|1|19|4|3|3|0|10|20|1|1|0
[Karlmalone​#2854] Deploy Rocks D. Xebec ["OP17-118">OP17-118]
[Karlmalone​#2854] Rocks D. Xebec ["OP17-118">OP17-118]: Draw 1 Card
RZ1|399|1|OP17-040|1|3|2|3|1|1|0|0|0
RZ1|CHK|399|1|19|3|4|3|0|10|20|1|1|0
[Karlmalone​#2854] Rocks D. Xebec ["OP17-118">OP17-118]: Deploy Edward Newgate ["OP17-040">OP17-040]
[Karlmalone​#2854] Drew card from deck: Ganzui ["OP17-043">OP17-043]
RZ1|400|1|OP17-043|0|18|1|3|1|1|0|0|0
RZ1|CHK|400|1|18|4|4|3|0|10|20|1|1|0
[Karlmalone​#2854] Edward Newgate ["OP17-040">OP17-040]: Draw 1 Card
[Karlmalone​#2854] Hand: [OP17-055,OP17-049,OP17-056,OP17-043]
[Karlmalone​#2854] Board: [OP17-118,OP17-049,OP17-118,OP17-040]
[Karlmalone​#2854] Trash: [OP17-045,OP17-054,OP17-043,OP17-045,OP17-044,OP17-055,OP17-053,OP17-042,OP17-040,OP17-055,OP17-055,OP17-056,OP17-044,OP17-052,OP17-040,OP17-054,OP17-042,OP17-048,OP17-046,OP17-042]
[Karlmalone​#2854] Life: 3
[Vius2​#16248] Hand: [OP17-048,OP17-118,OP17-053,OP17-055,OP17-056]
[Vius2​#16248] Trash: [OP17-053,OP17-050,OP17-045,OP17-055,OP17-042,OP17-050,OP17-045,OP17-052,OP17-055,OP17-055,OP17-046,OP17-045,OP17-043,OP17-049,OP17-057,OP17-049,OP17-041,OP17-048,OP17-048,OP17-045,OP17-046,OP17-056,OP17-050,OP17-052]
[Vius2​#16248] Board: [OP17-118,OP17-054,OP17-054]
[Vius2​#16248] Life: 1
RZ1|401|2|Don|9|0|5|0|1|1|1|0|0
RZ1|CHK|401|2|16|5|3|1|0|7|24|1|1|3
RZ1|402|2|Don|9|0|5|0|1|1|1|0|0
RZ1|CHK|402|2|16|5|3|1|0|8|24|1|1|2
RZ1|403|2|Don|9|0|5|0|1|1|1|0|0
RZ1|CHK|403|2|16|5|3|1|0|9|24|1|1|1
RZ1|404|2|Don|9|0|5|0|1|1|1|0|0
RZ1|CHK|404|2|16|5|3|1|0|10|24|1|1|0
[Karlmalone​#2854] Rocks D. Xebec ["OP17-118">OP17-118] is no longer blocked from attacking
[Karlmalone​#2854] Charlotte Linlin ["OP17-049">OP17-049] is no longer blocked from attacking
[Karlmalone​#2854] End Turn
[Vius2​#16248] Draw 1 Card
[Vius2​#16248] Drew card from deck: Wang Zhi ["OP17-041">OP17-041]
RZ1|405|2|OP17-041|0|15|1|5|0|1|0|0|0
RZ1|CHK|405|2|15|6|3|1|0|10|24|1|1|0
[Vius2​#16248] Rocks D. Xebec ["OP17-039">OP17-039] attacking Rocks D. Xebec ["OP17-039">OP17-039]
RZ1|406|2|OP17-041|1|5|6|24|1|1|0|0|0
RZ1|CHK|406|2|15|5|3|1|0|10|25|1|1|0
[Vius2​#16248] Rocks D. Xebec ["OP17-039">OP17-039]: Trash Wang Zhi ["OP17-041">OP17-041]
RZ1|407|2|OP17-040|0|14|0|14|0|0|0|0|0
RZ1|CHK|407|2|15|5|3|1|0|10|25|1|1|0
[Vius2​#16248] Rocks D. Xebec ["OP17-039">OP17-039] revealed: Edward Newgate ["OP17-040">OP17-040]
[Vius2​#16248] Drew card from deck: Edward Newgate ["OP17-040">OP17-040]
RZ1|408|2|OP17-040|0|14|1|5|0|1|0|0|0
RZ1|CHK|408|2|14|6|3|1|0|10|25|1|1|0
[Vius2​#16248] Drew card from deck: Don Marlon ["OP17-052">OP17-052]
RZ1|409|2|OP17-052|0|13|1|6|0|1|0|0|0
RZ1|CHK|409|2|13|7|3|1|0|10|25|1|1|0
[Vius2​#16248] Rocks D. Xebec ["OP17-039">OP17-039]: Draw 2 Card
RZ1|410|1|OP17-043|1|3|6|20|1|1|0|0|0
RZ1|CHK|410|1|18|3|4|3|0|10|21|1|1|0
[Karlmalone​#2854] Fullalead ["OP17-057">OP17-057]: Rest Fullalead ["OP17-057">OP17-057]
[Karlmalone​#2854] Fullalead ["OP17-057">OP17-057]: Trash Ganzui ["OP17-043">OP17-043]
[Karlmalone​#2854] Fullalead ["OP17-057">OP17-057]: Buff Rocks D. Xebec ["OP17-039">OP17-039] 1000 for the Combat
Rocks D. Xebec ["OP17-039">OP17-039][5000] vs Rocks D. Xebec ["OP17-039">OP17-039][6000]
Attack Fails
[Vius2​#16248] Stussy ["OP17-054">OP17-054]: Rest 3 Don
RZ1|411|2|Don|5|0|5|0|1|1|1|0|0
RZ1|CHK|411|2|13|7|3|1|0|10|25|1|1|0
RZ1|412|2|Don|5|1|5|1|1|1|1|0|0
RZ1|CHK|412|2|13|7|3|1|0|10|25|1|1|0
RZ1|413|2|Don|5|2|5|2|1|1|1|0|0
RZ1|CHK|413|2|13|7|3|1|0|10|25|1|1|0
[Vius2​#16248] Stussy ["OP17-054">OP17-054]: Rest Stussy ["OP17-054">OP17-054]
[Vius2​#16248] Stussy ["OP17-054">OP17-054]: Rocks D. Xebec ["OP17-118">OP17-118] can't attack next turn
[Vius2​#16248] Stussy ["OP17-054">OP17-054]: Rest 3 Don
RZ1|414|2|Don|5|3|5|3|1|1|1|0|0
RZ1|CHK|414|2|13|7|3|1|0|10|25|1|1|0
RZ1|415|2|Don|5|4|5|4|1|1|1|0|0
RZ1|CHK|415|2|13|7|3|1|0|10|25|1|1|0
RZ1|416|2|Don|5|5|5|5|1|1|1|0|0
RZ1|CHK|416|2|13|7|3|1|0|10|25|1|1|0
[Vius2​#16248] Stussy ["OP17-054">OP17-054]: Rest Stussy ["OP17-054">OP17-054]
[Vius2​#16248] Stussy ["OP17-054">OP17-054]: Rocks D. Xebec ["OP17-118">OP17-118] can't attack next turn
[Vius2​#16248] Rocks D. Xebec ["OP17-118">OP17-118] attacking Rocks D. Xebec ["OP17-039">OP17-039]
RZ1|417|1|OP17-052|3|2|1|3|1|1|0|0|0
RZ1|CHK|417|1|18|4|4|2|0|10|21|1|1|0
Rocks D. Xebec ["OP17-118">OP17-118][12000] vs Rocks D. Xebec ["OP17-039">OP17-039][5000]
Rocks D. Xebec ["OP17-039">OP17-039] hit for 1 damage
RZ1|418|2|Don|5|6|5|6|1|1|1|0|0
RZ1|CHK|418|2|13|7|3|1|0|10|25|1|1|0
RZ1|419|2|Don|5|7|5|7|1|1|1|0|0
RZ1|CHK|419|2|13|7|3|1|0|10|25|1|1|0
RZ1|420|2|Don|5|8|5|8|1|1|1|0|0
RZ1|CHK|420|2|13|7|3|1|0|10|25|1|1|0
[Vius2​#16248] Deploy Don Marlon ["OP17-052">OP17-052]
RZ1|421|2|OP17-052|1|6|2|3|1|1|0|0|0
RZ1|CHK|421|2|13|6|4|1|0|10|25|1|1|0
[Vius2​#16248] <b>Draw There's No Authority in the World ["OP17-055">OP17-055] from Trash</b>
RZ1|422|2|OP17-055|6|9|1|6|0|1|0|0|0
RZ1|CHK|422|2|13|7|4|1|0|10|24|1|1|0
[Vius2​#16248] End Turn
[Karlmalone​#2854] Hand: [OP17-055,OP17-049,OP17-056,OP17-052]
[Karlmalone​#2854] Board: [OP17-118,OP17-049,OP17-118,OP17-040]
[Karlmalone​#2854] Trash: [OP17-045,OP17-054,OP17-043,OP17-045,OP17-044,OP17-055,OP17-053,OP17-042,OP17-040,OP17-055,OP17-055,OP17-056,OP17-044,OP17-052,OP17-040,OP17-054,OP17-042,OP17-048,OP17-046,OP17-042,OP17-043]
[Karlmalone​#2854] Life: 2
[Vius2​#16248] Hand: [OP17-048,OP17-118,OP17-053,OP17-055,OP17-056,OP17-040,OP17-055]
[Vius2​#16248] Trash: [OP17-053,OP17-050,OP17-045,OP17-055,OP17-042,OP17-050,OP17-045,OP17-052,OP17-055,OP17-046,OP17-045,OP17-043,OP17-049,OP17-057,OP17-049,OP17-041,OP17-048,OP17-048,OP17-045,OP17-046,OP17-056,OP17-050,OP17-052,OP17-041]
[Vius2​#16248] Board: [OP17-118,OP17-054,OP17-054,OP17-052]
[Vius2​#16248] Life: 1
[Karlmalone​#2854] Drew card from deck: Charlotte Linlin ["OP17-049">OP17-049]
RZ1|423|1|OP17-049|0|17|1|4|1|1|0|0|0
RZ1|CHK|423|1|17|5|4|2|0|10|21|1|1|0
[Karlmalone​#2854] Draw 1 Card
[Karlmalone​#2854] Edward Newgate ["OP17-040">OP17-040] attacking Rocks D. Xebec ["OP17-039">OP17-039]
[Vius2​#16248] There's No Authority in the World ["OP17-055">OP17-055]: Activate Counter
RZ1|424|2|OP17-055|1|6|6|24|1|1|0|0|0
RZ1|CHK|424|2|13|6|4|1|0|10|25|1|1|0
[Vius2​#16248] There's No Authority in the World ["OP17-055">OP17-055]: Buff Rocks D. Xebec ["OP17-039">OP17-039] 2000 for the Combat
[Vius2​#16248] There's No Authority in the World ["OP17-055">OP17-055]: Activate Counter
RZ1|425|2|OP17-055|1|3|6|25|1|1|0|0|0
RZ1|CHK|425|2|13|5|4|1|0|10|26|1|1|0
[Vius2​#16248] There's No Authority in the World ["OP17-055">OP17-055]: Buff Rocks D. Xebec ["OP17-039">OP17-039] 2000 for the Combat
Edward Newgate ["OP17-040">OP17-040][8000] vs Rocks D. Xebec ["OP17-039">OP17-039][9000]
Attack Fails
RZ1|426|1|Don|5|9|9|100|1|1|0|0|0
RZ1|CHK|426|1|17|5|4|2|0|9|21|1|1|1
RZ1|427|1|Don|5|8|9|101|1|1|0|0|0
RZ1|CHK|427|1|17|5|4|2|0|8|21|1|1|2
RZ1|428|1|Don|5|7|9|102|1|1|0|0|0
RZ1|CHK|428|1|17|5|4|2|0|7|21|1|1|3
RZ1|429|1|Don|5|6|9|103|1|1|0|0|0
RZ1|CHK|429|1|17|5|4|2|0|6|21|1|1|4
RZ1|430|1|Don|5|5|9|104|1|1|0|0|0
RZ1|CHK|430|1|17|5|4|2|0|5|21|1|1|5
[Karlmalone​#2854] Attach 5 Don to Charlotte Linlin ["OP17-049">OP17-049] (5 Total)
[Vius2​#16248] Concedes!
[Vius2​#16248] Quits!
Opponent Has Disconnected!
[Karlmalone​#2854] <b>Downloaded the Combat Log!</b>
GameOver
