Version is 1.43a.1
[You] Leader is Rocks D. Xebec ["OP17-039">OP17-039]
RZ1|HDR|1.43a|2|RZ1
RZ1|PLY|1||OP17-039
RZ1|PLY|2||
[Opponent] Leader is Dracule Mihawk ["OP14-020">OP14-020]
RZ1|1|2|ST32-001|0|11|0|0|0|0|0|0|0
RZ1|CHK|1|2|50|0|0|0|10|0|0|0|1|0
RZ1|2|2|OP12-034|0|5|0|1|0|0|0|0|0
RZ1|CHK|2|2|50|0|0|0|10|0|0|0|1|0
RZ1|3|2|OP17-022|0|35|0|2|0|0|0|0|0
RZ1|CHK|3|2|50|0|0|0|10|0|0|0|1|0
RZ1|4|2|OP06-033|0|13|0|3|0|0|0|0|0
RZ1|CHK|4|2|50|0|0|0|10|0|0|0|1|0
RZ1|5|2|OP14-039|0|48|0|4|0|0|0|0|0
RZ1|CHK|5|2|50|0|0|0|10|0|0|0|1|0
RZ1|6|2|OP13-031|0|32|0|5|0|0|0|0|0
RZ1|CHK|6|2|50|0|0|0|10|0|0|0|1|0
RZ1|7|2|OP17-031|0|26|0|6|0|0|0|0|0
RZ1|CHK|7|2|50|0|0|0|10|0|0|0|1|0
RZ1|8|2|ST32-001|0|16|0|7|0|0|0|0|0
RZ1|CHK|8|2|50|0|0|0|10|0|0|0|1|0
RZ1|9|2|ST32-002|0|28|0|8|0|0|0|0|0
RZ1|CHK|9|2|50|0|0|0|10|0|0|0|1|0
RZ1|10|2|OP06-033|0|18|0|9|0|0|0|0|0
RZ1|CHK|10|2|50|0|0|0|10|0|0|0|1|0
RZ1|11|2|OP12-023|0|23|0|10|0|0|0|0|0
RZ1|CHK|11|2|50|0|0|0|10|0|0|0|1|0
RZ1|12|2|ST32-002|0|29|0|11|0|0|0|0|0
RZ1|CHK|12|2|50|0|0|0|10|0|0|0|1|0
RZ1|13|2|OP17-022|0|36|0|12|0|0|0|0|0
RZ1|CHK|13|2|50|0|0|0|10|0|0|0|1|0
RZ1|14|2|OP08-036|0|48|0|13|0|0|0|0|0
RZ1|CHK|14|2|50|0|0|0|10|0|0|0|1|0
RZ1|15|2|OP13-040|0|48|0|14|0|0|0|0|0
RZ1|CHK|15|2|50|0|0|0|10|0|0|0|1|0
RZ1|16|2|OP17-031|0|31|0|15|0|0|0|0|0
RZ1|CHK|16|2|50|0|0|0|10|0|0|0|1|0
RZ1|17|2|OP14-039|0|49|0|16|0|0|0|0|0
RZ1|CHK|17|2|50|0|0|0|10|0|0|0|1|0
RZ1|18|2|OP12-034|0|22|0|17|0|0|0|0|0
RZ1|CHK|18|2|50|0|0|0|10|0|0|0|1|0
RZ1|19|2|OP12-023|0|28|0|18|0|0|0|0|0
RZ1|CHK|19|2|50|0|0|0|10|0|0|0|1|0
RZ1|20|2|OP06-038|0|45|0|19|0|0|0|0|0
RZ1|CHK|20|2|50|0|0|0|10|0|0|0|1|0
RZ1|21|2|OP06-033|0|29|0|20|0|0|0|0|0
RZ1|CHK|21|2|50|0|0|0|10|0|0|0|1|0
RZ1|22|2|OP17-031|0|32|0|21|0|0|0|0|0
RZ1|CHK|22|2|50|0|0|0|10|0|0|0|1|0
RZ1|23|2|OP06-038|0|46|0|22|0|0|0|0|0
RZ1|CHK|23|2|50|0|0|0|10|0|0|0|1|0
RZ1|24|2|OP13-031|0|37|0|23|0|0|0|0|0
RZ1|CHK|24|2|50|0|0|0|10|0|0|0|1|0
RZ1|25|2|OP06-038|0|47|0|24|0|0|0|0|0
RZ1|CHK|25|2|50|0|0|0|10|0|0|0|1|0
RZ1|26|2|OP06-033|0|33|0|25|0|0|0|0|0
RZ1|CHK|26|2|50|0|0|0|10|0|0|0|1|0
RZ1|27|2|OP17-022|0|43|0|26|0|0|0|0|0
RZ1|CHK|27|2|50|0|0|0|10|0|0|0|1|0
RZ1|28|2|ST32-002|0|38|0|27|0|0|0|0|0
RZ1|CHK|28|2|50|0|0|0|10|0|0|0|1|0
RZ1|29|2|OP13-031|0|41|0|28|0|0|0|0|0
RZ1|CHK|29|2|50|0|0|0|10|0|0|0|1|0
RZ1|30|2|OP12-023|0|37|0|29|0|0|0|0|0
RZ1|CHK|30|2|50|0|0|0|10|0|0|0|1|0
RZ1|31|2|OP17-031|0|39|0|30|0|0|0|0|0
RZ1|CHK|31|2|50|0|0|0|10|0|0|0|1|0
RZ1|32|2|OP06-038|0|47|0|32|0|0|0|0|0
RZ1|CHK|32|2|50|0|0|0|10|0|0|0|1|0
RZ1|33|2|ST32-003|0|43|0|33|0|0|0|0|0
RZ1|CHK|33|2|50|0|0|0|10|0|0|0|1|0
RZ1|34|2|OP07-022|0|35|0|34|0|0|0|0|0
RZ1|CHK|34|2|50|0|0|0|10|0|0|0|1|0
RZ1|35|2|OP14-023|0|39|0|35|0|0|0|0|0
RZ1|CHK|35|2|50|0|0|0|10|0|0|0|1|0
RZ1|36|2|OP12-034|0|38|0|36|0|0|0|0|0
RZ1|CHK|36|2|50|0|0|0|10|0|0|0|1|0
RZ1|37|2|OP17-022|0|44|0|37|0|0|0|0|0
RZ1|CHK|37|2|50|0|0|0|10|0|0|0|1|0
RZ1|38|2|OP07-022|0|39|0|38|0|0|0|0|0
RZ1|CHK|38|2|50|0|0|0|10|0|0|0|1|0
RZ1|39|2|OP13-040|0|49|0|39|0|0|0|0|0
RZ1|CHK|39|2|50|0|0|0|10|0|0|0|1|0
RZ1|40|2|OP13-031|0|45|0|40|0|0|0|0|0
RZ1|CHK|40|2|50|0|0|0|10|0|0|0|1|0
RZ1|41|2|OP01-055|0|46|0|42|0|0|0|0|0
RZ1|CHK|41|2|50|0|0|0|10|0|0|0|1|0
RZ1|42|2|OP01-055|0|47|0|43|0|0|0|0|0
RZ1|CHK|42|2|50|0|0|0|10|0|0|0|1|0
RZ1|43|2|OP12-023|0|46|0|44|0|0|0|0|0
RZ1|CHK|43|2|50|0|0|0|10|0|0|0|1|0
RZ1|44|2|ST32-001|0|46|0|45|0|0|0|0|0
RZ1|CHK|44|2|50|0|0|0|10|0|0|0|1|0
RZ1|45|2|OP01-055|0|48|0|47|0|0|0|0|0
RZ1|CHK|45|2|50|0|0|0|10|0|0|0|1|0
RZ1|46|2|OP13-040|0|49|0|48|0|0|0|0|0
RZ1|CHK|46|2|50|0|0|0|10|0|0|0|1|0
[] Drew card from deck: Stussy ["OP17-054">OP17-054]
RZ1|47|1|OP17-054|0|49|1|0|1|1|0|0|0
RZ1|CHK|47|1|49|1|0|0|10|0|0|0|1|0
[] Drew card from deck: Shiki ["OP17-048">OP17-048]
RZ1|48|1|OP17-048|0|48|1|1|1|1|0|0|0
RZ1|CHK|48|1|48|2|0|0|10|0|0|0|1|0
[] Drew card from deck: Captain John ["OP17-044">OP17-044]
RZ1|49|1|OP17-044|0|47|1|2|1|1|0|0|0
RZ1|CHK|49|1|47|3|0|0|10|0|0|0|1|0
[] Drew card from deck: Barbell ["OP17-053">OP17-053]
RZ1|50|1|OP17-053|0|46|1|3|1|1|0|0|0
RZ1|CHK|50|1|46|4|0|0|10|0|0|0|1|0
[] Drew card from deck: Kaido ["OP17-042">OP17-042]
RZ1|51|1|OP17-042|0|45|1|4|1|1|0|0|0
RZ1|CHK|51|1|45|5|0|0|10|0|0|0|1|0
[] Drew card from deck: Kouzuki Oden ["ST32-002">ST32-002]
RZ1|52|2|ST32-002|0|49|1|0|1|1|0|0|0
RZ1|CHK|52|2|49|1|0|0|10|0|0|0|1|0
[] Drew card from deck: I Know You're Strong... So I'll Go All Out ["OP13-040">OP13-040]
RZ1|53|2|OP13-040|0|48|1|1|1|1|0|0|0
RZ1|CHK|53|2|48|2|0|0|10|0|0|0|1|0
[] Drew card from deck: You Can Be My Samurai!!! ["OP01-055">OP01-055]
RZ1|54|2|OP01-055|0|47|1|2|1|1|0|0|0
RZ1|CHK|54|2|47|3|0|0|10|0|0|0|1|0
[] Drew card from deck: Perona ["OP12-034">OP12-034]
RZ1|55|2|OP12-034|0|46|1|3|1|1|0|0|0
RZ1|CHK|55|2|46|4|0|0|10|0|0|0|1|0
[] Drew card from deck: Kin'emon ["ST32-001">ST32-001]
RZ1|56|2|ST32-001|0|45|1|4|1|1|0|0|0
RZ1|CHK|56|2|45|5|0|0|10|0|0|0|1|0
RZ1|57|1|OP08-051|0|44|3|0|1|0|0|0|0
RZ1|CHK|57|1|44|5|0|1|10|0|0|0|1|0
RZ1|58|1|OP17-045|0|43|3|1|1|0|0|0|0
RZ1|CHK|58|1|43|5|0|2|10|0|0|0|1|0
RZ1|59|1|OP17-118|0|42|3|2|1|0|0|0|0
RZ1|CHK|59|1|42|5|0|3|10|0|0|0|1|0
RZ1|60|1|OP17-049|0|41|3|3|1|0|0|0|0
RZ1|CHK|60|1|41|5|0|4|10|0|0|0|1|0
RZ1|61|1|OP17-054|0|40|3|4|1|0|0|0|0
RZ1|CHK|61|1|40|5|0|5|10|0|0|0|1|0
RZ1|62|2|OP12-023|0|44|3|0|0|1|0|0|0
RZ1|CHK|62|2|44|5|0|1|10|0|0|0|1|0
RZ1|63|2|OP01-055|0|43|3|1|0|1|0|0|0
RZ1|CHK|63|2|43|5|0|2|10|0|0|0|1|0
RZ1|64|2|OP01-055|0|42|3|2|0|1|0|0|0
RZ1|CHK|64|2|42|5|0|3|10|0|0|0|1|0
RZ1|65|2|OP07-022|0|41|3|3|0|1|0|0|0
RZ1|CHK|65|2|41|5|0|4|10|0|0|0|1|0
RZ1|66|2|OP13-031|0|40|3|4|0|1|0|0|0
RZ1|CHK|66|2|40|5|0|5|10|0|0|0|1|0
[] Hand: [OP17-054,OP17-048,OP17-044,OP17-053,OP17-042]
[] Board: []
[] Trash: []
[] Life: 5
[] Hand: [ST32-002,OP13-040,OP01-055,OP12-034,ST32-001]
[] Trash: []
[] Board: []
[] Life: 5
RZ1|67|1|Don|4|9|5|0|1|1|0|0|0
RZ1|CHK|67|1|40|5|0|5|9|1|0|0|1|0
[You] Draw 1 Don
[] Hand: [OP17-054,OP17-048,OP17-044,OP17-053,OP17-042]
[] Board: []
[] Trash: []
[] Life: 5
[] Hand: [ST32-002,OP13-040,OP01-055,OP12-034,ST32-001]
[] Trash: []
[] Board: []
[] Life: 5
[You] End Turn
[] Hand: [ST32-002,OP13-040,OP01-055,OP12-034,ST32-001]
[] Board: []
[] Trash: []
[] Life: 5
[] Hand: [OP17-054,OP17-048,OP17-044,OP17-053,OP17-042]
[] Trash: []
[] Board: []
[] Life: 5
[Opponent] Draw 1 Card
[] Drew card from deck: I Know You're Strong... So I'll Go All Out ["OP13-040">OP13-040]
RZ1|68|2|OP13-040|0|39|1|5|1|1|0|0|0
RZ1|CHK|68|2|39|6|0|5|10|0|0|0|1|0
RZ1|69|2|Don|4|9|5|0|1|1|0|0|0
RZ1|CHK|69|2|39|6|0|5|9|1|0|0|1|0
RZ1|70|2|Don|4|8|5|1|1|1|0|0|0
RZ1|CHK|70|2|39|6|0|5|8|2|0|0|1|0
[Opponent] Draw 2 Don
RZ1|71|2|Don|5|0|5|0|1|1|1|0|0
RZ1|CHK|71|2|39|6|0|5|8|2|0|0|1|0
[Opponent] Deploy Kin'emon ["ST32-001">ST32-001]
RZ1|72|2|ST32-001|1|4|2|0|1|1|0|0|0
RZ1|CHK|72|2|39|5|1|5|8|2|0|0|1|0
[Opponent] Kin'emon ["ST32-001">ST32-001]: Rest Dracule Mihawk ["OP14-020">OP14-020]
[] Drew card from deck: Otama ["OP07-022">OP07-022]
RZ1|73|2|OP07-022|0|38|1|5|1|1|0|0|0
RZ1|CHK|73|2|38|6|1|5|8|2|0|0|1|0
[] Drew card from deck: Shanks ["OP17-022">OP17-022]
RZ1|74|2|OP17-022|0|37|1|6|1|1|0|0|0
RZ1|CHK|74|2|37|7|1|5|8|2|0|0|1|0
[Opponent] Kin'emon ["ST32-001">ST32-001]: Draw 2 Card
RZ1|75|2|ST32-002|1|0|6|0|1|1|0|0|0
RZ1|CHK|75|2|37|6|1|5|8|2|1|0|1|0
[Opponent] Kin'emon ["ST32-001">ST32-001]: Trash Kouzuki Oden ["ST32-002">ST32-002]
RZ1|76|2|Don|5|1|5|1|1|1|1|0|0
RZ1|CHK|76|2|37|6|1|5|8|2|1|0|1|0
[Opponent] Deploy Perona ["OP12-034">OP12-034]
RZ1|77|2|OP12-034|1|2|2|1|1|1|0|0|0
RZ1|CHK|77|2|37|5|2|5|8|2|1|0|1|0
RZ1|78|2|OP14-023|0|35|1|5|1|1|0|0|0
RZ1|CHK|78|2|36|6|2|5|8|2|1|0|1|0
[Opponent] Perona ["OP12-034">OP12-034]: <b>Reveal and Draw Kikunojo ["OP14-023">OP14-023]</b>
[Opponent] Placing Cards on Bottom of Deck
RZ1|79|2|OP12-034|0|35|0|0|0|0|0|0|0
RZ1|CHK|79|2|36|6|2|5|8|2|1|0|1|0
RZ1|80|2|OP07-022|0|35|0|0|0|0|0|0|0
RZ1|CHK|80|2|36|6|2|5|8|2|1|0|1|0
RZ1|81|2|ST32-003|0|35|0|0|0|0|0|0|0
RZ1|CHK|81|2|36|6|2|5|8|2|1|0|1|0
RZ1|82|2|OP06-038|0|35|0|0|0|0|0|0|0
RZ1|CHK|82|2|36|6|2|5|8|2|1|0|1|0
[] Hand: [OP13-040,OP01-055,OP13-040,OP07-022,OP17-022,OP14-023]
[] Board: [ST32-001,OP12-034]
[] Trash: [ST32-002]
[] Life: 5
[] Hand: [OP17-054,OP17-048,OP17-044,OP17-053,OP17-042]
[] Trash: []
[] Board: []
[] Life: 5
[Opponent] End Turn
[] Hand: [OP17-054,OP17-048,OP17-044,OP17-053,OP17-042]
[] Board: []
[] Trash: []
[] Life: 5
[] Hand: [OP13-040,OP01-055,OP13-040,OP07-022,OP17-022,OP14-023]
[] Trash: [ST32-002]
[] Board: [ST32-001,OP12-034]
[] Life: 5
[You] Draw 1 Card
[] Drew card from deck: Rocks D. Xebec ["OP17-118">OP17-118]
RZ1|83|1|OP17-118|0|39|1|5|1|1|0|0|0
RZ1|CHK|83|1|39|6|0|5|9|1|0|0|1|0
RZ1|84|1|Don|4|8|5|1|1|1|0|0|0
RZ1|CHK|84|1|39|6|0|5|8|2|0|0|1|0
RZ1|85|1|Don|4|7|5|2|1|1|0|0|0
RZ1|CHK|85|1|39|6|0|5|7|3|0|0|1|0
[You] Draw 2 Don
RZ1|86|1|Don|5|0|5|0|1|1|1|0|0
RZ1|CHK|86|1|39|6|0|5|7|3|0|0|1|0
RZ1|87|1|Don|5|1|5|1|1|1|1|0|0
RZ1|CHK|87|1|39|6|0|5|7|3|0|0|1|0
RZ1|88|1|Don|5|2|5|2|1|1|1|0|0
RZ1|CHK|88|1|39|6|0|5|7|3|0|0|1|0
[You] Deploy Stussy ["OP17-054">OP17-054]
RZ1|89|1|OP17-054|1|0|2|0|1|1|0|0|0
RZ1|CHK|89|1|39|5|1|5|7|3|0|0|1|0
[You] Stussy ["OP17-054">OP17-054]: Kin'emon ["ST32-001">ST32-001] can't attack next turn
[You] Rocks D. Xebec ["OP17-039">OP17-039] attacking Dracule Mihawk ["OP14-020">OP14-020]
RZ1|90|1|OP17-044|1|1|6|0|1|1|0|0|0
RZ1|CHK|90|1|39|4|1|5|7|3|1|0|1|0
[You] Rocks D. Xebec ["OP17-039">OP17-039]: Trash Captain John ["OP17-044">OP17-044]
RZ1|91|1|OP17-046|0|38|0|38|0|0|0|0|0
RZ1|CHK|91|1|39|4|1|5|7|3|1|0|1|0
[You] Rocks D. Xebec ["OP17-039">OP17-039] revealed: Gloriosa ["OP17-046">OP17-046]
[] Drew card from deck: Gloriosa ["OP17-046">OP17-046]
RZ1|92|1|OP17-046|0|38|1|4|1|1|0|0|0
RZ1|CHK|92|1|38|5|1|5|7|3|1|0|1|0
[] Drew card from deck: Edward Newgate ["OP17-040">OP17-040]
RZ1|93|1|OP17-040|0|37|1|5|1|1|0|0|0
RZ1|CHK|93|1|37|6|1|5|7|3|1|0|1|0
[You] Rocks D. Xebec ["OP17-039">OP17-039]: Draw 2 Card
Rocks D. Xebec ["OP17-039">OP17-039][5000] vs Dracule Mihawk ["OP14-020">OP14-020][6000]
Attack Fails
[] Hand: [OP17-048,OP17-053,OP17-042,OP17-118,OP17-046,OP17-040]
[] Board: [OP17-054]
[] Trash: [OP17-044]
[] Life: 5
[] Hand: [OP13-040,OP01-055,OP13-040,OP07-022,OP17-022,OP14-023]
[] Trash: [ST32-002]
[] Board: [ST32-001,OP12-034]
[] Life: 5
[You] End Turn
[] Hand: [OP13-040,OP01-055,OP13-040,OP07-022,OP17-022,OP14-023]
[] Board: [ST32-001,OP12-034]
[] Trash: [ST32-002]
[] Life: 5
[] Hand: [OP17-048,OP17-053,OP17-042,OP17-118,OP17-046,OP17-040]
[] Trash: [OP17-044]
[] Board: [OP17-054]
[] Life: 5
[Opponent] Draw 1 Card
[] Drew card from deck: Otama ["OP07-022">OP07-022]
RZ1|94|2|OP07-022|0|35|1|6|1|1|0|0|0
RZ1|CHK|94|2|35|7|2|5|8|2|1|0|1|0
RZ1|95|2|Don|4|7|5|2|1|1|0|0|0
RZ1|CHK|95|2|35|7|2|5|7|3|1|0|1|0
RZ1|96|2|Don|4|6|5|3|1|1|0|0|0
RZ1|CHK|96|2|35|7|2|5|6|4|1|0|1|0
[Opponent] Draw 2 Don
[Opponent] Dracule Mihawk ["OP14-020">OP14-020] attacking Rocks D. Xebec ["OP17-039">OP17-039]
Dracule Mihawk ["OP14-020">OP14-020][6000] vs Rocks D. Xebec ["OP17-039">OP17-039][5000]
Rocks D. Xebec ["OP17-039">OP17-039] hit for 1 damage
RZ1|97|1|OP17-054|3|4|1|6|1|1|0|0|0
RZ1|CHK|97|1|37|7|1|4|7|3|1|0|1|0
RZ1|98|2|Don|5|0|9|100|1|1|0|0|0
RZ1|CHK|98|2|35|7|2|5|6|3|1|0|1|1
RZ1|99|2|Don|5|0|9|101|1|1|0|0|0
RZ1|CHK|99|2|35|7|2|5|6|2|1|0|1|2
RZ1|100|2|Don|5|0|9|102|1|1|0|0|0
RZ1|CHK|100|2|35|7|2|5|6|1|1|0|1|3
[Opponent] Attach 3 Don to Perona ["OP12-034">OP12-034] (3 Total)
[Opponent] Perona ["OP12-034">OP12-034] attacking Rocks D. Xebec ["OP17-039">OP17-039]
Perona ["OP12-034">OP12-034][5000] vs Rocks D. Xebec ["OP17-039">OP17-039][5000]
Rocks D. Xebec ["OP17-039">OP17-039] hit for 1 damage
RZ1|101|1|OP17-049|3|3|1|7|1|1|0|0|0
RZ1|CHK|101|1|37|8|1|3|7|3|1|0|1|0
RZ1|102|2|Don|5|0|5|0|1|1|1|0|0
RZ1|CHK|102|2|35|7|2|5|6|1|1|0|1|3
[Opponent] Deploy Kikunojo ["OP14-023">OP14-023]
RZ1|103|2|OP14-023|1|5|2|2|1|1|0|0|0
RZ1|CHK|103|2|35|6|3|5|6|1|1|0|1|3
[Opponent] Kikunojo ["OP14-023">OP14-023]: Set Kikunojo ["OP14-023">OP14-023] to Active
[Opponent] Kin'emon ["ST32-001">ST32-001] is no longer blocked from attacking
[] Hand: [OP13-040,OP01-055,OP13-040,OP07-022,OP17-022,OP07-022]
[] Board: [ST32-001,OP12-034,OP14-023]
[] Trash: [ST32-002]
[] Life: 5
[] Hand: [OP17-048,OP17-053,OP17-042,OP17-118,OP17-046,OP17-040,OP17-054,OP17-049]
[] Trash: [OP17-044]
[] Board: [OP17-054]
[] Life: 3
[Opponent] End Turn
[] Hand: [OP17-048,OP17-053,OP17-042,OP17-118,OP17-046,OP17-040,OP17-054,OP17-049]
[] Board: [OP17-054]
[] Trash: [OP17-044]
[] Life: 3
[] Hand: [OP13-040,OP01-055,OP13-040,OP07-022,OP17-022,OP07-022]
[] Trash: [ST32-002]
[] Board: [ST32-001,OP12-034,OP14-023]
[] Life: 5
[You] Draw 1 Card
[] Drew card from deck: Kyo ["OP17-045">OP17-045]
RZ1|104|1|OP17-045|0|36|1|8|1|1|0|0|0
RZ1|CHK|104|1|36|9|1|3|7|3|1|0|1|0
RZ1|105|1|Don|4|6|5|3|1|1|0|0|0
RZ1|CHK|105|1|36|9|1|3|6|4|1|0|1|0
RZ1|106|1|Don|4|5|5|4|1|1|0|0|0
RZ1|CHK|106|1|36|9|1|3|5|5|1|0|1|0
[You] Draw 2 Don
RZ1|107|1|Don|5|0|5|0|1|1|1|0|0
RZ1|CHK|107|1|36|9|1|3|5|5|1|0|1|0
RZ1|108|1|Don|5|1|5|1|1|1|1|0|0
RZ1|CHK|108|1|36|9|1|3|5|5|1|0|1|0
RZ1|109|1|Don|5|2|5|2|1|1|1|0|0
RZ1|CHK|109|1|36|9|1|3|5|5|1|0|1|0
RZ1|110|1|Don|5|3|5|3|1|1|1|0|0
RZ1|CHK|110|1|36|9|1|3|5|5|1|0|1|0
[You] Deploy Kaido ["OP17-042">OP17-042]
RZ1|111|1|OP17-042|1|2|2|1|1|1|0|0|0
RZ1|CHK|111|1|36|8|2|3|5|5|1|0|1|0
[You] Kaido ["OP17-042">OP17-042] revealed: Kyo ["OP17-045">OP17-045]
[You] Kaido ["OP17-042">OP17-042] revealed: Stussy ["OP17-054">OP17-054]
[You] Kaido ["OP17-042">OP17-042] revealed: Barbell ["OP17-053">OP17-053]
[You] Forcing opponent to resolve Card Action!
[Opponent] Forcing opponent to resolve Card Action!
[You] Kaido ["OP17-042">OP17-042]: Buff Kin'emon ["ST32-001">ST32-001] -3000
RZ1|112|1|Don|5|4|9|9900|1|1|0|0|0
RZ1|CHK|112|1|36|8|2|3|5|4|1|0|1|1
[You] Attach 1 Don to Rocks D. Xebec ["OP17-039">OP17-039] (1 Total)
[You] Rocks D. Xebec ["OP17-039">OP17-039] attacking Dracule Mihawk ["OP14-020">OP14-020]
RZ1|113|1|OP17-054|1|5|6|1|1|1|0|0|0
RZ1|CHK|113|1|36|7|2|3|5|4|2|0|1|1
[You] Rocks D. Xebec ["OP17-039">OP17-039]: Trash Stussy ["OP17-054">OP17-054]
RZ1|114|1|OP17-056|0|35|0|35|0|0|0|0|0
RZ1|CHK|114|1|36|7|2|3|5|4|2|0|1|1
[You] Rocks D. Xebec ["OP17-039">OP17-039] revealed: Rocks Pirates ["OP17-056">OP17-056]
[] Drew card from deck: Rocks Pirates ["OP17-056">OP17-056]
RZ1|115|1|OP17-056|0|35|1|7|1|1|0|0|0
RZ1|CHK|115|1|35|8|2|3|5|4|2|0|1|1
[] Drew card from deck: Gloriosa ["OP17-046">OP17-046]
RZ1|116|1|OP17-046|0|34|1|8|1|1|0|0|0
RZ1|CHK|116|1|34|9|2|3|5|4|2|0|1|1
[You] Rocks D. Xebec ["OP17-039">OP17-039]: Draw 2 Card
[Opponent] Discard Otama ["OP07-022">OP07-022] for Counter 2000
RZ1|117|2|OP07-022|1|3|6|1|1|1|0|0|0
RZ1|CHK|117|2|35|5|3|5|6|1|2|0|1|3
Rocks D. Xebec ["OP17-039">OP17-039][6000] vs Dracule Mihawk ["OP14-020">OP14-020][8000]
Attack Fails
[You] Stussy ["OP17-054">OP17-054] attacking Perona ["OP12-034">OP12-034]
Stussy ["OP17-054">OP17-054][5000] vs Perona ["OP12-034">OP12-034][2000]
[Opponent] Perona ["OP12-034">OP12-034] Destroyed
RZ1|118|2|Don|9|100|5|0|1|1|1|0|0
RZ1|CHK|118|2|35|5|3|5|6|2|2|0|1|2
RZ1|119|2|Don|9|100|5|0|1|1|1|0|0
RZ1|CHK|119|2|35|5|3|5|6|3|2|0|1|1
RZ1|120|2|Don|9|100|5|0|1|1|1|0|0
RZ1|CHK|120|2|35|5|3|5|6|4|2|0|1|0
RZ1|121|2|OP12-034|2|1|6|2|1|1|0|0|0
RZ1|CHK|121|2|35|5|2|5|6|4|3|0|1|0
[] Hand: [OP17-048,OP17-053,OP17-118,OP17-046,OP17-040,OP17-049,OP17-045,OP17-056,OP17-046]
[] Board: [OP17-054,OP17-042]
[] Trash: [OP17-044,OP17-054]
[] Life: 3
[] Hand: [OP13-040,OP01-055,OP13-040,OP17-022,OP07-022]
[] Trash: [ST32-002,OP07-022,OP12-034]
[] Board: [ST32-001,OP14-023]
[] Life: 5
[You] End Turn
[] Hand: [OP13-040,OP01-055,OP13-040,OP17-022,OP07-022]
[] Board: [ST32-001,OP14-023]
[] Trash: [ST32-002,OP07-022,OP12-034]
[] Life: 5
[] Hand: [OP17-048,OP17-053,OP17-118,OP17-046,OP17-040,OP17-049,OP17-045,OP17-056,OP17-046]
[] Trash: [OP17-044,OP17-054]
[] Board: [OP17-054,OP17-042]
[] Life: 3
[Opponent] Draw 1 Card
[] Drew card from deck: Yasopp ["OP17-031">OP17-031]
RZ1|122|2|OP17-031|0|34|1|5|1|1|0|0|0
RZ1|CHK|122|2|34|6|2|5|6|4|3|0|1|0
RZ1|123|2|Don|4|5|5|4|1|1|0|0|0
RZ1|CHK|123|2|34|6|2|5|5|5|3|0|1|0
RZ1|124|2|Don|4|4|5|5|1|1|0|0|0
RZ1|CHK|124|2|34|6|2|5|4|6|3|0|1|0
[Opponent] Draw 2 Don
RZ1|125|2|Don|5|0|5|0|1|1|1|0|0
RZ1|CHK|125|2|34|6|2|5|4|6|3|0|1|0
RZ1|126|2|Don|5|1|5|1|1|1|1|0|0
RZ1|CHK|126|2|34|6|2|5|4|6|3|0|1|0
RZ1|127|2|Don|5|2|5|2|1|1|1|0|0
RZ1|CHK|127|2|34|6|2|5|4|6|3|0|1|0
RZ1|128|2|Don|5|3|5|3|1|1|1|0|0
RZ1|CHK|128|2|34|6|2|5|4|6|3|0|1|0
RZ1|129|2|Don|5|4|5|4|1|1|1|0|0
RZ1|CHK|129|2|34|6|2|5|4|6|3|0|1|0
[Opponent] Deploy Yasopp ["OP17-031">OP17-031]
RZ1|130|2|OP17-031|1|5|2|2|1|1|0|0|0
RZ1|CHK|130|2|34|5|3|5|4|6|3|0|1|0
[] Drew card from deck: Kawamatsu ["OP12-023">OP12-023]
RZ1|131|2|OP12-023|0|33|1|5|1|1|0|0|0
RZ1|CHK|131|2|33|6|3|5|4|6|3|0|1|0
[Opponent] Yasopp ["OP17-031">OP17-031]: Draw 1 Card
[Opponent] Yasopp ["OP17-031">OP17-031]: Rest Kaido ["OP17-042">OP17-042]
[Opponent] Dracule Mihawk ["OP14-020">OP14-020] attacking Rocks D. Xebec ["OP17-039">OP17-039]
[You] Rocks Pirates ["OP17-056">OP17-056]: Activate Counter
RZ1|132|1|OP17-056|1|7|6|2|1|1|0|0|0
RZ1|CHK|132|1|34|8|2|3|5|4|3|0|1|1
[You] Rocks Pirates ["OP17-056">OP17-056]: Buff Rocks D. Xebec ["OP17-039">OP17-039] 2000 for the Combat
Dracule Mihawk ["OP14-020">OP14-020][6000] vs Rocks D. Xebec ["OP17-039">OP17-039][7000]
Attack Fails
RZ1|133|2|Don|5|5|5|5|1|1|1|0|0
RZ1|CHK|133|2|33|6|3|5|4|6|3|0|1|0
[Opponent] Deploy Otama ["OP07-022">OP07-022]
RZ1|134|2|OP07-022|1|4|2|3|1|1|0|0|0
RZ1|CHK|134|2|33|5|4|5|4|6|3|0|1|0
RZ1|135|2|ST32-002|0|31|1|5|1|1|0|0|0
RZ1|CHK|135|2|32|6|4|5|4|6|3|0|1|0
[Opponent] Otama ["OP07-022">OP07-022]: <b>Reveal and Draw Kouzuki Oden ["ST32-002">ST32-002]</b>
[Opponent] Placing Cards on Bottom of Deck
RZ1|136|2|OP13-031|0|31|0|0|0|0|0|0|0
RZ1|CHK|136|2|32|6|4|5|4|6|3|0|1|0
RZ1|137|2|OP17-022|0|31|0|0|0|0|0|0|0
RZ1|CHK|137|2|32|6|4|5|4|6|3|0|1|0
RZ1|138|2|OP06-033|0|31|0|0|0|0|0|0|0
RZ1|CHK|138|2|32|6|4|5|4|6|3|0|1|0
RZ1|139|2|OP06-038|0|31|0|0|0|0|0|0|0
RZ1|CHK|139|2|32|6|4|5|4|6|3|0|1|0
[Opponent] Kikunojo ["OP14-023">OP14-023]: Set Kikunojo ["OP14-023">OP14-023] to Active
[] Hand: [OP13-040,OP01-055,OP13-040,OP17-022,OP12-023,ST32-002]
[] Board: [ST32-001,OP14-023,OP17-031,OP07-022]
[] Trash: [ST32-002,OP07-022,OP12-034]
[] Life: 5
[] Hand: [OP17-048,OP17-053,OP17-118,OP17-046,OP17-040,OP17-049,OP17-045,OP17-046]
[] Trash: [OP17-044,OP17-054,OP17-056]
[] Board: [OP17-054,OP17-042]
[] Life: 3
[Opponent] End Turn
[] Hand: [OP17-048,OP17-053,OP17-118,OP17-046,OP17-040,OP17-049,OP17-045,OP17-046]
[] Board: [OP17-054,OP17-042]
[] Trash: [OP17-044,OP17-054,OP17-056]
[] Life: 3
[] Hand: [OP13-040,OP01-055,OP13-040,OP17-022,OP12-023,ST32-002]
[] Trash: [ST32-002,OP07-022,OP12-034]
[] Board: [ST32-001,OP14-023,OP17-031,OP07-022]
[] Life: 5
RZ1|140|1|Don|9|9900|5|0|1|1|1|0|0
RZ1|CHK|140|1|34|8|2|3|5|5|3|0|1|0
[You] Draw 1 Card
[] Drew card from deck: Buckin ["OP08-051">OP08-051]
RZ1|141|1|OP08-051|0|33|1|8|1|1|0|0|0
RZ1|CHK|141|1|33|9|2|3|5|5|3|0|1|0
RZ1|142|1|Don|4|4|5|5|1|1|0|0|0
RZ1|CHK|142|1|33|9|2|3|4|6|3|0|1|0
RZ1|143|1|Don|4|3|5|6|1|1|0|0|0
RZ1|CHK|143|1|33|9|2|3|3|7|3|0|1|0
[You] Draw 2 Don
RZ1|144|1|Don|5|0|5|0|1|1|1|0|0
RZ1|CHK|144|1|33|9|2|3|3|7|3|0|1|0
RZ1|145|1|Don|5|1|5|1|1|1|1|0|0
RZ1|CHK|145|1|33|9|2|3|3|7|3|0|1|0
RZ1|146|1|Don|5|2|5|2|1|1|1|0|0
RZ1|CHK|146|1|33|9|2|3|3|7|3|0|1|0
RZ1|147|1|Don|5|3|5|3|1|1|1|0|0
RZ1|CHK|147|1|33|9|2|3|3|7|3|0|1|0
RZ1|148|1|Don|5|4|5|4|1|1|1|0|0
RZ1|CHK|148|1|33|9|2|3|3|7|3|0|1|0
RZ1|149|1|Don|5|5|5|5|1|1|1|0|0
RZ1|CHK|149|1|33|9|2|3|3|7|3|0|1|0
RZ1|150|1|Don|5|6|5|6|1|1|1|0|0
RZ1|CHK|150|1|33|9|2|3|3|7|3|0|1|0
[You] Deploy Shiki ["OP17-048">OP17-048]
RZ1|151|1|OP17-048|1|0|2|2|1|1|0|0|0
RZ1|CHK|151|1|33|8|3|3|3|7|3|0|1|0
[You] Kaido ["OP17-042">OP17-042] attacking Dracule Mihawk ["OP14-020">OP14-020]
[Opponent] Discard Kouzuki Oden ["ST32-002">ST32-002] for Counter 1000
RZ1|152|2|ST32-002|1|5|6|3|1|1|0|0|0
RZ1|CHK|152|2|32|5|4|5|4|6|4|0|1|0
Kaido ["OP17-042">OP17-042][6000] vs Dracule Mihawk ["OP14-020">OP14-020][7000]
Attack Fails
[You] Rocks D. Xebec ["OP17-039">OP17-039] attacking Dracule Mihawk ["OP14-020">OP14-020]
RZ1|153|1|OP17-045|1|5|6|3|1|1|0|0|0
RZ1|CHK|153|1|33|7|3|3|3|7|4|0|1|0
[You] Rocks D. Xebec ["OP17-039">OP17-039]: Trash Kyo ["OP17-045">OP17-045]
RZ1|154|1|OP17-050|0|32|0|32|0|0|0|0|0
RZ1|CHK|154|1|33|7|3|3|3|7|4|0|1|0
[You] Rocks D. Xebec ["OP17-039">OP17-039] revealed: Streusen ["OP17-050">OP17-050]
[] Drew card from deck: Streusen ["OP17-050">OP17-050]
RZ1|155|1|OP17-050|0|32|1|7|1|1|0|0|0
RZ1|CHK|155|1|32|8|3|3|3|7|4|0|1|0
[] Drew card from deck: Kyo ["OP17-045">OP17-045]
RZ1|156|1|OP17-045|0|31|1|8|1|1|0|0|0
RZ1|CHK|156|1|31|9|3|3|3|7|4|0|1|0
[You] Rocks D. Xebec ["OP17-039">OP17-039]: Draw 2 Card
Rocks D. Xebec ["OP17-039">OP17-039][5000] vs Dracule Mihawk ["OP14-020">OP14-020][6000]
Attack Fails
[] Hand: [OP17-053,OP17-118,OP17-046,OP17-040,OP17-049,OP17-046,OP08-051,OP17-050,OP17-045]
[] Board: [OP17-054,OP17-042,OP17-048]
[] Trash: [OP17-044,OP17-054,OP17-056,OP17-045]
[] Life: 3
[] Hand: [OP13-040,OP01-055,OP13-040,OP17-022,OP12-023]
[] Trash: [ST32-002,OP07-022,OP12-034,ST32-002]
[] Board: [ST32-001,OP14-023,OP17-031,OP07-022]
[] Life: 5
[You] End Turn
[] Hand: [OP13-040,OP01-055,OP13-040,OP17-022,OP12-023]
[] Board: [ST32-001,OP14-023,OP17-031,OP07-022]
[] Trash: [ST32-002,OP07-022,OP12-034,ST32-002]
[] Life: 5
[] Hand: [OP17-053,OP17-118,OP17-046,OP17-040,OP17-049,OP17-046,OP08-051,OP17-050,OP17-045]
[] Trash: [OP17-044,OP17-054,OP17-056,OP17-045]
[] Board: [OP17-054,OP17-042,OP17-048]
[] Life: 3
[Opponent] Draw 1 Card
[] Drew card from deck: Trafalgar Law ["OP13-031">OP13-031]
RZ1|157|2|OP13-031|0|31|1|5|1|1|0|0|0
RZ1|CHK|157|2|31|6|4|5|4|6|4|0|1|0
RZ1|158|2|Don|4|3|5|6|1|1|0|0|0
RZ1|CHK|158|2|31|6|4|5|3|7|4|0|1|0
RZ1|159|2|Don|4|2|5|7|1|1|0|0|0
RZ1|CHK|159|2|31|6|4|5|2|8|4|0|1|0
[Opponent] Draw 2 Don
RZ1|160|2|Don|5|0|5|0|1|1|1|0|0
RZ1|CHK|160|2|31|6|4|5|2|8|4|0|1|0
RZ1|161|2|Don|5|1|5|1|1|1|1|0|0
RZ1|CHK|161|2|31|6|4|5|2|8|4|0|1|0
RZ1|162|2|Don|5|2|5|2|1|1|1|0|0
RZ1|CHK|162|2|31|6|4|5|2|8|4|0|1|0
RZ1|163|2|Don|5|3|5|3|1|1|1|0|0
RZ1|CHK|163|2|31|6|4|5|2|8|4|0|1|0
RZ1|164|2|Don|5|4|5|4|1|1|1|0|0
RZ1|CHK|164|2|31|6|4|5|2|8|4|0|1|0
RZ1|165|2|Don|5|5|5|5|1|1|1|0|0
RZ1|CHK|165|2|31|6|4|5|2|8|4|0|1|0
[Opponent] Deploy Trafalgar Law ["OP13-031">OP13-031]
RZ1|166|2|OP13-031|1|5|2|4|1|1|0|0|0
RZ1|CHK|166|2|31|5|5|5|2|8|4|0|1|0
[Opponent] Trafalgar Law ["OP13-031">OP13-031]: Return Otama ["OP07-022">OP07-022] to Hand
RZ1|167|2|OP07-022|2|3|1|5|1|1|0|0|0
RZ1|CHK|167|2|31|6|4|5|2|8|4|0|1|0
RZ1|168|2|OP12-023|1|4|2|4|1|1|1|0|0
RZ1|CHK|168|2|31|5|5|5|2|8|4|0|1|0
[Opponent] Trafalgar Law ["OP13-031">OP13-031]: Deploy Kawamatsu ["OP12-023">OP12-023]
[Opponent] Dracule Mihawk ["OP14-020">OP14-020] attacking Rocks D. Xebec ["OP17-039">OP17-039]
RZ1|169|1|OP17-045|1|8|6|4|1|1|0|0|0
RZ1|CHK|169|1|31|8|3|3|3|7|5|0|1|0
[You] Shiki ["OP17-048">OP17-048]: Trash Kyo ["OP17-045">OP17-045]
[You] Shiki ["OP17-048">OP17-048]: Buff Yasopp ["OP17-031">OP17-031] -3000
Dracule Mihawk ["OP14-020">OP14-020][6000] vs Rocks D. Xebec ["OP17-039">OP17-039][5000]
Rocks D. Xebec ["OP17-039">OP17-039] hit for 1 damage
RZ1|170|1|OP17-118|3|2|1|8|1|1|0|0|0
RZ1|CHK|170|1|31|9|3|2|3|7|5|0|1|0
RZ1|171|2|Don|5|6|9|200|1|1|0|0|0
RZ1|CHK|171|2|31|5|5|5|2|7|4|0|1|1
RZ1|172|2|Don|5|6|9|201|1|1|0|0|0
RZ1|CHK|172|2|31|5|5|5|2|6|4|0|1|2
[Opponent] Attach 2 Don to Yasopp ["OP17-031">OP17-031] (2 Total)
[Opponent] Yasopp ["OP17-031">OP17-031] attacking Rocks D. Xebec ["OP17-039">OP17-039]
[You] Discard Buckin ["OP08-051">OP08-051] for Counter 1000
RZ1|173|1|OP08-051|1|6|6|5|1|1|0|0|0
RZ1|CHK|173|1|31|8|3|2|3|7|6|0|1|0
Yasopp ["OP17-031">OP17-031][5000] vs Rocks D. Xebec ["OP17-039">OP17-039][6000]
Attack Fails
[Opponent] Yasopp ["OP17-031">OP17-031]: Set Yasopp ["OP17-031">OP17-031] to Active
[Opponent] Kikunojo ["OP14-023">OP14-023]: Set Kikunojo ["OP14-023">OP14-023] to Active
[] Hand: [OP13-040,OP01-055,OP13-040,OP17-022,OP07-022]
[] Board: [ST32-001,OP14-023,OP17-031,OP13-031,OP12-023]
[] Trash: [ST32-002,OP07-022,OP12-034,ST32-002]
[] Life: 5
[] Hand: [OP17-053,OP17-118,OP17-046,OP17-040,OP17-049,OP17-046,OP17-050,OP17-118]
[] Trash: [OP17-044,OP17-054,OP17-056,OP17-045,OP17-045,OP08-051]
[] Board: [OP17-054,OP17-042,OP17-048]
[] Life: 2
[Opponent] End Turn
[] Hand: [OP17-053,OP17-118,OP17-046,OP17-040,OP17-049,OP17-046,OP17-050,OP17-118]
[] Board: [OP17-054,OP17-042,OP17-048]
[] Trash: [OP17-044,OP17-054,OP17-056,OP17-045,OP17-045,OP08-051]
[] Life: 2
[] Hand: [OP13-040,OP01-055,OP13-040,OP17-022,OP07-022]
[] Trash: [ST32-002,OP07-022,OP12-034,ST32-002]
[] Board: [ST32-001,OP14-023,OP17-031,OP13-031,OP12-023]
[] Life: 5
[You] Draw 1 Card
[] Drew card from deck: Rocks Pirates ["OP17-056">OP17-056]
RZ1|174|1|OP17-056|0|30|1|8|1|1|0|0|0
RZ1|CHK|174|1|30|9|3|2|3|7|6|0|1|0
RZ1|175|1|Don|4|2|5|7|1|1|0|0|0
RZ1|CHK|175|1|30|9|3|2|2|8|6|0|1|0
RZ1|176|1|Don|4|1|5|8|1|1|0|0|0
RZ1|CHK|176|1|30|9|3|2|1|9|6|0|1|0
[You] Draw 2 Don
[You] Shiki ["OP17-048">OP17-048] attacking Dracule Mihawk ["OP14-020">OP14-020]
RZ1|177|1|OP17-050|1|6|6|6|1|1|0|0|0
RZ1|CHK|177|1|30|8|3|2|1|9|7|0|1|0
[You] Shiki ["OP17-048">OP17-048]: Trash Streusen ["OP17-050">OP17-050]
[You] Shiki ["OP17-048">OP17-048]: Buff Yasopp ["OP17-031">OP17-031] -3000
Shiki ["OP17-048">OP17-048][9000] vs Dracule Mihawk ["OP14-020">OP14-020][6000]
Dracule Mihawk ["OP14-020">OP14-020] hit for 1 damage
RZ1|178|2|OP13-031|3|4|1|5|1|1|0|0|0
RZ1|CHK|178|2|31|6|5|4|2|6|4|0|1|2
[You] Stussy ["OP17-054">OP17-054]: Rest 3 Don
RZ1|179|1|Don|5|0|5|0|1|1|1|0|0
RZ1|CHK|179|1|30|8|3|2|1|9|7|0|1|0
RZ1|180|1|Don|5|1|5|1|1|1|1|0|0
RZ1|CHK|180|1|30|8|3|2|1|9|7|0|1|0
RZ1|181|1|Don|5|2|5|2|1|1|1|0|0
RZ1|CHK|181|1|30|8|3|2|1|9|7|0|1|0
[You] Stussy ["OP17-054">OP17-054]: Rest Stussy ["OP17-054">OP17-054]
[You] Stussy ["OP17-054">OP17-054]: Yasopp ["OP17-031">OP17-031] can't attack next turn
RZ1|182|1|Don|5|3|9|9900|1|1|0|0|0
RZ1|CHK|182|1|30|8|3|2|1|8|7|0|1|1
[You] Attach 1 Don to Rocks D. Xebec ["OP17-039">OP17-039] (1 Total)
[You] Rocks D. Xebec ["OP17-039">OP17-039] attacking Dracule Mihawk ["OP14-020">OP14-020]
RZ1|183|1|OP17-040|1|3|6|7|1|1|0|0|0
RZ1|CHK|183|1|30|7|3|2|1|8|8|0|1|1
[You] Rocks D. Xebec ["OP17-039">OP17-039]: Trash Edward Newgate ["OP17-040">OP17-040]
RZ1|184|1|OP17-055|0|29|0|29|0|0|0|0|0
RZ1|CHK|184|1|30|7|3|2|1|8|8|0|1|1
[You] Rocks D. Xebec ["OP17-039">OP17-039] revealed: There's No Authority in the World ["OP17-055">OP17-055]
[] Drew card from deck: There's No Authority in the World ["OP17-055">OP17-055]
RZ1|185|1|OP17-055|0|29|1|7|1|1|0|0|0
RZ1|CHK|185|1|29|8|3|2|1|8|8|0|1|1
[] Drew card from deck: Fullalead ["OP17-057">OP17-057]
RZ1|186|1|OP17-057|0|28|1|8|1|1|0|0|0
RZ1|CHK|186|1|28|9|3|2|1|8|8|0|1|1
[You] Rocks D. Xebec ["OP17-039">OP17-039]: Draw 2 Card
[Opponent] Discard Otama ["OP07-022">OP07-022] for Counter 2000
RZ1|187|2|OP07-022|1|4|6|4|1|1|0|0|0
RZ1|CHK|187|2|31|5|5|4|2|6|5|0|1|2
Rocks D. Xebec ["OP17-039">OP17-039][6000] vs Dracule Mihawk ["OP14-020">OP14-020][8000]
Attack Fails
RZ1|188|1|Don|5|3|5|3|1|1|1|0|0
RZ1|CHK|188|1|28|9|3|2|1|8|8|0|1|1
RZ1|189|1|Don|5|4|5|4|1|1|1|0|0
RZ1|CHK|189|1|28|9|3|2|1|8|8|0|1|1
RZ1|190|1|Don|5|5|5|5|1|1|1|0|0
RZ1|CHK|190|1|28|9|3|2|1|8|8|0|1|1
RZ1|191|1|Don|5|6|5|6|1|1|1|0|0
RZ1|CHK|191|1|28|9|3|2|1|8|8|0|1|1
RZ1|192|1|Don|5|7|5|7|1|1|1|0|0
RZ1|CHK|192|1|28|9|3|2|1|8|8|0|1|1
[You] Deploy Charlotte Linlin ["OP17-049">OP17-049]
RZ1|193|1|OP17-049|1|3|2|3|1|1|0|0|0
RZ1|CHK|193|1|28|8|4|2|1|8|8|0|1|1
[You] Forcing opponent to resolve Card Action!
[Opponent] Forcing opponent to resolve Card Action!
[] Drew card from deck: Stussy ["OP17-054">OP17-054]
RZ1|194|1|OP17-054|0|27|1|8|1|1|0|0|0
RZ1|CHK|194|1|27|9|4|2|1|8|8|0|1|1
[] Drew card from deck: Rocks Pirates ["OP17-056">OP17-056]
RZ1|195|1|OP17-056|0|26|1|9|1|1|0|0|0
RZ1|CHK|195|1|26|10|4|2|1|8|8|0|1|1
[You] Charlotte Linlin ["OP17-049">OP17-049]: Draw 2 Card
[You] Kaido ["OP17-042">OP17-042] attacking Dracule Mihawk ["OP14-020">OP14-020]
Kaido ["OP17-042">OP17-042][6000] vs Dracule Mihawk ["OP14-020">OP14-020][6000]
Dracule Mihawk ["OP14-020">OP14-020] hit for 1 damage
RZ1|196|2|OP07-022|3|3|1|5|1|1|0|0|0
RZ1|CHK|196|2|31|6|5|3|2|6|5|0|1|2
[] Hand: [OP17-053,OP17-118,OP17-046,OP17-046,OP17-118,OP17-056,OP17-055,OP17-057,OP17-054,OP17-056]
[] Board: [OP17-054,OP17-042,OP17-048,OP17-049]
[] Trash: [OP17-044,OP17-054,OP17-056,OP17-045,OP17-045,OP08-051,OP17-050,OP17-040]
[] Life: 2
[] Hand: [OP13-040,OP01-055,OP13-040,OP17-022,OP13-031,OP07-022]
[] Trash: [ST32-002,OP07-022,OP12-034,ST32-002,OP07-022]
[] Board: [ST32-001,OP14-023,OP17-031,OP13-031,OP12-023]
[] Life: 3
[You] End Turn
[] Hand: [OP13-040,OP01-055,OP13-040,OP17-022,OP13-031,OP07-022]
[] Board: [ST32-001,OP14-023,OP17-031,OP13-031,OP12-023]
[] Trash: [ST32-002,OP07-022,OP12-034,ST32-002,OP07-022]
[] Life: 3
[] Hand: [OP17-053,OP17-118,OP17-046,OP17-046,OP17-118,OP17-056,OP17-055,OP17-057,OP17-054,OP17-056]
[] Trash: [OP17-044,OP17-054,OP17-056,OP17-045,OP17-045,OP08-051,OP17-050,OP17-040]
[] Board: [OP17-054,OP17-042,OP17-048,OP17-049]
[] Life: 2
RZ1|197|2|Don|9|200|5|0|1|1|1|0|0
RZ1|CHK|197|2|31|6|5|3|2|7|5|0|1|1
RZ1|198|2|Don|9|200|5|0|1|1|1|0|0
RZ1|CHK|198|2|31|6|5|3|2|8|5|0|1|0
[Opponent] Draw 1 Card
[] Drew card from deck: Billion-fold World Trichiliocosm ["OP06-038">OP06-038]
RZ1|199|2|OP06-038|0|30|1|6|1|1|0|0|0
RZ1|CHK|199|2|30|7|5|3|2|8|5|0|1|0
RZ1|200|2|Don|4|1|5|8|1|1|0|0|0
RZ1|CHK|200|2|30|7|5|3|1|9|5|0|1|0
RZ1|201|2|Don|4|0|5|9|1|1|0|0|0
RZ1|CHK|201|2|30|7|5|3|0|10|5|0|1|0
[Opponent] Draw 2 Don
RZ1|202|2|Don|5|0|5|0|1|1|1|0|0
RZ1|CHK|202|2|30|7|5|3|0|10|5|0|1|0
RZ1|203|2|Don|5|1|5|1|1|1|1|0|0
RZ1|CHK|203|2|30|7|5|3|0|10|5|0|1|0
RZ1|204|2|Don|5|2|5|2|1|1|1|0|0
RZ1|CHK|204|2|30|7|5|3|0|10|5|0|1|0
RZ1|205|2|Don|5|3|5|3|1|1|1|0|0
RZ1|CHK|205|2|30|7|5|3|0|10|5|0|1|0
RZ1|206|2|Don|5|4|5|4|1|1|1|0|0
RZ1|CHK|206|2|30|7|5|3|0|10|5|0|1|0
RZ1|207|2|Don|5|5|5|5|1|1|1|0|0
RZ1|CHK|207|2|30|7|5|3|0|10|5|0|1|0
RZ1|208|2|Don|5|6|5|6|1|1|1|0|0
RZ1|CHK|208|2|30|7|5|3|0|10|5|0|1|0
RZ1|209|2|Don|5|7|5|7|1|1|1|0|0
RZ1|CHK|209|2|30|7|5|3|0|10|5|0|1|0
RZ1|210|2|Don|5|8|5|8|1|1|1|0|0
RZ1|CHK|210|2|30|7|5|3|0|10|5|0|1|0
RZ1|211|2|Don|5|9|5|9|1|1|1|0|0
RZ1|CHK|211|2|30|7|5|3|0|10|5|0|1|0
[Opponent] Trash Kikunojo ["OP14-023">OP14-023]
[Opponent] Deploy Shanks ["OP17-022">OP17-022]
RZ1|212|2|OP14-023|2|1|6|5|1|1|0|0|0
RZ1|CHK|212|2|30|7|4|3|0|10|6|0|1|0
RZ1|213|2|OP17-022|1|3|2|4|1|1|0|0|0
RZ1|CHK|213|2|30|6|5|3|0|10|6|0|1|0
[Opponent] Shanks ["OP17-022">OP17-022]: Activate 1 Don
RZ1|214|2|Don|5|9|5|9|1|1|0|0|0
RZ1|CHK|214|2|30|6|5|3|0|10|6|0|1|0
[Opponent] Shanks ["OP17-022">OP17-022]: Activate 1 Don
RZ1|215|2|Don|5|8|5|8|1|1|0|0|0
RZ1|CHK|215|2|30|6|5|3|0|10|6|0|1|0
[Opponent] Shanks ["OP17-022">OP17-022]: Rest Charlotte Linlin ["OP17-049">OP17-049]
[Opponent] Dracule Mihawk ["OP14-020">OP14-020] attacking Rocks D. Xebec ["OP17-039">OP17-039]
RZ1|216|1|OP17-057|1|7|6|8|1|1|0|0|0
RZ1|CHK|216|1|26|9|4|2|1|8|9|0|1|1
[You] Shiki ["OP17-048">OP17-048]: Trash Fullalead ["OP17-057">OP17-057]
[You] Shiki ["OP17-048">OP17-048]: Buff Shanks ["OP17-022">OP17-022] -3000
RZ1|217|1|OP17-053|1|0|6|9|1|1|0|0|0
RZ1|CHK|217|1|26|8|4|2|1|8|10|0|1|1
[You] Charlotte Linlin ["OP17-049">OP17-049]: Trash Barbell ["OP17-053">OP17-053]
[You] Charlotte Linlin ["OP17-049">OP17-049]: Buff Rocks D. Xebec ["OP17-039">OP17-039] 1000 for the Combat
[You] Rocks Pirates ["OP17-056">OP17-056]: Activate Counter
RZ1|218|1|OP17-056|1|4|6|10|1|1|0|0|0
RZ1|CHK|218|1|26|7|4|2|1|8|11|0|1|1
[You] Rocks Pirates ["OP17-056">OP17-056]: Buff Rocks D. Xebec ["OP17-039">OP17-039] 2000 for the Combat
Dracule Mihawk ["OP14-020">OP14-020][6000] vs Rocks D. Xebec ["OP17-039">OP17-039][8000]
Attack Fails
[Opponent] Trafalgar Law ["OP13-031">OP13-031] attacking Rocks D. Xebec ["OP17-039">OP17-039]
[You] There's No Authority in the World ["OP17-055">OP17-055]: Activate Counter
RZ1|219|1|OP17-055|1|4|6|11|1|1|0|0|0
RZ1|CHK|219|1|26|6|4|2|1|8|12|0|1|1
[You] There's No Authority in the World ["OP17-055">OP17-055]: Buff Rocks D. Xebec ["OP17-039">OP17-039] 2000 for the Combat
Trafalgar Law ["OP13-031">OP13-031][6000] vs Rocks D. Xebec ["OP17-039">OP17-039][7000]
Attack Fails
[Opponent] Shanks ["OP17-022">OP17-022] attacking Shiki ["OP17-048">OP17-048]
Shanks ["OP17-022">OP17-022][9000] vs Shiki ["OP17-048">OP17-048][9000]
[You] Shiki ["OP17-048">OP17-048] Destroyed
RZ1|220|1|OP17-048|2|2|6|12|1|1|0|0|0
RZ1|CHK|220|1|26|6|3|2|1|8|13|0|1|1
[Opponent] Kawamatsu ["OP12-023">OP12-023] attacking Rocks D. Xebec ["OP17-039">OP17-039]
Kawamatsu ["OP12-023">OP12-023][6000] vs Rocks D. Xebec ["OP17-039">OP17-039][5000]
Rocks D. Xebec ["OP17-039">OP17-039] hit for 1 damage
RZ1|221|1|OP17-045|3|1|1|6|1|1|0|0|0
RZ1|CHK|221|1|26|7|3|1|1|8|13|0|1|1
[Opponent] You Can Be My Samurai!!! ["OP01-055">OP01-055]: Rest Kin'emon ["ST32-001">ST32-001]
[Opponent] You Can Be My Samurai!!! ["OP01-055">OP01-055]: Rest Yasopp ["OP17-031">OP17-031]
[Opponent] You Can Be My Samurai!!! ["OP01-055">OP01-055]: Draw 2 Card
[] Drew card from deck: Yasopp ["OP17-031">OP17-031]
RZ1|222|2|OP17-031|0|29|1|6|1|1|0|0|0
RZ1|CHK|222|2|29|7|5|3|0|10|6|0|1|0
[] Drew card from deck: Vander Decken IX ["OP06-033">OP06-033]
RZ1|223|2|OP06-033|0|28|1|7|1|1|0|0|0
RZ1|CHK|223|2|28|8|5|3|0|10|6|0|1|0
RZ1|224|2|Don|5|8|5|8|1|1|1|0|0
RZ1|CHK|224|2|28|8|5|3|0|10|6|0|1|0
RZ1|225|2|OP01-055|1|1|6|6|1|1|0|0|0
RZ1|CHK|225|2|28|7|5|3|0|10|7|0|1|0
[Opponent] Yasopp ["OP17-031">OP17-031]: Set Shanks ["OP17-022">OP17-022] to Active
[Opponent] Yasopp ["OP17-031">OP17-031] is no longer blocked from attacking
[] Hand: [OP13-040,OP13-040,OP13-031,OP07-022,OP06-038,OP17-031,OP06-033]
[] Board: [ST32-001,OP17-031,OP13-031,OP12-023,OP17-022]
[] Trash: [ST32-002,OP07-022,OP12-034,ST32-002,OP07-022,OP14-023,OP01-055]
[] Life: 3
[] Hand: [OP17-118,OP17-046,OP17-046,OP17-118,OP17-054,OP17-056,OP17-045]
[] Trash: [OP17-044,OP17-054,OP17-056,OP17-045,OP17-045,OP08-051,OP17-050,OP17-040,OP17-057,OP17-053,OP17-056,OP17-055,OP17-048]
[] Board: [OP17-054,OP17-042,OP17-049]
[] Life: 1
[Opponent] End Turn
[] Hand: [OP17-118,OP17-046,OP17-046,OP17-118,OP17-054,OP17-056,OP17-045]
[] Board: [OP17-054,OP17-042,OP17-049]
[] Trash: [OP17-044,OP17-054,OP17-056,OP17-045,OP17-045,OP08-051,OP17-050,OP17-040,OP17-057,OP17-053,OP17-056,OP17-055,OP17-048]
[] Life: 1
[] Hand: [OP13-040,OP13-040,OP13-031,OP07-022,OP06-038,OP17-031,OP06-033]
[] Trash: [ST32-002,OP07-022,OP12-034,ST32-002,OP07-022,OP14-023,OP01-055]
[] Board: [ST32-001,OP17-031,OP13-031,OP12-023,OP17-022]
[] Life: 3
RZ1|226|1|Don|9|9900|5|0|1|1|1|0|0
RZ1|CHK|226|1|26|7|3|1|1|9|13|0|1|0
[You] Draw 1 Card
[] Drew card from deck: There's No Authority in the World ["OP17-055">OP17-055]
RZ1|227|1|OP17-055|0|25|1|7|1|1|0|0|0
RZ1|CHK|227|1|25|8|3|1|1|9|13|0|1|0
RZ1|228|1|Don|4|0|5|9|1|1|0|0|0
RZ1|CHK|228|1|25|8|3|1|0|10|13|0|1|0
[You] Draw 2 Don
RZ1|229|1|Don|5|0|5|0|1|1|1|0|0
RZ1|CHK|229|1|25|8|3|1|0|10|13|0|1|0
RZ1|230|1|Don|5|1|5|1|1|1|1|0|0
RZ1|CHK|230|1|25|8|3|1|0|10|13|0|1|0
RZ1|231|1|Don|5|2|5|2|1|1|1|0|0
RZ1|CHK|231|1|25|8|3|1|0|10|13|0|1|0
RZ1|232|1|Don|5|3|5|3|1|1|1|0|0
RZ1|CHK|232|1|25|8|3|1|0|10|13|0|1|0
RZ1|233|1|Don|5|4|5|4|1|1|1|0|0
RZ1|CHK|233|1|25|8|3|1|0|10|13|0|1|0
RZ1|234|1|Don|5|5|5|5|1|1|1|0|0
RZ1|CHK|234|1|25|8|3|1|0|10|13|0|1|0
RZ1|235|1|Don|5|6|5|6|1|1|1|0|0
RZ1|CHK|235|1|25|8|3|1|0|10|13|0|1|0
RZ1|236|1|Don|5|7|5|7|1|1|1|0|0
RZ1|CHK|236|1|25|8|3|1|0|10|13|0|1|0
RZ1|237|1|Don|5|8|5|8|1|1|1|0|0
RZ1|CHK|237|1|25|8|3|1|0|10|13|0|1|0
RZ1|238|1|Don|5|9|5|9|1|1|1|0|0
RZ1|CHK|238|1|25|8|3|1|0|10|13|0|1|0
[You] Deploy Rocks D. Xebec ["OP17-118">OP17-118]
RZ1|239|1|OP17-118|1|0|2|3|1|1|0|0|0
RZ1|CHK|239|1|25|7|4|1|0|10|13|0|1|0
[] Drew card from deck: There's No Authority in the World ["OP17-055">OP17-055]
RZ1|240|1|OP17-055|0|24|1|7|1|1|0|0|0
RZ1|CHK|240|1|24|8|4|1|0|10|13|0|1|0
[You] Rocks D. Xebec ["OP17-118">OP17-118]: Draw 1 Card
RZ1|241|1|OP17-046|1|0|2|4|1|1|0|0|0
RZ1|CHK|241|1|24|7|5|1|0|10|13|0|1|0
[You] Rocks D. Xebec ["OP17-118">OP17-118]: Deploy Gloriosa ["OP17-046">OP17-046]
RZ1|242|1|OP17-049|2|2|6|13|1|1|0|0|0
RZ1|CHK|242|1|24|7|4|1|0|10|14|0|1|0
[You] Trash Charlotte Linlin ["OP17-049">OP17-049]
RZ1|243|1|OP17-054|1|2|2|4|1|1|0|0|0
RZ1|CHK|243|1|24|6|5|1|0|10|14|0|1|0
[You] Rocks D. Xebec ["OP17-118">OP17-118]: Deploy Stussy ["OP17-054">OP17-054]
[You] Gloriosa ["OP17-046">OP17-046]: Return Stussy ["OP17-054">OP17-054] to Deck Bottom
RZ1|244|1|OP17-054|2|0|0|0|0|0|0|0|0
RZ1|CHK|244|1|25|6|4|1|0|10|14|0|1|0
[You] Stussy ["OP17-054">OP17-054]: Yasopp ["OP17-031">OP17-031] can't attack next turn
[You] Kaido ["OP17-042">OP17-042] attacking Yasopp ["OP17-031">OP17-031]
[Opponent] I Know You're Strong... So I'll Go All Out ["OP13-040">OP13-040]: Activate Counter
[Opponent] I Know You're Strong... So I'll Go All Out ["OP13-040">OP13-040]: Rest 1 Don
RZ1|245|2|Don|5|9|5|9|1|1|1|0|0
RZ1|CHK|245|2|28|7|5|3|0|10|7|0|1|0
RZ1|246|2|OP13-040|1|0|6|7|1|1|0|0|0
RZ1|CHK|246|2|28|6|5|3|0|10|8|0|1|0
[Opponent] I Know You're Strong... So I'll Go All Out ["OP13-040">OP13-040]: Buff Dracule Mihawk ["OP14-020">OP14-020] 3000 for the Combat
[Opponent] Discard Yasopp ["OP17-031">OP17-031] for Counter 1000
RZ1|247|2|OP17-031|1|4|6|8|1|1|0|0|0
RZ1|CHK|247|2|28|5|5|3|0|10|9|0|1|0
Kaido ["OP17-042">OP17-042][6000] vs Yasopp ["OP17-031">OP17-031][7000]
Attack Fails
[You] Rocks D. Xebec ["OP17-039">OP17-039] attacking Dracule Mihawk ["OP14-020">OP14-020]
RZ1|248|1|OP17-045|1|3|6|14|1|1|0|0|0
RZ1|CHK|248|1|25|5|4|1|0|10|15|0|1|0
[You] Rocks D. Xebec ["OP17-039">OP17-039]: Trash Kyo ["OP17-045">OP17-045]
RZ1|249|1|OP17-050|0|24|0|24|0|0|0|0|0
RZ1|CHK|249|1|25|5|4|1|0|10|15|0|1|0
[You] Rocks D. Xebec ["OP17-039">OP17-039] revealed: Streusen ["OP17-050">OP17-050]
[] Drew card from deck: Streusen ["OP17-050">OP17-050]
RZ1|250|1|OP17-050|0|24|1|5|1|1|0|0|0
RZ1|CHK|250|1|24|6|4|1|0|10|15|0|1|0
[] Drew card from deck: Charlotte Linlin ["OP17-049">OP17-049]
RZ1|251|1|OP17-049|0|23|1|6|1|1|0|0|0
RZ1|CHK|251|1|23|7|4|1|0|10|15|0|1|0
[You] Rocks D. Xebec ["OP17-039">OP17-039]: Draw 2 Card
Rocks D. Xebec ["OP17-039">OP17-039][5000] vs Dracule Mihawk ["OP14-020">OP14-020][6000]
Attack Fails
[] Hand: [OP17-046,OP17-118,OP17-056,OP17-055,OP17-055,OP17-050,OP17-049]
[] Board: [OP17-042,OP17-118,OP17-046,OP17-054]
[] Trash: [OP17-044,OP17-054,OP17-056,OP17-045,OP17-045,OP08-051,OP17-050,OP17-040,OP17-057,OP17-053,OP17-056,OP17-055,OP17-048,OP17-049,OP17-045]
[] Life: 1
[] Hand: [OP13-040,OP13-031,OP07-022,OP06-038,OP06-033]
[] Trash: [ST32-002,OP07-022,OP12-034,ST32-002,OP07-022,OP14-023,OP01-055,OP13-040,OP17-031]
[] Board: [ST32-001,OP17-031,OP13-031,OP12-023,OP17-022]
[] Life: 3
[You] End Turn
[] Hand: [OP13-040,OP13-031,OP07-022,OP06-038,OP06-033]
[] Board: [ST32-001,OP17-031,OP13-031,OP12-023,OP17-022]
[] Trash: [ST32-002,OP07-022,OP12-034,ST32-002,OP07-022,OP14-023,OP01-055,OP13-040,OP17-031]
[] Life: 3
[] Hand: [OP17-046,OP17-118,OP17-056,OP17-055,OP17-055,OP17-050,OP17-049]
[] Trash: [OP17-044,OP17-054,OP17-056,OP17-045,OP17-045,OP08-051,OP17-050,OP17-040,OP17-057,OP17-053,OP17-056,OP17-055,OP17-048,OP17-049,OP17-045]
[] Board: [OP17-042,OP17-118,OP17-046,OP17-054]
[] Life: 1
[Opponent] Draw 1 Card
[] Drew card from deck: Billion-fold World Trichiliocosm ["OP06-038">OP06-038]
RZ1|252|2|OP06-038|0|27|1|5|1|1|0|0|0
RZ1|CHK|252|2|27|6|5|3|0|10|9|0|1|0
[Opponent] Dracule Mihawk ["OP14-020">OP14-020] attacking Rocks D. Xebec ["OP17-039">OP17-039]
Dracule Mihawk ["OP14-020">OP14-020][6000] vs Rocks D. Xebec ["OP17-039">OP17-039][5000]
Rocks D. Xebec ["OP17-039">OP17-039] hit for 1 damage
RZ1|253|1|OP08-051|3|0|1|7|1|1|0|0|0
RZ1|CHK|253|1|23|8|4|0|0|10|15|0|1|0
[Opponent] Trafalgar Law ["OP13-031">OP13-031] attacking Rocks D. Xebec ["OP17-039">OP17-039]
[You] Gloriosa ["OP17-046">OP17-046] Blocks
[You] Rocks Pirates ["OP17-056">OP17-056]: Activate Counter
RZ1|254|1|OP17-056|1|2|6|15|1|1|0|0|0
RZ1|CHK|254|1|23|7|4|0|0|10|16|0|1|0
[You] Rocks Pirates ["OP17-056">OP17-056]: Buff Gloriosa ["OP17-046">OP17-046] 2000 for the Combat
[You] There's No Authority in the World ["OP17-055">OP17-055]: Activate Counter
RZ1|255|1|OP17-055|1|2|6|16|1|1|0|0|0
RZ1|CHK|255|1|23|6|4|0|0|10|17|0|1|0
[You] There's No Authority in the World ["OP17-055">OP17-055]: Buff Gloriosa ["OP17-046">OP17-046] 2000 for the Combat
[You] There's No Authority in the World ["OP17-055">OP17-055]: Activate Counter
RZ1|256|1|OP17-055|1|2|6|17|1|1|0|0|0
RZ1|CHK|256|1|23|5|4|0|0|10|18|0|1|0
[You] There's No Authority in the World ["OP17-055">OP17-055]: Buff Gloriosa ["OP17-046">OP17-046] 2000 for the Combat
Trafalgar Law ["OP13-031">OP13-031][6000] vs Gloriosa ["OP17-046">OP17-046][7000]
Attack Fails
[Opponent] Kawamatsu ["OP12-023">OP12-023] attacking Rocks D. Xebec ["OP17-039">OP17-039]
Kawamatsu ["OP12-023">OP12-023][6000] vs Rocks D. Xebec ["OP17-039">OP17-039][5000]
Rocks D. Xebec ["OP17-039">OP17-039] hit for 1 damage
[You] <b>Downloaded the Combat Log!</b>
[You] Quits!