Version is 1.42c.2
[You] Leader is Rocks D. Xebec ["OP17-039">OP17-039]
RZ1|HDR|1.42c|2|RZ1
RZ1|PLY|1||OP17-039
RZ1|PLY|2||
[Opponent] Leader is Monkey D. Luffy ["OP13-001">OP13-001]
RZ1|1|2|OP13-027|0|32|0|0|0|0|0|0|0
RZ1|CHK|1|2|50|0|0|0|10|0|0|0|1|0
RZ1|2|2|EB02-017|0|16|0|1|0|0|0|0|0
RZ1|CHK|2|2|50|0|0|0|10|0|0|0|1|0
RZ1|3|2|OP13-027|0|32|0|2|0|0|0|0|0
RZ1|CHK|3|2|50|0|0|0|10|0|0|0|1|0
RZ1|4|2|EB04-007|0|9|0|3|0|0|0|0|0
RZ1|CHK|4|2|50|0|0|0|10|0|0|0|1|0
RZ1|5|2|OP13-027|0|32|0|4|0|0|0|0|0
RZ1|CHK|5|2|50|0|0|0|10|0|0|0|1|0
RZ1|6|2|OP14-022|0|26|0|5|0|0|0|0|0
RZ1|CHK|6|2|50|0|0|0|10|0|0|0|1|0
RZ1|7|2|OP13-040|0|40|0|6|0|0|0|0|0
RZ1|CHK|7|2|50|0|0|0|10|0|0|0|1|0
RZ1|8|2|OP01-016|0|8|0|7|0|0|0|0|0
RZ1|CHK|8|2|50|0|0|0|10|0|0|0|1|0
RZ1|9|2|OP15-035|0|23|0|8|0|0|0|0|0
RZ1|CHK|9|2|50|0|0|0|10|0|0|0|1|0
RZ1|10|2|OP13-118|0|36|0|9|0|0|0|0|0
RZ1|CHK|10|2|50|0|0|0|10|0|0|0|1|0
RZ1|11|2|OP15-032|0|38|0|10|0|0|0|0|0
RZ1|CHK|11|2|50|0|0|0|10|0|0|0|1|0
RZ1|12|2|OP14-031|0|35|0|11|0|0|0|0|0
RZ1|CHK|12|2|50|0|0|0|10|0|0|0|1|0
RZ1|13|2|OP01-016|0|13|0|12|0|0|0|0|0
RZ1|CHK|13|2|50|0|0|0|10|0|0|0|1|0
RZ1|14|2|OP05-038|0|44|0|13|0|0|0|0|0
RZ1|CHK|14|2|50|0|0|0|10|0|0|0|1|0
RZ1|15|2|OP14-031|0|35|0|14|0|0|0|0|0
RZ1|CHK|15|2|50|0|0|0|10|0|0|0|1|0
RZ1|16|2|OP10-011|0|18|0|15|0|0|0|0|0
RZ1|CHK|16|2|50|0|0|0|10|0|0|0|1|0
RZ1|17|2|OP13-118|0|38|0|16|0|0|0|0|0
RZ1|CHK|17|2|50|0|0|0|10|0|0|0|1|0
RZ1|18|2|EB02-017|0|27|0|17|0|0|0|0|0
RZ1|CHK|18|2|50|0|0|0|10|0|0|0|1|0
RZ1|19|2|OP13-040|0|41|0|18|0|0|0|0|0
RZ1|CHK|19|2|50|0|0|0|10|0|0|0|1|0
RZ1|20|2|EB04-007|0|22|0|19|0|0|0|0|0
RZ1|CHK|20|2|50|0|0|0|10|0|0|0|1|0
RZ1|21|2|EB04-007|0|23|0|20|0|0|0|0|0
RZ1|CHK|21|2|50|0|0|0|10|0|0|0|1|0
RZ1|22|2|OP13-118|0|40|0|21|0|0|0|0|0
RZ1|CHK|22|2|50|0|0|0|10|0|0|0|1|0
RZ1|23|2|OP13-027|0|40|0|22|0|0|0|0|0
RZ1|CHK|23|2|50|0|0|0|10|0|0|0|1|0
RZ1|24|2|OP13-040|0|41|0|23|0|0|0|0|0
RZ1|CHK|24|2|50|0|0|0|10|0|0|0|1|0
RZ1|25|2|EB04-007|0|27|0|24|0|0|0|0|0
RZ1|CHK|25|2|50|0|0|0|10|0|0|0|1|0
RZ1|26|2|ST31-005|0|46|0|27|0|0|0|0|0
RZ1|CHK|26|2|50|0|0|0|10|0|0|0|1|0
RZ1|27|2|OP15-035|0|35|0|28|0|0|0|0|0
RZ1|CHK|27|2|50|0|0|0|10|0|0|0|1|0
RZ1|28|2|EB02-017|0|34|0|29|0|0|0|0|0
RZ1|CHK|28|2|50|0|0|0|10|0|0|0|1|0
RZ1|29|2|OP14-022|0|41|0|30|0|0|0|0|0
RZ1|CHK|29|2|50|0|0|0|10|0|0|0|1|0
RZ1|30|2|OP13-037|0|37|0|31|0|0|0|0|0
RZ1|CHK|30|2|50|0|0|0|10|0|0|0|1|0
RZ1|31|2|OP14-031|0|42|0|32|0|0|0|0|0
RZ1|CHK|31|2|50|0|0|0|10|0|0|0|1|0
RZ1|32|2|OP05-038|0|46|0|33|0|0|0|0|0
RZ1|CHK|32|2|50|0|0|0|10|0|0|0|1|0
RZ1|33|2|OP16-004|0|36|0|34|0|0|0|0|0
RZ1|CHK|33|2|50|0|0|0|10|0|0|0|1|0
RZ1|34|2|OP05-038|0|46|0|35|0|0|0|0|0
RZ1|CHK|34|2|50|0|0|0|10|0|0|0|1|0
RZ1|35|2|OP05-038|0|46|0|36|0|0|0|0|0
RZ1|CHK|35|2|50|0|0|0|10|0|0|0|1|0
RZ1|36|2|EB02-017|0|40|0|37|0|0|0|0|0
RZ1|CHK|36|2|50|0|0|0|10|0|0|0|1|0
RZ1|37|2|OP13-040|0|46|0|38|0|0|0|0|0
RZ1|CHK|37|2|50|0|0|0|10|0|0|0|1|0
RZ1|38|2|ST31-005|0|47|0|39|0|0|0|0|0
RZ1|CHK|38|2|50|0|0|0|10|0|0|0|1|0
RZ1|39|2|ST31-005|0|48|0|40|0|0|0|0|0
RZ1|CHK|39|2|50|0|0|0|10|0|0|0|1|0
RZ1|40|2|OP13-037|0|45|0|41|0|0|0|0|0
RZ1|CHK|40|2|50|0|0|0|10|0|0|0|1|0
RZ1|41|2|OP13-037|0|46|0|45|0|0|0|0|0
RZ1|CHK|41|2|50|0|0|0|10|0|0|0|1|0
RZ1|42|2|ST31-005|0|49|0|46|0|0|0|0|0
RZ1|CHK|42|2|50|0|0|0|10|0|0|0|1|0
RZ1|43|2|OP14-022|0|48|0|47|0|0|0|0|0
RZ1|CHK|43|2|50|0|0|0|10|0|0|0|1|0
RZ1|44|2|OP14-022|0|49|0|48|0|0|0|0|0
RZ1|CHK|44|2|50|0|0|0|10|0|0|0|1|0
[] Drew card from deck: Gloriosa ["OP17-046">OP17-046]
RZ1|45|1|OP17-046|0|49|1|0|1|1|0|0|0
RZ1|CHK|45|1|49|1|0|0|10|0|0|0|1|0
[] Drew card from deck: Stussy ["OP17-054">OP17-054]
RZ1|46|1|OP17-054|0|48|1|1|1|1|0|0|0
RZ1|CHK|46|1|48|2|0|0|10|0|0|0|1|0
[] Drew card from deck: Don Marlon ["OP17-052">OP17-052]
RZ1|47|1|OP17-052|0|47|1|2|1|1|0|0|0
RZ1|CHK|47|1|47|3|0|0|10|0|0|0|1|0
[] Drew card from deck: There's No Authority in the World ["OP17-055">OP17-055]
RZ1|48|1|OP17-055|0|46|1|3|1|1|0|0|0
RZ1|CHK|48|1|46|4|0|0|10|0|0|0|1|0
[] Drew card from deck: Charlotte Linlin ["OP17-049">OP17-049]
RZ1|49|1|OP17-049|0|45|1|4|1|1|0|0|0
RZ1|CHK|49|1|45|5|0|0|10|0|0|0|1|0
[] Drew card from deck: Laboon ["OP15-035">OP15-035]
RZ1|50|2|OP15-035|0|49|1|0|1|1|0|0|0
RZ1|CHK|50|2|49|1|0|0|10|0|0|0|1|0
[] Drew card from deck: Usopp ["OP14-022">OP14-022]
RZ1|51|2|OP14-022|0|48|1|1|1|1|0|0|0
RZ1|CHK|51|2|48|2|0|0|10|0|0|0|1|0
[] Drew card from deck: Usopp ["OP14-022">OP14-022]
RZ1|52|2|OP14-022|0|47|1|2|1|1|0|0|0
RZ1|CHK|52|2|47|3|0|0|10|0|0|0|1|0
[] Drew card from deck: Thousand Sunny ["ST31-005">ST31-005]
RZ1|53|2|ST31-005|0|46|1|3|1|1|0|0|0
RZ1|CHK|53|2|46|4|0|0|10|0|0|0|1|0
[] Drew card from deck: Roronoa Zoro ["OP13-037">OP13-037]
RZ1|54|2|OP13-037|0|45|1|4|1|1|0|0|0
RZ1|CHK|54|2|45|5|0|0|10|0|0|0|1|0
RZ1|55|1|OP17-046|1|0|0|45|0|0|0|0|0
RZ1|CHK|55|1|46|4|0|0|10|0|0|0|1|0
RZ1|56|1|OP17-054|1|0|0|46|0|0|0|0|0
RZ1|CHK|56|1|47|3|0|0|10|0|0|0|1|0
RZ1|57|1|OP17-052|1|0|0|47|0|0|0|0|0
RZ1|CHK|57|1|48|2|0|0|10|0|0|0|1|0
RZ1|58|1|OP17-055|1|0|0|48|0|0|0|0|0
RZ1|CHK|58|1|49|1|0|0|10|0|0|0|1|0
RZ1|59|1|OP17-049|1|0|0|49|0|0|0|0|0
RZ1|CHK|59|1|50|0|0|0|10|0|0|0|1|0
RZ1|60|1|OP17-046|0|45|0|0|0|0|0|0|0
RZ1|CHK|60|1|50|0|0|0|10|0|0|0|1|0
RZ1|61|1|OP17-118|0|17|0|1|0|0|0|0|0
RZ1|CHK|61|1|50|0|0|0|10|0|0|0|1|0
RZ1|62|1|OP17-118|0|18|0|2|0|0|0|0|0
RZ1|CHK|62|1|50|0|0|0|10|0|0|0|1|0
RZ1|63|1|OP17-040|0|41|0|3|0|0|0|0|0
RZ1|CHK|63|1|50|0|0|0|10|0|0|0|1|0
RZ1|64|1|OP17-040|0|43|0|4|0|0|0|0|0
RZ1|CHK|64|1|50|0|0|0|10|0|0|0|1|0
RZ1|65|1|OP17-046|0|35|0|5|0|0|0|0|0
RZ1|CHK|65|1|50|0|0|0|10|0|0|0|1|0
RZ1|66|1|OP17-056|0|18|0|6|0|0|0|0|0
RZ1|CHK|66|1|50|0|0|0|10|0|0|0|1|0
RZ1|67|1|OP17-044|0|25|0|7|0|0|0|0|0
RZ1|CHK|67|1|50|0|0|0|10|0|0|0|1|0
RZ1|68|1|OP17-048|0|41|0|8|0|0|0|0|0
RZ1|CHK|68|1|50|0|0|0|10|0|0|0|1|0
RZ1|69|1|OP17-048|0|43|0|9|0|0|0|0|0
RZ1|CHK|69|1|50|0|0|0|10|0|0|0|1|0
RZ1|70|1|OP17-056|0|29|0|10|0|0|0|0|0
RZ1|CHK|70|1|50|0|0|0|10|0|0|0|1|0
RZ1|71|1|OP17-054|0|26|0|11|0|0|0|0|0
RZ1|CHK|71|1|50|0|0|0|10|0|0|0|1|0
RZ1|72|1|OP17-118|0|31|0|12|0|0|0|0|0
RZ1|CHK|72|1|50|0|0|0|10|0|0|0|1|0
RZ1|73|1|OP17-055|0|39|0|14|0|0|0|0|0
RZ1|CHK|73|1|50|0|0|0|10|0|0|0|1|0
RZ1|74|1|OP17-056|0|41|0|15|0|0|0|0|0
RZ1|CHK|74|1|50|0|0|0|10|0|0|0|1|0
RZ1|75|1|OP17-042|0|29|0|16|0|0|0|0|0
RZ1|CHK|75|1|50|0|0|0|10|0|0|0|1|0
RZ1|76|1|OP17-054|0|37|0|17|0|0|0|0|0
RZ1|CHK|76|1|50|0|0|0|10|0|0|0|1|0
RZ1|77|1|OP17-048|0|40|0|18|0|0|0|0|0
RZ1|CHK|77|1|50|0|0|0|10|0|0|0|1|0
RZ1|78|1|OP17-049|0|44|0|19|0|0|0|0|0
RZ1|CHK|78|1|50|0|0|0|10|0|0|0|1|0
RZ1|79|1|OP17-045|0|43|0|20|0|0|0|0|0
RZ1|CHK|79|1|50|0|0|0|10|0|0|0|1|0
RZ1|80|1|OP17-040|0|25|0|21|0|0|0|0|0
RZ1|CHK|80|1|50|0|0|0|10|0|0|0|1|0
RZ1|81|1|OP17-049|0|28|0|22|0|0|0|0|0
RZ1|CHK|81|1|50|0|0|0|10|0|0|0|1|0
RZ1|82|1|OP17-045|0|28|0|23|0|0|0|0|0
RZ1|CHK|82|1|50|0|0|0|10|0|0|0|1|0
RZ1|83|1|OP17-055|0|33|0|24|0|0|0|0|0
RZ1|CHK|83|1|50|0|0|0|10|0|0|0|1|0
RZ1|84|1|OP17-050|0|35|0|25|0|0|0|0|0
RZ1|CHK|84|1|50|0|0|0|10|0|0|0|1|0
RZ1|85|1|OP17-049|0|40|0|26|0|0|0|0|0
RZ1|CHK|85|1|50|0|0|0|10|0|0|0|1|0
RZ1|86|1|OP17-040|0|32|0|27|0|0|0|0|0
RZ1|CHK|86|1|50|0|0|0|10|0|0|0|1|0
RZ1|87|1|OP17-046|0|40|0|28|0|0|0|0|0
RZ1|CHK|87|1|50|0|0|0|10|0|0|0|1|0
RZ1|88|1|OP17-057|0|44|0|29|0|0|0|0|0
RZ1|CHK|88|1|50|0|0|0|10|0|0|0|1|0
RZ1|89|1|OP17-118|0|43|0|30|0|0|0|0|0
RZ1|CHK|89|1|50|0|0|0|10|0|0|0|1|0
RZ1|90|1|OP17-049|0|49|0|31|0|0|0|0|0
RZ1|CHK|90|1|50|0|0|0|10|0|0|0|1|0
RZ1|91|1|OP17-052|0|48|0|32|0|0|0|0|0
RZ1|CHK|91|1|50|0|0|0|10|0|0|0|1|0
RZ1|92|1|OP17-054|0|37|0|33|0|0|0|0|0
RZ1|CHK|92|1|50|0|0|0|10|0|0|0|1|0
RZ1|93|1|OP17-043|0|45|0|34|0|0|0|0|0
RZ1|CHK|93|1|50|0|0|0|10|0|0|0|1|0
RZ1|94|1|OP17-057|0|45|0|35|0|0|0|0|0
RZ1|CHK|94|1|50|0|0|0|10|0|0|0|1|0
RZ1|95|1|OP17-057|0|39|0|36|0|0|0|0|0
RZ1|CHK|95|1|50|0|0|0|10|0|0|0|1|0
RZ1|96|1|OP17-052|0|40|0|37|0|0|0|0|0
RZ1|CHK|96|1|50|0|0|0|10|0|0|0|1|0
RZ1|97|1|OP17-055|0|49|0|39|0|0|0|0|0
RZ1|CHK|97|1|50|0|0|0|10|0|0|0|1|0
RZ1|98|1|OP17-048|0|43|0|40|0|0|0|0|0
RZ1|CHK|98|1|50|0|0|0|10|0|0|0|1|0
RZ1|99|1|OP17-044|0|44|0|41|0|0|0|0|0
RZ1|CHK|99|1|50|0|0|0|10|0|0|0|1|0
RZ1|100|1|OP17-050|0|48|0|42|0|0|0|0|0
RZ1|CHK|100|1|50|0|0|0|10|0|0|0|1|0
RZ1|101|1|OP17-055|0|46|0|43|0|0|0|0|0
RZ1|CHK|101|1|50|0|0|0|10|0|0|0|1|0
RZ1|102|1|OP17-045|0|47|0|45|0|0|0|0|0
RZ1|CHK|102|1|50|0|0|0|10|0|0|0|1|0
RZ1|103|1|OP17-042|0|48|0|46|0|0|0|0|0
RZ1|CHK|103|1|50|0|0|0|10|0|0|0|1|0
[] Drew card from deck: Stussy ["OP17-054">OP17-054]
RZ1|104|1|OP17-054|0|49|1|0|1|1|0|0|0
RZ1|CHK|104|1|49|1|0|0|10|0|0|0|1|0
[] Drew card from deck: Gloriosa ["OP17-046">OP17-046]
RZ1|105|1|OP17-046|0|48|1|1|1|1|0|0|0
RZ1|CHK|105|1|48|2|0|0|10|0|0|0|1|0
[] Drew card from deck: Streusen ["OP17-050">OP17-050]
RZ1|106|1|OP17-050|0|47|1|2|1|1|0|0|0
RZ1|CHK|106|1|47|3|0|0|10|0|0|0|1|0
[] Drew card from deck: Kaido ["OP17-042">OP17-042]
RZ1|107|1|OP17-042|0|46|1|3|1|1|0|0|0
RZ1|CHK|107|1|46|4|0|0|10|0|0|0|1|0
[] Drew card from deck: Kyo ["OP17-045">OP17-045]
RZ1|108|1|OP17-045|0|45|1|4|1|1|0|0|0
RZ1|CHK|108|1|45|5|0|0|10|0|0|0|1|0
RZ1|109|1|OP17-056|0|44|3|0|1|0|0|0|0
RZ1|CHK|109|1|44|5|0|1|10|0|0|0|1|0
RZ1|110|1|OP17-055|0|43|3|1|1|0|0|0|0
RZ1|CHK|110|1|43|5|0|2|10|0|0|0|1|0
RZ1|111|1|OP17-050|0|42|3|2|1|0|0|0|0
RZ1|CHK|111|1|42|5|0|3|10|0|0|0|1|0
RZ1|112|1|OP17-044|0|41|3|3|1|0|0|0|0
RZ1|CHK|112|1|41|5|0|4|10|0|0|0|1|0
RZ1|113|1|OP17-048|0|40|3|4|1|0|0|0|0
RZ1|CHK|113|1|40|5|0|5|10|0|0|0|1|0
[] Hand after Mulligan: [OP17-054,OP17-046,OP17-050,OP17-042,OP17-045]
[You] Mulligan
RZ1|114|2|OP16-004|0|44|3|0|0|1|0|0|0
RZ1|CHK|114|2|44|5|0|1|10|0|0|0|1|0
RZ1|115|2|OP16-004|0|43|3|1|0|1|0|0|0
RZ1|CHK|115|2|43|5|0|2|10|0|0|0|1|0
RZ1|116|2|ST21-003|0|42|3|2|0|1|0|0|0
RZ1|CHK|116|2|42|5|0|3|10|0|0|0|1|0
RZ1|117|2|OP13-037|0|41|3|3|0|1|0|0|0
RZ1|CHK|117|2|41|5|0|4|10|0|0|0|1|0
[] Hand: [OP17-054,OP17-046,OP17-050,OP17-042,OP17-045]
[] Board: []
[] Trash: []
[] Life: 5
[] Hand: [OP15-035,OP14-022,OP14-022,ST31-005,OP13-037]
[] Trash: []
[] Board: []
[] Life: 4
RZ1|118|1|Don|4|9|5|0|1|1|0|0|0
RZ1|CHK|118|1|40|5|0|5|9|1|0|0|1|0
[You] Draw 1 Don
[] Hand: [OP17-054,OP17-046,OP17-050,OP17-042,OP17-045]
[] Board: []
[] Trash: []
[] Life: 5
[] Hand: [OP15-035,OP14-022,OP14-022,ST31-005,OP13-037]
[] Trash: []
[] Board: []
[] Life: 4
[You] End Turn
[] Hand: [OP15-035,OP14-022,OP14-022,ST31-005,OP13-037]
[] Board: []
[] Trash: []
[] Life: 4
[] Hand: [OP17-054,OP17-046,OP17-050,OP17-042,OP17-045]
[] Trash: []
[] Board: []
[] Life: 5
[Opponent] Draw 1 Card
[] Drew card from deck: Thousand Sunny ["ST31-005">ST31-005]
RZ1|119|2|ST31-005|0|40|1|5|1|1|0|0|0
RZ1|CHK|119|2|40|6|0|4|10|0|0|0|1|0
RZ1|120|2|Don|4|9|5|0|1|1|0|0|0
RZ1|CHK|120|2|40|6|0|4|9|1|0|0|1|0
RZ1|121|2|Don|4|8|5|1|1|1|0|0|0
RZ1|CHK|121|2|40|6|0|4|8|2|0|0|1|0
[Opponent] Draw 2 Don
RZ1|122|2|Don|5|0|5|0|1|1|1|0|0
RZ1|CHK|122|2|40|6|0|4|8|2|0|0|1|0
[Opponent] Deploy Laboon ["OP15-035">OP15-035]
RZ1|123|2|OP15-035|1|0|2|0|1|1|0|0|0
RZ1|CHK|123|2|40|5|1|4|8|2|0|0|1|0
[] Hand: [OP14-022,OP14-022,ST31-005,OP13-037,ST31-005]
[] Board: [OP15-035]
[] Trash: []
[] Life: 4
[] Hand: [OP17-054,OP17-046,OP17-050,OP17-042,OP17-045]
[] Trash: []
[] Board: []
[] Life: 5
[Opponent] End Turn
[] Hand: [OP17-054,OP17-046,OP17-050,OP17-042,OP17-045]
[] Board: []
[] Trash: []
[] Life: 5
[] Hand: [OP14-022,OP14-022,ST31-005,OP13-037,ST31-005]
[] Trash: []
[] Board: [OP15-035]
[] Life: 4
[You] Draw 1 Card
[] Drew card from deck: There's No Authority in the World ["OP17-055">OP17-055]
RZ1|124|1|OP17-055|0|39|1|5|1|1|0|0|0
RZ1|CHK|124|1|39|6|0|5|9|1|0|0|1|0
RZ1|125|1|Don|4|8|5|1|1|1|0|0|0
RZ1|CHK|125|1|39|6|0|5|8|2|0|0|1|0
RZ1|126|1|Don|4|7|5|2|1|1|0|0|0
RZ1|CHK|126|1|39|6|0|5|7|3|0|0|1|0
[You] Draw 2 Don
RZ1|127|1|Don|5|0|5|0|1|1|1|0|0
RZ1|CHK|127|1|39|6|0|5|7|3|0|0|1|0
[You] Deploy Streusen ["OP17-050">OP17-050]
RZ1|128|1|OP17-050|1|2|2|0|1|1|0|0|0
RZ1|CHK|128|1|39|5|1|5|7|3|0|0|1|0
[You] Placing Cards on Top of Deck
RZ1|129|1|OP17-052|0|37|0|38|0|0|0|0|0
RZ1|CHK|129|1|39|5|1|5|7|3|0|0|1|0
RZ1|130|1|OP17-043|0|37|0|38|0|0|0|0|0
RZ1|CHK|130|1|39|5|1|5|7|3|0|0|1|0
[] Drew card from deck: Ganzui ["OP17-043">OP17-043]
RZ1|131|1|OP17-043|0|38|1|5|1|1|0|0|0
RZ1|CHK|131|1|38|6|1|5|7|3|0|0|1|0
[You] Streusen ["OP17-050">OP17-050]: Draw 1 Card
RZ1|132|1|Don|5|1|5|1|1|1|1|0|0
RZ1|CHK|132|1|38|6|1|5|7|3|0|0|1|0
RZ1|133|1|Don|5|2|5|2|1|1|1|0|0
RZ1|CHK|133|1|38|6|1|5|7|3|0|0|1|0
[You] Deploy Kyo ["OP17-045">OP17-045]
RZ1|134|1|OP17-045|1|3|2|1|1|1|0|0|0
RZ1|CHK|134|1|38|5|2|5|7|3|0|0|1|0
[] Drew card from deck: Don Marlon ["OP17-052">OP17-052]
RZ1|135|1|OP17-052|0|37|1|5|1|1|0|0|0
RZ1|CHK|135|1|37|6|2|5|7|3|0|0|1|0
[You] Kyo ["OP17-045">OP17-045]: Draw 1 Card
[You] Rocks D. Xebec ["OP17-039">OP17-039] attacking Monkey D. Luffy ["OP13-001">OP13-001]
RZ1|136|1|OP17-052|1|5|6|0|1|1|0|0|0
RZ1|CHK|136|1|37|5|2|5|7|3|1|0|1|0
[You] Rocks D. Xebec ["OP17-039">OP17-039]: Trash Don Marlon ["OP17-052">OP17-052]
RZ1|137|1|OP17-057|0|36|0|36|0|0|0|0|0
RZ1|CHK|137|1|37|5|2|5|7|3|1|0|1|0
[You] Rocks D. Xebec ["OP17-039">OP17-039] revealed: Fullalead ["OP17-057">OP17-057]
[] Drew card from deck: Fullalead ["OP17-057">OP17-057]
RZ1|138|1|OP17-057|0|36|1|5|1|1|0|0|0
RZ1|CHK|138|1|36|6|2|5|7|3|1|0|1|0
[] Drew card from deck: Fullalead ["OP17-057">OP17-057]
RZ1|139|1|OP17-057|0|35|1|6|1|1|0|0|0
RZ1|CHK|139|1|35|7|2|5|7|3|1|0|1|0
[You] Rocks D. Xebec ["OP17-039">OP17-039]: Draw 2 Card
[Opponent] Discard Usopp ["OP14-022">OP14-022] for Counter 1000
RZ1|140|2|OP14-022|1|0|6|0|1|1|0|0|0
RZ1|CHK|140|2|40|4|1|4|8|2|1|0|1|0
Rocks D. Xebec ["OP17-039">OP17-039][5000] vs Monkey D. Luffy ["OP13-001">OP13-001][6000]
Attack Fails
[] Hand: [OP17-054,OP17-046,OP17-042,OP17-055,OP17-043,OP17-057,OP17-057]
[] Board: [OP17-050,OP17-045]
[] Trash: [OP17-052]
[] Life: 5
[] Hand: [OP14-022,ST31-005,OP13-037,ST31-005]
[] Trash: [OP14-022]
[] Board: [OP15-035]
[] Life: 4
[You] End Turn
[] Hand: [OP14-022,ST31-005,OP13-037,ST31-005]
[] Board: [OP15-035]
[] Trash: [OP14-022]
[] Life: 4
[] Hand: [OP17-054,OP17-046,OP17-042,OP17-055,OP17-043,OP17-057,OP17-057]
[] Trash: [OP17-052]
[] Board: [OP17-050,OP17-045]
[] Life: 5
[Opponent] Draw 1 Card
[] Drew card from deck: Thousand Sunny ["ST31-005">ST31-005]
RZ1|141|2|ST31-005|0|39|1|4|1|1|0|0|0
RZ1|CHK|141|2|39|5|1|4|8|2|1|0|1|0
RZ1|142|2|Don|4|7|5|2|1|1|0|0|0
RZ1|CHK|142|2|39|5|1|4|7|3|1|0|1|0
RZ1|143|2|Don|4|6|5|3|1|1|0|0|0
RZ1|CHK|143|2|39|5|1|4|6|4|1|0|1|0
[Opponent] Draw 2 Don
[Opponent] Monkey D. Luffy ["OP13-001">OP13-001] attacking Rocks D. Xebec ["OP17-039">OP17-039]
Monkey D. Luffy ["OP13-001">OP13-001][5000] vs Rocks D. Xebec ["OP17-039">OP17-039][5000]
Rocks D. Xebec ["OP17-039">OP17-039] hit for 1 damage
RZ1|144|1|OP17-048|3|4|1|7|1|1|0|0|0
RZ1|CHK|144|1|35|8|2|4|7|3|1|0|1|0
RZ1|145|2|Don|5|0|9|0|1|1|0|0|0
RZ1|CHK|145|2|39|5|1|4|6|3|1|0|1|1
RZ1|146|2|Don|5|0|9|1|1|1|0|0|0
RZ1|CHK|146|2|39|5|1|4|6|2|1|0|1|2
RZ1|147|2|Don|5|0|9|2|1|1|0|0|0
RZ1|CHK|147|2|39|5|1|4|6|1|1|0|1|3
[Opponent] Attach 3 Don to Laboon ["OP15-035">OP15-035] (3 Total)
[Opponent] Laboon ["OP15-035">OP15-035] attacking Rocks D. Xebec ["OP17-039">OP17-039]
Laboon ["OP15-035">OP15-035][5000] vs Rocks D. Xebec ["OP17-039">OP17-039][5000]
Rocks D. Xebec ["OP17-039">OP17-039] hit for 1 damage
RZ1|148|1|OP17-044|3|3|1|8|1|1|0|0|0
RZ1|CHK|148|1|35|9|2|3|7|3|1|0|1|0
[] Hand: [OP14-022,ST31-005,OP13-037,ST31-005,ST31-005]
[] Board: [OP15-035]
[] Trash: [OP14-022]
[] Life: 4
[] Hand: [OP17-054,OP17-046,OP17-042,OP17-055,OP17-043,OP17-057,OP17-057,OP17-048,OP17-044]
[] Trash: [OP17-052]
[] Board: [OP17-050,OP17-045]
[] Life: 3
[Opponent] End Turn
[] Hand: [OP17-054,OP17-046,OP17-042,OP17-055,OP17-043,OP17-057,OP17-057,OP17-048,OP17-044]
[] Board: [OP17-050,OP17-045]
[] Trash: [OP17-052]
[] Life: 3
[] Hand: [OP14-022,ST31-005,OP13-037,ST31-005,ST31-005]
[] Trash: [OP14-022]
[] Board: [OP15-035]
[] Life: 4
[You] Draw 1 Card
[] Drew card from deck: Ganzui ["OP17-043">OP17-043]
RZ1|149|1|OP17-043|0|34|1|9|1|1|0|0|0
RZ1|CHK|149|1|34|10|2|3|7|3|1|0|1|0
RZ1|150|1|Don|4|6|5|3|1|1|0|0|0
RZ1|CHK|150|1|34|10|2|3|6|4|1|0|1|0
RZ1|151|1|Don|4|5|5|4|1|1|0|0|0
RZ1|CHK|151|1|34|10|2|3|5|5|1|0|1|0
[You] Draw 2 Don
RZ1|152|1|Don|5|0|5|0|1|1|1|0|0
RZ1|CHK|152|1|34|10|2|3|5|5|1|0|1|0
[You] Deploy Fullalead ["OP17-057">OP17-057]
RZ1|153|1|OP17-057|1|6|7|0|1|1|0|0|0
RZ1|CHK|153|1|34|9|2|3|5|5|1|1|1|0
[You] Streusen ["OP17-050">OP17-050] attacking Laboon ["OP15-035">OP15-035]
Streusen ["OP17-050">OP17-050][2000] vs Laboon ["OP15-035">OP15-035][2000]
[Opponent] Laboon ["OP15-035">OP15-035] Destroyed
RZ1|154|2|Don|9|0|5|0|1|1|1|0|0
RZ1|CHK|154|2|39|5|1|4|6|2|1|0|1|2
RZ1|155|2|Don|9|0|5|0|1|1|1|0|0
RZ1|CHK|155|2|39|5|1|4|6|3|1|0|1|1
RZ1|156|2|Don|9|0|5|0|1|1|1|0|0
RZ1|CHK|156|2|39|5|1|4|6|4|1|0|1|0
RZ1|157|2|OP15-035|2|0|6|1|1|1|0|0|0
RZ1|CHK|157|2|39|5|0|4|6|4|2|0|1|0
[You] Rocks D. Xebec ["OP17-039">OP17-039] attacking Monkey D. Luffy ["OP13-001">OP13-001]
RZ1|158|1|OP17-057|1|5|6|1|1|1|0|0|0
RZ1|CHK|158|1|34|8|2|3|5|5|2|1|1|0
[You] Rocks D. Xebec ["OP17-039">OP17-039]: Trash Fullalead ["OP17-057">OP17-057]
RZ1|159|1|OP17-054|0|33|0|33|0|0|0|0|0
RZ1|CHK|159|1|34|8|2|3|5|5|2|1|1|0
[You] Rocks D. Xebec ["OP17-039">OP17-039] revealed: Stussy ["OP17-054">OP17-054]
[] Drew card from deck: Stussy ["OP17-054">OP17-054]
RZ1|160|1|OP17-054|0|33|1|8|1|1|0|0|0
RZ1|CHK|160|1|33|9|2|3|5|5|2|1|1|0
[] Drew card from deck: Don Marlon ["OP17-052">OP17-052]
RZ1|161|1|OP17-052|0|32|1|9|1|1|0|0|0
RZ1|CHK|161|1|32|10|2|3|5|5|2|1|1|0
[You] Rocks D. Xebec ["OP17-039">OP17-039]: Draw 2 Card
[Opponent] Discard Usopp ["OP14-022">OP14-022] for Counter 1000
RZ1|162|2|OP14-022|1|0|6|2|1|1|0|0|0
RZ1|CHK|162|2|39|4|0|4|6|4|3|0|1|0
Rocks D. Xebec ["OP17-039">OP17-039][5000] vs Monkey D. Luffy ["OP13-001">OP13-001][6000]
Attack Fails
RZ1|163|1|Don|5|1|5|1|1|1|1|0|0
RZ1|CHK|163|1|32|10|2|3|5|5|2|1|1|0
RZ1|164|1|Don|5|2|5|2|1|1|1|0|0
RZ1|CHK|164|1|32|10|2|3|5|5|2|1|1|0
RZ1|165|1|Don|5|3|5|3|1|1|1|0|0
RZ1|CHK|165|1|32|10|2|3|5|5|2|1|1|0
RZ1|166|1|Don|5|4|5|4|1|1|1|0|0
RZ1|CHK|166|1|32|10|2|3|5|5|2|1|1|0
[You] Deploy Captain John ["OP17-044">OP17-044]
RZ1|167|1|OP17-044|1|6|2|2|1|1|0|0|0
RZ1|CHK|167|1|32|9|3|3|5|5|2|1|1|0
[] Drew card from deck: Charlotte Linlin ["OP17-049">OP17-049]
RZ1|168|1|OP17-049|0|31|1|9|1|1|0|0|0
RZ1|CHK|168|1|31|10|3|3|5|5|2|1|1|0
[You] Captain John ["OP17-044">OP17-044]: Draw 1 Card
[You] Captain John ["OP17-044">OP17-044]: Rest Captain John ["OP17-044">OP17-044]
RZ1|169|1|OP17-052|1|8|6|2|1|1|0|0|0
RZ1|CHK|169|1|31|9|3|3|5|5|3|1|1|0
[You] Captain John ["OP17-044">OP17-044]: Trash Don Marlon ["OP17-052">OP17-052]
[] Hand: [OP17-054,OP17-046,OP17-042,OP17-055,OP17-043,OP17-048,OP17-043,OP17-054,OP17-049]
[] Board: [OP17-050,OP17-045,OP17-044]
[] Trash: [OP17-052,OP17-057,OP17-052]
[] Life: 3
[] Hand: [ST31-005,OP13-037,ST31-005,ST31-005]
[] Trash: [OP14-022,OP15-035,OP14-022]
[] Board: []
[] Life: 4
[You] End Turn
[] Hand: [ST31-005,OP13-037,ST31-005,ST31-005]
[] Board: []
[] Trash: [OP14-022,OP15-035,OP14-022]
[] Life: 4
[] Hand: [OP17-054,OP17-046,OP17-042,OP17-055,OP17-043,OP17-048,OP17-043,OP17-054,OP17-049]
[] Trash: [OP17-052,OP17-057,OP17-052]
[] Board: [OP17-050,OP17-045,OP17-044]
[] Life: 3
[Opponent] Draw 1 Card
[] Drew card from deck: I Know You're Strong... So I'll Go All Out ["OP13-040">OP13-040]
RZ1|170|2|OP13-040|0|38|1|4|1|1|0|0|0
RZ1|CHK|170|2|38|5|0|4|6|4|3|0|1|0
RZ1|171|2|Don|4|5|5|4|1|1|0|0|0
RZ1|CHK|171|2|38|5|0|4|5|5|3|0|1|0
RZ1|172|2|Don|4|4|5|5|1|1|0|0|0
RZ1|CHK|172|2|38|5|0|4|4|6|3|0|1|0
[Opponent] Draw 2 Don
[Opponent] I Know You're Strong... So I'll Go All Out ["OP13-040">OP13-040]: Rest 1 Don
RZ1|173|2|Don|5|0|5|0|1|1|1|0|0
RZ1|CHK|173|2|38|5|0|4|4|6|3|0|1|0
RZ1|174|2|OP13-040|1|4|6|3|1|1|0|0|0
RZ1|CHK|174|2|38|4|0|4|4|6|4|0|1|0
RZ1|175|2|Don|5|1|9|9900|1|1|0|0|0
RZ1|CHK|175|2|38|4|0|4|4|5|4|0|1|1
[Opponent] Attach 1 Don to Monkey D. Luffy ["OP13-001">OP13-001] (1 Total)
[Opponent] Monkey D. Luffy ["OP13-001">OP13-001] attacking Captain John ["OP17-044">OP17-044]
[You] Fullalead ["OP17-057">OP17-057]: Rest Fullalead ["OP17-057">OP17-057]
RZ1|176|1|OP17-043|1|6|6|3|1|1|0|0|0
RZ1|CHK|176|1|31|8|3|3|5|5|4|1|1|0
[You] Fullalead ["OP17-057">OP17-057]: Trash Ganzui ["OP17-043">OP17-043]
[You] Fullalead ["OP17-057">OP17-057]: Buff Captain John ["OP17-044">OP17-044] 1000 for the Combat
Monkey D. Luffy ["OP13-001">OP13-001][6000] vs Captain John ["OP17-044">OP17-044][7000]
Attack Fails
[] Hand: [ST31-005,OP13-037,ST31-005,ST31-005]
[] Board: []
[] Trash: [OP14-022,OP15-035,OP14-022,OP13-040]
[] Life: 4
[] Hand: [OP17-054,OP17-046,OP17-042,OP17-055,OP17-043,OP17-048,OP17-054,OP17-049]
[] Trash: [OP17-052,OP17-057,OP17-052,OP17-043]
[] Board: [OP17-050,OP17-045,OP17-044]
[] Life: 3
[Opponent] End Turn
[] Hand: [OP17-054,OP17-046,OP17-042,OP17-055,OP17-043,OP17-048,OP17-054,OP17-049]
[] Board: [OP17-050,OP17-045,OP17-044]
[] Trash: [OP17-052,OP17-057,OP17-052,OP17-043]
[] Life: 3
[] Hand: [ST31-005,OP13-037,ST31-005,ST31-005]
[] Trash: [OP14-022,OP15-035,OP14-022,OP13-040]
[] Board: []
[] Life: 4
[You] Draw 1 Card
[] Drew card from deck: Rocks D. Xebec ["OP17-118">OP17-118]
RZ1|177|1|OP17-118|0|30|1|8|1|1|0|0|0
RZ1|CHK|177|1|30|9|3|3|5|5|4|1|1|0
RZ1|178|1|Don|4|4|5|5|1|1|0|0|0
RZ1|CHK|178|1|30|9|3|3|4|6|4|1|1|0
RZ1|179|1|Don|4|3|5|6|1|1|0|0|0
RZ1|CHK|179|1|30|9|3|3|3|7|4|1|1|0
[You] Draw 2 Don
RZ1|180|1|Don|5|0|5|0|1|1|1|0|0
RZ1|CHK|180|1|30|9|3|3|3|7|4|1|1|0
RZ1|181|1|Don|5|1|5|1|1|1|1|0|0
RZ1|CHK|181|1|30|9|3|3|3|7|4|1|1|0
RZ1|182|1|Don|5|2|5|2|1|1|1|0|0
RZ1|CHK|182|1|30|9|3|3|3|7|4|1|1|0
RZ1|183|1|Don|5|3|5|3|1|1|1|0|0
RZ1|CHK|183|1|30|9|3|3|3|7|4|1|1|0
RZ1|184|1|Don|5|4|5|4|1|1|1|0|0
RZ1|CHK|184|1|30|9|3|3|3|7|4|1|1|0
RZ1|185|1|Don|5|5|5|5|1|1|1|0|0
RZ1|CHK|185|1|30|9|3|3|3|7|4|1|1|0
RZ1|186|1|Don|5|6|5|6|1|1|1|0|0
RZ1|CHK|186|1|30|9|3|3|3|7|4|1|1|0
[You] Deploy Shiki ["OP17-048">OP17-048]
RZ1|187|1|OP17-048|1|5|2|3|1|1|0|0|0
RZ1|CHK|187|1|30|8|4|3|3|7|4|1|1|0
[You] Captain John ["OP17-044">OP17-044] attacking Monkey D. Luffy ["OP13-001">OP13-001]
Captain John ["OP17-044">OP17-044][6000] vs Monkey D. Luffy ["OP13-001">OP13-001][5000]
Monkey D. Luffy ["OP13-001">OP13-001] hit for 1 damage
RZ1|188|2|OP13-037|3|3|1|4|1|1|0|0|0
RZ1|CHK|188|2|38|5|0|3|4|5|4|0|1|1
[You] Rocks D. Xebec ["OP17-039">OP17-039] attacking Monkey D. Luffy ["OP13-001">OP13-001]
RZ1|189|1|OP17-042|1|2|6|4|1|1|0|0|0
RZ1|CHK|189|1|30|7|4|3|3|7|5|1|1|0
[You] Rocks D. Xebec ["OP17-039">OP17-039]: Trash Kaido ["OP17-042">OP17-042]
RZ1|190|1|OP17-057|0|29|0|29|0|0|0|0|0
RZ1|CHK|190|1|30|7|4|3|3|7|5|1|1|0
[You] Rocks D. Xebec ["OP17-039">OP17-039] revealed: Fullalead ["OP17-057">OP17-057]
[] Drew card from deck: Fullalead ["OP17-057">OP17-057]
RZ1|191|1|OP17-057|0|29|1|7|1|1|0|0|0
RZ1|CHK|191|1|29|8|4|3|3|7|5|1|1|0
[] Drew card from deck: Gloriosa ["OP17-046">OP17-046]
RZ1|192|1|OP17-046|0|28|1|8|1|1|0|0|0
RZ1|CHK|192|1|28|9|4|3|3|7|5|1|1|0
[You] Rocks D. Xebec ["OP17-039">OP17-039]: Draw 2 Card
[Opponent] Discard Roronoa Zoro ["OP13-037">OP13-037] for Counter 1000
RZ1|193|2|OP13-037|1|1|6|4|1|1|0|0|0
RZ1|CHK|193|2|38|4|0|3|4|5|5|0|1|1
Rocks D. Xebec ["OP17-039">OP17-039][5000] vs Monkey D. Luffy ["OP13-001">OP13-001][6000]
Attack Fails
[] Hand: [OP17-054,OP17-046,OP17-055,OP17-043,OP17-054,OP17-049,OP17-118,OP17-057,OP17-046]
[] Board: [OP17-050,OP17-045,OP17-044,OP17-048]
[] Trash: [OP17-052,OP17-057,OP17-052,OP17-043,OP17-042]
[] Life: 3
[] Hand: [ST31-005,ST31-005,ST31-005,OP13-037]
[] Trash: [OP14-022,OP15-035,OP14-022,OP13-040,OP13-037]
[] Board: []
[] Life: 3
[You] End Turn
[] Hand: [ST31-005,ST31-005,ST31-005,OP13-037]
[] Board: []
[] Trash: [OP14-022,OP15-035,OP14-022,OP13-040,OP13-037]
[] Life: 3
[] Hand: [OP17-054,OP17-046,OP17-055,OP17-043,OP17-054,OP17-049,OP17-118,OP17-057,OP17-046]
[] Trash: [OP17-052,OP17-057,OP17-052,OP17-043,OP17-042]
[] Board: [OP17-050,OP17-045,OP17-044,OP17-048]
[] Life: 3
RZ1|194|2|Don|9|9900|5|0|1|1|1|0|0
RZ1|CHK|194|2|38|4|0|3|4|6|5|0|1|0
[Opponent] Draw 1 Card
[] Drew card from deck: Nami ["EB02-017">EB02-017]
RZ1|195|2|EB02-017|0|37|1|4|1|1|0|0|0
RZ1|CHK|195|2|37|5|0|3|4|6|5|0|1|0
RZ1|196|2|Don|4|3|5|6|1|1|0|0|0
RZ1|CHK|196|2|37|5|0|3|3|7|5|0|1|0
RZ1|197|2|Don|4|2|5|7|1|1|0|0|0
RZ1|CHK|197|2|37|5|0|3|2|8|5|0|1|0
[Opponent] Draw 2 Don
RZ1|198|2|Don|5|0|5|0|1|1|1|0|0
RZ1|CHK|198|2|37|5|0|3|2|8|5|0|1|0
[Opponent] Deploy Nami ["EB02-017">EB02-017]
RZ1|199|2|EB02-017|1|4|2|0|1|1|0|0|0
RZ1|CHK|199|2|37|4|1|3|2|8|5|0|1|0
[Opponent] <b>Picked no cards to Draw</b>
[Opponent] Placing Cards on Bottom of Deck
RZ1|200|2|OP05-038|0|36|0|0|0|0|0|0|0
RZ1|CHK|200|2|37|4|1|3|2|8|5|0|1|0
RZ1|201|2|OP05-038|0|36|0|0|0|0|0|0|0
RZ1|CHK|201|2|37|4|1|3|2|8|5|0|1|0
RZ1|202|2|OP16-004|0|36|0|0|0|0|0|0|0
RZ1|CHK|202|2|37|4|1|3|2|8|5|0|1|0
RZ1|203|2|OP05-038|0|36|0|0|0|0|0|0|0
RZ1|CHK|203|2|37|4|1|3|2|8|5|0|1|0
RZ1|204|2|OP14-031|0|36|0|0|0|0|0|0|0
RZ1|CHK|204|2|37|4|1|3|2|8|5|0|1|0
RZ1|205|2|Don|5|1|9|9900|1|1|0|0|0
RZ1|CHK|205|2|37|4|1|3|2|7|5|0|1|1
[Opponent] Attach 1 Don to Monkey D. Luffy ["OP13-001">OP13-001] (1 Total)
[Opponent] Monkey D. Luffy ["OP13-001">OP13-001] attacking Captain John ["OP17-044">OP17-044]
[You] Fullalead ["OP17-057">OP17-057]: Rest Fullalead ["OP17-057">OP17-057]
RZ1|206|1|OP17-057|1|7|6|5|1|1|0|0|0
RZ1|CHK|206|1|28|8|4|3|3|7|6|1|1|0
[You] Fullalead ["OP17-057">OP17-057]: Trash Fullalead ["OP17-057">OP17-057]
[You] Fullalead ["OP17-057">OP17-057]: Buff Captain John ["OP17-044">OP17-044] 1000 for the Combat
Monkey D. Luffy ["OP13-001">OP13-001][6000] vs Captain John ["OP17-044">OP17-044][7000]
Attack Fails
[] Hand: [ST31-005,ST31-005,ST31-005,OP13-037]
[] Board: [EB02-017]
[] Trash: [OP14-022,OP15-035,OP14-022,OP13-040,OP13-037]
[] Life: 3
[] Hand: [OP17-054,OP17-046,OP17-055,OP17-043,OP17-054,OP17-049,OP17-118,OP17-046]
[] Trash: [OP17-052,OP17-057,OP17-052,OP17-043,OP17-042,OP17-057]
[] Board: [OP17-050,OP17-045,OP17-044,OP17-048]
[] Life: 3
[Opponent] End Turn
[] Hand: [OP17-054,OP17-046,OP17-055,OP17-043,OP17-054,OP17-049,OP17-118,OP17-046]
[] Board: [OP17-050,OP17-045,OP17-044,OP17-048]
[] Trash: [OP17-052,OP17-057,OP17-052,OP17-043,OP17-042,OP17-057]
[] Life: 3
[] Hand: [ST31-005,ST31-005,ST31-005,OP13-037]
[] Trash: [OP14-022,OP15-035,OP14-022,OP13-040,OP13-037]
[] Board: [EB02-017]
[] Life: 3
[You] Draw 1 Card
[] Drew card from deck: Edward Newgate ["OP17-040">OP17-040]
RZ1|207|1|OP17-040|0|27|1|8|1|1|0|0|0
RZ1|CHK|207|1|27|9|4|3|3|7|6|1|1|0
RZ1|208|1|Don|4|2|5|7|1|1|0|0|0
RZ1|CHK|208|1|27|9|4|3|2|8|6|1|1|0
RZ1|209|1|Don|4|1|5|8|1|1|0|0|0
RZ1|CHK|209|1|27|9|4|3|1|9|6|1|1|0
[You] Draw 2 Don
RZ1|210|1|Don|5|0|5|0|1|1|1|0|0
RZ1|CHK|210|1|27|9|4|3|1|9|6|1|1|0
RZ1|211|1|Don|5|1|5|1|1|1|1|0|0
RZ1|CHK|211|1|27|9|4|3|1|9|6|1|1|0
RZ1|212|1|Don|5|2|5|2|1|1|1|0|0
RZ1|CHK|212|1|27|9|4|3|1|9|6|1|1|0
RZ1|213|1|Don|5|3|5|3|1|1|1|0|0
RZ1|CHK|213|1|27|9|4|3|1|9|6|1|1|0
RZ1|214|1|Don|5|4|5|4|1|1|1|0|0
RZ1|CHK|214|1|27|9|4|3|1|9|6|1|1|0
[You] Deploy Ganzui ["OP17-043">OP17-043]
RZ1|215|1|OP17-043|1|3|2|4|1|1|0|0|0
RZ1|CHK|215|1|27|8|5|3|1|9|6|1|1|0
[You] Ganzui ["OP17-043">OP17-043]: Grant Rocks D. Xebec ["OP17-039">OP17-039] 1000 until opponent's next turn end
RZ1|216|1|Don|5|5|5|5|1|1|1|0|0
RZ1|CHK|216|1|27|8|5|3|1|9|6|1|1|0
RZ1|217|1|Don|5|6|5|6|1|1|1|0|0
RZ1|CHK|217|1|27|8|5|3|1|9|6|1|1|0
RZ1|218|1|Don|5|7|5|7|1|1|1|0|0
RZ1|CHK|218|1|27|8|5|3|1|9|6|1|1|0
[You] Trash Streusen ["OP17-050">OP17-050]
[You] Deploy Stussy ["OP17-054">OP17-054]
RZ1|219|1|OP17-050|2|0|6|6|1|1|0|0|0
RZ1|CHK|219|1|27|8|4|3|1|9|7|1|1|0
RZ1|220|1|OP17-054|1|0|2|4|1|1|0|0|0
RZ1|CHK|220|1|27|7|5|3|1|9|7|1|1|0
[You] Stussy ["OP17-054">OP17-054]: Nami ["EB02-017">EB02-017] can't attack next turn
[You] Attach 1 Don to Kyo ["OP17-045">OP17-045] (1 Total)
RZ1|221|1|Don|5|8|9|0|1|1|0|0|0
RZ1|CHK|221|1|27|7|5|3|1|8|7|1|1|1
[You] Kyo ["OP17-045">OP17-045] attacking Monkey D. Luffy ["OP13-001">OP13-001]
[Opponent] Discard Roronoa Zoro ["OP13-037">OP13-037] for Counter 1000
RZ1|222|2|OP13-037|1|3|6|5|1|1|0|0|0
RZ1|CHK|222|2|37|3|1|3|2|7|6|0|1|1
Kyo ["OP17-045">OP17-045][5000] vs Monkey D. Luffy ["OP13-001">OP13-001][6000]
Attack Fails
[You] Captain John ["OP17-044">OP17-044] attacking Monkey D. Luffy ["OP13-001">OP13-001]
Captain John ["OP17-044">OP17-044][6000] vs Monkey D. Luffy ["OP13-001">OP13-001][5000]
Monkey D. Luffy ["OP13-001">OP13-001] hit for 1 damage
RZ1|223|2|ST21-003|3|2|1|3|1|1|0|0|0
RZ1|CHK|223|2|37|4|1|2|2|7|6|0|1|1
[You] Shiki ["OP17-048">OP17-048] attacking Monkey D. Luffy ["OP13-001">OP13-001]
Shiki ["OP17-048">OP17-048][9000] vs Monkey D. Luffy ["OP13-001">OP13-001][5000]
Monkey D. Luffy ["OP13-001">OP13-001] hit for 1 damage
RZ1|224|2|OP16-004|3|1|1|4|1|1|0|0|0
RZ1|CHK|224|2|37|5|1|1|2|7|6|0|1|1
[You] Rocks D. Xebec ["OP17-039">OP17-039] attacking Monkey D. Luffy ["OP13-001">OP13-001]
RZ1|225|1|OP17-040|1|6|6|7|1|1|0|0|0
RZ1|CHK|225|1|27|6|5|3|1|8|8|1|1|1
[You] Rocks D. Xebec ["OP17-039">OP17-039]: Trash Edward Newgate ["OP17-040">OP17-040]
RZ1|226|1|OP17-049|0|26|0|26|0|0|0|0|0
RZ1|CHK|226|1|27|6|5|3|1|8|8|1|1|1
[You] Rocks D. Xebec ["OP17-039">OP17-039] revealed: Charlotte Linlin ["OP17-049">OP17-049]
[] Drew card from deck: Charlotte Linlin ["OP17-049">OP17-049]
RZ1|227|1|OP17-049|0|26|1|6|1|1|0|0|0
RZ1|CHK|227|1|26|7|5|3|1|8|8|1|1|1
[] Drew card from deck: Streusen ["OP17-050">OP17-050]
RZ1|228|1|OP17-050|0|25|1|7|1|1|0|0|0
RZ1|CHK|228|1|25|8|5|3|1|8|8|1|1|1
[You] Rocks D. Xebec ["OP17-039">OP17-039]: Draw 2 Card
[Opponent] Discard Curiel ["OP16-004">OP16-004] for Counter 2000
RZ1|229|2|OP16-004|1|4|6|6|1|1|0|0|0
RZ1|CHK|229|2|37|4|1|1|2|7|7|0|1|1
Rocks D. Xebec ["OP17-039">OP17-039][6000] vs Monkey D. Luffy ["OP13-001">OP13-001][7000]
Attack Fails
[] Hand: [OP17-046,OP17-055,OP17-054,OP17-049,OP17-118,OP17-046,OP17-049,OP17-050]
[] Board: [OP17-045,OP17-044,OP17-048,OP17-043,OP17-054]
[] Trash: [OP17-052,OP17-057,OP17-052,OP17-043,OP17-042,OP17-057,OP17-050,OP17-040]
[] Life: 3
[] Hand: [ST31-005,ST31-005,ST31-005,ST21-003]
[] Trash: [OP14-022,OP15-035,OP14-022,OP13-040,OP13-037,OP13-037,OP16-004]
[] Board: [EB02-017]
[] Life: 1
[You] End Turn
[] Hand: [ST31-005,ST31-005,ST31-005,ST21-003]
[] Board: [EB02-017]
[] Trash: [OP14-022,OP15-035,OP14-022,OP13-040,OP13-037,OP13-037,OP16-004]
[] Life: 1
[] Hand: [OP17-046,OP17-055,OP17-054,OP17-049,OP17-118,OP17-046,OP17-049,OP17-050]
[] Trash: [OP17-052,OP17-057,OP17-052,OP17-043,OP17-042,OP17-057,OP17-050,OP17-040]
[] Board: [OP17-045,OP17-044,OP17-048,OP17-043,OP17-054]
[] Life: 3
RZ1|230|2|Don|9|9900|5|0|1|1|1|0|0
RZ1|CHK|230|2|37|4|1|1|2|8|7|0|1|0
[Opponent] Draw 1 Card
[] Drew card from deck: Roronoa Zoro ["OP13-037">OP13-037]
RZ1|231|2|OP13-037|0|36|1|4|1|1|0|0|0
RZ1|CHK|231|2|36|5|1|1|2|8|7|0|1|0
RZ1|232|2|Don|4|1|5|8|1|1|0|0|0
RZ1|CHK|232|2|36|5|1|1|1|9|7|0|1|0
RZ1|233|2|Don|4|0|5|9|1|1|0|0|0
RZ1|CHK|233|2|36|5|1|1|0|10|7|0|1|0
[Opponent] Draw 2 Don
RZ1|234|2|Don|5|0|9|9900|1|1|0|0|0
RZ1|CHK|234|2|36|5|1|1|0|9|7|0|1|1
[Opponent] Attach 1 Don to Monkey D. Luffy ["OP13-001">OP13-001] (1 Total)
[Opponent] Monkey D. Luffy ["OP13-001">OP13-001] attacking Captain John ["OP17-044">OP17-044]
[You] Fullalead ["OP17-057">OP17-057]: Rest Fullalead ["OP17-057">OP17-057]
RZ1|235|1|OP17-050|1|7|6|8|1|1|0|0|0
RZ1|CHK|235|1|25|7|5|3|1|8|9|1|1|1
[You] Fullalead ["OP17-057">OP17-057]: Trash Streusen ["OP17-050">OP17-050]
[You] Fullalead ["OP17-057">OP17-057]: Buff Captain John ["OP17-044">OP17-044] 1000 for the Combat
Monkey D. Luffy ["OP13-001">OP13-001][6000] vs Captain John ["OP17-044">OP17-044][7000]
Attack Fails
[Opponent] Nami ["EB02-017">EB02-017] is no longer blocked from attacking
[] Hand: [ST31-005,ST31-005,ST31-005,ST21-003,OP13-037]
[] Board: [EB02-017]
[] Trash: [OP14-022,OP15-035,OP14-022,OP13-040,OP13-037,OP13-037,OP16-004]
[] Life: 1
[] Hand: [OP17-046,OP17-055,OP17-054,OP17-049,OP17-118,OP17-046,OP17-049]
[] Trash: [OP17-052,OP17-057,OP17-052,OP17-043,OP17-042,OP17-057,OP17-050,OP17-040,OP17-050]
[] Board: [OP17-045,OP17-044,OP17-048,OP17-043,OP17-054]
[] Life: 3
[Opponent] End Turn
[] Hand: [OP17-046,OP17-055,OP17-054,OP17-049,OP17-118,OP17-046,OP17-049]
[] Board: [OP17-045,OP17-044,OP17-048,OP17-043,OP17-054]
[] Trash: [OP17-052,OP17-057,OP17-052,OP17-043,OP17-042,OP17-057,OP17-050,OP17-040,OP17-050]
[] Life: 3
[] Hand: [ST31-005,ST31-005,ST31-005,ST21-003,OP13-037]
[] Trash: [OP14-022,OP15-035,OP14-022,OP13-040,OP13-037,OP13-037,OP16-004]
[] Board: [EB02-017]
[] Life: 1
RZ1|236|1|Don|9|0|5|0|1|1|1|0|0
RZ1|CHK|236|1|25|7|5|3|1|9|9|1|1|0
[You] Draw 1 Card
[] Drew card from deck: There's No Authority in the World ["OP17-055">OP17-055]
RZ1|237|1|OP17-055|0|24|1|7|1|1|0|0|0
RZ1|CHK|237|1|24|8|5|3|1|9|9|1|1|0
RZ1|238|1|Don|4|0|5|9|1|1|0|0|0
RZ1|CHK|238|1|24|8|5|3|0|10|9|1|1|0
[You] Draw 2 Don
[You] Attach 1 Don to Stussy ["OP17-054">OP17-054] (1 Total)
RZ1|239|1|Don|5|9|9|400|1|1|0|0|0
RZ1|CHK|239|1|24|8|5|3|0|9|9|1|1|1
[You] Attach 1 Don to Stussy ["OP17-054">OP17-054] (2 Total)
RZ1|240|1|Don|5|8|9|401|1|1|0|0|0
RZ1|CHK|240|1|24|8|5|3|0|8|9|1|1|2
[You] Stussy ["OP17-054">OP17-054] attacking Monkey D. Luffy ["OP13-001">OP13-001]
[Opponent] Discard Sanji ["ST21-003">ST21-003] for Counter 2000
RZ1|241|2|ST21-003|1|3|6|7|1|1|0|0|0
RZ1|CHK|241|2|36|4|1|1|0|9|8|0|1|1
[Opponent] Discard Roronoa Zoro ["OP13-037">OP13-037] for Counter 1000
RZ1|242|2|OP13-037|1|3|6|8|1|1|0|0|0
RZ1|CHK|242|2|36|3|1|1|0|9|9|0|1|1
Stussy ["OP17-054">OP17-054][7000] vs Monkey D. Luffy ["OP13-001">OP13-001][8000]
Attack Fails
[You] Attach 1 Don to Ganzui ["OP17-043">OP17-043] (1 Total)
RZ1|243|1|Don|5|7|9|300|1|1|0|0|0
RZ1|CHK|243|1|24|8|5|3|0|7|9|1|1|3
[You] Ganzui ["OP17-043">OP17-043] attacking Monkey D. Luffy ["OP13-001">OP13-001]
Ganzui ["OP17-043">OP17-043][8000] vs Monkey D. Luffy ["OP13-001">OP13-001][5000]
Monkey D. Luffy ["OP13-001">OP13-001] hit for 1 damage
RZ1|244|2|OP16-004|3|0|1|3|1|1|0|0|0
RZ1|CHK|244|2|36|4|1|0|0|9|9|0|1|1
[You] Attach 7 Don to Shiki ["OP17-048">OP17-048] (7 Total)
RZ1|245|1|Don|5|0|9|200|1|1|0|0|0
RZ1|CHK|245|1|24|8|5|3|0|6|9|1|1|4
RZ1|246|1|Don|5|0|9|201|1|1|0|0|0
RZ1|CHK|246|1|24|8|5|3|0|5|9|1|1|5
RZ1|247|1|Don|5|0|9|202|1|1|0|0|0
RZ1|CHK|247|1|24|8|5|3|0|4|9|1|1|6
RZ1|248|1|Don|5|0|9|203|1|1|0|0|0
RZ1|CHK|248|1|24|8|5|3|0|3|9|1|1|7
RZ1|249|1|Don|5|0|9|204|1|1|0|0|0
RZ1|CHK|249|1|24|8|5|3|0|2|9|1|1|8
RZ1|250|1|Don|5|0|9|205|1|1|0|0|0
RZ1|CHK|250|1|24|8|5|3|0|1|9|1|1|9
RZ1|251|1|Don|5|0|9|206|1|1|0|0|0
RZ1|CHK|251|1|24|8|5|3|0|0|9|1|1|10
[You] Shiki ["OP17-048">OP17-048] attacking Monkey D. Luffy ["OP13-001">OP13-001]
Shiki ["OP17-048">OP17-048][16000] vs Monkey D. Luffy ["OP13-001">OP13-001][5000]
Monkey D. Luffy ["OP13-001">OP13-001] hit for 1 damage
[Opponent] <b>Downloaded the Combat Log!</b>
GameOver
