Version is 1.44a.24
[You] Leader is Rocks D. Xebec ["OP17-039">OP17-039]
RZ1|HDR|1.44a|2|RZ1
RZ1|PLY|1||OP17-039
RZ1|PLY|2||
[Opponent] Leader is Enel ["OP15-058">OP15-058]
RZ1|1|2|OP15-074|0|26|0|0|0|0|0|0|0
RZ1|CHK|1|2|50|0|0|0|6|0|0|0|1|0
RZ1|2|2|OP05-077|0|45|0|1|0|0|0|0|0
RZ1|CHK|2|2|50|0|0|0|6|0|0|0|1|0
RZ1|3|2|ST10-010|0|19|0|2|0|0|0|0|0
RZ1|CHK|3|2|50|0|0|0|6|0|0|0|1|0
RZ1|4|2|OP15-061|0|6|0|3|0|0|0|0|0
RZ1|CHK|4|2|50|0|0|0|6|0|0|0|1|0
RZ1|5|2|OP15-118|0|23|0|4|0|0|0|0|0
RZ1|CHK|5|2|50|0|0|0|6|0|0|0|1|0
RZ1|6|2|OP15-074|0|29|0|5|0|0|0|0|0
RZ1|CHK|6|2|50|0|0|0|6|0|0|0|1|0
RZ1|7|2|OP15-074|0|29|0|6|0|0|0|0|0
RZ1|CHK|7|2|50|0|0|0|6|0|0|0|1|0
RZ1|8|2|OP15-076|0|34|0|7|0|0|0|0|0
RZ1|CHK|8|2|50|0|0|0|6|0|0|0|1|0
RZ1|9|2|OP15-066|0|14|0|8|0|0|0|0|0
RZ1|CHK|9|2|50|0|0|0|6|0|0|0|1|0
RZ1|10|2|OP12-071|0|10|0|9|0|0|0|0|0
RZ1|CHK|10|2|50|0|0|0|6|0|0|0|1|0
RZ1|11|2|OP09-077|0|49|0|10|0|0|0|0|0
RZ1|CHK|11|2|50|0|0|0|6|0|0|0|1|0
RZ1|12|2|OP15-061|0|14|0|11|0|0|0|0|0
RZ1|CHK|12|2|50|0|0|0|6|0|0|0|1|0
RZ1|13|2|OP15-077|0|40|0|12|0|0|0|0|0
RZ1|CHK|13|2|50|0|0|0|6|0|0|0|1|0
RZ1|14|2|OP15-067|0|19|0|13|0|0|0|0|0
RZ1|CHK|14|2|50|0|0|0|6|0|0|0|1|0
RZ1|15|2|OP15-118|0|30|0|14|0|0|0|0|0
RZ1|CHK|15|2|50|0|0|0|6|0|0|0|1|0
RZ1|16|2|OP15-076|0|39|0|15|0|0|0|0|0
RZ1|CHK|16|2|50|0|0|0|6|0|0|0|1|0
RZ1|17|2|OP15-075|0|34|0|16|0|0|0|0|0
RZ1|CHK|17|2|50|0|0|0|6|0|0|0|1|0
RZ1|18|2|OP15-118|0|32|0|17|0|0|0|0|0
RZ1|CHK|18|2|50|0|0|0|6|0|0|0|1|0
RZ1|19|2|OP15-077|0|42|0|18|0|0|0|0|0
RZ1|CHK|19|2|50|0|0|0|6|0|0|0|1|0
RZ1|20|2|OP15-075|0|38|0|19|0|0|0|0|0
RZ1|CHK|20|2|50|0|0|0|6|0|0|0|1|0
RZ1|21|2|OP15-066|0|24|0|20|0|0|0|0|0
RZ1|CHK|21|2|50|0|0|0|6|0|0|0|1|0
RZ1|22|2|OP15-078|0|45|0|21|0|0|0|0|0
RZ1|CHK|22|2|50|0|0|0|6|0|0|0|1|0
RZ1|23|2|OP13-076|0|36|0|22|0|0|0|0|0
RZ1|CHK|23|2|50|0|0|0|6|0|0|0|1|0
RZ1|24|2|OP10-067|0|35|0|23|0|0|0|0|0
RZ1|CHK|24|2|50|0|0|0|6|0|0|0|1|0
RZ1|25|2|OP15-066|0|28|0|24|0|0|0|0|0
RZ1|CHK|25|2|50|0|0|0|6|0|0|0|1|0
RZ1|26|2|OP15-076|0|41|0|25|0|0|0|0|0
RZ1|CHK|26|2|50|0|0|0|6|0|0|0|1|0
RZ1|27|2|ST10-010|0|34|0|26|0|0|0|0|0
RZ1|CHK|27|2|50|0|0|0|6|0|0|0|1|0
RZ1|28|2|OP15-066|0|30|0|27|0|0|0|0|0
RZ1|CHK|28|2|50|0|0|0|6|0|0|0|1|0
RZ1|29|2|OP15-077|0|43|0|28|0|0|0|0|0
RZ1|CHK|29|2|50|0|0|0|6|0|0|0|1|0
RZ1|30|2|OP15-075|0|40|0|29|0|0|0|0|0
RZ1|CHK|30|2|50|0|0|0|6|0|0|0|1|0
RZ1|31|2|OP15-075|0|41|0|30|0|0|0|0|0
RZ1|CHK|31|2|50|0|0|0|6|0|0|0|1|0
RZ1|32|2|OP15-067|0|36|0|31|0|0|0|0|0
RZ1|CHK|32|2|50|0|0|0|6|0|0|0|1|0
RZ1|33|2|OP15-077|0|43|0|32|0|0|0|0|0
RZ1|CHK|33|2|50|0|0|0|6|0|0|0|1|0
RZ1|34|2|OP15-118|0|41|0|34|0|0|0|0|0
RZ1|CHK|34|2|50|0|0|0|6|0|0|0|1|0
RZ1|35|2|OP15-074|0|42|0|35|0|0|0|0|0
RZ1|CHK|35|2|50|0|0|0|6|0|0|0|1|0
RZ1|36|2|OP09-072|0|40|0|36|0|0|0|0|0
RZ1|CHK|36|2|50|0|0|0|6|0|0|0|1|0
RZ1|37|2|OP15-067|0|39|0|38|0|0|0|0|0
RZ1|CHK|37|2|50|0|0|0|6|0|0|0|1|0
RZ1|38|2|OP05-077|0|48|0|39|0|0|0|0|0
RZ1|CHK|38|2|50|0|0|0|6|0|0|0|1|0
RZ1|39|2|OP15-078|0|46|0|40|0|0|0|0|0
RZ1|CHK|39|2|50|0|0|0|6|0|0|0|1|0
RZ1|40|2|ST10-010|0|43|0|41|0|0|0|0|0
RZ1|CHK|40|2|50|0|0|0|6|0|0|0|1|0
RZ1|41|2|OP15-078|0|46|0|42|0|0|0|0|0
RZ1|CHK|41|2|50|0|0|0|6|0|0|0|1|0
RZ1|42|2|OP15-078|0|47|0|43|0|0|0|0|0
RZ1|CHK|42|2|50|0|0|0|6|0|0|0|1|0
RZ1|43|2|OP09-077|0|49|0|44|0|0|0|0|0
RZ1|CHK|43|2|50|0|0|0|6|0|0|0|1|0
RZ1|44|2|OP05-077|0|49|0|45|0|0|0|0|0
RZ1|CHK|44|2|50|0|0|0|6|0|0|0|1|0
RZ1|45|2|OP15-067|0|47|0|46|0|0|0|0|0
RZ1|CHK|45|2|50|0|0|0|6|0|0|0|1|0
[] Drew card from deck: Stussy ["OP17-054">OP17-054]
RZ1|46|1|OP17-054|0|49|1|0|1|1|0|0|0
RZ1|CHK|46|1|49|1|0|0|10|0|0|0|1|0
[] Drew card from deck: Shiki ["OP17-048">OP17-048]
RZ1|47|1|OP17-048|0|48|1|1|1|1|0|0|0
RZ1|CHK|47|1|48|2|0|0|10|0|0|0|1|0
[] Drew card from deck: Gloriosa ["OP17-046">OP17-046]
RZ1|48|1|OP17-046|0|47|1|2|1|1|0|0|0
RZ1|CHK|48|1|47|3|0|0|10|0|0|0|1|0
[] Drew card from deck: Charlotte Linlin ["OP17-049">OP17-049]
RZ1|49|1|OP17-049|0|46|1|3|1|1|0|0|0
RZ1|CHK|49|1|46|4|0|0|10|0|0|0|1|0
[] Drew card from deck: Kyo ["OP17-045">OP17-045]
RZ1|50|1|OP17-045|0|45|1|4|1|1|0|0|0
RZ1|CHK|50|1|45|5|0|0|10|0|0|0|1|0
[] Drew card from deck: Lightning Beast Kiten ["OP15-076">OP15-076]
RZ1|51|2|OP15-076|0|49|1|0|1|1|0|0|0
RZ1|CHK|51|2|49|1|0|0|6|0|0|0|1|0
[] Drew card from deck: Senor Pink ["OP10-067">OP10-067]
RZ1|52|2|OP10-067|0|48|1|1|1|1|0|0|0
RZ1|CHK|52|2|48|2|0|0|6|0|0|0|1|0
[] Drew card from deck: Ohm ["OP15-061">OP15-061]
RZ1|53|2|OP15-061|0|47|1|2|1|1|0|0|0
RZ1|CHK|53|2|47|3|0|0|6|0|0|0|1|0
[] Drew card from deck: Shura ["OP15-067">OP15-067]
RZ1|54|2|OP15-067|0|46|1|3|1|1|0|0|0
RZ1|CHK|54|2|46|4|0|0|6|0|0|0|1|0
[] Drew card from deck: Gamma Knife ["OP05-077">OP05-077]
RZ1|55|2|OP05-077|0|45|1|4|1|1|0|0|0
RZ1|CHK|55|2|45|5|0|0|6|0|0|0|1|0
RZ1|56|1|OP17-040|0|44|3|0|1|0|0|0|0
RZ1|CHK|56|1|44|5|0|1|10|0|0|0|1|0
RZ1|57|1|OP17-043|0|43|3|1|1|0|0|0|0
RZ1|CHK|57|1|43|5|0|2|10|0|0|0|1|0
RZ1|58|1|OP17-056|0|42|3|2|1|0|0|0|0
RZ1|CHK|58|1|42|5|0|3|10|0|0|0|1|0
RZ1|59|1|OP17-057|0|41|3|3|1|0|0|0|0
RZ1|CHK|59|1|41|5|0|4|10|0|0|0|1|0
RZ1|60|1|OP17-046|0|40|3|4|1|0|0|0|0
RZ1|CHK|60|1|40|5|0|5|10|0|0|0|1|0
RZ1|61|2|OP15-076|1|0|0|45|0|0|0|0|0
RZ1|CHK|61|2|46|4|0|0|6|0|0|0|1|0
RZ1|62|2|OP10-067|1|0|0|46|0|0|0|0|0
RZ1|CHK|62|2|47|3|0|0|6|0|0|0|1|0
RZ1|63|2|OP15-061|1|0|0|47|0|0|0|0|0
RZ1|CHK|63|2|48|2|0|0|6|0|0|0|1|0
RZ1|64|2|OP15-067|1|0|0|48|0|0|0|0|0
RZ1|CHK|64|2|49|1|0|0|6|0|0|0|1|0
RZ1|65|2|OP05-077|1|0|0|49|0|0|0|0|0
RZ1|CHK|65|2|50|0|0|0|6|0|0|0|1|0
RZ1|66|2|OP10-067|0|46|0|0|0|0|0|0|0
RZ1|CHK|66|2|50|0|0|0|6|0|0|0|1|0
RZ1|67|2|OP15-076|0|16|0|1|0|0|0|0|0
RZ1|CHK|67|2|50|0|0|0|6|0|0|0|1|0
RZ1|68|2|OP09-077|0|45|0|2|0|0|0|0|0
RZ1|CHK|68|2|50|0|0|0|6|0|0|0|1|0
RZ1|69|2|OP15-077|0|34|0|3|0|0|0|0|0
RZ1|CHK|69|2|50|0|0|0|6|0|0|0|1|0
RZ1|70|2|OP09-072|0|38|0|4|0|0|0|0|0
RZ1|CHK|70|2|50|0|0|0|6|0|0|0|1|0
RZ1|71|2|OP15-067|0|48|0|5|0|0|0|0|0
RZ1|CHK|71|2|50|0|0|0|6|0|0|0|1|0
RZ1|72|2|OP15-078|0|45|0|6|0|0|0|0|0
RZ1|CHK|72|2|50|0|0|0|6|0|0|0|1|0
RZ1|73|2|OP15-066|0|15|0|7|0|0|0|0|0
RZ1|CHK|73|2|50|0|0|0|6|0|0|0|1|0
RZ1|74|2|OP05-077|0|49|0|8|0|0|0|0|0
RZ1|CHK|74|2|50|0|0|0|6|0|0|0|1|0
RZ1|75|2|OP15-076|0|48|0|9|0|0|0|0|0
RZ1|CHK|75|2|50|0|0|0|6|0|0|0|1|0
RZ1|76|2|OP15-118|0|23|0|10|0|0|0|0|0
RZ1|CHK|76|2|50|0|0|0|6|0|0|0|1|0
RZ1|77|2|OP15-061|0|49|0|11|0|0|0|0|0
RZ1|CHK|77|2|50|0|0|0|6|0|0|0|1|0
RZ1|78|2|OP15-066|0|29|0|12|0|0|0|0|0
RZ1|CHK|78|2|50|0|0|0|6|0|0|0|1|0
RZ1|79|2|OP12-071|0|41|0|13|0|0|0|0|0
RZ1|CHK|79|2|50|0|0|0|6|0|0|0|1|0
RZ1|80|2|OP15-075|0|40|0|14|0|0|0|0|0
RZ1|CHK|80|2|50|0|0|0|6|0|0|0|1|0
RZ1|81|2|OP15-067|0|27|0|15|0|0|0|0|0
RZ1|CHK|81|2|50|0|0|0|6|0|0|0|1|0
RZ1|82|2|OP15-061|0|44|0|16|0|0|0|0|0
RZ1|CHK|82|2|50|0|0|0|6|0|0|0|1|0
RZ1|83|2|ST10-010|0|38|0|17|0|0|0|0|0
RZ1|CHK|83|2|50|0|0|0|6|0|0|0|1|0
RZ1|84|2|OP15-077|0|40|0|18|0|0|0|0|0
RZ1|CHK|84|2|50|0|0|0|6|0|0|0|1|0
RZ1|85|2|OP15-067|0|42|0|19|0|0|0|0|0
RZ1|CHK|85|2|50|0|0|0|6|0|0|0|1|0
RZ1|86|2|OP15-066|0|41|0|20|0|0|0|0|0
RZ1|CHK|86|2|50|0|0|0|6|0|0|0|1|0
RZ1|87|2|OP15-077|0|32|0|21|0|0|0|0|0
RZ1|CHK|87|2|50|0|0|0|6|0|0|0|1|0
RZ1|88|2|ST10-010|0|48|0|22|0|0|0|0|0
RZ1|CHK|88|2|50|0|0|0|6|0|0|0|1|0
RZ1|89|2|OP15-067|0|46|0|23|0|0|0|0|0
RZ1|CHK|89|2|50|0|0|0|6|0|0|0|1|0
RZ1|90|2|OP15-076|0|31|0|24|0|0|0|0|0
RZ1|CHK|90|2|50|0|0|0|6|0|0|0|1|0
RZ1|91|2|OP15-077|0|37|0|25|0|0|0|0|0
RZ1|CHK|91|2|50|0|0|0|6|0|0|0|1|0
RZ1|92|2|OP05-077|0|27|0|26|0|0|0|0|0
RZ1|CHK|92|2|50|0|0|0|6|0|0|0|1|0
RZ1|93|2|OP15-118|0|45|0|27|0|0|0|0|0
RZ1|CHK|93|2|50|0|0|0|6|0|0|0|1|0
RZ1|94|2|OP09-077|0|35|0|28|0|0|0|0|0
RZ1|CHK|94|2|50|0|0|0|6|0|0|0|1|0
RZ1|95|2|OP15-118|0|38|0|29|0|0|0|0|0
RZ1|CHK|95|2|50|0|0|0|6|0|0|0|1|0
RZ1|96|2|OP15-074|0|34|0|30|0|0|0|0|0
RZ1|CHK|96|2|50|0|0|0|6|0|0|0|1|0
RZ1|97|2|OP15-076|0|44|0|31|0|0|0|0|0
RZ1|CHK|97|2|50|0|0|0|6|0|0|0|1|0
RZ1|98|2|OP15-061|0|34|0|32|0|0|0|0|0
RZ1|CHK|98|2|50|0|0|0|6|0|0|0|1|0
RZ1|99|2|OP13-076|0|42|0|33|0|0|0|0|0
RZ1|CHK|99|2|50|0|0|0|6|0|0|0|1|0
RZ1|100|2|OP15-078|0|49|0|34|0|0|0|0|0
RZ1|CHK|100|2|50|0|0|0|6|0|0|0|1|0
RZ1|101|2|ST10-010|0|36|0|35|0|0|0|0|0
RZ1|CHK|101|2|50|0|0|0|6|0|0|0|1|0
RZ1|102|2|OP15-061|0|40|0|37|0|0|0|0|0
RZ1|CHK|102|2|50|0|0|0|6|0|0|0|1|0
RZ1|103|2|OP15-078|0|49|0|38|0|0|0|0|0
RZ1|CHK|103|2|50|0|0|0|6|0|0|0|1|0
RZ1|104|2|OP15-066|0|46|0|39|0|0|0|0|0
RZ1|CHK|104|2|50|0|0|0|6|0|0|0|1|0
RZ1|105|2|OP10-067|0|46|0|40|0|0|0|0|0
RZ1|CHK|105|2|50|0|0|0|6|0|0|0|1|0
RZ1|106|2|OP12-071|0|43|0|41|0|0|0|0|0
RZ1|CHK|106|2|50|0|0|0|6|0|0|0|1|0
RZ1|107|2|OP15-075|0|47|0|42|0|0|0|0|0
RZ1|CHK|107|2|50|0|0|0|6|0|0|0|1|0
RZ1|108|2|OP15-074|0|48|0|43|0|0|0|0|0
RZ1|CHK|108|2|50|0|0|0|6|0|0|0|1|0
RZ1|109|2|OP05-077|0|49|0|44|0|0|0|0|0
RZ1|CHK|109|2|50|0|0|0|6|0|0|0|1|0
[] Drew card from deck: Mamaragan ["OP15-078">OP15-078]
RZ1|110|2|OP15-078|0|49|1|0|1|1|0|0|0
RZ1|CHK|110|2|49|1|0|0|6|0|0|0|1|0
[] Drew card from deck: El Thor ["OP15-075">OP15-075]
RZ1|111|2|OP15-075|0|48|1|1|1|1|0|0|0
RZ1|CHK|111|2|48|2|0|0|6|0|0|0|1|0
[] Drew card from deck: El Thor ["OP15-075">OP15-075]
RZ1|112|2|OP15-075|0|47|1|2|1|1|0|0|0
RZ1|CHK|112|2|47|3|0|0|6|0|0|0|1|0
[] Drew card from deck: Varie ["OP15-074">OP15-074]
RZ1|113|2|OP15-074|0|46|1|3|1|1|0|0|0
RZ1|CHK|113|2|46|4|0|0|6|0|0|0|1|0
[] Drew card from deck: Enel ["OP15-118">OP15-118]
RZ1|114|2|OP15-118|0|45|1|4|1|1|0|0|0
RZ1|CHK|114|2|45|5|0|0|6|0|0|0|1|0
RZ1|115|2|OP05-077|0|44|3|0|0|1|0|0|0
RZ1|CHK|115|2|44|5|0|1|6|0|0|0|1|0
RZ1|116|2|OP15-074|0|43|3|1|0|1|0|0|0
RZ1|CHK|116|2|43|5|0|2|6|0|0|0|1|0
RZ1|117|2|OP15-075|0|42|3|2|0|1|0|0|0
RZ1|CHK|117|2|42|5|0|3|6|0|0|0|1|0
RZ1|118|2|OP12-071|0|41|3|3|0|1|0|0|0
RZ1|CHK|118|2|41|5|0|4|6|0|0|0|1|0
RZ1|119|2|OP10-067|0|40|3|4|0|1|0|0|0
RZ1|CHK|119|2|40|5|0|5|6|0|0|0|1|0
[] Hand after Mulligan: [OP15-078,OP15-075,OP15-075,OP15-074,OP15-118]
[Opponent] Mulligan
[] Hand: [OP17-054,OP17-048,OP17-046,OP17-049,OP17-045]
[] Board: []
[] Trash: []
[] Life: 5
[] Hand: [OP15-078,OP15-075,OP15-075,OP15-074,OP15-118]
[] Trash: []
[] Board: []
[] Life: 5
RZ1|120|1|Don|4|9|5|0|1|1|0|0|0
RZ1|CHK|120|1|40|5|0|5|9|1|0|0|1|0
[You] Draw 1 Don
[] Hand: [OP17-054,OP17-048,OP17-046,OP17-049,OP17-045]
[] Board: []
[] Trash: []
[] Life: 5
[] Hand: [OP15-078,OP15-075,OP15-075,OP15-074,OP15-118]
[] Trash: []
[] Board: []
[] Life: 5
[You] End Turn
[] Hand: [OP15-078,OP15-075,OP15-075,OP15-074,OP15-118]
[] Board: []
[] Trash: []
[] Life: 5
[] Hand: [OP17-054,OP17-048,OP17-046,OP17-049,OP17-045]
[] Trash: []
[] Board: []
[] Life: 5
[Opponent] Draw 1 Card
[] Drew card from deck: Satori ["OP15-066">OP15-066]
RZ1|121|2|OP15-066|0|39|1|5|1|1|0|0|0
RZ1|CHK|121|2|39|6|0|5|6|0|0|0|1|0
RZ1|122|2|Don|4|5|5|0|1|1|0|0|0
RZ1|CHK|122|2|39|6|0|5|5|1|0|0|1|0
RZ1|123|2|Don|4|4|5|1|1|1|0|0|0
RZ1|CHK|123|2|39|6|0|5|4|2|0|0|1|0
[Opponent] Draw 2 Don
RZ1|124|2|Don|5|0|5|0|1|1|1|0|0
RZ1|CHK|124|2|39|6|0|5|4|2|0|0|1|0
[Opponent] Deploy Satori ["OP15-066">OP15-066]
RZ1|125|2|OP15-066|1|5|2|0|1|1|0|0|0
RZ1|CHK|125|2|39|5|1|5|4|2|0|0|1|0
RZ1|126|2|Don|5|0|4|4|1|1|0|0|0
RZ1|CHK|126|2|39|5|1|5|5|1|0|0|1|0
[Opponent] Satori ["OP15-066">OP15-066]: Minus 1 Don
[] Drew card from deck: Mamaragan ["OP15-078">OP15-078]
RZ1|127|2|OP15-078|0|38|1|5|1|1|0|0|0
RZ1|CHK|127|2|38|6|1|5|5|1|0|0|1|0
[Opponent] Satori ["OP15-066">OP15-066]: Draw 1 Card
[] Hand: [OP15-078,OP15-075,OP15-075,OP15-074,OP15-118,OP15-078]
[] Board: [OP15-066]
[] Trash: []
[] Life: 5
[] Hand: [OP17-054,OP17-048,OP17-046,OP17-049,OP17-045]
[] Trash: []
[] Board: []
[] Life: 5
[Opponent] End Turn
[] Hand: [OP17-054,OP17-048,OP17-046,OP17-049,OP17-045]
[] Board: []
[] Trash: []
[] Life: 5
[] Hand: [OP15-078,OP15-075,OP15-075,OP15-074,OP15-118,OP15-078]
[] Trash: []
[] Board: [OP15-066]
[] Life: 5
[You] Draw 1 Card
[] Drew card from deck: Stussy ["OP17-054">OP17-054]
RZ1|128|1|OP17-054|0|39|1|5|1|1|0|0|0
RZ1|CHK|128|1|39|6|0|5|9|1|0|0|1|0
RZ1|129|1|Don|4|8|5|1|1|1|0|0|0
RZ1|CHK|129|1|39|6|0|5|8|2|0|0|1|0
RZ1|130|1|Don|4|7|5|2|1|1|0|0|0
RZ1|CHK|130|1|39|6|0|5|7|3|0|0|1|0
[You] Draw 2 Don
RZ1|131|1|Don|5|0|5|0|1|1|1|0|0
RZ1|CHK|131|1|39|6|0|5|7|3|0|0|1|0
RZ1|132|1|Don|5|1|5|1|1|1|1|0|0
RZ1|CHK|132|1|39|6|0|5|7|3|0|0|1|0
RZ1|133|1|Don|5|2|5|2|1|1|1|0|0
RZ1|CHK|133|1|39|6|0|5|7|3|0|0|1|0
[You] Deploy Stussy ["OP17-054">OP17-054]
RZ1|134|1|OP17-054|1|0|2|0|1|1|0|0|0
RZ1|CHK|134|1|39|5|1|5|7|3|0|0|1|0
[You] Stussy ["OP17-054">OP17-054]: Satori ["OP15-066">OP15-066] can't attack next turn
[] Hand: [OP17-048,OP17-046,OP17-049,OP17-045,OP17-054]
[] Board: [OP17-054]
[] Trash: []
[] Life: 5
[] Hand: [OP15-078,OP15-075,OP15-075,OP15-074,OP15-118,OP15-078]
[] Trash: []
[] Board: [OP15-066]
[] Life: 5
[You] End Turn
[] Hand: [OP15-078,OP15-075,OP15-075,OP15-074,OP15-118,OP15-078]
[] Board: [OP15-066]
[] Trash: []
[] Life: 5
[] Hand: [OP17-048,OP17-046,OP17-049,OP17-045,OP17-054]
[] Trash: []
[] Board: [OP17-054]
[] Life: 5
[Opponent] Draw 1 Card
[] Drew card from deck: Ohm ["OP15-061">OP15-061]
RZ1|135|2|OP15-061|0|37|1|6|1|1|0|0|0
RZ1|CHK|135|2|37|7|1|5|5|1|0|0|1|0
RZ1|136|2|Don|4|4|5|1|1|1|0|0|0
RZ1|CHK|136|2|37|7|1|5|4|2|0|0|1|0
RZ1|137|2|Don|4|3|5|2|1|1|0|0|0
RZ1|CHK|137|2|37|7|1|5|3|3|0|0|1|0
[Opponent] Draw 2 Don
RZ1|138|2|Don|5|0|5|0|1|1|1|0|0
RZ1|CHK|138|2|37|7|1|5|3|3|0|0|1|0
[Opponent] Deploy Ohm ["OP15-061">OP15-061]
RZ1|139|2|OP15-061|1|6|2|1|1|1|0|0|0
RZ1|CHK|139|2|37|6|2|5|3|3|0|0|1|0
RZ1|140|2|Don|5|0|4|3|1|1|0|0|0
RZ1|CHK|140|2|37|6|2|5|4|2|0|0|1|0
[Opponent] Ohm ["OP15-061">OP15-061]: Minus 1 Don
[] Drew card from deck: Varie ["OP15-074">OP15-074]
RZ1|141|2|OP15-074|0|36|1|6|1|1|0|0|0
RZ1|CHK|141|2|36|7|2|5|4|2|0|0|1|0
[Opponent] Ohm ["OP15-061">OP15-061]: Draw 1 Card
[Opponent] Attach 1 Don to Enel ["OP15-058">OP15-058] (1 Total)
RZ1|142|2|Don|5|1|9|9900|1|1|0|0|0
RZ1|CHK|142|2|36|7|2|5|4|1|0|0|1|1
[Opponent] Attach 1 Don to Enel ["OP15-058">OP15-058] (2 Total)
RZ1|143|2|Don|5|0|9|9901|1|1|0|0|0
RZ1|CHK|143|2|36|7|2|5|4|0|0|0|1|2
[Opponent] Enel ["OP15-058">OP15-058] attacking Rocks D. Xebec ["OP17-039">OP17-039]
Enel ["OP15-058">OP15-058][7000] vs Rocks D. Xebec ["OP17-039">OP17-039][5000]
Rocks D. Xebec ["OP17-039">OP17-039] hit for 1 damage
RZ1|144|1|OP17-046|3|4|1|5|1|1|0|0|0
RZ1|CHK|144|1|39|6|1|4|7|3|0|0|1|0
[Opponent] Satori ["OP15-066">OP15-066] is no longer blocked from attacking
[] Hand: [OP15-078,OP15-075,OP15-075,OP15-074,OP15-118,OP15-078,OP15-074]
[] Board: [OP15-066,OP15-061]
[] Trash: []
[] Life: 5
[] Hand: [OP17-048,OP17-046,OP17-049,OP17-045,OP17-054,OP17-046]
[] Trash: []
[] Board: [OP17-054]
[] Life: 4
[Opponent] End Turn
[] Hand: [OP17-048,OP17-046,OP17-049,OP17-045,OP17-054,OP17-046]
[] Board: [OP17-054]
[] Trash: []
[] Life: 4
[] Hand: [OP15-078,OP15-075,OP15-075,OP15-074,OP15-118,OP15-078,OP15-074]
[] Trash: []
[] Board: [OP15-066,OP15-061]
[] Life: 5
[You] Draw 1 Card
[] Drew card from deck: Rocks Pirates ["OP17-056">OP17-056]
RZ1|145|1|OP17-056|0|38|1|6|1|1|0|0|0
RZ1|CHK|145|1|38|7|1|4|7|3|0|0|1|0
RZ1|146|1|Don|4|6|5|3|1|1|0|0|0
RZ1|CHK|146|1|38|7|1|4|6|4|0|0|1|0
RZ1|147|1|Don|4|5|5|4|1|1|0|0|0
RZ1|CHK|147|1|38|7|1|4|5|5|0|0|1|0
[You] Draw 2 Don
RZ1|148|1|Don|5|0|5|0|1|1|1|0|0
RZ1|CHK|148|1|38|7|1|4|5|5|0|0|1|0
RZ1|149|1|Don|5|1|5|1|1|1|1|0|0
RZ1|CHK|149|1|38|7|1|4|5|5|0|0|1|0
RZ1|150|1|Don|5|2|5|2|1|1|1|0|0
RZ1|CHK|150|1|38|7|1|4|5|5|0|0|1|0
RZ1|151|1|Don|5|3|5|3|1|1|1|0|0
RZ1|CHK|151|1|38|7|1|4|5|5|0|0|1|0
RZ1|152|1|Don|5|4|5|4|1|1|1|0|0
RZ1|CHK|152|1|38|7|1|4|5|5|0|0|1|0
[You] Deploy Charlotte Linlin ["OP17-049">OP17-049]
RZ1|153|1|OP17-049|1|2|2|1|1|1|0|0|0
RZ1|CHK|153|1|38|6|2|4|5|5|0|0|1|0
[You] Forcing opponent to resolve Card Action!
[Opponent] Forcing opponent to resolve Card Action!
[] Drew card from deck: Charlotte Linlin ["OP17-049">OP17-049]
RZ1|154|1|OP17-049|0|37|1|6|1|1|0|0|0
RZ1|CHK|154|1|37|7|2|4|5|5|0|0|1|0
[] Drew card from deck: Kyo ["OP17-045">OP17-045]
RZ1|155|1|OP17-045|0|36|1|7|1|1|0|0|0
RZ1|CHK|155|1|36|8|2|4|5|5|0|0|1|0
[You] Charlotte Linlin ["OP17-049">OP17-049]: Draw 2 Card
[You] Rocks D. Xebec ["OP17-039">OP17-039] attacking Enel ["OP15-058">OP15-058]
RZ1|156|1|OP17-045|1|7|6|0|1|1|0|0|0
RZ1|CHK|156|1|36|7|2|4|5|5|1|0|1|0
[You] Rocks D. Xebec ["OP17-039">OP17-039]: Trash Kyo ["OP17-045">OP17-045]
RZ1|157|1|OP17-048|0|35|0|35|0|0|0|0|0
RZ1|CHK|157|1|36|7|2|4|5|5|1|0|1|0
[You] Rocks D. Xebec ["OP17-039">OP17-039] revealed: Shiki ["OP17-048">OP17-048]
[] Drew card from deck: Shiki ["OP17-048">OP17-048]
RZ1|158|1|OP17-048|0|35|1|7|1|1|0|0|0
RZ1|CHK|158|1|35|8|2|4|5|5|1|0|1|0
[] Drew card from deck: Kaido ["OP17-042">OP17-042]
RZ1|159|1|OP17-042|0|34|1|8|1|1|0|0|0
RZ1|CHK|159|1|34|9|2|4|5|5|1|0|1|0
[You] Rocks D. Xebec ["OP17-039">OP17-039]: Draw 2 Card
[Opponent] Varie ["OP15-074">OP15-074]: Activate Counter
RZ1|160|2|OP15-074|1|6|6|0|1|1|0|0|0
RZ1|CHK|160|2|36|6|2|5|4|0|1|0|1|2
[Opponent] Varie ["OP15-074">OP15-074]: Buff Enel ["OP15-058">OP15-058] 2000 for the Combat
Rocks D. Xebec ["OP17-039">OP17-039][5000] vs Enel ["OP15-058">OP15-058][7000]
Attack Fails
[You] Stussy ["OP17-054">OP17-054] attacking Enel ["OP15-058">OP15-058]
Stussy ["OP17-054">OP17-054][5000] vs Enel ["OP15-058">OP15-058][5000]
Enel ["OP15-058">OP15-058] hit for 1 damage
RZ1|161|2|OP10-067|3|4|1|6|1|1|0|0|0
RZ1|CHK|161|2|36|7|2|4|4|0|1|0|1|2
[] Hand: [OP17-048,OP17-046,OP17-045,OP17-054,OP17-046,OP17-056,OP17-049,OP17-048,OP17-042]
[] Board: [OP17-054,OP17-049]
[] Trash: [OP17-045]
[] Life: 4
[] Hand: [OP15-078,OP15-075,OP15-075,OP15-074,OP15-118,OP15-078,OP10-067]
[] Trash: [OP15-074]
[] Board: [OP15-066,OP15-061]
[] Life: 4
[You] End Turn
[] Hand: [OP15-078,OP15-075,OP15-075,OP15-074,OP15-118,OP15-078,OP10-067]
[] Board: [OP15-066,OP15-061]
[] Trash: [OP15-074]
[] Life: 4
[] Hand: [OP17-048,OP17-046,OP17-045,OP17-054,OP17-046,OP17-056,OP17-049,OP17-048,OP17-042]
[] Trash: [OP17-045]
[] Board: [OP17-054,OP17-049]
[] Life: 4
RZ1|162|2|Don|9|9900|5|0|1|1|1|0|0
RZ1|CHK|162|2|36|7|2|4|4|1|1|0|1|1
RZ1|163|2|Don|9|9900|5|0|1|1|1|0|0
RZ1|CHK|163|2|36|7|2|4|4|2|1|0|1|0
[Opponent] Draw 1 Card
[] Drew card from deck: Trafalgar Law ["ST10-010">ST10-010]
RZ1|164|2|ST10-010|0|35|1|7|1|1|0|0|0
RZ1|CHK|164|2|35|8|2|4|4|2|1|0|1|0
RZ1|165|2|Don|4|3|5|2|1|1|0|0|0
RZ1|CHK|165|2|35|8|2|4|3|3|1|0|1|0
RZ1|166|2|Don|4|2|5|3|1|1|0|0|0
RZ1|CHK|166|2|35|8|2|4|2|4|1|0|1|0
[Opponent] Draw 2 Don
RZ1|167|2|Don|5|0|5|0|1|1|1|0|0
RZ1|CHK|167|2|35|8|2|4|2|4|1|0|1|0
RZ1|168|2|Don|5|1|5|1|1|1|1|0|0
RZ1|CHK|168|2|35|8|2|4|2|4|1|0|1|0
RZ1|169|2|Don|5|2|5|2|1|1|1|0|0
RZ1|CHK|169|2|35|8|2|4|2|4|1|0|1|0
RZ1|170|2|Don|5|3|5|3|1|1|1|0|0
RZ1|CHK|170|2|35|8|2|4|2|4|1|0|1|0
[Opponent] Deploy Trafalgar Law ["ST10-010">ST10-010]
RZ1|171|2|ST10-010|1|7|2|2|1|1|0|0|0
RZ1|CHK|171|2|35|7|3|4|2|4|1|0|1|0
RZ1|172|2|Don|5|0|4|2|1|1|0|0|0
RZ1|CHK|172|2|35|7|3|4|3|3|1|0|1|0
[Opponent] Trafalgar Law ["ST10-010">ST10-010]: Minus 1 Don
[Opponent] Trafalgar Law ["ST10-010">ST10-010]: Randomly send Kyo ["OP17-045">OP17-045] to Trash from Hand
RZ1|173|1|OP17-045|1|2|6|1|1|1|0|0|0
RZ1|CHK|173|1|34|8|2|4|5|5|2|0|1|0
[Opponent] Trafalgar Law ["ST10-010">ST10-010]: Randomly send Gloriosa ["OP17-046">OP17-046] to Trash from Hand
RZ1|174|1|OP17-046|1|3|6|2|1|1|0|0|0
RZ1|CHK|174|1|34|7|2|4|5|5|3|0|1|0
Enel ["OP15-058">OP15-058]: Draw 1 Don
RZ1|175|2|Don|4|2|5|3|1|1|0|0|0
RZ1|CHK|175|2|35|7|3|4|2|4|1|0|1|0
Enel ["OP15-058">OP15-058]: Draw 2 Rested Don
RZ1|176|2|Don|4|1|5|0|1|1|1|0|0
RZ1|CHK|176|2|35|7|3|4|1|5|1|0|1|0
RZ1|177|2|Don|4|0|5|0|1|1|1|0|0
RZ1|CHK|177|2|35|7|3|4|0|6|1|0|1|0
[Opponent] Enel ["OP15-058">OP15-058]: Attach 1 Rested Don to Ohm ["OP15-061">OP15-061]
RZ1|178|2|Don|5|0|9|100|1|1|1|0|0
RZ1|CHK|178|2|35|7|3|4|0|5|1|0|1|1
[Opponent] Enel ["OP15-058">OP15-058]: Attach 1 Rested Don to Ohm ["OP15-061">OP15-061]
RZ1|179|2|Don|5|0|9|101|1|1|1|0|0
RZ1|CHK|179|2|35|7|3|4|0|4|1|0|1|2
[Opponent] Enel ["OP15-058">OP15-058]: Attach 1 Rested Don to Ohm ["OP15-061">OP15-061]
RZ1|180|2|Don|5|0|9|102|1|1|1|0|0
RZ1|CHK|180|2|35|7|3|4|0|3|1|0|1|3
[Opponent] Enel ["OP15-058">OP15-058]: Attach 1 Rested Don to Ohm ["OP15-061">OP15-061]
RZ1|181|2|Don|5|0|9|103|1|1|1|0|0
RZ1|CHK|181|2|35|7|3|4|0|2|1|0|1|4
[Opponent] Ohm ["OP15-061">OP15-061] attacking Stussy ["OP17-054">OP17-054]
[Opponent] Ohm ["OP15-061">OP15-061]: Buff Stussy ["OP17-054">OP17-054] -1000
RZ1|182|1|OP17-048|1|0|6|3|1|1|0|0|0
RZ1|CHK|182|1|34|6|2|4|5|5|4|0|1|0
[You] Charlotte Linlin ["OP17-049">OP17-049]: Trash Shiki ["OP17-048">OP17-048]
[You] Charlotte Linlin ["OP17-049">OP17-049]: Buff Stussy ["OP17-054">OP17-054] 1000 for the Combat
Ohm ["OP15-061">OP15-061][6000] vs Stussy ["OP17-054">OP17-054][5000]
[You] Stussy ["OP17-054">OP17-054] Destroyed
RZ1|183|1|OP17-054|2|0|6|4|1|1|0|0|0
RZ1|CHK|183|1|34|6|1|4|5|5|5|0|1|0
[Opponent] Attach 1 Don to Enel ["OP15-058">OP15-058] (1 Total)
RZ1|184|2|Don|5|1|9|9900|1|1|0|0|0
RZ1|CHK|184|2|35|7|3|4|0|1|1|0|1|5
[Opponent] Enel ["OP15-058">OP15-058] attacking Rocks D. Xebec ["OP17-039">OP17-039]
Enel ["OP15-058">OP15-058][6000] vs Rocks D. Xebec ["OP17-039">OP17-039][5000]
Rocks D. Xebec ["OP17-039">OP17-039] hit for 1 damage
RZ1|185|1|OP17-057|3|3|1|6|1|1|0|0|0
RZ1|CHK|185|1|34|7|1|3|5|5|5|0|1|0
[] Hand: [OP15-078,OP15-075,OP15-075,OP15-074,OP15-118,OP15-078,OP10-067]
[] Board: [OP15-066,OP15-061,ST10-010]
[] Trash: [OP15-074]
[] Life: 4
[] Hand: [OP17-046,OP17-054,OP17-056,OP17-049,OP17-048,OP17-042,OP17-057]
[] Trash: [OP17-045,OP17-045,OP17-046,OP17-048,OP17-054]
[] Board: [OP17-049]
[] Life: 3
[Opponent] End Turn
[] Hand: [OP17-046,OP17-054,OP17-056,OP17-049,OP17-048,OP17-042,OP17-057]
[] Board: [OP17-049]
[] Trash: [OP17-045,OP17-045,OP17-046,OP17-048,OP17-054]
[] Life: 3
[] Hand: [OP15-078,OP15-075,OP15-075,OP15-074,OP15-118,OP15-078,OP10-067]
[] Trash: [OP15-074]
[] Board: [OP15-066,OP15-061,ST10-010]
[] Life: 4
[You] Draw 1 Card
[] Drew card from deck: Edward Newgate ["OP17-040">OP17-040]
RZ1|186|1|OP17-040|0|33|1|7|1|1|0|0|0
RZ1|CHK|186|1|33|8|1|3|5|5|5|0|1|0
RZ1|187|1|Don|4|4|5|5|1|1|0|0|0
RZ1|CHK|187|1|33|8|1|3|4|6|5|0|1|0
RZ1|188|1|Don|4|3|5|6|1|1|0|0|0
RZ1|CHK|188|1|33|8|1|3|3|7|5|0|1|0
[You] Draw 2 Don
RZ1|189|1|Don|5|0|5|0|1|1|1|0|0
RZ1|CHK|189|1|33|8|1|3|3|7|5|0|1|0
RZ1|190|1|Don|5|1|5|1|1|1|1|0|0
RZ1|CHK|190|1|33|8|1|3|3|7|5|0|1|0
RZ1|191|1|Don|5|2|5|2|1|1|1|0|0
RZ1|CHK|191|1|33|8|1|3|3|7|5|0|1|0
RZ1|192|1|Don|5|3|5|3|1|1|1|0|0
RZ1|CHK|192|1|33|8|1|3|3|7|5|0|1|0
RZ1|193|1|Don|5|4|5|4|1|1|1|0|0
RZ1|CHK|193|1|33|8|1|3|3|7|5|0|1|0
RZ1|194|1|Don|5|5|5|5|1|1|1|0|0
RZ1|CHK|194|1|33|8|1|3|3|7|5|0|1|0
RZ1|195|1|Don|5|6|5|6|1|1|1|0|0
RZ1|CHK|195|1|33|8|1|3|3|7|5|0|1|0
[You] Deploy Shiki ["OP17-048">OP17-048]
RZ1|196|1|OP17-048|1|4|2|1|1|1|0|0|0
RZ1|CHK|196|1|33|7|2|3|3|7|5|0|1|0
[You] Charlotte Linlin ["OP17-049">OP17-049] attacking Enel ["OP15-058">OP15-058]
[Opponent] Mamaragan ["OP15-078">OP15-078]: Activate Counter
RZ1|197|2|OP15-078|1|0|6|1|1|1|0|0|0
RZ1|CHK|197|2|35|6|3|4|0|1|2|0|1|5
[Opponent] Mamaragan ["OP15-078">OP15-078]: Buff Enel ["OP15-058">OP15-058] 1000 for the Combat
[] Drew card from deck: Mamaragan ["OP15-078">OP15-078]
RZ1|198|2|OP15-078|0|34|1|6|1|1|0|0|0
RZ1|CHK|198|2|34|7|3|4|0|1|2|0|1|5
[Opponent] Mamaragan ["OP15-078">OP15-078]: Draw 1 Card
[Opponent] El Thor ["OP15-075">OP15-075]: Activate Counter
RZ1|199|2|OP15-075|1|1|6|2|1|1|0|0|0
RZ1|CHK|199|2|34|6|3|4|0|1|3|0|1|5
[Opponent] El Thor ["OP15-075">OP15-075]: Buff Enel ["OP15-058">OP15-058] 2000 for the Combat
Charlotte Linlin ["OP17-049">OP17-049][7000] vs Enel ["OP15-058">OP15-058][8000]
Attack Fails
[You] Rocks D. Xebec ["OP17-039">OP17-039] attacking Ohm ["OP15-061">OP15-061]
Rocks D. Xebec ["OP17-039">OP17-039][5000] vs Ohm ["OP15-061">OP15-061][2000]
[Opponent] Ohm ["OP15-061">OP15-061] Destroyed
RZ1|200|2|Don|9|100|5|0|1|1|1|0|0
RZ1|CHK|200|2|34|6|3|4|0|2|3|0|1|4
RZ1|201|2|Don|9|100|5|0|1|1|1|0|0
RZ1|CHK|201|2|34|6|3|4|0|3|3|0|1|3
RZ1|202|2|Don|9|100|5|0|1|1|1|0|0
RZ1|CHK|202|2|34|6|3|4|0|4|3|0|1|2
RZ1|203|2|Don|9|100|5|0|1|1|1|0|0
RZ1|CHK|203|2|34|6|3|4|0|5|3|0|1|1
RZ1|204|2|OP15-061|2|1|6|3|1|1|0|0|0
RZ1|CHK|204|2|34|6|2|4|0|5|4|0|1|1
[] Hand: [OP17-046,OP17-054,OP17-056,OP17-049,OP17-042,OP17-057,OP17-040]
[] Board: [OP17-049,OP17-048]
[] Trash: [OP17-045,OP17-045,OP17-046,OP17-048,OP17-054]
[] Life: 3
[] Hand: [OP15-075,OP15-074,OP15-118,OP15-078,OP10-067,OP15-078]
[] Trash: [OP15-074,OP15-078,OP15-075,OP15-061]
[] Board: [OP15-066,ST10-010]
[] Life: 4
[You] End Turn
[] Hand: [OP15-075,OP15-074,OP15-118,OP15-078,OP10-067,OP15-078]
[] Board: [OP15-066,ST10-010]
[] Trash: [OP15-074,OP15-078,OP15-075,OP15-061]
[] Life: 4
[] Hand: [OP17-046,OP17-054,OP17-056,OP17-049,OP17-042,OP17-057,OP17-040]
[] Trash: [OP17-045,OP17-045,OP17-046,OP17-048,OP17-054]
[] Board: [OP17-049,OP17-048]
[] Life: 3
RZ1|205|2|Don|9|9900|5|0|1|1|1|0|0
RZ1|CHK|205|2|34|6|2|4|0|6|4|0|1|0
[Opponent] Draw 1 Card
[] Drew card from deck: Divine Departure ["OP13-076">OP13-076]
RZ1|206|2|OP13-076|0|33|1|6|1|1|0|0|0
RZ1|CHK|206|2|33|7|2|4|0|6|4|0|1|0
RZ1|207|2|Don|5|0|5|0|1|1|1|0|0
RZ1|CHK|207|2|33|7|2|4|0|6|4|0|1|0
RZ1|208|2|Don|5|1|5|1|1|1|1|0|0
RZ1|CHK|208|2|33|7|2|4|0|6|4|0|1|0
RZ1|209|2|Don|5|2|5|2|1|1|1|0|0
RZ1|CHK|209|2|33|7|2|4|0|6|4|0|1|0
RZ1|210|2|Don|5|3|5|3|1|1|1|0|0
RZ1|CHK|210|2|33|7|2|4|0|6|4|0|1|0
RZ1|211|2|Don|5|4|5|4|1|1|1|0|0
RZ1|CHK|211|2|33|7|2|4|0|6|4|0|1|0
[Opponent] Deploy Senor Pink ["OP10-067">OP10-067]
RZ1|212|2|OP10-067|1|4|2|2|1|1|0|0|0
RZ1|CHK|212|2|33|6|3|4|0|6|4|0|1|0
RZ1|213|2|Don|5|1|4|0|1|1|0|0|0
RZ1|CHK|213|2|33|6|3|4|1|5|4|0|1|0
[Opponent] Senor Pink ["OP10-067">OP10-067]: Minus 1 Don
[Opponent] <b>Draw Mamaragan ["OP15-078">OP15-078] from Trash</b>
RZ1|214|2|OP15-078|6|1|1|6|1|1|0|0|0
RZ1|CHK|214|2|33|7|3|4|1|5|3|0|1|0
[Opponent] Senor Pink ["OP10-067">OP10-067]: Activate 1 Don
RZ1|215|2|Don|5|3|5|3|1|1|0|0|0
RZ1|CHK|215|2|33|7|3|4|1|5|3|0|1|0
RZ1|216|2|OP15-074|1|1|6|3|1|1|0|0|0
RZ1|CHK|216|2|33|6|3|4|1|5|4|0|1|0
RZ1|217|2|Don|5|0|4|1|1|1|0|0|0
RZ1|CHK|217|2|33|6|3|4|2|4|4|0|1|0
[Opponent] Varie ["OP15-074">OP15-074]: Minus 1 Don
[] Drew card from deck: Ohm ["OP15-061">OP15-061]
RZ1|218|2|OP15-061|0|32|1|6|1|1|0|0|0
RZ1|CHK|218|2|32|7|3|4|2|4|4|0|1|0
[Opponent] Varie ["OP15-074">OP15-074]: Draw 1 Card
[Opponent] Varie ["OP15-074">OP15-074]: Senor Pink ["OP10-067">OP10-067] Cost 2 until Opponent's Turn End
RZ1|219|2|Don|5|2|5|2|1|1|1|0|0
RZ1|CHK|219|2|32|7|3|4|2|4|4|0|1|0
[Opponent] Deploy Ohm ["OP15-061">OP15-061]
RZ1|220|2|OP15-061|1|6|2|3|1|1|0|0|0
RZ1|CHK|220|2|32|6|4|4|2|4|4|0|1|0
RZ1|221|2|Don|5|1|4|2|1|1|0|0|0
RZ1|CHK|221|2|32|6|4|4|3|3|4|0|1|0
[Opponent] Ohm ["OP15-061">OP15-061]: Minus 1 Don
[] Drew card from deck: Lightning Beast Kiten ["OP15-076">OP15-076]
RZ1|222|2|OP15-076|0|31|1|6|1|1|0|0|0
RZ1|CHK|222|2|31|7|4|4|3|3|4|0|1|0
[Opponent] Ohm ["OP15-061">OP15-061]: Draw 1 Card
[Opponent] Attach 1 Don to Enel ["OP15-058">OP15-058] (1 Total)
RZ1|223|2|Don|5|2|9|9900|1|1|0|0|0
RZ1|CHK|223|2|31|7|4|4|3|2|4|0|1|1
Enel ["OP15-058">OP15-058]: Draw 1 Don
RZ1|224|2|Don|4|2|5|2|1|1|0|0|0
RZ1|CHK|224|2|31|7|4|4|2|3|4|0|1|1
Enel ["OP15-058">OP15-058]: Draw 2 Rested Don
RZ1|225|2|Don|4|1|5|0|1|1|1|0|0
RZ1|CHK|225|2|31|7|4|4|1|4|4|0|1|1
RZ1|226|2|Don|4|0|5|0|1|1|1|0|0
RZ1|CHK|226|2|31|7|4|4|0|5|4|0|1|1
[Opponent] Enel ["OP15-058">OP15-058]: Attach 1 Rested Don to Satori ["OP15-066">OP15-066]
RZ1|227|2|Don|5|0|9|0|1|1|1|0|0
RZ1|CHK|227|2|31|7|4|4|0|4|4|0|1|2
[Opponent] Enel ["OP15-058">OP15-058]: Attach 1 Rested Don to Satori ["OP15-066">OP15-066]
RZ1|228|2|Don|5|0|9|1|1|1|1|0|0
RZ1|CHK|228|2|31|7|4|4|0|3|4|0|1|3
[Opponent] Enel ["OP15-058">OP15-058]: Attach 1 Rested Don to Satori ["OP15-066">OP15-066]
RZ1|229|2|Don|5|0|9|2|1|1|1|0|0
RZ1|CHK|229|2|31|7|4|4|0|2|4|0|1|4
[Opponent] Enel ["OP15-058">OP15-058]: Attach 1 Rested Don to Satori ["OP15-066">OP15-066]
RZ1|230|2|Don|5|0|9|3|1|1|1|0|0
RZ1|CHK|230|2|31|7|4|4|0|1|4|0|1|5
[Opponent] Satori ["OP15-066">OP15-066] attacking Rocks D. Xebec ["OP17-039">OP17-039]
[Opponent] Placing Cards on Top of Deck
RZ1|231|2|OP15-074|0|30|0|30|0|0|0|0|0
RZ1|CHK|231|2|31|7|4|4|0|1|4|0|1|5
RZ1|232|2|OP15-118|0|29|0|30|0|0|0|0|0
RZ1|CHK|232|2|31|7|4|4|0|1|4|0|1|5
RZ1|233|1|OP17-040|1|6|6|5|1|1|0|0|0
RZ1|CHK|233|1|33|6|2|3|3|7|6|0|1|0
[You] Charlotte Linlin ["OP17-049">OP17-049]: Trash Edward Newgate ["OP17-040">OP17-040]
[You] Charlotte Linlin ["OP17-049">OP17-049]: Buff Rocks D. Xebec ["OP17-039">OP17-039] 1000 for the Combat
RZ1|234|1|OP17-049|1|3|6|6|1|1|0|0|0
RZ1|CHK|234|1|33|5|2|3|3|7|7|0|1|0
[You] Shiki ["OP17-048">OP17-048]: Trash Charlotte Linlin ["OP17-049">OP17-049]
[You] Shiki ["OP17-048">OP17-048]: Buff Ohm ["OP15-061">OP15-061] -3000
[You] Rocks Pirates ["OP17-056">OP17-056]: Activate Counter
RZ1|235|1|OP17-056|1|2|6|7|1|1|0|0|0
RZ1|CHK|235|1|33|4|2|3|3|7|8|0|1|0
[You] Rocks Pirates ["OP17-056">OP17-056]: Buff Shiki ["OP17-048">OP17-048] 2000 for the Combat
Satori ["OP15-066">OP15-066][6000] vs Rocks D. Xebec ["OP17-039">OP17-039][6000]
Rocks D. Xebec ["OP17-039">OP17-039] hit for 1 damage
RZ1|236|1|OP17-056|3|2|1|4|1|1|0|0|0
RZ1|CHK|236|1|33|5|2|2|3|7|8|0|1|0
[Opponent] Attach 1 Don to Enel ["OP15-058">OP15-058] (2 Total)
RZ1|237|2|Don|5|0|9|9901|1|1|0|0|0
RZ1|CHK|237|2|31|7|4|4|0|0|4|0|1|6
[Opponent] Enel ["OP15-058">OP15-058] attacking Rocks D. Xebec ["OP17-039">OP17-039]
Enel ["OP15-058">OP15-058][7000] vs Rocks D. Xebec ["OP17-039">OP17-039][5000]
Rocks D. Xebec ["OP17-039">OP17-039] hit for 1 damage
RZ1|238|1|OP17-043|3|1|1|5|1|1|0|0|0
RZ1|CHK|238|1|33|6|2|1|3|7|8|0|1|0
[] Hand: [OP15-075,OP15-118,OP15-078,OP15-078,OP13-076,OP15-078,OP15-076]
[] Board: [OP15-066,ST10-010,OP10-067,OP15-061]
[] Trash: [OP15-074,OP15-075,OP15-061,OP15-074]
[] Life: 4
[] Hand: [OP17-046,OP17-054,OP17-042,OP17-057,OP17-056,OP17-043]
[] Trash: [OP17-045,OP17-045,OP17-046,OP17-048,OP17-054,OP17-040,OP17-049,OP17-056]
[] Board: [OP17-049,OP17-048]
[] Life: 1
[Opponent] End Turn
[] Hand: [OP17-046,OP17-054,OP17-042,OP17-057,OP17-056,OP17-043]
[] Board: [OP17-049,OP17-048]
[] Trash: [OP17-045,OP17-045,OP17-046,OP17-048,OP17-054,OP17-040,OP17-049,OP17-056]
[] Life: 1
[] Hand: [OP15-075,OP15-118,OP15-078,OP15-078,OP13-076,OP15-078,OP15-076]
[] Trash: [OP15-074,OP15-075,OP15-061,OP15-074]
[] Board: [OP15-066,ST10-010,OP10-067,OP15-061]
[] Life: 4
[You] Draw 1 Card
[] Drew card from deck: Gloriosa ["OP17-046">OP17-046]
RZ1|239|1|OP17-046|0|32|1|6|1|1|0|0|0
RZ1|CHK|239|1|32|7|2|1|3|7|8|0|1|0
RZ1|240|1|Don|4|2|5|7|1|1|0|0|0
RZ1|CHK|240|1|32|7|2|1|2|8|8|0|1|0
RZ1|241|1|Don|4|1|5|8|1|1|0|0|0
RZ1|CHK|241|1|32|7|2|1|1|9|8|0|1|0
[You] Draw 2 Don
[You] Shiki ["OP17-048">OP17-048] attacking Enel ["OP15-058">OP15-058]
[Opponent] Trafalgar Law ["ST10-010">ST10-010] Blocks
Shiki ["OP17-048">OP17-048][9000] vs Trafalgar Law ["ST10-010">ST10-010][5000]
[Opponent] Trafalgar Law ["ST10-010">ST10-010] Destroyed
RZ1|242|2|ST10-010|2|1|6|4|1|1|0|0|0
RZ1|CHK|242|2|31|7|3|4|0|0|5|0|1|6
RZ1|243|1|Don|5|0|5|0|1|1|1|0|0
RZ1|CHK|243|1|32|7|2|1|1|9|8|0|1|0
RZ1|244|1|Don|5|1|5|1|1|1|1|0|0
RZ1|CHK|244|1|32|7|2|1|1|9|8|0|1|0
RZ1|245|1|Don|5|2|5|2|1|1|1|0|0
RZ1|CHK|245|1|32|7|2|1|1|9|8|0|1|0
RZ1|246|1|Don|5|3|5|3|1|1|1|0|0
RZ1|CHK|246|1|32|7|2|1|1|9|8|0|1|0
RZ1|247|1|Don|5|4|5|4|1|1|1|0|0
RZ1|CHK|247|1|32|7|2|1|1|9|8|0|1|0
[You] Deploy Ganzui ["OP17-043">OP17-043]
RZ1|248|1|OP17-043|1|5|2|2|1|1|0|0|0
RZ1|CHK|248|1|32|6|3|1|1|9|8|0|1|0
[You] Ganzui ["OP17-043">OP17-043]: Grant Rocks D. Xebec ["OP17-039">OP17-039] 1000 until opponent's next turn end
RZ1|249|1|Don|5|5|5|5|1|1|1|0|0
RZ1|CHK|249|1|32|6|3|1|1|9|8|0|1|0
RZ1|250|1|Don|5|6|5|6|1|1|1|0|0
RZ1|CHK|250|1|32|6|3|1|1|9|8|0|1|0
RZ1|251|1|Don|5|7|5|7|1|1|1|0|0
RZ1|CHK|251|1|32|6|3|1|1|9|8|0|1|0
RZ1|252|1|Don|5|8|5|8|1|1|1|0|0
RZ1|CHK|252|1|32|6|3|1|1|9|8|0|1|0
[You] Deploy Kaido ["OP17-042">OP17-042]
RZ1|253|1|OP17-042|1|2|2|3|1|1|0|0|0
RZ1|CHK|253|1|32|5|4|1|1|9|8|0|1|0
[You] Kaido ["OP17-042">OP17-042] revealed: Gloriosa ["OP17-046">OP17-046]
[You] Kaido ["OP17-042">OP17-042] revealed: Gloriosa ["OP17-046">OP17-046]
[You] Kaido ["OP17-042">OP17-042] revealed: Stussy ["OP17-054">OP17-054]
[You] Forcing opponent to resolve Card Action!
[Opponent] Forcing opponent to resolve Card Action!
[You] Kaido ["OP17-042">OP17-042]: Buff Ohm ["OP15-061">OP15-061] -3000
[You] Charlotte Linlin ["OP17-049">OP17-049] attacking Enel ["OP15-058">OP15-058]
Charlotte Linlin ["OP17-049">OP17-049][7000] vs Enel ["OP15-058">OP15-058][5000]
Enel ["OP15-058">OP15-058] hit for 1 damage
RZ1|254|2|OP12-071|3|3|1|7|1|1|0|0|0
RZ1|CHK|254|2|31|8|3|3|0|0|5|0|1|6
[You] Rocks D. Xebec ["OP17-039">OP17-039] attacking Satori ["OP15-066">OP15-066]
RZ1|255|1|OP17-054|1|1|6|8|1|1|0|0|0
RZ1|CHK|255|1|32|4|4|1|1|9|9|0|1|0
[You] Rocks D. Xebec ["OP17-039">OP17-039]: Trash Stussy ["OP17-054">OP17-054]
RZ1|256|1|OP08-051|0|31|0|31|0|0|0|0|0
RZ1|CHK|256|1|32|4|4|1|1|9|9|0|1|0
[You] Rocks D. Xebec ["OP17-039">OP17-039] revealed: Buckin ["OP08-051">OP08-051]
[] Drew card from deck: Buckin ["OP08-051">OP08-051]
RZ1|257|1|OP08-051|0|31|1|4|1|1|0|0|0
RZ1|CHK|257|1|31|5|4|1|1|9|9|0|1|0
[] Drew card from deck: Stussy ["OP17-054">OP17-054]
RZ1|258|1|OP17-054|0|30|1|5|1|1|0|0|0
RZ1|CHK|258|1|30|6|4|1|1|9|9|0|1|0
[You] Rocks D. Xebec ["OP17-039">OP17-039]: Draw 2 Card
[Opponent] Lightning Beast Kiten ["OP15-076">OP15-076]: Activate Counter
RZ1|259|2|OP15-076|1|6|6|5|1|1|0|0|0
RZ1|CHK|259|2|31|7|3|3|0|0|6|0|1|6
[Opponent] Lightning Beast Kiten ["OP15-076">OP15-076]: Buff Enel ["OP15-058">OP15-058] 2000 for the Combat
Rocks D. Xebec ["OP17-039">OP17-039][6000] vs Satori ["OP15-066">OP15-066][2000]
[Opponent] Satori ["OP15-066">OP15-066] Destroyed
RZ1|260|2|Don|9|0|5|0|1|1|1|0|0
RZ1|CHK|260|2|31|7|3|3|0|1|6|0|1|5
RZ1|261|2|Don|9|0|5|0|1|1|1|0|0
RZ1|CHK|261|2|31|7|3|3|0|2|6|0|1|4
RZ1|262|2|Don|9|0|5|0|1|1|1|0|0
RZ1|CHK|262|2|31|7|3|3|0|3|6|0|1|3
RZ1|263|2|Don|9|0|5|0|1|1|1|0|0
RZ1|CHK|263|2|31|7|3|3|0|4|6|0|1|2
RZ1|264|2|OP15-066|2|0|6|6|1|1|0|0|0
RZ1|CHK|264|2|31|7|2|3|0|4|7|0|1|2
Senor Pink ["OP10-067">OP10-067] cost restored
[] Hand: [OP17-046,OP17-057,OP17-056,OP17-046,OP08-051,OP17-054]
[] Board: [OP17-049,OP17-048,OP17-043,OP17-042]
[] Trash: [OP17-045,OP17-045,OP17-046,OP17-048,OP17-054,OP17-040,OP17-049,OP17-056,OP17-054]
[] Life: 1
[] Hand: [OP15-075,OP15-118,OP15-078,OP15-078,OP13-076,OP15-078,OP12-071]
[] Trash: [OP15-074,OP15-075,OP15-061,OP15-074,ST10-010,OP15-076,OP15-066]
[] Board: [OP10-067,OP15-061]
[] Life: 3
[You] End Turn
[] Hand: [OP15-075,OP15-118,OP15-078,OP15-078,OP13-076,OP15-078,OP12-071]
[] Board: [OP10-067,OP15-061]
[] Trash: [OP15-074,OP15-075,OP15-061,OP15-074,ST10-010,OP15-076,OP15-066]
[] Life: 3
[] Hand: [OP17-046,OP17-057,OP17-056,OP17-046,OP08-051,OP17-054]
[] Trash: [OP17-045,OP17-045,OP17-046,OP17-048,OP17-054,OP17-040,OP17-049,OP17-056,OP17-054]
[] Board: [OP17-049,OP17-048,OP17-043,OP17-042]
[] Life: 1
RZ1|265|2|Don|9|9900|5|0|1|1|1|0|0
RZ1|CHK|265|2|31|7|2|3|0|5|7|0|1|1
RZ1|266|2|Don|9|9900|5|0|1|1|1|0|0
RZ1|CHK|266|2|31|7|2|3|0|6|7|0|1|0
[Opponent] Draw 1 Card
[] Drew card from deck: Enel ["OP15-118">OP15-118]
RZ1|267|2|OP15-118|0|30|1|7|1|1|0|0|0
RZ1|CHK|267|2|30|8|2|3|0|6|7|0|1|0
RZ1|268|2|Don|5|0|5|0|1|1|1|0|0
RZ1|CHK|268|2|30|8|2|3|0|6|7|0|1|0
RZ1|269|2|Don|5|1|5|1|1|1|1|0|0
RZ1|CHK|269|2|30|8|2|3|0|6|7|0|1|0
RZ1|270|2|Don|5|2|5|2|1|1|1|0|0
RZ1|CHK|270|2|30|8|2|3|0|6|7|0|1|0
RZ1|271|2|Don|5|3|5|3|1|1|1|0|0
RZ1|CHK|271|2|30|8|2|3|0|6|7|0|1|0
RZ1|272|2|Don|5|4|5|4|1|1|1|0|0
RZ1|CHK|272|2|30|8|2|3|0|6|7|0|1|0
RZ1|273|2|Don|5|5|5|5|1|1|1|0|0
RZ1|CHK|273|2|30|8|2|3|0|6|7|0|1|0
[Opponent] Deploy Enel ["OP15-118">OP15-118]
RZ1|274|2|OP15-118|1|7|2|2|1|1|0|2000|0
RZ1|CHK|274|2|30|7|3|3|0|6|7|0|1|0
RZ1|275|2|Don|5|4|4|0|1|1|0|0|0
RZ1|CHK|275|2|30|7|3|3|1|5|7|0|1|0
[Opponent] Enel ["OP15-118">OP15-118]: Minus 1 Don
RZ1|276|2|OP15-074|0|29|1|7|1|1|0|0|0
RZ1|CHK|276|2|29|8|3|3|1|5|7|0|1|0
[Opponent] Enel ["OP15-118">OP15-118]: Added 1 Cards to Hand
[Opponent] Placing Cards on Bottom of Deck
RZ1|277|2|OP09-077|0|28|0|0|0|0|0|0|0
RZ1|CHK|277|2|29|8|3|3|1|5|7|0|1|0
RZ1|278|2|OP15-118|0|28|0|0|0|0|0|0|0
RZ1|CHK|278|2|29|8|3|3|1|5|7|0|1|0
RZ1|279|2|OP05-077|0|28|0|0|0|0|0|0|0
RZ1|CHK|279|2|29|8|3|3|1|5|7|0|1|0
RZ1|280|2|OP15-077|0|28|0|0|0|0|0|0|0
RZ1|CHK|280|2|29|8|3|3|1|5|7|0|1|0
RZ1|281|2|OP12-071|1|6|6|7|1|1|0|0|0
RZ1|CHK|281|2|29|7|3|3|1|5|8|0|1|0
[Opponent] Enel ["OP15-118">OP15-118]: Trash Charlotte Pudding ["OP12-071">OP12-071]
Enel ["OP15-058">OP15-058]: Draw 1 Don
RZ1|282|2|Don|4|0|5|5|1|1|0|0|0
RZ1|CHK|282|2|29|7|3|3|0|6|8|0|1|0
[Opponent] Enel ["OP15-058">OP15-058]: Attach 1 Rested Don to Ohm ["OP15-061">OP15-061]
RZ1|283|2|Don|5|0|9|100|1|1|1|0|0
RZ1|CHK|283|2|29|7|3|3|0|5|8|0|1|1
[Opponent] Enel ["OP15-058">OP15-058]: Attach 1 Rested Don to Ohm ["OP15-061">OP15-061]
RZ1|284|2|Don|5|0|9|101|1|1|1|0|0
RZ1|CHK|284|2|29|7|3|3|0|4|8|0|1|2
[Opponent] Enel ["OP15-058">OP15-058]: Attach 1 Rested Don to Ohm ["OP15-061">OP15-061]
RZ1|285|2|Don|5|0|9|102|1|1|1|0|0
RZ1|CHK|285|2|29|7|3|3|0|3|8|0|1|3
[Opponent] Enel ["OP15-058">OP15-058]: Attach 1 Rested Don to Ohm ["OP15-061">OP15-061]
RZ1|286|2|Don|5|0|9|103|1|1|1|0|0
RZ1|CHK|286|2|29|7|3|3|0|2|8|0|1|4
[Opponent] Ohm ["OP15-061">OP15-061] attacking Rocks D. Xebec ["OP17-039">OP17-039]
[Opponent] Ohm ["OP15-061">OP15-061]: Buff Charlotte Linlin ["OP17-049">OP17-049] -1000
RZ1|287|1|OP17-054|1|5|6|9|1|1|0|0|0
RZ1|CHK|287|1|30|5|4|1|1|9|10|0|1|0
[You] Charlotte Linlin ["OP17-049">OP17-049]: Trash Stussy ["OP17-054">OP17-054]
[You] Charlotte Linlin ["OP17-049">OP17-049]: Buff Kaido ["OP17-042">OP17-042] 1000 for the Combat
[You] Discard Buckin ["OP08-051">OP08-051] for Counter 1000
RZ1|288|1|OP08-051|1|4|6|10|1|1|0|0|0
RZ1|CHK|288|1|30|4|4|1|1|9|11|0|1|0
Ohm ["OP15-061">OP15-061][6000] vs Rocks D. Xebec ["OP17-039">OP17-039][7000]
Attack Fails
[Opponent] Attach 1 Don to Enel ["OP15-058">OP15-058] (1 Total)
RZ1|289|2|Don|5|1|9|9900|1|1|0|0|0
RZ1|CHK|289|2|29|7|3|3|0|1|8|0|1|5
[Opponent] Enel ["OP15-058">OP15-058] attacking Charlotte Linlin ["OP17-049">OP17-049]
[You] Rocks Pirates ["OP17-056">OP17-056]: Activate Counter
RZ1|290|1|OP17-056|1|2|6|11|1|1|0|0|0
RZ1|CHK|290|1|30|3|4|1|1|9|12|0|1|0
[You] Rocks Pirates ["OP17-056">OP17-056]: Buff Kaido ["OP17-042">OP17-042] 2000 for the Combat
Enel ["OP15-058">OP15-058][6000] vs Charlotte Linlin ["OP17-049">OP17-049][6000]
[You] Charlotte Linlin ["OP17-049">OP17-049] Destroyed
RZ1|291|1|OP17-049|2|0|6|12|1|1|0|0|0
RZ1|CHK|291|1|30|3|3|1|1|9|13|0|1|0
[Opponent] Senor Pink ["OP10-067">OP10-067] attacking Rocks D. Xebec ["OP17-039">OP17-039]
Senor Pink ["OP10-067">OP10-067][6000] vs Rocks D. Xebec ["OP17-039">OP17-039][6000]
Rocks D. Xebec ["OP17-039">OP17-039] hit for 1 damage
RZ1|292|1|OP17-040|3|0|1|3|1|1|0|0|0
RZ1|CHK|292|1|30|4|3|0|1|9|13|0|1|0
[] Hand: [OP15-075,OP15-118,OP15-078,OP15-078,OP13-076,OP15-078,OP15-074]
[] Board: [OP10-067,OP15-061,OP15-118]
[] Trash: [OP15-074,OP15-075,OP15-061,OP15-074,ST10-010,OP15-076,OP15-066,OP12-071]
[] Life: 3
[] Hand: [OP17-046,OP17-057,OP17-046,OP17-040]
[] Trash: [OP17-045,OP17-045,OP17-046,OP17-048,OP17-054,OP17-040,OP17-049,OP17-056,OP17-054,OP17-054,OP08-051,OP17-056,OP17-049]
[] Board: [OP17-048,OP17-043,OP17-042]
[] Life: 0
[Opponent] End Turn
[] Hand: [OP17-046,OP17-057,OP17-046,OP17-040]
[] Board: [OP17-048,OP17-043,OP17-042]
[] Trash: [OP17-045,OP17-045,OP17-046,OP17-048,OP17-054,OP17-040,OP17-049,OP17-056,OP17-054,OP17-054,OP08-051,OP17-056,OP17-049]
[] Life: 0
[] Hand: [OP15-075,OP15-118,OP15-078,OP15-078,OP13-076,OP15-078,OP15-074]
[] Trash: [OP15-074,OP15-075,OP15-061,OP15-074,ST10-010,OP15-076,OP15-066,OP12-071]
[] Board: [OP10-067,OP15-061,OP15-118]
[] Life: 3
[You] Draw 1 Card
[] Drew card from deck: Don Marlon ["OP17-052">OP17-052]
RZ1|293|1|OP17-052|0|29|1|4|1|1|0|0|0
RZ1|CHK|293|1|29|5|3|0|1|9|13|0|1|0
RZ1|294|1|Don|4|0|5|9|1|1|0|0|0
RZ1|CHK|294|1|29|5|3|0|0|10|13|0|1|0
[You] Draw 2 Don
[You] Shiki ["OP17-048">OP17-048] attacking Enel ["OP15-058">OP15-058]
Shiki ["OP17-048">OP17-048][9000] vs Enel ["OP15-058">OP15-058][5000]
Enel ["OP15-058">OP15-058] hit for 1 damage
RZ1|295|2|OP15-075|3|2|1|7|1|1|0|0|0
RZ1|CHK|295|2|29|8|3|2|0|1|8|0|1|5
[You] Ganzui ["OP17-043">OP17-043] attacking Enel ["OP15-058">OP15-058]
Ganzui ["OP17-043">OP17-043][7000] vs Enel ["OP15-058">OP15-058][5000]
Enel ["OP15-058">OP15-058] hit for 1 damage
RZ1|296|2|OP15-074|3|1|1|8|1|1|0|0|0
RZ1|CHK|296|2|29|9|3|1|0|1|8|0|1|5
[You] Kaido ["OP17-042">OP17-042] attacking Enel ["OP15-058">OP15-058]
[Opponent] Varie ["OP15-074">OP15-074]: Activate Counter
RZ1|297|2|OP15-074|1|8|6|8|1|1|0|0|0
RZ1|CHK|297|2|29|8|3|1|0|1|9|0|1|5
[Opponent] Varie ["OP15-074">OP15-074]: Buff Enel ["OP15-058">OP15-058] 2000 for the Combat
Kaido ["OP17-042">OP17-042][6000] vs Enel ["OP15-058">OP15-058][7000]
Attack Fails
[You] Rocks D. Xebec ["OP17-039">OP17-039] attacking Enel ["OP15-058">OP15-058]
RZ1|298|1|OP17-040|1|3|6|13|1|1|0|0|0
RZ1|CHK|298|1|29|4|3|0|0|10|14|0|1|0
[You] Rocks D. Xebec ["OP17-039">OP17-039]: Trash Edward Newgate ["OP17-040">OP17-040]
RZ1|299|1|OP17-044|0|28|0|28|0|0|0|0|0
RZ1|CHK|299|1|29|4|3|0|0|10|14|0|1|0
[You] Rocks D. Xebec ["OP17-039">OP17-039] revealed: Captain John ["OP17-044">OP17-044]
[] Drew card from deck: Captain John ["OP17-044">OP17-044]
RZ1|300|1|OP17-044|0|28|1|4|1|1|0|0|0
RZ1|CHK|300|1|28|5|3|0|0|10|14|0|1|0
[] Drew card from deck: Rocks D. Xebec ["OP17-118">OP17-118]
RZ1|301|1|OP17-118|0|27|1|5|1|1|0|0|0
RZ1|CHK|301|1|27|6|3|0|0|10|14|0|1|0
[You] Rocks D. Xebec ["OP17-039">OP17-039]: Draw 2 Card
[Opponent] El Thor ["OP15-075">OP15-075]: Activate Counter
RZ1|302|2|OP15-075|1|7|6|9|1|1|0|0|0
RZ1|CHK|302|2|29|7|3|1|0|1|10|0|1|5
[Opponent] El Thor ["OP15-075">OP15-075]: Buff Enel ["OP15-058">OP15-058] 2000 for the Combat
Rocks D. Xebec ["OP17-039">OP17-039][5000] vs Enel ["OP15-058">OP15-058][7000]
Attack Fails
RZ1|303|1|Don|5|0|5|0|1|1|1|0|0
RZ1|CHK|303|1|27|6|3|0|0|10|14|0|1|0
RZ1|304|1|Don|5|1|5|1|1|1|1|0|0
RZ1|CHK|304|1|27|6|3|0|0|10|14|0|1|0
RZ1|305|1|Don|5|2|5|2|1|1|1|0|0
RZ1|CHK|305|1|27|6|3|0|0|10|14|0|1|0
RZ1|306|1|Don|5|3|5|3|1|1|1|0|0
RZ1|CHK|306|1|27|6|3|0|0|10|14|0|1|0
RZ1|307|1|Don|5|4|5|4|1|1|1|0|0
RZ1|CHK|307|1|27|6|3|0|0|10|14|0|1|0
RZ1|308|1|Don|5|5|5|5|1|1|1|0|0
RZ1|CHK|308|1|27|6|3|0|0|10|14|0|1|0
RZ1|309|1|Don|5|6|5|6|1|1|1|0|0
RZ1|CHK|309|1|27|6|3|0|0|10|14|0|1|0
RZ1|310|1|Don|5|7|5|7|1|1|1|0|0
RZ1|CHK|310|1|27|6|3|0|0|10|14|0|1|0
RZ1|311|1|Don|5|8|5|8|1|1|1|0|0
RZ1|CHK|311|1|27|6|3|0|0|10|14|0|1|0
RZ1|312|1|Don|5|9|5|9|1|1|1|0|0
RZ1|CHK|312|1|27|6|3|0|0|10|14|0|1|0
[You] Deploy Rocks D. Xebec ["OP17-118">OP17-118]
RZ1|313|1|OP17-118|1|5|2|3|1|1|0|0|0
RZ1|CHK|313|1|27|5|4|0|0|10|14|0|1|0
[] Drew card from deck: Captain John ["OP17-044">OP17-044]
RZ1|314|1|OP17-044|0|26|1|5|1|1|0|0|0
RZ1|CHK|314|1|26|6|4|0|0|10|14|0|1|0
[You] Rocks D. Xebec ["OP17-118">OP17-118]: Draw 1 Card
RZ1|315|1|OP17-044|1|4|2|4|1|1|0|0|0
RZ1|CHK|315|1|26|5|5|0|0|10|14|0|1|0
[You] Rocks D. Xebec ["OP17-118">OP17-118]: Deploy Captain John ["OP17-044">OP17-044]
RZ1|316|1|OP17-118|2|3|6|14|1|1|0|0|0
RZ1|CHK|316|1|26|5|4|0|0|10|15|0|1|0
[You] Trash Rocks D. Xebec ["OP17-118">OP17-118]
RZ1|317|1|OP17-052|1|3|2|4|1|1|0|0|0
RZ1|CHK|317|1|26|4|5|0|0|10|15|0|1|0
[You] Rocks D. Xebec ["OP17-118">OP17-118]: Deploy Don Marlon ["OP17-052">OP17-052]
[You] <b>Draw Rocks Pirates ["OP17-056">OP17-056] from Trash</b>
RZ1|318|1|OP17-056|6|7|1|4|1|1|0|0|0
RZ1|CHK|318|1|26|5|5|0|0|10|14|0|1|0
[] Hand: [OP17-046,OP17-057,OP17-046,OP17-044,OP17-056]
[] Board: [OP17-048,OP17-043,OP17-042,OP17-044,OP17-052]
[] Trash: [OP17-045,OP17-045,OP17-046,OP17-048,OP17-054,OP17-040,OP17-049,OP17-054,OP17-054,OP08-051,OP17-056,OP17-049,OP17-040,OP17-118]
[] Life: 0
[] Hand: [OP15-075,OP15-118,OP15-078,OP15-078,OP13-076,OP15-078,OP15-074]
[] Trash: [OP15-074,OP15-075,OP15-061,OP15-074,ST10-010,OP15-076,OP15-066,OP12-071,OP15-074,OP15-075]
[] Board: [OP10-067,OP15-061,OP15-118]
[] Life: 1
[You] End Turn
[] Hand: [OP15-075,OP15-118,OP15-078,OP15-078,OP13-076,OP15-078,OP15-074]
[] Board: [OP10-067,OP15-061,OP15-118]
[] Trash: [OP15-074,OP15-075,OP15-061,OP15-074,ST10-010,OP15-076,OP15-066,OP12-071,OP15-074,OP15-075]
[] Life: 1
[] Hand: [OP17-046,OP17-057,OP17-046,OP17-044,OP17-056]
[] Trash: [OP17-045,OP17-045,OP17-046,OP17-048,OP17-054,OP17-040,OP17-049,OP17-054,OP17-054,OP08-051,OP17-056,OP17-049,OP17-040,OP17-118]
[] Board: [OP17-048,OP17-043,OP17-042,OP17-044,OP17-052]
[] Life: 0
RZ1|319|2|Don|9|9900|5|0|1|1|1|0|0
RZ1|CHK|319|2|29|7|3|1|0|2|10|0|1|4
RZ1|320|2|Don|9|100|5|0|1|1|1|0|0
RZ1|CHK|320|2|29|7|3|1|0|3|10|0|1|3
RZ1|321|2|Don|9|100|5|0|1|1|1|0|0
RZ1|CHK|321|2|29|7|3|1|0|4|10|0|1|2
RZ1|322|2|Don|9|100|5|0|1|1|1|0|0
RZ1|CHK|322|2|29|7|3|1|0|5|10|0|1|1
RZ1|323|2|Don|9|100|5|0|1|1|1|0|0
RZ1|CHK|323|2|29|7|3|1|0|6|10|0|1|0
[Opponent] Draw 1 Card
[] Drew card from deck: Lightning Beast Kiten ["OP15-076">OP15-076]
RZ1|324|2|OP15-076|0|28|1|7|1|1|0|0|0
RZ1|CHK|324|2|28|8|3|1|0|6|10|0|1|0
[Opponent] Attach 6 Don to Enel ["OP15-118">OP15-118] (6 Total)
RZ1|325|2|Don|5|0|9|200|1|1|0|0|0
RZ1|CHK|325|2|28|8|3|1|0|5|10|0|1|1
RZ1|326|2|Don|5|0|9|201|1|1|0|0|0
RZ1|CHK|326|2|28|8|3|1|0|4|10|0|1|2
RZ1|327|2|Don|5|0|9|202|1|1|0|0|0
RZ1|CHK|327|2|28|8|3|1|0|3|10|0|1|3
RZ1|328|2|Don|5|0|9|203|1|1|0|0|0
RZ1|CHK|328|2|28|8|3|1|0|2|10|0|1|4
RZ1|329|2|Don|5|0|9|204|1|1|0|0|0
RZ1|CHK|329|2|28|8|3|1|0|1|10|0|1|5
RZ1|330|2|Don|5|0|9|205|1|1|0|0|0
RZ1|CHK|330|2|28|8|3|1|0|0|10|0|1|6
[Opponent] Enel ["OP15-118">OP15-118] attacking Rocks D. Xebec ["OP17-039">OP17-039]
RZ1|331|1|OP17-044|1|3|6|14|1|1|0|0|0
RZ1|CHK|331|1|26|4|5|0|0|10|15|0|1|0
[You] Shiki ["OP17-048">OP17-048]: Trash Captain John ["OP17-044">OP17-044]
[You] Shiki ["OP17-048">OP17-048]: Buff Senor Pink ["OP10-067">OP10-067] -3000
Enel ["OP15-118">OP15-118][16000] vs Rocks D. Xebec ["OP17-039">OP17-039][5000]
Rocks D. Xebec ["OP17-039">OP17-039] hit for 1 damage
[You] <b>Downloaded the Combat Log!</b>
GameOver
