Version is 1.42c.22
[You] Leader is Rocks D. Xebec ["OP17-039">OP17-039]
RZ1|HDR|1.42c|2|RZ1
RZ1|PLY|1||OP17-039
RZ1|PLY|2||
[Opponent] Leader is Monkey D. Luffy ["OP17-079">OP17-079]
RZ1|1|2|OP17-085|0|26|0|0|0|0|0|0|0
RZ1|CHK|1|2|50|0|0|0|10|0|0|0|1|0
RZ1|2|2|OP17-096|0|38|0|1|0|0|0|0|0
RZ1|CHK|2|2|50|0|0|0|10|0|0|0|1|0
RZ1|3|2|OP17-089|0|25|0|2|0|0|0|0|0
RZ1|CHK|3|2|50|0|0|0|10|0|0|0|1|0
RZ1|4|2|OP17-097|0|43|0|3|0|0|0|0|0
RZ1|CHK|4|2|50|0|0|0|10|0|0|0|1|0
RZ1|5|2|OP17-081|0|21|0|4|0|0|0|0|0
RZ1|CHK|5|2|50|0|0|0|10|0|0|0|1|0
RZ1|6|2|OP17-096|0|40|0|6|0|0|0|0|0
RZ1|CHK|6|2|50|0|0|0|10|0|0|0|1|0
RZ1|7|2|OP17-093|0|38|0|7|0|0|0|0|0
RZ1|CHK|7|2|50|0|0|0|10|0|0|0|1|0
RZ1|8|2|OP17-086|0|14|0|8|0|0|0|0|0
RZ1|CHK|8|2|50|0|0|0|10|0|0|0|1|0
RZ1|9|2|OP17-081|0|24|0|9|0|0|0|0|0
RZ1|CHK|9|2|50|0|0|0|10|0|0|0|1|0
RZ1|10|2|OP17-096|0|41|0|10|0|0|0|0|0
RZ1|CHK|10|2|50|0|0|0|10|0|0|0|1|0
RZ1|11|2|OP17-094|0|20|0|11|0|0|0|0|0
RZ1|CHK|11|2|50|0|0|0|10|0|0|0|1|0
RZ1|12|2|OP17-085|0|32|0|12|0|0|0|0|0
RZ1|CHK|12|2|50|0|0|0|10|0|0|0|1|0
RZ1|13|2|OP17-081|0|27|0|13|0|0|0|0|0
RZ1|CHK|13|2|50|0|0|0|10|0|0|0|1|0
RZ1|14|2|OP17-098|0|46|0|14|0|0|0|0|0
RZ1|CHK|14|2|50|0|0|0|10|0|0|0|1|0
RZ1|15|2|OP17-084|0|17|0|15|0|0|0|0|0
RZ1|CHK|15|2|50|0|0|0|10|0|0|0|1|0
RZ1|16|2|OP17-093|0|42|0|16|0|0|0|0|0
RZ1|CHK|16|2|50|0|0|0|10|0|0|0|1|0
RZ1|17|2|OP17-091|0|30|0|17|0|0|0|0|0
RZ1|CHK|17|2|50|0|0|0|10|0|0|0|1|0
RZ1|18|2|OP17-089|0|32|0|18|0|0|0|0|0
RZ1|CHK|18|2|50|0|0|0|10|0|0|0|1|0
RZ1|19|2|OP17-097|0|44|0|19|0|0|0|0|0
RZ1|CHK|19|2|50|0|0|0|10|0|0|0|1|0
RZ1|20|2|OP17-080|0|28|0|20|0|0|0|0|0
RZ1|CHK|20|2|50|0|0|0|10|0|0|0|1|0
RZ1|21|2|OP17-080|0|31|0|21|0|0|0|0|0
RZ1|CHK|21|2|50|0|0|0|10|0|0|0|1|0
RZ1|22|2|OP17-119|0|39|0|22|0|0|0|0|0
RZ1|CHK|22|2|50|0|0|0|10|0|0|0|1|0
RZ1|23|2|OP17-086|0|26|0|23|0|0|0|0|0
RZ1|CHK|23|2|50|0|0|0|10|0|0|0|1|0
RZ1|24|2|OP17-093|0|42|0|24|0|0|0|0|0
RZ1|CHK|24|2|50|0|0|0|10|0|0|0|1|0
RZ1|25|2|OP17-098|0|49|0|25|0|0|0|0|0
RZ1|CHK|25|2|50|0|0|0|10|0|0|0|1|0
RZ1|26|2|OP17-097|0|47|0|26|0|0|0|0|0
RZ1|CHK|26|2|50|0|0|0|10|0|0|0|1|0
RZ1|27|2|OP17-080|0|34|0|27|0|0|0|0|0
RZ1|CHK|27|2|50|0|0|0|10|0|0|0|1|0
RZ1|28|2|OP17-093|0|45|0|29|0|0|0|0|0
RZ1|CHK|28|2|50|0|0|0|10|0|0|0|1|0
RZ1|29|2|OP17-097|0|47|0|30|0|0|0|0|0
RZ1|CHK|29|2|50|0|0|0|10|0|0|0|1|0
RZ1|30|2|OP17-080|0|37|0|31|0|0|0|0|0
RZ1|CHK|30|2|50|0|0|0|10|0|0|0|1|0
RZ1|31|2|OP17-089|0|41|0|32|0|0|0|0|0
RZ1|CHK|31|2|50|0|0|0|10|0|0|0|1|0
RZ1|32|2|OP17-096|0|47|0|33|0|0|0|0|0
RZ1|CHK|32|2|50|0|0|0|10|0|0|0|1|0
RZ1|33|2|OP17-119|0|44|0|34|0|0|0|0|0
RZ1|CHK|33|2|50|0|0|0|10|0|0|0|1|0
RZ1|34|2|OP17-094|0|38|0|35|0|0|0|0|0
RZ1|CHK|34|2|50|0|0|0|10|0|0|0|1|0
RZ1|35|2|OP17-098|0|48|0|36|0|0|0|0|0
RZ1|CHK|35|2|50|0|0|0|10|0|0|0|1|0
RZ1|36|2|OP17-119|0|46|0|37|0|0|0|0|0
RZ1|CHK|36|2|50|0|0|0|10|0|0|0|1|0
RZ1|37|2|OP17-094|0|41|0|38|0|0|0|0|0
RZ1|CHK|37|2|50|0|0|0|10|0|0|0|1|0
RZ1|38|2|OP17-086|0|41|0|39|0|0|0|0|0
RZ1|CHK|38|2|50|0|0|0|10|0|0|0|1|0
RZ1|39|2|OP17-089|0|45|0|40|0|0|0|0|0
RZ1|CHK|39|2|50|0|0|0|10|0|0|0|1|0
RZ1|40|2|OP17-094|0|43|0|41|0|0|0|0|0
RZ1|CHK|40|2|50|0|0|0|10|0|0|0|1|0
RZ1|41|2|OP17-081|0|44|0|42|0|0|0|0|0
RZ1|CHK|41|2|50|0|0|0|10|0|0|0|1|0
RZ1|42|2|OP17-088|0|47|0|43|0|0|0|0|0
RZ1|CHK|42|2|50|0|0|0|10|0|0|0|1|0
RZ1|43|2|OP17-098|0|49|0|45|0|0|0|0|0
RZ1|CHK|43|2|50|0|0|0|10|0|0|0|1|0
[] Drew card from deck: Edward Newgate ["OP17-040">OP17-040]
RZ1|44|1|OP17-040|0|49|1|0|1|1|0|0|0
RZ1|CHK|44|1|49|1|0|0|10|0|0|0|1|0
[] Drew card from deck: Charlotte Linlin ["OP17-049">OP17-049]
RZ1|45|1|OP17-049|0|48|1|1|1|1|0|0|0
RZ1|CHK|45|1|48|2|0|0|10|0|0|0|1|0
[] Drew card from deck: Stussy ["OP17-054">OP17-054]
RZ1|46|1|OP17-054|0|47|1|2|1|1|0|0|0
RZ1|CHK|46|1|47|3|0|0|10|0|0|0|1|0
[] Drew card from deck: There's No Authority in the World ["OP17-055">OP17-055]
RZ1|47|1|OP17-055|0|46|1|3|1|1|0|0|0
RZ1|CHK|47|1|46|4|0|0|10|0|0|0|1|0
[] Drew card from deck: Barbell ["OP17-053">OP17-053]
RZ1|48|1|OP17-053|0|45|1|4|1|1|0|0|0
RZ1|CHK|48|1|45|5|0|0|10|0|0|0|1|0
[] Drew card from deck: Hajrudin ["OP17-088">OP17-088]
RZ1|49|2|OP17-088|0|49|1|0|1|1|0|0|0
RZ1|CHK|49|2|49|1|0|0|10|0|0|0|1|0
[] Drew card from deck: Loki ["OP17-119">OP17-119]
RZ1|50|2|OP17-119|0|48|1|1|1|1|0|0|0
RZ1|CHK|50|2|48|2|0|0|10|0|0|0|1|0
[] Drew card from deck: Roronoa Zoro ["OP17-095">OP17-095]
RZ1|51|2|OP17-095|0|47|1|2|1|1|0|0|0
RZ1|CHK|51|2|47|3|0|0|10|0|0|0|1|0
[] Drew card from deck: Nami ["OP17-086">OP17-086]
RZ1|52|2|OP17-086|0|46|1|3|1|1|0|0|0
RZ1|CHK|52|2|46|4|0|0|10|0|0|0|1|0
[] Drew card from deck: Gum-Gum Kong Pistol ["OP17-098">OP17-098]
RZ1|53|2|OP17-098|0|45|1|4|1|1|0|0|0
RZ1|CHK|53|2|45|5|0|0|10|0|0|0|1|0
RZ1|54|1|OP17-044|0|44|3|0|1|0|0|0|0
RZ1|CHK|54|1|44|5|0|1|10|0|0|0|1|0
RZ1|55|1|OP17-048|0|43|3|1|1|0|0|0|0
RZ1|CHK|55|1|43|5|0|2|10|0|0|0|1|0
RZ1|56|1|OP17-049|0|42|3|2|1|0|0|0|0
RZ1|CHK|56|1|42|5|0|3|10|0|0|0|1|0
RZ1|57|1|OP17-042|0|41|3|3|1|0|0|0|0
RZ1|CHK|57|1|41|5|0|4|10|0|0|0|1|0
RZ1|58|1|OP17-055|0|40|3|4|1|0|0|0|0
RZ1|CHK|58|1|40|5|0|5|10|0|0|0|1|0
RZ1|59|2|OP17-084|0|44|3|0|0|1|0|0|0
RZ1|CHK|59|2|44|5|0|1|10|0|0|0|1|0
RZ1|60|2|OP17-088|0|43|3|1|0|1|0|0|0
RZ1|CHK|60|2|43|5|0|2|10|0|0|0|1|0
RZ1|61|2|OP17-081|0|42|3|2|0|1|0|0|0
RZ1|CHK|61|2|42|5|0|3|10|0|0|0|1|0
RZ1|62|2|OP17-094|0|41|3|3|0|1|0|0|0
RZ1|CHK|62|2|41|5|0|4|10|0|0|0|1|0
RZ1|63|2|OP17-089|0|40|3|4|0|1|0|0|0
RZ1|CHK|63|2|40|5|0|5|10|0|0|0|1|0
[] Hand: [OP17-040,OP17-049,OP17-054,OP17-055,OP17-053]
[] Board: []
[] Trash: []
[] Life: 5
[] Hand: [OP17-088,OP17-119,OP17-095,OP17-086,OP17-098]
[] Trash: []
[] Board: []
[] Life: 5
RZ1|64|1|Don|4|9|5|0|1|1|0|0|0
RZ1|CHK|64|1|40|5|0|5|9|1|0|0|1|0
[You] Draw 1 Don
RZ1|65|1|OP17-055|1|3|6|0|1|1|0|0|0
RZ1|CHK|65|1|40|4|0|5|9|1|1|0|1|0
[You] There's No Authority in the World ["OP17-055">OP17-055]: Rest 1 Don
RZ1|66|1|Don|5|0|5|0|1|1|1|0|0
RZ1|CHK|66|1|40|4|0|5|9|1|1|0|1|0
[You] There's No Authority in the World ["OP17-055">OP17-055]: Grant Unblockable to Rocks D. Xebec ["OP17-039">OP17-039]
[] Hand: [OP17-040,OP17-049,OP17-054,OP17-053]
[] Board: []
[] Trash: [OP17-055]
[] Life: 5
[] Hand: [OP17-088,OP17-119,OP17-095,OP17-086,OP17-098]
[] Trash: []
[] Board: []
[] Life: 5
[You] End Turn
[] Hand: [OP17-088,OP17-119,OP17-095,OP17-086,OP17-098]
[] Board: []
[] Trash: []
[] Life: 5
[] Hand: [OP17-040,OP17-049,OP17-054,OP17-053]
[] Trash: [OP17-055]
[] Board: []
[] Life: 5
[Opponent] Draw 1 Card
[] Drew card from deck: Nami ["OP17-086">OP17-086]
RZ1|67|2|OP17-086|0|39|1|5|1|1|0|0|0
RZ1|CHK|67|2|39|6|0|5|10|0|0|0|1|0
RZ1|68|2|Don|4|9|5|0|1|1|0|0|0
RZ1|CHK|68|2|39|6|0|5|9|1|0|0|1|0
RZ1|69|2|Don|4|8|5|1|1|1|0|0|0
RZ1|CHK|69|2|39|6|0|5|8|2|0|0|1|0
[Opponent] Draw 2 Don
RZ1|70|2|Don|5|0|5|0|1|1|1|0|0
RZ1|CHK|70|2|39|6|0|5|8|2|0|0|1|0
[Opponent] Deploy Nami ["OP17-086">OP17-086]
RZ1|71|2|OP17-086|1|3|2|0|1|1|0|0|0
RZ1|CHK|71|2|39|5|1|5|8|2|0|0|1|0
RZ1|72|2|OP17-095|1|2|6|0|1|1|0|0|0
RZ1|CHK|72|2|39|4|1|5|8|2|1|0|1|0
[Opponent] Nami ["OP17-086">OP17-086]: Trash Roronoa Zoro ["OP17-095">OP17-095]
[] Drew card from deck: Rodo ["OP17-094">OP17-094]
RZ1|73|2|OP17-094|0|38|1|4|1|1|0|0|0
RZ1|CHK|73|2|38|5|1|5|8|2|1|0|1|0
[] Drew card from deck: Loki ["OP17-119">OP17-119]
RZ1|74|2|OP17-119|0|37|1|5|1|1|0|0|0
RZ1|CHK|74|2|37|6|1|5|8|2|1|0|1|0
[Opponent] Nami ["OP17-086">OP17-086]: Draw 2 Card
RZ1|75|2|Don|5|1|5|1|1|1|1|0|0
RZ1|CHK|75|2|37|6|1|5|8|2|1|0|1|0
[Opponent] Deploy Nami ["OP17-086">OP17-086]
RZ1|76|2|OP17-086|1|3|2|1|1|1|0|0|0
RZ1|CHK|76|2|37|5|2|5|8|2|1|0|1|0
RZ1|77|2|OP17-094|1|3|6|1|1|1|0|0|0
RZ1|CHK|77|2|37|4|2|5|8|2|2|0|1|0
[Opponent] Nami ["OP17-086">OP17-086]: Trash Rodo ["OP17-094">OP17-094]
[] Drew card from deck: Gum-Gum Kong Pistol ["OP17-098">OP17-098]
RZ1|78|2|OP17-098|0|36|1|4|1|1|0|0|0
RZ1|CHK|78|2|36|5|2|5|8|2|2|0|1|0
[] Drew card from deck: Rodo ["OP17-094">OP17-094]
RZ1|79|2|OP17-094|0|35|1|5|1|1|0|0|0
RZ1|CHK|79|2|35|6|2|5|8|2|2|0|1|0
[Opponent] Nami ["OP17-086">OP17-086]: Draw 2 Card
[] Hand: [OP17-088,OP17-119,OP17-098,OP17-119,OP17-098,OP17-094]
[] Board: [OP17-086,OP17-086]
[] Trash: [OP17-095,OP17-094]
[] Life: 5
[] Hand: [OP17-040,OP17-049,OP17-054,OP17-053]
[] Trash: [OP17-055]
[] Board: []
[] Life: 5
[Opponent] End Turn
[] Hand: [OP17-040,OP17-049,OP17-054,OP17-053]
[] Board: []
[] Trash: [OP17-055]
[] Life: 5
[] Hand: [OP17-088,OP17-119,OP17-098,OP17-119,OP17-098,OP17-094]
[] Trash: [OP17-095,OP17-094]
[] Board: [OP17-086,OP17-086]
[] Life: 5
[You] Draw 1 Card
[] Drew card from deck: Kaido ["OP17-042">OP17-042]
RZ1|80|1|OP17-042|0|39|1|4|1|1|0|0|0
RZ1|CHK|80|1|39|5|0|5|9|1|1|0|1|0
RZ1|81|1|Don|4|8|5|1|1|1|0|0|0
RZ1|CHK|81|1|39|5|0|5|8|2|1|0|1|0
RZ1|82|1|Don|4|7|5|2|1|1|0|0|0
RZ1|CHK|82|1|39|5|0|5|7|3|1|0|1|0
[You] Draw 2 Don
RZ1|83|1|Don|5|0|5|0|1|1|1|0|0
RZ1|CHK|83|1|39|5|0|5|7|3|1|0|1|0
RZ1|84|1|Don|5|1|5|1|1|1|1|0|0
RZ1|CHK|84|1|39|5|0|5|7|3|1|0|1|0
RZ1|85|1|Don|5|2|5|2|1|1|1|0|0
RZ1|CHK|85|1|39|5|0|5|7|3|1|0|1|0
[You] Deploy Stussy ["OP17-054">OP17-054]
RZ1|86|1|OP17-054|1|2|2|0|1|1|0|0|0
RZ1|CHK|86|1|39|4|1|5|7|3|1|0|1|0
[You] Stussy ["OP17-054">OP17-054]: Nami ["OP17-086">OP17-086] can't attack next turn
[You] Rocks D. Xebec ["OP17-039">OP17-039] attacking Monkey D. Luffy ["OP17-079">OP17-079]
RZ1|87|1|OP17-042|1|3|6|1|1|1|0|0|0
RZ1|CHK|87|1|39|3|1|5|7|3|2|0|1|0
[You] Rocks D. Xebec ["OP17-039">OP17-039]: Trash Kaido ["OP17-042">OP17-042]
RZ1|88|1|OP17-057|0|38|0|38|0|0|0|0|0
RZ1|CHK|88|1|39|3|1|5|7|3|2|0|1|0
[You] Rocks D. Xebec ["OP17-039">OP17-039] revealed: Fullalead ["OP17-057">OP17-057]
[] Drew card from deck: Fullalead ["OP17-057">OP17-057]
RZ1|89|1|OP17-057|0|38|1|3|1|1|0|0|0
RZ1|CHK|89|1|38|4|1|5|7|3|2|0|1|0
[] Drew card from deck: Kyo ["OP17-045">OP17-045]
RZ1|90|1|OP17-045|0|37|1|4|1|1|0|0|0
RZ1|CHK|90|1|37|5|1|5|7|3|2|0|1|0
[You] Rocks D. Xebec ["OP17-039">OP17-039]: Draw 2 Card
Rocks D. Xebec ["OP17-039">OP17-039][5000] vs Monkey D. Luffy ["OP17-079">OP17-079][5000]
Monkey D. Luffy ["OP17-079">OP17-079] hit for 1 damage
RZ1|91|2|OP17-089|3|4|1|6|1|1|0|0|0
RZ1|CHK|91|2|35|7|2|4|8|2|2|0|1|0
[] Hand: [OP17-040,OP17-049,OP17-053,OP17-057,OP17-045]
[] Board: [OP17-054]
[] Trash: [OP17-055,OP17-042]
[] Life: 5
[] Hand: [OP17-088,OP17-119,OP17-098,OP17-119,OP17-098,OP17-094,OP17-089]
[] Trash: [OP17-095,OP17-094]
[] Board: [OP17-086,OP17-086]
[] Life: 4
[You] End Turn
[] Hand: [OP17-088,OP17-119,OP17-098,OP17-119,OP17-098,OP17-094,OP17-089]
[] Board: [OP17-086,OP17-086]
[] Trash: [OP17-095,OP17-094]
[] Life: 4
[] Hand: [OP17-040,OP17-049,OP17-053,OP17-057,OP17-045]
[] Trash: [OP17-055,OP17-042]
[] Board: [OP17-054]
[] Life: 5
[Opponent] Draw 1 Card
[] Drew card from deck: Loki ["OP17-119">OP17-119]
RZ1|92|2|OP17-119|0|34|1|7|1|1|0|0|0
RZ1|CHK|92|2|34|8|2|4|8|2|2|0|1|0
RZ1|93|2|Don|4|7|5|2|1|1|0|0|0
RZ1|CHK|93|2|34|8|2|4|7|3|2|0|1|0
RZ1|94|2|Don|4|6|5|3|1|1|0|0|0
RZ1|CHK|94|2|34|8|2|4|6|4|2|0|1|0
[Opponent] Draw 2 Don
RZ1|95|2|Don|5|0|5|0|1|1|1|0|0
RZ1|CHK|95|2|34|8|2|4|6|4|2|0|1|0
RZ1|96|2|Don|5|1|5|1|1|1|1|0|0
RZ1|CHK|96|2|34|8|2|4|6|4|2|0|1|0
RZ1|97|2|Don|5|2|5|2|1|1|1|0|0
RZ1|CHK|97|2|34|8|2|4|6|4|2|0|1|0
RZ1|98|2|Don|5|3|5|3|1|1|1|0|0
RZ1|CHK|98|2|34|8|2|4|6|4|2|0|1|0
[Opponent] Deploy Jaguar D. Saul ["OP17-089">OP17-089]
RZ1|99|2|OP17-089|1|6|2|2|1|1|0|0|12
RZ1|CHK|99|2|34|7|3|4|6|4|2|0|1|0
RZ1|100|2|OP17-080|0|31|1|7|1|1|0|0|0
RZ1|CHK|100|2|33|8|3|4|6|4|2|0|1|0
[Opponent] Jaguar D. Saul ["OP17-089">OP17-089]: <b>Reveal and Draw Usopp ["OP17-080">OP17-080]</b>
[Opponent] Jaguar D. Saul ["OP17-089">OP17-089]: Trash 2 Remaining Cards
RZ1|101|2|OP17-096|0|32|6|2|1|1|0|0|0
RZ1|CHK|101|2|32|8|3|4|6|4|3|0|1|0
RZ1|102|2|OP17-089|0|31|6|3|1|1|0|0|0
RZ1|CHK|102|2|31|8|3|4|6|4|4|0|1|0
[Opponent] Monkey D. Luffy ["OP17-079">OP17-079] attacking Rocks D. Xebec ["OP17-039">OP17-039]
Monkey D. Luffy ["OP17-079">OP17-079][5000] vs Rocks D. Xebec ["OP17-039">OP17-039][5000]
Rocks D. Xebec ["OP17-039">OP17-039] hit for 1 damage
RZ1|103|1|OP17-055|3|4|1|5|1|1|0|0|0
RZ1|CHK|103|1|37|6|1|4|7|3|2|0|1|0
[Opponent] Nami ["OP17-086">OP17-086] is no longer blocked from attacking
[] Hand: [OP17-088,OP17-119,OP17-098,OP17-119,OP17-098,OP17-094,OP17-119,OP17-080]
[] Board: [OP17-086,OP17-086,OP17-089]
[] Trash: [OP17-095,OP17-094,OP17-096,OP17-089]
[] Life: 4
[] Hand: [OP17-040,OP17-049,OP17-053,OP17-057,OP17-045,OP17-055]
[] Trash: [OP17-055,OP17-042]
[] Board: [OP17-054]
[] Life: 4
[Opponent] End Turn
[] Hand: [OP17-040,OP17-049,OP17-053,OP17-057,OP17-045,OP17-055]
[] Board: [OP17-054]
[] Trash: [OP17-055,OP17-042]
[] Life: 4
[] Hand: [OP17-088,OP17-119,OP17-098,OP17-119,OP17-098,OP17-094,OP17-119,OP17-080]
[] Trash: [OP17-095,OP17-094,OP17-096,OP17-089]
[] Board: [OP17-086,OP17-086,OP17-089]
[] Life: 4
[You] Draw 1 Card
[] Drew card from deck: Rocks D. Xebec ["OP17-118">OP17-118]
RZ1|104|1|OP17-118|0|36|1|6|1|1|0|0|0
RZ1|CHK|104|1|36|7|1|4|7|3|2|0|1|0
RZ1|105|1|Don|4|6|5|3|1|1|0|0|0
RZ1|CHK|105|1|36|7|1|4|6|4|2|0|1|0
RZ1|106|1|Don|4|5|5|4|1|1|0|0|0
RZ1|CHK|106|1|36|7|1|4|5|5|2|0|1|0
[You] Draw 2 Don
RZ1|107|1|Don|5|0|5|0|1|1|1|0|0
RZ1|CHK|107|1|36|7|1|4|5|5|2|0|1|0
RZ1|108|1|Don|5|1|5|1|1|1|1|0|0
RZ1|CHK|108|1|36|7|1|4|5|5|2|0|1|0
RZ1|109|1|Don|5|2|5|2|1|1|1|0|0
RZ1|CHK|109|1|36|7|1|4|5|5|2|0|1|0
RZ1|110|1|Don|5|3|5|3|1|1|1|0|0
RZ1|CHK|110|1|36|7|1|4|5|5|2|0|1|0
RZ1|111|1|Don|5|4|5|4|1|1|1|0|0
RZ1|CHK|111|1|36|7|1|4|5|5|2|0|1|0
[You] Deploy Charlotte Linlin ["OP17-049">OP17-049]
RZ1|112|1|OP17-049|1|1|2|1|1|1|0|0|0
RZ1|CHK|112|1|36|6|2|4|5|5|2|0|1|0
[You] Forcing opponent to resolve Card Action!
RZ1|113|2|OP17-094|1|5|6|4|1|1|0|0|0
RZ1|CHK|113|2|31|7|3|4|6|4|5|0|1|0
[Opponent] Charlotte Linlin ["OP17-049">OP17-049]: Trash Rodo ["OP17-094">OP17-094]
RZ1|114|2|OP17-098|1|2|6|5|1|1|0|0|0
RZ1|CHK|114|2|31|6|3|4|6|4|6|0|1|0
[Opponent] Charlotte Linlin ["OP17-049">OP17-049]: Trash Gum-Gum Kong Pistol ["OP17-098">OP17-098]
[You] Stussy ["OP17-054">OP17-054] attacking Monkey D. Luffy ["OP17-079">OP17-079]
[Opponent] Discard Usopp ["OP17-080">OP17-080] for Counter 1000
RZ1|115|2|OP17-080|1|5|6|6|1|1|0|0|0
RZ1|CHK|115|2|31|5|3|4|6|4|7|0|1|0
Stussy ["OP17-054">OP17-054][5000] vs Monkey D. Luffy ["OP17-079">OP17-079][6000]
Attack Fails
[You] Rocks D. Xebec ["OP17-039">OP17-039] attacking Monkey D. Luffy ["OP17-079">OP17-079]
RZ1|116|1|OP17-057|1|2|6|2|1|1|0|0|0
RZ1|CHK|116|1|36|5|2|4|5|5|3|0|1|0
[You] Rocks D. Xebec ["OP17-039">OP17-039]: Trash Fullalead ["OP17-057">OP17-057]
RZ1|117|1|OP17-048|0|35|0|35|0|0|0|0|0
RZ1|CHK|117|1|36|5|2|4|5|5|3|0|1|0
[You] Rocks D. Xebec ["OP17-039">OP17-039] revealed: Shiki ["OP17-048">OP17-048]
[] Drew card from deck: Shiki ["OP17-048">OP17-048]
RZ1|118|1|OP17-048|0|35|1|5|1|1|0|0|0
RZ1|CHK|118|1|35|6|2|4|5|5|3|0|1|0
[] Drew card from deck: Shiki ["OP17-048">OP17-048]
RZ1|119|1|OP17-048|0|34|1|6|1|1|0|0|0
RZ1|CHK|119|1|34|7|2|4|5|5|3|0|1|0
[You] Rocks D. Xebec ["OP17-039">OP17-039]: Draw 2 Card
[Opponent] Discard Hajrudin ["OP17-088">OP17-088] for Counter 2000
RZ1|120|2|OP17-088|1|0|6|7|1|1|0|0|0
RZ1|CHK|120|2|31|4|3|4|6|4|8|0|1|0
Rocks D. Xebec ["OP17-039">OP17-039][5000] vs Monkey D. Luffy ["OP17-079">OP17-079][7000]
Attack Fails
[] Hand: [OP17-040,OP17-053,OP17-045,OP17-055,OP17-118,OP17-048,OP17-048]
[] Board: [OP17-054,OP17-049]
[] Trash: [OP17-055,OP17-042,OP17-057]
[] Life: 4
[] Hand: [OP17-119,OP17-119,OP17-098,OP17-119]
[] Trash: [OP17-095,OP17-094,OP17-096,OP17-089,OP17-094,OP17-098,OP17-080,OP17-088]
[] Board: [OP17-086,OP17-086,OP17-089]
[] Life: 4
[You] End Turn
[] Hand: [OP17-119,OP17-119,OP17-098,OP17-119]
[] Board: [OP17-086,OP17-086,OP17-089]
[] Trash: [OP17-095,OP17-094,OP17-096,OP17-089,OP17-094,OP17-098,OP17-080,OP17-088]
[] Life: 4
[] Hand: [OP17-040,OP17-053,OP17-045,OP17-055,OP17-118,OP17-048,OP17-048]
[] Trash: [OP17-055,OP17-042,OP17-057]
[] Board: [OP17-054,OP17-049]
[] Life: 4
[Opponent] Draw 1 Card
[] Drew card from deck: Instead I'll Feed on this Rage! ["OP17-097">OP17-097]
RZ1|121|2|OP17-097|0|30|1|4|1|1|0|0|0
RZ1|CHK|121|2|30|5|3|4|6|4|8|0|1|0
RZ1|122|2|Don|4|5|5|4|1|1|0|0|0
RZ1|CHK|122|2|30|5|3|4|5|5|8|0|1|0
RZ1|123|2|Don|4|4|5|5|1|1|0|0|0
RZ1|CHK|123|2|30|5|3|4|4|6|8|0|1|0
[Opponent] Draw 2 Don
RZ1|124|2|Don|5|0|5|0|1|1|1|0|0
RZ1|CHK|124|2|30|5|3|4|4|6|8|0|1|0
RZ1|125|2|Don|5|1|5|1|1|1|1|0|0
RZ1|CHK|125|2|30|5|3|4|4|6|8|0|1|0
RZ1|126|2|Don|5|2|5|2|1|1|1|0|0
RZ1|CHK|126|2|30|5|3|4|4|6|8|0|1|0
RZ1|127|2|Don|5|3|5|3|1|1|1|0|0
RZ1|CHK|127|2|30|5|3|4|4|6|8|0|1|0
RZ1|128|2|Don|5|4|5|4|1|1|1|0|0
RZ1|CHK|128|2|30|5|3|4|4|6|8|0|1|0
RZ1|129|2|Don|5|5|5|5|1|1|1|0|0
RZ1|CHK|129|2|30|5|3|4|4|6|8|0|1|0
[Opponent] Deploy Loki ["OP17-119">OP17-119]
RZ1|130|2|OP17-119|1|0|2|3|1|1|0|0|12
RZ1|CHK|130|2|30|4|4|4|4|6|8|0|1|0
[Opponent] Jaguar D. Saul ["OP17-089">OP17-089] attacking Rocks D. Xebec ["OP17-039">OP17-039]
RZ1|131|1|OP17-045|1|2|6|3|1|1|0|0|0
RZ1|CHK|131|1|34|6|2|4|5|5|4|0|1|0
[You] Charlotte Linlin ["OP17-049">OP17-049]: Trash Kyo ["OP17-045">OP17-045]
[You] Charlotte Linlin ["OP17-049">OP17-049]: Buff Rocks D. Xebec ["OP17-039">OP17-039] 1000 for the Combat
[You] There's No Authority in the World ["OP17-055">OP17-055]: Activate Counter
RZ1|132|1|OP17-055|1|2|6|4|1|1|0|0|0
RZ1|CHK|132|1|34|5|2|4|5|5|5|0|1|0
[You] There's No Authority in the World ["OP17-055">OP17-055]: Buff Rocks D. Xebec ["OP17-039">OP17-039] 2000 for the Combat
Jaguar D. Saul ["OP17-089">OP17-089][6000] vs Rocks D. Xebec ["OP17-039">OP17-039][8000]
Attack Fails
[Opponent] Monkey D. Luffy ["OP17-079">OP17-079] attacking Rocks D. Xebec ["OP17-039">OP17-039]
Monkey D. Luffy ["OP17-079">OP17-079][5000] vs Rocks D. Xebec ["OP17-039">OP17-039][5000]
Rocks D. Xebec ["OP17-039">OP17-039] hit for 1 damage
RZ1|133|1|OP17-042|3|3|1|5|1|1|0|0|0
RZ1|CHK|133|1|34|6|2|3|5|5|5|0|1|0
[] Hand: [OP17-119,OP17-098,OP17-119,OP17-097]
[] Board: [OP17-086,OP17-086,OP17-089,OP17-119]
[] Trash: [OP17-095,OP17-094,OP17-096,OP17-089,OP17-094,OP17-098,OP17-080,OP17-088]
[] Life: 4
[] Hand: [OP17-040,OP17-053,OP17-118,OP17-048,OP17-048,OP17-042]
[] Trash: [OP17-055,OP17-042,OP17-057,OP17-045,OP17-055]
[] Board: [OP17-054,OP17-049]
[] Life: 3
[Opponent] End Turn
[] Hand: [OP17-040,OP17-053,OP17-118,OP17-048,OP17-048,OP17-042]
[] Board: [OP17-054,OP17-049]
[] Trash: [OP17-055,OP17-042,OP17-057,OP17-045,OP17-055]
[] Life: 3
[] Hand: [OP17-119,OP17-098,OP17-119,OP17-097]
[] Trash: [OP17-095,OP17-094,OP17-096,OP17-089,OP17-094,OP17-098,OP17-080,OP17-088]
[] Board: [OP17-086,OP17-086,OP17-089,OP17-119]
[] Life: 4
[You] Draw 1 Card
[] Drew card from deck: Rocks Pirates ["OP17-056">OP17-056]
RZ1|134|1|OP17-056|0|33|1|6|1|1|0|0|0
RZ1|CHK|134|1|33|7|2|3|5|5|5|0|1|0
RZ1|135|1|Don|4|4|5|5|1|1|0|0|0
RZ1|CHK|135|1|33|7|2|3|4|6|5|0|1|0
RZ1|136|1|Don|4|3|5|6|1|1|0|0|0
RZ1|CHK|136|1|33|7|2|3|3|7|5|0|1|0
[You] Draw 2 Don
RZ1|137|1|Don|5|0|5|0|1|1|1|0|0
RZ1|CHK|137|1|33|7|2|3|3|7|5|0|1|0
RZ1|138|1|Don|5|1|5|1|1|1|1|0|0
RZ1|CHK|138|1|33|7|2|3|3|7|5|0|1|0
RZ1|139|1|Don|5|2|5|2|1|1|1|0|0
RZ1|CHK|139|1|33|7|2|3|3|7|5|0|1|0
RZ1|140|1|Don|5|3|5|3|1|1|1|0|0
RZ1|CHK|140|1|33|7|2|3|3|7|5|0|1|0
[You] Deploy Kaido ["OP17-042">OP17-042]
RZ1|141|1|OP17-042|1|5|2|2|1|1|0|0|0
RZ1|CHK|141|1|33|6|3|3|3|7|5|0|1|0
[You] Kaido ["OP17-042">OP17-042] revealed: Barbell ["OP17-053">OP17-053]
[You] Kaido ["OP17-042">OP17-042] revealed: Edward Newgate ["OP17-040">OP17-040]
[You] Kaido ["OP17-042">OP17-042] revealed: Shiki ["OP17-048">OP17-048]
[You] Forcing opponent to resolve Card Action!
[Opponent] Forcing opponent to resolve Card Action!
[You] Kaido ["OP17-042">OP17-042]: Buff Jaguar D. Saul ["OP17-089">OP17-089] -3000
RZ1|142|1|Don|5|4|9|9900|1|1|0|0|0
RZ1|CHK|142|1|33|6|3|3|3|6|5|0|1|1
RZ1|143|1|Don|5|4|9|9901|1|1|0|0|0
RZ1|CHK|143|1|33|6|3|3|3|5|5|0|1|2
[You] Attach 2 Don to Rocks D. Xebec ["OP17-039">OP17-039] (2 Total)
[You] Charlotte Linlin ["OP17-049">OP17-049] attacking Monkey D. Luffy ["OP17-079">OP17-079]
Charlotte Linlin ["OP17-049">OP17-049][7000] vs Monkey D. Luffy ["OP17-079">OP17-079][5000]
Monkey D. Luffy ["OP17-079">OP17-079] hit for 1 damage
RZ1|144|2|OP17-094|3|3|1|4|1|1|0|0|0
RZ1|CHK|144|2|30|5|4|3|4|6|8|0|1|0
[You] Rocks D. Xebec ["OP17-039">OP17-039] attacking Monkey D. Luffy ["OP17-079">OP17-079]
RZ1|145|1|OP17-053|1|1|6|5|1|1|0|0|0
RZ1|CHK|145|1|33|5|3|3|3|5|6|0|1|2
[You] Rocks D. Xebec ["OP17-039">OP17-039]: Trash Barbell ["OP17-053">OP17-053]
RZ1|146|1|OP17-045|0|32|0|32|0|0|0|0|0
RZ1|CHK|146|1|33|5|3|3|3|5|6|0|1|2
[You] Rocks D. Xebec ["OP17-039">OP17-039] revealed: Kyo ["OP17-045">OP17-045]
[] Drew card from deck: Kyo ["OP17-045">OP17-045]
RZ1|147|1|OP17-045|0|32|1|5|1|1|0|0|0
RZ1|CHK|147|1|32|6|3|3|3|5|6|0|1|2
[] Drew card from deck: Fullalead ["OP17-057">OP17-057]
RZ1|148|1|OP17-057|0|31|1|6|1|1|0|0|0
RZ1|CHK|148|1|31|7|3|3|3|5|6|0|1|2
[You] Rocks D. Xebec ["OP17-039">OP17-039]: Draw 2 Card
Rocks D. Xebec ["OP17-039">OP17-039][7000] vs Monkey D. Luffy ["OP17-079">OP17-079][5000]
Monkey D. Luffy ["OP17-079">OP17-079] hit for 1 damage
RZ1|149|2|OP17-081|3|2|1|5|1|1|0|0|0
RZ1|CHK|149|2|30|6|4|2|4|6|8|0|1|0
[You] Stussy ["OP17-054">OP17-054] attacking Monkey D. Luffy ["OP17-079">OP17-079]
[Opponent] Discard Rodo ["OP17-094">OP17-094] for Counter 2000
RZ1|150|2|OP17-094|1|4|6|8|1|1|0|0|0
RZ1|CHK|150|2|30|5|4|2|4|6|9|0|1|0
Stussy ["OP17-054">OP17-054][5000] vs Monkey D. Luffy ["OP17-079">OP17-079][7000]
Attack Fails
RZ1|151|1|Don|5|4|5|4|1|1|1|0|0
RZ1|CHK|151|1|31|7|3|3|3|5|6|0|1|2
[You] Deploy Fullalead ["OP17-057">OP17-057]
RZ1|152|1|OP17-057|1|6|7|0|1|1|0|0|0
RZ1|CHK|152|1|31|6|3|3|3|5|6|1|1|2
[] Hand: [OP17-040,OP17-118,OP17-048,OP17-048,OP17-056,OP17-045]
[] Board: [OP17-054,OP17-049,OP17-042]
[] Trash: [OP17-055,OP17-042,OP17-057,OP17-045,OP17-055,OP17-053]
[] Life: 3
[] Hand: [OP17-119,OP17-098,OP17-119,OP17-097,OP17-081]
[] Trash: [OP17-095,OP17-094,OP17-096,OP17-089,OP17-094,OP17-098,OP17-080,OP17-088,OP17-094]
[] Board: [OP17-086,OP17-086,OP17-089,OP17-119]
[] Life: 2
[You] End Turn
[] Hand: [OP17-119,OP17-098,OP17-119,OP17-097,OP17-081]
[] Board: [OP17-086,OP17-086,OP17-089,OP17-119]
[] Trash: [OP17-095,OP17-094,OP17-096,OP17-089,OP17-094,OP17-098,OP17-080,OP17-088,OP17-094]
[] Life: 2
[] Hand: [OP17-040,OP17-118,OP17-048,OP17-048,OP17-056,OP17-045]
[] Trash: [OP17-055,OP17-042,OP17-057,OP17-045,OP17-055,OP17-053]
[] Board: [OP17-054,OP17-049,OP17-042]
[] Life: 3
[Opponent] Draw 1 Card
[] Drew card from deck: Monkey D. Luffy ["OP17-093">OP17-093]
RZ1|153|2|OP17-093|0|29|1|5|1|1|0|0|0
RZ1|CHK|153|2|29|6|4|2|4|6|9|0|1|0
RZ1|154|2|Don|4|3|5|6|1|1|0|0|0
RZ1|CHK|154|2|29|6|4|2|3|7|9|0|1|0
RZ1|155|2|Don|4|2|5|7|1|1|0|0|0
RZ1|CHK|155|2|29|6|4|2|2|8|9|0|1|0
[Opponent] Draw 2 Don
RZ1|156|2|Don|5|0|5|0|1|1|1|0|0
RZ1|CHK|156|2|29|6|4|2|2|8|9|0|1|0
RZ1|157|2|Don|5|1|5|1|1|1|1|0|0
RZ1|CHK|157|2|29|6|4|2|2|8|9|0|1|0
RZ1|158|2|Don|5|2|5|2|1|1|1|0|0
RZ1|CHK|158|2|29|6|4|2|2|8|9|0|1|0
RZ1|159|2|Don|5|3|5|3|1|1|1|0|0
RZ1|CHK|159|2|29|6|4|2|2|8|9|0|1|0
RZ1|160|2|Don|5|4|5|4|1|1|1|0|0
RZ1|CHK|160|2|29|6|4|2|2|8|9|0|1|0
RZ1|161|2|Don|5|5|5|5|1|1|1|0|0
RZ1|CHK|161|2|29|6|4|2|2|8|9|0|1|0
RZ1|162|2|Don|5|6|5|6|1|1|1|0|0
RZ1|CHK|162|2|29|6|4|2|2|8|9|0|1|0
RZ1|163|2|Don|5|7|5|7|1|1|1|0|0
RZ1|CHK|163|2|29|6|4|2|2|8|9|0|1|0
[Opponent] Deploy Monkey D. Luffy ["OP17-093">OP17-093]
RZ1|164|2|OP17-093|1|5|2|4|1|1|0|0|0
RZ1|CHK|164|2|29|5|5|2|2|8|9|0|1|0
[] Drew card from deck: Tony Tony Chopper ["OP17-084">OP17-084]
RZ1|165|2|OP17-084|0|28|1|5|1|1|0|0|0
RZ1|CHK|165|2|28|6|5|2|2|8|9|0|1|0
[Opponent] Monkey D. Luffy ["OP17-093">OP17-093]: Draw 1 Card
RZ1|166|2|OP17-086|2|0|6|9|1|1|0|0|0
RZ1|CHK|166|2|28|6|4|2|2|8|10|0|1|0
[Opponent] Trash Nami ["OP17-086">OP17-086]
[Opponent] Monkey D. Luffy ["OP17-093">OP17-093]: Deployed Roronoa Zoro ["OP17-095">OP17-095] from Trash
RZ1|167|2|OP17-095|6|0|2|4|1|1|0|3000|0
RZ1|CHK|167|2|28|6|5|2|2|8|9|0|1|0
[Opponent] Loki ["OP17-119">OP17-119] attacking Rocks D. Xebec ["OP17-039">OP17-039]
RZ1|168|1|OP17-045|1|5|6|6|1|1|0|0|0
RZ1|CHK|168|1|31|5|3|3|3|5|7|1|1|2
[You] Charlotte Linlin ["OP17-049">OP17-049]: Trash Kyo ["OP17-045">OP17-045]
[You] Charlotte Linlin ["OP17-049">OP17-049]: Buff Rocks D. Xebec ["OP17-039">OP17-039] 1000 for the Combat
[You] Fullalead ["OP17-057">OP17-057]: Rest Fullalead ["OP17-057">OP17-057]
RZ1|169|1|OP17-040|1|0|6|7|1|1|0|0|0
RZ1|CHK|169|1|31|4|3|3|3|5|8|1|1|2
[You] Fullalead ["OP17-057">OP17-057]: Trash Edward Newgate ["OP17-040">OP17-040]
[You] Fullalead ["OP17-057">OP17-057]: Buff Rocks D. Xebec ["OP17-039">OP17-039] 1000 for the Combat
[You] Kaido ["OP17-042">OP17-042] Blocks
Loki ["OP17-119">OP17-119][8000] vs Kaido ["OP17-042">OP17-042][6000]
[You] Kaido ["OP17-042">OP17-042] Destroyed
RZ1|170|1|OP17-042|2|2|6|8|1|1|0|0|0
RZ1|CHK|170|1|31|4|2|3|3|5|9|1|1|2
[Opponent] Jaguar D. Saul ["OP17-089">OP17-089] attacking Rocks D. Xebec ["OP17-039">OP17-039]
[You] Rocks Pirates ["OP17-056">OP17-056]: Activate Counter
RZ1|171|1|OP17-056|1|3|6|9|1|1|0|0|0
RZ1|CHK|171|1|31|3|2|3|3|5|10|1|1|2
[You] Rocks Pirates ["OP17-056">OP17-056]: Buff Rocks D. Xebec ["OP17-039">OP17-039] 2000 for the Combat
Jaguar D. Saul ["OP17-089">OP17-089][6000] vs Rocks D. Xebec ["OP17-039">OP17-039][7000]
Attack Fails
[Opponent] Monkey D. Luffy ["OP17-079">OP17-079] attacking Rocks D. Xebec ["OP17-039">OP17-039]
Monkey D. Luffy ["OP17-079">OP17-079][5000] vs Rocks D. Xebec ["OP17-039">OP17-039][5000]
Rocks D. Xebec ["OP17-039">OP17-039] hit for 1 damage
RZ1|172|1|OP17-049|3|2|1|3|1|1|0|0|0
RZ1|CHK|172|1|31|4|2|2|3|5|10|1|1|2
[] Hand: [OP17-119,OP17-098,OP17-119,OP17-097,OP17-081,OP17-084]
[] Board: [OP17-086,OP17-089,OP17-119,OP17-093,OP17-095]
[] Trash: [OP17-094,OP17-096,OP17-089,OP17-094,OP17-098,OP17-080,OP17-088,OP17-094,OP17-086]
[] Life: 2
[] Hand: [OP17-118,OP17-048,OP17-048,OP17-049]
[] Trash: [OP17-055,OP17-042,OP17-057,OP17-045,OP17-055,OP17-053,OP17-045,OP17-040,OP17-042,OP17-056]
[] Board: [OP17-054,OP17-049]
[] Life: 2
[Opponent] End Turn
[] Hand: [OP17-118,OP17-048,OP17-048,OP17-049]
[] Board: [OP17-054,OP17-049]
[] Trash: [OP17-055,OP17-042,OP17-057,OP17-045,OP17-055,OP17-053,OP17-045,OP17-040,OP17-042,OP17-056]
[] Life: 2
[] Hand: [OP17-119,OP17-098,OP17-119,OP17-097,OP17-081,OP17-084]
[] Trash: [OP17-094,OP17-096,OP17-089,OP17-094,OP17-098,OP17-080,OP17-088,OP17-094,OP17-086]
[] Board: [OP17-086,OP17-089,OP17-119,OP17-093,OP17-095]
[] Life: 2
RZ1|173|1|Don|9|9900|5|0|1|1|1|0|0
RZ1|CHK|173|1|31|4|2|2|3|6|10|1|1|1
RZ1|174|1|Don|9|9900|5|0|1|1|1|0|0
RZ1|CHK|174|1|31|4|2|2|3|7|10|1|1|0
[You] Draw 1 Card
[] Drew card from deck: Edward Newgate ["OP17-040">OP17-040]
RZ1|175|1|OP17-040|0|30|1|4|1|1|0|0|0
RZ1|CHK|175|1|30|5|2|2|3|7|10|1|1|0
RZ1|176|1|Don|4|2|5|7|1|1|0|0|0
RZ1|CHK|176|1|30|5|2|2|2|8|10|1|1|0
RZ1|177|1|Don|4|1|5|8|1|1|0|0|0
RZ1|CHK|177|1|30|5|2|2|1|9|10|1|1|0
[You] Draw 2 Don
RZ1|178|1|Don|5|0|5|0|1|1|1|0|0
RZ1|CHK|178|1|30|5|2|2|1|9|10|1|1|0
RZ1|179|1|Don|5|1|5|1|1|1|1|0|0
RZ1|CHK|179|1|30|5|2|2|1|9|10|1|1|0
RZ1|180|1|Don|5|2|5|2|1|1|1|0|0
RZ1|CHK|180|1|30|5|2|2|1|9|10|1|1|0
RZ1|181|1|Don|5|3|5|3|1|1|1|0|0
RZ1|CHK|181|1|30|5|2|2|1|9|10|1|1|0
RZ1|182|1|Don|5|4|5|4|1|1|1|0|0
RZ1|CHK|182|1|30|5|2|2|1|9|10|1|1|0
RZ1|183|1|Don|5|5|5|5|1|1|1|0|0
RZ1|CHK|183|1|30|5|2|2|1|9|10|1|1|0
RZ1|184|1|Don|5|6|5|6|1|1|1|0|0
RZ1|CHK|184|1|30|5|2|2|1|9|10|1|1|0
[You] Deploy Shiki ["OP17-048">OP17-048]
RZ1|185|1|OP17-048|1|1|2|2|1|1|0|0|0
RZ1|CHK|185|1|30|4|3|2|1|9|10|1|1|0
RZ1|186|1|Don|5|7|9|100|1|1|0|0|0
RZ1|CHK|186|1|30|4|3|2|1|8|10|1|1|1
RZ1|187|1|Don|5|7|9|101|1|1|0|0|0
RZ1|CHK|187|1|30|4|3|2|1|7|10|1|1|2
[You] Attach 2 Don to Charlotte Linlin ["OP17-049">OP17-049] (2 Total)
[You] Charlotte Linlin ["OP17-049">OP17-049] attacking Monkey D. Luffy ["OP17-079">OP17-079]
Charlotte Linlin ["OP17-049">OP17-049][9000] vs Monkey D. Luffy ["OP17-079">OP17-079][5000]
Monkey D. Luffy ["OP17-079">OP17-079] hit for 1 damage
RZ1|188|2|OP17-088|3|1|1|6|1|1|0|0|0
RZ1|CHK|188|2|28|7|5|1|2|8|9|0|1|0
[You] Stussy ["OP17-054">OP17-054] attacking Monkey D. Luffy ["OP17-079">OP17-079]
[Opponent] Discard Gerd ["OP17-081">OP17-081] for Counter 2000
RZ1|189|2|OP17-081|1|4|6|9|1|1|0|0|0
RZ1|CHK|189|2|28|6|5|1|2|8|10|0|1|0
Stussy ["OP17-054">OP17-054][5000] vs Monkey D. Luffy ["OP17-079">OP17-079][7000]
Attack Fails
[You] Rocks D. Xebec ["OP17-039">OP17-039] attacking Monkey D. Luffy ["OP17-079">OP17-079]
RZ1|190|1|OP17-049|1|2|6|10|1|1|0|0|0
RZ1|CHK|190|1|30|3|3|2|1|7|11|1|1|2
[You] Rocks D. Xebec ["OP17-039">OP17-039]: Trash Charlotte Linlin ["OP17-049">OP17-049]
RZ1|191|1|OP17-050|0|29|0|29|0|0|0|0|0
RZ1|CHK|191|1|30|3|3|2|1|7|11|1|1|2
[You] Rocks D. Xebec ["OP17-039">OP17-039] revealed: Streusen ["OP17-050">OP17-050]
[] Drew card from deck: Streusen ["OP17-050">OP17-050]
RZ1|192|1|OP17-050|0|29|1|3|1|1|0|0|0
RZ1|CHK|192|1|29|4|3|2|1|7|11|1|1|2
[] Drew card from deck: Gloriosa ["OP17-046">OP17-046]
RZ1|193|1|OP17-046|0|28|1|4|1|1|0|0|0
RZ1|CHK|193|1|28|5|3|2|1|7|11|1|1|2
[You] Rocks D. Xebec ["OP17-039">OP17-039]: Draw 2 Card
[Opponent] Discard Tony Tony Chopper ["OP17-084">OP17-084] for Counter 2000
RZ1|194|2|OP17-084|1|4|6|10|1|1|0|0|0
RZ1|CHK|194|2|28|5|5|1|2|8|11|0|1|0
Rocks D. Xebec ["OP17-039">OP17-039][5000] vs Monkey D. Luffy ["OP17-079">OP17-079][7000]
Attack Fails
[You] Shiki ["OP17-048">OP17-048] attacking Jaguar D. Saul ["OP17-089">OP17-089]
RZ1|195|1|OP17-050|1|3|6|11|1|1|0|0|0
RZ1|CHK|195|1|28|4|3|2|1|7|12|1|1|2
[You] Shiki ["OP17-048">OP17-048]: Trash Streusen ["OP17-050">OP17-050]
[You] Shiki ["OP17-048">OP17-048]: Buff Jaguar D. Saul ["OP17-089">OP17-089] -3000
Shiki ["OP17-048">OP17-048][9000] vs Jaguar D. Saul ["OP17-089">OP17-089][3000]
[Opponent] Jaguar D. Saul ["OP17-089">OP17-089] Destroyed
RZ1|196|2|OP17-089|2|1|6|11|1|1|0|0|0
RZ1|CHK|196|2|28|5|4|1|2|8|12|0|1|0
[] Hand: [OP17-118,OP17-048,OP17-040,OP17-046]
[] Board: [OP17-054,OP17-049,OP17-048]
[] Trash: [OP17-055,OP17-042,OP17-057,OP17-045,OP17-055,OP17-053,OP17-045,OP17-040,OP17-042,OP17-056,OP17-049,OP17-050]
[] Life: 2
[] Hand: [OP17-119,OP17-098,OP17-119,OP17-097,OP17-088]
[] Trash: [OP17-094,OP17-096,OP17-089,OP17-094,OP17-098,OP17-080,OP17-088,OP17-094,OP17-086,OP17-081,OP17-084,OP17-089]
[] Board: [OP17-086,OP17-119,OP17-093,OP17-095]
[] Life: 1
[You] End Turn
[] Hand: [OP17-119,OP17-098,OP17-119,OP17-097,OP17-088]
[] Board: [OP17-086,OP17-119,OP17-093,OP17-095]
[] Trash: [OP17-094,OP17-096,OP17-089,OP17-094,OP17-098,OP17-080,OP17-088,OP17-094,OP17-086,OP17-081,OP17-084,OP17-089]
[] Life: 1
[] Hand: [OP17-118,OP17-048,OP17-040,OP17-046]
[] Trash: [OP17-055,OP17-042,OP17-057,OP17-045,OP17-055,OP17-053,OP17-045,OP17-040,OP17-042,OP17-056,OP17-049,OP17-050]
[] Board: [OP17-054,OP17-049,OP17-048]
[] Life: 2
[Opponent] Draw 1 Card
[] Drew card from deck: Usopp ["OP17-080">OP17-080]
RZ1|197|2|OP17-080|0|27|1|5|1|1|0|0|0
RZ1|CHK|197|2|27|6|4|1|2|8|12|0|1|0
RZ1|198|2|Don|4|1|5|8|1|1|0|0|0
RZ1|CHK|198|2|27|6|4|1|1|9|12|0|1|0
RZ1|199|2|Don|4|0|5|9|1|1|0|0|0
RZ1|CHK|199|2|27|6|4|1|0|10|12|0|1|0
[Opponent] Draw 2 Don
[Opponent] Loki ["OP17-119">OP17-119] attacking Rocks D. Xebec ["OP17-039">OP17-039]
RZ1|200|1|OP17-040|1|2|6|12|1|1|0|0|0
RZ1|CHK|200|1|28|3|3|2|1|7|13|1|1|2
[You] Charlotte Linlin ["OP17-049">OP17-049]: Trash Edward Newgate ["OP17-040">OP17-040]
[You] Charlotte Linlin ["OP17-049">OP17-049]: Buff Rocks D. Xebec ["OP17-039">OP17-039] 1000 for the Combat
RZ1|201|1|OP17-048|1|1|6|13|1|1|0|0|0
RZ1|CHK|201|1|28|2|3|2|1|7|14|1|1|2
[You] Shiki ["OP17-048">OP17-048]: Trash Shiki ["OP17-048">OP17-048]
[You] Shiki ["OP17-048">OP17-048]: Buff Monkey D. Luffy ["OP17-093">OP17-093] -3000
[You] Fullalead ["OP17-057">OP17-057]: Rest Fullalead ["OP17-057">OP17-057]
RZ1|202|1|OP17-046|1|1|6|14|1|1|0|0|0
RZ1|CHK|202|1|28|1|3|2|1|7|15|1|1|2
[You] Fullalead ["OP17-057">OP17-057]: Trash Gloriosa ["OP17-046">OP17-046]
[You] Fullalead ["OP17-057">OP17-057]: Buff Rocks D. Xebec ["OP17-039">OP17-039] 1000 for the Combat
Loki ["OP17-119">OP17-119][8000] vs Rocks D. Xebec ["OP17-039">OP17-039][7000]
Rocks D. Xebec ["OP17-039">OP17-039] hit for 1 damage
RZ1|203|1|OP17-048|3|1|1|1|1|1|0|0|0
RZ1|CHK|203|1|28|2|3|1|1|7|15|1|1|2
[Opponent] Monkey D. Luffy ["OP17-093">OP17-093] attacking Rocks D. Xebec ["OP17-039">OP17-039]
Monkey D. Luffy ["OP17-093">OP17-093][5000] vs Rocks D. Xebec ["OP17-039">OP17-039][5000]
Rocks D. Xebec ["OP17-039">OP17-039] hit for 1 damage
RZ1|204|1|OP17-044|3|0|1|2|1|1|0|0|0
RZ1|CHK|204|1|28|3|3|0|1|7|15|1|1|2
RZ1|205|2|Don|5|0|5|0|1|1|1|0|0
RZ1|CHK|205|2|27|6|4|1|0|10|12|0|1|0
RZ1|206|2|Don|5|1|5|1|1|1|1|0|0
RZ1|CHK|206|2|27|6|4|1|0|10|12|0|1|0
RZ1|207|2|Don|5|2|5|2|1|1|1|0|0
RZ1|CHK|207|2|27|6|4|1|0|10|12|0|1|0
RZ1|208|2|Don|5|3|5|3|1|1|1|0|0
RZ1|CHK|208|2|27|6|4|1|0|10|12|0|1|0
RZ1|209|2|Don|5|4|5|4|1|1|1|0|0
RZ1|CHK|209|2|27|6|4|1|0|10|12|0|1|0
RZ1|210|2|Don|5|5|5|5|1|1|1|0|0
RZ1|CHK|210|2|27|6|4|1|0|10|12|0|1|0
[Opponent] Deploy Loki ["OP17-119">OP17-119]
RZ1|211|2|OP17-119|1|0|2|4|1|1|0|0|12
RZ1|CHK|211|2|27|5|5|1|0|10|12|0|1|0
RZ1|212|2|Don|5|6|9|9900|1|1|0|0|0
RZ1|CHK|212|2|27|5|5|1|0|9|12|0|1|1
RZ1|213|2|Don|5|6|9|9901|1|1|0|0|0
RZ1|CHK|213|2|27|5|5|1|0|8|12|0|1|2
[Opponent] Attach 2 Don to Monkey D. Luffy ["OP17-079">OP17-079] (2 Total)
[Opponent] Roronoa Zoro ["OP17-095">OP17-095] attacking Rocks D. Xebec ["OP17-039">OP17-039]
Roronoa Zoro ["OP17-095">OP17-095][5000] vs Rocks D. Xebec ["OP17-039">OP17-039][5000]
Rocks D. Xebec ["OP17-039">OP17-039] hit for 1 damage
[You] <b>Downloaded the Combat Log!</b>
GameOver
