Version is 1.42c.22
[You] Leader is Rocks D. Xebec ["OP17-039">OP17-039]
RZ1|HDR|1.42c|2|RZ1
RZ1|PLY|1||OP17-039
RZ1|PLY|2||
[Opponent] Leader is Monkey D. Luffy ["OP13-001">OP13-001]
RZ1|1|2|OP16-004|0|10|0|0|0|0|0|0|0
RZ1|CHK|1|2|50|0|0|0|10|0|0|0|1|0
RZ1|2|2|OP05-038|0|44|0|1|0|0|0|0|0
RZ1|CHK|2|2|50|0|0|0|10|0|0|0|1|0
RZ1|3|2|EB04-007|0|8|0|2|0|0|0|0|0
RZ1|CHK|3|2|50|0|0|0|10|0|0|0|1|0
RZ1|4|2|ST31-005|0|46|0|3|0|0|0|0|0
RZ1|CHK|4|2|50|0|0|0|10|0|0|0|1|0
RZ1|5|2|OP05-038|0|46|0|4|0|0|0|0|0
RZ1|CHK|5|2|50|0|0|0|10|0|0|0|1|0
RZ1|6|2|OP13-037|0|23|0|5|0|0|0|0|0
RZ1|CHK|6|2|50|0|0|0|10|0|0|0|1|0
RZ1|7|2|EB02-017|0|20|0|6|0|0|0|0|0
RZ1|CHK|7|2|50|0|0|0|10|0|0|0|1|0
RZ1|8|2|OP15-032|0|40|0|7|0|0|0|0|0
RZ1|CHK|8|2|50|0|0|0|10|0|0|0|1|0
RZ1|9|2|OP13-027|0|35|0|8|0|0|0|0|0
RZ1|CHK|9|2|50|0|0|0|10|0|0|0|1|0
RZ1|10|2|OP01-016|0|12|0|9|0|0|0|0|0
RZ1|CHK|10|2|50|0|0|0|10|0|0|0|1|0
RZ1|11|2|OP10-011|0|14|0|10|0|0|0|0|0
RZ1|CHK|11|2|50|0|0|0|10|0|0|0|1|0
RZ1|12|2|OP13-027|0|37|0|12|0|0|0|0|0
RZ1|CHK|12|2|50|0|0|0|10|0|0|0|1|0
RZ1|13|2|ST31-005|0|48|0|13|0|0|0|0|0
RZ1|CHK|13|2|50|0|0|0|10|0|0|0|1|0
RZ1|14|2|OP05-038|0|46|0|14|0|0|0|0|0
RZ1|CHK|14|2|50|0|0|0|10|0|0|0|1|0
RZ1|15|2|OP15-035|0|28|0|15|0|0|0|0|0
RZ1|CHK|15|2|50|0|0|0|10|0|0|0|1|0
RZ1|16|2|OP16-004|0|22|0|16|0|0|0|0|0
RZ1|CHK|16|2|50|0|0|0|10|0|0|0|1|0
RZ1|17|2|OP05-038|0|47|0|17|0|0|0|0|0
RZ1|CHK|17|2|50|0|0|0|10|0|0|0|1|0
RZ1|18|2|OP14-022|0|35|0|18|0|0|0|0|0
RZ1|CHK|18|2|50|0|0|0|10|0|0|0|1|0
RZ1|19|2|OP13-027|0|39|0|20|0|0|0|0|0
RZ1|CHK|19|2|50|0|0|0|10|0|0|0|1|0
RZ1|20|2|OP13-040|0|46|0|22|0|0|0|0|0
RZ1|CHK|20|2|50|0|0|0|10|0|0|0|1|0
RZ1|21|2|OP13-118|0|43|0|23|0|0|0|0|0
RZ1|CHK|21|2|50|0|0|0|10|0|0|0|1|0
RZ1|22|2|OP16-004|0|28|0|24|0|0|0|0|0
RZ1|CHK|22|2|50|0|0|0|10|0|0|0|1|0
RZ1|23|2|ST31-005|0|49|0|25|0|0|0|0|0
RZ1|CHK|23|2|50|0|0|0|10|0|0|0|1|0
RZ1|24|2|OP15-035|0|34|0|26|0|0|0|0|0
RZ1|CHK|24|2|50|0|0|0|10|0|0|0|1|0
RZ1|25|2|OP14-022|0|37|0|27|0|0|0|0|0
RZ1|CHK|25|2|50|0|0|0|10|0|0|0|1|0
RZ1|26|2|EB04-007|0|31|0|28|0|0|0|0|0
RZ1|CHK|26|2|50|0|0|0|10|0|0|0|1|0
RZ1|27|2|OP13-118|0|44|0|29|0|0|0|0|0
RZ1|CHK|27|2|50|0|0|0|10|0|0|0|1|0
RZ1|28|2|EB04-007|0|31|0|30|0|0|0|0|0
RZ1|CHK|28|2|50|0|0|0|10|0|0|0|1|0
RZ1|29|2|OP14-031|0|41|0|31|0|0|0|0|0
RZ1|CHK|29|2|50|0|0|0|10|0|0|0|1|0
RZ1|30|2|OP13-040|0|48|0|32|0|0|0|0|0
RZ1|CHK|30|2|50|0|0|0|10|0|0|0|1|0
RZ1|31|2|OP13-037|0|40|0|33|0|0|0|0|0
RZ1|CHK|31|2|50|0|0|0|10|0|0|0|1|0
RZ1|32|2|OP14-031|0|43|0|35|0|0|0|0|0
RZ1|CHK|32|2|50|0|0|0|10|0|0|0|1|0
RZ1|33|2|EB02-017|0|38|0|37|0|0|0|0|0
RZ1|CHK|33|2|50|0|0|0|10|0|0|0|1|0
RZ1|34|2|OP15-035|0|40|0|38|0|0|0|0|0
RZ1|CHK|34|2|50|0|0|0|10|0|0|0|1|0
RZ1|35|2|OP14-022|0|43|0|39|0|0|0|0|0
RZ1|CHK|35|2|50|0|0|0|10|0|0|0|1|0
RZ1|36|2|OP13-118|0|46|0|40|0|0|0|0|0
RZ1|CHK|36|2|50|0|0|0|10|0|0|0|1|0
RZ1|37|2|EB02-017|0|42|0|41|0|0|0|0|0
RZ1|CHK|37|2|50|0|0|0|10|0|0|0|1|0
RZ1|38|2|OP13-040|0|47|0|42|0|0|0|0|0
RZ1|CHK|38|2|50|0|0|0|10|0|0|0|1|0
RZ1|39|2|ST31-005|0|49|0|47|0|0|0|0|0
RZ1|CHK|39|2|50|0|0|0|10|0|0|0|1|0
[] Drew card from deck: Stussy ["OP17-054">OP17-054]
RZ1|40|1|OP17-054|0|49|1|0|1|1|0|0|0
RZ1|CHK|40|1|49|1|0|0|10|0|0|0|1|0
[] Drew card from deck: Rocks Pirates ["OP17-056">OP17-056]
RZ1|41|1|OP17-056|0|48|1|1|1|1|0|0|0
RZ1|CHK|41|1|48|2|0|0|10|0|0|0|1|0
[] Drew card from deck: Charlotte Linlin ["OP17-049">OP17-049]
RZ1|42|1|OP17-049|0|47|1|2|1|1|0|0|0
RZ1|CHK|42|1|47|3|0|0|10|0|0|0|1|0
[] Drew card from deck: Rocks D. Xebec ["OP17-118">OP17-118]
RZ1|43|1|OP17-118|0|46|1|3|1|1|0|0|0
RZ1|CHK|43|1|46|4|0|0|10|0|0|0|1|0
[] Drew card from deck: Stussy ["OP17-054">OP17-054]
RZ1|44|1|OP17-054|0|45|1|4|1|1|0|0|0
RZ1|CHK|44|1|45|5|0|0|10|0|0|0|1|0
[] Drew card from deck: I Know You're Strong... So I'll Go All Out ["OP13-040">OP13-040]
RZ1|45|2|OP13-040|0|49|1|0|1|1|0|0|0
RZ1|CHK|45|2|49|1|0|0|10|0|0|0|1|0
[] Drew card from deck: Sanji ["OP13-027">OP13-027]
RZ1|46|2|OP13-027|0|48|1|1|1|1|0|0|0
RZ1|CHK|46|2|48|2|0|0|10|0|0|0|1|0
[] Drew card from deck: Thousand Sunny ["ST31-005">ST31-005]
RZ1|47|2|ST31-005|0|47|1|2|1|1|0|0|0
RZ1|CHK|47|2|47|3|0|0|10|0|0|0|1|0
[] Drew card from deck: Nami ["OP14-031">OP14-031]
RZ1|48|2|OP14-031|0|46|1|3|1|1|0|0|0
RZ1|CHK|48|2|46|4|0|0|10|0|0|0|1|0
[] Drew card from deck: Usopp ["OP14-022">OP14-022]
RZ1|49|2|OP14-022|0|45|1|4|1|1|0|0|0
RZ1|CHK|49|2|45|5|0|0|10|0|0|0|1|0
RZ1|50|1|OP17-054|1|0|0|45|0|0|0|0|0
RZ1|CHK|50|1|46|4|0|0|10|0|0|0|1|0
RZ1|51|1|OP17-056|1|0|0|46|0|0|0|0|0
RZ1|CHK|51|1|47|3|0|0|10|0|0|0|1|0
RZ1|52|1|OP17-049|1|0|0|47|0|0|0|0|0
RZ1|CHK|52|1|48|2|0|0|10|0|0|0|1|0
RZ1|53|1|OP17-118|1|0|0|48|0|0|0|0|0
RZ1|CHK|53|1|49|1|0|0|10|0|0|0|1|0
RZ1|54|1|OP17-054|1|0|0|49|0|0|0|0|0
RZ1|CHK|54|1|50|0|0|0|10|0|0|0|1|0
RZ1|55|1|OP17-046|0|10|0|0|0|0|0|0|0
RZ1|CHK|55|1|50|0|0|0|10|0|0|0|1|0
RZ1|56|1|OP17-042|0|6|0|1|0|0|0|0|0
RZ1|CHK|56|1|50|0|0|0|10|0|0|0|1|0
RZ1|57|1|OP17-056|0|31|0|2|0|0|0|0|0
RZ1|CHK|57|1|50|0|0|0|10|0|0|0|1|0
RZ1|58|1|OP17-040|0|41|0|3|0|0|0|0|0
RZ1|CHK|58|1|50|0|0|0|10|0|0|0|1|0
RZ1|59|1|OP17-043|0|34|0|4|0|0|0|0|0
RZ1|CHK|59|1|50|0|0|0|10|0|0|0|1|0
RZ1|60|1|OP17-044|0|44|0|5|0|0|0|0|0
RZ1|CHK|60|1|50|0|0|0|10|0|0|0|1|0
RZ1|61|1|OP17-046|0|18|0|6|0|0|0|0|0
RZ1|CHK|61|1|50|0|0|0|10|0|0|0|1|0
RZ1|62|1|OP17-050|0|8|0|7|0|0|0|0|0
RZ1|CHK|62|1|50|0|0|0|10|0|0|0|1|0
RZ1|63|1|OP17-055|0|18|0|8|0|0|0|0|0
RZ1|CHK|63|1|50|0|0|0|10|0|0|0|1|0
RZ1|64|1|OP17-049|0|33|0|9|0|0|0|0|0
RZ1|CHK|64|1|50|0|0|0|10|0|0|0|1|0
RZ1|65|1|OP17-040|0|21|0|10|0|0|0|0|0
RZ1|CHK|65|1|50|0|0|0|10|0|0|0|1|0
RZ1|66|1|OP17-042|0|28|0|11|0|0|0|0|0
RZ1|CHK|66|1|50|0|0|0|10|0|0|0|1|0
RZ1|67|1|OP17-054|0|45|0|13|0|0|0|0|0
RZ1|CHK|67|1|50|0|0|0|10|0|0|0|1|0
RZ1|68|1|OP17-055|0|40|0|14|0|0|0|0|0
RZ1|CHK|68|1|50|0|0|0|10|0|0|0|1|0
RZ1|69|1|OP17-118|0|21|0|15|0|0|0|0|0
RZ1|CHK|69|1|50|0|0|0|10|0|0|0|1|0
RZ1|70|1|OP17-055|0|24|0|16|0|0|0|0|0
RZ1|CHK|70|1|50|0|0|0|10|0|0|0|1|0
RZ1|71|1|OP17-050|0|38|0|17|0|0|0|0|0
RZ1|CHK|71|1|50|0|0|0|10|0|0|0|1|0
RZ1|72|1|OP17-045|0|41|0|18|0|0|0|0|0
RZ1|CHK|72|1|50|0|0|0|10|0|0|0|1|0
RZ1|73|1|OP17-056|0|20|0|19|0|0|0|0|0
RZ1|CHK|73|1|50|0|0|0|10|0|0|0|1|0
RZ1|74|1|OP17-042|0|33|0|20|0|0|0|0|0
RZ1|CHK|74|1|50|0|0|0|10|0|0|0|1|0
RZ1|75|1|OP17-045|0|32|0|22|0|0|0|0|0
RZ1|CHK|75|1|50|0|0|0|10|0|0|0|1|0
RZ1|76|1|OP17-055|0|39|0|23|0|0|0|0|0
RZ1|CHK|76|1|50|0|0|0|10|0|0|0|1|0
RZ1|77|1|OP17-057|0|27|0|24|0|0|0|0|0
RZ1|CHK|77|1|50|0|0|0|10|0|0|0|1|0
RZ1|78|1|OP17-054|0|49|0|25|0|0|0|0|0
RZ1|CHK|78|1|50|0|0|0|10|0|0|0|1|0
RZ1|79|1|OP17-054|0|27|0|26|0|0|0|0|0
RZ1|CHK|79|1|50|0|0|0|10|0|0|0|1|0
RZ1|80|1|OP08-051|0|32|0|27|0|0|0|0|0
RZ1|CHK|80|1|50|0|0|0|10|0|0|0|1|0
RZ1|81|1|OP17-050|0|38|0|28|0|0|0|0|0
RZ1|CHK|81|1|50|0|0|0|10|0|0|0|1|0
RZ1|82|1|OP17-049|0|48|0|29|0|0|0|0|0
RZ1|CHK|82|1|50|0|0|0|10|0|0|0|1|0
RZ1|83|1|OP17-118|0|39|0|30|0|0|0|0|0
RZ1|CHK|83|1|50|0|0|0|10|0|0|0|1|0
RZ1|84|1|OP17-046|0|32|0|31|0|0|0|0|0
RZ1|CHK|84|1|50|0|0|0|10|0|0|0|1|0
RZ1|85|1|OP17-040|0|42|0|32|0|0|0|0|0
RZ1|CHK|85|1|50|0|0|0|10|0|0|0|1|0
RZ1|86|1|OP17-048|0|34|0|33|0|0|0|0|0
RZ1|CHK|86|1|50|0|0|0|10|0|0|0|1|0
RZ1|87|1|OP17-056|0|42|0|34|0|0|0|0|0
RZ1|CHK|87|1|50|0|0|0|10|0|0|0|1|0
RZ1|88|1|OP17-040|0|47|0|35|0|0|0|0|0
RZ1|CHK|88|1|50|0|0|0|10|0|0|0|1|0
RZ1|89|1|OP17-118|0|41|0|36|0|0|0|0|0
RZ1|CHK|89|1|50|0|0|0|10|0|0|0|1|0
RZ1|90|1|OP08-051|0|43|0|37|0|0|0|0|0
RZ1|CHK|90|1|50|0|0|0|10|0|0|0|1|0
RZ1|91|1|OP17-048|0|40|0|38|0|0|0|0|0
RZ1|CHK|91|1|50|0|0|0|10|0|0|0|1|0
RZ1|92|1|OP17-045|0|41|0|39|0|0|0|0|0
RZ1|CHK|92|1|50|0|0|0|10|0|0|0|1|0
RZ1|93|1|OP17-046|0|44|0|40|0|0|0|0|0
RZ1|CHK|93|1|50|0|0|0|10|0|0|0|1|0
RZ1|94|1|OP17-044|0|46|0|41|0|0|0|0|0
RZ1|CHK|94|1|50|0|0|0|10|0|0|0|1|0
RZ1|95|1|OP17-049|0|47|0|42|0|0|0|0|0
RZ1|CHK|95|1|50|0|0|0|10|0|0|0|1|0
RZ1|96|1|OP17-057|0|46|0|43|0|0|0|0|0
RZ1|CHK|96|1|50|0|0|0|10|0|0|0|1|0
RZ1|97|1|OP17-043|0|47|0|44|0|0|0|0|0
RZ1|CHK|97|1|50|0|0|0|10|0|0|0|1|0
RZ1|98|1|OP17-056|0|48|0|45|0|0|0|0|0
RZ1|CHK|98|1|50|0|0|0|10|0|0|0|1|0
RZ1|99|1|OP17-118|0|49|0|46|0|0|0|0|0
RZ1|CHK|99|1|50|0|0|0|10|0|0|0|1|0
RZ1|100|1|OP17-054|0|49|0|47|0|0|0|0|0
RZ1|CHK|100|1|50|0|0|0|10|0|0|0|1|0
[] Drew card from deck: Fullalead ["OP17-057">OP17-057]
RZ1|101|1|OP17-057|0|49|1|0|1|1|0|0|0
RZ1|CHK|101|1|49|1|0|0|10|0|0|0|1|0
[] Drew card from deck: Shiki ["OP17-048">OP17-048]
RZ1|102|1|OP17-048|0|48|1|1|1|1|0|0|0
RZ1|CHK|102|1|48|2|0|0|10|0|0|0|1|0
[] Drew card from deck: Stussy ["OP17-054">OP17-054]
RZ1|103|1|OP17-054|0|47|1|2|1|1|0|0|0
RZ1|CHK|103|1|47|3|0|0|10|0|0|0|1|0
[] Drew card from deck: Rocks D. Xebec ["OP17-118">OP17-118]
RZ1|104|1|OP17-118|0|46|1|3|1|1|0|0|0
RZ1|CHK|104|1|46|4|0|0|10|0|0|0|1|0
[] Drew card from deck: Rocks Pirates ["OP17-056">OP17-056]
RZ1|105|1|OP17-056|0|45|1|4|1|1|0|0|0
RZ1|CHK|105|1|45|5|0|0|10|0|0|0|1|0
RZ1|106|1|OP17-043|0|44|3|0|1|0|0|0|0
RZ1|CHK|106|1|44|5|0|1|10|0|0|0|1|0
RZ1|107|1|OP17-057|0|43|3|1|1|0|0|0|0
RZ1|CHK|107|1|43|5|0|2|10|0|0|0|1|0
RZ1|108|1|OP17-049|0|42|3|2|1|0|0|0|0
RZ1|CHK|108|1|42|5|0|3|10|0|0|0|1|0
RZ1|109|1|OP17-044|0|41|3|3|1|0|0|0|0
RZ1|CHK|109|1|41|5|0|4|10|0|0|0|1|0
RZ1|110|1|OP17-046|0|40|3|4|1|0|0|0|0
RZ1|CHK|110|1|40|5|0|5|10|0|0|0|1|0
[] Hand after Mulligan: [OP17-057,OP17-048,OP17-054,OP17-118,OP17-056]
[You] Mulligan
RZ1|111|2|OP13-037|0|44|3|0|0|1|0|0|0
RZ1|CHK|111|2|44|5|0|1|10|0|0|0|1|0
RZ1|112|2|EB02-017|0|43|3|1|0|1|0|0|0
RZ1|CHK|112|2|43|5|0|2|10|0|0|0|1|0
RZ1|113|2|OP13-040|0|42|3|2|0|1|0|0|0
RZ1|CHK|113|2|42|5|0|3|10|0|0|0|1|0
RZ1|114|2|EB02-017|0|41|3|3|0|1|0|0|0
RZ1|CHK|114|2|41|5|0|4|10|0|0|0|1|0
[] Hand: [OP17-057,OP17-048,OP17-054,OP17-118,OP17-056]
[] Board: []
[] Trash: []
[] Life: 5
[] Hand: [OP13-040,OP13-027,ST31-005,OP14-031,OP14-022]
[] Trash: []
[] Board: []
[] Life: 4
RZ1|115|1|Don|4|9|5|0|1|1|0|0|0
RZ1|CHK|115|1|40|5|0|5|9|1|0|0|1|0
[You] Draw 1 Don
RZ1|116|1|Don|5|0|5|0|1|1|1|0|0
RZ1|CHK|116|1|40|5|0|5|9|1|0|0|1|0
[You] Deploy Fullalead ["OP17-057">OP17-057]
RZ1|117|1|OP17-057|1|0|7|0|1|1|0|0|0
RZ1|CHK|117|1|40|4|0|5|9|1|0|1|1|0
[] Hand: [OP17-048,OP17-054,OP17-118,OP17-056]
[] Board: []
[] Trash: []
[] Life: 5
[] Hand: [OP13-040,OP13-027,ST31-005,OP14-031,OP14-022]
[] Trash: []
[] Board: []
[] Life: 4
[You] End Turn
[] Hand: [OP13-040,OP13-027,ST31-005,OP14-031,OP14-022]
[] Board: []
[] Trash: []
[] Life: 4
[] Hand: [OP17-048,OP17-054,OP17-118,OP17-056]
[] Trash: []
[] Board: []
[] Life: 5
[Opponent] Draw 1 Card
[] Drew card from deck: Monkey D. Luffy ["OP13-118">OP13-118]
RZ1|118|2|OP13-118|0|40|1|5|1|1|0|0|0
RZ1|CHK|118|2|40|6|0|4|10|0|0|0|1|0
RZ1|119|2|Don|4|9|5|0|1|1|0|0|0
RZ1|CHK|119|2|40|6|0|4|9|1|0|0|1|0
RZ1|120|2|Don|4|8|5|1|1|1|0|0|0
RZ1|CHK|120|2|40|6|0|4|8|2|0|0|1|0
[Opponent] Draw 2 Don
RZ1|121|2|Don|5|0|9|9900|1|1|0|0|0
RZ1|CHK|121|2|40|6|0|4|8|1|0|0|1|1
[Opponent] Attach 1 Don to Monkey D. Luffy ["OP13-001">OP13-001] (1 Total)
[] Hand: [OP13-040,OP13-027,ST31-005,OP14-031,OP14-022,OP13-118]
[] Board: []
[] Trash: []
[] Life: 4
[] Hand: [OP17-048,OP17-054,OP17-118,OP17-056]
[] Trash: []
[] Board: []
[] Life: 5
[Opponent] End Turn
[] Hand: [OP17-048,OP17-054,OP17-118,OP17-056]
[] Board: []
[] Trash: []
[] Life: 5
[] Hand: [OP13-040,OP13-027,ST31-005,OP14-031,OP14-022,OP13-118]
[] Trash: []
[] Board: []
[] Life: 4
[You] Draw 1 Card
[] Drew card from deck: Kyo ["OP17-045">OP17-045]
RZ1|122|1|OP17-045|0|39|1|4|1|1|0|0|0
RZ1|CHK|122|1|39|5|0|5|9|1|0|1|1|0
RZ1|123|1|Don|4|8|5|1|1|1|0|0|0
RZ1|CHK|123|1|39|5|0|5|8|2|0|1|1|0
RZ1|124|1|Don|4|7|5|2|1|1|0|0|0
RZ1|CHK|124|1|39|5|0|5|7|3|0|1|1|0
[You] Draw 2 Don
RZ1|125|1|Don|5|0|5|0|1|1|1|0|0
RZ1|CHK|125|1|39|5|0|5|7|3|0|1|1|0
RZ1|126|1|Don|5|1|5|1|1|1|1|0|0
RZ1|CHK|126|1|39|5|0|5|7|3|0|1|1|0
[You] Deploy Kyo ["OP17-045">OP17-045]
RZ1|127|1|OP17-045|1|4|2|0|1|1|0|0|0
RZ1|CHK|127|1|39|4|1|5|7|3|0|1|1|0
[] Drew card from deck: Shiki ["OP17-048">OP17-048]
RZ1|128|1|OP17-048|0|38|1|4|1|1|0|0|0
RZ1|CHK|128|1|38|5|1|5|7|3|0|1|1|0
[You] Kyo ["OP17-045">OP17-045]: Draw 1 Card
[You] Attach 1 Don to Rocks D. Xebec ["OP17-039">OP17-039] (1 Total)
RZ1|129|1|Don|5|2|9|9900|1|1|0|0|0
RZ1|CHK|129|1|38|5|1|5|7|2|0|1|1|1
[You] Rocks D. Xebec ["OP17-039">OP17-039] attacking Monkey D. Luffy ["OP13-001">OP13-001]
RZ1|130|1|OP17-048|1|4|6|0|1|1|0|0|0
RZ1|CHK|130|1|38|4|1|5|7|2|1|1|1|1
[You] Rocks D. Xebec ["OP17-039">OP17-039]: Trash Shiki ["OP17-048">OP17-048]
RZ1|131|1|OP08-051|0|37|0|37|0|0|0|0|0
RZ1|CHK|131|1|38|4|1|5|7|2|1|1|1|1
[You] Rocks D. Xebec ["OP17-039">OP17-039] revealed: Buckin ["OP08-051">OP08-051]
[] Drew card from deck: Buckin ["OP08-051">OP08-051]
RZ1|132|1|OP08-051|0|37|1|4|1|1|0|0|0
RZ1|CHK|132|1|37|5|1|5|7|2|1|1|1|1
[] Drew card from deck: Rocks D. Xebec ["OP17-118">OP17-118]
RZ1|133|1|OP17-118|0|36|1|5|1|1|0|0|0
RZ1|CHK|133|1|36|6|1|5|7|2|1|1|1|1
[You] Rocks D. Xebec ["OP17-039">OP17-039]: Draw 2 Card
[Opponent] I Know You're Strong... So I'll Go All Out ["OP13-040">OP13-040]: Activate Counter
[Opponent] I Know You're Strong... So I'll Go All Out ["OP13-040">OP13-040]: Rest 1 Don
RZ1|134|2|Don|5|0|5|0|1|1|1|0|0
RZ1|CHK|134|2|40|6|0|4|8|1|0|0|1|1
RZ1|135|2|OP13-040|1|0|6|0|1|1|0|0|0
RZ1|CHK|135|2|40|5|0|4|8|1|1|0|1|1
[Opponent] I Know You're Strong... So I'll Go All Out ["OP13-040">OP13-040]: Buff Monkey D. Luffy ["OP13-001">OP13-001] 3000 for the Combat
Rocks D. Xebec ["OP17-039">OP17-039][6000] vs Monkey D. Luffy ["OP13-001">OP13-001][8000]
Attack Fails
[] Hand: [OP17-048,OP17-054,OP17-118,OP17-056,OP08-051,OP17-118]
[] Board: [OP17-045]
[] Trash: [OP17-048]
[] Life: 5
[] Hand: [OP13-027,ST31-005,OP14-031,OP14-022,OP13-118]
[] Trash: [OP13-040]
[] Board: []
[] Life: 4
[You] End Turn
[] Hand: [OP13-027,ST31-005,OP14-031,OP14-022,OP13-118]
[] Board: []
[] Trash: [OP13-040]
[] Life: 4
[] Hand: [OP17-048,OP17-054,OP17-118,OP17-056,OP08-051,OP17-118]
[] Trash: [OP17-048]
[] Board: [OP17-045]
[] Life: 5
RZ1|136|2|Don|9|9900|5|0|1|1|1|0|0
RZ1|CHK|136|2|40|5|0|4|8|2|1|0|1|0
[Opponent] Draw 1 Card
[] Drew card from deck: Usopp ["OP14-022">OP14-022]
RZ1|137|2|OP14-022|0|39|1|5|1|1|0|0|0
RZ1|CHK|137|2|39|6|0|4|8|2|1|0|1|0
RZ1|138|2|Don|4|7|5|2|1|1|0|0|0
RZ1|CHK|138|2|39|6|0|4|7|3|1|0|1|0
RZ1|139|2|Don|4|6|5|3|1|1|0|0|0
RZ1|CHK|139|2|39|6|0|4|6|4|1|0|1|0
[Opponent] Draw 2 Don
RZ1|140|2|Don|5|0|9|9900|1|1|0|0|0
RZ1|CHK|140|2|39|6|0|4|6|3|1|0|1|1
RZ1|141|2|Don|5|0|9|9901|1|1|0|0|0
RZ1|CHK|141|2|39|6|0|4|6|2|1|0|1|2
[Opponent] Attach 2 Don to Monkey D. Luffy ["OP13-001">OP13-001] (2 Total)
RZ1|142|2|Don|5|0|5|0|1|1|1|0|0
RZ1|CHK|142|2|39|6|0|4|6|2|1|0|1|2
[Opponent] Deploy Thousand Sunny ["ST31-005">ST31-005]
RZ1|143|2|ST31-005|1|1|7|0|1|1|0|0|0
RZ1|CHK|143|2|39|5|0|4|6|2|1|1|1|2
RZ1|144|2|OP14-031|0|35|1|5|1|1|0|0|0
RZ1|CHK|144|2|38|6|0|4|6|2|1|1|1|2
[Opponent] Thousand Sunny ["ST31-005">ST31-005]: <b>Reveal and Draw Nami ["OP14-031">OP14-031]</b>
[Opponent] Placing Cards on Bottom of Deck
RZ1|145|2|OP15-035|0|37|0|0|0|0|0|0|0
RZ1|CHK|145|2|38|6|0|4|6|2|1|1|1|2
RZ1|146|2|EB02-017|0|37|0|0|0|0|0|0|0
RZ1|CHK|146|2|38|6|0|4|6|2|1|1|1|2
RZ1|147|2|EB04-007|0|37|0|0|0|0|0|0|0
RZ1|CHK|147|2|38|6|0|4|6|2|1|1|1|2
RZ1|148|2|ST21-003|0|37|0|0|0|0|0|0|0
RZ1|CHK|148|2|38|6|0|4|6|2|1|1|1|2
[Opponent] Monkey D. Luffy ["OP13-001">OP13-001] attacking Rocks D. Xebec ["OP17-039">OP17-039]
Monkey D. Luffy ["OP13-001">OP13-001][7000] vs Rocks D. Xebec ["OP17-039">OP17-039][5000]
Rocks D. Xebec ["OP17-039">OP17-039] hit for 1 damage
RZ1|149|1|OP17-046|3|4|1|6|1|1|0|0|0
RZ1|CHK|149|1|36|7|1|4|7|2|1|1|1|1
[] Hand: [OP13-027,OP14-031,OP14-022,OP13-118,OP14-022,OP14-031]
[] Board: []
[] Trash: [OP13-040]
[] Life: 4
[] Hand: [OP17-048,OP17-054,OP17-118,OP17-056,OP08-051,OP17-118,OP17-046]
[] Trash: [OP17-048]
[] Board: [OP17-045]
[] Life: 4
[Opponent] End Turn
[] Hand: [OP17-048,OP17-054,OP17-118,OP17-056,OP08-051,OP17-118,OP17-046]
[] Board: [OP17-045]
[] Trash: [OP17-048]
[] Life: 4
[] Hand: [OP13-027,OP14-031,OP14-022,OP13-118,OP14-022,OP14-031]
[] Trash: [OP13-040]
[] Board: []
[] Life: 4
RZ1|150|1|Don|9|9900|5|0|1|1|1|0|0
RZ1|CHK|150|1|36|7|1|4|7|3|1|1|1|0
[You] Draw 1 Card
[] Drew card from deck: Edward Newgate ["OP17-040">OP17-040]
RZ1|151|1|OP17-040|0|35|1|7|1|1|0|0|0
RZ1|CHK|151|1|35|8|1|4|7|3|1|1|1|0
RZ1|152|1|Don|4|6|5|3|1|1|0|0|0
RZ1|CHK|152|1|35|8|1|4|6|4|1|1|1|0
RZ1|153|1|Don|4|5|5|4|1|1|0|0|0
RZ1|CHK|153|1|35|8|1|4|5|5|1|1|1|0
[You] Draw 2 Don
[You] Attach 1 Don to Kyo ["OP17-045">OP17-045] (1 Total)
RZ1|154|1|Don|5|4|9|0|1|1|0|0|0
RZ1|CHK|154|1|35|8|1|4|5|4|1|1|1|1
[You] Attach 1 Don to Kyo ["OP17-045">OP17-045] (2 Total)
RZ1|155|1|Don|5|3|9|1|1|1|0|0|0
RZ1|CHK|155|1|35|8|1|4|5|3|1|1|1|2
[You] Attach 1 Don to Kyo ["OP17-045">OP17-045] (3 Total)
RZ1|156|1|Don|5|2|9|2|1|1|0|0|0
RZ1|CHK|156|1|35|8|1|4|5|2|1|1|1|3
[You] Kyo ["OP17-045">OP17-045] attacking Monkey D. Luffy ["OP13-001">OP13-001]
Kyo ["OP17-045">OP17-045][7000] vs Monkey D. Luffy ["OP13-001">OP13-001][5000]
Monkey D. Luffy ["OP13-001">OP13-001] hit for 1 damage
RZ1|157|2|EB02-017|3|3|1|6|1|1|0|0|0
RZ1|CHK|157|2|38|7|0|3|6|2|1|1|1|2
[You] Attach 1 Don to Rocks D. Xebec ["OP17-039">OP17-039] (1 Total)
RZ1|158|1|Don|5|1|9|9900|1|1|0|0|0
RZ1|CHK|158|1|35|8|1|4|5|1|1|1|1|4
[You] Attach 1 Don to Rocks D. Xebec ["OP17-039">OP17-039] (2 Total)
RZ1|159|1|Don|5|0|9|9901|1|1|0|0|0
RZ1|CHK|159|1|35|8|1|4|5|0|1|1|1|5
[You] Rocks D. Xebec ["OP17-039">OP17-039] attacking Monkey D. Luffy ["OP13-001">OP13-001]
RZ1|160|1|OP08-051|1|4|6|1|1|1|0|0|0
RZ1|CHK|160|1|35|7|1|4|5|0|2|1|1|5
[You] Rocks D. Xebec ["OP17-039">OP17-039]: Trash Buckin ["OP08-051">OP08-051]
RZ1|161|1|OP17-056|0|34|0|34|0|0|0|0|0
RZ1|CHK|161|1|35|7|1|4|5|0|2|1|1|5
[You] Rocks D. Xebec ["OP17-039">OP17-039] revealed: Rocks Pirates ["OP17-056">OP17-056]
[] Drew card from deck: Rocks Pirates ["OP17-056">OP17-056]
RZ1|162|1|OP17-056|0|34|1|7|1|1|0|0|0
RZ1|CHK|162|1|34|8|1|4|5|0|2|1|1|5
[] Drew card from deck: Shiki ["OP17-048">OP17-048]
RZ1|163|1|OP17-048|0|33|1|8|1|1|0|0|0
RZ1|CHK|163|1|33|9|1|4|5|0|2|1|1|5
[You] Rocks D. Xebec ["OP17-039">OP17-039]: Draw 2 Card
Rocks D. Xebec ["OP17-039">OP17-039][7000] vs Monkey D. Luffy ["OP13-001">OP13-001][5000]
Monkey D. Luffy ["OP13-001">OP13-001] hit for 1 damage
RZ1|164|2|OP13-040|3|2|1|7|1|1|0|0|0
RZ1|CHK|164|2|38|8|0|2|6|2|1|1|1|2
[] Hand: [OP17-048,OP17-054,OP17-118,OP17-056,OP17-118,OP17-046,OP17-040,OP17-056,OP17-048]
[] Board: [OP17-045]
[] Trash: [OP17-048,OP08-051]
[] Life: 4
[] Hand: [OP13-027,OP14-031,OP14-022,OP13-118,OP14-022,OP14-031,EB02-017,OP13-040]
[] Trash: [OP13-040]
[] Board: []
[] Life: 2
[You] End Turn
[] Hand: [OP13-027,OP14-031,OP14-022,OP13-118,OP14-022,OP14-031,EB02-017,OP13-040]
[] Board: []
[] Trash: [OP13-040]
[] Life: 2
[] Hand: [OP17-048,OP17-054,OP17-118,OP17-056,OP17-118,OP17-046,OP17-040,OP17-056,OP17-048]
[] Trash: [OP17-048,OP08-051]
[] Board: [OP17-045]
[] Life: 4
RZ1|165|2|Don|9|9900|5|0|1|1|1|0|0
RZ1|CHK|165|2|38|8|0|2|6|3|1|1|1|1
RZ1|166|2|Don|9|9900|5|0|1|1|1|0|0
RZ1|CHK|166|2|38|8|0|2|6|4|1|1|1|0
[Opponent] Draw 1 Card
[] Drew card from deck: Roronoa Zoro ["OP13-037">OP13-037]
RZ1|167|2|OP13-037|0|37|1|8|1|1|0|0|0
RZ1|CHK|167|2|37|9|0|2|6|4|1|1|1|0
RZ1|168|2|Don|4|5|5|4|1|1|0|0|0
RZ1|CHK|168|2|37|9|0|2|5|5|1|1|1|0
RZ1|169|2|Don|4|4|5|5|1|1|0|0|0
RZ1|CHK|169|2|37|9|0|2|4|6|1|1|1|0
[Opponent] Draw 2 Don
RZ1|170|2|Don|5|0|5|0|1|1|1|0|0
RZ1|CHK|170|2|37|9|0|2|4|6|1|1|1|0
RZ1|171|2|Don|5|1|5|1|1|1|1|0|0
RZ1|CHK|171|2|37|9|0|2|4|6|1|1|1|0
RZ1|172|2|Don|5|2|5|2|1|1|1|0|0
RZ1|CHK|172|2|37|9|0|2|4|6|1|1|1|0
RZ1|173|2|Don|5|3|5|3|1|1|1|0|0
RZ1|CHK|173|2|37|9|0|2|4|6|1|1|1|0
[Opponent] Deploy Nami ["OP14-031">OP14-031]
RZ1|174|2|OP14-031|1|1|2|0|1|1|0|0|0
RZ1|CHK|174|2|37|8|1|2|4|6|1|1|1|0
RZ1|175|2|Don|5|4|9|9900|1|1|0|0|0
RZ1|CHK|175|2|37|8|1|2|4|5|1|1|1|1
[Opponent] Attach 1 Don to Monkey D. Luffy ["OP13-001">OP13-001] (1 Total)
RZ1|176|2|Don|5|4|9|9901|1|1|0|0|0
RZ1|CHK|176|2|37|8|1|2|4|4|1|1|1|2
[Opponent] Attach 1 Don to Monkey D. Luffy ["OP13-001">OP13-001] (2 Total)
[Opponent] Monkey D. Luffy ["OP13-001">OP13-001] attacking Rocks D. Xebec ["OP17-039">OP17-039]
Monkey D. Luffy ["OP13-001">OP13-001][7000] vs Rocks D. Xebec ["OP17-039">OP17-039][5000]
Rocks D. Xebec ["OP17-039">OP17-039] hit for 1 damage
RZ1|177|1|OP17-044|3|3|1|9|1|1|0|0|0
RZ1|CHK|177|1|33|10|1|3|5|0|2|1|1|5
[Opponent] Thousand Sunny ["ST31-005">ST31-005]: Rest Thousand Sunny ["ST31-005">ST31-005]
[Opponent] Thousand Sunny ["ST31-005">ST31-005]: Attach 1 Rested Don to Monkey D. Luffy ["OP13-001">OP13-001]
RZ1|178|2|Don|5|0|9|9902|1|1|1|0|0
RZ1|CHK|178|2|37|8|1|2|4|3|1|1|1|3
[] Hand: [OP13-027,OP14-022,OP13-118,OP14-022,OP14-031,EB02-017,OP13-040,OP13-037]
[] Board: [OP14-031]
[] Trash: [OP13-040]
[] Life: 2
[] Hand: [OP17-048,OP17-054,OP17-118,OP17-056,OP17-118,OP17-046,OP17-040,OP17-056,OP17-048,OP17-044]
[] Trash: [OP17-048,OP08-051]
[] Board: [OP17-045]
[] Life: 3
[Opponent] End Turn
[] Hand: [OP17-048,OP17-054,OP17-118,OP17-056,OP17-118,OP17-046,OP17-040,OP17-056,OP17-048,OP17-044]
[] Board: [OP17-045]
[] Trash: [OP17-048,OP08-051]
[] Life: 3
[] Hand: [OP13-027,OP14-022,OP13-118,OP14-022,OP14-031,EB02-017,OP13-040,OP13-037]
[] Trash: [OP13-040]
[] Board: [OP14-031]
[] Life: 2
RZ1|179|1|Don|9|9900|5|0|1|1|1|0|0
RZ1|CHK|179|1|33|10|1|3|5|1|2|1|1|4
RZ1|180|1|Don|9|9900|5|0|1|1|1|0|0
RZ1|CHK|180|1|33|10|1|3|5|2|2|1|1|3
RZ1|181|1|Don|9|0|5|0|1|1|1|0|0
RZ1|CHK|181|1|33|10|1|3|5|3|2|1|1|2
RZ1|182|1|Don|9|0|5|0|1|1|1|0|0
RZ1|CHK|182|1|33|10|1|3|5|4|2|1|1|1
RZ1|183|1|Don|9|0|5|0|1|1|1|0|0
RZ1|CHK|183|1|33|10|1|3|5|5|2|1|1|0
[You] Draw 1 Card
[] Drew card from deck: Edward Newgate ["OP17-040">OP17-040]
RZ1|184|1|OP17-040|0|32|1|10|1|1|0|0|0
RZ1|CHK|184|1|32|11|1|3|5|5|2|1|1|0
RZ1|185|1|Don|4|4|5|5|1|1|0|0|0
RZ1|CHK|185|1|32|11|1|3|4|6|2|1|1|0
RZ1|186|1|Don|4|3|5|6|1|1|0|0|0
RZ1|CHK|186|1|32|11|1|3|3|7|2|1|1|0
[You] Draw 2 Don
RZ1|187|1|Don|5|0|5|0|1|1|1|0|0
RZ1|CHK|187|1|32|11|1|3|3|7|2|1|1|0
RZ1|188|1|Don|5|1|5|1|1|1|1|0|0
RZ1|CHK|188|1|32|11|1|3|3|7|2|1|1|0
RZ1|189|1|Don|5|2|5|2|1|1|1|0|0
RZ1|CHK|189|1|32|11|1|3|3|7|2|1|1|0
RZ1|190|1|Don|5|3|5|3|1|1|1|0|0
RZ1|CHK|190|1|32|11|1|3|3|7|2|1|1|0
RZ1|191|1|Don|5|4|5|4|1|1|1|0|0
RZ1|CHK|191|1|32|11|1|3|3|7|2|1|1|0
RZ1|192|1|Don|5|5|5|5|1|1|1|0|0
RZ1|CHK|192|1|32|11|1|3|3|7|2|1|1|0
[You] Deploy Edward Newgate ["OP17-040">OP17-040]
RZ1|193|1|OP17-040|1|10|2|1|1|1|0|0|0
RZ1|CHK|193|1|32|10|2|3|3|7|2|1|1|0
[] Drew card from deck: Gloriosa ["OP17-046">OP17-046]
RZ1|194|1|OP17-046|0|31|1|10|1|1|0|0|0
RZ1|CHK|194|1|31|11|2|3|3|7|2|1|1|0
[You] Edward Newgate ["OP17-040">OP17-040]: Draw 1 Card
[You] Attach 1 Don to Kyo ["OP17-045">OP17-045] (1 Total)
RZ1|195|1|Don|5|6|9|0|1|1|0|0|0
RZ1|CHK|195|1|31|11|2|3|3|6|2|1|1|1
[You] Kyo ["OP17-045">OP17-045] attacking Monkey D. Luffy ["OP13-001">OP13-001]
[Opponent] Nami ["OP14-031">OP14-031] Blocks
Kyo ["OP17-045">OP17-045][5000] vs Nami ["OP14-031">OP14-031][2000]
[Opponent] Nami ["OP14-031">OP14-031] Destroyed
RZ1|196|2|OP14-031|2|0|6|1|1|1|0|0|0
RZ1|CHK|196|2|37|8|0|2|4|3|2|1|1|3
[You] Rocks D. Xebec ["OP17-039">OP17-039] attacking Monkey D. Luffy ["OP13-001">OP13-001]
RZ1|197|1|OP17-046|1|10|6|2|1|1|0|0|0
RZ1|CHK|197|1|31|10|2|3|3|6|3|1|1|1
[You] Rocks D. Xebec ["OP17-039">OP17-039]: Trash Gloriosa ["OP17-046">OP17-046]
RZ1|198|1|OP17-118|0|30|0|30|0|0|0|0|0
RZ1|CHK|198|1|31|10|2|3|3|6|3|1|1|1
[You] Rocks D. Xebec ["OP17-039">OP17-039] revealed: Rocks D. Xebec ["OP17-118">OP17-118]
[] Drew card from deck: Rocks D. Xebec ["OP17-118">OP17-118]
RZ1|199|1|OP17-118|0|30|1|10|1|1|0|0|0
RZ1|CHK|199|1|30|11|2|3|3|6|3|1|1|1
[] Drew card from deck: Charlotte Linlin ["OP17-049">OP17-049]
RZ1|200|1|OP17-049|0|29|1|11|1|1|0|0|0
RZ1|CHK|200|1|29|12|2|3|3|6|3|1|1|1
[You] Rocks D. Xebec ["OP17-039">OP17-039]: Draw 2 Card
RZ1|201|1|OP17-044|1|9|6|3|1|1|0|0|0
RZ1|CHK|201|1|29|11|2|3|3|6|4|1|1|1
[You] Edward Newgate ["OP17-040">OP17-040]: Trash Captain John ["OP17-044">OP17-044]
[You] Edward Newgate ["OP17-040">OP17-040]: Buff Rocks D. Xebec ["OP17-039">OP17-039] 3000 for the Combat
[Opponent] Discard Usopp ["OP14-022">OP14-022] for Counter 1000
RZ1|202|2|OP14-022|1|1|6|2|1|1|0|0|0
RZ1|CHK|202|2|37|7|0|2|4|3|3|1|1|3
[Opponent] Discard Usopp ["OP14-022">OP14-022] for Counter 1000
RZ1|203|2|OP14-022|1|2|6|3|1|1|0|0|0
RZ1|CHK|203|2|37|6|0|2|4|3|4|1|1|3
[Opponent] Discard Roronoa Zoro ["OP13-037">OP13-037] for Counter 1000
RZ1|204|2|OP13-037|1|5|6|4|1|1|0|0|0
RZ1|CHK|204|2|37|5|0|2|4|3|5|1|1|3
[Opponent] Discard Nami ["EB02-017">EB02-017] for Counter 1000
RZ1|205|2|EB02-017|1|3|6|5|1|1|0|0|0
RZ1|CHK|205|2|37|4|0|2|4|3|6|1|1|3
Rocks D. Xebec ["OP17-039">OP17-039][8000] vs Monkey D. Luffy ["OP13-001">OP13-001][9000]
Attack Fails
[] Hand: [OP17-048,OP17-054,OP17-118,OP17-056,OP17-118,OP17-046,OP17-040,OP17-056,OP17-048,OP17-118,OP17-049]
[] Board: [OP17-045,OP17-040]
[] Trash: [OP17-048,OP08-051,OP17-046,OP17-044]
[] Life: 3
[] Hand: [OP13-027,OP13-118,OP14-031,OP13-040]
[] Trash: [OP13-040,OP14-031,OP14-022,OP14-022,OP13-037,EB02-017]
[] Board: []
[] Life: 2
[You] End Turn
[] Hand: [OP13-027,OP13-118,OP14-031,OP13-040]
[] Board: []
[] Trash: [OP13-040,OP14-031,OP14-022,OP14-022,OP13-037,EB02-017]
[] Life: 2
[] Hand: [OP17-048,OP17-054,OP17-118,OP17-056,OP17-118,OP17-046,OP17-040,OP17-056,OP17-048,OP17-118,OP17-049]
[] Trash: [OP17-048,OP08-051,OP17-046,OP17-044]
[] Board: [OP17-045,OP17-040]
[] Life: 3
RZ1|206|2|Don|9|9900|5|0|1|1|1|0|0
RZ1|CHK|206|2|37|4|0|2|4|4|6|1|1|2
RZ1|207|2|Don|9|9900|5|0|1|1|1|0|0
RZ1|CHK|207|2|37|4|0|2|4|5|6|1|1|1
RZ1|208|2|Don|9|9900|5|0|1|1|1|0|0
RZ1|CHK|208|2|37|4|0|2|4|6|6|1|1|0
[Opponent] Draw 1 Card
[] Drew card from deck: I Know You're Strong... So I'll Go All Out ["OP13-040">OP13-040]
RZ1|209|2|OP13-040|0|36|1|4|1|1|0|0|0
RZ1|CHK|209|2|36|5|0|2|4|6|6|1|1|0
RZ1|210|2|Don|4|3|5|6|1|1|0|0|0
RZ1|CHK|210|2|36|5|0|2|3|7|6|1|1|0
RZ1|211|2|Don|4|2|5|7|1|1|0|0|0
RZ1|CHK|211|2|36|5|0|2|2|8|6|1|1|0
[Opponent] Draw 2 Don
RZ1|212|2|Don|5|0|5|0|1|1|1|0|0
RZ1|CHK|212|2|36|5|0|2|2|8|6|1|1|0
RZ1|213|2|Don|5|1|5|1|1|1|1|0|0
RZ1|CHK|213|2|36|5|0|2|2|8|6|1|1|0
RZ1|214|2|Don|5|2|5|2|1|1|1|0|0
RZ1|CHK|214|2|36|5|0|2|2|8|6|1|1|0
RZ1|215|2|Don|5|3|5|3|1|1|1|0|0
RZ1|CHK|215|2|36|5|0|2|2|8|6|1|1|0
[Opponent] Deploy Nami ["OP14-031">OP14-031]
RZ1|216|2|OP14-031|1|2|2|0|1|1|0|0|0
RZ1|CHK|216|2|36|4|1|2|2|8|6|1|1|0
[Opponent] Monkey D. Luffy ["OP13-001">OP13-001] attacking Rocks D. Xebec ["OP17-039">OP17-039]
[You] Fullalead ["OP17-057">OP17-057]: Rest Fullalead ["OP17-057">OP17-057]
RZ1|217|1|OP17-048|1|8|6|4|1|1|0|0|0
RZ1|CHK|217|1|29|10|2|3|3|6|5|1|1|1
[You] Fullalead ["OP17-057">OP17-057]: Trash Shiki ["OP17-048">OP17-048]
[You] Fullalead ["OP17-057">OP17-057]: Buff Rocks D. Xebec ["OP17-039">OP17-039] 1000 for the Combat
Monkey D. Luffy ["OP13-001">OP13-001][5000] vs Rocks D. Xebec ["OP17-039">OP17-039][6000]
Attack Fails
RZ1|218|2|Don|5|4|9|9900|1|1|0|0|0
RZ1|CHK|218|2|36|4|1|2|2|7|6|1|1|1
[Opponent] Attach 1 Don to Monkey D. Luffy ["OP13-001">OP13-001] (1 Total)
[Opponent] Thousand Sunny ["ST31-005">ST31-005]: Rest Thousand Sunny ["ST31-005">ST31-005]
[Opponent] Thousand Sunny ["ST31-005">ST31-005]: Attach 1 Rested Don to Monkey D. Luffy ["OP13-001">OP13-001]
RZ1|219|2|Don|5|0|9|9901|1|1|1|0|0
RZ1|CHK|219|2|36|4|1|2|2|6|6|1|1|2
[Opponent] I Know You're Strong... So I'll Go All Out ["OP13-040">OP13-040]: Rest 1 Don
RZ1|220|2|Don|5|3|5|3|1|1|1|0|0
RZ1|CHK|220|2|36|4|1|2|2|6|6|1|1|2
RZ1|221|2|OP13-040|1|2|6|6|1|1|0|0|0
RZ1|CHK|221|2|36|3|1|2|2|6|7|1|1|2
[Opponent] I Know You're Strong... So I'll Go All Out ["OP13-040">OP13-040]: Rest 2 Don
RZ1|222|2|Don|5|4|5|4|1|1|1|0|0
RZ1|CHK|222|2|36|3|1|2|2|6|7|1|1|2
RZ1|223|2|Don|5|5|5|5|1|1|1|0|0
RZ1|CHK|223|2|36|3|1|2|2|6|7|1|1|2
[Opponent] I Know You're Strong... So I'll Go All Out ["OP13-040">OP13-040]: Kyo ["OP17-045">OP17-045] will not Activate during next Refresh
[Opponent] Nami ["OP14-031">OP14-031]: Activate 1 Don
RZ1|224|2|Don|5|5|5|5|1|1|0|0|0
RZ1|CHK|224|2|36|3|1|2|2|6|7|1|1|2
[Opponent] Nami ["OP14-031">OP14-031]: Activate 1 Don
RZ1|225|2|Don|5|4|5|4|1|1|0|0|0
RZ1|CHK|225|2|36|3|1|2|2|6|7|1|1|2
[Opponent] Nami ["OP14-031">OP14-031]: Activate 1 Don
RZ1|226|2|Don|5|3|5|3|1|1|0|0|0
RZ1|CHK|226|2|36|3|1|2|2|6|7|1|1|2
[Opponent] Nami ["OP14-031">OP14-031]: Activate 1 Don
RZ1|227|2|Don|5|2|5|2|1|1|0|0|0
RZ1|CHK|227|2|36|3|1|2|2|6|7|1|1|2
[Opponent] Nami ["OP14-031">OP14-031]: Activate 1 Don
RZ1|228|2|Don|5|1|5|1|1|1|0|0|0
RZ1|CHK|228|2|36|3|1|2|2|6|7|1|1|2
[] Hand: [OP13-027,OP13-118,OP13-040]
[] Board: [OP14-031]
[] Trash: [OP13-040,OP14-031,OP14-022,OP14-022,OP13-037,EB02-017,OP13-040]
[] Life: 2
[] Hand: [OP17-048,OP17-054,OP17-118,OP17-056,OP17-118,OP17-046,OP17-040,OP17-056,OP17-118,OP17-049]
[] Trash: [OP17-048,OP08-051,OP17-046,OP17-044,OP17-048]
[] Board: [OP17-045,OP17-040]
[] Life: 3
[Opponent] End Turn
[] Hand: [OP17-048,OP17-054,OP17-118,OP17-056,OP17-118,OP17-046,OP17-040,OP17-056,OP17-118,OP17-049]
[] Board: [OP17-045,OP17-040]
[] Trash: [OP17-048,OP08-051,OP17-046,OP17-044,OP17-048]
[] Life: 3
[] Hand: [OP13-027,OP13-118,OP13-040]
[] Trash: [OP13-040,OP14-031,OP14-022,OP14-022,OP13-037,EB02-017,OP13-040]
[] Board: [OP14-031]
[] Life: 2
RZ1|229|1|Don|9|0|5|0|1|1|1|0|0
RZ1|CHK|229|1|29|10|2|3|3|7|5|1|1|0
[You] Draw 1 Card
[] Drew card from deck: Streusen ["OP17-050">OP17-050]
RZ1|230|1|OP17-050|0|28|1|10|1|1|0|0|0
RZ1|CHK|230|1|28|11|2|3|3|7|5|1|1|0
RZ1|231|1|Don|4|2|5|7|1|1|0|0|0
RZ1|CHK|231|1|28|11|2|3|2|8|5|1|1|0
RZ1|232|1|Don|4|1|5|8|1|1|0|0|0
RZ1|CHK|232|1|28|11|2|3|1|9|5|1|1|0
[You] Draw 2 Don
[You] Attach 1 Don to Edward Newgate ["OP17-040">OP17-040] (1 Total)
RZ1|233|1|Don|5|8|9|100|1|1|0|0|0
RZ1|CHK|233|1|28|11|2|3|1|8|5|1|1|1
[You] Edward Newgate ["OP17-040">OP17-040] attacking Monkey D. Luffy ["OP13-001">OP13-001]
[Opponent] Nami ["OP14-031">OP14-031] Blocks
Edward Newgate ["OP17-040">OP17-040][9000] vs Nami ["OP14-031">OP14-031][2000]
[Opponent] Nami ["OP14-031">OP14-031] Destroyed
RZ1|234|2|OP14-031|2|0|6|7|1|1|0|0|0
RZ1|CHK|234|2|36|3|0|2|2|6|8|1|1|2
RZ1|235|1|Don|5|0|5|0|1|1|1|0|0
RZ1|CHK|235|1|28|11|2|3|1|8|5|1|1|1
RZ1|236|1|Don|5|1|5|1|1|1|1|0|0
RZ1|CHK|236|1|28|11|2|3|1|8|5|1|1|1
RZ1|237|1|Don|5|2|5|2|1|1|1|0|0
RZ1|CHK|237|1|28|11|2|3|1|8|5|1|1|1
RZ1|238|1|Don|5|3|5|3|1|1|1|0|0
RZ1|CHK|238|1|28|11|2|3|1|8|5|1|1|1
RZ1|239|1|Don|5|4|5|4|1|1|1|0|0
RZ1|CHK|239|1|28|11|2|3|1|8|5|1|1|1
[You] Deploy Charlotte Linlin ["OP17-049">OP17-049]
RZ1|240|1|OP17-049|1|9|2|2|1|1|0|0|0
RZ1|CHK|240|1|28|10|3|3|1|8|5|1|1|1
[You] Forcing opponent to resolve Card Action!
RZ1|241|2|OP13-118|1|1|6|8|1|1|0|0|0
RZ1|CHK|241|2|36|2|0|2|2|6|9|1|1|2
[Opponent] Charlotte Linlin ["OP17-049">OP17-049]: Trash Monkey D. Luffy ["OP13-118">OP13-118]
RZ1|242|2|OP13-027|1|0|6|9|1|1|0|0|0
RZ1|CHK|242|2|36|1|0|2|2|6|10|1|1|2
[Opponent] Charlotte Linlin ["OP17-049">OP17-049]: Trash Sanji ["OP13-027">OP13-027]
[You] Attach 1 Don to Rocks D. Xebec ["OP17-039">OP17-039] (1 Total)
RZ1|243|1|Don|5|7|9|9900|1|1|0|0|0
RZ1|CHK|243|1|28|10|3|3|1|7|5|1|1|2
[You] Attach 1 Don to Rocks D. Xebec ["OP17-039">OP17-039] (2 Total)
RZ1|244|1|Don|5|6|9|9901|1|1|0|0|0
RZ1|CHK|244|1|28|10|3|3|1|6|5|1|1|3
[You] Attach 1 Don to Rocks D. Xebec ["OP17-039">OP17-039] (3 Total)
RZ1|245|1|Don|5|5|9|9902|1|1|0|0|0
RZ1|CHK|245|1|28|10|3|3|1|5|5|1|1|4
[You] Rocks D. Xebec ["OP17-039">OP17-039] attacking Monkey D. Luffy ["OP13-001">OP13-001]
RZ1|246|1|OP17-050|1|9|6|5|1|1|0|0|0
RZ1|CHK|246|1|28|9|3|3|1|5|6|1|1|4
[You] Edward Newgate ["OP17-040">OP17-040]: Trash Streusen ["OP17-050">OP17-050]
[You] Edward Newgate ["OP17-040">OP17-040]: Buff Rocks D. Xebec ["OP17-039">OP17-039] 3000 for the Combat
RZ1|247|1|OP17-056|1|7|6|6|1|1|0|0|0
RZ1|CHK|247|1|28|8|3|3|1|5|7|1|1|4
[You] Rocks D. Xebec ["OP17-039">OP17-039]: Trash Rocks Pirates ["OP17-056">OP17-056]
RZ1|248|1|OP08-051|0|27|0|27|0|0|0|0|0
RZ1|CHK|248|1|28|8|3|3|1|5|7|1|1|4
[You] Rocks D. Xebec ["OP17-039">OP17-039] revealed: Buckin ["OP08-051">OP08-051]
[] Drew card from deck: Buckin ["OP08-051">OP08-051]
RZ1|249|1|OP08-051|0|27|1|8|1|1|0|0|0
RZ1|CHK|249|1|27|9|3|3|1|5|7|1|1|4
[] Drew card from deck: Stussy ["OP17-054">OP17-054]
RZ1|250|1|OP17-054|0|26|1|9|1|1|0|0|0
RZ1|CHK|250|1|26|10|3|3|1|5|7|1|1|4
[You] Rocks D. Xebec ["OP17-039">OP17-039]: Draw 2 Card
Rocks D. Xebec ["OP17-039">OP17-039][11000] vs Monkey D. Luffy ["OP13-001">OP13-001][5000]
Monkey D. Luffy ["OP13-001">OP13-001] hit for 1 damage
RZ1|251|2|EB02-017|3|1|1|1|1|1|0|0|0
RZ1|CHK|251|2|36|2|0|1|2|6|10|1|1|2
[] Hand: [OP17-048,OP17-054,OP17-118,OP17-056,OP17-118,OP17-046,OP17-040,OP17-118,OP08-051,OP17-054]
[] Board: [OP17-045,OP17-040,OP17-049]
[] Trash: [OP17-048,OP08-051,OP17-046,OP17-044,OP17-048,OP17-050,OP17-056]
[] Life: 3
[] Hand: [OP13-040,EB02-017]
[] Trash: [OP13-040,OP14-031,OP14-022,OP14-022,OP13-037,EB02-017,OP13-040,OP14-031,OP13-118,OP13-027]
[] Board: []
[] Life: 1
[You] End Turn
[] Hand: [OP13-040,EB02-017]
[] Board: []
[] Trash: [OP13-040,OP14-031,OP14-022,OP14-022,OP13-037,EB02-017,OP13-040,OP14-031,OP13-118,OP13-027]
[] Life: 1
[] Hand: [OP17-048,OP17-054,OP17-118,OP17-056,OP17-118,OP17-046,OP17-040,OP17-118,OP08-051,OP17-054]
[] Trash: [OP17-048,OP08-051,OP17-046,OP17-044,OP17-048,OP17-050,OP17-056]
[] Board: [OP17-045,OP17-040,OP17-049]
[] Life: 3
RZ1|252|2|Don|9|9900|5|0|1|1|1|0|0
RZ1|CHK|252|2|36|2|0|1|2|7|10|1|1|1
RZ1|253|2|Don|9|9900|5|0|1|1|1|0|0
RZ1|CHK|253|2|36|2|0|1|2|8|10|1|1|0
[Opponent] Draw 1 Card
[] Drew card from deck: Nami ["OP14-031">OP14-031]
RZ1|254|2|OP14-031|0|35|1|2|1|1|0|0|0
RZ1|CHK|254|2|35|3|0|1|2|8|10|1|1|0
RZ1|255|2|Don|4|1|5|8|1|1|0|0|0
RZ1|CHK|255|2|35|3|0|1|1|9|10|1|1|0
RZ1|256|2|Don|4|0|5|9|1|1|0|0|0
RZ1|CHK|256|2|35|3|0|1|0|10|10|1|1|0
[Opponent] Draw 2 Don
RZ1|257|2|Don|5|0|5|0|1|1|1|0|0
RZ1|CHK|257|2|35|3|0|1|0|10|10|1|1|0
RZ1|258|2|Don|5|1|5|1|1|1|1|0|0
RZ1|CHK|258|2|35|3|0|1|0|10|10|1|1|0
RZ1|259|2|Don|5|2|5|2|1|1|1|0|0
RZ1|CHK|259|2|35|3|0|1|0|10|10|1|1|0
RZ1|260|2|Don|5|3|5|3|1|1|1|0|0
RZ1|CHK|260|2|35|3|0|1|0|10|10|1|1|0
[Opponent] Deploy Nami ["OP14-031">OP14-031]
RZ1|261|2|OP14-031|1|2|2|0|1|1|0|0|0
RZ1|CHK|261|2|35|2|1|1|0|10|10|1|1|0
RZ1|262|2|Don|5|4|9|9900|1|1|0|0|0
RZ1|CHK|262|2|35|2|1|1|0|9|10|1|1|1
[Opponent] Attach 1 Don to Monkey D. Luffy ["OP13-001">OP13-001] (1 Total)
[Opponent] Monkey D. Luffy ["OP13-001">OP13-001] attacking Rocks D. Xebec ["OP17-039">OP17-039]
[You] Rocks Pirates ["OP17-056">OP17-056]: Activate Counter
RZ1|263|1|OP17-056|1|3|6|7|1|1|0|0|0
RZ1|CHK|263|1|26|9|3|3|1|5|8|1|1|4
[You] Rocks Pirates ["OP17-056">OP17-056]: Buff Rocks D. Xebec ["OP17-039">OP17-039] 2000 for the Combat
Monkey D. Luffy ["OP13-001">OP13-001][6000] vs Rocks D. Xebec ["OP17-039">OP17-039][7000]
Attack Fails
RZ1|264|2|Don|5|4|5|4|1|1|1|0|0
RZ1|CHK|264|2|35|2|1|1|0|9|10|1|1|1
[Opponent] Deploy Nami ["EB02-017">EB02-017]
RZ1|265|2|EB02-017|1|1|2|1|1|1|0|0|0
RZ1|CHK|265|2|35|1|2|1|0|9|10|1|1|1
RZ1|266|2|OP14-022|0|31|1|1|1|1|0|0|0
RZ1|CHK|266|2|34|2|2|1|0|9|10|1|1|1
[Opponent] Nami ["EB02-017">EB02-017]: <b>Reveal and Draw Usopp ["OP14-022">OP14-022]</b>
[Opponent] Placing Cards on Bottom of Deck
RZ1|267|2|EB04-007|0|33|0|0|0|0|0|0|0
RZ1|CHK|267|2|34|2|2|1|0|9|10|1|1|1
RZ1|268|2|OP13-118|0|33|0|0|0|0|0|0|0
RZ1|CHK|268|2|34|2|2|1|0|9|10|1|1|1
RZ1|269|2|EB04-007|0|33|0|0|0|0|0|0|0
RZ1|CHK|269|2|34|2|2|1|0|9|10|1|1|1
RZ1|270|2|OP15-035|0|33|0|0|0|0|0|0|0
RZ1|CHK|270|2|34|2|2|1|0|9|10|1|1|1
[Opponent] Thousand Sunny ["ST31-005">ST31-005]: Rest Thousand Sunny ["ST31-005">ST31-005]
[Opponent] Thousand Sunny ["ST31-005">ST31-005]: Attach 1 Rested Don to Monkey D. Luffy ["OP13-001">OP13-001]
RZ1|271|2|Don|5|0|9|9901|1|1|1|0|0
RZ1|CHK|271|2|34|2|2|1|0|8|10|1|1|2
[] Hand: [OP13-040,OP14-022]
[] Board: [OP14-031,EB02-017]
[] Trash: [OP13-040,OP14-031,OP14-022,OP14-022,OP13-037,EB02-017,OP13-040,OP14-031,OP13-118,OP13-027]
[] Life: 1
[] Hand: [OP17-048,OP17-054,OP17-118,OP17-118,OP17-046,OP17-040,OP17-118,OP08-051,OP17-054]
[] Trash: [OP17-048,OP08-051,OP17-046,OP17-044,OP17-048,OP17-050,OP17-056,OP17-056]
[] Board: [OP17-045,OP17-040,OP17-049]
[] Life: 3
[Opponent] End Turn
[] Hand: [OP17-048,OP17-054,OP17-118,OP17-118,OP17-046,OP17-040,OP17-118,OP08-051,OP17-054]
[] Board: [OP17-045,OP17-040,OP17-049]
[] Trash: [OP17-048,OP08-051,OP17-046,OP17-044,OP17-048,OP17-050,OP17-056,OP17-056]
[] Life: 3
[] Hand: [OP13-040,OP14-022]
[] Trash: [OP13-040,OP14-031,OP14-022,OP14-022,OP13-037,EB02-017,OP13-040,OP14-031,OP13-118,OP13-027]
[] Board: [OP14-031,EB02-017]
[] Life: 1
RZ1|272|1|Don|9|9900|5|0|1|1|1|0|0
RZ1|CHK|272|1|26|9|3|3|1|6|8|1|1|3
RZ1|273|1|Don|9|9900|5|0|1|1|1|0|0
RZ1|CHK|273|1|26|9|3|3|1|7|8|1|1|2
RZ1|274|1|Don|9|9900|5|0|1|1|1|0|0
RZ1|CHK|274|1|26|9|3|3|1|8|8|1|1|1
RZ1|275|1|Don|9|100|5|0|1|1|1|0|0
RZ1|CHK|275|1|26|9|3|3|1|9|8|1|1|0
[You] Draw 1 Card
[] Drew card from deck: Stussy ["OP17-054">OP17-054]
RZ1|276|1|OP17-054|0|25|1|9|1|1|0|0|0
RZ1|CHK|276|1|25|10|3|3|1|9|8|1|1|0
RZ1|277|1|Don|4|0|5|9|1|1|0|0|0
RZ1|CHK|277|1|25|10|3|3|0|10|8|1|1|0
[You] Draw 2 Don
RZ1|278|1|Don|5|0|5|0|1|1|1|0|0
RZ1|CHK|278|1|25|10|3|3|0|10|8|1|1|0
RZ1|279|1|Don|5|1|5|1|1|1|1|0|0
RZ1|CHK|279|1|25|10|3|3|0|10|8|1|1|0
RZ1|280|1|Don|5|2|5|2|1|1|1|0|0
RZ1|CHK|280|1|25|10|3|3|0|10|8|1|1|0
RZ1|281|1|Don|5|3|5|3|1|1|1|0|0
RZ1|CHK|281|1|25|10|3|3|0|10|8|1|1|0
RZ1|282|1|Don|5|4|5|4|1|1|1|0|0
RZ1|CHK|282|1|25|10|3|3|0|10|8|1|1|0
RZ1|283|1|Don|5|5|5|5|1|1|1|0|0
RZ1|CHK|283|1|25|10|3|3|0|10|8|1|1|0
RZ1|284|1|Don|5|6|5|6|1|1|1|0|0
RZ1|CHK|284|1|25|10|3|3|0|10|8|1|1|0
RZ1|285|1|Don|5|7|5|7|1|1|1|0|0
RZ1|CHK|285|1|25|10|3|3|0|10|8|1|1|0
RZ1|286|1|Don|5|8|5|8|1|1|1|0|0
RZ1|CHK|286|1|25|10|3|3|0|10|8|1|1|0
RZ1|287|1|Don|5|9|5|9|1|1|1|0|0
RZ1|CHK|287|1|25|10|3|3|0|10|8|1|1|0
[You] Deploy Rocks D. Xebec ["OP17-118">OP17-118]
RZ1|288|1|OP17-118|1|3|2|3|1|1|0|0|0
RZ1|CHK|288|1|25|9|4|3|0|10|8|1|1|0
[] Drew card from deck: Fullalead ["OP17-057">OP17-057]
RZ1|289|1|OP17-057|0|24|1|9|1|1|0|0|0
RZ1|CHK|289|1|24|10|4|3|0|10|8|1|1|0
[You] Rocks D. Xebec ["OP17-118">OP17-118]: Draw 1 Card
RZ1|290|1|OP17-054|1|8|2|4|1|1|0|0|0
RZ1|CHK|290|1|24|9|5|3|0|10|8|1|1|0
[You] Rocks D. Xebec ["OP17-118">OP17-118]: Deploy Stussy ["OP17-054">OP17-054]
RZ1|291|1|OP17-045|2|0|6|8|1|1|0|0|0
RZ1|CHK|291|1|24|9|4|3|0|10|9|1|1|0
[You] Trash Kyo ["OP17-045">OP17-045]
RZ1|292|1|OP17-040|1|4|2|4|1|1|0|0|0
RZ1|CHK|292|1|24|8|5|3|0|10|9|1|1|0
[You] Rocks D. Xebec ["OP17-118">OP17-118]: Deploy Edward Newgate ["OP17-040">OP17-040]
[You] Stussy ["OP17-054">OP17-054]: Nami ["OP14-031">OP14-031] can't attack next turn
[] Drew card from deck: There's No Authority in the World ["OP17-055">OP17-055]
RZ1|293|1|OP17-055|0|23|1|8|1|1|0|0|0
RZ1|CHK|293|1|23|9|5|3|0|10|9|1|1|0
[You] Edward Newgate ["OP17-040">OP17-040]: Draw 1 Card
[You] Edward Newgate ["OP17-040">OP17-040] attacking Monkey D. Luffy ["OP13-001">OP13-001]
[Opponent] Nami ["OP14-031">OP14-031] Blocks
Edward Newgate ["OP17-040">OP17-040][8000] vs Nami ["OP14-031">OP14-031][2000]
[Opponent] Nami ["OP14-031">OP14-031] Destroyed
RZ1|294|2|OP14-031|2|0|6|10|1|1|0|0|0
RZ1|CHK|294|2|34|2|1|1|0|8|11|1|1|2
[You] Charlotte Linlin ["OP17-049">OP17-049] attacking Monkey D. Luffy ["OP13-001">OP13-001]
[Opponent] I Know You're Strong... So I'll Go All Out ["OP13-040">OP13-040]: Activate Counter
[Opponent] I Know You're Strong... So I'll Go All Out ["OP13-040">OP13-040]: Rest 1 Don
RZ1|295|2|Don|5|4|5|4|1|1|1|0|0
RZ1|CHK|295|2|34|2|1|1|0|8|11|1|1|2
RZ1|296|2|OP13-040|1|0|6|11|1|1|0|0|0
RZ1|CHK|296|2|34|1|1|1|0|8|12|1|1|2
[Opponent] I Know You're Strong... So I'll Go All Out ["OP13-040">OP13-040]: Buff Monkey D. Luffy ["OP13-001">OP13-001] 3000 for the Combat
Charlotte Linlin ["OP17-049">OP17-049][7000] vs Monkey D. Luffy ["OP13-001">OP13-001][8000]
Attack Fails
[You] Rocks D. Xebec ["OP17-039">OP17-039] attacking Monkey D. Luffy ["OP13-001">OP13-001]
RZ1|297|1|OP17-055|1|8|6|9|1|1|0|0|0
RZ1|CHK|297|1|23|8|5|3|0|10|10|1|1|0
[You] Rocks D. Xebec ["OP17-039">OP17-039]: Trash There's No Authority in the World ["OP17-055">OP17-055]
RZ1|298|1|OP17-045|0|22|0|22|0|0|0|0|0
RZ1|CHK|298|1|23|8|5|3|0|10|10|1|1|0
[You] Rocks D. Xebec ["OP17-039">OP17-039] revealed: Kyo ["OP17-045">OP17-045]
[] Drew card from deck: Kyo ["OP17-045">OP17-045]
RZ1|299|1|OP17-045|0|22|1|8|1|1|0|0|0
RZ1|CHK|299|1|22|9|5|3|0|10|10|1|1|0
[] Drew card from deck: Charlotte Linlin ["OP17-049">OP17-049]
RZ1|300|1|OP17-049|0|21|1|9|1|1|0|0|0
RZ1|CHK|300|1|21|10|5|3|0|10|10|1|1|0
[You] Rocks D. Xebec ["OP17-039">OP17-039]: Draw 2 Card
RZ1|301|1|OP17-049|1|9|6|10|1|1|0|0|0
RZ1|CHK|301|1|21|9|5|3|0|10|11|1|1|0
[You] Edward Newgate ["OP17-040">OP17-040]: Trash Charlotte Linlin ["OP17-049">OP17-049]
[You] Edward Newgate ["OP17-040">OP17-040]: Buff Rocks D. Xebec ["OP17-039">OP17-039] 3000 for the Combat
Rocks D. Xebec ["OP17-039">OP17-039][8000] vs Monkey D. Luffy ["OP13-001">OP13-001][5000]
Monkey D. Luffy ["OP13-001">OP13-001] hit for 1 damage
RZ1|302|2|OP13-037|3|0|1|1|1|1|0|0|0
RZ1|CHK|302|2|34|2|1|0|0|8|12|1|1|2
[] Hand: [OP17-048,OP17-054,OP17-118,OP17-046,OP17-118,OP08-051,OP17-054,OP17-057,OP17-045]
[] Board: [OP17-040,OP17-049,OP17-118,OP17-054,OP17-040]
[] Trash: [OP17-048,OP08-051,OP17-046,OP17-044,OP17-048,OP17-050,OP17-056,OP17-056,OP17-045,OP17-055,OP17-049]
[] Life: 3
[] Hand: [OP14-022,OP13-037]
[] Trash: [OP13-040,OP14-031,OP14-022,OP14-022,OP13-037,EB02-017,OP13-040,OP14-031,OP13-118,OP13-027,OP14-031,OP13-040]
[] Board: [EB02-017]
[] Life: 0
[You] End Turn
[] Hand: [OP14-022,OP13-037]
[] Board: [EB02-017]
[] Trash: [OP13-040,OP14-031,OP14-022,OP14-022,OP13-037,EB02-017,OP13-040,OP14-031,OP13-118,OP13-027,OP14-031,OP13-040]
[] Life: 0
[] Hand: [OP17-048,OP17-054,OP17-118,OP17-046,OP17-118,OP08-051,OP17-054,OP17-057,OP17-045]
[] Trash: [OP17-048,OP08-051,OP17-046,OP17-044,OP17-048,OP17-050,OP17-056,OP17-056,OP17-045,OP17-055,OP17-049]
[] Board: [OP17-040,OP17-049,OP17-118,OP17-054,OP17-040]
[] Life: 3
RZ1|303|2|Don|9|9900|5|0|1|1|1|0|0
RZ1|CHK|303|2|34|2|1|0|0|9|12|1|1|1
RZ1|304|2|Don|9|9900|5|0|1|1|1|0|0
RZ1|CHK|304|2|34|2|1|0|0|10|12|1|1|0
[Opponent] Draw 1 Card
[] Drew card from deck: Thousand Sunny ["ST31-005">ST31-005]
RZ1|305|2|ST31-005|0|33|1|2|1|1|0|0|0
RZ1|CHK|305|2|33|3|1|0|0|10|12|1|1|0
RZ1|306|2|Don|5|0|5|0|1|1|1|0|0
RZ1|CHK|306|2|33|3|1|0|0|10|12|1|1|0
RZ1|307|2|Don|5|1|5|1|1|1|1|0|0
RZ1|CHK|307|2|33|3|1|0|0|10|12|1|1|0
RZ1|308|2|Don|5|2|5|2|1|1|1|0|0
RZ1|CHK|308|2|33|3|1|0|0|10|12|1|1|0
RZ1|309|2|Don|5|3|5|3|1|1|1|0|0
RZ1|CHK|309|2|33|3|1|0|0|10|12|1|1|0
[Opponent] Deploy Usopp ["OP14-022">OP14-022]
RZ1|310|2|OP14-022|1|0|2|1|1|1|0|0|0
RZ1|CHK|310|2|33|2|2|0|0|10|12|1|1|0
RZ1|311|2|Don|5|4|5|4|1|1|1|0|0
RZ1|CHK|311|2|33|2|2|0|0|10|12|1|1|0
RZ1|312|2|Don|5|5|5|5|1|1|1|0|0
RZ1|CHK|312|2|33|2|2|0|0|10|12|1|1|0
RZ1|313|2|Don|5|6|5|6|1|1|1|0|0
RZ1|CHK|313|2|33|2|2|0|0|10|12|1|1|0
RZ1|314|2|Don|5|7|5|7|1|1|1|0|0
RZ1|CHK|314|2|33|2|2|0|0|10|12|1|1|0
[Opponent] Deploy Roronoa Zoro ["OP13-037">OP13-037]
RZ1|315|2|OP13-037|1|0|2|2|1|1|0|0|0
RZ1|CHK|315|2|33|1|3|0|0|10|12|1|1|0
[Opponent] Roronoa Zoro ["OP13-037">OP13-037]: Activate 1 Don
RZ1|316|2|Don|5|7|5|7|1|1|0|0|0
RZ1|CHK|316|2|33|1|3|0|0|10|12|1|1|0
[Opponent] Roronoa Zoro ["OP13-037">OP13-037]: Activate 1 Don
RZ1|317|2|Don|5|6|5|6|1|1|0|0|0
RZ1|CHK|317|2|33|1|3|0|0|10|12|1|1|0
RZ1|318|2|Don|5|6|9|9900|1|1|0|0|0
RZ1|CHK|318|2|33|1|3|0|0|9|12|1|1|1
RZ1|319|2|Don|5|6|9|9901|1|1|0|0|0
RZ1|CHK|319|2|33|1|3|0|0|8|12|1|1|2
[Opponent] Attach 2 Don to Monkey D. Luffy ["OP13-001">OP13-001] (2 Total)
RZ1|320|2|Don|5|6|9|9902|1|1|0|0|0
RZ1|CHK|320|2|33|1|3|0|0|7|12|1|1|3
RZ1|321|2|Don|5|6|9|9903|1|1|0|0|0
RZ1|CHK|321|2|33|1|3|0|0|6|12|1|1|4
[Opponent] Attach 2 Don to Monkey D. Luffy ["OP13-001">OP13-001] (4 Total)
[Opponent] Monkey D. Luffy ["OP13-001">OP13-001] attacking Rocks D. Xebec ["OP17-039">OP17-039]
RZ1|322|1|OP17-057|1|7|6|11|1|1|0|0|0
RZ1|CHK|322|1|21|8|5|3|0|10|12|1|1|0
[You] Edward Newgate ["OP17-040">OP17-040]: Trash Fullalead ["OP17-057">OP17-057]
[You] Edward Newgate ["OP17-040">OP17-040]: Buff Rocks D. Xebec ["OP17-039">OP17-039] 3000 for the Combat
RZ1|323|1|OP08-051|1|5|6|12|1|1|0|0|0
RZ1|CHK|323|1|21|7|5|3|0|10|13|1|1|0
[You] Edward Newgate ["OP17-040">OP17-040]: Trash Buckin ["OP08-051">OP08-051]
[You] Edward Newgate ["OP17-040">OP17-040]: Buff Rocks D. Xebec ["OP17-039">OP17-039] 3000 for the Combat
Monkey D. Luffy ["OP13-001">OP13-001][9000] vs Rocks D. Xebec ["OP17-039">OP17-039][11000]
Attack Fails
[Opponent] Thousand Sunny ["ST31-005">ST31-005]: Rest Thousand Sunny ["ST31-005">ST31-005]
[Opponent] Thousand Sunny ["ST31-005">ST31-005]: Attach 1 Rested Don to Monkey D. Luffy ["OP13-001">OP13-001]
RZ1|324|2|Don|5|0|9|9904|1|1|1|0|0
RZ1|CHK|324|2|33|1|3|0|0|5|12|1|1|5
[Opponent] Roronoa Zoro ["OP13-037">OP13-037]: Set Roronoa Zoro ["OP13-037">OP13-037] to Active
[Opponent] Usopp ["OP14-022">OP14-022]: Activate 1 Don
RZ1|325|2|Don|5|4|5|4|1|1|0|0|0
RZ1|CHK|325|2|33|1|3|0|0|5|12|1|1|5
[Opponent] Usopp ["OP14-022">OP14-022]: Activate 1 Don
RZ1|326|2|Don|5|3|5|3|1|1|0|0|0
RZ1|CHK|326|2|33|1|3|0|0|5|12|1|1|5
[] Hand: [ST31-005]
[] Board: [EB02-017,OP14-022,OP13-037]
[] Trash: [OP13-040,OP14-031,OP14-022,OP14-022,OP13-037,EB02-017,OP13-040,OP14-031,OP13-118,OP13-027,OP14-031,OP13-040]
[] Life: 0
[] Hand: [OP17-048,OP17-054,OP17-118,OP17-046,OP17-118,OP17-054,OP17-045]
[] Trash: [OP17-048,OP08-051,OP17-046,OP17-044,OP17-048,OP17-050,OP17-056,OP17-056,OP17-045,OP17-055,OP17-049,OP17-057,OP08-051]
[] Board: [OP17-040,OP17-049,OP17-118,OP17-054,OP17-040]
[] Life: 3
[Opponent] End Turn
[] Hand: [OP17-048,OP17-054,OP17-118,OP17-046,OP17-118,OP17-054,OP17-045]
[] Board: [OP17-040,OP17-049,OP17-118,OP17-054,OP17-040]
[] Trash: [OP17-048,OP08-051,OP17-046,OP17-044,OP17-048,OP17-050,OP17-056,OP17-056,OP17-045,OP17-055,OP17-049,OP17-057,OP08-051]
[] Life: 3
[] Hand: [ST31-005]
[] Trash: [OP13-040,OP14-031,OP14-022,OP14-022,OP13-037,EB02-017,OP13-040,OP14-031,OP13-118,OP13-027,OP14-031,OP13-040]
[] Board: [EB02-017,OP14-022,OP13-037]
[] Life: 0
[You] Draw 1 Card
[] Drew card from deck: Kaido ["OP17-042">OP17-042]
RZ1|327|1|OP17-042|0|20|1|7|1|1|0|0|0
RZ1|CHK|327|1|20|8|5|3|0|10|13|1|1|0
[You] Rocks D. Xebec ["OP17-118">OP17-118] attacking Monkey D. Luffy ["OP13-001">OP13-001]
Rocks D. Xebec ["OP17-118">OP17-118][12000] vs Monkey D. Luffy ["OP13-001">OP13-001][5000]
Monkey D. Luffy ["OP13-001">OP13-001] hit for 1 damage
[Opponent] <b>Downloaded the Combat Log!</b>
GameOver
