Version is 1.42a.34
[You] Leader is Rocks D. Xebec ["OP17-039">OP17-039]
RZ1|HDR|1.42a|2|RZ1
RZ1|PLY|1||OP17-039
RZ1|PLY|2||
[Opponent] Leader is Marshall D. Teach ["OP16-080">OP16-080]
RZ1|1|2|OP09-096|0|39|0|0|0|0|0|0|0
RZ1|CHK|1|2|50|0|0|0|10|0|0|0|1|0
RZ1|2|2|OP09-096|0|41|0|1|0|0|0|0|0
RZ1|CHK|2|2|50|0|0|0|10|0|0|0|1|0
RZ1|3|2|OP09-086|0|7|0|2|0|0|0|0|0
RZ1|CHK|3|2|50|0|0|0|10|0|0|0|1|0
RZ1|4|2|OP09-086|0|9|0|3|0|0|0|0|0
RZ1|CHK|4|2|50|0|0|0|10|0|0|0|1|0
RZ1|5|2|OP16-115|0|43|0|4|0|0|0|0|0
RZ1|CHK|5|2|50|0|0|0|10|0|0|0|1|0
RZ1|6|2|OP06-115|0|43|0|5|0|0|0|0|0
RZ1|CHK|6|2|50|0|0|0|10|0|0|0|1|0
RZ1|7|2|OP16-108|0|34|0|6|0|0|0|0|0
RZ1|CHK|7|2|50|0|0|0|10|0|0|0|1|0
RZ1|8|2|OP09-086|0|11|0|7|0|0|0|0|0
RZ1|CHK|8|2|50|0|0|0|10|0|0|0|1|0
RZ1|9|2|OP16-104|0|30|0|8|0|0|0|0|0
RZ1|CHK|9|2|50|0|0|0|10|0|0|0|1|0
RZ1|10|2|OP12-112|0|27|0|9|0|0|0|0|0
RZ1|CHK|10|2|50|0|0|0|10|0|0|0|1|0
RZ1|11|2|OP16-119|0|39|0|10|0|0|0|0|0
RZ1|CHK|11|2|50|0|0|0|10|0|0|0|1|0
RZ1|12|2|OP09-086|0|15|0|11|0|0|0|0|0
RZ1|CHK|12|2|50|0|0|0|10|0|0|0|1|0
RZ1|13|2|OP09-099|0|47|0|12|0|0|0|0|0
RZ1|CHK|13|2|50|0|0|0|10|0|0|0|1|0
RZ1|14|2|OP09-096|0|44|0|13|0|0|0|0|0
RZ1|CHK|14|2|50|0|0|0|10|0|0|0|1|0
RZ1|15|2|OP16-109|0|24|0|14|0|0|0|0|0
RZ1|CHK|15|2|50|0|0|0|10|0|0|0|1|0
RZ1|16|2|OP16-109|0|24|0|15|0|0|0|0|0
RZ1|CHK|16|2|50|0|0|0|10|0|0|0|1|0
RZ1|17|2|OP16-104|0|33|0|16|0|0|0|0|0
RZ1|CHK|17|2|50|0|0|0|10|0|0|0|1|0
RZ1|18|2|OP09-093|0|24|0|17|0|0|0|0|0
RZ1|CHK|18|2|50|0|0|0|10|0|0|0|1|0
RZ1|19|2|OP16-104|0|33|0|18|0|0|0|0|0
RZ1|CHK|19|2|50|0|0|0|10|0|0|0|1|0
RZ1|20|2|OP12-112|0|32|0|19|0|0|0|0|0
RZ1|CHK|20|2|50|0|0|0|10|0|0|0|1|0
RZ1|21|2|OP16-110|0|30|0|20|0|0|0|0|0
RZ1|CHK|21|2|50|0|0|0|10|0|0|0|1|0
RZ1|22|2|OP09-093|0|25|0|21|0|0|0|0|0
RZ1|CHK|22|2|50|0|0|0|10|0|0|0|1|0
RZ1|23|2|OP16-116|0|46|0|22|0|0|0|0|0
RZ1|CHK|23|2|50|0|0|0|10|0|0|0|1|0
RZ1|24|2|OP16-108|0|40|0|23|0|0|0|0|0
RZ1|CHK|24|2|50|0|0|0|10|0|0|0|1|0
RZ1|25|2|EB04-058|0|38|0|24|0|0|0|0|0
RZ1|CHK|25|2|50|0|0|0|10|0|0|0|1|0
RZ1|26|2|OP09-099|0|48|0|25|0|0|0|0|0
RZ1|CHK|26|2|50|0|0|0|10|0|0|0|1|0
RZ1|27|2|OP09-099|0|49|0|26|0|0|0|0|0
RZ1|CHK|27|2|50|0|0|0|10|0|0|0|1|0
RZ1|28|2|OP09-095|0|29|0|27|0|0|0|0|0
RZ1|CHK|28|2|50|0|0|0|10|0|0|0|1|0
RZ1|29|2|OP16-109|0|34|0|28|0|0|0|0|0
RZ1|CHK|29|2|50|0|0|0|10|0|0|0|1|0
RZ1|30|2|OP16-119|0|44|0|29|0|0|0|0|0
RZ1|CHK|30|2|50|0|0|0|10|0|0|0|1|0
RZ1|31|2|OP16-116|0|49|0|30|0|0|0|0|0
RZ1|CHK|31|2|50|0|0|0|10|0|0|0|1|0
RZ1|32|2|OP16-109|0|36|0|31|0|0|0|0|0
RZ1|CHK|32|2|50|0|0|0|10|0|0|0|1|0
RZ1|33|2|OP16-119|0|47|0|32|0|0|0|0|0
RZ1|CHK|33|2|50|0|0|0|10|0|0|0|1|0
RZ1|34|2|OP09-095|0|34|0|33|0|0|0|0|0
RZ1|CHK|34|2|50|0|0|0|10|0|0|0|1|0
RZ1|35|2|OP16-108|0|45|0|34|0|0|0|0|0
RZ1|CHK|35|2|50|0|0|0|10|0|0|0|1|0
RZ1|36|2|OP16-110|0|41|0|35|0|0|0|0|0
RZ1|CHK|36|2|50|0|0|0|10|0|0|0|1|0
RZ1|37|2|OP16-110|0|40|0|36|0|0|0|0|0
RZ1|CHK|37|2|50|0|0|0|10|0|0|0|1|0
RZ1|38|2|EB04-058|0|44|0|37|0|0|0|0|0
RZ1|CHK|38|2|50|0|0|0|10|0|0|0|1|0
RZ1|39|2|OP16-115|0|49|0|41|0|0|0|0|0
RZ1|CHK|39|2|50|0|0|0|10|0|0|0|1|0
RZ1|40|2|OP16-104|0|44|0|42|0|0|0|0|0
RZ1|CHK|40|2|50|0|0|0|10|0|0|0|1|0
RZ1|41|2|EB04-058|0|46|0|43|0|0|0|0|0
RZ1|CHK|41|2|50|0|0|0|10|0|0|0|1|0
RZ1|42|2|EB04-058|0|46|0|44|0|0|0|0|0
RZ1|CHK|42|2|50|0|0|0|10|0|0|0|1|0
RZ1|43|2|OP16-110|0|46|0|45|0|0|0|0|0
RZ1|CHK|43|2|50|0|0|0|10|0|0|0|1|0
RZ1|44|2|OP16-108|0|47|0|46|0|0|0|0|0
RZ1|CHK|44|2|50|0|0|0|10|0|0|0|1|0
RZ1|45|2|OP09-096|0|49|0|47|0|0|0|0|0
RZ1|CHK|45|2|50|0|0|0|10|0|0|0|1|0
RZ1|46|2|OP16-119|0|49|0|48|0|0|0|0|0
RZ1|CHK|46|2|50|0|0|0|10|0|0|0|1|0
[] Drew card from deck: Streusen ["OP17-050">OP17-050]
RZ1|47|1|OP17-050|0|49|1|0|1|1|0|0|0
RZ1|CHK|47|1|49|1|0|0|10|0|0|0|1|0
[] Drew card from deck: Rocks D. Xebec ["OP17-118">OP17-118]
RZ1|48|1|OP17-118|0|48|1|1|1|1|0|0|0
RZ1|CHK|48|1|48|2|0|0|10|0|0|0|1|0
[] Drew card from deck: Fullalead ["OP17-057">OP17-057]
RZ1|49|1|OP17-057|0|47|1|2|1|1|0|0|0
RZ1|CHK|49|1|47|3|0|0|10|0|0|0|1|0
[] Drew card from deck: Edward Newgate ["OP17-040">OP17-040]
RZ1|50|1|OP17-040|0|46|1|3|1|1|0|0|0
RZ1|CHK|50|1|46|4|0|0|10|0|0|0|1|0
[] Drew card from deck: Rocks D. Xebec ["OP17-118">OP17-118]
RZ1|51|1|OP17-118|0|45|1|4|1|1|0|0|0
RZ1|CHK|51|1|45|5|0|0|10|0|0|0|1|0
[] Drew card from deck: Marshall D. Teach ["OP09-093">OP09-093]
RZ1|52|2|OP09-093|0|49|1|0|1|1|0|0|0
RZ1|CHK|52|2|49|1|0|0|10|0|0|0|1|0
[] Drew card from deck: Marshall D. Teach ["OP16-119">OP16-119]
RZ1|53|2|OP16-119|0|48|1|1|1|1|0|0|0
RZ1|CHK|53|2|48|2|0|0|10|0|0|0|1|0
[] Drew card from deck: This is MY AGE!!!! ["OP09-096">OP09-096]
RZ1|54|2|OP09-096|0|47|1|2|1|1|0|0|0
RZ1|CHK|54|2|47|3|0|0|10|0|0|0|1|0
[] Drew card from deck: Shiryu ["OP16-108">OP16-108]
RZ1|55|2|OP16-108|0|46|1|3|1|1|0|0|0
RZ1|CHK|55|2|46|4|0|0|10|0|0|0|1|0
[] Drew card from deck: Vasco Shot ["OP16-110">OP16-110]
RZ1|56|2|OP16-110|0|45|1|4|1|1|0|0|0
RZ1|CHK|56|2|45|5|0|0|10|0|0|0|1|0
RZ1|57|1|OP17-046|0|44|3|0|1|0|0|0|0
RZ1|CHK|57|1|44|5|0|1|10|0|0|0|1|0
RZ1|58|1|OP17-040|0|43|3|1|1|0|0|0|0
RZ1|CHK|58|1|43|5|0|2|10|0|0|0|1|0
RZ1|59|1|OP17-043|0|42|3|2|1|0|0|0|0
RZ1|CHK|59|1|42|5|0|3|10|0|0|0|1|0
RZ1|60|1|OP17-057|0|41|3|3|1|0|0|0|0
RZ1|CHK|60|1|41|5|0|4|10|0|0|0|1|0
RZ1|61|1|OP17-055|0|40|3|4|1|0|0|0|0
RZ1|CHK|61|1|40|5|0|5|10|0|0|0|1|0
RZ1|62|2|EB04-058|0|44|3|0|0|1|0|0|0
RZ1|CHK|62|2|44|5|0|1|10|0|0|0|1|0
RZ1|63|2|EB04-058|0|43|3|1|0|1|0|0|0
RZ1|CHK|63|2|43|5|0|2|10|0|0|0|1|0
RZ1|64|2|OP16-104|0|42|3|2|0|1|0|0|0
RZ1|CHK|64|2|42|5|0|3|10|0|0|0|1|0
RZ1|65|2|OP16-115|0|41|3|3|0|1|0|0|0
RZ1|CHK|65|2|41|5|0|4|10|0|0|0|1|0
[] Hand: [OP17-050,OP17-118,OP17-057,OP17-040,OP17-118]
[] Board: []
[] Trash: []
[] Life: 5
[] Hand: [OP09-093,OP16-119,OP09-096,OP16-108,OP16-110]
[] Trash: []
[] Board: []
[] Life: 4
RZ1|66|1|Don|4|9|5|0|1|1|0|0|0
RZ1|CHK|66|1|40|5|0|5|9|1|0|0|1|0
[You] Draw 1 Don
RZ1|67|1|Don|5|0|5|0|1|1|1|0|0
RZ1|CHK|67|1|40|5|0|5|9|1|0|0|1|0
[You] Deploy Fullalead ["OP17-057">OP17-057]
RZ1|68|1|OP17-057|1|2|7|0|1|1|0|0|0
RZ1|CHK|68|1|40|4|0|5|9|1|0|1|1|0
[] Hand: [OP17-050,OP17-118,OP17-040,OP17-118]
[] Board: []
[] Trash: []
[] Life: 5
[] Hand: [OP09-093,OP16-119,OP09-096,OP16-108,OP16-110]
[] Trash: []
[] Board: []
[] Life: 4
[You] End Turn
[] Hand: [OP09-093,OP16-119,OP09-096,OP16-108,OP16-110]
[] Board: []
[] Trash: []
[] Life: 4
[] Hand: [OP17-050,OP17-118,OP17-040,OP17-118]
[] Trash: []
[] Board: []
[] Life: 5
[Opponent] Draw 1 Card
[] Drew card from deck: Marshall D. Teach ["OP09-093">OP09-093]
RZ1|69|2|OP09-093|0|40|1|5|1|1|0|0|0
RZ1|CHK|69|2|40|6|0|4|10|0|0|0|1|0
RZ1|70|2|Don|4|9|5|0|1|1|0|0|0
RZ1|CHK|70|2|40|6|0|4|9|1|0|0|1|0
RZ1|71|2|Don|4|8|5|1|1|1|0|0|0
RZ1|CHK|71|2|40|6|0|4|8|2|0|0|1|0
[Opponent] Draw 2 Don
[Opponent] This is MY AGE!!!! ["OP09-096">OP09-096]: Rest 1 Don
RZ1|72|2|Don|5|0|5|0|1|1|1|0|0
RZ1|CHK|72|2|40|6|0|4|8|2|0|0|1|0
RZ1|73|2|OP09-096|1|2|6|0|1|1|0|0|0
RZ1|CHK|73|2|40|5|0|4|8|2|1|0|1|0
RZ1|74|2|OP09-095|0|39|1|5|1|1|0|0|0
RZ1|CHK|74|2|39|6|0|4|8|2|1|0|1|0
[Opponent] This is MY AGE!!!! ["OP09-096">OP09-096]: <b>Reveal and Draw Laffitte ["OP09-095">OP09-095]</b>
[Opponent] This is MY AGE!!!! ["OP09-096">OP09-096]: Trash 2 Remaining Cards
RZ1|75|2|OP09-095|0|38|6|1|1|1|0|0|0
RZ1|CHK|75|2|38|6|0|4|8|2|2|0|1|0
RZ1|76|2|EB04-058|0|37|6|2|1|1|0|0|0
RZ1|CHK|76|2|37|6|0|4|8|2|3|0|1|0
RZ1|77|2|Don|5|1|5|1|1|1|1|0|0
RZ1|CHK|77|2|37|6|0|4|8|2|3|0|1|0
[Opponent] Deploy Vasco Shot ["OP16-110">OP16-110]
RZ1|78|2|OP16-110|1|3|2|0|1|1|0|0|0
RZ1|CHK|78|2|37|5|1|4|8|2|3|0|1|0
[] Hand: [OP09-093,OP16-119,OP16-108,OP09-093,OP09-095]
[] Board: [OP16-110]
[] Trash: [OP09-096,OP09-095,EB04-058]
[] Life: 4
[] Hand: [OP17-050,OP17-118,OP17-040,OP17-118]
[] Trash: []
[] Board: []
[] Life: 5
[Opponent] End Turn
[] Hand: [OP17-050,OP17-118,OP17-040,OP17-118]
[] Board: []
[] Trash: []
[] Life: 5
[] Hand: [OP09-093,OP16-119,OP16-108,OP09-093,OP09-095]
[] Trash: [OP09-096,OP09-095,EB04-058]
[] Board: [OP16-110]
[] Life: 4
[You] Draw 1 Card
[] Drew card from deck: Stussy ["OP17-054">OP17-054]
RZ1|79|1|OP17-054|0|39|1|4|1|1|0|0|0
RZ1|CHK|79|1|39|5|0|5|9|1|0|1|1|0
RZ1|80|1|Don|4|8|5|1|1|1|0|0|0
RZ1|CHK|80|1|39|5|0|5|8|2|0|1|1|0
RZ1|81|1|Don|4|7|5|2|1|1|0|0|0
RZ1|CHK|81|1|39|5|0|5|7|3|0|1|1|0
[You] Draw 2 Don
RZ1|82|1|Don|5|0|5|0|1|1|1|0|0
RZ1|CHK|82|1|39|5|0|5|7|3|0|1|1|0
[You] Deploy Streusen ["OP17-050">OP17-050]
RZ1|83|1|OP17-050|1|0|2|0|1|1|0|0|0
RZ1|CHK|83|1|39|4|1|5|7|3|0|1|1|0
[You] Placing Cards on Top of Deck
RZ1|84|1|OP17-118|0|37|0|38|0|0|0|0|0
RZ1|CHK|84|1|39|4|1|5|7|3|0|1|1|0
RZ1|85|1|OP17-045|0|37|0|38|0|0|0|0|0
RZ1|CHK|85|1|39|4|1|5|7|3|0|1|1|0
[] Drew card from deck: Kyo ["OP17-045">OP17-045]
RZ1|86|1|OP17-045|0|38|1|4|1|1|0|0|0
RZ1|CHK|86|1|38|5|1|5|7|3|0|1|1|0
[You] Streusen ["OP17-050">OP17-050]: Draw 1 Card
RZ1|87|1|Don|5|1|5|1|1|1|1|0|0
RZ1|CHK|87|1|38|5|1|5|7|3|0|1|1|0
RZ1|88|1|Don|5|2|5|2|1|1|1|0|0
RZ1|CHK|88|1|38|5|1|5|7|3|0|1|1|0
[You] Deploy Kyo ["OP17-045">OP17-045]
RZ1|89|1|OP17-045|1|4|2|1|1|1|0|0|0
RZ1|CHK|89|1|38|4|2|5|7|3|0|1|1|0
[] Drew card from deck: Rocks D. Xebec ["OP17-118">OP17-118]
RZ1|90|1|OP17-118|0|37|1|4|1|1|0|0|0
RZ1|CHK|90|1|37|5|2|5|7|3|0|1|1|0
[You] Kyo ["OP17-045">OP17-045]: Draw 1 Card
[You] Rocks D. Xebec ["OP17-039">OP17-039] attacking Marshall D. Teach ["OP16-080">OP16-080]
RZ1|91|1|OP17-054|1|3|6|0|1|1|0|0|0
RZ1|CHK|91|1|37|4|2|5|7|3|1|1|1|0
[You] Rocks D. Xebec ["OP17-039">OP17-039]: Trash Stussy ["OP17-054">OP17-054]
RZ1|92|1|OP17-056|0|36|0|36|0|0|0|0|0
RZ1|CHK|92|1|37|4|2|5|7|3|1|1|1|0
[You] Rocks D. Xebec ["OP17-039">OP17-039] revealed: Rocks Pirates ["OP17-056">OP17-056]
[] Drew card from deck: Rocks Pirates ["OP17-056">OP17-056]
RZ1|93|1|OP17-056|0|36|1|4|1|1|0|0|0
RZ1|CHK|93|1|36|5|2|5|7|3|1|1|1|0
[] Drew card from deck: Gloriosa ["OP17-046">OP17-046]
RZ1|94|1|OP17-046|0|35|1|5|1|1|0|0|0
RZ1|CHK|94|1|35|6|2|5|7|3|1|1|1|0
[You] Rocks D. Xebec ["OP17-039">OP17-039]: Draw 2 Card
Rocks D. Xebec ["OP17-039">OP17-039][5000] vs Marshall D. Teach ["OP16-080">OP16-080][5000]
Marshall D. Teach ["OP16-080">OP16-080] hit for 1 damage
RZ1|95|2|OP16-115|3|3|1|5|1|1|0|0|0
RZ1|CHK|95|2|37|6|1|3|8|2|3|0|1|0
[] Hand: [OP17-118,OP17-040,OP17-118,OP17-118,OP17-056,OP17-046]
[] Board: [OP17-050,OP17-045]
[] Trash: [OP17-054]
[] Life: 5
[] Hand: [OP09-093,OP16-119,OP16-108,OP09-093,OP09-095,OP16-115]
[] Trash: [OP09-096,OP09-095,EB04-058]
[] Board: [OP16-110]
[] Life: 3
[You] End Turn
[] Hand: [OP09-093,OP16-119,OP16-108,OP09-093,OP09-095,OP16-115]
[] Board: [OP16-110]
[] Trash: [OP09-096,OP09-095,EB04-058]
[] Life: 3
[] Hand: [OP17-118,OP17-040,OP17-118,OP17-118,OP17-056,OP17-046]
[] Trash: [OP17-054]
[] Board: [OP17-050,OP17-045]
[] Life: 5
[Opponent] Draw 1 Card
[] Drew card from deck: Vasco Shot ["OP16-110">OP16-110]
RZ1|96|2|OP16-110|0|36|1|6|1|1|0|0|0
RZ1|CHK|96|2|36|7|1|3|8|2|3|0|1|0
RZ1|97|2|Don|4|7|5|2|1|1|0|0|0
RZ1|CHK|97|2|36|7|1|3|7|3|3|0|1|0
RZ1|98|2|Don|4|6|5|3|1|1|0|0|0
RZ1|CHK|98|2|36|7|1|3|6|4|3|0|1|0
[Opponent] Draw 2 Don
[Opponent] Marshall D. Teach ["OP16-080">OP16-080] attacking Rocks D. Xebec ["OP17-039">OP17-039]
[You] Fullalead ["OP17-057">OP17-057]: Rest Fullalead ["OP17-057">OP17-057]
RZ1|99|1|OP17-046|1|5|6|1|1|1|0|0|0
RZ1|CHK|99|1|35|5|2|5|7|3|2|1|1|0
[You] Fullalead ["OP17-057">OP17-057]: Trash Gloriosa ["OP17-046">OP17-046]
[You] Fullalead ["OP17-057">OP17-057]: Buff Rocks D. Xebec ["OP17-039">OP17-039] 1000 for the Combat
Marshall D. Teach ["OP16-080">OP16-080][5000] vs Rocks D. Xebec ["OP17-039">OP17-039][6000]
Attack Fails
RZ1|100|2|Don|5|0|9|0|1|1|0|0|0
RZ1|CHK|100|2|36|7|1|3|6|3|3|0|1|1
RZ1|101|2|Don|5|0|9|1|1|1|0|0|0
RZ1|CHK|101|2|36|7|1|3|6|2|3|0|1|2
RZ1|102|2|Don|5|0|9|2|1|1|0|0|0
RZ1|CHK|102|2|36|7|1|3|6|1|3|0|1|3
[Opponent] Attach 3 Don to Vasco Shot ["OP16-110">OP16-110] (3 Total)
[Opponent] Vasco Shot ["OP16-110">OP16-110] attacking Rocks D. Xebec ["OP17-039">OP17-039]
Vasco Shot ["OP16-110">OP16-110][5000] vs Rocks D. Xebec ["OP17-039">OP17-039][5000]
Rocks D. Xebec ["OP17-039">OP17-039] hit for 1 damage
RZ1|103|1|OP17-055|3|4|1|5|1|1|0|0|0
RZ1|CHK|103|1|35|6|2|4|7|3|2|1|1|0
RZ1|104|2|Don|5|0|5|0|1|1|1|0|0
RZ1|CHK|104|2|36|7|1|3|6|1|3|0|1|3
[Opponent] Deploy Laffitte ["OP09-095">OP09-095]
RZ1|105|2|OP09-095|1|4|2|1|1|1|0|0|0
RZ1|CHK|105|2|36|6|2|3|6|1|3|0|1|3
[] Hand: [OP09-093,OP16-119,OP16-108,OP09-093,OP16-115,OP16-110]
[] Board: [OP16-110,OP09-095]
[] Trash: [OP09-096,OP09-095,EB04-058]
[] Life: 3
[] Hand: [OP17-118,OP17-040,OP17-118,OP17-118,OP17-056,OP17-055]
[] Trash: [OP17-054,OP17-046]
[] Board: [OP17-050,OP17-045]
[] Life: 4
[Opponent] End Turn
[] Hand: [OP17-118,OP17-040,OP17-118,OP17-118,OP17-056,OP17-055]
[] Board: [OP17-050,OP17-045]
[] Trash: [OP17-054,OP17-046]
[] Life: 4
[] Hand: [OP09-093,OP16-119,OP16-108,OP09-093,OP16-115,OP16-110]
[] Trash: [OP09-096,OP09-095,EB04-058]
[] Board: [OP16-110,OP09-095]
[] Life: 3
[You] Draw 1 Card
[] Drew card from deck: Barbell ["OP17-053">OP17-053]
RZ1|106|1|OP17-053|0|34|1|6|1|1|0|0|0
RZ1|CHK|106|1|34|7|2|4|7|3|2|1|1|0
RZ1|107|1|Don|4|6|5|3|1|1|0|0|0
RZ1|CHK|107|1|34|7|2|4|6|4|2|1|1|0
RZ1|108|1|Don|4|5|5|4|1|1|0|0|0
RZ1|CHK|108|1|34|7|2|4|5|5|2|1|1|0
[You] Draw 2 Don
[You] Streusen ["OP17-050">OP17-050] attacking Vasco Shot ["OP16-110">OP16-110]
Streusen ["OP17-050">OP17-050][2000] vs Vasco Shot ["OP16-110">OP16-110][2000]
[Opponent] Vasco Shot ["OP16-110">OP16-110] Destroyed
RZ1|109|2|Don|9|0|5|0|1|1|1|0|0
RZ1|CHK|109|2|36|6|2|3|6|2|3|0|1|2
RZ1|110|2|Don|9|0|5|0|1|1|1|0|0
RZ1|CHK|110|2|36|6|2|3|6|3|3|0|1|1
RZ1|111|2|Don|9|0|5|0|1|1|1|0|0
RZ1|CHK|111|2|36|6|2|3|6|4|3|0|1|0
RZ1|112|2|OP16-110|2|0|6|3|1|1|0|0|0
RZ1|CHK|112|2|36|6|1|3|6|4|4|0|1|0
[] Drew card from deck: Vasco Shot ["OP16-110">OP16-110]
RZ1|113|2|OP16-110|0|35|1|6|1|1|0|0|0
RZ1|CHK|113|2|35|7|1|3|6|4|4|0|1|0
[Opponent] Vasco Shot ["OP16-110">OP16-110]: Draw 1 Card
[Opponent] Vasco Shot ["OP16-110">OP16-110]: Rest Kyo ["OP17-045">OP17-045]
RZ1|114|1|Don|5|0|5|0|1|1|1|0|0
RZ1|CHK|114|1|34|7|2|4|5|5|2|1|1|0
RZ1|115|1|Don|5|1|5|1|1|1|1|0|0
RZ1|CHK|115|1|34|7|2|4|5|5|2|1|1|0
RZ1|116|1|Don|5|2|5|2|1|1|1|0|0
RZ1|CHK|116|1|34|7|2|4|5|5|2|1|1|0
RZ1|117|1|Don|5|3|5|3|1|1|1|0|0
RZ1|CHK|117|1|34|7|2|4|5|5|2|1|1|0
RZ1|118|1|Don|5|4|5|4|1|1|1|0|0
RZ1|CHK|118|1|34|7|2|4|5|5|2|1|1|0
[You] Deploy Barbell ["OP17-053">OP17-053]
RZ1|119|1|OP17-053|1|6|2|2|1|1|0|0|0
RZ1|CHK|119|1|34|6|3|4|5|5|2|1|1|0
[You] Rocks D. Xebec ["OP17-039">OP17-039] attacking Marshall D. Teach ["OP16-080">OP16-080]
RZ1|120|1|OP17-055|1|5|6|2|1|1|0|0|0
RZ1|CHK|120|1|34|5|3|4|5|5|3|1|1|0
[You] Rocks D. Xebec ["OP17-039">OP17-039]: Trash There's No Authority in the World ["OP17-055">OP17-055]
RZ1|121|1|OP17-118|0|33|0|33|0|0|0|0|0
RZ1|CHK|121|1|34|5|3|4|5|5|3|1|1|0
[You] Rocks D. Xebec ["OP17-039">OP17-039] revealed: Rocks D. Xebec ["OP17-118">OP17-118]
[] Drew card from deck: Rocks D. Xebec ["OP17-118">OP17-118]
RZ1|122|1|OP17-118|0|33|1|5|1|1|0|0|0
RZ1|CHK|122|1|33|6|3|4|5|5|3|1|1|0
[] Drew card from deck: Rocks Pirates ["OP17-056">OP17-056]
RZ1|123|1|OP17-056|0|32|1|6|1|1|0|0|0
RZ1|CHK|123|1|32|7|3|4|5|5|3|1|1|0
[You] Rocks D. Xebec ["OP17-039">OP17-039]: Draw 2 Card
Rocks D. Xebec ["OP17-039">OP17-039][5000] vs Marshall D. Teach ["OP16-080">OP16-080][5000]
Marshall D. Teach ["OP16-080">OP16-080] hit for 1 damage
RZ1|124|2|OP16-104|3|2|1|7|1|1|0|0|0
RZ1|CHK|124|2|35|8|1|2|6|4|4|0|1|0
[Opponent] Catarina Devon ["OP16-104">OP16-104]: Activate Trigger
RZ1|125|2|OP16-104|1|7|6|4|1|1|0|0|0
RZ1|CHK|125|2|35|7|1|2|6|4|5|0|1|0
[] Drew card from deck: Shiryu ["OP16-108">OP16-108]
RZ1|126|2|OP16-108|0|34|1|7|1|1|0|0|0
RZ1|CHK|126|2|34|8|1|2|6|4|5|0|1|0
[Opponent] Catarina Devon ["OP16-104">OP16-104]: Draw 1 Card
[Opponent] Catarina Devon ["OP16-104">OP16-104]: Deployed Laffitte ["OP09-095">OP09-095] from Trash
RZ1|127|2|OP09-095|6|1|2|1|1|1|0|0|1
RZ1|CHK|127|2|34|8|2|2|6|4|4|0|1|0
[] Hand: [OP17-118,OP17-040,OP17-118,OP17-118,OP17-056,OP17-118,OP17-056]
[] Board: [OP17-050,OP17-045,OP17-053]
[] Trash: [OP17-054,OP17-046,OP17-055]
[] Life: 4
[] Hand: [OP09-093,OP16-119,OP16-108,OP09-093,OP16-115,OP16-110,OP16-110,OP16-108]
[] Trash: [OP09-096,EB04-058,OP16-110,OP16-104]
[] Board: [OP09-095,OP09-095]
[] Life: 2
[You] End Turn
[] Hand: [OP09-093,OP16-119,OP16-108,OP09-093,OP16-115,OP16-110,OP16-110,OP16-108]
[] Board: [OP09-095,OP09-095]
[] Trash: [OP09-096,EB04-058,OP16-110,OP16-104]
[] Life: 2
[] Hand: [OP17-118,OP17-040,OP17-118,OP17-118,OP17-056,OP17-118,OP17-056]
[] Trash: [OP17-054,OP17-046,OP17-055]
[] Board: [OP17-050,OP17-045,OP17-053]
[] Life: 4
[Opponent] Draw 1 Card
[] Drew card from deck: Laffitte ["OP09-095">OP09-095]
RZ1|128|2|OP09-095|0|33|1|8|1|1|0|0|0
RZ1|CHK|128|2|33|9|2|2|6|4|4|0|1|0
RZ1|129|2|Don|4|5|5|4|1|1|0|0|0
RZ1|CHK|129|2|33|9|2|2|5|5|4|0|1|0
RZ1|130|2|Don|4|4|5|5|1|1|0|0|0
RZ1|CHK|130|2|33|9|2|2|4|6|4|0|1|0
[Opponent] Draw 2 Don
RZ1|131|2|Don|5|0|5|0|1|1|1|0|0
RZ1|CHK|131|2|33|9|2|2|4|6|4|0|1|0
RZ1|132|2|Don|5|1|5|1|1|1|1|0|0
RZ1|CHK|132|2|33|9|2|2|4|6|4|0|1|0
RZ1|133|2|Don|5|2|5|2|1|1|1|0|0
RZ1|CHK|133|2|33|9|2|2|4|6|4|0|1|0
RZ1|134|2|Don|5|3|5|3|1|1|1|0|0
RZ1|CHK|134|2|33|9|2|2|4|6|4|0|1|0
RZ1|135|2|Don|5|4|5|4|1|1|1|0|0
RZ1|CHK|135|2|33|9|2|2|4|6|4|0|1|0
RZ1|136|2|Don|5|5|5|5|1|1|1|0|0
RZ1|CHK|136|2|33|9|2|2|4|6|4|0|1|0
[Opponent] Deploy Shiryu ["OP16-108">OP16-108]
RZ1|137|2|OP16-108|1|2|2|2|1|1|0|0|0
RZ1|CHK|137|2|33|8|3|2|4|6|4|0|1|0
RZ1|138|2|OP09-095|1|7|6|4|1|1|0|0|0
RZ1|CHK|138|2|33|7|3|2|4|6|5|0|1|0
[Opponent] Shiryu ["OP16-108">OP16-108]: Trash Laffitte ["OP09-095">OP09-095]
[Opponent] Marshall D. Teach ["OP16-080">OP16-080] attacking Rocks D. Xebec ["OP17-039">OP17-039]
Marshall D. Teach ["OP16-080">OP16-080][5000] vs Rocks D. Xebec ["OP17-039">OP17-039][5000]
Rocks D. Xebec ["OP17-039">OP17-039] hit for 1 damage
RZ1|139|1|OP17-057|3|3|1|7|1|1|0|0|0
RZ1|CHK|139|1|32|8|3|3|5|5|3|1|1|0
[] Hand: [OP09-093,OP16-119,OP09-093,OP16-115,OP16-110,OP16-110,OP16-108]
[] Board: [OP09-095,OP09-095,OP16-108]
[] Trash: [OP09-096,EB04-058,OP16-110,OP16-104,OP09-095]
[] Life: 2
[] Hand: [OP17-118,OP17-040,OP17-118,OP17-118,OP17-056,OP17-118,OP17-056,OP17-057]
[] Trash: [OP17-054,OP17-046,OP17-055]
[] Board: [OP17-050,OP17-045,OP17-053]
[] Life: 3
[Opponent] End Turn
[] Hand: [OP17-118,OP17-040,OP17-118,OP17-118,OP17-056,OP17-118,OP17-056,OP17-057]
[] Board: [OP17-050,OP17-045,OP17-053]
[] Trash: [OP17-054,OP17-046,OP17-055]
[] Life: 3
[] Hand: [OP09-093,OP16-119,OP09-093,OP16-115,OP16-110,OP16-110,OP16-108]
[] Trash: [OP09-096,EB04-058,OP16-110,OP16-104,OP09-095]
[] Board: [OP09-095,OP09-095,OP16-108]
[] Life: 2
[You] Draw 1 Card
[] Drew card from deck: Don Marlon ["OP17-052">OP17-052]
RZ1|140|1|OP17-052|0|31|1|8|1|1|0|0|0
RZ1|CHK|140|1|31|9|3|3|5|5|3|1|1|0
RZ1|141|1|Don|4|4|5|5|1|1|0|0|0
RZ1|CHK|141|1|31|9|3|3|4|6|3|1|1|0
RZ1|142|1|Don|4|3|5|6|1|1|0|0|0
RZ1|CHK|142|1|31|9|3|3|3|7|3|1|1|0
[You] Draw 2 Don
[You] Rocks D. Xebec ["OP17-039">OP17-039] attacking Marshall D. Teach ["OP16-080">OP16-080]
RZ1|143|1|OP17-057|1|7|6|3|1|1|0|0|0
RZ1|CHK|143|1|31|8|3|3|3|7|4|1|1|0
[You] Rocks D. Xebec ["OP17-039">OP17-039]: Trash Fullalead ["OP17-057">OP17-057]
RZ1|144|1|OP17-050|0|30|0|30|0|0|0|0|0
RZ1|CHK|144|1|31|8|3|3|3|7|4|1|1|0
[You] Rocks D. Xebec ["OP17-039">OP17-039] revealed: Streusen ["OP17-050">OP17-050]
[] Drew card from deck: Streusen ["OP17-050">OP17-050]
RZ1|145|1|OP17-050|0|30|1|8|1|1|0|0|0
RZ1|CHK|145|1|30|9|3|3|3|7|4|1|1|0
[] Drew card from deck: Shiki ["OP17-048">OP17-048]
RZ1|146|1|OP17-048|0|29|1|9|1|1|0|0|0
RZ1|CHK|146|1|29|10|3|3|3|7|4|1|1|0
[You] Rocks D. Xebec ["OP17-039">OP17-039]: Draw 2 Card
[Opponent] Discard Vasco Shot ["OP16-110">OP16-110] for Counter 1000
RZ1|147|2|OP16-110|1|4|6|5|1|1|0|0|0
RZ1|CHK|147|2|33|6|3|2|4|6|6|0|1|0
Rocks D. Xebec ["OP17-039">OP17-039][5000] vs Marshall D. Teach ["OP16-080">OP16-080][6000]
Attack Fails
RZ1|148|1|Don|5|0|5|0|1|1|1|0|0
RZ1|CHK|148|1|29|10|3|3|3|7|4|1|1|0
RZ1|149|1|Don|5|1|5|1|1|1|1|0|0
RZ1|CHK|149|1|29|10|3|3|3|7|4|1|1|0
RZ1|150|1|Don|5|2|5|2|1|1|1|0|0
RZ1|CHK|150|1|29|10|3|3|3|7|4|1|1|0
RZ1|151|1|Don|5|3|5|3|1|1|1|0|0
RZ1|CHK|151|1|29|10|3|3|3|7|4|1|1|0
RZ1|152|1|Don|5|4|5|4|1|1|1|0|0
RZ1|CHK|152|1|29|10|3|3|3|7|4|1|1|0
RZ1|153|1|Don|5|5|5|5|1|1|1|0|0
RZ1|CHK|153|1|29|10|3|3|3|7|4|1|1|0
[You] Deploy Edward Newgate ["OP17-040">OP17-040]
RZ1|154|1|OP17-040|1|1|2|3|1|1|0|0|0
RZ1|CHK|154|1|29|9|4|3|3|7|4|1|1|0
[] Drew card from deck: Captain John ["OP17-044">OP17-044]
RZ1|155|1|OP17-044|0|28|1|9|1|1|0|0|0
RZ1|CHK|155|1|28|10|4|3|3|7|4|1|1|0
[You] Edward Newgate ["OP17-040">OP17-040]: Draw 1 Card
[You] Attach 1 Don to Kyo ["OP17-045">OP17-045] (1 Total)
RZ1|156|1|Don|5|6|9|100|1|1|0|0|0
RZ1|CHK|156|1|28|10|4|3|3|6|4|1|1|1
[You] Kyo ["OP17-045">OP17-045] attacking Marshall D. Teach ["OP16-080">OP16-080]
[Opponent] Discard Vasco Shot ["OP16-110">OP16-110] for Counter 1000
RZ1|157|2|OP16-110|1|4|6|6|1|1|0|0|0
RZ1|CHK|157|2|33|5|3|2|4|6|7|0|1|0
Kyo ["OP17-045">OP17-045][5000] vs Marshall D. Teach ["OP16-080">OP16-080][6000]
Attack Fails
[You] Barbell ["OP17-053">OP17-053] attacking Marshall D. Teach ["OP16-080">OP16-080]
Barbell ["OP17-053">OP17-053][7000] vs Marshall D. Teach ["OP16-080">OP16-080][5000]
Marshall D. Teach ["OP16-080">OP16-080] hit for 1 damage
RZ1|158|2|EB04-058|3|1|1|5|1|1|0|0|0
RZ1|CHK|158|2|33|6|3|1|4|6|7|0|1|0
[] Hand: [OP17-118,OP17-118,OP17-118,OP17-056,OP17-118,OP17-056,OP17-052,OP17-050,OP17-048,OP17-044]
[] Board: [OP17-050,OP17-045,OP17-053,OP17-040]
[] Trash: [OP17-054,OP17-046,OP17-055,OP17-057]
[] Life: 3
[] Hand: [OP09-093,OP16-119,OP09-093,OP16-115,OP16-108,EB04-058]
[] Trash: [OP09-096,EB04-058,OP16-110,OP16-104,OP09-095,OP16-110,OP16-110]
[] Board: [OP09-095,OP09-095,OP16-108]
[] Life: 1
[You] End Turn
[] Hand: [OP09-093,OP16-119,OP09-093,OP16-115,OP16-108,EB04-058]
[] Board: [OP09-095,OP09-095,OP16-108]
[] Trash: [OP09-096,EB04-058,OP16-110,OP16-104,OP09-095,OP16-110,OP16-110]
[] Life: 1
[] Hand: [OP17-118,OP17-118,OP17-118,OP17-056,OP17-118,OP17-056,OP17-052,OP17-050,OP17-048,OP17-044]
[] Trash: [OP17-054,OP17-046,OP17-055,OP17-057]
[] Board: [OP17-050,OP17-045,OP17-053,OP17-040]
[] Life: 3
[Opponent] Draw 1 Card
[] Drew card from deck: Marshall D. Teach ["OP16-119">OP16-119]
RZ1|159|2|OP16-119|0|32|1|6|1|1|0|0|0
RZ1|CHK|159|2|32|7|3|1|4|6|7|0|1|0
RZ1|160|2|Don|4|3|5|6|1|1|0|0|0
RZ1|CHK|160|2|32|7|3|1|3|7|7|0|1|0
RZ1|161|2|Don|4|2|5|7|1|1|0|0|0
RZ1|CHK|161|2|32|7|3|1|2|8|7|0|1|0
[Opponent] Draw 2 Don
[Opponent] Marshall D. Teach ["OP16-080">OP16-080] attacking Rocks D. Xebec ["OP17-039">OP17-039]
[You] Fullalead ["OP17-057">OP17-057]: Rest Fullalead ["OP17-057">OP17-057]
RZ1|162|1|OP17-044|1|9|6|4|1|1|0|0|0
RZ1|CHK|162|1|28|9|4|3|3|6|5|1|1|1
[You] Fullalead ["OP17-057">OP17-057]: Trash Captain John ["OP17-044">OP17-044]
[You] Fullalead ["OP17-057">OP17-057]: Buff Rocks D. Xebec ["OP17-039">OP17-039] 1000 for the Combat
Marshall D. Teach ["OP16-080">OP16-080][5000] vs Rocks D. Xebec ["OP17-039">OP17-039][6000]
Attack Fails
RZ1|163|2|Don|5|0|5|0|1|1|1|0|0
RZ1|CHK|163|2|32|7|3|1|2|8|7|0|1|0
RZ1|164|2|Don|5|1|5|1|1|1|1|0|0
RZ1|CHK|164|2|32|7|3|1|2|8|7|0|1|0
RZ1|165|2|Don|5|2|5|2|1|1|1|0|0
RZ1|CHK|165|2|32|7|3|1|2|8|7|0|1|0
RZ1|166|2|Don|5|3|5|3|1|1|1|0|0
RZ1|CHK|166|2|32|7|3|1|2|8|7|0|1|0
RZ1|167|2|Don|5|4|5|4|1|1|1|0|0
RZ1|CHK|167|2|32|7|3|1|2|8|7|0|1|0
RZ1|168|2|Don|5|5|5|5|1|1|1|0|0
RZ1|CHK|168|2|32|7|3|1|2|8|7|0|1|0
RZ1|169|2|Don|5|6|5|6|1|1|1|0|0
RZ1|CHK|169|2|32|7|3|1|2|8|7|0|1|0
RZ1|170|2|Don|5|7|5|7|1|1|1|0|0
RZ1|CHK|170|2|32|7|3|1|2|8|7|0|1|0
[Opponent] Deploy Marshall D. Teach ["OP16-119">OP16-119]
RZ1|171|2|OP16-119|1|1|2|3|1|1|0|0|0
RZ1|CHK|171|2|32|6|4|1|2|8|7|0|1|0
[Opponent] Marshall D. Teach ["OP16-119">OP16-119]: Added card to top of Life from Hand
RZ1|172|2|OP16-109|0|31|3|1|0|1|0|0|0
RZ1|CHK|172|2|31|6|4|2|2|8|7|0|1|0
[Opponent] Placing Cards on Bottom of Deck
RZ1|173|2|OP16-116|0|30|0|0|0|0|0|0|0
RZ1|CHK|173|2|31|6|4|2|2|8|7|0|1|0
RZ1|174|2|OP16-119|0|30|0|0|0|0|0|0|0
RZ1|CHK|174|2|31|6|4|2|2|8|7|0|1|0
[Opponent] Shiryu ["OP16-108">OP16-108] attacking Rocks D. Xebec ["OP17-039">OP17-039]
RZ1|175|1|OP17-050|1|7|6|5|1|1|0|0|0
RZ1|CHK|175|1|28|8|4|3|3|6|6|1|1|1
[You] Edward Newgate ["OP17-040">OP17-040]: Trash Streusen ["OP17-050">OP17-050]
[You] Edward Newgate ["OP17-040">OP17-040]: Buff Rocks D. Xebec ["OP17-039">OP17-039] 3000 for the Combat
[You] Rocks Pirates ["OP17-056">OP17-056]: Activate Counter
RZ1|176|1|OP17-056|1|5|6|6|1|1|0|0|0
RZ1|CHK|176|1|28|7|4|3|3|6|7|1|1|1
[You] Rocks Pirates ["OP17-056">OP17-056]: Buff Rocks D. Xebec ["OP17-039">OP17-039] 2000 for the Combat
Shiryu ["OP16-108">OP16-108][8000] vs Rocks D. Xebec ["OP17-039">OP17-039][10000]
Attack Fails
[] Hand: [OP09-093,OP09-093,OP16-115,OP16-108,EB04-058,OP16-119]
[] Board: [OP09-095,OP09-095,OP16-108,OP16-119]
[] Trash: [OP09-096,EB04-058,OP16-110,OP16-104,OP09-095,OP16-110,OP16-110]
[] Life: 2
[] Hand: [OP17-118,OP17-118,OP17-118,OP17-056,OP17-118,OP17-052,OP17-048]
[] Trash: [OP17-054,OP17-046,OP17-055,OP17-057,OP17-044,OP17-050,OP17-056]
[] Board: [OP17-050,OP17-045,OP17-053,OP17-040]
[] Life: 3
[Opponent] End Turn
[] Hand: [OP17-118,OP17-118,OP17-118,OP17-056,OP17-118,OP17-052,OP17-048]
[] Board: [OP17-050,OP17-045,OP17-053,OP17-040]
[] Trash: [OP17-054,OP17-046,OP17-055,OP17-057,OP17-044,OP17-050,OP17-056]
[] Life: 3
[] Hand: [OP09-093,OP09-093,OP16-115,OP16-108,EB04-058,OP16-119]
[] Trash: [OP09-096,EB04-058,OP16-110,OP16-104,OP09-095,OP16-110,OP16-110]
[] Board: [OP09-095,OP09-095,OP16-108,OP16-119]
[] Life: 2
RZ1|177|1|Don|9|100|5|0|1|1|1|0|0
RZ1|CHK|177|1|28|7|4|3|3|7|7|1|1|0
[You] Draw 1 Card
[] Drew card from deck: There's No Authority in the World ["OP17-055">OP17-055]
RZ1|178|1|OP17-055|0|27|1|7|1|1|0|0|0
RZ1|CHK|178|1|27|8|4|3|3|7|7|1|1|0
RZ1|179|1|Don|4|2|5|7|1|1|0|0|0
RZ1|CHK|179|1|27|8|4|3|2|8|7|1|1|0
RZ1|180|1|Don|4|1|5|8|1|1|0|0|0
RZ1|CHK|180|1|27|8|4|3|1|9|7|1|1|0
[You] Draw 2 Don
RZ1|181|1|Don|5|0|5|0|1|1|1|0|0
RZ1|CHK|181|1|27|8|4|3|1|9|7|1|1|0
RZ1|182|1|Don|5|1|5|1|1|1|1|0|0
RZ1|CHK|182|1|27|8|4|3|1|9|7|1|1|0
RZ1|183|1|Don|5|2|5|2|1|1|1|0|0
RZ1|CHK|183|1|27|8|4|3|1|9|7|1|1|0
RZ1|184|1|Don|5|3|5|3|1|1|1|0|0
RZ1|CHK|184|1|27|8|4|3|1|9|7|1|1|0
RZ1|185|1|Don|5|4|5|4|1|1|1|0|0
RZ1|CHK|185|1|27|8|4|3|1|9|7|1|1|0
RZ1|186|1|Don|5|5|5|5|1|1|1|0|0
RZ1|CHK|186|1|27|8|4|3|1|9|7|1|1|0
RZ1|187|1|Don|5|6|5|6|1|1|1|0|0
RZ1|CHK|187|1|27|8|4|3|1|9|7|1|1|0
[You] Deploy Shiki ["OP17-048">OP17-048]
RZ1|188|1|OP17-048|1|6|2|4|1|1|0|0|0
RZ1|CHK|188|1|27|7|5|3|1|9|7|1|1|0
[You] Shiki ["OP17-048">OP17-048] attacking Shiryu ["OP16-108">OP16-108]
RZ1|189|1|OP17-052|1|5|6|7|1|1|0|0|0
RZ1|CHK|189|1|27|6|5|3|1|9|8|1|1|0
[You] Shiki ["OP17-048">OP17-048]: Trash Don Marlon ["OP17-052">OP17-052]
[You] Shiki ["OP17-048">OP17-048]: Buff Shiryu ["OP16-108">OP16-108] -3000
Shiki ["OP17-048">OP17-048][9000] vs Shiryu ["OP16-108">OP16-108][5000]
[Opponent] Shiryu ["OP16-108">OP16-108] Destroyed
RZ1|190|2|OP16-108|2|2|6|7|1|1|0|0|0
RZ1|CHK|190|2|31|6|3|2|2|8|8|0|1|0
[You] Attach 1 Don to Kyo ["OP17-045">OP17-045] (1 Total)
RZ1|191|1|Don|5|8|9|100|1|1|0|0|0
RZ1|CHK|191|1|27|6|5|3|1|8|8|1|1|1
[You] Kyo ["OP17-045">OP17-045] attacking Marshall D. Teach ["OP16-080">OP16-080]
[Opponent] Discard Borsalino ["EB04-058">EB04-058] for Counter 1000
RZ1|192|2|EB04-058|1|4|6|8|1|1|0|0|0
RZ1|CHK|192|2|31|5|3|2|2|8|9|0|1|0
Kyo ["OP17-045">OP17-045][5000] vs Marshall D. Teach ["OP16-080">OP16-080][6000]
Attack Fails
[You] Barbell ["OP17-053">OP17-053] attacking Marshall D. Teach ["OP16-080">OP16-080]
Barbell ["OP17-053">OP17-053][7000] vs Marshall D. Teach ["OP16-080">OP16-080][5000]
Marshall D. Teach ["OP16-080">OP16-080] hit for 1 damage
RZ1|193|2|OP16-109|3|1|1|5|1|1|0|0|0
RZ1|CHK|193|2|31|6|3|1|2|8|9|0|1|0
[Opponent] Doc Q ["OP16-109">OP16-109]: Activate Trigger
RZ1|194|2|OP16-109|1|5|6|9|1|1|0|0|0
RZ1|CHK|194|2|31|5|3|1|2|8|10|0|1|0
[] Drew card from deck: Doc Q ["OP16-109">OP16-109]
RZ1|195|2|OP16-109|0|30|1|5|1|1|0|0|0
RZ1|CHK|195|2|30|6|3|1|2|8|10|0|1|0
[Opponent] Doc Q ["OP16-109">OP16-109]: Draw 1 Card
[You] Edward Newgate ["OP17-040">OP17-040] attacking Marshall D. Teach ["OP16-080">OP16-080]
Edward Newgate ["OP17-040">OP17-040][8000] vs Marshall D. Teach ["OP16-080">OP16-080][5000]
Marshall D. Teach ["OP16-080">OP16-080] hit for 1 damage
RZ1|196|2|EB04-058|3|0|1|6|1|1|0|0|0
RZ1|CHK|196|2|30|7|3|0|2|8|10|0|1|0
[You] Attach 1 Don to Rocks D. Xebec ["OP17-039">OP17-039] (1 Total)
RZ1|197|1|Don|5|7|9|9900|1|1|0|0|0
RZ1|CHK|197|1|27|6|5|3|1|7|8|1|1|2
[You] Rocks D. Xebec ["OP17-039">OP17-039] attacking Marshall D. Teach ["OP16-080">OP16-080]
RZ1|198|1|OP17-056|1|3|6|8|1|1|0|0|0
RZ1|CHK|198|1|27|5|5|3|1|7|9|1|1|2
[You] Edward Newgate ["OP17-040">OP17-040]: Trash Rocks Pirates ["OP17-056">OP17-056]
[You] Edward Newgate ["OP17-040">OP17-040]: Buff Rocks D. Xebec ["OP17-039">OP17-039] 3000 for the Combat
RZ1|199|1|OP17-055|1|4|6|9|1|1|0|0|0
RZ1|CHK|199|1|27|4|5|3|1|7|10|1|1|2
[You] Rocks D. Xebec ["OP17-039">OP17-039]: Trash There's No Authority in the World ["OP17-055">OP17-055]
RZ1|200|1|OP17-049|0|26|0|26|0|0|0|0|0
RZ1|CHK|200|1|27|4|5|3|1|7|10|1|1|2
[You] Rocks D. Xebec ["OP17-039">OP17-039] revealed: Charlotte Linlin ["OP17-049">OP17-049]
[] Drew card from deck: Charlotte Linlin ["OP17-049">OP17-049]
RZ1|201|1|OP17-049|0|26|1|4|1|1|0|0|0
RZ1|CHK|201|1|26|5|5|3|1|7|10|1|1|2
[] Drew card from deck: Fullalead ["OP17-057">OP17-057]
RZ1|202|1|OP17-057|0|25|1|5|1|1|0|0|0
RZ1|CHK|202|1|25|6|5|3|1|7|10|1|1|2
[You] Rocks D. Xebec ["OP17-039">OP17-039]: Draw 2 Card
RZ1|203|2|OP16-115|1|2|6|10|1|1|0|0|0
RZ1|CHK|203|2|30|6|3|0|2|8|11|0|1|0
[Opponent] Marshall D. Teach ["OP16-080">OP16-080]: Trash Black Vortex ["OP16-115">OP16-115]
[Opponent] Marshall D. Teach ["OP16-080">OP16-080]: Target of Attack changed to Marshall D. Teach ["OP16-119">OP16-119]
Rocks D. Xebec ["OP17-039">OP17-039][9000] vs Marshall D. Teach ["OP16-119">OP16-119][10000]
Attack Fails
[] Hand: [OP17-118,OP17-118,OP17-118,OP17-118,OP17-049,OP17-057]
[] Board: [OP17-050,OP17-045,OP17-053,OP17-040,OP17-048]
[] Trash: [OP17-054,OP17-046,OP17-055,OP17-057,OP17-044,OP17-050,OP17-056,OP17-052,OP17-056,OP17-055]
[] Life: 3
[] Hand: [OP09-093,OP09-093,OP16-108,OP16-119,OP16-109,EB04-058]
[] Trash: [OP09-096,EB04-058,OP16-110,OP16-104,OP09-095,OP16-110,OP16-110,OP16-108,EB04-058,OP16-109,OP16-115]
[] Board: [OP09-095,OP09-095,OP16-119]
[] Life: 0
[You] End Turn
[] Hand: [OP09-093,OP09-093,OP16-108,OP16-119,OP16-109,EB04-058]
[] Board: [OP09-095,OP09-095,OP16-119]
[] Trash: [OP09-096,EB04-058,OP16-110,OP16-104,OP09-095,OP16-110,OP16-110,OP16-108,EB04-058,OP16-109,OP16-115]
[] Life: 0
[] Hand: [OP17-118,OP17-118,OP17-118,OP17-118,OP17-049,OP17-057]
[] Trash: [OP17-054,OP17-046,OP17-055,OP17-057,OP17-044,OP17-050,OP17-056,OP17-052,OP17-056,OP17-055]
[] Board: [OP17-050,OP17-045,OP17-053,OP17-040,OP17-048]
[] Life: 3
[Opponent] Draw 1 Card
[] Drew card from deck: Laffitte ["OP09-095">OP09-095]
RZ1|204|2|OP09-095|0|29|1|6|1|1|0|0|0
RZ1|CHK|204|2|29|7|3|0|2|8|11|0|1|0
RZ1|205|2|Don|4|1|5|8|1|1|0|0|0
RZ1|CHK|205|2|29|7|3|0|1|9|11|0|1|0
RZ1|206|2|Don|4|0|5|9|1|1|0|0|0
RZ1|CHK|206|2|29|7|3|0|0|10|11|0|1|0
[Opponent] Draw 2 Don
[Opponent] Marshall D. Teach ["OP16-080">OP16-080] attacking Rocks D. Xebec ["OP17-039">OP17-039]
[You] Fullalead ["OP17-057">OP17-057]: Rest Fullalead ["OP17-057">OP17-057]
RZ1|207|1|OP17-057|1|5|6|10|1|1|0|0|0
RZ1|CHK|207|1|25|5|5|3|1|7|11|1|1|2
[You] Fullalead ["OP17-057">OP17-057]: Trash Fullalead ["OP17-057">OP17-057]
[You] Fullalead ["OP17-057">OP17-057]: Buff Rocks D. Xebec ["OP17-039">OP17-039] 1000 for the Combat
Marshall D. Teach ["OP16-080">OP16-080][5000] vs Rocks D. Xebec ["OP17-039">OP17-039][6000]
Attack Fails
RZ1|208|2|Don|5|0|5|0|1|1|1|0|0
RZ1|CHK|208|2|29|7|3|0|0|10|11|0|1|0
RZ1|209|2|Don|5|1|5|1|1|1|1|0|0
RZ1|CHK|209|2|29|7|3|0|0|10|11|0|1|0
RZ1|210|2|Don|5|2|5|2|1|1|1|0|0
RZ1|CHK|210|2|29|7|3|0|0|10|11|0|1|0
RZ1|211|2|Don|5|3|5|3|1|1|1|0|0
RZ1|CHK|211|2|29|7|3|0|0|10|11|0|1|0
RZ1|212|2|Don|5|4|5|4|1|1|1|0|0
RZ1|CHK|212|2|29|7|3|0|0|10|11|0|1|0
RZ1|213|2|Don|5|5|5|5|1|1|1|0|0
RZ1|CHK|213|2|29|7|3|0|0|10|11|0|1|0
RZ1|214|2|Don|5|6|5|6|1|1|1|0|0
RZ1|CHK|214|2|29|7|3|0|0|10|11|0|1|0
RZ1|215|2|Don|5|7|5|7|1|1|1|0|0
RZ1|CHK|215|2|29|7|3|0|0|10|11|0|1|0
RZ1|216|2|Don|5|8|5|8|1|1|1|0|0
RZ1|CHK|216|2|29|7|3|0|0|10|11|0|1|0
RZ1|217|2|Don|5|9|5|9|1|1|1|0|0
RZ1|CHK|217|2|29|7|3|0|0|10|11|0|1|0
[Opponent] Deploy Marshall D. Teach ["OP09-093">OP09-093]
RZ1|218|2|OP09-093|1|0|2|3|1|1|0|0|0
RZ1|CHK|218|2|29|6|4|0|0|10|11|0|1|0
[Opponent] Marshall D. Teach ["OP16-119">OP16-119] attacking Shiki ["OP17-048">OP17-048]
RZ1|219|1|OP17-049|1|4|6|11|1|1|0|0|0
RZ1|CHK|219|1|25|4|5|3|1|7|12|1|1|2
[You] Shiki ["OP17-048">OP17-048]: Trash Charlotte Linlin ["OP17-049">OP17-049]
[You] Shiki ["OP17-048">OP17-048]: Buff Marshall D. Teach ["OP16-119">OP16-119] -3000
Marshall D. Teach ["OP16-119">OP16-119][7000] vs Shiki ["OP17-048">OP17-048][9000]
Attack Fails
[Opponent] Marshall D. Teach ["OP09-093">OP09-093]: Nullify effects of Rocks D. Xebec ["OP17-039">OP17-039]
[Opponent] Marshall D. Teach ["OP09-093">OP09-093]: Shiki ["OP17-048">OP17-048] can't attack next turn
[Opponent] Marshall D. Teach ["OP09-093">OP09-093]: Nullify effects of Shiki ["OP17-048">OP17-048] until next turn end!
[Opponent] Rocks D. Xebec ["OP17-039">OP17-039] no longer nullified
[] Hand: [OP09-093,OP16-108,OP16-119,OP16-109,EB04-058,OP09-095]
[] Board: [OP09-095,OP09-095,OP16-119,OP09-093]
[] Trash: [OP09-096,EB04-058,OP16-110,OP16-104,OP09-095,OP16-110,OP16-110,OP16-108,EB04-058,OP16-109,OP16-115]
[] Life: 0
[] Hand: [OP17-118,OP17-118,OP17-118,OP17-118]
[] Trash: [OP17-054,OP17-046,OP17-055,OP17-057,OP17-044,OP17-050,OP17-056,OP17-052,OP17-056,OP17-055,OP17-057,OP17-049]
[] Board: [OP17-050,OP17-045,OP17-053,OP17-040,OP17-048]
[] Life: 3
[Opponent] End Turn
[] Hand: [OP17-118,OP17-118,OP17-118,OP17-118]
[] Board: [OP17-050,OP17-045,OP17-053,OP17-040,OP17-048]
[] Trash: [OP17-054,OP17-046,OP17-055,OP17-057,OP17-044,OP17-050,OP17-056,OP17-052,OP17-056,OP17-055,OP17-057,OP17-049]
[] Life: 3
[] Hand: [OP09-093,OP16-108,OP16-119,OP16-109,EB04-058,OP09-095]
[] Trash: [OP09-096,EB04-058,OP16-110,OP16-104,OP09-095,OP16-110,OP16-110,OP16-108,EB04-058,OP16-109,OP16-115]
[] Board: [OP09-095,OP09-095,OP16-119,OP09-093]
[] Life: 0
RZ1|220|1|Don|9|9900|5|0|1|1|1|0|0
RZ1|CHK|220|1|25|4|5|3|1|8|12|1|1|1
RZ1|221|1|Don|9|100|5|0|1|1|1|0|0
RZ1|CHK|221|1|25|4|5|3|1|9|12|1|1|0
[You] Draw 1 Card
[] Drew card from deck: There's No Authority in the World ["OP17-055">OP17-055]
RZ1|222|1|OP17-055|0|24|1|4|1|1|0|0|0
RZ1|CHK|222|1|24|5|5|3|1|9|12|1|1|0
RZ1|223|1|Don|4|0|5|9|1|1|0|0|0
RZ1|CHK|223|1|24|5|5|3|0|10|12|1|1|0
[You] Draw 2 Don
[You] Attach 1 Don to Kyo ["OP17-045">OP17-045] (1 Total)
RZ1|224|1|Don|5|9|9|100|1|1|0|0|0
RZ1|CHK|224|1|24|5|5|3|0|9|12|1|1|1
[You] Attach 1 Don to Kyo ["OP17-045">OP17-045] (2 Total)
RZ1|225|1|Don|5|8|9|101|1|1|0|0|0
RZ1|CHK|225|1|24|5|5|3|0|8|12|1|1|2
[You] Kyo ["OP17-045">OP17-045] attacking Marshall D. Teach ["OP16-080">OP16-080]
RZ1|226|2|OP16-108|1|1|6|11|1|1|0|0|0
RZ1|CHK|226|2|29|5|4|0|0|10|12|0|1|0
[Opponent] Marshall D. Teach ["OP16-080">OP16-080]: Trash Shiryu ["OP16-108">OP16-108]
[Opponent] Marshall D. Teach ["OP16-080">OP16-080]: Target of Attack changed to Marshall D. Teach ["OP09-093">OP09-093]
Kyo ["OP17-045">OP17-045][6000] vs Marshall D. Teach ["OP09-093">OP09-093][12000]
Attack Fails
[You] Attach 1 Don to Barbell ["OP17-053">OP17-053] (1 Total)
RZ1|227|1|Don|5|7|9|200|1|1|0|0|0
RZ1|CHK|227|1|24|5|5|3|0|7|12|1|1|3
[You] Attach 1 Don to Barbell ["OP17-053">OP17-053] (2 Total)
RZ1|228|1|Don|5|6|9|201|1|1|0|0|0
RZ1|CHK|228|1|24|5|5|3|0|6|12|1|1|4
[You] Barbell ["OP17-053">OP17-053] attacking Marshall D. Teach ["OP16-080">OP16-080]
Barbell ["OP17-053">OP17-053][9000] vs Marshall D. Teach ["OP16-080">OP16-080][5000]
Marshall D. Teach ["OP16-080">OP16-080] hit for 1 damage
[Opponent] <b>Downloaded the Combat Log!</b>
GameOver
