Version is 1.42c.22
[You] Leader is Rocks D. Xebec ["OP17-039">OP17-039]
RZ1|HDR|1.42c|2|RZ1
RZ1|PLY|1||OP17-039
RZ1|PLY|2||
[Opponent] Leader is Monkey D. Luffy ["OP13-001">OP13-001]
RZ1|1|2|ST31-005|0|46|0|0|0|0|0|0|0
RZ1|CHK|1|2|50|0|0|0|10|0|0|0|1|0
RZ1|2|2|EB04-007|0|7|0|1|0|0|0|0|0
RZ1|CHK|2|2|50|0|0|0|10|0|0|0|1|0
RZ1|3|2|OP13-037|0|22|0|2|0|0|0|0|0
RZ1|CHK|3|2|50|0|0|0|10|0|0|0|1|0
RZ1|4|2|OP01-016|0|4|0|3|0|0|0|0|0
RZ1|CHK|4|2|50|0|0|0|10|0|0|0|1|0
RZ1|5|2|EB04-007|0|10|0|4|0|0|0|0|0
RZ1|CHK|5|2|50|0|0|0|10|0|0|0|1|0
RZ1|6|2|ST31-005|0|49|0|5|0|0|0|0|0
RZ1|CHK|6|2|50|0|0|0|10|0|0|0|1|0
RZ1|7|2|ST31-005|0|49|0|6|0|0|0|0|0
RZ1|CHK|7|2|50|0|0|0|10|0|0|0|1|0
RZ1|8|2|OP13-040|0|44|0|8|0|0|0|0|0
RZ1|CHK|8|2|50|0|0|0|10|0|0|0|1|0
RZ1|9|2|ST21-003|0|11|0|9|0|0|0|0|0
RZ1|CHK|9|2|50|0|0|0|10|0|0|0|1|0
RZ1|10|2|OP13-118|0|40|0|10|0|0|0|0|0
RZ1|CHK|10|2|50|0|0|0|10|0|0|0|1|0
RZ1|11|2|OP13-037|0|26|0|11|0|0|0|0|0
RZ1|CHK|11|2|50|0|0|0|10|0|0|0|1|0
RZ1|12|2|OP16-004|0|17|0|12|0|0|0|0|0
RZ1|CHK|12|2|50|0|0|0|10|0|0|0|1|0
RZ1|13|2|OP14-031|0|32|0|13|0|0|0|0|0
RZ1|CHK|13|2|50|0|0|0|10|0|0|0|1|0
RZ1|14|2|OP15-035|0|27|0|14|0|0|0|0|0
RZ1|CHK|14|2|50|0|0|0|10|0|0|0|1|0
RZ1|15|2|OP13-040|0|42|0|15|0|0|0|0|0
RZ1|CHK|15|2|50|0|0|0|10|0|0|0|1|0
RZ1|16|2|OP13-027|0|38|0|16|0|0|0|0|0
RZ1|CHK|16|2|50|0|0|0|10|0|0|0|1|0
RZ1|17|2|OP13-118|0|41|0|17|0|0|0|0|0
RZ1|CHK|17|2|50|0|0|0|10|0|0|0|1|0
RZ1|18|2|EB02-017|0|25|0|18|0|0|0|0|0
RZ1|CHK|18|2|50|0|0|0|10|0|0|0|1|0
RZ1|19|2|EB04-007|0|22|0|19|0|0|0|0|0
RZ1|CHK|19|2|50|0|0|0|10|0|0|0|1|0
RZ1|20|2|OP13-040|0|43|0|20|0|0|0|0|0
RZ1|CHK|20|2|50|0|0|0|10|0|0|0|1|0
RZ1|21|2|OP05-038|0|47|0|21|0|0|0|0|0
RZ1|CHK|21|2|50|0|0|0|10|0|0|0|1|0
RZ1|22|2|OP14-022|0|37|0|22|0|0|0|0|0
RZ1|CHK|22|2|50|0|0|0|10|0|0|0|1|0
RZ1|23|2|OP15-035|0|32|0|23|0|0|0|0|0
RZ1|CHK|23|2|50|0|0|0|10|0|0|0|1|0
RZ1|24|2|OP16-004|0|29|0|24|0|0|0|0|0
RZ1|CHK|24|2|50|0|0|0|10|0|0|0|1|0
RZ1|25|2|OP16-004|0|29|0|25|0|0|0|0|0
RZ1|CHK|25|2|50|0|0|0|10|0|0|0|1|0
RZ1|26|2|OP14-022|0|35|0|26|0|0|0|0|0
RZ1|CHK|26|2|50|0|0|0|10|0|0|0|1|0
RZ1|27|2|OP14-031|0|38|0|27|0|0|0|0|0
RZ1|CHK|27|2|50|0|0|0|10|0|0|0|1|0
RZ1|28|2|ST31-005|0|49|0|28|0|0|0|0|0
RZ1|CHK|28|2|50|0|0|0|10|0|0|0|1|0
RZ1|29|2|OP01-016|0|30|0|29|0|0|0|0|0
RZ1|CHK|29|2|50|0|0|0|10|0|0|0|1|0
RZ1|30|2|OP14-022|0|39|0|30|0|0|0|0|0
RZ1|CHK|30|2|50|0|0|0|10|0|0|0|1|0
RZ1|31|2|EB02-017|0|36|0|31|0|0|0|0|0
RZ1|CHK|31|2|50|0|0|0|10|0|0|0|1|0
RZ1|32|2|OP15-032|0|45|0|32|0|0|0|0|0
RZ1|CHK|32|2|50|0|0|0|10|0|0|0|1|0
RZ1|33|2|OP14-031|0|41|0|33|0|0|0|0|0
RZ1|CHK|33|2|50|0|0|0|10|0|0|0|1|0
RZ1|34|2|EB02-017|0|38|0|34|0|0|0|0|0
RZ1|CHK|34|2|50|0|0|0|10|0|0|0|1|0
RZ1|35|2|OP05-038|0|47|0|35|0|0|0|0|0
RZ1|CHK|35|2|50|0|0|0|10|0|0|0|1|0
RZ1|36|2|OP13-037|0|41|0|36|0|0|0|0|0
RZ1|CHK|36|2|50|0|0|0|10|0|0|0|1|0
RZ1|37|2|OP13-027|0|44|0|37|0|0|0|0|0
RZ1|CHK|37|2|50|0|0|0|10|0|0|0|1|0
RZ1|38|2|OP15-035|0|42|0|38|0|0|0|0|0
RZ1|CHK|38|2|50|0|0|0|10|0|0|0|1|0
RZ1|39|2|OP14-022|0|43|0|39|0|0|0|0|0
RZ1|CHK|39|2|50|0|0|0|10|0|0|0|1|0
RZ1|40|2|OP13-027|0|45|0|40|0|0|0|0|0
RZ1|CHK|40|2|50|0|0|0|10|0|0|0|1|0
RZ1|41|2|OP13-027|0|45|0|41|0|0|0|0|0
RZ1|CHK|41|2|50|0|0|0|10|0|0|0|1|0
RZ1|42|2|OP05-038|0|48|0|42|0|0|0|0|0
RZ1|CHK|42|2|50|0|0|0|10|0|0|0|1|0
RZ1|43|2|OP10-011|0|44|0|43|0|0|0|0|0
RZ1|CHK|43|2|50|0|0|0|10|0|0|0|1|0
RZ1|44|2|EB04-007|0|45|0|44|0|0|0|0|0
RZ1|CHK|44|2|50|0|0|0|10|0|0|0|1|0
RZ1|45|2|OP13-118|0|47|0|45|0|0|0|0|0
RZ1|CHK|45|2|50|0|0|0|10|0|0|0|1|0
RZ1|46|2|OP05-038|0|49|0|46|0|0|0|0|0
RZ1|CHK|46|2|50|0|0|0|10|0|0|0|1|0
RZ1|47|2|EB02-017|0|48|0|47|0|0|0|0|0
RZ1|CHK|47|2|50|0|0|0|10|0|0|0|1|0
[] Drew card from deck: Charlotte Linlin ["OP17-049">OP17-049]
RZ1|48|1|OP17-049|0|49|1|0|1|1|0|0|0
RZ1|CHK|48|1|49|1|0|0|10|0|0|0|1|0
[] Drew card from deck: Stussy ["OP17-054">OP17-054]
RZ1|49|1|OP17-054|0|48|1|1|1|1|0|0|0
RZ1|CHK|49|1|48|2|0|0|10|0|0|0|1|0
[] Drew card from deck: Streusen ["OP17-050">OP17-050]
RZ1|50|1|OP17-050|0|47|1|2|1|1|0|0|0
RZ1|CHK|50|1|47|3|0|0|10|0|0|0|1|0
[] Drew card from deck: Streusen ["OP17-050">OP17-050]
RZ1|51|1|OP17-050|0|46|1|3|1|1|0|0|0
RZ1|CHK|51|1|46|4|0|0|10|0|0|0|1|0
[] Drew card from deck: Charlotte Linlin ["OP17-049">OP17-049]
RZ1|52|1|OP17-049|0|45|1|4|1|1|0|0|0
RZ1|CHK|52|1|45|5|0|0|10|0|0|0|1|0
[] Drew card from deck: I Know You're Strong... So I'll Go All Out ["OP13-040">OP13-040]
RZ1|53|2|OP13-040|0|49|1|0|1|1|0|0|0
RZ1|CHK|53|2|49|1|0|0|10|0|0|0|1|0
[] Drew card from deck: Nami ["OP01-016">OP01-016]
RZ1|54|2|OP01-016|0|48|1|1|1|1|0|0|0
RZ1|CHK|54|2|48|2|0|0|10|0|0|0|1|0
[] Drew card from deck: Nami ["EB02-017">EB02-017]
RZ1|55|2|EB02-017|0|47|1|2|1|1|0|0|0
RZ1|CHK|55|2|47|3|0|0|10|0|0|0|1|0
[] Drew card from deck: Charlestone ["OP05-038">OP05-038]
RZ1|56|2|OP05-038|0|46|1|3|1|1|0|0|0
RZ1|CHK|56|2|46|4|0|0|10|0|0|0|1|0
[] Drew card from deck: Monkey D. Luffy ["OP13-118">OP13-118]
RZ1|57|2|OP13-118|0|45|1|4|1|1|0|0|0
RZ1|CHK|57|2|45|5|0|0|10|0|0|0|1|0
RZ1|58|1|OP17-056|0|44|3|0|1|0|0|0|0
RZ1|CHK|58|1|44|5|0|1|10|0|0|0|1|0
RZ1|59|1|OP17-054|0|43|3|1|1|0|0|0|0
RZ1|CHK|59|1|43|5|0|2|10|0|0|0|1|0
RZ1|60|1|OP17-046|0|42|3|2|1|0|0|0|0
RZ1|CHK|60|1|42|5|0|3|10|0|0|0|1|0
RZ1|61|1|OP17-046|0|41|3|3|1|0|0|0|0
RZ1|CHK|61|1|41|5|0|4|10|0|0|0|1|0
RZ1|62|1|OP17-046|0|40|3|4|1|0|0|0|0
RZ1|CHK|62|1|40|5|0|5|10|0|0|0|1|0
RZ1|63|2|EB04-007|0|44|3|0|0|1|0|0|0
RZ1|CHK|63|2|44|5|0|1|10|0|0|0|1|0
RZ1|64|2|OP10-011|0|43|3|1|0|1|0|0|0
RZ1|CHK|64|2|43|5|0|2|10|0|0|0|1|0
RZ1|65|2|OP05-038|0|42|3|2|0|1|0|0|0
RZ1|CHK|65|2|42|5|0|3|10|0|0|0|1|0
RZ1|66|2|OP13-027|0|41|3|3|0|1|0|0|0
RZ1|CHK|66|2|41|5|0|4|10|0|0|0|1|0
[] Hand: [OP17-049,OP17-054,OP17-050,OP17-050,OP17-049]
[] Board: []
[] Trash: []
[] Life: 5
[] Hand: [OP13-040,OP01-016,EB02-017,OP05-038,OP13-118]
[] Trash: []
[] Board: []
[] Life: 4
RZ1|67|1|Don|4|9|5|0|1|1|0|0|0
RZ1|CHK|67|1|40|5|0|5|9|1|0|0|1|0
[You] Draw 1 Don
RZ1|68|1|Don|5|0|5|0|1|1|1|0|0
RZ1|CHK|68|1|40|5|0|5|9|1|0|0|1|0
[You] Deploy Streusen ["OP17-050">OP17-050]
RZ1|69|1|OP17-050|1|2|2|0|1|1|0|0|0
RZ1|CHK|69|1|40|4|1|5|9|1|0|0|1|0
[You] Placing Cards on Top of Deck
RZ1|70|1|OP08-051|0|38|0|39|0|0|0|0|0
RZ1|CHK|70|1|40|4|1|5|9|1|0|0|1|0
RZ1|71|1|OP17-057|0|38|0|39|0|0|0|0|0
RZ1|CHK|71|1|40|4|1|5|9|1|0|0|1|0
[] Drew card from deck: Fullalead ["OP17-057">OP17-057]
RZ1|72|1|OP17-057|0|39|1|4|1|1|0|0|0
RZ1|CHK|72|1|39|5|1|5|9|1|0|0|1|0
[You] Streusen ["OP17-050">OP17-050]: Draw 1 Card
[] Hand: [OP17-049,OP17-054,OP17-050,OP17-049,OP17-057]
[] Board: [OP17-050]
[] Trash: []
[] Life: 5
[] Hand: [OP13-040,OP01-016,EB02-017,OP05-038,OP13-118]
[] Trash: []
[] Board: []
[] Life: 4
[You] End Turn
[] Hand: [OP13-040,OP01-016,EB02-017,OP05-038,OP13-118]
[] Board: []
[] Trash: []
[] Life: 4
[] Hand: [OP17-049,OP17-054,OP17-050,OP17-049,OP17-057]
[] Trash: []
[] Board: [OP17-050]
[] Life: 5
[Opponent] Draw 1 Card
[] Drew card from deck: Sanji ["OP13-027">OP13-027]
RZ1|73|2|OP13-027|0|40|1|5|1|1|0|0|0
RZ1|CHK|73|2|40|6|0|4|10|0|0|0|1|0
RZ1|74|2|Don|4|9|5|0|1|1|0|0|0
RZ1|CHK|74|2|40|6|0|4|9|1|0|0|1|0
RZ1|75|2|Don|4|8|5|1|1|1|0|0|0
RZ1|CHK|75|2|40|6|0|4|8|2|0|0|1|0
[Opponent] Draw 2 Don
RZ1|76|2|Don|5|0|9|9900|1|1|0|0|0
RZ1|CHK|76|2|40|6|0|4|8|1|0|0|1|1
[Opponent] Attach 1 Don to Monkey D. Luffy ["OP13-001">OP13-001] (1 Total)
RZ1|77|2|Don|5|0|5|0|1|1|1|0|0
RZ1|CHK|77|2|40|6|0|4|8|1|0|0|1|1
[Opponent] Deploy Nami ["OP01-016">OP01-016]
RZ1|78|2|OP01-016|1|1|2|0|1|1|0|0|0
RZ1|CHK|78|2|40|5|1|4|8|1|0|0|1|1
[Opponent] Nami ["OP01-016">OP01-016]: <b>Reveal and Draw Roronoa Zoro ["OP13-037">OP13-037]</b>
RZ1|79|2|OP13-037|0|36|1|5|1|1|0|0|0
RZ1|CHK|79|2|39|6|1|4|8|1|0|0|1|1
RZ1|80|2|OP14-022|0|38|0|0|0|0|0|0|0
RZ1|CHK|80|2|39|6|1|4|8|1|0|0|1|1
RZ1|81|2|OP15-035|0|38|0|0|0|0|0|0|0
RZ1|CHK|81|2|39|6|1|4|8|1|0|0|1|1
RZ1|82|2|OP13-027|0|38|0|0|0|0|0|0|0
RZ1|CHK|82|2|39|6|1|4|8|1|0|0|1|1
RZ1|83|2|OP05-038|0|38|0|0|0|0|0|0|0
RZ1|CHK|83|2|39|6|1|4|8|1|0|0|1|1
[] Hand: [OP13-040,EB02-017,OP05-038,OP13-118,OP13-027,OP13-037]
[] Board: [OP01-016]
[] Trash: []
[] Life: 4
[] Hand: [OP17-049,OP17-054,OP17-050,OP17-049,OP17-057]
[] Trash: []
[] Board: [OP17-050]
[] Life: 5
[Opponent] End Turn
[] Hand: [OP17-049,OP17-054,OP17-050,OP17-049,OP17-057]
[] Board: [OP17-050]
[] Trash: []
[] Life: 5
[] Hand: [OP13-040,EB02-017,OP05-038,OP13-118,OP13-027,OP13-037]
[] Trash: []
[] Board: [OP01-016]
[] Life: 4
[You] Draw 1 Card
[] Drew card from deck: Buckin ["OP08-051">OP08-051]
RZ1|84|1|OP08-051|0|38|1|5|1|1|0|0|0
RZ1|CHK|84|1|38|6|1|5|9|1|0|0|1|0
RZ1|85|1|Don|4|8|5|1|1|1|0|0|0
RZ1|CHK|85|1|38|6|1|5|8|2|0|0|1|0
RZ1|86|1|Don|4|7|5|2|1|1|0|0|0
RZ1|CHK|86|1|38|6|1|5|7|3|0|0|1|0
[You] Draw 2 Don
RZ1|87|1|Don|5|0|5|0|1|1|1|0|0
RZ1|CHK|87|1|38|6|1|5|7|3|0|0|1|0
[You] Deploy Fullalead ["OP17-057">OP17-057]
RZ1|88|1|OP17-057|1|4|7|0|1|1|0|0|0
RZ1|CHK|88|1|38|5|1|5|7|3|0|1|1|0
RZ1|89|1|Don|5|1|5|1|1|1|1|0|0
RZ1|CHK|89|1|38|5|1|5|7|3|0|1|1|0
[You] Deploy Streusen ["OP17-050">OP17-050]
RZ1|90|1|OP17-050|1|2|2|1|1|1|0|0|0
RZ1|CHK|90|1|38|4|2|5|7|3|0|1|1|0
[You] Placing Cards on Top of Deck
RZ1|91|1|OP17-043|0|36|0|37|0|0|0|0|0
RZ1|CHK|91|1|38|4|2|5|7|3|0|1|1|0
RZ1|92|1|OP17-054|0|36|0|37|0|0|0|0|0
RZ1|CHK|92|1|38|4|2|5|7|3|0|1|1|0
[] Drew card from deck: Stussy ["OP17-054">OP17-054]
RZ1|93|1|OP17-054|0|37|1|4|1|1|0|0|0
RZ1|CHK|93|1|37|5|2|5|7|3|0|1|1|0
[You] Streusen ["OP17-050">OP17-050]: Draw 1 Card
[You] Attach 1 Don to Rocks D. Xebec ["OP17-039">OP17-039] (1 Total)
RZ1|94|1|Don|5|2|9|9900|1|1|0|0|0
RZ1|CHK|94|1|37|5|2|5|7|2|0|1|1|1
[You] Rocks D. Xebec ["OP17-039">OP17-039] attacking Monkey D. Luffy ["OP13-001">OP13-001]
RZ1|95|1|OP08-051|1|3|6|0|1|1|0|0|0
RZ1|CHK|95|1|37|4|2|5|7|2|1|1|1|1
[You] Rocks D. Xebec ["OP17-039">OP17-039]: Trash Buckin ["OP08-051">OP08-051]
RZ1|96|1|OP17-043|0|36|0|36|0|0|0|0|0
RZ1|CHK|96|1|37|4|2|5|7|2|1|1|1|1
[You] Rocks D. Xebec ["OP17-039">OP17-039] revealed: Ganzui ["OP17-043">OP17-043]
[] Drew card from deck: Ganzui ["OP17-043">OP17-043]
RZ1|97|1|OP17-043|0|36|1|4|1|1|0|0|0
RZ1|CHK|97|1|36|5|2|5|7|2|1|1|1|1
[] Drew card from deck: Shiki ["OP17-048">OP17-048]
RZ1|98|1|OP17-048|0|35|1|5|1|1|0|0|0
RZ1|CHK|98|1|35|6|2|5|7|2|1|1|1|1
[You] Rocks D. Xebec ["OP17-039">OP17-039]: Draw 2 Card
Rocks D. Xebec ["OP17-039">OP17-039][6000] vs Monkey D. Luffy ["OP13-001">OP13-001][5000]
Monkey D. Luffy ["OP13-001">OP13-001] hit for 1 damage
RZ1|99|2|OP13-027|3|3|1|6|1|1|0|0|0
RZ1|CHK|99|2|39|7|1|3|8|1|0|0|1|1
[] Hand: [OP17-049,OP17-054,OP17-049,OP17-054,OP17-043,OP17-048]
[] Board: [OP17-050,OP17-050]
[] Trash: [OP08-051]
[] Life: 5
[] Hand: [OP13-040,EB02-017,OP05-038,OP13-118,OP13-027,OP13-037,OP13-027]
[] Trash: []
[] Board: [OP01-016]
[] Life: 3
[You] End Turn
[] Hand: [OP13-040,EB02-017,OP05-038,OP13-118,OP13-027,OP13-037,OP13-027]
[] Board: [OP01-016]
[] Trash: []
[] Life: 3
[] Hand: [OP17-049,OP17-054,OP17-049,OP17-054,OP17-043,OP17-048]
[] Trash: [OP08-051]
[] Board: [OP17-050,OP17-050]
[] Life: 5
RZ1|100|2|Don|9|9900|5|0|1|1|1|0|0
RZ1|CHK|100|2|39|7|1|3|8|2|0|0|1|0
[Opponent] Draw 1 Card
[] Drew card from deck: Nami ["EB02-017">EB02-017]
RZ1|101|2|EB02-017|0|38|1|7|1|1|0|0|0
RZ1|CHK|101|2|38|8|1|3|8|2|0|0|1|0
RZ1|102|2|Don|4|7|5|2|1|1|0|0|0
RZ1|CHK|102|2|38|8|1|3|7|3|0|0|1|0
RZ1|103|2|Don|4|6|5|3|1|1|0|0|0
RZ1|CHK|103|2|38|8|1|3|6|4|0|0|1|0
[Opponent] Draw 2 Don
RZ1|104|2|Don|5|0|5|0|1|1|1|0|0
RZ1|CHK|104|2|38|8|1|3|6|4|0|0|1|0
RZ1|105|2|Don|5|1|5|1|1|1|1|0|0
RZ1|CHK|105|2|38|8|1|3|6|4|0|0|1|0
RZ1|106|2|Don|5|2|5|2|1|1|1|0|0
RZ1|CHK|106|2|38|8|1|3|6|4|0|0|1|0
RZ1|107|2|Don|5|3|5|3|1|1|1|0|0
RZ1|CHK|107|2|38|8|1|3|6|4|0|0|1|0
[Opponent] Deploy Roronoa Zoro ["OP13-037">OP13-037]
RZ1|108|2|OP13-037|1|5|2|1|1|1|0|0|0
RZ1|CHK|108|2|38|7|2|3|6|4|0|0|1|0
[Opponent] Roronoa Zoro ["OP13-037">OP13-037]: Activate 1 Don
RZ1|109|2|Don|5|3|5|3|1|1|0|0|0
RZ1|CHK|109|2|38|7|2|3|6|4|0|0|1|0
[Opponent] Roronoa Zoro ["OP13-037">OP13-037]: Activate 1 Don
RZ1|110|2|Don|5|2|5|2|1|1|0|0|0
RZ1|CHK|110|2|38|7|2|3|6|4|0|0|1|0
[Opponent] Monkey D. Luffy ["OP13-001">OP13-001] attacking Rocks D. Xebec ["OP17-039">OP17-039]
Monkey D. Luffy ["OP13-001">OP13-001][5000] vs Rocks D. Xebec ["OP17-039">OP17-039][5000]
Rocks D. Xebec ["OP17-039">OP17-039] hit for 1 damage
RZ1|111|1|OP17-046|3|4|1|6|1|1|0|0|0
RZ1|CHK|111|1|35|7|2|4|7|2|1|1|1|1
RZ1|112|2|Don|5|2|9|9900|1|1|0|0|0
RZ1|CHK|112|2|38|7|2|3|6|3|0|0|1|1
[Opponent] Attach 1 Don to Monkey D. Luffy ["OP13-001">OP13-001] (1 Total)
RZ1|113|2|Don|5|2|5|2|1|1|1|0|0
RZ1|CHK|113|2|38|7|2|3|6|3|0|0|1|1
[Opponent] Deploy Nami ["EB02-017">EB02-017]
RZ1|114|2|EB02-017|1|1|2|2|1|1|0|0|0
RZ1|CHK|114|2|38|6|3|3|6|3|0|0|1|1
RZ1|115|2|OP14-022|0|34|1|6|1|1|0|0|0
RZ1|CHK|115|2|37|7|3|3|6|3|0|0|1|1
[Opponent] Nami ["EB02-017">EB02-017]: <b>Reveal and Draw Usopp ["OP14-022">OP14-022]</b>
[Opponent] Placing Cards on Bottom of Deck
RZ1|116|2|OP14-031|0|36|0|0|0|0|0|0|0
RZ1|CHK|116|2|37|7|3|3|6|3|0|0|1|1
RZ1|117|2|OP15-032|0|36|0|0|0|0|0|0|0
RZ1|CHK|117|2|37|7|3|3|6|3|0|0|1|1
RZ1|118|2|EB02-017|0|36|0|0|0|0|0|0|0
RZ1|CHK|118|2|37|7|3|3|6|3|0|0|1|1
RZ1|119|2|OP01-016|0|36|0|0|0|0|0|0|0
RZ1|CHK|119|2|37|7|3|3|6|3|0|0|1|1
[Opponent] Roronoa Zoro ["OP13-037">OP13-037]: Set Roronoa Zoro ["OP13-037">OP13-037] to Active
[] Hand: [OP13-040,OP05-038,OP13-118,OP13-027,OP13-027,EB02-017,OP14-022]
[] Board: [OP01-016,OP13-037,EB02-017]
[] Trash: []
[] Life: 3
[] Hand: [OP17-049,OP17-054,OP17-049,OP17-054,OP17-043,OP17-048,OP17-046]
[] Trash: [OP08-051]
[] Board: [OP17-050,OP17-050]
[] Life: 4
[Opponent] End Turn
[] Hand: [OP17-049,OP17-054,OP17-049,OP17-054,OP17-043,OP17-048,OP17-046]
[] Board: [OP17-050,OP17-050]
[] Trash: [OP08-051]
[] Life: 4
[] Hand: [OP13-040,OP05-038,OP13-118,OP13-027,OP13-027,EB02-017,OP14-022]
[] Trash: []
[] Board: [OP01-016,OP13-037,EB02-017]
[] Life: 3
RZ1|120|1|Don|9|9900|5|0|1|1|1|0|0
RZ1|CHK|120|1|35|7|2|4|7|3|1|1|1|0
[You] Draw 1 Card
[] Drew card from deck: Kaido ["OP17-042">OP17-042]
RZ1|121|1|OP17-042|0|34|1|7|1|1|0|0|0
RZ1|CHK|121|1|34|8|2|4|7|3|1|1|1|0
RZ1|122|1|Don|4|6|5|3|1|1|0|0|0
RZ1|CHK|122|1|34|8|2|4|6|4|1|1|1|0
RZ1|123|1|Don|4|5|5|4|1|1|0|0|0
RZ1|CHK|123|1|34|8|2|4|5|5|1|1|1|0
[You] Draw 2 Don
RZ1|124|1|Don|5|0|5|0|1|1|1|0|0
RZ1|CHK|124|1|34|8|2|4|5|5|1|1|1|0
RZ1|125|1|Don|5|1|5|1|1|1|1|0|0
RZ1|CHK|125|1|34|8|2|4|5|5|1|1|1|0
RZ1|126|1|Don|5|2|5|2|1|1|1|0|0
RZ1|CHK|126|1|34|8|2|4|5|5|1|1|1|0
RZ1|127|1|Don|5|3|5|3|1|1|1|0|0
RZ1|CHK|127|1|34|8|2|4|5|5|1|1|1|0
RZ1|128|1|Don|5|4|5|4|1|1|1|0|0
RZ1|CHK|128|1|34|8|2|4|5|5|1|1|1|0
[You] Deploy Charlotte Linlin ["OP17-049">OP17-049]
RZ1|129|1|OP17-049|1|2|2|2|1|1|0|0|0
RZ1|CHK|129|1|34|7|3|4|5|5|1|1|1|0
[You] Forcing opponent to resolve Card Action!
RZ1|130|2|OP14-022|1|6|6|0|1|1|0|0|0
RZ1|CHK|130|2|37|6|3|3|6|3|1|0|1|1
[Opponent] Charlotte Linlin ["OP17-049">OP17-049]: Trash Usopp ["OP14-022">OP14-022]
RZ1|131|2|EB02-017|1|5|6|1|1|1|0|0|0
RZ1|CHK|131|2|37|5|3|3|6|3|2|0|1|1
[Opponent] Charlotte Linlin ["OP17-049">OP17-049]: Trash Nami ["EB02-017">EB02-017]
[You] Rocks D. Xebec ["OP17-039">OP17-039] attacking Monkey D. Luffy ["OP13-001">OP13-001]
RZ1|132|1|OP17-042|1|6|6|1|1|1|0|0|0
RZ1|CHK|132|1|34|6|3|4|5|5|2|1|1|0
[You] Rocks D. Xebec ["OP17-039">OP17-039]: Trash Kaido ["OP17-042">OP17-042]
RZ1|133|1|OP17-054|0|33|0|33|0|0|0|0|0
RZ1|CHK|133|1|34|6|3|4|5|5|2|1|1|0
[You] Rocks D. Xebec ["OP17-039">OP17-039] revealed: Stussy ["OP17-054">OP17-054]
[] Drew card from deck: Stussy ["OP17-054">OP17-054]
RZ1|134|1|OP17-054|0|33|1|6|1|1|0|0|0
RZ1|CHK|134|1|33|7|3|4|5|5|2|1|1|0
[] Drew card from deck: Rocks D. Xebec ["OP17-118">OP17-118]
RZ1|135|1|OP17-118|0|32|1|7|1|1|0|0|0
RZ1|CHK|135|1|32|8|3|4|5|5|2|1|1|0
[You] Rocks D. Xebec ["OP17-039">OP17-039]: Draw 2 Card
Rocks D. Xebec ["OP17-039">OP17-039][5000] vs Monkey D. Luffy ["OP13-001">OP13-001][5000]
Monkey D. Luffy ["OP13-001">OP13-001] hit for 1 damage
RZ1|136|2|OP05-038|3|2|1|5|1|1|0|0|0
RZ1|CHK|136|2|37|6|3|2|6|3|2|0|1|1
[Opponent] Charlestone ["OP05-038">OP05-038]: Activate Trigger
RZ1|137|2|OP05-038|1|5|6|2|1|1|0|0|0
RZ1|CHK|137|2|37|5|3|2|6|3|3|0|1|1
[Opponent] Charlestone ["OP05-038">OP05-038]: Rest Streusen ["OP17-050">OP17-050]
[] Hand: [OP17-049,OP17-054,OP17-054,OP17-043,OP17-048,OP17-046,OP17-054,OP17-118]
[] Board: [OP17-050,OP17-050,OP17-049]
[] Trash: [OP08-051,OP17-042]
[] Life: 4
[] Hand: [OP13-040,OP05-038,OP13-118,OP13-027,OP13-027]
[] Trash: [OP14-022,EB02-017,OP05-038]
[] Board: [OP01-016,OP13-037,EB02-017]
[] Life: 2
[You] End Turn
[] Hand: [OP13-040,OP05-038,OP13-118,OP13-027,OP13-027]
[] Board: [OP01-016,OP13-037,EB02-017]
[] Trash: [OP14-022,EB02-017,OP05-038]
[] Life: 2
[] Hand: [OP17-049,OP17-054,OP17-054,OP17-043,OP17-048,OP17-046,OP17-054,OP17-118]
[] Trash: [OP08-051,OP17-042]
[] Board: [OP17-050,OP17-050,OP17-049]
[] Life: 4
RZ1|138|2|Don|9|9900|5|0|1|1|1|0|0
RZ1|CHK|138|2|37|5|3|2|6|4|3|0|1|0
[Opponent] Draw 1 Card
[] Drew card from deck: Thousand Sunny ["ST31-005">ST31-005]
RZ1|139|2|ST31-005|0|36|1|5|1|1|0|0|0
RZ1|CHK|139|2|36|6|3|2|6|4|3|0|1|0
RZ1|140|2|Don|4|5|5|4|1|1|0|0|0
RZ1|CHK|140|2|36|6|3|2|5|5|3|0|1|0
RZ1|141|2|Don|4|4|5|5|1|1|0|0|0
RZ1|CHK|141|2|36|6|3|2|4|6|3|0|1|0
[Opponent] Draw 2 Don
[Opponent] Monkey D. Luffy ["OP13-001">OP13-001] attacking Rocks D. Xebec ["OP17-039">OP17-039]
[You] Fullalead ["OP17-057">OP17-057]: Rest Fullalead ["OP17-057">OP17-057]
RZ1|142|1|OP17-054|1|6|6|2|1|1|0|0|0
RZ1|CHK|142|1|32|7|3|4|5|5|3|1|1|0
[You] Fullalead ["OP17-057">OP17-057]: Trash Stussy ["OP17-054">OP17-054]
[You] Fullalead ["OP17-057">OP17-057]: Buff Rocks D. Xebec ["OP17-039">OP17-039] 1000 for the Combat
Monkey D. Luffy ["OP13-001">OP13-001][5000] vs Rocks D. Xebec ["OP17-039">OP17-039][6000]
Attack Fails
RZ1|143|2|Don|5|0|5|0|1|1|1|0|0
RZ1|CHK|143|2|36|6|3|2|4|6|3|0|1|0
[Opponent] Deploy Thousand Sunny ["ST31-005">ST31-005]
RZ1|144|2|ST31-005|1|5|7|0|1|1|0|0|0
RZ1|CHK|144|2|36|5|3|2|4|6|3|1|1|0
RZ1|145|2|OP14-031|0|35|1|5|1|1|0|0|0
RZ1|CHK|145|2|35|6|3|2|4|6|3|1|1|0
[Opponent] Thousand Sunny ["ST31-005">ST31-005]: <b>Reveal and Draw Nami ["OP14-031">OP14-031]</b>
[Opponent] Placing Cards on Bottom of Deck
RZ1|146|2|OP14-022|0|34|0|0|0|0|0|0|0
RZ1|CHK|146|2|35|6|3|2|4|6|3|1|1|0
RZ1|147|2|OP16-004|0|34|0|0|0|0|0|0|0
RZ1|CHK|147|2|35|6|3|2|4|6|3|1|1|0
RZ1|148|2|OP16-004|0|34|0|0|0|0|0|0|0
RZ1|CHK|148|2|35|6|3|2|4|6|3|1|1|0
RZ1|149|2|OP15-035|0|34|0|0|0|0|0|0|0
RZ1|CHK|149|2|35|6|3|2|4|6|3|1|1|0
RZ1|150|2|Don|5|1|5|1|1|1|1|0|0
RZ1|CHK|150|2|35|6|3|2|4|6|3|1|1|0
RZ1|151|2|Don|5|2|5|2|1|1|1|0|0
RZ1|CHK|151|2|35|6|3|2|4|6|3|1|1|0
RZ1|152|2|Don|5|3|5|3|1|1|1|0|0
RZ1|CHK|152|2|35|6|3|2|4|6|3|1|1|0
RZ1|153|2|Don|5|4|5|4|1|1|1|0|0
RZ1|CHK|153|2|35|6|3|2|4|6|3|1|1|0
[Opponent] Deploy Nami ["OP14-031">OP14-031]
RZ1|154|2|OP14-031|1|5|2|3|1|1|0|0|0
RZ1|CHK|154|2|35|5|4|2|4|6|3|1|1|0
[Opponent] Nami ["OP14-031">OP14-031]: Rest Charlotte Linlin ["OP17-049">OP17-049]
[Opponent] Nami ["OP14-031">OP14-031]: Rest Streusen ["OP17-050">OP17-050]
RZ1|155|2|Don|5|5|9|9900|1|1|0|0|0
RZ1|CHK|155|2|35|5|4|2|4|5|3|1|1|1
[Opponent] Attach 1 Don to Monkey D. Luffy ["OP13-001">OP13-001] (1 Total)
[Opponent] Nami ["EB02-017">EB02-017] attacking Streusen ["OP17-050">OP17-050]
Nami ["EB02-017">EB02-017][2000] vs Streusen ["OP17-050">OP17-050][2000]
[You] Streusen ["OP17-050">OP17-050] Destroyed
RZ1|156|1|OP17-050|2|0|6|3|1|1|0|0|0
RZ1|CHK|156|1|32|7|2|4|5|5|4|1|1|0
[Opponent] Nami ["OP01-016">OP01-016] attacking Streusen ["OP17-050">OP17-050]
Nami ["OP01-016">OP01-016][2000] vs Streusen ["OP17-050">OP17-050][2000]
[You] Streusen ["OP17-050">OP17-050] Destroyed
RZ1|157|1|OP17-050|2|0|6|4|1|1|0|0|0
RZ1|CHK|157|1|32|7|1|4|5|5|5|1|1|0
[Opponent] Roronoa Zoro ["OP13-037">OP13-037] attacking Rocks D. Xebec ["OP17-039">OP17-039]
Roronoa Zoro ["OP13-037">OP13-037][5000] vs Rocks D. Xebec ["OP17-039">OP17-039][5000]
Rocks D. Xebec ["OP17-039">OP17-039] hit for 1 damage
RZ1|158|1|OP17-046|3|3|1|7|1|1|0|0|0
RZ1|CHK|158|1|32|8|1|3|5|5|5|1|1|0
[Opponent] Roronoa Zoro ["OP13-037">OP13-037]: Set Roronoa Zoro ["OP13-037">OP13-037] to Active
[Opponent] Nami ["OP14-031">OP14-031]: Activate 1 Don
RZ1|159|2|Don|5|4|5|4|1|1|0|0|0
RZ1|CHK|159|2|35|5|4|2|4|5|3|1|1|1
[Opponent] Nami ["OP14-031">OP14-031]: Activate 1 Don
RZ1|160|2|Don|5|3|5|3|1|1|0|0|0
RZ1|CHK|160|2|35|5|4|2|4|5|3|1|1|1
[Opponent] Nami ["OP14-031">OP14-031]: Activate 1 Don
RZ1|161|2|Don|5|2|5|2|1|1|0|0|0
RZ1|CHK|161|2|35|5|4|2|4|5|3|1|1|1
[Opponent] Nami ["OP14-031">OP14-031]: Activate 1 Don
RZ1|162|2|Don|5|1|5|1|1|1|0|0|0
RZ1|CHK|162|2|35|5|4|2|4|5|3|1|1|1
[Opponent] Nami ["OP14-031">OP14-031]: Activate 1 Don
RZ1|163|2|Don|5|0|5|0|1|1|0|0|0
RZ1|CHK|163|2|35|5|4|2|4|5|3|1|1|1
[] Hand: [OP13-040,OP05-038,OP13-118,OP13-027,OP13-027]
[] Board: [OP01-016,OP13-037,EB02-017,OP14-031]
[] Trash: [OP14-022,EB02-017,OP05-038]
[] Life: 2
[] Hand: [OP17-049,OP17-054,OP17-054,OP17-043,OP17-048,OP17-046,OP17-118,OP17-046]
[] Trash: [OP08-051,OP17-042,OP17-054,OP17-050,OP17-050]
[] Board: [OP17-049]
[] Life: 3
[Opponent] End Turn
[] Hand: [OP17-049,OP17-054,OP17-054,OP17-043,OP17-048,OP17-046,OP17-118,OP17-046]
[] Board: [OP17-049]
[] Trash: [OP08-051,OP17-042,OP17-054,OP17-050,OP17-050]
[] Life: 3
[] Hand: [OP13-040,OP05-038,OP13-118,OP13-027,OP13-027]
[] Trash: [OP14-022,EB02-017,OP05-038]
[] Board: [OP01-016,OP13-037,EB02-017,OP14-031]
[] Life: 2
[You] Draw 1 Card
[] Drew card from deck: Rocks Pirates ["OP17-056">OP17-056]
RZ1|164|1|OP17-056|0|31|1|8|1|1|0|0|0
RZ1|CHK|164|1|31|9|1|3|5|5|5|1|1|0
RZ1|165|1|Don|4|4|5|5|1|1|0|0|0
RZ1|CHK|165|1|31|9|1|3|4|6|5|1|1|0
RZ1|166|1|Don|4|3|5|6|1|1|0|0|0
RZ1|CHK|166|1|31|9|1|3|3|7|5|1|1|0
[You] Draw 2 Don
RZ1|167|1|Don|5|0|5|0|1|1|1|0|0
RZ1|CHK|167|1|31|9|1|3|3|7|5|1|1|0
RZ1|168|1|Don|5|1|5|1|1|1|1|0|0
RZ1|CHK|168|1|31|9|1|3|3|7|5|1|1|0
RZ1|169|1|Don|5|2|5|2|1|1|1|0|0
RZ1|CHK|169|1|31|9|1|3|3|7|5|1|1|0
RZ1|170|1|Don|5|3|5|3|1|1|1|0|0
RZ1|CHK|170|1|31|9|1|3|3|7|5|1|1|0
[You] Deploy Gloriosa ["OP17-046">OP17-046]
RZ1|171|1|OP17-046|1|7|2|1|1|1|0|0|0
RZ1|CHK|171|1|31|8|2|3|3|7|5|1|1|0
[You] Gloriosa ["OP17-046">OP17-046]: Send Nami ["OP14-031">OP14-031] to Deck Bottom
RZ1|172|2|OP14-031|2|3|0|0|0|0|0|0|0
RZ1|CHK|172|2|36|5|3|2|4|5|3|1|1|1
RZ1|173|1|Don|5|4|5|4|1|1|1|0|0
RZ1|CHK|173|1|31|8|2|3|3|7|5|1|1|0
RZ1|174|1|Don|5|5|5|5|1|1|1|0|0
RZ1|CHK|174|1|31|8|2|3|3|7|5|1|1|0
RZ1|175|1|Don|5|6|5|6|1|1|1|0|0
RZ1|CHK|175|1|31|8|2|3|3|7|5|1|1|0
[You] Deploy Stussy ["OP17-054">OP17-054]
RZ1|176|1|OP17-054|1|2|2|2|1|1|0|0|0
RZ1|CHK|176|1|31|7|3|3|3|7|5|1|1|0
[You] Stussy ["OP17-054">OP17-054]: Roronoa Zoro ["OP13-037">OP13-037] can't attack next turn
[You] Rocks D. Xebec ["OP17-039">OP17-039] attacking Nami ["OP01-016">OP01-016]
RZ1|177|1|OP17-056|1|6|6|5|1|1|0|0|0
RZ1|CHK|177|1|31|6|3|3|3|7|6|1|1|0
[You] Rocks D. Xebec ["OP17-039">OP17-039]: Trash Rocks Pirates ["OP17-056">OP17-056]
RZ1|178|1|OP17-049|0|30|0|30|0|0|0|0|0
RZ1|CHK|178|1|31|6|3|3|3|7|6|1|1|0
[You] Rocks D. Xebec ["OP17-039">OP17-039] revealed: Charlotte Linlin ["OP17-049">OP17-049]
[] Drew card from deck: Charlotte Linlin ["OP17-049">OP17-049]
RZ1|179|1|OP17-049|0|30|1|6|1|1|0|0|0
RZ1|CHK|179|1|30|7|3|3|3|7|6|1|1|0
[] Drew card from deck: Kyo ["OP17-045">OP17-045]
RZ1|180|1|OP17-045|0|29|1|7|1|1|0|0|0
RZ1|CHK|180|1|29|8|3|3|3|7|6|1|1|0
[You] Rocks D. Xebec ["OP17-039">OP17-039]: Draw 2 Card
Rocks D. Xebec ["OP17-039">OP17-039][5000] vs Nami ["OP01-016">OP01-016][2000]
[Opponent] Nami ["OP01-016">OP01-016] Destroyed
RZ1|181|2|OP01-016|2|0|6|3|1|1|0|0|0
RZ1|CHK|181|2|36|5|2|2|4|5|4|1|1|1
[You] Charlotte Linlin ["OP17-049">OP17-049] attacking Monkey D. Luffy ["OP13-001">OP13-001]
[Opponent] I Know You're Strong... So I'll Go All Out ["OP13-040">OP13-040]: Activate Counter
[Opponent] I Know You're Strong... So I'll Go All Out ["OP13-040">OP13-040]: Rest 1 Don
RZ1|182|2|Don|5|0|5|0|1|1|1|0|0
RZ1|CHK|182|2|36|5|2|2|4|5|4|1|1|1
RZ1|183|2|OP13-040|1|0|6|4|1|1|0|0|0
RZ1|CHK|183|2|36|4|2|2|4|5|5|1|1|1
[Opponent] I Know You're Strong... So I'll Go All Out ["OP13-040">OP13-040]: Buff Monkey D. Luffy ["OP13-001">OP13-001] 3000 for the Combat
Charlotte Linlin ["OP17-049">OP17-049][7000] vs Monkey D. Luffy ["OP13-001">OP13-001][8000]
Attack Fails
[] Hand: [OP17-049,OP17-054,OP17-043,OP17-048,OP17-046,OP17-118,OP17-049,OP17-045]
[] Board: [OP17-049,OP17-046,OP17-054]
[] Trash: [OP08-051,OP17-042,OP17-054,OP17-050,OP17-050,OP17-056]
[] Life: 3
[] Hand: [OP05-038,OP13-118,OP13-027,OP13-027]
[] Trash: [OP14-022,EB02-017,OP05-038,OP01-016,OP13-040]
[] Board: [OP13-037,EB02-017]
[] Life: 2
[You] End Turn
[] Hand: [OP05-038,OP13-118,OP13-027,OP13-027]
[] Board: [OP13-037,EB02-017]
[] Trash: [OP14-022,EB02-017,OP05-038,OP01-016,OP13-040]
[] Life: 2
[] Hand: [OP17-049,OP17-054,OP17-043,OP17-048,OP17-046,OP17-118,OP17-049,OP17-045]
[] Trash: [OP08-051,OP17-042,OP17-054,OP17-050,OP17-050,OP17-056]
[] Board: [OP17-049,OP17-046,OP17-054]
[] Life: 3
RZ1|184|2|Don|9|9900|5|0|1|1|1|0|0
RZ1|CHK|184|2|36|4|2|2|4|6|5|1|1|0
[Opponent] Draw 1 Card
[] Drew card from deck: Usopp ["OP14-022">OP14-022]
RZ1|185|2|OP14-022|0|35|1|4|1|1|0|0|0
RZ1|CHK|185|2|35|5|2|2|4|6|5|1|1|0
RZ1|186|2|Don|4|3|5|6|1|1|0|0|0
RZ1|CHK|186|2|35|5|2|2|3|7|5|1|1|0
RZ1|187|2|Don|4|2|5|7|1|1|0|0|0
RZ1|CHK|187|2|35|5|2|2|2|8|5|1|1|0
[Opponent] Draw 2 Don
RZ1|188|2|Don|5|0|9|9900|1|1|0|0|0
RZ1|CHK|188|2|35|5|2|2|2|7|5|1|1|1
[Opponent] Attach 1 Don to Monkey D. Luffy ["OP13-001">OP13-001] (1 Total)
[Opponent] Monkey D. Luffy ["OP13-001">OP13-001] attacking Rocks D. Xebec ["OP17-039">OP17-039]
Monkey D. Luffy ["OP13-001">OP13-001][6000] vs Rocks D. Xebec ["OP17-039">OP17-039][5000]
Rocks D. Xebec ["OP17-039">OP17-039] hit for 1 damage
RZ1|189|1|OP17-046|3|2|1|8|1|1|0|0|0
RZ1|CHK|189|1|29|9|3|2|3|7|6|1|1|0
[Opponent] Thousand Sunny ["ST31-005">ST31-005]: Rest Thousand Sunny ["ST31-005">ST31-005]
RZ1|190|2|Don|5|0|5|0|1|1|1|0|0
RZ1|CHK|190|2|35|5|2|2|2|7|5|1|1|1
RZ1|191|2|Don|5|1|5|1|1|1|1|0|0
RZ1|CHK|191|2|35|5|2|2|2|7|5|1|1|1
RZ1|192|2|Don|5|2|5|2|1|1|1|0|0
RZ1|CHK|192|2|35|5|2|2|2|7|5|1|1|1
RZ1|193|2|Don|5|3|5|3|1|1|1|0|0
RZ1|CHK|193|2|35|5|2|2|2|7|5|1|1|1
RZ1|194|2|Don|5|4|5|4|1|1|1|0|0
RZ1|CHK|194|2|35|5|2|2|2|7|5|1|1|1
RZ1|195|2|Don|5|5|5|5|1|1|1|0|0
RZ1|CHK|195|2|35|5|2|2|2|7|5|1|1|1
[Opponent] Deploy Monkey D. Luffy ["OP13-118">OP13-118]
RZ1|196|2|OP13-118|1|1|2|2|1|1|0|0|0
RZ1|CHK|196|2|35|4|3|2|2|7|5|1|1|1
[Opponent] Monkey D. Luffy ["OP13-118">OP13-118]: Activate 1 Don
RZ1|197|2|Don|5|5|5|5|1|1|0|0|0
RZ1|CHK|197|2|35|4|3|2|2|7|5|1|1|1
[Opponent] Monkey D. Luffy ["OP13-118">OP13-118]: Activate 1 Don
RZ1|198|2|Don|5|4|5|4|1|1|0|0|0
RZ1|CHK|198|2|35|4|3|2|2|7|5|1|1|1
[Opponent] Monkey D. Luffy ["OP13-118">OP13-118]: Activate 1 Don
RZ1|199|2|Don|5|3|5|3|1|1|0|0|0
RZ1|CHK|199|2|35|4|3|2|2|7|5|1|1|1
[Opponent] Monkey D. Luffy ["OP13-118">OP13-118]: Activate 1 Don
RZ1|200|2|Don|5|2|5|2|1|1|0|0|0
RZ1|CHK|200|2|35|4|3|2|2|7|5|1|1|1
[Opponent] Monkey D. Luffy ["OP13-118">OP13-118]: Can't play Cost 5 Or More Characters for the Turn!
RZ1|201|2|Don|5|2|5|2|1|1|1|0|0
RZ1|CHK|201|2|35|4|3|2|2|7|5|1|1|1
RZ1|202|2|Don|5|3|5|3|1|1|1|0|0
RZ1|CHK|202|2|35|4|3|2|2|7|5|1|1|1
RZ1|203|2|Don|5|4|5|4|1|1|1|0|0
RZ1|CHK|203|2|35|4|3|2|2|7|5|1|1|1
RZ1|204|2|Don|5|5|5|5|1|1|1|0|0
RZ1|CHK|204|2|35|4|3|2|2|7|5|1|1|1
[Opponent] Deploy Usopp ["OP14-022">OP14-022]
RZ1|205|2|OP14-022|1|3|2|3|1|1|0|0|0
RZ1|CHK|205|2|35|3|4|2|2|7|5|1|1|1
[Opponent] Roronoa Zoro ["OP13-037">OP13-037]: Set Roronoa Zoro ["OP13-037">OP13-037] to Active
[Opponent] Usopp ["OP14-022">OP14-022]: Activate 1 Don
RZ1|206|2|Don|5|5|5|5|1|1|0|0|0
RZ1|CHK|206|2|35|3|4|2|2|7|5|1|1|1
[Opponent] Usopp ["OP14-022">OP14-022]: Activate 1 Don
RZ1|207|2|Don|5|4|5|4|1|1|0|0|0
RZ1|CHK|207|2|35|3|4|2|2|7|5|1|1|1
[Opponent] Roronoa Zoro ["OP13-037">OP13-037] is no longer blocked from attacking
[] Hand: [OP05-038,OP13-027,OP13-027]
[] Board: [OP13-037,EB02-017,OP13-118,OP14-022]
[] Trash: [OP14-022,EB02-017,OP05-038,OP01-016,OP13-040]
[] Life: 2
[] Hand: [OP17-049,OP17-054,OP17-043,OP17-048,OP17-046,OP17-118,OP17-049,OP17-045,OP17-046]
[] Trash: [OP08-051,OP17-042,OP17-054,OP17-050,OP17-050,OP17-056]
[] Board: [OP17-049,OP17-046,OP17-054]
[] Life: 2
[Opponent] End Turn
[] Hand: [OP17-049,OP17-054,OP17-043,OP17-048,OP17-046,OP17-118,OP17-049,OP17-045,OP17-046]
[] Board: [OP17-049,OP17-046,OP17-054]
[] Trash: [OP08-051,OP17-042,OP17-054,OP17-050,OP17-050,OP17-056]
[] Life: 2
[] Hand: [OP05-038,OP13-027,OP13-027]
[] Trash: [OP14-022,EB02-017,OP05-038,OP01-016,OP13-040]
[] Board: [OP13-037,EB02-017,OP13-118,OP14-022]
[] Life: 2
[You] Draw 1 Card
[] Drew card from deck: Kaido ["OP17-042">OP17-042]
RZ1|208|1|OP17-042|0|28|1|9|1|1|0|0|0
RZ1|CHK|208|1|28|10|3|2|3|7|6|1|1|0
RZ1|209|1|Don|4|2|5|7|1|1|0|0|0
RZ1|CHK|209|1|28|10|3|2|2|8|6|1|1|0
RZ1|210|1|Don|4|1|5|8|1|1|0|0|0
RZ1|CHK|210|1|28|10|3|2|1|9|6|1|1|0
[You] Draw 2 Don
RZ1|211|1|Don|5|0|5|0|1|1|1|0|0
RZ1|CHK|211|1|28|10|3|2|1|9|6|1|1|0
RZ1|212|1|Don|5|1|5|1|1|1|1|0|0
RZ1|CHK|212|1|28|10|3|2|1|9|6|1|1|0
RZ1|213|1|Don|5|2|5|2|1|1|1|0|0
RZ1|CHK|213|1|28|10|3|2|1|9|6|1|1|0
RZ1|214|1|Don|5|3|5|3|1|1|1|0|0
RZ1|CHK|214|1|28|10|3|2|1|9|6|1|1|0
RZ1|215|1|Don|5|4|5|4|1|1|1|0|0
RZ1|CHK|215|1|28|10|3|2|1|9|6|1|1|0
[You] Deploy Charlotte Linlin ["OP17-049">OP17-049]
RZ1|216|1|OP17-049|1|6|2|3|1|1|0|0|0
RZ1|CHK|216|1|28|9|4|2|1|9|6|1|1|0
[You] Forcing opponent to resolve Card Action!
RZ1|217|2|OP13-027|1|1|6|5|1|1|0|0|0
RZ1|CHK|217|2|35|2|4|2|2|7|6|1|1|1
[Opponent] Charlotte Linlin ["OP17-049">OP17-049]: Trash Sanji ["OP13-027">OP13-027]
RZ1|218|2|OP13-027|1|1|6|6|1|1|0|0|0
RZ1|CHK|218|2|35|1|4|2|2|7|7|1|1|1
[Opponent] Charlotte Linlin ["OP17-049">OP17-049]: Trash Sanji ["OP13-027">OP13-027]
RZ1|219|1|Don|5|5|5|5|1|1|1|0|0
RZ1|CHK|219|1|28|9|4|2|1|9|6|1|1|0
RZ1|220|1|Don|5|6|5|6|1|1|1|0|0
RZ1|CHK|220|1|28|9|4|2|1|9|6|1|1|0
RZ1|221|1|Don|5|7|5|7|1|1|1|0|0
RZ1|CHK|221|1|28|9|4|2|1|9|6|1|1|0
RZ1|222|1|Don|5|8|5|8|1|1|1|0|0
RZ1|CHK|222|1|28|9|4|2|1|9|6|1|1|0
[You] Deploy Gloriosa ["OP17-046">OP17-046]
RZ1|223|1|OP17-046|1|4|2|4|1|1|0|0|0
RZ1|CHK|223|1|28|8|5|2|1|9|6|1|1|0
[You] Gloriosa ["OP17-046">OP17-046]: Send Usopp ["OP14-022">OP14-022] to Deck Bottom
RZ1|224|2|OP14-022|2|3|0|0|0|0|0|0|0
RZ1|CHK|224|2|36|1|3|2|2|7|7|1|1|1
[You] Stussy ["OP17-054">OP17-054] attacking Monkey D. Luffy ["OP13-001">OP13-001]
[Opponent] Charlestone ["OP05-038">OP05-038]: Activate Counter
[Opponent] Charlestone ["OP05-038">OP05-038]: Rest 2 Don
RZ1|225|2|Don|5|4|5|4|1|1|1|0|0
RZ1|CHK|225|2|36|1|3|2|2|7|7|1|1|1
RZ1|226|2|Don|5|5|5|5|1|1|1|0|0
RZ1|CHK|226|2|36|1|3|2|2|7|7|1|1|1
RZ1|227|2|OP05-038|1|0|6|7|1|1|0|0|0
RZ1|CHK|227|2|36|0|3|2|2|7|8|1|1|1
[Opponent] Charlestone ["OP05-038">OP05-038]: Buff Monkey D. Luffy ["OP13-001">OP13-001] 4000 for the Combat
Stussy ["OP17-054">OP17-054][5000] vs Monkey D. Luffy ["OP13-001">OP13-001][9000]
Attack Fails
[You] Charlotte Linlin ["OP17-049">OP17-049] attacking Monkey D. Luffy ["OP13-001">OP13-001]
Charlotte Linlin ["OP17-049">OP17-049][7000] vs Monkey D. Luffy ["OP13-001">OP13-001][5000]
Monkey D. Luffy ["OP13-001">OP13-001] hit for 1 damage
RZ1|228|2|OP10-011|3|1|1|0|1|1|0|0|0
RZ1|CHK|228|2|36|1|3|1|2|7|8|1|1|1
[You] Rocks D. Xebec ["OP17-039">OP17-039] attacking Monkey D. Luffy ["OP13-001">OP13-001]
RZ1|229|1|OP17-045|1|5|6|6|1|1|0|0|0
RZ1|CHK|229|1|28|7|5|2|1|9|7|1|1|0
[You] Rocks D. Xebec ["OP17-039">OP17-039]: Trash Kyo ["OP17-045">OP17-045]
RZ1|230|1|OP17-056|0|27|0|27|0|0|0|0|0
RZ1|CHK|230|1|28|7|5|2|1|9|7|1|1|0
[You] Rocks D. Xebec ["OP17-039">OP17-039] revealed: Rocks Pirates ["OP17-056">OP17-056]
[] Drew card from deck: Rocks Pirates ["OP17-056">OP17-056]
RZ1|231|1|OP17-056|0|27|1|7|1|1|0|0|0
RZ1|CHK|231|1|27|8|5|2|1|9|7|1|1|0
[] Drew card from deck: Fullalead ["OP17-057">OP17-057]
RZ1|232|1|OP17-057|0|26|1|8|1|1|0|0|0
RZ1|CHK|232|1|26|9|5|2|1|9|7|1|1|0
[You] Rocks D. Xebec ["OP17-039">OP17-039]: Draw 2 Card
[Opponent] Discard Tony Tony Chopper ["OP10-011">OP10-011] for Counter 2000
RZ1|233|2|OP10-011|1|0|6|8|1|1|0|0|0
RZ1|CHK|233|2|36|0|3|1|2|7|9|1|1|1
Rocks D. Xebec ["OP17-039">OP17-039][5000] vs Monkey D. Luffy ["OP13-001">OP13-001][7000]
Attack Fails
[] Hand: [OP17-049,OP17-054,OP17-043,OP17-048,OP17-118,OP17-046,OP17-042,OP17-056,OP17-057]
[] Board: [OP17-049,OP17-046,OP17-054,OP17-049,OP17-046]
[] Trash: [OP08-051,OP17-042,OP17-054,OP17-050,OP17-050,OP17-056,OP17-045]
[] Life: 2
[] Hand: []
[] Trash: [OP14-022,EB02-017,OP05-038,OP01-016,OP13-040,OP13-027,OP13-027,OP05-038,OP10-011]
[] Board: [OP13-037,EB02-017,OP13-118]
[] Life: 1
[You] End Turn
[] Hand: []
[] Board: [OP13-037,EB02-017,OP13-118]
[] Trash: [OP14-022,EB02-017,OP05-038,OP01-016,OP13-040,OP13-027,OP13-027,OP05-038,OP10-011]
[] Life: 1
[] Hand: [OP17-049,OP17-054,OP17-043,OP17-048,OP17-118,OP17-046,OP17-042,OP17-056,OP17-057]
[] Trash: [OP08-051,OP17-042,OP17-054,OP17-050,OP17-050,OP17-056,OP17-045]
[] Board: [OP17-049,OP17-046,OP17-054,OP17-049,OP17-046]
[] Life: 2
RZ1|234|2|Don|9|9900|5|0|1|1|1|0|0
RZ1|CHK|234|2|36|0|3|1|2|8|9|1|1|0
[Opponent] Draw 1 Card
[] Drew card from deck: Charlestone ["OP05-038">OP05-038]
RZ1|235|2|OP05-038|0|35|1|0|1|1|0|0|0
RZ1|CHK|235|2|35|1|3|1|2|8|9|1|1|0
RZ1|236|2|Don|4|1|5|8|1|1|0|0|0
RZ1|CHK|236|2|35|1|3|1|1|9|9|1|1|0
RZ1|237|2|Don|4|0|5|9|1|1|0|0|0
RZ1|CHK|237|2|35|1|3|1|0|10|9|1|1|0
[Opponent] Draw 2 Don
RZ1|238|2|Don|5|0|9|9900|1|1|0|0|0
RZ1|CHK|238|2|35|1|3|1|0|9|9|1|1|1
RZ1|239|2|Don|5|0|9|9901|1|1|0|0|0
RZ1|CHK|239|2|35|1|3|1|0|8|9|1|1|2
[Opponent] Attach 2 Don to Monkey D. Luffy ["OP13-001">OP13-001] (2 Total)
RZ1|240|2|Don|5|0|9|9902|1|1|0|0|0
RZ1|CHK|240|2|35|1|3|1|0|7|9|1|1|3
RZ1|241|2|Don|5|0|9|9903|1|1|0|0|0
RZ1|CHK|241|2|35|1|3|1|0|6|9|1|1|4
[Opponent] Attach 2 Don to Monkey D. Luffy ["OP13-001">OP13-001] (4 Total)
[Opponent] Thousand Sunny ["ST31-005">ST31-005]: Rest Thousand Sunny ["ST31-005">ST31-005]
RZ1|242|2|Don|5|0|9|9904|1|1|0|0|0
RZ1|CHK|242|2|35|1|3|1|0|5|9|1|1|5
RZ1|243|2|Don|5|0|9|9905|1|1|0|0|0
RZ1|CHK|243|2|35|1|3|1|0|4|9|1|1|6
[Opponent] Attach 2 Don to Monkey D. Luffy ["OP13-001">OP13-001] (6 Total)
RZ1|244|2|Don|5|0|9|9906|1|1|0|0|0
RZ1|CHK|244|2|35|1|3|1|0|3|9|1|1|7
RZ1|245|2|Don|5|0|9|9907|1|1|0|0|0
RZ1|CHK|245|2|35|1|3|1|0|2|9|1|1|8
[Opponent] Attach 2 Don to Monkey D. Luffy ["OP13-001">OP13-001] (8 Total)
RZ1|246|2|Don|5|0|9|9908|1|1|0|0|0
RZ1|CHK|246|2|35|1|3|1|0|1|9|1|1|9
RZ1|247|2|Don|5|0|9|9909|1|1|0|0|0
RZ1|CHK|247|2|35|1|3|1|0|0|9|1|1|10
[Opponent] Attach 2 Don to Monkey D. Luffy ["OP13-001">OP13-001] (10 Total)
[Opponent] Monkey D. Luffy ["OP13-001">OP13-001] attacking Rocks D. Xebec ["OP17-039">OP17-039]
[You] Gloriosa ["OP17-046">OP17-046] Blocks
Monkey D. Luffy ["OP13-001">OP13-001][15000] vs Gloriosa ["OP17-046">OP17-046][1000]
[You] Gloriosa ["OP17-046">OP17-046] Destroyed
RZ1|248|1|OP17-046|2|1|6|7|1|1|0|0|0
RZ1|CHK|248|1|26|9|4|2|1|9|8|1|1|0
[Opponent] Monkey D. Luffy ["OP13-118">OP13-118] attacking Rocks D. Xebec ["OP17-039">OP17-039]
[You] Fullalead ["OP17-057">OP17-057]: Rest Fullalead ["OP17-057">OP17-057]
RZ1|249|1|OP17-057|1|8|6|8|1|1|0|0|0
RZ1|CHK|249|1|26|8|4|2|1|9|9|1|1|0
[You] Fullalead ["OP17-057">OP17-057]: Trash Fullalead ["OP17-057">OP17-057]
[You] Fullalead ["OP17-057">OP17-057]: Buff Rocks D. Xebec ["OP17-039">OP17-039] 1000 for the Combat
[You] Rocks Pirates ["OP17-056">OP17-056]: Activate Counter
RZ1|250|1|OP17-056|1|7|6|9|1|1|0|0|0
RZ1|CHK|250|1|26|7|4|2|1|9|10|1|1|0
[You] Rocks Pirates ["OP17-056">OP17-056]: Buff Rocks D. Xebec ["OP17-039">OP17-039] 2000 for the Combat
Monkey D. Luffy ["OP13-118">OP13-118][7000] vs Rocks D. Xebec ["OP17-039">OP17-039][8000]
Attack Fails
[Opponent] Roronoa Zoro ["OP13-037">OP13-037] attacking Rocks D. Xebec ["OP17-039">OP17-039]
RZ1|251|1|OP17-042|1|6|6|10|1|1|0|0|0
RZ1|CHK|251|1|26|6|4|2|1|9|11|1|1|0
[You] Charlotte Linlin ["OP17-049">OP17-049]: Trash Kaido ["OP17-042">OP17-042]
[You] Charlotte Linlin ["OP17-049">OP17-049]: Buff Rocks D. Xebec ["OP17-039">OP17-039] 1000 for the Combat
Roronoa Zoro ["OP13-037">OP13-037][5000] vs Rocks D. Xebec ["OP17-039">OP17-039][6000]
Attack Fails
[Opponent] Roronoa Zoro ["OP13-037">OP13-037]: Set Roronoa Zoro ["OP13-037">OP13-037] to Active
[] Hand: [OP05-038]
[] Board: [OP13-037,EB02-017,OP13-118]
[] Trash: [OP14-022,EB02-017,OP05-038,OP01-016,OP13-040,OP13-027,OP13-027,OP05-038,OP10-011]
[] Life: 1
[] Hand: [OP17-049,OP17-054,OP17-043,OP17-048,OP17-118,OP17-046]
[] Trash: [OP08-051,OP17-042,OP17-054,OP17-050,OP17-050,OP17-056,OP17-045,OP17-046,OP17-057,OP17-056,OP17-042]
[] Board: [OP17-049,OP17-054,OP17-049,OP17-046]
[] Life: 2
[Opponent] End Turn
[] Hand: [OP17-049,OP17-054,OP17-043,OP17-048,OP17-118,OP17-046]
[] Board: [OP17-049,OP17-054,OP17-049,OP17-046]
[] Trash: [OP08-051,OP17-042,OP17-054,OP17-050,OP17-050,OP17-056,OP17-045,OP17-046,OP17-057,OP17-056,OP17-042]
[] Life: 2
[] Hand: [OP05-038]
[] Trash: [OP14-022,EB02-017,OP05-038,OP01-016,OP13-040,OP13-027,OP13-027,OP05-038,OP10-011]
[] Board: [OP13-037,EB02-017,OP13-118]
[] Life: 1
[You] Draw 1 Card
[] Drew card from deck: Rocks Pirates ["OP17-056">OP17-056]
RZ1|252|1|OP17-056|0|25|1|6|1|1|0|0|0
RZ1|CHK|252|1|25|7|4|2|1|9|11|1|1|0
RZ1|253|1|Don|4|0|5|9|1|1|0|0|0
RZ1|CHK|253|1|25|7|4|2|0|10|11|1|1|0
[You] Draw 2 Don
RZ1|254|1|Don|5|0|5|0|1|1|1|0|0
RZ1|CHK|254|1|25|7|4|2|0|10|11|1|1|0
RZ1|255|1|Don|5|1|5|1|1|1|1|0|0
RZ1|CHK|255|1|25|7|4|2|0|10|11|1|1|0
RZ1|256|1|Don|5|2|5|2|1|1|1|0|0
RZ1|CHK|256|1|25|7|4|2|0|10|11|1|1|0
RZ1|257|1|Don|5|3|5|3|1|1|1|0|0
RZ1|CHK|257|1|25|7|4|2|0|10|11|1|1|0
RZ1|258|1|Don|5|4|5|4|1|1|1|0|0
RZ1|CHK|258|1|25|7|4|2|0|10|11|1|1|0
RZ1|259|1|Don|5|5|5|5|1|1|1|0|0
RZ1|CHK|259|1|25|7|4|2|0|10|11|1|1|0
RZ1|260|1|Don|5|6|5|6|1|1|1|0|0
RZ1|CHK|260|1|25|7|4|2|0|10|11|1|1|0
RZ1|261|1|Don|5|7|5|7|1|1|1|0|0
RZ1|CHK|261|1|25|7|4|2|0|10|11|1|1|0
RZ1|262|1|Don|5|8|5|8|1|1|1|0|0
RZ1|CHK|262|1|25|7|4|2|0|10|11|1|1|0
RZ1|263|1|Don|5|9|5|9|1|1|1|0|0
RZ1|CHK|263|1|25|7|4|2|0|10|11|1|1|0
[You] Deploy Rocks D. Xebec ["OP17-118">OP17-118]
RZ1|264|1|OP17-118|1|4|2|4|1|1|0|0|0
RZ1|CHK|264|1|25|6|5|2|0|10|11|1|1|0
[] Drew card from deck: There's No Authority in the World ["OP17-055">OP17-055]
RZ1|265|1|OP17-055|0|24|1|6|1|1|0|0|0
RZ1|CHK|265|1|24|7|5|2|0|10|11|1|1|0
[You] Rocks D. Xebec ["OP17-118">OP17-118]: Draw 1 Card
RZ1|266|1|OP17-046|2|3|6|11|1|1|0|0|0
RZ1|CHK|266|1|24|7|4|2|0|10|12|1|1|0
[You] Trash Gloriosa ["OP17-046">OP17-046]
RZ1|267|1|OP17-048|1|3|2|4|1|1|0|0|0
RZ1|CHK|267|1|24|6|5|2|0|10|12|1|1|0
[You] Rocks D. Xebec ["OP17-118">OP17-118]: Deploy Shiki ["OP17-048">OP17-048]
[You] Shiki ["OP17-048">OP17-048] attacking Monkey D. Luffy ["OP13-118">OP13-118]
Shiki ["OP17-048">OP17-048][9000] vs Monkey D. Luffy ["OP13-118">OP13-118][7000]
[Opponent] Monkey D. Luffy ["OP13-118">OP13-118] Destroyed
RZ1|268|2|OP13-118|2|2|6|9|1|1|0|0|0
RZ1|CHK|268|2|35|1|2|1|0|0|10|1|1|10
[You] Stussy ["OP17-054">OP17-054] attacking Monkey D. Luffy ["OP13-001">OP13-001]
Stussy ["OP17-054">OP17-054][5000] vs Monkey D. Luffy ["OP13-001">OP13-001][5000]
Monkey D. Luffy ["OP13-001">OP13-001] hit for 1 damage
RZ1|269|2|EB04-007|3|0|1|1|1|1|0|0|0
RZ1|CHK|269|2|35|2|2|0|0|0|10|1|1|10
[You] Charlotte Linlin ["OP17-049">OP17-049] attacking Monkey D. Luffy ["OP13-001">OP13-001]
Charlotte Linlin ["OP17-049">OP17-049][7000] vs Monkey D. Luffy ["OP13-001">OP13-001][5000]
Monkey D. Luffy ["OP13-001">OP13-001] hit for 1 damage
[Opponent] <b>Downloaded the Combat Log!</b>
GameOver
