Version is 1.42c.22
[You] Leader is Rocks D. Xebec ["OP17-039">OP17-039]
RZ1|HDR|1.42c|2|RZ1
RZ1|PLY|1||OP17-039
RZ1|PLY|2||
[Opponent] Leader is Marshall D. Teach ["OP16-080">OP16-080]
RZ1|1|2|OP16-110|0|14|0|0|0|0|0|0|0
RZ1|CHK|1|2|50|0|0|0|10|0|0|0|1|0
RZ1|2|2|OP12-112|0|19|0|1|0|0|0|0|0
RZ1|CHK|2|2|50|0|0|0|10|0|0|0|1|0
RZ1|3|2|EB04-059|0|41|0|2|0|0|0|0|0
RZ1|CHK|3|2|50|0|0|0|10|0|0|0|1|0
RZ1|4|2|OP16-116|0|45|0|3|0|0|0|0|0
RZ1|CHK|4|2|50|0|0|0|10|0|0|0|1|0
RZ1|5|2|OP16-110|0|18|0|4|0|0|0|0|0
RZ1|CHK|5|2|50|0|0|0|10|0|0|0|1|0
RZ1|6|2|OP16-104|0|24|0|5|0|0|0|0|0
RZ1|CHK|6|2|50|0|0|0|10|0|0|0|1|0
RZ1|7|2|OP16-104|0|24|0|6|0|0|0|0|0
RZ1|CHK|7|2|50|0|0|0|10|0|0|0|1|0
RZ1|8|2|OP16-110|0|21|0|7|0|0|0|0|0
RZ1|CHK|8|2|50|0|0|0|10|0|0|0|1|0
RZ1|9|2|OP09-099|0|47|0|8|0|0|0|0|0
RZ1|CHK|9|2|50|0|0|0|10|0|0|0|1|0
RZ1|10|2|EB04-058|0|30|0|9|0|0|0|0|0
RZ1|CHK|10|2|50|0|0|0|10|0|0|0|1|0
RZ1|11|2|OP12-112|0|24|0|10|0|0|0|0|0
RZ1|CHK|11|2|50|0|0|0|10|0|0|0|1|0
RZ1|12|2|OP09-096|0|42|0|11|0|0|0|0|0
RZ1|CHK|12|2|50|0|0|0|10|0|0|0|1|0
RZ1|13|2|OP09-099|0|47|0|12|0|0|0|0|0
RZ1|CHK|13|2|50|0|0|0|10|0|0|0|1|0
RZ1|14|2|OP16-109|0|22|0|13|0|0|0|0|0
RZ1|CHK|14|2|50|0|0|0|10|0|0|0|1|0
RZ1|15|2|OP16-108|0|35|0|14|0|0|0|0|0
RZ1|CHK|15|2|50|0|0|0|10|0|0|0|1|0
RZ1|16|2|OP16-109|0|26|0|15|0|0|0|0|0
RZ1|CHK|16|2|50|0|0|0|10|0|0|0|1|0
RZ1|17|2|OP16-116|0|47|0|16|0|0|0|0|0
RZ1|CHK|17|2|50|0|0|0|10|0|0|0|1|0
RZ1|18|2|OP16-103|0|25|0|17|0|0|0|0|0
RZ1|CHK|18|2|50|0|0|0|10|0|0|0|1|0
RZ1|19|2|OP16-109|0|26|0|18|0|0|0|0|0
RZ1|CHK|19|2|50|0|0|0|10|0|0|0|1|0
RZ1|20|2|OP16-106|0|32|0|19|0|0|0|0|0
RZ1|CHK|20|2|50|0|0|0|10|0|0|0|1|0
RZ1|21|2|OP09-093|0|27|0|20|0|0|0|0|0
RZ1|CHK|21|2|50|0|0|0|10|0|0|0|1|0
RZ1|22|2|OP09-086|0|23|0|21|0|0|0|0|0
RZ1|CHK|22|2|50|0|0|0|10|0|0|0|1|0
RZ1|23|2|OP16-110|0|29|0|22|0|0|0|0|0
RZ1|CHK|23|2|50|0|0|0|10|0|0|0|1|0
RZ1|24|2|OP16-119|0|40|0|23|0|0|0|0|0
RZ1|CHK|24|2|50|0|0|0|10|0|0|0|1|0
RZ1|25|2|OP16-108|0|37|0|25|0|0|0|0|0
RZ1|CHK|25|2|50|0|0|0|10|0|0|0|1|0
RZ1|26|2|EB04-058|0|37|0|26|0|0|0|0|0
RZ1|CHK|26|2|50|0|0|0|10|0|0|0|1|0
RZ1|27|2|OP09-093|0|30|0|27|0|0|0|0|0
RZ1|CHK|27|2|50|0|0|0|10|0|0|0|1|0
RZ1|28|2|OP16-104|0|35|0|28|0|0|0|0|0
RZ1|CHK|28|2|50|0|0|0|10|0|0|0|1|0
RZ1|29|2|EB04-059|0|47|0|29|0|0|0|0|0
RZ1|CHK|29|2|50|0|0|0|10|0|0|0|1|0
RZ1|30|2|OP09-099|0|49|0|30|0|0|0|0|0
RZ1|CHK|30|2|50|0|0|0|10|0|0|0|1|0
RZ1|31|2|OP16-119|0|42|0|31|0|0|0|0|0
RZ1|CHK|31|2|50|0|0|0|10|0|0|0|1|0
RZ1|32|2|EB04-059|0|48|0|32|0|0|0|0|0
RZ1|CHK|32|2|50|0|0|0|10|0|0|0|1|0
RZ1|33|2|EB04-058|0|40|0|33|0|0|0|0|0
RZ1|CHK|33|2|50|0|0|0|10|0|0|0|1|0
RZ1|34|2|EB04-058|0|41|0|34|0|0|0|0|0
RZ1|CHK|34|2|50|0|0|0|10|0|0|0|1|0
RZ1|35|2|OP09-093|0|38|0|35|0|0|0|0|0
RZ1|CHK|35|2|50|0|0|0|10|0|0|0|1|0
RZ1|36|2|OP09-096|0|46|0|37|0|0|0|0|0
RZ1|CHK|36|2|50|0|0|0|10|0|0|0|1|0
RZ1|37|2|OP09-086|0|39|0|38|0|0|0|0|0
RZ1|CHK|37|2|50|0|0|0|10|0|0|0|1|0
RZ1|38|2|OP16-104|0|42|0|39|0|0|0|0|0
RZ1|CHK|38|2|50|0|0|0|10|0|0|0|1|0
RZ1|39|2|OP12-112|0|42|0|41|0|0|0|0|0
RZ1|CHK|39|2|50|0|0|0|10|0|0|0|1|0
RZ1|40|2|OP16-119|0|46|0|42|0|0|0|0|0
RZ1|CHK|40|2|50|0|0|0|10|0|0|0|1|0
RZ1|41|2|OP09-096|0|47|0|43|0|0|0|0|0
RZ1|CHK|41|2|50|0|0|0|10|0|0|0|1|0
RZ1|42|2|OP09-096|0|48|0|44|0|0|0|0|0
RZ1|CHK|42|2|50|0|0|0|10|0|0|0|1|0
RZ1|43|2|OP16-108|0|47|0|45|0|0|0|0|0
RZ1|CHK|43|2|50|0|0|0|10|0|0|0|1|0
[] Drew card from deck: Stussy ["OP17-054">OP17-054]
RZ1|44|1|OP17-054|0|49|1|0|1|1|0|0|0
RZ1|CHK|44|1|49|1|0|0|10|0|0|0|1|0
[] Drew card from deck: Fullalead ["OP17-057">OP17-057]
RZ1|45|1|OP17-057|0|48|1|1|1|1|0|0|0
RZ1|CHK|45|1|48|2|0|0|10|0|0|0|1|0
[] Drew card from deck: Charlotte Linlin ["OP17-049">OP17-049]
RZ1|46|1|OP17-049|0|47|1|2|1|1|0|0|0
RZ1|CHK|46|1|47|3|0|0|10|0|0|0|1|0
[] Drew card from deck: Stussy ["OP17-054">OP17-054]
RZ1|47|1|OP17-054|0|46|1|3|1|1|0|0|0
RZ1|CHK|47|1|46|4|0|0|10|0|0|0|1|0
[] Drew card from deck: Streusen ["OP17-050">OP17-050]
RZ1|48|1|OP17-050|0|45|1|4|1|1|0|0|0
RZ1|CHK|48|1|45|5|0|0|10|0|0|0|1|0
[] Drew card from deck: Fullalead ["OP09-099">OP09-099]
RZ1|49|2|OP09-099|0|49|1|0|1|1|0|0|0
RZ1|CHK|49|2|49|1|0|0|10|0|0|0|1|0
[] Drew card from deck: Marshall D. Teach ["OP16-119">OP16-119]
RZ1|50|2|OP16-119|0|48|1|1|1|1|0|0|0
RZ1|CHK|50|2|48|2|0|0|10|0|0|0|1|0
[] Drew card from deck: Shiryu ["OP16-108">OP16-108]
RZ1|51|2|OP16-108|0|47|1|2|1|1|0|0|0
RZ1|CHK|51|2|47|3|0|0|10|0|0|0|1|0
[] Drew card from deck: Doc Q ["OP16-109">OP16-109]
RZ1|52|2|OP16-109|0|46|1|3|1|1|0|0|0
RZ1|CHK|52|2|46|4|0|0|10|0|0|0|1|0
[] Drew card from deck: Shiryu ["OP16-108">OP16-108]
RZ1|53|2|OP16-108|0|45|1|4|1|1|0|0|0
RZ1|CHK|53|2|45|5|0|0|10|0|0|0|1|0
RZ1|54|1|OP17-118|0|44|3|0|1|0|0|0|0
RZ1|CHK|54|1|44|5|0|1|10|0|0|0|1|0
RZ1|55|1|OP17-046|0|43|3|1|1|0|0|0|0
RZ1|CHK|55|1|43|5|0|2|10|0|0|0|1|0
RZ1|56|1|OP17-048|0|42|3|2|1|0|0|0|0
RZ1|CHK|56|1|42|5|0|3|10|0|0|0|1|0
RZ1|57|1|OP17-042|0|41|3|3|1|0|0|0|0
RZ1|CHK|57|1|41|5|0|4|10|0|0|0|1|0
RZ1|58|1|OP17-055|0|40|3|4|1|0|0|0|0
RZ1|CHK|58|1|40|5|0|5|10|0|0|0|1|0
RZ1|59|2|OP09-096|0|44|3|0|0|1|0|0|0
RZ1|CHK|59|2|44|5|0|1|10|0|0|0|1|0
RZ1|60|2|OP09-096|0|43|3|1|0|1|0|0|0
RZ1|CHK|60|2|43|5|0|2|10|0|0|0|1|0
RZ1|61|2|OP16-119|0|42|3|2|0|1|0|0|0
RZ1|CHK|61|2|42|5|0|3|10|0|0|0|1|0
RZ1|62|2|OP12-112|0|41|3|3|0|1|0|0|0
RZ1|CHK|62|2|41|5|0|4|10|0|0|0|1|0
[] Hand: [OP17-054,OP17-057,OP17-049,OP17-054,OP17-050]
[] Board: []
[] Trash: []
[] Life: 5
[] Hand: [OP09-099,OP16-119,OP16-108,OP16-109,OP16-108]
[] Trash: []
[] Board: []
[] Life: 4
RZ1|63|1|Don|4|9|5|0|1|1|0|0|0
RZ1|CHK|63|1|40|5|0|5|9|1|0|0|1|0
[You] Draw 1 Don
RZ1|64|1|Don|5|0|5|0|1|1|1|0|0
RZ1|CHK|64|1|40|5|0|5|9|1|0|0|1|0
[You] Deploy Streusen ["OP17-050">OP17-050]
RZ1|65|1|OP17-050|1|4|2|0|1|1|0|0|0
RZ1|CHK|65|1|40|4|1|5|9|1|0|0|1|0
[You] Placing Cards on Top of Deck
RZ1|66|1|OP17-056|0|38|0|39|0|0|0|0|0
RZ1|CHK|66|1|40|4|1|5|9|1|0|0|1|0
RZ1|67|1|OP17-044|0|38|0|39|0|0|0|0|0
RZ1|CHK|67|1|40|4|1|5|9|1|0|0|1|0
[] Drew card from deck: Captain John ["OP17-044">OP17-044]
RZ1|68|1|OP17-044|0|39|1|4|1|1|0|0|0
RZ1|CHK|68|1|39|5|1|5|9|1|0|0|1|0
[You] Streusen ["OP17-050">OP17-050]: Draw 1 Card
[] Hand: [OP17-054,OP17-057,OP17-049,OP17-054,OP17-044]
[] Board: [OP17-050]
[] Trash: []
[] Life: 5
[] Hand: [OP09-099,OP16-119,OP16-108,OP16-109,OP16-108]
[] Trash: []
[] Board: []
[] Life: 4
[You] End Turn
[] Hand: [OP09-099,OP16-119,OP16-108,OP16-109,OP16-108]
[] Board: []
[] Trash: []
[] Life: 4
[] Hand: [OP17-054,OP17-057,OP17-049,OP17-054,OP17-044]
[] Trash: []
[] Board: [OP17-050]
[] Life: 5
[Opponent] Draw 1 Card
[] Drew card from deck: Jesus Burgess ["OP09-086">OP09-086]
RZ1|69|2|OP09-086|0|40|1|5|1|1|0|0|0
RZ1|CHK|69|2|40|6|0|4|10|0|0|0|1|0
RZ1|70|2|Don|4|9|5|0|1|1|0|0|0
RZ1|CHK|70|2|40|6|0|4|9|1|0|0|1|0
RZ1|71|2|Don|4|8|5|1|1|1|0|0|0
RZ1|CHK|71|2|40|6|0|4|8|2|0|0|1|0
[Opponent] Draw 2 Don
RZ1|72|2|Don|5|0|5|0|1|1|1|0|0
RZ1|CHK|72|2|40|6|0|4|8|2|0|0|1|0
[Opponent] Deploy Fullalead ["OP09-099">OP09-099]
RZ1|73|2|OP09-099|1|0|7|0|1|1|0|0|0
RZ1|CHK|73|2|40|5|0|4|8|2|0|1|1|0
[Opponent] Fullalead ["OP09-099">OP09-099]: Rest Fullalead ["OP09-099">OP09-099]
RZ1|74|2|OP09-086|1|4|6|0|1|1|0|0|0
RZ1|CHK|74|2|40|4|0|4|8|2|1|1|1|0
[Opponent] Fullalead ["OP09-099">OP09-099]: Trash Jesus Burgess ["OP09-086">OP09-086]
RZ1|75|2|OP16-104|0|39|1|4|1|1|0|0|0
RZ1|CHK|75|2|39|5|0|4|8|2|1|1|1|0
[Opponent] Fullalead ["OP09-099">OP09-099]: <b>Reveal and Draw Catarina Devon ["OP16-104">OP16-104]</b>
[Opponent] Placing Cards on Bottom of Deck
RZ1|76|2|OP09-086|0|38|0|0|0|0|0|0|0
RZ1|CHK|76|2|39|5|0|4|8|2|1|1|1|0
RZ1|77|2|OP09-096|0|38|0|0|0|0|0|0|0
RZ1|CHK|77|2|39|5|0|4|8|2|1|1|1|0
RZ1|78|2|Don|5|1|5|1|1|1|1|0|0
RZ1|CHK|78|2|39|5|0|4|8|2|1|1|1|0
[Opponent] Deploy Doc Q ["OP16-109">OP16-109]
RZ1|79|2|OP16-109|1|2|2|0|1|1|0|0|0
RZ1|CHK|79|2|39|4|1|4|8|2|1|1|1|0
[] Hand: [OP16-119,OP16-108,OP16-108,OP16-104]
[] Board: [OP16-109]
[] Trash: [OP09-086]
[] Life: 4
[] Hand: [OP17-054,OP17-057,OP17-049,OP17-054,OP17-044]
[] Trash: []
[] Board: [OP17-050]
[] Life: 5
[Opponent] End Turn
[] Hand: [OP17-054,OP17-057,OP17-049,OP17-054,OP17-044]
[] Board: [OP17-050]
[] Trash: []
[] Life: 5
[] Hand: [OP16-119,OP16-108,OP16-108,OP16-104]
[] Trash: [OP09-086]
[] Board: [OP16-109]
[] Life: 4
[You] Draw 1 Card
[] Drew card from deck: Rocks Pirates ["OP17-056">OP17-056]
RZ1|80|1|OP17-056|0|38|1|5|1|1|0|0|0
RZ1|CHK|80|1|38|6|1|5|9|1|0|0|1|0
RZ1|81|1|Don|4|8|5|1|1|1|0|0|0
RZ1|CHK|81|1|38|6|1|5|8|2|0|0|1|0
RZ1|82|1|Don|4|7|5|2|1|1|0|0|0
RZ1|CHK|82|1|38|6|1|5|7|3|0|0|1|0
[You] Draw 2 Don
RZ1|83|1|Don|5|0|5|0|1|1|1|0|0
RZ1|CHK|83|1|38|6|1|5|7|3|0|0|1|0
RZ1|84|1|Don|5|1|5|1|1|1|1|0|0
RZ1|CHK|84|1|38|6|1|5|7|3|0|0|1|0
RZ1|85|1|Don|5|2|5|2|1|1|1|0|0
RZ1|CHK|85|1|38|6|1|5|7|3|0|0|1|0
[You] Deploy Stussy ["OP17-054">OP17-054]
RZ1|86|1|OP17-054|1|0|2|1|1|1|0|0|0
RZ1|CHK|86|1|38|5|2|5|7|3|0|0|1|0
[You] Stussy ["OP17-054">OP17-054]: Doc Q ["OP16-109">OP16-109] can't attack next turn
[You] Rocks D. Xebec ["OP17-039">OP17-039] attacking Marshall D. Teach ["OP16-080">OP16-080]
RZ1|87|1|OP17-057|1|0|6|0|1|1|0|0|0
RZ1|CHK|87|1|38|4|2|5|7|3|1|0|1|0
[You] Rocks D. Xebec ["OP17-039">OP17-039]: Trash Fullalead ["OP17-057">OP17-057]
RZ1|88|1|OP17-056|0|37|0|37|0|0|0|0|0
RZ1|CHK|88|1|38|4|2|5|7|3|1|0|1|0
[You] Rocks D. Xebec ["OP17-039">OP17-039] revealed: Rocks Pirates ["OP17-056">OP17-056]
[] Drew card from deck: Rocks Pirates ["OP17-056">OP17-056]
RZ1|89|1|OP17-056|0|37|1|4|1|1|0|0|0
RZ1|CHK|89|1|37|5|2|5|7|3|1|0|1|0
[] Drew card from deck: Kyo ["OP17-045">OP17-045]
RZ1|90|1|OP17-045|0|36|1|5|1|1|0|0|0
RZ1|CHK|90|1|36|6|2|5|7|3|1|0|1|0
[You] Rocks D. Xebec ["OP17-039">OP17-039]: Draw 2 Card
[Opponent] Discard Catarina Devon ["OP16-104">OP16-104] for Counter 2000
RZ1|91|2|OP16-104|1|3|6|1|1|1|0|0|0
RZ1|CHK|91|2|39|3|1|4|8|2|2|1|1|0
Rocks D. Xebec ["OP17-039">OP17-039][5000] vs Marshall D. Teach ["OP16-080">OP16-080][7000]
Attack Fails
[] Hand: [OP17-049,OP17-054,OP17-044,OP17-056,OP17-056,OP17-045]
[] Board: [OP17-050,OP17-054]
[] Trash: [OP17-057]
[] Life: 5
[] Hand: [OP16-119,OP16-108,OP16-108]
[] Trash: [OP09-086,OP16-104]
[] Board: [OP16-109]
[] Life: 4
[You] End Turn
[] Hand: [OP16-119,OP16-108,OP16-108]
[] Board: [OP16-109]
[] Trash: [OP09-086,OP16-104]
[] Life: 4
[] Hand: [OP17-049,OP17-054,OP17-044,OP17-056,OP17-056,OP17-045]
[] Trash: [OP17-057]
[] Board: [OP17-050,OP17-054]
[] Life: 5
[Opponent] Draw 1 Card
[] Drew card from deck: Jesus Burgess ["OP09-086">OP09-086]
RZ1|92|2|OP09-086|0|38|1|3|1|1|0|0|0
RZ1|CHK|92|2|38|4|1|4|8|2|2|1|1|0
RZ1|93|2|Don|4|7|5|2|1|1|0|0|0
RZ1|CHK|93|2|38|4|1|4|7|3|2|1|1|0
RZ1|94|2|Don|4|6|5|3|1|1|0|0|0
RZ1|CHK|94|2|38|4|1|4|6|4|2|1|1|0
[Opponent] Draw 2 Don
RZ1|95|2|Don|5|0|5|0|1|1|1|0|0
RZ1|CHK|95|2|38|4|1|4|6|4|2|1|1|0
RZ1|96|2|Don|5|1|5|1|1|1|1|0|0
RZ1|CHK|96|2|38|4|1|4|6|4|2|1|1|0
RZ1|97|2|Don|5|2|5|2|1|1|1|0|0
RZ1|CHK|97|2|38|4|1|4|6|4|2|1|1|0
RZ1|98|2|Don|5|3|5|3|1|1|1|0|0
RZ1|CHK|98|2|38|4|1|4|6|4|2|1|1|0
[Opponent] Deploy Jesus Burgess ["OP09-086">OP09-086]
RZ1|99|2|OP09-086|1|3|2|1|1|1|0|0|0
RZ1|CHK|99|2|38|3|2|4|6|4|2|1|1|0
[Opponent] Marshall D. Teach ["OP16-080">OP16-080] attacking Rocks D. Xebec ["OP17-039">OP17-039]
[You] Rocks Pirates ["OP17-056">OP17-056]: Activate Counter
RZ1|100|1|OP17-056|1|3|6|1|1|1|0|0|0
RZ1|CHK|100|1|36|5|2|5|7|3|2|0|1|0
[You] Rocks Pirates ["OP17-056">OP17-056]: Buff Rocks D. Xebec ["OP17-039">OP17-039] 2000 for the Combat
Marshall D. Teach ["OP16-080">OP16-080][5000] vs Rocks D. Xebec ["OP17-039">OP17-039][7000]
Attack Fails
[Opponent] Fullalead ["OP09-099">OP09-099]: Rest Fullalead ["OP09-099">OP09-099]
RZ1|101|2|OP16-108|1|1|6|2|1|1|0|0|0
RZ1|CHK|101|2|38|2|2|4|6|4|3|1|1|0
[Opponent] Fullalead ["OP09-099">OP09-099]: Trash Shiryu ["OP16-108">OP16-108]
RZ1|102|2|OP09-093|0|37|1|2|1|1|0|0|0
RZ1|CHK|102|2|37|3|2|4|6|4|3|1|1|0
[Opponent] Fullalead ["OP09-099">OP09-099]: <b>Reveal and Draw Marshall D. Teach ["OP09-093">OP09-093]</b>
[Opponent] Placing Cards on Bottom of Deck
RZ1|103|2|EB04-058|0|36|0|0|0|0|0|0|0
RZ1|CHK|103|2|37|3|2|4|6|4|3|1|1|0
RZ1|104|2|EB04-058|0|36|0|0|0|0|0|0|0
RZ1|CHK|104|2|37|3|2|4|6|4|3|1|1|0
[Opponent] Doc Q ["OP16-109">OP16-109] is no longer blocked from attacking
[] Hand: [OP16-119,OP16-108,OP09-093]
[] Board: [OP16-109,OP09-086]
[] Trash: [OP09-086,OP16-104,OP16-108]
[] Life: 4
[] Hand: [OP17-049,OP17-054,OP17-044,OP17-056,OP17-045]
[] Trash: [OP17-057,OP17-056]
[] Board: [OP17-050,OP17-054]
[] Life: 5
[Opponent] End Turn
[] Hand: [OP17-049,OP17-054,OP17-044,OP17-056,OP17-045]
[] Board: [OP17-050,OP17-054]
[] Trash: [OP17-057,OP17-056]
[] Life: 5
[] Hand: [OP16-119,OP16-108,OP09-093]
[] Trash: [OP09-086,OP16-104,OP16-108]
[] Board: [OP16-109,OP09-086]
[] Life: 4
[You] Draw 1 Card
[] Drew card from deck: Streusen ["OP17-050">OP17-050]
RZ1|105|1|OP17-050|0|35|1|5|1|1|0|0|0
RZ1|CHK|105|1|35|6|2|5|7|3|2|0|1|0
RZ1|106|1|Don|4|6|5|3|1|1|0|0|0
RZ1|CHK|106|1|35|6|2|5|6|4|2|0|1|0
RZ1|107|1|Don|4|5|5|4|1|1|0|0|0
RZ1|CHK|107|1|35|6|2|5|5|5|2|0|1|0
[You] Draw 2 Don
RZ1|108|1|Don|5|0|5|0|1|1|1|0|0
RZ1|CHK|108|1|35|6|2|5|5|5|2|0|1|0
RZ1|109|1|Don|5|1|5|1|1|1|1|0|0
RZ1|CHK|109|1|35|6|2|5|5|5|2|0|1|0
RZ1|110|1|Don|5|2|5|2|1|1|1|0|0
RZ1|CHK|110|1|35|6|2|5|5|5|2|0|1|0
[You] Deploy Stussy ["OP17-054">OP17-054]
RZ1|111|1|OP17-054|1|1|2|2|1|1|0|0|0
RZ1|CHK|111|1|35|5|3|5|5|5|2|0|1|0
[You] Stussy ["OP17-054">OP17-054]: Jesus Burgess ["OP09-086">OP09-086] can't attack next turn
RZ1|112|1|Don|5|3|5|3|1|1|1|0|0
RZ1|CHK|112|1|35|5|3|5|5|5|2|0|1|0
RZ1|113|1|Don|5|4|5|4|1|1|1|0|0
RZ1|CHK|113|1|35|5|3|5|5|5|2|0|1|0
[You] Deploy Kyo ["OP17-045">OP17-045]
RZ1|114|1|OP17-045|1|3|2|3|1|1|0|0|0
RZ1|CHK|114|1|35|4|4|5|5|5|2|0|1|0
[] Drew card from deck: Gloriosa ["OP17-046">OP17-046]
RZ1|115|1|OP17-046|0|34|1|4|1|1|0|0|0
RZ1|CHK|115|1|34|5|4|5|5|5|2|0|1|0
[You] Kyo ["OP17-045">OP17-045]: Draw 1 Card
[You] Stussy ["OP17-054">OP17-054] attacking Marshall D. Teach ["OP16-080">OP16-080]
Stussy ["OP17-054">OP17-054][5000] vs Marshall D. Teach ["OP16-080">OP16-080][5000]
Marshall D. Teach ["OP16-080">OP16-080] hit for 1 damage
RZ1|116|2|OP12-112|3|3|1|3|1|1|0|0|0
RZ1|CHK|116|2|37|4|2|3|6|4|3|1|1|0
[You] Rocks D. Xebec ["OP17-039">OP17-039] attacking Marshall D. Teach ["OP16-080">OP16-080]
RZ1|117|1|OP17-044|1|1|6|2|1|1|0|0|0
RZ1|CHK|117|1|34|4|4|5|5|5|3|0|1|0
[You] Rocks D. Xebec ["OP17-039">OP17-039]: Trash Captain John ["OP17-044">OP17-044]
RZ1|118|1|OP17-040|0|33|0|33|0|0|0|0|0
RZ1|CHK|118|1|34|4|4|5|5|5|3|0|1|0
[You] Rocks D. Xebec ["OP17-039">OP17-039] revealed: Edward Newgate ["OP17-040">OP17-040]
[] Drew card from deck: Edward Newgate ["OP17-040">OP17-040]
RZ1|119|1|OP17-040|0|33|1|4|1|1|0|0|0
RZ1|CHK|119|1|33|5|4|5|5|5|3|0|1|0
[] Drew card from deck: Shiki ["OP17-048">OP17-048]
RZ1|120|1|OP17-048|0|32|1|5|1|1|0|0|0
RZ1|CHK|120|1|32|6|4|5|5|5|3|0|1|0
[You] Rocks D. Xebec ["OP17-039">OP17-039]: Draw 2 Card
Rocks D. Xebec ["OP17-039">OP17-039][5000] vs Marshall D. Teach ["OP16-080">OP16-080][5000]
Marshall D. Teach ["OP16-080">OP16-080] hit for 1 damage
RZ1|121|2|OP16-119|3|2|1|4|1|1|0|0|0
RZ1|CHK|121|2|37|5|2|2|6|4|3|1|1|0
[Opponent] Marshall D. Teach ["OP16-119">OP16-119]: Activate Trigger
RZ1|122|2|OP16-119|1|4|6|3|1|1|0|0|0
RZ1|CHK|122|2|37|4|2|2|6|4|4|1|1|0
[Opponent] Marshall D. Teach ["OP16-119">OP16-119]: Nullify effects of Stussy ["OP17-054">OP17-054]
[Opponent] Marshall D. Teach ["OP16-119">OP16-119]: Destroy Stussy ["OP17-054">OP17-054]
RZ1|123|1|OP17-046|1|3|6|3|1|1|0|0|0
RZ1|CHK|123|1|32|5|4|5|5|5|4|0|1|0
[You] Kyo ["OP17-045">OP17-045]: Trash Gloriosa ["OP17-046">OP17-046]
RZ1|124|1|OP17-050|1|2|6|4|1|1|0|0|0
RZ1|CHK|124|1|32|4|4|5|5|5|5|0|1|0
[You] Kyo ["OP17-045">OP17-045]: Trash Streusen ["OP17-050">OP17-050]
[You] Kyo ["OP17-045">OP17-045]: Prevent Effect To Stussy ["OP17-054">OP17-054]
[You] Stussy ["OP17-054">OP17-054] no longer nullified
[] Hand: [OP17-049,OP17-056,OP17-040,OP17-048]
[] Board: [OP17-050,OP17-054,OP17-054,OP17-045]
[] Trash: [OP17-057,OP17-056,OP17-044,OP17-046,OP17-050]
[] Life: 5
[] Hand: [OP16-119,OP16-108,OP09-093,OP12-112]
[] Trash: [OP09-086,OP16-104,OP16-108,OP16-119]
[] Board: [OP16-109,OP09-086]
[] Life: 2
[You] End Turn
[] Hand: [OP16-119,OP16-108,OP09-093,OP12-112]
[] Board: [OP16-109,OP09-086]
[] Trash: [OP09-086,OP16-104,OP16-108,OP16-119]
[] Life: 2
[] Hand: [OP17-049,OP17-056,OP17-040,OP17-048]
[] Trash: [OP17-057,OP17-056,OP17-044,OP17-046,OP17-050]
[] Board: [OP17-050,OP17-054,OP17-054,OP17-045]
[] Life: 5
[Opponent] Draw 1 Card
[] Drew card from deck: Black Rope Dragon Twister ["EB04-059">EB04-059]
RZ1|125|2|EB04-059|0|36|1|4|1|1|0|0|0
RZ1|CHK|125|2|36|5|2|2|6|4|4|1|1|0
RZ1|126|2|Don|4|5|5|4|1|1|0|0|0
RZ1|CHK|126|2|36|5|2|2|5|5|4|1|1|0
RZ1|127|2|Don|4|4|5|5|1|1|0|0|0
RZ1|CHK|127|2|36|5|2|2|4|6|4|1|1|0
[Opponent] Draw 2 Don
RZ1|128|2|Don|5|0|5|0|1|1|1|0|0
RZ1|CHK|128|2|36|5|2|2|4|6|4|1|1|0
RZ1|129|2|Don|5|1|5|1|1|1|1|0|0
RZ1|CHK|129|2|36|5|2|2|4|6|4|1|1|0
RZ1|130|2|Don|5|2|5|2|1|1|1|0|0
RZ1|CHK|130|2|36|5|2|2|4|6|4|1|1|0
RZ1|131|2|Don|5|3|5|3|1|1|1|0|0
RZ1|CHK|131|2|36|5|2|2|4|6|4|1|1|0
RZ1|132|2|Don|5|4|5|4|1|1|1|0|0
RZ1|CHK|132|2|36|5|2|2|4|6|4|1|1|0
RZ1|133|2|Don|5|5|5|5|1|1|1|0|0
RZ1|CHK|133|2|36|5|2|2|4|6|4|1|1|0
[Opponent] Deploy Shiryu ["OP16-108">OP16-108]
RZ1|134|2|OP16-108|1|1|2|2|1|1|0|0|0
RZ1|CHK|134|2|36|4|3|2|4|6|4|1|1|0
RZ1|135|2|OP12-112|1|2|6|4|1|1|0|0|0
RZ1|CHK|135|2|36|3|3|2|4|6|5|1|1|0
[Opponent] Shiryu ["OP16-108">OP16-108]: Trash Baby 5 ["OP12-112">OP12-112]
[Opponent] Shiryu ["OP16-108">OP16-108]: Add Catarina Devon ["OP16-104">OP16-104] to top of Life
RZ1|136|2|OP16-104|6|1|3|2|1|1|0|0|0
RZ1|CHK|136|2|36|3|3|3|4|6|4|1|1|0
[Opponent] Marshall D. Teach ["OP16-080">OP16-080] attacking Rocks D. Xebec ["OP17-039">OP17-039]
Marshall D. Teach ["OP16-080">OP16-080][5000] vs Rocks D. Xebec ["OP17-039">OP17-039][5000]
Rocks D. Xebec ["OP17-039">OP17-039] hit for 1 damage
RZ1|137|1|OP17-055|3|4|1|4|1|1|0|0|0
RZ1|CHK|137|1|32|5|4|4|5|5|5|0|1|0
[Opponent] Fullalead ["OP09-099">OP09-099]: Rest Fullalead ["OP09-099">OP09-099]
RZ1|138|2|EB04-059|1|2|6|4|1|1|0|0|0
RZ1|CHK|138|2|36|2|3|3|4|6|5|1|1|0
[Opponent] Fullalead ["OP09-099">OP09-099]: Trash Black Rope Dragon Twister ["EB04-059">EB04-059]
RZ1|139|2|OP16-119|0|35|1|2|1|1|0|0|0
RZ1|CHK|139|2|35|3|3|3|4|6|5|1|1|0
[Opponent] Fullalead ["OP09-099">OP09-099]: <b>Reveal and Draw Marshall D. Teach ["OP16-119">OP16-119]</b>
[Opponent] Placing Cards on Bottom of Deck
RZ1|140|2|OP09-099|0|34|0|0|0|0|0|0|0
RZ1|CHK|140|2|35|3|3|3|4|6|5|1|1|0
RZ1|141|2|EB04-059|0|34|0|0|0|0|0|0|0
RZ1|CHK|141|2|35|3|3|3|4|6|5|1|1|0
[Opponent] Jesus Burgess ["OP09-086">OP09-086] is no longer blocked from attacking
[] Hand: [OP16-119,OP09-093,OP16-119]
[] Board: [OP16-109,OP09-086,OP16-108]
[] Trash: [OP09-086,OP16-108,OP16-119,OP12-112,EB04-059]
[] Life: 3
[] Hand: [OP17-049,OP17-056,OP17-040,OP17-048,OP17-055]
[] Trash: [OP17-057,OP17-056,OP17-044,OP17-046,OP17-050]
[] Board: [OP17-050,OP17-054,OP17-054,OP17-045]
[] Life: 4
[Opponent] End Turn
[] Hand: [OP17-049,OP17-056,OP17-040,OP17-048,OP17-055]
[] Board: [OP17-050,OP17-054,OP17-054,OP17-045]
[] Trash: [OP17-057,OP17-056,OP17-044,OP17-046,OP17-050]
[] Life: 4
[] Hand: [OP16-119,OP09-093,OP16-119]
[] Trash: [OP09-086,OP16-108,OP16-119,OP12-112,EB04-059]
[] Board: [OP16-109,OP09-086,OP16-108]
[] Life: 3
[You] Draw 1 Card
[] Drew card from deck: Edward Newgate ["OP17-040">OP17-040]
RZ1|142|1|OP17-040|0|31|1|5|1|1|0|0|0
RZ1|CHK|142|1|31|6|4|4|5|5|5|0|1|0
RZ1|143|1|Don|4|4|5|5|1|1|0|0|0
RZ1|CHK|143|1|31|6|4|4|4|6|5|0|1|0
RZ1|144|1|Don|4|3|5|6|1|1|0|0|0
RZ1|CHK|144|1|31|6|4|4|3|7|5|0|1|0
[You] Draw 2 Don
RZ1|145|1|Don|5|0|5|0|1|1|1|0|0
RZ1|CHK|145|1|31|6|4|4|3|7|5|0|1|0
RZ1|146|1|Don|5|1|5|1|1|1|1|0|0
RZ1|CHK|146|1|31|6|4|4|3|7|5|0|1|0
RZ1|147|1|Don|5|2|5|2|1|1|1|0|0
RZ1|CHK|147|1|31|6|4|4|3|7|5|0|1|0
RZ1|148|1|Don|5|3|5|3|1|1|1|0|0
RZ1|CHK|148|1|31|6|4|4|3|7|5|0|1|0
RZ1|149|1|Don|5|4|5|4|1|1|1|0|0
RZ1|CHK|149|1|31|6|4|4|3|7|5|0|1|0
RZ1|150|1|Don|5|5|5|5|1|1|1|0|0
RZ1|CHK|150|1|31|6|4|4|3|7|5|0|1|0
RZ1|151|1|Don|5|6|5|6|1|1|1|0|0
RZ1|CHK|151|1|31|6|4|4|3|7|5|0|1|0
[You] Deploy Shiki ["OP17-048">OP17-048]
RZ1|152|1|OP17-048|1|3|2|4|1|1|0|0|0
RZ1|CHK|152|1|31|5|5|4|3|7|5|0|1|0
[You] Stussy ["OP17-054">OP17-054] attacking Marshall D. Teach ["OP16-080">OP16-080]
Stussy ["OP17-054">OP17-054][5000] vs Marshall D. Teach ["OP16-080">OP16-080][5000]
Marshall D. Teach ["OP16-080">OP16-080] hit for 1 damage
RZ1|153|2|OP16-104|3|2|1|3|1|1|0|0|0
RZ1|CHK|153|2|35|4|3|2|4|6|5|1|1|0
[Opponent] Catarina Devon ["OP16-104">OP16-104]: Activate Trigger
RZ1|154|2|OP16-104|1|3|6|5|1|1|0|0|0
RZ1|CHK|154|2|35|3|3|2|4|6|6|1|1|0
[] Drew card from deck: Catarina Devon ["OP16-104">OP16-104]
RZ1|155|2|OP16-104|0|34|1|3|1|1|0|0|0
RZ1|CHK|155|2|34|4|3|2|4|6|6|1|1|0
[Opponent] Catarina Devon ["OP16-104">OP16-104]: Draw 1 Card
[You] Stussy ["OP17-054">OP17-054] attacking Marshall D. Teach ["OP16-080">OP16-080]
Stussy ["OP17-054">OP17-054][5000] vs Marshall D. Teach ["OP16-080">OP16-080][5000]
Marshall D. Teach ["OP16-080">OP16-080] hit for 1 damage
RZ1|156|2|OP09-096|3|1|1|4|1|1|0|0|0
RZ1|CHK|156|2|34|5|3|1|4|6|6|1|1|0
[Opponent] This is MY AGE!!!! ["OP09-096">OP09-096]: Activate Trigger
RZ1|157|2|OP09-096|1|4|6|6|1|1|0|0|0
RZ1|CHK|157|2|34|4|3|1|4|6|7|1|1|0
RZ1|158|2|OP09-093|0|33|1|4|1|1|0|0|0
RZ1|CHK|158|2|33|5|3|1|4|6|7|1|1|0
[Opponent] This is MY AGE!!!! ["OP09-096">OP09-096]: <b>Reveal and Draw Marshall D. Teach ["OP09-093">OP09-093]</b>
[Opponent] This is MY AGE!!!! ["OP09-096">OP09-096]: Trash 2 Remaining Cards
RZ1|159|2|EB04-058|0|32|6|7|1|1|0|0|0
RZ1|CHK|159|2|32|5|3|1|4|6|8|1|1|0
RZ1|160|2|OP16-108|0|31|6|8|1|1|0|0|0
RZ1|CHK|160|2|31|5|3|1|4|6|9|1|1|0
[You] Rocks D. Xebec ["OP17-039">OP17-039] attacking Marshall D. Teach ["OP16-080">OP16-080]
RZ1|161|1|OP17-055|1|3|6|5|1|1|0|0|0
RZ1|CHK|161|1|31|4|5|4|3|7|6|0|1|0
[You] Rocks D. Xebec ["OP17-039">OP17-039]: Trash There's No Authority in the World ["OP17-055">OP17-055]
RZ1|162|1|OP17-054|0|30|0|30|0|0|0|0|0
RZ1|CHK|162|1|31|4|5|4|3|7|6|0|1|0
[You] Rocks D. Xebec ["OP17-039">OP17-039] revealed: Stussy ["OP17-054">OP17-054]
[] Drew card from deck: Stussy ["OP17-054">OP17-054]
RZ1|163|1|OP17-054|0|30|1|4|1|1|0|0|0
RZ1|CHK|163|1|30|5|5|4|3|7|6|0|1|0
[] Drew card from deck: Charlotte Linlin ["OP17-049">OP17-049]
RZ1|164|1|OP17-049|0|29|1|5|1|1|0|0|0
RZ1|CHK|164|1|29|6|5|4|3|7|6|0|1|0
[You] Rocks D. Xebec ["OP17-039">OP17-039]: Draw 2 Card
Rocks D. Xebec ["OP17-039">OP17-039][5000] vs Marshall D. Teach ["OP16-080">OP16-080][5000]
Marshall D. Teach ["OP16-080">OP16-080] hit for 1 damage
RZ1|165|2|OP09-096|3|0|1|5|1|1|0|0|0
RZ1|CHK|165|2|31|6|3|0|4|6|9|1|1|0
[Opponent] This is MY AGE!!!! ["OP09-096">OP09-096]: Activate Trigger
RZ1|166|2|OP09-096|1|5|6|9|1|1|0|0|0
RZ1|CHK|166|2|31|5|3|0|4|6|10|1|1|0
RZ1|167|2|OP16-110|0|28|1|5|1|1|0|0|0
RZ1|CHK|167|2|30|6|3|0|4|6|10|1|1|0
[Opponent] This is MY AGE!!!! ["OP09-096">OP09-096]: <b>Reveal and Draw Vasco Shot ["OP16-110">OP16-110]</b>
[Opponent] This is MY AGE!!!! ["OP09-096">OP09-096]: Trash 2 Remaining Cards
RZ1|168|2|OP09-095|0|29|6|10|1|1|0|0|0
RZ1|CHK|168|2|29|6|3|0|4|6|11|1|1|0
RZ1|169|2|OP16-119|0|28|6|11|1|1|0|0|0
RZ1|CHK|169|2|28|6|3|0|4|6|12|1|1|0
[] Hand: [OP17-049,OP17-056,OP17-040,OP17-040,OP17-054,OP17-049]
[] Board: [OP17-050,OP17-054,OP17-054,OP17-045,OP17-048]
[] Trash: [OP17-057,OP17-056,OP17-044,OP17-046,OP17-050,OP17-055]
[] Life: 4
[] Hand: [OP16-119,OP09-093,OP16-119,OP16-104,OP09-093,OP16-110]
[] Trash: [OP09-086,OP16-108,OP16-119,OP12-112,EB04-059,OP16-104,OP09-096,EB04-058,OP16-108,OP09-096,OP09-095,OP16-119]
[] Board: [OP16-109,OP09-086,OP16-108]
[] Life: 0
[You] End Turn
[] Hand: [OP16-119,OP09-093,OP16-119,OP16-104,OP09-093,OP16-110]
[] Board: [OP16-109,OP09-086,OP16-108]
[] Trash: [OP09-086,OP16-108,OP16-119,OP12-112,EB04-059,OP16-104,OP09-096,EB04-058,OP16-108,OP09-096,OP09-095,OP16-119]
[] Life: 0
[] Hand: [OP17-049,OP17-056,OP17-040,OP17-040,OP17-054,OP17-049]
[] Trash: [OP17-057,OP17-056,OP17-044,OP17-046,OP17-050,OP17-055]
[] Board: [OP17-050,OP17-054,OP17-054,OP17-045,OP17-048]
[] Life: 4
[Opponent] Draw 1 Card
[] Drew card from deck: Jesus Burgess ["OP09-086">OP09-086]
RZ1|170|2|OP09-086|0|27|1|6|1|1|0|0|0
RZ1|CHK|170|2|27|7|3|0|4|6|12|1|1|0
RZ1|171|2|Don|4|3|5|6|1|1|0|0|0
RZ1|CHK|171|2|27|7|3|0|3|7|12|1|1|0
RZ1|172|2|Don|4|2|5|7|1|1|0|0|0
RZ1|CHK|172|2|27|7|3|0|2|8|12|1|1|0
[Opponent] Draw 2 Don
RZ1|173|2|Don|5|0|5|0|1|1|1|0|0
RZ1|CHK|173|2|27|7|3|0|2|8|12|1|1|0
RZ1|174|2|Don|5|1|5|1|1|1|1|0|0
RZ1|CHK|174|2|27|7|3|0|2|8|12|1|1|0
RZ1|175|2|Don|5|2|5|2|1|1|1|0|0
RZ1|CHK|175|2|27|7|3|0|2|8|12|1|1|0
RZ1|176|2|Don|5|3|5|3|1|1|1|0|0
RZ1|CHK|176|2|27|7|3|0|2|8|12|1|1|0
RZ1|177|2|Don|5|4|5|4|1|1|1|0|0
RZ1|CHK|177|2|27|7|3|0|2|8|12|1|1|0
RZ1|178|2|Don|5|5|5|5|1|1|1|0|0
RZ1|CHK|178|2|27|7|3|0|2|8|12|1|1|0
RZ1|179|2|Don|5|6|5|6|1|1|1|0|0
RZ1|CHK|179|2|27|7|3|0|2|8|12|1|1|0
RZ1|180|2|Don|5|7|5|7|1|1|1|0|0
RZ1|CHK|180|2|27|7|3|0|2|8|12|1|1|0
[Opponent] Deploy Marshall D. Teach ["OP16-119">OP16-119]
RZ1|181|2|OP16-119|1|0|2|3|1|1|0|0|0
RZ1|CHK|181|2|27|6|4|0|2|8|12|1|1|0
[Opponent] Marshall D. Teach ["OP16-119">OP16-119]: Added card to top of Life from Hand
RZ1|182|2|OP09-093|0|26|3|0|0|1|0|0|0
RZ1|CHK|182|2|26|6|4|1|2|8|12|1|1|0
[Opponent] Placing Cards on Bottom of Deck
RZ1|183|2|OP16-106|0|25|0|0|0|0|0|0|0
RZ1|CHK|183|2|26|6|4|1|2|8|12|1|1|0
RZ1|184|2|OP16-109|0|25|0|0|0|0|0|0|0
RZ1|CHK|184|2|26|6|4|1|2|8|12|1|1|0
[Opponent] Jesus Burgess ["OP09-086">OP09-086] attacking Rocks D. Xebec ["OP17-039">OP17-039]
RZ1|185|1|OP17-049|1|0|6|6|1|1|0|0|0
RZ1|CHK|185|1|29|5|5|4|3|7|7|0|1|0
[You] Shiki ["OP17-048">OP17-048]: Trash Charlotte Linlin ["OP17-049">OP17-049]
[You] Shiki ["OP17-048">OP17-048]: Buff Marshall D. Teach ["OP16-119">OP16-119] -3000
Jesus Burgess ["OP09-086">OP09-086][8000] vs Rocks D. Xebec ["OP17-039">OP17-039][5000]
Rocks D. Xebec ["OP17-039">OP17-039] hit for 1 damage
RZ1|186|1|OP17-042|3|3|1|5|1|1|0|0|0
RZ1|CHK|186|1|29|6|5|3|3|7|7|0|1|0
[Opponent] Shiryu ["OP16-108">OP16-108] attacking Rocks D. Xebec ["OP17-039">OP17-039]
Shiryu ["OP16-108">OP16-108][8000] vs Rocks D. Xebec ["OP17-039">OP17-039][5000]
Rocks D. Xebec ["OP17-039">OP17-039] hit for 1 damage
RZ1|187|1|OP17-048|3|2|1|6|1|1|0|0|0
RZ1|CHK|187|1|29|7|5|2|3|7|7|0|1|0
[Opponent] Marshall D. Teach ["OP16-080">OP16-080] attacking Rocks D. Xebec ["OP17-039">OP17-039]
Marshall D. Teach ["OP16-080">OP16-080][5000] vs Rocks D. Xebec ["OP17-039">OP17-039][5000]
Rocks D. Xebec ["OP17-039">OP17-039] hit for 1 damage
RZ1|188|1|OP17-046|3|1|1|7|1|1|0|0|0
RZ1|CHK|188|1|29|8|5|1|3|7|7|0|1|0
[Opponent] Fullalead ["OP09-099">OP09-099]: Rest Fullalead ["OP09-099">OP09-099]
RZ1|189|2|OP09-086|1|5|6|12|1|1|0|0|0
RZ1|CHK|189|2|26|5|4|1|2|8|13|1|1|0
[Opponent] Fullalead ["OP09-099">OP09-099]: Trash Jesus Burgess ["OP09-086">OP09-086]
RZ1|190|2|OP16-109|0|23|1|5|1|1|0|0|0
RZ1|CHK|190|2|25|6|4|1|2|8|13|1|1|0
[Opponent] Fullalead ["OP09-099">OP09-099]: <b>Reveal and Draw Doc Q ["OP16-109">OP16-109]</b>
[Opponent] Placing Cards on Bottom of Deck
RZ1|191|2|OP16-103|0|24|0|0|0|0|0|0|0
RZ1|CHK|191|2|25|6|4|1|2|8|13|1|1|0
RZ1|192|2|OP16-116|0|24|0|0|0|0|0|0|0
RZ1|CHK|192|2|25|6|4|1|2|8|13|1|1|0
[] Hand: [OP09-093,OP16-119,OP16-104,OP09-093,OP16-110,OP16-109]
[] Board: [OP16-109,OP09-086,OP16-108,OP16-119]
[] Trash: [OP09-086,OP16-108,OP16-119,OP12-112,EB04-059,OP16-104,OP09-096,EB04-058,OP16-108,OP09-096,OP09-095,OP16-119,OP09-086]
[] Life: 1
[] Hand: [OP17-056,OP17-040,OP17-040,OP17-054,OP17-049,OP17-042,OP17-048,OP17-046]
[] Trash: [OP17-057,OP17-056,OP17-044,OP17-046,OP17-050,OP17-055,OP17-049]
[] Board: [OP17-050,OP17-054,OP17-054,OP17-045,OP17-048]
[] Life: 1
[Opponent] End Turn
[] Hand: [OP17-056,OP17-040,OP17-040,OP17-054,OP17-049,OP17-042,OP17-048,OP17-046]
[] Board: [OP17-050,OP17-054,OP17-054,OP17-045,OP17-048]
[] Trash: [OP17-057,OP17-056,OP17-044,OP17-046,OP17-050,OP17-055,OP17-049]
[] Life: 1
[] Hand: [OP09-093,OP16-119,OP16-104,OP09-093,OP16-110,OP16-109]
[] Trash: [OP09-086,OP16-108,OP16-119,OP12-112,EB04-059,OP16-104,OP09-096,EB04-058,OP16-108,OP09-096,OP09-095,OP16-119,OP09-086]
[] Board: [OP16-109,OP09-086,OP16-108,OP16-119]
[] Life: 1
[You] Draw 1 Card
[] Drew card from deck: Rocks Pirates ["OP17-056">OP17-056]
RZ1|193|1|OP17-056|0|28|1|8|1|1|0|0|0
RZ1|CHK|193|1|28|9|5|1|3|7|7|0|1|0
RZ1|194|1|Don|4|2|5|7|1|1|0|0|0
RZ1|CHK|194|1|28|9|5|1|2|8|7|0|1|0
RZ1|195|1|Don|4|1|5|8|1|1|0|0|0
RZ1|CHK|195|1|28|9|5|1|1|9|7|0|1|0
[You] Draw 2 Don
RZ1|196|1|Don|5|0|9|100|1|1|0|0|0
RZ1|CHK|196|1|28|9|5|1|1|8|7|0|1|1
[You] Attach 1 Don to Stussy ["OP17-054">OP17-054] (1 Total)
[You] Stussy ["OP17-054">OP17-054] attacking Marshall D. Teach ["OP16-080">OP16-080]
[Opponent] Discard Catarina Devon ["OP16-104">OP16-104] for Counter 2000
RZ1|197|2|OP16-104|1|2|6|13|1|1|0|0|0
RZ1|CHK|197|2|25|5|4|1|2|8|14|1|1|0
Stussy ["OP17-054">OP17-054][6000] vs Marshall D. Teach ["OP16-080">OP16-080][7000]
Attack Fails
RZ1|198|1|Don|5|0|9|200|1|1|0|0|0
RZ1|CHK|198|1|28|9|5|1|1|7|7|0|1|2
[You] Attach 1 Don to Stussy ["OP17-054">OP17-054] (1 Total)
[You] Stussy ["OP17-054">OP17-054] attacking Marshall D. Teach ["OP16-080">OP16-080]
[Opponent] Discard Doc Q ["OP16-109">OP16-109] for Counter 2000
RZ1|199|2|OP16-109|1|4|6|14|1|1|0|0|0
RZ1|CHK|199|2|25|4|4|1|2|8|15|1|1|0
Stussy ["OP17-054">OP17-054][6000] vs Marshall D. Teach ["OP16-080">OP16-080][7000]
Attack Fails
[You] Shiki ["OP17-048">OP17-048] attacking Marshall D. Teach ["OP16-080">OP16-080]
RZ1|200|1|OP17-054|1|3|6|7|1|1|0|0|0
RZ1|CHK|200|1|28|8|5|1|1|7|8|0|1|2
[You] Shiki ["OP17-048">OP17-048]: Trash Stussy ["OP17-054">OP17-054]
[You] Shiki ["OP17-048">OP17-048]: Buff Marshall D. Teach ["OP16-119">OP16-119] -3000
Shiki ["OP17-048">OP17-048][9000] vs Marshall D. Teach ["OP16-080">OP16-080][5000]
Marshall D. Teach ["OP16-080">OP16-080] hit for 1 damage
RZ1|201|2|OP09-093|3|0|1|4|1|1|0|0|0
RZ1|CHK|201|2|25|5|4|0|2|8|15|1|1|0
[You] Rocks D. Xebec ["OP17-039">OP17-039] attacking Marshall D. Teach ["OP16-080">OP16-080]
RZ1|202|1|OP17-049|1|3|6|8|1|1|0|0|0
RZ1|CHK|202|1|28|7|5|1|1|7|9|0|1|2
[You] Rocks D. Xebec ["OP17-039">OP17-039]: Trash Charlotte Linlin ["OP17-049">OP17-049]
RZ1|203|1|OP17-046|0|27|0|27|0|0|0|0|0
RZ1|CHK|203|1|28|7|5|1|1|7|9|0|1|2
[You] Rocks D. Xebec ["OP17-039">OP17-039] revealed: Gloriosa ["OP17-046">OP17-046]
[] Drew card from deck: Gloriosa ["OP17-046">OP17-046]
RZ1|204|1|OP17-046|0|27|1|7|1|1|0|0|0
RZ1|CHK|204|1|27|8|5|1|1|7|9|0|1|2
[] Drew card from deck: There's No Authority in the World ["OP17-055">OP17-055]
RZ1|205|1|OP17-055|0|26|1|8|1|1|0|0|0
RZ1|CHK|205|1|26|9|5|1|1|7|9|0|1|2
[You] Rocks D. Xebec ["OP17-039">OP17-039]: Draw 2 Card
RZ1|206|2|OP16-110|1|3|6|15|1|1|0|0|0
RZ1|CHK|206|2|25|4|4|0|2|8|16|1|1|0
[Opponent] Marshall D. Teach ["OP16-080">OP16-080]: Trash Vasco Shot ["OP16-110">OP16-110]
[Opponent] Marshall D. Teach ["OP16-080">OP16-080]: Target of Attack changed to Doc Q ["OP16-109">OP16-109]
Rocks D. Xebec ["OP17-039">OP17-039][5000] vs Doc Q ["OP16-109">OP16-109][0]
[Opponent] Doc Q ["OP16-109">OP16-109] Destroyed
RZ1|207|2|OP16-109|2|0|6|16|1|1|0|0|0
RZ1|CHK|207|2|25|4|3|0|2|8|17|1|1|0
[] Drew card from deck: Shiryu ["OP16-108">OP16-108]
RZ1|208|2|OP16-108|0|24|1|4|1|1|0|0|0
RZ1|CHK|208|2|24|5|3|0|2|8|17|1|1|0
[Opponent] Doc Q ["OP16-109">OP16-109]: Draw 1 Card
RZ1|209|1|Don|5|0|9|0|1|1|0|0|0
RZ1|CHK|209|1|26|9|5|1|1|6|9|0|1|3
RZ1|210|1|Don|5|0|9|1|1|1|0|0|0
RZ1|CHK|210|1|26|9|5|1|1|5|9|0|1|4
RZ1|211|1|Don|5|0|9|2|1|1|0|0|0
RZ1|CHK|211|1|26|9|5|1|1|4|9|0|1|5
[You] Attach 3 Don to Streusen ["OP17-050">OP17-050] (3 Total)
[You] Streusen ["OP17-050">OP17-050] attacking Marshall D. Teach ["OP16-080">OP16-080]
Streusen ["OP17-050">OP17-050][5000] vs Marshall D. Teach ["OP16-080">OP16-080][5000]
Marshall D. Teach ["OP16-080">OP16-080] hit for 1 damage
[Opponent] <b>Downloaded the Combat Log!</b>
GameOver
