Version is 1.42c.22
[You] Leader is Rocks D. Xebec ["OP17-039">OP17-039]
[Opponent] Leader is Monkey D. Luffy ["OP17-079">OP17-079]
RZ1|6|2|OP17-084|0|2|0|0|0|0|0|0|0
RZ1|CHK|6|2|50|0|0|0|10|0|0|0|1|0
RZ1|7|2|OP17-089|0|23|0|1|0|0|0|0|0
RZ1|CHK|7|2|50|0|0|0|10|0|0|0|1|0
RZ1|8|2|OP17-119|0|29|0|2|0|0|0|0|0
RZ1|CHK|8|2|50|0|0|0|10|0|0|0|1|0
RZ1|9|2|OP17-084|0|4|0|3|0|0|0|0|0
RZ1|CHK|9|2|50|0|0|0|10|0|0|0|1|0
RZ1|10|2|OP17-094|0|12|0|4|0|0|0|0|0
RZ1|CHK|10|2|50|0|0|0|10|0|0|0|1|0
RZ1|11|2|OP17-088|0|33|0|5|0|0|0|0|0
RZ1|CHK|11|2|50|0|0|0|10|0|0|0|1|0
RZ1|12|2|OP17-096|0|38|0|6|0|0|0|0|0
RZ1|CHK|12|2|50|0|0|0|10|0|0|0|1|0
RZ1|13|2|OP17-088|0|34|0|7|0|0|0|0|0
RZ1|CHK|13|2|50|0|0|0|10|0|0|0|1|0
RZ1|14|2|OP17-096|0|41|0|8|0|0|0|0|0
RZ1|CHK|14|2|50|0|0|0|10|0|0|0|1|0
RZ1|15|2|OP17-081|0|23|0|9|0|0|0|0|0
RZ1|CHK|15|2|50|0|0|0|10|0|0|0|1|0
RZ1|16|2|OP17-097|0|44|0|10|0|0|0|0|0
RZ1|CHK|16|2|50|0|0|0|10|0|0|0|1|0
RZ1|17|2|OP17-089|0|30|0|11|0|0|0|0|0
RZ1|CHK|17|2|50|0|0|0|10|0|0|0|1|0
RZ1|18|2|OP17-086|0|17|0|12|0|0|0|0|0
RZ1|CHK|18|2|50|0|0|0|10|0|0|0|1|0
RZ1|19|2|OP17-098|0|48|0|13|0|0|0|0|0
RZ1|CHK|19|2|50|0|0|0|10|0|0|0|1|0
RZ1|20|2|OP17-098|0|48|0|14|0|0|0|0|0
RZ1|CHK|20|2|50|0|0|0|10|0|0|0|1|0
RZ1|21|2|OP17-097|0|46|0|15|0|0|0|0|0
RZ1|CHK|21|2|50|0|0|0|10|0|0|0|1|0
RZ1|22|2|OP17-094|0|23|0|16|0|0|0|0|0
RZ1|CHK|22|2|50|0|0|0|10|0|0|0|1|0
RZ1|23|2|OP17-094|0|22|0|17|0|0|0|0|0
RZ1|CHK|23|2|50|0|0|0|10|0|0|0|1|0
RZ1|24|2|OP17-097|0|47|0|18|0|0|0|0|0
RZ1|CHK|24|2|50|0|0|0|10|0|0|0|1|0
RZ1|25|2|OP17-119|0|39|0|19|0|0|0|0|0
RZ1|CHK|25|2|50|0|0|0|10|0|0|0|1|0
RZ1|26|2|OP17-080|0|28|0|20|0|0|0|0|0
RZ1|CHK|26|2|50|0|0|0|10|0|0|0|1|0
RZ1|27|2|OP17-119|0|39|0|21|0|0|0|0|0
RZ1|CHK|27|2|50|0|0|0|10|0|0|0|1|0
RZ1|28|2|OP17-086|0|24|0|23|0|0|0|0|0
RZ1|CHK|28|2|50|0|0|0|10|0|0|0|1|0
RZ1|29|2|OP17-093|0|41|0|24|0|0|0|0|0
RZ1|CHK|29|2|50|0|0|0|10|0|0|0|1|0
RZ1|30|2|OP17-086|0|26|0|25|0|0|0|0|0
RZ1|CHK|30|2|50|0|0|0|10|0|0|0|1|0
RZ1|31|2|OP17-097|0|47|0|26|0|0|0|0|0
RZ1|CHK|31|2|50|0|0|0|10|0|0|0|1|0
RZ1|32|2|OP17-080|0|30|0|27|0|0|0|0|0
RZ1|CHK|32|2|50|0|0|0|10|0|0|0|1|0
RZ1|33|2|OP17-098|0|48|0|28|0|0|0|0|0
RZ1|CHK|33|2|50|0|0|0|10|0|0|0|1|0
RZ1|34|2|OP17-091|0|37|0|29|0|0|0|0|0
RZ1|CHK|34|2|50|0|0|0|10|0|0|0|1|0
RZ1|35|2|OP17-089|0|40|0|30|0|0|0|0|0
RZ1|CHK|35|2|50|0|0|0|10|0|0|0|1|0
RZ1|36|2|OP17-080|0|35|0|31|0|0|0|0|0
RZ1|CHK|36|2|50|0|0|0|10|0|0|0|1|0
RZ1|37|2|OP17-086|0|33|0|32|0|0|0|0|0
RZ1|CHK|37|2|50|0|0|0|10|0|0|0|1|0
RZ1|38|2|OP17-095|0|39|0|33|0|0|0|0|0
RZ1|CHK|38|2|50|0|0|0|10|0|0|0|1|0
RZ1|39|2|OP17-085|0|42|0|34|0|0|0|0|0
RZ1|CHK|39|2|50|0|0|0|10|0|0|0|1|0
RZ1|40|2|OP17-093|0|45|0|35|0|0|0|0|0
RZ1|CHK|40|2|50|0|0|0|10|0|0|0|1|0
RZ1|41|2|OP17-081|0|41|0|36|0|0|0|0|0
RZ1|CHK|41|2|50|0|0|0|10|0|0|0|1|0
RZ1|42|2|OP17-081|0|40|0|37|0|0|0|0|0
RZ1|CHK|42|2|50|0|0|0|10|0|0|0|1|0
RZ1|43|2|OP17-081|0|41|0|38|0|0|0|0|0
RZ1|CHK|43|2|50|0|0|0|10|0|0|0|1|0
RZ1|44|2|OP17-096|0|47|0|39|0|0|0|0|0
RZ1|CHK|44|2|50|0|0|0|10|0|0|0|1|0
RZ1|45|2|OP17-089|0|43|0|40|0|0|0|0|0
RZ1|CHK|45|2|50|0|0|0|10|0|0|0|1|0
RZ1|46|2|OP17-098|0|49|0|41|0|0|0|0|0
RZ1|CHK|46|2|50|0|0|0|10|0|0|0|1|0
RZ1|47|2|OP17-093|0|48|0|42|0|0|0|0|0
RZ1|CHK|47|2|50|0|0|0|10|0|0|0|1|0
RZ1|48|2|OP17-119|0|47|0|43|0|0|0|0|0
RZ1|CHK|48|2|50|0|0|0|10|0|0|0|1|0
RZ1|49|2|OP17-085|0|47|0|44|0|0|0|0|0
RZ1|CHK|49|2|50|0|0|0|10|0|0|0|1|0
RZ1|50|2|OP17-093|0|48|0|46|0|0|0|0|0
RZ1|CHK|50|2|50|0|0|0|10|0|0|0|1|0
RZ1|51|2|OP17-096|0|49|0|47|0|0|0|0|0
RZ1|CHK|51|2|50|0|0|0|10|0|0|0|1|0
RZ1|52|2|OP17-080|0|49|0|48|0|0|0|0|0
RZ1|CHK|52|2|50|0|0|0|10|0|0|0|1|0
[] Drew card from deck: Kaido ["OP17-042">OP17-042]
RZ1|53|1|OP17-042|0|49|1|0|1|1|0|0|0
RZ1|CHK|53|1|49|1|0|0|10|0|0|0|1|0
[] Drew card from deck: Streusen ["OP17-050">OP17-050]
RZ1|54|1|OP17-050|0|48|1|1|1|1|0|0|0
RZ1|CHK|54|1|48|2|0|0|10|0|0|0|1|0
[] Drew card from deck: Shiki ["OP17-048">OP17-048]
RZ1|55|1|OP17-048|0|47|1|2|1|1|0|0|0
RZ1|CHK|55|1|47|3|0|0|10|0|0|0|1|0
[] Drew card from deck: Captain John ["OP17-044">OP17-044]
RZ1|56|1|OP17-044|0|46|1|3|1|1|0|0|0
RZ1|CHK|56|1|46|4|0|0|10|0|0|0|1|0
[] Drew card from deck: Rocks Pirates ["OP17-056">OP17-056]
RZ1|57|1|OP17-056|0|45|1|4|1|1|0|0|0
RZ1|CHK|57|1|45|5|0|0|10|0|0|0|1|0
[] Drew card from deck: Rodo ["OP17-094">OP17-094]
RZ1|58|2|OP17-094|0|49|1|0|1|1|0|0|0
RZ1|CHK|58|2|49|1|0|0|10|0|0|0|1|0
[] Drew card from deck: Usopp ["OP17-080">OP17-080]
RZ1|59|2|OP17-080|0|48|1|1|1|1|0|0|0
RZ1|CHK|59|2|48|2|0|0|10|0|0|0|1|0
[] Drew card from deck: I'm Luffy! The Man Who's Gonna Become the King of the Pirates! ["OP17-096">OP17-096]
RZ1|60|2|OP17-096|0|47|1|2|1|1|0|0|0
RZ1|CHK|60|2|47|3|0|0|10|0|0|0|1|0
[] Drew card from deck: Monkey D. Luffy ["OP17-093">OP17-093]
RZ1|61|2|OP17-093|0|46|1|3|1|1|0|0|0
RZ1|CHK|61|2|46|4|0|0|10|0|0|0|1|0
[] Drew card from deck: Tony Tony Chopper ["OP17-084">OP17-084]
RZ1|62|2|OP17-084|0|45|1|4|1|1|0|0|0
RZ1|CHK|62|2|45|5|0|0|10|0|0|0|1|0
RZ1|63|1|OP17-053|0|44|3|0|1|0|0|0|0
RZ1|CHK|63|1|44|5|0|1|10|0|0|0|1|0
RZ1|64|1|OP17-118|0|43|3|1|1|0|0|0|0
RZ1|CHK|64|1|43|5|0|2|10|0|0|0|1|0
RZ1|65|1|OP17-057|0|42|3|2|1|0|0|0|0
RZ1|CHK|65|1|42|5|0|3|10|0|0|0|1|0
RZ1|66|1|OP17-050|0|41|3|3|1|0|0|0|0
RZ1|CHK|66|1|41|5|0|4|10|0|0|0|1|0
RZ1|67|1|OP17-053|0|40|3|4|1|0|0|0|0
RZ1|CHK|67|1|40|5|0|5|10|0|0|0|1|0
RZ1|68|2|OP17-085|0|44|3|0|0|1|0|0|0
RZ1|CHK|68|2|44|5|0|1|10|0|0|0|1|0
RZ1|69|2|OP17-119|0|43|3|1|0|1|0|0|0
RZ1|CHK|69|2|43|5|0|2|10|0|0|0|1|0
RZ1|70|2|OP17-093|0|42|3|2|0|1|0|0|0
RZ1|CHK|70|2|42|5|0|3|10|0|0|0|1|0
RZ1|71|2|OP17-098|0|41|3|3|0|1|0|0|0
RZ1|CHK|71|2|41|5|0|4|10|0|0|0|1|0
RZ1|72|2|OP17-089|0|40|3|4|0|1|0|0|0
RZ1|CHK|72|2|40|5|0|5|10|0|0|0|1|0
[] Hand: [OP17-042,OP17-050,OP17-048,OP17-044,OP17-056]
[] Board: []
[] Trash: []
[] Life: 5
[] Hand: [OP17-094,OP17-080,OP17-096,OP17-093,OP17-084]
[] Trash: []
[] Board: []
[] Life: 5
RZ1|73|1|Don|4|9|5|0|1|1|0|0|0
RZ1|CHK|73|1|40|5|0|5|9|1|0|0|1|0
[You] Draw 1 Don
RZ1|74|1|Don|5|0|5|0|1|1|1|0|0
RZ1|CHK|74|1|40|5|0|5|9|1|0|0|1|0
[You] Deploy Streusen ["OP17-050">OP17-050]
RZ1|75|1|OP17-050|1|1|2|0|1|1|0|0|0
RZ1|CHK|75|1|40|4|1|5|9|1|0|0|1|0
[You] Placing Cards on Top of Deck
RZ1|76|1|OP17-046|0|38|0|39|0|0|0|0|0
RZ1|CHK|76|1|40|4|1|5|9|1|0|0|1|0
RZ1|77|1|OP17-118|0|38|0|39|0|0|0|0|0
RZ1|CHK|77|1|40|4|1|5|9|1|0|0|1|0
[] Drew card from deck: Rocks D. Xebec ["OP17-118">OP17-118]
RZ1|78|1|OP17-118|0|39|1|4|1|1|0|0|0
RZ1|CHK|78|1|39|5|1|5|9|1|0|0|1|0
[You] Streusen ["OP17-050">OP17-050]: Draw 1 Card
[] Hand: [OP17-042,OP17-048,OP17-044,OP17-056,OP17-118]
[] Board: [OP17-050]
[] Trash: []
[] Life: 5
[] Hand: [OP17-094,OP17-080,OP17-096,OP17-093,OP17-084]
[] Trash: []
[] Board: []
[] Life: 5
[You] End Turn
[] Hand: [OP17-094,OP17-080,OP17-096,OP17-093,OP17-084]
[] Board: []
[] Trash: []
[] Life: 5
[] Hand: [OP17-042,OP17-048,OP17-044,OP17-056,OP17-118]
[] Trash: []
[] Board: [OP17-050]
[] Life: 5
[Opponent] Draw 1 Card
[] Drew card from deck: I'm Luffy! The Man Who's Gonna Become the King of the Pirates! ["OP17-096">OP17-096]
RZ1|79|2|OP17-096|0|39|1|5|1|1|0|0|0
RZ1|CHK|79|2|39|6|0|5|10|0|0|0|1|0
RZ1|80|2|Don|4|9|5|0|1|1|0|0|0
RZ1|CHK|80|2|39|6|0|5|9|1|0|0|1|0
RZ1|81|2|Don|4|8|5|1|1|1|0|0|0
RZ1|CHK|81|2|39|6|0|5|8|2|0|0|1|0
[Opponent] Draw 2 Don
RZ1|82|2|Don|5|0|5|0|1|1|1|0|0
RZ1|CHK|82|2|39|6|0|5|8|2|0|0|1|0
RZ1|83|2|Don|5|1|5|1|1|1|1|0|0
RZ1|CHK|83|2|39|6|0|5|8|2|0|0|1|0
[Opponent] Deploy Usopp ["OP17-080">OP17-080]
RZ1|84|2|OP17-080|1|1|2|0|1|1|0|0|0
RZ1|CHK|84|2|39|5|1|5|8|2|0|0|1|0
RZ1|85|2|OP17-081|0|38|1|5|1|1|0|0|0
RZ1|CHK|85|2|38|6|1|5|8|2|0|0|1|0
[Opponent] Usopp ["OP17-080">OP17-080]: <b>Reveal and Draw Gerd ["OP17-081">OP17-081]</b>
[Opponent] Usopp ["OP17-080">OP17-080]: Trash 2 Remaining Cards
RZ1|86|2|OP17-081|0|37|6|0|1|1|0|0|0
RZ1|CHK|86|2|37|6|1|5|8|2|1|0|1|0
RZ1|87|2|OP17-081|0|36|6|1|1|1|0|0|0
RZ1|CHK|87|2|36|6|1|5|8|2|2|0|1|0
[] Hand: [OP17-094,OP17-096,OP17-093,OP17-084,OP17-096,OP17-081]
[] Board: [OP17-080]
[] Trash: [OP17-081,OP17-081]
[] Life: 5
[] Hand: [OP17-042,OP17-048,OP17-044,OP17-056,OP17-118]
[] Trash: []
[] Board: [OP17-050]
[] Life: 5
[Opponent] End Turn
[] Hand: [OP17-042,OP17-048,OP17-044,OP17-056,OP17-118]
[] Board: [OP17-050]
[] Trash: []
[] Life: 5
[] Hand: [OP17-094,OP17-096,OP17-093,OP17-084,OP17-096,OP17-081]
[] Trash: [OP17-081,OP17-081]
[] Board: [OP17-080]
[] Life: 5
[You] Draw 1 Card
[] Drew card from deck: Gloriosa ["OP17-046">OP17-046]
RZ1|88|1|OP17-046|0|38|1|5|1|1|0|0|0
RZ1|CHK|88|1|38|6|1|5|9|1|0|0|1|0
RZ1|89|1|Don|4|8|5|1|1|1|0|0|0
RZ1|CHK|89|1|38|6|1|5|8|2|0|0|1|0
RZ1|90|1|Don|4|7|5|2|1|1|0|0|0
RZ1|CHK|90|1|38|6|1|5|7|3|0|0|1|0
[You] Draw 2 Don
[You] Rocks D. Xebec ["OP17-039">OP17-039] attacking Monkey D. Luffy ["OP17-079">OP17-079]
RZ1|91|1|OP17-046|1|5|6|0|1|1|0|0|0
RZ1|CHK|91|1|38|5|1|5|7|3|1|0|1|0
[You] Rocks D. Xebec ["OP17-039">OP17-039]: Trash Gloriosa ["OP17-046">OP17-046]
RZ1|92|1|OP17-040|0|37|0|37|0|0|0|0|0
RZ1|CHK|92|1|38|5|1|5|7|3|1|0|1|0
[You] Rocks D. Xebec ["OP17-039">OP17-039] revealed: Edward Newgate ["OP17-040">OP17-040]
[] Drew card from deck: Edward Newgate ["OP17-040">OP17-040]
RZ1|93|1|OP17-040|0|37|1|5|1|1|0|0|0
RZ1|CHK|93|1|37|6|1|5|7|3|1|0|1|0
[] Drew card from deck: Edward Newgate ["OP17-040">OP17-040]
RZ1|94|1|OP17-040|0|36|1|6|1|1|0|0|0
RZ1|CHK|94|1|36|7|1|5|7|3|1|0|1|0
[You] Rocks D. Xebec ["OP17-039">OP17-039]: Draw 2 Card
Rocks D. Xebec ["OP17-039">OP17-039][5000] vs Monkey D. Luffy ["OP17-079">OP17-079][5000]
Monkey D. Luffy ["OP17-079">OP17-079] hit for 1 damage
RZ1|95|2|OP17-089|3|4|1|6|1|1|0|0|0
RZ1|CHK|95|2|36|7|1|4|8|2|2|0|1|0
RZ1|96|1|Don|5|0|9|0|1|1|0|0|0
RZ1|CHK|96|1|36|7|1|5|7|2|1|0|1|1
RZ1|97|1|Don|5|0|9|1|1|1|0|0|0
RZ1|CHK|97|1|36|7|1|5|7|1|1|0|1|2
RZ1|98|1|Don|5|0|9|2|1|1|0|0|0
RZ1|CHK|98|1|36|7|1|5|7|0|1|0|1|3
[You] Attach 3 Don to Streusen ["OP17-050">OP17-050] (3 Total)
[You] Streusen ["OP17-050">OP17-050] attacking Monkey D. Luffy ["OP17-079">OP17-079]
[Opponent] Discard Rodo ["OP17-094">OP17-094] for Counter 2000
RZ1|99|2|OP17-094|1|0|6|2|1|1|0|0|0
RZ1|CHK|99|2|36|6|1|4|8|2|3|0|1|0
Streusen ["OP17-050">OP17-050][5000] vs Monkey D. Luffy ["OP17-079">OP17-079][7000]
Attack Fails
[] Hand: [OP17-042,OP17-048,OP17-044,OP17-056,OP17-118,OP17-040,OP17-040]
[] Board: [OP17-050]
[] Trash: [OP17-046]
[] Life: 5
[] Hand: [OP17-096,OP17-093,OP17-084,OP17-096,OP17-081,OP17-089]
[] Trash: [OP17-081,OP17-081,OP17-094]
[] Board: [OP17-080]
[] Life: 4
[You] End Turn
[] Hand: [OP17-096,OP17-093,OP17-084,OP17-096,OP17-081,OP17-089]
[] Board: [OP17-080]
[] Trash: [OP17-081,OP17-081,OP17-094]
[] Life: 4
[] Hand: [OP17-042,OP17-048,OP17-044,OP17-056,OP17-118,OP17-040,OP17-040]
[] Trash: [OP17-046]
[] Board: [OP17-050]
[] Life: 5
[Opponent] Draw 1 Card
[] Drew card from deck: Monkey D. Luffy ["OP17-093">OP17-093]
RZ1|100|2|OP17-093|0|35|1|6|1|1|0|0|0
RZ1|CHK|100|2|35|7|1|4|8|2|3|0|1|0
RZ1|101|2|Don|4|7|5|2|1|1|0|0|0
RZ1|CHK|101|2|35|7|1|4|7|3|3|0|1|0
RZ1|102|2|Don|4|6|5|3|1|1|0|0|0
RZ1|CHK|102|2|35|7|1|4|6|4|3|0|1|0
[Opponent] Draw 2 Don
RZ1|103|2|Don|5|0|5|0|1|1|1|0|0
RZ1|CHK|103|2|35|7|1|4|6|4|3|0|1|0
RZ1|104|2|Don|5|1|5|1|1|1|1|0|0
RZ1|CHK|104|2|35|7|1|4|6|4|3|0|1|0
RZ1|105|2|Don|5|2|5|2|1|1|1|0|0
RZ1|CHK|105|2|35|7|1|4|6|4|3|0|1|0
RZ1|106|2|Don|5|3|5|3|1|1|1|0|0
RZ1|CHK|106|2|35|7|1|4|6|4|3|0|1|0
[Opponent] Deploy Jaguar D. Saul ["OP17-089">OP17-089]
RZ1|107|2|OP17-089|1|5|2|1|1|1|0|0|12
RZ1|CHK|107|2|35|6|2|4|6|4|3|0|1|0
RZ1|108|2|OP17-095|0|33|1|6|1|1|0|0|0
RZ1|CHK|108|2|34|7|2|4|6|4|3|0|1|0
[Opponent] Jaguar D. Saul ["OP17-089">OP17-089]: <b>Reveal and Draw Roronoa Zoro ["OP17-095">OP17-095]</b>
[Opponent] Jaguar D. Saul ["OP17-089">OP17-089]: Trash 2 Remaining Cards
RZ1|109|2|OP17-085|0|33|6|3|1|1|0|0|0
RZ1|CHK|109|2|33|7|2|4|6|4|4|0|1|0
RZ1|110|2|OP17-086|0|32|6|4|1|1|0|0|0
RZ1|CHK|110|2|32|7|2|4|6|4|5|0|1|0
[Opponent] Usopp ["OP17-080">OP17-080] attacking Rocks D. Xebec ["OP17-039">OP17-039]
Usopp ["OP17-080">OP17-080][5000] vs Rocks D. Xebec ["OP17-039">OP17-039][5000]
Rocks D. Xebec ["OP17-039">OP17-039] hit for 1 damage
RZ1|111|1|OP17-053|3|4|1|7|1|1|0|0|0
RZ1|CHK|111|1|36|8|1|4|7|0|1|0|1|3
[Opponent] Monkey D. Luffy ["OP17-079">OP17-079] attacking Streusen ["OP17-050">OP17-050]
Monkey D. Luffy ["OP17-079">OP17-079][5000] vs Streusen ["OP17-050">OP17-050][2000]
[You] Streusen ["OP17-050">OP17-050] Destroyed
RZ1|112|1|Don|9|0|5|0|1|1|1|0|0
RZ1|CHK|112|1|36|8|1|4|7|1|1|0|1|2
RZ1|113|1|Don|9|0|5|0|1|1|1|0|0
RZ1|CHK|113|1|36|8|1|4|7|2|1|0|1|1
RZ1|114|1|Don|9|0|5|0|1|1|1|0|0
RZ1|CHK|114|1|36|8|1|4|7|3|1|0|1|0
RZ1|115|1|OP17-050|2|0|6|1|1|1|0|0|0
RZ1|CHK|115|1|36|8|0|4|7|3|2|0|1|0
[] Hand: [OP17-096,OP17-093,OP17-084,OP17-096,OP17-081,OP17-093,OP17-095]
[] Board: [OP17-080,OP17-089]
[] Trash: [OP17-081,OP17-081,OP17-094,OP17-085,OP17-086]
[] Life: 4
[] Hand: [OP17-042,OP17-048,OP17-044,OP17-056,OP17-118,OP17-040,OP17-040,OP17-053]
[] Trash: [OP17-046,OP17-050]
[] Board: []
[] Life: 4
[Opponent] End Turn
[] Hand: [OP17-042,OP17-048,OP17-044,OP17-056,OP17-118,OP17-040,OP17-040,OP17-053]
[] Board: []
[] Trash: [OP17-046,OP17-050]
[] Life: 4
[] Hand: [OP17-096,OP17-093,OP17-084,OP17-096,OP17-081,OP17-093,OP17-095]
[] Trash: [OP17-081,OP17-081,OP17-094,OP17-085,OP17-086]
[] Board: [OP17-080,OP17-089]
[] Life: 4
[You] Draw 1 Card
[] Drew card from deck: Stussy ["OP17-054">OP17-054]
RZ1|116|1|OP17-054|0|35|1|8|1|1|0|0|0
RZ1|CHK|116|1|35|9|0|4|7|3|2|0|1|0
RZ1|117|1|Don|4|6|5|3|1|1|0|0|0
RZ1|CHK|117|1|35|9|0|4|6|4|2|0|1|0
RZ1|118|1|Don|4|5|5|4|1|1|0|0|0
RZ1|CHK|118|1|35|9|0|4|5|5|2|0|1|0
[You] Draw 2 Don
RZ1|119|1|Don|5|0|5|0|1|1|1|0|0
RZ1|CHK|119|1|35|9|0|4|5|5|2|0|1|0
RZ1|120|1|Don|5|1|5|1|1|1|1|0|0
RZ1|CHK|120|1|35|9|0|4|5|5|2|0|1|0
RZ1|121|1|Don|5|2|5|2|1|1|1|0|0
RZ1|CHK|121|1|35|9|0|4|5|5|2|0|1|0
RZ1|122|1|Don|5|3|5|3|1|1|1|0|0
RZ1|CHK|122|1|35|9|0|4|5|5|2|0|1|0
[You] Deploy Kaido ["OP17-042">OP17-042]
RZ1|123|1|OP17-042|1|0|2|0|1|1|0|0|0
RZ1|CHK|123|1|35|8|1|4|5|5|2|0|1|0
[You] Kaido ["OP17-042">OP17-042] revealed: Captain John ["OP17-044">OP17-044]
[You] Kaido ["OP17-042">OP17-042] revealed: Barbell ["OP17-053">OP17-053]
[You] Kaido ["OP17-042">OP17-042] revealed: Stussy ["OP17-054">OP17-054]
[You] Forcing opponent to resolve Card Action!
[Opponent] Forcing opponent to resolve Card Action!
[You] Kaido ["OP17-042">OP17-042]: Buff Jaguar D. Saul ["OP17-089">OP17-089] -3000
[You] Rocks D. Xebec ["OP17-039">OP17-039] attacking Monkey D. Luffy ["OP17-079">OP17-079]
RZ1|124|1|OP17-044|1|1|6|2|1|1|0|0|0
RZ1|CHK|124|1|35|7|1|4|5|5|3|0|1|0
[You] Rocks D. Xebec ["OP17-039">OP17-039]: Trash Captain John ["OP17-044">OP17-044]
RZ1|125|1|OP17-049|0|34|0|34|0|0|0|0|0
RZ1|CHK|125|1|35|7|1|4|5|5|3|0|1|0
[You] Rocks D. Xebec ["OP17-039">OP17-039] revealed: Charlotte Linlin ["OP17-049">OP17-049]
[] Drew card from deck: Charlotte Linlin ["OP17-049">OP17-049]
RZ1|126|1|OP17-049|0|34|1|7|1|1|0|0|0
RZ1|CHK|126|1|34|8|1|4|5|5|3|0|1|0
[] Drew card from deck: Charlotte Linlin ["OP17-049">OP17-049]
RZ1|127|1|OP17-049|0|33|1|8|1|1|0|0|0
RZ1|CHK|127|1|33|9|1|4|5|5|3|0|1|0
[You] Rocks D. Xebec ["OP17-039">OP17-039]: Draw 2 Card
[Opponent] Discard Tony Tony Chopper ["OP17-084">OP17-084] for Counter 2000
RZ1|128|2|OP17-084|1|2|6|5|1|1|0|0|0
RZ1|CHK|128|2|32|6|2|4|6|4|6|0|1|0
Rocks D. Xebec ["OP17-039">OP17-039][5000] vs Monkey D. Luffy ["OP17-079">OP17-079][7000]
Attack Fails
[] Hand: [OP17-048,OP17-056,OP17-118,OP17-040,OP17-040,OP17-053,OP17-054,OP17-049,OP17-049]
[] Board: [OP17-042]
[] Trash: [OP17-046,OP17-050,OP17-044]
[] Life: 4
[] Hand: [OP17-096,OP17-093,OP17-096,OP17-081,OP17-093,OP17-095]
[] Trash: [OP17-081,OP17-081,OP17-094,OP17-085,OP17-086,OP17-084]
[] Board: [OP17-080,OP17-089]
[] Life: 4
[You] End Turn
[] Hand: [OP17-096,OP17-093,OP17-096,OP17-081,OP17-093,OP17-095]
[] Board: [OP17-080,OP17-089]
[] Trash: [OP17-081,OP17-081,OP17-094,OP17-085,OP17-086,OP17-084]
[] Life: 4
[] Hand: [OP17-048,OP17-056,OP17-118,OP17-040,OP17-040,OP17-053,OP17-054,OP17-049,OP17-049]
[] Trash: [OP17-046,OP17-050,OP17-044]
[] Board: [OP17-042]
[] Life: 4
[Opponent] Draw 1 Card
[] Drew card from deck: Usopp ["OP17-080">OP17-080]
RZ1|129|2|OP17-080|0|31|1|6|1|1|0|0|0
RZ1|CHK|129|2|31|7|2|4|6|4|6|0|1|0
RZ1|130|2|Don|4|5|5|4|1|1|0|0|0
RZ1|CHK|130|2|31|7|2|4|5|5|6|0|1|0
RZ1|131|2|Don|4|4|5|5|1|1|0|0|0
RZ1|CHK|131|2|31|7|2|4|4|6|6|0|1|0
[Opponent] Draw 2 Don
RZ1|132|2|Don|5|0|9|9900|1|1|0|0|0
RZ1|CHK|132|2|31|7|2|4|4|5|6|0|1|1
RZ1|133|2|Don|5|0|9|9901|1|1|0|0|0
RZ1|CHK|133|2|31|7|2|4|4|4|6|0|1|2
[Opponent] Attach 2 Don to Monkey D. Luffy ["OP17-079">OP17-079] (2 Total)
RZ1|134|2|Don|5|0|9|9902|1|1|0|0|0
RZ1|CHK|134|2|31|7|2|4|4|3|6|0|1|3
RZ1|135|2|Don|5|0|9|9903|1|1|0|0|0
RZ1|CHK|135|2|31|7|2|4|4|2|6|0|1|4
[Opponent] Attach 2 Don to Monkey D. Luffy ["OP17-079">OP17-079] (4 Total)
[Opponent] Usopp ["OP17-080">OP17-080] attacking Rocks D. Xebec ["OP17-039">OP17-039]
[You] Rocks Pirates ["OP17-056">OP17-056]: Activate Counter
RZ1|136|1|OP17-056|1|1|6|3|1|1|0|0|0
RZ1|CHK|136|1|33|8|1|4|5|5|4|0|1|0
[You] Rocks Pirates ["OP17-056">OP17-056]: Buff Rocks D. Xebec ["OP17-039">OP17-039] 2000 for the Combat
Usopp ["OP17-080">OP17-080][5000] vs Rocks D. Xebec ["OP17-039">OP17-039][7000]
Attack Fails
[Opponent] Jaguar D. Saul ["OP17-089">OP17-089] attacking Rocks D. Xebec ["OP17-039">OP17-039]
Jaguar D. Saul ["OP17-089">OP17-089][6000] vs Rocks D. Xebec ["OP17-039">OP17-039][5000]
Rocks D. Xebec ["OP17-039">OP17-039] hit for 1 damage
RZ1|137|1|OP17-050|3|3|1|8|1|1|0|0|0
RZ1|CHK|137|1|33|9|1|3|5|5|4|0|1|0
[Opponent] Monkey D. Luffy ["OP17-079">OP17-079] attacking Rocks D. Xebec ["OP17-039">OP17-039]
[You] Kaido ["OP17-042">OP17-042] Blocks
Monkey D. Luffy ["OP17-079">OP17-079][9000] vs Kaido ["OP17-042">OP17-042][6000]
[You] Kaido ["OP17-042">OP17-042] Destroyed
RZ1|138|1|OP17-042|2|0|6|4|1|1|0|0|0
RZ1|CHK|138|1|33|9|0|3|5|5|5|0|1|0
RZ1|139|2|Don|5|0|5|0|1|1|1|0|0
RZ1|CHK|139|2|31|7|2|4|4|2|6|0|1|4
RZ1|140|2|Don|5|1|5|1|1|1|1|0|0
RZ1|CHK|140|2|31|7|2|4|4|2|6|0|1|4
[Opponent] Deploy Gerd ["OP17-081">OP17-081]
RZ1|141|2|OP17-081|1|3|2|2|1|1|0|0|12
RZ1|CHK|141|2|31|6|3|4|4|2|6|0|1|4
RZ1|142|2|OP17-095|1|4|6|6|1|1|0|0|0
RZ1|CHK|142|2|31|5|3|4|4|2|7|0|1|4
[Opponent] Gerd ["OP17-081">OP17-081]: Trash Roronoa Zoro ["OP17-095">OP17-095]
[Opponent] <b>Draw Roronoa Zoro ["OP17-095">OP17-095] from Trash</b>
RZ1|143|2|OP17-095|6|6|1|5|1|1|0|0|0
RZ1|CHK|143|2|31|6|3|4|4|2|6|0|1|4
[] Hand: [OP17-096,OP17-093,OP17-096,OP17-093,OP17-080,OP17-095]
[] Board: [OP17-080,OP17-089,OP17-081]
[] Trash: [OP17-081,OP17-081,OP17-094,OP17-085,OP17-086,OP17-084]
[] Life: 4
[] Hand: [OP17-048,OP17-118,OP17-040,OP17-040,OP17-053,OP17-054,OP17-049,OP17-049,OP17-050]
[] Trash: [OP17-046,OP17-050,OP17-044,OP17-056,OP17-042]
[] Board: []
[] Life: 3
[Opponent] End Turn
[] Hand: [OP17-048,OP17-118,OP17-040,OP17-040,OP17-053,OP17-054,OP17-049,OP17-049,OP17-050]
[] Board: []
[] Trash: [OP17-046,OP17-050,OP17-044,OP17-056,OP17-042]
[] Life: 3
[] Hand: [OP17-096,OP17-093,OP17-096,OP17-093,OP17-080,OP17-095]
[] Trash: [OP17-081,OP17-081,OP17-094,OP17-085,OP17-086,OP17-084]
[] Board: [OP17-080,OP17-089,OP17-081]
[] Life: 4
[You] Draw 1 Card
[] Drew card from deck: Kyo ["OP17-045">OP17-045]
RZ1|144|1|OP17-045|0|32|1|9|1|1|0|0|0
RZ1|CHK|144|1|32|10|0|3|5|5|5|0|1|0
RZ1|145|1|Don|4|4|5|5|1|1|0|0|0
RZ1|CHK|145|1|32|10|0|3|4|6|5|0|1|0
RZ1|146|1|Don|4|3|5|6|1|1|0|0|0
RZ1|CHK|146|1|32|10|0|3|3|7|5|0|1|0
[You] Draw 2 Don
RZ1|147|1|Don|5|0|5|0|1|1|1|0|0
RZ1|CHK|147|1|32|10|0|3|3|7|5|0|1|0
RZ1|148|1|Don|5|1|5|1|1|1|1|0|0
RZ1|CHK|148|1|32|10|0|3|3|7|5|0|1|0
RZ1|149|1|Don|5|2|5|2|1|1|1|0|0
RZ1|CHK|149|1|32|10|0|3|3|7|5|0|1|0
RZ1|150|1|Don|5|3|5|3|1|1|1|0|0
RZ1|CHK|150|1|32|10|0|3|3|7|5|0|1|0
RZ1|151|1|Don|5|4|5|4|1|1|1|0|0
RZ1|CHK|151|1|32|10|0|3|3|7|5|0|1|0
RZ1|152|1|Don|5|5|5|5|1|1|1|0|0
RZ1|CHK|152|1|32|10|0|3|3|7|5|0|1|0
RZ1|153|1|Don|5|6|5|6|1|1|1|0|0
RZ1|CHK|153|1|32|10|0|3|3|7|5|0|1|0
[You] Deploy Shiki ["OP17-048">OP17-048]
RZ1|154|1|OP17-048|1|0|2|0|1|1|0|0|0
RZ1|CHK|154|1|32|9|1|3|3|7|5|0|1|0
[You] Shiki ["OP17-048">OP17-048] attacking Jaguar D. Saul ["OP17-089">OP17-089]
RZ1|155|1|OP17-045|1|8|6|5|1|1|0|0|0
RZ1|CHK|155|1|32|8|1|3|3|7|6|0|1|0
[You] Shiki ["OP17-048">OP17-048]: Trash Kyo ["OP17-045">OP17-045]
[You] Shiki ["OP17-048">OP17-048]: Buff Jaguar D. Saul ["OP17-089">OP17-089] -3000
Shiki ["OP17-048">OP17-048][9000] vs Jaguar D. Saul ["OP17-089">OP17-089][3000]
[Opponent] Jaguar D. Saul ["OP17-089">OP17-089] Destroyed
RZ1|156|2|OP17-089|2|1|6|6|1|1|0|0|0
RZ1|CHK|156|2|31|6|2|4|4|2|7|0|1|4
[You] Rocks D. Xebec ["OP17-039">OP17-039] attacking Monkey D. Luffy ["OP17-079">OP17-079]
RZ1|157|1|OP17-050|1|7|6|6|1|1|0|0|0
RZ1|CHK|157|1|32|7|1|3|3|7|7|0|1|0
[You] Rocks D. Xebec ["OP17-039">OP17-039]: Trash Streusen ["OP17-050">OP17-050]
RZ1|158|1|OP17-054|0|31|0|31|0|0|0|0|0
RZ1|CHK|158|1|32|7|1|3|3|7|7|0|1|0
[You] Rocks D. Xebec ["OP17-039">OP17-039] revealed: Stussy ["OP17-054">OP17-054]
[] Drew card from deck: Stussy ["OP17-054">OP17-054]
RZ1|159|1|OP17-054|0|31|1|7|1|1|0|0|0
RZ1|CHK|159|1|31|8|1|3|3|7|7|0|1|0
[] Drew card from deck: Shiki ["OP17-048">OP17-048]
RZ1|160|1|OP17-048|0|30|1|8|1|1|0|0|0
RZ1|CHK|160|1|30|9|1|3|3|7|7|0|1|0
[You] Rocks D. Xebec ["OP17-039">OP17-039]: Draw 2 Card
Rocks D. Xebec ["OP17-039">OP17-039][5000] vs Monkey D. Luffy ["OP17-079">OP17-079][5000]
Monkey D. Luffy ["OP17-079">OP17-079] hit for 1 damage
RZ1|161|2|OP17-098|3|3|1|6|1|1|0|0|0
RZ1|CHK|161|2|31|7|2|3|4|2|7|0|1|4
[] Hand: [OP17-118,OP17-040,OP17-040,OP17-053,OP17-054,OP17-049,OP17-049,OP17-054,OP17-048]
[] Board: [OP17-048]
[] Trash: [OP17-046,OP17-050,OP17-044,OP17-056,OP17-042,OP17-045,OP17-050]
[] Life: 3
[] Hand: [OP17-096,OP17-093,OP17-096,OP17-093,OP17-080,OP17-095,OP17-098]
[] Trash: [OP17-081,OP17-081,OP17-094,OP17-085,OP17-086,OP17-084,OP17-089]
[] Board: [OP17-080,OP17-081]
[] Life: 3
[You] End Turn
[] Hand: [OP17-096,OP17-093,OP17-096,OP17-093,OP17-080,OP17-095,OP17-098]
[] Board: [OP17-080,OP17-081]
[] Trash: [OP17-081,OP17-081,OP17-094,OP17-085,OP17-086,OP17-084,OP17-089]
[] Life: 3
[] Hand: [OP17-118,OP17-040,OP17-040,OP17-053,OP17-054,OP17-049,OP17-049,OP17-054,OP17-048]
[] Trash: [OP17-046,OP17-050,OP17-044,OP17-056,OP17-042,OP17-045,OP17-050]
[] Board: [OP17-048]
[] Life: 3
RZ1|162|2|Don|9|9900|5|0|1|1|1|0|0
RZ1|CHK|162|2|31|7|2|3|4|3|7|0|1|3
RZ1|163|2|Don|9|9900|5|0|1|1|1|0|0
RZ1|CHK|163|2|31|7|2|3|4|4|7|0|1|2
RZ1|164|2|Don|9|9900|5|0|1|1|1|0|0
RZ1|CHK|164|2|31|7|2|3|4|5|7|0|1|1
RZ1|165|2|Don|9|9900|5|0|1|1|1|0|0
RZ1|CHK|165|2|31|7|2|3|4|6|7|0|1|0
[Opponent] Draw 1 Card
[] Drew card from deck: Jaguar D. Saul ["OP17-089">OP17-089]
RZ1|166|2|OP17-089|0|30|1|7|1|1|0|0|0
RZ1|CHK|166|2|30|8|2|3|4|6|7|0|1|0
RZ1|167|2|Don|4|3|5|6|1|1|0|0|0
RZ1|CHK|167|2|30|8|2|3|3|7|7|0|1|0
RZ1|168|2|Don|4|2|5|7|1|1|0|0|0
RZ1|CHK|168|2|30|8|2|3|2|8|7|0|1|0
[Opponent] Draw 2 Don
RZ1|169|2|Don|5|0|5|0|1|1|1|0|0
RZ1|CHK|169|2|30|8|2|3|2|8|7|0|1|0
RZ1|170|2|Don|5|1|5|1|1|1|1|0|0
RZ1|CHK|170|2|30|8|2|3|2|8|7|0|1|0
RZ1|171|2|Don|5|2|5|2|1|1|1|0|0
RZ1|CHK|171|2|30|8|2|3|2|8|7|0|1|0
RZ1|172|2|Don|5|3|5|3|1|1|1|0|0
RZ1|CHK|172|2|30|8|2|3|2|8|7|0|1|0
RZ1|173|2|Don|5|4|5|4|1|1|1|0|0
RZ1|CHK|173|2|30|8|2|3|2|8|7|0|1|0
RZ1|174|2|Don|5|5|5|5|1|1|1|0|0
RZ1|CHK|174|2|30|8|2|3|2|8|7|0|1|0
RZ1|175|2|Don|5|6|5|6|1|1|1|0|0
RZ1|CHK|175|2|30|8|2|3|2|8|7|0|1|0
RZ1|176|2|Don|5|7|5|7|1|1|1|0|0
RZ1|CHK|176|2|30|8|2|3|2|8|7|0|1|0
[Opponent] Deploy Monkey D. Luffy ["OP17-093">OP17-093]
RZ1|177|2|OP17-093|1|1|2|2|1|1|0|0|0
RZ1|CHK|177|2|30|7|3|3|2|8|7|0|1|0
[] Drew card from deck: Brook ["OP17-091">OP17-091]
RZ1|178|2|OP17-091|0|29|1|7|1|1|0|0|0
RZ1|CHK|178|2|29|8|3|3|2|8|7|0|1|0
[Opponent] Monkey D. Luffy ["OP17-093">OP17-093]: Draw 1 Card
[Opponent] Monkey D. Luffy ["OP17-093">OP17-093]: Deployed Gerd ["OP17-081">OP17-081] from Trash
RZ1|179|2|OP17-081|6|0|2|3|1|1|0|0|12
RZ1|CHK|179|2|29|8|4|3|2|8|6|0|1|0
RZ1|180|2|OP17-091|1|7|6|6|1|1|0|0|0
RZ1|CHK|180|2|29|7|4|3|2|8|7|0|1|0
[Opponent] Gerd ["OP17-081">OP17-081]: Trash Brook ["OP17-091">OP17-091]
[Opponent] <b>Draw Nami ["OP17-086">OP17-086] from Trash</b>
RZ1|181|2|OP17-086|6|3|1|7|1|1|0|0|0
RZ1|CHK|181|2|29|8|4|3|2|8|6|0|1|0
[Opponent] Monkey D. Luffy ["OP17-079">OP17-079] attacking Rocks D. Xebec ["OP17-039">OP17-039]
RZ1|182|1|OP17-053|1|3|6|7|1|1|0|0|0
RZ1|CHK|182|1|30|8|1|3|3|7|8|0|1|0
[You] Shiki ["OP17-048">OP17-048]: Trash Barbell ["OP17-053">OP17-053]
[You] Shiki ["OP17-048">OP17-048]: Buff Monkey D. Luffy ["OP17-093">OP17-093] -3000
Monkey D. Luffy ["OP17-079">OP17-079][5000] vs Rocks D. Xebec ["OP17-039">OP17-039][5000]
Rocks D. Xebec ["OP17-039">OP17-039] hit for 1 damage
RZ1|183|1|OP17-057|3|2|1|8|1|1|0|0|0
RZ1|CHK|183|1|30|9|1|2|3|7|8|0|1|0
[Opponent] Usopp ["OP17-080">OP17-080] attacking Rocks D. Xebec ["OP17-039">OP17-039]
Usopp ["OP17-080">OP17-080][5000] vs Rocks D. Xebec ["OP17-039">OP17-039][5000]
Rocks D. Xebec ["OP17-039">OP17-039] hit for 1 damage
RZ1|184|1|OP17-118|3|1|1|9|1|1|0|0|0
RZ1|CHK|184|1|30|10|1|1|3|7|8|0|1|0
[] Hand: [OP17-096,OP17-096,OP17-093,OP17-080,OP17-095,OP17-098,OP17-089,OP17-086]
[] Board: [OP17-080,OP17-081,OP17-093,OP17-081]
[] Trash: [OP17-081,OP17-094,OP17-085,OP17-084,OP17-089,OP17-091]
[] Life: 3
[] Hand: [OP17-118,OP17-040,OP17-040,OP17-054,OP17-049,OP17-049,OP17-054,OP17-048,OP17-057,OP17-118]
[] Trash: [OP17-046,OP17-050,OP17-044,OP17-056,OP17-042,OP17-045,OP17-050,OP17-053]
[] Board: [OP17-048]
[] Life: 1
[Opponent] End Turn
[] Hand: [OP17-118,OP17-040,OP17-040,OP17-054,OP17-049,OP17-049,OP17-054,OP17-048,OP17-057,OP17-118]
[] Board: [OP17-048]
[] Trash: [OP17-046,OP17-050,OP17-044,OP17-056,OP17-042,OP17-045,OP17-050,OP17-053]
[] Life: 1
[] Hand: [OP17-096,OP17-096,OP17-093,OP17-080,OP17-095,OP17-098,OP17-089,OP17-086]
[] Trash: [OP17-081,OP17-094,OP17-085,OP17-084,OP17-089,OP17-091]
[] Board: [OP17-080,OP17-081,OP17-093,OP17-081]
[] Life: 3
[You] Draw 1 Card
[] Drew card from deck: Shiki ["OP17-048">OP17-048]
RZ1|185|1|OP17-048|0|29|1|10|1|1|0|0|0
RZ1|CHK|185|1|29|11|1|1|3|7|8|0|1|0
RZ1|186|1|Don|4|2|5|7|1|1|0|0|0
RZ1|CHK|186|1|29|11|1|1|2|8|8|0|1|0
RZ1|187|1|Don|4|1|5|8|1|1|0|0|0
RZ1|CHK|187|1|29|11|1|1|1|9|8|0|1|0
[You] Draw 2 Don
RZ1|188|1|Don|5|0|5|0|1|1|1|0|0
RZ1|CHK|188|1|29|11|1|1|1|9|8|0|1|0
RZ1|189|1|Don|5|1|5|1|1|1|1|0|0
RZ1|CHK|189|1|29|11|1|1|1|9|8|0|1|0
RZ1|190|1|Don|5|2|5|2|1|1|1|0|0
RZ1|CHK|190|1|29|11|1|1|1|9|8|0|1|0
[You] Deploy Stussy ["OP17-054">OP17-054]
RZ1|191|1|OP17-054|1|3|2|1|1|1|0|0|0
RZ1|CHK|191|1|29|10|2|1|1|9|8|0|1|0
[You] Stussy ["OP17-054">OP17-054]: Usopp ["OP17-080">OP17-080] can't attack next turn
RZ1|192|1|Don|5|3|5|3|1|1|1|0|0
RZ1|CHK|192|1|29|10|2|1|1|9|8|0|1|0
RZ1|193|1|Don|5|4|5|4|1|1|1|0|0
RZ1|CHK|193|1|29|10|2|1|1|9|8|0|1|0
RZ1|194|1|Don|5|5|5|5|1|1|1|0|0
RZ1|CHK|194|1|29|10|2|1|1|9|8|0|1|0
RZ1|195|1|Don|5|6|5|6|1|1|1|0|0
RZ1|CHK|195|1|29|10|2|1|1|9|8|0|1|0
RZ1|196|1|Don|5|7|5|7|1|1|1|0|0
RZ1|CHK|196|1|29|10|2|1|1|9|8|0|1|0
RZ1|197|1|Don|5|8|5|8|1|1|1|0|0
RZ1|CHK|197|1|29|10|2|1|1|9|8|0|1|0
[You] Deploy Edward Newgate ["OP17-040">OP17-040]
RZ1|198|1|OP17-040|1|1|2|2|1|1|0|0|0
RZ1|CHK|198|1|29|9|3|1|1|9|8|0|1|0
[] Drew card from deck: Kyo ["OP17-045">OP17-045]
RZ1|199|1|OP17-045|0|28|1|9|1|1|0|0|0
RZ1|CHK|199|1|28|10|3|1|1|9|8|0|1|0
[You] Edward Newgate ["OP17-040">OP17-040]: Draw 1 Card
[You] Shiki ["OP17-048">OP17-048] attacking Monkey D. Luffy ["OP17-079">OP17-079]
RZ1|200|1|OP17-057|1|6|6|8|1|1|0|0|0
RZ1|CHK|200|1|28|9|3|1|1|9|9|0|1|0
[You] Shiki ["OP17-048">OP17-048]: Trash Fullalead ["OP17-057">OP17-057]
[You] Shiki ["OP17-048">OP17-048]: Buff Monkey D. Luffy ["OP17-093">OP17-093] -3000
Shiki ["OP17-048">OP17-048][9000] vs Monkey D. Luffy ["OP17-079">OP17-079][5000]
Monkey D. Luffy ["OP17-079">OP17-079] hit for 1 damage
RZ1|201|2|OP17-093|3|2|1|8|1|1|0|0|0
RZ1|CHK|201|2|29|9|4|2|2|8|6|0|1|0
[You] Rocks D. Xebec ["OP17-039">OP17-039] attacking Monkey D. Luffy ["OP17-079">OP17-079]
RZ1|202|1|OP17-045|1|8|6|9|1|1|0|0|0
RZ1|CHK|202|1|28|8|3|1|1|9|10|0|1|0
[You] Rocks D. Xebec ["OP17-039">OP17-039]: Trash Kyo ["OP17-045">OP17-045]
RZ1|203|1|OP17-057|0|27|0|27|0|0|0|0|0
RZ1|CHK|203|1|28|8|3|1|1|9|10|0|1|0
[You] Rocks D. Xebec ["OP17-039">OP17-039] revealed: Fullalead ["OP17-057">OP17-057]
[] Drew card from deck: Fullalead ["OP17-057">OP17-057]
RZ1|204|1|OP17-057|0|27|1|8|1|1|0|0|0
RZ1|CHK|204|1|27|9|3|1|1|9|10|0|1|0
[] Drew card from deck: Gloriosa ["OP17-046">OP17-046]
RZ1|205|1|OP17-046|0|26|1|9|1|1|0|0|0
RZ1|CHK|205|1|26|10|3|1|1|9|10|0|1|0
[You] Rocks D. Xebec ["OP17-039">OP17-039]: Draw 2 Card
RZ1|206|1|OP17-057|1|8|6|10|1|1|0|0|0
RZ1|CHK|206|1|26|9|3|1|1|9|11|0|1|0
[You] Edward Newgate ["OP17-040">OP17-040]: Trash Fullalead ["OP17-057">OP17-057]
[You] Edward Newgate ["OP17-040">OP17-040]: Buff Rocks D. Xebec ["OP17-039">OP17-039] 3000 for the Combat
[Opponent] Discard Usopp ["OP17-080">OP17-080] for Counter 1000
RZ1|207|2|OP17-080|1|3|6|6|1|1|0|0|0
RZ1|CHK|207|2|29|8|4|2|2|8|7|0|1|0
[Opponent] Discard Nami ["OP17-086">OP17-086] for Counter 1000
RZ1|208|2|OP17-086|1|6|6|7|1|1|0|0|0
RZ1|CHK|208|2|29|7|4|2|2|8|8|0|1|0
[Opponent] Discard Roronoa Zoro ["OP17-095">OP17-095] for Counter 2000
RZ1|209|2|OP17-095|1|3|6|8|1|1|0|0|0
RZ1|CHK|209|2|29|6|4|2|2|8|9|0|1|0
Rocks D. Xebec ["OP17-039">OP17-039][8000] vs Monkey D. Luffy ["OP17-079">OP17-079][9000]
Attack Fails
[] Hand: [OP17-118,OP17-040,OP17-049,OP17-049,OP17-054,OP17-048,OP17-118,OP17-048,OP17-046]
[] Board: [OP17-048,OP17-054,OP17-040]
[] Trash: [OP17-046,OP17-050,OP17-044,OP17-056,OP17-042,OP17-045,OP17-050,OP17-053,OP17-057,OP17-045,OP17-057]
[] Life: 1
[] Hand: [OP17-096,OP17-096,OP17-093,OP17-098,OP17-089,OP17-093]
[] Trash: [OP17-081,OP17-094,OP17-085,OP17-084,OP17-089,OP17-091,OP17-080,OP17-086,OP17-095]
[] Board: [OP17-080,OP17-081,OP17-093,OP17-081]
[] Life: 2
[You] End Turn
[] Hand: [OP17-096,OP17-096,OP17-093,OP17-098,OP17-089,OP17-093]
[] Board: [OP17-080,OP17-081,OP17-093,OP17-081]
[] Trash: [OP17-081,OP17-094,OP17-085,OP17-084,OP17-089,OP17-091,OP17-080,OP17-086,OP17-095]
[] Life: 2
[] Hand: [OP17-118,OP17-040,OP17-049,OP17-049,OP17-054,OP17-048,OP17-118,OP17-048,OP17-046]
[] Trash: [OP17-046,OP17-050,OP17-044,OP17-056,OP17-042,OP17-045,OP17-050,OP17-053,OP17-057,OP17-045,OP17-057]
[] Board: [OP17-048,OP17-054,OP17-040]
[] Life: 1
[Opponent] Draw 1 Card
[] Drew card from deck: Gum-Gum Kong Pistol ["OP17-098">OP17-098]
RZ1|210|2|OP17-098|0|28|1|6|1|1|0|0|0
RZ1|CHK|210|2|28|7|4|2|2|8|9|0|1|0
RZ1|211|2|Don|4|1|5|8|1|1|0|0|0
RZ1|CHK|211|2|28|7|4|2|1|9|9|0|1|0
RZ1|212|2|Don|4|0|5|9|1|1|0|0|0
RZ1|CHK|212|2|28|7|4|2|0|10|9|0|1|0
[Opponent] Draw 2 Don
[Opponent] Monkey D. Luffy ["OP17-093">OP17-093] attacking Rocks D. Xebec ["OP17-039">OP17-039]
RZ1|213|1|OP17-054|1|4|6|11|1|1|0|0|0
RZ1|CHK|213|1|26|8|3|1|1|9|12|0|1|0
[You] Shiki ["OP17-048">OP17-048]: Trash Stussy ["OP17-054">OP17-054]
[You] Shiki ["OP17-048">OP17-048]: Buff Usopp ["OP17-080">OP17-080] -3000
RZ1|214|1|OP17-049|1|2|6|12|1|1|0|0|0
RZ1|CHK|214|1|26|7|3|1|1|9|13|0|1|0
[You] Edward Newgate ["OP17-040">OP17-040]: Trash Charlotte Linlin ["OP17-049">OP17-049]
[You] Edward Newgate ["OP17-040">OP17-040]: Buff Rocks D. Xebec ["OP17-039">OP17-039] 3000 for the Combat
Monkey D. Luffy ["OP17-093">OP17-093][8000] vs Rocks D. Xebec ["OP17-039">OP17-039][8000]
Rocks D. Xebec ["OP17-039">OP17-039] hit for 1 damage
RZ1|215|1|OP17-053|3|0|1|7|1|1|0|0|0
RZ1|CHK|215|1|26|8|3|0|1|9|13|0|1|0
RZ1|216|2|Don|5|0|5|0|1|1|1|0|0
RZ1|CHK|216|2|28|7|4|2|0|10|9|0|1|0
RZ1|217|2|Don|5|1|5|1|1|1|1|0|0
RZ1|CHK|217|2|28|7|4|2|0|10|9|0|1|0
RZ1|218|2|Don|5|2|5|2|1|1|1|0|0
RZ1|CHK|218|2|28|7|4|2|0|10|9|0|1|0
RZ1|219|2|Don|5|3|5|3|1|1|1|0|0
RZ1|CHK|219|2|28|7|4|2|0|10|9|0|1|0
RZ1|220|2|Don|5|4|5|4|1|1|1|0|0
RZ1|CHK|220|2|28|7|4|2|0|10|9|0|1|0
RZ1|221|2|Don|5|5|5|5|1|1|1|0|0
RZ1|CHK|221|2|28|7|4|2|0|10|9|0|1|0
RZ1|222|2|Don|5|6|5|6|1|1|1|0|0
RZ1|CHK|222|2|28|7|4|2|0|10|9|0|1|0
RZ1|223|2|Don|5|7|5|7|1|1|1|0|0
RZ1|CHK|223|2|28|7|4|2|0|10|9|0|1|0
[Opponent] Deploy Monkey D. Luffy ["OP17-093">OP17-093]
RZ1|224|2|OP17-093|1|2|2|4|1|1|0|0|0
RZ1|CHK|224|2|28|6|5|2|0|10|9|0|1|0
[] Drew card from deck: Usopp ["OP17-080">OP17-080]
RZ1|225|2|OP17-080|0|27|1|6|1|1|0|0|0
RZ1|CHK|225|2|27|7|5|2|0|10|9|0|1|0
[Opponent] Monkey D. Luffy ["OP17-093">OP17-093]: Draw 1 Card
RZ1|226|2|OP17-080|2|0|6|9|1|1|0|0|0
RZ1|CHK|226|2|27|7|4|2|0|10|10|0|1|0
[Opponent] Trash Usopp ["OP17-080">OP17-080]
[Opponent] Monkey D. Luffy ["OP17-093">OP17-093]: Deployed Roronoa Zoro ["OP17-095">OP17-095] from Trash
RZ1|227|2|OP17-095|6|8|2|4|1|1|0|3000|0
RZ1|CHK|227|2|27|7|5|2|0|10|9|0|1|0
RZ1|228|2|Don|5|8|9|9900|1|1|0|0|0
RZ1|CHK|228|2|27|7|5|2|0|9|9|0|1|1
RZ1|229|2|Don|5|8|9|9901|1|1|0|0|0
RZ1|CHK|229|2|27|7|5|2|0|8|9|0|1|2
[Opponent] Attach 2 Don to Monkey D. Luffy ["OP17-079">OP17-079] (2 Total)
[Opponent] Monkey D. Luffy ["OP17-079">OP17-079] attacking Rocks D. Xebec ["OP17-039">OP17-039]
Monkey D. Luffy ["OP17-079">OP17-079][7000] vs Rocks D. Xebec ["OP17-039">OP17-039][5000]
Rocks D. Xebec ["OP17-039">OP17-039] hit for 1 damage
[You] <b>Downloaded the Combat Log!</b>
GameOver