Version is 1.42c.22
[You] Leader is Rocks D. Xebec ["OP17-039">OP17-039]
RZ1|HDR|1.42c|2|RZ1
RZ1|PLY|1||OP17-039
RZ1|PLY|2||
[Opponent] Leader is Monkey D. Luffy ["OP13-001">OP13-001]
RZ1|1|2|OP10-011|0|5|0|1|0|0|0|0|0
RZ1|CHK|1|2|50|0|0|0|10|0|0|0|1|0
RZ1|2|2|OP14-022|0|26|0|2|0|0|0|0|0
RZ1|CHK|2|2|50|0|0|0|10|0|0|0|1|0
RZ1|3|2|OP13-040|0|41|0|3|0|0|0|0|0
RZ1|CHK|3|2|50|0|0|0|10|0|0|0|1|0
RZ1|4|2|ST31-005|0|49|0|4|0|0|0|0|0
RZ1|CHK|4|2|50|0|0|0|10|0|0|0|1|0
RZ1|5|2|OP14-022|0|27|0|5|0|0|0|0|0
RZ1|CHK|5|2|50|0|0|0|10|0|0|0|1|0
RZ1|6|2|OP14-031|0|29|0|6|0|0|0|0|0
RZ1|CHK|6|2|50|0|0|0|10|0|0|0|1|0
RZ1|7|2|ST31-005|0|48|0|7|0|0|0|0|0
RZ1|CHK|7|2|50|0|0|0|10|0|0|0|1|0
RZ1|8|2|OP13-037|0|28|0|8|0|0|0|0|0
RZ1|CHK|8|2|50|0|0|0|10|0|0|0|1|0
RZ1|9|2|OP16-004|0|18|0|9|0|0|0|0|0
RZ1|CHK|9|2|50|0|0|0|10|0|0|0|1|0
RZ1|10|2|OP15-032|0|40|0|10|0|0|0|0|0
RZ1|CHK|10|2|50|0|0|0|10|0|0|0|1|0
RZ1|11|2|OP15-035|0|25|0|11|0|0|0|0|0
RZ1|CHK|11|2|50|0|0|0|10|0|0|0|1|0
RZ1|12|2|EB02-017|0|25|0|12|0|0|0|0|0
RZ1|CHK|12|2|50|0|0|0|10|0|0|0|1|0
RZ1|13|2|OP14-022|0|31|0|14|0|0|0|0|0
RZ1|CHK|13|2|50|0|0|0|10|0|0|0|1|0
RZ1|14|2|EB02-017|0|24|0|15|0|0|0|0|0
RZ1|CHK|14|2|50|0|0|0|10|0|0|0|1|0
RZ1|15|2|OP14-022|0|31|0|16|0|0|0|0|0
RZ1|CHK|15|2|50|0|0|0|10|0|0|0|1|0
RZ1|16|2|OP13-027|0|36|0|17|0|0|0|0|0
RZ1|CHK|16|2|50|0|0|0|10|0|0|0|1|0
RZ1|17|2|EB04-007|0|21|0|18|0|0|0|0|0
RZ1|CHK|17|2|50|0|0|0|10|0|0|0|1|0
RZ1|18|2|OP14-031|0|34|0|19|0|0|0|0|0
RZ1|CHK|18|2|50|0|0|0|10|0|0|0|1|0
RZ1|19|2|ST31-005|0|48|0|20|0|0|0|0|0
RZ1|CHK|19|2|50|0|0|0|10|0|0|0|1|0
RZ1|20|2|OP16-004|0|27|0|21|0|0|0|0|0
RZ1|CHK|20|2|50|0|0|0|10|0|0|0|1|0
RZ1|21|2|OP05-038|0|46|0|22|0|0|0|0|0
RZ1|CHK|21|2|50|0|0|0|10|0|0|0|1|0
RZ1|22|2|OP13-040|0|45|0|23|0|0|0|0|0
RZ1|CHK|22|2|50|0|0|0|10|0|0|0|1|0
RZ1|23|2|EB04-007|0|29|0|24|0|0|0|0|0
RZ1|CHK|23|2|50|0|0|0|10|0|0|0|1|0
RZ1|24|2|OP13-118|0|41|0|25|0|0|0|0|0
RZ1|CHK|24|2|50|0|0|0|10|0|0|0|1|0
RZ1|25|2|OP14-031|0|38|0|27|0|0|0|0|0
RZ1|CHK|25|2|50|0|0|0|10|0|0|0|1|0
RZ1|26|2|ST31-005|0|49|0|28|0|0|0|0|0
RZ1|CHK|26|2|50|0|0|0|10|0|0|0|1|0
RZ1|27|2|OP13-037|0|38|0|29|0|0|0|0|0
RZ1|CHK|27|2|50|0|0|0|10|0|0|0|1|0
RZ1|28|2|OP13-118|0|44|0|30|0|0|0|0|0
RZ1|CHK|28|2|50|0|0|0|10|0|0|0|1|0
RZ1|29|2|OP05-038|0|48|0|31|0|0|0|0|0
RZ1|CHK|29|2|50|0|0|0|10|0|0|0|1|0
RZ1|30|2|OP15-035|0|39|0|32|0|0|0|0|0
RZ1|CHK|30|2|50|0|0|0|10|0|0|0|1|0
RZ1|31|2|OP13-037|0|41|0|33|0|0|0|0|0
RZ1|CHK|31|2|50|0|0|0|10|0|0|0|1|0
RZ1|32|2|OP05-038|0|48|0|34|0|0|0|0|0
RZ1|CHK|32|2|50|0|0|0|10|0|0|0|1|0
RZ1|33|2|OP13-027|0|45|0|35|0|0|0|0|0
RZ1|CHK|33|2|50|0|0|0|10|0|0|0|1|0
RZ1|34|2|OP05-038|0|49|0|36|0|0|0|0|0
RZ1|CHK|34|2|50|0|0|0|10|0|0|0|1|0
RZ1|35|2|OP15-035|0|44|0|37|0|0|0|0|0
RZ1|CHK|35|2|50|0|0|0|10|0|0|0|1|0
RZ1|36|2|OP16-004|0|42|0|38|0|0|0|0|0
RZ1|CHK|36|2|50|0|0|0|10|0|0|0|1|0
RZ1|37|2|EB02-017|0|43|0|39|0|0|0|0|0
RZ1|CHK|37|2|50|0|0|0|10|0|0|0|1|0
RZ1|38|2|EB02-017|0|44|0|40|0|0|0|0|0
RZ1|CHK|38|2|50|0|0|0|10|0|0|0|1|0
RZ1|39|2|OP13-027|0|46|0|41|0|0|0|0|0
RZ1|CHK|39|2|50|0|0|0|10|0|0|0|1|0
RZ1|40|2|OP13-027|0|46|0|42|0|0|0|0|0
RZ1|CHK|40|2|50|0|0|0|10|0|0|0|1|0
RZ1|41|2|EB04-007|0|45|0|43|0|0|0|0|0
RZ1|CHK|41|2|50|0|0|0|10|0|0|0|1|0
RZ1|42|2|OP13-118|0|47|0|44|0|0|0|0|0
RZ1|CHK|42|2|50|0|0|0|10|0|0|0|1|0
RZ1|43|2|OP13-040|0|48|0|45|0|0|0|0|0
RZ1|CHK|43|2|50|0|0|0|10|0|0|0|1|0
RZ1|44|2|EB04-007|0|48|0|46|0|0|0|0|0
RZ1|CHK|44|2|50|0|0|0|10|0|0|0|1|0
RZ1|45|2|OP13-040|0|49|0|47|0|0|0|0|0
RZ1|CHK|45|2|50|0|0|0|10|0|0|0|1|0
RZ1|46|2|ST21-003|0|49|0|48|0|0|0|0|0
RZ1|CHK|46|2|50|0|0|0|10|0|0|0|1|0
[] Drew card from deck: Buckin ["OP08-051">OP08-051]
RZ1|47|1|OP08-051|0|49|1|0|1|1|0|0|0
RZ1|CHK|47|1|49|1|0|0|10|0|0|0|1|0
[] Drew card from deck: Fullalead ["OP17-057">OP17-057]
RZ1|48|1|OP17-057|0|48|1|1|1|1|0|0|0
RZ1|CHK|48|1|48|2|0|0|10|0|0|0|1|0
[] Drew card from deck: Rocks Pirates ["OP17-056">OP17-056]
RZ1|49|1|OP17-056|0|47|1|2|1|1|0|0|0
RZ1|CHK|49|1|47|3|0|0|10|0|0|0|1|0
[] Drew card from deck: Stussy ["OP17-054">OP17-054]
RZ1|50|1|OP17-054|0|46|1|3|1|1|0|0|0
RZ1|CHK|50|1|46|4|0|0|10|0|0|0|1|0
[] Drew card from deck: Kaido ["OP17-042">OP17-042]
RZ1|51|1|OP17-042|0|45|1|4|1|1|0|0|0
RZ1|CHK|51|1|45|5|0|0|10|0|0|0|1|0
[] Drew card from deck: Nami ["OP01-016">OP01-016]
RZ1|52|2|OP01-016|0|49|1|0|1|1|0|0|0
RZ1|CHK|52|2|49|1|0|0|10|0|0|0|1|0
[] Drew card from deck: Sanji ["ST21-003">ST21-003]
RZ1|53|2|ST21-003|0|48|1|1|1|1|0|0|0
RZ1|CHK|53|2|48|2|0|0|10|0|0|0|1|0
[] Drew card from deck: I Know You're Strong... So I'll Go All Out ["OP13-040">OP13-040]
RZ1|54|2|OP13-040|0|47|1|2|1|1|0|0|0
RZ1|CHK|54|2|47|3|0|0|10|0|0|0|1|0
[] Drew card from deck: Roronoa Zoro ["EB04-007">EB04-007]
RZ1|55|2|EB04-007|0|46|1|3|1|1|0|0|0
RZ1|CHK|55|2|46|4|0|0|10|0|0|0|1|0
[] Drew card from deck: I Know You're Strong... So I'll Go All Out ["OP13-040">OP13-040]
RZ1|56|2|OP13-040|0|45|1|4|1|1|0|0|0
RZ1|CHK|56|2|45|5|0|0|10|0|0|0|1|0
RZ1|57|1|OP17-044|0|44|3|0|1|0|0|0|0
RZ1|CHK|57|1|44|5|0|1|10|0|0|0|1|0
RZ1|58|1|OP17-045|0|43|3|1|1|0|0|0|0
RZ1|CHK|58|1|43|5|0|2|10|0|0|0|1|0
RZ1|59|1|OP17-118|0|42|3|2|1|0|0|0|0
RZ1|CHK|59|1|42|5|0|3|10|0|0|0|1|0
RZ1|60|1|OP17-048|0|41|3|3|1|0|0|0|0
RZ1|CHK|60|1|41|5|0|4|10|0|0|0|1|0
RZ1|61|1|OP17-048|0|40|3|4|1|0|0|0|0
RZ1|CHK|61|1|40|5|0|5|10|0|0|0|1|0
RZ1|62|2|OP13-118|0|44|3|0|0|1|0|0|0
RZ1|CHK|62|2|44|5|0|1|10|0|0|0|1|0
RZ1|63|2|EB04-007|0|43|3|1|0|1|0|0|0
RZ1|CHK|63|2|43|5|0|2|10|0|0|0|1|0
RZ1|64|2|OP13-027|0|42|3|2|0|1|0|0|0
RZ1|CHK|64|2|42|5|0|3|10|0|0|0|1|0
RZ1|65|2|OP13-027|0|41|3|3|0|1|0|0|0
RZ1|CHK|65|2|41|5|0|4|10|0|0|0|1|0
[] Hand: [OP08-051,OP17-057,OP17-056,OP17-054,OP17-042]
[] Board: []
[] Trash: []
[] Life: 5
[] Hand: [OP01-016,ST21-003,OP13-040,EB04-007,OP13-040]
[] Trash: []
[] Board: []
[] Life: 4
RZ1|66|1|Don|4|9|5|0|1|1|0|0|0
RZ1|CHK|66|1|40|5|0|5|9|1|0|0|1|0
[You] Draw 1 Don
RZ1|67|1|Don|5|0|5|0|1|1|1|0|0
RZ1|CHK|67|1|40|5|0|5|9|1|0|0|1|0
[You] Deploy Fullalead ["OP17-057">OP17-057]
RZ1|68|1|OP17-057|1|1|7|0|1|1|0|0|0
RZ1|CHK|68|1|40|4|0|5|9|1|0|1|1|0
[] Hand: [OP08-051,OP17-056,OP17-054,OP17-042]
[] Board: []
[] Trash: []
[] Life: 5
[] Hand: [OP01-016,ST21-003,OP13-040,EB04-007,OP13-040]
[] Trash: []
[] Board: []
[] Life: 4
[You] End Turn
[] Hand: [OP01-016,ST21-003,OP13-040,EB04-007,OP13-040]
[] Board: []
[] Trash: []
[] Life: 4
[] Hand: [OP08-051,OP17-056,OP17-054,OP17-042]
[] Trash: []
[] Board: []
[] Life: 5
[Opponent] Draw 1 Card
[] Drew card from deck: Nami ["EB02-017">EB02-017]
RZ1|69|2|EB02-017|0|40|1|5|1|1|0|0|0
RZ1|CHK|69|2|40|6|0|4|10|0|0|0|1|0
RZ1|70|2|Don|4|9|5|0|1|1|0|0|0
RZ1|CHK|70|2|40|6|0|4|9|1|0|0|1|0
RZ1|71|2|Don|4|8|5|1|1|1|0|0|0
RZ1|CHK|71|2|40|6|0|4|8|2|0|0|1|0
[Opponent] Draw 2 Don
RZ1|72|2|Don|5|0|9|9900|1|1|0|0|0
RZ1|CHK|72|2|40|6|0|4|8|1|0|0|1|1
[Opponent] Attach 1 Don to Monkey D. Luffy ["OP13-001">OP13-001] (1 Total)
RZ1|73|2|Don|5|0|5|0|1|1|1|0|0
RZ1|CHK|73|2|40|6|0|4|8|1|0|0|1|1
[Opponent] Deploy Nami ["EB02-017">EB02-017]
RZ1|74|2|EB02-017|1|5|2|0|1|1|0|0|0
RZ1|CHK|74|2|40|5|1|4|8|1|0|0|1|1
RZ1|75|2|OP13-027|0|35|1|5|1|1|0|0|0
RZ1|CHK|75|2|39|6|1|4|8|1|0|0|1|1
[Opponent] Nami ["EB02-017">EB02-017]: <b>Reveal and Draw Sanji ["OP13-027">OP13-027]</b>
[Opponent] Placing Cards on Bottom of Deck
RZ1|76|2|EB02-017|0|38|0|0|0|0|0|0|0
RZ1|CHK|76|2|39|6|1|4|8|1|0|0|1|1
RZ1|77|2|OP16-004|0|38|0|0|0|0|0|0|0
RZ1|CHK|77|2|39|6|1|4|8|1|0|0|1|1
RZ1|78|2|OP15-035|0|38|0|0|0|0|0|0|0
RZ1|CHK|78|2|39|6|1|4|8|1|0|0|1|1
RZ1|79|2|OP05-038|0|38|0|0|0|0|0|0|0
RZ1|CHK|79|2|39|6|1|4|8|1|0|0|1|1
[] Hand: [OP01-016,ST21-003,OP13-040,EB04-007,OP13-040,OP13-027]
[] Board: [EB02-017]
[] Trash: []
[] Life: 4
[] Hand: [OP08-051,OP17-056,OP17-054,OP17-042]
[] Trash: []
[] Board: []
[] Life: 5
[Opponent] End Turn
[] Hand: [OP08-051,OP17-056,OP17-054,OP17-042]
[] Board: []
[] Trash: []
[] Life: 5
[] Hand: [OP01-016,ST21-003,OP13-040,EB04-007,OP13-040,OP13-027]
[] Trash: []
[] Board: [EB02-017]
[] Life: 4
[You] Draw 1 Card
[] Drew card from deck: Edward Newgate ["OP17-040">OP17-040]
RZ1|80|1|OP17-040|0|39|1|4|1|1|0|0|0
RZ1|CHK|80|1|39|5|0|5|9|1|0|1|1|0
RZ1|81|1|Don|4|8|5|1|1|1|0|0|0
RZ1|CHK|81|1|39|5|0|5|8|2|0|1|1|0
RZ1|82|1|Don|4|7|5|2|1|1|0|0|0
RZ1|CHK|82|1|39|5|0|5|7|3|0|1|1|0
[You] Draw 2 Don
RZ1|83|1|Don|5|0|5|0|1|1|1|0|0
RZ1|CHK|83|1|39|5|0|5|7|3|0|1|1|0
RZ1|84|1|Don|5|1|5|1|1|1|1|0|0
RZ1|CHK|84|1|39|5|0|5|7|3|0|1|1|0
RZ1|85|1|Don|5|2|5|2|1|1|1|0|0
RZ1|CHK|85|1|39|5|0|5|7|3|0|1|1|0
[You] Deploy Stussy ["OP17-054">OP17-054]
RZ1|86|1|OP17-054|1|2|2|0|1|1|0|0|0
RZ1|CHK|86|1|39|4|1|5|7|3|0|1|1|0
[You] Stussy ["OP17-054">OP17-054]: Nami ["EB02-017">EB02-017] can't attack next turn
[You] Rocks D. Xebec ["OP17-039">OP17-039] attacking Monkey D. Luffy ["OP13-001">OP13-001]
RZ1|87|1|OP17-042|1|2|6|0|1|1|0|0|0
RZ1|CHK|87|1|39|3|1|5|7|3|1|1|1|0
[You] Rocks D. Xebec ["OP17-039">OP17-039]: Trash Kaido ["OP17-042">OP17-042]
RZ1|88|1|OP17-046|0|38|0|38|0|0|0|0|0
RZ1|CHK|88|1|39|3|1|5|7|3|1|1|1|0
[You] Rocks D. Xebec ["OP17-039">OP17-039] revealed: Gloriosa ["OP17-046">OP17-046]
[] Drew card from deck: Gloriosa ["OP17-046">OP17-046]
RZ1|89|1|OP17-046|0|38|1|3|1|1|0|0|0
RZ1|CHK|89|1|38|4|1|5|7|3|1|1|1|0
[] Drew card from deck: Rocks Pirates ["OP17-056">OP17-056]
RZ1|90|1|OP17-056|0|37|1|4|1|1|0|0|0
RZ1|CHK|90|1|37|5|1|5|7|3|1|1|1|0
[You] Rocks D. Xebec ["OP17-039">OP17-039]: Draw 2 Card
[Opponent] Discard Sanji ["ST21-003">ST21-003] for Counter 2000
RZ1|91|2|ST21-003|1|1|6|0|1|1|0|0|0
RZ1|CHK|91|2|39|5|1|4|8|1|1|0|1|1
Rocks D. Xebec ["OP17-039">OP17-039][5000] vs Monkey D. Luffy ["OP13-001">OP13-001][7000]
Attack Fails
[] Hand: [OP08-051,OP17-056,OP17-040,OP17-046,OP17-056]
[] Board: [OP17-054]
[] Trash: [OP17-042]
[] Life: 5
[] Hand: [OP01-016,OP13-040,EB04-007,OP13-040,OP13-027]
[] Trash: [ST21-003]
[] Board: [EB02-017]
[] Life: 4
[You] End Turn
[] Hand: [OP01-016,OP13-040,EB04-007,OP13-040,OP13-027]
[] Board: [EB02-017]
[] Trash: [ST21-003]
[] Life: 4
[] Hand: [OP08-051,OP17-056,OP17-040,OP17-046,OP17-056]
[] Trash: [OP17-042]
[] Board: [OP17-054]
[] Life: 5
RZ1|92|2|Don|9|9900|5|0|1|1|1|0|0
RZ1|CHK|92|2|39|5|1|4|8|2|1|0|1|0
[Opponent] Draw 1 Card
[] Drew card from deck: Charlestone ["OP05-038">OP05-038]
RZ1|93|2|OP05-038|0|38|1|5|1|1|0|0|0
RZ1|CHK|93|2|38|6|1|4|8|2|1|0|1|0
RZ1|94|2|Don|4|7|5|2|1|1|0|0|0
RZ1|CHK|94|2|38|6|1|4|7|3|1|0|1|0
RZ1|95|2|Don|4|6|5|3|1|1|0|0|0
RZ1|CHK|95|2|38|6|1|4|6|4|1|0|1|0
[Opponent] Draw 2 Don
RZ1|96|2|Don|5|0|5|0|1|1|1|0|0
RZ1|CHK|96|2|38|6|1|4|6|4|1|0|1|0
[Opponent] Deploy Nami ["OP01-016">OP01-016]
RZ1|97|2|OP01-016|1|0|2|1|1|1|0|0|0
RZ1|CHK|97|2|38|5|2|4|6|4|1|0|1|0
[Opponent] Nami ["OP01-016">OP01-016]: <b>Reveal and Draw Roronoa Zoro ["OP13-037">OP13-037]</b>
RZ1|98|2|OP13-037|0|37|1|5|1|1|0|0|0
RZ1|CHK|98|2|37|6|2|4|6|4|1|0|1|0
RZ1|99|2|OP15-035|0|36|0|0|0|0|0|0|0
RZ1|CHK|99|2|37|6|2|4|6|4|1|0|1|0
RZ1|100|2|OP05-038|0|36|0|0|0|0|0|0|0
RZ1|CHK|100|2|37|6|2|4|6|4|1|0|1|0
RZ1|101|2|OP13-118|0|36|0|0|0|0|0|0|0
RZ1|CHK|101|2|37|6|2|4|6|4|1|0|1|0
RZ1|102|2|OP13-037|0|36|0|0|0|0|0|0|0
RZ1|CHK|102|2|37|6|2|4|6|4|1|0|1|0
RZ1|103|2|Don|5|1|9|9900|1|1|0|0|0
RZ1|CHK|103|2|37|6|2|4|6|3|1|0|1|1
[Opponent] Attach 1 Don to Monkey D. Luffy ["OP13-001">OP13-001] (1 Total)
[Opponent] Monkey D. Luffy ["OP13-001">OP13-001] attacking Rocks D. Xebec ["OP17-039">OP17-039]
[You] Rocks Pirates ["OP17-056">OP17-056]: Activate Counter
RZ1|104|1|OP17-056|1|4|6|1|1|1|0|0|0
RZ1|CHK|104|1|37|4|1|5|7|3|2|1|1|0
[You] Rocks Pirates ["OP17-056">OP17-056]: Buff Rocks D. Xebec ["OP17-039">OP17-039] 2000 for the Combat
Monkey D. Luffy ["OP13-001">OP13-001][6000] vs Rocks D. Xebec ["OP17-039">OP17-039][7000]
Attack Fails
[Opponent] Nami ["EB02-017">EB02-017] is no longer blocked from attacking
[] Hand: [OP13-040,EB04-007,OP13-040,OP13-027,OP05-038,OP13-037]
[] Board: [EB02-017,OP01-016]
[] Trash: [ST21-003]
[] Life: 4
[] Hand: [OP08-051,OP17-056,OP17-040,OP17-046]
[] Trash: [OP17-042,OP17-056]
[] Board: [OP17-054]
[] Life: 5
[Opponent] End Turn
[] Hand: [OP08-051,OP17-056,OP17-040,OP17-046]
[] Board: [OP17-054]
[] Trash: [OP17-042,OP17-056]
[] Life: 5
[] Hand: [OP13-040,EB04-007,OP13-040,OP13-027,OP05-038,OP13-037]
[] Trash: [ST21-003]
[] Board: [EB02-017,OP01-016]
[] Life: 4
[You] Draw 1 Card
[] Drew card from deck: Rocks Pirates ["OP17-056">OP17-056]
RZ1|105|1|OP17-056|0|36|1|4|1|1|0|0|0
RZ1|CHK|105|1|36|5|1|5|7|3|2|1|1|0
RZ1|106|1|Don|4|6|5|3|1|1|0|0|0
RZ1|CHK|106|1|36|5|1|5|6|4|2|1|1|0
RZ1|107|1|Don|4|5|5|4|1|1|0|0|0
RZ1|CHK|107|1|36|5|1|5|5|5|2|1|1|0
[You] Draw 2 Don
[You] Stussy ["OP17-054">OP17-054] attacking Monkey D. Luffy ["OP13-001">OP13-001]
[Opponent] Discard Roronoa Zoro ["OP13-037">OP13-037] for Counter 1000
RZ1|108|2|OP13-037|1|5|6|1|1|1|0|0|0
RZ1|CHK|108|2|37|5|2|4|6|3|2|0|1|1
Stussy ["OP17-054">OP17-054][5000] vs Monkey D. Luffy ["OP13-001">OP13-001][6000]
Attack Fails
RZ1|109|1|Don|5|0|5|0|1|1|1|0|0
RZ1|CHK|109|1|36|5|1|5|5|5|2|1|1|0
RZ1|110|1|Don|5|1|5|1|1|1|1|0|0
RZ1|CHK|110|1|36|5|1|5|5|5|2|1|1|0
RZ1|111|1|Don|5|2|5|2|1|1|1|0|0
RZ1|CHK|111|1|36|5|1|5|5|5|2|1|1|0
RZ1|112|1|Don|5|3|5|3|1|1|1|0|0
RZ1|CHK|112|1|36|5|1|5|5|5|2|1|1|0
[You] Deploy Gloriosa ["OP17-046">OP17-046]
RZ1|113|1|OP17-046|1|3|2|1|1|1|0|0|0
RZ1|CHK|113|1|36|4|2|5|5|5|2|1|1|0
[You] Gloriosa ["OP17-046">OP17-046]: Send Nami ["EB02-017">EB02-017] to Deck Bottom
RZ1|114|2|EB02-017|2|0|0|0|0|0|0|0|0
RZ1|CHK|114|2|38|5|1|4|6|3|2|0|1|1
[You] Attach 1 Don to Rocks D. Xebec ["OP17-039">OP17-039] (1 Total)
RZ1|115|1|Don|5|4|9|9900|1|1|0|0|0
RZ1|CHK|115|1|36|4|2|5|5|4|2|1|1|1
[You] Rocks D. Xebec ["OP17-039">OP17-039] attacking Monkey D. Luffy ["OP13-001">OP13-001]
RZ1|116|1|OP17-056|1|3|6|2|1|1|0|0|0
RZ1|CHK|116|1|36|3|2|5|5|4|3|1|1|1
[You] Rocks D. Xebec ["OP17-039">OP17-039]: Trash Rocks Pirates ["OP17-056">OP17-056]
RZ1|117|1|OP17-118|0|35|0|35|0|0|0|0|0
RZ1|CHK|117|1|36|3|2|5|5|4|3|1|1|1
[You] Rocks D. Xebec ["OP17-039">OP17-039] revealed: Rocks D. Xebec ["OP17-118">OP17-118]
[] Drew card from deck: Rocks D. Xebec ["OP17-118">OP17-118]
RZ1|118|1|OP17-118|0|35|1|3|1|1|0|0|0
RZ1|CHK|118|1|35|4|2|5|5|4|3|1|1|1
[] Drew card from deck: Charlotte Linlin ["OP17-049">OP17-049]
RZ1|119|1|OP17-049|0|34|1|4|1|1|0|0|0
RZ1|CHK|119|1|34|5|2|5|5|4|3|1|1|1
[You] Rocks D. Xebec ["OP17-039">OP17-039]: Draw 2 Card
[Opponent] I Know You're Strong... So I'll Go All Out ["OP13-040">OP13-040]: Activate Counter
[Opponent] I Know You're Strong... So I'll Go All Out ["OP13-040">OP13-040]: Rest 1 Don
RZ1|120|2|Don|5|1|5|1|1|1|1|0|0
RZ1|CHK|120|2|38|5|1|4|6|3|2|0|1|1
RZ1|121|2|OP13-040|1|0|6|2|1|1|0|0|0
RZ1|CHK|121|2|38|4|1|4|6|3|3|0|1|1
[Opponent] I Know You're Strong... So I'll Go All Out ["OP13-040">OP13-040]: Buff Monkey D. Luffy ["OP13-001">OP13-001] 3000 for the Combat
Rocks D. Xebec ["OP17-039">OP17-039][6000] vs Monkey D. Luffy ["OP13-001">OP13-001][8000]
Attack Fails
[] Hand: [OP08-051,OP17-056,OP17-040,OP17-118,OP17-049]
[] Board: [OP17-054,OP17-046]
[] Trash: [OP17-042,OP17-056,OP17-056]
[] Life: 5
[] Hand: [EB04-007,OP13-040,OP13-027,OP05-038]
[] Trash: [ST21-003,OP13-037,OP13-040]
[] Board: [OP01-016]
[] Life: 4
[You] End Turn
[] Hand: [EB04-007,OP13-040,OP13-027,OP05-038]
[] Board: [OP01-016]
[] Trash: [ST21-003,OP13-037,OP13-040]
[] Life: 4
[] Hand: [OP08-051,OP17-056,OP17-040,OP17-118,OP17-049]
[] Trash: [OP17-042,OP17-056,OP17-056]
[] Board: [OP17-054,OP17-046]
[] Life: 5
RZ1|122|2|Don|9|9900|5|0|1|1|1|0|0
RZ1|CHK|122|2|38|4|1|4|6|4|3|0|1|0
[Opponent] Draw 1 Card
[] Drew card from deck: Thousand Sunny ["ST31-005">ST31-005]
RZ1|123|2|ST31-005|0|37|1|4|1|1|0|0|0
RZ1|CHK|123|2|37|5|1|4|6|4|3|0|1|0
RZ1|124|2|Don|4|5|5|4|1|1|0|0|0
RZ1|CHK|124|2|37|5|1|4|5|5|3|0|1|0
RZ1|125|2|Don|4|4|5|5|1|1|0|0|0
RZ1|CHK|125|2|37|5|1|4|4|6|3|0|1|0
[Opponent] Draw 2 Don
RZ1|126|2|Don|5|0|5|0|1|1|1|0|0
RZ1|CHK|126|2|37|5|1|4|4|6|3|0|1|0
[Opponent] Deploy Thousand Sunny ["ST31-005">ST31-005]
RZ1|127|2|ST31-005|1|4|7|0|1|1|0|0|0
RZ1|CHK|127|2|37|4|1|4|4|6|3|1|1|0
RZ1|128|2|OP14-031|0|36|1|4|1|1|0|0|0
RZ1|CHK|128|2|36|5|1|4|4|6|3|1|1|0
[Opponent] Thousand Sunny ["ST31-005">ST31-005]: <b>Reveal and Draw Nami ["OP14-031">OP14-031]</b>
[Opponent] Placing Cards on Bottom of Deck
RZ1|129|2|OP01-016|0|35|0|0|0|0|0|0|0
RZ1|CHK|129|2|36|5|1|4|4|6|3|1|1|0
RZ1|130|2|OP13-118|0|35|0|0|0|0|0|0|0
RZ1|CHK|130|2|36|5|1|4|4|6|3|1|1|0
RZ1|131|2|EB04-007|0|35|0|0|0|0|0|0|0
RZ1|CHK|131|2|36|5|1|4|4|6|3|1|1|0
RZ1|132|2|OP13-040|0|35|0|0|0|0|0|0|0
RZ1|CHK|132|2|36|5|1|4|4|6|3|1|1|0
RZ1|133|2|Don|5|1|5|1|1|1|1|0|0
RZ1|CHK|133|2|36|5|1|4|4|6|3|1|1|0
RZ1|134|2|Don|5|2|5|2|1|1|1|0|0
RZ1|CHK|134|2|36|5|1|4|4|6|3|1|1|0
RZ1|135|2|Don|5|3|5|3|1|1|1|0|0
RZ1|CHK|135|2|36|5|1|4|4|6|3|1|1|0
RZ1|136|2|Don|5|4|5|4|1|1|1|0|0
RZ1|CHK|136|2|36|5|1|4|4|6|3|1|1|0
RZ1|137|2|Don|5|5|5|5|1|1|1|0|0
RZ1|CHK|137|2|36|5|1|4|4|6|3|1|1|0
[Opponent] Deploy Sanji ["OP13-027">OP13-027]
RZ1|138|2|OP13-027|1|2|2|1|1|1|0|0|0
RZ1|CHK|138|2|36|4|2|4|4|6|3|1|1|0
[Opponent] Sanji ["OP13-027">OP13-027]: Activate 1 Don
RZ1|139|2|Don|5|5|5|5|1|1|0|0|0
RZ1|CHK|139|2|36|4|2|4|4|6|3|1|1|0
[Opponent] Sanji ["OP13-027">OP13-027]: Activate 1 Don
RZ1|140|2|Don|5|4|5|4|1|1|0|0|0
RZ1|CHK|140|2|36|4|2|4|4|6|3|1|1|0
RZ1|141|2|Don|5|4|9|9900|1|1|0|0|0
RZ1|CHK|141|2|36|4|2|4|4|5|3|1|1|1
RZ1|142|2|Don|5|4|9|9901|1|1|0|0|0
RZ1|CHK|142|2|36|4|2|4|4|4|3|1|1|2
[Opponent] Attach 2 Don to Monkey D. Luffy ["OP13-001">OP13-001] (2 Total)
[Opponent] Monkey D. Luffy ["OP13-001">OP13-001] attacking Rocks D. Xebec ["OP17-039">OP17-039]
Monkey D. Luffy ["OP13-001">OP13-001][7000] vs Rocks D. Xebec ["OP17-039">OP17-039][5000]
Rocks D. Xebec ["OP17-039">OP17-039] hit for 1 damage
RZ1|143|1|OP17-048|3|4|1|5|1|1|0|0|0
RZ1|CHK|143|1|34|6|2|4|5|4|3|1|1|1
[Opponent] Sanji ["OP13-027">OP13-027]: Activate 1 Don
RZ1|144|2|Don|5|3|5|3|1|1|0|0|0
RZ1|CHK|144|2|36|4|2|4|4|4|3|1|1|2
[] Hand: [EB04-007,OP13-040,OP05-038,OP14-031]
[] Board: [OP01-016,OP13-027]
[] Trash: [ST21-003,OP13-037,OP13-040]
[] Life: 4
[] Hand: [OP08-051,OP17-056,OP17-040,OP17-118,OP17-049,OP17-048]
[] Trash: [OP17-042,OP17-056,OP17-056]
[] Board: [OP17-054,OP17-046]
[] Life: 4
[Opponent] End Turn
[] Hand: [OP08-051,OP17-056,OP17-040,OP17-118,OP17-049,OP17-048]
[] Board: [OP17-054,OP17-046]
[] Trash: [OP17-042,OP17-056,OP17-056]
[] Life: 4
[] Hand: [EB04-007,OP13-040,OP05-038,OP14-031]
[] Trash: [ST21-003,OP13-037,OP13-040]
[] Board: [OP01-016,OP13-027]
[] Life: 4
RZ1|145|1|Don|9|9900|5|0|1|1|1|0|0
RZ1|CHK|145|1|34|6|2|4|5|5|3|1|1|0
[You] Draw 1 Card
[] Drew card from deck: Kyo ["OP17-045">OP17-045]
RZ1|146|1|OP17-045|0|33|1|6|1|1|0|0|0
RZ1|CHK|146|1|33|7|2|4|5|5|3|1|1|0
RZ1|147|1|Don|4|4|5|5|1|1|0|0|0
RZ1|CHK|147|1|33|7|2|4|4|6|3|1|1|0
RZ1|148|1|Don|4|3|5|6|1|1|0|0|0
RZ1|CHK|148|1|33|7|2|4|3|7|3|1|1|0
[You] Draw 2 Don
RZ1|149|1|Don|5|0|5|0|1|1|1|0|0
RZ1|CHK|149|1|33|7|2|4|3|7|3|1|1|0
RZ1|150|1|Don|5|1|5|1|1|1|1|0|0
RZ1|CHK|150|1|33|7|2|4|3|7|3|1|1|0
RZ1|151|1|Don|5|2|5|2|1|1|1|0|0
RZ1|CHK|151|1|33|7|2|4|3|7|3|1|1|0
RZ1|152|1|Don|5|3|5|3|1|1|1|0|0
RZ1|CHK|152|1|33|7|2|4|3|7|3|1|1|0
RZ1|153|1|Don|5|4|5|4|1|1|1|0|0
RZ1|CHK|153|1|33|7|2|4|3|7|3|1|1|0
RZ1|154|1|Don|5|5|5|5|1|1|1|0|0
RZ1|CHK|154|1|33|7|2|4|3|7|3|1|1|0
[You] Deploy Edward Newgate ["OP17-040">OP17-040]
RZ1|155|1|OP17-040|1|2|2|2|1|1|0|0|0
RZ1|CHK|155|1|33|6|3|4|3|7|3|1|1|0
[] Drew card from deck: There's No Authority in the World ["OP17-055">OP17-055]
RZ1|156|1|OP17-055|0|32|1|6|1|1|0|0|0
RZ1|CHK|156|1|32|7|3|4|3|7|3|1|1|0
[You] Edward Newgate ["OP17-040">OP17-040]: Draw 1 Card
[You] Attach 1 Don to Stussy ["OP17-054">OP17-054] (1 Total)
RZ1|157|1|Don|5|6|9|0|1|1|0|0|0
RZ1|CHK|157|1|32|7|3|4|3|6|3|1|1|1
[You] Stussy ["OP17-054">OP17-054] attacking Monkey D. Luffy ["OP13-001">OP13-001]
[Opponent] I Know You're Strong... So I'll Go All Out ["OP13-040">OP13-040]: Activate Counter
[Opponent] I Know You're Strong... So I'll Go All Out ["OP13-040">OP13-040]: Rest 1 Don
RZ1|158|2|Don|5|3|5|3|1|1|1|0|0
RZ1|CHK|158|2|36|4|2|4|4|4|3|1|1|2
RZ1|159|2|OP13-040|1|1|6|3|1|1|0|0|0
RZ1|CHK|159|2|36|3|2|4|4|4|4|1|1|2
[Opponent] I Know You're Strong... So I'll Go All Out ["OP13-040">OP13-040]: Buff Monkey D. Luffy ["OP13-001">OP13-001] 3000 for the Combat
Stussy ["OP17-054">OP17-054][6000] vs Monkey D. Luffy ["OP13-001">OP13-001][8000]
Attack Fails
[You] Rocks D. Xebec ["OP17-039">OP17-039] attacking Monkey D. Luffy ["OP13-001">OP13-001]
RZ1|160|1|OP17-045|1|5|6|3|1|1|0|0|0
RZ1|CHK|160|1|32|6|3|4|3|6|4|1|1|1
[You] Rocks D. Xebec ["OP17-039">OP17-039]: Trash Kyo ["OP17-045">OP17-045]
RZ1|161|1|OP17-042|0|31|0|31|0|0|0|0|0
RZ1|CHK|161|1|32|6|3|4|3|6|4|1|1|1
[You] Rocks D. Xebec ["OP17-039">OP17-039] revealed: Kaido ["OP17-042">OP17-042]
[] Drew card from deck: Kaido ["OP17-042">OP17-042]
RZ1|162|1|OP17-042|0|31|1|6|1|1|0|0|0
RZ1|CHK|162|1|31|7|3|4|3|6|4|1|1|1
[] Drew card from deck: There's No Authority in the World ["OP17-055">OP17-055]
RZ1|163|1|OP17-055|0|30|1|7|1|1|0|0|0
RZ1|CHK|163|1|30|8|3|4|3|6|4|1|1|1
[You] Rocks D. Xebec ["OP17-039">OP17-039]: Draw 2 Card
RZ1|164|1|OP17-042|1|6|6|4|1|1|0|0|0
RZ1|CHK|164|1|30|7|3|4|3|6|5|1|1|1
[You] Edward Newgate ["OP17-040">OP17-040]: Trash Kaido ["OP17-042">OP17-042]
[You] Edward Newgate ["OP17-040">OP17-040]: Buff Rocks D. Xebec ["OP17-039">OP17-039] 3000 for the Combat
Rocks D. Xebec ["OP17-039">OP17-039][8000] vs Monkey D. Luffy ["OP13-001">OP13-001][5000]
Monkey D. Luffy ["OP13-001">OP13-001] hit for 1 damage
RZ1|165|2|OP13-027|3|3|1|3|1|1|0|0|0
RZ1|CHK|165|2|36|4|2|3|4|4|4|1|1|2
[] Hand: [OP08-051,OP17-056,OP17-118,OP17-049,OP17-048,OP17-055,OP17-055]
[] Board: [OP17-054,OP17-046,OP17-040]
[] Trash: [OP17-042,OP17-056,OP17-056,OP17-045,OP17-042]
[] Life: 4
[] Hand: [EB04-007,OP05-038,OP14-031,OP13-027]
[] Trash: [ST21-003,OP13-037,OP13-040,OP13-040]
[] Board: [OP01-016,OP13-027]
[] Life: 3
[You] End Turn
[] Hand: [EB04-007,OP05-038,OP14-031,OP13-027]
[] Board: [OP01-016,OP13-027]
[] Trash: [ST21-003,OP13-037,OP13-040,OP13-040]
[] Life: 3
[] Hand: [OP08-051,OP17-056,OP17-118,OP17-049,OP17-048,OP17-055,OP17-055]
[] Trash: [OP17-042,OP17-056,OP17-056,OP17-045,OP17-042]
[] Board: [OP17-054,OP17-046,OP17-040]
[] Life: 4
RZ1|166|2|Don|9|9900|5|0|1|1|1|0|0
RZ1|CHK|166|2|36|4|2|3|4|5|4|1|1|1
RZ1|167|2|Don|9|9900|5|0|1|1|1|0|0
RZ1|CHK|167|2|36|4|2|3|4|6|4|1|1|0
[Opponent] Draw 1 Card
[] Drew card from deck: Charlestone ["OP05-038">OP05-038]
RZ1|168|2|OP05-038|0|35|1|4|1|1|0|0|0
RZ1|CHK|168|2|35|5|2|3|4|6|4|1|1|0
RZ1|169|2|Don|4|3|5|6|1|1|0|0|0
RZ1|CHK|169|2|35|5|2|3|3|7|4|1|1|0
RZ1|170|2|Don|4|2|5|7|1|1|0|0|0
RZ1|CHK|170|2|35|5|2|3|2|8|4|1|1|0
[Opponent] Draw 2 Don
RZ1|171|2|Don|5|0|9|9900|1|1|0|0|0
RZ1|CHK|171|2|35|5|2|3|2|7|4|1|1|1
[Opponent] Attach 1 Don to Monkey D. Luffy ["OP13-001">OP13-001] (1 Total)
RZ1|172|2|Don|5|0|5|0|1|1|1|0|0
RZ1|CHK|172|2|35|5|2|3|2|7|4|1|1|1
RZ1|173|2|Don|5|1|5|1|1|1|1|0|0
RZ1|CHK|173|2|35|5|2|3|2|7|4|1|1|1
RZ1|174|2|Don|5|2|5|2|1|1|1|0|0
RZ1|CHK|174|2|35|5|2|3|2|7|4|1|1|1
RZ1|175|2|Don|5|3|5|3|1|1|1|0|0
RZ1|CHK|175|2|35|5|2|3|2|7|4|1|1|1
RZ1|176|2|Don|5|4|5|4|1|1|1|0|0
RZ1|CHK|176|2|35|5|2|3|2|7|4|1|1|1
RZ1|177|2|Don|5|5|5|5|1|1|1|0|0
RZ1|CHK|177|2|35|5|2|3|2|7|4|1|1|1
RZ1|178|2|Don|5|6|5|6|1|1|1|0|0
RZ1|CHK|178|2|35|5|2|3|2|7|4|1|1|1
[Opponent] Deploy Roronoa Zoro ["EB04-007">EB04-007]
RZ1|179|2|EB04-007|1|0|2|2|1|1|0|0|0
RZ1|CHK|179|2|35|4|3|3|2|7|4|1|1|1
[Opponent] Roronoa Zoro ["EB04-007">EB04-007]: Grant Monkey D. Luffy ["OP13-001">OP13-001] 2000 until opponent's next turn end
[Opponent] Sanji ["OP13-027">OP13-027] attacking Rocks D. Xebec ["OP17-039">OP17-039]
RZ1|180|1|OP08-051|1|0|6|5|1|1|0|0|0
RZ1|CHK|180|1|30|6|3|4|3|6|6|1|1|1
[You] Edward Newgate ["OP17-040">OP17-040]: Trash Buckin ["OP08-051">OP08-051]
[You] Edward Newgate ["OP17-040">OP17-040]: Buff Rocks D. Xebec ["OP17-039">OP17-039] 3000 for the Combat
Sanji ["OP13-027">OP13-027][7000] vs Rocks D. Xebec ["OP17-039">OP17-039][8000]
Attack Fails
[Opponent] Thousand Sunny ["ST31-005">ST31-005]: Rest Thousand Sunny ["ST31-005">ST31-005]
[Opponent] Monkey D. Luffy ["OP13-001">OP13-001] attacking Rocks D. Xebec ["OP17-039">OP17-039]
[You] Gloriosa ["OP17-046">OP17-046] Blocks
Monkey D. Luffy ["OP13-001">OP13-001][8000] vs Gloriosa ["OP17-046">OP17-046][1000]
[You] Gloriosa ["OP17-046">OP17-046] Destroyed
RZ1|181|1|OP17-046|2|1|6|6|1|1|0|0|0
RZ1|CHK|181|1|30|6|2|4|3|6|7|1|1|1
[Opponent] Sanji ["OP13-027">OP13-027]: Activate 1 Don
RZ1|182|2|Don|5|6|5|6|1|1|0|0|0
RZ1|CHK|182|2|35|4|3|3|2|7|4|1|1|1
[] Hand: [OP05-038,OP14-031,OP13-027,OP05-038]
[] Board: [OP01-016,OP13-027,EB04-007]
[] Trash: [ST21-003,OP13-037,OP13-040,OP13-040]
[] Life: 3
[] Hand: [OP17-056,OP17-118,OP17-049,OP17-048,OP17-055,OP17-055]
[] Trash: [OP17-042,OP17-056,OP17-056,OP17-045,OP17-042,OP08-051,OP17-046]
[] Board: [OP17-054,OP17-040]
[] Life: 4
[Opponent] End Turn
[] Hand: [OP17-056,OP17-118,OP17-049,OP17-048,OP17-055,OP17-055]
[] Board: [OP17-054,OP17-040]
[] Trash: [OP17-042,OP17-056,OP17-056,OP17-045,OP17-042,OP08-051,OP17-046]
[] Life: 4
[] Hand: [OP05-038,OP14-031,OP13-027,OP05-038]
[] Trash: [ST21-003,OP13-037,OP13-040,OP13-040]
[] Board: [OP01-016,OP13-027,EB04-007]
[] Life: 3
RZ1|183|1|Don|9|0|5|0|1|1|1|0|0
RZ1|CHK|183|1|30|6|2|4|3|7|7|1|1|0
[You] Draw 1 Card
[] Drew card from deck: Rocks D. Xebec ["OP17-118">OP17-118]
RZ1|184|1|OP17-118|0|29|1|6|1|1|0|0|0
RZ1|CHK|184|1|29|7|2|4|3|7|7|1|1|0
RZ1|185|1|Don|4|2|5|7|1|1|0|0|0
RZ1|CHK|185|1|29|7|2|4|2|8|7|1|1|0
RZ1|186|1|Don|4|1|5|8|1|1|0|0|0
RZ1|CHK|186|1|29|7|2|4|1|9|7|1|1|0
[You] Draw 2 Don
RZ1|187|1|Don|5|0|5|0|1|1|1|0|0
RZ1|CHK|187|1|29|7|2|4|1|9|7|1|1|0
RZ1|188|1|Don|5|1|5|1|1|1|1|0|0
RZ1|CHK|188|1|29|7|2|4|1|9|7|1|1|0
RZ1|189|1|Don|5|2|5|2|1|1|1|0|0
RZ1|CHK|189|1|29|7|2|4|1|9|7|1|1|0
RZ1|190|1|Don|5|3|5|3|1|1|1|0|0
RZ1|CHK|190|1|29|7|2|4|1|9|7|1|1|0
RZ1|191|1|Don|5|4|5|4|1|1|1|0|0
RZ1|CHK|191|1|29|7|2|4|1|9|7|1|1|0
RZ1|192|1|Don|5|5|5|5|1|1|1|0|0
RZ1|CHK|192|1|29|7|2|4|1|9|7|1|1|0
RZ1|193|1|Don|5|6|5|6|1|1|1|0|0
RZ1|CHK|193|1|29|7|2|4|1|9|7|1|1|0
[You] Deploy Shiki ["OP17-048">OP17-048]
RZ1|194|1|OP17-048|1|3|2|2|1|1|0|0|0
RZ1|CHK|194|1|29|6|3|4|1|9|7|1|1|0
[You] Shiki ["OP17-048">OP17-048] attacking Sanji ["OP13-027">OP13-027]
Shiki ["OP17-048">OP17-048][9000] vs Sanji ["OP13-027">OP13-027][7000]
[Opponent] Sanji ["OP13-027">OP13-027] Destroyed
RZ1|195|2|OP13-027|2|1|6|4|1|1|0|0|0
RZ1|CHK|195|2|35|4|2|3|2|7|5|1|1|1
[You] Edward Newgate ["OP17-040">OP17-040] attacking Monkey D. Luffy ["OP13-001">OP13-001]
Edward Newgate ["OP17-040">OP17-040][8000] vs Monkey D. Luffy ["OP13-001">OP13-001][7000]
Monkey D. Luffy ["OP13-001">OP13-001] hit for 1 damage
RZ1|196|2|OP13-027|3|2|1|4|1|1|0|0|0
RZ1|CHK|196|2|35|5|2|2|2|7|5|1|1|1
[You] Attach 1 Don to Rocks D. Xebec ["OP17-039">OP17-039] (1 Total)
RZ1|197|1|Don|5|8|9|9900|1|1|0|0|0
RZ1|CHK|197|1|29|6|3|4|1|8|7|1|1|1
[You] Attach 1 Don to Rocks D. Xebec ["OP17-039">OP17-039] (2 Total)
RZ1|198|1|Don|5|7|9|9901|1|1|0|0|0
RZ1|CHK|198|1|29|6|3|4|1|7|7|1|1|2
[You] Rocks D. Xebec ["OP17-039">OP17-039] attacking Monkey D. Luffy ["OP13-001">OP13-001]
RZ1|199|1|OP17-056|1|0|6|7|1|1|0|0|0
RZ1|CHK|199|1|29|5|3|4|1|7|8|1|1|2
[You] Edward Newgate ["OP17-040">OP17-040]: Trash Rocks Pirates ["OP17-056">OP17-056]
[You] Edward Newgate ["OP17-040">OP17-040]: Buff Rocks D. Xebec ["OP17-039">OP17-039] 3000 for the Combat
RZ1|200|1|OP17-049|1|1|6|8|1|1|0|0|0
RZ1|CHK|200|1|29|4|3|4|1|7|9|1|1|2
[You] Rocks D. Xebec ["OP17-039">OP17-039]: Trash Charlotte Linlin ["OP17-049">OP17-049]
RZ1|201|1|OP08-051|0|28|0|28|0|0|0|0|0
RZ1|CHK|201|1|29|4|3|4|1|7|9|1|1|2
[You] Rocks D. Xebec ["OP17-039">OP17-039] revealed: Buckin ["OP08-051">OP08-051]
[] Drew card from deck: Buckin ["OP08-051">OP08-051]
RZ1|202|1|OP08-051|0|28|1|4|1|1|0|0|0
RZ1|CHK|202|1|28|5|3|4|1|7|9|1|1|2
[] Drew card from deck: Ganzui ["OP17-043">OP17-043]
RZ1|203|1|OP17-043|0|27|1|5|1|1|0|0|0
RZ1|CHK|203|1|27|6|3|4|1|7|9|1|1|2
[You] Rocks D. Xebec ["OP17-039">OP17-039]: Draw 2 Card
Rocks D. Xebec ["OP17-039">OP17-039][10000] vs Monkey D. Luffy ["OP13-001">OP13-001][7000]
Monkey D. Luffy ["OP13-001">OP13-001] hit for 1 damage
RZ1|204|2|EB04-007|3|1|1|5|1|1|0|0|0
RZ1|CHK|204|2|35|6|2|1|2|7|5|1|1|1
[] Hand: [OP17-118,OP17-055,OP17-055,OP17-118,OP08-051,OP17-043]
[] Board: [OP17-054,OP17-040,OP17-048]
[] Trash: [OP17-042,OP17-056,OP17-056,OP17-045,OP17-042,OP08-051,OP17-046,OP17-056,OP17-049]
[] Life: 4
[] Hand: [OP05-038,OP14-031,OP13-027,OP05-038,OP13-027,EB04-007]
[] Trash: [ST21-003,OP13-037,OP13-040,OP13-040,OP13-027]
[] Board: [OP01-016,EB04-007]
[] Life: 1
[You] End Turn
[] Hand: [OP05-038,OP14-031,OP13-027,OP05-038,OP13-027,EB04-007]
[] Board: [OP01-016,EB04-007]
[] Trash: [ST21-003,OP13-037,OP13-040,OP13-040,OP13-027]
[] Life: 1
[] Hand: [OP17-118,OP17-055,OP17-055,OP17-118,OP08-051,OP17-043]
[] Trash: [OP17-042,OP17-056,OP17-056,OP17-045,OP17-042,OP08-051,OP17-046,OP17-056,OP17-049]
[] Board: [OP17-054,OP17-040,OP17-048]
[] Life: 4
RZ1|205|2|Don|9|9900|5|0|1|1|1|0|0
RZ1|CHK|205|2|35|6|2|1|2|8|5|1|1|0
[Opponent] Draw 1 Card
[] Drew card from deck: Curiel ["OP16-004">OP16-004]
RZ1|206|2|OP16-004|0|34|1|6|1|1|0|0|0
RZ1|CHK|206|2|34|7|2|1|2|8|5|1|1|0
RZ1|207|2|Don|4|1|5|8|1|1|0|0|0
RZ1|CHK|207|2|34|7|2|1|1|9|5|1|1|0
RZ1|208|2|Don|4|0|5|9|1|1|0|0|0
RZ1|CHK|208|2|34|7|2|1|0|10|5|1|1|0
[Opponent] Draw 2 Don
RZ1|209|2|Don|5|0|5|0|1|1|1|0|0
RZ1|CHK|209|2|34|7|2|1|0|10|5|1|1|0
RZ1|210|2|Don|5|1|5|1|1|1|1|0|0
RZ1|CHK|210|2|34|7|2|1|0|10|5|1|1|0
RZ1|211|2|Don|5|2|5|2|1|1|1|0|0
RZ1|CHK|211|2|34|7|2|1|0|10|5|1|1|0
RZ1|212|2|Don|5|3|5|3|1|1|1|0|0
RZ1|CHK|212|2|34|7|2|1|0|10|5|1|1|0
[Opponent] Deploy Nami ["OP14-031">OP14-031]
RZ1|213|2|OP14-031|1|1|2|2|1|1|0|0|0
RZ1|CHK|213|2|34|6|3|1|0|10|5|1|1|0
[Opponent] Roronoa Zoro ["EB04-007">EB04-007] attacking Shiki ["OP17-048">OP17-048]
[You] Discard Buckin ["OP08-051">OP08-051] for Counter 1000
RZ1|214|1|OP08-051|1|4|6|9|1|1|0|0|0
RZ1|CHK|214|1|27|5|3|4|1|7|10|1|1|2
Roronoa Zoro ["EB04-007">EB04-007][9000] vs Shiki ["OP17-048">OP17-048][10000]
Attack Fails
RZ1|215|2|Don|5|4|9|9900|1|1|0|0|0
RZ1|CHK|215|2|34|6|3|1|0|9|5|1|1|1
RZ1|216|2|Don|5|4|9|9901|1|1|0|0|0
RZ1|CHK|216|2|34|6|3|1|0|8|5|1|1|2
[Opponent] Attach 2 Don to Monkey D. Luffy ["OP13-001">OP13-001] (2 Total)
RZ1|217|2|Don|5|4|9|9902|1|1|0|0|0
RZ1|CHK|217|2|34|6|3|1|0|7|5|1|1|3
RZ1|218|2|Don|5|4|9|9903|1|1|0|0|0
RZ1|CHK|218|2|34|6|3|1|0|6|5|1|1|4
[Opponent] Attach 2 Don to Monkey D. Luffy ["OP13-001">OP13-001] (4 Total)
RZ1|219|2|Don|5|4|9|9904|1|1|0|0|0
RZ1|CHK|219|2|34|6|3|1|0|5|5|1|1|5
RZ1|220|2|Don|5|4|9|9905|1|1|0|0|0
RZ1|CHK|220|2|34|6|3|1|0|4|5|1|1|6
[Opponent] Attach 2 Don to Monkey D. Luffy ["OP13-001">OP13-001] (6 Total)
[Opponent] Monkey D. Luffy ["OP13-001">OP13-001] attacking Shiki ["OP17-048">OP17-048]
[You] Fullalead ["OP17-057">OP17-057]: Rest Fullalead ["OP17-057">OP17-057]
RZ1|221|1|OP17-043|1|4|6|10|1|1|0|0|0
RZ1|CHK|221|1|27|4|3|4|1|7|11|1|1|2
[You] Fullalead ["OP17-057">OP17-057]: Trash Ganzui ["OP17-043">OP17-043]
[You] Fullalead ["OP17-057">OP17-057]: Buff Shiki ["OP17-048">OP17-048] 1000 for the Combat
[You] There's No Authority in the World ["OP17-055">OP17-055]: Activate Counter
RZ1|222|1|OP17-055|1|2|6|11|1|1|0|0|0
RZ1|CHK|222|1|27|3|3|4|1|7|12|1|1|2
[You] There's No Authority in the World ["OP17-055">OP17-055]: Buff Shiki ["OP17-048">OP17-048] 2000 for the Combat
Monkey D. Luffy ["OP13-001">OP13-001][11000] vs Shiki ["OP17-048">OP17-048][12000]
Attack Fails
[Opponent] Thousand Sunny ["ST31-005">ST31-005]: Rest Thousand Sunny ["ST31-005">ST31-005]
[Opponent] Thousand Sunny ["ST31-005">ST31-005]: Attach 1 Rested Don to Monkey D. Luffy ["OP13-001">OP13-001]
RZ1|223|2|Don|5|0|9|9906|1|1|1|0|0
RZ1|CHK|223|2|34|6|3|1|0|3|5|1|1|7
[] Hand: [OP05-038,OP13-027,OP05-038,OP13-027,EB04-007,OP16-004]
[] Board: [OP01-016,EB04-007,OP14-031]
[] Trash: [ST21-003,OP13-037,OP13-040,OP13-040,OP13-027]
[] Life: 1
[] Hand: [OP17-118,OP17-055,OP17-118]
[] Trash: [OP17-042,OP17-056,OP17-056,OP17-045,OP17-042,OP08-051,OP17-046,OP17-056,OP17-049,OP08-051,OP17-043,OP17-055]
[] Board: [OP17-054,OP17-040,OP17-048]
[] Life: 4
[Opponent] End Turn
[] Hand: [OP17-118,OP17-055,OP17-118]
[] Board: [OP17-054,OP17-040,OP17-048]
[] Trash: [OP17-042,OP17-056,OP17-056,OP17-045,OP17-042,OP08-051,OP17-046,OP17-056,OP17-049,OP08-051,OP17-043,OP17-055]
[] Life: 4
[] Hand: [OP05-038,OP13-027,OP05-038,OP13-027,EB04-007,OP16-004]
[] Trash: [ST21-003,OP13-037,OP13-040,OP13-040,OP13-027]
[] Board: [OP01-016,EB04-007,OP14-031]
[] Life: 1
RZ1|224|1|Don|9|9900|5|0|1|1|1|0|0
RZ1|CHK|224|1|27|3|3|4|1|8|12|1|1|1
RZ1|225|1|Don|9|9900|5|0|1|1|1|0|0
RZ1|CHK|225|1|27|3|3|4|1|9|12|1|1|0
[You] Draw 1 Card
[] Drew card from deck: Edward Newgate ["OP17-040">OP17-040]
RZ1|226|1|OP17-040|0|26|1|3|1|1|0|0|0
RZ1|CHK|226|1|26|4|3|4|1|9|12|1|1|0
RZ1|227|1|Don|4|0|5|9|1|1|0|0|0
RZ1|CHK|227|1|26|4|3|4|0|10|12|1|1|0
[You] Draw 2 Don
[You] Shiki ["OP17-048">OP17-048] attacking Monkey D. Luffy ["OP13-001">OP13-001]
[Opponent] Nami ["OP14-031">OP14-031] Blocks
Shiki ["OP17-048">OP17-048][9000] vs Nami ["OP14-031">OP14-031][2000]
[Opponent] Nami ["OP14-031">OP14-031] Destroyed
RZ1|228|2|OP14-031|2|2|6|5|1|1|0|0|0
RZ1|CHK|228|2|34|6|2|1|0|3|6|1|1|7
[You] Attach 1 Don to Edward Newgate ["OP17-040">OP17-040] (1 Total)
RZ1|229|1|Don|5|9|9|100|1|1|0|0|0
RZ1|CHK|229|1|26|4|3|4|0|9|12|1|1|1
[You] Edward Newgate ["OP17-040">OP17-040] attacking Monkey D. Luffy ["OP13-001">OP13-001]
Edward Newgate ["OP17-040">OP17-040][9000] vs Monkey D. Luffy ["OP13-001">OP13-001][5000]
Monkey D. Luffy ["OP13-001">OP13-001] hit for 1 damage
RZ1|230|2|OP13-118|3|0|1|6|1|1|0|0|0
RZ1|CHK|230|2|34|7|2|0|0|3|6|1|1|7
[You] Attach 9 Don to Rocks D. Xebec ["OP17-039">OP17-039] (9 Total)
RZ1|231|1|Don|5|0|9|9900|1|1|0|0|0
RZ1|CHK|231|1|26|4|3|4|0|8|12|1|1|2
RZ1|232|1|Don|5|0|9|9901|1|1|0|0|0
RZ1|CHK|232|1|26|4|3|4|0|7|12|1|1|3
RZ1|233|1|Don|5|0|9|9902|1|1|0|0|0
RZ1|CHK|233|1|26|4|3|4|0|6|12|1|1|4
RZ1|234|1|Don|5|0|9|9903|1|1|0|0|0
RZ1|CHK|234|1|26|4|3|4|0|5|12|1|1|5
RZ1|235|1|Don|5|0|9|9904|1|1|0|0|0
RZ1|CHK|235|1|26|4|3|4|0|4|12|1|1|6
RZ1|236|1|Don|5|0|9|9905|1|1|0|0|0
RZ1|CHK|236|1|26|4|3|4|0|3|12|1|1|7
RZ1|237|1|Don|5|0|9|9906|1|1|0|0|0
RZ1|CHK|237|1|26|4|3|4|0|2|12|1|1|8
RZ1|238|1|Don|5|0|9|9907|1|1|0|0|0
RZ1|CHK|238|1|26|4|3|4|0|1|12|1|1|9
RZ1|239|1|Don|5|0|9|9908|1|1|0|0|0
RZ1|CHK|239|1|26|4|3|4|0|0|12|1|1|10
[You] Rocks D. Xebec ["OP17-039">OP17-039] attacking Monkey D. Luffy ["OP13-001">OP13-001]
RZ1|240|1|OP17-040|1|3|6|12|1|1|0|0|0
RZ1|CHK|240|1|26|3|3|4|0|0|13|1|1|10
[You] Edward Newgate ["OP17-040">OP17-040]: Trash Edward Newgate ["OP17-040">OP17-040]
[You] Edward Newgate ["OP17-040">OP17-040]: Buff Rocks D. Xebec ["OP17-039">OP17-039] 3000 for the Combat
RZ1|241|1|OP17-055|1|1|6|13|1|1|0|0|0
RZ1|CHK|241|1|26|2|3|4|0|0|14|1|1|10
[You] Rocks D. Xebec ["OP17-039">OP17-039]: Trash There's No Authority in the World ["OP17-055">OP17-055]
RZ1|242|1|OP17-045|0|25|0|25|0|0|0|0|0
RZ1|CHK|242|1|26|2|3|4|0|0|14|1|1|10
[You] Rocks D. Xebec ["OP17-039">OP17-039] revealed: Kyo ["OP17-045">OP17-045]
[] Drew card from deck: Kyo ["OP17-045">OP17-045]
RZ1|243|1|OP17-045|0|25|1|2|1|1|0|0|0
RZ1|CHK|243|1|25|3|3|4|0|0|14|1|1|10
[] Drew card from deck: Streusen ["OP17-050">OP17-050]
RZ1|244|1|OP17-050|0|24|1|3|1|1|0|0|0
RZ1|CHK|244|1|24|4|3|4|0|0|14|1|1|10
[You] Rocks D. Xebec ["OP17-039">OP17-039]: Draw 2 Card
Rocks D. Xebec ["OP17-039">OP17-039][17000] vs Monkey D. Luffy ["OP13-001">OP13-001][5000]
Monkey D. Luffy ["OP13-001">OP13-001] hit for 1 damage
[Opponent] <b>Downloaded the Combat Log!</b>
GameOver
