Version is 1.42a.34
[Karlmalone​#2854] Leader is Rocks D. Xebec ["OP17-039">OP17-039]
[Drocks99​#7236] Leader is Monkey D. Luffy ["OP09-061">OP09-061]
[Drocks99​#7236] Chose to go Second
RZ1|HDR|1.42a|2|RZ1
RZ1|PLY|1|Karlmalone​#2854|OP17-039
RZ1|PLY|2|Drocks99​#7236|OP09-061
RZ1|1|1|OP17-049|0|26|0|0|0|0|0|0|0
RZ1|CHK|1|1|50|0|0|0|10|0|0|0|1|0
RZ1|2|1|OP17-042|0|13|0|1|0|0|0|0|0
RZ1|CHK|2|1|50|0|0|0|10|0|0|0|1|0
RZ1|3|1|OP17-040|0|29|0|2|0|0|0|0|0
RZ1|CHK|3|1|50|0|0|0|10|0|0|0|1|0
RZ1|4|1|OP17-040|0|30|0|3|0|0|0|0|0
RZ1|CHK|4|1|50|0|0|0|10|0|0|0|1|0
RZ1|5|1|OP17-053|0|29|0|4|0|0|0|0|0
RZ1|CHK|5|1|50|0|0|0|10|0|0|0|1|0
RZ1|6|1|OP17-048|0|33|0|5|0|0|0|0|0
RZ1|CHK|6|1|50|0|0|0|10|0|0|0|1|0
RZ1|7|1|OP17-054|0|14|0|6|0|0|0|0|0
RZ1|CHK|7|1|50|0|0|0|10|0|0|0|1|0
RZ1|8|1|OP17-053|0|31|0|7|0|0|0|0|0
RZ1|CHK|8|1|50|0|0|0|10|0|0|0|1|0
RZ1|9|1|OP17-046|0|25|0|8|0|0|0|0|0
RZ1|CHK|9|1|50|0|0|0|10|0|0|0|1|0
RZ1|10|1|OP17-043|0|28|0|9|0|0|0|0|0
RZ1|CHK|10|1|50|0|0|0|10|0|0|0|1|0
RZ1|11|1|OP17-055|0|43|0|10|0|0|0|0|0
RZ1|CHK|11|1|50|0|0|0|10|0|0|0|1|0
RZ1|12|1|OP17-056|0|45|0|11|0|0|0|0|0
RZ1|CHK|12|1|50|0|0|0|10|0|0|0|1|0
RZ1|13|1|OP17-055|0|44|0|12|0|0|0|0|0
RZ1|CHK|13|1|50|0|0|0|10|0|0|0|1|0
RZ1|14|1|OP17-118|0|40|0|13|0|0|0|0|0
RZ1|CHK|14|1|50|0|0|0|10|0|0|0|1|0
RZ1|15|1|OP17-054|0|19|0|14|0|0|0|0|0
RZ1|CHK|15|1|50|0|0|0|10|0|0|0|1|0
RZ1|16|1|OP17-057|0|48|0|15|0|0|0|0|0
RZ1|CHK|16|1|50|0|0|0|10|0|0|0|1|0
RZ1|17|1|OP17-043|0|32|0|16|0|0|0|0|0
RZ1|CHK|17|1|50|0|0|0|10|0|0|0|1|0
RZ1|18|1|OP17-054|0|23|0|17|0|0|0|0|0
RZ1|CHK|18|1|50|0|0|0|10|0|0|0|1|0
RZ1|19|1|OP17-040|0|38|0|18|0|0|0|0|0
RZ1|CHK|19|1|50|0|0|0|10|0|0|0|1|0
RZ1|20|1|OP17-044|0|30|0|19|0|0|0|0|0
RZ1|CHK|20|1|50|0|0|0|10|0|0|0|1|0
RZ1|21|1|OP17-045|0|21|0|20|0|0|0|0|0
RZ1|CHK|21|1|50|0|0|0|10|0|0|0|1|0
RZ1|22|1|OP17-048|0|40|0|21|0|0|0|0|0
RZ1|CHK|22|1|50|0|0|0|10|0|0|0|1|0
RZ1|23|1|OP17-042|0|27|0|22|0|0|0|0|0
RZ1|CHK|23|1|50|0|0|0|10|0|0|0|1|0
RZ1|24|1|OP17-046|0|34|0|23|0|0|0|0|0
RZ1|CHK|24|1|50|0|0|0|10|0|0|0|1|0
RZ1|25|1|OP17-052|0|27|0|24|0|0|0|0|0
RZ1|CHK|25|1|50|0|0|0|10|0|0|0|1|0
RZ1|26|1|OP17-042|0|29|0|25|0|0|0|0|0
RZ1|CHK|26|1|50|0|0|0|10|0|0|0|1|0
RZ1|27|1|OP17-057|0|49|0|26|0|0|0|0|0
RZ1|CHK|27|1|50|0|0|0|10|0|0|0|1|0
RZ1|28|1|OP17-056|0|49|0|27|0|0|0|0|0
RZ1|CHK|28|1|50|0|0|0|10|0|0|0|1|0
RZ1|29|1|OP17-118|0|44|0|28|0|0|0|0|0
RZ1|CHK|29|1|50|0|0|0|10|0|0|0|1|0
RZ1|30|1|OP17-048|0|43|0|29|0|0|0|0|0
RZ1|CHK|30|1|50|0|0|0|10|0|0|0|1|0
RZ1|31|1|OP17-055|0|46|0|30|0|0|0|0|0
RZ1|CHK|31|1|50|0|0|0|10|0|0|0|1|0
RZ1|32|1|OP17-043|0|40|0|31|0|0|0|0|0
RZ1|CHK|32|1|50|0|0|0|10|0|0|0|1|0
RZ1|33|1|OP17-049|0|42|0|32|0|0|0|0|0
RZ1|CHK|33|1|50|0|0|0|10|0|0|0|1|0
RZ1|34|1|OP17-040|0|44|0|33|0|0|0|0|0
RZ1|CHK|34|1|50|0|0|0|10|0|0|0|1|0
RZ1|35|1|OP17-118|0|46|0|34|0|0|0|0|0
RZ1|CHK|35|1|50|0|0|0|10|0|0|0|1|0
RZ1|36|1|OP17-052|0|36|0|35|0|0|0|0|0
RZ1|CHK|36|1|50|0|0|0|10|0|0|0|1|0
RZ1|37|1|OP17-042|0|39|0|36|0|0|0|0|0
RZ1|CHK|37|1|50|0|0|0|10|0|0|0|1|0
RZ1|38|1|OP17-049|0|45|0|37|0|0|0|0|0
RZ1|CHK|38|1|50|0|0|0|10|0|0|0|1|0
RZ1|39|1|OP17-044|0|42|0|38|0|0|0|0|0
RZ1|CHK|39|1|50|0|0|0|10|0|0|0|1|0
RZ1|40|1|OP17-046|0|43|0|40|0|0|0|0|0
RZ1|CHK|40|1|50|0|0|0|10|0|0|0|1|0
RZ1|41|1|OP17-056|0|49|0|41|0|0|0|0|0
RZ1|CHK|41|1|50|0|0|0|10|0|0|0|1|0
RZ1|42|1|OP17-054|0|43|0|42|0|0|0|0|0
RZ1|CHK|42|1|50|0|0|0|10|0|0|0|1|0
RZ1|43|1|OP17-046|0|45|0|44|0|0|0|0|0
RZ1|CHK|43|1|50|0|0|0|10|0|0|0|1|0
RZ1|44|1|OP17-118|0|47|0|45|0|0|0|0|0
RZ1|CHK|44|1|50|0|0|0|10|0|0|0|1|0
RZ1|45|1|OP17-055|0|48|0|46|0|0|0|0|0
RZ1|CHK|45|1|50|0|0|0|10|0|0|0|1|0
RZ1|46|1|OP17-049|0|48|0|47|0|0|0|0|0
RZ1|CHK|46|1|50|0|0|0|10|0|0|0|1|0
[Karlmalone​#2854] Drew card from deck: Rocks Pirates ["OP17-056">OP17-056]
RZ1|47|1|OP17-056|0|49|1|0|1|1|0|0|0
RZ1|CHK|47|1|49|1|0|0|10|0|0|0|1|0
[Karlmalone​#2854] Drew card from deck: Captain John ["OP17-044">OP17-044]
RZ1|48|1|OP17-044|0|48|1|1|1|1|0|0|0
RZ1|CHK|48|1|48|2|0|0|10|0|0|0|1|0
[Karlmalone​#2854] Drew card from deck: Charlotte Linlin ["OP17-049">OP17-049]
RZ1|49|1|OP17-049|0|47|1|2|1|1|0|0|0
RZ1|CHK|49|1|47|3|0|0|10|0|0|0|1|0
[Karlmalone​#2854] Drew card from deck: There's No Authority in the World ["OP17-055">OP17-055]
RZ1|50|1|OP17-055|0|46|1|3|1|1|0|0|0
RZ1|CHK|50|1|46|4|0|0|10|0|0|0|1|0
[Karlmalone​#2854] Drew card from deck: Rocks D. Xebec ["OP17-118">OP17-118]
RZ1|51|1|OP17-118|0|45|1|4|1|1|0|0|0
RZ1|CHK|51|1|45|5|0|0|10|0|0|0|1|0
[Karlmalone​#2854] Hand before Mulligan: [OP17-056,OP17-044,OP17-049,OP17-055,OP17-118]
RZ1|52|2|OP15-092|0|37|0|0|0|0|0|0|0
RZ1|CHK|52|2|50|0|0|0|10|0|0|0|1|0
RZ1|53|2|OP15-085|0|17|0|1|0|0|0|0|0
RZ1|CHK|53|2|50|0|0|0|10|0|0|0|1|0
RZ1|54|2|OP15-088|0|34|0|2|0|0|0|0|0
RZ1|CHK|54|2|50|0|0|0|10|0|0|0|1|0
RZ1|55|2|ST26-005|0|15|0|3|0|0|0|0|0
RZ1|CHK|55|2|50|0|0|0|10|0|0|0|1|0
RZ1|56|2|OP17-081|0|20|0|4|0|0|0|0|0
RZ1|CHK|56|2|50|0|0|0|10|0|0|0|1|0
RZ1|57|2|OP15-092|0|40|0|5|0|0|0|0|0
RZ1|CHK|57|2|50|0|0|0|10|0|0|0|1|0
RZ1|58|2|ST26-005|0|15|0|6|0|0|0|0|0
RZ1|CHK|58|2|50|0|0|0|10|0|0|0|1|0
RZ1|59|2|OP09-078|0|44|0|7|0|0|0|0|0
RZ1|CHK|59|2|50|0|0|0|10|0|0|0|1|0
RZ1|60|2|OP15-092|0|40|0|8|0|0|0|0|0
RZ1|CHK|60|2|50|0|0|0|10|0|0|0|1|0
RZ1|61|2|OP17-091|0|31|0|9|0|0|0|0|0
RZ1|CHK|61|2|50|0|0|0|10|0|0|0|1|0
RZ1|62|2|OP17-087|0|29|0|10|0|0|0|0|0
RZ1|CHK|62|2|50|0|0|0|10|0|0|0|1|0
RZ1|63|2|OP09-065|0|22|0|11|0|0|0|0|0
RZ1|CHK|63|2|50|0|0|0|10|0|0|0|1|0
RZ1|64|2|OP17-082|0|29|0|12|0|0|0|0|0
RZ1|CHK|64|2|50|0|0|0|10|0|0|0|1|0
RZ1|65|2|OP17-087|0|30|0|13|0|0|0|0|0
RZ1|CHK|65|2|50|0|0|0|10|0|0|0|1|0
RZ1|66|2|OP17-087|0|31|0|14|0|0|0|0|0
RZ1|CHK|66|2|50|0|0|0|10|0|0|0|1|0
RZ1|67|2|OP17-082|0|31|0|15|0|0|0|0|0
RZ1|CHK|67|2|50|0|0|0|10|0|0|0|1|0
RZ1|68|2|OP17-095|0|37|0|16|0|0|0|0|0
RZ1|CHK|68|2|50|0|0|0|10|0|0|0|1|0
RZ1|69|2|OP15-085|0|30|0|17|0|0|0|0|0
RZ1|CHK|69|2|50|0|0|0|10|0|0|0|1|0
RZ1|70|2|PRB02-012|0|20|0|18|0|0|0|0|0
RZ1|CHK|70|2|50|0|0|0|10|0|0|0|1|0
RZ1|71|2|OP17-082|0|32|0|19|0|0|0|0|0
RZ1|CHK|71|2|50|0|0|0|10|0|0|0|1|0
RZ1|72|2|OP15-088|0|40|0|20|0|0|0|0|0
RZ1|CHK|72|2|50|0|0|0|10|0|0|0|1|0
RZ1|73|2|OP09-076|0|24|0|21|0|0|0|0|0
RZ1|CHK|73|2|50|0|0|0|10|0|0|0|1|0
RZ1|74|2|OP09-078|0|46|0|22|0|0|0|0|0
RZ1|CHK|74|2|50|0|0|0|10|0|0|0|1|0
RZ1|75|2|OP15-088|0|40|0|23|0|0|0|0|0
RZ1|CHK|75|2|50|0|0|0|10|0|0|0|1|0
RZ1|76|2|PRB02-012|0|25|0|24|0|0|0|0|0
RZ1|CHK|76|2|50|0|0|0|10|0|0|0|1|0
RZ1|77|2|OP09-072|0|30|0|25|0|0|0|0|0
RZ1|CHK|77|2|50|0|0|0|10|0|0|0|1|0
RZ1|78|2|OP17-095|0|39|0|26|0|0|0|0|0
RZ1|CHK|78|2|50|0|0|0|10|0|0|0|1|0
RZ1|79|2|OP09-076|0|30|0|27|0|0|0|0|0
RZ1|CHK|79|2|50|0|0|0|10|0|0|0|1|0
RZ1|80|2|OP09-078|0|47|0|28|0|0|0|0|0
RZ1|CHK|80|2|50|0|0|0|10|0|0|0|1|0
RZ1|81|2|ST14-017|0|48|0|29|0|0|0|0|0
RZ1|CHK|81|2|50|0|0|0|10|0|0|0|1|0
RZ1|82|2|ST26-005|0|35|0|30|0|0|0|0|0
RZ1|CHK|82|2|50|0|0|0|10|0|0|0|1|0
RZ1|83|2|OP17-081|0|38|0|31|0|0|0|0|0
RZ1|CHK|83|2|50|0|0|0|10|0|0|0|1|0
RZ1|84|2|OP15-085|0|37|0|32|0|0|0|0|0
RZ1|CHK|84|2|50|0|0|0|10|0|0|0|1|0
RZ1|85|2|OP17-095|0|41|0|33|0|0|0|0|0
RZ1|CHK|85|2|50|0|0|0|10|0|0|0|1|0
RZ1|86|2|OP17-091|0|41|0|34|0|0|0|0|0
RZ1|CHK|86|2|50|0|0|0|10|0|0|0|1|0
RZ1|87|2|OP17-091|0|41|0|36|0|0|0|0|0
RZ1|CHK|87|2|50|0|0|0|10|0|0|0|1|0
RZ1|88|2|OP17-095|0|42|0|38|0|0|0|0|0
RZ1|CHK|88|2|50|0|0|0|10|0|0|0|1|0
RZ1|89|2|ST26-005|0|41|0|39|0|0|0|0|0
RZ1|CHK|89|2|50|0|0|0|10|0|0|0|1|0
RZ1|90|2|OP09-078|0|48|0|40|0|0|0|0|0
RZ1|CHK|90|2|50|0|0|0|10|0|0|0|1|0
RZ1|91|2|OP15-085|0|43|0|41|0|0|0|0|0
RZ1|CHK|91|2|50|0|0|0|10|0|0|0|1|0
RZ1|92|2|ST14-017|0|49|0|42|0|0|0|0|0
RZ1|CHK|92|2|50|0|0|0|10|0|0|0|1|0
RZ1|93|2|OP15-086|0|47|0|44|0|0|0|0|0
RZ1|CHK|93|2|50|0|0|0|10|0|0|0|1|0
RZ1|94|2|OP15-086|0|49|0|45|0|0|0|0|0
RZ1|CHK|94|2|50|0|0|0|10|0|0|0|1|0
RZ1|95|2|OP15-092|0|48|0|47|0|0|0|0|0
RZ1|CHK|95|2|50|0|0|0|10|0|0|0|1|0
RZ1|96|2|OP15-086|0|49|0|48|0|0|0|0|0
RZ1|CHK|96|2|50|0|0|0|10|0|0|0|1|0
[Drocks99​#7236] Drew card from deck: Pirate Docking 6 ["OP15-088">OP15-088]
RZ1|97|2|OP15-088|0|49|1|0|0|1|0|0|0
RZ1|CHK|97|2|49|1|0|0|10|0|0|0|1|0
[Drocks99​#7236] Drew card from deck: Nami ["OP15-086">OP15-086]
RZ1|98|2|OP15-086|0|48|1|1|0|1|0|0|0
RZ1|CHK|98|2|48|2|0|0|10|0|0|0|1|0
[Drocks99​#7236] Drew card from deck: Monkey D. Luffy ["OP15-092">OP15-092]
RZ1|99|2|OP15-092|0|47|1|2|0|1|0|0|0
RZ1|CHK|99|2|47|3|0|0|10|0|0|0|1|0
[Drocks99​#7236] Drew card from deck: Roronoa Zoro ["OP09-076">OP09-076]
RZ1|100|2|OP09-076|0|46|1|3|0|1|0|0|0
RZ1|CHK|100|2|46|4|0|0|10|0|0|0|1|0
[Drocks99​#7236] Drew card from deck: Nami ["OP15-086">OP15-086]
RZ1|101|2|OP15-086|0|45|1|4|0|1|0|0|0
RZ1|CHK|101|2|45|5|0|0|10|0|0|0|1|0
RZ1|102|1|OP17-056|1|0|0|45|0|0|0|0|0
RZ1|CHK|102|1|46|4|0|0|10|0|0|0|1|0
RZ1|103|1|OP17-044|1|0|0|46|0|0|0|0|0
RZ1|CHK|103|1|47|3|0|0|10|0|0|0|1|0
RZ1|104|1|OP17-049|1|0|0|47|0|0|0|0|0
RZ1|CHK|104|1|48|2|0|0|10|0|0|0|1|0
RZ1|105|1|OP17-055|1|0|0|48|0|0|0|0|0
RZ1|CHK|105|1|49|1|0|0|10|0|0|0|1|0
RZ1|106|1|OP17-118|1|0|0|49|0|0|0|0|0
RZ1|CHK|106|1|50|0|0|0|10|0|0|0|1|0
RZ1|107|1|OP17-045|0|39|0|0|0|0|0|0|0
RZ1|CHK|107|1|50|0|0|0|10|0|0|0|1|0
RZ1|108|1|OP17-040|0|3|0|1|0|0|0|0|0
RZ1|CHK|108|1|50|0|0|0|10|0|0|0|1|0
RZ1|109|1|OP17-046|0|24|0|2|0|0|0|0|0
RZ1|CHK|109|1|50|0|0|0|10|0|0|0|1|0
RZ1|110|1|OP17-040|0|34|0|4|0|0|0|0|0
RZ1|CHK|110|1|50|0|0|0|10|0|0|0|1|0
RZ1|111|1|OP17-049|0|38|0|5|0|0|0|0|0
RZ1|CHK|111|1|50|0|0|0|10|0|0|0|1|0
RZ1|112|1|OP17-052|0|27|0|6|0|0|0|0|0
RZ1|CHK|112|1|50|0|0|0|10|0|0|0|1|0
RZ1|113|1|OP17-056|0|45|0|7|0|0|0|0|0
RZ1|CHK|113|1|50|0|0|0|10|0|0|0|1|0
RZ1|114|1|OP17-042|0|29|0|8|0|0|0|0|0
RZ1|CHK|114|1|50|0|0|0|10|0|0|0|1|0
RZ1|115|1|OP17-042|0|39|0|9|0|0|0|0|0
RZ1|CHK|115|1|50|0|0|0|10|0|0|0|1|0
RZ1|116|1|OP17-046|0|45|0|10|0|0|0|0|0
RZ1|CHK|116|1|50|0|0|0|10|0|0|0|1|0
RZ1|117|1|OP17-057|0|32|0|11|0|0|0|0|0
RZ1|CHK|117|1|50|0|0|0|10|0|0|0|1|0
RZ1|118|1|OP17-118|0|49|0|12|0|0|0|0|0
RZ1|CHK|118|1|50|0|0|0|10|0|0|0|1|0
RZ1|119|1|OP17-118|0|40|0|13|0|0|0|0|0
RZ1|CHK|119|1|50|0|0|0|10|0|0|0|1|0
RZ1|120|1|OP17-048|0|17|0|14|0|0|0|0|0
RZ1|CHK|120|1|50|0|0|0|10|0|0|0|1|0
RZ1|121|1|OP17-044|0|31|0|15|0|0|0|0|0
RZ1|CHK|121|1|50|0|0|0|10|0|0|0|1|0
RZ1|122|1|OP17-055|0|49|0|16|0|0|0|0|0
RZ1|CHK|122|1|50|0|0|0|10|0|0|0|1|0
RZ1|123|1|OP17-053|0|19|0|17|0|0|0|0|0
RZ1|CHK|123|1|50|0|0|0|10|0|0|0|1|0
RZ1|124|1|OP17-056|0|45|0|18|0|0|0|0|0
RZ1|CHK|124|1|50|0|0|0|10|0|0|0|1|0
RZ1|125|1|OP17-049|0|42|0|19|0|0|0|0|0
RZ1|CHK|125|1|50|0|0|0|10|0|0|0|1|0
RZ1|126|1|OP17-043|0|32|0|20|0|0|0|0|0
RZ1|CHK|126|1|50|0|0|0|10|0|0|0|1|0
RZ1|127|1|OP17-040|0|34|0|21|0|0|0|0|0
RZ1|CHK|127|1|50|0|0|0|10|0|0|0|1|0
RZ1|128|1|OP17-052|0|43|0|22|0|0|0|0|0
RZ1|CHK|128|1|50|0|0|0|10|0|0|0|1|0
RZ1|129|1|OP17-043|0|28|0|23|0|0|0|0|0
RZ1|CHK|129|1|50|0|0|0|10|0|0|0|1|0
RZ1|130|1|OP17-040|0|25|0|24|0|0|0|0|0
RZ1|CHK|130|1|50|0|0|0|10|0|0|0|1|0
RZ1|131|1|OP17-045|0|36|0|25|0|0|0|0|0
RZ1|CHK|131|1|50|0|0|0|10|0|0|0|1|0
RZ1|132|1|OP17-046|0|29|0|26|0|0|0|0|0
RZ1|CHK|132|1|50|0|0|0|10|0|0|0|1|0
RZ1|133|1|OP17-054|0|34|0|27|0|0|0|0|0
RZ1|CHK|133|1|50|0|0|0|10|0|0|0|1|0
RZ1|134|1|OP17-054|0|29|0|28|0|0|0|0|0
RZ1|CHK|134|1|50|0|0|0|10|0|0|0|1|0
RZ1|135|1|OP17-056|0|39|0|29|0|0|0|0|0
RZ1|CHK|135|1|50|0|0|0|10|0|0|0|1|0
RZ1|136|1|OP17-056|0|33|0|30|0|0|0|0|0
RZ1|CHK|136|1|50|0|0|0|10|0|0|0|1|0
RZ1|137|1|OP17-054|0|46|0|31|0|0|0|0|0
RZ1|CHK|137|1|50|0|0|0|10|0|0|0|1|0
RZ1|138|1|OP17-044|0|45|0|32|0|0|0|0|0
RZ1|CHK|138|1|50|0|0|0|10|0|0|0|1|0
RZ1|139|1|OP17-048|0|43|0|34|0|0|0|0|0
RZ1|CHK|139|1|50|0|0|0|10|0|0|0|1|0
RZ1|140|1|OP17-046|0|46|0|35|0|0|0|0|0
RZ1|CHK|140|1|50|0|0|0|10|0|0|0|1|0
RZ1|141|1|OP17-043|0|46|0|36|0|0|0|0|0
RZ1|CHK|141|1|50|0|0|0|10|0|0|0|1|0
RZ1|142|1|OP17-118|0|40|0|37|0|0|0|0|0
RZ1|CHK|142|1|50|0|0|0|10|0|0|0|1|0
RZ1|143|1|OP17-118|0|45|0|38|0|0|0|0|0
RZ1|CHK|143|1|50|0|0|0|10|0|0|0|1|0
RZ1|144|1|OP17-055|0|46|0|39|0|0|0|0|0
RZ1|CHK|144|1|50|0|0|0|10|0|0|0|1|0
RZ1|145|1|OP17-057|0|43|0|40|0|0|0|0|0
RZ1|CHK|145|1|50|0|0|0|10|0|0|0|1|0
RZ1|146|1|OP17-049|0|49|0|41|0|0|0|0|0
RZ1|CHK|146|1|50|0|0|0|10|0|0|0|1|0
RZ1|147|1|OP17-055|0|43|0|42|0|0|0|0|0
RZ1|CHK|147|1|50|0|0|0|10|0|0|0|1|0
RZ1|148|1|OP17-044|0|49|0|43|0|0|0|0|0
RZ1|CHK|148|1|50|0|0|0|10|0|0|0|1|0
RZ1|149|1|OP17-054|0|46|0|44|0|0|0|0|0
RZ1|CHK|149|1|50|0|0|0|10|0|0|0|1|0
RZ1|150|1|OP17-048|0|47|0|45|0|0|0|0|0
RZ1|CHK|150|1|50|0|0|0|10|0|0|0|1|0
RZ1|151|1|OP17-052|0|49|0|47|0|0|0|0|0
RZ1|CHK|151|1|50|0|0|0|10|0|0|0|1|0
[Karlmalone​#2854] Drew card from deck: Kaido ["OP17-042">OP17-042]
RZ1|152|1|OP17-042|0|49|1|0|1|1|0|0|0
RZ1|CHK|152|1|49|1|0|0|10|0|0|0|1|0
[Karlmalone​#2854] Drew card from deck: There's No Authority in the World ["OP17-055">OP17-055]
RZ1|153|1|OP17-055|0|48|1|1|1|1|0|0|0
RZ1|CHK|153|1|48|2|0|0|10|0|0|0|1|0
[Karlmalone​#2854] Drew card from deck: Don Marlon ["OP17-052">OP17-052]
RZ1|154|1|OP17-052|0|47|1|2|1|1|0|0|0
RZ1|CHK|154|1|47|3|0|0|10|0|0|0|1|0
[Karlmalone​#2854] Drew card from deck: Barbell ["OP17-053">OP17-053]
RZ1|155|1|OP17-053|0|46|1|3|1|1|0|0|0
RZ1|CHK|155|1|46|4|0|0|10|0|0|0|1|0
[Karlmalone​#2854] Drew card from deck: Shiki ["OP17-048">OP17-048]
RZ1|156|1|OP17-048|0|45|1|4|1|1|0|0|0
RZ1|CHK|156|1|45|5|0|0|10|0|0|0|1|0
RZ1|157|1|OP17-054|0|44|3|0|1|0|0|0|0
RZ1|CHK|157|1|44|5|0|1|10|0|0|0|1|0
RZ1|158|1|OP17-044|0|43|3|1|1|0|0|0|0
RZ1|CHK|158|1|43|5|0|2|10|0|0|0|1|0
RZ1|159|1|OP17-055|0|42|3|2|1|0|0|0|0
RZ1|CHK|159|1|42|5|0|3|10|0|0|0|1|0
RZ1|160|1|OP17-049|0|41|3|3|1|0|0|0|0
RZ1|CHK|160|1|41|5|0|4|10|0|0|0|1|0
RZ1|161|1|OP17-057|0|40|3|4|1|0|0|0|0
RZ1|CHK|161|1|40|5|0|5|10|0|0|0|1|0
[Karlmalone​#2854] Hand after Mulligan: [OP17-042,OP17-055,OP17-052,OP17-053,OP17-048]
[Karlmalone​#2854] Mulligan
RZ1|162|2|OP15-086|0|44|3|0|0|1|0|0|0
RZ1|CHK|162|2|44|5|0|1|10|0|0|0|1|0
RZ1|163|2|OP09-076|0|43|3|1|0|1|0|0|0
RZ1|CHK|163|2|43|5|0|2|10|0|0|0|1|0
RZ1|164|2|ST14-017|0|42|3|2|0|1|0|0|0
RZ1|CHK|164|2|42|5|0|3|10|0|0|0|1|0
RZ1|165|2|OP15-085|0|41|3|3|0|1|0|0|0
RZ1|CHK|165|2|41|5|0|4|10|0|0|0|1|0
[Karlmalone​#2854] Hand: [OP17-042,OP17-055,OP17-052,OP17-053,OP17-048]
[Karlmalone​#2854] Board: []
[Karlmalone​#2854] Trash: []
[Karlmalone​#2854] Life: 5
[Drocks99​#7236] Hand: [OP15-088,OP15-086,OP15-092,OP09-076,OP15-086]
[Drocks99​#7236] Trash: []
[Drocks99​#7236] Board: []
[Drocks99​#7236] Life: 4
RZ1|166|1|Don|4|9|5|0|1|1|0|0|0
RZ1|CHK|166|1|40|5|0|5|9|1|0|0|1|0
[Karlmalone​#2854] Draw 1 Don
[Karlmalone​#2854] Hand: [OP17-042,OP17-055,OP17-052,OP17-053,OP17-048]
[Karlmalone​#2854] Board: []
[Karlmalone​#2854] Trash: []
[Karlmalone​#2854] Life: 5
[Drocks99​#7236] Hand: [OP15-088,OP15-086,OP15-092,OP09-076,OP15-086]
[Drocks99​#7236] Trash: []
[Drocks99​#7236] Board: []
[Drocks99​#7236] Life: 4
[Karlmalone​#2854] End Turn
[Drocks99​#7236] Draw 1 Card
[Drocks99​#7236] Drew card from deck: Gum Gum Giant ["OP09-078">OP09-078]
RZ1|167|2|OP09-078|0|40|1|5|0|1|0|0|0
RZ1|CHK|167|2|40|6|0|4|10|0|0|0|1|0
RZ1|168|2|Don|4|9|5|0|1|1|0|0|0
RZ1|CHK|168|2|40|6|0|4|9|1|0|0|1|0
RZ1|169|2|Don|4|8|5|1|1|1|0|0|0
RZ1|CHK|169|2|40|6|0|4|8|2|0|0|1|0
[Drocks99​#7236] Draw 2 Don
[Drocks99​#7236] End Turn
[Karlmalone​#2854] Hand: [OP17-042,OP17-055,OP17-052,OP17-053,OP17-048]
[Karlmalone​#2854] Board: []
[Karlmalone​#2854] Trash: []
[Karlmalone​#2854] Life: 5
[Drocks99​#7236] Hand: [OP15-088,OP15-086,OP15-092,OP09-076,OP15-086,OP09-078]
[Drocks99​#7236] Trash: []
[Drocks99​#7236] Board: []
[Drocks99​#7236] Life: 4
[Karlmalone​#2854] Draw 1 Card
[Karlmalone​#2854] Drew card from deck: There's No Authority in the World ["OP17-055">OP17-055]
RZ1|170|1|OP17-055|0|39|1|5|1|1|0|0|0
RZ1|CHK|170|1|39|6|0|5|9|1|0|0|1|0
RZ1|171|1|Don|4|8|5|1|1|1|0|0|0
RZ1|CHK|171|1|39|6|0|5|8|2|0|0|1|0
RZ1|172|1|Don|4|7|5|2|1|1|0|0|0
RZ1|CHK|172|1|39|6|0|5|7|3|0|0|1|0
[Karlmalone​#2854] Draw 2 Don
[Karlmalone​#2854] Attach 1 Don to Rocks D. Xebec ["OP17-039">OP17-039] (1 Total)
RZ1|173|1|Don|5|2|9|9900|1|1|0|0|0
RZ1|CHK|173|1|39|6|0|5|7|2|0|0|1|1
[Karlmalone​#2854] Attach 1 Don to Rocks D. Xebec ["OP17-039">OP17-039] (2 Total)
RZ1|174|1|Don|5|1|9|9901|1|1|0|0|0
RZ1|CHK|174|1|39|6|0|5|7|1|0|0|1|2
[Karlmalone​#2854] Attach 1 Don to Rocks D. Xebec ["OP17-039">OP17-039] (3 Total)
RZ1|175|1|Don|5|0|9|9902|1|1|0|0|0
RZ1|CHK|175|1|39|6|0|5|7|0|0|0|1|3
[Karlmalone​#2854] Rocks D. Xebec ["OP17-039">OP17-039] attacking Monkey D. Luffy ["OP09-061">OP09-061]
RZ1|176|1|OP17-055|1|5|6|0|1|1|0|0|0
RZ1|CHK|176|1|39|5|0|5|7|0|1|0|1|3
[Karlmalone​#2854] Rocks D. Xebec ["OP17-039">OP17-039]: Trash There's No Authority in the World ["OP17-055">OP17-055]
RZ1|177|1|OP17-118|0|38|0|38|0|0|0|0|0
RZ1|CHK|177|1|39|5|0|5|7|0|1|0|1|3
[Karlmalone​#2854] Rocks D. Xebec ["OP17-039">OP17-039] revealed: Rocks D. Xebec ["OP17-118">OP17-118]
[Karlmalone​#2854] Drew card from deck: Rocks D. Xebec ["OP17-118">OP17-118]
RZ1|178|1|OP17-118|0|38|1|5|1|1|0|0|0
RZ1|CHK|178|1|38|6|0|5|7|0|1|0|1|3
[Karlmalone​#2854] Drew card from deck: Rocks D. Xebec ["OP17-118">OP17-118]
RZ1|179|1|OP17-118|0|37|1|6|1|1|0|0|0
RZ1|CHK|179|1|37|7|0|5|7|0|1|0|1|3
[Karlmalone​#2854] Rocks D. Xebec ["OP17-039">OP17-039]: Draw 2 Card
RZ1|180|2|OP15-085|3|3|1|6|0|1|0|0|0
RZ1|CHK|180|2|40|7|0|3|8|2|0|0|1|0
Rocks D. Xebec ["OP17-039">OP17-039][8000] vs Monkey D. Luffy ["OP09-061">OP09-061][5000]
Monkey D. Luffy ["OP09-061">OP09-061] hit for 1 damage
[Karlmalone​#2854] Hand: [OP17-042,OP17-055,OP17-052,OP17-053,OP17-048,OP17-118,OP17-118]
[Karlmalone​#2854] Board: []
[Karlmalone​#2854] Trash: [OP17-055]
[Karlmalone​#2854] Life: 5
[Drocks99​#7236] Hand: [OP15-088,OP15-086,OP15-092,OP09-076,OP15-086,OP09-078,OP15-085]
[Drocks99​#7236] Trash: []
[Drocks99​#7236] Board: []
[Drocks99​#7236] Life: 3
[Karlmalone​#2854] End Turn
[Drocks99​#7236] Draw 1 Card
[Drocks99​#7236] Drew card from deck: Monkey D. Luffy ["ST26-005">ST26-005]
RZ1|181|2|ST26-005|0|39|1|7|0|1|0|0|0
RZ1|CHK|181|2|39|8|0|3|8|2|0|0|1|0
RZ1|182|2|Don|4|7|5|2|1|1|0|0|0
RZ1|CHK|182|2|39|8|0|3|7|3|0|0|1|0
RZ1|183|2|Don|4|6|5|3|1|1|0|0|0
RZ1|CHK|183|2|39|8|0|3|6|4|0|0|1|0
[Drocks99​#7236] Draw 2 Don
RZ1|184|2|Don|5|0|5|0|1|1|1|0|0
RZ1|CHK|184|2|39|8|0|3|6|4|0|0|1|0
RZ1|185|2|Don|5|1|5|1|1|1|1|0|0
RZ1|CHK|185|2|39|8|0|3|6|4|0|0|1|0
RZ1|186|2|Don|5|2|5|2|1|1|1|0|0
RZ1|CHK|186|2|39|8|0|3|6|4|0|0|1|0
[Drocks99​#7236] Deploy Roronoa Zoro ["OP09-076">OP09-076]
RZ1|187|2|OP09-076|1|3|2|0|1|1|0|0|0
RZ1|CHK|187|2|39|7|1|3|6|4|0|0|1|0
RZ1|188|2|Don|5|0|4|6|1|1|0|0|0
RZ1|CHK|188|2|39|7|1|3|7|3|0|0|1|0
[Drocks99​#7236] Roronoa Zoro ["OP09-076">OP09-076]: Minus 1 Don
RZ1|189|2|Don|5|0|4|7|1|1|0|0|0
RZ1|CHK|189|2|39|7|1|3|8|2|0|0|1|0
[Drocks99​#7236] Roronoa Zoro ["OP09-076">OP09-076]: Minus 1 Extra Don
Roronoa Zoro ["OP09-076">OP09-076]: Draw 1 Don
RZ1|190|2|Don|4|7|5|2|1|1|0|0|0
RZ1|CHK|190|2|39|7|1|3|7|3|0|0|1|0
Monkey D. Luffy ["OP09-061">OP09-061]: Draw 1 Don
RZ1|191|2|Don|4|6|5|3|1|1|0|0|0
RZ1|CHK|191|2|39|7|1|3|6|4|0|0|1|0
Monkey D. Luffy ["OP09-061">OP09-061]: Draw 1 Rested Don
RZ1|192|2|Don|4|5|5|0|1|1|1|0|0
RZ1|CHK|192|2|39|7|1|3|5|5|0|0|1|0
RZ1|193|2|Don|5|2|5|2|1|1|1|0|0
RZ1|CHK|193|2|39|7|1|3|5|5|0|0|1|0
RZ1|194|2|Don|5|3|5|3|1|1|1|0|0
RZ1|CHK|194|2|39|7|1|3|5|5|0|0|1|0
[Drocks99​#7236] Deploy Tony Tony Chopper ["OP15-085">OP15-085]
RZ1|195|2|OP15-085|1|5|2|1|1|1|0|0|0
RZ1|CHK|195|2|39|6|2|3|5|5|0|0|1|0
[Drocks99​#7236] Tony Tony Chopper ["OP15-085">OP15-085]: Trash 3 Cards from Deck
RZ1|196|2|OP17-095|0|38|6|0|1|1|0|0|0
RZ1|CHK|196|2|38|6|2|3|5|5|1|0|1|0
RZ1|197|2|PRB02-012|0|37|6|1|1|1|0|0|0
RZ1|CHK|197|2|37|6|2|3|5|5|2|0|1|0
RZ1|198|2|OP17-091|0|36|6|2|1|1|0|0|0
RZ1|CHK|198|2|36|6|2|3|5|5|3|0|1|0
RZ1|199|2|OP15-085|2|1|6|3|1|1|0|0|0
RZ1|CHK|199|2|36|6|1|3|5|5|4|0|1|0
[Drocks99​#7236] Tony Tony Chopper ["OP15-085">OP15-085]: Trash Tony Tony Chopper ["OP15-085">OP15-085]
[Drocks99​#7236] <b>Draw Nami ["PRB02-012">PRB02-012] from Trash</b>
RZ1|200|2|PRB02-012|6|1|1|6|0|1|0|0|0
RZ1|CHK|200|2|36|7|1|3|5|5|3|0|1|0
[Drocks99​#7236] Attach 1 Don to Monkey D. Luffy ["OP09-061">OP09-061] (1 Total)
RZ1|201|2|Don|5|4|9|9900|1|1|0|0|0
RZ1|CHK|201|2|36|7|1|3|5|4|3|0|1|1
[Drocks99​#7236] Monkey D. Luffy ["OP09-061">OP09-061] attacking Rocks D. Xebec ["OP17-039">OP17-039]
[Karlmalone​#2854] There's No Authority in the World ["OP17-055">OP17-055]: Activate Counter
RZ1|202|1|OP17-055|1|1|6|1|1|1|0|0|0
RZ1|CHK|202|1|37|6|0|5|7|0|2|0|1|3
[Karlmalone​#2854] There's No Authority in the World ["OP17-055">OP17-055]: Buff Rocks D. Xebec ["OP17-039">OP17-039] 2000 for the Combat
Monkey D. Luffy ["OP09-061">OP09-061][6000] vs Rocks D. Xebec ["OP17-039">OP17-039][7000]
Attack Fails
[Drocks99​#7236] End Turn
[Karlmalone​#2854] Hand: [OP17-042,OP17-052,OP17-053,OP17-048,OP17-118,OP17-118]
[Karlmalone​#2854] Board: []
[Karlmalone​#2854] Trash: [OP17-055,OP17-055]
[Karlmalone​#2854] Life: 5
[Drocks99​#7236] Hand: [OP15-088,OP15-086,OP15-092,OP15-086,OP09-078,ST26-005,PRB02-012]
[Drocks99​#7236] Trash: [OP17-095,OP17-091,OP15-085]
[Drocks99​#7236] Board: [OP09-076]
[Drocks99​#7236] Life: 3
RZ1|203|1|Don|9|9900|5|0|1|1|1|0|0
RZ1|CHK|203|1|37|6|0|5|7|1|2|0|1|2
RZ1|204|1|Don|9|9900|5|0|1|1|1|0|0
RZ1|CHK|204|1|37|6|0|5|7|2|2|0|1|1
RZ1|205|1|Don|9|9900|5|0|1|1|1|0|0
RZ1|CHK|205|1|37|6|0|5|7|3|2|0|1|0
[Karlmalone​#2854] Draw 1 Card
[Karlmalone​#2854] Drew card from deck: Ganzui ["OP17-043">OP17-043]
RZ1|206|1|OP17-043|0|36|1|6|1|1|0|0|0
RZ1|CHK|206|1|36|7|0|5|7|3|2|0|1|0
RZ1|207|1|Don|4|6|5|3|1|1|0|0|0
RZ1|CHK|207|1|36|7|0|5|6|4|2|0|1|0
RZ1|208|1|Don|4|5|5|4|1|1|0|0|0
RZ1|CHK|208|1|36|7|0|5|5|5|2|0|1|0
[Karlmalone​#2854] Draw 2 Don
RZ1|209|1|Don|5|0|5|0|1|1|1|0|0
RZ1|CHK|209|1|36|7|0|5|5|5|2|0|1|0
RZ1|210|1|Don|5|1|5|1|1|1|1|0|0
RZ1|CHK|210|1|36|7|0|5|5|5|2|0|1|0
RZ1|211|1|Don|5|2|5|2|1|1|1|0|0
RZ1|CHK|211|1|36|7|0|5|5|5|2|0|1|0
RZ1|212|1|Don|5|3|5|3|1|1|1|0|0
RZ1|CHK|212|1|36|7|0|5|5|5|2|0|1|0
RZ1|213|1|Don|5|4|5|4|1|1|1|0|0
RZ1|CHK|213|1|36|7|0|5|5|5|2|0|1|0
[Karlmalone​#2854] Deploy Ganzui ["OP17-043">OP17-043]
RZ1|214|1|OP17-043|1|6|2|0|1|1|0|0|0
RZ1|CHK|214|1|36|6|1|5|5|5|2|0|1|0
[Karlmalone​#2854] Ganzui ["OP17-043">OP17-043]: Grant Rocks D. Xebec ["OP17-039">OP17-039] 1000 until opponent's next turn end
[Karlmalone​#2854] Rocks D. Xebec ["OP17-039">OP17-039] attacking Monkey D. Luffy ["OP09-061">OP09-061]
RZ1|215|1|OP17-052|1|1|6|2|1|1|0|0|0
RZ1|CHK|215|1|36|5|1|5|5|5|3|0|1|0
[Karlmalone​#2854] Rocks D. Xebec ["OP17-039">OP17-039]: Trash Don Marlon ["OP17-052">OP17-052]
RZ1|216|1|OP17-046|0|35|0|35|0|0|0|0|0
RZ1|CHK|216|1|36|5|1|5|5|5|3|0|1|0
[Karlmalone​#2854] Rocks D. Xebec ["OP17-039">OP17-039] revealed: Gloriosa ["OP17-046">OP17-046]
[Karlmalone​#2854] Drew card from deck: Gloriosa ["OP17-046">OP17-046]
RZ1|217|1|OP17-046|0|35|1|5|1|1|0|0|0
RZ1|CHK|217|1|35|6|1|5|5|5|3|0|1|0
[Karlmalone​#2854] Drew card from deck: Shiki ["OP17-048">OP17-048]
RZ1|218|1|OP17-048|0|34|1|6|1|1|0|0|0
RZ1|CHK|218|1|34|7|1|5|5|5|3|0|1|0
[Karlmalone​#2854] Rocks D. Xebec ["OP17-039">OP17-039]: Draw 2 Card
RZ1|219|2|ST14-017|3|2|1|7|0|1|0|0|0
RZ1|CHK|219|2|36|8|1|2|5|4|3|0|1|1
Rocks D. Xebec ["OP17-039">OP17-039][6000] vs Monkey D. Luffy ["OP09-061">OP09-061][5000]
Monkey D. Luffy ["OP09-061">OP09-061] hit for 1 damage
[Karlmalone​#2854] Hand: [OP17-042,OP17-053,OP17-048,OP17-118,OP17-118,OP17-046,OP17-048]
[Karlmalone​#2854] Board: [OP17-043]
[Karlmalone​#2854] Trash: [OP17-055,OP17-055,OP17-052]
[Karlmalone​#2854] Life: 5
[Drocks99​#7236] Hand: [OP15-088,OP15-086,OP15-092,OP15-086,OP09-078,ST26-005,PRB02-012,ST14-017]
[Drocks99​#7236] Trash: [OP17-095,OP17-091,OP15-085]
[Drocks99​#7236] Board: [OP09-076]
[Drocks99​#7236] Life: 2
[Karlmalone​#2854] End Turn
RZ1|220|2|Don|9|9900|5|0|1|1|1|0|0
RZ1|CHK|220|2|36|8|1|2|5|5|3|0|1|0
[Drocks99​#7236] Draw 1 Card
[Drocks99​#7236] Drew card from deck: Nami ["PRB02-012">PRB02-012]
RZ1|221|2|PRB02-012|0|35|1|8|0|1|0|0|0
RZ1|CHK|221|2|35|9|1|2|5|5|3|0|1|0
RZ1|222|2|Don|4|4|5|5|1|1|0|0|0
RZ1|CHK|222|2|35|9|1|2|4|6|3|0|1|0
RZ1|223|2|Don|4|3|5|6|1|1|0|0|0
RZ1|CHK|223|2|35|9|1|2|3|7|3|0|1|0
[Drocks99​#7236] Draw 2 Don
RZ1|224|2|Don|5|0|5|0|1|1|1|0|0
RZ1|CHK|224|2|35|9|1|2|3|7|3|0|1|0
[Drocks99​#7236] Deploy Thousand Sunny ["ST14-017">ST14-017]
RZ1|225|2|ST14-017|1|7|7|0|1|1|0|0|0
RZ1|CHK|225|2|35|8|1|2|3|7|3|1|1|0
[Drocks99​#7236] Drew card from deck: Brook ["OP17-091">OP17-091]
RZ1|226|2|OP17-091|0|34|1|8|0|1|0|0|0
RZ1|CHK|226|2|34|9|1|2|3|7|3|1|1|0
[Drocks99​#7236] Thousand Sunny ["ST14-017">ST14-017]: Draw 1 Card
RZ1|227|2|Don|5|1|5|1|1|1|1|0|0
RZ1|CHK|227|2|34|9|1|2|3|7|3|1|1|0
RZ1|228|2|Don|5|2|5|2|1|1|1|0|0
RZ1|CHK|228|2|34|9|1|2|3|7|3|1|1|0
RZ1|229|2|Don|5|3|5|3|1|1|1|0|0
RZ1|CHK|229|2|34|9|1|2|3|7|3|1|1|0
RZ1|230|2|Don|5|4|5|4|1|1|1|0|0
RZ1|CHK|230|2|34|9|1|2|3|7|3|1|1|0
RZ1|231|2|Don|5|5|5|5|1|1|1|0|0
RZ1|CHK|231|2|34|9|1|2|3|7|3|1|1|0
[Drocks99​#7236] Deploy Pirate Docking 6 ["OP15-088">OP15-088]
RZ1|232|2|OP15-088|1|0|2|1|1|1|0|0|7
RZ1|CHK|232|2|34|8|2|2|3|7|3|1|1|0
[Drocks99​#7236] Pirate Docking 6 ["OP15-088">OP15-088]: Trash 3 Cards from Deck
RZ1|233|2|OP17-095|0|33|6|3|1|1|0|0|0
RZ1|CHK|233|2|33|8|2|2|3|7|4|1|1|0
RZ1|234|2|OP15-085|0|32|6|4|1|1|0|0|0
RZ1|CHK|234|2|32|8|2|2|3|7|5|1|1|0
RZ1|235|2|OP17-081|0|31|6|5|1|1|0|0|0
RZ1|CHK|235|2|31|8|2|2|3|7|6|1|1|0
[Drocks99​#7236] Pirate Docking 6 ["OP15-088">OP15-088]: Deployed Tony Tony Chopper ["OP15-085">OP15-085] from Trash
RZ1|236|2|OP15-085|6|2|2|2|1|1|0|0|1
RZ1|CHK|236|2|31|8|3|2|3|7|5|1|1|0
[Drocks99​#7236] Tony Tony Chopper ["OP15-085">OP15-085]: Trash 3 Cards from Deck
RZ1|237|2|ST26-005|0|30|6|5|1|1|0|0|0
RZ1|CHK|237|2|30|8|3|2|3|7|6|1|1|0
RZ1|238|2|ST14-017|0|29|6|6|1|1|0|0|0
RZ1|CHK|238|2|29|8|3|2|3|7|7|1|1|0
RZ1|239|2|OP09-078|0|28|6|7|1|1|0|0|0
RZ1|CHK|239|2|28|8|3|2|3|7|8|1|1|0
RZ1|240|2|OP15-085|2|2|6|8|1|1|0|0|0
RZ1|CHK|240|2|28|8|2|2|3|7|9|1|1|0
[Drocks99​#7236] Tony Tony Chopper ["OP15-085">OP15-085]: Trash Tony Tony Chopper ["OP15-085">OP15-085]
[Drocks99​#7236] <b>Draw Roronoa Zoro ["OP17-095">OP17-095] from Trash</b>
RZ1|241|2|OP17-095|6|2|1|8|0|1|0|0|0
RZ1|CHK|241|2|28|9|2|2|3|7|8|1|1|0
[Drocks99​#7236] Attach 1 Don to Monkey D. Luffy ["OP09-061">OP09-061] (1 Total)
RZ1|242|2|Don|5|6|9|9900|1|1|0|0|0
RZ1|CHK|242|2|28|9|2|2|3|6|8|1|1|1
[Drocks99​#7236] Monkey D. Luffy ["OP09-061">OP09-061] attacking Rocks D. Xebec ["OP17-039">OP17-039]
Monkey D. Luffy ["OP09-061">OP09-061][6000] vs Rocks D. Xebec ["OP17-039">OP17-039][6000]
Rocks D. Xebec ["OP17-039">OP17-039] hit for 1 damage
RZ1|243|1|OP17-057|3|4|1|7|1|1|0|0|0
RZ1|CHK|243|1|34|8|1|4|5|5|3|0|1|0
[Drocks99​#7236] End Turn
[Karlmalone​#2854] Hand: [OP17-042,OP17-053,OP17-048,OP17-118,OP17-118,OP17-046,OP17-048,OP17-057]
[Karlmalone​#2854] Board: [OP17-043]
[Karlmalone​#2854] Trash: [OP17-055,OP17-055,OP17-052]
[Karlmalone​#2854] Life: 4
[Drocks99​#7236] Hand: [OP15-086,OP15-092,OP15-086,OP09-078,ST26-005,PRB02-012,PRB02-012,OP17-091,OP17-095]
[Drocks99​#7236] Trash: [OP17-095,OP17-091,OP15-085,OP17-081,ST26-005,ST14-017,OP09-078,OP15-085]
[Drocks99​#7236] Board: [OP09-076,OP15-088]
[Drocks99​#7236] Life: 2
[Karlmalone​#2854] Draw 1 Card
[Karlmalone​#2854] Drew card from deck: Kaido ["OP17-042">OP17-042]
RZ1|244|1|OP17-042|0|33|1|8|1|1|0|0|0
RZ1|CHK|244|1|33|9|1|4|5|5|3|0|1|0
RZ1|245|1|Don|4|4|5|5|1|1|0|0|0
RZ1|CHK|245|1|33|9|1|4|4|6|3|0|1|0
RZ1|246|1|Don|4|3|5|6|1|1|0|0|0
RZ1|CHK|246|1|33|9|1|4|3|7|3|0|1|0
[Karlmalone​#2854] Draw 2 Don
RZ1|247|1|Don|5|0|5|0|1|1|1|0|0
RZ1|CHK|247|1|33|9|1|4|3|7|3|0|1|0
[Karlmalone​#2854] Deploy Fullalead ["OP17-057">OP17-057]
RZ1|248|1|OP17-057|1|7|7|0|1|1|0|0|0
RZ1|CHK|248|1|33|8|1|4|3|7|3|1|1|0
RZ1|249|1|Don|5|1|5|1|1|1|1|0|0
RZ1|CHK|249|1|33|8|1|4|3|7|3|1|1|0
RZ1|250|1|Don|5|2|5|2|1|1|1|0|0
RZ1|CHK|250|1|33|8|1|4|3|7|3|1|1|0
RZ1|251|1|Don|5|3|5|3|1|1|1|0|0
RZ1|CHK|251|1|33|8|1|4|3|7|3|1|1|0
RZ1|252|1|Don|5|4|5|4|1|1|1|0|0
RZ1|CHK|252|1|33|8|1|4|3|7|3|1|1|0
[Karlmalone​#2854] Deploy Gloriosa ["OP17-046">OP17-046]
RZ1|253|1|OP17-046|1|5|2|1|1|1|0|0|0
RZ1|CHK|253|1|33|7|2|4|3|7|3|1|1|0
[Karlmalone​#2854] Gloriosa ["OP17-046">OP17-046]: Send Roronoa Zoro ["OP09-076">OP09-076] to Deck Bottom
RZ1|254|2|OP09-076|2|0|0|0|0|0|0|0|0
RZ1|CHK|254|2|29|9|1|2|3|6|8|1|1|1
[Karlmalone​#2854] Ganzui ["OP17-043">OP17-043] attacking Monkey D. Luffy ["OP09-061">OP09-061]
[Drocks99​#7236] Discard Roronoa Zoro ["OP17-095">OP17-095] for Counter 2000
RZ1|255|2|OP17-095|1|8|6|8|1|1|0|0|0
RZ1|CHK|255|2|29|8|1|2|3|6|9|1|1|1
[Drocks99​#7236] Discard Monkey D. Luffy ["OP15-092">OP15-092] for Counter 1000
RZ1|256|2|OP15-092|1|1|6|9|1|1|0|0|0
RZ1|CHK|256|2|29|7|1|2|3|6|10|1|1|1
Ganzui ["OP17-043">OP17-043][7000] vs Monkey D. Luffy ["OP09-061">OP09-061][8000]
Attack Fails
[Karlmalone​#2854] Attach 1 Don to Rocks D. Xebec ["OP17-039">OP17-039] (1 Total)
RZ1|257|1|Don|5|6|9|9900|1|1|0|0|0
RZ1|CHK|257|1|33|7|2|4|3|6|3|1|1|1
[Karlmalone​#2854] Attach 1 Don to Rocks D. Xebec ["OP17-039">OP17-039] (2 Total)
RZ1|258|1|Don|5|5|9|9901|1|1|0|0|0
RZ1|CHK|258|1|33|7|2|4|3|5|3|1|1|2
[Karlmalone​#2854] Rocks D. Xebec ["OP17-039">OP17-039] attacking Monkey D. Luffy ["OP09-061">OP09-061]
RZ1|259|1|OP17-042|1|6|6|3|1|1|0|0|0
RZ1|CHK|259|1|33|6|2|4|3|5|4|1|1|2
[Karlmalone​#2854] Rocks D. Xebec ["OP17-039">OP17-039]: Trash Kaido ["OP17-042">OP17-042]
RZ1|260|1|OP17-044|0|32|0|32|0|0|0|0|0
RZ1|CHK|260|1|33|6|2|4|3|5|4|1|1|2
[Karlmalone​#2854] Rocks D. Xebec ["OP17-039">OP17-039] revealed: Captain John ["OP17-044">OP17-044]
[Karlmalone​#2854] Drew card from deck: Captain John ["OP17-044">OP17-044]
RZ1|261|1|OP17-044|0|32|1|6|1|1|0|0|0
RZ1|CHK|261|1|32|7|2|4|3|5|4|1|1|2
[Karlmalone​#2854] Drew card from deck: Stussy ["OP17-054">OP17-054]
RZ1|262|1|OP17-054|0|31|1|7|1|1|0|0|0
RZ1|CHK|262|1|31|8|2|4|3|5|4|1|1|2
[Karlmalone​#2854] Rocks D. Xebec ["OP17-039">OP17-039]: Draw 2 Card
RZ1|263|2|OP09-076|3|1|1|7|0|1|0|0|0
RZ1|CHK|263|2|29|8|1|1|3|6|10|1|1|1
Rocks D. Xebec ["OP17-039">OP17-039][7000] vs Monkey D. Luffy ["OP09-061">OP09-061][5000]
Monkey D. Luffy ["OP09-061">OP09-061] hit for 1 damage
[Karlmalone​#2854] Hand: [OP17-042,OP17-053,OP17-048,OP17-118,OP17-118,OP17-048,OP17-044,OP17-054]
[Karlmalone​#2854] Board: [OP17-043,OP17-046]
[Karlmalone​#2854] Trash: [OP17-055,OP17-055,OP17-052,OP17-042]
[Karlmalone​#2854] Life: 4
[Drocks99​#7236] Hand: [OP15-086,OP15-086,OP09-078,ST26-005,PRB02-012,PRB02-012,OP17-091,OP09-076]
[Drocks99​#7236] Trash: [OP17-095,OP17-091,OP15-085,OP17-081,ST26-005,ST14-017,OP09-078,OP15-085,OP17-095,OP15-092]
[Drocks99​#7236] Board: [OP15-088]
[Drocks99​#7236] Life: 1
[Karlmalone​#2854] End Turn
RZ1|264|2|Don|9|9900|5|0|1|1|1|0|0
RZ1|CHK|264|2|29|8|1|1|3|7|10|1|1|0
[Drocks99​#7236] Draw 1 Card
[Drocks99​#7236] Drew card from deck: Roronoa Zoro ["OP09-076">OP09-076]
RZ1|265|2|OP09-076|0|28|1|8|0|1|0|0|0
RZ1|CHK|265|2|28|9|1|1|3|7|10|1|1|0
RZ1|266|2|Don|4|2|5|7|1|1|0|0|0
RZ1|CHK|266|2|28|9|1|1|2|8|10|1|1|0
RZ1|267|2|Don|4|1|5|8|1|1|0|0|0
RZ1|CHK|267|2|28|9|1|1|1|9|10|1|1|0
[Drocks99​#7236] Draw 2 Don
RZ1|268|2|Don|5|0|5|0|1|1|1|0|0
RZ1|CHK|268|2|28|9|1|1|1|9|10|1|1|0
RZ1|269|2|Don|5|1|5|1|1|1|1|0|0
RZ1|CHK|269|2|28|9|1|1|1|9|10|1|1|0
RZ1|270|2|Don|5|2|5|2|1|1|1|0|0
RZ1|CHK|270|2|28|9|1|1|1|9|10|1|1|0
RZ1|271|2|Don|5|3|5|3|1|1|1|0|0
RZ1|CHK|271|2|28|9|1|1|1|9|10|1|1|0
RZ1|272|2|Don|5|4|5|4|1|1|1|0|0
RZ1|CHK|272|2|28|9|1|1|1|9|10|1|1|0
RZ1|273|2|Don|5|5|5|5|1|1|1|0|0
RZ1|CHK|273|2|28|9|1|1|1|9|10|1|1|0
RZ1|274|2|Don|5|6|5|6|1|1|1|0|0
RZ1|CHK|274|2|28|9|1|1|1|9|10|1|1|0
RZ1|275|2|Don|5|7|5|7|1|1|1|0|0
RZ1|CHK|275|2|28|9|1|1|1|9|10|1|1|0
[Drocks99​#7236] Deploy Nami ["OP15-086">OP15-086]
RZ1|276|2|OP15-086|1|0|2|1|1|1|0|0|1
RZ1|CHK|276|2|28|8|2|1|1|9|10|1|1|0
[Drocks99​#7236] Nami ["OP15-086">OP15-086]: Deployed Monkey D. Luffy ["ST26-005">ST26-005] from Trash
RZ1|277|2|ST26-005|6|4|2|2|1|1|0|0|0
RZ1|CHK|277|2|28|8|3|1|1|9|9|1|1|0
[Drocks99​#7236] Nami ["OP15-086">OP15-086]: Give Monkey D. Luffy ["ST26-005">ST26-005] Rush
RZ1|278|2|Don|5|0|4|1|1|1|0|0|0
RZ1|CHK|278|2|28|8|3|1|2|8|9|1|1|0
RZ1|279|2|Don|5|0|4|2|1|1|0|0|0
RZ1|CHK|279|2|28|8|3|1|3|7|9|1|1|0
[Drocks99​#7236] Monkey D. Luffy ["ST26-005">ST26-005]: Minus 2 Don
[Drocks99​#7236] Monkey D. Luffy ["ST26-005">ST26-005]: Grant Monkey D. Luffy ["OP09-061">OP09-061] 2000 until opponent's next turn end
Monkey D. Luffy ["OP09-061">OP09-061]: Draw 1 Don
RZ1|280|2|Don|4|2|5|7|1|1|0|0|0
RZ1|CHK|280|2|28|8|3|1|2|8|9|1|1|0
Monkey D. Luffy ["OP09-061">OP09-061]: Draw 1 Rested Don
RZ1|281|2|Don|4|1|5|0|1|1|1|0|0
RZ1|CHK|281|2|28|8|3|1|1|9|9|1|1|0
[Drocks99​#7236] Monkey D. Luffy ["ST26-005">ST26-005] attacking Ganzui ["OP17-043">OP17-043]
[Karlmalone​#2854] Fullalead ["OP17-057">OP17-057]: Rest Fullalead ["OP17-057">OP17-057]
RZ1|282|1|OP17-044|1|6|6|4|1|1|0|0|0
RZ1|CHK|282|1|31|7|2|4|3|5|5|1|1|2
[Karlmalone​#2854] Fullalead ["OP17-057">OP17-057]: Trash Captain John ["OP17-044">OP17-044]
[Karlmalone​#2854] Fullalead ["OP17-057">OP17-057]: Buff Ganzui ["OP17-043">OP17-043] 1000 for the Combat
Monkey D. Luffy ["ST26-005">ST26-005][7000] vs Ganzui ["OP17-043">OP17-043][8000]
Attack Fails
[Drocks99​#7236] Pirate Docking 6 ["OP15-088">OP15-088] attacking Ganzui ["OP17-043">OP17-043]
[Karlmalone​#2854] Gloriosa ["OP17-046">OP17-046] Blocks
Pirate Docking 6 ["OP15-088">OP15-088][7000] vs Gloriosa ["OP17-046">OP17-046][1000]
[Karlmalone​#2854] Gloriosa ["OP17-046">OP17-046] Destroyed
RZ1|283|1|OP17-046|2|1|6|5|1|1|0|0|0
RZ1|CHK|283|1|31|7|1|4|3|5|6|1|1|2
[Drocks99​#7236] Attach 1 Don to Monkey D. Luffy ["OP09-061">OP09-061] (1 Total)
RZ1|284|2|Don|5|7|9|9900|1|1|0|0|0
RZ1|CHK|284|2|28|8|3|1|1|8|9|1|1|1
[Drocks99​#7236] Monkey D. Luffy ["OP09-061">OP09-061] attacking Ganzui ["OP17-043">OP17-043]
Monkey D. Luffy ["OP09-061">OP09-061][8000] vs Ganzui ["OP17-043">OP17-043][7000]
[Karlmalone​#2854] Ganzui ["OP17-043">OP17-043] Destroyed
RZ1|285|1|OP17-043|2|0|6|6|1|1|0|0|0
RZ1|CHK|285|1|31|7|0|4|3|5|7|1|1|2
[Drocks99​#7236] End Turn
[Karlmalone​#2854] Hand: [OP17-042,OP17-053,OP17-048,OP17-118,OP17-118,OP17-048,OP17-054]
[Karlmalone​#2854] Board: []
[Karlmalone​#2854] Trash: [OP17-055,OP17-055,OP17-052,OP17-042,OP17-044,OP17-046,OP17-043]
[Karlmalone​#2854] Life: 4
[Drocks99​#7236] Hand: [OP15-086,OP09-078,ST26-005,PRB02-012,PRB02-012,OP17-091,OP09-076,OP09-076]
[Drocks99​#7236] Trash: [OP17-095,OP17-091,OP15-085,OP17-081,ST14-017,OP09-078,OP15-085,OP17-095,OP15-092]
[Drocks99​#7236] Board: [OP15-088,OP15-086,ST26-005]
[Drocks99​#7236] Life: 1
RZ1|286|1|Don|9|9900|5|0|1|1|1|0|0
RZ1|CHK|286|1|31|7|0|4|3|6|7|1|1|1
RZ1|287|1|Don|9|9900|5|0|1|1|1|0|0
RZ1|CHK|287|1|31|7|0|4|3|7|7|1|1|0
[Karlmalone​#2854] Draw 1 Card
[Karlmalone​#2854] Drew card from deck: Rocks Pirates ["OP17-056">OP17-056]
RZ1|288|1|OP17-056|0|30|1|7|1|1|0|0|0
RZ1|CHK|288|1|30|8|0|4|3|7|7|1|1|0
RZ1|289|1|Don|4|2|5|7|1|1|0|0|0
RZ1|CHK|289|1|30|8|0|4|2|8|7|1|1|0
RZ1|290|1|Don|4|1|5|8|1|1|0|0|0
RZ1|CHK|290|1|30|8|0|4|1|9|7|1|1|0
[Karlmalone​#2854] Draw 2 Don
RZ1|291|1|Don|5|0|5|0|1|1|1|0|0
RZ1|CHK|291|1|30|8|0|4|1|9|7|1|1|0
RZ1|292|1|Don|5|1|5|1|1|1|1|0|0
RZ1|CHK|292|1|30|8|0|4|1|9|7|1|1|0
RZ1|293|1|Don|5|2|5|2|1|1|1|0|0
RZ1|CHK|293|1|30|8|0|4|1|9|7|1|1|0
[Karlmalone​#2854] Deploy Stussy ["OP17-054">OP17-054]
RZ1|294|1|OP17-054|1|6|2|0|1|1|0|0|0
RZ1|CHK|294|1|30|7|1|4|1|9|7|1|1|0
[Karlmalone​#2854] Stussy ["OP17-054">OP17-054]: Monkey D. Luffy ["ST26-005">ST26-005] can't attack next turn
RZ1|295|1|Don|5|3|5|3|1|1|1|0|0
RZ1|CHK|295|1|30|7|1|4|1|9|7|1|1|0
RZ1|296|1|Don|5|4|5|4|1|1|1|0|0
RZ1|CHK|296|1|30|7|1|4|1|9|7|1|1|0
RZ1|297|1|Don|5|5|5|5|1|1|1|0|0
RZ1|CHK|297|1|30|7|1|4|1|9|7|1|1|0
RZ1|298|1|Don|5|6|5|6|1|1|1|0|0
RZ1|CHK|298|1|30|7|1|4|1|9|7|1|1|0
RZ1|299|1|Don|5|7|5|7|1|1|1|0|0
RZ1|CHK|299|1|30|7|1|4|1|9|7|1|1|0
[Karlmalone​#2854] Deploy Barbell ["OP17-053">OP17-053]
RZ1|300|1|OP17-053|1|1|2|1|1|1|0|0|0
RZ1|CHK|300|1|30|6|2|4|1|9|7|1|1|0
[Karlmalone​#2854] Attach 1 Don to Rocks D. Xebec ["OP17-039">OP17-039] (1 Total)
RZ1|301|1|Don|5|8|9|9900|1|1|0|0|0
RZ1|CHK|301|1|30|6|2|4|1|8|7|1|1|1
[Karlmalone​#2854] Rocks D. Xebec ["OP17-039">OP17-039] attacking Monkey D. Luffy ["OP09-061">OP09-061]
RZ1|302|1|OP17-048|1|4|6|7|1|1|0|0|0
RZ1|CHK|302|1|30|5|2|4|1|8|8|1|1|1
[Karlmalone​#2854] Rocks D. Xebec ["OP17-039">OP17-039]: Trash Shiki ["OP17-048">OP17-048]
RZ1|303|1|OP17-056|0|29|0|29|0|0|0|0|0
RZ1|CHK|303|1|30|5|2|4|1|8|8|1|1|1
[Karlmalone​#2854] Rocks D. Xebec ["OP17-039">OP17-039] revealed: Rocks Pirates ["OP17-056">OP17-056]
[Karlmalone​#2854] Drew card from deck: Rocks Pirates ["OP17-056">OP17-056]
RZ1|304|1|OP17-056|0|29|1|5|1|1|0|0|0
RZ1|CHK|304|1|29|6|2|4|1|8|8|1|1|1
[Karlmalone​#2854] Drew card from deck: Stussy ["OP17-054">OP17-054]
RZ1|305|1|OP17-054|0|28|1|6|1|1|0|0|0
RZ1|CHK|305|1|28|7|2|4|1|8|8|1|1|1
[Karlmalone​#2854] Rocks D. Xebec ["OP17-039">OP17-039]: Draw 2 Card
Rocks D. Xebec ["OP17-039">OP17-039][6000] vs Monkey D. Luffy ["OP09-061">OP09-061][7000]
Attack Fails
[Karlmalone​#2854] Hand: [OP17-042,OP17-048,OP17-118,OP17-118,OP17-056,OP17-056,OP17-054]
[Karlmalone​#2854] Board: [OP17-054,OP17-053]
[Karlmalone​#2854] Trash: [OP17-055,OP17-055,OP17-052,OP17-042,OP17-044,OP17-046,OP17-043,OP17-048]
[Karlmalone​#2854] Life: 4
[Drocks99​#7236] Hand: [OP15-086,OP09-078,ST26-005,PRB02-012,PRB02-012,OP17-091,OP09-076,OP09-076]
[Drocks99​#7236] Trash: [OP17-095,OP17-091,OP15-085,OP17-081,ST14-017,OP09-078,OP15-085,OP17-095,OP15-092]
[Drocks99​#7236] Board: [OP15-088,OP15-086,ST26-005]
[Drocks99​#7236] Life: 1
[Karlmalone​#2854] End Turn
RZ1|306|2|Don|9|9900|5|0|1|1|1|0|0
RZ1|CHK|306|2|28|8|3|1|1|9|9|1|1|0
[Drocks99​#7236] Draw 1 Card
[Drocks99​#7236] Drew card from deck: Roronoa Zoro ["OP17-095">OP17-095]
RZ1|307|2|OP17-095|0|27|1|8|0|1|0|0|0
RZ1|CHK|307|2|27|9|3|1|1|9|9|1|1|0
RZ1|308|2|Don|4|0|5|9|1|1|0|0|0
RZ1|CHK|308|2|27|9|3|1|0|10|9|1|1|0
[Drocks99​#7236] Draw 2 Don
RZ1|309|2|Don|5|0|5|0|1|1|1|0|0
RZ1|CHK|309|2|27|9|3|1|0|10|9|1|1|0
RZ1|310|2|Don|5|1|5|1|1|1|1|0|0
RZ1|CHK|310|2|27|9|3|1|0|10|9|1|1|0
[Drocks99​#7236] Deploy Nami ["PRB02-012">PRB02-012]
RZ1|311|2|PRB02-012|1|3|2|3|1|1|0|0|0
RZ1|CHK|311|2|27|8|4|1|0|10|9|1|1|0
RZ1|312|2|OP09-078|0|23|1|8|0|1|0|0|0
RZ1|CHK|312|2|26|9|4|1|0|10|9|1|1|0
[Drocks99​#7236] Nami ["PRB02-012">PRB02-012]: <b>Reveal and Draw Gum Gum Giant ["OP09-078">OP09-078]</b>
[Drocks99​#7236] Placing Cards on Bottom of Deck
RZ1|313|2|OP09-072|0|25|0|0|0|0|0|0|0
RZ1|CHK|313|2|26|9|4|1|0|10|9|1|1|0
RZ1|314|2|PRB02-012|0|25|0|0|0|0|0|0|0
RZ1|CHK|314|2|26|9|4|1|0|10|9|1|1|0
RZ1|315|2|OP15-088|0|25|0|0|0|0|0|0|0
RZ1|CHK|315|2|26|9|4|1|0|10|9|1|1|0
RZ1|316|2|OP09-076|0|25|0|0|0|0|0|0|0
RZ1|CHK|316|2|26|9|4|1|0|10|9|1|1|0
RZ1|317|2|Don|5|2|5|2|1|1|1|0|0
RZ1|CHK|317|2|26|9|4|1|0|10|9|1|1|0
RZ1|318|2|Don|5|3|5|3|1|1|1|0|0
RZ1|CHK|318|2|26|9|4|1|0|10|9|1|1|0
RZ1|319|2|Don|5|4|5|4|1|1|1|0|0
RZ1|CHK|319|2|26|9|4|1|0|10|9|1|1|0
RZ1|320|2|Don|5|5|5|5|1|1|1|0|0
RZ1|CHK|320|2|26|9|4|1|0|10|9|1|1|0
RZ1|321|2|Don|5|6|5|6|1|1|1|0|0
RZ1|CHK|321|2|26|9|4|1|0|10|9|1|1|0
RZ1|322|2|Don|5|7|5|7|1|1|1|0|0
RZ1|CHK|322|2|26|9|4|1|0|10|9|1|1|0
RZ1|323|2|Don|5|8|5|8|1|1|1|0|0
RZ1|CHK|323|2|26|9|4|1|0|10|9|1|1|0
RZ1|324|2|Don|5|9|5|9|1|1|1|0|0
RZ1|CHK|324|2|26|9|4|1|0|10|9|1|1|0
[Drocks99​#7236] Deploy Nami ["OP15-086">OP15-086]
RZ1|325|2|OP15-086|1|0|2|4|1|1|0|0|1
RZ1|CHK|325|2|26|8|5|1|0|10|9|1|1|0
RZ1|326|2|PRB02-012|2|3|6|9|1|1|0|0|0
RZ1|CHK|326|2|26|8|4|1|0|10|10|1|1|0
[Drocks99​#7236] Trash Nami ["PRB02-012">PRB02-012]
[Drocks99​#7236] Nami ["OP15-086">OP15-086]: Deployed Monkey D. Luffy ["OP15-092">OP15-092] from Trash
RZ1|327|2|OP15-092|6|8|2|4|1|1|0|0|1
RZ1|CHK|327|2|26|8|5|1|0|10|9|1|1|0
[Drocks99​#7236] Nami ["OP15-086">OP15-086]: Give Monkey D. Luffy ["OP15-092">OP15-092] Rush
[Drocks99​#7236] Monkey D. Luffy ["OP09-061">OP09-061] attacking Rocks D. Xebec ["OP17-039">OP17-039]
[Karlmalone​#2854] Fullalead ["OP17-057">OP17-057]: Rest Fullalead ["OP17-057">OP17-057]
RZ1|328|1|OP17-042|1|0|6|8|1|1|0|0|0
RZ1|CHK|328|1|28|6|2|4|1|8|9|1|1|1
[Karlmalone​#2854] Fullalead ["OP17-057">OP17-057]: Trash Kaido ["OP17-042">OP17-042]
[Karlmalone​#2854] Fullalead ["OP17-057">OP17-057]: Buff Rocks D. Xebec ["OP17-039">OP17-039] 1000 for the Combat
Monkey D. Luffy ["OP09-061">OP09-061][5000] vs Rocks D. Xebec ["OP17-039">OP17-039][6000]
Attack Fails
[Drocks99​#7236] Pirate Docking 6 ["OP15-088">OP15-088] attacking Rocks D. Xebec ["OP17-039">OP17-039]
Pirate Docking 6 ["OP15-088">OP15-088][7000] vs Rocks D. Xebec ["OP17-039">OP17-039][5000]
Rocks D. Xebec ["OP17-039">OP17-039] hit for 1 damage
RZ1|329|1|OP17-049|3|3|1|6|1|1|0|0|0
RZ1|CHK|329|1|28|7|2|3|1|8|9|1|1|1
[Drocks99​#7236] Nami ["OP15-086">OP15-086] attacking Rocks D. Xebec ["OP17-039">OP17-039]
[Karlmalone​#2854] Rocks Pirates ["OP17-056">OP17-056]: Activate Counter
RZ1|330|1|OP17-056|1|4|6|9|1|1|0|0|0
RZ1|CHK|330|1|28|6|2|3|1|8|10|1|1|1
[Karlmalone​#2854] Rocks Pirates ["OP17-056">OP17-056]: Buff Rocks D. Xebec ["OP17-039">OP17-039] 2000 for the Combat
Nami ["OP15-086">OP15-086][6000] vs Rocks D. Xebec ["OP17-039">OP17-039][7000]
Attack Fails
[Drocks99​#7236] Concedes!
[Drocks99​#7236] Quits!
[Karlmalone​#2854] <b>Downloaded the Combat Log!</b>
GameOver
