Version is 1.44a.14
[You] Leader is Rocks D. Xebec ["OP17-039">OP17-039]
RZ1|HDR|1.44a|2|RZ1
RZ1|PLY|1||OP17-039
RZ1|PLY|2||
[Opponent] Leader is Monkey D. Luffy ["OP17-079">OP17-079]
RZ1|1|2|OP17-081|0|13|0|0|0|0|0|0|0
RZ1|CHK|1|2|50|0|0|0|10|0|0|0|1|0
RZ1|2|2|OP17-119|0|38|0|1|0|0|0|0|0
RZ1|CHK|2|2|50|0|0|0|10|0|0|0|1|0
RZ1|3|2|OP17-091|0|28|0|2|0|0|0|0|0
RZ1|CHK|3|2|50|0|0|0|10|0|0|0|1|0
RZ1|4|2|OP17-080|0|15|0|3|0|0|0|0|0
RZ1|CHK|4|2|50|0|0|0|10|0|0|0|1|0
RZ1|5|2|OP17-093|0|43|0|4|0|0|0|0|0
RZ1|CHK|5|2|50|0|0|0|10|0|0|0|1|0
RZ1|6|2|OP17-093|0|43|0|6|0|0|0|0|0
RZ1|CHK|6|2|50|0|0|0|10|0|0|0|1|0
RZ1|7|2|OP17-080|0|16|0|7|0|0|0|0|0
RZ1|CHK|7|2|50|0|0|0|10|0|0|0|1|0
RZ1|8|2|OP17-119|0|43|0|8|0|0|0|0|0
RZ1|CHK|8|2|50|0|0|0|10|0|0|0|1|0
RZ1|9|2|OP17-087|0|25|0|9|0|0|0|0|0
RZ1|CHK|9|2|50|0|0|0|10|0|0|0|1|0
RZ1|10|2|OP17-089|0|38|0|10|0|0|0|0|0
RZ1|CHK|10|2|50|0|0|0|10|0|0|0|1|0
RZ1|11|2|OP15-088|0|40|0|11|0|0|0|0|0
RZ1|CHK|11|2|50|0|0|0|10|0|0|0|1|0
RZ1|12|2|OP17-091|0|31|0|12|0|0|0|0|0
RZ1|CHK|12|2|50|0|0|0|10|0|0|0|1|0
RZ1|13|2|OP17-082|0|27|0|13|0|0|0|0|0
RZ1|CHK|13|2|50|0|0|0|10|0|0|0|1|0
RZ1|14|2|OP17-080|0|23|0|14|0|0|0|0|0
RZ1|CHK|14|2|50|0|0|0|10|0|0|0|1|0
RZ1|15|2|OP17-091|0|33|0|15|0|0|0|0|0
RZ1|CHK|15|2|50|0|0|0|10|0|0|0|1|0
RZ1|16|2|OP17-081|0|25|0|17|0|0|0|0|0
RZ1|CHK|16|2|50|0|0|0|10|0|0|0|1|0
RZ1|17|2|OP17-096|0|47|0|18|0|0|0|0|0
RZ1|CHK|17|2|50|0|0|0|10|0|0|0|1|0
RZ1|18|2|OP17-091|0|34|0|19|0|0|0|0|0
RZ1|CHK|18|2|50|0|0|0|10|0|0|0|1|0
RZ1|19|2|OP17-087|0|33|0|20|0|0|0|0|0
RZ1|CHK|19|2|50|0|0|0|10|0|0|0|1|0
RZ1|20|2|OP15-088|0|41|0|21|0|0|0|0|0
RZ1|CHK|20|2|50|0|0|0|10|0|0|0|1|0
RZ1|21|2|OP17-096|0|47|0|22|0|0|0|0|0
RZ1|CHK|21|2|50|0|0|0|10|0|0|0|1|0
RZ1|22|2|OP17-095|0|40|0|23|0|0|0|0|0
RZ1|CHK|22|2|50|0|0|0|10|0|0|0|1|0
RZ1|23|2|OP17-096|0|48|0|24|0|0|0|0|0
RZ1|CHK|23|2|50|0|0|0|10|0|0|0|1|0
RZ1|24|2|OP17-094|0|31|0|25|0|0|0|0|0
RZ1|CHK|24|2|50|0|0|0|10|0|0|0|1|0
RZ1|25|2|OP17-087|0|38|0|26|0|0|0|0|0
RZ1|CHK|25|2|50|0|0|0|10|0|0|0|1|0
RZ1|26|2|OP17-082|0|37|0|27|0|0|0|0|0
RZ1|CHK|26|2|50|0|0|0|10|0|0|0|1|0
RZ1|27|2|OP17-094|0|33|0|28|0|0|0|0|0
RZ1|CHK|27|2|50|0|0|0|10|0|0|0|1|0
RZ1|28|2|OP17-096|0|49|0|29|0|0|0|0|0
RZ1|CHK|28|2|50|0|0|0|10|0|0|0|1|0
RZ1|29|2|OP17-089|0|44|0|30|0|0|0|0|0
RZ1|CHK|29|2|50|0|0|0|10|0|0|0|1|0
RZ1|30|2|OP17-119|0|47|0|31|0|0|0|0|0
RZ1|CHK|30|2|50|0|0|0|10|0|0|0|1|0
RZ1|31|2|OP17-094|0|36|0|32|0|0|0|0|0
RZ1|CHK|31|2|50|0|0|0|10|0|0|0|1|0
RZ1|32|2|OP17-095|0|44|0|33|0|0|0|0|0
RZ1|CHK|32|2|50|0|0|0|10|0|0|0|1|0
RZ1|33|2|OP17-094|0|37|0|34|0|0|0|0|0
RZ1|CHK|33|2|50|0|0|0|10|0|0|0|1|0
RZ1|34|2|OP17-080|0|38|0|35|0|0|0|0|0
RZ1|CHK|34|2|50|0|0|0|10|0|0|0|1|0
RZ1|35|2|OP17-086|0|38|0|36|0|0|0|0|0
RZ1|CHK|35|2|50|0|0|0|10|0|0|0|1|0
RZ1|36|2|OP17-086|0|38|0|37|0|0|0|0|0
RZ1|CHK|36|2|50|0|0|0|10|0|0|0|1|0
RZ1|37|2|OP15-088|0|46|0|38|0|0|0|0|0
RZ1|CHK|37|2|50|0|0|0|10|0|0|0|1|0
RZ1|38|2|OP17-093|0|49|0|39|0|0|0|0|0
RZ1|CHK|38|2|50|0|0|0|10|0|0|0|1|0
RZ1|39|2|OP17-119|0|48|0|41|0|0|0|0|0
RZ1|CHK|39|2|50|0|0|0|10|0|0|0|1|0
RZ1|40|2|OP17-095|0|46|0|42|0|0|0|0|0
RZ1|CHK|40|2|50|0|0|0|10|0|0|0|1|0
RZ1|41|2|OP17-087|0|46|0|43|0|0|0|0|0
RZ1|CHK|41|2|50|0|0|0|10|0|0|0|1|0
RZ1|42|2|OP17-093|0|49|0|46|0|0|0|0|0
RZ1|CHK|42|2|50|0|0|0|10|0|0|0|1|0
[] Drew card from deck: Streusen ["OP17-050">OP17-050]
RZ1|43|1|OP17-050|0|49|1|0|1|1|0|0|0
RZ1|CHK|43|1|49|1|0|0|10|0|0|0|1|0
[] Drew card from deck: Kyo ["OP17-045">OP17-045]
RZ1|44|1|OP17-045|0|48|1|1|1|1|0|0|0
RZ1|CHK|44|1|48|2|0|0|10|0|0|0|1|0
[] Drew card from deck: There's No Authority in the World ["OP17-055">OP17-055]
RZ1|45|1|OP17-055|0|47|1|2|1|1|0|0|0
RZ1|CHK|45|1|47|3|0|0|10|0|0|0|1|0
[] Drew card from deck: Stussy ["OP17-054">OP17-054]
RZ1|46|1|OP17-054|0|46|1|3|1|1|0|0|0
RZ1|CHK|46|1|46|4|0|0|10|0|0|0|1|0
[] Drew card from deck: Edward Newgate ["OP17-040">OP17-040]
RZ1|47|1|OP17-040|0|45|1|4|1|1|0|0|0
RZ1|CHK|47|1|45|5|0|0|10|0|0|0|1|0
[] Drew card from deck: Jaguar D. Saul ["OP17-089">OP17-089]
RZ1|48|2|OP17-089|0|49|1|0|1|1|0|0|0
RZ1|CHK|48|2|49|1|0|0|10|0|0|0|1|0
[] Drew card from deck: Roronoa Zoro ["OP17-095">OP17-095]
RZ1|49|2|OP17-095|0|48|1|1|1|1|0|0|0
RZ1|CHK|49|2|48|2|0|0|10|0|0|0|1|0
[] Drew card from deck: Sanji ["OP17-082">OP17-082]
RZ1|50|2|OP17-082|0|47|1|2|1|1|0|0|0
RZ1|CHK|50|2|47|3|0|0|10|0|0|0|1|0
[] Drew card from deck: Monkey D. Luffy ["OP17-093">OP17-093]
RZ1|51|2|OP17-093|0|46|1|3|1|1|0|0|0
RZ1|CHK|51|2|46|4|0|0|10|0|0|0|1|0
[] Drew card from deck: Gerd ["OP17-081">OP17-081]
RZ1|52|2|OP17-081|0|45|1|4|1|1|0|0|0
RZ1|CHK|52|2|45|5|0|0|10|0|0|0|1|0
RZ1|53|1|OP08-051|0|44|3|0|1|0|0|0|0
RZ1|CHK|53|1|44|5|0|1|10|0|0|0|1|0
RZ1|54|1|OP17-040|0|43|3|1|1|0|0|0|0
RZ1|CHK|54|1|43|5|0|2|10|0|0|0|1|0
RZ1|55|1|OP17-049|0|42|3|2|1|0|0|0|0
RZ1|CHK|55|1|42|5|0|3|10|0|0|0|1|0
RZ1|56|1|OP17-048|0|41|3|3|1|0|0|0|0
RZ1|CHK|56|1|41|5|0|4|10|0|0|0|1|0
RZ1|57|1|OP17-055|0|40|3|4|1|0|0|0|0
RZ1|CHK|57|1|40|5|0|5|10|0|0|0|1|0
RZ1|58|2|OP17-089|1|0|0|45|0|0|0|0|0
RZ1|CHK|58|2|46|4|0|0|10|0|0|0|1|0
RZ1|59|2|OP17-095|1|0|0|46|0|0|0|0|0
RZ1|CHK|59|2|47|3|0|0|10|0|0|0|1|0
RZ1|60|2|OP17-082|1|0|0|47|0|0|0|0|0
RZ1|CHK|60|2|48|2|0|0|10|0|0|0|1|0
RZ1|61|2|OP17-093|1|0|0|48|0|0|0|0|0
RZ1|CHK|61|2|49|1|0|0|10|0|0|0|1|0
RZ1|62|2|OP17-081|1|0|0|49|0|0|0|0|0
RZ1|CHK|62|2|50|0|0|0|10|0|0|0|1|0
RZ1|63|2|OP17-087|0|9|0|0|0|0|0|0|0
RZ1|CHK|63|2|50|0|0|0|10|0|0|0|1|0
RZ1|64|2|OP17-096|0|18|0|1|0|0|0|0|0
RZ1|CHK|64|2|50|0|0|0|10|0|0|0|1|0
RZ1|65|2|OP17-093|0|39|0|2|0|0|0|0|0
RZ1|CHK|65|2|50|0|0|0|10|0|0|0|1|0
RZ1|66|2|OP17-094|0|35|0|3|0|0|0|0|0
RZ1|CHK|66|2|50|0|0|0|10|0|0|0|1|0
RZ1|67|2|OP17-082|0|47|0|5|0|0|0|0|0
RZ1|CHK|67|2|50|0|0|0|10|0|0|0|1|0
RZ1|68|2|OP17-082|0|30|0|6|0|0|0|0|0
RZ1|CHK|68|2|50|0|0|0|10|0|0|0|1|0
RZ1|69|2|OP17-081|0|49|0|7|0|0|0|0|0
RZ1|CHK|69|2|50|0|0|0|10|0|0|0|1|0
RZ1|70|2|OP17-094|0|32|0|8|0|0|0|0|0
RZ1|CHK|70|2|50|0|0|0|10|0|0|0|1|0
RZ1|71|2|OP05-082|0|13|0|9|0|0|0|0|0
RZ1|CHK|71|2|50|0|0|0|10|0|0|0|1|0
RZ1|72|2|OP15-088|0|27|0|10|0|0|0|0|0
RZ1|CHK|72|2|50|0|0|0|10|0|0|0|1|0
RZ1|73|2|OP17-089|0|47|0|11|0|0|0|0|0
RZ1|CHK|73|2|50|0|0|0|10|0|0|0|1|0
RZ1|74|2|OP17-087|0|28|0|12|0|0|0|0|0
RZ1|CHK|74|2|50|0|0|0|10|0|0|0|1|0
RZ1|75|2|OP17-093|0|17|0|13|0|0|0|0|0
RZ1|CHK|75|2|50|0|0|0|10|0|0|0|1|0
RZ1|76|2|OP17-091|0|25|0|14|0|0|0|0|0
RZ1|CHK|76|2|50|0|0|0|10|0|0|0|1|0
RZ1|77|2|OP17-119|0|20|0|15|0|0|0|0|0
RZ1|CHK|77|2|50|0|0|0|10|0|0|0|1|0
RZ1|78|2|OP17-094|0|37|0|16|0|0|0|0|0
RZ1|CHK|78|2|50|0|0|0|10|0|0|0|1|0
RZ1|79|2|OP17-080|0|21|0|17|0|0|0|0|0
RZ1|CHK|79|2|50|0|0|0|10|0|0|0|1|0
RZ1|80|2|OP17-082|0|25|0|18|0|0|0|0|0
RZ1|CHK|80|2|50|0|0|0|10|0|0|0|1|0
RZ1|81|2|OP17-093|0|22|0|19|0|0|0|0|0
RZ1|CHK|81|2|50|0|0|0|10|0|0|0|1|0
RZ1|82|2|OP17-096|0|30|0|20|0|0|0|0|0
RZ1|CHK|82|2|50|0|0|0|10|0|0|0|1|0
RZ1|83|2|OP17-089|0|36|0|21|0|0|0|0|0
RZ1|CHK|83|2|50|0|0|0|10|0|0|0|1|0
RZ1|84|2|OP17-080|0|39|0|22|0|0|0|0|0
RZ1|CHK|84|2|50|0|0|0|10|0|0|0|1|0
RZ1|85|2|OP17-119|0|38|0|23|0|0|0|0|0
RZ1|CHK|85|2|50|0|0|0|10|0|0|0|1|0
RZ1|86|2|OP17-081|0|32|0|24|0|0|0|0|0
RZ1|CHK|86|2|50|0|0|0|10|0|0|0|1|0
RZ1|87|2|OP17-096|0|35|0|25|0|0|0|0|0
RZ1|CHK|87|2|50|0|0|0|10|0|0|0|1|0
RZ1|88|2|OP17-087|0|46|0|26|0|0|0|0|0
RZ1|CHK|88|2|50|0|0|0|10|0|0|0|1|0
RZ1|89|2|OP17-080|0|29|0|27|0|0|0|0|0
RZ1|CHK|89|2|50|0|0|0|10|0|0|0|1|0
RZ1|90|2|OP17-095|0|48|0|28|0|0|0|0|0
RZ1|CHK|90|2|50|0|0|0|10|0|0|0|1|0
RZ1|91|2|OP17-086|0|35|0|29|0|0|0|0|0
RZ1|CHK|91|2|50|0|0|0|10|0|0|0|1|0
RZ1|92|2|OP17-091|0|31|0|30|0|0|0|0|0
RZ1|CHK|92|2|50|0|0|0|10|0|0|0|1|0
RZ1|93|2|OP17-086|0|43|0|31|0|0|0|0|0
RZ1|CHK|93|2|50|0|0|0|10|0|0|0|1|0
RZ1|94|2|OP17-091|0|37|0|32|0|0|0|0|0
RZ1|CHK|94|2|50|0|0|0|10|0|0|0|1|0
RZ1|95|2|OP15-088|0|35|0|33|0|0|0|0|0
RZ1|CHK|95|2|50|0|0|0|10|0|0|0|1|0
RZ1|96|2|OP17-095|0|47|0|34|0|0|0|0|0
RZ1|CHK|96|2|50|0|0|0|10|0|0|0|1|0
RZ1|97|2|OP17-119|0|47|0|35|0|0|0|0|0
RZ1|CHK|97|2|50|0|0|0|10|0|0|0|1|0
RZ1|98|2|OP17-095|0|40|0|36|0|0|0|0|0
RZ1|CHK|98|2|50|0|0|0|10|0|0|0|1|0
RZ1|99|2|OP17-086|0|47|0|37|0|0|0|0|0
RZ1|CHK|99|2|50|0|0|0|10|0|0|0|1|0
RZ1|100|2|OP17-086|0|46|0|38|0|0|0|0|0
RZ1|CHK|100|2|50|0|0|0|10|0|0|0|1|0
RZ1|101|2|OP17-091|0|41|0|39|0|0|0|0|0
RZ1|CHK|101|2|50|0|0|0|10|0|0|0|1|0
RZ1|102|2|OP17-087|0|44|0|40|0|0|0|0|0
RZ1|CHK|102|2|50|0|0|0|10|0|0|0|1|0
RZ1|103|2|OP17-081|0|48|0|41|0|0|0|0|0
RZ1|CHK|103|2|50|0|0|0|10|0|0|0|1|0
RZ1|104|2|OP17-095|0|47|0|42|0|0|0|0|0
RZ1|CHK|104|2|50|0|0|0|10|0|0|0|1|0
RZ1|105|2|OP17-094|0|46|0|44|0|0|0|0|0
RZ1|CHK|105|2|50|0|0|0|10|0|0|0|1|0
[] Drew card from deck: Monkey D. Luffy ["OP17-093">OP17-093]
RZ1|106|2|OP17-093|0|49|1|0|1|1|0|0|0
RZ1|CHK|106|2|49|1|0|0|10|0|0|0|1|0
[] Drew card from deck: Pirate Docking 6 ["OP15-088">OP15-088]
RZ1|107|2|OP15-088|0|48|1|1|1|1|0|0|0
RZ1|CHK|107|2|48|2|0|0|10|0|0|0|1|0
[] Drew card from deck: I'm Luffy! The Man Who's Gonna Become the King of the Pirates! ["OP17-096">OP17-096]
RZ1|108|2|OP17-096|0|47|1|2|1|1|0|0|0
RZ1|CHK|108|2|47|3|0|0|10|0|0|0|1|0
[] Drew card from deck: Usopp ["OP17-080">OP17-080]
RZ1|109|2|OP17-080|0|46|1|3|1|1|0|0|0
RZ1|CHK|109|2|46|4|0|0|10|0|0|0|1|0
[] Drew card from deck: Jaguar D. Saul ["OP17-089">OP17-089]
RZ1|110|2|OP17-089|0|45|1|4|1|1|0|0|0
RZ1|CHK|110|2|45|5|0|0|10|0|0|0|1|0
RZ1|111|2|OP17-094|0|44|3|0|0|1|0|0|0
RZ1|CHK|111|2|44|5|0|1|10|0|0|0|1|0
RZ1|112|2|OP17-119|0|43|3|1|0|1|0|0|0
RZ1|CHK|112|2|43|5|0|2|10|0|0|0|1|0
RZ1|113|2|OP17-095|0|42|3|2|0|1|0|0|0
RZ1|CHK|113|2|42|5|0|3|10|0|0|0|1|0
RZ1|114|2|OP17-081|0|41|3|3|0|1|0|0|0
RZ1|CHK|114|2|41|5|0|4|10|0|0|0|1|0
RZ1|115|2|OP17-087|0|40|3|4|0|1|0|0|0
RZ1|CHK|115|2|40|5|0|5|10|0|0|0|1|0
[] Hand after Mulligan: [OP17-093,OP15-088,OP17-096,OP17-080,OP17-089]
[Opponent] Mulligan
[] Hand: [OP17-050,OP17-045,OP17-055,OP17-054,OP17-040]
[] Board: []
[] Trash: []
[] Life: 5
[] Hand: [OP17-093,OP15-088,OP17-096,OP17-080,OP17-089]
[] Trash: []
[] Board: []
[] Life: 5
RZ1|116|1|Don|4|9|5|0|1|1|0|0|0
RZ1|CHK|116|1|40|5|0|5|9|1|0|0|1|0
[You] Draw 1 Don
RZ1|117|1|Don|5|0|5|0|1|1|1|0|0
RZ1|CHK|117|1|40|5|0|5|9|1|0|0|1|0
[You] Deploy Streusen ["OP17-050">OP17-050]
RZ1|118|1|OP17-050|1|0|2|0|1|1|0|0|0
RZ1|CHK|118|1|40|4|1|5|9|1|0|0|1|0
[You] Placing Cards on Top of Deck
RZ1|119|1|OP17-054|0|38|0|39|0|0|0|0|0
RZ1|CHK|119|1|40|4|1|5|9|1|0|0|1|0
RZ1|120|1|OP17-056|0|38|0|39|0|0|0|0|0
RZ1|CHK|120|1|40|4|1|5|9|1|0|0|1|0
[] Drew card from deck: Rocks Pirates ["OP17-056">OP17-056]
RZ1|121|1|OP17-056|0|39|1|4|1|1|0|0|0
RZ1|CHK|121|1|39|5|1|5|9|1|0|0|1|0
[You] Streusen ["OP17-050">OP17-050]: Draw 1 Card
[] Hand: [OP17-045,OP17-055,OP17-054,OP17-040,OP17-056]
[] Board: [OP17-050]
[] Trash: []
[] Life: 5
[] Hand: [OP17-093,OP15-088,OP17-096,OP17-080,OP17-089]
[] Trash: []
[] Board: []
[] Life: 5
[You] End Turn
[] Hand: [OP17-093,OP15-088,OP17-096,OP17-080,OP17-089]
[] Board: []
[] Trash: []
[] Life: 5
[] Hand: [OP17-045,OP17-055,OP17-054,OP17-040,OP17-056]
[] Trash: []
[] Board: [OP17-050]
[] Life: 5
[Opponent] Draw 1 Card
[] Drew card from deck: Brook ["OP17-091">OP17-091]
RZ1|122|2|OP17-091|0|39|1|5|1|1|0|0|0
RZ1|CHK|122|2|39|6|0|5|10|0|0|0|1|0
RZ1|123|2|Don|4|9|5|0|1|1|0|0|0
RZ1|CHK|123|2|39|6|0|5|9|1|0|0|1|0
RZ1|124|2|Don|4|8|5|1|1|1|0|0|0
RZ1|CHK|124|2|39|6|0|5|8|2|0|0|1|0
[Opponent] Draw 2 Don
RZ1|125|2|Don|5|0|5|0|1|1|1|0|0
RZ1|CHK|125|2|39|6|0|5|8|2|0|0|1|0
RZ1|126|2|Don|5|1|5|1|1|1|1|0|0
RZ1|CHK|126|2|39|6|0|5|8|2|0|0|1|0
[Opponent] Deploy Usopp ["OP17-080">OP17-080]
RZ1|127|2|OP17-080|1|3|2|0|1|1|0|0|0
RZ1|CHK|127|2|39|5|1|5|8|2|0|0|1|0
RZ1|128|2|OP17-095|0|36|1|5|1|1|0|0|0
RZ1|CHK|128|2|38|6|1|5|8|2|0|0|1|0
[Opponent] Usopp ["OP17-080">OP17-080]: <b>Reveal and Draw Roronoa Zoro ["OP17-095">OP17-095]</b>
[Opponent] Usopp ["OP17-080">OP17-080]: Trash 2 Remaining Cards
RZ1|129|2|OP17-086|0|37|6|0|1|1|0|0|0
RZ1|CHK|129|2|37|6|1|5|8|2|1|0|1|0
RZ1|130|2|OP17-086|0|36|6|1|1|1|0|0|0
RZ1|CHK|130|2|36|6|1|5|8|2|2|0|1|0
[] Hand: [OP17-093,OP15-088,OP17-096,OP17-089,OP17-091,OP17-095]
[] Board: [OP17-080]
[] Trash: [OP17-086,OP17-086]
[] Life: 5
[] Hand: [OP17-045,OP17-055,OP17-054,OP17-040,OP17-056]
[] Trash: []
[] Board: [OP17-050]
[] Life: 5
[Opponent] End Turn
[] Hand: [OP17-045,OP17-055,OP17-054,OP17-040,OP17-056]
[] Board: [OP17-050]
[] Trash: []
[] Life: 5
[] Hand: [OP17-093,OP15-088,OP17-096,OP17-089,OP17-091,OP17-095]
[] Trash: [OP17-086,OP17-086]
[] Board: [OP17-080]
[] Life: 5
[You] Draw 1 Card
[] Drew card from deck: Stussy ["OP17-054">OP17-054]
RZ1|131|1|OP17-054|0|38|1|5|1|1|0|0|0
RZ1|CHK|131|1|38|6|1|5|9|1|0|0|1|0
RZ1|132|1|Don|4|8|5|1|1|1|0|0|0
RZ1|CHK|132|1|38|6|1|5|8|2|0|0|1|0
RZ1|133|1|Don|4|7|5|2|1|1|0|0|0
RZ1|CHK|133|1|38|6|1|5|7|3|0|0|1|0
[You] Draw 2 Don
RZ1|134|1|Don|5|0|5|0|1|1|1|0|0
RZ1|CHK|134|1|38|6|1|5|7|3|0|0|1|0
RZ1|135|1|Don|5|1|5|1|1|1|1|0|0
RZ1|CHK|135|1|38|6|1|5|7|3|0|0|1|0
RZ1|136|1|Don|5|2|5|2|1|1|1|0|0
RZ1|CHK|136|1|38|6|1|5|7|3|0|0|1|0
[You] Deploy Stussy ["OP17-054">OP17-054]
RZ1|137|1|OP17-054|1|2|2|1|1|1|0|0|0
RZ1|CHK|137|1|38|5|2|5|7|3|0|0|1|0
[You] Stussy ["OP17-054">OP17-054]: Usopp ["OP17-080">OP17-080] can't attack next turn
[You] Rocks D. Xebec ["OP17-039">OP17-039] attacking Monkey D. Luffy ["OP17-079">OP17-079]
RZ1|138|1|OP17-054|1|4|6|0|1|1|0|0|0
RZ1|CHK|138|1|38|4|2|5|7|3|1|0|1|0
[You] Rocks D. Xebec ["OP17-039">OP17-039]: Trash Stussy ["OP17-054">OP17-054]
RZ1|139|1|OP17-056|0|37|0|37|0|0|0|0|0
RZ1|CHK|139|1|38|4|2|5|7|3|1|0|1|0
[You] Rocks D. Xebec ["OP17-039">OP17-039] revealed: Rocks Pirates ["OP17-056">OP17-056]
[] Drew card from deck: Rocks Pirates ["OP17-056">OP17-056]
RZ1|140|1|OP17-056|0|37|1|4|1|1|0|0|0
RZ1|CHK|140|1|37|5|2|5|7|3|1|0|1|0
[] Drew card from deck: Gloriosa ["OP17-046">OP17-046]
RZ1|141|1|OP17-046|0|36|1|5|1|1|0|0|0
RZ1|CHK|141|1|36|6|2|5|7|3|1|0|1|0
[You] Rocks D. Xebec ["OP17-039">OP17-039]: Draw 2 Card
[Opponent] Discard Brook ["OP17-091">OP17-091] for Counter 1000
RZ1|142|2|OP17-091|1|4|6|2|1|1|0|0|0
RZ1|CHK|142|2|36|5|1|5|8|2|3|0|1|0
Rocks D. Xebec ["OP17-039">OP17-039][5000] vs Monkey D. Luffy ["OP17-079">OP17-079][6000]
Attack Fails
[] Hand: [OP17-045,OP17-055,OP17-040,OP17-056,OP17-056,OP17-046]
[] Board: [OP17-050,OP17-054]
[] Trash: [OP17-054]
[] Life: 5
[] Hand: [OP17-093,OP15-088,OP17-096,OP17-089,OP17-095]
[] Trash: [OP17-086,OP17-086,OP17-091]
[] Board: [OP17-080]
[] Life: 5
[You] End Turn
[] Hand: [OP17-093,OP15-088,OP17-096,OP17-089,OP17-095]
[] Board: [OP17-080]
[] Trash: [OP17-086,OP17-086,OP17-091]
[] Life: 5
[] Hand: [OP17-045,OP17-055,OP17-040,OP17-056,OP17-056,OP17-046]
[] Trash: [OP17-054]
[] Board: [OP17-050,OP17-054]
[] Life: 5
[Opponent] Draw 1 Card
[] Drew card from deck: Loki ["OP17-119">OP17-119]
RZ1|143|2|OP17-119|0|35|1|5|1|1|0|0|0
RZ1|CHK|143|2|35|6|1|5|8|2|3|0|1|0
RZ1|144|2|Don|4|7|5|2|1|1|0|0|0
RZ1|CHK|144|2|35|6|1|5|7|3|3|0|1|0
RZ1|145|2|Don|4|6|5|3|1|1|0|0|0
RZ1|CHK|145|2|35|6|1|5|6|4|3|0|1|0
[Opponent] Draw 2 Don
RZ1|146|2|Don|5|0|5|0|1|1|1|0|0
RZ1|CHK|146|2|35|6|1|5|6|4|3|0|1|0
RZ1|147|2|Don|5|1|5|1|1|1|1|0|0
RZ1|CHK|147|2|35|6|1|5|6|4|3|0|1|0
RZ1|148|2|Don|5|2|5|2|1|1|1|0|0
RZ1|CHK|148|2|35|6|1|5|6|4|3|0|1|0
RZ1|149|2|Don|5|3|5|3|1|1|1|0|0
RZ1|CHK|149|2|35|6|1|5|6|4|3|0|1|0
[Opponent] Deploy Jaguar D. Saul ["OP17-089">OP17-089]
RZ1|150|2|OP17-089|1|3|2|1|1|1|0|0|12
RZ1|CHK|150|2|35|5|2|5|6|4|3|0|1|0
RZ1|151|2|OP17-095|0|34|1|5|1|1|0|0|0
RZ1|CHK|151|2|34|6|2|5|6|4|3|0|1|0
[Opponent] Jaguar D. Saul ["OP17-089">OP17-089]: <b>Reveal and Draw Roronoa Zoro ["OP17-095">OP17-095]</b>
[Opponent] Jaguar D. Saul ["OP17-089">OP17-089]: Trash 2 Remaining Cards
RZ1|152|2|OP15-088|0|33|6|3|1|1|0|0|0
RZ1|CHK|152|2|33|6|2|5|6|4|4|0|1|0
RZ1|153|2|OP17-091|0|32|6|4|1|1|0|0|0
RZ1|CHK|153|2|32|6|2|5|6|4|5|0|1|0
[Opponent] Monkey D. Luffy ["OP17-079">OP17-079] attacking Rocks D. Xebec ["OP17-039">OP17-039]
Monkey D. Luffy ["OP17-079">OP17-079][5000] vs Rocks D. Xebec ["OP17-039">OP17-039][5000]
Rocks D. Xebec ["OP17-039">OP17-039] hit for 1 damage
RZ1|154|1|OP17-055|3|4|1|6|1|1|0|0|0
RZ1|CHK|154|1|36|7|2|4|7|3|1|0|1|0
[Opponent] Usopp ["OP17-080">OP17-080] is no longer blocked from attacking
[] Hand: [OP17-093,OP15-088,OP17-096,OP17-095,OP17-119,OP17-095]
[] Board: [OP17-080,OP17-089]
[] Trash: [OP17-086,OP17-086,OP17-091,OP15-088,OP17-091]
[] Life: 5
[] Hand: [OP17-045,OP17-055,OP17-040,OP17-056,OP17-056,OP17-046,OP17-055]
[] Trash: [OP17-054]
[] Board: [OP17-050,OP17-054]
[] Life: 4
[Opponent] End Turn
[] Hand: [OP17-045,OP17-055,OP17-040,OP17-056,OP17-056,OP17-046,OP17-055]
[] Board: [OP17-050,OP17-054]
[] Trash: [OP17-054]
[] Life: 4
[] Hand: [OP17-093,OP15-088,OP17-096,OP17-095,OP17-119,OP17-095]
[] Trash: [OP17-086,OP17-086,OP17-091,OP15-088,OP17-091]
[] Board: [OP17-080,OP17-089]
[] Life: 5
[You] Draw 1 Card
[] Drew card from deck: Streusen ["OP17-050">OP17-050]
RZ1|155|1|OP17-050|0|35|1|7|1|1|0|0|0
RZ1|CHK|155|1|35|8|2|4|7|3|1|0|1|0
RZ1|156|1|Don|4|6|5|3|1|1|0|0|0
RZ1|CHK|156|1|35|8|2|4|6|4|1|0|1|0
RZ1|157|1|Don|4|5|5|4|1|1|0|0|0
RZ1|CHK|157|1|35|8|2|4|5|5|1|0|1|0
[You] Draw 2 Don
[You] Rocks D. Xebec ["OP17-039">OP17-039] attacking Monkey D. Luffy ["OP17-079">OP17-079]
RZ1|158|1|OP17-055|1|1|6|1|1|1|0|0|0
RZ1|CHK|158|1|35|7|2|4|5|5|2|0|1|0
[You] Rocks D. Xebec ["OP17-039">OP17-039]: Trash There's No Authority in the World ["OP17-055">OP17-055]
RZ1|159|1|OP17-118|0|34|0|34|0|0|0|0|0
RZ1|CHK|159|1|35|7|2|4|5|5|2|0|1|0
[You] Rocks D. Xebec ["OP17-039">OP17-039] revealed: Rocks D. Xebec ["OP17-118">OP17-118]
[] Drew card from deck: Rocks D. Xebec ["OP17-118">OP17-118]
RZ1|160|1|OP17-118|0|34|1|7|1|1|0|0|0
RZ1|CHK|160|1|34|8|2|4|5|5|2|0|1|0
[] Drew card from deck: Charlotte Linlin ["OP17-049">OP17-049]
RZ1|161|1|OP17-049|0|33|1|8|1|1|0|0|0
RZ1|CHK|161|1|33|9|2|4|5|5|2|0|1|0
[You] Rocks D. Xebec ["OP17-039">OP17-039]: Draw 2 Card
[Opponent] Discard Roronoa Zoro ["OP17-095">OP17-095] for Counter 2000
RZ1|162|2|OP17-095|1|3|6|5|1|1|0|0|0
RZ1|CHK|162|2|32|5|2|5|6|4|6|0|1|0
Rocks D. Xebec ["OP17-039">OP17-039][5000] vs Monkey D. Luffy ["OP17-079">OP17-079][7000]
Attack Fails
RZ1|163|1|Don|5|0|5|0|1|1|1|0|0
RZ1|CHK|163|1|33|9|2|4|5|5|2|0|1|0
RZ1|164|1|Don|5|1|5|1|1|1|1|0|0
RZ1|CHK|164|1|33|9|2|4|5|5|2|0|1|0
RZ1|165|1|Don|5|2|5|2|1|1|1|0|0
RZ1|CHK|165|1|33|9|2|4|5|5|2|0|1|0
RZ1|166|1|Don|5|3|5|3|1|1|1|0|0
RZ1|CHK|166|1|33|9|2|4|5|5|2|0|1|0
RZ1|167|1|Don|5|4|5|4|1|1|1|0|0
RZ1|CHK|167|1|33|9|2|4|5|5|2|0|1|0
[You] Deploy Charlotte Linlin ["OP17-049">OP17-049]
RZ1|168|1|OP17-049|1|8|2|2|1|1|0|0|0
RZ1|CHK|168|1|33|8|3|4|5|5|2|0|1|0
[You] Forcing opponent to resolve Card Action!
RZ1|169|2|OP17-093|1|0|6|6|1|1|0|0|0
RZ1|CHK|169|2|32|4|2|5|6|4|7|0|1|0
[Opponent] Charlotte Linlin ["OP17-049">OP17-049]: Trash Monkey D. Luffy ["OP17-093">OP17-093]
RZ1|170|2|OP15-088|1|0|6|7|1|1|0|0|0
RZ1|CHK|170|2|32|3|2|5|6|4|8|0|1|0
[Opponent] Charlotte Linlin ["OP17-049">OP17-049]: Trash Pirate Docking 6 ["OP15-088">OP15-088]
[You] Stussy ["OP17-054">OP17-054] attacking Monkey D. Luffy ["OP17-079">OP17-079]
Stussy ["OP17-054">OP17-054][5000] vs Monkey D. Luffy ["OP17-079">OP17-079][5000]
Monkey D. Luffy ["OP17-079">OP17-079] hit for 1 damage
RZ1|171|2|OP17-087|3|4|1|3|1|1|0|0|0
RZ1|CHK|171|2|32|4|2|4|6|4|8|0|1|0
[] Hand: [OP17-045,OP17-040,OP17-056,OP17-056,OP17-046,OP17-055,OP17-050,OP17-118]
[] Board: [OP17-050,OP17-054,OP17-049]
[] Trash: [OP17-054,OP17-055]
[] Life: 4
[] Hand: [OP17-096,OP17-119,OP17-095,OP17-087]
[] Trash: [OP17-086,OP17-086,OP17-091,OP15-088,OP17-091,OP17-095,OP17-093,OP15-088]
[] Board: [OP17-080,OP17-089]
[] Life: 4
[You] End Turn
[] Hand: [OP17-096,OP17-119,OP17-095,OP17-087]
[] Board: [OP17-080,OP17-089]
[] Trash: [OP17-086,OP17-086,OP17-091,OP15-088,OP17-091,OP17-095,OP17-093,OP15-088]
[] Life: 4
[] Hand: [OP17-045,OP17-040,OP17-056,OP17-056,OP17-046,OP17-055,OP17-050,OP17-118]
[] Trash: [OP17-054,OP17-055]
[] Board: [OP17-050,OP17-054,OP17-049]
[] Life: 4
[Opponent] Draw 1 Card
[] Drew card from deck: Nami ["OP17-086">OP17-086]
RZ1|172|2|OP17-086|0|31|1|4|1|1|0|0|0
RZ1|CHK|172|2|31|5|2|4|6|4|8|0|1|0
RZ1|173|2|Don|4|5|5|4|1|1|0|0|0
RZ1|CHK|173|2|31|5|2|4|5|5|8|0|1|0
RZ1|174|2|Don|4|4|5|5|1|1|0|0|0
RZ1|CHK|174|2|31|5|2|4|4|6|8|0|1|0
[Opponent] Draw 2 Don
RZ1|175|2|Don|5|0|5|0|1|1|1|0|0
RZ1|CHK|175|2|31|5|2|4|4|6|8|0|1|0
RZ1|176|2|Don|5|1|5|1|1|1|1|0|0
RZ1|CHK|176|2|31|5|2|4|4|6|8|0|1|0
RZ1|177|2|Don|5|2|5|2|1|1|1|0|0
RZ1|CHK|177|2|31|5|2|4|4|6|8|0|1|0
RZ1|178|2|Don|5|3|5|3|1|1|1|0|0
RZ1|CHK|178|2|31|5|2|4|4|6|8|0|1|0
RZ1|179|2|Don|5|4|5|4|1|1|1|0|0
RZ1|CHK|179|2|31|5|2|4|4|6|8|0|1|0
RZ1|180|2|Don|5|5|5|5|1|1|1|0|0
RZ1|CHK|180|2|31|5|2|4|4|6|8|0|1|0
[Opponent] Deploy Loki ["OP17-119">OP17-119]
RZ1|181|2|OP17-119|1|1|2|2|1|1|0|0|12
RZ1|CHK|181|2|31|4|3|4|4|6|8|0|1|0
[Opponent] Loki ["OP17-119">OP17-119]: Destroy Stussy ["OP17-054">OP17-054]
[Opponent] Loki ["OP17-119">OP17-119]: Destroy Streusen ["OP17-050">OP17-050]
RZ1|182|1|OP17-050|2|0|6|2|1|1|0|0|0
RZ1|CHK|182|1|33|8|2|4|5|5|3|0|1|0
RZ1|183|1|OP17-054|2|0|6|3|1|1|0|0|0
RZ1|CHK|183|1|33|8|1|4|5|5|4|0|1|0
[Opponent] Monkey D. Luffy ["OP17-079">OP17-079] attacking Rocks D. Xebec ["OP17-039">OP17-039]
RZ1|184|1|OP17-045|1|0|6|4|1|1|0|0|0
RZ1|CHK|184|1|33|7|1|4|5|5|5|0|1|0
[You] Charlotte Linlin ["OP17-049">OP17-049]: Trash Kyo ["OP17-045">OP17-045]
[You] Charlotte Linlin ["OP17-049">OP17-049]: Buff Rocks D. Xebec ["OP17-039">OP17-039] 1000 for the Combat
Monkey D. Luffy ["OP17-079">OP17-079][5000] vs Rocks D. Xebec ["OP17-039">OP17-039][6000]
Attack Fails
[Opponent] Usopp ["OP17-080">OP17-080] attacking Rocks D. Xebec ["OP17-039">OP17-039]
Usopp ["OP17-080">OP17-080][5000] vs Rocks D. Xebec ["OP17-039">OP17-039][5000]
Rocks D. Xebec ["OP17-039">OP17-039] hit for 1 damage
RZ1|185|1|OP17-048|3|3|1|7|1|1|0|0|0
RZ1|CHK|185|1|33|8|1|3|5|5|5|0|1|0
[Opponent] Jaguar D. Saul ["OP17-089">OP17-089] attacking Rocks D. Xebec ["OP17-039">OP17-039]
Jaguar D. Saul ["OP17-089">OP17-089][6000] vs Rocks D. Xebec ["OP17-039">OP17-039][5000]
Rocks D. Xebec ["OP17-039">OP17-039] hit for 1 damage
RZ1|186|1|OP17-049|3|2|1|8|1|1|0|0|0
RZ1|CHK|186|1|33|9|1|2|5|5|5|0|1|0
[] Hand: [OP17-096,OP17-095,OP17-087,OP17-086]
[] Board: [OP17-080,OP17-089,OP17-119]
[] Trash: [OP17-086,OP17-086,OP17-091,OP15-088,OP17-091,OP17-095,OP17-093,OP15-088]
[] Life: 4
[] Hand: [OP17-040,OP17-056,OP17-056,OP17-046,OP17-055,OP17-050,OP17-118,OP17-048,OP17-049]
[] Trash: [OP17-054,OP17-055,OP17-050,OP17-054,OP17-045]
[] Board: [OP17-049]
[] Life: 2
[Opponent] End Turn
[] Hand: [OP17-040,OP17-056,OP17-056,OP17-046,OP17-055,OP17-050,OP17-118,OP17-048,OP17-049]
[] Board: [OP17-049]
[] Trash: [OP17-054,OP17-055,OP17-050,OP17-054,OP17-045]
[] Life: 2
[] Hand: [OP17-096,OP17-095,OP17-087,OP17-086]
[] Trash: [OP17-086,OP17-086,OP17-091,OP15-088,OP17-091,OP17-095,OP17-093,OP15-088]
[] Board: [OP17-080,OP17-089,OP17-119]
[] Life: 4
[You] Draw 1 Card
[] Drew card from deck: Charlotte Linlin ["OP17-049">OP17-049]
RZ1|187|1|OP17-049|0|32|1|9|1|1|0|0|0
RZ1|CHK|187|1|32|10|1|2|5|5|5|0|1|0
RZ1|188|1|Don|4|4|5|5|1|1|0|0|0
RZ1|CHK|188|1|32|10|1|2|4|6|5|0|1|0
RZ1|189|1|Don|4|3|5|6|1|1|0|0|0
RZ1|CHK|189|1|32|10|1|2|3|7|5|0|1|0
[You] Draw 2 Don
RZ1|190|1|Don|5|0|5|0|1|1|1|0|0
RZ1|CHK|190|1|32|10|1|2|3|7|5|0|1|0
RZ1|191|1|Don|5|1|5|1|1|1|1|0|0
RZ1|CHK|191|1|32|10|1|2|3|7|5|0|1|0
RZ1|192|1|Don|5|2|5|2|1|1|1|0|0
RZ1|CHK|192|1|32|10|1|2|3|7|5|0|1|0
RZ1|193|1|Don|5|3|5|3|1|1|1|0|0
RZ1|CHK|193|1|32|10|1|2|3|7|5|0|1|0
RZ1|194|1|Don|5|4|5|4|1|1|1|0|0
RZ1|CHK|194|1|32|10|1|2|3|7|5|0|1|0
RZ1|195|1|Don|5|5|5|5|1|1|1|0|0
RZ1|CHK|195|1|32|10|1|2|3|7|5|0|1|0
RZ1|196|1|Don|5|6|5|6|1|1|1|0|0
RZ1|CHK|196|1|32|10|1|2|3|7|5|0|1|0
[You] Deploy Shiki ["OP17-048">OP17-048]
RZ1|197|1|OP17-048|1|7|2|1|1|1|0|0|0
RZ1|CHK|197|1|32|9|2|2|3|7|5|0|1|0
[You] Shiki ["OP17-048">OP17-048] attacking Jaguar D. Saul ["OP17-089">OP17-089]
[Opponent] Loki ["OP17-119">OP17-119] Blocks
Shiki ["OP17-048">OP17-048][9000] vs Loki ["OP17-119">OP17-119][11000]
Attack Fails
[You] Charlotte Linlin ["OP17-049">OP17-049] attacking Jaguar D. Saul ["OP17-089">OP17-089]
[Opponent] Discard Roronoa Zoro ["OP17-095">OP17-095] for Counter 2000
RZ1|198|2|OP17-095|1|1|6|8|1|1|0|0|0
RZ1|CHK|198|2|31|3|3|4|4|6|9|0|1|0
Charlotte Linlin ["OP17-049">OP17-049][7000] vs Jaguar D. Saul ["OP17-089">OP17-089][8000]
Attack Fails
[You] Rocks D. Xebec ["OP17-039">OP17-039] attacking Usopp ["OP17-080">OP17-080]
[Opponent] Discard Nami ["OP17-086">OP17-086] for Counter 1000
RZ1|199|2|OP17-086|1|2|6|9|1|1|0|0|0
RZ1|CHK|199|2|31|2|3|4|4|6|10|0|1|0
Rocks D. Xebec ["OP17-039">OP17-039][5000] vs Usopp ["OP17-080">OP17-080][6000]
Attack Fails
RZ1|200|1|OP17-056|1|1|6|5|1|1|0|0|0
RZ1|CHK|200|1|32|8|2|2|3|7|6|0|1|0
RZ1|201|1|OP17-056|1|1|6|6|1|1|0|0|0
RZ1|CHK|201|1|32|7|2|2|3|7|7|0|1|0
RZ1|202|1|OP17-055|1|2|6|7|1|1|0|0|0
RZ1|CHK|202|1|32|6|2|2|3|7|8|0|1|0
[] Hand: [OP17-040,OP17-046,OP17-050,OP17-118,OP17-049,OP17-049]
[] Board: [OP17-049,OP17-048]
[] Trash: [OP17-054,OP17-055,OP17-050,OP17-054,OP17-045,OP17-056,OP17-056,OP17-055]
[] Life: 2
[] Hand: [OP17-096,OP17-087]
[] Trash: [OP17-086,OP17-086,OP17-091,OP15-088,OP17-091,OP17-095,OP17-093,OP15-088,OP17-095,OP17-086]
[] Board: [OP17-080,OP17-089,OP17-119]
[] Life: 4
[You] End Turn
[] Hand: [OP17-096,OP17-087]
[] Board: [OP17-080,OP17-089,OP17-119]
[] Trash: [OP17-086,OP17-086,OP17-091,OP15-088,OP17-091,OP17-095,OP17-093,OP15-088,OP17-095,OP17-086]
[] Life: 4
[] Hand: [OP17-040,OP17-046,OP17-050,OP17-118,OP17-049,OP17-049]
[] Trash: [OP17-054,OP17-055,OP17-050,OP17-054,OP17-045,OP17-056,OP17-056,OP17-055]
[] Board: [OP17-049,OP17-048]
[] Life: 2
[Opponent] Draw 1 Card
[] Drew card from deck: Brook ["OP17-091">OP17-091]
RZ1|203|2|OP17-091|0|30|1|2|1|1|0|0|0
RZ1|CHK|203|2|30|3|3|4|4|6|10|0|1|0
RZ1|204|2|Don|4|3|5|6|1|1|0|0|0
RZ1|CHK|204|2|30|3|3|4|3|7|10|0|1|0
RZ1|205|2|Don|4|2|5|7|1|1|0|0|0
RZ1|CHK|205|2|30|3|3|4|2|8|10|0|1|0
[Opponent] Draw 2 Don
[Opponent] Attach 1 Don to Loki ["OP17-119">OP17-119] (1 Total)
RZ1|206|2|Don|5|7|9|200|1|1|0|0|0
RZ1|CHK|206|2|30|3|3|4|2|7|10|0|1|1
[Opponent] Loki ["OP17-119">OP17-119] attacking Rocks D. Xebec ["OP17-039">OP17-039]
RZ1|207|1|OP17-050|1|2|6|8|1|1|0|0|0
RZ1|CHK|207|1|32|5|2|2|3|7|9|0|1|0
[You] Charlotte Linlin ["OP17-049">OP17-049]: Trash Streusen ["OP17-050">OP17-050]
[You] Charlotte Linlin ["OP17-049">OP17-049]: Buff Rocks D. Xebec ["OP17-039">OP17-039] 1000 for the Combat
Loki ["OP17-119">OP17-119][9000] vs Rocks D. Xebec ["OP17-039">OP17-039][6000]
Rocks D. Xebec ["OP17-039">OP17-039] hit for 1 damage
RZ1|208|1|OP17-040|3|1|1|5|1|1|0|0|0
RZ1|CHK|208|1|32|6|2|1|3|7|9|0|1|0
[Opponent] Attach 1 Don to Usopp ["OP17-080">OP17-080] (1 Total)
RZ1|209|2|Don|5|6|9|0|1|1|0|0|0
RZ1|CHK|209|2|30|3|3|4|2|6|10|0|1|2
[Opponent] Attach 1 Don to Usopp ["OP17-080">OP17-080] (2 Total)
RZ1|210|2|Don|5|5|9|1|1|1|0|0|0
RZ1|CHK|210|2|30|3|3|4|2|5|10|0|1|3
[Opponent] Usopp ["OP17-080">OP17-080] attacking Rocks D. Xebec ["OP17-039">OP17-039]
Usopp ["OP17-080">OP17-080][7000] vs Rocks D. Xebec ["OP17-039">OP17-039][5000]
Rocks D. Xebec ["OP17-039">OP17-039] hit for 1 damage
RZ1|211|1|OP08-051|3|0|1|6|1|1|0|0|0
RZ1|CHK|211|1|32|7|2|0|3|7|9|0|1|0
[Opponent] Monkey D. Luffy ["OP17-079">OP17-079] attacking Rocks D. Xebec ["OP17-039">OP17-039]
[You] Discard Buckin ["OP08-051">OP08-051] for Counter 1000
RZ1|212|1|OP08-051|1|6|6|9|1|1|0|0|0
RZ1|CHK|212|1|32|6|2|0|3|7|10|0|1|0
Monkey D. Luffy ["OP17-079">OP17-079][5000] vs Rocks D. Xebec ["OP17-039">OP17-039][6000]
Attack Fails
[Opponent] Attach 5 Don to Jaguar D. Saul ["OP17-089">OP17-089] (5 Total)
RZ1|213|2|Don|5|0|9|100|1|1|0|0|0
RZ1|CHK|213|2|30|3|3|4|2|4|10|0|1|4
RZ1|214|2|Don|5|0|9|101|1|1|0|0|0
RZ1|CHK|214|2|30|3|3|4|2|3|10|0|1|5
RZ1|215|2|Don|5|0|9|102|1|1|0|0|0
RZ1|CHK|215|2|30|3|3|4|2|2|10|0|1|6
RZ1|216|2|Don|5|0|9|103|1|1|0|0|0
RZ1|CHK|216|2|30|3|3|4|2|1|10|0|1|7
RZ1|217|2|Don|5|0|9|104|1|1|0|0|0
RZ1|CHK|217|2|30|3|3|4|2|0|10|0|1|8
[Opponent] Jaguar D. Saul ["OP17-089">OP17-089] attacking Rocks D. Xebec ["OP17-039">OP17-039]
Jaguar D. Saul ["OP17-089">OP17-089][11000] vs Rocks D. Xebec ["OP17-039">OP17-039][5000]
Rocks D. Xebec ["OP17-039">OP17-039] hit for 1 damage
[You] <b>Downloaded the Combat Log!</b>
GameOver
