Version is 1.42a.34
[Karlmalone​#2854] Leader is Rocks D. Xebec ["OP17-039">OP17-039]
[yuuki​#80186] Leader is Kuzan (040) ["OP12-040">OP12-040]
RZ1|HDR|1.42a|2|RZ1
RZ1|PLY|1|Karlmalone​#2854|OP17-039
RZ1|PLY|2|yuuki​#80186|OP12-040
RZ1|1|1|OP17-054|0|7|0|0|0|0|0|0|0
RZ1|CHK|1|1|50|0|0|0|10|0|0|0|1|0
RZ1|2|1|OP17-056|0|46|0|2|0|0|0|0|0
RZ1|CHK|2|1|50|0|0|0|10|0|0|0|1|0
RZ1|3|1|OP17-054|0|10|0|3|0|0|0|0|0
RZ1|CHK|3|1|50|0|0|0|10|0|0|0|1|0
RZ1|4|1|OP17-056|0|45|0|4|0|0|0|0|0
RZ1|CHK|4|1|50|0|0|0|10|0|0|0|1|0
RZ1|5|1|OP17-049|0|23|0|5|0|0|0|0|0
RZ1|CHK|5|1|50|0|0|0|10|0|0|0|1|0
RZ1|6|1|OP17-052|0|9|0|6|0|0|0|0|0
RZ1|CHK|6|1|50|0|0|0|10|0|0|0|1|0
RZ1|7|1|OP17-118|0|39|0|7|0|0|0|0|0
RZ1|CHK|7|1|50|0|0|0|10|0|0|0|1|0
RZ1|8|1|OP17-053|0|29|0|8|0|0|0|0|0
RZ1|CHK|8|1|50|0|0|0|10|0|0|0|1|0
RZ1|9|1|OP17-044|0|19|0|9|0|0|0|0|0
RZ1|CHK|9|1|50|0|0|0|10|0|0|0|1|0
RZ1|10|1|OP17-046|0|22|0|10|0|0|0|0|0
RZ1|CHK|10|1|50|0|0|0|10|0|0|0|1|0
RZ1|11|1|OP17-042|0|19|0|11|0|0|0|0|0
RZ1|CHK|11|1|50|0|0|0|10|0|0|0|1|0
RZ1|12|1|OP17-055|0|41|0|12|0|0|0|0|0
RZ1|CHK|12|1|50|0|0|0|10|0|0|0|1|0
RZ1|13|1|OP17-057|0|47|0|13|0|0|0|0|0
RZ1|CHK|13|1|50|0|0|0|10|0|0|0|1|0
RZ1|14|1|OP17-054|0|20|0|14|0|0|0|0|0
RZ1|CHK|14|1|50|0|0|0|10|0|0|0|1|0
RZ1|15|1|OP17-046|0|24|0|15|0|0|0|0|0
RZ1|CHK|15|1|50|0|0|0|10|0|0|0|1|0
RZ1|16|1|OP17-055|0|45|0|16|0|0|0|0|0
RZ1|CHK|16|1|50|0|0|0|10|0|0|0|1|0
RZ1|17|1|OP17-056|0|47|0|17|0|0|0|0|0
RZ1|CHK|17|1|50|0|0|0|10|0|0|0|1|0
RZ1|18|1|OP17-118|0|44|0|18|0|0|0|0|0
RZ1|CHK|18|1|50|0|0|0|10|0|0|0|1|0
RZ1|19|1|OP17-057|0|49|0|19|0|0|0|0|0
RZ1|CHK|19|1|50|0|0|0|10|0|0|0|1|0
RZ1|20|1|OP17-055|0|47|0|20|0|0|0|0|0
RZ1|CHK|20|1|50|0|0|0|10|0|0|0|1|0
RZ1|21|1|OP17-052|0|24|0|21|0|0|0|0|0
RZ1|CHK|21|1|50|0|0|0|10|0|0|0|1|0
RZ1|22|1|OP17-118|0|45|0|22|0|0|0|0|0
RZ1|CHK|22|1|50|0|0|0|10|0|0|0|1|0
RZ1|23|1|OP17-118|0|46|0|23|0|0|0|0|0
RZ1|CHK|23|1|50|0|0|0|10|0|0|0|1|0
RZ1|24|1|OP17-043|0|34|0|24|0|0|0|0|0
RZ1|CHK|24|1|50|0|0|0|10|0|0|0|1|0
RZ1|25|1|OP17-056|0|48|0|25|0|0|0|0|0
RZ1|CHK|25|1|50|0|0|0|10|0|0|0|1|0
RZ1|26|1|OP17-046|0|33|0|27|0|0|0|0|0
RZ1|CHK|26|1|50|0|0|0|10|0|0|0|1|0
RZ1|27|1|OP17-044|0|33|0|28|0|0|0|0|0
RZ1|CHK|27|1|50|0|0|0|10|0|0|0|1|0
RZ1|28|1|OP17-055|0|48|0|29|0|0|0|0|0
RZ1|CHK|28|1|50|0|0|0|10|0|0|0|1|0
RZ1|29|1|OP17-040|0|44|0|30|0|0|0|0|0
RZ1|CHK|29|1|50|0|0|0|10|0|0|0|1|0
RZ1|30|1|OP17-052|0|33|0|31|0|0|0|0|0
RZ1|CHK|30|1|50|0|0|0|10|0|0|0|1|0
RZ1|31|1|OP17-049|0|38|0|32|0|0|0|0|0
RZ1|CHK|31|1|50|0|0|0|10|0|0|0|1|0
RZ1|32|1|OP17-042|0|36|0|33|0|0|0|0|0
RZ1|CHK|32|1|50|0|0|0|10|0|0|0|1|0
RZ1|33|1|OP17-049|0|39|0|34|0|0|0|0|0
RZ1|CHK|33|1|50|0|0|0|10|0|0|0|1|0
RZ1|34|1|OP17-043|0|39|0|35|0|0|0|0|0
RZ1|CHK|34|1|50|0|0|0|10|0|0|0|1|0
RZ1|35|1|OP17-057|0|49|0|36|0|0|0|0|0
RZ1|CHK|35|1|50|0|0|0|10|0|0|0|1|0
RZ1|36|1|OP17-053|0|42|0|37|0|0|0|0|0
RZ1|CHK|36|1|50|0|0|0|10|0|0|0|1|0
RZ1|37|1|OP17-049|0|42|0|38|0|0|0|0|0
RZ1|CHK|37|1|50|0|0|0|10|0|0|0|1|0
RZ1|38|1|OP17-048|0|47|0|39|0|0|0|0|0
RZ1|CHK|38|1|50|0|0|0|10|0|0|0|1|0
RZ1|39|1|OP17-040|0|45|0|40|0|0|0|0|0
RZ1|CHK|39|1|50|0|0|0|10|0|0|0|1|0
RZ1|40|1|OP17-048|0|49|0|41|0|0|0|0|0
RZ1|CHK|40|1|50|0|0|0|10|0|0|0|1|0
RZ1|41|1|OP17-048|0|49|0|42|0|0|0|0|0
RZ1|CHK|41|1|50|0|0|0|10|0|0|0|1|0
RZ1|42|1|OP17-040|0|48|0|43|0|0|0|0|0
RZ1|CHK|42|1|50|0|0|0|10|0|0|0|1|0
RZ1|43|1|OP17-046|0|47|0|44|0|0|0|0|0
RZ1|CHK|43|1|50|0|0|0|10|0|0|0|1|0
RZ1|44|1|OP17-054|0|47|0|45|0|0|0|0|0
RZ1|CHK|44|1|50|0|0|0|10|0|0|0|1|0
[Karlmalone​#2854] Drew card from deck: Shiki ["OP17-048">OP17-048]
RZ1|45|1|OP17-048|0|49|1|0|1|1|0|0|0
RZ1|CHK|45|1|49|1|0|0|10|0|0|0|1|0
[Karlmalone​#2854] Drew card from deck: Edward Newgate ["OP17-040">OP17-040]
RZ1|46|1|OP17-040|0|48|1|1|1|1|0|0|0
RZ1|CHK|46|1|48|2|0|0|10|0|0|0|1|0
[Karlmalone​#2854] Drew card from deck: Kyo ["OP17-045">OP17-045]
RZ1|47|1|OP17-045|0|47|1|2|1|1|0|0|0
RZ1|CHK|47|1|47|3|0|0|10|0|0|0|1|0
[Karlmalone​#2854] Drew card from deck: Kyo ["OP17-045">OP17-045]
RZ1|48|1|OP17-045|0|46|1|3|1|1|0|0|0
RZ1|CHK|48|1|46|4|0|0|10|0|0|0|1|0
[Karlmalone​#2854] Drew card from deck: Stussy ["OP17-054">OP17-054]
RZ1|49|1|OP17-054|0|45|1|4|1|1|0|0|0
RZ1|CHK|49|1|45|5|0|0|10|0|0|0|1|0
[Karlmalone​#2854] Hand before Mulligan: [OP17-048,OP17-040,OP17-045,OP17-045,OP17-054]
[Karlmalone​#2854] Chose to go First
RZ1|50|2|OP12-043|0|27|0|0|0|0|0|0|0
RZ1|CHK|50|2|50|0|0|0|10|0|0|0|1|0
RZ1|51|2|ST33-001|0|6|0|1|0|0|0|0|0
RZ1|CHK|51|2|50|0|0|0|10|0|0|0|1|0
RZ1|52|2|EB04-028|0|47|0|2|0|0|0|0|0
RZ1|CHK|52|2|50|0|0|0|10|0|0|0|1|0
RZ1|53|2|ST33-003|0|11|0|3|0|0|0|0|0
RZ1|CHK|53|2|50|0|0|0|10|0|0|0|1|0
RZ1|54|2|OP06-050|0|7|0|4|0|0|0|0|0
RZ1|CHK|54|2|50|0|0|0|10|0|0|0|1|0
RZ1|55|2|OP06-050|0|7|0|5|0|0|0|0|0
RZ1|CHK|55|2|50|0|0|0|10|0|0|0|1|0
RZ1|56|2|ST33-003|0|13|0|6|0|0|0|0|0
RZ1|CHK|56|2|50|0|0|0|10|0|0|0|1|0
RZ1|57|2|ST33-004|0|29|0|7|0|0|0|0|0
RZ1|CHK|57|2|50|0|0|0|10|0|0|0|1|0
RZ1|58|2|OP16-056|0|23|0|8|0|0|0|0|0
RZ1|CHK|58|2|50|0|0|0|10|0|0|0|1|0
RZ1|59|2|ST33-004|0|30|0|9|0|0|0|0|0
RZ1|CHK|59|2|50|0|0|0|10|0|0|0|1|0
RZ1|60|2|ST33-005|0|36|0|10|0|0|0|0|0
RZ1|CHK|60|2|50|0|0|0|10|0|0|0|1|0
RZ1|61|2|OP12-043|0|31|0|11|0|0|0|0|0
RZ1|CHK|61|2|50|0|0|0|10|0|0|0|1|0
RZ1|62|2|OP16-056|0|27|0|12|0|0|0|0|0
RZ1|CHK|62|2|50|0|0|0|10|0|0|0|1|0
RZ1|63|2|EB04-022|0|31|0|13|0|0|0|0|0
RZ1|CHK|63|2|50|0|0|0|10|0|0|0|1|0
RZ1|64|2|OP06-050|0|15|0|14|0|0|0|0|0
RZ1|CHK|64|2|50|0|0|0|10|0|0|0|1|0
RZ1|65|2|ST33-003|0|20|0|15|0|0|0|0|0
RZ1|CHK|65|2|50|0|0|0|10|0|0|0|1|0
RZ1|66|2|EB04-022|0|30|0|16|0|0|0|0|0
RZ1|CHK|66|2|50|0|0|0|10|0|0|0|1|0
RZ1|67|2|EB04-022|0|31|0|17|0|0|0|0|0
RZ1|CHK|67|2|50|0|0|0|10|0|0|0|1|0
RZ1|68|2|OP12-057|0|45|0|18|0|0|0|0|0
RZ1|CHK|68|2|50|0|0|0|10|0|0|0|1|0
RZ1|69|2|OP16-056|0|31|0|19|0|0|0|0|0
RZ1|CHK|69|2|50|0|0|0|10|0|0|0|1|0
RZ1|70|2|OP12-056|0|44|0|21|0|0|0|0|0
RZ1|CHK|70|2|50|0|0|0|10|0|0|0|1|0
RZ1|71|2|ST33-005|0|36|0|22|0|0|0|0|0
RZ1|CHK|71|2|50|0|0|0|10|0|0|0|1|0
RZ1|72|2|OP06-043|0|42|0|23|0|0|0|0|0
RZ1|CHK|72|2|50|0|0|0|10|0|0|0|1|0
RZ1|73|2|ST33-003|0|27|0|24|0|0|0|0|0
RZ1|CHK|73|2|50|0|0|0|10|0|0|0|1|0
RZ1|74|2|OP06-058|0|49|0|25|0|0|0|0|0
RZ1|CHK|74|2|50|0|0|0|10|0|0|0|1|0
RZ1|75|2|EB04-028|0|49|0|26|0|0|0|0|0
RZ1|CHK|75|2|50|0|0|0|10|0|0|0|1|0
RZ1|76|2|OP12-044|0|42|0|27|0|0|0|0|0
RZ1|CHK|76|2|50|0|0|0|10|0|0|0|1|0
RZ1|77|2|OP12-051|0|36|0|29|0|0|0|0|0
RZ1|CHK|77|2|50|0|0|0|10|0|0|0|1|0
RZ1|78|2|OP12-047|0|35|0|30|0|0|0|0|0
RZ1|CHK|78|2|50|0|0|0|10|0|0|0|1|0
RZ1|79|2|OP12-056|0|46|0|31|0|0|0|0|0
RZ1|CHK|79|2|50|0|0|0|10|0|0|0|1|0
RZ1|80|2|ST33-004|0|41|0|32|0|0|0|0|0
RZ1|CHK|80|2|50|0|0|0|10|0|0|0|1|0
RZ1|81|2|OP12-044|0|45|0|33|0|0|0|0|0
RZ1|CHK|81|2|50|0|0|0|10|0|0|0|1|0
RZ1|82|2|OP12-051|0|40|0|34|0|0|0|0|0
RZ1|CHK|82|2|50|0|0|0|10|0|0|0|1|0
RZ1|83|2|ST33-005|0|44|0|35|0|0|0|0|0
RZ1|CHK|83|2|50|0|0|0|10|0|0|0|1|0
RZ1|84|2|ST33-005|0|44|0|36|0|0|0|0|0
RZ1|CHK|84|2|50|0|0|0|10|0|0|0|1|0
RZ1|85|2|OP12-047|0|39|0|37|0|0|0|0|0
RZ1|CHK|85|2|50|0|0|0|10|0|0|0|1|0
RZ1|86|2|ST33-004|0|44|0|38|0|0|0|0|0
RZ1|CHK|86|2|50|0|0|0|10|0|0|0|1|0
RZ1|87|2|OP06-043|0|46|0|39|0|0|0|0|0
RZ1|CHK|87|2|50|0|0|0|10|0|0|0|1|0
RZ1|88|2|OP12-057|0|47|0|40|0|0|0|0|0
RZ1|CHK|88|2|50|0|0|0|10|0|0|0|1|0
RZ1|89|2|OP12-044|0|47|0|41|0|0|0|0|0
RZ1|CHK|89|2|50|0|0|0|10|0|0|0|1|0
RZ1|90|2|OP12-057|0|48|0|42|0|0|0|0|0
RZ1|CHK|90|2|50|0|0|0|10|0|0|0|1|0
RZ1|91|2|EB04-028|0|49|0|43|0|0|0|0|0
RZ1|CHK|91|2|50|0|0|0|10|0|0|0|1|0
RZ1|92|2|OP12-051|0|48|0|44|0|0|0|0|0
RZ1|CHK|92|2|50|0|0|0|10|0|0|0|1|0
RZ1|93|2|ST33-001|0|46|0|45|0|0|0|0|0
RZ1|CHK|93|2|50|0|0|0|10|0|0|0|1|0
RZ1|94|2|EB04-022|0|49|0|47|0|0|0|0|0
RZ1|CHK|94|2|50|0|0|0|10|0|0|0|1|0
RZ1|95|2|OP12-047|0|49|0|48|0|0|0|0|0
RZ1|CHK|95|2|50|0|0|0|10|0|0|0|1|0
[yuuki​#80186] Drew card from deck: Sengoku ["OP12-047">OP12-047]
RZ1|96|2|OP12-047|0|49|1|0|0|1|0|0|0
RZ1|CHK|96|2|49|1|0|0|10|0|0|0|1|0
[yuuki​#80186] Drew card from deck: Sengoku ["OP12-047">OP12-047]
RZ1|97|2|OP12-047|0|48|1|1|0|1|0|0|0
RZ1|CHK|97|2|48|2|0|0|10|0|0|0|1|0
[yuuki​#80186] Drew card from deck: Issho ["EB04-022">EB04-022]
RZ1|98|2|EB04-022|0|47|1|2|0|1|0|0|0
RZ1|CHK|98|2|47|3|0|0|10|0|0|0|1|0
[yuuki​#80186] Drew card from deck: Koby ["ST33-001">ST33-001]
RZ1|99|2|ST33-001|0|46|1|3|0|1|0|0|0
RZ1|CHK|99|2|46|4|0|0|10|0|0|0|1|0
[yuuki​#80186] Drew card from deck: Koby ["ST33-001">ST33-001]
RZ1|100|2|ST33-001|0|45|1|4|0|1|0|0|0
RZ1|CHK|100|2|45|5|0|0|10|0|0|0|1|0
RZ1|101|2|OP12-047|1|0|0|45|0|0|0|0|0
RZ1|CHK|101|2|46|4|0|0|10|0|0|0|1|0
RZ1|102|2|OP12-047|1|0|0|46|0|0|0|0|0
RZ1|CHK|102|2|47|3|0|0|10|0|0|0|1|0
RZ1|103|2|EB04-022|1|0|0|47|0|0|0|0|0
RZ1|CHK|103|2|48|2|0|0|10|0|0|0|1|0
RZ1|104|2|ST33-001|1|0|0|48|0|0|0|0|0
RZ1|CHK|104|2|49|1|0|0|10|0|0|0|1|0
RZ1|105|2|ST33-001|1|0|0|49|0|0|0|0|0
RZ1|CHK|105|2|50|0|0|0|10|0|0|0|1|0
RZ1|106|2|OP06-043|0|39|0|0|0|0|0|0|0
RZ1|CHK|106|2|50|0|0|0|10|0|0|0|1|0
RZ1|107|2|OP06-043|0|24|0|1|0|0|0|0|0
RZ1|CHK|107|2|50|0|0|0|10|0|0|0|1|0
RZ1|108|2|OP12-051|0|44|0|2|0|0|0|0|0
RZ1|CHK|108|2|50|0|0|0|10|0|0|0|1|0
RZ1|109|2|OP12-044|0|35|0|3|0|0|0|0|0
RZ1|CHK|109|2|50|0|0|0|10|0|0|0|1|0
RZ1|110|2|ST33-003|0|19|0|4|0|0|0|0|0
RZ1|CHK|110|2|50|0|0|0|10|0|0|0|1|0
RZ1|111|2|EB04-022|0|18|0|5|0|0|0|0|0
RZ1|CHK|111|2|50|0|0|0|10|0|0|0|1|0
RZ1|112|2|OP06-050|0|10|0|6|0|0|0|0|0
RZ1|CHK|112|2|50|0|0|0|10|0|0|0|1|0
RZ1|113|2|ST33-004|0|13|0|7|0|0|0|0|0
RZ1|CHK|113|2|50|0|0|0|10|0|0|0|1|0
RZ1|114|2|ST33-001|0|31|0|8|0|0|0|0|0
RZ1|CHK|114|2|50|0|0|0|10|0|0|0|1|0
RZ1|115|2|OP12-047|0|46|0|11|0|0|0|0|0
RZ1|CHK|115|2|50|0|0|0|10|0|0|0|1|0
RZ1|116|2|OP12-056|0|35|0|12|0|0|0|0|0
RZ1|CHK|116|2|50|0|0|0|10|0|0|0|1|0
RZ1|117|2|OP12-051|0|37|0|13|0|0|0|0|0
RZ1|CHK|117|2|50|0|0|0|10|0|0|0|1|0
RZ1|118|2|ST33-005|0|39|0|14|0|0|0|0|0
RZ1|CHK|118|2|50|0|0|0|10|0|0|0|1|0
RZ1|119|2|ST33-001|0|48|0|15|0|0|0|0|0
RZ1|CHK|119|2|50|0|0|0|10|0|0|0|1|0
RZ1|120|2|ST33-001|0|49|0|16|0|0|0|0|0
RZ1|CHK|120|2|50|0|0|0|10|0|0|0|1|0
RZ1|121|2|EB04-028|0|47|0|17|0|0|0|0|0
RZ1|CHK|121|2|50|0|0|0|10|0|0|0|1|0
RZ1|122|2|ST33-003|0|19|0|18|0|0|0|0|0
RZ1|CHK|122|2|50|0|0|0|10|0|0|0|1|0
RZ1|123|2|OP06-050|0|32|0|19|0|0|0|0|0
RZ1|CHK|123|2|50|0|0|0|10|0|0|0|1|0
RZ1|124|2|OP12-047|0|40|0|20|0|0|0|0|0
RZ1|CHK|124|2|50|0|0|0|10|0|0|0|1|0
RZ1|125|2|EB04-022|0|31|0|21|0|0|0|0|0
RZ1|CHK|125|2|50|0|0|0|10|0|0|0|1|0
RZ1|126|2|OP12-047|0|48|0|22|0|0|0|0|0
RZ1|CHK|126|2|50|0|0|0|10|0|0|0|1|0
RZ1|127|2|ST33-005|0|43|0|23|0|0|0|0|0
RZ1|CHK|127|2|50|0|0|0|10|0|0|0|1|0
RZ1|128|2|OP12-047|0|44|0|24|0|0|0|0|0
RZ1|CHK|128|2|50|0|0|0|10|0|0|0|1|0
RZ1|129|2|OP16-056|0|32|0|25|0|0|0|0|0
RZ1|CHK|129|2|50|0|0|0|10|0|0|0|1|0
RZ1|130|2|OP12-051|0|43|0|26|0|0|0|0|0
RZ1|CHK|130|2|50|0|0|0|10|0|0|0|1|0
RZ1|131|2|ST33-004|0|31|0|27|0|0|0|0|0
RZ1|CHK|131|2|50|0|0|0|10|0|0|0|1|0
RZ1|132|2|ST33-004|0|45|0|28|0|0|0|0|0
RZ1|CHK|132|2|50|0|0|0|10|0|0|0|1|0
RZ1|133|2|ST33-003|0|31|0|29|0|0|0|0|0
RZ1|CHK|133|2|50|0|0|0|10|0|0|0|1|0
RZ1|134|2|OP06-050|0|35|0|30|0|0|0|0|0
RZ1|CHK|134|2|50|0|0|0|10|0|0|0|1|0
RZ1|135|2|EB04-028|0|43|0|32|0|0|0|0|0
RZ1|CHK|135|2|50|0|0|0|10|0|0|0|1|0
RZ1|136|2|EB04-022|0|49|0|34|0|0|0|0|0
RZ1|CHK|136|2|50|0|0|0|10|0|0|0|1|0
RZ1|137|2|ST33-005|0|36|0|35|0|0|0|0|0
RZ1|CHK|137|2|50|0|0|0|10|0|0|0|1|0
RZ1|138|2|EB04-022|0|38|0|36|0|0|0|0|0
RZ1|CHK|138|2|50|0|0|0|10|0|0|0|1|0
RZ1|139|2|OP12-043|0|38|0|37|0|0|0|0|0
RZ1|CHK|139|2|50|0|0|0|10|0|0|0|1|0
RZ1|140|2|OP12-057|0|39|0|38|0|0|0|0|0
RZ1|CHK|140|2|50|0|0|0|10|0|0|0|1|0
RZ1|141|2|ST33-004|0|46|0|40|0|0|0|0|0
RZ1|CHK|141|2|50|0|0|0|10|0|0|0|1|0
RZ1|142|2|ST33-005|0|43|0|42|0|0|0|0|0
RZ1|CHK|142|2|50|0|0|0|10|0|0|0|1|0
RZ1|143|2|OP12-044|0|46|0|43|0|0|0|0|0
RZ1|CHK|143|2|50|0|0|0|10|0|0|0|1|0
RZ1|144|2|OP12-044|0|48|0|45|0|0|0|0|0
RZ1|CHK|144|2|50|0|0|0|10|0|0|0|1|0
RZ1|145|2|OP12-057|0|48|0|47|0|0|0|0|0
RZ1|CHK|145|2|50|0|0|0|10|0|0|0|1|0
RZ1|146|2|OP12-057|0|49|0|48|0|0|0|0|0
RZ1|CHK|146|2|50|0|0|0|10|0|0|0|1|0
[yuuki​#80186] Drew card from deck: Gravity Blade Raging Tiger ["OP06-058">OP06-058]
RZ1|147|2|OP06-058|0|49|1|0|0|1|0|0|0
RZ1|CHK|147|2|49|1|0|0|10|0|0|0|1|0
[yuuki​#80186] Drew card from deck: Ice Block: Pheasant Peck ["OP12-057">OP12-057]
RZ1|148|2|OP12-057|0|48|1|1|0|1|0|0|0
RZ1|CHK|148|2|48|2|0|0|10|0|0|0|1|0
[yuuki​#80186] Drew card from deck: Ice Block: Pheasant Peck ["OP12-057">OP12-057]
RZ1|149|2|OP12-057|0|47|1|2|0|1|0|0|0
RZ1|CHK|149|2|47|3|0|0|10|0|0|0|1|0
[yuuki​#80186] Drew card from deck: Smoker ["ST33-003">ST33-003]
RZ1|150|2|ST33-003|0|46|1|3|0|1|0|0|0
RZ1|CHK|150|2|46|4|0|0|10|0|0|0|1|0
[yuuki​#80186] Drew card from deck: Sakazuki ["OP12-044">OP12-044]
RZ1|151|2|OP12-044|0|45|1|4|0|1|0|0|0
RZ1|CHK|151|2|45|5|0|0|10|0|0|0|1|0
RZ1|152|2|OP12-056|0|44|3|0|0|1|0|0|0
RZ1|CHK|152|2|44|5|0|1|10|0|0|0|1|0
RZ1|153|2|OP12-044|0|43|3|1|0|1|0|0|0
RZ1|CHK|153|2|43|5|0|2|10|0|0|0|1|0
RZ1|154|2|ST33-005|0|42|3|2|0|1|0|0|0
RZ1|CHK|154|2|42|5|0|3|10|0|0|0|1|0
RZ1|155|2|OP16-056|0|41|3|3|0|1|0|0|0
RZ1|CHK|155|2|41|5|0|4|10|0|0|0|1|0
RZ1|156|2|ST33-004|0|40|3|4|0|1|0|0|0
RZ1|CHK|156|2|40|5|0|5|10|0|0|0|1|0
[yuuki​#80186] Mulligan
RZ1|157|1|OP17-048|1|0|0|45|0|0|0|0|0
RZ1|CHK|157|1|46|4|0|0|10|0|0|0|1|0
RZ1|158|1|OP17-040|1|0|0|46|0|0|0|0|0
RZ1|CHK|158|1|47|3|0|0|10|0|0|0|1|0
RZ1|159|1|OP17-045|1|0|0|47|0|0|0|0|0
RZ1|CHK|159|1|48|2|0|0|10|0|0|0|1|0
RZ1|160|1|OP17-045|1|0|0|48|0|0|0|0|0
RZ1|CHK|160|1|49|1|0|0|10|0|0|0|1|0
RZ1|161|1|OP17-054|1|0|0|49|0|0|0|0|0
RZ1|CHK|161|1|50|0|0|0|10|0|0|0|1|0
RZ1|162|1|OP17-044|0|9|0|0|0|0|0|0|0
RZ1|CHK|162|1|50|0|0|0|10|0|0|0|1|0
RZ1|163|1|OP17-042|0|11|0|1|0|0|0|0|0
RZ1|CHK|163|1|50|0|0|0|10|0|0|0|1|0
RZ1|164|1|OP17-053|0|10|0|2|0|0|0|0|0
RZ1|CHK|164|1|50|0|0|0|10|0|0|0|1|0
RZ1|165|1|OP17-040|0|40|0|3|0|0|0|0|0
RZ1|CHK|165|1|50|0|0|0|10|0|0|0|1|0
RZ1|166|1|OP17-050|0|27|0|4|0|0|0|0|0
RZ1|CHK|166|1|50|0|0|0|10|0|0|0|1|0
RZ1|167|1|OP17-052|0|32|0|5|0|0|0|0|0
RZ1|CHK|167|1|50|0|0|0|10|0|0|0|1|0
RZ1|168|1|OP17-052|0|24|0|6|0|0|0|0|0
RZ1|CHK|168|1|50|0|0|0|10|0|0|0|1|0
RZ1|169|1|OP17-046|0|19|0|7|0|0|0|0|0
RZ1|CHK|169|1|50|0|0|0|10|0|0|0|1|0
RZ1|170|1|OP17-054|0|11|0|8|0|0|0|0|0
RZ1|CHK|170|1|50|0|0|0|10|0|0|0|1|0
RZ1|171|1|OP17-040|0|43|0|9|0|0|0|0|0
RZ1|CHK|171|1|50|0|0|0|10|0|0|0|1|0
RZ1|172|1|OP17-040|0|46|0|10|0|0|0|0|0
RZ1|CHK|172|1|50|0|0|0|10|0|0|0|1|0
RZ1|173|1|OP17-055|0|33|0|11|0|0|0|0|0
RZ1|CHK|173|1|50|0|0|0|10|0|0|0|1|0
RZ1|174|1|OP17-042|0|36|0|12|0|0|0|0|0
RZ1|CHK|174|1|50|0|0|0|10|0|0|0|1|0
RZ1|175|1|OP17-040|0|35|0|13|0|0|0|0|0
RZ1|CHK|175|1|50|0|0|0|10|0|0|0|1|0
RZ1|176|1|OP17-057|0|28|0|14|0|0|0|0|0
RZ1|CHK|176|1|50|0|0|0|10|0|0|0|1|0
RZ1|177|1|OP17-054|0|49|0|15|0|0|0|0|0
RZ1|CHK|177|1|50|0|0|0|10|0|0|0|1|0
RZ1|178|1|OP17-046|0|46|0|16|0|0|0|0|0
RZ1|CHK|178|1|50|0|0|0|10|0|0|0|1|0
RZ1|179|1|OP17-118|0|33|0|17|0|0|0|0|0
RZ1|CHK|179|1|50|0|0|0|10|0|0|0|1|0
RZ1|180|1|OP17-118|0|33|0|18|0|0|0|0|0
RZ1|CHK|180|1|50|0|0|0|10|0|0|0|1|0
RZ1|181|1|OP17-056|0|31|0|19|0|0|0|0|0
RZ1|CHK|181|1|50|0|0|0|10|0|0|0|1|0
RZ1|182|1|OP17-055|0|33|0|20|0|0|0|0|0
RZ1|CHK|182|1|50|0|0|0|10|0|0|0|1|0
RZ1|183|1|OP17-049|0|43|0|21|0|0|0|0|0
RZ1|CHK|183|1|50|0|0|0|10|0|0|0|1|0
RZ1|184|1|OP17-052|0|27|0|22|0|0|0|0|0
RZ1|CHK|184|1|50|0|0|0|10|0|0|0|1|0
RZ1|185|1|OP17-053|0|43|0|23|0|0|0|0|0
RZ1|CHK|185|1|50|0|0|0|10|0|0|0|1|0
RZ1|186|1|OP17-045|0|48|0|24|0|0|0|0|0
RZ1|CHK|186|1|50|0|0|0|10|0|0|0|1|0
RZ1|187|1|OP17-056|0|27|0|25|0|0|0|0|0
RZ1|CHK|187|1|50|0|0|0|10|0|0|0|1|0
RZ1|188|1|OP17-044|0|40|0|26|0|0|0|0|0
RZ1|CHK|188|1|50|0|0|0|10|0|0|0|1|0
RZ1|189|1|OP17-056|0|39|0|27|0|0|0|0|0
RZ1|CHK|189|1|50|0|0|0|10|0|0|0|1|0
RZ1|190|1|OP17-054|0|36|0|28|0|0|0|0|0
RZ1|CHK|190|1|50|0|0|0|10|0|0|0|1|0
RZ1|191|1|OP17-055|0|37|0|31|0|0|0|0|0
RZ1|CHK|191|1|50|0|0|0|10|0|0|0|1|0
RZ1|192|1|OP17-057|0|44|0|32|0|0|0|0|0
RZ1|CHK|192|1|50|0|0|0|10|0|0|0|1|0
RZ1|193|1|OP17-043|0|44|0|33|0|0|0|0|0
RZ1|CHK|193|1|50|0|0|0|10|0|0|0|1|0
RZ1|194|1|OP17-043|0|41|0|34|0|0|0|0|0
RZ1|CHK|194|1|50|0|0|0|10|0|0|0|1|0
RZ1|195|1|OP17-046|0|38|0|35|0|0|0|0|0
RZ1|CHK|195|1|50|0|0|0|10|0|0|0|1|0
RZ1|196|1|OP17-055|0|39|0|36|0|0|0|0|0
RZ1|CHK|196|1|50|0|0|0|10|0|0|0|1|0
RZ1|197|1|OP17-049|0|44|0|37|0|0|0|0|0
RZ1|CHK|197|1|50|0|0|0|10|0|0|0|1|0
RZ1|198|1|OP17-049|0|44|0|38|0|0|0|0|0
RZ1|CHK|198|1|50|0|0|0|10|0|0|0|1|0
RZ1|199|1|OP17-045|0|49|0|39|0|0|0|0|0
RZ1|CHK|199|1|50|0|0|0|10|0|0|0|1|0
RZ1|200|1|OP17-048|0|47|0|40|0|0|0|0|0
RZ1|CHK|200|1|50|0|0|0|10|0|0|0|1|0
RZ1|201|1|OP17-048|0|48|0|41|0|0|0|0|0
RZ1|CHK|201|1|50|0|0|0|10|0|0|0|1|0
RZ1|202|1|OP17-118|0|44|0|42|0|0|0|0|0
RZ1|CHK|202|1|50|0|0|0|10|0|0|0|1|0
RZ1|203|1|OP17-046|0|47|0|43|0|0|0|0|0
RZ1|CHK|203|1|50|0|0|0|10|0|0|0|1|0
RZ1|204|1|OP17-049|0|45|0|44|0|0|0|0|0
RZ1|CHK|204|1|50|0|0|0|10|0|0|0|1|0
RZ1|205|1|OP17-048|0|48|0|45|0|0|0|0|0
RZ1|CHK|205|1|50|0|0|0|10|0|0|0|1|0
RZ1|206|1|OP17-048|0|49|0|46|0|0|0|0|0
RZ1|CHK|206|1|50|0|0|0|10|0|0|0|1|0
RZ1|207|1|OP17-057|0|48|0|47|0|0|0|0|0
RZ1|CHK|207|1|50|0|0|0|10|0|0|0|1|0
[Karlmalone​#2854] Drew card from deck: Rocks D. Xebec ["OP17-118">OP17-118]
RZ1|208|1|OP17-118|0|49|1|0|1|1|0|0|0
RZ1|CHK|208|1|49|1|0|0|10|0|0|0|1|0
[Karlmalone​#2854] Drew card from deck: Rocks Pirates ["OP17-056">OP17-056]
RZ1|209|1|OP17-056|0|48|1|1|1|1|0|0|0
RZ1|CHK|209|1|48|2|0|0|10|0|0|0|1|0
[Karlmalone​#2854] Drew card from deck: Fullalead ["OP17-057">OP17-057]
RZ1|210|1|OP17-057|0|47|1|2|1|1|0|0|0
RZ1|CHK|210|1|47|3|0|0|10|0|0|0|1|0
[Karlmalone​#2854] Drew card from deck: Shiki ["OP17-048">OP17-048]
RZ1|211|1|OP17-048|0|46|1|3|1|1|0|0|0
RZ1|CHK|211|1|46|4|0|0|10|0|0|0|1|0
[Karlmalone​#2854] Drew card from deck: Shiki ["OP17-048">OP17-048]
RZ1|212|1|OP17-048|0|45|1|4|1|1|0|0|0
RZ1|CHK|212|1|45|5|0|0|10|0|0|0|1|0
RZ1|213|1|OP17-049|0|44|3|0|1|0|0|0|0
RZ1|CHK|213|1|44|5|0|1|10|0|0|0|1|0
RZ1|214|1|OP17-046|0|43|3|1|1|0|0|0|0
RZ1|CHK|214|1|43|5|0|2|10|0|0|0|1|0
RZ1|215|1|OP17-118|0|42|3|2|1|0|0|0|0
RZ1|CHK|215|1|42|5|0|3|10|0|0|0|1|0
RZ1|216|1|OP17-048|0|41|3|3|1|0|0|0|0
RZ1|CHK|216|1|41|5|0|4|10|0|0|0|1|0
RZ1|217|1|OP17-048|0|40|3|4|1|0|0|0|0
RZ1|CHK|217|1|40|5|0|5|10|0|0|0|1|0
[Karlmalone​#2854] Hand after Mulligan: [OP17-118,OP17-056,OP17-057,OP17-048,OP17-048]
[Karlmalone​#2854] Hand: [OP17-118,OP17-056,OP17-057,OP17-048,OP17-048]
[Karlmalone​#2854] Board: []
[Karlmalone​#2854] Trash: []
[Karlmalone​#2854] Life: 5
[yuuki​#80186] Hand: [OP06-058,OP12-057,OP12-057,ST33-003,OP12-044]
[yuuki​#80186] Trash: []
[yuuki​#80186] Board: []
[yuuki​#80186] Life: 5
[Karlmalone​#2854] Mulligan
RZ1|218|1|Don|4|9|5|0|1|1|0|0|0
RZ1|CHK|218|1|40|5|0|5|9|1|0|0|1|0
[Karlmalone​#2854] Draw 1 Don
RZ1|219|1|Don|5|0|5|0|1|1|1|0|0
RZ1|CHK|219|1|40|5|0|5|9|1|0|0|1|0
RZ1|220|1|OP17-057|1|2|7|0|1|1|0|0|0
RZ1|CHK|220|1|40|4|0|5|9|1|0|1|1|0
[Karlmalone​#2854] Deploy Fullalead ["OP17-057">OP17-057]
[Karlmalone​#2854] Hand: [OP17-118,OP17-056,OP17-048,OP17-048]
[Karlmalone​#2854] Board: []
[Karlmalone​#2854] Trash: []
[Karlmalone​#2854] Life: 5
[yuuki​#80186] Hand: [OP06-058,OP12-057,OP12-057,ST33-003,OP12-044]
[yuuki​#80186] Trash: []
[yuuki​#80186] Board: []
[yuuki​#80186] Life: 5
[Karlmalone​#2854] End Turn
[yuuki​#80186] Draw 1 Card
[yuuki​#80186] Drew card from deck: Mr. 3 (Galdino) ["OP16-056">OP16-056]
RZ1|221|2|OP16-056|0|39|1|5|0|1|0|0|0
RZ1|CHK|221|2|39|6|0|5|10|0|0|0|1|0
RZ1|222|2|Don|4|9|5|0|1|1|0|0|0
RZ1|CHK|222|2|39|6|0|5|9|1|0|0|1|0
RZ1|223|2|Don|4|8|5|1|1|1|0|0|0
RZ1|CHK|223|2|39|6|0|5|8|2|0|0|1|0
[yuuki​#80186] Draw 2 Don
[yuuki​#80186] End Turn
[Karlmalone​#2854] Hand: [OP17-118,OP17-056,OP17-048,OP17-048]
[Karlmalone​#2854] Board: []
[Karlmalone​#2854] Trash: []
[Karlmalone​#2854] Life: 5
[yuuki​#80186] Hand: [OP06-058,OP12-057,OP12-057,ST33-003,OP12-044,OP16-056]
[yuuki​#80186] Trash: []
[yuuki​#80186] Board: []
[yuuki​#80186] Life: 5
[Karlmalone​#2854] Drew card from deck: Kyo ["OP17-045">OP17-045]
RZ1|224|1|OP17-045|0|39|1|4|1|1|0|0|0
RZ1|CHK|224|1|39|5|0|5|9|1|0|1|1|0
[Karlmalone​#2854] Draw 1 Card
RZ1|225|1|Don|4|8|5|1|1|1|0|0|0
RZ1|CHK|225|1|39|5|0|5|8|2|0|1|1|0
RZ1|226|1|Don|4|7|5|2|1|1|0|0|0
RZ1|CHK|226|1|39|5|0|5|7|3|0|1|1|0
[Karlmalone​#2854] Draw 2 Don
RZ1|227|1|Don|5|0|5|0|1|1|1|0|0
RZ1|CHK|227|1|39|5|0|5|7|3|0|1|1|0
RZ1|228|1|Don|5|1|5|1|1|1|1|0|0
RZ1|CHK|228|1|39|5|0|5|7|3|0|1|1|0
RZ1|229|1|OP17-045|1|4|2|0|1|1|0|0|0
RZ1|CHK|229|1|39|4|1|5|7|3|0|1|1|0
[Karlmalone​#2854] Drew card from deck: Charlotte Linlin ["OP17-049">OP17-049]
RZ1|230|1|OP17-049|0|38|1|4|1|1|0|0|0
RZ1|CHK|230|1|38|5|1|5|7|3|0|1|1|0
[Karlmalone​#2854] Deploy Kyo ["OP17-045">OP17-045]
[Karlmalone​#2854] Kyo ["OP17-045">OP17-045]: Draw 1 Card
RZ1|231|1|Don|5|2|9|9900|1|1|0|0|0
RZ1|CHK|231|1|38|5|1|5|7|2|0|1|1|1
[Karlmalone​#2854] Attach 1 Don to Rocks D. Xebec ["OP17-039">OP17-039] (1 Total)
[Karlmalone​#2854] Rocks D. Xebec ["OP17-039">OP17-039] attacking Kuzan ["OP12-040">OP12-040]
RZ1|232|1|OP17-048|1|3|6|0|1|1|0|0|0
RZ1|CHK|232|1|38|4|1|5|7|2|1|1|1|1
RZ1|233|1|OP17-049|0|37|0|37|0|0|0|0|0
RZ1|CHK|233|1|38|4|1|5|7|2|1|1|1|1
[Karlmalone​#2854] Rocks D. Xebec ["OP17-039">OP17-039]: Trash Shiki ["OP17-048">OP17-048]
[Karlmalone​#2854] Rocks D. Xebec ["OP17-039">OP17-039] revealed: Charlotte Linlin ["OP17-049">OP17-049]
[Karlmalone​#2854] Drew card from deck: Charlotte Linlin ["OP17-049">OP17-049]
RZ1|234|1|OP17-049|0|37|1|4|1|1|0|0|0
RZ1|CHK|234|1|37|5|1|5|7|2|1|1|1|1
[Karlmalone​#2854] Drew card from deck: There's No Authority in the World ["OP17-055">OP17-055]
RZ1|235|1|OP17-055|0|36|1|5|1|1|0|0|0
RZ1|CHK|235|1|36|6|1|5|7|2|1|1|1|1
[Karlmalone​#2854] Rocks D. Xebec ["OP17-039">OP17-039]: Draw 2 Card
RZ1|236|2|ST33-004|3|4|1|6|0|1|0|0|0
RZ1|CHK|236|2|39|7|0|4|8|2|0|0|1|0
Rocks D. Xebec ["OP17-039">OP17-039][6000] vs Kuzan ["OP12-040">OP12-040][5000]
Kuzan ["OP12-040">OP12-040] hit for 1 damage
[Karlmalone​#2854] Hand: [OP17-118,OP17-056,OP17-048,OP17-049,OP17-049,OP17-055]
[Karlmalone​#2854] Board: [OP17-045]
[Karlmalone​#2854] Trash: [OP17-048]
[Karlmalone​#2854] Life: 5
[yuuki​#80186] Hand: [OP06-058,OP12-057,OP12-057,ST33-003,OP12-044,OP16-056,ST33-004]
[yuuki​#80186] Trash: []
[yuuki​#80186] Board: []
[yuuki​#80186] Life: 4
[Karlmalone​#2854] End Turn
[yuuki​#80186] Draw 1 Card
[yuuki​#80186] Drew card from deck: Ice Block: Pheasant Peck ["OP12-057">OP12-057]
RZ1|237|2|OP12-057|0|38|1|7|0|1|0|0|0
RZ1|CHK|237|2|38|8|0|4|8|2|0|0|1|0
RZ1|238|2|Don|4|7|5|2|1|1|0|0|0
RZ1|CHK|238|2|38|8|0|4|7|3|0|0|1|0
RZ1|239|2|Don|4|6|5|3|1|1|0|0|0
RZ1|CHK|239|2|38|8|0|4|6|4|0|0|1|0
[yuuki​#80186] Draw 2 Don
RZ1|240|2|Don|5|0|5|0|1|1|1|0|0
RZ1|CHK|240|2|38|8|0|4|6|4|0|0|1|0
RZ1|241|2|Don|5|1|5|1|1|1|1|0|0
RZ1|CHK|241|2|38|8|0|4|6|4|0|0|1|0
[yuuki​#80186] Deploy Smoker ["ST33-003">ST33-003]
RZ1|242|2|ST33-003|1|3|2|0|1|1|0|0|0
RZ1|CHK|242|2|38|7|1|4|6|4|0|0|1|0
RZ1|243|2|OP12-057|1|2|6|0|1|1|0|0|0
RZ1|CHK|243|2|38|6|1|4|6|4|1|0|1|0
[yuuki​#80186] Smoker ["ST33-003">ST33-003]: Trash Ice Block: Pheasant Peck ["OP12-057">OP12-057]
[yuuki​#80186] Smoker ["ST33-003">ST33-003]: Send Kyo ["OP17-045">OP17-045] to Deck Bottom
RZ1|244|1|OP17-045|2|0|0|0|0|0|0|0|0
RZ1|CHK|244|1|37|6|0|5|7|2|1|1|1|1
[yuuki​#80186] Drew card from deck: Kuzan ["OP12-043">OP12-043]
RZ1|245|2|OP12-043|0|37|1|6|0|1|0|0|0
RZ1|CHK|245|2|37|7|1|4|6|4|1|0|1|0
[yuuki​#80186] Kuzan ["OP12-040">OP12-040]: Draw 1 Card
[yuuki​#80186] Attach 1 Don to Kuzan ["OP12-040">OP12-040] (1 Total)
RZ1|246|2|Don|5|3|9|9900|1|1|0|0|0
RZ1|CHK|246|2|37|7|1|4|6|3|1|0|1|1
[yuuki​#80186] Attach 1 Don to Kuzan ["OP12-040">OP12-040] (2 Total)
RZ1|247|2|Don|5|2|9|9901|1|1|0|0|0
RZ1|CHK|247|2|37|7|1|4|6|2|1|0|1|2
[yuuki​#80186] Kuzan ["OP12-040">OP12-040] attacking Rocks D. Xebec ["OP17-039">OP17-039]
RZ1|248|1|OP17-048|3|4|1|6|1|1|0|0|0
RZ1|CHK|248|1|37|7|0|4|7|2|1|1|1|1
Kuzan ["OP12-040">OP12-040][7000] vs Rocks D. Xebec ["OP17-039">OP17-039][5000]
Rocks D. Xebec ["OP17-039">OP17-039] hit for 1 damage
[yuuki​#80186] End Turn
[Karlmalone​#2854] Hand: [OP17-118,OP17-056,OP17-048,OP17-049,OP17-049,OP17-055,OP17-048]
[Karlmalone​#2854] Board: []
[Karlmalone​#2854] Trash: [OP17-048]
[Karlmalone​#2854] Life: 4
[yuuki​#80186] Hand: [OP06-058,OP12-057,OP12-044,OP16-056,ST33-004,OP12-057,OP12-043]
[yuuki​#80186] Trash: [OP12-057]
[yuuki​#80186] Board: [ST33-003]
[yuuki​#80186] Life: 4
RZ1|249|1|Don|9|9900|5|0|1|1|1|0|0
RZ1|CHK|249|1|37|7|0|4|7|3|1|1|1|0
[Karlmalone​#2854] Drew card from deck: Gloriosa ["OP17-046">OP17-046]
RZ1|250|1|OP17-046|0|36|1|7|1|1|0|0|0
RZ1|CHK|250|1|36|8|0|4|7|3|1|1|1|0
[Karlmalone​#2854] Draw 1 Card
RZ1|251|1|Don|4|6|5|3|1|1|0|0|0
RZ1|CHK|251|1|36|8|0|4|6|4|1|1|1|0
RZ1|252|1|Don|4|5|5|4|1|1|0|0|0
RZ1|CHK|252|1|36|8|0|4|5|5|1|1|1|0
[Karlmalone​#2854] Draw 2 Don
RZ1|253|1|Don|5|0|5|0|1|1|1|0|0
RZ1|CHK|253|1|36|8|0|4|5|5|1|1|1|0
RZ1|254|1|Don|5|1|5|1|1|1|1|0|0
RZ1|CHK|254|1|36|8|0|4|5|5|1|1|1|0
RZ1|255|1|Don|5|2|5|2|1|1|1|0|0
RZ1|CHK|255|1|36|8|0|4|5|5|1|1|1|0
RZ1|256|1|Don|5|3|5|3|1|1|1|0|0
RZ1|CHK|256|1|36|8|0|4|5|5|1|1|1|0
RZ1|257|1|Don|5|4|5|4|1|1|1|0|0
RZ1|CHK|257|1|36|8|0|4|5|5|1|1|1|0
RZ1|258|1|OP17-049|1|4|2|0|1|1|0|0|0
RZ1|CHK|258|1|36|7|1|4|5|5|1|1|1|0
[Karlmalone​#2854] Deploy Charlotte Linlin ["OP17-049">OP17-049]
[Karlmalone​#2854] Forcing opponent to resolve Card Action!
RZ1|259|2|OP12-043|1|6|6|1|1|1|0|0|0
RZ1|CHK|259|2|37|6|1|4|6|2|2|0|1|2
[yuuki​#80186] Charlotte Linlin ["OP17-049">OP17-049]: Trash Kuzan ["OP12-043">OP12-043]
RZ1|260|2|OP12-057|1|5|6|2|1|1|0|0|0
RZ1|CHK|260|2|37|5|1|4|6|2|3|0|1|2
[yuuki​#80186] Charlotte Linlin ["OP17-049">OP17-049]: Trash Ice Block: Pheasant Peck ["OP12-057">OP12-057]
[Karlmalone​#2854] Rocks D. Xebec ["OP17-039">OP17-039] attacking Kuzan ["OP12-040">OP12-040]
RZ1|261|1|OP17-046|1|6|6|1|1|1|0|0|0
RZ1|CHK|261|1|36|6|1|4|5|5|2|1|1|0
RZ1|262|1|OP17-043|0|35|0|35|0|0|0|0|0
RZ1|CHK|262|1|36|6|1|4|5|5|2|1|1|0
[Karlmalone​#2854] Rocks D. Xebec ["OP17-039">OP17-039]: Trash Gloriosa ["OP17-046">OP17-046]
[Karlmalone​#2854] Rocks D. Xebec ["OP17-039">OP17-039] revealed: Ganzui ["OP17-043">OP17-043]
[Karlmalone​#2854] Drew card from deck: Ganzui ["OP17-043">OP17-043]
RZ1|263|1|OP17-043|0|35|1|6|1|1|0|0|0
RZ1|CHK|263|1|35|7|1|4|5|5|2|1|1|0
[Karlmalone​#2854] Drew card from deck: Ganzui ["OP17-043">OP17-043]
RZ1|264|1|OP17-043|0|34|1|7|1|1|0|0|0
RZ1|CHK|264|1|34|8|1|4|5|5|2|1|1|0
[Karlmalone​#2854] Rocks D. Xebec ["OP17-039">OP17-039]: Draw 2 Card
RZ1|265|2|OP16-056|3|3|1|5|0|1|0|0|0
RZ1|CHK|265|2|37|6|1|3|6|2|3|0|1|2
Rocks D. Xebec ["OP17-039">OP17-039][5000] vs Kuzan ["OP12-040">OP12-040][5000]
Kuzan ["OP12-040">OP12-040] hit for 1 damage
[Karlmalone​#2854] Hand: [OP17-118,OP17-056,OP17-048,OP17-049,OP17-055,OP17-048,OP17-043,OP17-043]
[Karlmalone​#2854] Board: [OP17-049]
[Karlmalone​#2854] Trash: [OP17-048,OP17-046]
[Karlmalone​#2854] Life: 4
[yuuki​#80186] Hand: [OP06-058,OP12-057,OP12-044,OP16-056,ST33-004,OP16-056]
[yuuki​#80186] Trash: [OP12-057,OP12-043,OP12-057]
[yuuki​#80186] Board: [ST33-003]
[yuuki​#80186] Life: 3
RZ1|266|2|Don|9|9900|5|0|1|1|1|0|0
RZ1|CHK|266|2|37|6|1|3|6|3|3|0|1|1
RZ1|267|2|Don|9|9900|5|0|1|1|1|0|0
RZ1|CHK|267|2|37|6|1|3|6|4|3|0|1|0
[Karlmalone​#2854] End Turn
[yuuki​#80186] Draw 1 Card
[yuuki​#80186] Drew card from deck: Issho ["EB04-022">EB04-022]
RZ1|268|2|EB04-022|0|36|1|6|0|1|0|0|0
RZ1|CHK|268|2|36|7|1|3|6|4|3|0|1|0
RZ1|269|2|Don|4|5|5|4|1|1|0|0|0
RZ1|CHK|269|2|36|7|1|3|5|5|3|0|1|0
RZ1|270|2|Don|4|4|5|5|1|1|0|0|0
RZ1|CHK|270|2|36|7|1|3|4|6|3|0|1|0
[yuuki​#80186] Draw 2 Don
RZ1|271|2|Don|5|0|5|0|1|1|1|0|0
RZ1|CHK|271|2|36|7|1|3|4|6|3|0|1|0
RZ1|272|2|Don|5|1|5|1|1|1|1|0|0
RZ1|CHK|272|2|36|7|1|3|4|6|3|0|1|0
RZ1|273|2|Don|5|2|5|2|1|1|1|0|0
RZ1|CHK|273|2|36|7|1|3|4|6|3|0|1|0
RZ1|274|2|Don|5|3|5|3|1|1|1|0|0
RZ1|CHK|274|2|36|7|1|3|4|6|3|0|1|0
RZ1|275|2|Don|5|4|5|4|1|1|1|0|0
RZ1|CHK|275|2|36|7|1|3|4|6|3|0|1|0
[yuuki​#80186] Deploy Issho ["EB04-022">EB04-022]
RZ1|276|2|EB04-022|1|6|2|1|1|1|0|0|0
RZ1|CHK|276|2|36|6|2|3|4|6|3|0|1|0
RZ1|277|2|ST33-004|1|4|6|3|1|1|0|0|0
RZ1|CHK|277|2|36|5|2|3|4|6|4|0|1|0
[yuuki​#80186] Issho ["EB04-022">EB04-022]: Trash Borsalino ["ST33-004">ST33-004]
RZ1|278|2|OP16-056|1|3|6|4|1|1|0|0|0
RZ1|CHK|278|2|36|4|2|3|4|6|5|0|1|0
[yuuki​#80186] Issho ["EB04-022">EB04-022]: Trash Mr. 3 (Galdino) ["OP16-056">OP16-056]
[yuuki​#80186] Forcing opponent to resolve Card Action!
RZ1|279|1|OP17-043|1|7|0|0|0|0|0|0|0
RZ1|CHK|279|1|35|7|1|4|5|5|2|1|1|0
RZ1|280|1|OP17-055|1|4|0|0|0|0|0|0|0
RZ1|CHK|280|1|36|6|1|4|5|5|2|1|1|0
[Karlmalone​#2854] Sent a Card to Deck Bottom
[Karlmalone​#2854] Sent a Card to Deck Bottom
[yuuki​#80186] Drew card from deck: Monkey D. Garp ["ST33-005">ST33-005]
RZ1|281|2|ST33-005|0|35|1|4|0|1|0|0|0
RZ1|CHK|281|2|35|5|2|3|4|6|5|0|1|0
[yuuki​#80186] Kuzan ["OP12-040">OP12-040]: Draw 1 Card
[yuuki​#80186] Drew card from deck: Issho ["EB04-022">EB04-022]
RZ1|282|2|EB04-022|0|34|1|5|0|1|0|0|0
RZ1|CHK|282|2|34|6|2|3|4|6|5|0|1|0
[yuuki​#80186] Kuzan ["OP12-040">OP12-040]: Draw 1 Card
[yuuki​#80186] Kuzan ["OP12-040">OP12-040] attacking Rocks D. Xebec ["OP17-039">OP17-039]
RZ1|283|1|OP17-043|1|5|6|2|1|1|0|0|0
RZ1|CHK|283|1|36|5|1|4|5|5|3|1|1|0
[Karlmalone​#2854] Fullalead ["OP17-057">OP17-057]: Rest Fullalead ["OP17-057">OP17-057]
[Karlmalone​#2854] Fullalead ["OP17-057">OP17-057]: Trash Ganzui ["OP17-043">OP17-043]
[Karlmalone​#2854] Fullalead ["OP17-057">OP17-057]: Buff Rocks D. Xebec ["OP17-039">OP17-039] 1000 for the Combat
Kuzan ["OP12-040">OP12-040][5000] vs Rocks D. Xebec ["OP17-039">OP17-039][6000]
Attack Fails
[yuuki​#80186] End Turn
[Karlmalone​#2854] Hand: [OP17-118,OP17-056,OP17-048,OP17-049,OP17-048]
[Karlmalone​#2854] Board: [OP17-049]
[Karlmalone​#2854] Trash: [OP17-048,OP17-046,OP17-043]
[Karlmalone​#2854] Life: 4
[yuuki​#80186] Hand: [OP06-058,OP12-057,OP12-044,OP16-056,ST33-005,EB04-022]
[yuuki​#80186] Trash: [OP12-057,OP12-043,OP12-057,ST33-004,OP16-056]
[yuuki​#80186] Board: [ST33-003,EB04-022]
[yuuki​#80186] Life: 3
[Karlmalone​#2854] Drew card from deck: Fullalead ["OP17-057">OP17-057]
RZ1|284|1|OP17-057|0|35|1|5|1|1|0|0|0
RZ1|CHK|284|1|35|6|1|4|5|5|3|1|1|0
[Karlmalone​#2854] Draw 1 Card
RZ1|285|1|Don|4|4|5|5|1|1|0|0|0
RZ1|CHK|285|1|35|6|1|4|4|6|3|1|1|0
RZ1|286|1|Don|4|3|5|6|1|1|0|0|0
RZ1|CHK|286|1|35|6|1|4|3|7|3|1|1|0
[Karlmalone​#2854] Draw 2 Don
RZ1|287|1|Don|5|0|5|0|1|1|1|0|0
RZ1|CHK|287|1|35|6|1|4|3|7|3|1|1|0
RZ1|288|1|Don|5|1|5|1|1|1|1|0|0
RZ1|CHK|288|1|35|6|1|4|3|7|3|1|1|0
RZ1|289|1|Don|5|2|5|2|1|1|1|0|0
RZ1|CHK|289|1|35|6|1|4|3|7|3|1|1|0
RZ1|290|1|Don|5|3|5|3|1|1|1|0|0
RZ1|CHK|290|1|35|6|1|4|3|7|3|1|1|0
RZ1|291|1|Don|5|4|5|4|1|1|1|0|0
RZ1|CHK|291|1|35|6|1|4|3|7|3|1|1|0
RZ1|292|1|OP17-049|1|3|2|1|1|1|0|0|0
RZ1|CHK|292|1|35|5|2|4|3|7|3|1|1|0
[Karlmalone​#2854] Deploy Charlotte Linlin ["OP17-049">OP17-049]
[Karlmalone​#2854] Forcing opponent to resolve Card Action!
[yuuki​#80186] Forcing opponent to resolve Card Action!
[Karlmalone​#2854] Drew card from deck: There's No Authority in the World ["OP17-055">OP17-055]
RZ1|293|1|OP17-055|0|34|1|5|1|1|0|0|0
RZ1|CHK|293|1|34|6|2|4|3|7|3|1|1|0
[Karlmalone​#2854] Drew card from deck: Streusen ["OP17-050">OP17-050]
RZ1|294|1|OP17-050|0|33|1|6|1|1|0|0|0
RZ1|CHK|294|1|33|7|2|4|3|7|3|1|1|0
[Karlmalone​#2854] Charlotte Linlin ["OP17-049">OP17-049]: Draw 2 Card
RZ1|295|1|Don|5|5|5|5|1|1|1|0|0
RZ1|CHK|295|1|33|7|2|4|3|7|3|1|1|0
RZ1|296|1|OP17-050|1|6|2|2|1|1|0|0|0
RZ1|CHK|296|1|33|6|3|4|3|7|3|1|1|0
[Karlmalone​#2854] Deploy Streusen ["OP17-050">OP17-050]
[Karlmalone​#2854] Placing Cards on Top of Deck
RZ1|297|1|OP17-054|0|31|0|32|0|0|0|0|0
RZ1|CHK|297|1|33|6|3|4|3|7|3|1|1|0
RZ1|298|1|OP17-054|0|31|0|32|0|0|0|0|0
RZ1|CHK|298|1|33|6|3|4|3|7|3|1|1|0
[Karlmalone​#2854] Drew card from deck: Stussy ["OP17-054">OP17-054]
RZ1|299|1|OP17-054|0|32|1|6|1|1|0|0|0
RZ1|CHK|299|1|32|7|3|4|3|7|3|1|1|0
[Karlmalone​#2854] Streusen ["OP17-050">OP17-050]: Draw 1 Card
[Karlmalone​#2854] Charlotte Linlin ["OP17-049">OP17-049] attacking Kuzan ["OP12-040">OP12-040]
[yuuki​#80186] Ice Block: Pheasant Peck ["OP12-057">OP12-057]: Activate Counter
[yuuki​#80186] Ice Block: Pheasant Peck ["OP12-057">OP12-057]: Rest 1 Don
RZ1|300|2|Don|5|5|5|5|1|1|1|0|0
RZ1|CHK|300|2|34|6|2|3|4|6|5|0|1|0
RZ1|301|2|OP12-057|1|1|6|5|1|1|0|0|0
RZ1|CHK|301|2|34|5|2|3|4|6|6|0|1|0
[yuuki​#80186] Ice Block: Pheasant Peck ["OP12-057">OP12-057]: Buff Kuzan ["OP12-040">OP12-040] 4000 for the Combat
RZ1|302|2|EB04-022|1|4|6|6|1|1|0|0|0
RZ1|CHK|302|2|34|4|2|3|4|6|7|0|1|0
[yuuki​#80186] Ice Block: Pheasant Peck ["OP12-057">OP12-057]: Trash Issho ["EB04-022">EB04-022]
[yuuki​#80186] Drew card from deck: Tashigi ["OP06-050">OP06-050]
RZ1|303|2|OP06-050|0|33|1|4|0|1|0|0|0
RZ1|CHK|303|2|33|5|2|3|4|6|7|0|1|0
[yuuki​#80186] Kuzan ["OP12-040">OP12-040]: Draw 1 Card
Charlotte Linlin ["OP17-049">OP17-049][7000] vs Kuzan ["OP12-040">OP12-040][9000]
Attack Fails
RZ1|304|1|Don|5|6|9|9900|1|1|0|0|0
RZ1|CHK|304|1|32|7|3|4|3|6|3|1|1|1
[Karlmalone​#2854] Attach 1 Don to Rocks D. Xebec ["OP17-039">OP17-039] (1 Total)
[Karlmalone​#2854] Rocks D. Xebec ["OP17-039">OP17-039] attacking Kuzan ["OP12-040">OP12-040]
RZ1|305|1|OP17-057|1|4|6|3|1|1|0|0|0
RZ1|CHK|305|1|32|6|3|4|3|6|4|1|1|1
RZ1|306|1|OP17-054|0|31|0|31|0|0|0|0|0
RZ1|CHK|306|1|32|6|3|4|3|6|4|1|1|1
[Karlmalone​#2854] Rocks D. Xebec ["OP17-039">OP17-039]: Trash Fullalead ["OP17-057">OP17-057]
[Karlmalone​#2854] Rocks D. Xebec ["OP17-039">OP17-039] revealed: Stussy ["OP17-054">OP17-054]
[Karlmalone​#2854] Drew card from deck: Stussy ["OP17-054">OP17-054]
RZ1|307|1|OP17-054|0|31|1|6|1|1|0|0|0
RZ1|CHK|307|1|31|7|3|4|3|6|4|1|1|1
[Karlmalone​#2854] Drew card from deck: Rocks Pirates ["OP17-056">OP17-056]
RZ1|308|1|OP17-056|0|30|1|7|1|1|0|0|0
RZ1|CHK|308|1|30|8|3|4|3|6|4|1|1|1
[Karlmalone​#2854] Rocks D. Xebec ["OP17-039">OP17-039]: Draw 2 Card
RZ1|309|2|ST33-005|3|2|1|5|0|1|0|0|0
RZ1|CHK|309|2|33|6|2|2|4|6|7|0|1|0
Rocks D. Xebec ["OP17-039">OP17-039][6000] vs Kuzan ["OP12-040">OP12-040][5000]
Kuzan ["OP12-040">OP12-040] hit for 1 damage
[Karlmalone​#2854] Hand: [OP17-118,OP17-056,OP17-048,OP17-048,OP17-055,OP17-054,OP17-054,OP17-056]
[Karlmalone​#2854] Board: [OP17-049,OP17-049,OP17-050]
[Karlmalone​#2854] Trash: [OP17-048,OP17-046,OP17-043,OP17-057]
[Karlmalone​#2854] Life: 4
[yuuki​#80186] Hand: [OP06-058,OP12-044,OP16-056,ST33-005,OP06-050,ST33-005]
[yuuki​#80186] Trash: [OP12-057,OP12-043,OP12-057,ST33-004,OP16-056,OP12-057,EB04-022]
[yuuki​#80186] Board: [ST33-003,EB04-022]
[yuuki​#80186] Life: 2
[Karlmalone​#2854] End Turn
[yuuki​#80186] Draw 1 Card
[yuuki​#80186] Drew card from deck: Ice Time ["EB04-028">EB04-028]
RZ1|310|2|EB04-028|0|32|1|6|0|1|0|0|0
RZ1|CHK|310|2|32|7|2|2|4|6|7|0|1|0
RZ1|311|2|Don|4|3|5|6|1|1|0|0|0
RZ1|CHK|311|2|32|7|2|2|3|7|7|0|1|0
RZ1|312|2|Don|4|2|5|7|1|1|0|0|0
RZ1|CHK|312|2|32|7|2|2|2|8|7|0|1|0
[yuuki​#80186] Draw 2 Don
[yuuki​#80186] Gravity Blade Raging Tiger ["OP06-058">OP06-058]: Rest 7 Don
RZ1|313|2|Don|5|0|5|0|1|1|1|0|0
RZ1|CHK|313|2|32|7|2|2|2|8|7|0|1|0
RZ1|314|2|Don|5|1|5|1|1|1|1|0|0
RZ1|CHK|314|2|32|7|2|2|2|8|7|0|1|0
RZ1|315|2|Don|5|2|5|2|1|1|1|0|0
RZ1|CHK|315|2|32|7|2|2|2|8|7|0|1|0
RZ1|316|2|Don|5|3|5|3|1|1|1|0|0
RZ1|CHK|316|2|32|7|2|2|2|8|7|0|1|0
RZ1|317|2|Don|5|4|5|4|1|1|1|0|0
RZ1|CHK|317|2|32|7|2|2|2|8|7|0|1|0
RZ1|318|2|Don|5|5|5|5|1|1|1|0|0
RZ1|CHK|318|2|32|7|2|2|2|8|7|0|1|0
RZ1|319|2|Don|5|6|5|6|1|1|1|0|0
RZ1|CHK|319|2|32|7|2|2|2|8|7|0|1|0
RZ1|320|2|OP06-058|1|0|6|7|1|1|0|0|0
RZ1|CHK|320|2|32|6|2|2|2|8|8|0|1|0
[yuuki​#80186] Gravity Blade Raging Tiger ["OP06-058">OP06-058]: Send Charlotte Linlin ["OP17-049">OP17-049] to Deck Bottom
[yuuki​#80186] Gravity Blade Raging Tiger ["OP06-058">OP06-058]: Send Charlotte Linlin ["OP17-049">OP17-049] to Deck Bottom
RZ1|321|1|OP17-049|2|0|0|0|0|0|1|0|0
RZ1|CHK|321|1|31|8|2|4|3|6|4|1|1|1
RZ1|322|1|OP17-049|2|0|0|0|0|0|0|0|0
RZ1|CHK|322|1|32|8|1|4|3|6|4|1|1|1
[yuuki​#80186] Kuzan ["OP12-040">OP12-040] attacking Rocks D. Xebec ["OP17-039">OP17-039]
RZ1|323|1|OP17-054|1|6|6|4|1|1|0|0|0
RZ1|CHK|323|1|32|7|1|4|3|6|5|1|1|1
[Karlmalone​#2854] Fullalead ["OP17-057">OP17-057]: Rest Fullalead ["OP17-057">OP17-057]
[Karlmalone​#2854] Fullalead ["OP17-057">OP17-057]: Trash Stussy ["OP17-054">OP17-054]
[Karlmalone​#2854] Fullalead ["OP17-057">OP17-057]: Buff Rocks D. Xebec ["OP17-039">OP17-039] 1000 for the Combat
Kuzan ["OP12-040">OP12-040][5000] vs Rocks D. Xebec ["OP17-039">OP17-039][6000]
Attack Fails
[yuuki​#80186] Issho ["EB04-022">EB04-022] attacking Rocks D. Xebec ["OP17-039">OP17-039]
RZ1|324|1|OP17-048|3|3|1|7|1|1|0|0|0
RZ1|CHK|324|1|32|8|1|3|3|6|5|1|1|1
Issho ["EB04-022">EB04-022][7000] vs Rocks D. Xebec ["OP17-039">OP17-039][5000]
Rocks D. Xebec ["OP17-039">OP17-039] hit for 1 damage
[yuuki​#80186] End Turn
[Karlmalone​#2854] Hand: [OP17-118,OP17-056,OP17-048,OP17-048,OP17-055,OP17-054,OP17-056,OP17-048]
[Karlmalone​#2854] Board: [OP17-050]
[Karlmalone​#2854] Trash: [OP17-048,OP17-046,OP17-043,OP17-057,OP17-054]
[Karlmalone​#2854] Life: 3
[yuuki​#80186] Hand: [OP12-044,OP16-056,ST33-005,OP06-050,ST33-005,EB04-028]
[yuuki​#80186] Trash: [OP12-057,OP12-043,OP12-057,ST33-004,OP16-056,OP12-057,EB04-022,OP06-058]
[yuuki​#80186] Board: [ST33-003,EB04-022]
[yuuki​#80186] Life: 2
RZ1|325|1|Don|9|9900|5|0|1|1|1|0|0
RZ1|CHK|325|1|32|8|1|3|3|7|5|1|1|0
[Karlmalone​#2854] Drew card from deck: Captain John ["OP17-044">OP17-044]
RZ1|326|1|OP17-044|0|31|1|8|1|1|0|0|0
RZ1|CHK|326|1|31|9|1|3|3|7|5|1|1|0
[Karlmalone​#2854] Draw 1 Card
RZ1|327|1|Don|4|2|5|7|1|1|0|0|0
RZ1|CHK|327|1|31|9|1|3|2|8|5|1|1|0
RZ1|328|1|Don|4|1|5|8|1|1|0|0|0
RZ1|CHK|328|1|31|9|1|3|1|9|5|1|1|0
[Karlmalone​#2854] Draw 2 Don
RZ1|329|1|Don|5|0|5|0|1|1|1|0|0
RZ1|CHK|329|1|31|9|1|3|1|9|5|1|1|0
RZ1|330|1|Don|5|1|5|1|1|1|1|0|0
RZ1|CHK|330|1|31|9|1|3|1|9|5|1|1|0
RZ1|331|1|Don|5|2|5|2|1|1|1|0|0
RZ1|CHK|331|1|31|9|1|3|1|9|5|1|1|0
RZ1|332|1|Don|5|3|5|3|1|1|1|0|0
RZ1|CHK|332|1|31|9|1|3|1|9|5|1|1|0
RZ1|333|1|Don|5|4|5|4|1|1|1|0|0
RZ1|CHK|333|1|31|9|1|3|1|9|5|1|1|0
RZ1|334|1|Don|5|5|5|5|1|1|1|0|0
RZ1|CHK|334|1|31|9|1|3|1|9|5|1|1|0
RZ1|335|1|Don|5|6|5|6|1|1|1|0|0
RZ1|CHK|335|1|31|9|1|3|1|9|5|1|1|0
RZ1|336|1|OP17-048|1|2|2|1|1|1|0|0|0
RZ1|CHK|336|1|31|8|2|3|1|9|5|1|1|0
[Karlmalone​#2854] Deploy Shiki ["OP17-048">OP17-048]
[Karlmalone​#2854] Shiki ["OP17-048">OP17-048] attacking Issho ["EB04-022">EB04-022]
RZ1|337|1|OP17-048|1|6|6|5|1|1|0|0|0
RZ1|CHK|337|1|31|7|2|3|1|9|6|1|1|0
[Karlmalone​#2854] Shiki ["OP17-048">OP17-048]: Trash Shiki ["OP17-048">OP17-048]
[Karlmalone​#2854] Shiki ["OP17-048">OP17-048]: Buff Issho ["EB04-022">EB04-022] -3000
RZ1|338|2|EB04-022|2|1|6|8|1|1|0|0|0
RZ1|CHK|338|2|32|6|1|2|2|8|9|0|1|0
Shiki ["OP17-048">OP17-048][9000] vs Issho ["EB04-022">EB04-022][4000]
[yuuki​#80186] Issho ["EB04-022">EB04-022] Destroyed
RZ1|339|1|Don|5|8|9|9900|1|1|0|0|0
RZ1|CHK|339|1|31|7|2|3|1|8|6|1|1|1
[Karlmalone​#2854] Attach 1 Don to Rocks D. Xebec ["OP17-039">OP17-039] (1 Total)
RZ1|340|1|Don|5|7|9|9901|1|1|0|0|0
RZ1|CHK|340|1|31|7|2|3|1|7|6|1|1|2
[Karlmalone​#2854] Attach 1 Don to Rocks D. Xebec ["OP17-039">OP17-039] (2 Total)
[Karlmalone​#2854] Rocks D. Xebec ["OP17-039">OP17-039] attacking Kuzan ["OP12-040">OP12-040]
RZ1|341|1|OP17-044|1|6|6|6|1|1|0|0|0
RZ1|CHK|341|1|31|6|2|3|1|7|7|1|1|2
RZ1|342|1|OP17-056|0|30|0|30|0|0|0|0|0
RZ1|CHK|342|1|31|6|2|3|1|7|7|1|1|2
[Karlmalone​#2854] Rocks D. Xebec ["OP17-039">OP17-039]: Trash Captain John ["OP17-044">OP17-044]
[Karlmalone​#2854] Rocks D. Xebec ["OP17-039">OP17-039] revealed: Rocks Pirates ["OP17-056">OP17-056]
[Karlmalone​#2854] Drew card from deck: Rocks Pirates ["OP17-056">OP17-056]
RZ1|343|1|OP17-056|0|30|1|6|1|1|0|0|0
RZ1|CHK|343|1|30|7|2|3|1|7|7|1|1|2
[Karlmalone​#2854] Drew card from deck: Kyo ["OP17-045">OP17-045]
RZ1|344|1|OP17-045|0|29|1|7|1|1|0|0|0
RZ1|CHK|344|1|29|8|2|3|1|7|7|1|1|2
[Karlmalone​#2854] Rocks D. Xebec ["OP17-039">OP17-039]: Draw 2 Card
RZ1|345|2|OP12-044|3|1|1|6|0|1|0|0|0
RZ1|CHK|345|2|32|7|1|1|2|8|9|0|1|0
Rocks D. Xebec ["OP17-039">OP17-039][7000] vs Kuzan ["OP12-040">OP12-040][5000]
Kuzan ["OP12-040">OP12-040] hit for 1 damage
[Karlmalone​#2854] Hand: [OP17-118,OP17-056,OP17-048,OP17-055,OP17-054,OP17-056,OP17-056,OP17-045]
[Karlmalone​#2854] Board: [OP17-050,OP17-048]
[Karlmalone​#2854] Trash: [OP17-048,OP17-046,OP17-043,OP17-057,OP17-054,OP17-048,OP17-044]
[Karlmalone​#2854] Life: 3
[yuuki​#80186] Hand: [OP12-044,OP16-056,ST33-005,OP06-050,ST33-005,EB04-028,OP12-044]
[yuuki​#80186] Trash: [OP12-057,OP12-043,OP12-057,ST33-004,OP16-056,OP12-057,EB04-022,OP06-058,EB04-022]
[yuuki​#80186] Board: [ST33-003]
[yuuki​#80186] Life: 1
[Karlmalone​#2854] End Turn
[yuuki​#80186] Draw 1 Card
[yuuki​#80186] Drew card from deck: Ice Time ["EB04-028">EB04-028]
RZ1|346|2|EB04-028|0|31|1|7|0|1|0|0|0
RZ1|CHK|346|2|31|8|1|1|2|8|9|0|1|0
RZ1|347|2|Don|4|1|5|8|1|1|0|0|0
RZ1|CHK|347|2|31|8|1|1|1|9|9|0|1|0
RZ1|348|2|Don|4|0|5|9|1|1|0|0|0
RZ1|CHK|348|2|31|8|1|1|0|10|9|0|1|0
[yuuki​#80186] Draw 2 Don
RZ1|349|2|Don|5|0|5|0|1|1|1|0|0
RZ1|CHK|349|2|31|8|1|1|0|10|9|0|1|0
RZ1|350|2|Don|5|1|5|1|1|1|1|0|0
RZ1|CHK|350|2|31|8|1|1|0|10|9|0|1|0
RZ1|351|2|Don|5|2|5|2|1|1|1|0|0
RZ1|CHK|351|2|31|8|1|1|0|10|9|0|1|0
RZ1|352|2|Don|5|3|5|3|1|1|1|0|0
RZ1|CHK|352|2|31|8|1|1|0|10|9|0|1|0
[yuuki​#80186] Deploy Mr. 3 (Galdino) ["OP16-056">OP16-056]
RZ1|353|2|OP16-056|1|1|2|1|1|1|0|0|0
RZ1|CHK|353|2|31|7|2|1|0|10|9|0|1|0
RZ1|354|2|OP16-056|2|1|6|9|1|1|0|0|0
RZ1|CHK|354|2|31|7|1|1|0|10|10|0|1|0
[yuuki​#80186] Mr. 3 (Galdino) ["OP16-056">OP16-056]: Trash Mr. 3 (Galdino) ["OP16-056">OP16-056]
[yuuki​#80186] Drew card from deck: Tashigi ["OP06-050">OP06-050]
RZ1|355|2|OP06-050|0|30|1|7|0|1|0|0|0
RZ1|CHK|355|2|30|8|1|1|0|10|10|0|1|0
[yuuki​#80186] Drew card from deck: Smoker ["ST33-003">ST33-003]
RZ1|356|2|ST33-003|0|29|1|8|0|1|0|0|0
RZ1|CHK|356|2|29|9|1|1|0|10|10|0|1|0
[yuuki​#80186] Mr. 3 (Galdino) ["OP16-056">OP16-056]: Draw 2 Card
[yuuki​#80186] Mr. 3 (Galdino) ["OP16-056">OP16-056]: Shiki ["OP17-048">OP17-048] can't attack next turn
RZ1|357|2|Don|5|4|5|4|1|1|1|0|0
RZ1|CHK|357|2|29|9|1|1|0|10|10|0|1|0
RZ1|358|2|Don|5|5|5|5|1|1|1|0|0
RZ1|CHK|358|2|29|9|1|1|0|10|10|0|1|0
RZ1|359|2|Don|5|6|5|6|1|1|1|0|0
RZ1|CHK|359|2|29|9|1|1|0|10|10|0|1|0
RZ1|360|2|Don|5|7|5|7|1|1|1|0|0
RZ1|CHK|360|2|29|9|1|1|0|10|10|0|1|0
RZ1|361|2|Don|5|8|5|8|1|1|1|0|0
RZ1|CHK|361|2|29|9|1|1|0|10|10|0|1|0
RZ1|362|2|Don|5|9|5|9|1|1|1|0|0
RZ1|CHK|362|2|29|9|1|1|0|10|10|0|1|0
[yuuki​#80186] Deploy Monkey D. Garp ["ST33-005">ST33-005]
RZ1|363|2|ST33-005|1|3|2|1|1|1|0|0|0
RZ1|CHK|363|2|29|8|2|1|0|10|10|0|1|0
RZ1|364|2|OP12-044|1|4|2|2|1|1|0|0|0
RZ1|CHK|364|2|29|7|3|1|0|10|10|0|1|0
[yuuki​#80186] Monkey D. Garp ["ST33-005">ST33-005]: Deploy Sakazuki ["OP12-044">OP12-044]
[yuuki​#80186] Drew card from deck: Borsalino ["ST33-004">ST33-004]
RZ1|365|2|ST33-004|0|28|1|7|0|1|0|0|0
RZ1|CHK|365|2|28|8|3|1|0|10|10|0|1|0
[yuuki​#80186] Drew card from deck: Borsalino ["ST33-004">ST33-004]
RZ1|366|2|ST33-004|0|27|1|8|0|1|0|0|0
RZ1|CHK|366|2|27|9|3|1|0|10|10|0|1|0
[yuuki​#80186] Sakazuki ["OP12-044">OP12-044]: Draw 2 Card
RZ1|367|2|EB04-028|1|3|6|10|1|1|0|0|0
RZ1|CHK|367|2|27|8|3|1|0|10|11|0|1|0
[yuuki​#80186] Sakazuki ["OP12-044">OP12-044]: Trash Ice Time ["EB04-028">EB04-028]
[yuuki​#80186] Sakazuki ["OP12-044">OP12-044]: Attach 1 Rested Don to Kuzan ["OP12-040">OP12-040]
RZ1|368|2|Don|5|0|9|9900|1|1|1|0|0
RZ1|CHK|368|2|27|8|3|1|0|9|11|0|1|1
[yuuki​#80186] Drew card from deck: Hina ["OP12-051">OP12-051]
RZ1|369|2|OP12-051|0|26|1|8|0|1|0|0|0
RZ1|CHK|369|2|26|9|3|1|0|9|11|0|1|1
[yuuki​#80186] Kuzan ["OP12-040">OP12-040]: Draw 1 Card
[yuuki​#80186] Kuzan ["OP12-040">OP12-040] attacking Rocks D. Xebec ["OP17-039">OP17-039]
RZ1|370|1|OP17-056|1|6|6|7|1|1|0|0|0
RZ1|CHK|370|1|29|7|2|3|1|7|8|1|1|2
[Karlmalone​#2854] Rocks Pirates ["OP17-056">OP17-056]: Activate Counter
[Karlmalone​#2854] Rocks Pirates ["OP17-056">OP17-056]: Buff Rocks D. Xebec ["OP17-039">OP17-039] 2000 for the Combat
Kuzan ["OP12-040">OP12-040][6000] vs Rocks D. Xebec ["OP17-039">OP17-039][7000]
Attack Fails
[yuuki​#80186] End Turn
[Karlmalone​#2854] Hand: [OP17-118,OP17-056,OP17-048,OP17-055,OP17-054,OP17-056,OP17-045]
[Karlmalone​#2854] Board: [OP17-050,OP17-048]
[Karlmalone​#2854] Trash: [OP17-048,OP17-046,OP17-043,OP17-057,OP17-054,OP17-048,OP17-044,OP17-056]
[Karlmalone​#2854] Life: 3
[yuuki​#80186] Hand: [OP12-044,ST33-005,OP06-050,EB04-028,OP06-050,ST33-003,ST33-004,ST33-004,OP12-051]
[yuuki​#80186] Trash: [OP12-057,OP12-043,OP12-057,ST33-004,OP16-056,OP12-057,EB04-022,OP06-058,EB04-022,OP16-056,EB04-028]
[yuuki​#80186] Board: [ST33-003,ST33-005,OP12-044]
[yuuki​#80186] Life: 1
RZ1|371|1|Don|9|9900|5|0|1|1|1|0|0
RZ1|CHK|371|1|29|7|2|3|1|8|8|1|1|1
RZ1|372|1|Don|9|9900|5|0|1|1|1|0|0
RZ1|CHK|372|1|29|7|2|3|1|9|8|1|1|0
[Karlmalone​#2854] Drew card from deck: Barbell ["OP17-053">OP17-053]
RZ1|373|1|OP17-053|0|28|1|7|1|1|0|0|0
RZ1|CHK|373|1|28|8|2|3|1|9|8|1|1|0
[Karlmalone​#2854] Draw 1 Card
RZ1|374|1|Don|4|0|5|9|1|1|0|0|0
RZ1|CHK|374|1|28|8|2|3|0|10|8|1|1|0
[Karlmalone​#2854] Draw 2 Don
RZ1|375|1|Don|5|0|5|0|1|1|1|0|0
RZ1|CHK|375|1|28|8|2|3|0|10|8|1|1|0
RZ1|376|1|Don|5|1|5|1|1|1|1|0|0
RZ1|CHK|376|1|28|8|2|3|0|10|8|1|1|0
RZ1|377|1|Don|5|2|5|2|1|1|1|0|0
RZ1|CHK|377|1|28|8|2|3|0|10|8|1|1|0
RZ1|378|1|Don|5|3|5|3|1|1|1|0|0
RZ1|CHK|378|1|28|8|2|3|0|10|8|1|1|0
RZ1|379|1|Don|5|4|5|4|1|1|1|0|0
RZ1|CHK|379|1|28|8|2|3|0|10|8|1|1|0
RZ1|380|1|Don|5|5|5|5|1|1|1|0|0
RZ1|CHK|380|1|28|8|2|3|0|10|8|1|1|0
RZ1|381|1|Don|5|6|5|6|1|1|1|0|0
RZ1|CHK|381|1|28|8|2|3|0|10|8|1|1|0
RZ1|382|1|Don|5|7|5|7|1|1|1|0|0
RZ1|CHK|382|1|28|8|2|3|0|10|8|1|1|0
RZ1|383|1|Don|5|8|5|8|1|1|1|0|0
RZ1|CHK|383|1|28|8|2|3|0|10|8|1|1|0
RZ1|384|1|Don|5|9|5|9|1|1|1|0|0
RZ1|CHK|384|1|28|8|2|3|0|10|8|1|1|0
RZ1|385|1|OP17-118|1|0|2|2|1|1|0|0|0
RZ1|CHK|385|1|28|7|3|3|0|10|8|1|1|0
[Karlmalone​#2854] Drew card from deck: Don Marlon ["OP17-052">OP17-052]
RZ1|386|1|OP17-052|0|27|1|7|1|1|0|0|0
RZ1|CHK|386|1|27|8|3|3|0|10|8|1|1|0
[Karlmalone​#2854] Deploy Rocks D. Xebec ["OP17-118">OP17-118]
[Karlmalone​#2854] Rocks D. Xebec ["OP17-118">OP17-118]: Draw 1 Card
RZ1|387|1|OP17-048|1|1|2|3|1|1|0|0|0
RZ1|CHK|387|1|27|7|4|3|0|10|8|1|1|0
[Karlmalone​#2854] Rocks D. Xebec ["OP17-118">OP17-118]: Deploy Shiki ["OP17-048">OP17-048]
RZ1|388|1|OP17-045|1|4|2|4|1|1|0|0|0
RZ1|CHK|388|1|27|6|5|3|0|10|8|1|1|0
[Karlmalone​#2854] Drew card from deck: Charlotte Linlin ["OP17-049">OP17-049]
RZ1|389|1|OP17-049|0|26|1|6|1|1|0|0|0
RZ1|CHK|389|1|26|7|5|3|0|10|8|1|1|0
[Karlmalone​#2854] Rocks D. Xebec ["OP17-118">OP17-118]: Deploy Kyo ["OP17-045">OP17-045]
[Karlmalone​#2854] Kyo ["OP17-045">OP17-045]: Draw 1 Card
[Karlmalone​#2854] Rocks D. Xebec ["OP17-039">OP17-039] attacking Kuzan ["OP12-040">OP12-040]
RZ1|390|1|OP17-052|1|5|6|8|1|1|0|0|0
RZ1|CHK|390|1|26|6|5|3|0|10|9|1|1|0
RZ1|391|1|OP17-055|0|25|0|25|0|0|0|0|0
RZ1|CHK|391|1|26|6|5|3|0|10|9|1|1|0
[Karlmalone​#2854] Rocks D. Xebec ["OP17-039">OP17-039]: Trash Don Marlon ["OP17-052">OP17-052]
[Karlmalone​#2854] Rocks D. Xebec ["OP17-039">OP17-039] revealed: There's No Authority in the World ["OP17-055">OP17-055]
[Karlmalone​#2854] Drew card from deck: There's No Authority in the World ["OP17-055">OP17-055]
RZ1|392|1|OP17-055|0|25|1|6|1|1|0|0|0
RZ1|CHK|392|1|25|7|5|3|0|10|9|1|1|0
[Karlmalone​#2854] Drew card from deck: Rocks Pirates ["OP17-056">OP17-056]
RZ1|393|1|OP17-056|0|24|1|7|1|1|0|0|0
RZ1|CHK|393|1|24|8|5|3|0|10|9|1|1|0
[Karlmalone​#2854] Rocks D. Xebec ["OP17-039">OP17-039]: Draw 2 Card
[yuuki​#80186] Discard Tashigi ["OP06-050">OP06-050] for Counter 1000
RZ1|394|2|OP06-050|1|4|6|11|1|1|0|0|0
RZ1|CHK|394|2|26|8|3|1|0|9|12|0|1|1
Rocks D. Xebec ["OP17-039">OP17-039][5000] vs Kuzan ["OP12-040">OP12-040][6000]
Attack Fails
[Karlmalone​#2854] Hand: [OP17-056,OP17-055,OP17-054,OP17-056,OP17-053,OP17-049,OP17-055,OP17-056]
[Karlmalone​#2854] Board: [OP17-050,OP17-048,OP17-118,OP17-048,OP17-045]
[Karlmalone​#2854] Trash: [OP17-048,OP17-046,OP17-043,OP17-057,OP17-054,OP17-048,OP17-044,OP17-056,OP17-052]
[Karlmalone​#2854] Life: 3
[yuuki​#80186] Hand: [OP12-044,ST33-005,OP06-050,EB04-028,ST33-003,ST33-004,ST33-004,OP12-051]
[yuuki​#80186] Trash: [OP12-057,OP12-043,OP12-057,ST33-004,OP16-056,OP12-057,EB04-022,OP06-058,EB04-022,OP16-056,EB04-028,OP06-050]
[yuuki​#80186] Board: [ST33-003,ST33-005,OP12-044]
[yuuki​#80186] Life: 1
RZ1|395|2|Don|9|9900|5|0|1|1|1|0|0
RZ1|CHK|395|2|26|8|3|1|0|10|12|0|1|0
[Karlmalone​#2854] Shiki ["OP17-048">OP17-048] is no longer blocked from attacking
[Karlmalone​#2854] End Turn
[yuuki​#80186] Draw 1 Card
[yuuki​#80186] Drew card from deck: Mr. 3 (Galdino) ["OP16-056">OP16-056]
RZ1|396|2|OP16-056|0|25|1|8|0|1|0|0|0
RZ1|CHK|396|2|25|9|3|1|0|10|12|0|1|0
[yuuki​#80186] Ice Time ["EB04-028">EB04-028]: Rest 5 Don
RZ1|397|2|Don|5|0|5|0|1|1|1|0|0
RZ1|CHK|397|2|25|9|3|1|0|10|12|0|1|0
RZ1|398|2|Don|5|1|5|1|1|1|1|0|0
RZ1|CHK|398|2|25|9|3|1|0|10|12|0|1|0
RZ1|399|2|Don|5|2|5|2|1|1|1|0|0
RZ1|CHK|399|2|25|9|3|1|0|10|12|0|1|0
RZ1|400|2|Don|5|3|5|3|1|1|1|0|0
RZ1|CHK|400|2|25|9|3|1|0|10|12|0|1|0
RZ1|401|2|Don|5|4|5|4|1|1|1|0|0
RZ1|CHK|401|2|25|9|3|1|0|10|12|0|1|0
RZ1|402|2|EB04-028|1|3|6|12|1|1|0|0|0
RZ1|CHK|402|2|25|8|3|1|0|10|13|0|1|0
RZ1|403|2|OP06-050|1|2|6|13|1|1|0|0|0
RZ1|CHK|403|2|25|7|3|1|0|10|14|0|1|0
[yuuki​#80186] Ice Time ["EB04-028">EB04-028]: Trash Tashigi ["OP06-050">OP06-050]
[yuuki​#80186] Ice Time ["EB04-028">EB04-028]: Shiki ["OP17-048">OP17-048] can't attack next turn
[yuuki​#80186] Ice Time ["EB04-028">EB04-028]: Shiki ["OP17-048">OP17-048] can't attack next turn
[yuuki​#80186] Drew card from deck: Sengoku ["OP12-047">OP12-047]
RZ1|404|2|OP12-047|0|24|1|7|0|1|0|0|0
RZ1|CHK|404|2|24|8|3|1|0|10|14|0|1|0
[yuuki​#80186] Kuzan ["OP12-040">OP12-040]: Draw 1 Card
RZ1|405|2|Don|5|5|5|5|1|1|1|0|0
RZ1|CHK|405|2|24|8|3|1|0|10|14|0|1|0
RZ1|406|2|Don|5|6|5|6|1|1|1|0|0
RZ1|CHK|406|2|24|8|3|1|0|10|14|0|1|0
RZ1|407|2|Don|5|7|5|7|1|1|1|0|0
RZ1|CHK|407|2|24|8|3|1|0|10|14|0|1|0
RZ1|408|2|Don|5|8|5|8|1|1|1|0|0
RZ1|CHK|408|2|24|8|3|1|0|10|14|0|1|0
[yuuki​#80186] Deploy Mr. 3 (Galdino) ["OP16-056">OP16-056]
RZ1|409|2|OP16-056|1|6|2|3|1|1|0|0|0
RZ1|CHK|409|2|24|7|4|1|0|10|14|0|1|0
RZ1|410|2|OP16-056|2|3|6|14|1|1|0|0|0
RZ1|CHK|410|2|24|7|3|1|0|10|15|0|1|0
[yuuki​#80186] Mr. 3 (Galdino) ["OP16-056">OP16-056]: Trash Mr. 3 (Galdino) ["OP16-056">OP16-056]
[yuuki​#80186] Drew card from deck: Monkey D. Garp ["ST33-005">ST33-005]
RZ1|411|2|ST33-005|0|23|1|7|0|1|0|0|0
RZ1|CHK|411|2|23|8|3|1|0|10|15|0|1|0
[yuuki​#80186] Drew card from deck: Sengoku ["OP12-047">OP12-047]
RZ1|412|2|OP12-047|0|22|1|8|0|1|0|0|0
RZ1|CHK|412|2|22|9|3|1|0|10|15|0|1|0
[yuuki​#80186] Mr. 3 (Galdino) ["OP16-056">OP16-056]: Draw 2 Card
[yuuki​#80186] Mr. 3 (Galdino) ["OP16-056">OP16-056]: Kyo ["OP17-045">OP17-045] can't attack next turn
RZ1|413|2|OP12-047|1|8|6|15|1|1|0|0|0
RZ1|CHK|413|2|22|8|3|1|0|10|16|0|1|0
[yuuki​#80186] Sakazuki ["OP12-044">OP12-044]: Trash Sengoku ["OP12-047">OP12-047]
[yuuki​#80186] Sakazuki ["OP12-044">OP12-044]: Attach 1 Rested Don to Kuzan ["OP12-040">OP12-040]
RZ1|414|2|Don|5|0|9|9900|1|1|1|0|0
RZ1|CHK|414|2|22|8|3|1|0|9|16|0|1|1
[yuuki​#80186] Drew card from deck: Issho ["EB04-022">EB04-022]
RZ1|415|2|EB04-022|0|21|1|8|0|1|0|0|0
RZ1|CHK|415|2|21|9|3|1|0|9|16|0|1|1
[yuuki​#80186] Kuzan ["OP12-040">OP12-040]: Draw 1 Card
[yuuki​#80186] Kuzan ["OP12-040">OP12-040] attacking Rocks D. Xebec ["OP17-039">OP17-039]
RZ1|416|1|OP17-056|1|7|6|9|1|1|0|0|0
RZ1|CHK|416|1|24|7|5|3|0|10|10|1|1|0
[Karlmalone​#2854] Rocks Pirates ["OP17-056">OP17-056]: Activate Counter
[Karlmalone​#2854] Rocks Pirates ["OP17-056">OP17-056]: Buff Rocks D. Xebec ["OP17-039">OP17-039] 2000 for the Combat
Kuzan ["OP12-040">OP12-040][6000] vs Rocks D. Xebec ["OP17-039">OP17-039][7000]
Attack Fails
[yuuki​#80186] Monkey D. Garp ["ST33-005">ST33-005] attacking Rocks D. Xebec ["OP17-039">OP17-039]
RZ1|417|1|OP17-056|1|3|6|10|1|1|0|0|0
RZ1|CHK|417|1|24|6|5|3|0|10|11|1|1|0
[Karlmalone​#2854] Rocks Pirates ["OP17-056">OP17-056]: Activate Counter
[Karlmalone​#2854] Rocks Pirates ["OP17-056">OP17-056]: Buff Rocks D. Xebec ["OP17-039">OP17-039] 2000 for the Combat
Monkey D. Garp ["ST33-005">ST33-005][6000] vs Rocks D. Xebec ["OP17-039">OP17-039][7000]
Attack Fails
[yuuki​#80186] Sakazuki ["OP12-044">OP12-044] attacking Rocks D. Xebec ["OP17-039">OP17-039]
RZ1|418|1|OP17-049|1|4|6|11|1|1|0|0|0
RZ1|CHK|418|1|24|5|5|3|0|10|12|1|1|0
[Karlmalone​#2854] Fullalead ["OP17-057">OP17-057]: Rest Fullalead ["OP17-057">OP17-057]
[Karlmalone​#2854] Fullalead ["OP17-057">OP17-057]: Trash Charlotte Linlin ["OP17-049">OP17-049]
[Karlmalone​#2854] Fullalead ["OP17-057">OP17-057]: Buff Rocks D. Xebec ["OP17-039">OP17-039] 1000 for the Combat
RZ1|419|1|OP17-054|1|2|6|12|1|1|0|0|0
RZ1|CHK|419|1|24|4|5|3|0|10|13|1|1|0
[Karlmalone​#2854] Shiki ["OP17-048">OP17-048]: Trash Stussy ["OP17-054">OP17-054]
[Karlmalone​#2854] Shiki ["OP17-048">OP17-048]: Buff Sakazuki ["OP12-044">OP12-044] -3000
Sakazuki ["OP12-044">OP12-044][5000] vs Rocks D. Xebec ["OP17-039">OP17-039][6000]
Attack Fails
[yuuki​#80186] End Turn
[Karlmalone​#2854] Hand: [OP17-056,OP17-055,OP17-053,OP17-055]
[Karlmalone​#2854] Board: [OP17-050,OP17-048,OP17-118,OP17-048,OP17-045]
[Karlmalone​#2854] Trash: [OP17-048,OP17-046,OP17-043,OP17-057,OP17-054,OP17-048,OP17-044,OP17-056,OP17-052,OP17-056,OP17-056,OP17-049,OP17-054]
[Karlmalone​#2854] Life: 3
[yuuki​#80186] Hand: [OP12-044,ST33-005,ST33-003,ST33-004,ST33-004,OP12-051,OP12-047,ST33-005,EB04-022]
[yuuki​#80186] Trash: [OP12-057,OP12-043,OP12-057,ST33-004,OP16-056,OP12-057,EB04-022,OP06-058,EB04-022,OP16-056,EB04-028,OP06-050,EB04-028,OP06-050,OP16-056,OP12-047]
[yuuki​#80186] Board: [ST33-003,ST33-005,OP12-044]
[yuuki​#80186] Life: 1
[Karlmalone​#2854] Drew card from deck: Rocks D. Xebec ["OP17-118">OP17-118]
RZ1|420|1|OP17-118|0|23|1|4|1|1|0|0|0
RZ1|CHK|420|1|23|5|5|3|0|10|13|1|1|0
[Karlmalone​#2854] Draw 1 Card
[Karlmalone​#2854] Rocks D. Xebec ["OP17-118">OP17-118] attacking Monkey D. Garp ["ST33-005">ST33-005]
RZ1|421|2|ST33-005|2|1|6|16|1|1|0|0|0
RZ1|CHK|421|2|21|9|2|1|0|9|17|0|1|1
Rocks D. Xebec ["OP17-118">OP17-118][12000] vs Monkey D. Garp ["ST33-005">ST33-005][6000]
[yuuki​#80186] Monkey D. Garp ["ST33-005">ST33-005] Destroyed
[Karlmalone​#2854] Rocks D. Xebec ["OP17-039">OP17-039] attacking Kuzan ["OP12-040">OP12-040]
RZ1|422|1|OP17-053|1|2|6|13|1|1|0|0|0
RZ1|CHK|422|1|23|4|5|3|0|10|14|1|1|0
RZ1|423|1|OP17-118|0|22|0|22|0|0|0|0|0
RZ1|CHK|423|1|23|4|5|3|0|10|14|1|1|0
[Karlmalone​#2854] Rocks D. Xebec ["OP17-039">OP17-039]: Trash Barbell ["OP17-053">OP17-053]
[Karlmalone​#2854] Rocks D. Xebec ["OP17-039">OP17-039] revealed: Rocks D. Xebec ["OP17-118">OP17-118]
[Karlmalone​#2854] Drew card from deck: Rocks D. Xebec ["OP17-118">OP17-118]
RZ1|424|1|OP17-118|0|22|1|4|1|1|0|0|0
RZ1|CHK|424|1|22|5|5|3|0|10|14|1|1|0
[Karlmalone​#2854] Drew card from deck: Gloriosa ["OP17-046">OP17-046]
RZ1|425|1|OP17-046|0|21|1|5|1|1|0|0|0
RZ1|CHK|425|1|21|6|5|3|0|10|14|1|1|0
[Karlmalone​#2854] Rocks D. Xebec ["OP17-039">OP17-039]: Draw 2 Card
[yuuki​#80186] Discard Sengoku ["OP12-047">OP12-047] for Counter 1000
RZ1|426|2|OP12-047|1|6|6|17|1|1|0|0|0
RZ1|CHK|426|2|21|8|2|1|0|9|18|0|1|1
Rocks D. Xebec ["OP17-039">OP17-039][5000] vs Kuzan ["OP12-040">OP12-040][6000]
Attack Fails
RZ1|427|1|Don|5|0|5|0|1|1|1|0|0
RZ1|CHK|427|1|21|6|5|3|0|10|14|1|1|0
RZ1|428|1|Don|5|1|5|1|1|1|1|0|0
RZ1|CHK|428|1|21|6|5|3|0|10|14|1|1|0
RZ1|429|1|Don|5|2|5|2|1|1|1|0|0
RZ1|CHK|429|1|21|6|5|3|0|10|14|1|1|0
RZ1|430|1|Don|5|3|5|3|1|1|1|0|0
RZ1|CHK|430|1|21|6|5|3|0|10|14|1|1|0
RZ1|431|1|Don|5|4|5|4|1|1|1|0|0
RZ1|CHK|431|1|21|6|5|3|0|10|14|1|1|0
RZ1|432|1|Don|5|5|5|5|1|1|1|0|0
RZ1|CHK|432|1|21|6|5|3|0|10|14|1|1|0
RZ1|433|1|Don|5|6|5|6|1|1|1|0|0
RZ1|CHK|433|1|21|6|5|3|0|10|14|1|1|0
RZ1|434|1|Don|5|7|5|7|1|1|1|0|0
RZ1|CHK|434|1|21|6|5|3|0|10|14|1|1|0
RZ1|435|1|Don|5|8|5|8|1|1|1|0|0
RZ1|CHK|435|1|21|6|5|3|0|10|14|1|1|0
RZ1|436|1|Don|5|9|5|9|1|1|1|0|0
RZ1|CHK|436|1|21|6|5|3|0|10|14|1|1|0
RZ1|437|1|OP17-045|2|4|6|14|1|1|0|0|0
RZ1|CHK|437|1|21|6|4|3|0|10|15|1|1|0
RZ1|438|1|OP17-118|1|4|2|4|1|1|0|0|0
RZ1|CHK|438|1|21|5|5|3|0|10|15|1|1|0
[Karlmalone​#2854] Drew card from deck: Stussy ["OP17-054">OP17-054]
RZ1|439|1|OP17-054|0|20|1|5|1|1|0|0|0
RZ1|CHK|439|1|20|6|5|3|0|10|15|1|1|0
[Karlmalone​#2854] Trash Kyo ["OP17-045">OP17-045]
[Karlmalone​#2854] Deploy Rocks D. Xebec ["OP17-118">OP17-118]
[Karlmalone​#2854] Rocks D. Xebec ["OP17-118">OP17-118]: Draw 1 Card
RZ1|440|1|OP17-050|2|0|6|15|1|1|0|0|0
RZ1|CHK|440|1|20|6|4|3|0|10|16|1|1|0
RZ1|441|1|OP17-046|1|4|2|4|1|1|0|0|0
RZ1|CHK|441|1|20|5|5|3|0|10|16|1|1|0
[Karlmalone​#2854] Trash Streusen ["OP17-050">OP17-050]
[Karlmalone​#2854] Rocks D. Xebec ["OP17-118">OP17-118]: Deploy Gloriosa ["OP17-046">OP17-046]
RZ1|442|1|OP17-048|2|0|6|16|1|1|0|0|0
RZ1|CHK|442|1|20|5|4|3|0|10|17|1|1|0
RZ1|443|1|OP17-054|1|4|2|4|1|1|0|0|0
RZ1|CHK|443|1|20|4|5|3|0|10|17|1|1|0
[Karlmalone​#2854] Trash Shiki ["OP17-048">OP17-048]
[Karlmalone​#2854] Rocks D. Xebec ["OP17-118">OP17-118]: Deploy Stussy ["OP17-054">OP17-054]
[Karlmalone​#2854] Stussy ["OP17-054">OP17-054]: Smoker ["ST33-003">ST33-003] can't attack next turn
RZ1|444|2|ST33-003|2|0|0|0|0|0|0|0|0
RZ1|CHK|444|2|22|8|1|1|0|9|18|0|1|1
[Karlmalone​#2854] Gloriosa ["OP17-046">OP17-046]: Send Smoker ["ST33-003">ST33-003] to Deck Bottom
[Karlmalone​#2854] Hand: [OP17-056,OP17-055,OP17-055,OP17-118]
[Karlmalone​#2854] Board: [OP17-118,OP17-048,OP17-118,OP17-046,OP17-054]
[Karlmalone​#2854] Trash: [OP17-048,OP17-046,OP17-043,OP17-057,OP17-054,OP17-048,OP17-044,OP17-056,OP17-052,OP17-056,OP17-056,OP17-049,OP17-054,OP17-053,OP17-045,OP17-050,OP17-048]
[Karlmalone​#2854] Life: 3
[yuuki​#80186] Hand: [OP12-044,ST33-005,ST33-003,ST33-004,ST33-004,OP12-051,ST33-005,EB04-022]
[yuuki​#80186] Trash: [OP12-057,OP12-043,OP12-057,ST33-004,OP16-056,OP12-057,EB04-022,OP06-058,EB04-022,OP16-056,EB04-028,OP06-050,EB04-028,OP06-050,OP16-056,OP12-047,ST33-005,OP12-047]
[yuuki​#80186] Board: [OP12-044]
[yuuki​#80186] Life: 1
RZ1|445|2|Don|9|9900|5|0|1|1|1|0|0
RZ1|CHK|445|2|22|8|1|1|0|10|18|0|1|0
[Karlmalone​#2854] Shiki ["OP17-048">OP17-048] is no longer blocked from attacking
[Karlmalone​#2854] End Turn
[yuuki​#80186] Draw 1 Card
[yuuki​#80186] Drew card from deck: Sengoku ["OP12-047">OP12-047]
RZ1|446|2|OP12-047|0|21|1|8|0|1|0|0|0
RZ1|CHK|446|2|21|9|1|1|0|10|18|0|1|0
RZ1|447|2|Don|5|0|5|0|1|1|1|0|0
RZ1|CHK|447|2|21|9|1|1|0|10|18|0|1|0
RZ1|448|2|Don|5|1|5|1|1|1|1|0|0
RZ1|CHK|448|2|21|9|1|1|0|10|18|0|1|0
RZ1|449|2|Don|5|2|5|2|1|1|1|0|0
RZ1|CHK|449|2|21|9|1|1|0|10|18|0|1|0
[yuuki​#80186] Deploy Sengoku ["OP12-047">OP12-047]
RZ1|450|2|OP12-047|1|8|2|1|1|1|0|0|0
RZ1|CHK|450|2|21|8|2|1|0|10|18|0|1|0
RZ1|451|2|EB04-022|1|7|6|18|1|1|0|0|0
RZ1|CHK|451|2|21|7|2|1|0|10|19|0|1|0
[yuuki​#80186] Sengoku ["OP12-047">OP12-047]: Trash Issho ["EB04-022">EB04-022]
RZ1|452|2|EB04-028|0|18|1|7|0|1|0|0|0
RZ1|CHK|452|2|20|8|2|1|0|10|19|0|1|0
[yuuki​#80186] Sengoku ["OP12-047">OP12-047]: <b>Reveal and Draw Ice Time ["EB04-028">EB04-028]</b>
RZ1|453|2|ST33-001|0|17|1|8|0|1|0|0|0
RZ1|CHK|453|2|19|9|2|1|0|10|19|0|1|0
[yuuki​#80186] Sengoku ["OP12-047">OP12-047]: <b>Reveal and Draw Koby ["ST33-001">ST33-001]</b>
[yuuki​#80186] Placing Cards on Bottom of Deck
RZ1|454|2|ST33-003|0|17|0|0|0|0|0|0|0
RZ1|CHK|454|2|19|9|2|1|0|10|19|0|1|0
RZ1|455|2|OP06-050|0|18|0|0|0|0|0|0|0
RZ1|CHK|455|2|19|9|2|1|0|10|19|0|1|0
RZ1|456|2|ST33-001|0|18|0|0|0|0|0|0|0
RZ1|CHK|456|2|19|9|2|1|0|10|19|0|1|0
[yuuki​#80186] Drew card from deck: Monkey D. Garp ["ST33-005">ST33-005]
RZ1|457|2|ST33-005|0|18|1|9|0|1|0|0|0
RZ1|CHK|457|2|18|10|2|1|0|10|19|0|1|0
[yuuki​#80186] Kuzan ["OP12-040">OP12-040]: Draw 1 Card
RZ1|458|2|ST33-005|1|1|6|19|1|1|0|0|0
RZ1|CHK|458|2|18|9|2|1|0|10|20|0|1|0
[yuuki​#80186] Sakazuki ["OP12-044">OP12-044]: Trash Monkey D. Garp ["ST33-005">ST33-005]
[yuuki​#80186] Sakazuki ["OP12-044">OP12-044]: Attach 1 Rested Don to Sakazuki ["OP12-044">OP12-044]
RZ1|459|2|Don|5|0|9|0|1|1|1|0|0
RZ1|CHK|459|2|18|9|2|1|0|9|20|0|1|1
[yuuki​#80186] Drew card from deck: Hina ["OP12-051">OP12-051]
RZ1|460|2|OP12-051|0|17|1|9|0|1|0|0|0
RZ1|CHK|460|2|17|10|2|1|0|9|20|0|1|1
[yuuki​#80186] Kuzan ["OP12-040">OP12-040]: Draw 1 Card
RZ1|461|2|Don|5|2|5|2|1|1|1|0|0
RZ1|CHK|461|2|17|10|2|1|0|9|20|0|1|1
RZ1|462|2|Don|5|3|5|3|1|1|1|0|0
RZ1|CHK|462|2|17|10|2|1|0|9|20|0|1|1
RZ1|463|2|Don|5|4|5|4|1|1|1|0|0
RZ1|CHK|463|2|17|10|2|1|0|9|20|0|1|1
[yuuki​#80186] Deploy Borsalino ["ST33-004">ST33-004]
RZ1|464|2|ST33-004|1|3|2|2|1|1|0|0|0
RZ1|CHK|464|2|17|9|3|1|0|9|20|0|1|1
[yuuki​#80186] Kuzan ["OP12-040">OP12-040] attacking Rocks D. Xebec ["OP17-039">OP17-039]
RZ1|465|1|OP17-118|3|2|1|4|1|1|0|0|0
RZ1|CHK|465|1|20|5|5|2|0|10|17|1|1|0
Kuzan ["OP12-040">OP12-040][5000] vs Rocks D. Xebec ["OP17-039">OP17-039][5000]
Rocks D. Xebec ["OP17-039">OP17-039] hit for 1 damage
RZ1|466|2|Don|5|5|5|5|1|1|1|0|0
RZ1|CHK|466|2|17|9|3|1|0|9|20|0|1|1
RZ1|467|2|Don|5|6|5|6|1|1|1|0|0
RZ1|CHK|467|2|17|9|3|1|0|9|20|0|1|1
RZ1|468|2|Don|5|7|5|7|1|1|1|0|0
RZ1|CHK|468|2|17|9|3|1|0|9|20|0|1|1
[yuuki​#80186] Deploy Borsalino ["ST33-004">ST33-004]
RZ1|469|2|ST33-004|1|2|2|3|1|1|0|0|0
RZ1|CHK|469|2|17|8|4|1|0|9|20|0|1|1
[yuuki​#80186] Sakazuki ["OP12-044">OP12-044] attacking Rocks D. Xebec ["OP17-039">OP17-039]
RZ1|470|1|OP17-055|1|2|6|17|1|1|0|0|0
RZ1|CHK|470|1|20|4|5|2|0|10|18|1|1|0
[Karlmalone​#2854] Shiki ["OP17-048">OP17-048]: Trash There's No Authority in the World ["OP17-055">OP17-055]
[Karlmalone​#2854] Shiki ["OP17-048">OP17-048]: Buff Sakazuki ["OP12-044">OP12-044] -3000
RZ1|471|1|OP17-118|1|3|6|18|1|1|0|0|0
RZ1|CHK|471|1|20|3|5|2|0|10|19|1|1|0
[Karlmalone​#2854] Discard Rocks D. Xebec ["OP17-118">OP17-118] for Counter 2000
Sakazuki ["OP12-044">OP12-044][6000] vs Rocks D. Xebec ["OP17-039">OP17-039][7000]
Attack Fails
[yuuki​#80186] End Turn
[Karlmalone​#2854] Hand: [OP17-056,OP17-055,OP17-118]
[Karlmalone​#2854] Board: [OP17-118,OP17-048,OP17-118,OP17-046,OP17-054]
[Karlmalone​#2854] Trash: [OP17-048,OP17-046,OP17-043,OP17-057,OP17-054,OP17-048,OP17-044,OP17-056,OP17-052,OP17-056,OP17-056,OP17-049,OP17-054,OP17-053,OP17-045,OP17-050,OP17-048,OP17-055,OP17-118]
[Karlmalone​#2854] Life: 2
[yuuki​#80186] Hand: [OP12-044,ST33-003,OP12-051,ST33-005,EB04-028,ST33-001,ST33-005,OP12-051]
[yuuki​#80186] Trash: [OP12-057,OP12-043,OP12-057,ST33-004,OP16-056,OP12-057,EB04-022,OP06-058,EB04-022,OP16-056,EB04-028,OP06-050,EB04-028,OP06-050,OP16-056,OP12-047,ST33-005,OP12-047,EB04-022,ST33-005]
[yuuki​#80186] Board: [OP12-044,OP12-047,ST33-004,ST33-004]
[yuuki​#80186] Life: 1
[Karlmalone​#2854] Drew card from deck: Fullalead ["OP17-057">OP17-057]
RZ1|472|1|OP17-057|0|19|1|3|1|1|0|0|0
RZ1|CHK|472|1|19|4|5|2|0|10|19|1|1|0
[Karlmalone​#2854] Draw 1 Card
RZ1|473|1|OP17-056|1|0|6|19|1|1|0|0|0
RZ1|CHK|473|1|19|3|5|2|0|10|20|1|1|0
RZ1|474|1|Don|5|0|5|0|1|1|1|0|0
RZ1|CHK|474|1|19|3|5|2|0|10|20|1|1|0
RZ1|475|1|Don|5|1|5|1|1|1|1|0|0
RZ1|CHK|475|1|19|3|5|2|0|10|20|1|1|0
RZ1|476|1|Don|5|2|5|2|1|1|1|0|0
RZ1|CHK|476|1|19|3|5|2|0|10|20|1|1|0
RZ1|477|1|Don|5|3|5|3|1|1|1|0|0
RZ1|CHK|477|1|19|3|5|2|0|10|20|1|1|0
RZ1|478|1|Don|5|4|5|4|1|1|1|0|0
RZ1|CHK|478|1|19|3|5|2|0|10|20|1|1|0
[Karlmalone​#2854] Rocks Pirates ["OP17-056">OP17-056]: Rest 5 Don
RZ1|479|2|ST33-004|2|3|1|8|1|1|0|0|0
RZ1|CHK|479|2|17|9|3|1|0|9|20|0|1|1
[Karlmalone​#2854] Rocks Pirates ["OP17-056">OP17-056]: Send Borsalino ["ST33-004">ST33-004] to Hand
[Karlmalone​#2854] Stussy ["OP17-054">OP17-054] attacking Kuzan ["OP12-040">OP12-040]
[yuuki​#80186] Discard Hina ["OP12-051">OP12-051] for Counter 2000
RZ1|480|2|OP12-051|1|7|6|20|1|1|0|0|0
RZ1|CHK|480|2|17|8|3|1|0|9|21|0|1|1
Stussy ["OP17-054">OP17-054][5000] vs Kuzan ["OP12-040">OP12-040][7000]
Attack Fails
[Karlmalone​#2854] Shiki ["OP17-048">OP17-048] attacking Kuzan ["OP12-040">OP12-040]
[yuuki​#80186] Discard Hina ["OP12-051">OP12-051] for Counter 2000
RZ1|481|2|OP12-051|1|2|6|21|1|1|0|0|0
RZ1|CHK|481|2|17|7|3|1|0|9|22|0|1|1
[yuuki​#80186] Discard Smoker ["ST33-003">ST33-003] for Counter 2000
RZ1|482|2|ST33-003|1|1|6|22|1|1|0|0|0
RZ1|CHK|482|2|17|6|3|1|0|9|23|0|1|1
[yuuki​#80186] Discard Koby ["ST33-001">ST33-001] for Counter 1000
RZ1|483|2|ST33-001|1|3|6|23|1|1|0|0|0
RZ1|CHK|483|2|17|5|3|1|0|9|24|0|1|1
Shiki ["OP17-048">OP17-048][9000] vs Kuzan ["OP12-040">OP12-040][10000]
Attack Fails
RZ1|484|1|Don|5|9|9|9900|1|1|0|0|0
RZ1|CHK|484|1|19|3|5|2|0|9|20|1|1|1
RZ1|485|1|Don|5|8|9|9901|1|1|0|0|0
RZ1|CHK|485|1|19|3|5|2|0|8|20|1|1|2
RZ1|486|1|Don|5|7|9|9902|1|1|0|0|0
RZ1|CHK|486|1|19|3|5|2|0|7|20|1|1|3
RZ1|487|1|Don|5|6|9|9903|1|1|0|0|0
RZ1|CHK|487|1|19|3|5|2|0|6|20|1|1|4
[Karlmalone​#2854] Attach 4 Don to Rocks D. Xebec ["OP17-039">OP17-039] (4 Total)
[Karlmalone​#2854] Rocks D. Xebec ["OP17-039">OP17-039] attacking Kuzan ["OP12-040">OP12-040]
RZ1|488|1|OP17-057|1|2|6|20|1|1|0|0|0
RZ1|CHK|488|1|19|2|5|2|0|6|21|1|1|4
RZ1|489|1|OP17-040|0|18|0|18|0|0|0|0|0
RZ1|CHK|489|1|19|2|5|2|0|6|21|1|1|4
[Karlmalone​#2854] Rocks D. Xebec ["OP17-039">OP17-039]: Trash Fullalead ["OP17-057">OP17-057]
[Karlmalone​#2854] Rocks D. Xebec ["OP17-039">OP17-039] revealed: Edward Newgate ["OP17-040">OP17-040]
[Karlmalone​#2854] Drew card from deck: Edward Newgate ["OP17-040">OP17-040]
RZ1|490|1|OP17-040|0|18|1|2|1|1|0|0|0
RZ1|CHK|490|1|18|3|5|2|0|6|21|1|1|4
[Karlmalone​#2854] Drew card from deck: Kaido ["OP17-042">OP17-042]
RZ1|491|1|OP17-042|0|17|1|3|1|1|0|0|0
RZ1|CHK|491|1|17|4|5|2|0|6|21|1|1|4
[Karlmalone​#2854] Rocks D. Xebec ["OP17-039">OP17-039]: Draw 2 Card
[yuuki​#80186] Borsalino ["ST33-004">ST33-004] Blocks
RZ1|492|2|ST33-004|2|2|6|24|1|1|0|0|0
RZ1|CHK|492|2|17|5|2|1|0|9|25|0|1|1
Rocks D. Xebec ["OP17-039">OP17-039][9000] vs Borsalino ["ST33-004">ST33-004][6000]
[yuuki​#80186] Borsalino ["ST33-004">ST33-004] Destroyed
[Karlmalone​#2854] Rocks D. Xebec ["OP17-118">OP17-118] attacking Kuzan ["OP12-040">OP12-040]
RZ1|493|2|OP12-056|3|0|1|5|0|1|0|0|0
RZ1|CHK|493|2|17|6|2|0|0|9|25|0|1|1
Rocks D. Xebec ["OP17-118">OP17-118][12000] vs Kuzan ["OP12-040">OP12-040][5000]
Kuzan ["OP12-040">OP12-040] hit for 1 damage
RZ1|494|1|Don|5|5|9|0|1|1|0|0|0
RZ1|CHK|494|1|17|4|5|2|0|5|21|1|1|5
[Karlmalone​#2854] Attach 1 Don to Rocks D. Xebec ["OP17-118">OP17-118] (1 Total)
[Karlmalone​#2854] Rocks D. Xebec ["OP17-118">OP17-118] attacking Kuzan ["OP12-040">OP12-040]
Rocks D. Xebec ["OP17-118">OP17-118][13000] vs Kuzan ["OP12-040">OP12-040][5000]
Kuzan ["OP12-040">OP12-040] hit for 1 damage
GameOver
