Version is 1.44a.24
[You] Leader is Sabo ["OP13-004">OP13-004]
RZ1|HDR|1.44a|2|RZ1
RZ1|PLY|1||OP13-004
RZ1|PLY|2||
[Opponent] Leader is Rocks D. Xebec ["OP17-039">OP17-039]
RZ1|1|2|OP17-056|0|48|0|0|0|0|0|0|0
RZ1|CHK|1|2|50|0|0|0|10|0|0|0|1|0
RZ1|2|2|OP17-054|0|14|0|1|0|0|0|0|0
RZ1|CHK|2|2|50|0|0|0|10|0|0|0|1|0
RZ1|3|2|OP17-118|0|38|0|2|0|0|0|0|0
RZ1|CHK|3|2|50|0|0|0|10|0|0|0|1|0
RZ1|4|2|OP17-056|0|47|0|3|0|0|0|0|0
RZ1|CHK|4|2|50|0|0|0|10|0|0|0|1|0
RZ1|5|2|OP17-043|0|26|0|4|0|0|0|0|0
RZ1|CHK|5|2|50|0|0|0|10|0|0|0|1|0
RZ1|6|2|OP17-040|0|33|0|5|0|0|0|0|0
RZ1|CHK|6|2|50|0|0|0|10|0|0|0|1|0
RZ1|7|2|OP17-054|0|19|0|6|0|0|0|0|0
RZ1|CHK|7|2|50|0|0|0|10|0|0|0|1|0
RZ1|8|2|OP17-054|0|19|0|7|0|0|0|0|0
RZ1|CHK|8|2|50|0|0|0|10|0|0|0|1|0
RZ1|9|2|OP17-055|0|43|0|8|0|0|0|0|0
RZ1|CHK|9|2|50|0|0|0|10|0|0|0|1|0
RZ1|10|2|OP17-055|0|44|0|9|0|0|0|0|0
RZ1|CHK|10|2|50|0|0|0|10|0|0|0|1|0
RZ1|11|2|OP17-053|0|34|0|10|0|0|0|0|0
RZ1|CHK|11|2|50|0|0|0|10|0|0|0|1|0
RZ1|12|2|OP17-048|0|41|0|11|0|0|0|0|0
RZ1|CHK|12|2|50|0|0|0|10|0|0|0|1|0
RZ1|13|2|OP17-118|0|43|0|12|0|0|0|0|0
RZ1|CHK|13|2|50|0|0|0|10|0|0|0|1|0
RZ1|14|2|OP17-041|0|25|0|13|0|0|0|0|0
RZ1|CHK|14|2|50|0|0|0|10|0|0|0|1|0
RZ1|15|2|OP17-050|0|17|0|14|0|0|0|0|0
RZ1|CHK|15|2|50|0|0|0|10|0|0|0|1|0
RZ1|16|2|OP17-040|0|37|0|16|0|0|0|0|0
RZ1|CHK|16|2|50|0|0|0|10|0|0|0|1|0
RZ1|17|2|OP17-050|0|20|0|17|0|0|0|0|0
RZ1|CHK|17|2|50|0|0|0|10|0|0|0|1|0
RZ1|18|2|OP17-046|0|30|0|18|0|0|0|0|0
RZ1|CHK|18|2|50|0|0|0|10|0|0|0|1|0
RZ1|19|2|OP17-056|0|47|0|19|0|0|0|0|0
RZ1|CHK|19|2|50|0|0|0|10|0|0|0|1|0
RZ1|20|2|OP17-040|0|40|0|20|0|0|0|0|0
RZ1|CHK|20|2|50|0|0|0|10|0|0|0|1|0
RZ1|21|2|OP17-049|0|38|0|21|0|0|0|0|0
RZ1|CHK|21|2|50|0|0|0|10|0|0|0|1|0
RZ1|22|2|OP17-050|0|25|0|22|0|0|0|0|0
RZ1|CHK|22|2|50|0|0|0|10|0|0|0|1|0
RZ1|23|2|OP17-054|0|30|0|23|0|0|0|0|0
RZ1|CHK|23|2|50|0|0|0|10|0|0|0|1|0
RZ1|24|2|OP17-057|0|49|0|24|0|0|0|0|0
RZ1|CHK|24|2|50|0|0|0|10|0|0|0|1|0
RZ1|25|2|OP17-044|0|33|0|25|0|0|0|0|0
RZ1|CHK|25|2|50|0|0|0|10|0|0|0|1|0
RZ1|26|2|OP17-045|0|31|0|26|0|0|0|0|0
RZ1|CHK|26|2|50|0|0|0|10|0|0|0|1|0
RZ1|27|2|OP17-056|0|49|0|27|0|0|0|0|0
RZ1|CHK|27|2|50|0|0|0|10|0|0|0|1|0
RZ1|28|2|OP17-049|0|40|0|29|0|0|0|0|0
RZ1|CHK|28|2|50|0|0|0|10|0|0|0|1|0
RZ1|29|2|OP17-046|0|38|0|30|0|0|0|0|0
RZ1|CHK|29|2|50|0|0|0|10|0|0|0|1|0
RZ1|30|2|OP17-049|0|41|0|34|0|0|0|0|0
RZ1|CHK|30|2|50|0|0|0|10|0|0|0|1|0
RZ1|31|2|OP17-040|0|42|0|35|0|0|0|0|0
RZ1|CHK|31|2|50|0|0|0|10|0|0|0|1|0
RZ1|32|2|OP17-048|0|44|0|36|0|0|0|0|0
RZ1|CHK|32|2|50|0|0|0|10|0|0|0|1|0
RZ1|33|2|OP17-044|0|40|0|38|0|0|0|0|0
RZ1|CHK|33|2|50|0|0|0|10|0|0|0|1|0
RZ1|34|2|OP17-048|0|44|0|39|0|0|0|0|0
RZ1|CHK|34|2|50|0|0|0|10|0|0|0|1|0
RZ1|35|2|OP17-046|0|43|0|41|0|0|0|0|0
RZ1|CHK|35|2|50|0|0|0|10|0|0|0|1|0
RZ1|36|2|OP17-046|0|43|0|42|0|0|0|0|0
RZ1|CHK|36|2|50|0|0|0|10|0|0|0|1|0
RZ1|37|2|OP17-055|0|48|0|43|0|0|0|0|0
RZ1|CHK|37|2|50|0|0|0|10|0|0|0|1|0
RZ1|38|2|OP17-055|0|49|0|44|0|0|0|0|0
RZ1|CHK|38|2|50|0|0|0|10|0|0|0|1|0
RZ1|39|2|OP17-049|0|46|0|45|0|0|0|0|0
RZ1|CHK|39|2|50|0|0|0|10|0|0|0|1|0
RZ1|40|2|OP17-118|0|49|0|46|0|0|0|0|0
RZ1|CHK|40|2|50|0|0|0|10|0|0|0|1|0
RZ1|41|2|OP17-118|0|49|0|48|0|0|0|0|0
RZ1|CHK|41|2|50|0|0|0|10|0|0|0|1|0
[] Drew card from deck: Gerd ["OP17-081">OP17-081]
RZ1|42|1|OP17-081|0|49|1|0|1|1|0|0|0
RZ1|CHK|42|1|49|1|0|0|10|0|0|0|1|0
[] Drew card from deck: Loki ["OP17-119">OP17-119]
RZ1|43|1|OP17-119|0|48|1|1|1|1|0|0|0
RZ1|CHK|43|1|48|2|0|0|10|0|0|0|1|0
[] Drew card from deck: Loki ["OP17-119">OP17-119]
RZ1|44|1|OP17-119|0|47|1|2|1|1|0|0|0
RZ1|CHK|44|1|47|3|0|0|10|0|0|0|1|0
[] Drew card from deck: Roronoa Zoro ["OP17-095">OP17-095]
RZ1|45|1|OP17-095|0|46|1|3|1|1|0|0|0
RZ1|CHK|45|1|46|4|0|0|10|0|0|0|1|0
[] Drew card from deck: Nami ["OP17-086">OP17-086]
RZ1|46|1|OP17-086|0|45|1|4|1|1|0|0|0
RZ1|CHK|46|1|45|5|0|0|10|0|0|0|1|0
[] Drew card from deck: Shiki ["OP17-048">OP17-048]
RZ1|47|2|OP17-048|0|49|1|0|1|1|0|0|0
RZ1|CHK|47|2|49|1|0|0|10|0|0|0|1|0
[] Drew card from deck: Rocks D. Xebec ["OP17-118">OP17-118]
RZ1|48|2|OP17-118|0|48|1|1|1|1|0|0|0
RZ1|CHK|48|2|48|2|0|0|10|0|0|0|1|0
[] Drew card from deck: Kaido ["OP17-042">OP17-042]
RZ1|49|2|OP17-042|0|47|1|2|1|1|0|0|0
RZ1|CHK|49|2|47|3|0|0|10|0|0|0|1|0
[] Drew card from deck: Rocks D. Xebec ["OP17-118">OP17-118]
RZ1|50|2|OP17-118|0|46|1|3|1|1|0|0|0
RZ1|CHK|50|2|46|4|0|0|10|0|0|0|1|0
[] Drew card from deck: Charlotte Linlin ["OP17-049">OP17-049]
RZ1|51|2|OP17-049|0|45|1|4|1|1|0|0|0
RZ1|CHK|51|2|45|5|0|0|10|0|0|0|1|0
RZ1|52|1|OP17-081|1|0|0|45|0|0|0|0|0
RZ1|CHK|52|1|46|4|0|0|10|0|0|0|1|0
RZ1|53|1|OP17-119|1|0|0|46|0|0|0|0|0
RZ1|CHK|53|1|47|3|0|0|10|0|0|0|1|0
RZ1|54|1|OP17-119|1|0|0|47|0|0|0|0|0
RZ1|CHK|54|1|48|2|0|0|10|0|0|0|1|0
RZ1|55|1|OP17-095|1|0|0|48|0|0|0|0|0
RZ1|CHK|55|1|49|1|0|0|10|0|0|0|1|0
RZ1|56|1|OP17-086|1|0|0|49|0|0|0|0|0
RZ1|CHK|56|1|50|0|0|0|10|0|0|0|1|0
RZ1|57|1|OP17-119|0|46|0|0|0|0|0|0|0
RZ1|CHK|57|1|50|0|0|0|10|0|0|0|1|0
RZ1|58|1|OP17-087|0|41|0|1|0|0|0|0|0
RZ1|CHK|58|1|50|0|0|0|10|0|0|0|1|0
RZ1|59|1|ST01-011|0|6|0|2|0|0|0|0|0
RZ1|CHK|59|1|50|0|0|0|10|0|0|0|1|0
RZ1|60|1|OP17-086|0|19|0|3|0|0|0|0|0
RZ1|CHK|60|1|50|0|0|0|10|0|0|0|1|0
RZ1|61|1|OP17-087|0|23|0|4|0|0|0|0|0
RZ1|CHK|61|1|50|0|0|0|10|0|0|0|1|0
RZ1|62|1|OP17-082|0|27|0|5|0|0|0|0|0
RZ1|CHK|62|1|50|0|0|0|10|0|0|0|1|0
RZ1|63|1|OP17-093|0|22|0|6|0|0|0|0|0
RZ1|CHK|63|1|50|0|0|0|10|0|0|0|1|0
RZ1|64|1|OP17-082|0|13|0|7|0|0|0|0|0
RZ1|CHK|64|1|50|0|0|0|10|0|0|0|1|0
RZ1|65|1|OP04-016|0|43|0|8|0|0|0|0|0
RZ1|CHK|65|1|50|0|0|0|10|0|0|0|1|0
RZ1|66|1|OP04-016|0|27|0|9|0|0|0|0|0
RZ1|CHK|66|1|50|0|0|0|10|0|0|0|1|0
RZ1|67|1|OP01-016|0|40|0|11|0|0|0|0|0
RZ1|CHK|67|1|50|0|0|0|10|0|0|0|1|0
RZ1|68|1|OP17-083|0|45|0|12|0|0|0|0|0
RZ1|CHK|68|1|50|0|0|0|10|0|0|0|1|0
RZ1|69|1|OP17-089|0|41|0|13|0|0|0|0|0
RZ1|CHK|69|1|50|0|0|0|10|0|0|0|1|0
RZ1|70|1|ST01-011|0|19|0|14|0|0|0|0|0
RZ1|CHK|70|1|50|0|0|0|10|0|0|0|1|0
RZ1|71|1|OP17-087|0|41|0|15|0|0|0|0|0
RZ1|CHK|71|1|50|0|0|0|10|0|0|0|1|0
RZ1|72|1|OP17-080|0|44|0|16|0|0|0|0|0
RZ1|CHK|72|1|50|0|0|0|10|0|0|0|1|0
RZ1|73|1|OP17-089|0|26|0|17|0|0|0|0|0
RZ1|CHK|73|1|50|0|0|0|10|0|0|0|1|0
RZ1|74|1|OP17-084|0|35|0|18|0|0|0|0|0
RZ1|CHK|74|1|50|0|0|0|10|0|0|0|1|0
RZ1|75|1|OP17-089|0|30|0|19|0|0|0|0|0
RZ1|CHK|75|1|50|0|0|0|10|0|0|0|1|0
RZ1|76|1|OP14-096|0|32|0|20|0|0|0|0|0
RZ1|CHK|76|1|50|0|0|0|10|0|0|0|1|0
RZ1|77|1|OP17-095|0|35|0|21|0|0|0|0|0
RZ1|CHK|77|1|50|0|0|0|10|0|0|0|1|0
RZ1|78|1|OP17-093|0|30|0|22|0|0|0|0|0
RZ1|CHK|78|1|50|0|0|0|10|0|0|0|1|0
RZ1|79|1|EB04-007|0|33|0|23|0|0|0|0|0
RZ1|CHK|79|1|50|0|0|0|10|0|0|0|1|0
RZ1|80|1|OP15-088|0|41|0|25|0|0|0|0|0
RZ1|CHK|80|1|50|0|0|0|10|0|0|0|1|0
RZ1|81|1|OP17-119|0|47|0|26|0|0|0|0|0
RZ1|CHK|81|1|50|0|0|0|10|0|0|0|1|0
RZ1|82|1|OP17-087|0|44|0|27|0|0|0|0|0
RZ1|CHK|82|1|50|0|0|0|10|0|0|0|1|0
RZ1|83|1|OP17-119|0|29|0|28|0|0|0|0|0
RZ1|CHK|83|1|50|0|0|0|10|0|0|0|1|0
RZ1|84|1|OP01-016|0|31|0|29|0|0|0|0|0
RZ1|CHK|84|1|50|0|0|0|10|0|0|0|1|0
RZ1|85|1|OP17-095|0|48|0|30|0|0|0|0|0
RZ1|CHK|85|1|50|0|0|0|10|0|0|0|1|0
RZ1|86|1|OP17-093|0|36|0|31|0|0|0|0|0
RZ1|CHK|86|1|50|0|0|0|10|0|0|0|1|0
RZ1|87|1|OP17-095|0|37|0|32|0|0|0|0|0
RZ1|CHK|87|1|50|0|0|0|10|0|0|0|1|0
RZ1|88|1|OP17-119|0|35|0|33|0|0|0|0|0
RZ1|CHK|88|1|50|0|0|0|10|0|0|0|1|0
RZ1|89|1|OP17-086|0|49|0|34|0|0|0|0|0
RZ1|CHK|89|1|50|0|0|0|10|0|0|0|1|0
RZ1|90|1|OP17-081|0|49|0|35|0|0|0|0|0
RZ1|CHK|90|1|50|0|0|0|10|0|0|0|1|0
RZ1|91|1|ST01-011|0|43|0|36|0|0|0|0|0
RZ1|CHK|91|1|50|0|0|0|10|0|0|0|1|0
RZ1|92|1|OP17-089|0|39|0|37|0|0|0|0|0
RZ1|CHK|92|1|50|0|0|0|10|0|0|0|1|0
RZ1|93|1|OP17-083|0|39|0|38|0|0|0|0|0
RZ1|CHK|93|1|50|0|0|0|10|0|0|0|1|0
RZ1|94|1|OP14-096|0|41|0|39|0|0|0|0|0
RZ1|CHK|94|1|50|0|0|0|10|0|0|0|1|0
RZ1|95|1|OP17-082|0|44|0|40|0|0|0|0|0
RZ1|CHK|95|1|50|0|0|0|10|0|0|0|1|0
RZ1|96|1|OP15-088|0|43|0|41|0|0|0|0|0
RZ1|CHK|96|1|50|0|0|0|10|0|0|0|1|0
RZ1|97|1|OP17-080|0|48|0|42|0|0|0|0|0
RZ1|CHK|97|1|50|0|0|0|10|0|0|0|1|0
RZ1|98|1|OP17-080|0|46|0|43|0|0|0|0|0
RZ1|CHK|98|1|50|0|0|0|10|0|0|0|1|0
RZ1|99|1|OP17-093|0|46|0|44|0|0|0|0|0
RZ1|CHK|99|1|50|0|0|0|10|0|0|0|1|0
RZ1|100|1|OP17-080|0|49|0|45|0|0|0|0|0
RZ1|CHK|100|1|50|0|0|0|10|0|0|0|1|0
RZ1|101|1|OP17-081|0|49|0|46|0|0|0|0|0
RZ1|CHK|101|1|50|0|0|0|10|0|0|0|1|0
RZ1|102|1|OP15-088|0|49|0|47|0|0|0|0|0
RZ1|CHK|102|1|50|0|0|0|10|0|0|0|1|0
RZ1|103|1|OP17-095|0|49|0|48|0|0|0|0|0
RZ1|CHK|103|1|50|0|0|0|10|0|0|0|1|0
[] Drew card from deck: Sanji ["OP17-082">OP17-082]
RZ1|104|1|OP17-082|0|49|1|0|1|1|0|0|0
RZ1|CHK|104|1|49|1|0|0|10|0|0|0|1|0
[] Drew card from deck: Roronoa Zoro ["OP17-095">OP17-095]
RZ1|105|1|OP17-095|0|48|1|1|1|1|0|0|0
RZ1|CHK|105|1|48|2|0|0|10|0|0|0|1|0
[] Drew card from deck: Pirate Docking 6 ["OP15-088">OP15-088]
RZ1|106|1|OP15-088|0|47|1|2|1|1|0|0|0
RZ1|CHK|106|1|47|3|0|0|10|0|0|0|1|0
[] Drew card from deck: Gerd ["OP17-081">OP17-081]
RZ1|107|1|OP17-081|0|46|1|3|1|1|0|0|0
RZ1|CHK|107|1|46|4|0|0|10|0|0|0|1|0
[] Drew card from deck: Usopp ["OP17-080">OP17-080]
RZ1|108|1|OP17-080|0|45|1|4|1|1|0|0|0
RZ1|CHK|108|1|45|5|0|0|10|0|0|0|1|0
RZ1|109|1|OP17-093|0|44|3|0|1|0|0|0|0
RZ1|CHK|109|1|44|5|0|1|10|0|0|0|1|0
RZ1|110|1|OP17-080|0|43|3|1|1|0|0|0|0
RZ1|CHK|110|1|43|5|0|2|10|0|0|0|1|0
RZ1|111|1|OP17-080|0|42|3|2|1|0|0|0|0
RZ1|CHK|111|1|42|5|0|3|10|0|0|0|1|0
RZ1|112|1|OP15-088|0|41|3|3|1|0|0|0|0
RZ1|CHK|112|1|41|5|0|4|10|0|0|0|1|0
RZ1|113|1|OP17-082|0|40|3|4|1|0|0|0|0
RZ1|CHK|113|1|40|5|0|5|10|0|0|0|1|0
[] Hand after Mulligan: [OP17-082,OP17-095,OP15-088,OP17-081,OP17-080]
[You] Mulligan
RZ1|114|2|OP17-048|1|0|0|45|0|0|0|0|0
RZ1|CHK|114|2|46|4|0|0|10|0|0|0|1|0
RZ1|115|2|OP17-118|1|0|0|46|0|0|0|0|0
RZ1|CHK|115|2|47|3|0|0|10|0|0|0|1|0
RZ1|116|2|OP17-042|1|0|0|47|0|0|0|0|0
RZ1|CHK|116|2|48|2|0|0|10|0|0|0|1|0
RZ1|117|2|OP17-118|1|0|0|48|0|0|0|0|0
RZ1|CHK|117|2|49|1|0|0|10|0|0|0|1|0
RZ1|118|2|OP17-049|1|0|0|49|0|0|0|0|0
RZ1|CHK|118|2|50|0|0|0|10|0|0|0|1|0
RZ1|119|2|OP17-048|0|39|0|0|0|0|0|0|0
RZ1|CHK|119|2|50|0|0|0|10|0|0|0|1|0
RZ1|120|2|OP17-040|0|6|0|1|0|0|0|0|0
RZ1|CHK|120|2|50|0|0|0|10|0|0|0|1|0
RZ1|121|2|OP17-043|0|6|0|2|0|0|0|0|0
RZ1|CHK|121|2|50|0|0|0|10|0|0|0|1|0
RZ1|122|2|OP08-051|0|29|0|3|0|0|0|0|0
RZ1|CHK|122|2|50|0|0|0|10|0|0|0|1|0
RZ1|123|2|OP17-054|0|8|0|4|0|0|0|0|0
RZ1|CHK|123|2|50|0|0|0|10|0|0|0|1|0
RZ1|124|2|OP17-048|0|13|0|5|0|0|0|0|0
RZ1|CHK|124|2|50|0|0|0|10|0|0|0|1|0
RZ1|125|2|OP17-055|0|12|0|6|0|0|0|0|0
RZ1|CHK|125|2|50|0|0|0|10|0|0|0|1|0
RZ1|126|2|OP17-048|0|37|0|7|0|0|0|0|0
RZ1|CHK|126|2|50|0|0|0|10|0|0|0|1|0
RZ1|127|2|OP17-056|0|30|0|8|0|0|0|0|0
RZ1|CHK|127|2|50|0|0|0|10|0|0|0|1|0
RZ1|128|2|OP17-050|0|21|0|9|0|0|0|0|0
RZ1|CHK|128|2|50|0|0|0|10|0|0|0|1|0
RZ1|129|2|OP17-118|0|48|0|10|0|0|0|0|0
RZ1|CHK|129|2|50|0|0|0|10|0|0|0|1|0
RZ1|130|2|OP17-049|0|26|0|11|0|0|0|0|0
RZ1|CHK|130|2|50|0|0|0|10|0|0|0|1|0
RZ1|131|2|OP17-049|0|49|0|12|0|0|0|0|0
RZ1|CHK|131|2|50|0|0|0|10|0|0|0|1|0
RZ1|132|2|OP17-045|0|40|0|13|0|0|0|0|0
RZ1|CHK|132|2|50|0|0|0|10|0|0|0|1|0
RZ1|133|2|OP17-040|0|28|0|14|0|0|0|0|0
RZ1|CHK|133|2|50|0|0|0|10|0|0|0|1|0
RZ1|134|2|OP17-052|0|42|0|15|0|0|0|0|0
RZ1|CHK|134|2|50|0|0|0|10|0|0|0|1|0
RZ1|135|2|OP17-044|0|42|0|16|0|0|0|0|0
RZ1|CHK|135|2|50|0|0|0|10|0|0|0|1|0
RZ1|136|2|OP17-055|0|46|0|17|0|0|0|0|0
RZ1|CHK|136|2|50|0|0|0|10|0|0|0|1|0
RZ1|137|2|OP17-118|0|25|0|18|0|0|0|0|0
RZ1|CHK|137|2|50|0|0|0|10|0|0|0|1|0
RZ1|138|2|OP17-048|0|47|0|19|0|0|0|0|0
RZ1|CHK|138|2|50|0|0|0|10|0|0|0|1|0
RZ1|139|2|OP17-046|0|31|0|20|0|0|0|0|0
RZ1|CHK|139|2|50|0|0|0|10|0|0|0|1|0
RZ1|140|2|OP17-049|0|38|0|21|0|0|0|0|0
RZ1|CHK|140|2|50|0|0|0|10|0|0|0|1|0
RZ1|141|2|OP17-046|0|46|0|22|0|0|0|0|0
RZ1|CHK|141|2|50|0|0|0|10|0|0|0|1|0
RZ1|142|2|OP17-054|0|36|0|23|0|0|0|0|0
RZ1|CHK|142|2|50|0|0|0|10|0|0|0|1|0
RZ1|143|2|OP17-041|0|31|0|24|0|0|0|0|0
RZ1|CHK|143|2|50|0|0|0|10|0|0|0|1|0
RZ1|144|2|OP17-045|0|43|0|25|0|0|0|0|0
RZ1|CHK|144|2|50|0|0|0|10|0|0|0|1|0
RZ1|145|2|OP17-054|0|27|0|26|0|0|0|0|0
RZ1|CHK|145|2|50|0|0|0|10|0|0|0|1|0
RZ1|146|2|OP17-045|0|40|0|27|0|0|0|0|0
RZ1|CHK|146|2|50|0|0|0|10|0|0|0|1|0
RZ1|147|2|OP17-056|0|37|0|28|0|0|0|0|0
RZ1|CHK|147|2|50|0|0|0|10|0|0|0|1|0
RZ1|148|2|OP17-055|0|47|0|29|0|0|0|0|0
RZ1|CHK|148|2|50|0|0|0|10|0|0|0|1|0
RZ1|149|2|OP17-049|0|45|0|31|0|0|0|0|0
RZ1|CHK|149|2|50|0|0|0|10|0|0|0|1|0
RZ1|150|2|OP17-057|0|41|0|32|0|0|0|0|0
RZ1|CHK|150|2|50|0|0|0|10|0|0|0|1|0
RZ1|151|2|OP17-040|0|40|0|33|0|0|0|0|0
RZ1|CHK|151|2|50|0|0|0|10|0|0|0|1|0
RZ1|152|2|OP17-046|0|43|0|34|0|0|0|0|0
RZ1|CHK|152|2|50|0|0|0|10|0|0|0|1|0
RZ1|153|2|OP17-044|0|43|0|35|0|0|0|0|0
RZ1|CHK|153|2|50|0|0|0|10|0|0|0|1|0
RZ1|154|2|OP08-051|0|42|0|36|0|0|0|0|0
RZ1|CHK|154|2|50|0|0|0|10|0|0|0|1|0
RZ1|155|2|OP17-055|0|40|0|37|0|0|0|0|0
RZ1|CHK|155|2|50|0|0|0|10|0|0|0|1|0
RZ1|156|2|OP17-046|0|47|0|38|0|0|0|0|0
RZ1|CHK|156|2|50|0|0|0|10|0|0|0|1|0
RZ1|157|2|OP17-053|0|42|0|39|0|0|0|0|0
RZ1|CHK|157|2|50|0|0|0|10|0|0|0|1|0
RZ1|158|2|OP17-050|0|43|0|40|0|0|0|0|0
RZ1|CHK|158|2|50|0|0|0|10|0|0|0|1|0
RZ1|159|2|OP17-050|0|46|0|42|0|0|0|0|0
RZ1|CHK|159|2|50|0|0|0|10|0|0|0|1|0
RZ1|160|2|OP17-050|0|45|0|43|0|0|0|0|0
RZ1|CHK|160|2|50|0|0|0|10|0|0|0|1|0
RZ1|161|2|OP17-040|0|47|0|44|0|0|0|0|0
RZ1|CHK|161|2|50|0|0|0|10|0|0|0|1|0
RZ1|162|2|OP08-051|0|47|0|45|0|0|0|0|0
RZ1|CHK|162|2|50|0|0|0|10|0|0|0|1|0
RZ1|163|2|OP17-118|0|48|0|47|0|0|0|0|0
RZ1|CHK|163|2|50|0|0|0|10|0|0|0|1|0
[] Drew card from deck: Kaido ["OP17-042">OP17-042]
RZ1|164|2|OP17-042|0|49|1|0|1|1|0|0|0
RZ1|CHK|164|2|49|1|0|0|10|0|0|0|1|0
[] Drew card from deck: Stussy ["OP17-054">OP17-054]
RZ1|165|2|OP17-054|0|48|1|1|1|1|0|0|0
RZ1|CHK|165|2|48|2|0|0|10|0|0|0|1|0
[] Drew card from deck: Rocks D. Xebec ["OP17-118">OP17-118]
RZ1|166|2|OP17-118|0|47|1|2|1|1|0|0|0
RZ1|CHK|166|2|47|3|0|0|10|0|0|0|1|0
[] Drew card from deck: Rocks Pirates ["OP17-056">OP17-056]
RZ1|167|2|OP17-056|0|46|1|3|1|1|0|0|0
RZ1|CHK|167|2|46|4|0|0|10|0|0|0|1|0
[] Drew card from deck: Buckin ["OP08-051">OP08-051]
RZ1|168|2|OP08-051|0|45|1|4|1|1|0|0|0
RZ1|CHK|168|2|45|5|0|0|10|0|0|0|1|0
RZ1|169|2|OP17-040|0|44|3|0|0|1|0|0|0
RZ1|CHK|169|2|44|5|0|1|10|0|0|0|1|0
RZ1|170|2|OP17-050|0|43|3|1|0|1|0|0|0
RZ1|CHK|170|2|43|5|0|2|10|0|0|0|1|0
RZ1|171|2|OP17-050|0|42|3|2|0|1|0|0|0
RZ1|CHK|171|2|42|5|0|3|10|0|0|0|1|0
RZ1|172|2|OP17-118|0|41|3|3|0|1|0|0|0
RZ1|CHK|172|2|41|5|0|4|10|0|0|0|1|0
RZ1|173|2|OP17-050|0|40|3|4|0|1|0|0|0
RZ1|CHK|173|2|40|5|0|5|10|0|0|0|1|0
[] Hand after Mulligan: [OP17-042,OP17-054,OP17-118,OP17-056,OP08-051]
[Opponent] Mulligan
[] Hand: [OP17-082,OP17-095,OP15-088,OP17-081,OP17-080]
[] Board: []
[] Trash: []
[] Life: 5
[] Hand: [OP17-042,OP17-054,OP17-118,OP17-056,OP08-051]
[] Trash: []
[] Board: []
[] Life: 5
RZ1|174|1|Don|4|9|5|0|1|1|0|0|0
RZ1|CHK|174|1|40|5|0|5|9|1|0|0|1|0
[You] Draw 1 Don
[] Hand: [OP17-082,OP17-095,OP15-088,OP17-081,OP17-080]
[] Board: []
[] Trash: []
[] Life: 5
[] Hand: [OP17-042,OP17-054,OP17-118,OP17-056,OP08-051]
[] Trash: []
[] Board: []
[] Life: 5
[You] End Turn
[] Hand: [OP17-042,OP17-054,OP17-118,OP17-056,OP08-051]
[] Board: []
[] Trash: []
[] Life: 5
[] Hand: [OP17-082,OP17-095,OP15-088,OP17-081,OP17-080]
[] Trash: []
[] Board: []
[] Life: 5
[Opponent] Draw 1 Card
[] Drew card from deck: Barbell ["OP17-053">OP17-053]
RZ1|175|2|OP17-053|0|39|1|5|1|1|0|0|0
RZ1|CHK|175|2|39|6|0|5|10|0|0|0|1|0
RZ1|176|2|Don|4|9|5|0|1|1|0|0|0
RZ1|CHK|176|2|39|6|0|5|9|1|0|0|1|0
RZ1|177|2|Don|4|8|5|1|1|1|0|0|0
RZ1|CHK|177|2|39|6|0|5|8|2|0|0|1|0
[Opponent] Draw 2 Don
[] Hand: [OP17-042,OP17-054,OP17-118,OP17-056,OP08-051,OP17-053]
[] Board: []
[] Trash: []
[] Life: 5
[] Hand: [OP17-082,OP17-095,OP15-088,OP17-081,OP17-080]
[] Trash: []
[] Board: []
[] Life: 5
[Opponent] End Turn
[] Hand: [OP17-082,OP17-095,OP15-088,OP17-081,OP17-080]
[] Board: []
[] Trash: []
[] Life: 5
[] Hand: [OP17-042,OP17-054,OP17-118,OP17-056,OP08-051,OP17-053]
[] Trash: []
[] Board: []
[] Life: 5
[You] Draw 1 Card
[] Drew card from deck: Ground Death ["OP14-096">OP14-096]
RZ1|178|1|OP14-096|0|39|1|5|1|1|0|0|0
RZ1|CHK|178|1|39|6|0|5|9|1|0|0|1|0
RZ1|179|1|Don|4|8|5|1|1|1|0|0|0
RZ1|CHK|179|1|39|6|0|5|8|2|0|0|1|0
RZ1|180|1|Don|4|7|5|2|1|1|0|0|0
RZ1|CHK|180|1|39|6|0|5|7|3|0|0|1|0
[You] Draw 2 Don
RZ1|181|1|Don|5|0|5|0|1|1|1|0|0
RZ1|CHK|181|1|39|6|0|5|7|3|0|0|1|0
RZ1|182|1|Don|5|1|5|1|1|1|1|0|0
RZ1|CHK|182|1|39|6|0|5|7|3|0|0|1|0
[You] Deploy Usopp ["OP17-080">OP17-080]
RZ1|183|1|OP17-080|1|4|2|0|1|1|0|0|0
RZ1|CHK|183|1|39|5|1|5|7|3|0|0|1|0
RZ1|184|1|OP17-089|0|37|1|5|1|1|0|0|0
RZ1|CHK|184|1|38|6|1|5|7|3|0|0|1|0
[You] Usopp ["OP17-080">OP17-080]: <b>Reveal and Draw Jaguar D. Saul ["OP17-089">OP17-089]</b>
[You] Usopp ["OP17-080">OP17-080]: Trash 2 Remaining Cards
RZ1|185|1|OP17-083|0|37|6|0|1|1|0|0|0
RZ1|CHK|185|1|37|6|1|5|7|3|1|0|1|0
RZ1|186|1|ST01-011|0|36|6|1|1|1|0|0|0
RZ1|CHK|186|1|36|6|1|5|7|3|2|0|1|0
[You] Attach 1 Don to Sabo ["OP13-004">OP13-004] (1 Total)
RZ1|187|1|Don|5|2|9|9900|1|1|0|0|0
RZ1|CHK|187|1|36|6|1|5|7|2|2|0|1|1
[You] Sabo ["OP13-004">OP13-004] attacking Rocks D. Xebec ["OP17-039">OP17-039]
Sabo ["OP13-004">OP13-004][5000] vs Rocks D. Xebec ["OP17-039">OP17-039][5000]
Rocks D. Xebec ["OP17-039">OP17-039] hit for 1 damage
RZ1|188|2|OP17-050|3|4|1|6|1|1|0|0|0
RZ1|CHK|188|2|39|7|0|4|8|2|0|0|1|0
[] Hand: [OP17-082,OP17-095,OP15-088,OP17-081,OP14-096,OP17-089]
[] Board: [OP17-080]
[] Trash: [OP17-083,ST01-011]
[] Life: 5
[] Hand: [OP17-042,OP17-054,OP17-118,OP17-056,OP08-051,OP17-053,OP17-050]
[] Trash: []
[] Board: []
[] Life: 4
[You] End Turn
[] Hand: [OP17-042,OP17-054,OP17-118,OP17-056,OP08-051,OP17-053,OP17-050]
[] Board: []
[] Trash: []
[] Life: 4
[] Hand: [OP17-082,OP17-095,OP15-088,OP17-081,OP14-096,OP17-089]
[] Trash: [OP17-083,ST01-011]
[] Board: [OP17-080]
[] Life: 5
[Opponent] Draw 1 Card
[] Drew card from deck: Gloriosa ["OP17-046">OP17-046]
RZ1|189|2|OP17-046|0|38|1|7|1|1|0|0|0
RZ1|CHK|189|2|38|8|0|4|8|2|0|0|1|0
RZ1|190|2|Don|4|7|5|2|1|1|0|0|0
RZ1|CHK|190|2|38|8|0|4|7|3|0|0|1|0
RZ1|191|2|Don|4|6|5|3|1|1|0|0|0
RZ1|CHK|191|2|38|8|0|4|6|4|0|0|1|0
[Opponent] Draw 2 Don
RZ1|192|2|Don|5|0|5|0|1|1|1|0|0
RZ1|CHK|192|2|38|8|0|4|6|4|0|0|1|0
RZ1|193|2|Don|5|1|5|1|1|1|1|0|0
RZ1|CHK|193|2|38|8|0|4|6|4|0|0|1|0
RZ1|194|2|Don|5|2|5|2|1|1|1|0|0
RZ1|CHK|194|2|38|8|0|4|6|4|0|0|1|0
RZ1|195|2|Don|5|3|5|3|1|1|1|0|0
RZ1|CHK|195|2|38|8|0|4|6|4|0|0|1|0
[Opponent] Deploy Kaido ["OP17-042">OP17-042]
RZ1|196|2|OP17-042|1|0|2|0|1|1|0|0|0
RZ1|CHK|196|2|38|7|1|4|6|4|0|0|1|0
[Opponent] Kaido ["OP17-042">OP17-042] revealed: Rocks D. Xebec ["OP17-118">OP17-118]
[Opponent] Kaido ["OP17-042">OP17-042] revealed: Barbell ["OP17-053">OP17-053]
[Opponent] Kaido ["OP17-042">OP17-042] revealed: Stussy ["OP17-054">OP17-054]
[Opponent] Forcing opponent to resolve Card Action!
[You] Forcing opponent to resolve Card Action!
[Opponent] Kaido ["OP17-042">OP17-042]: Buff Usopp ["OP17-080">OP17-080] -3000
[Opponent] Rocks D. Xebec ["OP17-039">OP17-039] attacking Sabo ["OP13-004">OP13-004]
Rocks D. Xebec ["OP17-039">OP17-039][5000] vs Sabo ["OP13-004">OP13-004][4000]
Sabo ["OP13-004">OP13-004] hit for 1 damage
RZ1|197|1|OP17-082|3|4|1|6|1|1|0|0|0
RZ1|CHK|197|1|36|7|1|4|7|2|2|0|1|1
RZ1|198|2|OP17-056|1|2|6|0|1|1|0|0|0
RZ1|CHK|198|2|38|6|1|4|6|4|1|0|1|0
[] Hand: [OP17-054,OP17-118,OP08-051,OP17-053,OP17-050,OP17-046]
[] Board: [OP17-042]
[] Trash: [OP17-056]
[] Life: 4
[] Hand: [OP17-082,OP17-095,OP15-088,OP17-081,OP14-096,OP17-089,OP17-082]
[] Trash: [OP17-083,ST01-011]
[] Board: [OP17-080]
[] Life: 4
[Opponent] End Turn
[] Hand: [OP17-082,OP17-095,OP15-088,OP17-081,OP14-096,OP17-089,OP17-082]
[] Board: [OP17-080]
[] Trash: [OP17-083,ST01-011]
[] Life: 4
[] Hand: [OP17-054,OP17-118,OP08-051,OP17-053,OP17-050,OP17-046]
[] Trash: [OP17-056]
[] Board: [OP17-042]
[] Life: 4
RZ1|199|1|Don|9|9900|5|0|1|1|1|0|0
RZ1|CHK|199|1|36|7|1|4|7|3|2|0|1|0
[You] Draw 1 Card
[] Drew card from deck: Gerd ["OP17-081">OP17-081]
RZ1|200|1|OP17-081|0|35|1|7|1|1|0|0|0
RZ1|CHK|200|1|35|8|1|4|7|3|2|0|1|0
RZ1|201|1|Don|4|6|5|3|1|1|0|0|0
RZ1|CHK|201|1|35|8|1|4|6|4|2|0|1|0
RZ1|202|1|Don|4|5|5|4|1|1|0|0|0
RZ1|CHK|202|1|35|8|1|4|5|5|2|0|1|0
[You] Draw 2 Don
RZ1|203|1|Don|5|0|5|0|1|1|1|0|0
RZ1|CHK|203|1|35|8|1|4|5|5|2|0|1|0
RZ1|204|1|Don|5|1|5|1|1|1|1|0|0
RZ1|CHK|204|1|35|8|1|4|5|5|2|0|1|0
RZ1|205|1|Don|5|2|5|2|1|1|1|0|0
RZ1|CHK|205|1|35|8|1|4|5|5|2|0|1|0
RZ1|206|1|Don|5|3|5|3|1|1|1|0|0
RZ1|CHK|206|1|35|8|1|4|5|5|2|0|1|0
[You] Deploy Jaguar D. Saul ["OP17-089">OP17-089]
RZ1|207|1|OP17-089|1|5|2|1|1|1|0|0|12
RZ1|CHK|207|1|35|7|2|4|5|5|2|0|1|0
RZ1|208|1|OP17-119|0|33|1|7|1|1|0|0|0
RZ1|CHK|208|1|34|8|2|4|5|5|2|0|1|0
[You] Jaguar D. Saul ["OP17-089">OP17-089]: <b>Reveal and Draw Loki ["OP17-119">OP17-119]</b>
[You] Jaguar D. Saul ["OP17-089">OP17-089]: Trash 2 Remaining Cards
RZ1|209|1|OP17-086|0|33|6|2|1|1|0|0|0
RZ1|CHK|209|1|33|8|2|4|5|5|3|0|1|0
RZ1|210|1|OP17-095|0|32|6|3|1|1|0|0|0
RZ1|CHK|210|1|32|8|2|4|5|5|4|0|1|0
[You] Usopp ["OP17-080">OP17-080] attacking Rocks D. Xebec ["OP17-039">OP17-039]
[Opponent] Discard Buckin ["OP08-051">OP08-051] for Counter 1000
RZ1|211|2|OP08-051|1|2|6|1|1|1|0|0|0
RZ1|CHK|211|2|38|5|1|4|6|4|2|0|1|0
Usopp ["OP17-080">OP17-080][5000] vs Rocks D. Xebec ["OP17-039">OP17-039][6000]
Attack Fails
[You] Attach 1 Don to Sabo ["OP13-004">OP13-004] (1 Total)
RZ1|212|1|Don|5|4|9|9900|1|1|0|0|0
RZ1|CHK|212|1|32|8|2|4|5|4|4|0|1|1
[You] Sabo ["OP13-004">OP13-004] attacking Rocks D. Xebec ["OP17-039">OP17-039]
Sabo ["OP13-004">OP13-004][6000] vs Rocks D. Xebec ["OP17-039">OP17-039][5000]
Rocks D. Xebec ["OP17-039">OP17-039] hit for 1 damage
RZ1|213|2|OP17-118|3|3|1|5|1|1|0|0|0
RZ1|CHK|213|2|38|6|1|3|6|4|2|0|1|0
[] Hand: [OP17-082,OP17-095,OP15-088,OP17-081,OP14-096,OP17-082,OP17-081,OP17-119]
[] Board: [OP17-080,OP17-089]
[] Trash: [OP17-083,ST01-011,OP17-086,OP17-095]
[] Life: 4
[] Hand: [OP17-054,OP17-118,OP17-053,OP17-050,OP17-046,OP17-118]
[] Trash: [OP17-056,OP08-051]
[] Board: [OP17-042]
[] Life: 3
[You] End Turn
[] Hand: [OP17-054,OP17-118,OP17-053,OP17-050,OP17-046,OP17-118]
[] Board: [OP17-042]
[] Trash: [OP17-056,OP08-051]
[] Life: 3
[] Hand: [OP17-082,OP17-095,OP15-088,OP17-081,OP14-096,OP17-082,OP17-081,OP17-119]
[] Trash: [OP17-083,ST01-011,OP17-086,OP17-095]
[] Board: [OP17-080,OP17-089]
[] Life: 4
[Opponent] Draw 1 Card
[] Drew card from deck: There's No Authority in the World ["OP17-055">OP17-055]
RZ1|214|2|OP17-055|0|37|1|6|1|1|0|0|0
RZ1|CHK|214|2|37|7|1|3|6|4|2|0|1|0
RZ1|215|2|Don|4|5|5|4|1|1|0|0|0
RZ1|CHK|215|2|37|7|1|3|5|5|2|0|1|0
RZ1|216|2|Don|4|4|5|5|1|1|0|0|0
RZ1|CHK|216|2|37|7|1|3|4|6|2|0|1|0
[Opponent] Draw 2 Don
RZ1|217|2|Don|5|0|5|0|1|1|1|0|0
RZ1|CHK|217|2|37|7|1|3|4|6|2|0|1|0
RZ1|218|2|Don|5|1|5|1|1|1|1|0|0
RZ1|CHK|218|2|37|7|1|3|4|6|2|0|1|0
RZ1|219|2|Don|5|2|5|2|1|1|1|0|0
RZ1|CHK|219|2|37|7|1|3|4|6|2|0|1|0
RZ1|220|2|Don|5|3|5|3|1|1|1|0|0
RZ1|CHK|220|2|37|7|1|3|4|6|2|0|1|0
RZ1|221|2|Don|5|4|5|4|1|1|1|0|0
RZ1|CHK|221|2|37|7|1|3|4|6|2|0|1|0
[Opponent] Deploy Barbell ["OP17-053">OP17-053]
RZ1|222|2|OP17-053|1|2|2|1|1|1|0|0|0
RZ1|CHK|222|2|37|6|2|3|4|6|2|0|1|0
RZ1|223|2|Don|5|5|9|9900|1|1|0|0|0
RZ1|CHK|223|2|37|6|2|3|4|5|2|0|1|1
[Opponent] Attach 1 Don to Rocks D. Xebec ["OP17-039">OP17-039] (1 Total)
[Opponent] Rocks D. Xebec ["OP17-039">OP17-039] attacking Sabo ["OP13-004">OP13-004]
RZ1|224|2|OP17-118|1|4|6|2|1|1|0|0|0
RZ1|CHK|224|2|37|5|2|3|4|5|3|0|1|1
[Opponent] Rocks D. Xebec ["OP17-039">OP17-039]: Trash Rocks D. Xebec ["OP17-118">OP17-118]
RZ1|225|2|OP08-051|0|36|0|36|0|0|0|0|0
RZ1|CHK|225|2|37|5|2|3|4|5|3|0|1|1
[Opponent] Rocks D. Xebec ["OP17-039">OP17-039] revealed: Buckin ["OP08-051">OP08-051]
[] Drew card from deck: Buckin ["OP08-051">OP08-051]
RZ1|226|2|OP08-051|0|36|1|5|1|1|0|0|0
RZ1|CHK|226|2|36|6|2|3|4|5|3|0|1|1
[] Drew card from deck: Captain John ["OP17-044">OP17-044]
RZ1|227|2|OP17-044|0|35|1|6|1|1|0|0|0
RZ1|CHK|227|2|35|7|2|3|4|5|3|0|1|1
[Opponent] Rocks D. Xebec ["OP17-039">OP17-039]: Draw 2 Card
[You] Discard Gerd ["OP17-081">OP17-081] for Counter 2000
RZ1|228|1|OP17-081|1|6|6|4|1|1|0|0|0
RZ1|CHK|228|1|32|7|2|4|5|4|5|0|1|1
Rocks D. Xebec ["OP17-039">OP17-039][6000] vs Sabo ["OP13-004">OP13-004][7000]
Attack Fails
[Opponent] Kaido ["OP17-042">OP17-042] attacking Sabo ["OP13-004">OP13-004]
[You] Discard Roronoa Zoro ["OP17-095">OP17-095] for Counter 2000
RZ1|229|1|OP17-095|1|1|6|5|1|1|0|0|0
RZ1|CHK|229|1|32|6|2|4|5|4|6|0|1|1
Kaido ["OP17-042">OP17-042][6000] vs Sabo ["OP13-004">OP13-004][7000]
Attack Fails
RZ1|230|2|OP17-055|1|4|6|3|1|1|0|0|0
RZ1|CHK|230|2|35|6|2|3|4|5|4|0|1|1
[] Hand: [OP17-054,OP17-118,OP17-050,OP17-046,OP08-051,OP17-044]
[] Board: [OP17-042,OP17-053]
[] Trash: [OP17-056,OP08-051,OP17-118,OP17-055]
[] Life: 3
[] Hand: [OP17-082,OP15-088,OP17-081,OP14-096,OP17-082,OP17-119]
[] Trash: [OP17-083,ST01-011,OP17-086,OP17-095,OP17-081,OP17-095]
[] Board: [OP17-080,OP17-089]
[] Life: 4
[Opponent] End Turn
[] Hand: [OP17-082,OP15-088,OP17-081,OP14-096,OP17-082,OP17-119]
[] Board: [OP17-080,OP17-089]
[] Trash: [OP17-083,ST01-011,OP17-086,OP17-095,OP17-081,OP17-095]
[] Life: 4
[] Hand: [OP17-054,OP17-118,OP17-050,OP17-046,OP08-051,OP17-044]
[] Trash: [OP17-056,OP08-051,OP17-118,OP17-055]
[] Board: [OP17-042,OP17-053]
[] Life: 3
RZ1|231|1|Don|9|9900|5|0|1|1|1|0|0
RZ1|CHK|231|1|32|6|2|4|5|5|6|0|1|0
[You] Draw 1 Card
[] Drew card from deck: Monkey D. Luffy ["OP17-093">OP17-093]
RZ1|232|1|OP17-093|0|31|1|6|1|1|0|0|0
RZ1|CHK|232|1|31|7|2|4|5|5|6|0|1|0
RZ1|233|1|Don|4|4|5|5|1|1|0|0|0
RZ1|CHK|233|1|31|7|2|4|4|6|6|0|1|0
RZ1|234|1|Don|4|3|5|6|1|1|0|0|0
RZ1|CHK|234|1|31|7|2|4|3|7|6|0|1|0
[You] Draw 2 Don
RZ1|235|1|Don|5|0|5|0|1|1|1|0|0
RZ1|CHK|235|1|31|7|2|4|3|7|6|0|1|0
RZ1|236|1|Don|5|1|5|1|1|1|1|0|0
RZ1|CHK|236|1|31|7|2|4|3|7|6|0|1|0
RZ1|237|1|Don|5|2|5|2|1|1|1|0|0
RZ1|CHK|237|1|31|7|2|4|3|7|6|0|1|0
RZ1|238|1|Don|5|3|5|3|1|1|1|0|0
RZ1|CHK|238|1|31|7|2|4|3|7|6|0|1|0
RZ1|239|1|Don|5|4|5|4|1|1|1|0|0
RZ1|CHK|239|1|31|7|2|4|3|7|6|0|1|0
RZ1|240|1|Don|5|5|5|5|1|1|1|0|0
RZ1|CHK|240|1|31|7|2|4|3|7|6|0|1|0
[You] Deploy Loki ["OP17-119">OP17-119]
RZ1|241|1|OP17-119|1|5|2|2|1|1|0|0|12
RZ1|CHK|241|1|31|6|3|4|3|7|6|0|1|0
[You] Loki ["OP17-119">OP17-119]: Destroy Kaido ["OP17-042">OP17-042]
RZ1|242|2|OP17-042|2|0|6|4|1|1|0|0|0
RZ1|CHK|242|2|35|6|1|3|4|5|5|0|1|1
[You] Attach 1 Don to Sabo ["OP13-004">OP13-004] (1 Total)
RZ1|243|1|Don|5|6|9|9900|1|1|0|0|0
RZ1|CHK|243|1|31|6|3|4|3|6|6|0|1|1
[You] Usopp ["OP17-080">OP17-080] attacking Rocks D. Xebec ["OP17-039">OP17-039]
Usopp ["OP17-080">OP17-080][6000] vs Rocks D. Xebec ["OP17-039">OP17-039][5000]
Rocks D. Xebec ["OP17-039">OP17-039] hit for 1 damage
RZ1|244|2|OP17-050|3|2|1|6|1|1|0|0|0
RZ1|CHK|244|2|35|7|1|2|4|5|5|0|1|1
[You] Jaguar D. Saul ["OP17-089">OP17-089] attacking Rocks D. Xebec ["OP17-039">OP17-039]
Jaguar D. Saul ["OP17-089">OP17-089][7000] vs Rocks D. Xebec ["OP17-039">OP17-039][5000]
Rocks D. Xebec ["OP17-039">OP17-039] hit for 1 damage
RZ1|245|2|OP17-050|3|1|1|7|1|1|0|0|0
RZ1|CHK|245|2|35|8|1|1|4|5|5|0|1|1
[You] Sabo ["OP13-004">OP13-004] attacking Rocks D. Xebec ["OP17-039">OP17-039]
Sabo ["OP13-004">OP13-004][6000] vs Rocks D. Xebec ["OP17-039">OP17-039][5000]
Rocks D. Xebec ["OP17-039">OP17-039] hit for 1 damage
RZ1|246|2|OP17-040|3|0|1|8|1|1|0|0|0
RZ1|CHK|246|2|35|9|1|0|4|5|5|0|1|1
[] Hand: [OP17-082,OP15-088,OP17-081,OP14-096,OP17-082,OP17-093]
[] Board: [OP17-080,OP17-089,OP17-119]
[] Trash: [OP17-083,ST01-011,OP17-086,OP17-095,OP17-081,OP17-095]
[] Life: 4
[] Hand: [OP17-054,OP17-118,OP17-050,OP17-046,OP08-051,OP17-044,OP17-050,OP17-050,OP17-040]
[] Trash: [OP17-056,OP08-051,OP17-118,OP17-055,OP17-042]
[] Board: [OP17-053]
[] Life: 0
[You] End Turn
[] Hand: [OP17-054,OP17-118,OP17-050,OP17-046,OP08-051,OP17-044,OP17-050,OP17-050,OP17-040]
[] Board: [OP17-053]
[] Trash: [OP17-056,OP08-051,OP17-118,OP17-055,OP17-042]
[] Life: 0
[] Hand: [OP17-082,OP15-088,OP17-081,OP14-096,OP17-082,OP17-093]
[] Trash: [OP17-083,ST01-011,OP17-086,OP17-095,OP17-081,OP17-095]
[] Board: [OP17-080,OP17-089,OP17-119]
[] Life: 4
RZ1|247|2|Don|9|9900|5|0|1|1|1|0|0
RZ1|CHK|247|2|35|9|1|0|4|6|5|0|1|0
[Opponent] Draw 1 Card
[] Drew card from deck: Gloriosa ["OP17-046">OP17-046]
RZ1|248|2|OP17-046|0|34|1|9|1|1|0|0|0
RZ1|CHK|248|2|34|10|1|0|4|6|5|0|1|0
RZ1|249|2|Don|4|3|5|6|1|1|0|0|0
RZ1|CHK|249|2|34|10|1|0|3|7|5|0|1|0
RZ1|250|2|Don|4|2|5|7|1|1|0|0|0
RZ1|CHK|250|2|34|10|1|0|2|8|5|0|1|0
[Opponent] Draw 2 Don
RZ1|251|2|Don|5|0|5|0|1|1|1|0|0
RZ1|CHK|251|2|34|10|1|0|2|8|5|0|1|0
RZ1|252|2|Don|5|1|5|1|1|1|1|0|0
RZ1|CHK|252|2|34|10|1|0|2|8|5|0|1|0
RZ1|253|2|Don|5|2|5|2|1|1|1|0|0
RZ1|CHK|253|2|34|10|1|0|2|8|5|0|1|0
RZ1|254|2|Don|5|3|5|3|1|1|1|0|0
RZ1|CHK|254|2|34|10|1|0|2|8|5|0|1|0
RZ1|255|2|Don|5|4|5|4|1|1|1|0|0
RZ1|CHK|255|2|34|10|1|0|2|8|5|0|1|0
RZ1|256|2|Don|5|5|5|5|1|1|1|0|0
RZ1|CHK|256|2|34|10|1|0|2|8|5|0|1|0
[Opponent] Deploy Edward Newgate ["OP17-040">OP17-040]
RZ1|257|2|OP17-040|1|8|2|1|1|1|0|0|0
RZ1|CHK|257|2|34|9|2|0|2|8|5|0|1|0
[] Drew card from deck: Edward Newgate ["OP17-040">OP17-040]
RZ1|258|2|OP17-040|0|33|1|9|1|1|0|0|0
RZ1|CHK|258|2|33|10|2|0|2|8|5|0|1|0
[Opponent] Edward Newgate ["OP17-040">OP17-040]: Draw 1 Card
RZ1|259|2|Don|5|6|9|9900|1|1|0|0|0
RZ1|CHK|259|2|33|10|2|0|2|7|5|0|1|1
RZ1|260|2|Don|5|6|9|9901|1|1|0|0|0
RZ1|CHK|260|2|33|10|2|0|2|6|5|0|1|2
[Opponent] Attach 2 Don to Rocks D. Xebec ["OP17-039">OP17-039] (2 Total)
[Opponent] Rocks D. Xebec ["OP17-039">OP17-039] attacking Sabo ["OP13-004">OP13-004]
RZ1|261|2|OP17-118|1|1|6|5|1|1|0|0|0
RZ1|CHK|261|2|33|9|2|0|2|6|6|0|1|2
[Opponent] Rocks D. Xebec ["OP17-039">OP17-039]: Trash Rocks D. Xebec ["OP17-118">OP17-118]
RZ1|262|2|OP17-057|0|32|0|32|0|0|0|0|0
RZ1|CHK|262|2|33|9|2|0|2|6|6|0|1|2
[Opponent] Rocks D. Xebec ["OP17-039">OP17-039] revealed: Fullalead ["OP17-057">OP17-057]
[] Drew card from deck: Fullalead ["OP17-057">OP17-057]
RZ1|263|2|OP17-057|0|32|1|9|1|1|0|0|0
RZ1|CHK|263|2|32|10|2|0|2|6|6|0|1|2
[] Drew card from deck: Charlotte Linlin ["OP17-049">OP17-049]
RZ1|264|2|OP17-049|0|31|1|10|1|1|0|0|0
RZ1|CHK|264|2|31|11|2|0|2|6|6|0|1|2
[Opponent] Rocks D. Xebec ["OP17-039">OP17-039]: Draw 2 Card
RZ1|265|2|OP17-040|1|8|6|6|1|1|0|0|0
RZ1|CHK|265|2|31|10|2|0|2|6|7|0|1|2
[Opponent] Edward Newgate ["OP17-040">OP17-040]: Trash Edward Newgate ["OP17-040">OP17-040]
[Opponent] Edward Newgate ["OP17-040">OP17-040]: Buff Rocks D. Xebec ["OP17-039">OP17-039] 3000 for the Combat
Rocks D. Xebec ["OP17-039">OP17-039][10000] vs Sabo ["OP13-004">OP13-004][5000]
Sabo ["OP13-004">OP13-004] hit for 1 damage
RZ1|266|1|OP15-088|3|3|1|6|1|1|0|0|0
RZ1|CHK|266|1|31|7|3|3|3|6|6|0|1|1
[] Hand: [OP17-054,OP17-050,OP17-046,OP08-051,OP17-044,OP17-050,OP17-050,OP17-046,OP17-057,OP17-049]
[] Board: [OP17-053,OP17-040]
[] Trash: [OP17-056,OP08-051,OP17-118,OP17-055,OP17-042,OP17-118,OP17-040]
[] Life: 0
[] Hand: [OP17-082,OP15-088,OP17-081,OP14-096,OP17-082,OP17-093,OP15-088]
[] Trash: [OP17-083,ST01-011,OP17-086,OP17-095,OP17-081,OP17-095]
[] Board: [OP17-080,OP17-089,OP17-119]
[] Life: 3
[Opponent] End Turn
[] Hand: [OP17-082,OP15-088,OP17-081,OP14-096,OP17-082,OP17-093,OP15-088]
[] Board: [OP17-080,OP17-089,OP17-119]
[] Trash: [OP17-083,ST01-011,OP17-086,OP17-095,OP17-081,OP17-095]
[] Life: 3
[] Hand: [OP17-054,OP17-050,OP17-046,OP08-051,OP17-044,OP17-050,OP17-050,OP17-046,OP17-057,OP17-049]
[] Trash: [OP17-056,OP08-051,OP17-118,OP17-055,OP17-042,OP17-118,OP17-040]
[] Board: [OP17-053,OP17-040]
[] Life: 0
RZ1|267|1|Don|9|9900|5|0|1|1|1|0|0
RZ1|CHK|267|1|31|7|3|3|3|7|6|0|1|0
[You] Draw 1 Card
[] Drew card from deck: Roronoa Zoro ["OP17-095">OP17-095]
RZ1|268|1|OP17-095|0|30|1|7|1|1|0|0|0
RZ1|CHK|268|1|30|8|3|3|3|7|6|0|1|0
RZ1|269|1|Don|4|2|5|7|1|1|0|0|0
RZ1|CHK|269|1|30|8|3|3|2|8|6|0|1|0
RZ1|270|1|Don|4|1|5|8|1|1|0|0|0
RZ1|CHK|270|1|30|8|3|3|1|9|6|0|1|0
[You] Draw 2 Don
RZ1|271|1|Don|5|0|5|0|1|1|1|0|0
RZ1|CHK|271|1|30|8|3|3|1|9|6|0|1|0
RZ1|272|1|Don|5|1|5|1|1|1|1|0|0
RZ1|CHK|272|1|30|8|3|3|1|9|6|0|1|0
RZ1|273|1|Don|5|2|5|2|1|1|1|0|0
RZ1|CHK|273|1|30|8|3|3|1|9|6|0|1|0
RZ1|274|1|Don|5|3|5|3|1|1|1|0|0
RZ1|CHK|274|1|30|8|3|3|1|9|6|0|1|0
RZ1|275|1|Don|5|4|5|4|1|1|1|0|0
RZ1|CHK|275|1|30|8|3|3|1|9|6|0|1|0
RZ1|276|1|Don|5|5|5|5|1|1|1|0|0
RZ1|CHK|276|1|30|8|3|3|1|9|6|0|1|0
RZ1|277|1|Don|5|6|5|6|1|1|1|0|0
RZ1|CHK|277|1|30|8|3|3|1|9|6|0|1|0
RZ1|278|1|Don|5|7|5|7|1|1|1|0|0
RZ1|CHK|278|1|30|8|3|3|1|9|6|0|1|0
[You] Deploy Monkey D. Luffy ["OP17-093">OP17-093]
RZ1|279|1|OP17-093|1|5|2|3|1|1|0|0|0
RZ1|CHK|279|1|30|7|4|3|1|9|6|0|1|0
[] Drew card from deck: Nami ["OP01-016">OP01-016]
RZ1|280|1|OP01-016|0|29|1|7|1|1|0|0|0
RZ1|CHK|280|1|29|8|4|3|1|9|6|0|1|0
[You] Monkey D. Luffy ["OP17-093">OP17-093]: Draw 1 Card
[You] Monkey D. Luffy ["OP17-093">OP17-093]: Deployed Gerd ["OP17-081">OP17-081] from Trash
RZ1|281|1|OP17-081|6|4|2|4|1|1|0|0|0
RZ1|CHK|281|1|29|8|5|3|1|9|5|0|1|0
RZ1|282|1|OP15-088|1|5|6|5|1|1|0|0|0
RZ1|CHK|282|1|29|7|5|3|1|9|6|0|1|0
[You] Gerd ["OP17-081">OP17-081]: Trash Pirate Docking 6 ["OP15-088">OP15-088]
[You] <b>Draw Roronoa Zoro ["OP17-095">OP17-095] from Trash</b>
RZ1|283|1|OP17-095|6|3|1|7|1|1|0|0|0
RZ1|CHK|283|1|29|8|5|3|1|9|5|0|1|0
[You] Usopp ["OP17-080">OP17-080] attacking Rocks D. Xebec ["OP17-039">OP17-039]
[Opponent] Discard Buckin ["OP08-051">OP08-051] for Counter 1000
RZ1|284|2|OP08-051|1|3|6|7|1|1|0|0|0
RZ1|CHK|284|2|31|9|2|0|2|6|8|0|1|2
Usopp ["OP17-080">OP17-080][5000] vs Rocks D. Xebec ["OP17-039">OP17-039][6000]
Attack Fails
[You] Attach 1 Don to Sabo ["OP13-004">OP13-004] (1 Total)
RZ1|285|1|Don|5|8|9|9900|1|1|0|0|0
RZ1|CHK|285|1|29|8|5|3|1|8|5|0|1|1
[You] Sabo ["OP13-004">OP13-004] attacking Rocks D. Xebec ["OP17-039">OP17-039]
Sabo ["OP13-004">OP13-004][7000] vs Rocks D. Xebec ["OP17-039">OP17-039][5000]
Rocks D. Xebec ["OP17-039">OP17-039] hit for 1 damage
[Opponent] <b>Downloaded the Combat Log!</b>
GameOver
