Version is 1.44a.24
[You] Leader is Sabo ["OP13-004">OP13-004]
RZ1|HDR|1.44a|2|RZ1
RZ1|PLY|1||OP13-004
RZ1|PLY|2||
[Opponent] Leader is Rocks D. Xebec ["OP17-039">OP17-039]
RZ1|1|2|OP17-046|0|21|0|0|0|0|0|0|0
RZ1|CHK|1|2|50|0|0|0|10|0|0|0|1|0
RZ1|2|2|OP17-118|0|40|0|1|0|0|0|0|0
RZ1|CHK|2|2|50|0|0|0|10|0|0|0|1|0
RZ1|3|2|OP17-041|0|17|0|2|0|0|0|0|0
RZ1|CHK|3|2|50|0|0|0|10|0|0|0|1|0
RZ1|4|2|OP17-050|0|6|0|3|0|0|0|0|0
RZ1|CHK|4|2|50|0|0|0|10|0|0|0|1|0
RZ1|5|2|OP17-118|0|39|0|4|0|0|0|0|0
RZ1|CHK|5|2|50|0|0|0|10|0|0|0|1|0
RZ1|6|2|OP17-057|0|49|0|5|0|0|0|0|0
RZ1|CHK|6|2|50|0|0|0|10|0|0|0|1|0
RZ1|7|2|OP17-043|0|26|0|6|0|0|0|0|0
RZ1|CHK|7|2|50|0|0|0|10|0|0|0|1|0
RZ1|8|2|OP17-054|0|19|0|7|0|0|0|0|0
RZ1|CHK|8|2|50|0|0|0|10|0|0|0|1|0
RZ1|9|2|OP17-050|0|11|0|8|0|0|0|0|0
RZ1|CHK|9|2|50|0|0|0|10|0|0|0|1|0
RZ1|10|2|OP17-050|0|13|0|9|0|0|0|0|0
RZ1|CHK|10|2|50|0|0|0|10|0|0|0|1|0
RZ1|11|2|OP17-048|0|38|0|10|0|0|0|0|0
RZ1|CHK|11|2|50|0|0|0|10|0|0|0|1|0
RZ1|12|2|OP08-051|0|13|0|11|0|0|0|0|0
RZ1|CHK|12|2|50|0|0|0|10|0|0|0|1|0
RZ1|13|2|OP17-055|0|42|0|12|0|0|0|0|0
RZ1|CHK|13|2|50|0|0|0|10|0|0|0|1|0
RZ1|14|2|OP17-054|0|20|0|13|0|0|0|0|0
RZ1|CHK|14|2|50|0|0|0|10|0|0|0|1|0
RZ1|15|2|OP17-040|0|36|0|14|0|0|0|0|0
RZ1|CHK|15|2|50|0|0|0|10|0|0|0|1|0
RZ1|16|2|OP17-056|0|48|0|15|0|0|0|0|0
RZ1|CHK|16|2|50|0|0|0|10|0|0|0|1|0
RZ1|17|2|OP17-044|0|26|0|17|0|0|0|0|0
RZ1|CHK|17|2|50|0|0|0|10|0|0|0|1|0
RZ1|18|2|OP17-055|0|45|0|18|0|0|0|0|0
RZ1|CHK|18|2|50|0|0|0|10|0|0|0|1|0
RZ1|19|2|OP17-050|0|20|0|19|0|0|0|0|0
RZ1|CHK|19|2|50|0|0|0|10|0|0|0|1|0
RZ1|20|2|OP17-048|0|42|0|20|0|0|0|0|0
RZ1|CHK|20|2|50|0|0|0|10|0|0|0|1|0
RZ1|21|2|OP17-040|0|38|0|21|0|0|0|0|0
RZ1|CHK|21|2|50|0|0|0|10|0|0|0|1|0
RZ1|22|2|OP17-045|0|23|0|22|0|0|0|0|0
RZ1|CHK|22|2|50|0|0|0|10|0|0|0|1|0
RZ1|23|2|OP17-042|0|29|0|23|0|0|0|0|0
RZ1|CHK|23|2|50|0|0|0|10|0|0|0|1|0
RZ1|24|2|OP17-044|0|30|0|24|0|0|0|0|0
RZ1|CHK|24|2|50|0|0|0|10|0|0|0|1|0
RZ1|25|2|OP17-055|0|46|0|25|0|0|0|0|0
RZ1|CHK|25|2|50|0|0|0|10|0|0|0|1|0
RZ1|26|2|OP17-048|0|42|0|26|0|0|0|0|0
RZ1|CHK|26|2|50|0|0|0|10|0|0|0|1|0
RZ1|27|2|OP17-049|0|36|0|27|0|0|0|0|0
RZ1|CHK|27|2|50|0|0|0|10|0|0|0|1|0
RZ1|28|2|OP17-046|0|34|0|28|0|0|0|0|0
RZ1|CHK|28|2|50|0|0|0|10|0|0|0|1|0
RZ1|29|2|OP17-045|0|31|0|29|0|0|0|0|0
RZ1|CHK|29|2|50|0|0|0|10|0|0|0|1|0
RZ1|30|2|OP17-056|0|48|0|30|0|0|0|0|0
RZ1|CHK|30|2|50|0|0|0|10|0|0|0|1|0
RZ1|31|2|OP17-118|0|45|0|31|0|0|0|0|0
RZ1|CHK|31|2|50|0|0|0|10|0|0|0|1|0
RZ1|32|2|OP17-053|0|42|0|32|0|0|0|0|0
RZ1|CHK|32|2|50|0|0|0|10|0|0|0|1|0
RZ1|33|2|OP17-045|0|34|0|33|0|0|0|0|0
RZ1|CHK|33|2|50|0|0|0|10|0|0|0|1|0
RZ1|34|2|OP17-056|0|48|0|34|0|0|0|0|0
RZ1|CHK|34|2|50|0|0|0|10|0|0|0|1|0
RZ1|35|2|OP17-046|0|40|0|35|0|0|0|0|0
RZ1|CHK|35|2|50|0|0|0|10|0|0|0|1|0
RZ1|36|2|OP17-054|0|38|0|36|0|0|0|0|0
RZ1|CHK|36|2|50|0|0|0|10|0|0|0|1|0
RZ1|37|2|OP17-040|0|45|0|37|0|0|0|0|0
RZ1|CHK|37|2|50|0|0|0|10|0|0|0|1|0
RZ1|38|2|OP17-052|0|39|0|38|0|0|0|0|0
RZ1|CHK|38|2|50|0|0|0|10|0|0|0|1|0
RZ1|39|2|OP17-118|0|47|0|39|0|0|0|0|0
RZ1|CHK|39|2|50|0|0|0|10|0|0|0|1|0
RZ1|40|2|OP17-049|0|43|0|40|0|0|0|0|0
RZ1|CHK|40|2|50|0|0|0|10|0|0|0|1|0
RZ1|41|2|OP17-056|0|49|0|41|0|0|0|0|0
RZ1|CHK|41|2|50|0|0|0|10|0|0|0|1|0
RZ1|42|2|OP17-040|0|47|0|42|0|0|0|0|0
RZ1|CHK|42|2|50|0|0|0|10|0|0|0|1|0
RZ1|43|2|OP17-048|0|48|0|43|0|0|0|0|0
RZ1|CHK|43|2|50|0|0|0|10|0|0|0|1|0
RZ1|44|2|OP17-049|0|48|0|44|0|0|0|0|0
RZ1|CHK|44|2|50|0|0|0|10|0|0|0|1|0
RZ1|45|2|OP17-055|0|49|0|45|0|0|0|0|0
RZ1|CHK|45|2|50|0|0|0|10|0|0|0|1|0
RZ1|46|2|OP17-054|0|47|0|46|0|0|0|0|0
RZ1|CHK|46|2|50|0|0|0|10|0|0|0|1|0
[] Drew card from deck: Nico Robin ["OP17-087">OP17-087]
RZ1|47|1|OP17-087|0|49|1|0|1|1|0|0|0
RZ1|CHK|47|1|49|1|0|0|10|0|0|0|1|0
[] Drew card from deck: Jaguar D. Saul ["OP17-089">OP17-089]
RZ1|48|1|OP17-089|0|48|1|1|1|1|0|0|0
RZ1|CHK|48|1|48|2|0|0|10|0|0|0|1|0
[] Drew card from deck: Sanji ["OP17-082">OP17-082]
RZ1|49|1|OP17-082|0|47|1|2|1|1|0|0|0
RZ1|CHK|49|1|47|3|0|0|10|0|0|0|1|0
[] Drew card from deck: Nami ["OP17-086">OP17-086]
RZ1|50|1|OP17-086|0|46|1|3|1|1|0|0|0
RZ1|CHK|50|1|46|4|0|0|10|0|0|0|1|0
[] Drew card from deck: Monkey D. Luffy ["OP17-093">OP17-093]
RZ1|51|1|OP17-093|0|45|1|4|1|1|0|0|0
RZ1|CHK|51|1|45|5|0|0|10|0|0|0|1|0
[] Drew card from deck: Charlotte Linlin ["OP17-049">OP17-049]
RZ1|52|2|OP17-049|0|49|1|0|1|1|0|0|0
RZ1|CHK|52|2|49|1|0|0|10|0|0|0|1|0
[] Drew card from deck: Gloriosa ["OP17-046">OP17-046]
RZ1|53|2|OP17-046|0|48|1|1|1|1|0|0|0
RZ1|CHK|53|2|48|2|0|0|10|0|0|0|1|0
[] Drew card from deck: Buckin ["OP08-051">OP08-051]
RZ1|54|2|OP08-051|0|47|1|2|1|1|0|0|0
RZ1|CHK|54|2|47|3|0|0|10|0|0|0|1|0
[] Drew card from deck: Stussy ["OP17-054">OP17-054]
RZ1|55|2|OP17-054|0|46|1|3|1|1|0|0|0
RZ1|CHK|55|2|46|4|0|0|10|0|0|0|1|0
[] Drew card from deck: There's No Authority in the World ["OP17-055">OP17-055]
RZ1|56|2|OP17-055|0|45|1|4|1|1|0|0|0
RZ1|CHK|56|2|45|5|0|0|10|0|0|0|1|0
RZ1|57|1|OP17-087|1|0|0|45|0|0|0|0|0
RZ1|CHK|57|1|46|4|0|0|10|0|0|0|1|0
RZ1|58|1|OP17-089|1|0|0|46|0|0|0|0|0
RZ1|CHK|58|1|47|3|0|0|10|0|0|0|1|0
RZ1|59|1|OP17-082|1|0|0|47|0|0|0|0|0
RZ1|CHK|59|1|48|2|0|0|10|0|0|0|1|0
RZ1|60|1|OP17-086|1|0|0|48|0|0|0|0|0
RZ1|CHK|60|1|49|1|0|0|10|0|0|0|1|0
RZ1|61|1|OP17-093|1|0|0|49|0|0|0|0|0
RZ1|CHK|61|1|50|0|0|0|10|0|0|0|1|0
RZ1|62|1|OP15-088|0|34|0|0|0|0|0|0|0
RZ1|CHK|62|1|50|0|0|0|10|0|0|0|1|0
RZ1|63|1|OP17-093|0|11|0|1|0|0|0|0|0
RZ1|CHK|63|1|50|0|0|0|10|0|0|0|1|0
RZ1|64|1|ST01-011|0|12|0|2|0|0|0|0|0
RZ1|CHK|64|1|50|0|0|0|10|0|0|0|1|0
RZ1|65|1|OP17-119|0|5|0|3|0|0|0|0|0
RZ1|CHK|65|1|50|0|0|0|10|0|0|0|1|0
RZ1|66|1|OP15-088|0|44|0|4|0|0|0|0|0
RZ1|CHK|66|1|50|0|0|0|10|0|0|0|1|0
RZ1|67|1|ST01-011|0|41|0|5|0|0|0|0|0
RZ1|CHK|67|1|50|0|0|0|10|0|0|0|1|0
RZ1|68|1|OP17-082|0|19|0|6|0|0|0|0|0
RZ1|CHK|68|1|50|0|0|0|10|0|0|0|1|0
RZ1|69|1|OP17-084|0|23|0|7|0|0|0|0|0
RZ1|CHK|69|1|50|0|0|0|10|0|0|0|1|0
RZ1|70|1|OP01-016|0|30|0|9|0|0|0|0|0
RZ1|CHK|70|1|50|0|0|0|10|0|0|0|1|0
RZ1|71|1|OP04-016|0|25|0|10|0|0|0|0|0
RZ1|CHK|71|1|50|0|0|0|10|0|0|0|1|0
RZ1|72|1|OP17-082|0|33|0|11|0|0|0|0|0
RZ1|CHK|72|1|50|0|0|0|10|0|0|0|1|0
RZ1|73|1|OP17-080|0|26|0|12|0|0|0|0|0
RZ1|CHK|73|1|50|0|0|0|10|0|0|0|1|0
RZ1|74|1|OP17-093|0|32|0|13|0|0|0|0|0
RZ1|CHK|74|1|50|0|0|0|10|0|0|0|1|0
RZ1|75|1|OP17-095|0|31|0|14|0|0|0|0|0
RZ1|CHK|75|1|50|0|0|0|10|0|0|0|1|0
RZ1|76|1|OP17-083|0|41|0|15|0|0|0|0|0
RZ1|CHK|76|1|50|0|0|0|10|0|0|0|1|0
RZ1|77|1|EB04-007|0|35|0|16|0|0|0|0|0
RZ1|CHK|77|1|50|0|0|0|10|0|0|0|1|0
RZ1|78|1|OP17-083|0|36|0|17|0|0|0|0|0
RZ1|CHK|78|1|50|0|0|0|10|0|0|0|1|0
RZ1|79|1|OP14-096|0|38|0|18|0|0|0|0|0
RZ1|CHK|79|1|50|0|0|0|10|0|0|0|1|0
RZ1|80|1|OP17-080|0|34|0|19|0|0|0|0|0
RZ1|CHK|80|1|50|0|0|0|10|0|0|0|1|0
RZ1|81|1|OP17-095|0|32|0|20|0|0|0|0|0
RZ1|CHK|81|1|50|0|0|0|10|0|0|0|1|0
RZ1|82|1|EB04-007|0|40|0|21|0|0|0|0|0
RZ1|CHK|82|1|50|0|0|0|10|0|0|0|1|0
RZ1|83|1|OP17-080|0|29|0|22|0|0|0|0|0
RZ1|CHK|83|1|50|0|0|0|10|0|0|0|1|0
RZ1|84|1|OP17-089|0|44|0|23|0|0|0|0|0
RZ1|CHK|84|1|50|0|0|0|10|0|0|0|1|0
RZ1|85|1|OP17-087|0|45|0|24|0|0|0|0|0
RZ1|CHK|85|1|50|0|0|0|10|0|0|0|1|0
RZ1|86|1|OP17-080|0|39|0|25|0|0|0|0|0
RZ1|CHK|86|1|50|0|0|0|10|0|0|0|1|0
RZ1|87|1|OP17-087|0|38|0|26|0|0|0|0|0
RZ1|CHK|87|1|50|0|0|0|10|0|0|0|1|0
RZ1|88|1|OP01-016|0|33|0|27|0|0|0|0|0
RZ1|CHK|88|1|50|0|0|0|10|0|0|0|1|0
RZ1|89|1|OP17-082|0|44|0|28|0|0|0|0|0
RZ1|CHK|89|1|50|0|0|0|10|0|0|0|1|0
RZ1|90|1|OP17-089|0|46|0|29|0|0|0|0|0
RZ1|CHK|90|1|50|0|0|0|10|0|0|0|1|0
RZ1|91|1|OP17-089|0|44|0|30|0|0|0|0|0
RZ1|CHK|91|1|50|0|0|0|10|0|0|0|1|0
RZ1|92|1|OP17-082|0|47|0|31|0|0|0|0|0
RZ1|CHK|92|1|50|0|0|0|10|0|0|0|1|0
RZ1|93|1|OP17-089|0|45|0|32|0|0|0|0|0
RZ1|CHK|93|1|50|0|0|0|10|0|0|0|1|0
RZ1|94|1|OP17-093|0|49|0|34|0|0|0|0|0
RZ1|CHK|94|1|50|0|0|0|10|0|0|0|1|0
RZ1|95|1|OP17-087|0|38|0|35|0|0|0|0|0
RZ1|CHK|95|1|50|0|0|0|10|0|0|0|1|0
RZ1|96|1|OP17-086|0|39|0|36|0|0|0|0|0
RZ1|CHK|96|1|50|0|0|0|10|0|0|0|1|0
RZ1|97|1|OP17-119|0|39|0|37|0|0|0|0|0
RZ1|CHK|97|1|50|0|0|0|10|0|0|0|1|0
RZ1|98|1|OP17-093|0|41|0|38|0|0|0|0|0
RZ1|CHK|98|1|50|0|0|0|10|0|0|0|1|0
RZ1|99|1|OP04-016|0|47|0|39|0|0|0|0|0
RZ1|CHK|99|1|50|0|0|0|10|0|0|0|1|0
RZ1|100|1|OP15-088|0|44|0|40|0|0|0|0|0
RZ1|CHK|100|1|50|0|0|0|10|0|0|0|1|0
RZ1|101|1|OP17-119|0|47|0|42|0|0|0|0|0
RZ1|CHK|101|1|50|0|0|0|10|0|0|0|1|0
RZ1|102|1|OP17-084|0|45|0|43|0|0|0|0|0
RZ1|CHK|102|1|50|0|0|0|10|0|0|0|1|0
RZ1|103|1|OP14-096|0|48|0|46|0|0|0|0|0
RZ1|CHK|103|1|50|0|0|0|10|0|0|0|1|0
RZ1|104|1|OP17-086|0|49|0|48|0|0|0|0|0
RZ1|CHK|104|1|50|0|0|0|10|0|0|0|1|0
[] Drew card from deck: Brook ["ST01-011">ST01-011]
RZ1|105|1|ST01-011|0|49|1|0|1|1|0|0|0
RZ1|CHK|105|1|49|1|0|0|10|0|0|0|1|0
[] Drew card from deck: Nami ["OP17-086">OP17-086]
RZ1|106|1|OP17-086|0|48|1|1|1|1|0|0|0
RZ1|CHK|106|1|48|2|0|0|10|0|0|0|1|0
[] Drew card from deck: Roronoa Zoro ["OP17-095">OP17-095]
RZ1|107|1|OP17-095|0|47|1|2|1|1|0|0|0
RZ1|CHK|107|1|47|3|0|0|10|0|0|0|1|0
[] Drew card from deck: Ground Death ["OP14-096">OP14-096]
RZ1|108|1|OP14-096|0|46|1|3|1|1|0|0|0
RZ1|CHK|108|1|46|4|0|0|10|0|0|0|1|0
[] Drew card from deck: Roronoa Zoro ["OP17-095">OP17-095]
RZ1|109|1|OP17-095|0|45|1|4|1|1|0|0|0
RZ1|CHK|109|1|45|5|0|0|10|0|0|0|1|0
RZ1|110|1|OP17-119|0|44|3|0|1|0|0|0|0
RZ1|CHK|110|1|44|5|0|1|10|0|0|0|1|0
RZ1|111|1|OP17-084|0|43|3|1|1|0|0|0|0
RZ1|CHK|111|1|43|5|0|2|10|0|0|0|1|0
RZ1|112|1|OP17-119|0|42|3|2|1|0|0|0|0
RZ1|CHK|112|1|42|5|0|3|10|0|0|0|1|0
RZ1|113|1|OP17-087|0|41|3|3|1|0|0|0|0
RZ1|CHK|113|1|41|5|0|4|10|0|0|0|1|0
RZ1|114|1|OP15-088|0|40|3|4|1|0|0|0|0
RZ1|CHK|114|1|40|5|0|5|10|0|0|0|1|0
[] Hand after Mulligan: [ST01-011,OP17-086,OP17-095,OP14-096,OP17-095]
[You] Mulligan
RZ1|115|2|OP17-049|0|44|3|0|0|1|0|0|0
RZ1|CHK|115|2|44|5|0|1|10|0|0|0|1|0
RZ1|116|2|OP17-048|0|43|3|1|0|1|0|0|0
RZ1|CHK|116|2|43|5|0|2|10|0|0|0|1|0
RZ1|117|2|OP17-040|0|42|3|2|0|1|0|0|0
RZ1|CHK|117|2|42|5|0|3|10|0|0|0|1|0
RZ1|118|2|OP17-056|0|41|3|3|0|1|0|0|0
RZ1|CHK|118|2|41|5|0|4|10|0|0|0|1|0
RZ1|119|2|OP17-049|0|40|3|4|0|1|0|0|0
RZ1|CHK|119|2|40|5|0|5|10|0|0|0|1|0
[] Hand: [ST01-011,OP17-086,OP17-095,OP14-096,OP17-095]
[] Board: []
[] Trash: []
[] Life: 5
[] Hand: [OP17-049,OP17-046,OP08-051,OP17-054,OP17-055]
[] Trash: []
[] Board: []
[] Life: 5
RZ1|120|1|Don|4|9|5|0|1|1|0|0|0
RZ1|CHK|120|1|40|5|0|5|9|1|0|0|1|0
[You] Draw 1 Don
RZ1|121|1|Don|5|0|5|0|1|1|1|0|0
RZ1|CHK|121|1|40|5|0|5|9|1|0|0|1|0
[You] Deploy Nami ["OP17-086">OP17-086]
RZ1|122|1|OP17-086|1|1|2|0|1|1|0|0|0
RZ1|CHK|122|1|40|4|1|5|9|1|0|0|1|0
RZ1|123|1|OP17-095|1|3|6|0|1|1|0|0|0
RZ1|CHK|123|1|40|3|1|5|9|1|1|0|1|0
[You] Nami ["OP17-086">OP17-086]: Trash Roronoa Zoro ["OP17-095">OP17-095]
[] Drew card from deck: Bad Manners Kick Course ["OP04-016">OP04-016]
RZ1|124|1|OP04-016|0|39|1|3|1|1|0|0|0
RZ1|CHK|124|1|39|4|1|5|9|1|1|0|1|0
[] Drew card from deck: Monkey D. Luffy ["OP17-093">OP17-093]
RZ1|125|1|OP17-093|0|38|1|4|1|1|0|0|0
RZ1|CHK|125|1|38|5|1|5|9|1|1|0|1|0
[You] Nami ["OP17-086">OP17-086]: Draw 2 Card
[] Hand: [ST01-011,OP17-095,OP14-096,OP04-016,OP17-093]
[] Board: [OP17-086]
[] Trash: [OP17-095]
[] Life: 5
[] Hand: [OP17-049,OP17-046,OP08-051,OP17-054,OP17-055]
[] Trash: []
[] Board: []
[] Life: 5
[You] End Turn
[] Hand: [OP17-049,OP17-046,OP08-051,OP17-054,OP17-055]
[] Board: []
[] Trash: []
[] Life: 5
[] Hand: [ST01-011,OP17-095,OP14-096,OP04-016,OP17-093]
[] Trash: [OP17-095]
[] Board: [OP17-086]
[] Life: 5
[Opponent] Draw 1 Card
[] Drew card from deck: Rocks D. Xebec ["OP17-118">OP17-118]
RZ1|126|2|OP17-118|0|39|1|5|1|1|0|0|0
RZ1|CHK|126|2|39|6|0|5|10|0|0|0|1|0
RZ1|127|2|Don|4|9|5|0|1|1|0|0|0
RZ1|CHK|127|2|39|6|0|5|9|1|0|0|1|0
RZ1|128|2|Don|4|8|5|1|1|1|0|0|0
RZ1|CHK|128|2|39|6|0|5|8|2|0|0|1|0
[Opponent] Draw 2 Don
[] Hand: [OP17-049,OP17-046,OP08-051,OP17-054,OP17-055,OP17-118]
[] Board: []
[] Trash: []
[] Life: 5
[] Hand: [ST01-011,OP17-095,OP14-096,OP04-016,OP17-093]
[] Trash: [OP17-095]
[] Board: [OP17-086]
[] Life: 5
[Opponent] End Turn
[] Hand: [ST01-011,OP17-095,OP14-096,OP04-016,OP17-093]
[] Board: [OP17-086]
[] Trash: [OP17-095]
[] Life: 5
[] Hand: [OP17-049,OP17-046,OP08-051,OP17-054,OP17-055,OP17-118]
[] Trash: []
[] Board: []
[] Life: 5
[You] Draw 1 Card
[] Drew card from deck: Loki ["OP17-119">OP17-119]
RZ1|129|1|OP17-119|0|37|1|5|1|1|0|0|0
RZ1|CHK|129|1|37|6|1|5|9|1|1|0|1|0
RZ1|130|1|Don|4|8|5|1|1|1|0|0|0
RZ1|CHK|130|1|37|6|1|5|8|2|1|0|1|0
RZ1|131|1|Don|4|7|5|2|1|1|0|0|0
RZ1|CHK|131|1|37|6|1|5|7|3|1|0|1|0
[You] Draw 2 Don
RZ1|132|1|Don|5|0|5|0|1|1|1|0|0
RZ1|CHK|132|1|37|6|1|5|7|3|1|0|1|0
RZ1|133|1|Don|5|1|5|1|1|1|1|0|0
RZ1|CHK|133|1|37|6|1|5|7|3|1|0|1|0
[You] Deploy Brook ["ST01-011">ST01-011]
RZ1|134|1|ST01-011|1|0|2|1|1|1|0|0|0
RZ1|CHK|134|1|37|5|2|5|7|3|1|0|1|0
[You] Brook ["ST01-011">ST01-011]: Attach 1 Rested Don to Sabo ["OP13-004">OP13-004]
RZ1|135|1|Don|5|0|9|9900|1|1|1|0|0
RZ1|CHK|135|1|37|5|2|5|7|2|1|0|1|1
[You] Brook ["ST01-011">ST01-011]: Attach 1 Rested Don to Sabo ["OP13-004">OP13-004]
RZ1|136|1|Don|5|0|9|9901|1|1|1|0|0
RZ1|CHK|136|1|37|5|2|5|7|1|1|0|1|2
[You] Sabo ["OP13-004">OP13-004] attacking Rocks D. Xebec ["OP17-039">OP17-039]
Sabo ["OP13-004">OP13-004][6000] vs Rocks D. Xebec ["OP17-039">OP17-039][5000]
Rocks D. Xebec ["OP17-039">OP17-039] hit for 1 damage
RZ1|137|2|OP17-049|3|4|1|6|1|1|0|0|0
RZ1|CHK|137|2|39|7|0|4|8|2|0|0|1|0
[] Hand: [OP17-095,OP14-096,OP04-016,OP17-093,OP17-119]
[] Board: [OP17-086,ST01-011]
[] Trash: [OP17-095]
[] Life: 5
[] Hand: [OP17-049,OP17-046,OP08-051,OP17-054,OP17-055,OP17-118,OP17-049]
[] Trash: []
[] Board: []
[] Life: 4
[You] End Turn
[] Hand: [OP17-049,OP17-046,OP08-051,OP17-054,OP17-055,OP17-118,OP17-049]
[] Board: []
[] Trash: []
[] Life: 4
[] Hand: [OP17-095,OP14-096,OP04-016,OP17-093,OP17-119]
[] Trash: [OP17-095]
[] Board: [OP17-086,ST01-011]
[] Life: 5
[Opponent] Draw 1 Card
[] Drew card from deck: Don Marlon ["OP17-052">OP17-052]
RZ1|138|2|OP17-052|0|38|1|7|1|1|0|0|0
RZ1|CHK|138|2|38|8|0|4|8|2|0|0|1|0
RZ1|139|2|Don|4|7|5|2|1|1|0|0|0
RZ1|CHK|139|2|38|8|0|4|7|3|0|0|1|0
RZ1|140|2|Don|4|6|5|3|1|1|0|0|0
RZ1|CHK|140|2|38|8|0|4|6|4|0|0|1|0
[Opponent] Draw 2 Don
RZ1|141|2|Don|5|0|5|0|1|1|1|0|0
RZ1|CHK|141|2|38|8|0|4|6|4|0|0|1|0
RZ1|142|2|Don|5|1|5|1|1|1|1|0|0
RZ1|CHK|142|2|38|8|0|4|6|4|0|0|1|0
RZ1|143|2|Don|5|2|5|2|1|1|1|0|0
RZ1|CHK|143|2|38|8|0|4|6|4|0|0|1|0
[Opponent] Deploy Stussy ["OP17-054">OP17-054]
RZ1|144|2|OP17-054|1|3|2|0|1|1|0|0|0
RZ1|CHK|144|2|38|7|1|4|6|4|0|0|1|0
[Opponent] Stussy ["OP17-054">OP17-054]: Brook ["ST01-011">ST01-011] can't attack next turn
RZ1|145|2|Don|5|3|9|9900|1|1|0|0|0
RZ1|CHK|145|2|38|7|1|4|6|3|0|0|1|1
[Opponent] Attach 1 Don to Rocks D. Xebec ["OP17-039">OP17-039] (1 Total)
[Opponent] Rocks D. Xebec ["OP17-039">OP17-039] attacking Sabo ["OP13-004">OP13-004]
RZ1|146|2|OP17-118|1|4|6|0|1|1|0|0|0
RZ1|CHK|146|2|38|6|1|4|6|3|1|0|1|1
[Opponent] Rocks D. Xebec ["OP17-039">OP17-039]: Trash Rocks D. Xebec ["OP17-118">OP17-118]
RZ1|147|2|OP17-040|0|37|0|37|0|0|0|0|0
RZ1|CHK|147|2|38|6|1|4|6|3|1|0|1|1
[Opponent] Rocks D. Xebec ["OP17-039">OP17-039] revealed: Edward Newgate ["OP17-040">OP17-040]
[] Drew card from deck: Edward Newgate ["OP17-040">OP17-040]
RZ1|148|2|OP17-040|0|37|1|6|1|1|0|0|0
RZ1|CHK|148|2|37|7|1|4|6|3|1|0|1|1
[] Drew card from deck: Stussy ["OP17-054">OP17-054]
RZ1|149|2|OP17-054|0|36|1|7|1|1|0|0|0
RZ1|CHK|149|2|36|8|1|4|6|3|1|0|1|1
[Opponent] Rocks D. Xebec ["OP17-039">OP17-039]: Draw 2 Card
Rocks D. Xebec ["OP17-039">OP17-039][6000] vs Sabo ["OP13-004">OP13-004][4000]
Sabo ["OP13-004">OP13-004] hit for 1 damage
RZ1|150|1|OP15-088|3|4|1|5|1|1|0|0|0
RZ1|CHK|150|1|37|6|2|4|7|1|1|0|1|2
[] Hand: [OP17-049,OP17-046,OP08-051,OP17-055,OP17-049,OP17-052,OP17-040,OP17-054]
[] Board: [OP17-054]
[] Trash: [OP17-118]
[] Life: 4
[] Hand: [OP17-095,OP14-096,OP04-016,OP17-093,OP17-119,OP15-088]
[] Trash: [OP17-095]
[] Board: [OP17-086,ST01-011]
[] Life: 4
[Opponent] End Turn
[] Hand: [OP17-095,OP14-096,OP04-016,OP17-093,OP17-119,OP15-088]
[] Board: [OP17-086,ST01-011]
[] Trash: [OP17-095]
[] Life: 4
[] Hand: [OP17-049,OP17-046,OP08-051,OP17-055,OP17-049,OP17-052,OP17-040,OP17-054]
[] Trash: [OP17-118]
[] Board: [OP17-054]
[] Life: 4
RZ1|151|1|Don|9|9900|5|0|1|1|1|0|0
RZ1|CHK|151|1|37|6|2|4|7|2|1|0|1|1
RZ1|152|1|Don|9|9900|5|0|1|1|1|0|0
RZ1|CHK|152|1|37|6|2|4|7|3|1|0|1|0
[You] Draw 1 Card
[] Drew card from deck: Nami ["OP17-086">OP17-086]
RZ1|153|1|OP17-086|0|36|1|6|1|1|0|0|0
RZ1|CHK|153|1|36|7|2|4|7|3|1|0|1|0
RZ1|154|1|Don|4|6|5|3|1|1|0|0|0
RZ1|CHK|154|1|36|7|2|4|6|4|1|0|1|0
RZ1|155|1|Don|4|5|5|4|1|1|0|0|0
RZ1|CHK|155|1|36|7|2|4|5|5|1|0|1|0
[You] Draw 2 Don
RZ1|156|1|Don|5|0|5|0|1|1|1|0|0
RZ1|CHK|156|1|36|7|2|4|5|5|1|0|1|0
RZ1|157|1|Don|5|1|5|1|1|1|1|0|0
RZ1|CHK|157|1|36|7|2|4|5|5|1|0|1|0
RZ1|158|1|Don|5|2|5|2|1|1|1|0|0
RZ1|CHK|158|1|36|7|2|4|5|5|1|0|1|0
RZ1|159|1|Don|5|3|5|3|1|1|1|0|0
RZ1|CHK|159|1|36|7|2|4|5|5|1|0|1|0
RZ1|160|1|Don|5|4|5|4|1|1|1|0|0
RZ1|CHK|160|1|36|7|2|4|5|5|1|0|1|0
[You] Deploy Pirate Docking 6 ["OP15-088">OP15-088]
RZ1|161|1|OP15-088|1|5|2|2|1|1|0|0|6
RZ1|CHK|161|1|36|6|3|4|5|5|1|0|1|0
[You] Pirate Docking 6 ["OP15-088">OP15-088]: Trash 3 Cards from Deck
RZ1|162|1|OP17-087|0|35|6|1|1|1|0|0|0
RZ1|CHK|162|1|35|6|3|4|5|5|2|0|1|0
RZ1|163|1|OP17-093|0|34|6|2|1|1|0|0|0
RZ1|CHK|163|1|34|6|3|4|5|5|3|0|1|0
RZ1|164|1|OP17-081|0|33|6|3|1|1|0|0|0
RZ1|CHK|164|1|33|6|3|4|5|5|4|0|1|0
[You] Pirate Docking 6 ["OP15-088">OP15-088]: Deployed Roronoa Zoro ["OP17-095">OP17-095] from Trash
RZ1|165|1|OP17-095|6|0|2|3|1|1|0|0|0
RZ1|CHK|165|1|33|6|4|4|5|5|3|0|1|0
[You] Brook ["ST01-011">ST01-011] is no longer blocked from attacking
[] Hand: [OP17-095,OP14-096,OP04-016,OP17-093,OP17-119,OP17-086]
[] Board: [OP17-086,ST01-011,OP15-088,OP17-095]
[] Trash: [OP17-087,OP17-093,OP17-081]
[] Life: 4
[] Hand: [OP17-049,OP17-046,OP08-051,OP17-055,OP17-049,OP17-052,OP17-040,OP17-054]
[] Trash: [OP17-118]
[] Board: [OP17-054]
[] Life: 4
[You] End Turn
[] Hand: [OP17-049,OP17-046,OP08-051,OP17-055,OP17-049,OP17-052,OP17-040,OP17-054]
[] Board: [OP17-054]
[] Trash: [OP17-118]
[] Life: 4
[] Hand: [OP17-095,OP14-096,OP04-016,OP17-093,OP17-119,OP17-086]
[] Trash: [OP17-087,OP17-093,OP17-081]
[] Board: [OP17-086,ST01-011,OP15-088,OP17-095]
[] Life: 4
RZ1|166|2|Don|9|9900|5|0|1|1|1|0|0
RZ1|CHK|166|2|36|8|1|4|6|4|1|0|1|0
[Opponent] Draw 1 Card
[] Drew card from deck: Gloriosa ["OP17-046">OP17-046]
RZ1|167|2|OP17-046|0|35|1|8|1|1|0|0|0
RZ1|CHK|167|2|35|9|1|4|6|4|1|0|1|0
RZ1|168|2|Don|4|5|5|4|1|1|0|0|0
RZ1|CHK|168|2|35|9|1|4|5|5|1|0|1|0
RZ1|169|2|Don|4|4|5|5|1|1|0|0|0
RZ1|CHK|169|2|35|9|1|4|4|6|1|0|1|0
[Opponent] Draw 2 Don
RZ1|170|2|Don|5|0|5|0|1|1|1|0|0
RZ1|CHK|170|2|35|9|1|4|4|6|1|0|1|0
RZ1|171|2|Don|5|1|5|1|1|1|1|0|0
RZ1|CHK|171|2|35|9|1|4|4|6|1|0|1|0
RZ1|172|2|Don|5|2|5|2|1|1|1|0|0
RZ1|CHK|172|2|35|9|1|4|4|6|1|0|1|0
RZ1|173|2|Don|5|3|5|3|1|1|1|0|0
RZ1|CHK|173|2|35|9|1|4|4|6|1|0|1|0
RZ1|174|2|Don|5|4|5|4|1|1|1|0|0
RZ1|CHK|174|2|35|9|1|4|4|6|1|0|1|0
RZ1|175|2|Don|5|5|5|5|1|1|1|0|0
RZ1|CHK|175|2|35|9|1|4|4|6|1|0|1|0
[Opponent] Deploy Edward Newgate ["OP17-040">OP17-040]
RZ1|176|2|OP17-040|1|6|2|1|1|1|0|0|0
RZ1|CHK|176|2|35|8|2|4|4|6|1|0|1|0
[] Drew card from deck: Rocks Pirates ["OP17-056">OP17-056]
RZ1|177|2|OP17-056|0|34|1|8|1|1|0|0|0
RZ1|CHK|177|2|34|9|2|4|4|6|1|0|1|0
[Opponent] Edward Newgate ["OP17-040">OP17-040]: Draw 1 Card
[Opponent] Rocks D. Xebec ["OP17-039">OP17-039] attacking Sabo ["OP13-004">OP13-004]
RZ1|178|2|OP17-049|1|0|6|1|1|1|0|0|0
RZ1|CHK|178|2|34|8|2|4|4|6|2|0|1|0
[Opponent] Edward Newgate ["OP17-040">OP17-040]: Trash Charlotte Linlin ["OP17-049">OP17-049]
[Opponent] Edward Newgate ["OP17-040">OP17-040]: Buff Rocks D. Xebec ["OP17-039">OP17-039] 3000 for the Combat
Rocks D. Xebec ["OP17-039">OP17-039][8000] vs Sabo ["OP13-004">OP13-004][4000]
Sabo ["OP13-004">OP13-004] hit for 1 damage
RZ1|179|1|OP17-087|3|3|1|6|1|1|0|0|0
RZ1|CHK|179|1|33|7|4|3|5|5|3|0|1|0
[] Hand: [OP17-046,OP08-051,OP17-055,OP17-049,OP17-052,OP17-054,OP17-046,OP17-056]
[] Board: [OP17-054,OP17-040]
[] Trash: [OP17-118,OP17-049]
[] Life: 4
[] Hand: [OP17-095,OP14-096,OP04-016,OP17-093,OP17-119,OP17-086,OP17-087]
[] Trash: [OP17-087,OP17-093,OP17-081]
[] Board: [OP17-086,ST01-011,OP15-088,OP17-095]
[] Life: 3
[Opponent] End Turn
[] Hand: [OP17-095,OP14-096,OP04-016,OP17-093,OP17-119,OP17-086,OP17-087]
[] Board: [OP17-086,ST01-011,OP15-088,OP17-095]
[] Trash: [OP17-087,OP17-093,OP17-081]
[] Life: 3
[] Hand: [OP17-046,OP08-051,OP17-055,OP17-049,OP17-052,OP17-054,OP17-046,OP17-056]
[] Trash: [OP17-118,OP17-049]
[] Board: [OP17-054,OP17-040]
[] Life: 4
[You] Draw 1 Card
[] Drew card from deck: Jaguar D. Saul ["OP17-089">OP17-089]
RZ1|180|1|OP17-089|0|32|1|7|1|1|0|0|0
RZ1|CHK|180|1|32|8|4|3|5|5|3|0|1|0
RZ1|181|1|Don|4|4|5|5|1|1|0|0|0
RZ1|CHK|181|1|32|8|4|3|4|6|3|0|1|0
RZ1|182|1|Don|4|3|5|6|1|1|0|0|0
RZ1|CHK|182|1|32|8|4|3|3|7|3|0|1|0
[You] Draw 2 Don
RZ1|183|1|Don|5|0|5|0|1|1|1|0|0
RZ1|CHK|183|1|32|8|4|3|3|7|3|0|1|0
RZ1|184|1|Don|5|1|5|1|1|1|1|0|0
RZ1|CHK|184|1|32|8|4|3|3|7|3|0|1|0
RZ1|185|1|Don|5|2|5|2|1|1|1|0|0
RZ1|CHK|185|1|32|8|4|3|3|7|3|0|1|0
RZ1|186|1|Don|5|3|5|3|1|1|1|0|0
RZ1|CHK|186|1|32|8|4|3|3|7|3|0|1|0
RZ1|187|1|Don|5|4|5|4|1|1|1|0|0
RZ1|CHK|187|1|32|8|4|3|3|7|3|0|1|0
RZ1|188|1|Don|5|5|5|5|1|1|1|0|0
RZ1|CHK|188|1|32|8|4|3|3|7|3|0|1|0
[You] Deploy Loki ["OP17-119">OP17-119]
RZ1|189|1|OP17-119|1|4|2|4|1|1|0|0|12
RZ1|CHK|189|1|32|7|5|3|3|7|3|0|1|0
[You] Loki ["OP17-119">OP17-119]: Destroy Stussy ["OP17-054">OP17-054]
RZ1|190|2|OP17-054|2|0|6|2|1|1|0|0|0
RZ1|CHK|190|2|34|8|1|4|4|6|3|0|1|0
[You] Roronoa Zoro ["OP17-095">OP17-095] attacking Rocks D. Xebec ["OP17-039">OP17-039]
RZ1|191|2|OP17-049|1|3|6|3|1|1|0|0|0
RZ1|CHK|191|2|34|7|1|4|4|6|4|0|1|0
[Opponent] Edward Newgate ["OP17-040">OP17-040]: Trash Charlotte Linlin ["OP17-049">OP17-049]
[Opponent] Edward Newgate ["OP17-040">OP17-040]: Buff Rocks D. Xebec ["OP17-039">OP17-039] 3000 for the Combat
Roronoa Zoro ["OP17-095">OP17-095][5000] vs Rocks D. Xebec ["OP17-039">OP17-039][8000]
Attack Fails
[You] Pirate Docking 6 ["OP15-088">OP15-088] attacking Rocks D. Xebec ["OP17-039">OP17-039]
Pirate Docking 6 ["OP15-088">OP15-088][7000] vs Rocks D. Xebec ["OP17-039">OP17-039][5000]
Rocks D. Xebec ["OP17-039">OP17-039] hit for 1 damage
RZ1|192|2|OP17-056|3|3|1|7|1|1|0|0|0
RZ1|CHK|192|2|34|8|1|3|4|6|4|0|1|0
[You] Attach 1 Don to Sabo ["OP13-004">OP13-004] (1 Total)
RZ1|193|1|Don|5|6|9|9900|1|1|0|0|0
RZ1|CHK|193|1|32|7|5|3|3|6|3|0|1|1
[You] Sabo ["OP13-004">OP13-004] attacking Rocks D. Xebec ["OP17-039">OP17-039]
Sabo ["OP13-004">OP13-004][7000] vs Rocks D. Xebec ["OP17-039">OP17-039][5000]
Rocks D. Xebec ["OP17-039">OP17-039] hit for 1 damage
RZ1|194|2|OP17-040|3|2|1|8|1|1|0|0|0
RZ1|CHK|194|2|34|9|1|2|4|6|4|0|1|0
[] Hand: [OP17-095,OP14-096,OP04-016,OP17-093,OP17-086,OP17-087,OP17-089]
[] Board: [OP17-086,ST01-011,OP15-088,OP17-095,OP17-119]
[] Trash: [OP17-087,OP17-093,OP17-081]
[] Life: 3
[] Hand: [OP17-046,OP08-051,OP17-055,OP17-052,OP17-054,OP17-046,OP17-056,OP17-056,OP17-040]
[] Trash: [OP17-118,OP17-049,OP17-054,OP17-049]
[] Board: [OP17-040]
[] Life: 2
[You] End Turn
[] Hand: [OP17-046,OP08-051,OP17-055,OP17-052,OP17-054,OP17-046,OP17-056,OP17-056,OP17-040]
[] Board: [OP17-040]
[] Trash: [OP17-118,OP17-049,OP17-054,OP17-049]
[] Life: 2
[] Hand: [OP17-095,OP14-096,OP04-016,OP17-093,OP17-086,OP17-087,OP17-089]
[] Trash: [OP17-087,OP17-093,OP17-081]
[] Board: [OP17-086,ST01-011,OP15-088,OP17-095,OP17-119]
[] Life: 3
[Opponent] Draw 1 Card
[] Drew card from deck: Kyo ["OP17-045">OP17-045]
RZ1|195|2|OP17-045|0|33|1|9|1|1|0|0|0
RZ1|CHK|195|2|33|10|1|2|4|6|4|0|1|0
RZ1|196|2|Don|4|3|5|6|1|1|0|0|0
RZ1|CHK|196|2|33|10|1|2|3|7|4|0|1|0
RZ1|197|2|Don|4|2|5|7|1|1|0|0|0
RZ1|CHK|197|2|33|10|1|2|2|8|4|0|1|0
[Opponent] Draw 2 Don
RZ1|198|2|Don|5|0|5|0|1|1|1|0|0
RZ1|CHK|198|2|33|10|1|2|2|8|4|0|1|0
RZ1|199|2|Don|5|1|5|1|1|1|1|0|0
RZ1|CHK|199|2|33|10|1|2|2|8|4|0|1|0
RZ1|200|2|Don|5|2|5|2|1|1|1|0|0
RZ1|CHK|200|2|33|10|1|2|2|8|4|0|1|0
RZ1|201|2|Don|5|3|5|3|1|1|1|0|0
RZ1|CHK|201|2|33|10|1|2|2|8|4|0|1|0
RZ1|202|2|Don|5|4|5|4|1|1|1|0|0
RZ1|CHK|202|2|33|10|1|2|2|8|4|0|1|0
RZ1|203|2|Don|5|5|5|5|1|1|1|0|0
RZ1|CHK|203|2|33|10|1|2|2|8|4|0|1|0
[Opponent] Deploy Edward Newgate ["OP17-040">OP17-040]
RZ1|204|2|OP17-040|1|8|2|1|1|1|0|0|0
RZ1|CHK|204|2|33|9|2|2|2|8|4|0|1|0
[] Drew card from deck: Barbell ["OP17-053">OP17-053]
RZ1|205|2|OP17-053|0|32|1|9|1|1|0|0|0
RZ1|CHK|205|2|32|10|2|2|2|8|4|0|1|0
[Opponent] Edward Newgate ["OP17-040">OP17-040]: Draw 1 Card
[Opponent] Edward Newgate ["OP17-040">OP17-040] attacking Sabo ["OP13-004">OP13-004]
RZ1|206|1|OP17-087|1|5|6|3|1|1|0|0|0
RZ1|CHK|206|1|32|6|5|3|3|6|4|0|1|1
[You] Trash Nico Robin ["OP17-087">OP17-087]
RZ1|207|1|OP04-016|1|2|6|4|1|1|0|0|0
RZ1|CHK|207|1|32|5|5|3|3|6|5|0|1|1
[You] Bad Manners Kick Course ["OP04-016">OP04-016]: Counter 3000
Edward Newgate ["OP17-040">OP17-040][8000] vs Sabo ["OP13-004">OP13-004][9000]
Attack Fails
RZ1|208|2|Don|5|6|5|6|1|1|1|0|0
RZ1|CHK|208|2|32|10|2|2|2|8|4|0|1|0
RZ1|209|2|Don|5|7|5|7|1|1|1|0|0
RZ1|CHK|209|2|32|10|2|2|2|8|4|0|1|0
[Opponent] Deploy Kyo ["OP17-045">OP17-045]
RZ1|210|2|OP17-045|1|8|2|2|1|1|0|0|0
RZ1|CHK|210|2|32|9|3|2|2|8|4|0|1|0
[] Drew card from deck: Rocks D. Xebec ["OP17-118">OP17-118]
RZ1|211|2|OP17-118|0|31|1|9|1|1|0|0|0
RZ1|CHK|211|2|31|10|3|2|2|8|4|0|1|0
[Opponent] Kyo ["OP17-045">OP17-045]: Draw 1 Card
[Opponent] Rocks D. Xebec ["OP17-039">OP17-039] attacking Sabo ["OP13-004">OP13-004]
RZ1|212|2|OP17-118|1|9|6|4|1|1|0|0|0
RZ1|CHK|212|2|31|9|3|2|2|8|5|0|1|0
[Opponent] Edward Newgate ["OP17-040">OP17-040]: Trash Rocks D. Xebec ["OP17-118">OP17-118]
[Opponent] Edward Newgate ["OP17-040">OP17-040]: Buff Rocks D. Xebec ["OP17-039">OP17-039] 3000 for the Combat
RZ1|213|2|OP17-053|1|8|6|5|1|1|0|0|0
RZ1|CHK|213|2|31|8|3|2|2|8|6|0|1|0
[Opponent] Edward Newgate ["OP17-040">OP17-040]: Trash Barbell ["OP17-053">OP17-053]
[Opponent] Edward Newgate ["OP17-040">OP17-040]: Buff Rocks D. Xebec ["OP17-039">OP17-039] 3000 for the Combat
Rocks D. Xebec ["OP17-039">OP17-039][11000] vs Sabo ["OP13-004">OP13-004][6000]
Sabo ["OP13-004">OP13-004] hit for 1 damage
RZ1|214|1|OP17-119|3|2|1|5|1|1|0|0|0
RZ1|CHK|214|1|32|6|5|2|3|6|5|0|1|1
[] Hand: [OP17-046,OP08-051,OP17-055,OP17-052,OP17-054,OP17-046,OP17-056,OP17-056]
[] Board: [OP17-040,OP17-040,OP17-045]
[] Trash: [OP17-118,OP17-049,OP17-054,OP17-049,OP17-118,OP17-053]
[] Life: 2
[] Hand: [OP17-095,OP14-096,OP17-093,OP17-086,OP17-089,OP17-119]
[] Trash: [OP17-087,OP17-093,OP17-081,OP17-087,OP04-016]
[] Board: [OP17-086,ST01-011,OP15-088,OP17-095,OP17-119]
[] Life: 2
[Opponent] End Turn
[] Hand: [OP17-095,OP14-096,OP17-093,OP17-086,OP17-089,OP17-119]
[] Board: [OP17-086,ST01-011,OP15-088,OP17-095,OP17-119]
[] Trash: [OP17-087,OP17-093,OP17-081,OP17-087,OP04-016]
[] Life: 2
[] Hand: [OP17-046,OP08-051,OP17-055,OP17-052,OP17-054,OP17-046,OP17-056,OP17-056]
[] Trash: [OP17-118,OP17-049,OP17-054,OP17-049,OP17-118,OP17-053]
[] Board: [OP17-040,OP17-040,OP17-045]
[] Life: 2
RZ1|215|1|Don|9|9900|5|0|1|1|1|0|0
RZ1|CHK|215|1|32|6|5|2|3|7|5|0|1|0
[You] Draw 1 Card
[] Drew card from deck: Sanji ["OP17-082">OP17-082]
RZ1|216|1|OP17-082|0|31|1|6|1|1|0|0|0
RZ1|CHK|216|1|31|7|5|2|3|7|5|0|1|0
RZ1|217|1|Don|4|2|5|7|1|1|0|0|0
RZ1|CHK|217|1|31|7|5|2|2|8|5|0|1|0
RZ1|218|1|Don|4|1|5|8|1|1|0|0|0
RZ1|CHK|218|1|31|7|5|2|1|9|5|0|1|0
[You] Draw 2 Don
[You] Attach 1 Don to Sabo ["OP13-004">OP13-004] (1 Total)
RZ1|219|1|Don|5|8|9|9900|1|1|0|0|0
RZ1|CHK|219|1|31|7|5|2|1|8|5|0|1|1
RZ1|220|1|Don|5|0|5|0|1|1|1|0|0
RZ1|CHK|220|1|31|7|5|2|1|8|5|0|1|1
RZ1|221|1|Don|5|1|5|1|1|1|1|0|0
RZ1|CHK|221|1|31|7|5|2|1|8|5|0|1|1
RZ1|222|1|Don|5|2|5|2|1|1|1|0|0
RZ1|CHK|222|1|31|7|5|2|1|8|5|0|1|1
RZ1|223|1|Don|5|3|5|3|1|1|1|0|0
RZ1|CHK|223|1|31|7|5|2|1|8|5|0|1|1
RZ1|224|1|Don|5|4|5|4|1|1|1|0|0
RZ1|CHK|224|1|31|7|5|2|1|8|5|0|1|1
RZ1|225|1|Don|5|5|5|5|1|1|1|0|0
RZ1|CHK|225|1|31|7|5|2|1|8|5|0|1|1
RZ1|226|1|Don|5|6|5|6|1|1|1|0|0
RZ1|CHK|226|1|31|7|5|2|1|8|5|0|1|1
RZ1|227|1|Don|5|7|5|7|1|1|1|0|0
RZ1|CHK|227|1|31|7|5|2|1|8|5|0|1|1
[You] Trash Nami ["OP17-086">OP17-086]
[You] Deploy Monkey D. Luffy ["OP17-093">OP17-093]
RZ1|228|1|OP17-086|2|0|6|5|1|1|0|0|0
RZ1|CHK|228|1|31|7|4|2|1|8|6|0|1|1
RZ1|229|1|OP17-093|1|2|2|4|1|1|0|1000|0
RZ1|CHK|229|1|31|6|5|2|1|8|6|0|1|1
[] Drew card from deck: Jaguar D. Saul ["OP17-089">OP17-089]
RZ1|230|1|OP17-089|0|30|1|6|1|1|0|0|0
RZ1|CHK|230|1|30|7|5|2|1|8|6|0|1|1
[You] Monkey D. Luffy ["OP17-093">OP17-093]: Draw 1 Card
RZ1|231|1|ST01-011|2|0|6|6|1|1|0|0|0
RZ1|CHK|231|1|30|7|4|2|1|8|7|0|1|1
[You] Trash Brook ["ST01-011">ST01-011]
[You] Monkey D. Luffy ["OP17-093">OP17-093]: Deployed Gerd ["OP17-081">OP17-081] from Trash
RZ1|232|1|OP17-081|6|2|2|4|1|1|0|1000|0
RZ1|CHK|232|1|30|7|5|2|1|8|6|0|1|1
RZ1|233|1|OP17-089|1|6|6|6|1|1|0|0|0
RZ1|CHK|233|1|30|6|5|2|1|8|7|0|1|1
[You] Gerd ["OP17-081">OP17-081]: Trash Jaguar D. Saul ["OP17-089">OP17-089]
[You] <b>Draw Monkey D. Luffy ["OP17-093">OP17-093] from Trash</b>
RZ1|234|1|OP17-093|6|1|1|6|1|1|0|0|0
RZ1|CHK|234|1|30|7|5|2|1|8|6|0|1|1
[You] Roronoa Zoro ["OP17-095">OP17-095] attacking Rocks D. Xebec ["OP17-039">OP17-039]
RZ1|235|2|OP17-052|1|3|6|6|1|1|0|0|0
RZ1|CHK|235|2|31|7|3|2|2|8|7|0|1|0
[Opponent] Edward Newgate ["OP17-040">OP17-040]: Trash Don Marlon ["OP17-052">OP17-052]
[Opponent] Edward Newgate ["OP17-040">OP17-040]: Buff Rocks D. Xebec ["OP17-039">OP17-039] 3000 for the Combat
RZ1|236|2|OP17-054|1|3|6|7|1|1|0|0|0
RZ1|CHK|236|2|31|6|3|2|2|8|8|0|1|0
[Opponent] Edward Newgate ["OP17-040">OP17-040]: Trash Stussy ["OP17-054">OP17-054]
[Opponent] Edward Newgate ["OP17-040">OP17-040]: Buff Rocks D. Xebec ["OP17-039">OP17-039] 3000 for the Combat
Roronoa Zoro ["OP17-095">OP17-095][6000] vs Rocks D. Xebec ["OP17-039">OP17-039][11000]
Attack Fails
[You] Pirate Docking 6 ["OP15-088">OP15-088] attacking Rocks D. Xebec ["OP17-039">OP17-039]
Pirate Docking 6 ["OP15-088">OP15-088][8000] vs Rocks D. Xebec ["OP17-039">OP17-039][5000]
Rocks D. Xebec ["OP17-039">OP17-039] hit for 1 damage
RZ1|237|2|OP17-048|3|1|1|6|1|1|0|0|0
RZ1|CHK|237|2|31|7|3|1|2|8|8|0|1|0
[You] Monkey D. Luffy ["OP17-093">OP17-093] attacking Edward Newgate ["OP17-040">OP17-040]
[Opponent] There's No Authority in the World ["OP17-055">OP17-055]: Activate Counter
RZ1|238|2|OP17-055|1|2|6|8|1|1|0|0|0
RZ1|CHK|238|2|31|6|3|1|2|8|9|0|1|0
[Opponent] There's No Authority in the World ["OP17-055">OP17-055]: Buff Edward Newgate ["OP17-040">OP17-040] 2000 for the Combat
Monkey D. Luffy ["OP17-093">OP17-093][9000] vs Edward Newgate ["OP17-040">OP17-040][10000]
Attack Fails
[You] Loki ["OP17-119">OP17-119] attacking Edward Newgate ["OP17-040">OP17-040]
[Opponent] Rocks Pirates ["OP17-056">OP17-056]: Activate Counter
RZ1|239|2|OP17-056|1|3|6|9|1|1|0|0|0
RZ1|CHK|239|2|31|5|3|1|2|8|10|0|1|0
[Opponent] Rocks Pirates ["OP17-056">OP17-056]: Buff Edward Newgate ["OP17-040">OP17-040] 2000 for the Combat
Loki ["OP17-119">OP17-119][9000] vs Edward Newgate ["OP17-040">OP17-040][10000]
Attack Fails
[You] Sabo ["OP13-004">OP13-004] attacking Rocks D. Xebec ["OP17-039">OP17-039]
[Opponent] Discard Buckin ["OP08-051">OP08-051] for Counter 1000
RZ1|240|2|OP08-051|1|1|6|10|1|1|0|0|0
RZ1|CHK|240|2|31|4|3|1|2|8|11|0|1|0
[Opponent] Rocks Pirates ["OP17-056">OP17-056]: Activate Counter
RZ1|241|2|OP17-056|1|2|6|11|1|1|0|0|0
RZ1|CHK|241|2|31|3|3|1|2|8|12|0|1|0
[Opponent] Rocks Pirates ["OP17-056">OP17-056]: Buff Rocks D. Xebec ["OP17-039">OP17-039] 2000 for the Combat
Sabo ["OP13-004">OP13-004][7000] vs Rocks D. Xebec ["OP17-039">OP17-039][8000]
Attack Fails
[] Hand: [OP17-095,OP14-096,OP17-086,OP17-089,OP17-119,OP17-082,OP17-093]
[] Board: [OP15-088,OP17-095,OP17-119,OP17-093,OP17-081]
[] Trash: [OP17-087,OP17-087,OP04-016,OP17-086,ST01-011,OP17-089]
[] Life: 2
[] Hand: [OP17-046,OP17-046,OP17-048]
[] Trash: [OP17-118,OP17-049,OP17-054,OP17-049,OP17-118,OP17-053,OP17-052,OP17-054,OP17-055,OP17-056,OP08-051,OP17-056]
[] Board: [OP17-040,OP17-040,OP17-045]
[] Life: 1
[You] End Turn
[] Hand: [OP17-046,OP17-046,OP17-048]
[] Board: [OP17-040,OP17-040,OP17-045]
[] Trash: [OP17-118,OP17-049,OP17-054,OP17-049,OP17-118,OP17-053,OP17-052,OP17-054,OP17-055,OP17-056,OP08-051,OP17-056]
[] Life: 1
[] Hand: [OP17-095,OP14-096,OP17-086,OP17-089,OP17-119,OP17-082,OP17-093]
[] Trash: [OP17-087,OP17-087,OP04-016,OP17-086,ST01-011,OP17-089]
[] Board: [OP15-088,OP17-095,OP17-119,OP17-093,OP17-081]
[] Life: 2
[Opponent] Draw 1 Card
[] Drew card from deck: Rocks Pirates ["OP17-056">OP17-056]
RZ1|242|2|OP17-056|0|30|1|3|1|1|0|0|0
RZ1|CHK|242|2|30|4|3|1|2|8|12|0|1|0
RZ1|243|2|Don|4|1|5|8|1|1|0|0|0
RZ1|CHK|243|2|30|4|3|1|1|9|12|0|1|0
RZ1|244|2|Don|4|0|5|9|1|1|0|0|0
RZ1|CHK|244|2|30|4|3|1|0|10|12|0|1|0
[Opponent] Draw 2 Don
RZ1|245|2|Don|5|0|9|0|1|1|0|0|0
RZ1|CHK|245|2|30|4|3|1|0|9|12|0|1|1
[Opponent] Attach 1 Don to Edward Newgate ["OP17-040">OP17-040] (1 Total)
[Opponent] Edward Newgate ["OP17-040">OP17-040] attacking Sabo ["OP13-004">OP13-004]
Edward Newgate ["OP17-040">OP17-040][9000] vs Sabo ["OP13-004">OP13-004][6000]
Sabo ["OP13-004">OP13-004] hit for 1 damage
RZ1|246|1|OP17-084|3|1|1|7|1|1|0|0|0
RZ1|CHK|246|1|30|8|5|1|1|8|6|0|1|1
RZ1|247|2|Don|5|0|9|100|1|1|0|0|0
RZ1|CHK|247|2|30|4|3|1|0|8|12|0|1|2
[Opponent] Attach 1 Don to Edward Newgate ["OP17-040">OP17-040] (1 Total)
[Opponent] Edward Newgate ["OP17-040">OP17-040] attacking Sabo ["OP13-004">OP13-004]
[You] Discard Tony Tony Chopper ["OP17-084">OP17-084] for Counter 2000
RZ1|248|1|OP17-084|1|7|6|6|1|1|0|0|0
RZ1|CHK|248|1|30|7|5|1|1|8|7|0|1|1
[You] Discard Roronoa Zoro ["OP17-095">OP17-095] for Counter 2000
RZ1|249|1|OP17-095|1|0|6|7|1|1|0|0|0
RZ1|CHK|249|1|30|6|5|1|1|8|8|0|1|1
Edward Newgate ["OP17-040">OP17-040][9000] vs Sabo ["OP13-004">OP13-004][10000]
Attack Fails
RZ1|250|2|Don|5|0|9|9900|1|1|0|0|0
RZ1|CHK|250|2|30|4|3|1|0|7|12|0|1|3
[Opponent] Attach 1 Don to Rocks D. Xebec ["OP17-039">OP17-039] (1 Total)
[Opponent] Rocks D. Xebec ["OP17-039">OP17-039] attacking Sabo ["OP13-004">OP13-004]
RZ1|251|2|OP17-046|1|0|6|12|1|1|0|0|0
RZ1|CHK|251|2|30|3|3|1|0|7|13|0|1|3
[Opponent] Rocks D. Xebec ["OP17-039">OP17-039]: Trash Gloriosa ["OP17-046">OP17-046]
RZ1|252|2|OP17-045|0|29|0|29|0|0|0|0|0
RZ1|CHK|252|2|30|3|3|1|0|7|13|0|1|3
[Opponent] Rocks D. Xebec ["OP17-039">OP17-039] revealed: Kyo ["OP17-045">OP17-045]
[] Drew card from deck: Kyo ["OP17-045">OP17-045]
RZ1|253|2|OP17-045|0|29|1|3|1|1|0|0|0
RZ1|CHK|253|2|29|4|3|1|0|7|13|0|1|3
[] Drew card from deck: Gloriosa ["OP17-046">OP17-046]
RZ1|254|2|OP17-046|0|28|1|4|1|1|0|0|0
RZ1|CHK|254|2|28|5|3|1|0|7|13|0|1|3
[Opponent] Rocks D. Xebec ["OP17-039">OP17-039]: Draw 2 Card
RZ1|255|2|OP17-046|1|0|6|13|1|1|0|0|0
RZ1|CHK|255|2|28|4|3|1|0|7|14|0|1|3
[Opponent] Edward Newgate ["OP17-040">OP17-040]: Trash Gloriosa ["OP17-046">OP17-046]
[Opponent] Edward Newgate ["OP17-040">OP17-040]: Buff Rocks D. Xebec ["OP17-039">OP17-039] 3000 for the Combat
RZ1|256|2|OP17-046|1|3|6|14|1|1|0|0|0
RZ1|CHK|256|2|28|3|3|1|0|7|15|0|1|3
[Opponent] Edward Newgate ["OP17-040">OP17-040]: Trash Gloriosa ["OP17-046">OP17-046]
[Opponent] Edward Newgate ["OP17-040">OP17-040]: Buff Rocks D. Xebec ["OP17-039">OP17-039] 3000 for the Combat
Rocks D. Xebec ["OP17-039">OP17-039][12000] vs Sabo ["OP13-004">OP13-004][6000]
Sabo ["OP13-004">OP13-004] hit for 1 damage
RZ1|257|1|OP17-119|3|0|1|6|1|1|0|0|0
RZ1|CHK|257|1|30|7|5|0|1|8|8|0|1|1
RZ1|258|2|Don|5|0|5|0|1|1|1|0|0
RZ1|CHK|258|2|28|3|3|1|0|7|15|0|1|3
RZ1|259|2|Don|5|1|5|1|1|1|1|0|0
RZ1|CHK|259|2|28|3|3|1|0|7|15|0|1|3
RZ1|260|2|Don|5|2|5|2|1|1|1|0|0
RZ1|CHK|260|2|28|3|3|1|0|7|15|0|1|3
RZ1|261|2|Don|5|3|5|3|1|1|1|0|0
RZ1|CHK|261|2|28|3|3|1|0|7|15|0|1|3
RZ1|262|2|Don|5|4|5|4|1|1|1|0|0
RZ1|CHK|262|2|28|3|3|1|0|7|15|0|1|3
RZ1|263|2|Don|5|5|5|5|1|1|1|0|0
RZ1|CHK|263|2|28|3|3|1|0|7|15|0|1|3
RZ1|264|2|Don|5|6|5|6|1|1|1|0|0
RZ1|CHK|264|2|28|3|3|1|0|7|15|0|1|3
[Opponent] Deploy Shiki ["OP17-048">OP17-048]
RZ1|265|2|OP17-048|1|0|2|3|1|1|0|0|0
RZ1|CHK|265|2|28|2|4|1|0|7|15|0|1|3
[Opponent] Shiki ["OP17-048">OP17-048] attacking Pirate Docking 6 ["OP15-088">OP15-088]
RZ1|266|2|OP17-045|1|1|6|15|1|1|0|0|0
RZ1|CHK|266|2|28|1|4|1|0|7|16|0|1|3
[Opponent] Shiki ["OP17-048">OP17-048]: Trash Kyo ["OP17-045">OP17-045]
[Opponent] Shiki ["OP17-048">OP17-048]: Buff Loki ["OP17-119">OP17-119] -3000
[You] Discard Nami ["OP17-086">OP17-086] for Counter 1000
RZ1|267|1|OP17-086|1|1|6|8|1|1|0|0|0
RZ1|CHK|267|1|30|6|5|0|1|8|9|0|1|1
[You] Discard Sanji ["OP17-082">OP17-082] for Counter 1000
RZ1|268|1|OP17-082|1|3|6|9|1|1|0|0|0
RZ1|CHK|268|1|30|5|5|0|1|8|10|0|1|1
Shiki ["OP17-048">OP17-048][9000] vs Pirate Docking 6 ["OP15-088">OP15-088][10000]
Attack Fails
RZ1|269|2|OP17-056|1|0|6|16|1|1|0|0|0
RZ1|CHK|269|2|28|0|4|1|0|7|17|0|1|3
[] Hand: []
[] Board: [OP17-040,OP17-040,OP17-045,OP17-048]
[] Trash: [OP17-118,OP17-049,OP17-054,OP17-049,OP17-118,OP17-053,OP17-052,OP17-054,OP17-055,OP17-056,OP08-051,OP17-056,OP17-046,OP17-046,OP17-046,OP17-045,OP17-056]
[] Life: 1
[] Hand: [OP14-096,OP17-089,OP17-119,OP17-093,OP17-119]
[] Trash: [OP17-087,OP17-087,OP04-016,OP17-086,ST01-011,OP17-089,OP17-084,OP17-095,OP17-086,OP17-082]
[] Board: [OP15-088,OP17-095,OP17-119,OP17-093,OP17-081]
[] Life: 0
[Opponent] End Turn
[] Hand: [OP14-096,OP17-089,OP17-119,OP17-093,OP17-119]
[] Board: [OP15-088,OP17-095,OP17-119,OP17-093,OP17-081]
[] Trash: [OP17-087,OP17-087,OP04-016,OP17-086,ST01-011,OP17-089,OP17-084,OP17-095,OP17-086,OP17-082]
[] Life: 0
[] Hand: []
[] Trash: [OP17-118,OP17-049,OP17-054,OP17-049,OP17-118,OP17-053,OP17-052,OP17-054,OP17-055,OP17-056,OP08-051,OP17-056,OP17-046,OP17-046,OP17-046,OP17-045,OP17-056]
[] Board: [OP17-040,OP17-040,OP17-045,OP17-048]
[] Life: 1
RZ1|270|1|Don|9|9900|5|0|1|1|1|0|0
RZ1|CHK|270|1|30|5|5|0|1|9|10|0|1|0
[You] Draw 1 Card
[] Drew card from deck: Jaguar D. Saul ["OP17-089">OP17-089]
RZ1|271|1|OP17-089|0|29|1|5|1|1|0|0|0
RZ1|CHK|271|1|29|6|5|0|1|9|10|0|1|0
RZ1|272|1|Don|4|0|5|9|1|1|0|0|0
RZ1|CHK|272|1|29|6|5|0|0|10|10|0|1|0
[You] Draw 2 Don
[You] Loki ["OP17-119">OP17-119] attacking Rocks D. Xebec ["OP17-039">OP17-039]
Loki ["OP17-119">OP17-119][8000] vs Rocks D. Xebec ["OP17-039">OP17-039][5000]
Rocks D. Xebec ["OP17-039">OP17-039] hit for 1 damage
RZ1|273|2|OP17-049|3|0|1|0|1|1|0|0|0
RZ1|CHK|273|2|28|1|4|0|0|7|17|0|1|3
[You] Roronoa Zoro ["OP17-095">OP17-095] attacking Rocks D. Xebec ["OP17-039">OP17-039]
RZ1|274|2|OP17-049|1|0|6|17|1|1|0|0|0
RZ1|CHK|274|2|28|0|4|0|0|7|18|0|1|3
[Opponent] Edward Newgate ["OP17-040">OP17-040]: Trash Charlotte Linlin ["OP17-049">OP17-049]
[Opponent] Edward Newgate ["OP17-040">OP17-040]: Buff Rocks D. Xebec ["OP17-039">OP17-039] 3000 for the Combat
Roronoa Zoro ["OP17-095">OP17-095][5000] vs Rocks D. Xebec ["OP17-039">OP17-039][8000]
Attack Fails
[You] Sabo ["OP13-004">OP13-004] attacking Rocks D. Xebec ["OP17-039">OP17-039]
Sabo ["OP13-004">OP13-004][5000] vs Rocks D. Xebec ["OP17-039">OP17-039][5000]
Rocks D. Xebec ["OP17-039">OP17-039] hit for 1 damage
[Opponent] <b>Downloaded the Combat Log!</b>
GameOver
