Version is 1.43a.1
[You] Leader is Sakazuki ["OP05-041">OP05-041]
[Opponent] Leader is Yamato ["OP16-079">OP16-079]
RZ1|2|2|OP16-092|0|6|0|0|0|0|0|0|0
RZ1|CHK|2|2|50|0|0|0|10|0|0|0|1|0
RZ1|3|2|OP16-097|0|38|0|1|0|0|0|0|0
RZ1|CHK|3|2|50|0|0|0|10|0|0|0|1|0
RZ1|4|2|OP14-096|0|45|0|2|0|0|0|0|0
RZ1|CHK|4|2|50|0|0|0|10|0|0|0|1|0
RZ1|5|2|OP16-092|0|7|0|3|0|0|0|0|0
RZ1|CHK|5|2|50|0|0|0|10|0|0|0|1|0
RZ1|6|2|OP16-085|0|42|0|4|0|0|0|0|0
RZ1|CHK|6|2|50|0|0|0|10|0|0|0|1|0
RZ1|7|2|OP16-087|0|13|0|5|0|0|0|0|0
RZ1|CHK|7|2|50|0|0|0|10|0|0|0|1|0
RZ1|8|2|OP06-093|0|18|0|6|0|0|0|0|0
RZ1|CHK|8|2|50|0|0|0|10|0|0|0|1|0
RZ1|9|2|OP16-092|0|11|0|7|0|0|0|0|0
RZ1|CHK|9|2|50|0|0|0|10|0|0|0|1|0
RZ1|10|2|OP16-082|0|21|0|8|0|0|0|0|0
RZ1|CHK|10|2|50|0|0|0|10|0|0|0|1|0
RZ1|11|2|OP16-096|0|36|0|9|0|0|0|0|0
RZ1|CHK|11|2|50|0|0|0|10|0|0|0|1|0
RZ1|12|2|OP16-081|0|14|0|10|0|0|0|0|0
RZ1|CHK|12|2|50|0|0|0|10|0|0|0|1|0
RZ1|13|2|OP15-092|0|33|0|11|0|0|0|0|0
RZ1|CHK|13|2|50|0|0|0|10|0|0|0|1|0
RZ1|14|2|OP16-082|0|24|0|12|0|0|0|0|0
RZ1|CHK|14|2|50|0|0|0|10|0|0|0|1|0
RZ1|15|2|OP16-095|0|22|0|13|0|0|0|0|0
RZ1|CHK|15|2|50|0|0|0|10|0|0|0|1|0
RZ1|16|2|OP16-091|0|16|0|14|0|0|0|0|0
RZ1|CHK|16|2|50|0|0|0|10|0|0|0|1|0
RZ1|17|2|OP16-097|0|38|0|15|0|0|0|0|0
RZ1|CHK|17|2|50|0|0|0|10|0|0|0|1|0
RZ1|18|2|OP15-092|0|35|0|16|0|0|0|0|0
RZ1|CHK|18|2|50|0|0|0|10|0|0|0|1|0
RZ1|19|2|OP16-084|0|30|0|18|0|0|0|0|0
RZ1|CHK|19|2|50|0|0|0|10|0|0|0|1|0
RZ1|20|2|OP16-085|0|41|0|20|0|0|0|0|0
RZ1|CHK|20|2|50|0|0|0|10|0|0|0|1|0
RZ1|21|2|OP16-099|0|46|0|21|0|0|0|0|0
RZ1|CHK|21|2|50|0|0|0|10|0|0|0|1|0
RZ1|22|2|OP16-098|0|34|0|22|0|0|0|0|0
RZ1|CHK|22|2|50|0|0|0|10|0|0|0|1|0
RZ1|23|2|OP16-087|0|26|0|23|0|0|0|0|0
RZ1|CHK|23|2|50|0|0|0|10|0|0|0|1|0
RZ1|24|2|OP16-085|0|44|0|24|0|0|0|0|0
RZ1|CHK|24|2|50|0|0|0|10|0|0|0|1|0
RZ1|25|2|OP16-085|0|44|0|25|0|0|0|0|0
RZ1|CHK|25|2|50|0|0|0|10|0|0|0|1|0
RZ1|26|2|OP16-098|0|37|0|26|0|0|0|0|0
RZ1|CHK|26|2|50|0|0|0|10|0|0|0|1|0
RZ1|27|2|OP15-092|0|39|0|27|0|0|0|0|0
RZ1|CHK|27|2|50|0|0|0|10|0|0|0|1|0
RZ1|28|2|OP16-088|0|32|0|28|0|0|0|0|0
RZ1|CHK|28|2|50|0|0|0|10|0|0|0|1|0
RZ1|29|2|OP16-099|0|49|0|29|0|0|0|0|0
RZ1|CHK|29|2|50|0|0|0|10|0|0|0|1|0
RZ1|30|2|OP16-084|0|38|0|30|0|0|0|0|0
RZ1|CHK|30|2|50|0|0|0|10|0|0|0|1|0
RZ1|31|2|OP16-082|0|35|0|31|0|0|0|0|0
RZ1|CHK|31|2|50|0|0|0|10|0|0|0|1|0
RZ1|32|2|OP16-082|0|36|0|32|0|0|0|0|0
RZ1|CHK|32|2|50|0|0|0|10|0|0|0|1|0
RZ1|33|2|OP14-096|0|47|0|33|0|0|0|0|0
RZ1|CHK|33|2|50|0|0|0|10|0|0|0|1|0
RZ1|34|2|OP16-097|0|46|0|34|0|0|0|0|0
RZ1|CHK|34|2|50|0|0|0|10|0|0|0|1|0
RZ1|35|2|OP16-099|0|49|0|35|0|0|0|0|0
RZ1|CHK|35|2|50|0|0|0|10|0|0|0|1|0
RZ1|36|2|OP16-096|0|46|0|36|0|0|0|0|0
RZ1|CHK|36|2|50|0|0|0|10|0|0|0|1|0
RZ1|37|2|OP16-087|0|40|0|37|0|0|0|0|0
RZ1|CHK|37|2|50|0|0|0|10|0|0|0|1|0
RZ1|38|2|OP14-096|0|48|0|38|0|0|0|0|0
RZ1|CHK|38|2|50|0|0|0|10|0|0|0|1|0
RZ1|39|2|OP16-098|0|44|0|39|0|0|0|0|0
RZ1|CHK|39|2|50|0|0|0|10|0|0|0|1|0
RZ1|40|2|OP16-096|0|46|0|40|0|0|0|0|0
RZ1|CHK|40|2|50|0|0|0|10|0|0|0|1|0
RZ1|41|2|OP16-087|0|43|0|42|0|0|0|0|0
RZ1|CHK|41|2|50|0|0|0|10|0|0|0|1|0
RZ1|42|2|OP16-099|0|49|0|43|0|0|0|0|0
RZ1|CHK|42|2|50|0|0|0|10|0|0|0|1|0
RZ1|43|2|OP16-084|0|46|0|44|0|0|0|0|0
RZ1|CHK|43|2|50|0|0|0|10|0|0|0|1|0
RZ1|44|2|OP16-084|0|46|0|45|0|0|0|0|0
RZ1|CHK|44|2|50|0|0|0|10|0|0|0|1|0
RZ1|45|2|OP16-097|0|49|0|48|0|0|0|0|0
RZ1|CHK|45|2|50|0|0|0|10|0|0|0|1|0
[] Drew card from deck: Marshall D. Teach ["ST27-005">ST27-005]
RZ1|46|1|ST27-005|0|49|1|0|1|1|0|0|0
RZ1|CHK|46|1|49|1|0|0|10|0|0|0|1|0
[] Drew card from deck: T Bone ["EB01-049">EB01-049]
RZ1|47|1|EB01-049|0|48|1|1|1|1|0|0|0
RZ1|CHK|47|1|48|2|0|0|10|0|0|0|1|0
[] Drew card from deck: Marshall D. Teach ["ST27-005">ST27-005]
RZ1|48|1|ST27-005|0|47|1|2|1|1|0|0|0
RZ1|CHK|48|1|47|3|0|0|10|0|0|0|1|0
[] Drew card from deck: Tsuru ["OP02-106">OP02-106]
RZ1|49|1|OP02-106|0|46|1|3|1|1|0|0|0
RZ1|CHK|49|1|46|4|0|0|10|0|0|0|1|0
[] Drew card from deck: Hound Blaze ["OP05-057">OP05-057]
RZ1|50|1|OP05-057|0|45|1|4|1|1|0|0|0
RZ1|CHK|50|1|45|5|0|0|10|0|0|0|1|0
[] Drew card from deck: Yamato ["OP16-096">OP16-096]
RZ1|51|2|OP16-096|0|49|1|0|1|1|0|0|0
RZ1|CHK|51|2|49|1|0|0|10|0|0|0|1|0
[] Drew card from deck: Yamato ["OP16-097">OP16-097]
RZ1|52|2|OP16-097|0|48|1|1|1|1|0|0|0
RZ1|CHK|52|2|48|2|0|0|10|0|0|0|1|0
[] Drew card from deck: Yamato ["OP16-098">OP16-098]
RZ1|53|2|OP16-098|0|47|1|2|1|1|0|0|0
RZ1|CHK|53|2|47|3|0|0|10|0|0|0|1|0
[] Drew card from deck: Otama ["OP16-081">OP16-081]
RZ1|54|2|OP16-081|0|46|1|3|1|1|0|0|0
RZ1|CHK|54|2|46|4|0|0|10|0|0|0|1|0
[] Drew card from deck: Kouzuki Momonosuke ["OP16-084">OP16-084]
RZ1|55|2|OP16-084|0|45|1|4|1|1|0|0|0
RZ1|CHK|55|2|45|5|0|0|10|0|0|0|1|0
RZ1|56|1|ST06-017|0|44|3|0|1|0|0|0|0
RZ1|CHK|56|1|44|5|0|1|10|0|0|0|1|0
RZ1|57|1|OP06-050|0|43|3|1|1|0|0|0|0
RZ1|CHK|57|1|43|5|0|2|10|0|0|0|1|0
RZ1|58|1|OP05-091|0|42|3|2|1|0|0|0|0
RZ1|CHK|58|1|42|5|0|3|10|0|0|0|1|0
RZ1|59|1|EB01-049|0|41|3|3|1|0|0|0|0
RZ1|CHK|59|1|41|5|0|4|10|0|0|0|1|0
RZ1|60|2|OP16-084|0|44|3|0|0|1|0|0|0
RZ1|CHK|60|2|44|5|0|1|10|0|0|0|1|0
RZ1|61|2|OP16-099|0|43|3|1|0|1|0|0|0
RZ1|CHK|61|2|43|5|0|2|10|0|0|0|1|0
RZ1|62|2|OP16-087|0|42|3|2|0|1|0|0|0
RZ1|CHK|62|2|42|5|0|3|10|0|0|0|1|0
RZ1|63|2|OP16-091|0|41|3|3|0|1|0|0|0
RZ1|CHK|63|2|41|5|0|4|10|0|0|0|1|0
RZ1|64|2|OP16-096|0|40|3|4|0|1|0|0|0
RZ1|CHK|64|2|40|5|0|5|10|0|0|0|1|0
[] Hand: [ST27-005,EB01-049,ST27-005,OP02-106,OP05-057]
[] Board: []
[] Trash: []
[] Life: 4
[] Hand: [OP16-096,OP16-097,OP16-098,OP16-081,OP16-084]
[] Trash: []
[] Board: []
[] Life: 5
RZ1|65|1|Don|4|9|5|0|1|1|0|0|0
RZ1|CHK|65|1|41|5|0|4|9|1|0|0|1|0
[You] Draw 1 Don
RZ1|66|1|EB01-049|1|1|6|0|1|1|0|0|0
RZ1|CHK|66|1|41|4|0|4|9|1|1|0|1|0
[You] Trash T Bone ["EB01-049">EB01-049]
[You] Sakazuki ["OP05-041">OP05-041]: Draw 1 Card
[] Drew card from deck: Tashigi ["OP06-050">OP06-050]
RZ1|67|1|OP06-050|0|40|1|4|1|1|0|0|0
RZ1|CHK|67|1|40|5|0|4|9|1|1|0|1|0
RZ1|68|1|Don|5|0|5|0|1|1|1|0|0
RZ1|CHK|68|1|40|5|0|4|9|1|1|0|1|0
[You] Deploy Tashigi ["OP06-050">OP06-050]
RZ1|69|1|OP06-050|1|4|2|0|1|1|0|0|0
RZ1|CHK|69|1|40|4|1|4|9|1|1|0|1|0
RZ1|70|1|OP03-089|0|37|1|4|1|1|0|0|0
RZ1|CHK|70|1|39|5|1|4|9|1|1|0|1|0
[You] Tashigi ["OP06-050">OP06-050]: <b>Reveal and Draw Brannew ["OP03-089">OP03-089]</b>
[You] Placing Cards on Bottom of Deck
RZ1|71|1|OP05-057|0|38|0|0|0|0|0|0|0
RZ1|CHK|71|1|39|5|1|4|9|1|1|0|1|0
RZ1|72|1|OP06-050|0|38|0|0|0|0|0|0|0
RZ1|CHK|72|1|39|5|1|4|9|1|1|0|1|0
RZ1|73|1|OP05-093|0|38|0|0|0|0|0|0|0
RZ1|CHK|73|1|39|5|1|4|9|1|1|0|1|0
RZ1|74|1|OP06-058|0|38|0|0|0|0|0|0|0
RZ1|CHK|74|1|39|5|1|4|9|1|1|0|1|0
[] Hand: [ST27-005,ST27-005,OP02-106,OP05-057,OP03-089]
[] Board: [OP06-050]
[] Trash: [EB01-049]
[] Life: 4
[] Hand: [OP16-096,OP16-097,OP16-098,OP16-081,OP16-084]
[] Trash: []
[] Board: []
[] Life: 5
[You] End Turn
[] Hand: [OP16-096,OP16-097,OP16-098,OP16-081,OP16-084]
[] Board: []
[] Trash: []
[] Life: 5
[] Hand: [ST27-005,ST27-005,OP02-106,OP05-057,OP03-089]
[] Trash: [EB01-049]
[] Board: [OP06-050]
[] Life: 4
[Opponent] Draw 1 Card
[] Drew card from deck: Yamato ["OP16-098">OP16-098]
RZ1|75|2|OP16-098|0|39|1|5|1|1|0|0|0
RZ1|CHK|75|2|39|6|0|5|10|0|0|0|1|0
RZ1|76|2|Don|4|9|5|0|1|1|0|0|0
RZ1|CHK|76|2|39|6|0|5|9|1|0|0|1|0
RZ1|77|2|Don|4|8|5|1|1|1|0|0|0
RZ1|CHK|77|2|39|6|0|5|8|2|0|0|1|0
[Opponent] Draw 2 Don
RZ1|78|2|Don|5|0|5|0|1|1|1|0|0
RZ1|CHK|78|2|39|6|0|5|8|2|0|0|1|0
RZ1|79|2|Don|5|1|5|1|1|1|1|0|0
RZ1|CHK|79|2|39|6|0|5|8|2|0|0|1|0
[Opponent] Deploy Otama ["OP16-081">OP16-081]
RZ1|80|2|OP16-081|1|3|2|0|1|1|0|0|0
RZ1|CHK|80|2|39|5|1|5|8|2|0|0|1|0
[] Hand: [OP16-096,OP16-097,OP16-098,OP16-084,OP16-098]
[] Board: [OP16-081]
[] Trash: []
[] Life: 5
[] Hand: [ST27-005,ST27-005,OP02-106,OP05-057,OP03-089]
[] Trash: [EB01-049]
[] Board: [OP06-050]
[] Life: 4
[Opponent] End Turn
[] Hand: [ST27-005,ST27-005,OP02-106,OP05-057,OP03-089]
[] Board: [OP06-050]
[] Trash: [EB01-049]
[] Life: 4
[] Hand: [OP16-096,OP16-097,OP16-098,OP16-084,OP16-098]
[] Trash: []
[] Board: [OP16-081]
[] Life: 5
[You] Draw 1 Card
[] Drew card from deck: T Bone ["EB01-049">EB01-049]
RZ1|81|1|EB01-049|0|38|1|5|1|1|0|0|0
RZ1|CHK|81|1|38|6|1|4|9|1|1|0|1|0
RZ1|82|1|Don|4|8|5|1|1|1|0|0|0
RZ1|CHK|82|1|38|6|1|4|8|2|1|0|1|0
RZ1|83|1|Don|4|7|5|2|1|1|0|0|0
RZ1|CHK|83|1|38|6|1|4|7|3|1|0|1|0
[You] Draw 2 Don
RZ1|84|1|Don|5|0|5|0|1|1|1|0|0
RZ1|CHK|84|1|38|6|1|4|7|3|1|0|1|0
RZ1|85|1|Don|5|1|5|1|1|1|1|0|0
RZ1|CHK|85|1|38|6|1|4|7|3|1|0|1|0
[You] Deploy Brannew ["OP03-089">OP03-089]
RZ1|86|1|OP03-089|1|4|2|1|1|1|0|0|0
RZ1|CHK|86|1|38|5|2|4|7|3|1|0|1|0
RZ1|87|1|EB01-049|0|35|1|5|1|1|0|0|0
RZ1|CHK|87|1|37|6|2|4|7|3|1|0|1|0
[You] Brannew ["OP03-089">OP03-089]: <b>Reveal and Draw T Bone ["EB01-049">EB01-049]</b>
[You] Brannew ["OP03-089">OP03-089]: Trash 2 Remaining Cards
RZ1|88|1|EB01-051|0|36|6|1|1|1|0|0|0
RZ1|CHK|88|1|36|6|2|4|7|3|2|0|1|0
RZ1|89|1|OP02-114|0|35|6|2|1|1|0|0|0
RZ1|CHK|89|1|35|6|2|4|7|3|3|0|1|0
[You] Sakazuki ["OP05-041">OP05-041] attacking Yamato ["OP16-079">OP16-079]
[You] Sakazuki ["OP05-041">OP05-041]: Otama ["OP16-081">OP16-081] Cost -1
Sakazuki ["OP05-041">OP05-041][5000] vs Yamato ["OP16-079">OP16-079][5000]
Yamato ["OP16-079">OP16-079] hit for 1 damage
RZ1|90|2|OP16-096|3|4|1|5|1|1|0|0|0
RZ1|CHK|90|2|39|6|1|4|8|2|0|0|1|0
Otama ["OP16-081">OP16-081] cost restored
[] Hand: [ST27-005,ST27-005,OP02-106,OP05-057,EB01-049,EB01-049]
[] Board: [OP06-050,OP03-089]
[] Trash: [EB01-049,EB01-051,OP02-114]
[] Life: 4
[] Hand: [OP16-096,OP16-097,OP16-098,OP16-084,OP16-098,OP16-096]
[] Trash: []
[] Board: [OP16-081]
[] Life: 4
[You] End Turn
[] Hand: [OP16-096,OP16-097,OP16-098,OP16-084,OP16-098,OP16-096]
[] Board: [OP16-081]
[] Trash: []
[] Life: 4
[] Hand: [ST27-005,ST27-005,OP02-106,OP05-057,EB01-049,EB01-049]
[] Trash: [EB01-049,EB01-051,OP02-114]
[] Board: [OP06-050,OP03-089]
[] Life: 4
[Opponent] Draw 1 Card
[] Drew card from deck: Ground Death ["OP14-096">OP14-096]
RZ1|91|2|OP14-096|0|38|1|6|1|1|0|0|0
RZ1|CHK|91|2|38|7|1|4|8|2|0|0|1|0
RZ1|92|2|Don|4|7|5|2|1|1|0|0|0
RZ1|CHK|92|2|38|7|1|4|7|3|0|0|1|0
RZ1|93|2|Don|4|6|5|3|1|1|0|0|0
RZ1|CHK|93|2|38|7|1|4|6|4|0|0|1|0
[Opponent] Draw 2 Don
RZ1|94|2|Don|5|0|9|9900|1|1|0|0|0
RZ1|CHK|94|2|38|7|1|4|6|3|0|0|1|1
[Opponent] Attach 1 Don to Yamato ["OP16-079">OP16-079] (1 Total)
[Opponent] Yamato ["OP16-079">OP16-079] attacking Sakazuki ["OP05-041">OP05-041]
[You] Discard Tsuru ["OP02-106">OP02-106] for Counter 2000
RZ1|95|1|OP02-106|1|2|6|3|1|1|0|0|0
RZ1|CHK|95|1|35|5|2|4|7|3|4|0|1|0
Yamato ["OP16-079">OP16-079][6000] vs Sakazuki ["OP05-041">OP05-041][7000]
Attack Fails
[] Hand: [OP16-096,OP16-097,OP16-098,OP16-084,OP16-098,OP16-096,OP14-096]
[] Board: [OP16-081]
[] Trash: []
[] Life: 4
[] Hand: [ST27-005,ST27-005,OP05-057,EB01-049,EB01-049]
[] Trash: [EB01-049,EB01-051,OP02-114,OP02-106]
[] Board: [OP06-050,OP03-089]
[] Life: 4
[Opponent] End Turn
[] Hand: [ST27-005,ST27-005,OP05-057,EB01-049,EB01-049]
[] Board: [OP06-050,OP03-089]
[] Trash: [EB01-049,EB01-051,OP02-114,OP02-106]
[] Life: 4
[] Hand: [OP16-096,OP16-097,OP16-098,OP16-084,OP16-098,OP16-096,OP14-096]
[] Trash: []
[] Board: [OP16-081]
[] Life: 4
[You] Draw 1 Card
[] Drew card from deck: Hina ["ST06-008">ST06-008]
RZ1|96|1|ST06-008|0|34|1|5|1|1|0|0|0
RZ1|CHK|96|1|34|6|2|4|7|3|4|0|1|0
RZ1|97|1|Don|4|6|5|3|1|1|0|0|0
RZ1|CHK|97|1|34|6|2|4|6|4|4|0|1|0
RZ1|98|1|Don|4|5|5|4|1|1|0|0|0
RZ1|CHK|98|1|34|6|2|4|5|5|4|0|1|0
[You] Draw 2 Don
RZ1|99|1|Don|5|0|5|0|1|1|1|0|0
RZ1|CHK|99|1|34|6|2|4|5|5|4|0|1|0
RZ1|100|1|Don|5|1|5|1|1|1|1|0|0
RZ1|CHK|100|1|34|6|2|4|5|5|4|0|1|0
RZ1|101|1|Don|5|2|5|2|1|1|1|0|0
RZ1|CHK|101|1|34|6|2|4|5|5|4|0|1|0
RZ1|102|1|Don|5|3|5|3|1|1|1|0|0
RZ1|CHK|102|1|34|6|2|4|5|5|4|0|1|0
RZ1|103|1|Don|5|4|5|4|1|1|1|0|0
RZ1|CHK|103|1|34|6|2|4|5|5|4|0|1|0
[You] Deploy T Bone ["EB01-049">EB01-049]
RZ1|104|1|EB01-049|1|3|2|2|1|1|0|0|0
RZ1|CHK|104|1|34|5|3|4|5|5|4|0|1|0
[You] T Bone ["EB01-049">EB01-049]: Destroy Otama ["OP16-081">OP16-081]
RZ1|105|2|OP16-081|2|0|6|0|1|1|0|0|0
RZ1|CHK|105|2|38|7|0|4|6|3|1|0|1|1
RZ1|106|1|ST06-008|1|4|6|4|1|1|0|0|0
RZ1|CHK|106|1|34|4|3|4|5|5|5|0|1|0
[You] Trash Hina ["ST06-008">ST06-008]
[You] Sakazuki ["OP05-041">OP05-041]: Draw 1 Card
[] Drew card from deck: Rob Lucci ["OP05-093">OP05-093]
RZ1|107|1|OP05-093|0|33|1|4|1|1|0|0|0
RZ1|CHK|107|1|33|5|3|4|5|5|5|0|1|0
[You] Sakazuki ["OP05-041">OP05-041] attacking Yamato ["OP16-079">OP16-079]
[Opponent] Discard Yamato ["OP16-096">OP16-096] for Counter 1000
RZ1|108|2|OP16-096|1|0|6|1|1|1|0|0|0
RZ1|CHK|108|2|38|6|0|4|6|3|2|0|1|1
Sakazuki ["OP05-041">OP05-041][5000] vs Yamato ["OP16-079">OP16-079][6000]
Attack Fails
[] Hand: [ST27-005,ST27-005,OP05-057,EB01-049,OP05-093]
[] Board: [OP06-050,OP03-089,EB01-049]
[] Trash: [EB01-049,EB01-051,OP02-114,OP02-106,ST06-008]
[] Life: 4
[] Hand: [OP16-097,OP16-098,OP16-084,OP16-098,OP16-096,OP14-096]
[] Trash: [OP16-081,OP16-096]
[] Board: []
[] Life: 4
[You] End Turn
[] Hand: [OP16-097,OP16-098,OP16-084,OP16-098,OP16-096,OP14-096]
[] Board: []
[] Trash: [OP16-081,OP16-096]
[] Life: 4
[] Hand: [ST27-005,ST27-005,OP05-057,EB01-049,OP05-093]
[] Trash: [EB01-049,EB01-051,OP02-114,OP02-106,ST06-008]
[] Board: [OP06-050,OP03-089,EB01-049]
[] Life: 4
RZ1|109|2|Don|9|9900|5|0|1|1|1|0|0
RZ1|CHK|109|2|38|6|0|4|6|4|2|0|1|0
[Opponent] Draw 1 Card
[] Drew card from deck: Shinobu ["OP16-087">OP16-087]
RZ1|110|2|OP16-087|0|37|1|6|1|1|0|0|0
RZ1|CHK|110|2|37|7|0|4|6|4|2|0|1|0
RZ1|111|2|Don|4|5|5|4|1|1|0|0|0
RZ1|CHK|111|2|37|7|0|4|5|5|2|0|1|0
RZ1|112|2|Don|4|4|5|5|1|1|0|0|0
RZ1|CHK|112|2|37|7|0|4|4|6|2|0|1|0
[Opponent] Draw 2 Don
RZ1|113|2|Don|5|0|5|0|1|1|1|0|0
RZ1|CHK|113|2|37|7|0|4|4|6|2|0|1|0
RZ1|114|2|Don|5|1|5|1|1|1|1|0|0
RZ1|CHK|114|2|37|7|0|4|4|6|2|0|1|0
RZ1|115|2|Don|5|2|5|2|1|1|1|0|0
RZ1|CHK|115|2|37|7|0|4|4|6|2|0|1|0
RZ1|116|2|Don|5|3|5|3|1|1|1|0|0
RZ1|CHK|116|2|37|7|0|4|4|6|2|0|1|0
RZ1|117|2|Don|5|4|5|4|1|1|1|0|0
RZ1|CHK|117|2|37|7|0|4|4|6|2|0|1|0
RZ1|118|2|Don|5|5|5|5|1|1|1|0|0
RZ1|CHK|118|2|37|7|0|4|4|6|2|0|1|0
[Opponent] Deploy Yamato ["OP16-098">OP16-098]
RZ1|119|2|OP16-098|1|1|2|0|1|1|0|0|0
RZ1|CHK|119|2|37|6|1|4|4|6|2|0|1|0
[] Drew card from deck: Yamato ["OP16-096">OP16-096]
RZ1|120|2|OP16-096|0|36|1|6|1|1|0|0|0
RZ1|CHK|120|2|36|7|1|4|4|6|2|0|1|0
[Opponent] Yamato ["OP16-098">OP16-098]: Draw 1 Card
RZ1|121|2|OP16-098|1|2|6|2|1|1|0|0|0
RZ1|CHK|121|2|36|6|1|4|4|6|3|0|1|0
[Opponent] Yamato ["OP16-098">OP16-098]: Trash Yamato ["OP16-098">OP16-098]
[Opponent] Yamato ["OP16-079">OP16-079] attacking Sakazuki ["OP05-041">OP05-041]
[You] Discard T Bone ["EB01-049">EB01-049] for Counter 2000
RZ1|122|1|EB01-049|1|3|6|5|1|1|0|0|0
RZ1|CHK|122|1|33|4|3|4|5|5|6|0|1|0
Yamato ["OP16-079">OP16-079][5000] vs Sakazuki ["OP05-041">OP05-041][7000]
Attack Fails
[] Hand: [OP16-097,OP16-084,OP16-096,OP14-096,OP16-087,OP16-096]
[] Board: [OP16-098]
[] Trash: [OP16-081,OP16-096,OP16-098]
[] Life: 4
[] Hand: [ST27-005,ST27-005,OP05-057,OP05-093]
[] Trash: [EB01-049,EB01-051,OP02-114,OP02-106,ST06-008,EB01-049]
[] Board: [OP06-050,OP03-089,EB01-049]
[] Life: 4
[Opponent] End Turn
[] Hand: [ST27-005,ST27-005,OP05-057,OP05-093]
[] Board: [OP06-050,OP03-089,EB01-049]
[] Trash: [EB01-049,EB01-051,OP02-114,OP02-106,ST06-008,EB01-049]
[] Life: 4
[] Hand: [OP16-097,OP16-084,OP16-096,OP14-096,OP16-087,OP16-096]
[] Trash: [OP16-081,OP16-096,OP16-098]
[] Board: [OP16-098]
[] Life: 4
[You] Draw 1 Card
[] Drew card from deck: Tsuru ["OP02-106">OP02-106]
RZ1|123|1|OP02-106|0|32|1|4|1|1|0|0|0
RZ1|CHK|123|1|32|5|3|4|5|5|6|0|1|0
RZ1|124|1|Don|4|4|5|5|1|1|0|0|0
RZ1|CHK|124|1|32|5|3|4|4|6|6|0|1|0
RZ1|125|1|Don|4|3|5|6|1|1|0|0|0
RZ1|CHK|125|1|32|5|3|4|3|7|6|0|1|0
[You] Draw 2 Don
RZ1|126|1|Don|5|0|5|0|1|1|1|0|0
RZ1|CHK|126|1|32|5|3|4|3|7|6|0|1|0
RZ1|127|1|Don|5|1|5|1|1|1|1|0|0
RZ1|CHK|127|1|32|5|3|4|3|7|6|0|1|0
RZ1|128|1|Don|5|2|5|2|1|1|1|0|0
RZ1|CHK|128|1|32|5|3|4|3|7|6|0|1|0
RZ1|129|1|Don|5|3|5|3|1|1|1|0|0
RZ1|CHK|129|1|32|5|3|4|3|7|6|0|1|0
RZ1|130|1|Don|5|4|5|4|1|1|1|0|0
RZ1|CHK|130|1|32|5|3|4|3|7|6|0|1|0
RZ1|131|1|Don|5|5|5|5|1|1|1|0|0
RZ1|CHK|131|1|32|5|3|4|3|7|6|0|1|0
RZ1|132|1|Don|5|6|5|6|1|1|1|0|0
RZ1|CHK|132|1|32|5|3|4|3|7|6|0|1|0
[You] Deploy Marshall D. Teach ["ST27-005">ST27-005]
RZ1|133|1|ST27-005|1|0|2|3|1|1|0|0|0
RZ1|CHK|133|1|32|4|4|4|3|7|6|0|1|0
[You] Sakazuki ["OP05-041">OP05-041] attacking Yamato ["OP16-079">OP16-079]
[You] Sakazuki ["OP05-041">OP05-041]: Yamato ["OP16-098">OP16-098] Cost -1
[Opponent] Discard Yamato ["OP16-096">OP16-096] for Counter 1000
RZ1|134|2|OP16-096|1|2|6|3|1|1|0|0|0
RZ1|CHK|134|2|36|5|1|4|4|6|4|0|1|0
Sakazuki ["OP05-041">OP05-041][5000] vs Yamato ["OP16-079">OP16-079][6000]
Attack Fails
[You] T Bone ["EB01-049">EB01-049] attacking Yamato ["OP16-079">OP16-079]
[Opponent] Discard Kouzuki Momonosuke ["OP16-084">OP16-084] for Counter 2000
RZ1|135|2|OP16-084|1|1|6|4|1|1|0|0|0
RZ1|CHK|135|2|36|4|1|4|4|6|5|0|1|0
T Bone ["EB01-049">EB01-049][5000] vs Yamato ["OP16-079">OP16-079][7000]
Attack Fails
[You] Marshall D. Teach ["ST27-005">ST27-005]: Rest Marshall D. Teach ["ST27-005">ST27-005]
[You] Marshall D. Teach ["ST27-005">ST27-005]: Destroy Tashigi ["OP06-050">OP06-050]
RZ1|136|1|OP06-050|2|0|6|6|1|1|0|0|0
RZ1|CHK|136|1|32|4|3|4|3|7|7|0|1|0
Yamato ["OP16-098">OP16-098] cost restored
[] Hand: [ST27-005,OP05-057,OP05-093,OP02-106]
[] Board: [OP03-089,EB01-049,ST27-005]
[] Trash: [EB01-049,EB01-051,OP02-114,OP02-106,ST06-008,EB01-049,OP06-050]
[] Life: 4
[] Hand: [OP16-097,OP14-096,OP16-087,OP16-096]
[] Trash: [OP16-081,OP16-096,OP16-098,OP16-096,OP16-084]
[] Board: [OP16-098]
[] Life: 4
[You] End Turn
[] Hand: [OP16-097,OP14-096,OP16-087,OP16-096]
[] Board: [OP16-098]
[] Trash: [OP16-081,OP16-096,OP16-098,OP16-096,OP16-084]
[] Life: 4
[] Hand: [ST27-005,OP05-057,OP05-093,OP02-106]
[] Trash: [EB01-049,EB01-051,OP02-114,OP02-106,ST06-008,EB01-049,OP06-050]
[] Board: [OP03-089,EB01-049,ST27-005]
[] Life: 4
[Opponent] Draw 1 Card
[] Drew card from deck: I've Come Here To Cut Those Chains! ["OP16-099">OP16-099]
RZ1|137|2|OP16-099|0|35|1|4|1|1|0|0|0
RZ1|CHK|137|2|35|5|1|4|4|6|5|0|1|0
RZ1|138|2|Don|4|3|5|6|1|1|0|0|0
RZ1|CHK|138|2|35|5|1|4|3|7|5|0|1|0
RZ1|139|2|Don|4|2|5|7|1|1|0|0|0
RZ1|CHK|139|2|35|5|1|4|2|8|5|0|1|0
[Opponent] Draw 2 Don
RZ1|140|2|Don|5|0|5|0|1|1|1|0|0
RZ1|CHK|140|2|35|5|1|4|2|8|5|0|1|0
RZ1|141|2|Don|5|1|5|1|1|1|1|0|0
RZ1|CHK|141|2|35|5|1|4|2|8|5|0|1|0
RZ1|142|2|Don|5|2|5|2|1|1|1|0|0
RZ1|CHK|142|2|35|5|1|4|2|8|5|0|1|0
RZ1|143|2|Don|5|3|5|3|1|1|1|0|0
RZ1|CHK|143|2|35|5|1|4|2|8|5|0|1|0
RZ1|144|2|Don|5|4|5|4|1|1|1|0|0
RZ1|CHK|144|2|35|5|1|4|2|8|5|0|1|0
RZ1|145|2|Don|5|5|5|5|1|1|1|0|0
RZ1|CHK|145|2|35|5|1|4|2|8|5|0|1|0
RZ1|146|2|Don|5|6|5|6|1|1|1|0|0
RZ1|CHK|146|2|35|5|1|4|2|8|5|0|1|0
RZ1|147|2|Don|5|7|5|7|1|1|1|0|0
RZ1|CHK|147|2|35|5|1|4|2|8|5|0|1|0
[Opponent] Deploy Yamato ["OP16-097">OP16-097]
RZ1|148|2|OP16-097|1|0|2|1|1|1|0|0|0
RZ1|CHK|148|2|35|4|2|4|2|8|5|0|1|0
[Opponent] <b>Draw Kouzuki Momonosuke ["OP16-084">OP16-084] from Trash</b>
RZ1|149|2|OP16-084|6|4|1|4|1|1|0|0|0
RZ1|CHK|149|2|35|5|2|4|2|8|4|0|1|0
RZ1|150|2|OP16-087|1|1|2|2|1|1|0|0|0
RZ1|CHK|150|2|35|4|3|4|2|8|4|0|1|0
[Opponent] Yamato ["OP16-097">OP16-097]: Deploy Shinobu ["OP16-087">OP16-087]
RZ1|151|2|OP16-087|2|2|6|4|1|1|0|0|0
RZ1|CHK|151|2|35|4|2|4|2|8|5|0|1|0
[Opponent] Shinobu ["OP16-087">OP16-087]: Trash Shinobu ["OP16-087">OP16-087]
[] Drew card from deck: Yamato ["OP16-097">OP16-097]
RZ1|152|2|OP16-097|0|34|1|4|1|1|0|0|0
RZ1|CHK|152|2|34|5|2|4|2|8|5|0|1|0
[Opponent] Shinobu ["OP16-087">OP16-087]: Draw 1 Card
[Opponent] Yamato ["OP16-098">OP16-098] attacking Sakazuki ["OP05-041">OP05-041]
[You] Discard Tsuru ["OP02-106">OP02-106] for Counter 2000
RZ1|153|1|OP02-106|1|3|6|7|1|1|0|0|0
RZ1|CHK|153|1|32|3|3|4|3|7|8|0|1|0
Yamato ["OP16-098">OP16-098][5000] vs Sakazuki ["OP05-041">OP05-041][7000]
Attack Fails
[Opponent] Yamato ["OP16-079">OP16-079] attacking Sakazuki ["OP05-041">OP05-041]
Yamato ["OP16-079">OP16-079][5000] vs Sakazuki ["OP05-041">OP05-041][5000]
Sakazuki ["OP05-041">OP05-041] hit for 1 damage
RZ1|154|1|EB01-049|3|3|1|3|1|1|0|0|0
RZ1|CHK|154|1|32|4|3|3|3|7|8|0|1|0
[] Hand: [OP14-096,OP16-096,OP16-099,OP16-084,OP16-097]
[] Board: [OP16-098,OP16-097]
[] Trash: [OP16-081,OP16-096,OP16-098,OP16-096,OP16-087]
[] Life: 4
[] Hand: [ST27-005,OP05-057,OP05-093,EB01-049]
[] Trash: [EB01-049,EB01-051,OP02-114,OP02-106,ST06-008,EB01-049,OP06-050,OP02-106]
[] Board: [OP03-089,EB01-049,ST27-005]
[] Life: 3
[Opponent] End Turn
[] Hand: [ST27-005,OP05-057,OP05-093,EB01-049]
[] Board: [OP03-089,EB01-049,ST27-005]
[] Trash: [EB01-049,EB01-051,OP02-114,OP02-106,ST06-008,EB01-049,OP06-050,OP02-106]
[] Life: 3
[] Hand: [OP14-096,OP16-096,OP16-099,OP16-084,OP16-097]
[] Trash: [OP16-081,OP16-096,OP16-098,OP16-096,OP16-087]
[] Board: [OP16-098,OP16-097]
[] Life: 4
[You] Draw 1 Card
[] Drew card from deck: Tashigi ["ST06-006">ST06-006]
RZ1|155|1|ST06-006|0|31|1|4|1|1|0|0|0
RZ1|CHK|155|1|31|5|3|3|3|7|8|0|1|0
RZ1|156|1|Don|4|2|5|7|1|1|0|0|0
RZ1|CHK|156|1|31|5|3|3|2|8|8|0|1|0
RZ1|157|1|Don|4|1|5|8|1|1|0|0|0
RZ1|CHK|157|1|31|5|3|3|1|9|8|0|1|0
[You] Draw 2 Don
RZ1|158|1|Don|5|0|5|0|1|1|1|0|0
RZ1|CHK|158|1|31|5|3|3|1|9|8|0|1|0
RZ1|159|1|Don|5|1|5|1|1|1|1|0|0
RZ1|CHK|159|1|31|5|3|3|1|9|8|0|1|0
RZ1|160|1|Don|5|2|5|2|1|1|1|0|0
RZ1|CHK|160|1|31|5|3|3|1|9|8|0|1|0
RZ1|161|1|Don|5|3|5|3|1|1|1|0|0
RZ1|CHK|161|1|31|5|3|3|1|9|8|0|1|0
RZ1|162|1|Don|5|4|5|4|1|1|1|0|0
RZ1|CHK|162|1|31|5|3|3|1|9|8|0|1|0
RZ1|163|1|Don|5|5|5|5|1|1|1|0|0
RZ1|CHK|163|1|31|5|3|3|1|9|8|0|1|0
RZ1|164|1|Don|5|6|5|6|1|1|1|0|0
RZ1|CHK|164|1|31|5|3|3|1|9|8|0|1|0
[You] Deploy Marshall D. Teach ["ST27-005">ST27-005]
RZ1|165|1|ST27-005|1|0|2|3|1|1|0|0|0
RZ1|CHK|165|1|31|4|4|3|1|9|8|0|1|0
[You] Marshall D. Teach ["ST27-005">ST27-005]: Rest Marshall D. Teach ["ST27-005">ST27-005]
[You] Marshall D. Teach ["ST27-005">ST27-005]: Destroy Brannew ["OP03-089">OP03-089]
RZ1|166|1|OP03-089|2|0|6|8|1|1|0|0|0
RZ1|CHK|166|1|31|4|3|3|1|9|9|0|1|0
[You] Marshall D. Teach ["ST27-005">ST27-005]: Rest Marshall D. Teach ["ST27-005">ST27-005]
[You] Sakazuki ["OP05-041">OP05-041] attacking Yamato ["OP16-079">OP16-079]
[You] Sakazuki ["OP05-041">OP05-041]: Yamato ["OP16-097">OP16-097] Cost -1
[Opponent] Discard Yamato ["OP16-096">OP16-096] for Counter 1000
RZ1|167|2|OP16-096|1|1|6|5|1|1|0|0|0
RZ1|CHK|167|2|34|4|2|4|2|8|6|0|1|0
Sakazuki ["OP05-041">OP05-041][5000] vs Yamato ["OP16-079">OP16-079][6000]
Attack Fails
[You] T Bone ["EB01-049">EB01-049] attacking Yamato ["OP16-079">OP16-079]
[Opponent] Discard Kouzuki Momonosuke ["OP16-084">OP16-084] for Counter 2000
RZ1|168|2|OP16-084|1|2|6|6|1|1|0|0|0
RZ1|CHK|168|2|34|3|2|4|2|8|7|0|1|0
T Bone ["EB01-049">EB01-049][5000] vs Yamato ["OP16-079">OP16-079][7000]
Attack Fails
[You] Hound Blaze ["OP05-057">OP05-057]: Rest 2 Don
RZ1|169|1|Don|5|7|5|7|1|1|1|0|0
RZ1|CHK|169|1|31|4|3|3|1|9|9|0|1|0
RZ1|170|1|Don|5|8|5|8|1|1|1|0|0
RZ1|CHK|170|1|31|4|3|3|1|9|9|0|1|0
RZ1|171|1|OP05-057|1|0|6|9|1|1|0|0|0
RZ1|CHK|171|1|31|3|3|3|1|9|10|0|1|0
[You] Hound Blaze ["OP05-057">OP05-057]: Buff Sakazuki ["OP05-041">OP05-041] 3000
Yamato ["OP16-097">OP16-097] cost restored
[] Hand: [OP05-093,EB01-049,ST06-006]
[] Board: [EB01-049,ST27-005,ST27-005]
[] Trash: [EB01-049,EB01-051,OP02-114,OP02-106,ST06-008,EB01-049,OP06-050,OP02-106,OP03-089,OP05-057]
[] Life: 3
[] Hand: [OP14-096,OP16-099,OP16-097]
[] Trash: [OP16-081,OP16-096,OP16-098,OP16-096,OP16-087,OP16-096,OP16-084]
[] Board: [OP16-098,OP16-097]
[] Life: 4
[You] End Turn
[] Hand: [OP14-096,OP16-099,OP16-097]
[] Board: [OP16-098,OP16-097]
[] Trash: [OP16-081,OP16-096,OP16-098,OP16-096,OP16-087,OP16-096,OP16-084]
[] Life: 4
[] Hand: [OP05-093,EB01-049,ST06-006]
[] Trash: [EB01-049,EB01-051,OP02-114,OP02-106,ST06-008,EB01-049,OP06-050,OP02-106,OP03-089,OP05-057]
[] Board: [EB01-049,ST27-005,ST27-005]
[] Life: 3
[Opponent] Draw 1 Card
[] Drew card from deck: Ground Death ["OP14-096">OP14-096]
RZ1|172|2|OP14-096|0|33|1|3|1|1|0|0|0
RZ1|CHK|172|2|33|4|2|4|2|8|7|0|1|0
RZ1|173|2|Don|4|1|5|8|1|1|0|0|0
RZ1|CHK|173|2|33|4|2|4|1|9|7|0|1|0
RZ1|174|2|Don|4|0|5|9|1|1|0|0|0
RZ1|CHK|174|2|33|4|2|4|0|10|7|0|1|0
[Opponent] Draw 2 Don
RZ1|175|2|Don|5|0|5|0|1|1|1|0|0
RZ1|CHK|175|2|33|4|2|4|0|10|7|0|1|0
RZ1|176|2|Don|5|1|5|1|1|1|1|0|0
RZ1|CHK|176|2|33|4|2|4|0|10|7|0|1|0
RZ1|177|2|Don|5|2|5|2|1|1|1|0|0
RZ1|CHK|177|2|33|4|2|4|0|10|7|0|1|0
RZ1|178|2|Don|5|3|5|3|1|1|1|0|0
RZ1|CHK|178|2|33|4|2|4|0|10|7|0|1|0
RZ1|179|2|Don|5|4|5|4|1|1|1|0|0
RZ1|CHK|179|2|33|4|2|4|0|10|7|0|1|0
RZ1|180|2|Don|5|5|5|5|1|1|1|0|0
RZ1|CHK|180|2|33|4|2|4|0|10|7|0|1|0
RZ1|181|2|Don|5|6|5|6|1|1|1|0|0
RZ1|CHK|181|2|33|4|2|4|0|10|7|0|1|0
RZ1|182|2|Don|5|7|5|7|1|1|1|0|0
RZ1|CHK|182|2|33|4|2|4|0|10|7|0|1|0
[Opponent] Deploy Yamato ["OP16-097">OP16-097]
RZ1|183|2|OP16-097|1|2|2|2|1|1|0|0|0
RZ1|CHK|183|2|33|3|3|4|0|10|7|0|1|0
[Opponent] <b>Draw Kouzuki Momonosuke ["OP16-084">OP16-084] from Trash</b>
RZ1|184|2|OP16-084|6|6|1|3|1|1|0|0|0
RZ1|CHK|184|2|33|4|3|4|0|10|6|0|1|0
RZ1|185|2|OP16-098|2|0|6|6|1|1|0|0|0
RZ1|CHK|185|2|33|4|2|4|0|10|7|0|1|0
[Opponent] Yamato ["OP16-098">OP16-098]: Trash Yamato ["OP16-098">OP16-098]
[Opponent] Yamato ["OP16-098">OP16-098]: Deployed Yamato ["OP16-096">OP16-096] from Trash
RZ1|186|2|OP16-096|6|1|2|2|1|1|0|0|0
RZ1|CHK|186|2|33|4|3|4|0|10|6|0|1|0
[Opponent] Yamato ["OP16-079">OP16-079]: Give Yamato ["OP16-096">OP16-096] Rush
[Opponent] Yamato ["OP16-097">OP16-097] attacking Sakazuki ["OP05-041">OP05-041]
[You] Discard T Bone ["EB01-049">EB01-049] for Counter 2000
RZ1|187|1|EB01-049|1|1|6|10|1|1|0|0|0
RZ1|CHK|187|1|31|2|3|3|1|9|11|0|1|0
[You] Discard Tashigi ["ST06-006">ST06-006] for Counter 2000
RZ1|188|1|ST06-006|1|1|6|11|1|1|0|0|0
RZ1|CHK|188|1|31|1|3|3|1|9|12|0|1|0
Yamato ["OP16-097">OP16-097][8000] vs Sakazuki ["OP05-041">OP05-041][9000]
Attack Fails
[Opponent] Yamato ["OP16-096">OP16-096] attacking Sakazuki ["OP05-041">OP05-041]
Yamato ["OP16-096">OP16-096][8000] vs Sakazuki ["OP05-041">OP05-041][5000]
Sakazuki ["OP05-041">OP05-041] hit for 1 damage
RZ1|189|1|OP05-091|3|2|1|1|1|1|0|0|0
RZ1|CHK|189|1|31|2|3|2|1|9|12|0|1|0
[Opponent] Yamato ["OP16-079">OP16-079] attacking Sakazuki ["OP05-041">OP05-041]
Yamato ["OP16-079">OP16-079][5000] vs Sakazuki ["OP05-041">OP05-041][5000]
Sakazuki ["OP05-041">OP05-041] hit for 1 damage
RZ1|190|1|OP06-050|3|1|1|2|1|1|0|0|0
RZ1|CHK|190|1|31|3|3|1|1|9|12|0|1|0
[Opponent] Ground Death ["OP14-096">OP14-096]: Rest 1 Don
RZ1|191|2|Don|5|8|5|8|1|1|1|0|0
RZ1|CHK|191|2|33|4|3|4|0|10|6|0|1|0
RZ1|192|2|OP14-096|1|0|6|6|1|1|0|0|0
RZ1|CHK|192|2|33|3|3|4|0|10|7|0|1|0
[] Hand: [OP16-099,OP14-096,OP16-084]
[] Board: [OP16-097,OP16-097,OP16-096]
[] Trash: [OP16-081,OP16-098,OP16-096,OP16-087,OP16-096,OP16-098,OP14-096]
[] Life: 4
[] Hand: [OP05-093,OP05-091,OP06-050]
[] Trash: [EB01-049,EB01-051,OP02-114,OP02-106,ST06-008,EB01-049,OP06-050,OP02-106,OP03-089,OP05-057,EB01-049,ST06-006]
[] Board: [EB01-049,ST27-005,ST27-005]
[] Life: 1
[Opponent] End Turn
[] Hand: [OP05-093,OP05-091,OP06-050]
[] Board: [EB01-049,ST27-005,ST27-005]
[] Trash: [EB01-049,EB01-051,OP02-114,OP02-106,ST06-008,EB01-049,OP06-050,OP02-106,OP03-089,OP05-057,EB01-049,ST06-006]
[] Life: 1
[] Hand: [OP16-099,OP14-096,OP16-084]
[] Trash: [OP16-081,OP16-098,OP16-096,OP16-087,OP16-096,OP16-098,OP14-096]
[] Board: [OP16-097,OP16-097,OP16-096]
[] Life: 4
[You] Draw 1 Card
[] Drew card from deck: Koby ["OP02-098">OP02-098]
RZ1|193|1|OP02-098|0|30|1|3|1|1|0|0|0
RZ1|CHK|193|1|30|4|3|1|1|9|12|0|1|0
RZ1|194|1|Don|4|0|5|9|1|1|0|0|0
RZ1|CHK|194|1|30|4|3|1|0|10|12|0|1|0
[You] Draw 2 Don
[You] Marshall D. Teach ["ST27-005">ST27-005]: Rest Marshall D. Teach ["ST27-005">ST27-005]
[You] Marshall D. Teach ["ST27-005">ST27-005]: Rest Marshall D. Teach ["ST27-005">ST27-005]
RZ1|195|1|Don|5|0|5|0|1|1|1|0|0
RZ1|CHK|195|1|30|4|3|1|0|10|12|0|1|0
RZ1|196|1|Don|5|1|5|1|1|1|1|0|0
RZ1|CHK|196|1|30|4|3|1|0|10|12|0|1|0
RZ1|197|1|Don|5|2|5|2|1|1|1|0|0
RZ1|CHK|197|1|30|4|3|1|0|10|12|0|1|0
RZ1|198|1|Don|5|3|5|3|1|1|1|0|0
RZ1|CHK|198|1|30|4|3|1|0|10|12|0|1|0
[You] Deploy Rob Lucci ["OP05-093">OP05-093]
RZ1|199|1|OP05-093|1|0|2|3|1|1|0|0|0
RZ1|CHK|199|1|30|3|4|1|0|10|12|0|1|0
RZ1|200|1|Don|5|4|9|9900|1|1|0|0|0
RZ1|CHK|200|1|30|3|4|1|0|9|12|0|1|1
RZ1|201|1|Don|5|4|9|9901|1|1|0|0|0
RZ1|CHK|201|1|30|3|4|1|0|8|12|0|1|2
[You] Attach 2 Don to Sakazuki ["OP05-041">OP05-041] (2 Total)
[You] Sakazuki ["OP05-041">OP05-041] attacking Yamato ["OP16-079">OP16-079]
[You] Sakazuki ["OP05-041">OP05-041]: Yamato ["OP16-096">OP16-096] Cost -1
[Opponent] I've Come Here To Cut Those Chains! ["OP16-099">OP16-099]: Activate Counter
[Opponent] I've Come Here To Cut Those Chains! ["OP16-099">OP16-099]: Rest 1 Don
RZ1|202|2|Don|5|9|5|9|1|1|1|0|0
RZ1|CHK|202|2|33|3|3|4|0|10|7|0|1|0
RZ1|203|2|OP16-099|1|0|6|7|1|1|0|0|0
RZ1|CHK|203|2|33|2|3|4|0|10|8|0|1|0
[Opponent] I've Come Here To Cut Those Chains! ["OP16-099">OP16-099]: Buff Yamato ["OP16-079">OP16-079] 3000 for the Combat
Sakazuki ["OP05-041">OP05-041][7000] vs Yamato ["OP16-079">OP16-079][8000]
Attack Fails
[You] T Bone ["EB01-049">EB01-049] attacking Yamato ["OP16-079">OP16-079]
[Opponent] Discard Kouzuki Momonosuke ["OP16-084">OP16-084] for Counter 2000
RZ1|204|2|OP16-084|1|1|6|8|1|1|0|0|0
RZ1|CHK|204|2|33|1|3|4|0|10|9|0|1|0
T Bone ["EB01-049">EB01-049][5000] vs Yamato ["OP16-079">OP16-079][7000]
Attack Fails
RZ1|205|1|Don|5|4|5|4|1|1|1|0|0
RZ1|CHK|205|1|30|3|4|1|0|8|12|0|1|2
[You] Deploy Tashigi ["OP06-050">OP06-050]
RZ1|206|1|OP06-050|1|1|2|4|1|1|0|0|0
RZ1|CHK|206|1|30|2|5|1|0|8|12|0|1|2
RZ1|207|1|OP02-098|0|28|1|2|1|1|0|0|0
RZ1|CHK|207|1|29|3|5|1|0|8|12|0|1|2
[You] Tashigi ["OP06-050">OP06-050]: <b>Reveal and Draw Koby ["OP02-098">OP02-098]</b>
[You] Placing Cards on Bottom of Deck
RZ1|208|1|EB01-051|0|28|0|0|0|0|0|0|0
RZ1|CHK|208|1|29|3|5|1|0|8|12|0|1|2
RZ1|209|1|OP02-098|0|28|0|0|0|0|0|0|0
RZ1|CHK|209|1|29|3|5|1|0|8|12|0|1|2
RZ1|210|1|ST06-006|0|28|0|0|0|0|0|0|0
RZ1|CHK|210|1|29|3|5|1|0|8|12|0|1|2
RZ1|211|1|OP05-057|0|28|0|0|0|0|0|0|0
RZ1|CHK|211|1|29|3|5|1|0|8|12|0|1|2
RZ1|212|1|Don|5|5|5|5|1|1|1|0|0
RZ1|CHK|212|1|29|3|5|1|0|8|12|0|1|2
RZ1|213|1|Don|5|6|5|6|1|1|1|0|0
RZ1|CHK|213|1|29|3|5|1|0|8|12|0|1|2
RZ1|214|1|Don|5|7|5|7|1|1|1|0|0
RZ1|CHK|214|1|29|3|5|1|0|8|12|0|1|2
[You] Trash Tashigi ["OP06-050">OP06-050]
[You] Deploy Koby ["OP02-098">OP02-098]
RZ1|215|1|OP06-050|2|4|6|12|1|1|0|0|0
RZ1|CHK|215|1|29|3|4|1|0|8|13|0|1|2
RZ1|216|1|OP02-098|1|1|2|4|1|1|0|0|0
RZ1|CHK|216|1|29|2|5|1|0|8|13|0|1|2
Yamato ["OP16-096">OP16-096] cost restored
[] Hand: [OP05-091,OP02-098]
[] Board: [EB01-049,ST27-005,ST27-005,OP05-093,OP02-098]
[] Trash: [EB01-049,EB01-051,OP02-114,OP02-106,ST06-008,EB01-049,OP06-050,OP02-106,OP03-089,OP05-057,EB01-049,ST06-006,OP06-050]
[] Life: 1
[] Hand: [OP14-096]
[] Trash: [OP16-081,OP16-098,OP16-096,OP16-087,OP16-096,OP16-098,OP14-096,OP16-099,OP16-084]
[] Board: [OP16-097,OP16-097,OP16-096]
[] Life: 4
[You] End Turn
[] Hand: [OP14-096]
[] Board: [OP16-097,OP16-097,OP16-096]
[] Trash: [OP16-081,OP16-098,OP16-096,OP16-087,OP16-096,OP16-098,OP14-096,OP16-099,OP16-084]
[] Life: 4
[] Hand: [OP05-091,OP02-098]
[] Trash: [EB01-049,EB01-051,OP02-114,OP02-106,ST06-008,EB01-049,OP06-050,OP02-106,OP03-089,OP05-057,EB01-049,ST06-006,OP06-050]
[] Board: [EB01-049,ST27-005,ST27-005,OP05-093,OP02-098]
[] Life: 1
[Opponent] Draw 1 Card
[] Drew card from deck: Kin'emon ["OP16-082">OP16-082]
RZ1|217|2|OP16-082|0|32|1|1|1|1|0|0|0
RZ1|CHK|217|2|32|2|3|4|0|10|9|0|1|0
[Opponent] Yamato ["OP16-097">OP16-097] attacking Sakazuki ["OP05-041">OP05-041]
Yamato ["OP16-097">OP16-097][8000] vs Sakazuki ["OP05-041">OP05-041][5000]
Sakazuki ["OP05-041">OP05-041] hit for 1 damage
RZ1|218|1|ST06-017|3|0|1|2|1|1|0|0|0
RZ1|CHK|218|1|29|3|5|0|0|8|13|0|1|2
[Opponent] Yamato ["OP16-097">OP16-097] attacking Sakazuki ["OP05-041">OP05-041]
Yamato ["OP16-097">OP16-097][8000] vs Sakazuki ["OP05-041">OP05-041][5000]
Sakazuki ["OP05-041">OP05-041] hit for 1 damage
[You] <b>Downloaded the Combat Log!</b>
GameOver