Version is 1.42a.34
[TomDBomb​#22755] Leader is Shanks ["OP17-020">OP17-020]
[Karlmalone​#2854] Leader is Rocks D. Xebec ["OP17-039">OP17-039]
[TomDBomb​#22755] Chose to go First
RZ1|4|2|OP17-033|0|21|0|0|0|0|0|0|0
RZ1|CHK|4|2|50|0|0|0|10|0|0|0|1|0
RZ1|5|2|OP17-027|0|32|0|1|0|0|0|0|0
RZ1|CHK|5|2|50|0|0|0|10|0|0|0|1|0
RZ1|6|2|OP17-032|0|8|0|2|0|0|0|0|0
RZ1|CHK|6|2|50|0|0|0|10|0|0|0|1|0
RZ1|7|2|OP17-038|0|41|0|3|0|0|0|0|0
RZ1|CHK|7|2|50|0|0|0|10|0|0|0|1|0
RZ1|8|2|OP17-036|0|44|0|4|0|0|0|0|0
RZ1|CHK|8|2|50|0|0|0|10|0|0|0|1|0
RZ1|9|2|ST32-001|0|12|0|5|0|0|0|0|0
RZ1|CHK|9|2|50|0|0|0|10|0|0|0|1|0
RZ1|10|2|OP17-031|0|28|0|6|0|0|0|0|0
RZ1|CHK|10|2|50|0|0|0|10|0|0|0|1|0
RZ1|11|2|OP17-029|0|23|0|7|0|0|0|0|0
RZ1|CHK|11|2|50|0|0|0|10|0|0|0|1|0
RZ1|12|2|OP17-025|0|16|0|8|0|0|0|0|0
RZ1|CHK|12|2|50|0|0|0|10|0|0|0|1|0
RZ1|13|2|OP17-027|0|33|0|9|0|0|0|0|0
RZ1|CHK|13|2|50|0|0|0|10|0|0|0|1|0
RZ1|14|2|ST32-002|0|32|0|10|0|0|0|0|0
RZ1|CHK|14|2|50|0|0|0|10|0|0|0|1|0
RZ1|15|2|OP17-029|0|26|0|11|0|0|0|0|0
RZ1|CHK|15|2|50|0|0|0|10|0|0|0|1|0
RZ1|16|2|OP17-022|0|39|0|12|0|0|0|0|0
RZ1|CHK|16|2|50|0|0|0|10|0|0|0|1|0
RZ1|17|2|OP17-036|0|45|0|13|0|0|0|0|0
RZ1|CHK|17|2|50|0|0|0|10|0|0|0|1|0
RZ1|18|2|OP17-027|0|36|0|14|0|0|0|0|0
RZ1|CHK|18|2|50|0|0|0|10|0|0|0|1|0
RZ1|19|2|OP17-033|0|30|0|15|0|0|0|0|0
RZ1|CHK|19|2|50|0|0|0|10|0|0|0|1|0
RZ1|20|2|OP17-028|0|27|0|16|0|0|0|0|0
RZ1|CHK|20|2|50|0|0|0|10|0|0|0|1|0
RZ1|21|2|OP17-037|0|49|0|17|0|0|0|0|0
RZ1|CHK|21|2|50|0|0|0|10|0|0|0|1|0
RZ1|22|2|ST16-004|0|41|0|18|0|0|0|0|0
RZ1|CHK|22|2|50|0|0|0|10|0|0|0|1|0
RZ1|23|2|OP17-021|0|21|0|19|0|0|0|0|0
RZ1|CHK|23|2|50|0|0|0|10|0|0|0|1|0
RZ1|24|2|OP17-033|0|34|0|20|0|0|0|0|0
RZ1|CHK|24|2|50|0|0|0|10|0|0|0|1|0
RZ1|25|2|OP17-033|0|34|0|21|0|0|0|0|0
RZ1|CHK|25|2|50|0|0|0|10|0|0|0|1|0
RZ1|26|2|OP17-021|0|24|0|22|0|0|0|0|0
RZ1|CHK|26|2|50|0|0|0|10|0|0|0|1|0
RZ1|27|2|ST32-002|0|38|0|23|0|0|0|0|0
RZ1|CHK|27|2|50|0|0|0|10|0|0|0|1|0
RZ1|28|2|ST16-004|0|41|0|24|0|0|0|0|0
RZ1|CHK|28|2|50|0|0|0|10|0|0|0|1|0
RZ1|29|2|OP17-022|0|44|0|25|0|0|0|0|0
RZ1|CHK|29|2|50|0|0|0|10|0|0|0|1|0
RZ1|30|2|OP17-025|0|32|0|26|0|0|0|0|0
RZ1|CHK|30|2|50|0|0|0|10|0|0|0|1|0
RZ1|31|2|OP17-028|0|35|0|27|0|0|0|0|0
RZ1|CHK|31|2|50|0|0|0|10|0|0|0|1|0
RZ1|32|2|OP17-036|0|46|0|28|0|0|0|0|0
RZ1|CHK|32|2|50|0|0|0|10|0|0|0|1|0
RZ1|33|2|OP17-038|0|46|0|29|0|0|0|0|0
RZ1|CHK|33|2|50|0|0|0|10|0|0|0|1|0
RZ1|34|2|OP17-032|0|32|0|30|0|0|0|0|0
RZ1|CHK|34|2|50|0|0|0|10|0|0|0|1|0
RZ1|35|2|OP17-031|0|41|0|31|0|0|0|0|0
RZ1|CHK|35|2|50|0|0|0|10|0|0|0|1|0
RZ1|36|2|OP17-032|0|35|0|32|0|0|0|0|0
RZ1|CHK|36|2|50|0|0|0|10|0|0|0|1|0
RZ1|37|2|OP17-031|0|42|0|33|0|0|0|0|0
RZ1|CHK|37|2|50|0|0|0|10|0|0|0|1|0
RZ1|38|2|OP17-032|0|36|0|34|0|0|0|0|0
RZ1|CHK|38|2|50|0|0|0|10|0|0|0|1|0
RZ1|39|2|OP17-037|0|48|0|35|0|0|0|0|0
RZ1|CHK|39|2|50|0|0|0|10|0|0|0|1|0
RZ1|40|2|OP17-037|0|49|0|36|0|0|0|0|0
RZ1|CHK|40|2|50|0|0|0|10|0|0|0|1|0
RZ1|41|2|OP17-028|0|40|0|37|0|0|0|0|0
RZ1|CHK|41|2|50|0|0|0|10|0|0|0|1|0
RZ1|42|2|ST32-001|0|40|0|39|0|0|0|0|0
RZ1|CHK|42|2|50|0|0|0|10|0|0|0|1|0
RZ1|43|2|OP17-029|0|42|0|40|0|0|0|0|0
RZ1|CHK|43|2|50|0|0|0|10|0|0|0|1|0
RZ1|44|2|OP17-027|0|45|0|41|0|0|0|0|0
RZ1|CHK|44|2|50|0|0|0|10|0|0|0|1|0
RZ1|45|2|OP17-029|0|44|0|42|0|0|0|0|0
RZ1|CHK|45|2|50|0|0|0|10|0|0|0|1|0
RZ1|46|2|OP17-022|0|47|0|43|0|0|0|0|0
RZ1|CHK|46|2|50|0|0|0|10|0|0|0|1|0
RZ1|47|2|OP17-031|0|46|0|44|0|0|0|0|0
RZ1|CHK|47|2|50|0|0|0|10|0|0|0|1|0
RZ1|48|2|OP17-024|0|47|0|45|0|0|0|0|0
RZ1|CHK|48|2|50|0|0|0|10|0|0|0|1|0
RZ1|49|2|OP17-037|0|49|0|46|0|0|0|0|0
RZ1|CHK|49|2|50|0|0|0|10|0|0|0|1|0
RZ1|50|2|OP17-022|0|49|0|48|0|0|0|0|0
RZ1|CHK|50|2|50|0|0|0|10|0|0|0|1|0
[TomDBomb​#22755] Drew card from deck: Bonk Punch & Monster ["OP17-028">OP17-028]
RZ1|51|2|OP17-028|0|49|1|0|0|1|0|0|0
RZ1|CHK|51|2|49|1|0|0|10|0|0|0|1|0
[TomDBomb​#22755] Drew card from deck: Shanks ["OP17-022">OP17-022]
RZ1|52|2|OP17-022|0|48|1|1|0|1|0|0|0
RZ1|CHK|52|2|48|2|0|0|10|0|0|0|1|0
[TomDBomb​#22755] Drew card from deck: Crone Oli ["OP17-021">OP17-021]
RZ1|53|2|OP17-021|0|47|1|2|0|1|0|0|0
RZ1|CHK|53|2|47|3|0|0|10|0|0|0|1|0
[TomDBomb​#22755] Drew card from deck: Are You That Afraid of the New Era?! ["OP17-037">OP17-037]
RZ1|54|2|OP17-037|0|46|1|3|0|1|0|0|0
RZ1|CHK|54|2|46|4|0|0|10|0|0|0|1|0
[TomDBomb​#22755] Drew card from deck: Howling Gab ["OP17-024">OP17-024]
RZ1|55|2|OP17-024|0|45|1|4|0|1|0|0|0
RZ1|CHK|55|2|45|5|0|0|10|0|0|0|1|0
RZ1|56|1|OP17-042|0|13|0|0|0|0|0|0|0
RZ1|CHK|56|1|50|0|0|0|10|0|0|0|1|0
RZ1|57|1|OP17-045|0|5|0|1|0|0|0|0|0
RZ1|CHK|57|1|50|0|0|0|10|0|0|0|1|0
RZ1|58|1|OP17-118|0|38|0|2|0|0|0|0|0
RZ1|CHK|58|1|50|0|0|0|10|0|0|0|1|0
RZ1|59|1|OP17-046|0|21|0|3|0|0|0|0|0
RZ1|CHK|59|1|50|0|0|0|10|0|0|0|1|0
RZ1|60|1|OP17-048|0|32|0|4|0|0|0|0|0
RZ1|CHK|60|1|50|0|0|0|10|0|0|0|1|0
RZ1|61|1|OP17-055|0|41|0|5|0|0|0|0|0
RZ1|CHK|61|1|50|0|0|0|10|0|0|0|1|0
RZ1|62|1|OP17-048|0|34|0|6|0|0|0|0|0
RZ1|CHK|62|1|50|0|0|0|10|0|0|0|1|0
RZ1|63|1|OP17-040|0|32|0|7|0|0|0|0|0
RZ1|CHK|63|1|50|0|0|0|10|0|0|0|1|0
RZ1|64|1|OP17-055|0|41|0|8|0|0|0|0|0
RZ1|CHK|64|1|50|0|0|0|10|0|0|0|1|0
RZ1|65|1|OP17-056|0|46|0|10|0|0|0|0|0
RZ1|CHK|65|1|50|0|0|0|10|0|0|0|1|0
RZ1|66|1|OP17-040|0|35|0|11|0|0|0|0|0
RZ1|CHK|66|1|50|0|0|0|10|0|0|0|1|0
RZ1|67|1|OP17-049|0|33|0|12|0|0|0|0|0
RZ1|CHK|67|1|50|0|0|0|10|0|0|0|1|0
RZ1|68|1|OP17-046|0|28|0|13|0|0|0|0|0
RZ1|CHK|68|1|50|0|0|0|10|0|0|0|1|0
RZ1|69|1|OP17-056|0|45|0|15|0|0|0|0|0
RZ1|CHK|69|1|50|0|0|0|10|0|0|0|1|0
RZ1|70|1|OP17-046|0|30|0|16|0|0|0|0|0
RZ1|CHK|70|1|50|0|0|0|10|0|0|0|1|0
RZ1|71|1|OP17-045|0|18|0|17|0|0|0|0|0
RZ1|CHK|71|1|50|0|0|0|10|0|0|0|1|0
RZ1|72|1|OP17-040|0|36|0|18|0|0|0|0|0
RZ1|CHK|72|1|50|0|0|0|10|0|0|0|1|0
RZ1|73|1|OP17-055|0|43|0|20|0|0|0|0|0
RZ1|CHK|73|1|50|0|0|0|10|0|0|0|1|0
RZ1|74|1|OP17-052|0|24|0|21|0|0|0|0|0
RZ1|CHK|74|1|50|0|0|0|10|0|0|0|1|0
RZ1|75|1|OP17-054|0|26|0|22|0|0|0|0|0
RZ1|CHK|75|1|50|0|0|0|10|0|0|0|1|0
RZ1|76|1|OP17-042|0|29|0|23|0|0|0|0|0
RZ1|CHK|76|1|50|0|0|0|10|0|0|0|1|0
RZ1|77|1|OP17-056|0|45|0|24|0|0|0|0|0
RZ1|CHK|77|1|50|0|0|0|10|0|0|0|1|0
RZ1|78|1|OP17-057|0|47|0|25|0|0|0|0|0
RZ1|CHK|78|1|50|0|0|0|10|0|0|0|1|0
RZ1|79|1|OP17-054|0|29|0|26|0|0|0|0|0
RZ1|CHK|79|1|50|0|0|0|10|0|0|0|1|0
RZ1|80|1|OP17-046|0|34|0|27|0|0|0|0|0
RZ1|CHK|80|1|50|0|0|0|10|0|0|0|1|0
RZ1|81|1|OP17-054|0|31|0|28|0|0|0|0|0
RZ1|CHK|81|1|50|0|0|0|10|0|0|0|1|0
RZ1|82|1|OP17-048|0|41|0|29|0|0|0|0|0
RZ1|CHK|82|1|50|0|0|0|10|0|0|0|1|0
RZ1|83|1|OP17-044|0|35|0|30|0|0|0|0|0
RZ1|CHK|83|1|50|0|0|0|10|0|0|0|1|0
RZ1|84|1|OP17-056|0|47|0|31|0|0|0|0|0
RZ1|CHK|84|1|50|0|0|0|10|0|0|0|1|0
RZ1|85|1|OP17-054|0|35|0|32|0|0|0|0|0
RZ1|CHK|85|1|50|0|0|0|10|0|0|0|1|0
RZ1|86|1|OP17-043|0|38|0|33|0|0|0|0|0
RZ1|CHK|86|1|50|0|0|0|10|0|0|0|1|0
RZ1|87|1|OP17-052|0|36|0|34|0|0|0|0|0
RZ1|CHK|87|1|50|0|0|0|10|0|0|0|1|0
RZ1|88|1|OP17-118|0|46|0|35|0|0|0|0|0
RZ1|CHK|88|1|50|0|0|0|10|0|0|0|1|0
RZ1|89|1|OP17-044|0|38|0|36|0|0|0|0|0
RZ1|CHK|89|1|50|0|0|0|10|0|0|0|1|0
RZ1|90|1|OP17-118|0|45|0|37|0|0|0|0|0
RZ1|CHK|90|1|50|0|0|0|10|0|0|0|1|0
RZ1|91|1|OP17-043|0|40|0|38|0|0|0|0|0
RZ1|CHK|91|1|50|0|0|0|10|0|0|0|1|0
RZ1|92|1|OP17-057|0|48|0|39|0|0|0|0|0
RZ1|CHK|92|1|50|0|0|0|10|0|0|0|1|0
RZ1|93|1|OP17-049|0|44|0|40|0|0|0|0|0
RZ1|CHK|93|1|50|0|0|0|10|0|0|0|1|0
RZ1|94|1|OP17-055|0|48|0|41|0|0|0|0|0
RZ1|CHK|94|1|50|0|0|0|10|0|0|0|1|0
RZ1|95|1|OP17-048|0|47|0|42|0|0|0|0|0
RZ1|CHK|95|1|50|0|0|0|10|0|0|0|1|0
RZ1|96|1|OP17-049|0|46|0|43|0|0|0|0|0
RZ1|CHK|96|1|50|0|0|0|10|0|0|0|1|0
RZ1|97|1|OP17-040|0|47|0|44|0|0|0|0|0
RZ1|CHK|97|1|50|0|0|0|10|0|0|0|1|0
RZ1|98|1|OP17-052|0|46|0|45|0|0|0|0|0
RZ1|CHK|98|1|50|0|0|0|10|0|0|0|1|0
RZ1|99|1|OP17-118|0|48|0|46|0|0|0|0|0
RZ1|CHK|99|1|50|0|0|0|10|0|0|0|1|0
[Karlmalone​#2854] Drew card from deck: Fullalead ["OP17-057">OP17-057]
RZ1|100|1|OP17-057|0|49|1|0|1|1|0|0|0
RZ1|CHK|100|1|49|1|0|0|10|0|0|0|1|0
[Karlmalone​#2854] Drew card from deck: Charlotte Linlin ["OP17-049">OP17-049]
RZ1|101|1|OP17-049|0|48|1|1|1|1|0|0|0
RZ1|CHK|101|1|48|2|0|0|10|0|0|0|1|0
[Karlmalone​#2854] Drew card from deck: Kyo ["OP17-045">OP17-045]
RZ1|102|1|OP17-045|0|47|1|2|1|1|0|0|0
RZ1|CHK|102|1|47|3|0|0|10|0|0|0|1|0
[Karlmalone​#2854] Drew card from deck: Rocks D. Xebec ["OP17-118">OP17-118]
RZ1|103|1|OP17-118|0|46|1|3|1|1|0|0|0
RZ1|CHK|103|1|46|4|0|0|10|0|0|0|1|0
[Karlmalone​#2854] Drew card from deck: Don Marlon ["OP17-052">OP17-052]
RZ1|104|1|OP17-052|0|45|1|4|1|1|0|0|0
RZ1|CHK|104|1|45|5|0|0|10|0|0|0|1|0
[Karlmalone​#2854] Hand before Mulligan: [OP17-057,OP17-049,OP17-045,OP17-118,OP17-052]
RZ1|105|1|OP17-040|0|44|3|0|1|0|0|0|0
RZ1|CHK|105|1|44|5|0|1|10|0|0|0|1|0
RZ1|106|1|OP17-049|0|43|3|1|1|0|0|0|0
RZ1|CHK|106|1|43|5|0|2|10|0|0|0|1|0
RZ1|107|1|OP17-048|0|42|3|2|1|0|0|0|0
RZ1|CHK|107|1|42|5|0|3|10|0|0|0|1|0
RZ1|108|1|OP17-055|0|41|3|3|1|0|0|0|0
RZ1|CHK|108|1|41|5|0|4|10|0|0|0|1|0
RZ1|109|1|OP17-049|0|40|3|4|1|0|0|0|0
RZ1|CHK|109|1|40|5|0|5|10|0|0|0|1|0
RZ1|110|2|OP17-028|1|0|0|45|0|0|0|0|0
RZ1|CHK|110|2|46|4|0|0|10|0|0|0|1|0
RZ1|111|2|OP17-022|1|0|0|46|0|0|0|0|0
RZ1|CHK|111|2|47|3|0|0|10|0|0|0|1|0
RZ1|112|2|OP17-021|1|0|0|47|0|0|0|0|0
RZ1|CHK|112|2|48|2|0|0|10|0|0|0|1|0
RZ1|113|2|OP17-037|1|0|0|48|0|0|0|0|0
RZ1|CHK|113|2|49|1|0|0|10|0|0|0|1|0
RZ1|114|2|OP17-024|1|0|0|49|0|0|0|0|0
RZ1|CHK|114|2|50|0|0|0|10|0|0|0|1|0
RZ1|115|2|OP17-037|0|35|0|0|0|0|0|0|0
RZ1|CHK|115|2|50|0|0|0|10|0|0|0|1|0
RZ1|116|2|OP17-022|0|26|0|1|0|0|0|0|0
RZ1|CHK|116|2|50|0|0|0|10|0|0|0|1|0
RZ1|117|2|ST32-001|0|39|0|2|0|0|0|0|0
RZ1|CHK|117|2|50|0|0|0|10|0|0|0|1|0
RZ1|118|2|ST16-004|0|27|0|3|0|0|0|0|0
RZ1|CHK|118|2|50|0|0|0|10|0|0|0|1|0
RZ1|119|2|OP17-028|0|38|0|4|0|0|0|0|0
RZ1|CHK|119|2|50|0|0|0|10|0|0|0|1|0
RZ1|120|2|OP17-022|0|17|0|5|0|0|0|0|0
RZ1|CHK|120|2|50|0|0|0|10|0|0|0|1|0
RZ1|121|2|OP17-032|0|8|0|6|0|0|0|0|0
RZ1|CHK|121|2|50|0|0|0|10|0|0|0|1|0
RZ1|122|2|OP17-037|0|48|0|7|0|0|0|0|0
RZ1|CHK|122|2|50|0|0|0|10|0|0|0|1|0
RZ1|123|2|OP17-031|0|37|0|8|0|0|0|0|0
RZ1|CHK|123|2|50|0|0|0|10|0|0|0|1|0
RZ1|124|2|OP17-033|0|22|0|9|0|0|0|0|0
RZ1|CHK|124|2|50|0|0|0|10|0|0|0|1|0
RZ1|125|2|OP17-025|0|17|0|10|0|0|0|0|0
RZ1|CHK|125|2|50|0|0|0|10|0|0|0|1|0
RZ1|126|2|OP17-031|0|45|0|11|0|0|0|0|0
RZ1|CHK|126|2|50|0|0|0|10|0|0|0|1|0
RZ1|127|2|OP17-021|0|48|0|12|0|0|0|0|0
RZ1|CHK|127|2|50|0|0|0|10|0|0|0|1|0
RZ1|128|2|OP17-036|0|23|0|13|0|0|0|0|0
RZ1|CHK|128|2|50|0|0|0|10|0|0|0|1|0
RZ1|129|2|OP17-022|0|48|0|14|0|0|0|0|0
RZ1|CHK|129|2|50|0|0|0|10|0|0|0|1|0
RZ1|130|2|OP17-032|0|41|0|16|0|0|0|0|0
RZ1|CHK|130|2|50|0|0|0|10|0|0|0|1|0
RZ1|131|2|OP17-038|0|38|0|17|0|0|0|0|0
RZ1|CHK|131|2|50|0|0|0|10|0|0|0|1|0
RZ1|132|2|OP17-029|0|23|0|18|0|0|0|0|0
RZ1|CHK|132|2|50|0|0|0|10|0|0|0|1|0
RZ1|133|2|OP17-033|0|32|0|19|0|0|0|0|0
RZ1|CHK|133|2|50|0|0|0|10|0|0|0|1|0
RZ1|134|2|OP17-027|0|45|0|20|0|0|0|0|0
RZ1|CHK|134|2|50|0|0|0|10|0|0|0|1|0
RZ1|135|2|OP17-031|0|41|0|21|0|0|0|0|0
RZ1|CHK|135|2|50|0|0|0|10|0|0|0|1|0
RZ1|136|2|OP17-021|0|44|0|22|0|0|0|0|0
RZ1|CHK|136|2|50|0|0|0|10|0|0|0|1|0
RZ1|137|2|OP17-028|0|48|0|23|0|0|0|0|0
RZ1|CHK|137|2|50|0|0|0|10|0|0|0|1|0
RZ1|138|2|OP17-032|0|43|0|24|0|0|0|0|0
RZ1|CHK|138|2|50|0|0|0|10|0|0|0|1|0
RZ1|139|2|OP17-021|0|39|0|25|0|0|0|0|0
RZ1|CHK|139|2|50|0|0|0|10|0|0|0|1|0
RZ1|140|2|OP17-022|0|48|0|26|0|0|0|0|0
RZ1|CHK|140|2|50|0|0|0|10|0|0|0|1|0
RZ1|141|2|OP17-029|0|47|0|27|0|0|0|0|0
RZ1|CHK|141|2|50|0|0|0|10|0|0|0|1|0
RZ1|142|2|OP17-027|0|33|0|28|0|0|0|0|0
RZ1|CHK|142|2|50|0|0|0|10|0|0|0|1|0
RZ1|143|2|OP17-024|0|49|0|29|0|0|0|0|0
RZ1|CHK|143|2|50|0|0|0|10|0|0|0|1|0
RZ1|144|2|ST16-004|0|40|0|30|0|0|0|0|0
RZ1|CHK|144|2|50|0|0|0|10|0|0|0|1|0
RZ1|145|2|OP17-028|0|45|0|31|0|0|0|0|0
RZ1|CHK|145|2|50|0|0|0|10|0|0|0|1|0
RZ1|146|2|OP17-031|0|36|0|32|0|0|0|0|0
RZ1|CHK|146|2|50|0|0|0|10|0|0|0|1|0
RZ1|147|2|OP17-036|0|46|0|33|0|0|0|0|0
RZ1|CHK|147|2|50|0|0|0|10|0|0|0|1|0
RZ1|148|2|ST32-001|0|37|0|34|0|0|0|0|0
RZ1|CHK|148|2|50|0|0|0|10|0|0|0|1|0
RZ1|149|2|OP17-028|0|41|0|35|0|0|0|0|0
RZ1|CHK|149|2|50|0|0|0|10|0|0|0|1|0
RZ1|150|2|ST32-002|0|45|0|36|0|0|0|0|0
RZ1|CHK|150|2|50|0|0|0|10|0|0|0|1|0
RZ1|151|2|OP17-032|0|47|0|37|0|0|0|0|0
RZ1|CHK|151|2|50|0|0|0|10|0|0|0|1|0
RZ1|152|2|OP17-025|0|47|0|38|0|0|0|0|0
RZ1|CHK|152|2|50|0|0|0|10|0|0|0|1|0
RZ1|153|2|OP17-038|0|40|0|39|0|0|0|0|0
RZ1|CHK|153|2|50|0|0|0|10|0|0|0|1|0
RZ1|154|2|OP17-037|0|48|0|41|0|0|0|0|0
RZ1|CHK|154|2|50|0|0|0|10|0|0|0|1|0
RZ1|155|2|OP17-027|0|45|0|42|0|0|0|0|0
RZ1|CHK|155|2|50|0|0|0|10|0|0|0|1|0
RZ1|156|2|OP17-037|0|46|0|44|0|0|0|0|0
RZ1|CHK|156|2|50|0|0|0|10|0|0|0|1|0
RZ1|157|2|OP17-033|0|48|0|46|0|0|0|0|0
RZ1|CHK|157|2|50|0|0|0|10|0|0|0|1|0
RZ1|158|2|OP17-021|0|48|0|47|0|0|0|0|0
RZ1|CHK|158|2|50|0|0|0|10|0|0|0|1|0
RZ1|159|2|OP17-029|0|49|0|48|0|0|0|0|0
RZ1|CHK|159|2|50|0|0|0|10|0|0|0|1|0
[TomDBomb​#22755] Drew card from deck: Hongo ["OP17-029">OP17-029]
RZ1|160|2|OP17-029|0|49|1|0|0|1|0|0|0
RZ1|CHK|160|2|49|1|0|0|10|0|0|0|1|0
[TomDBomb​#22755] Drew card from deck: Hongo ["OP17-029">OP17-029]
RZ1|161|2|OP17-029|0|48|1|1|0|1|0|0|0
RZ1|CHK|161|2|48|2|0|0|10|0|0|0|1|0
[TomDBomb​#22755] Drew card from deck: Crone Oli ["OP17-021">OP17-021]
RZ1|162|2|OP17-021|0|47|1|2|0|1|0|0|0
RZ1|CHK|162|2|47|3|0|0|10|0|0|0|1|0
[TomDBomb​#22755] Drew card from deck: Lucky Roux ["OP17-033">OP17-033]
RZ1|163|2|OP17-033|0|46|1|3|0|1|0|0|0
RZ1|CHK|163|2|46|4|0|0|10|0|0|0|1|0
[TomDBomb​#22755] Drew card from deck: Kouzuki Oden ["ST32-002">ST32-002]
RZ1|164|2|ST32-002|0|45|1|4|0|1|0|0|0
RZ1|CHK|164|2|45|5|0|0|10|0|0|0|1|0
RZ1|165|2|OP17-037|0|44|3|0|0|1|0|0|0
RZ1|CHK|165|2|44|5|0|1|10|0|0|0|1|0
RZ1|166|2|OP17-036|0|43|3|1|0|1|0|0|0
RZ1|CHK|166|2|43|5|0|2|10|0|0|0|1|0
RZ1|167|2|OP17-027|0|42|3|2|0|1|0|0|0
RZ1|CHK|167|2|42|5|0|3|10|0|0|0|1|0
RZ1|168|2|OP17-037|0|41|3|3|0|1|0|0|0
RZ1|CHK|168|2|41|5|0|4|10|0|0|0|1|0
RZ1|169|2|OP17-027|0|40|3|4|0|1|0|0|0
RZ1|CHK|169|2|40|5|0|5|10|0|0|0|1|0
[TomDBomb​#22755] Mulligan
RZ1|170|2|Don|4|9|5|0|1|1|0|0|0
RZ1|CHK|170|2|40|5|0|5|9|1|0|0|1|0
[TomDBomb​#22755] Draw 1 Don
[TomDBomb​#22755] End Turn
[Karlmalone​#2854] Hand: [OP17-057,OP17-049,OP17-045,OP17-118,OP17-052]
[Karlmalone​#2854] Board: []
[Karlmalone​#2854] Trash: []
[Karlmalone​#2854] Life: 5
[TomDBomb​#22755] Hand: [OP17-029,OP17-029,OP17-021,OP17-033,ST32-002]
[TomDBomb​#22755] Trash: []
[TomDBomb​#22755] Board: []
[TomDBomb​#22755] Life: 5
[Karlmalone​#2854] Drew card from deck: Fullalead ["OP17-057">OP17-057]
RZ1|171|1|OP17-057|0|39|1|5|1|1|0|0|0
RZ1|CHK|171|1|39|6|0|5|10|0|0|0|1|0
[Karlmalone​#2854] Draw 1 Card
RZ1|172|1|Don|4|9|5|0|1|1|0|0|0
RZ1|CHK|172|1|39|6|0|5|9|1|0|0|1|0
RZ1|173|1|Don|4|8|5|1|1|1|0|0|0
RZ1|CHK|173|1|39|6|0|5|8|2|0|0|1|0
[Karlmalone​#2854] Draw 2 Don
RZ1|174|1|Don|5|0|5|0|1|1|1|0|0
RZ1|CHK|174|1|39|6|0|5|8|2|0|0|1|0
RZ1|175|1|Don|5|1|5|1|1|1|1|0|0
RZ1|CHK|175|1|39|6|0|5|8|2|0|0|1|0
RZ1|176|1|OP17-045|1|2|2|0|1|1|0|0|0
RZ1|CHK|176|1|39|5|1|5|8|2|0|0|1|0
[Karlmalone​#2854] Drew card from deck: Ganzui ["OP17-043">OP17-043]
RZ1|177|1|OP17-043|0|38|1|5|1|1|0|0|0
RZ1|CHK|177|1|38|6|1|5|8|2|0|0|1|0
[Karlmalone​#2854] Deploy Kyo ["OP17-045">OP17-045]
[Karlmalone​#2854] Kyo ["OP17-045">OP17-045]: Draw 1 Card
[Karlmalone​#2854] Hand: [OP17-057,OP17-049,OP17-118,OP17-052,OP17-057,OP17-043]
[Karlmalone​#2854] Board: [OP17-045]
[Karlmalone​#2854] Trash: []
[Karlmalone​#2854] Life: 5
[TomDBomb​#22755] Hand: [OP17-029,OP17-029,OP17-021,OP17-033,ST32-002]
[TomDBomb​#22755] Trash: []
[TomDBomb​#22755] Board: []
[TomDBomb​#22755] Life: 5
[Karlmalone​#2854] End Turn
[TomDBomb​#22755] Draw 1 Card
[TomDBomb​#22755] Drew card from deck: I Think He's Seen An Ugly Future ["OP17-038">OP17-038]
RZ1|178|2|OP17-038|0|39|1|5|0|1|0|0|0
RZ1|CHK|178|2|39|6|0|5|9|1|0|0|1|0
RZ1|179|2|Don|4|8|5|1|1|1|0|0|0
RZ1|CHK|179|2|39|6|0|5|8|2|0|0|1|0
RZ1|180|2|Don|4|7|5|2|1|1|0|0|0
RZ1|CHK|180|2|39|6|0|5|7|3|0|0|1|0
[TomDBomb​#22755] Draw 2 Don
[TomDBomb​#22755] Attach 3 Don to Shanks ["OP17-020">OP17-020] (3 Total)
RZ1|181|2|Don|5|0|9|9900|1|1|0|0|0
RZ1|CHK|181|2|39|6|0|5|7|2|0|0|1|1
RZ1|182|2|Don|5|0|9|9901|1|1|0|0|0
RZ1|CHK|182|2|39|6|0|5|7|1|0|0|1|2
RZ1|183|2|Don|5|0|9|9902|1|1|0|0|0
RZ1|CHK|183|2|39|6|0|5|7|0|0|0|1|3
[TomDBomb​#22755] Shanks ["OP17-020">OP17-020] attacking Rocks D. Xebec ["OP17-039">OP17-039]
RZ1|184|1|OP17-049|3|4|1|6|1|1|0|0|0
RZ1|CHK|184|1|38|7|1|4|8|2|0|0|1|0
Shanks ["OP17-020">OP17-020][8000] vs Rocks D. Xebec ["OP17-039">OP17-039][5000]
Rocks D. Xebec ["OP17-039">OP17-039] hit for 1 damage
[TomDBomb​#22755] End Turn
[Karlmalone​#2854] Hand: [OP17-057,OP17-049,OP17-118,OP17-052,OP17-057,OP17-043,OP17-049]
[Karlmalone​#2854] Board: [OP17-045]
[Karlmalone​#2854] Trash: []
[Karlmalone​#2854] Life: 4
[TomDBomb​#22755] Hand: [OP17-029,OP17-029,OP17-021,OP17-033,ST32-002,OP17-038]
[TomDBomb​#22755] Trash: []
[TomDBomb​#22755] Board: []
[TomDBomb​#22755] Life: 5
[Karlmalone​#2854] Drew card from deck: Rocks D. Xebec ["OP17-118">OP17-118]
RZ1|185|1|OP17-118|0|37|1|7|1|1|0|0|0
RZ1|CHK|185|1|37|8|1|4|8|2|0|0|1|0
[Karlmalone​#2854] Draw 1 Card
RZ1|186|1|Don|4|7|5|2|1|1|0|0|0
RZ1|CHK|186|1|37|8|1|4|7|3|0|0|1|0
RZ1|187|1|Don|4|6|5|3|1|1|0|0|0
RZ1|CHK|187|1|37|8|1|4|6|4|0|0|1|0
[Karlmalone​#2854] Draw 2 Don
RZ1|188|1|Don|5|0|5|0|1|1|1|0|0
RZ1|CHK|188|1|37|8|1|4|6|4|0|0|1|0
RZ1|189|1|OP17-057|1|4|7|0|1|1|0|0|0
RZ1|CHK|189|1|37|7|1|4|6|4|0|1|1|0
[Karlmalone​#2854] Deploy Fullalead ["OP17-057">OP17-057]
RZ1|190|1|Don|5|3|9|0|1|1|0|0|0
RZ1|CHK|190|1|37|7|1|4|6|3|0|1|1|1
[Karlmalone​#2854] Attach 1 Don to Kyo ["OP17-045">OP17-045] (1 Total)
[Karlmalone​#2854] Kyo ["OP17-045">OP17-045] attacking Shanks ["OP17-020">OP17-020]
RZ1|191|2|OP17-027|3|4|1|6|0|1|0|0|0
RZ1|CHK|191|2|39|7|0|4|7|0|0|0|1|3
Kyo ["OP17-045">OP17-045][5000] vs Shanks ["OP17-020">OP17-020][5000]
Shanks ["OP17-020">OP17-020] hit for 1 damage
RZ1|192|1|Don|5|2|9|9900|1|1|0|0|0
RZ1|CHK|192|1|37|7|1|4|6|2|0|1|1|2
[Karlmalone​#2854] Attach 1 Don to Rocks D. Xebec ["OP17-039">OP17-039] (1 Total)
RZ1|193|1|Don|5|1|9|9901|1|1|0|0|0
RZ1|CHK|193|1|37|7|1|4|6|1|0|1|1|3
[Karlmalone​#2854] Attach 1 Don to Rocks D. Xebec ["OP17-039">OP17-039] (2 Total)
[Karlmalone​#2854] Rocks D. Xebec ["OP17-039">OP17-039] attacking Shanks ["OP17-020">OP17-020]
RZ1|194|1|OP17-057|1|0|6|0|1|1|0|0|0
RZ1|CHK|194|1|37|6|1|4|6|1|1|1|1|3
RZ1|195|1|OP17-044|0|36|0|36|0|0|0|0|0
RZ1|CHK|195|1|37|6|1|4|6|1|1|1|1|3
[Karlmalone​#2854] Rocks D. Xebec ["OP17-039">OP17-039]: Trash Fullalead ["OP17-057">OP17-057]
[Karlmalone​#2854] Rocks D. Xebec ["OP17-039">OP17-039] revealed: Captain John ["OP17-044">OP17-044]
[Karlmalone​#2854] Drew card from deck: Captain John ["OP17-044">OP17-044]
RZ1|196|1|OP17-044|0|36|1|6|1|1|0|0|0
RZ1|CHK|196|1|36|7|1|4|6|1|1|1|1|3
[Karlmalone​#2854] Drew card from deck: Rocks D. Xebec ["OP17-118">OP17-118]
RZ1|197|1|OP17-118|0|35|1|7|1|1|0|0|0
RZ1|CHK|197|1|35|8|1|4|6|1|1|1|1|3
[Karlmalone​#2854] Rocks D. Xebec ["OP17-039">OP17-039]: Draw 2 Card
[TomDBomb​#22755] Discard Crone Oli ["OP17-021">OP17-021] for Counter 2000
RZ1|198|2|OP17-021|1|2|6|0|1|1|0|0|0
RZ1|CHK|198|2|39|6|0|4|7|0|1|0|1|3
[TomDBomb​#22755] Discard Kouzuki Oden ["ST32-002">ST32-002] for Counter 1000
RZ1|199|2|ST32-002|1|3|6|1|1|1|0|0|0
RZ1|CHK|199|2|39|5|0|4|7|0|2|0|1|3
Rocks D. Xebec ["OP17-039">OP17-039][7000] vs Shanks ["OP17-020">OP17-020][8000]
Attack Fails
[Karlmalone​#2854] Hand: [OP17-049,OP17-118,OP17-052,OP17-043,OP17-049,OP17-118,OP17-044,OP17-118]
[Karlmalone​#2854] Board: [OP17-045]
[Karlmalone​#2854] Trash: [OP17-057]
[Karlmalone​#2854] Life: 4
[TomDBomb​#22755] Hand: [OP17-029,OP17-029,OP17-033,OP17-038,OP17-027]
[TomDBomb​#22755] Trash: [OP17-021,ST32-002]
[TomDBomb​#22755] Board: []
[TomDBomb​#22755] Life: 4
RZ1|200|2|Don|9|9900|5|0|1|1|1|0|0
RZ1|CHK|200|2|39|5|0|4|7|1|2|0|1|2
RZ1|201|2|Don|9|9900|5|0|1|1|1|0|0
RZ1|CHK|201|2|39|5|0|4|7|2|2|0|1|1
RZ1|202|2|Don|9|9900|5|0|1|1|1|0|0
RZ1|CHK|202|2|39|5|0|4|7|3|2|0|1|0
[Karlmalone​#2854] End Turn
[TomDBomb​#22755] Draw 1 Card
[TomDBomb​#22755] Drew card from deck: Building Snake ["OP17-025">OP17-025]
RZ1|203|2|OP17-025|0|38|1|5|0|1|0|0|0
RZ1|CHK|203|2|38|6|0|4|7|3|2|0|1|0
RZ1|204|2|Don|4|6|5|3|1|1|0|0|0
RZ1|CHK|204|2|38|6|0|4|6|4|2|0|1|0
RZ1|205|2|Don|4|5|5|4|1|1|0|0|0
RZ1|CHK|205|2|38|6|0|4|5|5|2|0|1|0
[TomDBomb​#22755] Draw 2 Don
RZ1|206|2|Don|5|0|5|0|1|1|1|0|0
RZ1|CHK|206|2|38|6|0|4|5|5|2|0|1|0
RZ1|207|2|Don|5|1|5|1|1|1|1|0|0
RZ1|CHK|207|2|38|6|0|4|5|5|2|0|1|0
RZ1|208|2|Don|5|2|5|2|1|1|1|0|0
RZ1|CHK|208|2|38|6|0|4|5|5|2|0|1|0
RZ1|209|2|Don|5|3|5|3|1|1|1|0|0
RZ1|CHK|209|2|38|6|0|4|5|5|2|0|1|0
[TomDBomb​#22755] Deploy Lucky Roux ["OP17-033">OP17-033]
RZ1|210|2|OP17-033|1|2|2|0|1|1|0|0|0
RZ1|CHK|210|2|38|5|1|4|5|5|2|0|1|0
RZ1|211|2|OP17-032|0|37|1|5|0|1|0|0|0
RZ1|CHK|211|2|37|6|1|4|5|5|2|0|1|0
[TomDBomb​#22755] Lucky Roux ["OP17-033">OP17-033]: <b>Reveal and Draw Limejuice ["OP17-032">OP17-032]</b>
[TomDBomb​#22755] Placing Cards on Bottom of Deck
RZ1|212|2|ST32-002|0|36|0|0|0|0|0|0|0
RZ1|CHK|212|2|37|6|1|4|5|5|2|0|1|0
RZ1|213|2|OP17-028|0|36|0|0|0|0|0|0|0
RZ1|CHK|213|2|37|6|1|4|5|5|2|0|1|0
RZ1|214|2|Don|5|4|5|4|1|1|1|0|0
RZ1|CHK|214|2|37|6|1|4|5|5|2|0|1|0
[TomDBomb​#22755] Deploy Limejuice ["OP17-032">OP17-032]
RZ1|215|2|OP17-032|1|5|2|1|1|1|0|0|0
RZ1|CHK|215|2|37|5|2|4|5|5|2|0|1|0
RZ1|216|2|OP17-031|0|34|1|5|0|1|0|0|0
RZ1|CHK|216|2|36|6|2|4|5|5|2|0|1|0
[TomDBomb​#22755] Limejuice ["OP17-032">OP17-032]: <b>Reveal and Draw Yasopp ["OP17-031">OP17-031]</b>
[TomDBomb​#22755] Placing Cards on Bottom of Deck
RZ1|217|2|ST32-001|0|35|0|0|0|0|0|0|0
RZ1|CHK|217|2|36|6|2|4|5|5|2|0|1|0
RZ1|218|2|OP17-036|0|35|0|0|0|0|0|0|0
RZ1|CHK|218|2|36|6|2|4|5|5|2|0|1|0
[TomDBomb​#22755] Shanks ["OP17-020">OP17-020] attacking Kyo ["OP17-045">OP17-045]
RZ1|219|1|Don|9|0|5|0|1|1|1|0|0
RZ1|CHK|219|1|35|8|1|4|6|2|1|1|1|2
RZ1|220|1|OP17-045|2|0|6|1|1|1|0|0|0
RZ1|CHK|220|1|35|8|0|4|6|2|2|1|1|2
Shanks ["OP17-020">OP17-020][5000] vs Kyo ["OP17-045">OP17-045][4000]
[Karlmalone​#2854] Kyo ["OP17-045">OP17-045] Destroyed
[TomDBomb​#22755] End Turn
[Karlmalone​#2854] Hand: [OP17-049,OP17-118,OP17-052,OP17-043,OP17-049,OP17-118,OP17-044,OP17-118]
[Karlmalone​#2854] Board: []
[Karlmalone​#2854] Trash: [OP17-057,OP17-045]
[Karlmalone​#2854] Life: 4
[TomDBomb​#22755] Hand: [OP17-029,OP17-029,OP17-038,OP17-027,OP17-025,OP17-031]
[TomDBomb​#22755] Trash: [OP17-021,ST32-002]
[TomDBomb​#22755] Board: [OP17-033,OP17-032]
[TomDBomb​#22755] Life: 4
RZ1|221|1|Don|9|9900|5|0|1|1|1|0|0
RZ1|CHK|221|1|35|8|0|4|6|3|2|1|1|1
RZ1|222|1|Don|9|9900|5|0|1|1|1|0|0
RZ1|CHK|222|1|35|8|0|4|6|4|2|1|1|0
[Karlmalone​#2854] Drew card from deck: Don Marlon ["OP17-052">OP17-052]
RZ1|223|1|OP17-052|0|34|1|8|1|1|0|0|0
RZ1|CHK|223|1|34|9|0|4|6|4|2|1|1|0
[Karlmalone​#2854] Draw 1 Card
RZ1|224|1|Don|4|5|5|4|1|1|0|0|0
RZ1|CHK|224|1|34|9|0|4|5|5|2|1|1|0
RZ1|225|1|Don|4|4|5|5|1|1|0|0|0
RZ1|CHK|225|1|34|9|0|4|4|6|2|1|1|0
[Karlmalone​#2854] Draw 2 Don
RZ1|226|1|Don|5|5|9|9900|1|1|0|0|0
RZ1|CHK|226|1|34|9|0|4|4|5|2|1|1|1
[Karlmalone​#2854] Attach 1 Don to Rocks D. Xebec ["OP17-039">OP17-039] (1 Total)
[Karlmalone​#2854] Rocks D. Xebec ["OP17-039">OP17-039] attacking Shanks ["OP17-020">OP17-020]
RZ1|227|1|OP17-052|1|8|6|2|1|1|0|0|0
RZ1|CHK|227|1|34|8|0|4|4|5|3|1|1|1
RZ1|228|1|OP17-043|0|33|0|33|0|0|0|0|0
RZ1|CHK|228|1|34|8|0|4|4|5|3|1|1|1
[Karlmalone​#2854] Rocks D. Xebec ["OP17-039">OP17-039]: Trash Don Marlon ["OP17-052">OP17-052]
[Karlmalone​#2854] Rocks D. Xebec ["OP17-039">OP17-039] revealed: Ganzui ["OP17-043">OP17-043]
[Karlmalone​#2854] Drew card from deck: Ganzui ["OP17-043">OP17-043]
RZ1|229|1|OP17-043|0|33|1|8|1|1|0|0|0
RZ1|CHK|229|1|33|9|0|4|4|5|3|1|1|1
[Karlmalone​#2854] Drew card from deck: Stussy ["OP17-054">OP17-054]
RZ1|230|1|OP17-054|0|32|1|9|1|1|0|0|0
RZ1|CHK|230|1|32|10|0|4|4|5|3|1|1|1
[Karlmalone​#2854] Rocks D. Xebec ["OP17-039">OP17-039]: Draw 2 Card
[TomDBomb​#22755] Discard Hongo ["OP17-029">OP17-029] for Counter 2000
RZ1|231|2|OP17-029|1|1|6|2|1|1|0|0|0
RZ1|CHK|231|2|36|5|2|4|5|5|3|0|1|0
Rocks D. Xebec ["OP17-039">OP17-039][6000] vs Shanks ["OP17-020">OP17-020][7000]
Attack Fails
RZ1|232|1|Don|5|0|5|0|1|1|1|0|0
RZ1|CHK|232|1|32|10|0|4|4|5|3|1|1|1
RZ1|233|1|Don|5|1|5|1|1|1|1|0|0
RZ1|CHK|233|1|32|10|0|4|4|5|3|1|1|1
RZ1|234|1|Don|5|2|5|2|1|1|1|0|0
RZ1|CHK|234|1|32|10|0|4|4|5|3|1|1|1
RZ1|235|1|Don|5|3|5|3|1|1|1|0|0
RZ1|CHK|235|1|32|10|0|4|4|5|3|1|1|1
RZ1|236|1|Don|5|4|5|4|1|1|1|0|0
RZ1|CHK|236|1|32|10|0|4|4|5|3|1|1|1
RZ1|237|1|OP17-049|1|0|2|0|1|1|0|0|0
RZ1|CHK|237|1|32|9|1|4|4|5|3|1|1|1
[Karlmalone​#2854] Deploy Charlotte Linlin ["OP17-049">OP17-049]
[Karlmalone​#2854] Forcing opponent to resolve Card Action!
[TomDBomb​#22755] Forcing opponent to resolve Card Action!
[Karlmalone​#2854] Drew card from deck: Rocks Pirates ["OP17-056">OP17-056]
RZ1|238|1|OP17-056|0|31|1|9|1|1|0|0|0
RZ1|CHK|238|1|31|10|1|4|4|5|3|1|1|1
[Karlmalone​#2854] Drew card from deck: Captain John ["OP17-044">OP17-044]
RZ1|239|1|OP17-044|0|30|1|10|1|1|0|0|0
RZ1|CHK|239|1|30|11|1|4|4|5|3|1|1|1
[Karlmalone​#2854] Charlotte Linlin ["OP17-049">OP17-049]: Draw 2 Card
[Karlmalone​#2854] Hand: [OP17-118,OP17-052,OP17-043,OP17-049,OP17-118,OP17-044,OP17-118,OP17-043,OP17-054,OP17-056,OP17-044]
[Karlmalone​#2854] Board: [OP17-049]
[Karlmalone​#2854] Trash: [OP17-057,OP17-045,OP17-052]
[Karlmalone​#2854] Life: 4
[TomDBomb​#22755] Hand: [OP17-029,OP17-038,OP17-027,OP17-025,OP17-031]
[TomDBomb​#22755] Trash: [OP17-021,ST32-002,OP17-029]
[TomDBomb​#22755] Board: [OP17-033,OP17-032]
[TomDBomb​#22755] Life: 4
[Karlmalone​#2854] End Turn
[TomDBomb​#22755] Draw 1 Card
[TomDBomb​#22755] Drew card from deck: Bonk Punch & Monster ["OP17-028">OP17-028]
RZ1|240|2|OP17-028|0|35|1|5|0|1|0|0|0
RZ1|CHK|240|2|35|6|2|4|5|5|3|0|1|0
RZ1|241|2|Don|4|4|5|5|1|1|0|0|0
RZ1|CHK|241|2|35|6|2|4|4|6|3|0|1|0
RZ1|242|2|Don|4|3|5|6|1|1|0|0|0
RZ1|CHK|242|2|35|6|2|4|3|7|3|0|1|0
[TomDBomb​#22755] Draw 2 Don
RZ1|243|2|Don|5|0|5|0|1|1|1|0|0
RZ1|CHK|243|2|35|6|2|4|3|7|3|0|1|0
RZ1|244|2|Don|5|1|5|1|1|1|1|0|0
RZ1|CHK|244|2|35|6|2|4|3|7|3|0|1|0
RZ1|245|2|Don|5|2|5|2|1|1|1|0|0
RZ1|CHK|245|2|35|6|2|4|3|7|3|0|1|0
RZ1|246|2|Don|5|3|5|3|1|1|1|0|0
RZ1|CHK|246|2|35|6|2|4|3|7|3|0|1|0
RZ1|247|2|Don|5|4|5|4|1|1|1|0|0
RZ1|CHK|247|2|35|6|2|4|3|7|3|0|1|0
RZ1|248|2|Don|5|5|5|5|1|1|1|0|0
RZ1|CHK|248|2|35|6|2|4|3|7|3|0|1|0
RZ1|249|2|Don|5|6|5|6|1|1|1|0|0
RZ1|CHK|249|2|35|6|2|4|3|7|3|0|1|0
[TomDBomb​#22755] Deploy Benn Beckman ["OP17-027">OP17-027]
RZ1|250|2|OP17-027|1|2|2|2|1|1|0|0|0
RZ1|CHK|250|2|35|5|3|4|3|7|3|0|1|0
[TomDBomb​#22755] Drew card from deck: Shanks ["ST16-004">ST16-004]
RZ1|251|2|ST16-004|0|34|1|5|0|1|0|0|0
RZ1|CHK|251|2|34|6|3|4|3|7|3|0|1|0
[TomDBomb​#22755] Benn Beckman ["OP17-027">OP17-027]: Draw 1 Card
[TomDBomb​#22755] Benn Beckman ["OP17-027">OP17-027]: Rest Charlotte Linlin ["OP17-049">OP17-049]
[TomDBomb​#22755] Lucky Roux ["OP17-033">OP17-033] attacking Rocks D. Xebec ["OP17-039">OP17-039]
RZ1|252|1|OP17-043|1|2|6|3|1|1|0|0|0
RZ1|CHK|252|1|30|10|1|4|4|5|4|1|1|1
[Karlmalone​#2854] Fullalead ["OP17-057">OP17-057]: Rest Fullalead ["OP17-057">OP17-057]
[Karlmalone​#2854] Fullalead ["OP17-057">OP17-057]: Trash Ganzui ["OP17-043">OP17-043]
[Karlmalone​#2854] Fullalead ["OP17-057">OP17-057]: Buff Rocks D. Xebec ["OP17-039">OP17-039] 1000 for the Combat
Lucky Roux ["OP17-033">OP17-033][5000] vs Rocks D. Xebec ["OP17-039">OP17-039][6000]
Attack Fails
[TomDBomb​#22755] Shanks ["OP17-020">OP17-020] attacking Rocks D. Xebec ["OP17-039">OP17-039]
RZ1|253|1|OP17-044|1|9|6|4|1|1|0|0|0
RZ1|CHK|253|1|30|9|1|4|4|5|5|1|1|1
[Karlmalone​#2854] Charlotte Linlin ["OP17-049">OP17-049]: Trash Captain John ["OP17-044">OP17-044]
[Karlmalone​#2854] Charlotte Linlin ["OP17-049">OP17-049]: Buff Rocks D. Xebec ["OP17-039">OP17-039] 1000 for the Combat
Shanks ["OP17-020">OP17-020][5000] vs Rocks D. Xebec ["OP17-039">OP17-039][6000]
Attack Fails
RZ1|254|2|OP17-028|1|4|6|3|1|1|0|0|0
RZ1|CHK|254|2|34|5|3|4|3|7|4|0|1|0
[TomDBomb​#22755] Shanks ["OP17-020">OP17-020]: Trash Bonk Punch & Monster ["OP17-028">OP17-028]
[TomDBomb​#22755] Shanks ["OP17-020">OP17-020]: Charlotte Linlin ["OP17-049">OP17-049] will not Activate during next Refresh
[TomDBomb​#22755] Benn Beckman ["OP17-027">OP17-027] attacking Charlotte Linlin ["OP17-049">OP17-049]
RZ1|255|1|OP17-049|2|0|6|5|1|1|0|0|0
RZ1|CHK|255|1|30|9|0|4|4|5|6|1|1|1
Benn Beckman ["OP17-027">OP17-027][9000] vs Charlotte Linlin ["OP17-049">OP17-049][7000]
[Karlmalone​#2854] Charlotte Linlin ["OP17-049">OP17-049] Destroyed
[TomDBomb​#22755] End Turn
[Karlmalone​#2854] Hand: [OP17-118,OP17-052,OP17-049,OP17-118,OP17-044,OP17-118,OP17-043,OP17-054,OP17-056]
[Karlmalone​#2854] Board: []
[Karlmalone​#2854] Trash: [OP17-057,OP17-045,OP17-052,OP17-043,OP17-044,OP17-049]
[Karlmalone​#2854] Life: 4
[TomDBomb​#22755] Hand: [OP17-029,OP17-038,OP17-025,OP17-031,ST16-004]
[TomDBomb​#22755] Trash: [OP17-021,ST32-002,OP17-029,OP17-028]
[TomDBomb​#22755] Board: [OP17-033,OP17-032,OP17-027]
[TomDBomb​#22755] Life: 4
RZ1|256|1|Don|9|9900|5|0|1|1|1|0|0
RZ1|CHK|256|1|30|9|0|4|4|6|6|1|1|0
[Karlmalone​#2854] Drew card from deck: Shiki ["OP17-048">OP17-048]
RZ1|257|1|OP17-048|0|29|1|9|1|1|0|0|0
RZ1|CHK|257|1|29|10|0|4|4|6|6|1|1|0
[Karlmalone​#2854] Draw 1 Card
RZ1|258|1|Don|4|3|5|6|1|1|0|0|0
RZ1|CHK|258|1|29|10|0|4|3|7|6|1|1|0
RZ1|259|1|Don|4|2|5|7|1|1|0|0|0
RZ1|CHK|259|1|29|10|0|4|2|8|6|1|1|0
[Karlmalone​#2854] Draw 2 Don
RZ1|260|1|Don|5|0|5|0|1|1|1|0|0
RZ1|CHK|260|1|29|10|0|4|2|8|6|1|1|0
RZ1|261|1|Don|5|1|5|1|1|1|1|0|0
RZ1|CHK|261|1|29|10|0|4|2|8|6|1|1|0
RZ1|262|1|Don|5|2|5|2|1|1|1|0|0
RZ1|CHK|262|1|29|10|0|4|2|8|6|1|1|0
RZ1|263|1|Don|5|3|5|3|1|1|1|0|0
RZ1|CHK|263|1|29|10|0|4|2|8|6|1|1|0
RZ1|264|1|Don|5|4|5|4|1|1|1|0|0
RZ1|CHK|264|1|29|10|0|4|2|8|6|1|1|0
RZ1|265|1|OP17-049|1|2|2|0|1|1|0|0|0
RZ1|CHK|265|1|29|9|1|4|2|8|6|1|1|0
[Karlmalone​#2854] Deploy Charlotte Linlin ["OP17-049">OP17-049]
[Karlmalone​#2854] Forcing opponent to resolve Card Action!
[TomDBomb​#22755] Forcing opponent to resolve Card Action!
[Karlmalone​#2854] Drew card from deck: Stussy ["OP17-054">OP17-054]
RZ1|266|1|OP17-054|0|28|1|9|1|1|0|0|0
RZ1|CHK|266|1|28|10|1|4|2|8|6|1|1|0
[Karlmalone​#2854] Drew card from deck: Gloriosa ["OP17-046">OP17-046]
RZ1|267|1|OP17-046|0|27|1|10|1|1|0|0|0
RZ1|CHK|267|1|27|11|1|4|2|8|6|1|1|0
[Karlmalone​#2854] Charlotte Linlin ["OP17-049">OP17-049]: Draw 2 Card
[Karlmalone​#2854] Rocks D. Xebec ["OP17-039">OP17-039] attacking Lucky Roux ["OP17-033">OP17-033]
RZ1|268|1|OP17-043|1|5|6|6|1|1|0|0|0
RZ1|CHK|268|1|27|10|1|4|2|8|7|1|1|0
RZ1|269|1|OP17-054|0|26|0|26|0|0|0|0|0
RZ1|CHK|269|1|27|10|1|4|2|8|7|1|1|0
[Karlmalone​#2854] Rocks D. Xebec ["OP17-039">OP17-039]: Trash Ganzui ["OP17-043">OP17-043]
[Karlmalone​#2854] Rocks D. Xebec ["OP17-039">OP17-039] revealed: Stussy ["OP17-054">OP17-054]
[Karlmalone​#2854] Drew card from deck: Stussy ["OP17-054">OP17-054]
RZ1|270|1|OP17-054|0|26|1|10|1|1|0|0|0
RZ1|CHK|270|1|26|11|1|4|2|8|7|1|1|0
[Karlmalone​#2854] Drew card from deck: Fullalead ["OP17-057">OP17-057]
RZ1|271|1|OP17-057|0|25|1|11|1|1|0|0|0
RZ1|CHK|271|1|25|12|1|4|2|8|7|1|1|0
[Karlmalone​#2854] Rocks D. Xebec ["OP17-039">OP17-039]: Draw 2 Card
RZ1|272|2|OP17-033|2|0|6|4|1|1|0|0|0
RZ1|CHK|272|2|34|5|2|4|3|7|5|0|1|0
[TomDBomb​#22755] Lucky Roux ["OP17-033">OP17-033]: Trash Lucky Roux ["OP17-033">OP17-033]
[TomDBomb​#22755] Lucky Roux ["OP17-033">OP17-033]: Rest Charlotte Linlin ["OP17-049">OP17-049]
RZ1|273|1|Don|5|5|5|5|1|1|1|0|0
RZ1|CHK|273|1|25|12|1|4|2|8|7|1|1|0
RZ1|274|1|Don|5|6|5|6|1|1|1|0|0
RZ1|CHK|274|1|25|12|1|4|2|8|7|1|1|0
RZ1|275|1|Don|5|7|5|7|1|1|1|0|0
RZ1|CHK|275|1|25|12|1|4|2|8|7|1|1|0
RZ1|276|1|OP17-054|1|8|2|1|1|1|0|0|0
RZ1|CHK|276|1|25|11|2|4|2|8|7|1|1|0
[Karlmalone​#2854] Deploy Stussy ["OP17-054">OP17-054]
[Karlmalone​#2854] Stussy ["OP17-054">OP17-054]: Limejuice ["OP17-032">OP17-032] can't attack next turn
[Karlmalone​#2854] Hand: [OP17-118,OP17-052,OP17-118,OP17-044,OP17-118,OP17-054,OP17-056,OP17-048,OP17-046,OP17-054,OP17-057]
[Karlmalone​#2854] Board: [OP17-049,OP17-054]
[Karlmalone​#2854] Trash: [OP17-057,OP17-045,OP17-052,OP17-043,OP17-044,OP17-049,OP17-043]
[Karlmalone​#2854] Life: 4
[TomDBomb​#22755] Hand: [OP17-029,OP17-038,OP17-025,OP17-031,ST16-004]
[TomDBomb​#22755] Trash: [OP17-021,ST32-002,OP17-029,OP17-028,OP17-033]
[TomDBomb​#22755] Board: [OP17-032,OP17-027]
[TomDBomb​#22755] Life: 4
[Karlmalone​#2854] End Turn
[TomDBomb​#22755] Draw 1 Card
[TomDBomb​#22755] Drew card from deck: Howling Gab ["OP17-024">OP17-024]
RZ1|277|2|OP17-024|0|33|1|5|0|1|0|0|0
RZ1|CHK|277|2|33|6|2|4|3|7|5|0|1|0
RZ1|278|2|Don|4|2|5|7|1|1|0|0|0
RZ1|CHK|278|2|33|6|2|4|2|8|5|0|1|0
RZ1|279|2|Don|4|1|5|8|1|1|0|0|0
RZ1|CHK|279|2|33|6|2|4|1|9|5|0|1|0
[TomDBomb​#22755] Draw 2 Don
RZ1|280|2|Don|5|0|5|0|1|1|1|0|0
RZ1|CHK|280|2|33|6|2|4|1|9|5|0|1|0
RZ1|281|2|Don|5|1|5|1|1|1|1|0|0
RZ1|CHK|281|2|33|6|2|4|1|9|5|0|1|0
RZ1|282|2|Don|5|2|5|2|1|1|1|0|0
RZ1|CHK|282|2|33|6|2|4|1|9|5|0|1|0
RZ1|283|2|Don|5|3|5|3|1|1|1|0|0
RZ1|CHK|283|2|33|6|2|4|1|9|5|0|1|0
RZ1|284|2|Don|5|4|5|4|1|1|1|0|0
RZ1|CHK|284|2|33|6|2|4|1|9|5|0|1|0
RZ1|285|2|Don|5|5|5|5|1|1|1|0|0
RZ1|CHK|285|2|33|6|2|4|1|9|5|0|1|0
RZ1|286|2|Don|5|6|5|6|1|1|1|0|0
RZ1|CHK|286|2|33|6|2|4|1|9|5|0|1|0
RZ1|287|2|Don|5|7|5|7|1|1|1|0|0
RZ1|CHK|287|2|33|6|2|4|1|9|5|0|1|0
RZ1|288|2|Don|5|8|5|8|1|1|1|0|0
RZ1|CHK|288|2|33|6|2|4|1|9|5|0|1|0
[TomDBomb​#22755] Deploy Shanks ["ST16-004">ST16-004]
RZ1|289|2|ST16-004|1|4|2|2|1|1|0|0|0
RZ1|CHK|289|2|33|5|3|4|1|9|5|0|1|0
[TomDBomb​#22755] Shanks ["ST16-004">ST16-004]: Destroy Charlotte Linlin ["OP17-049">OP17-049]
RZ1|290|1|OP17-049|2|0|6|7|1|1|0|0|0
RZ1|CHK|290|1|25|11|1|4|2|8|8|1|1|0
[TomDBomb​#22755] Shanks ["OP17-020">OP17-020] attacking Rocks D. Xebec ["OP17-039">OP17-039]
RZ1|291|1|OP17-057|1|10|6|8|1|1|0|0|0
RZ1|CHK|291|1|25|10|1|4|2|8|9|1|1|0
[Karlmalone​#2854] Fullalead ["OP17-057">OP17-057]: Rest Fullalead ["OP17-057">OP17-057]
[Karlmalone​#2854] Fullalead ["OP17-057">OP17-057]: Trash Fullalead ["OP17-057">OP17-057]
[Karlmalone​#2854] Fullalead ["OP17-057">OP17-057]: Buff Rocks D. Xebec ["OP17-039">OP17-039] 1000 for the Combat
Shanks ["OP17-020">OP17-020][5000] vs Rocks D. Xebec ["OP17-039">OP17-039][6000]
Attack Fails
[TomDBomb​#22755] Benn Beckman ["OP17-027">OP17-027] attacking Rocks D. Xebec ["OP17-039">OP17-039]
RZ1|292|1|OP17-055|3|3|1|10|1|1|0|0|0
RZ1|CHK|292|1|25|11|1|3|2|8|9|1|1|0
Benn Beckman ["OP17-027">OP17-027][9000] vs Rocks D. Xebec ["OP17-039">OP17-039][5000]
Rocks D. Xebec ["OP17-039">OP17-039] hit for 1 damage
RZ1|293|2|OP17-024|1|4|6|5|1|1|0|0|0
RZ1|CHK|293|2|33|4|3|4|1|9|6|0|1|0
[TomDBomb​#22755] Shanks ["OP17-020">OP17-020]: Trash Howling Gab ["OP17-024">OP17-024]
[TomDBomb​#22755] Limejuice ["OP17-032">OP17-032] is no longer blocked from attacking
[TomDBomb​#22755] End Turn
[Karlmalone​#2854] Hand: [OP17-118,OP17-052,OP17-118,OP17-044,OP17-118,OP17-054,OP17-056,OP17-048,OP17-046,OP17-054,OP17-055]
[Karlmalone​#2854] Board: [OP17-054]
[Karlmalone​#2854] Trash: [OP17-057,OP17-045,OP17-052,OP17-043,OP17-044,OP17-049,OP17-043,OP17-049,OP17-057]
[Karlmalone​#2854] Life: 3
[TomDBomb​#22755] Hand: [OP17-029,OP17-038,OP17-025,OP17-031]
[TomDBomb​#22755] Trash: [OP17-021,ST32-002,OP17-029,OP17-028,OP17-033,OP17-024]
[TomDBomb​#22755] Board: [OP17-032,OP17-027,ST16-004]
[TomDBomb​#22755] Life: 4
[Karlmalone​#2854] Drew card from deck: Rocks Pirates ["OP17-056">OP17-056]
RZ1|294|1|OP17-056|0|24|1|11|1|1|0|0|0
RZ1|CHK|294|1|24|12|1|3|2|8|9|1|1|0
[Karlmalone​#2854] Draw 1 Card
RZ1|295|1|Don|4|1|5|8|1|1|0|0|0
RZ1|CHK|295|1|24|12|1|3|1|9|9|1|1|0
RZ1|296|1|Don|4|0|5|9|1|1|0|0|0
RZ1|CHK|296|1|24|12|1|3|0|10|9|1|1|0
[Karlmalone​#2854] Draw 2 Don
[Karlmalone​#2854] Stussy ["OP17-054">OP17-054] attacking Shanks ["OP17-020">OP17-020]
RZ1|297|2|OP17-037|3|3|1|4|0|1|0|0|0
RZ1|CHK|297|2|33|5|3|3|1|9|6|0|1|0
Stussy ["OP17-054">OP17-054][5000] vs Shanks ["OP17-020">OP17-020][5000]
Shanks ["OP17-020">OP17-020] hit for 1 damage
[Karlmalone​#2854] Rocks D. Xebec ["OP17-039">OP17-039] attacking Shanks ["OP17-020">OP17-020]
RZ1|298|1|OP17-056|1|11|6|9|1|1|0|0|0
RZ1|CHK|298|1|24|11|1|3|0|10|10|1|1|0
RZ1|299|1|OP17-042|0|23|0|23|0|0|0|0|0
RZ1|CHK|299|1|24|11|1|3|0|10|10|1|1|0
[Karlmalone​#2854] Rocks D. Xebec ["OP17-039">OP17-039]: Trash Rocks Pirates ["OP17-056">OP17-056]
[Karlmalone​#2854] Rocks D. Xebec ["OP17-039">OP17-039] revealed: Kaido ["OP17-042">OP17-042]
[Karlmalone​#2854] Drew card from deck: Kaido ["OP17-042">OP17-042]
RZ1|300|1|OP17-042|0|23|1|11|1|1|0|0|0
RZ1|CHK|300|1|23|12|1|3|0|10|10|1|1|0
[Karlmalone​#2854] Drew card from deck: Stussy ["OP17-054">OP17-054]
RZ1|301|1|OP17-054|0|22|1|12|1|1|0|0|0
RZ1|CHK|301|1|22|13|1|3|0|10|10|1|1|0
[Karlmalone​#2854] Rocks D. Xebec ["OP17-039">OP17-039]: Draw 2 Card
RZ1|302|2|OP17-027|3|2|1|5|0|1|0|0|0
RZ1|CHK|302|2|33|6|3|2|1|9|6|0|1|0
Rocks D. Xebec ["OP17-039">OP17-039][5000] vs Shanks ["OP17-020">OP17-020][5000]
Shanks ["OP17-020">OP17-020] hit for 1 damage
RZ1|303|1|Don|5|0|5|0|1|1|1|0|0
RZ1|CHK|303|1|22|13|1|3|0|10|10|1|1|0
RZ1|304|1|Don|5|1|5|1|1|1|1|0|0
RZ1|CHK|304|1|22|13|1|3|0|10|10|1|1|0
RZ1|305|1|Don|5|2|5|2|1|1|1|0|0
RZ1|CHK|305|1|22|13|1|3|0|10|10|1|1|0
RZ1|306|1|Don|5|3|5|3|1|1|1|0|0
RZ1|CHK|306|1|22|13|1|3|0|10|10|1|1|0
RZ1|307|1|Don|5|4|5|4|1|1|1|0|0
RZ1|CHK|307|1|22|13|1|3|0|10|10|1|1|0
RZ1|308|1|Don|5|5|5|5|1|1|1|0|0
RZ1|CHK|308|1|22|13|1|3|0|10|10|1|1|0
RZ1|309|1|Don|5|6|5|6|1|1|1|0|0
RZ1|CHK|309|1|22|13|1|3|0|10|10|1|1|0
RZ1|310|1|Don|5|7|5|7|1|1|1|0|0
RZ1|CHK|310|1|22|13|1|3|0|10|10|1|1|0
RZ1|311|1|Don|5|8|5|8|1|1|1|0|0
RZ1|CHK|311|1|22|13|1|3|0|10|10|1|1|0
RZ1|312|1|Don|5|9|5|9|1|1|1|0|0
RZ1|CHK|312|1|22|13|1|3|0|10|10|1|1|0
RZ1|313|1|OP17-118|1|0|2|1|1|1|0|0|0
RZ1|CHK|313|1|22|12|2|3|0|10|10|1|1|0
[Karlmalone​#2854] Drew card from deck: Don Marlon ["OP17-052">OP17-052]
RZ1|314|1|OP17-052|0|21|1|12|1|1|0|0|0
RZ1|CHK|314|1|21|13|2|3|0|10|10|1|1|0
[Karlmalone​#2854] Deploy Rocks D. Xebec ["OP17-118">OP17-118]
[Karlmalone​#2854] Rocks D. Xebec ["OP17-118">OP17-118]: Draw 1 Card
RZ1|315|1|OP17-044|1|2|2|2|1|1|0|0|0
RZ1|CHK|315|1|21|12|3|3|0|10|10|1|1|0
[Karlmalone​#2854] Rocks D. Xebec ["OP17-118">OP17-118]: Deploy Captain John ["OP17-044">OP17-044]
RZ1|316|1|OP17-054|1|7|2|3|1|1|0|0|0
RZ1|CHK|316|1|21|11|4|3|0|10|10|1|1|0
[Karlmalone​#2854] Rocks D. Xebec ["OP17-118">OP17-118]: Deploy Stussy ["OP17-054">OP17-054]
[Karlmalone​#2854] Stussy ["OP17-054">OP17-054]: Limejuice ["OP17-032">OP17-032] can't attack next turn
[Karlmalone​#2854] Drew card from deck: There's No Authority in the World ["OP17-055">OP17-055]
RZ1|317|1|OP17-055|0|20|1|11|1|1|0|0|0
RZ1|CHK|317|1|20|12|4|3|0|10|10|1|1|0
[Karlmalone​#2854] Captain John ["OP17-044">OP17-044]: Draw 1 Card
[Karlmalone​#2854] Captain John ["OP17-044">OP17-044]: Rest Captain John ["OP17-044">OP17-044]
RZ1|318|1|OP17-052|1|10|6|10|1|1|0|0|0
RZ1|CHK|318|1|20|11|4|3|0|10|11|1|1|0
[Karlmalone​#2854] Captain John ["OP17-044">OP17-044]: Trash Don Marlon ["OP17-052">OP17-052]
[Karlmalone​#2854] Hand: [OP17-052,OP17-118,OP17-118,OP17-054,OP17-056,OP17-048,OP17-046,OP17-055,OP17-042,OP17-054,OP17-055]
[Karlmalone​#2854] Board: [OP17-054,OP17-118,OP17-044,OP17-054]
[Karlmalone​#2854] Trash: [OP17-057,OP17-045,OP17-052,OP17-043,OP17-044,OP17-049,OP17-043,OP17-049,OP17-057,OP17-056,OP17-052]
[Karlmalone​#2854] Life: 3
[TomDBomb​#22755] Hand: [OP17-029,OP17-038,OP17-025,OP17-031,OP17-037,OP17-027]
[TomDBomb​#22755] Trash: [OP17-021,ST32-002,OP17-029,OP17-028,OP17-033,OP17-024]
[TomDBomb​#22755] Board: [OP17-032,OP17-027,ST16-004]
[TomDBomb​#22755] Life: 2
[Karlmalone​#2854] End Turn
[TomDBomb​#22755] Draw 1 Card
[TomDBomb​#22755] Drew card from deck: Benn Beckman ["OP17-027">OP17-027]
RZ1|319|2|OP17-027|0|32|1|6|0|1|0|0|0
RZ1|CHK|319|2|32|7|3|2|1|9|6|0|1|0
RZ1|320|2|Don|4|0|5|9|1|1|0|0|0
RZ1|CHK|320|2|32|7|3|2|0|10|6|0|1|0
[TomDBomb​#22755] Draw 2 Don
RZ1|321|2|Don|5|0|5|0|1|1|1|0|0
RZ1|CHK|321|2|32|7|3|2|0|10|6|0|1|0
RZ1|322|2|Don|5|1|5|1|1|1|1|0|0
RZ1|CHK|322|2|32|7|3|2|0|10|6|0|1|0
RZ1|323|2|Don|5|2|5|2|1|1|1|0|0
RZ1|CHK|323|2|32|7|3|2|0|10|6|0|1|0
RZ1|324|2|Don|5|3|5|3|1|1|1|0|0
RZ1|CHK|324|2|32|7|3|2|0|10|6|0|1|0
RZ1|325|2|Don|5|4|5|4|1|1|1|0|0
RZ1|CHK|325|2|32|7|3|2|0|10|6|0|1|0
[TomDBomb​#22755] Deploy Yasopp ["OP17-031">OP17-031]
RZ1|326|2|OP17-031|1|3|2|3|1|1|0|0|0
RZ1|CHK|326|2|32|6|4|2|0|10|6|0|1|0
[TomDBomb​#22755] Drew card from deck: Hongo ["OP17-029">OP17-029]
RZ1|327|2|OP17-029|0|31|1|6|0|1|0|0|0
RZ1|CHK|327|2|31|7|4|2|0|10|6|0|1|0
[TomDBomb​#22755] Yasopp ["OP17-031">OP17-031]: Draw 1 Card
[TomDBomb​#22755] Yasopp ["OP17-031">OP17-031]: Rest Stussy ["OP17-054">OP17-054]
RZ1|328|2|Don|5|5|5|5|1|1|1|0|0
RZ1|CHK|328|2|31|7|4|2|0|10|6|0|1|0
RZ1|329|2|Don|5|6|5|6|1|1|1|0|0
RZ1|CHK|329|2|31|7|4|2|0|10|6|0|1|0
RZ1|330|2|Don|5|7|5|7|1|1|1|0|0
RZ1|CHK|330|2|31|7|4|2|0|10|6|0|1|0
RZ1|331|2|Don|5|8|5|8|1|1|1|0|0
RZ1|CHK|331|2|31|7|4|2|0|10|6|0|1|0
[TomDBomb​#22755] Deploy Hongo ["OP17-029">OP17-029]
RZ1|332|2|OP17-029|1|0|2|4|1|1|0|0|0
RZ1|CHK|332|2|31|6|5|2|0|10|6|0|1|0
[TomDBomb​#22755] Hongo ["OP17-029">OP17-029]: Activate 1 Don
RZ1|333|2|Don|5|8|5|8|1|1|0|0|0
RZ1|CHK|333|2|31|6|5|2|0|10|6|0|1|0
[TomDBomb​#22755] Attach 2 Don to Benn Beckman ["OP17-027">OP17-027] (2 Total)
RZ1|334|2|Don|5|9|9|100|1|1|0|0|0
RZ1|CHK|334|2|31|6|5|2|0|9|6|0|1|1
RZ1|335|2|Don|5|8|9|101|1|1|0|0|0
RZ1|CHK|335|2|31|6|5|2|0|8|6|0|1|2
[TomDBomb​#22755] Benn Beckman ["OP17-027">OP17-027] attacking Captain John ["OP17-044">OP17-044]
RZ1|336|1|OP17-044|2|2|6|11|1|1|0|0|0
RZ1|CHK|336|1|20|11|3|3|0|10|12|1|1|0
Benn Beckman ["OP17-027">OP17-027][11000] vs Captain John ["OP17-044">OP17-044][6000]
[Karlmalone​#2854] Captain John ["OP17-044">OP17-044] Destroyed
[TomDBomb​#22755] Shanks ["ST16-004">ST16-004] attacking Stussy ["OP17-054">OP17-054]
RZ1|337|1|OP17-054|2|0|6|12|1|1|0|0|0
RZ1|CHK|337|1|20|11|2|3|0|10|13|1|1|0
Shanks ["ST16-004">ST16-004][11000] vs Stussy ["OP17-054">OP17-054][5000]
[Karlmalone​#2854] Stussy ["OP17-054">OP17-054] Destroyed
[TomDBomb​#22755] Shanks ["OP17-020">OP17-020] attacking Stussy ["OP17-054">OP17-054]
RZ1|338|1|OP17-054|1|9|6|13|1|1|0|0|0
RZ1|CHK|338|1|20|10|2|3|0|10|14|1|1|0
[Karlmalone​#2854] Fullalead ["OP17-057">OP17-057]: Rest Fullalead ["OP17-057">OP17-057]
[Karlmalone​#2854] Fullalead ["OP17-057">OP17-057]: Trash Stussy ["OP17-054">OP17-054]
[Karlmalone​#2854] Fullalead ["OP17-057">OP17-057]: Buff Stussy ["OP17-054">OP17-054] 1000 for the Combat
Shanks ["OP17-020">OP17-020][5000] vs Stussy ["OP17-054">OP17-054][6000]
Attack Fails
RZ1|339|2|OP17-027|1|4|6|6|1|1|0|0|0
RZ1|CHK|339|2|31|5|5|2|0|8|7|0|1|2
[TomDBomb​#22755] Shanks ["OP17-020">OP17-020]: Trash Benn Beckman ["OP17-027">OP17-027]
[TomDBomb​#22755] Shanks ["OP17-020">OP17-020]: Stussy ["OP17-054">OP17-054] will not Activate during next Refresh
[TomDBomb​#22755] Yasopp ["OP17-031">OP17-031]: Set Shanks ["ST16-004">ST16-004] to Active
[TomDBomb​#22755] Limejuice ["OP17-032">OP17-032] is no longer blocked from attacking
[TomDBomb​#22755] End Turn
[Karlmalone​#2854] Hand: [OP17-052,OP17-118,OP17-118,OP17-054,OP17-056,OP17-048,OP17-046,OP17-055,OP17-042,OP17-055]
[Karlmalone​#2854] Board: [OP17-118,OP17-054]
[Karlmalone​#2854] Trash: [OP17-057,OP17-045,OP17-052,OP17-043,OP17-044,OP17-049,OP17-043,OP17-049,OP17-057,OP17-056,OP17-052,OP17-044,OP17-054,OP17-054]
[Karlmalone​#2854] Life: 3
[TomDBomb​#22755] Hand: [OP17-038,OP17-025,OP17-037,OP17-027,OP17-029]
[TomDBomb​#22755] Trash: [OP17-021,ST32-002,OP17-029,OP17-028,OP17-033,OP17-024,OP17-027]
[TomDBomb​#22755] Board: [OP17-032,OP17-027,ST16-004,OP17-031,OP17-029]
[TomDBomb​#22755] Life: 2
[Karlmalone​#2854] Drew card from deck: Streusen ["OP17-050">OP17-050]
RZ1|340|1|OP17-050|0|19|1|10|1|1|0|0|0
RZ1|CHK|340|1|19|11|2|3|0|10|14|1|1|0
[Karlmalone​#2854] Draw 1 Card
[Karlmalone​#2854] Rocks D. Xebec ["OP17-039">OP17-039] attacking Shanks ["OP17-020">OP17-020]
RZ1|341|1|OP17-050|1|10|6|14|1|1|0|0|0
RZ1|CHK|341|1|19|10|2|3|0|10|15|1|1|0
RZ1|342|1|OP17-040|0|18|0|18|0|0|0|0|0
RZ1|CHK|342|1|19|10|2|3|0|10|15|1|1|0
[Karlmalone​#2854] Rocks D. Xebec ["OP17-039">OP17-039]: Trash Streusen ["OP17-050">OP17-050]
[Karlmalone​#2854] Rocks D. Xebec ["OP17-039">OP17-039] revealed: Edward Newgate ["OP17-040">OP17-040]
[Karlmalone​#2854] Drew card from deck: Edward Newgate ["OP17-040">OP17-040]
RZ1|343|1|OP17-040|0|18|1|10|1|1|0|0|0
RZ1|CHK|343|1|18|11|2|3|0|10|15|1|1|0
[Karlmalone​#2854] Drew card from deck: Kyo ["OP17-045">OP17-045]
RZ1|344|1|OP17-045|0|17|1|11|1|1|0|0|0
RZ1|CHK|344|1|17|12|2|3|0|10|15|1|1|0
[Karlmalone​#2854] Rocks D. Xebec ["OP17-039">OP17-039]: Draw 2 Card
[TomDBomb​#22755] Discard Building Snake ["OP17-025">OP17-025] for Counter 1000
RZ1|345|2|OP17-025|1|1|6|7|1|1|0|0|0
RZ1|CHK|345|2|31|4|5|2|0|8|8|0|1|2
Rocks D. Xebec ["OP17-039">OP17-039][5000] vs Shanks ["OP17-020">OP17-020][6000]
Attack Fails
[Karlmalone​#2854] Rocks D. Xebec ["OP17-118">OP17-118] attacking Benn Beckman ["OP17-027">OP17-027]
RZ1|346|2|Don|9|100|5|0|1|1|1|0|0
RZ1|CHK|346|2|31|4|5|2|0|9|8|0|1|1
RZ1|347|2|Don|9|100|5|0|1|1|1|0|0
RZ1|CHK|347|2|31|4|5|2|0|10|8|0|1|0
RZ1|348|2|OP17-027|2|1|6|8|1|1|0|0|0
RZ1|CHK|348|2|31|4|4|2|0|10|9|0|1|0
Rocks D. Xebec ["OP17-118">OP17-118][12000] vs Benn Beckman ["OP17-027">OP17-027][9000]
[TomDBomb​#22755] Benn Beckman ["OP17-027">OP17-027] Destroyed
RZ1|349|1|Don|5|0|5|0|1|1|1|0|0
RZ1|CHK|349|1|17|12|2|3|0|10|15|1|1|0
RZ1|350|1|Don|5|1|5|1|1|1|1|0|0
RZ1|CHK|350|1|17|12|2|3|0|10|15|1|1|0
RZ1|351|1|Don|5|2|5|2|1|1|1|0|0
RZ1|CHK|351|1|17|12|2|3|0|10|15|1|1|0
RZ1|352|1|Don|5|3|5|3|1|1|1|0|0
RZ1|CHK|352|1|17|12|2|3|0|10|15|1|1|0
RZ1|353|1|Don|5|4|5|4|1|1|1|0|0
RZ1|CHK|353|1|17|12|2|3|0|10|15|1|1|0
RZ1|354|1|Don|5|5|5|5|1|1|1|0|0
RZ1|CHK|354|1|17|12|2|3|0|10|15|1|1|0
RZ1|355|1|Don|5|6|5|6|1|1|1|0|0
RZ1|CHK|355|1|17|12|2|3|0|10|15|1|1|0
RZ1|356|1|Don|5|7|5|7|1|1|1|0|0
RZ1|CHK|356|1|17|12|2|3|0|10|15|1|1|0
RZ1|357|1|Don|5|8|5|8|1|1|1|0|0
RZ1|CHK|357|1|17|12|2|3|0|10|15|1|1|0
RZ1|358|1|Don|5|9|5|9|1|1|1|0|0
RZ1|CHK|358|1|17|12|2|3|0|10|15|1|1|0
RZ1|359|1|OP17-118|1|2|2|2|1|1|0|0|0
RZ1|CHK|359|1|17|11|3|3|0|10|15|1|1|0
[Karlmalone​#2854] Drew card from deck: Gloriosa ["OP17-046">OP17-046]
RZ1|360|1|OP17-046|0|16|1|11|1|1|0|0|0
RZ1|CHK|360|1|16|12|3|3|0|10|15|1|1|0
[Karlmalone​#2854] Deploy Rocks D. Xebec ["OP17-118">OP17-118]
[Karlmalone​#2854] Rocks D. Xebec ["OP17-118">OP17-118]: Draw 1 Card
RZ1|361|1|OP17-040|1|9|2|3|1|1|0|0|0
RZ1|CHK|361|1|16|11|4|3|0|10|15|1|1|0
[Karlmalone​#2854] Rocks D. Xebec ["OP17-118">OP17-118]: Deploy Edward Newgate ["OP17-040">OP17-040]
RZ1|362|1|OP17-054|1|2|2|4|1|1|0|0|0
RZ1|CHK|362|1|16|10|5|3|0|10|15|1|1|0
[Karlmalone​#2854] Rocks D. Xebec ["OP17-118">OP17-118]: Deploy Stussy ["OP17-054">OP17-054]
[Karlmalone​#2854] Drew card from deck: Rocks Pirates ["OP17-056">OP17-056]
RZ1|363|1|OP17-056|0|15|1|10|1|1|0|0|0
RZ1|CHK|363|1|15|11|5|3|0|10|15|1|1|0
[Karlmalone​#2854] Stussy ["OP17-054">OP17-054]: Yasopp ["OP17-031">OP17-031] can't attack next turn
[Karlmalone​#2854] Edward Newgate ["OP17-040">OP17-040]: Draw 1 Card
[Karlmalone​#2854] Hand: [OP17-052,OP17-118,OP17-056,OP17-048,OP17-046,OP17-055,OP17-042,OP17-055,OP17-045,OP17-046,OP17-056]
[Karlmalone​#2854] Board: [OP17-118,OP17-054,OP17-118,OP17-040,OP17-054]
[Karlmalone​#2854] Trash: [OP17-057,OP17-045,OP17-052,OP17-043,OP17-044,OP17-049,OP17-043,OP17-049,OP17-057,OP17-056,OP17-052,OP17-044,OP17-054,OP17-054,OP17-050]
[Karlmalone​#2854] Life: 3
[TomDBomb​#22755] Hand: [OP17-038,OP17-037,OP17-027,OP17-029]
[TomDBomb​#22755] Trash: [OP17-021,ST32-002,OP17-029,OP17-028,OP17-033,OP17-024,OP17-027,OP17-025,OP17-027]
[TomDBomb​#22755] Board: [OP17-032,ST16-004,OP17-031,OP17-029]
[TomDBomb​#22755] Life: 2
[Karlmalone​#2854] End Turn
[TomDBomb​#22755] Draw 1 Card
[TomDBomb​#22755] Drew card from deck: Shanks ["OP17-022">OP17-022]
RZ1|364|2|OP17-022|0|30|1|4|0|1|0|0|0
RZ1|CHK|364|2|30|5|4|2|0|10|9|0|1|0
RZ1|365|2|Don|5|0|5|0|1|1|1|0|0
RZ1|CHK|365|2|30|5|4|2|0|10|9|0|1|0
RZ1|366|2|Don|5|1|5|1|1|1|1|0|0
RZ1|CHK|366|2|30|5|4|2|0|10|9|0|1|0
RZ1|367|2|Don|5|2|5|2|1|1|1|0|0
RZ1|CHK|367|2|30|5|4|2|0|10|9|0|1|0
RZ1|368|2|Don|5|3|5|3|1|1|1|0|0
RZ1|CHK|368|2|30|5|4|2|0|10|9|0|1|0
RZ1|369|2|Don|5|4|5|4|1|1|1|0|0
RZ1|CHK|369|2|30|5|4|2|0|10|9|0|1|0
RZ1|370|2|Don|5|5|5|5|1|1|1|0|0
RZ1|CHK|370|2|30|5|4|2|0|10|9|0|1|0
RZ1|371|2|Don|5|6|5|6|1|1|1|0|0
RZ1|CHK|371|2|30|5|4|2|0|10|9|0|1|0
RZ1|372|2|Don|5|7|5|7|1|1|1|0|0
RZ1|CHK|372|2|30|5|4|2|0|10|9|0|1|0
RZ1|373|2|Don|5|8|5|8|1|1|1|0|0
RZ1|CHK|373|2|30|5|4|2|0|10|9|0|1|0
RZ1|374|2|Don|5|9|5|9|1|1|1|0|0
RZ1|CHK|374|2|30|5|4|2|0|10|9|0|1|0
[TomDBomb​#22755] Deploy Shanks ["OP17-022">OP17-022]
RZ1|375|2|OP17-022|1|4|2|4|1|1|0|0|0
RZ1|CHK|375|2|30|4|5|2|0|10|9|0|1|0
[TomDBomb​#22755] Shanks ["OP17-022">OP17-022]: Activate 1 Don
RZ1|376|2|Don|5|9|5|9|1|1|0|0|0
RZ1|CHK|376|2|30|4|5|2|0|10|9|0|1|0
[TomDBomb​#22755] Shanks ["OP17-022">OP17-022]: Activate 1 Don
RZ1|377|2|Don|5|8|5|8|1|1|0|0|0
RZ1|CHK|377|2|30|4|5|2|0|10|9|0|1|0
[TomDBomb​#22755] Shanks ["OP17-022">OP17-022]: Rest Rocks D. Xebec ["OP17-118">OP17-118]
[TomDBomb​#22755] Shanks ["OP17-022">OP17-022]: Rest Edward Newgate ["OP17-040">OP17-040]
[TomDBomb​#22755] Shanks ["OP17-022">OP17-022]: Rest Stussy ["OP17-054">OP17-054]
[TomDBomb​#22755] Shanks ["OP17-022">OP17-022] attacking Stussy ["OP17-054">OP17-054]
RZ1|378|1|OP17-054|2|1|6|15|1|1|0|0|0
RZ1|CHK|378|1|15|11|4|3|0|10|16|1|1|0
Shanks ["OP17-022">OP17-022][12000] vs Stussy ["OP17-054">OP17-054][5000]
[Karlmalone​#2854] Stussy ["OP17-054">OP17-054] Destroyed
[TomDBomb​#22755] Shanks ["ST16-004">ST16-004] attacking Stussy ["OP17-054">OP17-054]
RZ1|379|1|OP17-054|2|3|6|16|1|1|0|0|0
RZ1|CHK|379|1|15|11|3|3|0|10|17|1|1|0
Shanks ["ST16-004">ST16-004][11000] vs Stussy ["OP17-054">OP17-054][5000]
[Karlmalone​#2854] Stussy ["OP17-054">OP17-054] Destroyed
[TomDBomb​#22755] Are You That Afraid of the New Era?! ["OP17-037">OP17-037]: Rest 1 Don
RZ1|380|2|Don|5|8|5|8|1|1|1|0|0
RZ1|CHK|380|2|30|4|5|2|0|10|9|0|1|0
RZ1|381|2|OP17-037|1|1|6|9|1|1|0|0|0
RZ1|CHK|381|2|30|3|5|2|0|10|10|0|1|0
RZ1|382|2|OP17-021|0|26|1|3|0|1|0|0|0
RZ1|CHK|382|2|29|4|5|2|0|10|10|0|1|0
[TomDBomb​#22755] Are You That Afraid of the New Era?! ["OP17-037">OP17-037]: <b>Reveal and Draw Crone Oli ["OP17-021">OP17-021]</b>
[TomDBomb​#22755] Placing Cards on Bottom of Deck
RZ1|383|2|OP17-021|0|28|0|0|0|0|0|0|0
RZ1|CHK|383|2|29|4|5|2|0|10|10|0|1|0
RZ1|384|2|OP17-032|0|28|0|0|0|0|0|0|0
RZ1|CHK|384|2|29|4|5|2|0|10|10|0|1|0
RZ1|385|2|OP17-028|0|28|0|0|0|0|0|0|0
RZ1|CHK|385|2|29|4|5|2|0|10|10|0|1|0
RZ1|386|2|OP17-031|0|28|0|0|0|0|0|0|0
RZ1|CHK|386|2|29|4|5|2|0|10|10|0|1|0
[TomDBomb​#22755] Shanks ["OP17-020">OP17-020]: Rest Don ["Don">Don]
RZ1|387|2|Don|5|9|5|9|1|1|1|0|0
RZ1|CHK|387|2|29|4|5|2|0|10|10|0|1|0
[TomDBomb​#22755] Shanks ["OP17-020">OP17-020]: Rocks D. Xebec ["OP17-118">OP17-118] will not Activate during next Refresh
[TomDBomb​#22755] Yasopp ["OP17-031">OP17-031]: Set Shanks ["OP17-022">OP17-022] to Active
[TomDBomb​#22755] Yasopp ["OP17-031">OP17-031] is no longer blocked from attacking
[TomDBomb​#22755] End Turn
[Karlmalone​#2854] Hand: [OP17-052,OP17-118,OP17-056,OP17-048,OP17-046,OP17-055,OP17-042,OP17-055,OP17-045,OP17-046,OP17-056]
[Karlmalone​#2854] Board: [OP17-118,OP17-118,OP17-040]
[Karlmalone​#2854] Trash: [OP17-057,OP17-045,OP17-052,OP17-043,OP17-044,OP17-049,OP17-043,OP17-049,OP17-057,OP17-056,OP17-052,OP17-044,OP17-054,OP17-054,OP17-050,OP17-054,OP17-054]
[Karlmalone​#2854] Life: 3
[TomDBomb​#22755] Hand: [OP17-038,OP17-027,OP17-029,OP17-021]
[TomDBomb​#22755] Trash: [OP17-021,ST32-002,OP17-029,OP17-028,OP17-033,OP17-024,OP17-027,OP17-025,OP17-027,OP17-037]
[TomDBomb​#22755] Board: [OP17-032,ST16-004,OP17-031,OP17-029,OP17-022]
[TomDBomb​#22755] Life: 2
[Karlmalone​#2854] Drew card from deck: Streusen ["OP17-050">OP17-050]
RZ1|388|1|OP17-050|0|14|1|11|1|1|0|0|0
RZ1|CHK|388|1|14|12|3|3|0|10|17|1|1|0
[Karlmalone​#2854] Draw 1 Card
[Karlmalone​#2854] Rocks D. Xebec ["OP17-039">OP17-039] attacking Shanks ["OP17-020">OP17-020]
RZ1|389|1|OP17-050|1|11|6|17|1|1|0|0|0
RZ1|CHK|389|1|14|11|3|3|0|10|18|1|1|0
RZ1|390|1|OP17-046|0|13|0|13|0|0|0|0|0
RZ1|CHK|390|1|14|11|3|3|0|10|18|1|1|0
[Karlmalone​#2854] Rocks D. Xebec ["OP17-039">OP17-039]: Trash Streusen ["OP17-050">OP17-050]
[Karlmalone​#2854] Rocks D. Xebec ["OP17-039">OP17-039] revealed: Gloriosa ["OP17-046">OP17-046]
[Karlmalone​#2854] Drew card from deck: Gloriosa ["OP17-046">OP17-046]
RZ1|391|1|OP17-046|0|13|1|11|1|1|0|0|0
RZ1|CHK|391|1|13|12|3|3|0|10|18|1|1|0
[Karlmalone​#2854] Drew card from deck: Charlotte Linlin ["OP17-049">OP17-049]
RZ1|392|1|OP17-049|0|12|1|12|1|1|0|0|0
RZ1|CHK|392|1|12|13|3|3|0|10|18|1|1|0
[Karlmalone​#2854] Rocks D. Xebec ["OP17-039">OP17-039]: Draw 2 Card
RZ1|393|1|OP17-045|1|8|6|18|1|1|0|0|0
RZ1|CHK|393|1|12|12|3|3|0|10|19|1|1|0
[Karlmalone​#2854] Edward Newgate ["OP17-040">OP17-040]: Trash Kyo ["OP17-045">OP17-045]
[Karlmalone​#2854] Edward Newgate ["OP17-040">OP17-040]: Buff Rocks D. Xebec ["OP17-039">OP17-039] 3000 for the Combat
[TomDBomb​#22755] Discard Crone Oli ["OP17-021">OP17-021] for Counter 2000
RZ1|394|2|OP17-021|1|3|6|10|1|1|0|0|0
RZ1|CHK|394|2|29|3|5|2|0|10|11|0|1|0
[TomDBomb​#22755] Discard Hongo ["OP17-029">OP17-029] for Counter 2000
RZ1|395|2|OP17-029|1|2|6|11|1|1|0|0|0
RZ1|CHK|395|2|29|2|5|2|0|10|12|0|1|0
Rocks D. Xebec ["OP17-039">OP17-039][8000] vs Shanks ["OP17-020">OP17-020][9000]
Attack Fails
[Karlmalone​#2854] Edward Newgate ["OP17-040">OP17-040] attacking Shanks ["OP17-020">OP17-020]
RZ1|396|2|OP17-036|3|1|1|2|0|1|0|0|0
RZ1|CHK|396|2|29|3|5|1|0|10|12|0|1|0
Edward Newgate ["OP17-040">OP17-040][8000] vs Shanks ["OP17-020">OP17-020][5000]
Shanks ["OP17-020">OP17-020] hit for 1 damage
[Karlmalone​#2854] Rocks D. Xebec ["OP17-118">OP17-118] attacking Shanks ["OP17-020">OP17-020]
[TomDBomb​#22755] Hongo ["OP17-029">OP17-029] Blocks
RZ1|397|2|OP17-029|2|3|6|12|1|1|0|0|0
RZ1|CHK|397|2|29|3|4|1|0|10|13|0|1|0
Rocks D. Xebec ["OP17-118">OP17-118][12000] vs Hongo ["OP17-029">OP17-029][4000]
[TomDBomb​#22755] Hongo ["OP17-029">OP17-029] Destroyed
RZ1|398|1|Don|5|0|5|0|1|1|1|0|0
RZ1|CHK|398|1|12|12|3|3|0|10|19|1|1|0
RZ1|399|1|Don|5|1|5|1|1|1|1|0|0
RZ1|CHK|399|1|12|12|3|3|0|10|19|1|1|0
RZ1|400|1|Don|5|2|5|2|1|1|1|0|0
RZ1|CHK|400|1|12|12|3|3|0|10|19|1|1|0
RZ1|401|1|Don|5|3|5|3|1|1|1|0|0
RZ1|CHK|401|1|12|12|3|3|0|10|19|1|1|0
RZ1|402|1|Don|5|4|5|4|1|1|1|0|0
RZ1|CHK|402|1|12|12|3|3|0|10|19|1|1|0
RZ1|403|1|Don|5|5|5|5|1|1|1|0|0
RZ1|CHK|403|1|12|12|3|3|0|10|19|1|1|0
RZ1|404|1|Don|5|6|5|6|1|1|1|0|0
RZ1|CHK|404|1|12|12|3|3|0|10|19|1|1|0
RZ1|405|1|Don|5|7|5|7|1|1|1|0|0
RZ1|CHK|405|1|12|12|3|3|0|10|19|1|1|0
RZ1|406|1|Don|5|8|5|8|1|1|1|0|0
RZ1|CHK|406|1|12|12|3|3|0|10|19|1|1|0
RZ1|407|1|Don|5|9|5|9|1|1|1|0|0
RZ1|CHK|407|1|12|12|3|3|0|10|19|1|1|0
RZ1|408|1|OP17-118|1|1|2|3|1|1|0|0|0
RZ1|CHK|408|1|12|11|4|3|0|10|19|1|1|0
[Karlmalone​#2854] Drew card from deck: Edward Newgate ["OP17-040">OP17-040]
RZ1|409|1|OP17-040|0|11|1|11|1|1|0|0|0
RZ1|CHK|409|1|11|12|4|3|0|10|19|1|1|0
[Karlmalone​#2854] Deploy Rocks D. Xebec ["OP17-118">OP17-118]
[Karlmalone​#2854] Rocks D. Xebec ["OP17-118">OP17-118]: Draw 1 Card
RZ1|410|1|OP17-049|1|10|2|4|1|1|0|0|0
RZ1|CHK|410|1|11|11|5|3|0|10|19|1|1|0
[Karlmalone​#2854] Rocks D. Xebec ["OP17-118">OP17-118]: Deploy Charlotte Linlin ["OP17-049">OP17-049]
RZ1|411|1|OP17-040|2|2|6|19|1|1|0|0|0
RZ1|CHK|411|1|11|11|4|3|0|10|20|1|1|0
RZ1|412|1|OP17-046|1|3|2|4|1|1|0|0|0
RZ1|CHK|412|1|11|10|5|3|0|10|20|1|1|0
[Karlmalone​#2854] Trash Edward Newgate ["OP17-040">OP17-040]
[Karlmalone​#2854] Rocks D. Xebec ["OP17-118">OP17-118]: Deploy Gloriosa ["OP17-046">OP17-046]
RZ1|413|2|OP17-032|2|0|0|0|0|0|0|0|0
RZ1|CHK|413|2|30|3|3|1|0|10|13|0|1|0
[Karlmalone​#2854] Gloriosa ["OP17-046">OP17-046]: Send Limejuice ["OP17-032">OP17-032] to Deck Bottom
[Karlmalone​#2854] Forcing opponent to resolve Card Action!
[TomDBomb​#22755] Forcing opponent to resolve Card Action!
[Karlmalone​#2854] Drew card from deck: Rocks Pirates ["OP17-056">OP17-056]
RZ1|414|1|OP17-056|0|10|1|10|1|1|0|0|0
RZ1|CHK|414|1|10|11|5|3|0|10|20|1|1|0
[Karlmalone​#2854] Drew card from deck: Streusen ["OP17-050">OP17-050]
RZ1|415|1|OP17-050|0|9|1|11|1|1|0|0|0
RZ1|CHK|415|1|9|12|5|3|0|10|20|1|1|0
[Karlmalone​#2854] Charlotte Linlin ["OP17-049">OP17-049]: Draw 2 Card
[Karlmalone​#2854] Hand: [OP17-052,OP17-056,OP17-048,OP17-055,OP17-042,OP17-055,OP17-046,OP17-056,OP17-046,OP17-040,OP17-056,OP17-050]
[Karlmalone​#2854] Board: [OP17-118,OP17-118,OP17-118,OP17-049,OP17-046]
[Karlmalone​#2854] Trash: [OP17-057,OP17-045,OP17-052,OP17-043,OP17-044,OP17-049,OP17-043,OP17-049,OP17-057,OP17-056,OP17-052,OP17-044,OP17-054,OP17-054,OP17-050,OP17-054,OP17-054,OP17-050,OP17-045,OP17-040]
[Karlmalone​#2854] Life: 3
[TomDBomb​#22755] Hand: [OP17-038,OP17-027,OP17-036]
[TomDBomb​#22755] Trash: [OP17-021,ST32-002,OP17-029,OP17-028,OP17-033,OP17-024,OP17-027,OP17-025,OP17-027,OP17-037,OP17-021,OP17-029,OP17-029]
[TomDBomb​#22755] Board: [ST16-004,OP17-031,OP17-022]
[TomDBomb​#22755] Life: 1
[Karlmalone​#2854] End Turn
[TomDBomb​#22755] Draw 1 Card
[TomDBomb​#22755] Drew card from deck: Benn Beckman ["OP17-027">OP17-027]
RZ1|416|2|OP17-027|0|29|1|3|0|1|0|0|0
RZ1|CHK|416|2|29|4|3|1|0|10|13|0|1|0
RZ1|417|2|Don|5|0|5|0|1|1|1|0|0
RZ1|CHK|417|2|29|4|3|1|0|10|13|0|1|0
RZ1|418|2|Don|5|1|5|1|1|1|1|0|0
RZ1|CHK|418|2|29|4|3|1|0|10|13|0|1|0
RZ1|419|2|Don|5|2|5|2|1|1|1|0|0
RZ1|CHK|419|2|29|4|3|1|0|10|13|0|1|0
RZ1|420|2|Don|5|3|5|3|1|1|1|0|0
RZ1|CHK|420|2|29|4|3|1|0|10|13|0|1|0
RZ1|421|2|Don|5|4|5|4|1|1|1|0|0
RZ1|CHK|421|2|29|4|3|1|0|10|13|0|1|0
RZ1|422|2|Don|5|5|5|5|1|1|1|0|0
RZ1|CHK|422|2|29|4|3|1|0|10|13|0|1|0
RZ1|423|2|Don|5|6|5|6|1|1|1|0|0
RZ1|CHK|423|2|29|4|3|1|0|10|13|0|1|0
[TomDBomb​#22755] Deploy Benn Beckman ["OP17-027">OP17-027]
RZ1|424|2|OP17-027|1|3|2|3|1|1|0|0|0
RZ1|CHK|424|2|29|3|4|1|0|10|13|0|1|0
[TomDBomb​#22755] Drew card from deck: Lucky Roux ["OP17-033">OP17-033]
RZ1|425|2|OP17-033|0|28|1|3|0|1|0|0|0
RZ1|CHK|425|2|28|4|4|1|0|10|13|0|1|0
[TomDBomb​#22755] Benn Beckman ["OP17-027">OP17-027]: Draw 1 Card
[TomDBomb​#22755] Benn Beckman ["OP17-027">OP17-027]: Rest Rocks D. Xebec ["OP17-118">OP17-118]
[TomDBomb​#22755] Benn Beckman ["OP17-027">OP17-027]: Rest Charlotte Linlin ["OP17-049">OP17-049]
[TomDBomb​#22755] Attach 1 Don to Benn Beckman ["OP17-027">OP17-027] (1 Total)
RZ1|426|2|Don|5|9|9|300|1|1|0|0|0
RZ1|CHK|426|2|28|4|4|1|0|9|13|0|1|1
[TomDBomb​#22755] Benn Beckman ["OP17-027">OP17-027] attacking Charlotte Linlin ["OP17-049">OP17-049]
RZ1|427|1|OP17-056|1|10|6|20|1|1|0|0|0
RZ1|CHK|427|1|9|11|5|3|0|10|21|1|1|0
[Karlmalone​#2854] Rocks Pirates ["OP17-056">OP17-056]: Activate Counter
[Karlmalone​#2854] Rocks Pirates ["OP17-056">OP17-056]: Buff Charlotte Linlin ["OP17-049">OP17-049] 2000 for the Combat
RZ1|428|1|OP17-056|1|7|6|21|1|1|0|0|0
RZ1|CHK|428|1|9|10|5|3|0|10|22|1|1|0
[Karlmalone​#2854] Rocks Pirates ["OP17-056">OP17-056]: Activate Counter
[Karlmalone​#2854] Rocks Pirates ["OP17-056">OP17-056]: Buff Charlotte Linlin ["OP17-049">OP17-049] 2000 for the Combat
Benn Beckman ["OP17-027">OP17-027][10000] vs Charlotte Linlin ["OP17-049">OP17-049][11000]
Attack Fails
[TomDBomb​#22755] Attach 2 Don to Shanks ["ST16-004">ST16-004] (2 Total)
RZ1|429|2|Don|5|8|9|0|1|1|0|0|0
RZ1|CHK|429|2|28|4|4|1|0|8|13|0|1|2
RZ1|430|2|Don|5|7|9|1|1|1|0|0|0
RZ1|CHK|430|2|28|4|4|1|0|7|13|0|1|3
[TomDBomb​#22755] Shanks ["ST16-004">ST16-004] attacking Rocks D. Xebec ["OP17-118">OP17-118]
RZ1|431|1|OP17-056|1|1|6|22|1|1|0|0|0
RZ1|CHK|431|1|9|9|5|3|0|10|23|1|1|0
[Karlmalone​#2854] Rocks Pirates ["OP17-056">OP17-056]: Activate Counter
[Karlmalone​#2854] Rocks Pirates ["OP17-056">OP17-056]: Buff Rocks D. Xebec ["OP17-118">OP17-118] 2000 for the Combat
Shanks ["ST16-004">ST16-004][13000] vs Rocks D. Xebec ["OP17-118">OP17-118][14000]
Attack Fails
[TomDBomb​#22755] Shanks ["OP17-022">OP17-022] attacking Rocks D. Xebec ["OP17-118">OP17-118]
RZ1|432|1|OP17-050|1|8|6|23|1|1|0|0|0
RZ1|CHK|432|1|9|8|5|3|0|10|24|1|1|0
[Karlmalone​#2854] Fullalead ["OP17-057">OP17-057]: Rest Fullalead ["OP17-057">OP17-057]
[Karlmalone​#2854] Fullalead ["OP17-057">OP17-057]: Trash Streusen ["OP17-050">OP17-050]
[Karlmalone​#2854] Fullalead ["OP17-057">OP17-057]: Buff Rocks D. Xebec ["OP17-118">OP17-118] 1000 for the Combat
Shanks ["OP17-022">OP17-022][12000] vs Rocks D. Xebec ["OP17-118">OP17-118][13000]
Attack Fails
[TomDBomb​#22755] Yasopp ["OP17-031">OP17-031]: Set Shanks ["OP17-022">OP17-022] to Active
[TomDBomb​#22755] End Turn
[Karlmalone​#2854] Hand: [OP17-052,OP17-048,OP17-055,OP17-042,OP17-055,OP17-046,OP17-046,OP17-040]
[Karlmalone​#2854] Board: [OP17-118,OP17-118,OP17-118,OP17-049,OP17-046]
[Karlmalone​#2854] Trash: [OP17-057,OP17-045,OP17-052,OP17-043,OP17-044,OP17-049,OP17-043,OP17-049,OP17-057,OP17-056,OP17-052,OP17-044,OP17-054,OP17-054,OP17-050,OP17-054,OP17-054,OP17-050,OP17-045,OP17-040,OP17-056,OP17-056,OP17-056,OP17-050]
[Karlmalone​#2854] Life: 3
[TomDBomb​#22755] Hand: [OP17-038,OP17-027,OP17-036,OP17-033]
[TomDBomb​#22755] Trash: [OP17-021,ST32-002,OP17-029,OP17-028,OP17-033,OP17-024,OP17-027,OP17-025,OP17-027,OP17-037,OP17-021,OP17-029,OP17-029]
[TomDBomb​#22755] Board: [ST16-004,OP17-031,OP17-022,OP17-027]
[TomDBomb​#22755] Life: 1
[Karlmalone​#2854] Drew card from deck: There's No Authority in the World ["OP17-055">OP17-055]
RZ1|433|1|OP17-055|0|8|1|8|1|1|0|0|0
RZ1|CHK|433|1|8|9|5|3|0|10|24|1|1|0
[Karlmalone​#2854] Draw 1 Card
RZ1|434|1|OP17-055|1|8|6|24|1|1|0|0|0
RZ1|CHK|434|1|8|8|5|3|0|10|25|1|1|0
RZ1|435|1|Don|5|0|5|0|1|1|1|0|0
RZ1|CHK|435|1|8|8|5|3|0|10|25|1|1|0
[Karlmalone​#2854] There's No Authority in the World ["OP17-055">OP17-055]: Rest 1 Don
[Karlmalone​#2854] There's No Authority in the World ["OP17-055">OP17-055]: Grant Unblockable to Rocks D. Xebec ["OP17-118">OP17-118]
[Karlmalone​#2854] Rocks D. Xebec ["OP17-118">OP17-118] attacking Shanks ["OP17-020">OP17-020]
RZ1|436|2|OP17-037|3|0|1|4|0|1|0|0|0
RZ1|CHK|436|2|28|5|4|0|0|7|13|0|1|3
Rocks D. Xebec ["OP17-118">OP17-118][12000] vs Shanks ["OP17-020">OP17-020][5000]
Shanks ["OP17-020">OP17-020] hit for 1 damage
RZ1|437|1|OP17-055|1|2|6|25|1|1|0|0|0
RZ1|CHK|437|1|8|7|5|3|0|10|26|1|1|0
RZ1|438|1|Don|5|1|5|1|1|1|1|0|0
RZ1|CHK|438|1|8|7|5|3|0|10|26|1|1|0
[Karlmalone​#2854] There's No Authority in the World ["OP17-055">OP17-055]: Rest 1 Don
[Karlmalone​#2854] There's No Authority in the World ["OP17-055">OP17-055]: Grant Unblockable to Rocks D. Xebec ["OP17-118">OP17-118]
RZ1|439|1|Don|5|2|9|100|1|1|0|0|0
RZ1|CHK|439|1|8|7|5|3|0|9|26|1|1|1
RZ1|440|1|Don|5|2|9|101|1|1|0|0|0
RZ1|CHK|440|1|8|7|5|3|0|8|26|1|1|2
RZ1|441|1|Don|5|2|9|102|1|1|0|0|0
RZ1|CHK|441|1|8|7|5|3|0|7|26|1|1|3
RZ1|442|1|Don|5|2|9|103|1|1|0|0|0
RZ1|CHK|442|1|8|7|5|3|0|6|26|1|1|4
RZ1|443|1|Don|5|2|9|104|1|1|0|0|0
RZ1|CHK|443|1|8|7|5|3|0|5|26|1|1|5
RZ1|444|1|Don|5|2|9|105|1|1|0|0|0
RZ1|CHK|444|1|8|7|5|3|0|4|26|1|1|6
RZ1|445|1|Don|5|2|9|106|1|1|0|0|0
RZ1|CHK|445|1|8|7|5|3|0|3|26|1|1|7
RZ1|446|1|Don|5|2|9|107|1|1|0|0|0
RZ1|CHK|446|1|8|7|5|3|0|2|26|1|1|8
[Karlmalone​#2854] Attach 8 Don to Rocks D. Xebec ["OP17-118">OP17-118] (8 Total)
[Karlmalone​#2854] Rocks D. Xebec ["OP17-118">OP17-118] attacking Shanks ["OP17-020">OP17-020]
[TomDBomb​#22755] <b><size=24>gg</size></b>
[Karlmalone​#2854] <b><size=24>gg</size></b>
Rocks D. Xebec ["OP17-118">OP17-118][20000] vs Shanks ["OP17-020">OP17-020][5000]
Shanks ["OP17-020">OP17-020] hit for 1 damage
GameOver